[mono_ns=7230786253042635][T0xef4890b1b020][TIMING] emit_host_span: [STRACE] v=1 pid=421358 tid=421358 inv=1 hid=72d4402cc56b4f50 depth=2 name=chip.run.bind.args ts=7230786252926005 dur=111420 
[mono_ns=7230786253057175][T0xef4890b1b020][TIMING] emit_host_span: [STRACE] v=1 pid=421358 tid=421358 inv=1 hid=72d4402cc56b4f50 depth=2 name=chip.run.bind.prebuilt ts=7230786253052895 dur=1750 
[mono_ns=7230786253062065][T0xef4890b1b020][TIMING] emit_host_span: [STRACE] v=1 pid=421358 tid=421358 inv=1 hid=72d4402cc56b4f50 depth=1 name=chip.run.bind ts=7230786252484805 dur=574960 
[mono_ns=7230786370821380][T0xef4890b1b020][TIMING] emit_host_span: [STRACE] v=1 pid=421358 tid=421358 inv=1 hid=72d4402cc56b4f50 depth=1 name=chip.run.runner_run ts=7230786253743625 dur=117063705 
[mono_ns=7230786370955360][T0xef4890b1b020][TIMING] emit_host_span: [STRACE] v=1 pid=421358 tid=421358 inv=1 hid=72d4402cc56b4f50 depth=1 name=chip.run.validate ts=7230786370835530 dur=115370 
[mono_ns=7230786370964750][T0xef4890b1b020][TIMING] emit_host_span: [STRACE] v=1 pid=421358 tid=421358 inv=1 hid=72d4402cc56b4f50 depth=2 name=chip.run.runner_run.device_wall ts=0 dur=6703080 clk=dev
[mono_ns=7230786370968880][T0xef4890b1b020][TIMING] emit_host_span: [STRACE] v=1 pid=421358 tid=421358 inv=1 hid=72d4402cc56b4f50 depth=3 name=chip.run.runner_run.device_wall.preamble ts=0 dur=157600 clk=dev
[mono_ns=7230786370972680][T0xef4890b1b020][TIMING] emit_host_span: [STRACE] v=1 pid=421358 tid=421358 inv=1 hid=72d4402cc56b4f50 depth=3 name=chip.run.runner_run.device_wall.graph_build ts=40760 dur=6643719 clk=dev
[mono_ns=7230786370976420][T0xef4890b1b020][TIMING] emit_host_span: [STRACE] v=1 pid=421358 tid=421358 inv=1 hid=72d4402cc56b4f50 depth=3 name=chip.run.runner_run.device_wall.config_validate ts=44660 dur=3660 clk=dev
[mono_ns=7230786370979730][T0xef4890b1b020][TIMING] emit_host_span: [STRACE] v=1 pid=421358 tid=421358 inv=1 hid=72d4402cc56b4f50 depth=3 name=chip.run.runner_run.device_wall.arena_wire ts=48360 dur=12400 clk=dev
[mono_ns=7230786370982890][T0xef4890b1b020][TIMING] emit_host_span: [STRACE] v=1 pid=421358 tid=421358 inv=1 hid=72d4402cc56b4f50 depth=3 name=chip.run.runner_run.device_wall.sm_reset ts=60779 dur=16620 clk=dev
[mono_ns=7230786370986060][T0xef4890b1b020][TIMING] emit_host_span: [STRACE] v=1 pid=421358 tid=421358 inv=1 hid=72d4402cc56b4f50 depth=3 name=chip.run.runner_run.device_wall.post_orch ts=6684580 dur=14719 clk=dev
[mono_ns=7230786370989180][T0xef4890b1b020][TIMING] emit_host_span: [STRACE] v=1 pid=421358 tid=421358 inv=1 hid=72d4402cc56b4f50 depth=3 name=chip.run.runner_run.device_wall.orch ts=82420 dur=48099 clk=dev
[mono_ns=7230786370992440][T0xef4890b1b020][TIMING] emit_host_span: [STRACE] v=1 pid=421358 tid=421358 inv=1 hid=72d4402cc56b4f50 depth=3 name=chip.run.runner_run.device_wall.sched ts=159260 dur=6502460 clk=dev
[mono_ns=7230786370996960][T0xef4890b1b020][TIMING] emit_host_span: [STRACE] v=1 pid=421358 tid=421358 inv=1 hid=72d4402cc56b4f50 depth=1 name=chip.run.claim_release ts=7230786370994650 dur=490 
[mono_ns=7230786371022510][T0xef4890b1b020][TIMING] emit_host_span: [STRACE] v=1 pid=421358 tid=421358 inv=1 hid=72d4402cc56b4f50 depth=0 name=chip.run ts=7230786252460215 dur=118559275 run_id=1 dispatch_id=1 slot_id=0 generation=1 run_epoch=1
[mono_ns=7230786380270950][T0xef4890b1b020][TIMING] emit_host_span: [STRACE] v=1 pid=421358 tid=421358 inv=2 hid=72d4402cc56b4f50 depth=2 name=chip.run.bind.args ts=7230786380172470 dur=93530 
[mono_ns=7230786380283590][T0xef4890b1b020][TIMING] emit_host_span: [STRACE] v=1 pid=421358 tid=421358 inv=2 hid=72d4402cc56b4f50 depth=2 name=chip.run.bind.prebuilt ts=7230786380278920 dur=2370 
[mono_ns=7230786380288250][T0xef4890b1b020][TIMING] emit_host_span: [STRACE] v=1 pid=421358 tid=421358 inv=2 hid=72d4402cc56b4f50 depth=1 name=chip.run.bind ts=7230786380162360 dur=123720 
[mono_ns=7230786444216917][T0xef4748dbbca0][WARN] copy_aicore_buffer: [chip_swimlane_collector.cpp:689] Core 0: skipped 1024 AICore record slot(s) with start_time=0 (race-window write or recycled-buffer tail). buf seq=0 count=1024
[mono_ns=7230786444238847][T0xef4733f0aca0][WARN] copy_aicore_buffer: [chip_swimlane_collector.cpp:689] Core 1: skipped 1024 AICore record slot(s) with start_time=0 (race-window write or recycled-buffer tail). buf seq=0 count=1024
[mono_ns=7230786444263927][T0xef47336faca0][WARN] copy_aicore_buffer: [chip_swimlane_collector.cpp:689] Core 2: skipped 1024 AICore record slot(s) with start_time=0 (race-window write or recycled-buffer tail). buf seq=0 count=1024
[mono_ns=7230786444557267][T0xef4748dbbca0][WARN] copy_aicore_buffer: [chip_swimlane_collector.cpp:689] Core 24: skipped 1024 AICore record slot(s) with start_time=0 (race-window write or recycled-buffer tail). buf seq=0 count=1024
[mono_ns=7230786444566537][T0xef4733f0aca0][WARN] copy_aicore_buffer: [chip_swimlane_collector.cpp:689] Core 26: skipped 1022 AICore record slot(s) with start_time=0 (race-window write or recycled-buffer tail). buf seq=0 count=1024
[mono_ns=7230786444596067][T0xef47336faca0][WARN] copy_aicore_buffer: [chip_swimlane_collector.cpp:689] Core 28: skipped 1023 AICore record slot(s) with start_time=0 (race-window write or recycled-buffer tail). buf seq=0 count=1024
[mono_ns=7230786444881027][T0xef4733f0aca0][WARN] copy_aicore_buffer: [chip_swimlane_collector.cpp:689] Core 27: skipped 1024 AICore record slot(s) with start_time=0 (race-window write or recycled-buffer tail). buf seq=0 count=1024
[mono_ns=7230786444883637][T0xef4748dbbca0][WARN] copy_aicore_buffer: [chip_swimlane_collector.cpp:689] Core 25: skipped 1024 AICore record slot(s) with start_time=0 (race-window write or recycled-buffer tail). buf seq=0 count=1024
[mono_ns=7230786444924497][T0xef47336faca0][WARN] copy_aicore_buffer: [chip_swimlane_collector.cpp:689] Core 29: skipped 1024 AICore record slot(s) with start_time=0 (race-window write or recycled-buffer tail). buf seq=0 count=1024
[mono_ns=7230786445332317][T0xef4733f0aca0][WARN] copy_aicore_buffer: [chip_swimlane_collector.cpp:689] Core 4: skipped 1024 AICore record slot(s) with start_time=0 (race-window write or recycled-buffer tail). buf seq=0 count=1024
[mono_ns=7230786445343957][T0xef47336faca0][WARN] copy_aicore_buffer: [chip_swimlane_collector.cpp:689] Core 5: skipped 1024 AICore record slot(s) with start_time=0 (race-window write or recycled-buffer tail). buf seq=0 count=1024
[mono_ns=7230786445348427][T0xef4748dbbca0][WARN] copy_aicore_buffer: [chip_swimlane_collector.cpp:689] Core 3: skipped 1024 AICore record slot(s) with start_time=0 (race-window write or recycled-buffer tail). buf seq=0 count=1024
[mono_ns=7230786445673017][T0xef4733f0aca0][WARN] copy_aicore_buffer: [chip_swimlane_collector.cpp:689] Core 32: skipped 1024 AICore record slot(s) with start_time=0 (race-window write or recycled-buffer tail). buf seq=0 count=1024
[mono_ns=7230786445702287][T0xef47336faca0][WARN] copy_aicore_buffer: [chip_swimlane_collector.cpp:689] Core 34: skipped 1024 AICore record slot(s) with start_time=0 (race-window write or recycled-buffer tail). buf seq=0 count=1024
[mono_ns=7230786445724237][T0xef4748dbbca0][WARN] copy_aicore_buffer: [chip_swimlane_collector.cpp:689] Core 30: skipped 1024 AICore record slot(s) with start_time=0 (race-window write or recycled-buffer tail). buf seq=0 count=1024
[mono_ns=7230786446018917][T0xef4733f0aca0][WARN] copy_aicore_buffer: [chip_swimlane_collector.cpp:689] Core 33: skipped 1024 AICore record slot(s) with start_time=0 (race-window write or recycled-buffer tail). buf seq=0 count=1024
[mono_ns=7230786446053097][T0xef47336faca0][WARN] copy_aicore_buffer: [chip_swimlane_collector.cpp:689] Core 35: skipped 1024 AICore record slot(s) with start_time=0 (race-window write or recycled-buffer tail). buf seq=0 count=1024
[mono_ns=7230786446075487][T0xef4748dbbca0][WARN] copy_aicore_buffer: [chip_swimlane_collector.cpp:689] Core 31: skipped 1024 AICore record slot(s) with start_time=0 (race-window write or recycled-buffer tail). buf seq=0 count=1024
[mono_ns=7230786446363807][T0xef4733f0aca0][WARN] copy_aicore_buffer: [chip_swimlane_collector.cpp:689] Core 7: skipped 1024 AICore record slot(s) with start_time=0 (race-window write or recycled-buffer tail). buf seq=0 count=1024
[mono_ns=7230786446402477][T0xef47336faca0][WARN] copy_aicore_buffer: [chip_swimlane_collector.cpp:689] Core 8: skipped 1024 AICore record slot(s) with start_time=0 (race-window write or recycled-buffer tail). buf seq=0 count=1024
[mono_ns=7230786446428137][T0xef4748dbbca0][WARN] copy_aicore_buffer: [chip_swimlane_collector.cpp:689] Core 6: skipped 1024 AICore record slot(s) with start_time=0 (race-window write or recycled-buffer tail). buf seq=0 count=1024
[mono_ns=7230786446698537][T0xef4733f0aca0][WARN] copy_aicore_buffer: [chip_swimlane_collector.cpp:689] Core 38: skipped 1024 AICore record slot(s) with start_time=0 (race-window write or recycled-buffer tail). buf seq=0 count=1024
[mono_ns=7230786446748447][T0xef47336faca0][WARN] copy_aicore_buffer: [chip_swimlane_collector.cpp:689] Core 40: skipped 1024 AICore record slot(s) with start_time=0 (race-window write or recycled-buffer tail). buf seq=0 count=1024
[mono_ns=7230786446778237][T0xef4748dbbca0][WARN] copy_aicore_buffer: [chip_swimlane_collector.cpp:689] Core 36: skipped 1024 AICore record slot(s) with start_time=0 (race-window write or recycled-buffer tail). buf seq=0 count=1024
[mono_ns=7230786447052737][T0xef4733f0aca0][WARN] copy_aicore_buffer: [chip_swimlane_collector.cpp:689] Core 39: skipped 1024 AICore record slot(s) with start_time=0 (race-window write or recycled-buffer tail). buf seq=0 count=1024
[mono_ns=7230786447106857][T0xef47336faca0][WARN] copy_aicore_buffer: [chip_swimlane_collector.cpp:689] Core 41: skipped 1024 AICore record slot(s) with start_time=0 (race-window write or recycled-buffer tail). buf seq=0 count=1024
[mono_ns=7230786447121627][T0xef4748dbbca0][WARN] copy_aicore_buffer: [chip_swimlane_collector.cpp:689] Core 37: skipped 1024 AICore record slot(s) with start_time=0 (race-window write or recycled-buffer tail). buf seq=0 count=1024
[mono_ns=7230786447377577][T0xef4733f0aca0][WARN] copy_aicore_buffer: [chip_swimlane_collector.cpp:689] Core 10: skipped 1024 AICore record slot(s) with start_time=0 (race-window write or recycled-buffer tail). buf seq=0 count=1024
[mono_ns=7230786447454217][T0xef47336faca0][WARN] copy_aicore_buffer: [chip_swimlane_collector.cpp:689] Core 11: skipped 1024 AICore record slot(s) with start_time=0 (race-window write or recycled-buffer tail). buf seq=0 count=1024
[mono_ns=7230786447460447][T0xef4748dbbca0][WARN] copy_aicore_buffer: [chip_swimlane_collector.cpp:689] Core 9: skipped 1024 AICore record slot(s) with start_time=0 (race-window write or recycled-buffer tail). buf seq=0 count=1024
[mono_ns=7230786447714757][T0xef4733f0aca0][WARN] copy_aicore_buffer: [chip_swimlane_collector.cpp:689] Core 44: skipped 1024 AICore record slot(s) with start_time=0 (race-window write or recycled-buffer tail). buf seq=0 count=1024
[mono_ns=7230786447793397][T0xef47336faca0][WARN] copy_aicore_buffer: [chip_swimlane_collector.cpp:689] Core 46: skipped 1024 AICore record slot(s) with start_time=0 (race-window write or recycled-buffer tail). buf seq=0 count=1024
[mono_ns=7230786447803757][T0xef4748dbbca0][WARN] copy_aicore_buffer: [chip_swimlane_collector.cpp:689] Core 42: skipped 1024 AICore record slot(s) with start_time=0 (race-window write or recycled-buffer tail). buf seq=0 count=1024
[mono_ns=7230786448051657][T0xef4733f0aca0][WARN] copy_aicore_buffer: [chip_swimlane_collector.cpp:689] Core 45: skipped 1024 AICore record slot(s) with start_time=0 (race-window write or recycled-buffer tail). buf seq=0 count=1024
[mono_ns=7230786448142307][T0xef47336faca0][WARN] copy_aicore_buffer: [chip_swimlane_collector.cpp:689] Core 47: skipped 1024 AICore record slot(s) with start_time=0 (race-window write or recycled-buffer tail). buf seq=0 count=1024
[mono_ns=7230786448151177][T0xef4748dbbca0][WARN] copy_aicore_buffer: [chip_swimlane_collector.cpp:689] Core 43: skipped 1024 AICore record slot(s) with start_time=0 (race-window write or recycled-buffer tail). buf seq=0 count=1024
[mono_ns=7230786448377067][T0xef4733f0aca0][WARN] copy_aicore_buffer: [chip_swimlane_collector.cpp:689] Core 13: skipped 1024 AICore record slot(s) with start_time=0 (race-window write or recycled-buffer tail). buf seq=0 count=1024
[mono_ns=7230786448482247][T0xef47336faca0][WARN] copy_aicore_buffer: [chip_swimlane_collector.cpp:689] Core 14: skipped 1024 AICore record slot(s) with start_time=0 (race-window write or recycled-buffer tail). buf seq=0 count=1024
[mono_ns=7230786448492627][T0xef4748dbbca0][WARN] copy_aicore_buffer: [chip_swimlane_collector.cpp:689] Core 12: skipped 1024 AICore record slot(s) with start_time=0 (race-window write or recycled-buffer tail). buf seq=0 count=1024
[mono_ns=7230786448705307][T0xef4733f0aca0][WARN] copy_aicore_buffer: [chip_swimlane_collector.cpp:689] Core 50: skipped 1024 AICore record slot(s) with start_time=0 (race-window write or recycled-buffer tail). buf seq=0 count=1024
[mono_ns=7230786448822317][T0xef47336faca0][WARN] copy_aicore_buffer: [chip_swimlane_collector.cpp:689] Core 52: skipped 1024 AICore record slot(s) with start_time=0 (race-window write or recycled-buffer tail). buf seq=0 count=1024
[mono_ns=7230786448830457][T0xef4748dbbca0][WARN] copy_aicore_buffer: [chip_swimlane_collector.cpp:689] Core 48: skipped 1024 AICore record slot(s) with start_time=0 (race-window write or recycled-buffer tail). buf seq=0 count=1024
[mono_ns=7230786449056057][T0xef4733f0aca0][WARN] copy_aicore_buffer: [chip_swimlane_collector.cpp:689] Core 51: skipped 1024 AICore record slot(s) with start_time=0 (race-window write or recycled-buffer tail). buf seq=0 count=1024
[mono_ns=7230786449175587][T0xef47336faca0][WARN] copy_aicore_buffer: [chip_swimlane_collector.cpp:689] Core 53: skipped 1024 AICore record slot(s) with start_time=0 (race-window write or recycled-buffer tail). buf seq=0 count=1024
[mono_ns=7230786449178357][T0xef4748dbbca0][WARN] copy_aicore_buffer: [chip_swimlane_collector.cpp:689] Core 49: skipped 1024 AICore record slot(s) with start_time=0 (race-window write or recycled-buffer tail). buf seq=0 count=1024
[mono_ns=7230786449393247][T0xef4733f0aca0][WARN] copy_aicore_buffer: [chip_swimlane_collector.cpp:689] Core 16: skipped 1024 AICore record slot(s) with start_time=0 (race-window write or recycled-buffer tail). buf seq=0 count=1024
[mono_ns=7230786449514457][T0xef47336faca0][WARN] copy_aicore_buffer: [chip_swimlane_collector.cpp:689] Core 17: skipped 1024 AICore record slot(s) with start_time=0 (race-window write or recycled-buffer tail). buf seq=0 count=1024
[mono_ns=7230786449523347][T0xef4748dbbca0][WARN] copy_aicore_buffer: [chip_swimlane_collector.cpp:689] Core 15: skipped 1024 AICore record slot(s) with start_time=0 (race-window write or recycled-buffer tail). buf seq=0 count=1024
[mono_ns=7230786449728787][T0xef4733f0aca0][WARN] copy_aicore_buffer: [chip_swimlane_collector.cpp:689] Core 56: skipped 1024 AICore record slot(s) with start_time=0 (race-window write or recycled-buffer tail). buf seq=0 count=1024
[mono_ns=7230786449861667][T0xef47336faca0][WARN] copy_aicore_buffer: [chip_swimlane_collector.cpp:689] Core 58: skipped 1024 AICore record slot(s) with start_time=0 (race-window write or recycled-buffer tail). buf seq=0 count=1024
[mono_ns=7230786449872817][T0xef4748dbbca0][WARN] copy_aicore_buffer: [chip_swimlane_collector.cpp:689] Core 54: skipped 1024 AICore record slot(s) with start_time=0 (race-window write or recycled-buffer tail). buf seq=0 count=1024
[mono_ns=7230786450073237][T0xef4733f0aca0][WARN] copy_aicore_buffer: [chip_swimlane_collector.cpp:689] Core 57: skipped 1024 AICore record slot(s) with start_time=0 (race-window write or recycled-buffer tail). buf seq=0 count=1024
[mono_ns=7230786450205677][T0xef47336faca0][WARN] copy_aicore_buffer: [chip_swimlane_collector.cpp:689] Core 59: skipped 1024 AICore record slot(s) with start_time=0 (race-window write or recycled-buffer tail). buf seq=0 count=1024
[mono_ns=7230786450224947][T0xef4748dbbca0][WARN] copy_aicore_buffer: [chip_swimlane_collector.cpp:689] Core 55: skipped 1024 AICore record slot(s) with start_time=0 (race-window write or recycled-buffer tail). buf seq=0 count=1024
[mono_ns=7230786450401287][T0xef4733f0aca0][WARN] copy_aicore_buffer: [chip_swimlane_collector.cpp:689] Core 19: skipped 1024 AICore record slot(s) with start_time=0 (race-window write or recycled-buffer tail). buf seq=0 count=1024
[mono_ns=7230786450541877][T0xef47336faca0][WARN] copy_aicore_buffer: [chip_swimlane_collector.cpp:689] Core 20: skipped 1024 AICore record slot(s) with start_time=0 (race-window write or recycled-buffer tail). buf seq=0 count=1024
[mono_ns=7230786450560757][T0xef4748dbbca0][WARN] copy_aicore_buffer: [chip_swimlane_collector.cpp:689] Core 18: skipped 1024 AICore record slot(s) with start_time=0 (race-window write or recycled-buffer tail). buf seq=0 count=1024
[mono_ns=7230786450727897][T0xef4733f0aca0][WARN] copy_aicore_buffer: [chip_swimlane_collector.cpp:689] Core 62: skipped 1024 AICore record slot(s) with start_time=0 (race-window write or recycled-buffer tail). buf seq=0 count=1024
[mono_ns=7230786450881797][T0xef47336faca0][WARN] copy_aicore_buffer: [chip_swimlane_collector.cpp:689] Core 64: skipped 1024 AICore record slot(s) with start_time=0 (race-window write or recycled-buffer tail). buf seq=0 count=1024
[mono_ns=7230786450898527][T0xef4748dbbca0][WARN] copy_aicore_buffer: [chip_swimlane_collector.cpp:689] Core 60: skipped 1024 AICore record slot(s) with start_time=0 (race-window write or recycled-buffer tail). buf seq=0 count=1024
[mono_ns=7230786451063087][T0xef4733f0aca0][WARN] copy_aicore_buffer: [chip_swimlane_collector.cpp:689] Core 63: skipped 1024 AICore record slot(s) with start_time=0 (race-window write or recycled-buffer tail). buf seq=0 count=1024
[mono_ns=7230786451227687][T0xef47336faca0][WARN] copy_aicore_buffer: [chip_swimlane_collector.cpp:689] Core 65: skipped 1024 AICore record slot(s) with start_time=0 (race-window write or recycled-buffer tail). buf seq=0 count=1024
[mono_ns=7230786451242807][T0xef4748dbbca0][WARN] copy_aicore_buffer: [chip_swimlane_collector.cpp:689] Core 61: skipped 1024 AICore record slot(s) with start_time=0 (race-window write or recycled-buffer tail). buf seq=0 count=1024
[mono_ns=7230786451396737][T0xef4733f0aca0][WARN] copy_aicore_buffer: [chip_swimlane_collector.cpp:689] Core 22: skipped 1024 AICore record slot(s) with start_time=0 (race-window write or recycled-buffer tail). buf seq=0 count=1024
[mono_ns=7230786451566637][T0xef47336faca0][WARN] copy_aicore_buffer: [chip_swimlane_collector.cpp:689] Core 23: skipped 1024 AICore record slot(s) with start_time=0 (race-window write or recycled-buffer tail). buf seq=0 count=1024
[mono_ns=7230786451587777][T0xef4748dbbca0][WARN] copy_aicore_buffer: [chip_swimlane_collector.cpp:689] Core 21: skipped 1024 AICore record slot(s) with start_time=0 (race-window write or recycled-buffer tail). buf seq=0 count=1024
[mono_ns=7230786451730217][T0xef4733f0aca0][WARN] copy_aicore_buffer: [chip_swimlane_collector.cpp:689] Core 68: skipped 1024 AICore record slot(s) with start_time=0 (race-window write or recycled-buffer tail). buf seq=0 count=1024
[mono_ns=7230786451909147][T0xef47336faca0][WARN] copy_aicore_buffer: [chip_swimlane_collector.cpp:689] Core 70: skipped 1024 AICore record slot(s) with start_time=0 (race-window write or recycled-buffer tail). buf seq=0 count=1024
[mono_ns=7230786451922577][T0xef4748dbbca0][WARN] copy_aicore_buffer: [chip_swimlane_collector.cpp:689] Core 66: skipped 1024 AICore record slot(s) with start_time=0 (race-window write or recycled-buffer tail). buf seq=0 count=1024
[mono_ns=7230786452073097][T0xef4733f0aca0][WARN] copy_aicore_buffer: [chip_swimlane_collector.cpp:689] Core 69: skipped 1024 AICore record slot(s) with start_time=0 (race-window write or recycled-buffer tail). buf seq=0 count=1024
[mono_ns=7230786452256777][T0xef47336faca0][WARN] copy_aicore_buffer: [chip_swimlane_collector.cpp:689] Core 71: skipped 1024 AICore record slot(s) with start_time=0 (race-window write or recycled-buffer tail). buf seq=0 count=1024
[mono_ns=7230786452266277][T0xef4748dbbca0][WARN] copy_aicore_buffer: [chip_swimlane_collector.cpp:689] Core 67: skipped 1024 AICore record slot(s) with start_time=0 (race-window write or recycled-buffer tail). buf seq=0 count=1024
[mono_ns=7230786552931623][T0xef4890b1b020][TIMING] emit_host_span: [STRACE] v=1 pid=421358 tid=421358 inv=2 hid=72d4402cc56b4f50 depth=1 name=chip.run.runner_run ts=7230786433494568 dur=119428525 
[mono_ns=7230786553039393][T0xef4890b1b020][TIMING] emit_host_span: [STRACE] v=1 pid=421358 tid=421358 inv=2 hid=72d4402cc56b4f50 depth=1 name=chip.run.validate ts=7230786552947363 dur=87720 
[mono_ns=7230786553051553][T0xef4890b1b020][TIMING] emit_host_span: [STRACE] v=1 pid=421358 tid=421358 inv=2 hid=72d4402cc56b4f50 depth=2 name=chip.run.runner_run.device_wall ts=0 dur=8060440 clk=dev
[mono_ns=7230786553056723][T0xef4890b1b020][TIMING] emit_host_span: [STRACE] v=1 pid=421358 tid=421358 inv=2 hid=72d4402cc56b4f50 depth=3 name=chip.run.runner_run.device_wall.preamble ts=0 dur=136060 clk=dev
[mono_ns=7230786553061693][T0xef4890b1b020][TIMING] emit_host_span: [STRACE] v=1 pid=421358 tid=421358 inv=2 hid=72d4402cc56b4f50 depth=3 name=chip.run.runner_run.device_wall.graph_build ts=131540 dur=7919560 clk=dev
[mono_ns=7230786553065533][T0xef4890b1b020][TIMING] emit_host_span: [STRACE] v=1 pid=421358 tid=421358 inv=2 hid=72d4402cc56b4f50 depth=3 name=chip.run.runner_run.device_wall.config_validate ts=132180 dur=820 clk=dev
[mono_ns=7230786553071703][T0xef4890b1b020][TIMING] emit_host_span: [STRACE] v=1 pid=421358 tid=421358 inv=2 hid=72d4402cc56b4f50 depth=3 name=chip.run.runner_run.device_wall.arena_wire ts=133100 dur=720 clk=dev
[mono_ns=7230786553077153][T0xef4890b1b020][TIMING] emit_host_span: [STRACE] v=1 pid=421358 tid=421358 inv=2 hid=72d4402cc56b4f50 depth=3 name=chip.run.runner_run.device_wall.sm_reset ts=133840 dur=1140 clk=dev
[mono_ns=7230786553082653][T0xef4890b1b020][TIMING] emit_host_span: [STRACE] v=1 pid=421358 tid=421358 inv=2 hid=72d4402cc56b4f50 depth=3 name=chip.run.runner_run.device_wall.post_orch ts=8051160 dur=9120 clk=dev
[mono_ns=7230786553087083][T0xef4890b1b020][TIMING] emit_host_span: [STRACE] v=1 pid=421358 tid=421358 inv=2 hid=72d4402cc56b4f50 depth=3 name=chip.run.runner_run.device_wall.orch ts=135240 dur=5540 clk=dev
[mono_ns=7230786553091603][T0xef4890b1b020][TIMING] emit_host_span: [STRACE] v=1 pid=421358 tid=421358 inv=2 hid=72d4402cc56b4f50 depth=3 name=chip.run.runner_run.device_wall.sched ts=136220 dur=7888680 clk=dev
[mono_ns=7230786553097863][T0xef4890b1b020][TIMING] emit_host_span: [STRACE] v=1 pid=421358 tid=421358 inv=2 hid=72d4402cc56b4f50 depth=1 name=chip.run.claim_release ts=7230786553095223 dur=840 
[mono_ns=7230786553108523][T0xef4890b1b020][TIMING] emit_host_span: [STRACE] v=1 pid=421358 tid=421358 inv=2 hid=72d4402cc56b4f50 depth=0 name=chip.run ts=7230786380122320 dur=172983953 run_id=2 dispatch_id=2 slot_id=0 generation=2 run_epoch=2
[mono_ns=7230791376423416][T0xef4890b1b020][TIMING] emit_host_span: [STRACE] v=1 pid=421358 tid=421358 inv=3 hid=72d4402cc56b4f50 depth=2 name=chip.run.bind.args ts=7230791376279376 dur=135880 
[mono_ns=7230791376446596][T0xef4890b1b020][TIMING] emit_host_span: [STRACE] v=1 pid=421358 tid=421358 inv=3 hid=72d4402cc56b4f50 depth=2 name=chip.run.bind.prebuilt ts=7230791376439386 dur=4650 
[mono_ns=7230791376452046][T0xef4890b1b020][TIMING] emit_host_span: [STRACE] v=1 pid=421358 tid=421358 inv=3 hid=72d4402cc56b4f50 depth=1 name=chip.run.bind ts=7230791376265546 dur=184170 
[mono_ns=7230791483741956][T0xef4890b1b020][TIMING] emit_host_span: [STRACE] v=1 pid=421358 tid=421358 inv=3 hid=72d4402cc56b4f50 depth=1 name=chip.run.runner_run ts=7230791376876906 dur=106854000 
[mono_ns=7230791483839696][T0xef4890b1b020][TIMING] emit_host_span: [STRACE] v=1 pid=421358 tid=421358 inv=3 hid=72d4402cc56b4f50 depth=1 name=chip.run.validate ts=7230791483759016 dur=76930 
[mono_ns=7230791483852896][T0xef4890b1b020][TIMING] emit_host_span: [STRACE] v=1 pid=421358 tid=421358 inv=3 hid=72d4402cc56b4f50 depth=2 name=chip.run.runner_run.device_wall ts=0 dur=11328740 clk=dev
[mono_ns=7230791483858496][T0xef4890b1b020][TIMING] emit_host_span: [STRACE] v=1 pid=421358 tid=421358 inv=3 hid=72d4402cc56b4f50 depth=3 name=chip.run.runner_run.device_wall.preamble ts=0 dur=7220 clk=dev
[mono_ns=7230791483863576][T0xef4890b1b020][TIMING] emit_host_span: [STRACE] v=1 pid=421358 tid=421358 inv=3 hid=72d4402cc56b4f50 depth=3 name=chip.run.runner_run.device_wall.graph_build ts=2160 dur=11316900 clk=dev
[mono_ns=7230791483868946][T0xef4890b1b020][TIMING] emit_host_span: [STRACE] v=1 pid=421358 tid=421358 inv=3 hid=72d4402cc56b4f50 depth=3 name=chip.run.runner_run.device_wall.config_validate ts=2700 dur=980 clk=dev
[mono_ns=7230791483873956][T0xef4890b1b020][TIMING] emit_host_span: [STRACE] v=1 pid=421358 tid=421358 inv=3 hid=72d4402cc56b4f50 depth=3 name=chip.run.runner_run.device_wall.arena_wire ts=3700 dur=980 clk=dev
[mono_ns=7230791483877496][T0xef4890b1b020][TIMING] emit_host_span: [STRACE] v=1 pid=421358 tid=421358 inv=3 hid=72d4402cc56b4f50 depth=3 name=chip.run.runner_run.device_wall.sm_reset ts=4899 dur=2980 clk=dev
[mono_ns=7230791483880716][T0xef4890b1b020][TIMING] emit_host_span: [STRACE] v=1 pid=421358 tid=421358 inv=3 hid=72d4402cc56b4f50 depth=3 name=chip.run.runner_run.device_wall.post_orch ts=11319300 dur=9120 clk=dev
[mono_ns=7230791483883896][T0xef4890b1b020][TIMING] emit_host_span: [STRACE] v=1 pid=421358 tid=421358 inv=3 hid=72d4402cc56b4f50 depth=3 name=chip.run.runner_run.device_wall.orch ts=9140 dur=10500 clk=dev
[mono_ns=7230791483887126][T0xef4890b1b020][TIMING] emit_host_span: [STRACE] v=1 pid=421358 tid=421358 inv=3 hid=72d4402cc56b4f50 depth=3 name=chip.run.runner_run.device_wall.sched ts=8240 dur=11303199 clk=dev
[mono_ns=7230791483893406][T0xef4890b1b020][TIMING] emit_host_span: [STRACE] v=1 pid=421358 tid=421358 inv=3 hid=72d4402cc56b4f50 depth=1 name=chip.run.claim_release ts=7230791483890436 dur=1000 
[mono_ns=7230791483900766][T0xef4890b1b020][TIMING] emit_host_span: [STRACE] v=1 pid=421358 tid=421358 inv=3 hid=72d4402cc56b4f50 depth=0 name=chip.run ts=7230791376179076 dur=107719780 run_id=3 dispatch_id=3 slot_id=0 generation=3 run_epoch=3
[mono_ns=7230791543658137][T0xef4890b1b020][TIMING] emit_host_span: [STRACE] v=1 pid=421358 tid=421358 inv=4 hid=72d4402cc56b4f50 depth=2 name=chip.run.bind.args ts=7230791543537917 dur=114720 
[mono_ns=7230791543679967][T0xef4890b1b020][TIMING] emit_host_span: [STRACE] v=1 pid=421358 tid=421358 inv=4 hid=72d4402cc56b4f50 depth=2 name=chip.run.bind.prebuilt ts=7230791543672457 dur=4430 
[mono_ns=7230791543685707][T0xef4890b1b020][TIMING] emit_host_span: [STRACE] v=1 pid=421358 tid=421358 inv=4 hid=72d4402cc56b4f50 depth=1 name=chip.run.bind ts=7230791543526547 dur=156780 
[mono_ns=7230791549371447][T0xef47336faca0][WARN] copy_aicore_buffer: [chip_swimlane_collector.cpp:689] Core 2: skipped 1024 AICore record slot(s) with start_time=0 (race-window write or recycled-buffer tail). buf seq=0 count=1024
[mono_ns=7230791549373087][T0xef4748dbbca0][WARN] copy_aicore_buffer: [chip_swimlane_collector.cpp:689] Core 0: skipped 1024 AICore record slot(s) with start_time=0 (race-window write or recycled-buffer tail). buf seq=0 count=1024
[mono_ns=7230791549373457][T0xef4733f0aca0][WARN] copy_aicore_buffer: [chip_swimlane_collector.cpp:689] Core 1: skipped 1024 AICore record slot(s) with start_time=0 (race-window write or recycled-buffer tail). buf seq=0 count=1024
[mono_ns=7230791549695157][T0xef4733f0aca0][WARN] copy_aicore_buffer: [chip_swimlane_collector.cpp:689] Core 26: skipped 1023 AICore record slot(s) with start_time=0 (race-window write or recycled-buffer tail). buf seq=0 count=1024
[mono_ns=7230791549701067][T0xef4748dbbca0][WARN] copy_aicore_buffer: [chip_swimlane_collector.cpp:689] Core 24: skipped 1024 AICore record slot(s) with start_time=0 (race-window write or recycled-buffer tail). buf seq=0 count=1024
[mono_ns=7230791549706227][T0xef47336faca0][WARN] copy_aicore_buffer: [chip_swimlane_collector.cpp:689] Core 28: skipped 1022 AICore record slot(s) with start_time=0 (race-window write or recycled-buffer tail). buf seq=0 count=1024
[mono_ns=7230791550020917][T0xef4733f0aca0][WARN] copy_aicore_buffer: [chip_swimlane_collector.cpp:689] Core 27: skipped 1024 AICore record slot(s) with start_time=0 (race-window write or recycled-buffer tail). buf seq=0 count=1024
[mono_ns=7230791550034287][T0xef4748dbbca0][WARN] copy_aicore_buffer: [chip_swimlane_collector.cpp:689] Core 25: skipped 1024 AICore record slot(s) with start_time=0 (race-window write or recycled-buffer tail). buf seq=0 count=1024
[mono_ns=7230791550050447][T0xef47336faca0][WARN] copy_aicore_buffer: [chip_swimlane_collector.cpp:689] Core 29: skipped 1024 AICore record slot(s) with start_time=0 (race-window write or recycled-buffer tail). buf seq=0 count=1024
[mono_ns=7230791550333117][T0xef4733f0aca0][WARN] copy_aicore_buffer: [chip_swimlane_collector.cpp:689] Core 4: skipped 1024 AICore record slot(s) with start_time=0 (race-window write or recycled-buffer tail). buf seq=0 count=1024
[mono_ns=7230791550353437][T0xef4748dbbca0][WARN] copy_aicore_buffer: [chip_swimlane_collector.cpp:689] Core 3: skipped 1024 AICore record slot(s) with start_time=0 (race-window write or recycled-buffer tail). buf seq=0 count=1024
[mono_ns=7230791550368717][T0xef47336faca0][WARN] copy_aicore_buffer: [chip_swimlane_collector.cpp:689] Core 5: skipped 1024 AICore record slot(s) with start_time=0 (race-window write or recycled-buffer tail). buf seq=0 count=1024
[mono_ns=7230791550646787][T0xef4733f0aca0][WARN] copy_aicore_buffer: [chip_swimlane_collector.cpp:689] Core 32: skipped 1024 AICore record slot(s) with start_time=0 (race-window write or recycled-buffer tail). buf seq=0 count=1024
[mono_ns=7230791550673337][T0xef4748dbbca0][WARN] copy_aicore_buffer: [chip_swimlane_collector.cpp:689] Core 30: skipped 1024 AICore record slot(s) with start_time=0 (race-window write or recycled-buffer tail). buf seq=0 count=1024
[mono_ns=7230791550689137][T0xef47336faca0][WARN] copy_aicore_buffer: [chip_swimlane_collector.cpp:689] Core 34: skipped 1024 AICore record slot(s) with start_time=0 (race-window write or recycled-buffer tail). buf seq=0 count=1024
[mono_ns=7230791550960007][T0xef4733f0aca0][WARN] copy_aicore_buffer: [chip_swimlane_collector.cpp:689] Core 33: skipped 1024 AICore record slot(s) with start_time=0 (race-window write or recycled-buffer tail). buf seq=0 count=1024
[mono_ns=7230791550996377][T0xef4748dbbca0][WARN] copy_aicore_buffer: [chip_swimlane_collector.cpp:689] Core 31: skipped 1024 AICore record slot(s) with start_time=0 (race-window write or recycled-buffer tail). buf seq=0 count=1024
[mono_ns=7230791551022887][T0xef47336faca0][WARN] copy_aicore_buffer: [chip_swimlane_collector.cpp:689] Core 35: skipped 1024 AICore record slot(s) with start_time=0 (race-window write or recycled-buffer tail). buf seq=0 count=1024
[mono_ns=7230791551278597][T0xef4733f0aca0][WARN] copy_aicore_buffer: [chip_swimlane_collector.cpp:689] Core 7: skipped 1024 AICore record slot(s) with start_time=0 (race-window write or recycled-buffer tail). buf seq=0 count=1024
[mono_ns=7230791551329707][T0xef4748dbbca0][WARN] copy_aicore_buffer: [chip_swimlane_collector.cpp:689] Core 6: skipped 1024 AICore record slot(s) with start_time=0 (race-window write or recycled-buffer tail). buf seq=0 count=1024
[mono_ns=7230791551342687][T0xef47336faca0][WARN] copy_aicore_buffer: [chip_swimlane_collector.cpp:689] Core 8: skipped 1024 AICore record slot(s) with start_time=0 (race-window write or recycled-buffer tail). buf seq=0 count=1024
[mono_ns=7230791551590927][T0xef4733f0aca0][WARN] copy_aicore_buffer: [chip_swimlane_collector.cpp:689] Core 38: skipped 1024 AICore record slot(s) with start_time=0 (race-window write or recycled-buffer tail). buf seq=0 count=1024
[mono_ns=7230791551652027][T0xef4748dbbca0][WARN] copy_aicore_buffer: [chip_swimlane_collector.cpp:689] Core 36: skipped 1024 AICore record slot(s) with start_time=0 (race-window write or recycled-buffer tail). buf seq=0 count=1024
[mono_ns=7230791551666027][T0xef47336faca0][WARN] copy_aicore_buffer: [chip_swimlane_collector.cpp:689] Core 40: skipped 1024 AICore record slot(s) with start_time=0 (race-window write or recycled-buffer tail). buf seq=0 count=1024
[mono_ns=7230791551901997][T0xef4733f0aca0][WARN] copy_aicore_buffer: [chip_swimlane_collector.cpp:689] Core 39: skipped 1024 AICore record slot(s) with start_time=0 (race-window write or recycled-buffer tail). buf seq=0 count=1024
[mono_ns=7230791551974227][T0xef4748dbbca0][WARN] copy_aicore_buffer: [chip_swimlane_collector.cpp:689] Core 37: skipped 1024 AICore record slot(s) with start_time=0 (race-window write or recycled-buffer tail). buf seq=0 count=1024
[mono_ns=7230791551987847][T0xef47336faca0][WARN] copy_aicore_buffer: [chip_swimlane_collector.cpp:689] Core 41: skipped 1024 AICore record slot(s) with start_time=0 (race-window write or recycled-buffer tail). buf seq=0 count=1024
[mono_ns=7230791552222657][T0xef4733f0aca0][WARN] copy_aicore_buffer: [chip_swimlane_collector.cpp:689] Core 10: skipped 1024 AICore record slot(s) with start_time=0 (race-window write or recycled-buffer tail). buf seq=0 count=1024
[mono_ns=7230791552310997][T0xef4748dbbca0][WARN] copy_aicore_buffer: [chip_swimlane_collector.cpp:689] Core 9: skipped 1024 AICore record slot(s) with start_time=0 (race-window write or recycled-buffer tail). buf seq=0 count=1024
[mono_ns=7230791552321957][T0xef47336faca0][WARN] copy_aicore_buffer: [chip_swimlane_collector.cpp:689] Core 11: skipped 1024 AICore record slot(s) with start_time=0 (race-window write or recycled-buffer tail). buf seq=0 count=1024
[mono_ns=7230791552533287][T0xef4733f0aca0][WARN] copy_aicore_buffer: [chip_swimlane_collector.cpp:689] Core 44: skipped 1024 AICore record slot(s) with start_time=0 (race-window write or recycled-buffer tail). buf seq=0 count=1024
[mono_ns=7230791552634577][T0xef4748dbbca0][WARN] copy_aicore_buffer: [chip_swimlane_collector.cpp:689] Core 42: skipped 1024 AICore record slot(s) with start_time=0 (race-window write or recycled-buffer tail). buf seq=0 count=1024
[mono_ns=7230791552642477][T0xef47336faca0][WARN] copy_aicore_buffer: [chip_swimlane_collector.cpp:689] Core 46: skipped 1024 AICore record slot(s) with start_time=0 (race-window write or recycled-buffer tail). buf seq=0 count=1024
[mono_ns=7230791552891807][T0xef4733f0aca0][WARN] copy_aicore_buffer: [chip_swimlane_collector.cpp:689] Core 45: skipped 1024 AICore record slot(s) with start_time=0 (race-window write or recycled-buffer tail). buf seq=0 count=1024
[mono_ns=7230791552957097][T0xef4748dbbca0][WARN] copy_aicore_buffer: [chip_swimlane_collector.cpp:689] Core 43: skipped 1024 AICore record slot(s) with start_time=0 (race-window write or recycled-buffer tail). buf seq=0 count=1024
[mono_ns=7230791552962877][T0xef47336faca0][WARN] copy_aicore_buffer: [chip_swimlane_collector.cpp:689] Core 47: skipped 1024 AICore record slot(s) with start_time=0 (race-window write or recycled-buffer tail). buf seq=0 count=1024
[mono_ns=7230791553244687][T0xef4733f0aca0][WARN] copy_aicore_buffer: [chip_swimlane_collector.cpp:689] Core 13: skipped 1024 AICore record slot(s) with start_time=0 (race-window write or recycled-buffer tail). buf seq=0 count=1024
[mono_ns=7230791553291077][T0xef4748dbbca0][WARN] copy_aicore_buffer: [chip_swimlane_collector.cpp:689] Core 12: skipped 1024 AICore record slot(s) with start_time=0 (race-window write or recycled-buffer tail). buf seq=0 count=1024
[mono_ns=7230791553299207][T0xef47336faca0][WARN] copy_aicore_buffer: [chip_swimlane_collector.cpp:689] Core 14: skipped 1024 AICore record slot(s) with start_time=0 (race-window write or recycled-buffer tail). buf seq=0 count=1024
[mono_ns=7230791553568947][T0xef4733f0aca0][WARN] copy_aicore_buffer: [chip_swimlane_collector.cpp:689] Core 50: skipped 1024 AICore record slot(s) with start_time=0 (race-window write or recycled-buffer tail). buf seq=0 count=1024
[mono_ns=7230791553613077][T0xef4748dbbca0][WARN] copy_aicore_buffer: [chip_swimlane_collector.cpp:689] Core 48: skipped 1024 AICore record slot(s) with start_time=0 (race-window write or recycled-buffer tail). buf seq=0 count=1024
[mono_ns=7230791553618467][T0xef47336faca0][WARN] copy_aicore_buffer: [chip_swimlane_collector.cpp:689] Core 52: skipped 1024 AICore record slot(s) with start_time=0 (race-window write or recycled-buffer tail). buf seq=0 count=1024
[mono_ns=7230791553892237][T0xef4733f0aca0][WARN] copy_aicore_buffer: [chip_swimlane_collector.cpp:689] Core 51: skipped 1024 AICore record slot(s) with start_time=0 (race-window write or recycled-buffer tail). buf seq=0 count=1024
[mono_ns=7230791553935527][T0xef4748dbbca0][WARN] copy_aicore_buffer: [chip_swimlane_collector.cpp:689] Core 49: skipped 1024 AICore record slot(s) with start_time=0 (race-window write or recycled-buffer tail). buf seq=0 count=1024
[mono_ns=7230791553937727][T0xef47336faca0][WARN] copy_aicore_buffer: [chip_swimlane_collector.cpp:689] Core 53: skipped 1024 AICore record slot(s) with start_time=0 (race-window write or recycled-buffer tail). buf seq=0 count=1024
[mono_ns=7230791554227967][T0xef4733f0aca0][WARN] copy_aicore_buffer: [chip_swimlane_collector.cpp:689] Core 16: skipped 1024 AICore record slot(s) with start_time=0 (race-window write or recycled-buffer tail). buf seq=0 count=1024
[mono_ns=7230791554270587][T0xef47336faca0][WARN] copy_aicore_buffer: [chip_swimlane_collector.cpp:689] Core 17: skipped 1024 AICore record slot(s) with start_time=0 (race-window write or recycled-buffer tail). buf seq=0 count=1024
[mono_ns=7230791554271527][T0xef4748dbbca0][WARN] copy_aicore_buffer: [chip_swimlane_collector.cpp:689] Core 15: skipped 1024 AICore record slot(s) with start_time=0 (race-window write or recycled-buffer tail). buf seq=0 count=1024
[mono_ns=7230791554553257][T0xef4733f0aca0][WARN] copy_aicore_buffer: [chip_swimlane_collector.cpp:689] Core 56: skipped 1024 AICore record slot(s) with start_time=0 (race-window write or recycled-buffer tail). buf seq=0 count=1024
[mono_ns=7230791554592947][T0xef47336faca0][WARN] copy_aicore_buffer: [chip_swimlane_collector.cpp:689] Core 58: skipped 1024 AICore record slot(s) with start_time=0 (race-window write or recycled-buffer tail). buf seq=0 count=1024
[mono_ns=7230791554625377][T0xef4748dbbca0][WARN] copy_aicore_buffer: [chip_swimlane_collector.cpp:689] Core 54: skipped 1024 AICore record slot(s) with start_time=0 (race-window write or recycled-buffer tail). buf seq=0 count=1024
[mono_ns=7230791554882947][T0xef4733f0aca0][WARN] copy_aicore_buffer: [chip_swimlane_collector.cpp:689] Core 57: skipped 1024 AICore record slot(s) with start_time=0 (race-window write or recycled-buffer tail). buf seq=0 count=1024
[mono_ns=7230791554913777][T0xef47336faca0][WARN] copy_aicore_buffer: [chip_swimlane_collector.cpp:689] Core 59: skipped 1024 AICore record slot(s) with start_time=0 (race-window write or recycled-buffer tail). buf seq=0 count=1024
[mono_ns=7230791554962547][T0xef4748dbbca0][WARN] copy_aicore_buffer: [chip_swimlane_collector.cpp:689] Core 55: skipped 1024 AICore record slot(s) with start_time=0 (race-window write or recycled-buffer tail). buf seq=0 count=1024
[mono_ns=7230791555225217][T0xef4733f0aca0][WARN] copy_aicore_buffer: [chip_swimlane_collector.cpp:689] Core 19: skipped 1024 AICore record slot(s) with start_time=0 (race-window write or recycled-buffer tail). buf seq=0 count=1024
[mono_ns=7230791555241957][T0xef47336faca0][WARN] copy_aicore_buffer: [chip_swimlane_collector.cpp:689] Core 20: skipped 1024 AICore record slot(s) with start_time=0 (race-window write or recycled-buffer tail). buf seq=0 count=1024
[mono_ns=7230791555313247][T0xef4748dbbca0][WARN] copy_aicore_buffer: [chip_swimlane_collector.cpp:689] Core 18: skipped 1024 AICore record slot(s) with start_time=0 (race-window write or recycled-buffer tail). buf seq=0 count=1024
[mono_ns=7230791555561657][T0xef4733f0aca0][WARN] copy_aicore_buffer: [chip_swimlane_collector.cpp:689] Core 62: skipped 1024 AICore record slot(s) with start_time=0 (race-window write or recycled-buffer tail). buf seq=0 count=1024
[mono_ns=7230791555600087][T0xef47336faca0][WARN] copy_aicore_buffer: [chip_swimlane_collector.cpp:689] Core 64: skipped 1024 AICore record slot(s) with start_time=0 (race-window write or recycled-buffer tail). buf seq=0 count=1024
[mono_ns=7230791555652187][T0xef4748dbbca0][WARN] copy_aicore_buffer: [chip_swimlane_collector.cpp:689] Core 60: skipped 1024 AICore record slot(s) with start_time=0 (race-window write or recycled-buffer tail). buf seq=0 count=1024
[mono_ns=7230791555897157][T0xef4733f0aca0][WARN] copy_aicore_buffer: [chip_swimlane_collector.cpp:689] Core 63: skipped 1024 AICore record slot(s) with start_time=0 (race-window write or recycled-buffer tail). buf seq=0 count=1024
[mono_ns=7230791555954227][T0xef47336faca0][WARN] copy_aicore_buffer: [chip_swimlane_collector.cpp:689] Core 65: skipped 1024 AICore record slot(s) with start_time=0 (race-window write or recycled-buffer tail). buf seq=0 count=1024
[mono_ns=7230791555993097][T0xef4748dbbca0][WARN] copy_aicore_buffer: [chip_swimlane_collector.cpp:689] Core 61: skipped 1024 AICore record slot(s) with start_time=0 (race-window write or recycled-buffer tail). buf seq=0 count=1024
[mono_ns=7230791556244997][T0xef4733f0aca0][WARN] copy_aicore_buffer: [chip_swimlane_collector.cpp:689] Core 22: skipped 1024 AICore record slot(s) with start_time=0 (race-window write or recycled-buffer tail). buf seq=0 count=1024
[mono_ns=7230791556307327][T0xef47336faca0][WARN] copy_aicore_buffer: [chip_swimlane_collector.cpp:689] Core 23: skipped 1024 AICore record slot(s) with start_time=0 (race-window write or recycled-buffer tail). buf seq=0 count=1024
[mono_ns=7230791556338057][T0xef4748dbbca0][WARN] copy_aicore_buffer: [chip_swimlane_collector.cpp:689] Core 21: skipped 1024 AICore record slot(s) with start_time=0 (race-window write or recycled-buffer tail). buf seq=0 count=1024
[mono_ns=7230791556580127][T0xef4733f0aca0][WARN] copy_aicore_buffer: [chip_swimlane_collector.cpp:689] Core 68: skipped 1024 AICore record slot(s) with start_time=0 (race-window write or recycled-buffer tail). buf seq=0 count=1024
[mono_ns=7230791556648387][T0xef47336faca0][WARN] copy_aicore_buffer: [chip_swimlane_collector.cpp:689] Core 70: skipped 1024 AICore record slot(s) with start_time=0 (race-window write or recycled-buffer tail). buf seq=0 count=1024
[mono_ns=7230791556676057][T0xef4748dbbca0][WARN] copy_aicore_buffer: [chip_swimlane_collector.cpp:689] Core 66: skipped 1024 AICore record slot(s) with start_time=0 (race-window write or recycled-buffer tail). buf seq=0 count=1024
[mono_ns=7230791556909927][T0xef4733f0aca0][WARN] copy_aicore_buffer: [chip_swimlane_collector.cpp:689] Core 69: skipped 1024 AICore record slot(s) with start_time=0 (race-window write or recycled-buffer tail). buf seq=0 count=1024
[mono_ns=7230791556988527][T0xef47336faca0][WARN] copy_aicore_buffer: [chip_swimlane_collector.cpp:689] Core 71: skipped 1024 AICore record slot(s) with start_time=0 (race-window write or recycled-buffer tail). buf seq=0 count=1024
[mono_ns=7230791557024707][T0xef4748dbbca0][WARN] copy_aicore_buffer: [chip_swimlane_collector.cpp:689] Core 67: skipped 1024 AICore record slot(s) with start_time=0 (race-window write or recycled-buffer tail). buf seq=0 count=1024
[mono_ns=7230791657713928][T0xef4890b1b020][TIMING] emit_host_span: [STRACE] v=1 pid=421358 tid=421358 inv=4 hid=72d4402cc56b4f50 depth=1 name=chip.run.runner_run ts=7230791544132157 dur=113569571 
[mono_ns=7230791657813418][T0xef4890b1b020][TIMING] emit_host_span: [STRACE] v=1 pid=421358 tid=421358 inv=4 hid=72d4402cc56b4f50 depth=1 name=chip.run.validate ts=7230791657731548 dur=78230 
[mono_ns=7230791657826208][T0xef4890b1b020][TIMING] emit_host_span: [STRACE] v=1 pid=421358 tid=421358 inv=4 hid=72d4402cc56b4f50 depth=2 name=chip.run.runner_run.device_wall ts=0 dur=4737700 clk=dev
[mono_ns=7230791657830948][T0xef4890b1b020][TIMING] emit_host_span: [STRACE] v=1 pid=421358 tid=421358 inv=4 hid=72d4402cc56b4f50 depth=3 name=chip.run.runner_run.device_wall.preamble ts=0 dur=108960 clk=dev
[mono_ns=7230791657835538][T0xef4890b1b020][TIMING] emit_host_span: [STRACE] v=1 pid=421358 tid=421358 inv=4 hid=72d4402cc56b4f50 depth=3 name=chip.run.runner_run.device_wall.graph_build ts=104600 dur=4624020 clk=dev
[mono_ns=7230791657839038][T0xef4890b1b020][TIMING] emit_host_span: [STRACE] v=1 pid=421358 tid=421358 inv=4 hid=72d4402cc56b4f50 depth=3 name=chip.run.runner_run.device_wall.config_validate ts=105199 dur=899 clk=dev
[mono_ns=7230791657843878][T0xef4890b1b020][TIMING] emit_host_span: [STRACE] v=1 pid=421358 tid=421358 inv=4 hid=72d4402cc56b4f50 depth=3 name=chip.run.runner_run.device_wall.arena_wire ts=106119 dur=280 clk=dev
[mono_ns=7230791657848618][T0xef4890b1b020][TIMING] emit_host_span: [STRACE] v=1 pid=421358 tid=421358 inv=4 hid=72d4402cc56b4f50 depth=3 name=chip.run.runner_run.device_wall.sm_reset ts=106440 dur=899 clk=dev
[mono_ns=7230791657854668][T0xef4890b1b020][TIMING] emit_host_span: [STRACE] v=1 pid=421358 tid=421358 inv=4 hid=72d4402cc56b4f50 depth=3 name=chip.run.runner_run.device_wall.post_orch ts=4728680 dur=8860 clk=dev
[mono_ns=7230791657859068][T0xef4890b1b020][TIMING] emit_host_span: [STRACE] v=1 pid=421358 tid=421358 inv=4 hid=72d4402cc56b4f50 depth=3 name=chip.run.runner_run.device_wall.orch ts=107580 dur=3860 clk=dev
[mono_ns=7230791657862328][T0xef4890b1b020][TIMING] emit_host_span: [STRACE] v=1 pid=421358 tid=421358 inv=4 hid=72d4402cc56b4f50 depth=3 name=chip.run.runner_run.device_wall.sched ts=109120 dur=4594960 clk=dev
[mono_ns=7230791657868168][T0xef4890b1b020][TIMING] emit_host_span: [STRACE] v=1 pid=421358 tid=421358 inv=4 hid=72d4402cc56b4f50 depth=1 name=chip.run.claim_release ts=7230791657865558 dur=880 
[mono_ns=7230791657872908][T0xef4890b1b020][TIMING] emit_host_span: [STRACE] v=1 pid=421358 tid=421358 inv=4 hid=72d4402cc56b4f50 depth=0 name=chip.run ts=7230791543469847 dur=114401061 run_id=4 dispatch_id=4 slot_id=0 generation=4 run_epoch=4
[mono_ns=7230796505868916][T0xef4890b1b020][TIMING] emit_host_span: [STRACE] v=1 pid=421358 tid=421358 inv=5 hid=72d4402cc56b4f50 depth=2 name=chip.run.bind.args ts=7230796505640806 dur=196430 
[mono_ns=7230796505930836][T0xef4890b1b020][TIMING] emit_host_span: [STRACE] v=1 pid=421358 tid=421358 inv=5 hid=72d4402cc56b4f50 depth=2 name=chip.run.bind.prebuilt ts=7230796505907566 dur=20400 
[mono_ns=7230796505936406][T0xef4890b1b020][TIMING] emit_host_span: [STRACE] v=1 pid=421358 tid=421358 inv=5 hid=72d4402cc56b4f50 depth=1 name=chip.run.bind ts=7230796505619056 dur=315020 
[mono_ns=7230796668303574][T0xef4890b1b020][TIMING] emit_host_span: [STRACE] v=1 pid=421358 tid=421358 inv=5 hid=72d4402cc56b4f50 depth=1 name=chip.run.runner_run ts=7230796506737116 dur=161554188 
[mono_ns=7230796668405784][T0xef4890b1b020][TIMING] emit_host_span: [STRACE] v=1 pid=421358 tid=421358 inv=5 hid=72d4402cc56b4f50 depth=1 name=chip.run.validate ts=7230796668320634 dur=81340 
[mono_ns=7230796668417964][T0xef4890b1b020][TIMING] emit_host_span: [STRACE] v=1 pid=421358 tid=421358 inv=5 hid=72d4402cc56b4f50 depth=2 name=chip.run.runner_run.device_wall ts=0 dur=2598460 clk=dev
[mono_ns=7230796668422204][T0xef4890b1b020][TIMING] emit_host_span: [STRACE] v=1 pid=421358 tid=421358 inv=5 hid=72d4402cc56b4f50 depth=3 name=chip.run.runner_run.device_wall.preamble ts=0 dur=6860 clk=dev
[mono_ns=7230796668447164][T0xef4890b1b020][TIMING] emit_host_span: [STRACE] v=1 pid=421358 tid=421358 inv=5 hid=72d4402cc56b4f50 depth=3 name=chip.run.runner_run.device_wall.graph_build ts=2080 dur=2586640 clk=dev
[mono_ns=7230796668451784][T0xef4890b1b020][TIMING] emit_host_span: [STRACE] v=1 pid=421358 tid=421358 inv=5 hid=72d4402cc56b4f50 depth=3 name=chip.run.runner_run.device_wall.config_validate ts=2440 dur=1340 clk=dev
[mono_ns=7230796668456144][T0xef4890b1b020][TIMING] emit_host_span: [STRACE] v=1 pid=421358 tid=421358 inv=5 hid=72d4402cc56b4f50 depth=3 name=chip.run.runner_run.device_wall.arena_wire ts=3820 dur=339 clk=dev
[mono_ns=7230796668460694][T0xef4890b1b020][TIMING] emit_host_span: [STRACE] v=1 pid=421358 tid=421358 inv=5 hid=72d4402cc56b4f50 depth=3 name=chip.run.runner_run.device_wall.sm_reset ts=4180 dur=1240 clk=dev
[mono_ns=7230796668465724][T0xef4890b1b020][TIMING] emit_host_span: [STRACE] v=1 pid=421358 tid=421358 inv=5 hid=72d4402cc56b4f50 depth=3 name=chip.run.runner_run.device_wall.post_orch ts=2588780 dur=9260 clk=dev
[mono_ns=7230796668471464][T0xef4890b1b020][TIMING] emit_host_span: [STRACE] v=1 pid=421358 tid=421358 inv=5 hid=72d4402cc56b4f50 depth=3 name=chip.run.runner_run.device_wall.orch ts=6540 dur=9799 clk=dev
[mono_ns=7230796668475814][T0xef4890b1b020][TIMING] emit_host_span: [STRACE] v=1 pid=421358 tid=421358 inv=5 hid=72d4402cc56b4f50 depth=3 name=chip.run.runner_run.device_wall.sched ts=6980 dur=2573980 clk=dev
[mono_ns=7230796668482384][T0xef4890b1b020][TIMING] emit_host_span: [STRACE] v=1 pid=421358 tid=421358 inv=5 hid=72d4402cc56b4f50 depth=1 name=chip.run.claim_release ts=7230796668479634 dur=830 
[mono_ns=7230796668514424][T0xef4890b1b020][TIMING] emit_host_span: [STRACE] v=1 pid=421358 tid=421358 inv=5 hid=72d4402cc56b4f50 depth=0 name=chip.run ts=7230796505299626 dur=163212408 run_id=5 dispatch_id=5 slot_id=0 generation=5 run_epoch=5
[mono_ns=7230796674683434][T0xef4890b1b020][TIMING] emit_host_span: [STRACE] v=1 pid=421358 tid=421358 inv=6 hid=72d4402cc56b4f50 depth=2 name=chip.run.bind.args ts=7230796674584784 dur=93830 
[mono_ns=7230796674701544][T0xef4890b1b020][TIMING] emit_host_span: [STRACE] v=1 pid=421358 tid=421358 inv=6 hid=72d4402cc56b4f50 depth=2 name=chip.run.bind.prebuilt ts=7230796674695194 dur=3990 
[mono_ns=7230796674707494][T0xef4890b1b020][TIMING] emit_host_span: [STRACE] v=1 pid=421358 tid=421358 inv=6 hid=72d4402cc56b4f50 depth=1 name=chip.run.bind ts=7230796674573454 dur=131900 
[mono_ns=7230796680152855][T0xef4733f0aca0][WARN] copy_aicore_buffer: [chip_swimlane_collector.cpp:689] Core 1: skipped 1024 AICore record slot(s) with start_time=0 (race-window write or recycled-buffer tail). buf seq=0 count=1024
[mono_ns=7230796680163365][T0xef47336faca0][WARN] copy_aicore_buffer: [chip_swimlane_collector.cpp:689] Core 2: skipped 1024 AICore record slot(s) with start_time=0 (race-window write or recycled-buffer tail). buf seq=0 count=1024
[mono_ns=7230796680212295][T0xef4748dbbca0][WARN] copy_aicore_buffer: [chip_swimlane_collector.cpp:689] Core 0: skipped 1024 AICore record slot(s) with start_time=0 (race-window write or recycled-buffer tail). buf seq=0 count=1024
[mono_ns=7230796680536475][T0xef4733f0aca0][WARN] copy_aicore_buffer: [chip_swimlane_collector.cpp:689] Core 26: skipped 1023 AICore record slot(s) with start_time=0 (race-window write or recycled-buffer tail). buf seq=0 count=1024
[mono_ns=7230796680549035][T0xef47336faca0][WARN] copy_aicore_buffer: [chip_swimlane_collector.cpp:689] Core 28: skipped 1023 AICore record slot(s) with start_time=0 (race-window write or recycled-buffer tail). buf seq=0 count=1024
[mono_ns=7230796680556845][T0xef4748dbbca0][WARN] copy_aicore_buffer: [chip_swimlane_collector.cpp:689] Core 24: skipped 1023 AICore record slot(s) with start_time=0 (race-window write or recycled-buffer tail). buf seq=0 count=1024
[mono_ns=7230796680850225][T0xef4733f0aca0][WARN] copy_aicore_buffer: [chip_swimlane_collector.cpp:689] Core 27: skipped 1024 AICore record slot(s) with start_time=0 (race-window write or recycled-buffer tail). buf seq=0 count=1024
[mono_ns=7230796680863675][T0xef47336faca0][WARN] copy_aicore_buffer: [chip_swimlane_collector.cpp:689] Core 29: skipped 1024 AICore record slot(s) with start_time=0 (race-window write or recycled-buffer tail). buf seq=0 count=1024
[mono_ns=7230796680878615][T0xef4748dbbca0][WARN] copy_aicore_buffer: [chip_swimlane_collector.cpp:689] Core 25: skipped 1024 AICore record slot(s) with start_time=0 (race-window write or recycled-buffer tail). buf seq=0 count=1024
[mono_ns=7230796681177595][T0xef4733f0aca0][WARN] copy_aicore_buffer: [chip_swimlane_collector.cpp:689] Core 4: skipped 1024 AICore record slot(s) with start_time=0 (race-window write or recycled-buffer tail). buf seq=0 count=1024
[mono_ns=7230796681185555][T0xef47336faca0][WARN] copy_aicore_buffer: [chip_swimlane_collector.cpp:689] Core 5: skipped 1024 AICore record slot(s) with start_time=0 (race-window write or recycled-buffer tail). buf seq=0 count=1024
[mono_ns=7230796681219055][T0xef4748dbbca0][WARN] copy_aicore_buffer: [chip_swimlane_collector.cpp:689] Core 3: skipped 1024 AICore record slot(s) with start_time=0 (race-window write or recycled-buffer tail). buf seq=0 count=1024
[mono_ns=7230796681489145][T0xef4733f0aca0][WARN] copy_aicore_buffer: [chip_swimlane_collector.cpp:689] Core 32: skipped 1024 AICore record slot(s) with start_time=0 (race-window write or recycled-buffer tail). buf seq=0 count=1024
[mono_ns=7230796681536625][T0xef47336faca0][WARN] copy_aicore_buffer: [chip_swimlane_collector.cpp:689] Core 34: skipped 1024 AICore record slot(s) with start_time=0 (race-window write or recycled-buffer tail). buf seq=0 count=1024
[mono_ns=7230796681541065][T0xef4748dbbca0][WARN] copy_aicore_buffer: [chip_swimlane_collector.cpp:689] Core 30: skipped 1024 AICore record slot(s) with start_time=0 (race-window write or recycled-buffer tail). buf seq=0 count=1024
[mono_ns=7230796681802765][T0xef4733f0aca0][WARN] copy_aicore_buffer: [chip_swimlane_collector.cpp:689] Core 33: skipped 1024 AICore record slot(s) with start_time=0 (race-window write or recycled-buffer tail). buf seq=0 count=1024
[mono_ns=7230796681847865][T0xef47336faca0][WARN] copy_aicore_buffer: [chip_swimlane_collector.cpp:689] Core 35: skipped 1024 AICore record slot(s) with start_time=0 (race-window write or recycled-buffer tail). buf seq=0 count=1024
[mono_ns=7230796681861475][T0xef4748dbbca0][WARN] copy_aicore_buffer: [chip_swimlane_collector.cpp:689] Core 31: skipped 1024 AICore record slot(s) with start_time=0 (race-window write or recycled-buffer tail). buf seq=0 count=1024
[mono_ns=7230796682123475][T0xef4733f0aca0][WARN] copy_aicore_buffer: [chip_swimlane_collector.cpp:689] Core 7: skipped 1024 AICore record slot(s) with start_time=0 (race-window write or recycled-buffer tail). buf seq=0 count=1024
[mono_ns=7230796682172555][T0xef47336faca0][WARN] copy_aicore_buffer: [chip_swimlane_collector.cpp:689] Core 8: skipped 1024 AICore record slot(s) with start_time=0 (race-window write or recycled-buffer tail). buf seq=0 count=1024
[mono_ns=7230796682187365][T0xef4748dbbca0][WARN] copy_aicore_buffer: [chip_swimlane_collector.cpp:689] Core 6: skipped 1024 AICore record slot(s) with start_time=0 (race-window write or recycled-buffer tail). buf seq=0 count=1024
[mono_ns=7230796682449825][T0xef4733f0aca0][WARN] copy_aicore_buffer: [chip_swimlane_collector.cpp:689] Core 38: skipped 1024 AICore record slot(s) with start_time=0 (race-window write or recycled-buffer tail). buf seq=0 count=1024
[mono_ns=7230796682489245][T0xef47336faca0][WARN] copy_aicore_buffer: [chip_swimlane_collector.cpp:689] Core 40: skipped 1024 AICore record slot(s) with start_time=0 (race-window write or recycled-buffer tail). buf seq=0 count=1024
[mono_ns=7230796682508655][T0xef4748dbbca0][WARN] copy_aicore_buffer: [chip_swimlane_collector.cpp:689] Core 36: skipped 1024 AICore record slot(s) with start_time=0 (race-window write or recycled-buffer tail). buf seq=0 count=1024
[mono_ns=7230796682770955][T0xef4733f0aca0][WARN] copy_aicore_buffer: [chip_swimlane_collector.cpp:689] Core 39: skipped 1024 AICore record slot(s) with start_time=0 (race-window write or recycled-buffer tail). buf seq=0 count=1024
[mono_ns=7230796682799845][T0xef47336faca0][WARN] copy_aicore_buffer: [chip_swimlane_collector.cpp:689] Core 41: skipped 1024 AICore record slot(s) with start_time=0 (race-window write or recycled-buffer tail). buf seq=0 count=1024
[mono_ns=7230796682833015][T0xef4748dbbca0][WARN] copy_aicore_buffer: [chip_swimlane_collector.cpp:689] Core 37: skipped 1024 AICore record slot(s) with start_time=0 (race-window write or recycled-buffer tail). buf seq=0 count=1024
[mono_ns=7230796683098105][T0xef4733f0aca0][WARN] copy_aicore_buffer: [chip_swimlane_collector.cpp:689] Core 10: skipped 1024 AICore record slot(s) with start_time=0 (race-window write or recycled-buffer tail). buf seq=0 count=1024
[mono_ns=7230796683121715][T0xef47336faca0][WARN] copy_aicore_buffer: [chip_swimlane_collector.cpp:689] Core 11: skipped 1024 AICore record slot(s) with start_time=0 (race-window write or recycled-buffer tail). buf seq=0 count=1024
[mono_ns=7230796683178315][T0xef4748dbbca0][WARN] copy_aicore_buffer: [chip_swimlane_collector.cpp:689] Core 9: skipped 1024 AICore record slot(s) with start_time=0 (race-window write or recycled-buffer tail). buf seq=0 count=1024
[mono_ns=7230796683412655][T0xef4733f0aca0][WARN] copy_aicore_buffer: [chip_swimlane_collector.cpp:689] Core 44: skipped 1024 AICore record slot(s) with start_time=0 (race-window write or recycled-buffer tail). buf seq=0 count=1024
[mono_ns=7230796683433195][T0xef47336faca0][WARN] copy_aicore_buffer: [chip_swimlane_collector.cpp:689] Core 46: skipped 1024 AICore record slot(s) with start_time=0 (race-window write or recycled-buffer tail). buf seq=0 count=1024
[mono_ns=7230796683503095][T0xef4748dbbca0][WARN] copy_aicore_buffer: [chip_swimlane_collector.cpp:689] Core 42: skipped 1024 AICore record slot(s) with start_time=0 (race-window write or recycled-buffer tail). buf seq=0 count=1024
[mono_ns=7230796683727555][T0xef4733f0aca0][WARN] copy_aicore_buffer: [chip_swimlane_collector.cpp:689] Core 45: skipped 1024 AICore record slot(s) with start_time=0 (race-window write or recycled-buffer tail). buf seq=0 count=1024
[mono_ns=7230796683744785][T0xef47336faca0][WARN] copy_aicore_buffer: [chip_swimlane_collector.cpp:689] Core 47: skipped 1024 AICore record slot(s) with start_time=0 (race-window write or recycled-buffer tail). buf seq=0 count=1024
[mono_ns=7230796683827045][T0xef4748dbbca0][WARN] copy_aicore_buffer: [chip_swimlane_collector.cpp:689] Core 43: skipped 1024 AICore record slot(s) with start_time=0 (race-window write or recycled-buffer tail). buf seq=0 count=1024
[mono_ns=7230796684098275][T0xef4733f0aca0][WARN] copy_aicore_buffer: [chip_swimlane_collector.cpp:689] Core 13: skipped 1024 AICore record slot(s) with start_time=0 (race-window write or recycled-buffer tail). buf seq=0 count=1024
[mono_ns=7230796684114965][T0xef47336faca0][WARN] copy_aicore_buffer: [chip_swimlane_collector.cpp:689] Core 14: skipped 1024 AICore record slot(s) with start_time=0 (race-window write or recycled-buffer tail). buf seq=0 count=1024
[mono_ns=7230796684164475][T0xef4748dbbca0][WARN] copy_aicore_buffer: [chip_swimlane_collector.cpp:689] Core 12: skipped 1024 AICore record slot(s) with start_time=0 (race-window write or recycled-buffer tail). buf seq=0 count=1024
[mono_ns=7230796684412045][T0xef4733f0aca0][WARN] copy_aicore_buffer: [chip_swimlane_collector.cpp:689] Core 50: skipped 1024 AICore record slot(s) with start_time=0 (race-window write or recycled-buffer tail). buf seq=0 count=1024
[mono_ns=7230796684426095][T0xef47336faca0][WARN] copy_aicore_buffer: [chip_swimlane_collector.cpp:689] Core 52: skipped 1024 AICore record slot(s) with start_time=0 (race-window write or recycled-buffer tail). buf seq=0 count=1024
[mono_ns=7230796684489395][T0xef4748dbbca0][WARN] copy_aicore_buffer: [chip_swimlane_collector.cpp:689] Core 48: skipped 1024 AICore record slot(s) with start_time=0 (race-window write or recycled-buffer tail). buf seq=0 count=1024
[mono_ns=7230796684726665][T0xef4733f0aca0][WARN] copy_aicore_buffer: [chip_swimlane_collector.cpp:689] Core 51: skipped 1024 AICore record slot(s) with start_time=0 (race-window write or recycled-buffer tail). buf seq=0 count=1024
[mono_ns=7230796684738115][T0xef47336faca0][WARN] copy_aicore_buffer: [chip_swimlane_collector.cpp:689] Core 53: skipped 1024 AICore record slot(s) with start_time=0 (race-window write or recycled-buffer tail). buf seq=0 count=1024
[mono_ns=7230796684816165][T0xef4748dbbca0][WARN] copy_aicore_buffer: [chip_swimlane_collector.cpp:689] Core 49: skipped 1024 AICore record slot(s) with start_time=0 (race-window write or recycled-buffer tail). buf seq=0 count=1024
[mono_ns=7230796685050395][T0xef4733f0aca0][WARN] copy_aicore_buffer: [chip_swimlane_collector.cpp:689] Core 16: skipped 1024 AICore record slot(s) with start_time=0 (race-window write or recycled-buffer tail). buf seq=0 count=1024
[mono_ns=7230796685058855][T0xef47336faca0][WARN] copy_aicore_buffer: [chip_swimlane_collector.cpp:689] Core 17: skipped 1024 AICore record slot(s) with start_time=0 (race-window write or recycled-buffer tail). buf seq=0 count=1024
[mono_ns=7230796685145525][T0xef4748dbbca0][WARN] copy_aicore_buffer: [chip_swimlane_collector.cpp:689] Core 15: skipped 1024 AICore record slot(s) with start_time=0 (race-window write or recycled-buffer tail). buf seq=0 count=1024
[mono_ns=7230796685365315][T0xef4733f0aca0][WARN] copy_aicore_buffer: [chip_swimlane_collector.cpp:689] Core 56: skipped 1024 AICore record slot(s) with start_time=0 (race-window write or recycled-buffer tail). buf seq=0 count=1024
[mono_ns=7230796685383425][T0xef47336faca0][WARN] copy_aicore_buffer: [chip_swimlane_collector.cpp:689] Core 58: skipped 1024 AICore record slot(s) with start_time=0 (race-window write or recycled-buffer tail). buf seq=0 count=1024
[mono_ns=7230796685470315][T0xef4748dbbca0][WARN] copy_aicore_buffer: [chip_swimlane_collector.cpp:689] Core 54: skipped 1024 AICore record slot(s) with start_time=0 (race-window write or recycled-buffer tail). buf seq=0 count=1024
[mono_ns=7230796685680185][T0xef4733f0aca0][WARN] copy_aicore_buffer: [chip_swimlane_collector.cpp:689] Core 57: skipped 1024 AICore record slot(s) with start_time=0 (race-window write or recycled-buffer tail). buf seq=0 count=1024
[mono_ns=7230796685744045][T0xef47336faca0][WARN] copy_aicore_buffer: [chip_swimlane_collector.cpp:689] Core 59: skipped 1024 AICore record slot(s) with start_time=0 (race-window write or recycled-buffer tail). buf seq=0 count=1024
[mono_ns=7230796685794715][T0xef4748dbbca0][WARN] copy_aicore_buffer: [chip_swimlane_collector.cpp:689] Core 55: skipped 1024 AICore record slot(s) with start_time=0 (race-window write or recycled-buffer tail). buf seq=0 count=1024
[mono_ns=7230796685996165][T0xef4733f0aca0][WARN] copy_aicore_buffer: [chip_swimlane_collector.cpp:689] Core 19: skipped 1024 AICore record slot(s) with start_time=0 (race-window write or recycled-buffer tail). buf seq=0 count=1024
[mono_ns=7230796686081525][T0xef47336faca0][WARN] copy_aicore_buffer: [chip_swimlane_collector.cpp:689] Core 20: skipped 1024 AICore record slot(s) with start_time=0 (race-window write or recycled-buffer tail). buf seq=0 count=1024
[mono_ns=7230796686128425][T0xef4748dbbca0][WARN] copy_aicore_buffer: [chip_swimlane_collector.cpp:689] Core 18: skipped 1024 AICore record slot(s) with start_time=0 (race-window write or recycled-buffer tail). buf seq=0 count=1024
[mono_ns=7230796686322735][T0xef4733f0aca0][WARN] copy_aicore_buffer: [chip_swimlane_collector.cpp:689] Core 62: skipped 1024 AICore record slot(s) with start_time=0 (race-window write or recycled-buffer tail). buf seq=0 count=1024
[mono_ns=7230796686407595][T0xef47336faca0][WARN] copy_aicore_buffer: [chip_swimlane_collector.cpp:689] Core 64: skipped 1024 AICore record slot(s) with start_time=0 (race-window write or recycled-buffer tail). buf seq=0 count=1024
[mono_ns=7230796686453005][T0xef4748dbbca0][WARN] copy_aicore_buffer: [chip_swimlane_collector.cpp:689] Core 60: skipped 1024 AICore record slot(s) with start_time=0 (race-window write or recycled-buffer tail). buf seq=0 count=1024
[mono_ns=7230796686651015][T0xef4733f0aca0][WARN] copy_aicore_buffer: [chip_swimlane_collector.cpp:689] Core 63: skipped 1024 AICore record slot(s) with start_time=0 (race-window write or recycled-buffer tail). buf seq=0 count=1024
[mono_ns=7230796686747015][T0xef47336faca0][WARN] copy_aicore_buffer: [chip_swimlane_collector.cpp:689] Core 65: skipped 1024 AICore record slot(s) with start_time=0 (race-window write or recycled-buffer tail). buf seq=0 count=1024
[mono_ns=7230796686776235][T0xef4748dbbca0][WARN] copy_aicore_buffer: [chip_swimlane_collector.cpp:689] Core 61: skipped 1024 AICore record slot(s) with start_time=0 (race-window write or recycled-buffer tail). buf seq=0 count=1024
[mono_ns=7230796686966915][T0xef4733f0aca0][WARN] copy_aicore_buffer: [chip_swimlane_collector.cpp:689] Core 22: skipped 1024 AICore record slot(s) with start_time=0 (race-window write or recycled-buffer tail). buf seq=0 count=1024
[mono_ns=7230796687099905][T0xef47336faca0][WARN] copy_aicore_buffer: [chip_swimlane_collector.cpp:689] Core 23: skipped 1024 AICore record slot(s) with start_time=0 (race-window write or recycled-buffer tail). buf seq=0 count=1024
[mono_ns=7230796687109885][T0xef4748dbbca0][WARN] copy_aicore_buffer: [chip_swimlane_collector.cpp:689] Core 21: skipped 1024 AICore record slot(s) with start_time=0 (race-window write or recycled-buffer tail). buf seq=0 count=1024
[mono_ns=7230796687290425][T0xef4733f0aca0][WARN] copy_aicore_buffer: [chip_swimlane_collector.cpp:689] Core 68: skipped 1024 AICore record slot(s) with start_time=0 (race-window write or recycled-buffer tail). buf seq=0 count=1024
[mono_ns=7230796687439445][T0xef4748dbbca0][WARN] copy_aicore_buffer: [chip_swimlane_collector.cpp:689] Core 66: skipped 1024 AICore record slot(s) with start_time=0 (race-window write or recycled-buffer tail). buf seq=0 count=1024
[mono_ns=7230796687485085][T0xef47336faca0][WARN] copy_aicore_buffer: [chip_swimlane_collector.cpp:689] Core 70: skipped 1024 AICore record slot(s) with start_time=0 (race-window write or recycled-buffer tail). buf seq=0 count=1024
[mono_ns=7230796687606805][T0xef4733f0aca0][WARN] copy_aicore_buffer: [chip_swimlane_collector.cpp:689] Core 69: skipped 1024 AICore record slot(s) with start_time=0 (race-window write or recycled-buffer tail). buf seq=0 count=1024
[mono_ns=7230796687766275][T0xef4748dbbca0][WARN] copy_aicore_buffer: [chip_swimlane_collector.cpp:689] Core 67: skipped 1024 AICore record slot(s) with start_time=0 (race-window write or recycled-buffer tail). buf seq=0 count=1024
[mono_ns=7230796687813915][T0xef47336faca0][WARN] copy_aicore_buffer: [chip_swimlane_collector.cpp:689] Core 71: skipped 1024 AICore record slot(s) with start_time=0 (race-window write or recycled-buffer tail). buf seq=0 count=1024
[mono_ns=7230796788594970][T0xef4890b1b020][TIMING] emit_host_span: [STRACE] v=1 pid=421358 tid=421358 inv=6 hid=72d4402cc56b4f50 depth=1 name=chip.run.runner_run ts=7230796675471744 dur=113117086 
[mono_ns=7230796788702090][T0xef4890b1b020][TIMING] emit_host_span: [STRACE] v=1 pid=421358 tid=421358 inv=6 hid=72d4402cc56b4f50 depth=1 name=chip.run.validate ts=7230796788631280 dur=66770 
[mono_ns=7230796788714070][T0xef4890b1b020][TIMING] emit_host_span: [STRACE] v=1 pid=421358 tid=421358 inv=6 hid=72d4402cc56b4f50 depth=2 name=chip.run.runner_run.device_wall ts=0 dur=3931380 clk=dev
[mono_ns=7230796788718070][T0xef4890b1b020][TIMING] emit_host_span: [STRACE] v=1 pid=421358 tid=421358 inv=6 hid=72d4402cc56b4f50 depth=3 name=chip.run.runner_run.device_wall.preamble ts=0 dur=109660 clk=dev
[mono_ns=7230796788722140][T0xef4890b1b020][TIMING] emit_host_span: [STRACE] v=1 pid=421358 tid=421358 inv=6 hid=72d4402cc56b4f50 depth=3 name=chip.run.runner_run.device_wall.graph_build ts=103060 dur=3818440 clk=dev
[mono_ns=7230796788725570][T0xef4890b1b020][TIMING] emit_host_span: [STRACE] v=1 pid=421358 tid=421358 inv=6 hid=72d4402cc56b4f50 depth=3 name=chip.run.runner_run.device_wall.config_validate ts=103700 dur=799 clk=dev
[mono_ns=7230796788728530][T0xef4890b1b020][TIMING] emit_host_span: [STRACE] v=1 pid=421358 tid=421358 inv=6 hid=72d4402cc56b4f50 depth=3 name=chip.run.runner_run.device_wall.arena_wire ts=104539 dur=339 clk=dev
[mono_ns=7230796788733140][T0xef4890b1b020][TIMING] emit_host_span: [STRACE] v=1 pid=421358 tid=421358 inv=6 hid=72d4402cc56b4f50 depth=3 name=chip.run.runner_run.device_wall.sm_reset ts=104920 dur=1120 clk=dev
[mono_ns=7230796788738010][T0xef4890b1b020][TIMING] emit_host_span: [STRACE] v=1 pid=421358 tid=421358 inv=6 hid=72d4402cc56b4f50 depth=3 name=chip.run.runner_run.device_wall.post_orch ts=3921560 dur=9480 clk=dev
[mono_ns=7230796788767510][T0xef4890b1b020][TIMING] emit_host_span: [STRACE] v=1 pid=421358 tid=421358 inv=6 hid=72d4402cc56b4f50 depth=3 name=chip.run.runner_run.device_wall.orch ts=106260 dur=4660 clk=dev
[mono_ns=7230796788771830][T0xef4890b1b020][TIMING] emit_host_span: [STRACE] v=1 pid=421358 tid=421358 inv=6 hid=72d4402cc56b4f50 depth=3 name=chip.run.runner_run.device_wall.sched ts=109840 dur=3787460 clk=dev
[mono_ns=7230796788775780][T0xef4890b1b020][TIMING] emit_host_span: [STRACE] v=1 pid=421358 tid=421358 inv=6 hid=72d4402cc56b4f50 depth=1 name=chip.run.claim_release ts=7230796788773680 dur=340 
[mono_ns=7230796788781090][T0xef4890b1b020][TIMING] emit_host_span: [STRACE] v=1 pid=421358 tid=421358 inv=6 hid=72d4402cc56b4f50 depth=0 name=chip.run ts=7230796674527114 dur=114251996 run_id=6 dispatch_id=6 slot_id=0 generation=6 run_epoch=6
[mono_ns=7230801631077652][T0xef4890b1b020][TIMING] emit_host_span: [STRACE] v=1 pid=421358 tid=421358 inv=7 hid=72d4402cc56b4f50 depth=2 name=chip.run.bind.args ts=7230801630729172 dur=340590 
[mono_ns=7230801631102402][T0xef4890b1b020][TIMING] emit_host_span: [STRACE] v=1 pid=421358 tid=421358 inv=7 hid=72d4402cc56b4f50 depth=2 name=chip.run.bind.prebuilt ts=7230801631095262 dur=4520 
[mono_ns=7230801631107482][T0xef4890b1b020][TIMING] emit_host_span: [STRACE] v=1 pid=421358 tid=421358 inv=7 hid=72d4402cc56b4f50 depth=1 name=chip.run.bind ts=7230801630715212 dur=390000 
[mono_ns=7230801735837922][T0xef4890b1b020][TIMING] emit_host_span: [STRACE] v=1 pid=421358 tid=421358 inv=7 hid=72d4402cc56b4f50 depth=1 name=chip.run.runner_run ts=7230801631441252 dur=104384960 
[mono_ns=7230801735935912][T0xef4890b1b020][TIMING] emit_host_span: [STRACE] v=1 pid=421358 tid=421358 inv=7 hid=72d4402cc56b4f50 depth=1 name=chip.run.validate ts=7230801735860782 dur=71470 
[mono_ns=7230801735944452][T0xef4890b1b020][TIMING] emit_host_span: [STRACE] v=1 pid=421358 tid=421358 inv=7 hid=72d4402cc56b4f50 depth=2 name=chip.run.runner_run.device_wall ts=0 dur=2066060 clk=dev
[mono_ns=7230801735949362][T0xef4890b1b020][TIMING] emit_host_span: [STRACE] v=1 pid=421358 tid=421358 inv=7 hid=72d4402cc56b4f50 depth=3 name=chip.run.runner_run.device_wall.preamble ts=0 dur=8120 clk=dev
[mono_ns=7230801735952942][T0xef4890b1b020][TIMING] emit_host_span: [STRACE] v=1 pid=421358 tid=421358 inv=7 hid=72d4402cc56b4f50 depth=3 name=chip.run.runner_run.device_wall.graph_build ts=2560 dur=2053840 clk=dev
[mono_ns=7230801735957442][T0xef4890b1b020][TIMING] emit_host_span: [STRACE] v=1 pid=421358 tid=421358 inv=7 hid=72d4402cc56b4f50 depth=3 name=chip.run.runner_run.device_wall.config_validate ts=3220 dur=840 clk=dev
[mono_ns=7230801735961772][T0xef4890b1b020][TIMING] emit_host_span: [STRACE] v=1 pid=421358 tid=421358 inv=7 hid=72d4402cc56b4f50 depth=3 name=chip.run.runner_run.device_wall.arena_wire ts=4080 dur=679 clk=dev
[mono_ns=7230801735966142][T0xef4890b1b020][TIMING] emit_host_span: [STRACE] v=1 pid=421358 tid=421358 inv=7 hid=72d4402cc56b4f50 depth=3 name=chip.run.runner_run.device_wall.sm_reset ts=4979 dur=1880 clk=dev
[mono_ns=7230801736025252][T0xef4890b1b020][TIMING] emit_host_span: [STRACE] v=1 pid=421358 tid=421358 inv=7 hid=72d4402cc56b4f50 depth=3 name=chip.run.runner_run.device_wall.post_orch ts=2056520 dur=9080 clk=dev
[mono_ns=7230801736029762][T0xef4890b1b020][TIMING] emit_host_span: [STRACE] v=1 pid=421358 tid=421358 inv=7 hid=72d4402cc56b4f50 depth=3 name=chip.run.runner_run.device_wall.orch ts=8039 dur=9100 clk=dev
[mono_ns=7230801736033002][T0xef4890b1b020][TIMING] emit_host_span: [STRACE] v=1 pid=421358 tid=421358 inv=7 hid=72d4402cc56b4f50 depth=3 name=chip.run.runner_run.device_wall.sched ts=8480 dur=2040460 clk=dev
[mono_ns=7230801736039492][T0xef4890b1b020][TIMING] emit_host_span: [STRACE] v=1 pid=421358 tid=421358 inv=7 hid=72d4402cc56b4f50 depth=1 name=chip.run.claim_release ts=7230801736036752 dur=860 
[mono_ns=7230801736046072][T0xef4890b1b020][TIMING] emit_host_span: [STRACE] v=1 pid=421358 tid=421358 inv=7 hid=72d4402cc56b4f50 depth=0 name=chip.run ts=7230801630629442 dur=105414580 run_id=7 dispatch_id=7 slot_id=0 generation=7 run_epoch=7
[mono_ns=7230801744567153][T0xef4890b1b020][TIMING] emit_host_span: [STRACE] v=1 pid=421358 tid=421358 inv=8 hid=72d4402cc56b4f50 depth=2 name=chip.run.bind.args ts=7230801744461203 dur=99890 
[mono_ns=7230801744585633][T0xef4890b1b020][TIMING] emit_host_span: [STRACE] v=1 pid=421358 tid=421358 inv=8 hid=72d4402cc56b4f50 depth=2 name=chip.run.bind.prebuilt ts=7230801744579203 dur=3950 
[mono_ns=7230801744590273][T0xef4890b1b020][TIMING] emit_host_span: [STRACE] v=1 pid=421358 tid=421358 inv=8 hid=72d4402cc56b4f50 depth=1 name=chip.run.bind ts=7230801744449873 dur=138270 
[mono_ns=7230801749401623][T0xef47336faca0][WARN] copy_aicore_buffer: [chip_swimlane_collector.cpp:689] Core 2: skipped 1024 AICore record slot(s) with start_time=0 (race-window write or recycled-buffer tail). buf seq=0 count=1024
[mono_ns=7230801749445123][T0xef4748dbbca0][WARN] copy_aicore_buffer: [chip_swimlane_collector.cpp:689] Core 0: skipped 1024 AICore record slot(s) with start_time=0 (race-window write or recycled-buffer tail). buf seq=0 count=1024
[mono_ns=7230801749511763][T0xef4733f0aca0][WARN] copy_aicore_buffer: [chip_swimlane_collector.cpp:689] Core 1: skipped 1024 AICore record slot(s) with start_time=0 (race-window write or recycled-buffer tail). buf seq=0 count=1024
[mono_ns=7230801749727033][T0xef47336faca0][WARN] copy_aicore_buffer: [chip_swimlane_collector.cpp:689] Core 28: skipped 1023 AICore record slot(s) with start_time=0 (race-window write or recycled-buffer tail). buf seq=0 count=1024
[mono_ns=7230801749760413][T0xef4748dbbca0][WARN] copy_aicore_buffer: [chip_swimlane_collector.cpp:689] Core 24: skipped 1024 AICore record slot(s) with start_time=0 (race-window write or recycled-buffer tail). buf seq=0 count=1024
[mono_ns=7230801749806363][T0xef4733f0aca0][WARN] copy_aicore_buffer: [chip_swimlane_collector.cpp:689] Core 26: skipped 1022 AICore record slot(s) with start_time=0 (race-window write or recycled-buffer tail). buf seq=0 count=1024
[mono_ns=7230801750056943][T0xef47336faca0][WARN] copy_aicore_buffer: [chip_swimlane_collector.cpp:689] Core 29: skipped 1024 AICore record slot(s) with start_time=0 (race-window write or recycled-buffer tail). buf seq=0 count=1024
[mono_ns=7230801750079893][T0xef4748dbbca0][WARN] copy_aicore_buffer: [chip_swimlane_collector.cpp:689] Core 25: skipped 1024 AICore record slot(s) with start_time=0 (race-window write or recycled-buffer tail). buf seq=0 count=1024
[mono_ns=7230801750115833][T0xef4733f0aca0][WARN] copy_aicore_buffer: [chip_swimlane_collector.cpp:689] Core 27: skipped 1024 AICore record slot(s) with start_time=0 (race-window write or recycled-buffer tail). buf seq=0 count=1024
[mono_ns=7230801750371143][T0xef47336faca0][WARN] copy_aicore_buffer: [chip_swimlane_collector.cpp:689] Core 5: skipped 1024 AICore record slot(s) with start_time=0 (race-window write or recycled-buffer tail). buf seq=0 count=1024
[mono_ns=7230801750375623][T0xef4748dbbca0][WARN] copy_aicore_buffer: [chip_swimlane_collector.cpp:689] Core 3: skipped 1024 AICore record slot(s) with start_time=0 (race-window write or recycled-buffer tail). buf seq=0 count=1024
[mono_ns=7230801750397943][T0xef4733f0aca0][WARN] copy_aicore_buffer: [chip_swimlane_collector.cpp:689] Core 4: skipped 1024 AICore record slot(s) with start_time=0 (race-window write or recycled-buffer tail). buf seq=0 count=1024
[mono_ns=7230801750667413][T0xef4748dbbca0][WARN] copy_aicore_buffer: [chip_swimlane_collector.cpp:689] Core 30: skipped 1024 AICore record slot(s) with start_time=0 (race-window write or recycled-buffer tail). buf seq=0 count=1024
[mono_ns=7230801750679793][T0xef4733f0aca0][WARN] copy_aicore_buffer: [chip_swimlane_collector.cpp:689] Core 32: skipped 1024 AICore record slot(s) with start_time=0 (race-window write or recycled-buffer tail). buf seq=0 count=1024
[mono_ns=7230801750684323][T0xef47336faca0][WARN] copy_aicore_buffer: [chip_swimlane_collector.cpp:689] Core 34: skipped 1024 AICore record slot(s) with start_time=0 (race-window write or recycled-buffer tail). buf seq=0 count=1024
[mono_ns=7230801750960653][T0xef4748dbbca0][WARN] copy_aicore_buffer: [chip_swimlane_collector.cpp:689] Core 31: skipped 1024 AICore record slot(s) with start_time=0 (race-window write or recycled-buffer tail). buf seq=0 count=1024
[mono_ns=7230801750963253][T0xef4733f0aca0][WARN] copy_aicore_buffer: [chip_swimlane_collector.cpp:689] Core 33: skipped 1024 AICore record slot(s) with start_time=0 (race-window write or recycled-buffer tail). buf seq=0 count=1024
[mono_ns=7230801750995293][T0xef47336faca0][WARN] copy_aicore_buffer: [chip_swimlane_collector.cpp:689] Core 35: skipped 1024 AICore record slot(s) with start_time=0 (race-window write or recycled-buffer tail). buf seq=0 count=1024
[mono_ns=7230801751266953][T0xef4733f0aca0][WARN] copy_aicore_buffer: [chip_swimlane_collector.cpp:689] Core 7: skipped 1024 AICore record slot(s) with start_time=0 (race-window write or recycled-buffer tail). buf seq=0 count=1024
[mono_ns=7230801751277043][T0xef4748dbbca0][WARN] copy_aicore_buffer: [chip_swimlane_collector.cpp:689] Core 6: skipped 1024 AICore record slot(s) with start_time=0 (race-window write or recycled-buffer tail). buf seq=0 count=1024
[mono_ns=7230801751317173][T0xef47336faca0][WARN] copy_aicore_buffer: [chip_swimlane_collector.cpp:689] Core 8: skipped 1024 AICore record slot(s) with start_time=0 (race-window write or recycled-buffer tail). buf seq=0 count=1024
[mono_ns=7230801751553133][T0xef4733f0aca0][WARN] copy_aicore_buffer: [chip_swimlane_collector.cpp:689] Core 38: skipped 1024 AICore record slot(s) with start_time=0 (race-window write or recycled-buffer tail). buf seq=0 count=1024
[mono_ns=7230801751566613][T0xef4748dbbca0][WARN] copy_aicore_buffer: [chip_swimlane_collector.cpp:689] Core 36: skipped 1024 AICore record slot(s) with start_time=0 (race-window write or recycled-buffer tail). buf seq=0 count=1024
[mono_ns=7230801751631233][T0xef47336faca0][WARN] copy_aicore_buffer: [chip_swimlane_collector.cpp:689] Core 40: skipped 1024 AICore record slot(s) with start_time=0 (race-window write or recycled-buffer tail). buf seq=0 count=1024
[mono_ns=7230801751838113][T0xef4733f0aca0][WARN] copy_aicore_buffer: [chip_swimlane_collector.cpp:689] Core 39: skipped 1024 AICore record slot(s) with start_time=0 (race-window write or recycled-buffer tail). buf seq=0 count=1024
[mono_ns=7230801751891233][T0xef4748dbbca0][WARN] copy_aicore_buffer: [chip_swimlane_collector.cpp:689] Core 37: skipped 1024 AICore record slot(s) with start_time=0 (race-window write or recycled-buffer tail). buf seq=0 count=1024
[mono_ns=7230801751943343][T0xef47336faca0][WARN] copy_aicore_buffer: [chip_swimlane_collector.cpp:689] Core 41: skipped 1024 AICore record slot(s) with start_time=0 (race-window write or recycled-buffer tail). buf seq=0 count=1024
[mono_ns=7230801752127883][T0xef4733f0aca0][WARN] copy_aicore_buffer: [chip_swimlane_collector.cpp:689] Core 10: skipped 1024 AICore record slot(s) with start_time=0 (race-window write or recycled-buffer tail). buf seq=0 count=1024
[mono_ns=7230801752189673][T0xef4748dbbca0][WARN] copy_aicore_buffer: [chip_swimlane_collector.cpp:689] Core 9: skipped 1024 AICore record slot(s) with start_time=0 (race-window write or recycled-buffer tail). buf seq=0 count=1024
[mono_ns=7230801752269663][T0xef47336faca0][WARN] copy_aicore_buffer: [chip_swimlane_collector.cpp:689] Core 11: skipped 1024 AICore record slot(s) with start_time=0 (race-window write or recycled-buffer tail). buf seq=0 count=1024
[mono_ns=7230801752412393][T0xef4733f0aca0][WARN] copy_aicore_buffer: [chip_swimlane_collector.cpp:689] Core 44: skipped 1024 AICore record slot(s) with start_time=0 (race-window write or recycled-buffer tail). buf seq=0 count=1024
[mono_ns=7230801752482733][T0xef4748dbbca0][WARN] copy_aicore_buffer: [chip_swimlane_collector.cpp:689] Core 42: skipped 1024 AICore record slot(s) with start_time=0 (race-window write or recycled-buffer tail). buf seq=0 count=1024
[mono_ns=7230801752583623][T0xef47336faca0][WARN] copy_aicore_buffer: [chip_swimlane_collector.cpp:689] Core 46: skipped 1024 AICore record slot(s) with start_time=0 (race-window write or recycled-buffer tail). buf seq=0 count=1024
[mono_ns=7230801752730963][T0xef4733f0aca0][WARN] copy_aicore_buffer: [chip_swimlane_collector.cpp:689] Core 45: skipped 1024 AICore record slot(s) with start_time=0 (race-window write or recycled-buffer tail). buf seq=0 count=1024
[mono_ns=7230801752776633][T0xef4748dbbca0][WARN] copy_aicore_buffer: [chip_swimlane_collector.cpp:689] Core 43: skipped 1024 AICore record slot(s) with start_time=0 (race-window write or recycled-buffer tail). buf seq=0 count=1024
[mono_ns=7230801752896883][T0xef47336faca0][WARN] copy_aicore_buffer: [chip_swimlane_collector.cpp:689] Core 47: skipped 1024 AICore record slot(s) with start_time=0 (race-window write or recycled-buffer tail). buf seq=0 count=1024
[mono_ns=7230801753023214][T0xef4733f0aca0][WARN] copy_aicore_buffer: [chip_swimlane_collector.cpp:689] Core 13: skipped 1024 AICore record slot(s) with start_time=0 (race-window write or recycled-buffer tail). buf seq=0 count=1024
[mono_ns=7230801753080574][T0xef4748dbbca0][WARN] copy_aicore_buffer: [chip_swimlane_collector.cpp:689] Core 12: skipped 1024 AICore record slot(s) with start_time=0 (race-window write or recycled-buffer tail). buf seq=0 count=1024
[mono_ns=7230801753222664][T0xef47336faca0][WARN] copy_aicore_buffer: [chip_swimlane_collector.cpp:689] Core 14: skipped 1024 AICore record slot(s) with start_time=0 (race-window write or recycled-buffer tail). buf seq=0 count=1024
[mono_ns=7230801753310214][T0xef4733f0aca0][WARN] copy_aicore_buffer: [chip_swimlane_collector.cpp:689] Core 50: skipped 1024 AICore record slot(s) with start_time=0 (race-window write or recycled-buffer tail). buf seq=0 count=1024
[mono_ns=7230801753373634][T0xef4748dbbca0][WARN] copy_aicore_buffer: [chip_swimlane_collector.cpp:689] Core 48: skipped 1024 AICore record slot(s) with start_time=0 (race-window write or recycled-buffer tail). buf seq=0 count=1024
[mono_ns=7230801753546074][T0xef47336faca0][WARN] copy_aicore_buffer: [chip_swimlane_collector.cpp:689] Core 52: skipped 1024 AICore record slot(s) with start_time=0 (race-window write or recycled-buffer tail). buf seq=0 count=1024
[mono_ns=7230801753597474][T0xef4733f0aca0][WARN] copy_aicore_buffer: [chip_swimlane_collector.cpp:689] Core 51: skipped 1024 AICore record slot(s) with start_time=0 (race-window write or recycled-buffer tail). buf seq=0 count=1024
[mono_ns=7230801753668164][T0xef4748dbbca0][WARN] copy_aicore_buffer: [chip_swimlane_collector.cpp:689] Core 49: skipped 1024 AICore record slot(s) with start_time=0 (race-window write or recycled-buffer tail). buf seq=0 count=1024
[mono_ns=7230801753857954][T0xef47336faca0][WARN] copy_aicore_buffer: [chip_swimlane_collector.cpp:689] Core 53: skipped 1024 AICore record slot(s) with start_time=0 (race-window write or recycled-buffer tail). buf seq=0 count=1024
[mono_ns=7230801753883544][T0xef4733f0aca0][WARN] copy_aicore_buffer: [chip_swimlane_collector.cpp:689] Core 16: skipped 1024 AICore record slot(s) with start_time=0 (race-window write or recycled-buffer tail). buf seq=0 count=1024
[mono_ns=7230801753961504][T0xef4748dbbca0][WARN] copy_aicore_buffer: [chip_swimlane_collector.cpp:689] Core 15: skipped 1024 AICore record slot(s) with start_time=0 (race-window write or recycled-buffer tail). buf seq=0 count=1024
[mono_ns=7230801754178234][T0xef4733f0aca0][WARN] copy_aicore_buffer: [chip_swimlane_collector.cpp:689] Core 56: skipped 1024 AICore record slot(s) with start_time=0 (race-window write or recycled-buffer tail). buf seq=0 count=1024
[mono_ns=7230801754182264][T0xef47336faca0][WARN] copy_aicore_buffer: [chip_swimlane_collector.cpp:689] Core 17: skipped 1024 AICore record slot(s) with start_time=0 (race-window write or recycled-buffer tail). buf seq=0 count=1024
[mono_ns=7230801754275284][T0xef4748dbbca0][WARN] copy_aicore_buffer: [chip_swimlane_collector.cpp:689] Core 54: skipped 1024 AICore record slot(s) with start_time=0 (race-window write or recycled-buffer tail). buf seq=0 count=1024
[mono_ns=7230801754466734][T0xef4733f0aca0][WARN] copy_aicore_buffer: [chip_swimlane_collector.cpp:689] Core 57: skipped 1024 AICore record slot(s) with start_time=0 (race-window write or recycled-buffer tail). buf seq=0 count=1024
[mono_ns=7230801754495674][T0xef47336faca0][WARN] copy_aicore_buffer: [chip_swimlane_collector.cpp:689] Core 58: skipped 1024 AICore record slot(s) with start_time=0 (race-window write or recycled-buffer tail). buf seq=0 count=1024
[mono_ns=7230801754570504][T0xef4748dbbca0][WARN] copy_aicore_buffer: [chip_swimlane_collector.cpp:689] Core 55: skipped 1024 AICore record slot(s) with start_time=0 (race-window write or recycled-buffer tail). buf seq=0 count=1024
[mono_ns=7230801754752564][T0xef4733f0aca0][WARN] copy_aicore_buffer: [chip_swimlane_collector.cpp:689] Core 19: skipped 1024 AICore record slot(s) with start_time=0 (race-window write or recycled-buffer tail). buf seq=0 count=1024
[mono_ns=7230801754808914][T0xef47336faca0][WARN] copy_aicore_buffer: [chip_swimlane_collector.cpp:689] Core 59: skipped 1024 AICore record slot(s) with start_time=0 (race-window write or recycled-buffer tail). buf seq=0 count=1024
[mono_ns=7230801754865384][T0xef4748dbbca0][WARN] copy_aicore_buffer: [chip_swimlane_collector.cpp:689] Core 18: skipped 1024 AICore record slot(s) with start_time=0 (race-window write or recycled-buffer tail). buf seq=0 count=1024
[mono_ns=7230801755076134][T0xef4733f0aca0][WARN] copy_aicore_buffer: [chip_swimlane_collector.cpp:689] Core 62: skipped 1024 AICore record slot(s) with start_time=0 (race-window write or recycled-buffer tail). buf seq=0 count=1024
[mono_ns=7230801755134134][T0xef47336faca0][WARN] copy_aicore_buffer: [chip_swimlane_collector.cpp:689] Core 20: skipped 1024 AICore record slot(s) with start_time=0 (race-window write or recycled-buffer tail). buf seq=0 count=1024
[mono_ns=7230801755171164][T0xef4748dbbca0][WARN] copy_aicore_buffer: [chip_swimlane_collector.cpp:689] Core 60: skipped 1024 AICore record slot(s) with start_time=0 (race-window write or recycled-buffer tail). buf seq=0 count=1024
[mono_ns=7230801755362334][T0xef4733f0aca0][WARN] copy_aicore_buffer: [chip_swimlane_collector.cpp:689] Core 63: skipped 1024 AICore record slot(s) with start_time=0 (race-window write or recycled-buffer tail). buf seq=0 count=1024
[mono_ns=7230801755446884][T0xef47336faca0][WARN] copy_aicore_buffer: [chip_swimlane_collector.cpp:689] Core 64: skipped 1024 AICore record slot(s) with start_time=0 (race-window write or recycled-buffer tail). buf seq=0 count=1024
[mono_ns=7230801755465114][T0xef4748dbbca0][WARN] copy_aicore_buffer: [chip_swimlane_collector.cpp:689] Core 61: skipped 1024 AICore record slot(s) with start_time=0 (race-window write or recycled-buffer tail). buf seq=0 count=1024
[mono_ns=7230801755648644][T0xef4733f0aca0][WARN] copy_aicore_buffer: [chip_swimlane_collector.cpp:689] Core 22: skipped 1024 AICore record slot(s) with start_time=0 (race-window write or recycled-buffer tail). buf seq=0 count=1024
[mono_ns=7230801755759394][T0xef47336faca0][WARN] copy_aicore_buffer: [chip_swimlane_collector.cpp:689] Core 65: skipped 1024 AICore record slot(s) with start_time=0 (race-window write or recycled-buffer tail). buf seq=0 count=1024
[mono_ns=7230801755788414][T0xef4748dbbca0][WARN] copy_aicore_buffer: [chip_swimlane_collector.cpp:689] Core 21: skipped 1024 AICore record slot(s) with start_time=0 (race-window write or recycled-buffer tail). buf seq=0 count=1024
[mono_ns=7230801755933954][T0xef4733f0aca0][WARN] copy_aicore_buffer: [chip_swimlane_collector.cpp:689] Core 68: skipped 1024 AICore record slot(s) with start_time=0 (race-window write or recycled-buffer tail). buf seq=0 count=1024
[mono_ns=7230801756079144][T0xef47336faca0][WARN] copy_aicore_buffer: [chip_swimlane_collector.cpp:689] Core 23: skipped 1024 AICore record slot(s) with start_time=0 (race-window write or recycled-buffer tail). buf seq=0 count=1024
[mono_ns=7230801756094614][T0xef4748dbbca0][WARN] copy_aicore_buffer: [chip_swimlane_collector.cpp:689] Core 66: skipped 1024 AICore record slot(s) with start_time=0 (race-window write or recycled-buffer tail). buf seq=0 count=1024
[mono_ns=7230801756238614][T0xef4733f0aca0][WARN] copy_aicore_buffer: [chip_swimlane_collector.cpp:689] Core 69: skipped 1024 AICore record slot(s) with start_time=0 (race-window write or recycled-buffer tail). buf seq=0 count=1024
[mono_ns=7230801756390194][T0xef47336faca0][WARN] copy_aicore_buffer: [chip_swimlane_collector.cpp:689] Core 70: skipped 1024 AICore record slot(s) with start_time=0 (race-window write or recycled-buffer tail). buf seq=0 count=1024
[mono_ns=7230801756396854][T0xef4748dbbca0][WARN] copy_aicore_buffer: [chip_swimlane_collector.cpp:689] Core 67: skipped 1024 AICore record slot(s) with start_time=0 (race-window write or recycled-buffer tail). buf seq=0 count=1024
[mono_ns=7230801756714664][T0xef47336faca0][WARN] copy_aicore_buffer: [chip_swimlane_collector.cpp:689] Core 71: skipped 1024 AICore record slot(s) with start_time=0 (race-window write or recycled-buffer tail). buf seq=0 count=1024
[mono_ns=7230801857247693][T0xef4890b1b020][TIMING] emit_host_span: [STRACE] v=1 pid=421358 tid=421358 inv=8 hid=72d4402cc56b4f50 depth=1 name=chip.run.runner_run ts=7230801745672383 dur=111569620 
[mono_ns=7230801857326803][T0xef4890b1b020][TIMING] emit_host_span: [STRACE] v=1 pid=421358 tid=421358 inv=8 hid=72d4402cc56b4f50 depth=1 name=chip.run.validate ts=7230801857259603 dur=63970 
[mono_ns=7230801857339053][T0xef4890b1b020][TIMING] emit_host_span: [STRACE] v=1 pid=421358 tid=421358 inv=8 hid=72d4402cc56b4f50 depth=2 name=chip.run.runner_run.device_wall ts=0 dur=3203779 clk=dev
[mono_ns=7230801857343453][T0xef4890b1b020][TIMING] emit_host_span: [STRACE] v=1 pid=421358 tid=421358 inv=8 hid=72d4402cc56b4f50 depth=3 name=chip.run.runner_run.device_wall.preamble ts=0 dur=111039 clk=dev
[mono_ns=7230801857347873][T0xef4890b1b020][TIMING] emit_host_span: [STRACE] v=1 pid=421358 tid=421358 inv=8 hid=72d4402cc56b4f50 depth=3 name=chip.run.runner_run.device_wall.graph_build ts=105580 dur=3089140 clk=dev
[mono_ns=7230801857351573][T0xef4890b1b020][TIMING] emit_host_span: [STRACE] v=1 pid=421358 tid=421358 inv=8 hid=72d4402cc56b4f50 depth=3 name=chip.run.runner_run.device_wall.config_validate ts=105680 dur=860 clk=dev
[mono_ns=7230801857389513][T0xef4890b1b020][TIMING] emit_host_span: [STRACE] v=1 pid=421358 tid=421358 inv=8 hid=72d4402cc56b4f50 depth=3 name=chip.run.runner_run.device_wall.arena_wire ts=106740 dur=480 clk=dev
[mono_ns=7230801857393103][T0xef4890b1b020][TIMING] emit_host_span: [STRACE] v=1 pid=421358 tid=421358 inv=8 hid=72d4402cc56b4f50 depth=3 name=chip.run.runner_run.device_wall.sm_reset ts=107440 dur=720 clk=dev
[mono_ns=7230801857397113][T0xef4890b1b020][TIMING] emit_host_span: [STRACE] v=1 pid=421358 tid=421358 inv=8 hid=72d4402cc56b4f50 depth=3 name=chip.run.runner_run.device_wall.post_orch ts=3194779 dur=8820 clk=dev
[mono_ns=7230801857399973][T0xef4890b1b020][TIMING] emit_host_span: [STRACE] v=1 pid=421358 tid=421358 inv=8 hid=72d4402cc56b4f50 depth=3 name=chip.run.runner_run.device_wall.orch ts=108220 dur=3679 clk=dev
[mono_ns=7230801857403873][T0xef4890b1b020][TIMING] emit_host_span: [STRACE] v=1 pid=421358 tid=421358 inv=8 hid=72d4402cc56b4f50 depth=3 name=chip.run.runner_run.device_wall.sched ts=111180 dur=3059300 clk=dev
[mono_ns=7230801857409613][T0xef4890b1b020][TIMING] emit_host_span: [STRACE] v=1 pid=421358 tid=421358 inv=8 hid=72d4402cc56b4f50 depth=1 name=chip.run.claim_release ts=7230801857407203 dur=640 
[mono_ns=7230801857415083][T0xef4890b1b020][TIMING] emit_host_span: [STRACE] v=1 pid=421358 tid=421358 inv=8 hid=72d4402cc56b4f50 depth=0 name=chip.run ts=7230801744407543 dur=113005480 run_id=8 dispatch_id=8 slot_id=0 generation=8 run_epoch=8
