[mono_ns=7230786252218905][T0xef4890b1b020][TIMING] emit_host_span: [STRACE] v=1 pid=421355 tid=421355 inv=1 hid=72d4402cc56b4f50 depth=2 name=chip.run.bind.args ts=7230786252068115 dur=141260 
[mono_ns=7230786252241945][T0xef4890b1b020][TIMING] emit_host_span: [STRACE] v=1 pid=421355 tid=421355 inv=1 hid=72d4402cc56b4f50 depth=2 name=chip.run.bind.prebuilt ts=7230786252234315 dur=5120 
[mono_ns=7230786252248565][T0xef4890b1b020][TIMING] emit_host_span: [STRACE] v=1 pid=421355 tid=421355 inv=1 hid=72d4402cc56b4f50 depth=1 name=chip.run.bind ts=7230786251597435 dur=647580 
[mono_ns=7230786369588670][T0xef4890b1b020][TIMING] emit_host_span: [STRACE] v=1 pid=421355 tid=421355 inv=1 hid=72d4402cc56b4f50 depth=1 name=chip.run.runner_run ts=7230786253131085 dur=116441185 
[mono_ns=7230786369735810][T0xef4890b1b020][TIMING] emit_host_span: [STRACE] v=1 pid=421355 tid=421355 inv=1 hid=72d4402cc56b4f50 depth=1 name=chip.run.validate ts=7230786369608720 dur=122490 
[mono_ns=7230786369748390][T0xef4890b1b020][TIMING] emit_host_span: [STRACE] v=1 pid=421355 tid=421355 inv=1 hid=72d4402cc56b4f50 depth=2 name=chip.run.runner_run.device_wall ts=0 dur=7252820 clk=dev
[mono_ns=7230786369753380][T0xef4890b1b020][TIMING] emit_host_span: [STRACE] v=1 pid=421355 tid=421355 inv=1 hid=72d4402cc56b4f50 depth=3 name=chip.run.runner_run.device_wall.preamble ts=0 dur=160840 clk=dev
[mono_ns=7230786369757710][T0xef4890b1b020][TIMING] emit_host_span: [STRACE] v=1 pid=421355 tid=421355 inv=1 hid=72d4402cc56b4f50 depth=3 name=chip.run.runner_run.device_wall.graph_build ts=38519 dur=7192540 clk=dev
[mono_ns=7230786369762680][T0xef4890b1b020][TIMING] emit_host_span: [STRACE] v=1 pid=421355 tid=421355 inv=1 hid=72d4402cc56b4f50 depth=3 name=chip.run.runner_run.device_wall.config_validate ts=42980 dur=4279 clk=dev
[mono_ns=7230786369767840][T0xef4890b1b020][TIMING] emit_host_span: [STRACE] v=1 pid=421355 tid=421355 inv=1 hid=72d4402cc56b4f50 depth=3 name=chip.run.runner_run.device_wall.arena_wire ts=47300 dur=12520 clk=dev
[mono_ns=7230786369772120][T0xef4890b1b020][TIMING] emit_host_span: [STRACE] v=1 pid=421355 tid=421355 inv=1 hid=72d4402cc56b4f50 depth=3 name=chip.run.runner_run.device_wall.sm_reset ts=60019 dur=19000 clk=dev
[mono_ns=7230786369776200][T0xef4890b1b020][TIMING] emit_host_span: [STRACE] v=1 pid=421355 tid=421355 inv=1 hid=72d4402cc56b4f50 depth=3 name=chip.run.runner_run.device_wall.post_orch ts=7231139 dur=17920 clk=dev
[mono_ns=7230786369780230][T0xef4890b1b020][TIMING] emit_host_span: [STRACE] v=1 pid=421355 tid=421355 inv=1 hid=72d4402cc56b4f50 depth=3 name=chip.run.runner_run.device_wall.orch ts=83900 dur=46220 clk=dev
[mono_ns=7230786369784360][T0xef4890b1b020][TIMING] emit_host_span: [STRACE] v=1 pid=421355 tid=421355 inv=1 hid=72d4402cc56b4f50 depth=3 name=chip.run.runner_run.device_wall.sched ts=162640 dur=7045700 clk=dev
[mono_ns=7230786369792200][T0xef4890b1b020][TIMING] emit_host_span: [STRACE] v=1 pid=421355 tid=421355 inv=1 hid=72d4402cc56b4f50 depth=1 name=chip.run.claim_release ts=7230786369789220 dur=970 
[mono_ns=7230786369798950][T0xef4890b1b020][TIMING] emit_host_span: [STRACE] v=1 pid=421355 tid=421355 inv=1 hid=72d4402cc56b4f50 depth=0 name=chip.run ts=7230786251531055 dur=118265825 run_id=1 dispatch_id=1 slot_id=0 generation=1 run_epoch=1
[mono_ns=7230786379835470][T0xef4890b1b020][TIMING] emit_host_span: [STRACE] v=1 pid=421355 tid=421355 inv=2 hid=72d4402cc56b4f50 depth=2 name=chip.run.bind.args ts=7230786379709300 dur=119620 
[mono_ns=7230786379855910][T0xef4890b1b020][TIMING] emit_host_span: [STRACE] v=1 pid=421355 tid=421355 inv=2 hid=72d4402cc56b4f50 depth=2 name=chip.run.bind.prebuilt ts=7230786379849500 dur=4010 
[mono_ns=7230786379861230][T0xef4890b1b020][TIMING] emit_host_span: [STRACE] v=1 pid=421355 tid=421355 inv=2 hid=72d4402cc56b4f50 depth=1 name=chip.run.bind ts=7230786379697430 dur=161380 
[mono_ns=7230786444240757][T0xef4748dbbca0][WARN] copy_aicore_buffer: [chip_swimlane_collector.cpp:689] Core 0: skipped 1024 AICore record slot(s) with start_time=0 (race-window write or recycled-buffer tail). buf seq=0 count=1024
[mono_ns=7230786444253937][T0xef4733f0aca0][WARN] copy_aicore_buffer: [chip_swimlane_collector.cpp:689] Core 1: skipped 1024 AICore record slot(s) with start_time=0 (race-window write or recycled-buffer tail). buf seq=0 count=1024
[mono_ns=7230786444266437][T0xef47336faca0][WARN] copy_aicore_buffer: [chip_swimlane_collector.cpp:689] Core 2: skipped 1024 AICore record slot(s) with start_time=0 (race-window write or recycled-buffer tail). buf seq=0 count=1024
[mono_ns=7230786444574647][T0xef4748dbbca0][WARN] copy_aicore_buffer: [chip_swimlane_collector.cpp:689] Core 24: skipped 1023 AICore record slot(s) with start_time=0 (race-window write or recycled-buffer tail). buf seq=0 count=1024
[mono_ns=7230786444575307][T0xef4733f0aca0][WARN] copy_aicore_buffer: [chip_swimlane_collector.cpp:689] Core 26: skipped 1023 AICore record slot(s) with start_time=0 (race-window write or recycled-buffer tail). buf seq=0 count=1024
[mono_ns=7230786444588837][T0xef47336faca0][WARN] copy_aicore_buffer: [chip_swimlane_collector.cpp:689] Core 28: skipped 1023 AICore record slot(s) with start_time=0 (race-window write or recycled-buffer tail). buf seq=0 count=1024
[mono_ns=7230786444893057][T0xef4733f0aca0][WARN] copy_aicore_buffer: [chip_swimlane_collector.cpp:689] Core 27: skipped 1024 AICore record slot(s) with start_time=0 (race-window write or recycled-buffer tail). buf seq=0 count=1024
[mono_ns=7230786444893497][T0xef4748dbbca0][WARN] copy_aicore_buffer: [chip_swimlane_collector.cpp:689] Core 25: skipped 1024 AICore record slot(s) with start_time=0 (race-window write or recycled-buffer tail). buf seq=0 count=1024
[mono_ns=7230786444900817][T0xef47336faca0][WARN] copy_aicore_buffer: [chip_swimlane_collector.cpp:689] Core 29: skipped 1024 AICore record slot(s) with start_time=0 (race-window write or recycled-buffer tail). buf seq=0 count=1024
[mono_ns=7230786445323717][T0xef47336faca0][WARN] copy_aicore_buffer: [chip_swimlane_collector.cpp:689] Core 5: skipped 1024 AICore record slot(s) with start_time=0 (race-window write or recycled-buffer tail). buf seq=0 count=1024
[mono_ns=7230786445332167][T0xef4733f0aca0][WARN] copy_aicore_buffer: [chip_swimlane_collector.cpp:689] Core 4: skipped 1024 AICore record slot(s) with start_time=0 (race-window write or recycled-buffer tail). buf seq=0 count=1024
[mono_ns=7230786445376277][T0xef4748dbbca0][WARN] copy_aicore_buffer: [chip_swimlane_collector.cpp:689] Core 3: skipped 1024 AICore record slot(s) with start_time=0 (race-window write or recycled-buffer tail). buf seq=0 count=1024
[mono_ns=7230786445662937][T0xef47336faca0][WARN] copy_aicore_buffer: [chip_swimlane_collector.cpp:689] Core 34: skipped 1024 AICore record slot(s) with start_time=0 (race-window write or recycled-buffer tail). buf seq=0 count=1024
[mono_ns=7230786445684407][T0xef4733f0aca0][WARN] copy_aicore_buffer: [chip_swimlane_collector.cpp:689] Core 32: skipped 1024 AICore record slot(s) with start_time=0 (race-window write or recycled-buffer tail). buf seq=0 count=1024
[mono_ns=7230786445715527][T0xef4748dbbca0][WARN] copy_aicore_buffer: [chip_swimlane_collector.cpp:689] Core 30: skipped 1024 AICore record slot(s) with start_time=0 (race-window write or recycled-buffer tail). buf seq=0 count=1024
[mono_ns=7230786445992917][T0xef47336faca0][WARN] copy_aicore_buffer: [chip_swimlane_collector.cpp:689] Core 35: skipped 1024 AICore record slot(s) with start_time=0 (race-window write or recycled-buffer tail). buf seq=0 count=1024
[mono_ns=7230786446024967][T0xef4733f0aca0][WARN] copy_aicore_buffer: [chip_swimlane_collector.cpp:689] Core 33: skipped 1024 AICore record slot(s) with start_time=0 (race-window write or recycled-buffer tail). buf seq=0 count=1024
[mono_ns=7230786446061777][T0xef4748dbbca0][WARN] copy_aicore_buffer: [chip_swimlane_collector.cpp:689] Core 31: skipped 1024 AICore record slot(s) with start_time=0 (race-window write or recycled-buffer tail). buf seq=0 count=1024
[mono_ns=7230786446324927][T0xef47336faca0][WARN] copy_aicore_buffer: [chip_swimlane_collector.cpp:689] Core 8: skipped 1024 AICore record slot(s) with start_time=0 (race-window write or recycled-buffer tail). buf seq=0 count=1024
[mono_ns=7230786446362847][T0xef4733f0aca0][WARN] copy_aicore_buffer: [chip_swimlane_collector.cpp:689] Core 7: skipped 1024 AICore record slot(s) with start_time=0 (race-window write or recycled-buffer tail). buf seq=0 count=1024
[mono_ns=7230786446397887][T0xef4748dbbca0][WARN] copy_aicore_buffer: [chip_swimlane_collector.cpp:689] Core 6: skipped 1024 AICore record slot(s) with start_time=0 (race-window write or recycled-buffer tail). buf seq=0 count=1024
[mono_ns=7230786446655487][T0xef47336faca0][WARN] copy_aicore_buffer: [chip_swimlane_collector.cpp:689] Core 40: skipped 1024 AICore record slot(s) with start_time=0 (race-window write or recycled-buffer tail). buf seq=0 count=1024
[mono_ns=7230786446686647][T0xef4733f0aca0][WARN] copy_aicore_buffer: [chip_swimlane_collector.cpp:689] Core 38: skipped 1024 AICore record slot(s) with start_time=0 (race-window write or recycled-buffer tail). buf seq=0 count=1024
[mono_ns=7230786446731877][T0xef4748dbbca0][WARN] copy_aicore_buffer: [chip_swimlane_collector.cpp:689] Core 36: skipped 1024 AICore record slot(s) with start_time=0 (race-window write or recycled-buffer tail). buf seq=0 count=1024
[mono_ns=7230786446992377][T0xef47336faca0][WARN] copy_aicore_buffer: [chip_swimlane_collector.cpp:689] Core 41: skipped 1024 AICore record slot(s) with start_time=0 (race-window write or recycled-buffer tail). buf seq=0 count=1024
[mono_ns=7230786447026587][T0xef4733f0aca0][WARN] copy_aicore_buffer: [chip_swimlane_collector.cpp:689] Core 39: skipped 1024 AICore record slot(s) with start_time=0 (race-window write or recycled-buffer tail). buf seq=0 count=1024
[mono_ns=7230786447079277][T0xef4748dbbca0][WARN] copy_aicore_buffer: [chip_swimlane_collector.cpp:689] Core 37: skipped 1024 AICore record slot(s) with start_time=0 (race-window write or recycled-buffer tail). buf seq=0 count=1024
[mono_ns=7230786447339397][T0xef47336faca0][WARN] copy_aicore_buffer: [chip_swimlane_collector.cpp:689] Core 11: skipped 1024 AICore record slot(s) with start_time=0 (race-window write or recycled-buffer tail). buf seq=0 count=1024
[mono_ns=7230786447357407][T0xef4733f0aca0][WARN] copy_aicore_buffer: [chip_swimlane_collector.cpp:689] Core 10: skipped 1024 AICore record slot(s) with start_time=0 (race-window write or recycled-buffer tail). buf seq=0 count=1024
[mono_ns=7230786447413427][T0xef4748dbbca0][WARN] copy_aicore_buffer: [chip_swimlane_collector.cpp:689] Core 9: skipped 1024 AICore record slot(s) with start_time=0 (race-window write or recycled-buffer tail). buf seq=0 count=1024
[mono_ns=7230786447672997][T0xef47336faca0][WARN] copy_aicore_buffer: [chip_swimlane_collector.cpp:689] Core 46: skipped 1024 AICore record slot(s) with start_time=0 (race-window write or recycled-buffer tail). buf seq=0 count=1024
[mono_ns=7230786447687247][T0xef4733f0aca0][WARN] copy_aicore_buffer: [chip_swimlane_collector.cpp:689] Core 44: skipped 1024 AICore record slot(s) with start_time=0 (race-window write or recycled-buffer tail). buf seq=0 count=1024
[mono_ns=7230786447751617][T0xef4748dbbca0][WARN] copy_aicore_buffer: [chip_swimlane_collector.cpp:689] Core 42: skipped 1024 AICore record slot(s) with start_time=0 (race-window write or recycled-buffer tail). buf seq=0 count=1024
[mono_ns=7230786448013727][T0xef47336faca0][WARN] copy_aicore_buffer: [chip_swimlane_collector.cpp:689] Core 47: skipped 1024 AICore record slot(s) with start_time=0 (race-window write or recycled-buffer tail). buf seq=0 count=1024
[mono_ns=7230786448028557][T0xef4733f0aca0][WARN] copy_aicore_buffer: [chip_swimlane_collector.cpp:689] Core 45: skipped 1024 AICore record slot(s) with start_time=0 (race-window write or recycled-buffer tail). buf seq=0 count=1024
[mono_ns=7230786448098697][T0xef4748dbbca0][WARN] copy_aicore_buffer: [chip_swimlane_collector.cpp:689] Core 43: skipped 1024 AICore record slot(s) with start_time=0 (race-window write or recycled-buffer tail). buf seq=0 count=1024
[mono_ns=7230786448346357][T0xef47336faca0][WARN] copy_aicore_buffer: [chip_swimlane_collector.cpp:689] Core 14: skipped 1024 AICore record slot(s) with start_time=0 (race-window write or recycled-buffer tail). buf seq=0 count=1024
[mono_ns=7230786448358847][T0xef4733f0aca0][WARN] copy_aicore_buffer: [chip_swimlane_collector.cpp:689] Core 13: skipped 1024 AICore record slot(s) with start_time=0 (race-window write or recycled-buffer tail). buf seq=0 count=1024
[mono_ns=7230786448429297][T0xef4748dbbca0][WARN] copy_aicore_buffer: [chip_swimlane_collector.cpp:689] Core 12: skipped 1024 AICore record slot(s) with start_time=0 (race-window write or recycled-buffer tail). buf seq=0 count=1024
[mono_ns=7230786448683827][T0xef47336faca0][WARN] copy_aicore_buffer: [chip_swimlane_collector.cpp:689] Core 52: skipped 1024 AICore record slot(s) with start_time=0 (race-window write or recycled-buffer tail). buf seq=0 count=1024
[mono_ns=7230786448695707][T0xef4733f0aca0][WARN] copy_aicore_buffer: [chip_swimlane_collector.cpp:689] Core 50: skipped 1024 AICore record slot(s) with start_time=0 (race-window write or recycled-buffer tail). buf seq=0 count=1024
[mono_ns=7230786448760627][T0xef4748dbbca0][WARN] copy_aicore_buffer: [chip_swimlane_collector.cpp:689] Core 48: skipped 1024 AICore record slot(s) with start_time=0 (race-window write or recycled-buffer tail). buf seq=0 count=1024
[mono_ns=7230786449030557][T0xef47336faca0][WARN] copy_aicore_buffer: [chip_swimlane_collector.cpp:689] Core 53: skipped 1024 AICore record slot(s) with start_time=0 (race-window write or recycled-buffer tail). buf seq=0 count=1024
[mono_ns=7230786449044947][T0xef4733f0aca0][WARN] copy_aicore_buffer: [chip_swimlane_collector.cpp:689] Core 51: skipped 1024 AICore record slot(s) with start_time=0 (race-window write or recycled-buffer tail). buf seq=0 count=1024
[mono_ns=7230786449097367][T0xef4748dbbca0][WARN] copy_aicore_buffer: [chip_swimlane_collector.cpp:689] Core 49: skipped 1024 AICore record slot(s) with start_time=0 (race-window write or recycled-buffer tail). buf seq=0 count=1024
[mono_ns=7230786449365877][T0xef47336faca0][WARN] copy_aicore_buffer: [chip_swimlane_collector.cpp:689] Core 17: skipped 1024 AICore record slot(s) with start_time=0 (race-window write or recycled-buffer tail). buf seq=0 count=1024
[mono_ns=7230786449383287][T0xef4733f0aca0][WARN] copy_aicore_buffer: [chip_swimlane_collector.cpp:689] Core 16: skipped 1024 AICore record slot(s) with start_time=0 (race-window write or recycled-buffer tail). buf seq=0 count=1024
[mono_ns=7230786449453867][T0xef4748dbbca0][WARN] copy_aicore_buffer: [chip_swimlane_collector.cpp:689] Core 15: skipped 1024 AICore record slot(s) with start_time=0 (race-window write or recycled-buffer tail). buf seq=0 count=1024
[mono_ns=7230786449700997][T0xef47336faca0][WARN] copy_aicore_buffer: [chip_swimlane_collector.cpp:689] Core 58: skipped 1024 AICore record slot(s) with start_time=0 (race-window write or recycled-buffer tail). buf seq=0 count=1024
[mono_ns=7230786449718227][T0xef4733f0aca0][WARN] copy_aicore_buffer: [chip_swimlane_collector.cpp:689] Core 56: skipped 1024 AICore record slot(s) with start_time=0 (race-window write or recycled-buffer tail). buf seq=0 count=1024
[mono_ns=7230786449784667][T0xef4748dbbca0][WARN] copy_aicore_buffer: [chip_swimlane_collector.cpp:689] Core 54: skipped 1024 AICore record slot(s) with start_time=0 (race-window write or recycled-buffer tail). buf seq=0 count=1024
[mono_ns=7230786450047457][T0xef47336faca0][WARN] copy_aicore_buffer: [chip_swimlane_collector.cpp:689] Core 59: skipped 1024 AICore record slot(s) with start_time=0 (race-window write or recycled-buffer tail). buf seq=0 count=1024
[mono_ns=7230786450055037][T0xef4733f0aca0][WARN] copy_aicore_buffer: [chip_swimlane_collector.cpp:689] Core 57: skipped 1024 AICore record slot(s) with start_time=0 (race-window write or recycled-buffer tail). buf seq=0 count=1024
[mono_ns=7230786450136097][T0xef4748dbbca0][WARN] copy_aicore_buffer: [chip_swimlane_collector.cpp:689] Core 55: skipped 1024 AICore record slot(s) with start_time=0 (race-window write or recycled-buffer tail). buf seq=0 count=1024
[mono_ns=7230786450376557][T0xef47336faca0][WARN] copy_aicore_buffer: [chip_swimlane_collector.cpp:689] Core 20: skipped 1024 AICore record slot(s) with start_time=0 (race-window write or recycled-buffer tail). buf seq=0 count=1024
[mono_ns=7230786450392937][T0xef4733f0aca0][WARN] copy_aicore_buffer: [chip_swimlane_collector.cpp:689] Core 19: skipped 1024 AICore record slot(s) with start_time=0 (race-window write or recycled-buffer tail). buf seq=0 count=1024
[mono_ns=7230786450466727][T0xef4748dbbca0][WARN] copy_aicore_buffer: [chip_swimlane_collector.cpp:689] Core 18: skipped 1024 AICore record slot(s) with start_time=0 (race-window write or recycled-buffer tail). buf seq=0 count=1024
[mono_ns=7230786450707227][T0xef47336faca0][WARN] copy_aicore_buffer: [chip_swimlane_collector.cpp:689] Core 64: skipped 1024 AICore record slot(s) with start_time=0 (race-window write or recycled-buffer tail). buf seq=0 count=1024
[mono_ns=7230786450715317][T0xef4733f0aca0][WARN] copy_aicore_buffer: [chip_swimlane_collector.cpp:689] Core 62: skipped 1024 AICore record slot(s) with start_time=0 (race-window write or recycled-buffer tail). buf seq=0 count=1024
[mono_ns=7230786450794127][T0xef4748dbbca0][WARN] copy_aicore_buffer: [chip_swimlane_collector.cpp:689] Core 60: skipped 1024 AICore record slot(s) with start_time=0 (race-window write or recycled-buffer tail). buf seq=0 count=1024
[mono_ns=7230786451049987][T0xef4733f0aca0][WARN] copy_aicore_buffer: [chip_swimlane_collector.cpp:689] Core 63: skipped 1024 AICore record slot(s) with start_time=0 (race-window write or recycled-buffer tail). buf seq=0 count=1024
[mono_ns=7230786451051987][T0xef47336faca0][WARN] copy_aicore_buffer: [chip_swimlane_collector.cpp:689] Core 65: skipped 1024 AICore record slot(s) with start_time=0 (race-window write or recycled-buffer tail). buf seq=0 count=1024
[mono_ns=7230786451135257][T0xef4748dbbca0][WARN] copy_aicore_buffer: [chip_swimlane_collector.cpp:689] Core 61: skipped 1024 AICore record slot(s) with start_time=0 (race-window write or recycled-buffer tail). buf seq=0 count=1024
[mono_ns=7230786451377597][T0xef47336faca0][WARN] copy_aicore_buffer: [chip_swimlane_collector.cpp:689] Core 23: skipped 1024 AICore record slot(s) with start_time=0 (race-window write or recycled-buffer tail). buf seq=0 count=1024
[mono_ns=7230786451387897][T0xef4733f0aca0][WARN] copy_aicore_buffer: [chip_swimlane_collector.cpp:689] Core 22: skipped 1024 AICore record slot(s) with start_time=0 (race-window write or recycled-buffer tail). buf seq=0 count=1024
[mono_ns=7230786451465967][T0xef4748dbbca0][WARN] copy_aicore_buffer: [chip_swimlane_collector.cpp:689] Core 21: skipped 1024 AICore record slot(s) with start_time=0 (race-window write or recycled-buffer tail). buf seq=0 count=1024
[mono_ns=7230786451709337][T0xef47336faca0][WARN] copy_aicore_buffer: [chip_swimlane_collector.cpp:689] Core 70: skipped 1024 AICore record slot(s) with start_time=0 (race-window write or recycled-buffer tail). buf seq=0 count=1024
[mono_ns=7230786451714347][T0xef4733f0aca0][WARN] copy_aicore_buffer: [chip_swimlane_collector.cpp:689] Core 68: skipped 1024 AICore record slot(s) with start_time=0 (race-window write or recycled-buffer tail). buf seq=0 count=1024
[mono_ns=7230786451794927][T0xef4748dbbca0][WARN] copy_aicore_buffer: [chip_swimlane_collector.cpp:689] Core 66: skipped 1024 AICore record slot(s) with start_time=0 (race-window write or recycled-buffer tail). buf seq=0 count=1024
[mono_ns=7230786452052437][T0xef47336faca0][WARN] copy_aicore_buffer: [chip_swimlane_collector.cpp:689] Core 71: skipped 1024 AICore record slot(s) with start_time=0 (race-window write or recycled-buffer tail). buf seq=0 count=1024
[mono_ns=7230786452067037][T0xef4733f0aca0][WARN] copy_aicore_buffer: [chip_swimlane_collector.cpp:689] Core 69: skipped 1024 AICore record slot(s) with start_time=0 (race-window write or recycled-buffer tail). buf seq=0 count=1024
[mono_ns=7230786452130477][T0xef4748dbbca0][WARN] copy_aicore_buffer: [chip_swimlane_collector.cpp:689] Core 67: skipped 1024 AICore record slot(s) with start_time=0 (race-window write or recycled-buffer tail). buf seq=0 count=1024
[mono_ns=7230786552949913][T0xef4890b1b020][TIMING] emit_host_span: [STRACE] v=1 pid=421355 tid=421355 inv=2 hid=72d4402cc56b4f50 depth=1 name=chip.run.runner_run ts=7230786433576898 dur=119359395 
[mono_ns=7230786553076813][T0xef4890b1b020][TIMING] emit_host_span: [STRACE] v=1 pid=421355 tid=421355 inv=2 hid=72d4402cc56b4f50 depth=1 name=chip.run.validate ts=7230786552969493 dur=102590 
[mono_ns=7230786553089423][T0xef4890b1b020][TIMING] emit_host_span: [STRACE] v=1 pid=421355 tid=421355 inv=2 hid=72d4402cc56b4f50 depth=2 name=chip.run.runner_run.device_wall ts=0 dur=8479199 clk=dev
[mono_ns=7230786553094023][T0xef4890b1b020][TIMING] emit_host_span: [STRACE] v=1 pid=421355 tid=421355 inv=2 hid=72d4402cc56b4f50 depth=3 name=chip.run.runner_run.device_wall.preamble ts=0 dur=130919 clk=dev
[mono_ns=7230786553099293][T0xef4890b1b020][TIMING] emit_host_span: [STRACE] v=1 pid=421355 tid=421355 inv=2 hid=72d4402cc56b4f50 depth=3 name=chip.run.runner_run.device_wall.graph_build ts=126380 dur=8341539 clk=dev
[mono_ns=7230786553102923][T0xef4890b1b020][TIMING] emit_host_span: [STRACE] v=1 pid=421355 tid=421355 inv=2 hid=72d4402cc56b4f50 depth=3 name=chip.run.runner_run.device_wall.config_validate ts=126520 dur=1040 clk=dev
[mono_ns=7230786553106313][T0xef4890b1b020][TIMING] emit_host_span: [STRACE] v=1 pid=421355 tid=421355 inv=2 hid=72d4402cc56b4f50 depth=3 name=chip.run.runner_run.device_wall.arena_wire ts=127580 dur=580 clk=dev
[mono_ns=7230786553110643][T0xef4890b1b020][TIMING] emit_host_span: [STRACE] v=1 pid=421355 tid=421355 inv=2 hid=72d4402cc56b4f50 depth=3 name=chip.run.runner_run.device_wall.sm_reset ts=128199 dur=1060 clk=dev
[mono_ns=7230786553114883][T0xef4890b1b020][TIMING] emit_host_span: [STRACE] v=1 pid=421355 tid=421355 inv=2 hid=72d4402cc56b4f50 depth=3 name=chip.run.runner_run.device_wall.post_orch ts=8468000 dur=11080 clk=dev
[mono_ns=7230786553119083][T0xef4890b1b020][TIMING] emit_host_span: [STRACE] v=1 pid=421355 tid=421355 inv=2 hid=72d4402cc56b4f50 depth=3 name=chip.run.runner_run.device_wall.orch ts=129359 dur=5520 clk=dev
[mono_ns=7230786553123293][T0xef4890b1b020][TIMING] emit_host_span: [STRACE] v=1 pid=421355 tid=421355 inv=2 hid=72d4402cc56b4f50 depth=3 name=chip.run.runner_run.device_wall.sched ts=131180 dur=8310700 clk=dev
[mono_ns=7230786553129733][T0xef4890b1b020][TIMING] emit_host_span: [STRACE] v=1 pid=421355 tid=421355 inv=2 hid=72d4402cc56b4f50 depth=1 name=chip.run.claim_release ts=7230786553127323 dur=730 
[mono_ns=7230786553136873][T0xef4890b1b020][TIMING] emit_host_span: [STRACE] v=1 pid=421355 tid=421355 inv=2 hid=72d4402cc56b4f50 depth=0 name=chip.run ts=7230786379644450 dur=173490313 run_id=2 dispatch_id=2 slot_id=0 generation=2 run_epoch=2
[mono_ns=7230791376210186][T0xef4890b1b020][TIMING] emit_host_span: [STRACE] v=1 pid=421355 tid=421355 inv=3 hid=72d4402cc56b4f50 depth=2 name=chip.run.bind.args ts=7230791375982576 dur=217940 
[mono_ns=7230791376235926][T0xef4890b1b020][TIMING] emit_host_span: [STRACE] v=1 pid=421355 tid=421355 inv=3 hid=72d4402cc56b4f50 depth=2 name=chip.run.bind.prebuilt ts=7230791376227106 dur=6390 
[mono_ns=7230791376241356][T0xef4890b1b020][TIMING] emit_host_span: [STRACE] v=1 pid=421355 tid=421355 inv=3 hid=72d4402cc56b4f50 depth=1 name=chip.run.bind ts=7230791375967156 dur=271630 
[mono_ns=7230791483494056][T0xef4890b1b020][TIMING] emit_host_span: [STRACE] v=1 pid=421355 tid=421355 inv=3 hid=72d4402cc56b4f50 depth=1 name=chip.run.runner_run ts=7230791376619066 dur=106860880 
[mono_ns=7230791483587996][T0xef4890b1b020][TIMING] emit_host_span: [STRACE] v=1 pid=421355 tid=421355 inv=3 hid=72d4402cc56b4f50 depth=1 name=chip.run.validate ts=7230791483508566 dur=75540 
[mono_ns=7230791483599236][T0xef4890b1b020][TIMING] emit_host_span: [STRACE] v=1 pid=421355 tid=421355 inv=3 hid=72d4402cc56b4f50 depth=2 name=chip.run.runner_run.device_wall ts=0 dur=11591640 clk=dev
[mono_ns=7230791483604666][T0xef4890b1b020][TIMING] emit_host_span: [STRACE] v=1 pid=421355 tid=421355 inv=3 hid=72d4402cc56b4f50 depth=3 name=chip.run.runner_run.device_wall.preamble ts=0 dur=7740 clk=dev
[mono_ns=7230791483609796][T0xef4890b1b020][TIMING] emit_host_span: [STRACE] v=1 pid=421355 tid=421355 inv=3 hid=72d4402cc56b4f50 depth=3 name=chip.run.runner_run.device_wall.graph_build ts=1859 dur=11578380 clk=dev
[mono_ns=7230791483613326][T0xef4890b1b020][TIMING] emit_host_span: [STRACE] v=1 pid=421355 tid=421355 inv=3 hid=72d4402cc56b4f50 depth=3 name=chip.run.runner_run.device_wall.config_validate ts=2000 dur=980 clk=dev
[mono_ns=7230791483616836][T0xef4890b1b020][TIMING] emit_host_span: [STRACE] v=1 pid=421355 tid=421355 inv=3 hid=72d4402cc56b4f50 depth=3 name=chip.run.runner_run.device_wall.arena_wire ts=3199 dur=679 clk=dev
[mono_ns=7230791483621166][T0xef4890b1b020][TIMING] emit_host_span: [STRACE] v=1 pid=421355 tid=421355 inv=3 hid=72d4402cc56b4f50 depth=3 name=chip.run.runner_run.device_wall.sm_reset ts=3900 dur=960 clk=dev
[mono_ns=7230791483624566][T0xef4890b1b020][TIMING] emit_host_span: [STRACE] v=1 pid=421355 tid=421355 inv=3 hid=72d4402cc56b4f50 depth=3 name=chip.run.runner_run.device_wall.post_orch ts=11580300 dur=11219 clk=dev
[mono_ns=7230791483629106][T0xef4890b1b020][TIMING] emit_host_span: [STRACE] v=1 pid=421355 tid=421355 inv=3 hid=72d4402cc56b4f50 depth=3 name=chip.run.runner_run.device_wall.orch ts=5859 dur=14059 clk=dev
[mono_ns=7230791483632376][T0xef4890b1b020][TIMING] emit_host_span: [STRACE] v=1 pid=421355 tid=421355 inv=3 hid=72d4402cc56b4f50 depth=3 name=chip.run.runner_run.device_wall.sched ts=8320 dur=11564279 clk=dev
[mono_ns=7230791483638266][T0xef4890b1b020][TIMING] emit_host_span: [STRACE] v=1 pid=421355 tid=421355 inv=3 hid=72d4402cc56b4f50 depth=1 name=chip.run.claim_release ts=7230791483635726 dur=550 
[mono_ns=7230791483643206][T0xef4890b1b020][TIMING] emit_host_span: [STRACE] v=1 pid=421355 tid=421355 inv=3 hid=72d4402cc56b4f50 depth=0 name=chip.run ts=7230791375875656 dur=107765510 run_id=3 dispatch_id=3 slot_id=0 generation=3 run_epoch=3
[mono_ns=7230791542959007][T0xef4890b1b020][TIMING] emit_host_span: [STRACE] v=1 pid=421355 tid=421355 inv=4 hid=72d4402cc56b4f50 depth=2 name=chip.run.bind.args ts=7230791542844747 dur=108210 
[mono_ns=7230791542977257][T0xef4890b1b020][TIMING] emit_host_span: [STRACE] v=1 pid=421355 tid=421355 inv=4 hid=72d4402cc56b4f50 depth=2 name=chip.run.bind.prebuilt ts=7230791542970947 dur=3870 
[mono_ns=7230791542982507][T0xef4890b1b020][TIMING] emit_host_span: [STRACE] v=1 pid=421355 tid=421355 inv=4 hid=72d4402cc56b4f50 depth=1 name=chip.run.bind ts=7230791542832377 dur=147660 
[mono_ns=7230791549362727][T0xef4733f0aca0][WARN] copy_aicore_buffer: [chip_swimlane_collector.cpp:689] Core 1: skipped 1024 AICore record slot(s) with start_time=0 (race-window write or recycled-buffer tail). buf seq=0 count=1024
[mono_ns=7230791549362367][T0xef4748dbbca0][WARN] copy_aicore_buffer: [chip_swimlane_collector.cpp:689] Core 0: skipped 1024 AICore record slot(s) with start_time=0 (race-window write or recycled-buffer tail). buf seq=0 count=1024
[mono_ns=7230791549362167][T0xef47336faca0][WARN] copy_aicore_buffer: [chip_swimlane_collector.cpp:689] Core 2: skipped 1024 AICore record slot(s) with start_time=0 (race-window write or recycled-buffer tail). buf seq=0 count=1024
[mono_ns=7230791549701147][T0xef4733f0aca0][WARN] copy_aicore_buffer: [chip_swimlane_collector.cpp:689] Core 26: skipped 1024 AICore record slot(s) with start_time=0 (race-window write or recycled-buffer tail). buf seq=0 count=1024
[mono_ns=7230791549701277][T0xef47336faca0][WARN] copy_aicore_buffer: [chip_swimlane_collector.cpp:689] Core 28: skipped 1023 AICore record slot(s) with start_time=0 (race-window write or recycled-buffer tail). buf seq=0 count=1024
[mono_ns=7230791549703287][T0xef4748dbbca0][WARN] copy_aicore_buffer: [chip_swimlane_collector.cpp:689] Core 24: skipped 1022 AICore record slot(s) with start_time=0 (race-window write or recycled-buffer tail). buf seq=0 count=1024
[mono_ns=7230791550036017][T0xef4748dbbca0][WARN] copy_aicore_buffer: [chip_swimlane_collector.cpp:689] Core 25: skipped 1024 AICore record slot(s) with start_time=0 (race-window write or recycled-buffer tail). buf seq=0 count=1024
[mono_ns=7230791550040517][T0xef4733f0aca0][WARN] copy_aicore_buffer: [chip_swimlane_collector.cpp:689] Core 27: skipped 1024 AICore record slot(s) with start_time=0 (race-window write or recycled-buffer tail). buf seq=0 count=1024
[mono_ns=7230791550148977][T0xef47336faca0][WARN] copy_aicore_buffer: [chip_swimlane_collector.cpp:689] Core 29: skipped 1024 AICore record slot(s) with start_time=0 (race-window write or recycled-buffer tail). buf seq=0 count=1024
[mono_ns=7230791550347727][T0xef4748dbbca0][WARN] copy_aicore_buffer: [chip_swimlane_collector.cpp:689] Core 3: skipped 1024 AICore record slot(s) with start_time=0 (race-window write or recycled-buffer tail). buf seq=0 count=1024
[mono_ns=7230791550350377][T0xef4733f0aca0][WARN] copy_aicore_buffer: [chip_swimlane_collector.cpp:689] Core 4: skipped 1024 AICore record slot(s) with start_time=0 (race-window write or recycled-buffer tail). buf seq=0 count=1024
[mono_ns=7230791550465017][T0xef47336faca0][WARN] copy_aicore_buffer: [chip_swimlane_collector.cpp:689] Core 5: skipped 1024 AICore record slot(s) with start_time=0 (race-window write or recycled-buffer tail). buf seq=0 count=1024
[mono_ns=7230791550659337][T0xef4733f0aca0][WARN] copy_aicore_buffer: [chip_swimlane_collector.cpp:689] Core 32: skipped 1024 AICore record slot(s) with start_time=0 (race-window write or recycled-buffer tail). buf seq=0 count=1024
[mono_ns=7230791550659407][T0xef4748dbbca0][WARN] copy_aicore_buffer: [chip_swimlane_collector.cpp:689] Core 30: skipped 1024 AICore record slot(s) with start_time=0 (race-window write or recycled-buffer tail). buf seq=0 count=1024
[mono_ns=7230791550776877][T0xef47336faca0][WARN] copy_aicore_buffer: [chip_swimlane_collector.cpp:689] Core 34: skipped 1024 AICore record slot(s) with start_time=0 (race-window write or recycled-buffer tail). buf seq=0 count=1024
[mono_ns=7230791550968777][T0xef4733f0aca0][WARN] copy_aicore_buffer: [chip_swimlane_collector.cpp:689] Core 33: skipped 1024 AICore record slot(s) with start_time=0 (race-window write or recycled-buffer tail). buf seq=0 count=1024
[mono_ns=7230791550968937][T0xef4748dbbca0][WARN] copy_aicore_buffer: [chip_swimlane_collector.cpp:689] Core 31: skipped 1024 AICore record slot(s) with start_time=0 (race-window write or recycled-buffer tail). buf seq=0 count=1024
[mono_ns=7230791551100257][T0xef47336faca0][WARN] copy_aicore_buffer: [chip_swimlane_collector.cpp:689] Core 35: skipped 1024 AICore record slot(s) with start_time=0 (race-window write or recycled-buffer tail). buf seq=0 count=1024
[mono_ns=7230791551292467][T0xef4748dbbca0][WARN] copy_aicore_buffer: [chip_swimlane_collector.cpp:689] Core 6: skipped 1024 AICore record slot(s) with start_time=0 (race-window write or recycled-buffer tail). buf seq=0 count=1024
[mono_ns=7230791551293027][T0xef4733f0aca0][WARN] copy_aicore_buffer: [chip_swimlane_collector.cpp:689] Core 7: skipped 1024 AICore record slot(s) with start_time=0 (race-window write or recycled-buffer tail). buf seq=0 count=1024
[mono_ns=7230791551412617][T0xef47336faca0][WARN] copy_aicore_buffer: [chip_swimlane_collector.cpp:689] Core 8: skipped 1024 AICore record slot(s) with start_time=0 (race-window write or recycled-buffer tail). buf seq=0 count=1024
[mono_ns=7230791551602807][T0xef4733f0aca0][WARN] copy_aicore_buffer: [chip_swimlane_collector.cpp:689] Core 38: skipped 1024 AICore record slot(s) with start_time=0 (race-window write or recycled-buffer tail). buf seq=0 count=1024
[mono_ns=7230791551604527][T0xef4748dbbca0][WARN] copy_aicore_buffer: [chip_swimlane_collector.cpp:689] Core 36: skipped 1024 AICore record slot(s) with start_time=0 (race-window write or recycled-buffer tail). buf seq=0 count=1024
[mono_ns=7230791551722807][T0xef47336faca0][WARN] copy_aicore_buffer: [chip_swimlane_collector.cpp:689] Core 40: skipped 1024 AICore record slot(s) with start_time=0 (race-window write or recycled-buffer tail). buf seq=0 count=1024
[mono_ns=7230791551911177][T0xef4733f0aca0][WARN] copy_aicore_buffer: [chip_swimlane_collector.cpp:689] Core 39: skipped 1024 AICore record slot(s) with start_time=0 (race-window write or recycled-buffer tail). buf seq=0 count=1024
[mono_ns=7230791551915967][T0xef4748dbbca0][WARN] copy_aicore_buffer: [chip_swimlane_collector.cpp:689] Core 37: skipped 1024 AICore record slot(s) with start_time=0 (race-window write or recycled-buffer tail). buf seq=0 count=1024
[mono_ns=7230791552049087][T0xef47336faca0][WARN] copy_aicore_buffer: [chip_swimlane_collector.cpp:689] Core 41: skipped 1024 AICore record slot(s) with start_time=0 (race-window write or recycled-buffer tail). buf seq=0 count=1024
[mono_ns=7230791552229247][T0xef4733f0aca0][WARN] copy_aicore_buffer: [chip_swimlane_collector.cpp:689] Core 10: skipped 1024 AICore record slot(s) with start_time=0 (race-window write or recycled-buffer tail). buf seq=0 count=1024
[mono_ns=7230791552237047][T0xef4748dbbca0][WARN] copy_aicore_buffer: [chip_swimlane_collector.cpp:689] Core 9: skipped 1024 AICore record slot(s) with start_time=0 (race-window write or recycled-buffer tail). buf seq=0 count=1024
[mono_ns=7230791552360747][T0xef47336faca0][WARN] copy_aicore_buffer: [chip_swimlane_collector.cpp:689] Core 11: skipped 1024 AICore record slot(s) with start_time=0 (race-window write or recycled-buffer tail). buf seq=0 count=1024
[mono_ns=7230791552538637][T0xef4733f0aca0][WARN] copy_aicore_buffer: [chip_swimlane_collector.cpp:689] Core 44: skipped 1024 AICore record slot(s) with start_time=0 (race-window write or recycled-buffer tail). buf seq=0 count=1024
[mono_ns=7230791552548527][T0xef4748dbbca0][WARN] copy_aicore_buffer: [chip_swimlane_collector.cpp:689] Core 42: skipped 1024 AICore record slot(s) with start_time=0 (race-window write or recycled-buffer tail). buf seq=0 count=1024
[mono_ns=7230791552672417][T0xef47336faca0][WARN] copy_aicore_buffer: [chip_swimlane_collector.cpp:689] Core 46: skipped 1024 AICore record slot(s) with start_time=0 (race-window write or recycled-buffer tail). buf seq=0 count=1024
[mono_ns=7230791552847797][T0xef4733f0aca0][WARN] copy_aicore_buffer: [chip_swimlane_collector.cpp:689] Core 45: skipped 1024 AICore record slot(s) with start_time=0 (race-window write or recycled-buffer tail). buf seq=0 count=1024
[mono_ns=7230791552858307][T0xef4748dbbca0][WARN] copy_aicore_buffer: [chip_swimlane_collector.cpp:689] Core 43: skipped 1024 AICore record slot(s) with start_time=0 (race-window write or recycled-buffer tail). buf seq=0 count=1024
[mono_ns=7230791552982607][T0xef47336faca0][WARN] copy_aicore_buffer: [chip_swimlane_collector.cpp:689] Core 47: skipped 1024 AICore record slot(s) with start_time=0 (race-window write or recycled-buffer tail). buf seq=0 count=1024
[mono_ns=7230791553176187][T0xef4733f0aca0][WARN] copy_aicore_buffer: [chip_swimlane_collector.cpp:689] Core 13: skipped 1024 AICore record slot(s) with start_time=0 (race-window write or recycled-buffer tail). buf seq=0 count=1024
[mono_ns=7230791553186317][T0xef4748dbbca0][WARN] copy_aicore_buffer: [chip_swimlane_collector.cpp:689] Core 12: skipped 1024 AICore record slot(s) with start_time=0 (race-window write or recycled-buffer tail). buf seq=0 count=1024
[mono_ns=7230791553312447][T0xef47336faca0][WARN] copy_aicore_buffer: [chip_swimlane_collector.cpp:689] Core 14: skipped 1024 AICore record slot(s) with start_time=0 (race-window write or recycled-buffer tail). buf seq=0 count=1024
[mono_ns=7230791553485567][T0xef4733f0aca0][WARN] copy_aicore_buffer: [chip_swimlane_collector.cpp:689] Core 50: skipped 1024 AICore record slot(s) with start_time=0 (race-window write or recycled-buffer tail). buf seq=0 count=1024
[mono_ns=7230791553496887][T0xef4748dbbca0][WARN] copy_aicore_buffer: [chip_swimlane_collector.cpp:689] Core 48: skipped 1024 AICore record slot(s) with start_time=0 (race-window write or recycled-buffer tail). buf seq=0 count=1024
[mono_ns=7230791553624177][T0xef47336faca0][WARN] copy_aicore_buffer: [chip_swimlane_collector.cpp:689] Core 52: skipped 1024 AICore record slot(s) with start_time=0 (race-window write or recycled-buffer tail). buf seq=0 count=1024
[mono_ns=7230791553795267][T0xef4733f0aca0][WARN] copy_aicore_buffer: [chip_swimlane_collector.cpp:689] Core 51: skipped 1024 AICore record slot(s) with start_time=0 (race-window write or recycled-buffer tail). buf seq=0 count=1024
[mono_ns=7230791553807627][T0xef4748dbbca0][WARN] copy_aicore_buffer: [chip_swimlane_collector.cpp:689] Core 49: skipped 1024 AICore record slot(s) with start_time=0 (race-window write or recycled-buffer tail). buf seq=0 count=1024
[mono_ns=7230791553936077][T0xef47336faca0][WARN] copy_aicore_buffer: [chip_swimlane_collector.cpp:689] Core 53: skipped 1024 AICore record slot(s) with start_time=0 (race-window write or recycled-buffer tail). buf seq=0 count=1024
[mono_ns=7230791554114667][T0xef4733f0aca0][WARN] copy_aicore_buffer: [chip_swimlane_collector.cpp:689] Core 16: skipped 1024 AICore record slot(s) with start_time=0 (race-window write or recycled-buffer tail). buf seq=0 count=1024
[mono_ns=7230791554128077][T0xef4748dbbca0][WARN] copy_aicore_buffer: [chip_swimlane_collector.cpp:689] Core 15: skipped 1024 AICore record slot(s) with start_time=0 (race-window write or recycled-buffer tail). buf seq=0 count=1024
[mono_ns=7230791554256847][T0xef47336faca0][WARN] copy_aicore_buffer: [chip_swimlane_collector.cpp:689] Core 17: skipped 1024 AICore record slot(s) with start_time=0 (race-window write or recycled-buffer tail). buf seq=0 count=1024
[mono_ns=7230791554423477][T0xef4733f0aca0][WARN] copy_aicore_buffer: [chip_swimlane_collector.cpp:689] Core 56: skipped 1024 AICore record slot(s) with start_time=0 (race-window write or recycled-buffer tail). buf seq=0 count=1024
[mono_ns=7230791554488147][T0xef4748dbbca0][WARN] copy_aicore_buffer: [chip_swimlane_collector.cpp:689] Core 54: skipped 1024 AICore record slot(s) with start_time=0 (race-window write or recycled-buffer tail). buf seq=0 count=1024
[mono_ns=7230791554567547][T0xef47336faca0][WARN] copy_aicore_buffer: [chip_swimlane_collector.cpp:689] Core 58: skipped 1024 AICore record slot(s) with start_time=0 (race-window write or recycled-buffer tail). buf seq=0 count=1024
[mono_ns=7230791554732277][T0xef4733f0aca0][WARN] copy_aicore_buffer: [chip_swimlane_collector.cpp:689] Core 57: skipped 1024 AICore record slot(s) with start_time=0 (race-window write or recycled-buffer tail). buf seq=0 count=1024
[mono_ns=7230791554820717][T0xef4748dbbca0][WARN] copy_aicore_buffer: [chip_swimlane_collector.cpp:689] Core 55: skipped 1024 AICore record slot(s) with start_time=0 (race-window write or recycled-buffer tail). buf seq=0 count=1024
[mono_ns=7230791554877767][T0xef47336faca0][WARN] copy_aicore_buffer: [chip_swimlane_collector.cpp:689] Core 59: skipped 1024 AICore record slot(s) with start_time=0 (race-window write or recycled-buffer tail). buf seq=0 count=1024
[mono_ns=7230791555054467][T0xef4733f0aca0][WARN] copy_aicore_buffer: [chip_swimlane_collector.cpp:689] Core 19: skipped 1024 AICore record slot(s) with start_time=0 (race-window write or recycled-buffer tail). buf seq=0 count=1024
[mono_ns=7230791555160747][T0xef4748dbbca0][WARN] copy_aicore_buffer: [chip_swimlane_collector.cpp:689] Core 18: skipped 1024 AICore record slot(s) with start_time=0 (race-window write or recycled-buffer tail). buf seq=0 count=1024
[mono_ns=7230791555206607][T0xef47336faca0][WARN] copy_aicore_buffer: [chip_swimlane_collector.cpp:689] Core 20: skipped 1024 AICore record slot(s) with start_time=0 (race-window write or recycled-buffer tail). buf seq=0 count=1024
[mono_ns=7230791555364427][T0xef4733f0aca0][WARN] copy_aicore_buffer: [chip_swimlane_collector.cpp:689] Core 62: skipped 1024 AICore record slot(s) with start_time=0 (race-window write or recycled-buffer tail). buf seq=0 count=1024
[mono_ns=7230791555485147][T0xef4748dbbca0][WARN] copy_aicore_buffer: [chip_swimlane_collector.cpp:689] Core 60: skipped 1024 AICore record slot(s) with start_time=0 (race-window write or recycled-buffer tail). buf seq=0 count=1024
[mono_ns=7230791555560037][T0xef47336faca0][WARN] copy_aicore_buffer: [chip_swimlane_collector.cpp:689] Core 64: skipped 1024 AICore record slot(s) with start_time=0 (race-window write or recycled-buffer tail). buf seq=0 count=1024
[mono_ns=7230791555710117][T0xef4733f0aca0][WARN] copy_aicore_buffer: [chip_swimlane_collector.cpp:689] Core 63: skipped 1024 AICore record slot(s) with start_time=0 (race-window write or recycled-buffer tail). buf seq=0 count=1024
[mono_ns=7230791555812407][T0xef4748dbbca0][WARN] copy_aicore_buffer: [chip_swimlane_collector.cpp:689] Core 61: skipped 1024 AICore record slot(s) with start_time=0 (race-window write or recycled-buffer tail). buf seq=0 count=1024
[mono_ns=7230791555887457][T0xef47336faca0][WARN] copy_aicore_buffer: [chip_swimlane_collector.cpp:689] Core 65: skipped 1024 AICore record slot(s) with start_time=0 (race-window write or recycled-buffer tail). buf seq=0 count=1024
[mono_ns=7230791556056787][T0xef4733f0aca0][WARN] copy_aicore_buffer: [chip_swimlane_collector.cpp:689] Core 22: skipped 1024 AICore record slot(s) with start_time=0 (race-window write or recycled-buffer tail). buf seq=0 count=1024
[mono_ns=7230791556163897][T0xef4748dbbca0][WARN] copy_aicore_buffer: [chip_swimlane_collector.cpp:689] Core 21: skipped 1024 AICore record slot(s) with start_time=0 (race-window write or recycled-buffer tail). buf seq=0 count=1024
[mono_ns=7230791556230757][T0xef47336faca0][WARN] copy_aicore_buffer: [chip_swimlane_collector.cpp:689] Core 23: skipped 1024 AICore record slot(s) with start_time=0 (race-window write or recycled-buffer tail). buf seq=0 count=1024
[mono_ns=7230791556381387][T0xef4733f0aca0][WARN] copy_aicore_buffer: [chip_swimlane_collector.cpp:689] Core 68: skipped 1024 AICore record slot(s) with start_time=0 (race-window write or recycled-buffer tail). buf seq=0 count=1024
[mono_ns=7230791556492167][T0xef4748dbbca0][WARN] copy_aicore_buffer: [chip_swimlane_collector.cpp:689] Core 66: skipped 1024 AICore record slot(s) with start_time=0 (race-window write or recycled-buffer tail). buf seq=0 count=1024
[mono_ns=7230791556567617][T0xef47336faca0][WARN] copy_aicore_buffer: [chip_swimlane_collector.cpp:689] Core 70: skipped 1024 AICore record slot(s) with start_time=0 (race-window write or recycled-buffer tail). buf seq=0 count=1024
[mono_ns=7230791556701387][T0xef4733f0aca0][WARN] copy_aicore_buffer: [chip_swimlane_collector.cpp:689] Core 69: skipped 1024 AICore record slot(s) with start_time=0 (race-window write or recycled-buffer tail). buf seq=0 count=1024
[mono_ns=7230791556832917][T0xef4748dbbca0][WARN] copy_aicore_buffer: [chip_swimlane_collector.cpp:689] Core 67: skipped 1024 AICore record slot(s) with start_time=0 (race-window write or recycled-buffer tail). buf seq=0 count=1024
[mono_ns=7230791556898217][T0xef47336faca0][WARN] copy_aicore_buffer: [chip_swimlane_collector.cpp:689] Core 71: skipped 1024 AICore record slot(s) with start_time=0 (race-window write or recycled-buffer tail). buf seq=0 count=1024
[mono_ns=7230791657483938][T0xef4890b1b020][TIMING] emit_host_span: [STRACE] v=1 pid=421355 tid=421355 inv=4 hid=72d4402cc56b4f50 depth=1 name=chip.run.runner_run ts=7230791543293057 dur=114184051 
[mono_ns=7230791657566718][T0xef4890b1b020][TIMING] emit_host_span: [STRACE] v=1 pid=421355 tid=421355 inv=4 hid=72d4402cc56b4f50 depth=1 name=chip.run.validate ts=7230791657494988 dur=68540 
[mono_ns=7230791657572848][T0xef4890b1b020][TIMING] emit_host_span: [STRACE] v=1 pid=421355 tid=421355 inv=4 hid=72d4402cc56b4f50 depth=2 name=chip.run.runner_run.device_wall ts=0 dur=5596760 clk=dev
[mono_ns=7230791657576628][T0xef4890b1b020][TIMING] emit_host_span: [STRACE] v=1 pid=421355 tid=421355 inv=4 hid=72d4402cc56b4f50 depth=3 name=chip.run.runner_run.device_wall.preamble ts=0 dur=107780 clk=dev
[mono_ns=7230791657580538][T0xef4890b1b020][TIMING] emit_host_span: [STRACE] v=1 pid=421355 tid=421355 inv=4 hid=72d4402cc56b4f50 depth=3 name=chip.run.runner_run.device_wall.graph_build ts=103919 dur=5482160 clk=dev
[mono_ns=7230791657583968][T0xef4890b1b020][TIMING] emit_host_span: [STRACE] v=1 pid=421355 tid=421355 inv=4 hid=72d4402cc56b4f50 depth=3 name=chip.run.runner_run.device_wall.config_validate ts=104160 dur=919 clk=dev
[mono_ns=7230791657587258][T0xef4890b1b020][TIMING] emit_host_span: [STRACE] v=1 pid=421355 tid=421355 inv=4 hid=72d4402cc56b4f50 depth=3 name=chip.run.runner_run.device_wall.arena_wire ts=105119 dur=420 clk=dev
[mono_ns=7230791657590428][T0xef4890b1b020][TIMING] emit_host_span: [STRACE] v=1 pid=421355 tid=421355 inv=4 hid=72d4402cc56b4f50 depth=3 name=chip.run.runner_run.device_wall.sm_reset ts=105560 dur=520 clk=dev
[mono_ns=7230791657593638][T0xef4890b1b020][TIMING] emit_host_span: [STRACE] v=1 pid=421355 tid=421355 inv=4 hid=72d4402cc56b4f50 depth=3 name=chip.run.runner_run.device_wall.post_orch ts=5586120 dur=10560 clk=dev
[mono_ns=7230791657596988][T0xef4890b1b020][TIMING] emit_host_span: [STRACE] v=1 pid=421355 tid=421355 inv=4 hid=72d4402cc56b4f50 depth=3 name=chip.run.runner_run.device_wall.orch ts=106119 dur=3900 clk=dev
[mono_ns=7230791657600888][T0xef4890b1b020][TIMING] emit_host_span: [STRACE] v=1 pid=421355 tid=421355 inv=4 hid=72d4402cc56b4f50 depth=3 name=chip.run.runner_run.device_wall.sched ts=107960 dur=5453180 clk=dev
[mono_ns=7230791657605008][T0xef4890b1b020][TIMING] emit_host_span: [STRACE] v=1 pid=421355 tid=421355 inv=4 hid=72d4402cc56b4f50 depth=1 name=chip.run.claim_release ts=7230791657602958 dur=330 
[mono_ns=7230791657609518][T0xef4890b1b020][TIMING] emit_host_span: [STRACE] v=1 pid=421355 tid=421355 inv=4 hid=72d4402cc56b4f50 depth=0 name=chip.run ts=7230791542798627 dur=114808931 run_id=4 dispatch_id=4 slot_id=0 generation=4 run_epoch=4
[mono_ns=7230796505819506][T0xef4890b1b020][TIMING] emit_host_span: [STRACE] v=1 pid=421355 tid=421355 inv=5 hid=72d4402cc56b4f50 depth=2 name=chip.run.bind.args ts=7230796505481586 dur=315840 
[mono_ns=7230796505875876][T0xef4890b1b020][TIMING] emit_host_span: [STRACE] v=1 pid=421355 tid=421355 inv=5 hid=72d4402cc56b4f50 depth=2 name=chip.run.bind.prebuilt ts=7230796505867546 dur=5590 
[mono_ns=7230796505881556][T0xef4890b1b020][TIMING] emit_host_span: [STRACE] v=1 pid=421355 tid=421355 inv=5 hid=72d4402cc56b4f50 depth=1 name=chip.run.bind ts=7230796505410876 dur=468200 
[mono_ns=7230796671542614][T0xef4890b1b020][TIMING] emit_host_span: [STRACE] v=1 pid=421355 tid=421355 inv=5 hid=72d4402cc56b4f50 depth=1 name=chip.run.runner_run ts=7230796507070736 dur=164456508 
[mono_ns=7230796671652544][T0xef4890b1b020][TIMING] emit_host_span: [STRACE] v=1 pid=421355 tid=421355 inv=5 hid=72d4402cc56b4f50 depth=1 name=chip.run.validate ts=7230796671560274 dur=87990 
[mono_ns=7230796671666604][T0xef4890b1b020][TIMING] emit_host_span: [STRACE] v=1 pid=421355 tid=421355 inv=5 hid=72d4402cc56b4f50 depth=2 name=chip.run.runner_run.device_wall ts=0 dur=2148220 clk=dev
[mono_ns=7230796671671784][T0xef4890b1b020][TIMING] emit_host_span: [STRACE] v=1 pid=421355 tid=421355 inv=5 hid=72d4402cc56b4f50 depth=3 name=chip.run.runner_run.device_wall.preamble ts=0 dur=6720 clk=dev
[mono_ns=7230796671704694][T0xef4890b1b020][TIMING] emit_host_span: [STRACE] v=1 pid=421355 tid=421355 inv=5 hid=72d4402cc56b4f50 depth=3 name=chip.run.runner_run.device_wall.graph_build ts=1660 dur=2135060 clk=dev
[mono_ns=7230796671710924][T0xef4890b1b020][TIMING] emit_host_span: [STRACE] v=1 pid=421355 tid=421355 inv=5 hid=72d4402cc56b4f50 depth=3 name=chip.run.runner_run.device_wall.config_validate ts=1960 dur=1200 clk=dev
[mono_ns=7230796671715444][T0xef4890b1b020][TIMING] emit_host_span: [STRACE] v=1 pid=421355 tid=421355 inv=5 hid=72d4402cc56b4f50 depth=3 name=chip.run.runner_run.device_wall.arena_wire ts=3180 dur=820 clk=dev
[mono_ns=7230796671720014][T0xef4890b1b020][TIMING] emit_host_span: [STRACE] v=1 pid=421355 tid=421355 inv=5 hid=72d4402cc56b4f50 depth=3 name=chip.run.runner_run.device_wall.sm_reset ts=4040 dur=1060 clk=dev
[mono_ns=7230796671723864][T0xef4890b1b020][TIMING] emit_host_span: [STRACE] v=1 pid=421355 tid=421355 inv=5 hid=72d4402cc56b4f50 depth=3 name=chip.run.runner_run.device_wall.post_orch ts=2136780 dur=11280 clk=dev
[mono_ns=7230796671728124][T0xef4890b1b020][TIMING] emit_host_span: [STRACE] v=1 pid=421355 tid=421355 inv=5 hid=72d4402cc56b4f50 depth=3 name=chip.run.runner_run.device_wall.orch ts=6060 dur=11600 clk=dev
[mono_ns=7230796671732364][T0xef4890b1b020][TIMING] emit_host_span: [STRACE] v=1 pid=421355 tid=421355 inv=5 hid=72d4402cc56b4f50 depth=3 name=chip.run.runner_run.device_wall.sched ts=7140 dur=2121300 clk=dev
[mono_ns=7230796671739554][T0xef4890b1b020][TIMING] emit_host_span: [STRACE] v=1 pid=421355 tid=421355 inv=5 hid=72d4402cc56b4f50 depth=1 name=chip.run.claim_release ts=7230796671736494 dur=1270 
[mono_ns=7230796671760804][T0xef4890b1b020][TIMING] emit_host_span: [STRACE] v=1 pid=421355 tid=421355 inv=5 hid=72d4402cc56b4f50 depth=0 name=chip.run ts=7230796505075456 dur=166683028 run_id=5 dispatch_id=5 slot_id=0 generation=5 run_epoch=5
[mono_ns=7230796674478014][T0xef4890b1b020][TIMING] emit_host_span: [STRACE] v=1 pid=421355 tid=421355 inv=6 hid=72d4402cc56b4f50 depth=2 name=chip.run.bind.args ts=7230796674189444 dur=281670 
[mono_ns=7230796674498504][T0xef4890b1b020][TIMING] emit_host_span: [STRACE] v=1 pid=421355 tid=421355 inv=6 hid=72d4402cc56b4f50 depth=2 name=chip.run.bind.prebuilt ts=7230796674491864 dur=4330 
[mono_ns=7230796674504304][T0xef4890b1b020][TIMING] emit_host_span: [STRACE] v=1 pid=421355 tid=421355 inv=6 hid=72d4402cc56b4f50 depth=1 name=chip.run.bind ts=7230796674175624 dur=326510 
[mono_ns=7230796680148435][T0xef47336faca0][WARN] copy_aicore_buffer: [chip_swimlane_collector.cpp:689] Core 2: skipped 1024 AICore record slot(s) with start_time=0 (race-window write or recycled-buffer tail). buf seq=0 count=1024
[mono_ns=7230796680223515][T0xef4733f0aca0][WARN] copy_aicore_buffer: [chip_swimlane_collector.cpp:689] Core 1: skipped 1024 AICore record slot(s) with start_time=0 (race-window write or recycled-buffer tail). buf seq=0 count=1024
[mono_ns=7230796680233605][T0xef4748dbbca0][WARN] copy_aicore_buffer: [chip_swimlane_collector.cpp:689] Core 0: skipped 1024 AICore record slot(s) with start_time=0 (race-window write or recycled-buffer tail). buf seq=0 count=1024
[mono_ns=7230796680533835][T0xef47336faca0][WARN] copy_aicore_buffer: [chip_swimlane_collector.cpp:689] Core 28: skipped 1024 AICore record slot(s) with start_time=0 (race-window write or recycled-buffer tail). buf seq=0 count=1024
[mono_ns=7230796680572465][T0xef4733f0aca0][WARN] copy_aicore_buffer: [chip_swimlane_collector.cpp:689] Core 26: skipped 1021 AICore record slot(s) with start_time=0 (race-window write or recycled-buffer tail). buf seq=0 count=1024
[mono_ns=7230796680710975][T0xef4748dbbca0][WARN] copy_aicore_buffer: [chip_swimlane_collector.cpp:689] Core 24: skipped 1024 AICore record slot(s) with start_time=0 (race-window write or recycled-buffer tail). buf seq=0 count=1024
[mono_ns=7230796680845695][T0xef47336faca0][WARN] copy_aicore_buffer: [chip_swimlane_collector.cpp:689] Core 29: skipped 1024 AICore record slot(s) with start_time=0 (race-window write or recycled-buffer tail). buf seq=0 count=1024
[mono_ns=7230796680885045][T0xef4733f0aca0][WARN] copy_aicore_buffer: [chip_swimlane_collector.cpp:689] Core 27: skipped 1024 AICore record slot(s) with start_time=0 (race-window write or recycled-buffer tail). buf seq=0 count=1024
[mono_ns=7230796681040175][T0xef4748dbbca0][WARN] copy_aicore_buffer: [chip_swimlane_collector.cpp:689] Core 25: skipped 1024 AICore record slot(s) with start_time=0 (race-window write or recycled-buffer tail). buf seq=0 count=1024
[mono_ns=7230796681173915][T0xef47336faca0][WARN] copy_aicore_buffer: [chip_swimlane_collector.cpp:689] Core 5: skipped 1024 AICore record slot(s) with start_time=0 (race-window write or recycled-buffer tail). buf seq=0 count=1024
[mono_ns=7230796681214275][T0xef4733f0aca0][WARN] copy_aicore_buffer: [chip_swimlane_collector.cpp:689] Core 4: skipped 1024 AICore record slot(s) with start_time=0 (race-window write or recycled-buffer tail). buf seq=0 count=1024
[mono_ns=7230796681352135][T0xef4748dbbca0][WARN] copy_aicore_buffer: [chip_swimlane_collector.cpp:689] Core 3: skipped 1024 AICore record slot(s) with start_time=0 (race-window write or recycled-buffer tail). buf seq=0 count=1024
[mono_ns=7230796681485125][T0xef47336faca0][WARN] copy_aicore_buffer: [chip_swimlane_collector.cpp:689] Core 34: skipped 1024 AICore record slot(s) with start_time=0 (race-window write or recycled-buffer tail). buf seq=0 count=1024
[mono_ns=7230796681569005][T0xef4733f0aca0][WARN] copy_aicore_buffer: [chip_swimlane_collector.cpp:689] Core 32: skipped 1024 AICore record slot(s) with start_time=0 (race-window write or recycled-buffer tail). buf seq=0 count=1024
[mono_ns=7230796681665365][T0xef4748dbbca0][WARN] copy_aicore_buffer: [chip_swimlane_collector.cpp:689] Core 30: skipped 1024 AICore record slot(s) with start_time=0 (race-window write or recycled-buffer tail). buf seq=0 count=1024
[mono_ns=7230796681795805][T0xef47336faca0][WARN] copy_aicore_buffer: [chip_swimlane_collector.cpp:689] Core 35: skipped 1024 AICore record slot(s) with start_time=0 (race-window write or recycled-buffer tail). buf seq=0 count=1024
[mono_ns=7230796681877635][T0xef4733f0aca0][WARN] copy_aicore_buffer: [chip_swimlane_collector.cpp:689] Core 33: skipped 1024 AICore record slot(s) with start_time=0 (race-window write or recycled-buffer tail). buf seq=0 count=1024
[mono_ns=7230796681976065][T0xef4748dbbca0][WARN] copy_aicore_buffer: [chip_swimlane_collector.cpp:689] Core 31: skipped 1024 AICore record slot(s) with start_time=0 (race-window write or recycled-buffer tail). buf seq=0 count=1024
[mono_ns=7230796682111745][T0xef47336faca0][WARN] copy_aicore_buffer: [chip_swimlane_collector.cpp:689] Core 8: skipped 1024 AICore record slot(s) with start_time=0 (race-window write or recycled-buffer tail). buf seq=0 count=1024
[mono_ns=7230796682193015][T0xef4733f0aca0][WARN] copy_aicore_buffer: [chip_swimlane_collector.cpp:689] Core 7: skipped 1024 AICore record slot(s) with start_time=0 (race-window write or recycled-buffer tail). buf seq=0 count=1024
[mono_ns=7230796682292085][T0xef4748dbbca0][WARN] copy_aicore_buffer: [chip_swimlane_collector.cpp:689] Core 6: skipped 1024 AICore record slot(s) with start_time=0 (race-window write or recycled-buffer tail). buf seq=0 count=1024
[mono_ns=7230796682433465][T0xef47336faca0][WARN] copy_aicore_buffer: [chip_swimlane_collector.cpp:689] Core 40: skipped 1024 AICore record slot(s) with start_time=0 (race-window write or recycled-buffer tail). buf seq=0 count=1024
[mono_ns=7230796682501085][T0xef4733f0aca0][WARN] copy_aicore_buffer: [chip_swimlane_collector.cpp:689] Core 38: skipped 1024 AICore record slot(s) with start_time=0 (race-window write or recycled-buffer tail). buf seq=0 count=1024
[mono_ns=7230796682604155][T0xef4748dbbca0][WARN] copy_aicore_buffer: [chip_swimlane_collector.cpp:689] Core 36: skipped 1024 AICore record slot(s) with start_time=0 (race-window write or recycled-buffer tail). buf seq=0 count=1024
[mono_ns=7230796682745145][T0xef47336faca0][WARN] copy_aicore_buffer: [chip_swimlane_collector.cpp:689] Core 41: skipped 1024 AICore record slot(s) with start_time=0 (race-window write or recycled-buffer tail). buf seq=0 count=1024
[mono_ns=7230796682808055][T0xef4733f0aca0][WARN] copy_aicore_buffer: [chip_swimlane_collector.cpp:689] Core 39: skipped 1024 AICore record slot(s) with start_time=0 (race-window write or recycled-buffer tail). buf seq=0 count=1024
[mono_ns=7230796682915495][T0xef4748dbbca0][WARN] copy_aicore_buffer: [chip_swimlane_collector.cpp:689] Core 37: skipped 1024 AICore record slot(s) with start_time=0 (race-window write or recycled-buffer tail). buf seq=0 count=1024
[mono_ns=7230796683065665][T0xef47336faca0][WARN] copy_aicore_buffer: [chip_swimlane_collector.cpp:689] Core 11: skipped 1024 AICore record slot(s) with start_time=0 (race-window write or recycled-buffer tail). buf seq=0 count=1024
[mono_ns=7230796683128805][T0xef4733f0aca0][WARN] copy_aicore_buffer: [chip_swimlane_collector.cpp:689] Core 10: skipped 1024 AICore record slot(s) with start_time=0 (race-window write or recycled-buffer tail). buf seq=0 count=1024
[mono_ns=7230796683254525][T0xef4748dbbca0][WARN] copy_aicore_buffer: [chip_swimlane_collector.cpp:689] Core 9: skipped 1024 AICore record slot(s) with start_time=0 (race-window write or recycled-buffer tail). buf seq=0 count=1024
[mono_ns=7230796683376165][T0xef47336faca0][WARN] copy_aicore_buffer: [chip_swimlane_collector.cpp:689] Core 46: skipped 1024 AICore record slot(s) with start_time=0 (race-window write or recycled-buffer tail). buf seq=0 count=1024
[mono_ns=7230796683438505][T0xef4733f0aca0][WARN] copy_aicore_buffer: [chip_swimlane_collector.cpp:689] Core 44: skipped 1024 AICore record slot(s) with start_time=0 (race-window write or recycled-buffer tail). buf seq=0 count=1024
[mono_ns=7230796683567085][T0xef4748dbbca0][WARN] copy_aicore_buffer: [chip_swimlane_collector.cpp:689] Core 42: skipped 1024 AICore record slot(s) with start_time=0 (race-window write or recycled-buffer tail). buf seq=0 count=1024
[mono_ns=7230796683687375][T0xef47336faca0][WARN] copy_aicore_buffer: [chip_swimlane_collector.cpp:689] Core 47: skipped 1024 AICore record slot(s) with start_time=0 (race-window write or recycled-buffer tail). buf seq=0 count=1024
[mono_ns=7230796683748285][T0xef4733f0aca0][WARN] copy_aicore_buffer: [chip_swimlane_collector.cpp:689] Core 45: skipped 1024 AICore record slot(s) with start_time=0 (race-window write or recycled-buffer tail). buf seq=0 count=1024
[mono_ns=7230796683877835][T0xef4748dbbca0][WARN] copy_aicore_buffer: [chip_swimlane_collector.cpp:689] Core 43: skipped 1024 AICore record slot(s) with start_time=0 (race-window write or recycled-buffer tail). buf seq=0 count=1024
[mono_ns=7230796684050125][T0xef47336faca0][WARN] copy_aicore_buffer: [chip_swimlane_collector.cpp:689] Core 14: skipped 1024 AICore record slot(s) with start_time=0 (race-window write or recycled-buffer tail). buf seq=0 count=1024
[mono_ns=7230796684071225][T0xef4733f0aca0][WARN] copy_aicore_buffer: [chip_swimlane_collector.cpp:689] Core 13: skipped 1024 AICore record slot(s) with start_time=0 (race-window write or recycled-buffer tail). buf seq=0 count=1024
[mono_ns=7230796684200845][T0xef4748dbbca0][WARN] copy_aicore_buffer: [chip_swimlane_collector.cpp:689] Core 12: skipped 1024 AICore record slot(s) with start_time=0 (race-window write or recycled-buffer tail). buf seq=0 count=1024
[mono_ns=7230796684364925][T0xef47336faca0][WARN] copy_aicore_buffer: [chip_swimlane_collector.cpp:689] Core 52: skipped 1024 AICore record slot(s) with start_time=0 (race-window write or recycled-buffer tail). buf seq=0 count=1024
[mono_ns=7230796684381705][T0xef4733f0aca0][WARN] copy_aicore_buffer: [chip_swimlane_collector.cpp:689] Core 50: skipped 1024 AICore record slot(s) with start_time=0 (race-window write or recycled-buffer tail). buf seq=0 count=1024
[mono_ns=7230796684513055][T0xef4748dbbca0][WARN] copy_aicore_buffer: [chip_swimlane_collector.cpp:689] Core 48: skipped 1024 AICore record slot(s) with start_time=0 (race-window write or recycled-buffer tail). buf seq=0 count=1024
[mono_ns=7230796684676615][T0xef47336faca0][WARN] copy_aicore_buffer: [chip_swimlane_collector.cpp:689] Core 53: skipped 1024 AICore record slot(s) with start_time=0 (race-window write or recycled-buffer tail). buf seq=0 count=1024
[mono_ns=7230796684690035][T0xef4733f0aca0][WARN] copy_aicore_buffer: [chip_swimlane_collector.cpp:689] Core 51: skipped 1024 AICore record slot(s) with start_time=0 (race-window write or recycled-buffer tail). buf seq=0 count=1024
[mono_ns=7230796684856925][T0xef4748dbbca0][WARN] copy_aicore_buffer: [chip_swimlane_collector.cpp:689] Core 49: skipped 1024 AICore record slot(s) with start_time=0 (race-window write or recycled-buffer tail). buf seq=0 count=1024
[mono_ns=7230796684987145][T0xef47336faca0][WARN] copy_aicore_buffer: [chip_swimlane_collector.cpp:689] Core 17: skipped 1024 AICore record slot(s) with start_time=0 (race-window write or recycled-buffer tail). buf seq=0 count=1024
[mono_ns=7230796684997875][T0xef4733f0aca0][WARN] copy_aicore_buffer: [chip_swimlane_collector.cpp:689] Core 16: skipped 1024 AICore record slot(s) with start_time=0 (race-window write or recycled-buffer tail). buf seq=0 count=1024
[mono_ns=7230796685178745][T0xef4748dbbca0][WARN] copy_aicore_buffer: [chip_swimlane_collector.cpp:689] Core 15: skipped 1024 AICore record slot(s) with start_time=0 (race-window write or recycled-buffer tail). buf seq=0 count=1024
[mono_ns=7230796685313045][T0xef47336faca0][WARN] copy_aicore_buffer: [chip_swimlane_collector.cpp:689] Core 58: skipped 1024 AICore record slot(s) with start_time=0 (race-window write or recycled-buffer tail). buf seq=0 count=1024
[mono_ns=7230796685315175][T0xef4733f0aca0][WARN] copy_aicore_buffer: [chip_swimlane_collector.cpp:689] Core 56: skipped 1024 AICore record slot(s) with start_time=0 (race-window write or recycled-buffer tail). buf seq=0 count=1024
[mono_ns=7230796685491645][T0xef4748dbbca0][WARN] copy_aicore_buffer: [chip_swimlane_collector.cpp:689] Core 54: skipped 1024 AICore record slot(s) with start_time=0 (race-window write or recycled-buffer tail). buf seq=0 count=1024
[mono_ns=7230796685678715][T0xef47336faca0][WARN] copy_aicore_buffer: [chip_swimlane_collector.cpp:689] Core 59: skipped 1024 AICore record slot(s) with start_time=0 (race-window write or recycled-buffer tail). buf seq=0 count=1024
[mono_ns=7230796685692735][T0xef4733f0aca0][WARN] copy_aicore_buffer: [chip_swimlane_collector.cpp:689] Core 57: skipped 1024 AICore record slot(s) with start_time=0 (race-window write or recycled-buffer tail). buf seq=0 count=1024
[mono_ns=7230796685802405][T0xef4748dbbca0][WARN] copy_aicore_buffer: [chip_swimlane_collector.cpp:689] Core 55: skipped 1024 AICore record slot(s) with start_time=0 (race-window write or recycled-buffer tail). buf seq=0 count=1024
[mono_ns=7230796686022285][T0xef47336faca0][WARN] copy_aicore_buffer: [chip_swimlane_collector.cpp:689] Core 20: skipped 1024 AICore record slot(s) with start_time=0 (race-window write or recycled-buffer tail). buf seq=0 count=1024
[mono_ns=7230796686029705][T0xef4733f0aca0][WARN] copy_aicore_buffer: [chip_swimlane_collector.cpp:689] Core 19: skipped 1024 AICore record slot(s) with start_time=0 (race-window write or recycled-buffer tail). buf seq=0 count=1024
[mono_ns=7230796686122835][T0xef4748dbbca0][WARN] copy_aicore_buffer: [chip_swimlane_collector.cpp:689] Core 18: skipped 1024 AICore record slot(s) with start_time=0 (race-window write or recycled-buffer tail). buf seq=0 count=1024
[mono_ns=7230796686350015][T0xef47336faca0][WARN] copy_aicore_buffer: [chip_swimlane_collector.cpp:689] Core 64: skipped 1024 AICore record slot(s) with start_time=0 (race-window write or recycled-buffer tail). buf seq=0 count=1024
[mono_ns=7230796686354495][T0xef4733f0aca0][WARN] copy_aicore_buffer: [chip_swimlane_collector.cpp:689] Core 62: skipped 1024 AICore record slot(s) with start_time=0 (race-window write or recycled-buffer tail). buf seq=0 count=1024
[mono_ns=7230796686434065][T0xef4748dbbca0][WARN] copy_aicore_buffer: [chip_swimlane_collector.cpp:689] Core 60: skipped 1024 AICore record slot(s) with start_time=0 (race-window write or recycled-buffer tail). buf seq=0 count=1024
[mono_ns=7230796686675585][T0xef4733f0aca0][WARN] copy_aicore_buffer: [chip_swimlane_collector.cpp:689] Core 63: skipped 1024 AICore record slot(s) with start_time=0 (race-window write or recycled-buffer tail). buf seq=0 count=1024
[mono_ns=7230796686696025][T0xef47336faca0][WARN] copy_aicore_buffer: [chip_swimlane_collector.cpp:689] Core 65: skipped 1024 AICore record slot(s) with start_time=0 (race-window write or recycled-buffer tail). buf seq=0 count=1024
[mono_ns=7230796686744535][T0xef4748dbbca0][WARN] copy_aicore_buffer: [chip_swimlane_collector.cpp:689] Core 61: skipped 1024 AICore record slot(s) with start_time=0 (race-window write or recycled-buffer tail). buf seq=0 count=1024
[mono_ns=7230796686999105][T0xef4733f0aca0][WARN] copy_aicore_buffer: [chip_swimlane_collector.cpp:689] Core 22: skipped 1024 AICore record slot(s) with start_time=0 (race-window write or recycled-buffer tail). buf seq=0 count=1024
[mono_ns=7230796687035895][T0xef47336faca0][WARN] copy_aicore_buffer: [chip_swimlane_collector.cpp:689] Core 23: skipped 1024 AICore record slot(s) with start_time=0 (race-window write or recycled-buffer tail). buf seq=0 count=1024
[mono_ns=7230796687065945][T0xef4748dbbca0][WARN] copy_aicore_buffer: [chip_swimlane_collector.cpp:689] Core 21: skipped 1024 AICore record slot(s) with start_time=0 (race-window write or recycled-buffer tail). buf seq=0 count=1024
[mono_ns=7230796687331265][T0xef4733f0aca0][WARN] copy_aicore_buffer: [chip_swimlane_collector.cpp:689] Core 68: skipped 1024 AICore record slot(s) with start_time=0 (race-window write or recycled-buffer tail). buf seq=0 count=1024
[mono_ns=7230796687375955][T0xef4748dbbca0][WARN] copy_aicore_buffer: [chip_swimlane_collector.cpp:689] Core 66: skipped 1024 AICore record slot(s) with start_time=0 (race-window write or recycled-buffer tail). buf seq=0 count=1024
[mono_ns=7230796687399905][T0xef47336faca0][WARN] copy_aicore_buffer: [chip_swimlane_collector.cpp:689] Core 70: skipped 1024 AICore record slot(s) with start_time=0 (race-window write or recycled-buffer tail). buf seq=0 count=1024
[mono_ns=7230796687656705][T0xef4733f0aca0][WARN] copy_aicore_buffer: [chip_swimlane_collector.cpp:689] Core 69: skipped 1024 AICore record slot(s) with start_time=0 (race-window write or recycled-buffer tail). buf seq=0 count=1024
[mono_ns=7230796687687345][T0xef4748dbbca0][WARN] copy_aicore_buffer: [chip_swimlane_collector.cpp:689] Core 67: skipped 1024 AICore record slot(s) with start_time=0 (race-window write or recycled-buffer tail). buf seq=0 count=1024
[mono_ns=7230796687722605][T0xef47336faca0][WARN] copy_aicore_buffer: [chip_swimlane_collector.cpp:689] Core 71: skipped 1024 AICore record slot(s) with start_time=0 (race-window write or recycled-buffer tail). buf seq=0 count=1024
[mono_ns=7230796788665890][T0xef4890b1b020][TIMING] emit_host_span: [STRACE] v=1 pid=421355 tid=421355 inv=6 hid=72d4402cc56b4f50 depth=1 name=chip.run.runner_run ts=7230796675142684 dur=113516296 
[mono_ns=7230796788783230][T0xef4890b1b020][TIMING] emit_host_span: [STRACE] v=1 pid=421355 tid=421355 inv=6 hid=72d4402cc56b4f50 depth=1 name=chip.run.validate ts=7230796788708030 dur=70820 
[mono_ns=7230796788795920][T0xef4890b1b020][TIMING] emit_host_span: [STRACE] v=1 pid=421355 tid=421355 inv=6 hid=72d4402cc56b4f50 depth=2 name=chip.run.runner_run.device_wall ts=0 dur=4214580 clk=dev
[mono_ns=7230796788801050][T0xef4890b1b020][TIMING] emit_host_span: [STRACE] v=1 pid=421355 tid=421355 inv=6 hid=72d4402cc56b4f50 depth=3 name=chip.run.runner_run.device_wall.preamble ts=0 dur=103179 clk=dev
[mono_ns=7230796788805730][T0xef4890b1b020][TIMING] emit_host_span: [STRACE] v=1 pid=421355 tid=421355 inv=6 hid=72d4402cc56b4f50 depth=3 name=chip.run.runner_run.device_wall.graph_build ts=99220 dur=4105059 clk=dev
[mono_ns=7230796788808900][T0xef4890b1b020][TIMING] emit_host_span: [STRACE] v=1 pid=421355 tid=421355 inv=6 hid=72d4402cc56b4f50 depth=3 name=chip.run.runner_run.device_wall.config_validate ts=99300 dur=940 clk=dev
[mono_ns=7230796788814000][T0xef4890b1b020][TIMING] emit_host_span: [STRACE] v=1 pid=421355 tid=421355 inv=6 hid=72d4402cc56b4f50 depth=3 name=chip.run.runner_run.device_wall.arena_wire ts=100280 dur=260 clk=dev
[mono_ns=7230796788817050][T0xef4890b1b020][TIMING] emit_host_span: [STRACE] v=1 pid=421355 tid=421355 inv=6 hid=72d4402cc56b4f50 depth=3 name=chip.run.runner_run.device_wall.sm_reset ts=100600 dur=520 clk=dev
[mono_ns=7230796788821360][T0xef4890b1b020][TIMING] emit_host_span: [STRACE] v=1 pid=421355 tid=421355 inv=6 hid=72d4402cc56b4f50 depth=3 name=chip.run.runner_run.device_wall.post_orch ts=4204340 dur=10120 clk=dev
[mono_ns=7230796788857220][T0xef4890b1b020][TIMING] emit_host_span: [STRACE] v=1 pid=421355 tid=421355 inv=6 hid=72d4402cc56b4f50 depth=3 name=chip.run.runner_run.device_wall.orch ts=101180 dur=4580 clk=dev
[mono_ns=7230796788861370][T0xef4890b1b020][TIMING] emit_host_span: [STRACE] v=1 pid=421355 tid=421355 inv=6 hid=72d4402cc56b4f50 depth=3 name=chip.run.runner_run.device_wall.sched ts=103340 dur=4077400 clk=dev
[mono_ns=7230796788866960][T0xef4890b1b020][TIMING] emit_host_span: [STRACE] v=1 pid=421355 tid=421355 inv=6 hid=72d4402cc56b4f50 depth=1 name=chip.run.claim_release ts=7230796788864550 dur=410 
[mono_ns=7230796788872770][T0xef4890b1b020][TIMING] emit_host_span: [STRACE] v=1 pid=421355 tid=421355 inv=6 hid=72d4402cc56b4f50 depth=0 name=chip.run ts=7230796674134064 dur=114736666 run_id=6 dispatch_id=6 slot_id=0 generation=6 run_epoch=6
[mono_ns=7230801632151552][T0xef4890b1b020][TIMING] emit_host_span: [STRACE] v=1 pid=421355 tid=421355 inv=7 hid=72d4402cc56b4f50 depth=2 name=chip.run.bind.args ts=7230801631831282 dur=311210 
[mono_ns=7230801632176632][T0xef4890b1b020][TIMING] emit_host_span: [STRACE] v=1 pid=421355 tid=421355 inv=7 hid=72d4402cc56b4f50 depth=2 name=chip.run.bind.prebuilt ts=7230801632168782 dur=5030 
[mono_ns=7230801632182182][T0xef4890b1b020][TIMING] emit_host_span: [STRACE] v=1 pid=421355 tid=421355 inv=7 hid=72d4402cc56b4f50 depth=1 name=chip.run.bind ts=7230801631814772 dur=364810 
[mono_ns=7230801736934062][T0xef4890b1b020][TIMING] emit_host_span: [STRACE] v=1 pid=421355 tid=421355 inv=7 hid=72d4402cc56b4f50 depth=1 name=chip.run.runner_run ts=7230801632557672 dur=104367040 
[mono_ns=7230801737043532][T0xef4890b1b020][TIMING] emit_host_span: [STRACE] v=1 pid=421355 tid=421355 inv=7 hid=72d4402cc56b4f50 depth=1 name=chip.run.validate ts=7230801736953732 dur=85760 
[mono_ns=7230801737055782][T0xef4890b1b020][TIMING] emit_host_span: [STRACE] v=1 pid=421355 tid=421355 inv=7 hid=72d4402cc56b4f50 depth=2 name=chip.run.runner_run.device_wall ts=0 dur=970700 clk=dev
[mono_ns=7230801737060612][T0xef4890b1b020][TIMING] emit_host_span: [STRACE] v=1 pid=421355 tid=421355 inv=7 hid=72d4402cc56b4f50 depth=3 name=chip.run.runner_run.device_wall.preamble ts=0 dur=7119 clk=dev
[mono_ns=7230801737065142][T0xef4890b1b020][TIMING] emit_host_span: [STRACE] v=1 pid=421355 tid=421355 inv=7 hid=72d4402cc56b4f50 depth=3 name=chip.run.runner_run.device_wall.graph_build ts=1859 dur=957120 clk=dev
[mono_ns=7230801737070292][T0xef4890b1b020][TIMING] emit_host_span: [STRACE] v=1 pid=421355 tid=421355 inv=7 hid=72d4402cc56b4f50 depth=3 name=chip.run.runner_run.device_wall.config_validate ts=2320 dur=1180 clk=dev
[mono_ns=7230801737073992][T0xef4890b1b020][TIMING] emit_host_span: [STRACE] v=1 pid=421355 tid=421355 inv=7 hid=72d4402cc56b4f50 depth=3 name=chip.run.runner_run.device_wall.arena_wire ts=3719 dur=700 clk=dev
[mono_ns=7230801737077622][T0xef4890b1b020][TIMING] emit_host_span: [STRACE] v=1 pid=421355 tid=421355 inv=7 hid=72d4402cc56b4f50 depth=3 name=chip.run.runner_run.device_wall.sm_reset ts=4640 dur=919 clk=dev
[mono_ns=7230801737125002][T0xef4890b1b020][TIMING] emit_host_span: [STRACE] v=1 pid=421355 tid=421355 inv=7 hid=72d4402cc56b4f50 depth=3 name=chip.run.runner_run.device_wall.post_orch ts=959020 dur=11580 clk=dev
[mono_ns=7230801737129632][T0xef4890b1b020][TIMING] emit_host_span: [STRACE] v=1 pid=421355 tid=421355 inv=7 hid=72d4402cc56b4f50 depth=3 name=chip.run.runner_run.device_wall.orch ts=6500 dur=11399 clk=dev
[mono_ns=7230801737134202][T0xef4890b1b020][TIMING] emit_host_span: [STRACE] v=1 pid=421355 tid=421355 inv=7 hid=72d4402cc56b4f50 depth=3 name=chip.run.runner_run.device_wall.sched ts=8180 dur=942920 clk=dev
[mono_ns=7230801737139042][T0xef4890b1b020][TIMING] emit_host_span: [STRACE] v=1 pid=421355 tid=421355 inv=7 hid=72d4402cc56b4f50 depth=1 name=chip.run.claim_release ts=7230801737136692 dur=540 
[mono_ns=7230801737144142][T0xef4890b1b020][TIMING] emit_host_span: [STRACE] v=1 pid=421355 tid=421355 inv=7 hid=72d4402cc56b4f50 depth=0 name=chip.run ts=7230801631720702 dur=105421400 run_id=7 dispatch_id=7 slot_id=0 generation=7 run_epoch=7
[mono_ns=7230801743969773][T0xef4890b1b020][TIMING] emit_host_span: [STRACE] v=1 pid=421355 tid=421355 inv=8 hid=72d4402cc56b4f50 depth=2 name=chip.run.bind.args ts=7230801743864663 dur=99730 
[mono_ns=7230801743986833][T0xef4890b1b020][TIMING] emit_host_span: [STRACE] v=1 pid=421355 tid=421355 inv=8 hid=72d4402cc56b4f50 depth=2 name=chip.run.bind.prebuilt ts=7230801743981713 dur=2880 
[mono_ns=7230801743992393][T0xef4890b1b020][TIMING] emit_host_span: [STRACE] v=1 pid=421355 tid=421355 inv=8 hid=72d4402cc56b4f50 depth=1 name=chip.run.bind ts=7230801743855723 dur=134500 
[mono_ns=7230801749385503][T0xef4733f0aca0][WARN] copy_aicore_buffer: [chip_swimlane_collector.cpp:689] Core 1: skipped 1024 AICore record slot(s) with start_time=0 (race-window write or recycled-buffer tail). buf seq=0 count=1024
[mono_ns=7230801749379773][T0xef47336faca0][WARN] copy_aicore_buffer: [chip_swimlane_collector.cpp:689] Core 2: skipped 1024 AICore record slot(s) with start_time=0 (race-window write or recycled-buffer tail). buf seq=0 count=1024
[mono_ns=7230801749380193][T0xef4748dbbca0][WARN] copy_aicore_buffer: [chip_swimlane_collector.cpp:689] Core 0: skipped 1024 AICore record slot(s) with start_time=0 (race-window write or recycled-buffer tail). buf seq=0 count=1024
[mono_ns=7230801749712333][T0xef47336faca0][WARN] copy_aicore_buffer: [chip_swimlane_collector.cpp:689] Core 28: skipped 1023 AICore record slot(s) with start_time=0 (race-window write or recycled-buffer tail). buf seq=0 count=1024
[mono_ns=7230801749712173][T0xef4748dbbca0][WARN] copy_aicore_buffer: [chip_swimlane_collector.cpp:689] Core 24: skipped 1024 AICore record slot(s) with start_time=0 (race-window write or recycled-buffer tail). buf seq=0 count=1024
[mono_ns=7230801749713293][T0xef4733f0aca0][WARN] copy_aicore_buffer: [chip_swimlane_collector.cpp:689] Core 26: skipped 1022 AICore record slot(s) with start_time=0 (race-window write or recycled-buffer tail). buf seq=0 count=1024
[mono_ns=7230801750041533][T0xef47336faca0][WARN] copy_aicore_buffer: [chip_swimlane_collector.cpp:689] Core 29: skipped 1024 AICore record slot(s) with start_time=0 (race-window write or recycled-buffer tail). buf seq=0 count=1024
[mono_ns=7230801750055813][T0xef4748dbbca0][WARN] copy_aicore_buffer: [chip_swimlane_collector.cpp:689] Core 25: skipped 1024 AICore record slot(s) with start_time=0 (race-window write or recycled-buffer tail). buf seq=0 count=1024
[mono_ns=7230801750052723][T0xef4733f0aca0][WARN] copy_aicore_buffer: [chip_swimlane_collector.cpp:689] Core 27: skipped 1024 AICore record slot(s) with start_time=0 (race-window write or recycled-buffer tail). buf seq=0 count=1024
[mono_ns=7230801750353003][T0xef47336faca0][WARN] copy_aicore_buffer: [chip_swimlane_collector.cpp:689] Core 5: skipped 1024 AICore record slot(s) with start_time=0 (race-window write or recycled-buffer tail). buf seq=0 count=1024
[mono_ns=7230801750373503][T0xef4748dbbca0][WARN] copy_aicore_buffer: [chip_swimlane_collector.cpp:689] Core 3: skipped 1024 AICore record slot(s) with start_time=0 (race-window write or recycled-buffer tail). buf seq=0 count=1024
[mono_ns=7230801750376743][T0xef4733f0aca0][WARN] copy_aicore_buffer: [chip_swimlane_collector.cpp:689] Core 4: skipped 1024 AICore record slot(s) with start_time=0 (race-window write or recycled-buffer tail). buf seq=0 count=1024
[mono_ns=7230801750663913][T0xef47336faca0][WARN] copy_aicore_buffer: [chip_swimlane_collector.cpp:689] Core 34: skipped 1024 AICore record slot(s) with start_time=0 (race-window write or recycled-buffer tail). buf seq=0 count=1024
[mono_ns=7230801750685683][T0xef4733f0aca0][WARN] copy_aicore_buffer: [chip_swimlane_collector.cpp:689] Core 32: skipped 1024 AICore record slot(s) with start_time=0 (race-window write or recycled-buffer tail). buf seq=0 count=1024
[mono_ns=7230801750686173][T0xef4748dbbca0][WARN] copy_aicore_buffer: [chip_swimlane_collector.cpp:689] Core 30: skipped 1024 AICore record slot(s) with start_time=0 (race-window write or recycled-buffer tail). buf seq=0 count=1024
[mono_ns=7230801750973833][T0xef47336faca0][WARN] copy_aicore_buffer: [chip_swimlane_collector.cpp:689] Core 35: skipped 1024 AICore record slot(s) with start_time=0 (race-window write or recycled-buffer tail). buf seq=0 count=1024
[mono_ns=7230801750995213][T0xef4733f0aca0][WARN] copy_aicore_buffer: [chip_swimlane_collector.cpp:689] Core 33: skipped 1024 AICore record slot(s) with start_time=0 (race-window write or recycled-buffer tail). buf seq=0 count=1024
[mono_ns=7230801750995533][T0xef4748dbbca0][WARN] copy_aicore_buffer: [chip_swimlane_collector.cpp:689] Core 31: skipped 1024 AICore record slot(s) with start_time=0 (race-window write or recycled-buffer tail). buf seq=0 count=1024
[mono_ns=7230801751308613][T0xef47336faca0][WARN] copy_aicore_buffer: [chip_swimlane_collector.cpp:689] Core 8: skipped 1024 AICore record slot(s) with start_time=0 (race-window write or recycled-buffer tail). buf seq=0 count=1024
[mono_ns=7230801751312953][T0xef4748dbbca0][WARN] copy_aicore_buffer: [chip_swimlane_collector.cpp:689] Core 6: skipped 1024 AICore record slot(s) with start_time=0 (race-window write or recycled-buffer tail). buf seq=0 count=1024
[mono_ns=7230801751315183][T0xef4733f0aca0][WARN] copy_aicore_buffer: [chip_swimlane_collector.cpp:689] Core 7: skipped 1024 AICore record slot(s) with start_time=0 (race-window write or recycled-buffer tail). buf seq=0 count=1024
[mono_ns=7230801751620123][T0xef47336faca0][WARN] copy_aicore_buffer: [chip_swimlane_collector.cpp:689] Core 40: skipped 1024 AICore record slot(s) with start_time=0 (race-window write or recycled-buffer tail). buf seq=0 count=1024
[mono_ns=7230801751623303][T0xef4748dbbca0][WARN] copy_aicore_buffer: [chip_swimlane_collector.cpp:689] Core 36: skipped 1024 AICore record slot(s) with start_time=0 (race-window write or recycled-buffer tail). buf seq=0 count=1024
[mono_ns=7230801751624653][T0xef4733f0aca0][WARN] copy_aicore_buffer: [chip_swimlane_collector.cpp:689] Core 38: skipped 1024 AICore record slot(s) with start_time=0 (race-window write or recycled-buffer tail). buf seq=0 count=1024
[mono_ns=7230801751930913][T0xef47336faca0][WARN] copy_aicore_buffer: [chip_swimlane_collector.cpp:689] Core 41: skipped 1024 AICore record slot(s) with start_time=0 (race-window write or recycled-buffer tail). buf seq=0 count=1024
[mono_ns=7230801751935463][T0xef4733f0aca0][WARN] copy_aicore_buffer: [chip_swimlane_collector.cpp:689] Core 39: skipped 1024 AICore record slot(s) with start_time=0 (race-window write or recycled-buffer tail). buf seq=0 count=1024
[mono_ns=7230801751983043][T0xef4748dbbca0][WARN] copy_aicore_buffer: [chip_swimlane_collector.cpp:689] Core 37: skipped 1024 AICore record slot(s) with start_time=0 (race-window write or recycled-buffer tail). buf seq=0 count=1024
[mono_ns=7230801752246523][T0xef47336faca0][WARN] copy_aicore_buffer: [chip_swimlane_collector.cpp:689] Core 11: skipped 1024 AICore record slot(s) with start_time=0 (race-window write or recycled-buffer tail). buf seq=0 count=1024
[mono_ns=7230801752248523][T0xef4733f0aca0][WARN] copy_aicore_buffer: [chip_swimlane_collector.cpp:689] Core 10: skipped 1024 AICore record slot(s) with start_time=0 (race-window write or recycled-buffer tail). buf seq=0 count=1024
[mono_ns=7230801752326693][T0xef4748dbbca0][WARN] copy_aicore_buffer: [chip_swimlane_collector.cpp:689] Core 9: skipped 1024 AICore record slot(s) with start_time=0 (race-window write or recycled-buffer tail). buf seq=0 count=1024
[mono_ns=7230801752556183][T0xef4733f0aca0][WARN] copy_aicore_buffer: [chip_swimlane_collector.cpp:689] Core 44: skipped 1024 AICore record slot(s) with start_time=0 (race-window write or recycled-buffer tail). buf seq=0 count=1024
[mono_ns=7230801752558113][T0xef47336faca0][WARN] copy_aicore_buffer: [chip_swimlane_collector.cpp:689] Core 46: skipped 1024 AICore record slot(s) with start_time=0 (race-window write or recycled-buffer tail). buf seq=0 count=1024
[mono_ns=7230801752638203][T0xef4748dbbca0][WARN] copy_aicore_buffer: [chip_swimlane_collector.cpp:689] Core 42: skipped 1024 AICore record slot(s) with start_time=0 (race-window write or recycled-buffer tail). buf seq=0 count=1024
[mono_ns=7230801752875513][T0xef47336faca0][WARN] copy_aicore_buffer: [chip_swimlane_collector.cpp:689] Core 47: skipped 1024 AICore record slot(s) with start_time=0 (race-window write or recycled-buffer tail). buf seq=0 count=1024
[mono_ns=7230801752901173][T0xef4733f0aca0][WARN] copy_aicore_buffer: [chip_swimlane_collector.cpp:689] Core 45: skipped 1024 AICore record slot(s) with start_time=0 (race-window write or recycled-buffer tail). buf seq=0 count=1024
[mono_ns=7230801752951203][T0xef4748dbbca0][WARN] copy_aicore_buffer: [chip_swimlane_collector.cpp:689] Core 43: skipped 1024 AICore record slot(s) with start_time=0 (race-window write or recycled-buffer tail). buf seq=0 count=1024
[mono_ns=7230801753205404][T0xef47336faca0][WARN] copy_aicore_buffer: [chip_swimlane_collector.cpp:689] Core 14: skipped 1024 AICore record slot(s) with start_time=0 (race-window write or recycled-buffer tail). buf seq=0 count=1024
[mono_ns=7230801753222774][T0xef4733f0aca0][WARN] copy_aicore_buffer: [chip_swimlane_collector.cpp:689] Core 13: skipped 1024 AICore record slot(s) with start_time=0 (race-window write or recycled-buffer tail). buf seq=0 count=1024
[mono_ns=7230801753275044][T0xef4748dbbca0][WARN] copy_aicore_buffer: [chip_swimlane_collector.cpp:689] Core 12: skipped 1024 AICore record slot(s) with start_time=0 (race-window write or recycled-buffer tail). buf seq=0 count=1024
[mono_ns=7230801753517564][T0xef47336faca0][WARN] copy_aicore_buffer: [chip_swimlane_collector.cpp:689] Core 52: skipped 1024 AICore record slot(s) with start_time=0 (race-window write or recycled-buffer tail). buf seq=0 count=1024
[mono_ns=7230801753528524][T0xef4733f0aca0][WARN] copy_aicore_buffer: [chip_swimlane_collector.cpp:689] Core 50: skipped 1024 AICore record slot(s) with start_time=0 (race-window write or recycled-buffer tail). buf seq=0 count=1024
[mono_ns=7230801753596934][T0xef4748dbbca0][WARN] copy_aicore_buffer: [chip_swimlane_collector.cpp:689] Core 48: skipped 1024 AICore record slot(s) with start_time=0 (race-window write or recycled-buffer tail). buf seq=0 count=1024
[mono_ns=7230801753828574][T0xef47336faca0][WARN] copy_aicore_buffer: [chip_swimlane_collector.cpp:689] Core 53: skipped 1024 AICore record slot(s) with start_time=0 (race-window write or recycled-buffer tail). buf seq=0 count=1024
[mono_ns=7230801753838494][T0xef4733f0aca0][WARN] copy_aicore_buffer: [chip_swimlane_collector.cpp:689] Core 51: skipped 1024 AICore record slot(s) with start_time=0 (race-window write or recycled-buffer tail). buf seq=0 count=1024
[mono_ns=7230801753908234][T0xef4748dbbca0][WARN] copy_aicore_buffer: [chip_swimlane_collector.cpp:689] Core 49: skipped 1024 AICore record slot(s) with start_time=0 (race-window write or recycled-buffer tail). buf seq=0 count=1024
[mono_ns=7230801754151664][T0xef47336faca0][WARN] copy_aicore_buffer: [chip_swimlane_collector.cpp:689] Core 17: skipped 1024 AICore record slot(s) with start_time=0 (race-window write or recycled-buffer tail). buf seq=0 count=1024
[mono_ns=7230801754155324][T0xef4733f0aca0][WARN] copy_aicore_buffer: [chip_swimlane_collector.cpp:689] Core 16: skipped 1024 AICore record slot(s) with start_time=0 (race-window write or recycled-buffer tail). buf seq=0 count=1024
[mono_ns=7230801754230944][T0xef4748dbbca0][WARN] copy_aicore_buffer: [chip_swimlane_collector.cpp:689] Core 15: skipped 1024 AICore record slot(s) with start_time=0 (race-window write or recycled-buffer tail). buf seq=0 count=1024
[mono_ns=7230801754461584][T0xef47336faca0][WARN] copy_aicore_buffer: [chip_swimlane_collector.cpp:689] Core 58: skipped 1024 AICore record slot(s) with start_time=0 (race-window write or recycled-buffer tail). buf seq=0 count=1024
[mono_ns=7230801754493474][T0xef4733f0aca0][WARN] copy_aicore_buffer: [chip_swimlane_collector.cpp:689] Core 56: skipped 1024 AICore record slot(s) with start_time=0 (race-window write or recycled-buffer tail). buf seq=0 count=1024
[mono_ns=7230801754542794][T0xef4748dbbca0][WARN] copy_aicore_buffer: [chip_swimlane_collector.cpp:689] Core 54: skipped 1024 AICore record slot(s) with start_time=0 (race-window write or recycled-buffer tail). buf seq=0 count=1024
[mono_ns=7230801754772334][T0xef47336faca0][WARN] copy_aicore_buffer: [chip_swimlane_collector.cpp:689] Core 59: skipped 1024 AICore record slot(s) with start_time=0 (race-window write or recycled-buffer tail). buf seq=0 count=1024
[mono_ns=7230801754802044][T0xef4733f0aca0][WARN] copy_aicore_buffer: [chip_swimlane_collector.cpp:689] Core 57: skipped 1024 AICore record slot(s) with start_time=0 (race-window write or recycled-buffer tail). buf seq=0 count=1024
[mono_ns=7230801754852504][T0xef4748dbbca0][WARN] copy_aicore_buffer: [chip_swimlane_collector.cpp:689] Core 55: skipped 1024 AICore record slot(s) with start_time=0 (race-window write or recycled-buffer tail). buf seq=0 count=1024
[mono_ns=7230801755097064][T0xef47336faca0][WARN] copy_aicore_buffer: [chip_swimlane_collector.cpp:689] Core 20: skipped 1024 AICore record slot(s) with start_time=0 (race-window write or recycled-buffer tail). buf seq=0 count=1024
[mono_ns=7230801755124054][T0xef4733f0aca0][WARN] copy_aicore_buffer: [chip_swimlane_collector.cpp:689] Core 19: skipped 1024 AICore record slot(s) with start_time=0 (race-window write or recycled-buffer tail). buf seq=0 count=1024
[mono_ns=7230801755207654][T0xef4748dbbca0][WARN] copy_aicore_buffer: [chip_swimlane_collector.cpp:689] Core 18: skipped 1024 AICore record slot(s) with start_time=0 (race-window write or recycled-buffer tail). buf seq=0 count=1024
[mono_ns=7230801755407734][T0xef47336faca0][WARN] copy_aicore_buffer: [chip_swimlane_collector.cpp:689] Core 64: skipped 1024 AICore record slot(s) with start_time=0 (race-window write or recycled-buffer tail). buf seq=0 count=1024
[mono_ns=7230801755432004][T0xef4733f0aca0][WARN] copy_aicore_buffer: [chip_swimlane_collector.cpp:689] Core 62: skipped 1024 AICore record slot(s) with start_time=0 (race-window write or recycled-buffer tail). buf seq=0 count=1024
[mono_ns=7230801755518964][T0xef4748dbbca0][WARN] copy_aicore_buffer: [chip_swimlane_collector.cpp:689] Core 60: skipped 1024 AICore record slot(s) with start_time=0 (race-window write or recycled-buffer tail). buf seq=0 count=1024
[mono_ns=7230801755718144][T0xef47336faca0][WARN] copy_aicore_buffer: [chip_swimlane_collector.cpp:689] Core 65: skipped 1024 AICore record slot(s) with start_time=0 (race-window write or recycled-buffer tail). buf seq=0 count=1024
[mono_ns=7230801755740014][T0xef4733f0aca0][WARN] copy_aicore_buffer: [chip_swimlane_collector.cpp:689] Core 63: skipped 1024 AICore record slot(s) with start_time=0 (race-window write or recycled-buffer tail). buf seq=0 count=1024
[mono_ns=7230801755829884][T0xef4748dbbca0][WARN] copy_aicore_buffer: [chip_swimlane_collector.cpp:689] Core 61: skipped 1024 AICore record slot(s) with start_time=0 (race-window write or recycled-buffer tail). buf seq=0 count=1024
[mono_ns=7230801756033834][T0xef47336faca0][WARN] copy_aicore_buffer: [chip_swimlane_collector.cpp:689] Core 23: skipped 1024 AICore record slot(s) with start_time=0 (race-window write or recycled-buffer tail). buf seq=0 count=1024
[mono_ns=7230801756088634][T0xef4733f0aca0][WARN] copy_aicore_buffer: [chip_swimlane_collector.cpp:689] Core 22: skipped 1024 AICore record slot(s) with start_time=0 (race-window write or recycled-buffer tail). buf seq=0 count=1024
[mono_ns=7230801756170534][T0xef4748dbbca0][WARN] copy_aicore_buffer: [chip_swimlane_collector.cpp:689] Core 21: skipped 1024 AICore record slot(s) with start_time=0 (race-window write or recycled-buffer tail). buf seq=0 count=1024
[mono_ns=7230801756345174][T0xef47336faca0][WARN] copy_aicore_buffer: [chip_swimlane_collector.cpp:689] Core 70: skipped 1024 AICore record slot(s) with start_time=0 (race-window write or recycled-buffer tail). buf seq=0 count=1024
[mono_ns=7230801756398674][T0xef4733f0aca0][WARN] copy_aicore_buffer: [chip_swimlane_collector.cpp:689] Core 68: skipped 1024 AICore record slot(s) with start_time=0 (race-window write or recycled-buffer tail). buf seq=0 count=1024
[mono_ns=7230801756480874][T0xef4748dbbca0][WARN] copy_aicore_buffer: [chip_swimlane_collector.cpp:689] Core 66: skipped 1024 AICore record slot(s) with start_time=0 (race-window write or recycled-buffer tail). buf seq=0 count=1024
[mono_ns=7230801756668164][T0xef47336faca0][WARN] copy_aicore_buffer: [chip_swimlane_collector.cpp:689] Core 71: skipped 1024 AICore record slot(s) with start_time=0 (race-window write or recycled-buffer tail). buf seq=0 count=1024
[mono_ns=7230801756719624][T0xef4733f0aca0][WARN] copy_aicore_buffer: [chip_swimlane_collector.cpp:689] Core 69: skipped 1024 AICore record slot(s) with start_time=0 (race-window write or recycled-buffer tail). buf seq=0 count=1024
[mono_ns=7230801756811604][T0xef4748dbbca0][WARN] copy_aicore_buffer: [chip_swimlane_collector.cpp:689] Core 67: skipped 1024 AICore record slot(s) with start_time=0 (race-window write or recycled-buffer tail). buf seq=0 count=1024
[mono_ns=7230801857391673][T0xef4890b1b020][TIMING] emit_host_span: [STRACE] v=1 pid=421355 tid=421355 inv=8 hid=72d4402cc56b4f50 depth=1 name=chip.run.runner_run ts=7230801745362103 dur=112023050 
[mono_ns=7230801857475993][T0xef4890b1b020][TIMING] emit_host_span: [STRACE] v=1 pid=421355 tid=421355 inv=8 hid=72d4402cc56b4f50 depth=1 name=chip.run.validate ts=7230801857401623 dur=70780 
[mono_ns=7230801857487693][T0xef4890b1b020][TIMING] emit_host_span: [STRACE] v=1 pid=421355 tid=421355 inv=8 hid=72d4402cc56b4f50 depth=2 name=chip.run.runner_run.device_wall ts=0 dur=3527500 clk=dev
[mono_ns=7230801857492173][T0xef4890b1b020][TIMING] emit_host_span: [STRACE] v=1 pid=421355 tid=421355 inv=8 hid=72d4402cc56b4f50 depth=3 name=chip.run.runner_run.device_wall.preamble ts=0 dur=103980 clk=dev
[mono_ns=7230801857497303][T0xef4890b1b020][TIMING] emit_host_span: [STRACE] v=1 pid=421355 tid=421355 inv=8 hid=72d4402cc56b4f50 depth=3 name=chip.run.runner_run.device_wall.graph_build ts=99020 dur=3416939 clk=dev
[mono_ns=7230801857500813][T0xef4890b1b020][TIMING] emit_host_span: [STRACE] v=1 pid=421355 tid=421355 inv=8 hid=72d4402cc56b4f50 depth=3 name=chip.run.runner_run.device_wall.config_validate ts=99640 dur=1140 clk=dev
[mono_ns=7230801857543823][T0xef4890b1b020][TIMING] emit_host_span: [STRACE] v=1 pid=421355 tid=421355 inv=8 hid=72d4402cc56b4f50 depth=3 name=chip.run.runner_run.device_wall.arena_wire ts=100800 dur=500 clk=dev
[mono_ns=7230801857547623][T0xef4890b1b020][TIMING] emit_host_span: [STRACE] v=1 pid=421355 tid=421355 inv=8 hid=72d4402cc56b4f50 depth=3 name=chip.run.runner_run.device_wall.sm_reset ts=101520 dur=720 clk=dev
[mono_ns=7230801857551243][T0xef4890b1b020][TIMING] emit_host_span: [STRACE] v=1 pid=421355 tid=421355 inv=8 hid=72d4402cc56b4f50 depth=3 name=chip.run.runner_run.device_wall.post_orch ts=3516020 dur=11340 clk=dev
[mono_ns=7230801857555123][T0xef4890b1b020][TIMING] emit_host_span: [STRACE] v=1 pid=421355 tid=421355 inv=8 hid=72d4402cc56b4f50 depth=3 name=chip.run.runner_run.device_wall.orch ts=102460 dur=7720 clk=dev
[mono_ns=7230801857558593][T0xef4890b1b020][TIMING] emit_host_span: [STRACE] v=1 pid=421355 tid=421355 inv=8 hid=72d4402cc56b4f50 depth=3 name=chip.run.runner_run.device_wall.sched ts=104120 dur=3387700 clk=dev
[mono_ns=7230801857564213][T0xef4890b1b020][TIMING] emit_host_span: [STRACE] v=1 pid=421355 tid=421355 inv=8 hid=72d4402cc56b4f50 depth=1 name=chip.run.claim_release ts=7230801857561983 dur=340 
[mono_ns=7230801857568413][T0xef4890b1b020][TIMING] emit_host_span: [STRACE] v=1 pid=421355 tid=421355 inv=8 hid=72d4402cc56b4f50 depth=0 name=chip.run ts=7230801743823823 dur=113742650 run_id=8 dispatch_id=8 slot_id=0 generation=8 run_epoch=8
