
=== p2_managed-l2_uniform_0 devices=0,1 ===
  metric=aicore_gang_span  kernel_p50=3.1900000000000004  slot_p50=3611.4598624408245  egress=0.0

=== p2_managed-l2_uniform_32 devices=0,1 ===
  metric=aicore_gang_span  kernel_p50=4.145  slot_p50=1742.0747317373753  egress=0.060843731431966724

=== p2_managed-l2_uniform_128 devices=0,1 ===
  metric=aicore_gang_span  kernel_p50=4.02  slot_p50=1768.1890167295933  egress=0.2506476287608363

=== p2_managed-l2_uniform_1024 devices=0,1 ===
  metric=aicore_gang_span  kernel_p50=6.5  slot_p50=1762.1745355427265  egress=1.2255064514118306

=== p2_managed-l2_uniform_4096 devices=0,1 ===
  metric=aicore_gang_span  kernel_p50=16.009999999999998  slot_p50=1713.5548405349255  egress=2.047200312377977

=== p2_managed-l2_uniform_8192 devices=0,1 ===
  metric=aicore_gang_span  kernel_p50=28.985  slot_p50=1735.299825668335  egress=1.1299553869695467

=== p2_managed-l2_uniform_16384 devices=0,1 ===
  metric=aicore_gang_span  kernel_p50=55.04  slot_p50=1805.4000101983547  egress=2.3844640177068963

=== p2_managed-l2_uniform_24576 devices=0,1 ===
  metric=aicore_gang_span  kernel_p50=80.39000000000001  slot_p50=1875.4256889224052  egress=2.4406678666749424

=== p2_managed-l2_uniform_24960 devices=0,1 ===
  metric=aicore_gang_span  kernel_p50=462.15000000000003  slot_p50=3639.3553018569946  egress=0.4829400134230622

=== p2_managed-l2_uniform_32768 devices=0,1 ===
  metric=aicore_gang_span  kernel_p50=107.465  slot_p50=1951.1152058839798  egress=0.6197862084659557

=== p2_managed-l2_uniform_49152 devices=0,1 ===
  metric=aicore_gang_span  kernel_p50=648.49  slot_p50=1926.841214299202  egress=0.6488726255623465

=== p2_managed-l2_uniform_65536 devices=0,1 ===
  metric=aicore_gang_span  kernel_p50=212.76333333333332  slot_p50=1942.410133779049  egress=2.4692469362324245

=== p2_managed-l2_uniform_131072 devices=0,1 ===
  metric=aicore_gang_span  kernel_p50=783.9000000000001  slot_p50=2314.5973682403564  egress=1.30226140521643

=== p2_managed-l2_uniform_262144 devices=0,1 ===
Traceback (most recent call last):
  File "/opt/pypto/tests/st/distributed/collectives/all_to_all_v_benchmark.py", line 1164, in <module>
    raise SystemExit(main())
  File "/opt/pypto/tests/st/distributed/collectives/all_to_all_v_benchmark.py", line 1153, in main
    doc = run_benchmark(args, shape)
  File "/opt/pypto/tests/st/distributed/collectives/all_to_all_v_benchmark.py", line 986, in run_benchmark
    compiled = _compile(
  File "/opt/pypto/tests/st/distributed/collectives/all_to_all_v_benchmark.py", line 866, in _compile
    return ir.compile(
  File "/opt/pypto/python/pypto/ir/compile.py", line 418, in compile
    pipeline = _run_pass_pipeline(
  File "/opt/pypto/python/pypto/ir/compile.py", line 246, in _run_pass_pipeline
    transformed_program = pm.run_passes(
  File "/opt/pypto/python/pypto/ir/pass_manager.py", line 448, in run_passes
    return self._pipeline.run(input_ir)
ValueError: Vec buffer usage (262144 bytes) exceeds platform limit (188416 bytes)
Check failed: limit == 0 || used <= limit at /opt/pypto/src/ir/transforms/allocate_memory_addr_pass.cpp:463


=== p2_managed-l2_uniform_524288 devices=0,1 ===
Traceback (most recent call last):
  File "/opt/pypto/tests/st/distributed/collectives/all_to_all_v_benchmark.py", line 1164, in <module>
    raise SystemExit(main())
  File "/opt/pypto/tests/st/distributed/collectives/all_to_all_v_benchmark.py", line 1153, in main
    doc = run_benchmark(args, shape)
  File "/opt/pypto/tests/st/distributed/collectives/all_to_all_v_benchmark.py", line 986, in run_benchmark
    compiled = _compile(
  File "/opt/pypto/tests/st/distributed/collectives/all_to_all_v_benchmark.py", line 866, in _compile
    return ir.compile(
  File "/opt/pypto/python/pypto/ir/compile.py", line 418, in compile
    pipeline = _run_pass_pipeline(
  File "/opt/pypto/python/pypto/ir/compile.py", line 246, in _run_pass_pipeline
    transformed_program = pm.run_passes(
  File "/opt/pypto/python/pypto/ir/pass_manager.py", line 448, in run_passes
    return self._pipeline.run(input_ir)
ValueError: Vec buffer usage (524288 bytes) exceeds platform limit (188416 bytes)
Check failed: limit == 0 || used <= limit at /opt/pypto/src/ir/transforms/allocate_memory_addr_pass.cpp:463


=== p2_managed-l2_uniform_1048576 devices=0,1 ===
Traceback (most recent call last):
  File "/opt/pypto/tests/st/distributed/collectives/all_to_all_v_benchmark.py", line 1164, in <module>
    raise SystemExit(main())
  File "/opt/pypto/tests/st/distributed/collectives/all_to_all_v_benchmark.py", line 1153, in main
    doc = run_benchmark(args, shape)
  File "/opt/pypto/tests/st/distributed/collectives/all_to_all_v_benchmark.py", line 986, in run_benchmark
    compiled = _compile(
  File "/opt/pypto/tests/st/distributed/collectives/all_to_all_v_benchmark.py", line 866, in _compile
    return ir.compile(
  File "/opt/pypto/python/pypto/ir/compile.py", line 418, in compile
    pipeline = _run_pass_pipeline(
  File "/opt/pypto/python/pypto/ir/compile.py", line 246, in _run_pass_pipeline
    transformed_program = pm.run_passes(
  File "/opt/pypto/python/pypto/ir/pass_manager.py", line 448, in run_passes
    return self._pipeline.run(input_ir)
ValueError: Vec buffer usage (1048576 bytes) exceeds platform limit (188416 bytes)
Check failed: limit == 0 || used <= limit at /opt/pypto/src/ir/transforms/allocate_memory_addr_pass.cpp:463


=== p2_managed-l2_zero_24960 devices=0,1 ===
  metric=aicore_gang_span  kernel_p50=3.1900000000000004  slot_p50=3061.10130622983  egress=0.0

=== p2_managed-l2_single-hot_24960 devices=0,1 ===
  metric=aicore_gang_span  kernel_p50=96.61  slot_p50=3096.617292612791  egress=1.2125426018839711

=== p2_managed-host_uniform_0 devices=0,1 ===
  metric=timing_slot  kernel_p50=5167.253315448761  slot_p50=5167.253315448761  egress=0.0

=== p2_managed-host_uniform_32 devices=0,1 ===
  metric=timing_slot  kernel_p50=3606.264479458332  slot_p50=3606.264479458332  egress=5.080481281308614e-05

=== p2_managed-host_uniform_128 devices=0,1 ===
  metric=timing_slot  kernel_p50=3365.4728904366493  slot_p50=3365.4728904366493  egress=0.00022227722343212935

=== p2_managed-host_uniform_1024 devices=0,1 ===
  metric=timing_slot  kernel_p50=3708.53953063488  slot_p50=3708.53953063488  egress=0.0014945325522964347

=== p2_managed-host_uniform_4096 devices=0,1 ===
  metric=timing_slot  kernel_p50=3460.1930528879166  slot_p50=3460.1930528879166  egress=0.006104236718427996

=== p2_managed-host_uniform_8192 devices=0,1 ===
  metric=timing_slot  kernel_p50=3827.4391554296017  slot_p50=3827.4391554296017  egress=0.012525620049801166

=== p2_managed-host_uniform_16384 devices=0,1 ===
  metric=timing_slot  kernel_p50=3404.9907699227333  slot_p50=3404.9907699227333  egress=0.025351232126153266

=== p2_managed-host_uniform_24576 devices=0,1 ===
  metric=timing_slot  kernel_p50=3647.5169472396374  slot_p50=3647.5169472396374  egress=0.04104365423947171

=== p2_managed-host_uniform_24960 devices=0,1 ===
  metric=timing_slot  kernel_p50=5165.665876120329  slot_p50=5165.665876120329  egress=0.03075174472667676

=== p2_managed-host_uniform_32768 devices=0,1 ===
  metric=timing_slot  kernel_p50=3665.977157652378  slot_p50=3665.977157652378  egress=0.053912303459931706

=== p2_managed-host_uniform_49152 devices=0,1 ===
  metric=timing_slot  kernel_p50=3559.370990842581  slot_p50=3559.370990842581  egress=0.08258755747712242

=== p2_managed-host_uniform_65536 devices=0,1 ===
  metric=timing_slot  kernel_p50=3881.3678547739983  slot_p50=3881.3678547739983  egress=0.1003070342393955

=== p2_managed-host_uniform_131072 devices=0,1 ===
  metric=timing_slot  kernel_p50=4054.3130598962307  slot_p50=4054.3130598962307  egress=0.19490063535701702

=== p2_managed-host_uniform_262144 devices=0,1 ===
Traceback (most recent call last):
  File "/opt/pypto/tests/st/distributed/collectives/all_to_all_v_benchmark.py", line 1164, in <module>
    raise SystemExit(main())
  File "/opt/pypto/tests/st/distributed/collectives/all_to_all_v_benchmark.py", line 1153, in main
    doc = run_benchmark(args, shape)
  File "/opt/pypto/tests/st/distributed/collectives/all_to_all_v_benchmark.py", line 986, in run_benchmark
    compiled = _compile(
  File "/opt/pypto/tests/st/distributed/collectives/all_to_all_v_benchmark.py", line 866, in _compile
    return ir.compile(
  File "/opt/pypto/python/pypto/ir/compile.py", line 418, in compile
    pipeline = _run_pass_pipeline(
  File "/opt/pypto/python/pypto/ir/compile.py", line 246, in _run_pass_pipeline
    transformed_program = pm.run_passes(
  File "/opt/pypto/python/pypto/ir/pass_manager.py", line 448, in run_passes
    return self._pipeline.run(input_ir)
ValueError: Vec buffer usage (262144 bytes) exceeds platform limit (188416 bytes)
Check failed: limit == 0 || used <= limit at /opt/pypto/src/ir/transforms/allocate_memory_addr_pass.cpp:463


=== p2_managed-host_uniform_524288 devices=0,1 ===
Traceback (most recent call last):
  File "/opt/pypto/tests/st/distributed/collectives/all_to_all_v_benchmark.py", line 1164, in <module>
    raise SystemExit(main())
  File "/opt/pypto/tests/st/distributed/collectives/all_to_all_v_benchmark.py", line 1153, in main
    doc = run_benchmark(args, shape)
  File "/opt/pypto/tests/st/distributed/collectives/all_to_all_v_benchmark.py", line 986, in run_benchmark
    compiled = _compile(
  File "/opt/pypto/tests/st/distributed/collectives/all_to_all_v_benchmark.py", line 866, in _compile
    return ir.compile(
  File "/opt/pypto/python/pypto/ir/compile.py", line 418, in compile
    pipeline = _run_pass_pipeline(
  File "/opt/pypto/python/pypto/ir/compile.py", line 246, in _run_pass_pipeline
    transformed_program = pm.run_passes(
  File "/opt/pypto/python/pypto/ir/pass_manager.py", line 448, in run_passes
    return self._pipeline.run(input_ir)
ValueError: Vec buffer usage (524288 bytes) exceeds platform limit (188416 bytes)
Check failed: limit == 0 || used <= limit at /opt/pypto/src/ir/transforms/allocate_memory_addr_pass.cpp:463


=== p2_managed-host_uniform_1048576 devices=0,1 ===
Traceback (most recent call last):
  File "/opt/pypto/tests/st/distributed/collectives/all_to_all_v_benchmark.py", line 1164, in <module>
    raise SystemExit(main())
  File "/opt/pypto/tests/st/distributed/collectives/all_to_all_v_benchmark.py", line 1153, in main
    doc = run_benchmark(args, shape)
  File "/opt/pypto/tests/st/distributed/collectives/all_to_all_v_benchmark.py", line 986, in run_benchmark
    compiled = _compile(
  File "/opt/pypto/tests/st/distributed/collectives/all_to_all_v_benchmark.py", line 866, in _compile
    return ir.compile(
  File "/opt/pypto/python/pypto/ir/compile.py", line 418, in compile
    pipeline = _run_pass_pipeline(
  File "/opt/pypto/python/pypto/ir/compile.py", line 246, in _run_pass_pipeline
    transformed_program = pm.run_passes(
  File "/opt/pypto/python/pypto/ir/pass_manager.py", line 448, in run_passes
    return self._pipeline.run(input_ir)
ValueError: Vec buffer usage (1048576 bytes) exceeds platform limit (188416 bytes)
Check failed: limit == 0 || used <= limit at /opt/pypto/src/ir/transforms/allocate_memory_addr_pass.cpp:463


=== p2_managed-host_zero_24960 devices=0,1 ===
  metric=timing_slot  kernel_p50=5271.24060317874  slot_p50=5271.24060317874  egress=0.0

=== p2_managed-host_single-hot_24960 devices=0,1 ===
  metric=timing_slot  kernel_p50=4655.611701309681  slot_p50=4655.611701309681  egress=0.03220346340672648

=== p4_managed-l2_uniform_0 devices=0,1,2,3 ===
  metric=aicore_gang_span  kernel_p50=7.220000000000001  slot_p50=5855.473689734936  egress=0.0

=== p4_managed-l2_uniform_32 devices=0,1,2,3 ===
  metric=aicore_gang_span  kernel_p50=9.51  slot_p50=2217.787317931652  egress=0.020842898013185125

=== p4_managed-l2_uniform_128 devices=0,1,2,3 ===
  metric=aicore_gang_span  kernel_p50=9.36  slot_p50=2208.7525576353073  egress=0.32581201113615277

=== p4_managed-l2_uniform_1024 devices=0,1,2,3 ===
  metric=aicore_gang_span  kernel_p50=15.29  slot_p50=2158.9468233287334  egress=0.23532059031227184

=== p4_managed-l2_uniform_4096 devices=0,1,2,3 ===
  metric=aicore_gang_span  kernel_p50=40.495000000000005  slot_p50=2261.9380615651608  egress=2.4271843461621554

=== p4_managed-l2_uniform_8192 devices=0,1,2,3 ===
  metric=aicore_gang_span  kernel_p50=73.225  slot_p50=2272.356767207384  egress=1.9818439168217195

=== p4_managed-l2_uniform_16384 devices=0,1,2,3 ===
  metric=aicore_gang_span  kernel_p50=137.47  slot_p50=2643.994987010956  egress=0.8574066973995744

=== p4_managed-l2_uniform_24576 devices=0,1,2,3 ===
  metric=aicore_gang_span  kernel_p50=204.89499999999998  slot_p50=2742.295153439045  egress=2.888869025389226

=== p4_managed-l2_uniform_24960 devices=0,1,2,3 ===
  metric=aicore_gang_span  kernel_p50=263.15833333333336  slot_p50=4912.038333714008  egress=2.277007968045461

=== p4_managed-l2_uniform_32768 devices=0,1,2,3 ===
l_live_domains
    _raise_first(_release, list(live_domains.values())[::-1])
  File "/opt/pypto/runtime/python/simpler/worker.py", line 1107, in _raise_first
    raise first_error
  File "/opt/pypto/runtime/python/simpler/worker.py", line 1102, in _raise_first
    step(item)
  File "/opt/pypto/runtime/python/simpler/worker.py", line 10247, in _release
    self._release_domain_now(handle)
  File "/opt/pypto/runtime/python/simpler/worker.py", line 9248, in _release_domain_now
    raise result.error
  File "/opt/pypto/runtime/python/simpler/worker.py", line 1339, in invoke
    result.value = operation()
  File "/opt/pypto/runtime/python/simpler/worker.py", line 9232, in release_claim
    self._release_domain_claimed(handle)
  File "/opt/pypto/runtime/python/simpler/worker.py", line 9293, in _release_domain_claimed
    _run_with_owned_shared_memory(
  File "/opt/pypto/runtime/python/simpler/worker.py", line 1643, in _run_with_owned_shared_memory
    raise result.error
  File "/opt/pypto/runtime/python/simpler/worker.py", line 1339, in invoke
    result.value = operation()
  File "/opt/pypto/runtime/python/simpler/worker.py", line 1636, in run_lifecycle
    raise operation_error
  File "/opt/pypto/runtime/python/simpler/worker.py", line 1623, in run_lifecycle
    value = operation(owner)
  File "/opt/pypto/runtime/python/simpler/worker.py", line 9281, in release
    self._dispatch_control_domain(
  File "/opt/pypto/runtime/python/simpler/worker.py", line 9334, in _dispatch_control_domain
    raise RuntimeError(
RuntimeError: release_domain(allocation_id=0) failed on 4/4 chips; first error chip=1: control_release_domain failed on child: chip_process dev=1 ctrl=8: RuntimeError: comm_release_domain_windows failed with code -1
[mono_ns=7175255046937411][T0xef8b6a57b020][WARN] comm_destroy: [comm_hccl.cpp:1747] [comm rank 0] comm_destroy: final barrier failed during departure wait for rank 3; releasing local state anyway
[mono_ns=7175255239372765][T0xef8b6a57b020][WARN] comm_destroy: [comm_hccl.cpp:1800] [comm rank 1] comm_destroy: final release failed during release wait for rank 1
[mono_ns=7175255345754523][T0xef8b6a57b020][WARN] comm_destroy: [comm_hccl.cpp:1800] [comm rank 2] comm_destroy: final release failed during release wait for rank 2
/usr/lib/python3.10/multiprocessing/resource_tracker.py:224: UserWarning: resource_tracker: There appear to be 4 leaked shared_memory objects to clean up at shutdown
  warnings.warn('resource_tracker: There appear to be %d '


=== p4_managed-l2_uniform_49152 devices=0,1,2,3 ===
Error: Unsupported function call: _copy_row_chunked(pl, inp, stage, row, width, tile_cols)
  --> /opt/pypto/tests/st/distributed/collectives/all_to_all_v_benchmark.py:746:25
    |
744 |         ]:
745 |             for row in pl.range(total):
746 |                 stage = _copy_row_chunked(pl, inp, stage, row, width, tile_cols)
    |                         ^^^^^^^^^^^^^^^^^
747 |             for d in pl.range(nr):
748 |                 v = pl.read(counts_row, [d, 0])
    |
   = help: Use pl.* operations, pl.yield_(), self.method() for cross-function calls, or call an external @pl.function / @pl.inline by name

note: run with `PTO_BACKTRACE=1` environment variable to display a backtrace.


=== p4_managed-l2_uniform_65536 devices=0,1,2,3 ===
Error: Unsupported function call: _copy_row_chunked(pl, inp, stage, row, width, tile_cols)
  --> /opt/pypto/tests/st/distributed/collectives/all_to_all_v_benchmark.py:736:25
    |
734 |         ]:
735 |             for row in pl.range(total):
736 |                 stage = _copy_row_chunked(pl, inp, stage, row, width, tile_cols)
    |                         ^^^^^^^^^^^^^^^^^
737 |             for d in pl.range(nr):
738 |                 v = pl.read(counts_row, [d, 0])
    |
   = help: Use pl.* operations, pl.yield_(), self.method() for cross-function calls, or call an external @pl.function / @pl.inline by name

note: run with `PTO_BACKTRACE=1` environment variable to display a backtrace.


=== p4_managed-l2_uniform_131072 devices=0,1,2,3 ===
= pl.yield_(out_iter__ssa_v0)
        for r__idx_v0_1 in pl.range(n_rows__ssa_v0, 1):
            flat_row__ssa_v1: pl.Scalar[pl.INDEX] = base__ssa_v0 + r__idx_v0_1
            for col__idx_v0_1, (out_iter_1,) in pl.range(0, 131072, 16384, init_values=(out_2__FREE_VAR,)):
                valid__ssa_v0_1: pl.Scalar[pl.INDEX] = pl.min(16384, 131072 - col__idx_v0_1)
                tile__ssa_v0_1: pl.Tile[[1, 16384], pl.INT8, pl.TileView(valid_shape=[1, valid__ssa_v0_1])] = pl.tile.load(data__ssa_v0, [flat_row__ssa_v1, col__idx_v0_1], [1, 16384], [1, valid__ssa_v0_1])
                out_iter__ssa_v0_1: pl.Tensor[[4, 131072], pl.INT8] = pl.tile.store(tile__ssa_v0_1, [flat_row__ssa_v1, col__idx_v0_1], out_iter_1)
                out_1: pl.Tensor[[4, 131072], pl.INT8] = pl.yield_(out_iter__ssa_v0_1)
    return out_3__FREE_VAR, recv_out__ssa_v0
  Location: /opt/pypto/python/pypto/language/parser/ast_parser.py:2925:-1
  Error Code: 6

[4] ERROR - SSAVerify
  Message: Variable 'stage' used outside its defining scope
  In function 'stage_step':
@pl.function(type=pl.FunctionType.InCore, level=pl.Level.CHIP_DIE, role=pl.Role.SubWorker)
def stage_step(inp__ssa_v0: pl.Tensor[[4, 131072], pl.INT8], counts_row__ssa_v0: pl.Tensor[[4, 1], pl.INT32], stage__ssa_v0: pl.InOut[pld.DistributedTensor[[4, 131072], pl.INT8]], counts__ssa_v0: pl.InOut[pld.DistributedTensor[[4, 1], pl.INT32]]) -> tuple[pld.DistributedTensor[[4, 131072], pl.INT8], pld.DistributedTensor[[4, 1], pl.INT32]]:
    for row__idx_v0 in pl.range(4):
        for col__idx_v0, (stage_iter,) in pl.range(0, 131072, 16384, init_values=(stage__ssa_v0,)):
            valid__ssa_v0: pl.Scalar[pl.INDEX] = pl.min(16384, 131072 - col__idx_v0)
            tile__ssa_v0: pl.Tile[[1, 16384], pl.INT8, pl.TileView(valid_shape=[1, valid__ssa_v0])] = pl.tile.load(inp__ssa_v0, [row__idx_v0, col__idx_v0], [1, 16384], [1, valid__ssa_v0])
            stage_iter__ssa_v0: pld.DistributedTensor[[4, 131072], pl.INT8] = pl.tile.store(tile__ssa_v0, [row__idx_v0, col__idx_v0], stage_iter)
            stage: pld.DistributedTensor[[4, 131072], pl.INT8] = pl.yield_(stage_iter__ssa_v0)
    for d__idx_v0 in pl.range(4):
        v__ssa_v0: pl.Scalar[pl.INT32] = pl.tensor.read(counts_row__ssa_v0, [d__idx_v0, 0])
        pl.tensor.write(counts__ssa_v0, [d__idx_v0, 0], v__ssa_v0)
    return stage_1__FREE_VAR, counts__ssa_v0
  Location: /opt/pypto/python/pypto/language/parser/ast_parser.py:2925:-1
  Error Code: 6

Status: FAILED (4 error(s) found)



=== p4_managed-l2_uniform_262144 devices=0,1,2,3 ===
= pl.yield_(out_iter__ssa_v0)
        for r__idx_v0_1 in pl.range(n_rows__ssa_v0, 1):
            flat_row__ssa_v1: pl.Scalar[pl.INDEX] = base__ssa_v0 + r__idx_v0_1
            for col__idx_v0_1, (out_iter_1,) in pl.range(0, 262144, 16384, init_values=(out_2__FREE_VAR,)):
                valid__ssa_v0_1: pl.Scalar[pl.INDEX] = pl.min(16384, 262144 - col__idx_v0_1)
                tile__ssa_v0_1: pl.Tile[[1, 16384], pl.INT8, pl.TileView(valid_shape=[1, valid__ssa_v0_1])] = pl.tile.load(data__ssa_v0, [flat_row__ssa_v1, col__idx_v0_1], [1, 16384], [1, valid__ssa_v0_1])
                out_iter__ssa_v0_1: pl.Tensor[[4, 262144], pl.INT8] = pl.tile.store(tile__ssa_v0_1, [flat_row__ssa_v1, col__idx_v0_1], out_iter_1)
                out_1: pl.Tensor[[4, 262144], pl.INT8] = pl.yield_(out_iter__ssa_v0_1)
    return out_3__FREE_VAR, recv_out__ssa_v0
  Location: /opt/pypto/python/pypto/language/parser/ast_parser.py:2925:-1
  Error Code: 6

[4] ERROR - SSAVerify
  Message: Variable 'stage' used outside its defining scope
  In function 'stage_step':
@pl.function(type=pl.FunctionType.InCore, level=pl.Level.CHIP_DIE, role=pl.Role.SubWorker)
def stage_step(inp__ssa_v0: pl.Tensor[[4, 262144], pl.INT8], counts_row__ssa_v0: pl.Tensor[[4, 1], pl.INT32], stage__ssa_v0: pl.InOut[pld.DistributedTensor[[4, 262144], pl.INT8]], counts__ssa_v0: pl.InOut[pld.DistributedTensor[[4, 1], pl.INT32]]) -> tuple[pld.DistributedTensor[[4, 262144], pl.INT8], pld.DistributedTensor[[4, 1], pl.INT32]]:
    for row__idx_v0 in pl.range(4):
        for col__idx_v0, (stage_iter,) in pl.range(0, 262144, 16384, init_values=(stage__ssa_v0,)):
            valid__ssa_v0: pl.Scalar[pl.INDEX] = pl.min(16384, 262144 - col__idx_v0)
            tile__ssa_v0: pl.Tile[[1, 16384], pl.INT8, pl.TileView(valid_shape=[1, valid__ssa_v0])] = pl.tile.load(inp__ssa_v0, [row__idx_v0, col__idx_v0], [1, 16384], [1, valid__ssa_v0])
            stage_iter__ssa_v0: pld.DistributedTensor[[4, 262144], pl.INT8] = pl.tile.store(tile__ssa_v0, [row__idx_v0, col__idx_v0], stage_iter)
            stage: pld.DistributedTensor[[4, 262144], pl.INT8] = pl.yield_(stage_iter__ssa_v0)
    for d__idx_v0 in pl.range(4):
        v__ssa_v0: pl.Scalar[pl.INT32] = pl.tensor.read(counts_row__ssa_v0, [d__idx_v0, 0])
        pl.tensor.write(counts__ssa_v0, [d__idx_v0, 0], v__ssa_v0)
    return stage_1__FREE_VAR, counts__ssa_v0
  Location: /opt/pypto/python/pypto/language/parser/ast_parser.py:2925:-1
  Error Code: 6

Status: FAILED (4 error(s) found)



=== p4_managed-l2_uniform_524288 devices=0,1,2,3 ===
= pl.yield_(out_iter__ssa_v0)
        for r__idx_v0_1 in pl.range(n_rows__ssa_v0, 1):
            flat_row__ssa_v1: pl.Scalar[pl.INDEX] = base__ssa_v0 + r__idx_v0_1
            for col__idx_v0_1, (out_iter_1,) in pl.range(0, 524288, 16384, init_values=(out_2__FREE_VAR,)):
                valid__ssa_v0_1: pl.Scalar[pl.INDEX] = pl.min(16384, 524288 - col__idx_v0_1)
                tile__ssa_v0_1: pl.Tile[[1, 16384], pl.INT8, pl.TileView(valid_shape=[1, valid__ssa_v0_1])] = pl.tile.load(data__ssa_v0, [flat_row__ssa_v1, col__idx_v0_1], [1, 16384], [1, valid__ssa_v0_1])
                out_iter__ssa_v0_1: pl.Tensor[[4, 524288], pl.INT8] = pl.tile.store(tile__ssa_v0_1, [flat_row__ssa_v1, col__idx_v0_1], out_iter_1)
                out_1: pl.Tensor[[4, 524288], pl.INT8] = pl.yield_(out_iter__ssa_v0_1)
    return out_3__FREE_VAR, recv_out__ssa_v0
  Location: /opt/pypto/python/pypto/language/parser/ast_parser.py:2925:-1
  Error Code: 6

[4] ERROR - SSAVerify
  Message: Variable 'stage' used outside its defining scope
  In function 'stage_step':
@pl.function(type=pl.FunctionType.InCore, level=pl.Level.CHIP_DIE, role=pl.Role.SubWorker)
def stage_step(inp__ssa_v0: pl.Tensor[[4, 524288], pl.INT8], counts_row__ssa_v0: pl.Tensor[[4, 1], pl.INT32], stage__ssa_v0: pl.InOut[pld.DistributedTensor[[4, 524288], pl.INT8]], counts__ssa_v0: pl.InOut[pld.DistributedTensor[[4, 1], pl.INT32]]) -> tuple[pld.DistributedTensor[[4, 524288], pl.INT8], pld.DistributedTensor[[4, 1], pl.INT32]]:
    for row__idx_v0 in pl.range(4):
        for col__idx_v0, (stage_iter,) in pl.range(0, 524288, 16384, init_values=(stage__ssa_v0,)):
            valid__ssa_v0: pl.Scalar[pl.INDEX] = pl.min(16384, 524288 - col__idx_v0)
            tile__ssa_v0: pl.Tile[[1, 16384], pl.INT8, pl.TileView(valid_shape=[1, valid__ssa_v0])] = pl.tile.load(inp__ssa_v0, [row__idx_v0, col__idx_v0], [1, 16384], [1, valid__ssa_v0])
            stage_iter__ssa_v0: pld.DistributedTensor[[4, 524288], pl.INT8] = pl.tile.store(tile__ssa_v0, [row__idx_v0, col__idx_v0], stage_iter)
            stage: pld.DistributedTensor[[4, 524288], pl.INT8] = pl.yield_(stage_iter__ssa_v0)
    for d__idx_v0 in pl.range(4):
        v__ssa_v0: pl.Scalar[pl.INT32] = pl.tensor.read(counts_row__ssa_v0, [d__idx_v0, 0])
        pl.tensor.write(counts__ssa_v0, [d__idx_v0, 0], v__ssa_v0)
    return stage_1__FREE_VAR, counts__ssa_v0
  Location: /opt/pypto/python/pypto/language/parser/ast_parser.py:2925:-1
  Error Code: 6

Status: FAILED (4 error(s) found)



=== p4_managed-l2_uniform_1048576 devices=0,1,2,3 ===
(out_iter__ssa_v0)
        for r__idx_v0_1 in pl.range(n_rows__ssa_v0, 1):
            flat_row__ssa_v1: pl.Scalar[pl.INDEX] = base__ssa_v0 + r__idx_v0_1
            for col__idx_v0_1, (out_iter_1,) in pl.range(0, 1048576, 16384, init_values=(out_2__FREE_VAR,)):
                valid__ssa_v0_1: pl.Scalar[pl.INDEX] = pl.min(16384, 1048576 - col__idx_v0_1)
                tile__ssa_v0_1: pl.Tile[[1, 16384], pl.INT8, pl.TileView(valid_shape=[1, valid__ssa_v0_1])] = pl.tile.load(data__ssa_v0, [flat_row__ssa_v1, col__idx_v0_1], [1, 16384], [1, valid__ssa_v0_1])
                out_iter__ssa_v0_1: pl.Tensor[[4, 1048576], pl.INT8] = pl.tile.store(tile__ssa_v0_1, [flat_row__ssa_v1, col__idx_v0_1], out_iter_1)
                out_1: pl.Tensor[[4, 1048576], pl.INT8] = pl.yield_(out_iter__ssa_v0_1)
    return out_3__FREE_VAR, recv_out__ssa_v0
  Location: /opt/pypto/python/pypto/language/parser/ast_parser.py:2925:-1
  Error Code: 6

[4] ERROR - SSAVerify
  Message: Variable 'stage' used outside its defining scope
  In function 'stage_step':
@pl.function(type=pl.FunctionType.InCore, level=pl.Level.CHIP_DIE, role=pl.Role.SubWorker)
def stage_step(inp__ssa_v0: pl.Tensor[[4, 1048576], pl.INT8], counts_row__ssa_v0: pl.Tensor[[4, 1], pl.INT32], stage__ssa_v0: pl.InOut[pld.DistributedTensor[[4, 1048576], pl.INT8]], counts__ssa_v0: pl.InOut[pld.DistributedTensor[[4, 1], pl.INT32]]) -> tuple[pld.DistributedTensor[[4, 1048576], pl.INT8], pld.DistributedTensor[[4, 1], pl.INT32]]:
    for row__idx_v0 in pl.range(4):
        for col__idx_v0, (stage_iter,) in pl.range(0, 1048576, 16384, init_values=(stage__ssa_v0,)):
            valid__ssa_v0: pl.Scalar[pl.INDEX] = pl.min(16384, 1048576 - col__idx_v0)
            tile__ssa_v0: pl.Tile[[1, 16384], pl.INT8, pl.TileView(valid_shape=[1, valid__ssa_v0])] = pl.tile.load(inp__ssa_v0, [row__idx_v0, col__idx_v0], [1, 16384], [1, valid__ssa_v0])
            stage_iter__ssa_v0: pld.DistributedTensor[[4, 1048576], pl.INT8] = pl.tile.store(tile__ssa_v0, [row__idx_v0, col__idx_v0], stage_iter)
            stage: pld.DistributedTensor[[4, 1048576], pl.INT8] = pl.yield_(stage_iter__ssa_v0)
    for d__idx_v0 in pl.range(4):
        v__ssa_v0: pl.Scalar[pl.INT32] = pl.tensor.read(counts_row__ssa_v0, [d__idx_v0, 0])
        pl.tensor.write(counts__ssa_v0, [d__idx_v0, 0], v__ssa_v0)
    return stage_1__FREE_VAR, counts__ssa_v0
  Location: /opt/pypto/python/pypto/language/parser/ast_parser.py:2925:-1
  Error Code: 6

Status: FAILED (4 error(s) found)



=== p4_managed-l2_zero_24960 devices=0,1,2,3 ===
T8] = pl.yield_(out_iter__ssa_v0)
        for r__idx_v0_1 in pl.range(n_rows__ssa_v0, 253):
            flat_row__ssa_v1: pl.Scalar[pl.INDEX] = base__ssa_v0 + r__idx_v0_1
            for col__idx_v0_1, (out_iter_1,) in pl.range(0, 4160, 4160, init_values=(out_2__FREE_VAR,)):
                valid__ssa_v0_1: pl.Scalar[pl.INDEX] = pl.min(4160, 4160 - col__idx_v0_1)
                tile__ssa_v0_1: pl.Tile[[1, 4160], pl.INT8, pl.TileView(valid_shape=[1, valid__ssa_v0_1])] = pl.tile.load(data__ssa_v0, [flat_row__ssa_v1, col__idx_v0_1], [1, 4160], [1, valid__ssa_v0_1])
                out_iter__ssa_v0_1: pl.Tensor[[1012, 4160], pl.INT8] = pl.tile.store(tile__ssa_v0_1, [flat_row__ssa_v1, col__idx_v0_1], out_iter_1)
                out_1: pl.Tensor[[1012, 4160], pl.INT8] = pl.yield_(out_iter__ssa_v0_1)
    return out_3__FREE_VAR, recv_out__ssa_v0
  Location: /opt/pypto/python/pypto/language/parser/ast_parser.py:2925:-1
  Error Code: 6

[4] ERROR - SSAVerify
  Message: Variable 'stage' used outside its defining scope
  In function 'stage_step':
@pl.function(type=pl.FunctionType.InCore, level=pl.Level.CHIP_DIE, role=pl.Role.SubWorker)
def stage_step(inp__ssa_v0: pl.Tensor[[1012, 4160], pl.INT8], counts_row__ssa_v0: pl.Tensor[[4, 1], pl.INT32], stage__ssa_v0: pl.InOut[pld.DistributedTensor[[1012, 4160], pl.INT8]], counts__ssa_v0: pl.InOut[pld.DistributedTensor[[4, 1], pl.INT32]]) -> tuple[pld.DistributedTensor[[1012, 4160], pl.INT8], pld.DistributedTensor[[4, 1], pl.INT32]]:
    for row__idx_v0 in pl.range(1012):
        for col__idx_v0, (stage_iter,) in pl.range(0, 4160, 4160, init_values=(stage__ssa_v0,)):
            valid__ssa_v0: pl.Scalar[pl.INDEX] = pl.min(4160, 4160 - col__idx_v0)
            tile__ssa_v0: pl.Tile[[1, 4160], pl.INT8, pl.TileView(valid_shape=[1, valid__ssa_v0])] = pl.tile.load(inp__ssa_v0, [row__idx_v0, col__idx_v0], [1, 4160], [1, valid__ssa_v0])
            stage_iter__ssa_v0: pld.DistributedTensor[[1012, 4160], pl.INT8] = pl.tile.store(tile__ssa_v0, [row__idx_v0, col__idx_v0], stage_iter)
            stage: pld.DistributedTensor[[1012, 4160], pl.INT8] = pl.yield_(stage_iter__ssa_v0)
    for d__idx_v0 in pl.range(4):
        v__ssa_v0: pl.Scalar[pl.INT32] = pl.tensor.read(counts_row__ssa_v0, [d__idx_v0, 0])
        pl.tensor.write(counts__ssa_v0, [d__idx_v0, 0], v__ssa_v0)
    return stage_1__FREE_VAR, counts__ssa_v0
  Location: /opt/pypto/python/pypto/language/parser/ast_parser.py:2925:-1
  Error Code: 6

Status: FAILED (4 error(s) found)



=== p4_managed-l2_single-hot_24960 devices=0,1,2,3 ===
T8] = pl.yield_(out_iter__ssa_v0)
        for r__idx_v0_1 in pl.range(n_rows__ssa_v0, 253):
            flat_row__ssa_v1: pl.Scalar[pl.INDEX] = base__ssa_v0 + r__idx_v0_1
            for col__idx_v0_1, (out_iter_1,) in pl.range(0, 4160, 4160, init_values=(out_2__FREE_VAR,)):
                valid__ssa_v0_1: pl.Scalar[pl.INDEX] = pl.min(4160, 4160 - col__idx_v0_1)
                tile__ssa_v0_1: pl.Tile[[1, 4160], pl.INT8, pl.TileView(valid_shape=[1, valid__ssa_v0_1])] = pl.tile.load(data__ssa_v0, [flat_row__ssa_v1, col__idx_v0_1], [1, 4160], [1, valid__ssa_v0_1])
                out_iter__ssa_v0_1: pl.Tensor[[1012, 4160], pl.INT8] = pl.tile.store(tile__ssa_v0_1, [flat_row__ssa_v1, col__idx_v0_1], out_iter_1)
                out_1: pl.Tensor[[1012, 4160], pl.INT8] = pl.yield_(out_iter__ssa_v0_1)
    return out_3__FREE_VAR, recv_out__ssa_v0
  Location: /opt/pypto/python/pypto/language/parser/ast_parser.py:2925:-1
  Error Code: 6

[4] ERROR - SSAVerify
  Message: Variable 'stage' used outside its defining scope
  In function 'stage_step':
@pl.function(type=pl.FunctionType.InCore, level=pl.Level.CHIP_DIE, role=pl.Role.SubWorker)
def stage_step(inp__ssa_v0: pl.Tensor[[1012, 4160], pl.INT8], counts_row__ssa_v0: pl.Tensor[[4, 1], pl.INT32], stage__ssa_v0: pl.InOut[pld.DistributedTensor[[1012, 4160], pl.INT8]], counts__ssa_v0: pl.InOut[pld.DistributedTensor[[4, 1], pl.INT32]]) -> tuple[pld.DistributedTensor[[1012, 4160], pl.INT8], pld.DistributedTensor[[4, 1], pl.INT32]]:
    for row__idx_v0 in pl.range(1012):
        for col__idx_v0, (stage_iter,) in pl.range(0, 4160, 4160, init_values=(stage__ssa_v0,)):
            valid__ssa_v0: pl.Scalar[pl.INDEX] = pl.min(4160, 4160 - col__idx_v0)
            tile__ssa_v0: pl.Tile[[1, 4160], pl.INT8, pl.TileView(valid_shape=[1, valid__ssa_v0])] = pl.tile.load(inp__ssa_v0, [row__idx_v0, col__idx_v0], [1, 4160], [1, valid__ssa_v0])
            stage_iter__ssa_v0: pld.DistributedTensor[[1012, 4160], pl.INT8] = pl.tile.store(tile__ssa_v0, [row__idx_v0, col__idx_v0], stage_iter)
            stage: pld.DistributedTensor[[1012, 4160], pl.INT8] = pl.yield_(stage_iter__ssa_v0)
    for d__idx_v0 in pl.range(4):
        v__ssa_v0: pl.Scalar[pl.INT32] = pl.tensor.read(counts_row__ssa_v0, [d__idx_v0, 0])
        pl.tensor.write(counts__ssa_v0, [d__idx_v0, 0], v__ssa_v0)
    return stage_1__FREE_VAR, counts__ssa_v0
  Location: /opt/pypto/python/pypto/language/parser/ast_parser.py:2925:-1
  Error Code: 6

Status: FAILED (4 error(s) found)



=== p4_managed-host_uniform_0 devices=0,1,2,3 ===
s defining scope
  In function 'consume_step':
@pl.function(type=pl.FunctionType.InCore, level=pl.Level.CHIP_DIE, role=pl.Role.SubWorker)
def consume_step(data__ssa_v0: pld.DistributedTensor[[1012, 4160], pl.INT8], recv_counts__ssa_v0: pld.DistributedTensor[[4, 1], pl.INT32], out__ssa_v0: pl.Out[pl.Tensor[[1012, 4160], pl.INT8]], recv_out__ssa_v0: pl.Out[pl.Tensor[[4, 1], pl.INT32]]) -> tuple[pl.Tensor[[1012, 4160], pl.INT8], pl.Tensor[[4, 1], pl.INT32]]:
    for src__idx_v0 in pl.range(4):
        n_rows_i32__ssa_v0: pl.Scalar[pl.INT32] = pl.tensor.read(recv_counts__ssa_v0, [src__idx_v0, 0])
        pl.tensor.write(recv_out__ssa_v0, [src__idx_v0, 0], n_rows_i32__ssa_v0)
        n_rows__ssa_v0: pl.Scalar[pl.INDEX] = pl.cast(n_rows_i32__ssa_v0, pl.INDEX)
        base__ssa_v0: pl.Scalar[pl.INDEX] = src__idx_v0 * 253
        for r__idx_v0 in pl.range(n_rows__ssa_v0):
            flat_row__ssa_v0: pl.Scalar[pl.INDEX] = base__ssa_v0 + r__idx_v0
            for col__idx_v0, (out_iter,) in pl.range(0, 4160, 4160, init_values=(out__ssa_v0,)):
                valid__ssa_v0: pl.Scalar[pl.INDEX] = pl.min(4160, 4160 - col__idx_v0)
                tile__ssa_v0: pl.Tile[[1, 4160], pl.INT8, pl.TileView(valid_shape=[1, valid__ssa_v0])] = pl.tile.load(data__ssa_v0, [flat_row__ssa_v0, col__idx_v0], [1, 4160], [1, valid__ssa_v0])
                out_iter__ssa_v0: pl.Tensor[[1012, 4160], pl.INT8] = pl.tile.store(tile__ssa_v0, [flat_row__ssa_v0, col__idx_v0], out_iter)
                out: pl.Tensor[[1012, 4160], pl.INT8] = pl.yield_(out_iter__ssa_v0)
        for r__idx_v0_1 in pl.range(n_rows__ssa_v0, 253):
            flat_row__ssa_v1: pl.Scalar[pl.INDEX] = base__ssa_v0 + r__idx_v0_1
            for col__idx_v0_1, (out_iter_1,) in pl.range(0, 4160, 4160, init_values=(out_2__FREE_VAR,)):
                valid__ssa_v0_1: pl.Scalar[pl.INDEX] = pl.min(4160, 4160 - col__idx_v0_1)
                tile__ssa_v0_1: pl.Tile[[1, 4160], pl.INT8, pl.TileView(valid_shape=[1, valid__ssa_v0_1])] = pl.tile.load(data__ssa_v0, [flat_row__ssa_v1, col__idx_v0_1], [1, 4160], [1, valid__ssa_v0_1])
                out_iter__ssa_v0_1: pl.Tensor[[1012, 4160], pl.INT8] = pl.tile.store(tile__ssa_v0_1, [flat_row__ssa_v1, col__idx_v0_1], out_iter_1)
                out_1: pl.Tensor[[1012, 4160], pl.INT8] = pl.yield_(out_iter__ssa_v0_1)
    return out_3__FREE_VAR, recv_out__ssa_v0
  Location: /opt/pypto/python/pypto/language/parser/ast_parser.py:2925:-1
  Error Code: 6

Status: FAILED (3 error(s) found)



=== p4_managed-host_uniform_32 devices=0,1,2,3 ===
[3] ERROR - SSAVerify
  Message: Variable 'out' used outside its defining scope
  In function 'consume_step':
@pl.function(type=pl.FunctionType.InCore, level=pl.Level.CHIP_DIE, role=pl.Role.SubWorker)
def consume_step(data__ssa_v0: pld.DistributedTensor[[4, 32], pl.INT8], recv_counts__ssa_v0: pld.DistributedTensor[[4, 1], pl.INT32], out__ssa_v0: pl.Out[pl.Tensor[[4, 32], pl.INT8]], recv_out__ssa_v0: pl.Out[pl.Tensor[[4, 1], pl.INT32]]) -> tuple[pl.Tensor[[4, 32], pl.INT8], pl.Tensor[[4, 1], pl.INT32]]:
    for src__idx_v0 in pl.range(4):
        n_rows_i32__ssa_v0: pl.Scalar[pl.INT32] = pl.tensor.read(recv_counts__ssa_v0, [src__idx_v0, 0])
        pl.tensor.write(recv_out__ssa_v0, [src__idx_v0, 0], n_rows_i32__ssa_v0)
        n_rows__ssa_v0: pl.Scalar[pl.INDEX] = pl.cast(n_rows_i32__ssa_v0, pl.INDEX)
        base__ssa_v0: pl.Scalar[pl.INDEX] = src__idx_v0 * 1
        for r__idx_v0 in pl.range(n_rows__ssa_v0):
            flat_row__ssa_v0: pl.Scalar[pl.INDEX] = base__ssa_v0 + r__idx_v0
            for col__idx_v0, (out_iter,) in pl.range(0, 32, 32, init_values=(out__ssa_v0,)):
                valid__ssa_v0: pl.Scalar[pl.INDEX] = pl.min(32, 32 - col__idx_v0)
                tile__ssa_v0: pl.Tile[[1, 32], pl.INT8, pl.TileView(valid_shape=[1, valid__ssa_v0])] = pl.tile.load(data__ssa_v0, [flat_row__ssa_v0, col__idx_v0], [1, 32], [1, valid__ssa_v0])
                out_iter__ssa_v0: pl.Tensor[[4, 32], pl.INT8] = pl.tile.store(tile__ssa_v0, [flat_row__ssa_v0, col__idx_v0], out_iter)
                out: pl.Tensor[[4, 32], pl.INT8] = pl.yield_(out_iter__ssa_v0)
        for r__idx_v0_1 in pl.range(n_rows__ssa_v0, 1):
            flat_row__ssa_v1: pl.Scalar[pl.INDEX] = base__ssa_v0 + r__idx_v0_1
            for col__idx_v0_1, (out_iter_1,) in pl.range(0, 32, 32, init_values=(out_2__FREE_VAR,)):
                valid__ssa_v0_1: pl.Scalar[pl.INDEX] = pl.min(32, 32 - col__idx_v0_1)
                tile__ssa_v0_1: pl.Tile[[1, 32], pl.INT8, pl.TileView(valid_shape=[1, valid__ssa_v0_1])] = pl.tile.load(data__ssa_v0, [flat_row__ssa_v1, col__idx_v0_1], [1, 32], [1, valid__ssa_v0_1])
                out_iter__ssa_v0_1: pl.Tensor[[4, 32], pl.INT8] = pl.tile.store(tile__ssa_v0_1, [flat_row__ssa_v1, col__idx_v0_1], out_iter_1)
                out_1: pl.Tensor[[4, 32], pl.INT8] = pl.yield_(out_iter__ssa_v0_1)
    return out_3__FREE_VAR, recv_out__ssa_v0
  Location: /opt/pypto/python/pypto/language/parser/ast_parser.py:2925:-1
  Error Code: 6

Status: FAILED (3 error(s) found)



=== p4_managed-host_uniform_128 devices=0,1,2,3 ===
fy
  Message: Variable 'out' used outside its defining scope
  In function 'consume_step':
@pl.function(type=pl.FunctionType.InCore, level=pl.Level.CHIP_DIE, role=pl.Role.SubWorker)
def consume_step(data__ssa_v0: pld.DistributedTensor[[4, 128], pl.INT8], recv_counts__ssa_v0: pld.DistributedTensor[[4, 1], pl.INT32], out__ssa_v0: pl.Out[pl.Tensor[[4, 128], pl.INT8]], recv_out__ssa_v0: pl.Out[pl.Tensor[[4, 1], pl.INT32]]) -> tuple[pl.Tensor[[4, 128], pl.INT8], pl.Tensor[[4, 1], pl.INT32]]:
    for src__idx_v0 in pl.range(4):
        n_rows_i32__ssa_v0: pl.Scalar[pl.INT32] = pl.tensor.read(recv_counts__ssa_v0, [src__idx_v0, 0])
        pl.tensor.write(recv_out__ssa_v0, [src__idx_v0, 0], n_rows_i32__ssa_v0)
        n_rows__ssa_v0: pl.Scalar[pl.INDEX] = pl.cast(n_rows_i32__ssa_v0, pl.INDEX)
        base__ssa_v0: pl.Scalar[pl.INDEX] = src__idx_v0 * 1
        for r__idx_v0 in pl.range(n_rows__ssa_v0):
            flat_row__ssa_v0: pl.Scalar[pl.INDEX] = base__ssa_v0 + r__idx_v0
            for col__idx_v0, (out_iter,) in pl.range(0, 128, 128, init_values=(out__ssa_v0,)):
                valid__ssa_v0: pl.Scalar[pl.INDEX] = pl.min(128, 128 - col__idx_v0)
                tile__ssa_v0: pl.Tile[[1, 128], pl.INT8, pl.TileView(valid_shape=[1, valid__ssa_v0])] = pl.tile.load(data__ssa_v0, [flat_row__ssa_v0, col__idx_v0], [1, 128], [1, valid__ssa_v0])
                out_iter__ssa_v0: pl.Tensor[[4, 128], pl.INT8] = pl.tile.store(tile__ssa_v0, [flat_row__ssa_v0, col__idx_v0], out_iter)
                out: pl.Tensor[[4, 128], pl.INT8] = pl.yield_(out_iter__ssa_v0)
        for r__idx_v0_1 in pl.range(n_rows__ssa_v0, 1):
            flat_row__ssa_v1: pl.Scalar[pl.INDEX] = base__ssa_v0 + r__idx_v0_1
            for col__idx_v0_1, (out_iter_1,) in pl.range(0, 128, 128, init_values=(out_2__FREE_VAR,)):
                valid__ssa_v0_1: pl.Scalar[pl.INDEX] = pl.min(128, 128 - col__idx_v0_1)
                tile__ssa_v0_1: pl.Tile[[1, 128], pl.INT8, pl.TileView(valid_shape=[1, valid__ssa_v0_1])] = pl.tile.load(data__ssa_v0, [flat_row__ssa_v1, col__idx_v0_1], [1, 128], [1, valid__ssa_v0_1])
                out_iter__ssa_v0_1: pl.Tensor[[4, 128], pl.INT8] = pl.tile.store(tile__ssa_v0_1, [flat_row__ssa_v1, col__idx_v0_1], out_iter_1)
                out_1: pl.Tensor[[4, 128], pl.INT8] = pl.yield_(out_iter__ssa_v0_1)
    return out_3__FREE_VAR, recv_out__ssa_v0
  Location: /opt/pypto/python/pypto/language/parser/ast_parser.py:2925:-1
  Error Code: 6

Status: FAILED (3 error(s) found)



=== p4_managed-host_uniform_1024 devices=0,1,2,3 ===
ble 'out' used outside its defining scope
  In function 'consume_step':
@pl.function(type=pl.FunctionType.InCore, level=pl.Level.CHIP_DIE, role=pl.Role.SubWorker)
def consume_step(data__ssa_v0: pld.DistributedTensor[[4, 1024], pl.INT8], recv_counts__ssa_v0: pld.DistributedTensor[[4, 1], pl.INT32], out__ssa_v0: pl.Out[pl.Tensor[[4, 1024], pl.INT8]], recv_out__ssa_v0: pl.Out[pl.Tensor[[4, 1], pl.INT32]]) -> tuple[pl.Tensor[[4, 1024], pl.INT8], pl.Tensor[[4, 1], pl.INT32]]:
    for src__idx_v0 in pl.range(4):
        n_rows_i32__ssa_v0: pl.Scalar[pl.INT32] = pl.tensor.read(recv_counts__ssa_v0, [src__idx_v0, 0])
        pl.tensor.write(recv_out__ssa_v0, [src__idx_v0, 0], n_rows_i32__ssa_v0)
        n_rows__ssa_v0: pl.Scalar[pl.INDEX] = pl.cast(n_rows_i32__ssa_v0, pl.INDEX)
        base__ssa_v0: pl.Scalar[pl.INDEX] = src__idx_v0 * 1
        for r__idx_v0 in pl.range(n_rows__ssa_v0):
            flat_row__ssa_v0: pl.Scalar[pl.INDEX] = base__ssa_v0 + r__idx_v0
            for col__idx_v0, (out_iter,) in pl.range(0, 1024, 1024, init_values=(out__ssa_v0,)):
                valid__ssa_v0: pl.Scalar[pl.INDEX] = pl.min(1024, 1024 - col__idx_v0)
                tile__ssa_v0: pl.Tile[[1, 1024], pl.INT8, pl.TileView(valid_shape=[1, valid__ssa_v0])] = pl.tile.load(data__ssa_v0, [flat_row__ssa_v0, col__idx_v0], [1, 1024], [1, valid__ssa_v0])
                out_iter__ssa_v0: pl.Tensor[[4, 1024], pl.INT8] = pl.tile.store(tile__ssa_v0, [flat_row__ssa_v0, col__idx_v0], out_iter)
                out: pl.Tensor[[4, 1024], pl.INT8] = pl.yield_(out_iter__ssa_v0)
        for r__idx_v0_1 in pl.range(n_rows__ssa_v0, 1):
            flat_row__ssa_v1: pl.Scalar[pl.INDEX] = base__ssa_v0 + r__idx_v0_1
            for col__idx_v0_1, (out_iter_1,) in pl.range(0, 1024, 1024, init_values=(out_2__FREE_VAR,)):
                valid__ssa_v0_1: pl.Scalar[pl.INDEX] = pl.min(1024, 1024 - col__idx_v0_1)
                tile__ssa_v0_1: pl.Tile[[1, 1024], pl.INT8, pl.TileView(valid_shape=[1, valid__ssa_v0_1])] = pl.tile.load(data__ssa_v0, [flat_row__ssa_v1, col__idx_v0_1], [1, 1024], [1, valid__ssa_v0_1])
                out_iter__ssa_v0_1: pl.Tensor[[4, 1024], pl.INT8] = pl.tile.store(tile__ssa_v0_1, [flat_row__ssa_v1, col__idx_v0_1], out_iter_1)
                out_1: pl.Tensor[[4, 1024], pl.INT8] = pl.yield_(out_iter__ssa_v0_1)
    return out_3__FREE_VAR, recv_out__ssa_v0
  Location: /opt/pypto/python/pypto/language/parser/ast_parser.py:2925:-1
  Error Code: 6

Status: FAILED (3 error(s) found)



=== p4_managed-host_uniform_4096 devices=0,1,2,3 ===
ble 'out' used outside its defining scope
  In function 'consume_step':
@pl.function(type=pl.FunctionType.InCore, level=pl.Level.CHIP_DIE, role=pl.Role.SubWorker)
def consume_step(data__ssa_v0: pld.DistributedTensor[[4, 4096], pl.INT8], recv_counts__ssa_v0: pld.DistributedTensor[[4, 1], pl.INT32], out__ssa_v0: pl.Out[pl.Tensor[[4, 4096], pl.INT8]], recv_out__ssa_v0: pl.Out[pl.Tensor[[4, 1], pl.INT32]]) -> tuple[pl.Tensor[[4, 4096], pl.INT8], pl.Tensor[[4, 1], pl.INT32]]:
    for src__idx_v0 in pl.range(4):
        n_rows_i32__ssa_v0: pl.Scalar[pl.INT32] = pl.tensor.read(recv_counts__ssa_v0, [src__idx_v0, 0])
        pl.tensor.write(recv_out__ssa_v0, [src__idx_v0, 0], n_rows_i32__ssa_v0)
        n_rows__ssa_v0: pl.Scalar[pl.INDEX] = pl.cast(n_rows_i32__ssa_v0, pl.INDEX)
        base__ssa_v0: pl.Scalar[pl.INDEX] = src__idx_v0 * 1
        for r__idx_v0 in pl.range(n_rows__ssa_v0):
            flat_row__ssa_v0: pl.Scalar[pl.INDEX] = base__ssa_v0 + r__idx_v0
            for col__idx_v0, (out_iter,) in pl.range(0, 4096, 4096, init_values=(out__ssa_v0,)):
                valid__ssa_v0: pl.Scalar[pl.INDEX] = pl.min(4096, 4096 - col__idx_v0)
                tile__ssa_v0: pl.Tile[[1, 4096], pl.INT8, pl.TileView(valid_shape=[1, valid__ssa_v0])] = pl.tile.load(data__ssa_v0, [flat_row__ssa_v0, col__idx_v0], [1, 4096], [1, valid__ssa_v0])
                out_iter__ssa_v0: pl.Tensor[[4, 4096], pl.INT8] = pl.tile.store(tile__ssa_v0, [flat_row__ssa_v0, col__idx_v0], out_iter)
                out: pl.Tensor[[4, 4096], pl.INT8] = pl.yield_(out_iter__ssa_v0)
        for r__idx_v0_1 in pl.range(n_rows__ssa_v0, 1):
            flat_row__ssa_v1: pl.Scalar[pl.INDEX] = base__ssa_v0 + r__idx_v0_1
            for col__idx_v0_1, (out_iter_1,) in pl.range(0, 4096, 4096, init_values=(out_2__FREE_VAR,)):
                valid__ssa_v0_1: pl.Scalar[pl.INDEX] = pl.min(4096, 4096 - col__idx_v0_1)
                tile__ssa_v0_1: pl.Tile[[1, 4096], pl.INT8, pl.TileView(valid_shape=[1, valid__ssa_v0_1])] = pl.tile.load(data__ssa_v0, [flat_row__ssa_v1, col__idx_v0_1], [1, 4096], [1, valid__ssa_v0_1])
                out_iter__ssa_v0_1: pl.Tensor[[4, 4096], pl.INT8] = pl.tile.store(tile__ssa_v0_1, [flat_row__ssa_v1, col__idx_v0_1], out_iter_1)
                out_1: pl.Tensor[[4, 4096], pl.INT8] = pl.yield_(out_iter__ssa_v0_1)
    return out_3__FREE_VAR, recv_out__ssa_v0
  Location: /opt/pypto/python/pypto/language/parser/ast_parser.py:2925:-1
  Error Code: 6

Status: FAILED (3 error(s) found)



=== p4_managed-host_uniform_8192 devices=0,1,2,3 ===
ble 'out' used outside its defining scope
  In function 'consume_step':
@pl.function(type=pl.FunctionType.InCore, level=pl.Level.CHIP_DIE, role=pl.Role.SubWorker)
def consume_step(data__ssa_v0: pld.DistributedTensor[[4, 8192], pl.INT8], recv_counts__ssa_v0: pld.DistributedTensor[[4, 1], pl.INT32], out__ssa_v0: pl.Out[pl.Tensor[[4, 8192], pl.INT8]], recv_out__ssa_v0: pl.Out[pl.Tensor[[4, 1], pl.INT32]]) -> tuple[pl.Tensor[[4, 8192], pl.INT8], pl.Tensor[[4, 1], pl.INT32]]:
    for src__idx_v0 in pl.range(4):
        n_rows_i32__ssa_v0: pl.Scalar[pl.INT32] = pl.tensor.read(recv_counts__ssa_v0, [src__idx_v0, 0])
        pl.tensor.write(recv_out__ssa_v0, [src__idx_v0, 0], n_rows_i32__ssa_v0)
        n_rows__ssa_v0: pl.Scalar[pl.INDEX] = pl.cast(n_rows_i32__ssa_v0, pl.INDEX)
        base__ssa_v0: pl.Scalar[pl.INDEX] = src__idx_v0 * 1
        for r__idx_v0 in pl.range(n_rows__ssa_v0):
            flat_row__ssa_v0: pl.Scalar[pl.INDEX] = base__ssa_v0 + r__idx_v0
            for col__idx_v0, (out_iter,) in pl.range(0, 8192, 8192, init_values=(out__ssa_v0,)):
                valid__ssa_v0: pl.Scalar[pl.INDEX] = pl.min(8192, 8192 - col__idx_v0)
                tile__ssa_v0: pl.Tile[[1, 8192], pl.INT8, pl.TileView(valid_shape=[1, valid__ssa_v0])] = pl.tile.load(data__ssa_v0, [flat_row__ssa_v0, col__idx_v0], [1, 8192], [1, valid__ssa_v0])
                out_iter__ssa_v0: pl.Tensor[[4, 8192], pl.INT8] = pl.tile.store(tile__ssa_v0, [flat_row__ssa_v0, col__idx_v0], out_iter)
                out: pl.Tensor[[4, 8192], pl.INT8] = pl.yield_(out_iter__ssa_v0)
        for r__idx_v0_1 in pl.range(n_rows__ssa_v0, 1):
            flat_row__ssa_v1: pl.Scalar[pl.INDEX] = base__ssa_v0 + r__idx_v0_1
            for col__idx_v0_1, (out_iter_1,) in pl.range(0, 8192, 8192, init_values=(out_2__FREE_VAR,)):
                valid__ssa_v0_1: pl.Scalar[pl.INDEX] = pl.min(8192, 8192 - col__idx_v0_1)
                tile__ssa_v0_1: pl.Tile[[1, 8192], pl.INT8, pl.TileView(valid_shape=[1, valid__ssa_v0_1])] = pl.tile.load(data__ssa_v0, [flat_row__ssa_v1, col__idx_v0_1], [1, 8192], [1, valid__ssa_v0_1])
                out_iter__ssa_v0_1: pl.Tensor[[4, 8192], pl.INT8] = pl.tile.store(tile__ssa_v0_1, [flat_row__ssa_v1, col__idx_v0_1], out_iter_1)
                out_1: pl.Tensor[[4, 8192], pl.INT8] = pl.yield_(out_iter__ssa_v0_1)
    return out_3__FREE_VAR, recv_out__ssa_v0
  Location: /opt/pypto/python/pypto/language/parser/ast_parser.py:2925:-1
  Error Code: 6

Status: FAILED (3 error(s) found)



=== p4_managed-host_uniform_16384 devices=0,1,2,3 ===
ide its defining scope
  In function 'consume_step':
@pl.function(type=pl.FunctionType.InCore, level=pl.Level.CHIP_DIE, role=pl.Role.SubWorker)
def consume_step(data__ssa_v0: pld.DistributedTensor[[4, 16384], pl.INT8], recv_counts__ssa_v0: pld.DistributedTensor[[4, 1], pl.INT32], out__ssa_v0: pl.Out[pl.Tensor[[4, 16384], pl.INT8]], recv_out__ssa_v0: pl.Out[pl.Tensor[[4, 1], pl.INT32]]) -> tuple[pl.Tensor[[4, 16384], pl.INT8], pl.Tensor[[4, 1], pl.INT32]]:
    for src__idx_v0 in pl.range(4):
        n_rows_i32__ssa_v0: pl.Scalar[pl.INT32] = pl.tensor.read(recv_counts__ssa_v0, [src__idx_v0, 0])
        pl.tensor.write(recv_out__ssa_v0, [src__idx_v0, 0], n_rows_i32__ssa_v0)
        n_rows__ssa_v0: pl.Scalar[pl.INDEX] = pl.cast(n_rows_i32__ssa_v0, pl.INDEX)
        base__ssa_v0: pl.Scalar[pl.INDEX] = src__idx_v0 * 1
        for r__idx_v0 in pl.range(n_rows__ssa_v0):
            flat_row__ssa_v0: pl.Scalar[pl.INDEX] = base__ssa_v0 + r__idx_v0
            for col__idx_v0, (out_iter,) in pl.range(0, 16384, 16384, init_values=(out__ssa_v0,)):
                valid__ssa_v0: pl.Scalar[pl.INDEX] = pl.min(16384, 16384 - col__idx_v0)
                tile__ssa_v0: pl.Tile[[1, 16384], pl.INT8, pl.TileView(valid_shape=[1, valid__ssa_v0])] = pl.tile.load(data__ssa_v0, [flat_row__ssa_v0, col__idx_v0], [1, 16384], [1, valid__ssa_v0])
                out_iter__ssa_v0: pl.Tensor[[4, 16384], pl.INT8] = pl.tile.store(tile__ssa_v0, [flat_row__ssa_v0, col__idx_v0], out_iter)
                out: pl.Tensor[[4, 16384], pl.INT8] = pl.yield_(out_iter__ssa_v0)
        for r__idx_v0_1 in pl.range(n_rows__ssa_v0, 1):
            flat_row__ssa_v1: pl.Scalar[pl.INDEX] = base__ssa_v0 + r__idx_v0_1
            for col__idx_v0_1, (out_iter_1,) in pl.range(0, 16384, 16384, init_values=(out_2__FREE_VAR,)):
                valid__ssa_v0_1: pl.Scalar[pl.INDEX] = pl.min(16384, 16384 - col__idx_v0_1)
                tile__ssa_v0_1: pl.Tile[[1, 16384], pl.INT8, pl.TileView(valid_shape=[1, valid__ssa_v0_1])] = pl.tile.load(data__ssa_v0, [flat_row__ssa_v1, col__idx_v0_1], [1, 16384], [1, valid__ssa_v0_1])
                out_iter__ssa_v0_1: pl.Tensor[[4, 16384], pl.INT8] = pl.tile.store(tile__ssa_v0_1, [flat_row__ssa_v1, col__idx_v0_1], out_iter_1)
                out_1: pl.Tensor[[4, 16384], pl.INT8] = pl.yield_(out_iter__ssa_v0_1)
    return out_3__FREE_VAR, recv_out__ssa_v0
  Location: /opt/pypto/python/pypto/language/parser/ast_parser.py:2925:-1
  Error Code: 6

Status: FAILED (3 error(s) found)



=== p4_managed-host_uniform_24576 devices=0,1,2,3 ===
ide its defining scope
  In function 'consume_step':
@pl.function(type=pl.FunctionType.InCore, level=pl.Level.CHIP_DIE, role=pl.Role.SubWorker)
def consume_step(data__ssa_v0: pld.DistributedTensor[[4, 24576], pl.INT8], recv_counts__ssa_v0: pld.DistributedTensor[[4, 1], pl.INT32], out__ssa_v0: pl.Out[pl.Tensor[[4, 24576], pl.INT8]], recv_out__ssa_v0: pl.Out[pl.Tensor[[4, 1], pl.INT32]]) -> tuple[pl.Tensor[[4, 24576], pl.INT8], pl.Tensor[[4, 1], pl.INT32]]:
    for src__idx_v0 in pl.range(4):
        n_rows_i32__ssa_v0: pl.Scalar[pl.INT32] = pl.tensor.read(recv_counts__ssa_v0, [src__idx_v0, 0])
        pl.tensor.write(recv_out__ssa_v0, [src__idx_v0, 0], n_rows_i32__ssa_v0)
        n_rows__ssa_v0: pl.Scalar[pl.INDEX] = pl.cast(n_rows_i32__ssa_v0, pl.INDEX)
        base__ssa_v0: pl.Scalar[pl.INDEX] = src__idx_v0 * 1
        for r__idx_v0 in pl.range(n_rows__ssa_v0):
            flat_row__ssa_v0: pl.Scalar[pl.INDEX] = base__ssa_v0 + r__idx_v0
            for col__idx_v0, (out_iter,) in pl.range(0, 24576, 16384, init_values=(out__ssa_v0,)):
                valid__ssa_v0: pl.Scalar[pl.INDEX] = pl.min(16384, 24576 - col__idx_v0)
                tile__ssa_v0: pl.Tile[[1, 16384], pl.INT8, pl.TileView(valid_shape=[1, valid__ssa_v0])] = pl.tile.load(data__ssa_v0, [flat_row__ssa_v0, col__idx_v0], [1, 16384], [1, valid__ssa_v0])
                out_iter__ssa_v0: pl.Tensor[[4, 24576], pl.INT8] = pl.tile.store(tile__ssa_v0, [flat_row__ssa_v0, col__idx_v0], out_iter)
                out: pl.Tensor[[4, 24576], pl.INT8] = pl.yield_(out_iter__ssa_v0)
        for r__idx_v0_1 in pl.range(n_rows__ssa_v0, 1):
            flat_row__ssa_v1: pl.Scalar[pl.INDEX] = base__ssa_v0 + r__idx_v0_1
            for col__idx_v0_1, (out_iter_1,) in pl.range(0, 24576, 16384, init_values=(out_2__FREE_VAR,)):
                valid__ssa_v0_1: pl.Scalar[pl.INDEX] = pl.min(16384, 24576 - col__idx_v0_1)
                tile__ssa_v0_1: pl.Tile[[1, 16384], pl.INT8, pl.TileView(valid_shape=[1, valid__ssa_v0_1])] = pl.tile.load(data__ssa_v0, [flat_row__ssa_v1, col__idx_v0_1], [1, 16384], [1, valid__ssa_v0_1])
                out_iter__ssa_v0_1: pl.Tensor[[4, 24576], pl.INT8] = pl.tile.store(tile__ssa_v0_1, [flat_row__ssa_v1, col__idx_v0_1], out_iter_1)
                out_1: pl.Tensor[[4, 24576], pl.INT8] = pl.yield_(out_iter__ssa_v0_1)
    return out_3__FREE_VAR, recv_out__ssa_v0
  Location: /opt/pypto/python/pypto/language/parser/ast_parser.py:2925:-1
  Error Code: 6

Status: FAILED (3 error(s) found)



=== p4_managed-host_uniform_24960 devices=0,1,2,3 ===
s defining scope
  In function 'consume_step':
@pl.function(type=pl.FunctionType.InCore, level=pl.Level.CHIP_DIE, role=pl.Role.SubWorker)
def consume_step(data__ssa_v0: pld.DistributedTensor[[1012, 4160], pl.INT8], recv_counts__ssa_v0: pld.DistributedTensor[[4, 1], pl.INT32], out__ssa_v0: pl.Out[pl.Tensor[[1012, 4160], pl.INT8]], recv_out__ssa_v0: pl.Out[pl.Tensor[[4, 1], pl.INT32]]) -> tuple[pl.Tensor[[1012, 4160], pl.INT8], pl.Tensor[[4, 1], pl.INT32]]:
    for src__idx_v0 in pl.range(4):
        n_rows_i32__ssa_v0: pl.Scalar[pl.INT32] = pl.tensor.read(recv_counts__ssa_v0, [src__idx_v0, 0])
        pl.tensor.write(recv_out__ssa_v0, [src__idx_v0, 0], n_rows_i32__ssa_v0)
        n_rows__ssa_v0: pl.Scalar[pl.INDEX] = pl.cast(n_rows_i32__ssa_v0, pl.INDEX)
        base__ssa_v0: pl.Scalar[pl.INDEX] = src__idx_v0 * 253
        for r__idx_v0 in pl.range(n_rows__ssa_v0):
            flat_row__ssa_v0: pl.Scalar[pl.INDEX] = base__ssa_v0 + r__idx_v0
            for col__idx_v0, (out_iter,) in pl.range(0, 4160, 4160, init_values=(out__ssa_v0,)):
                valid__ssa_v0: pl.Scalar[pl.INDEX] = pl.min(4160, 4160 - col__idx_v0)
                tile__ssa_v0: pl.Tile[[1, 4160], pl.INT8, pl.TileView(valid_shape=[1, valid__ssa_v0])] = pl.tile.load(data__ssa_v0, [flat_row__ssa_v0, col__idx_v0], [1, 4160], [1, valid__ssa_v0])
                out_iter__ssa_v0: pl.Tensor[[1012, 4160], pl.INT8] = pl.tile.store(tile__ssa_v0, [flat_row__ssa_v0, col__idx_v0], out_iter)
                out: pl.Tensor[[1012, 4160], pl.INT8] = pl.yield_(out_iter__ssa_v0)
        for r__idx_v0_1 in pl.range(n_rows__ssa_v0, 253):
            flat_row__ssa_v1: pl.Scalar[pl.INDEX] = base__ssa_v0 + r__idx_v0_1
            for col__idx_v0_1, (out_iter_1,) in pl.range(0, 4160, 4160, init_values=(out_2__FREE_VAR,)):
                valid__ssa_v0_1: pl.Scalar[pl.INDEX] = pl.min(4160, 4160 - col__idx_v0_1)
                tile__ssa_v0_1: pl.Tile[[1, 4160], pl.INT8, pl.TileView(valid_shape=[1, valid__ssa_v0_1])] = pl.tile.load(data__ssa_v0, [flat_row__ssa_v1, col__idx_v0_1], [1, 4160], [1, valid__ssa_v0_1])
                out_iter__ssa_v0_1: pl.Tensor[[1012, 4160], pl.INT8] = pl.tile.store(tile__ssa_v0_1, [flat_row__ssa_v1, col__idx_v0_1], out_iter_1)
                out_1: pl.Tensor[[1012, 4160], pl.INT8] = pl.yield_(out_iter__ssa_v0_1)
    return out_3__FREE_VAR, recv_out__ssa_v0
  Location: /opt/pypto/python/pypto/language/parser/ast_parser.py:2925:-1
  Error Code: 6

Status: FAILED (3 error(s) found)



=== p4_managed-host_uniform_32768 devices=0,1,2,3 ===
ide its defining scope
  In function 'consume_step':
@pl.function(type=pl.FunctionType.InCore, level=pl.Level.CHIP_DIE, role=pl.Role.SubWorker)
def consume_step(data__ssa_v0: pld.DistributedTensor[[4, 32768], pl.INT8], recv_counts__ssa_v0: pld.DistributedTensor[[4, 1], pl.INT32], out__ssa_v0: pl.Out[pl.Tensor[[4, 32768], pl.INT8]], recv_out__ssa_v0: pl.Out[pl.Tensor[[4, 1], pl.INT32]]) -> tuple[pl.Tensor[[4, 32768], pl.INT8], pl.Tensor[[4, 1], pl.INT32]]:
    for src__idx_v0 in pl.range(4):
        n_rows_i32__ssa_v0: pl.Scalar[pl.INT32] = pl.tensor.read(recv_counts__ssa_v0, [src__idx_v0, 0])
        pl.tensor.write(recv_out__ssa_v0, [src__idx_v0, 0], n_rows_i32__ssa_v0)
        n_rows__ssa_v0: pl.Scalar[pl.INDEX] = pl.cast(n_rows_i32__ssa_v0, pl.INDEX)
        base__ssa_v0: pl.Scalar[pl.INDEX] = src__idx_v0 * 1
        for r__idx_v0 in pl.range(n_rows__ssa_v0):
            flat_row__ssa_v0: pl.Scalar[pl.INDEX] = base__ssa_v0 + r__idx_v0
            for col__idx_v0, (out_iter,) in pl.range(0, 32768, 16384, init_values=(out__ssa_v0,)):
                valid__ssa_v0: pl.Scalar[pl.INDEX] = pl.min(16384, 32768 - col__idx_v0)
                tile__ssa_v0: pl.Tile[[1, 16384], pl.INT8, pl.TileView(valid_shape=[1, valid__ssa_v0])] = pl.tile.load(data__ssa_v0, [flat_row__ssa_v0, col__idx_v0], [1, 16384], [1, valid__ssa_v0])
                out_iter__ssa_v0: pl.Tensor[[4, 32768], pl.INT8] = pl.tile.store(tile__ssa_v0, [flat_row__ssa_v0, col__idx_v0], out_iter)
                out: pl.Tensor[[4, 32768], pl.INT8] = pl.yield_(out_iter__ssa_v0)
        for r__idx_v0_1 in pl.range(n_rows__ssa_v0, 1):
            flat_row__ssa_v1: pl.Scalar[pl.INDEX] = base__ssa_v0 + r__idx_v0_1
            for col__idx_v0_1, (out_iter_1,) in pl.range(0, 32768, 16384, init_values=(out_2__FREE_VAR,)):
                valid__ssa_v0_1: pl.Scalar[pl.INDEX] = pl.min(16384, 32768 - col__idx_v0_1)
                tile__ssa_v0_1: pl.Tile[[1, 16384], pl.INT8, pl.TileView(valid_shape=[1, valid__ssa_v0_1])] = pl.tile.load(data__ssa_v0, [flat_row__ssa_v1, col__idx_v0_1], [1, 16384], [1, valid__ssa_v0_1])
                out_iter__ssa_v0_1: pl.Tensor[[4, 32768], pl.INT8] = pl.tile.store(tile__ssa_v0_1, [flat_row__ssa_v1, col__idx_v0_1], out_iter_1)
                out_1: pl.Tensor[[4, 32768], pl.INT8] = pl.yield_(out_iter__ssa_v0_1)
    return out_3__FREE_VAR, recv_out__ssa_v0
  Location: /opt/pypto/python/pypto/language/parser/ast_parser.py:2925:-1
  Error Code: 6

Status: FAILED (3 error(s) found)



=== p4_managed-host_uniform_49152 devices=0,1,2,3 ===
ide its defining scope
  In function 'consume_step':
@pl.function(type=pl.FunctionType.InCore, level=pl.Level.CHIP_DIE, role=pl.Role.SubWorker)
def consume_step(data__ssa_v0: pld.DistributedTensor[[4, 49152], pl.INT8], recv_counts__ssa_v0: pld.DistributedTensor[[4, 1], pl.INT32], out__ssa_v0: pl.Out[pl.Tensor[[4, 49152], pl.INT8]], recv_out__ssa_v0: pl.Out[pl.Tensor[[4, 1], pl.INT32]]) -> tuple[pl.Tensor[[4, 49152], pl.INT8], pl.Tensor[[4, 1], pl.INT32]]:
    for src__idx_v0 in pl.range(4):
        n_rows_i32__ssa_v0: pl.Scalar[pl.INT32] = pl.tensor.read(recv_counts__ssa_v0, [src__idx_v0, 0])
        pl.tensor.write(recv_out__ssa_v0, [src__idx_v0, 0], n_rows_i32__ssa_v0)
        n_rows__ssa_v0: pl.Scalar[pl.INDEX] = pl.cast(n_rows_i32__ssa_v0, pl.INDEX)
        base__ssa_v0: pl.Scalar[pl.INDEX] = src__idx_v0 * 1
        for r__idx_v0 in pl.range(n_rows__ssa_v0):
            flat_row__ssa_v0: pl.Scalar[pl.INDEX] = base__ssa_v0 + r__idx_v0
            for col__idx_v0, (out_iter,) in pl.range(0, 49152, 16384, init_values=(out__ssa_v0,)):
                valid__ssa_v0: pl.Scalar[pl.INDEX] = pl.min(16384, 49152 - col__idx_v0)
                tile__ssa_v0: pl.Tile[[1, 16384], pl.INT8, pl.TileView(valid_shape=[1, valid__ssa_v0])] = pl.tile.load(data__ssa_v0, [flat_row__ssa_v0, col__idx_v0], [1, 16384], [1, valid__ssa_v0])
                out_iter__ssa_v0: pl.Tensor[[4, 49152], pl.INT8] = pl.tile.store(tile__ssa_v0, [flat_row__ssa_v0, col__idx_v0], out_iter)
                out: pl.Tensor[[4, 49152], pl.INT8] = pl.yield_(out_iter__ssa_v0)
        for r__idx_v0_1 in pl.range(n_rows__ssa_v0, 1):
            flat_row__ssa_v1: pl.Scalar[pl.INDEX] = base__ssa_v0 + r__idx_v0_1
            for col__idx_v0_1, (out_iter_1,) in pl.range(0, 49152, 16384, init_values=(out_2__FREE_VAR,)):
                valid__ssa_v0_1: pl.Scalar[pl.INDEX] = pl.min(16384, 49152 - col__idx_v0_1)
                tile__ssa_v0_1: pl.Tile[[1, 16384], pl.INT8, pl.TileView(valid_shape=[1, valid__ssa_v0_1])] = pl.tile.load(data__ssa_v0, [flat_row__ssa_v1, col__idx_v0_1], [1, 16384], [1, valid__ssa_v0_1])
                out_iter__ssa_v0_1: pl.Tensor[[4, 49152], pl.INT8] = pl.tile.store(tile__ssa_v0_1, [flat_row__ssa_v1, col__idx_v0_1], out_iter_1)
                out_1: pl.Tensor[[4, 49152], pl.INT8] = pl.yield_(out_iter__ssa_v0_1)
    return out_3__FREE_VAR, recv_out__ssa_v0
  Location: /opt/pypto/python/pypto/language/parser/ast_parser.py:2925:-1
  Error Code: 6

Status: FAILED (3 error(s) found)



=== p4_managed-host_uniform_65536 devices=0,1,2,3 ===
Error: For loop must use pl.range(), pl.parallel(), pl.unroll(), pl.pipeline(), pl.while_(), pl.spmd(), or pl.split_aiv()
  --> /opt/pypto/tests/st/distributed/collectives/all_to_all_v_benchmark.py:621:28
    |
619 |                 # Python-unrolled column tiles: keeps the simple store SSA used by
620 |                 # the original full-row load while capping each VEC tile under UB.
621 |                 for col in col_offsets:
    |                            ^^^^^^^^^^^
622 |                     valid = min(tile_cols, width - col)
623 |                     tile = pl.load(inp, [row, col], [1, tile_cols], valid_shape=[1, valid])
    |
   = help: Use pl.range(), pl.parallel(), pl.unroll(), pl.pipeline(), pl.while_(), pl.spmd(), or pl.split_aiv() as the iterator

note: run with `PTO_BACKTRACE=1` environment variable to display a backtrace.


=== p4_managed-host_uniform_131072 devices=0,1,2,3 ===
Error: For loop must use pl.range(), pl.parallel(), pl.unroll(), pl.pipeline(), pl.while_(), pl.spmd(), or pl.split_aiv()
  --> /opt/pypto/tests/st/distributed/collectives/all_to_all_v_benchmark.py:621:28
    |
619 |                 # Python-unrolled column tiles: keeps the simple store SSA used by
620 |                 # the original full-row load while capping each VEC tile under UB.
621 |                 for col in col_offsets:
    |                            ^^^^^^^^^^^
622 |                     valid = min(tile_cols, width - col)
623 |                     tile = pl.load(inp, [row, col], [1, tile_cols], valid_shape=[1, valid])
    |
   = help: Use pl.range(), pl.parallel(), pl.unroll(), pl.pipeline(), pl.while_(), pl.spmd(), or pl.split_aiv() as the iterator

note: run with `PTO_BACKTRACE=1` environment variable to display a backtrace.


=== p4_managed-host_uniform_262144 devices=0,1,2,3 ===
Error: For loop must use pl.range(), pl.parallel(), pl.unroll(), pl.pipeline(), pl.while_(), pl.spmd(), or pl.split_aiv()
  --> /opt/pypto/tests/st/distributed/collectives/all_to_all_v_benchmark.py:621:28
    |
619 |                 # Python-unrolled column tiles: keeps the simple store SSA used by
620 |                 # the original full-row load while capping each VEC tile under UB.
621 |                 for col in col_offsets:
    |                            ^^^^^^^^^^^
622 |                     valid = min(tile_cols, width - col)
623 |                     tile = pl.load(inp, [row, col], [1, tile_cols], valid_shape=[1, valid])
    |
   = help: Use pl.range(), pl.parallel(), pl.unroll(), pl.pipeline(), pl.while_(), pl.spmd(), or pl.split_aiv() as the iterator

note: run with `PTO_BACKTRACE=1` environment variable to display a backtrace.


=== p4_managed-host_uniform_524288 devices=0,1,2,3 ===
Error: For loop must use pl.range(), pl.parallel(), pl.unroll(), pl.pipeline(), pl.while_(), pl.spmd(), or pl.split_aiv()
  --> /opt/pypto/tests/st/distributed/collectives/all_to_all_v_benchmark.py:621:28
    |
619 |                 # Python-unrolled column tiles: keeps the simple store SSA used by
620 |                 # the original full-row load while capping each VEC tile under UB.
621 |                 for col in col_offsets:
    |                            ^^^^^^^^^^^
622 |                     valid = min(tile_cols, width - col)
623 |                     tile = pl.load(inp, [row, col], [1, tile_cols], valid_shape=[1, valid])
    |
   = help: Use pl.range(), pl.parallel(), pl.unroll(), pl.pipeline(), pl.while_(), pl.spmd(), or pl.split_aiv() as the iterator

note: run with `PTO_BACKTRACE=1` environment variable to display a backtrace.


=== p4_managed-host_uniform_1048576 devices=0,1,2,3 ===
Error: For loop must use pl.range(), pl.parallel(), pl.unroll(), pl.pipeline(), pl.while_(), pl.spmd(), or pl.split_aiv()
  --> /opt/pypto/tests/st/distributed/collectives/all_to_all_v_benchmark.py:621:28
    |
619 |                 # Python-unrolled column tiles: keeps the simple store SSA used by
620 |                 # the original full-row load while capping each VEC tile under UB.
621 |                 for col in col_offsets:
    |                            ^^^^^^^^^^^
622 |                     valid = min(tile_cols, width - col)
623 |                     tile = pl.load(inp, [row, col], [1, tile_cols], valid_shape=[1, valid])
    |
   = help: Use pl.range(), pl.parallel(), pl.unroll(), pl.pipeline(), pl.while_(), pl.spmd(), or pl.split_aiv() as the iterator

note: run with `PTO_BACKTRACE=1` environment variable to display a backtrace.


=== p4_managed-host_zero_24960 devices=0,1,2,3 ===
Error: For loop must use pl.range(), pl.parallel(), pl.unroll(), pl.pipeline(), pl.while_(), pl.spmd(), or pl.split_aiv()
  --> /opt/pypto/tests/st/distributed/collectives/all_to_all_v_benchmark.py:621:28
    |
619 |                 # Python-unrolled column tiles: keeps the simple store SSA used by
620 |                 # the original full-row load while capping each VEC tile under UB.
621 |                 for col in col_offsets:
    |                            ^^^^^^^^^^^
622 |                     valid = min(tile_cols, width - col)
623 |                     tile = pl.load(inp, [row, col], [1, tile_cols], valid_shape=[1, valid])
    |
   = help: Use pl.range(), pl.parallel(), pl.unroll(), pl.pipeline(), pl.while_(), pl.spmd(), or pl.split_aiv() as the iterator

note: run with `PTO_BACKTRACE=1` environment variable to display a backtrace.


=== p4_managed-host_single-hot_24960 devices=0,1,2,3 ===
Error: For loop must use pl.range(), pl.parallel(), pl.unroll(), pl.pipeline(), pl.while_(), pl.spmd(), or pl.split_aiv()
  --> /opt/pypto/tests/st/distributed/collectives/all_to_all_v_benchmark.py:621:28
    |
619 |                 # Python-unrolled column tiles: keeps the simple store SSA used by
620 |                 # the original full-row load while capping each VEC tile under UB.
621 |                 for col in col_offsets:
    |                            ^^^^^^^^^^^
622 |                     valid = min(tile_cols, width - col)
623 |                     tile = pl.load(inp, [row, col], [1, tile_cols], valid_shape=[1, valid])
    |
   = help: Use pl.range(), pl.parallel(), pl.unroll(), pl.pipeline(), pl.while_(), pl.spmd(), or pl.split_aiv() as the iterator

note: run with `PTO_BACKTRACE=1` environment variable to display a backtrace.


Wrote /opt/pypto-profiling/reports/issue-2521-a1-alltoallv-baseline-2026-09-09/summary.json
