[mono_ns=7230691216193276][T0xed514a70b020][TIMING] emit_host_span: [STRACE] v=1 pid=379533 tid=379533 inv=1 hid=66593a349fbd19d7 depth=2 name=chip.run.bind.args ts=7230691216039487 dur=145799 
[mono_ns=7230691216216846][T0xed514a70b020][TIMING] emit_host_span: [STRACE] v=1 pid=379533 tid=379533 inv=1 hid=66593a349fbd19d7 depth=2 name=chip.run.bind.prebuilt ts=7230691216209906 dur=4050 
[mono_ns=7230691216222026][T0xed514a70b020][TIMING] emit_host_span: [STRACE] v=1 pid=379533 tid=379533 inv=1 hid=66593a349fbd19d7 depth=1 name=chip.run.bind ts=7230691215570267 dur=649479 
[mono_ns=7230691332090895][T0xed514a70b020][TIMING] emit_host_span: [STRACE] v=1 pid=379533 tid=379533 inv=1 hid=66593a349fbd19d7 depth=1 name=chip.run.runner_run ts=7230691216912366 dur=115171029 
[mono_ns=7230691332205975][T0xed514a70b020][TIMING] emit_host_span: [STRACE] v=1 pid=379533 tid=379533 inv=1 hid=66593a349fbd19d7 depth=1 name=chip.run.validate ts=7230691332105355 dur=97290 
[mono_ns=7230691332215245][T0xed514a70b020][TIMING] emit_host_span: [STRACE] v=1 pid=379533 tid=379533 inv=1 hid=66593a349fbd19d7 depth=2 name=chip.run.runner_run.device_wall ts=0 dur=2293680 clk=dev
[mono_ns=7230691332219675][T0xed514a70b020][TIMING] emit_host_span: [STRACE] v=1 pid=379533 tid=379533 inv=1 hid=66593a349fbd19d7 depth=3 name=chip.run.runner_run.device_wall.preamble ts=0 dur=155920 clk=dev
[mono_ns=7230691332223615][T0xed514a70b020][TIMING] emit_host_span: [STRACE] v=1 pid=379533 tid=379533 inv=1 hid=66593a349fbd19d7 depth=3 name=chip.run.runner_run.device_wall.graph_build ts=39140 dur=2233800 clk=dev
[mono_ns=7230691332226995][T0xed514a70b020][TIMING] emit_host_span: [STRACE] v=1 pid=379533 tid=379533 inv=1 hid=66593a349fbd19d7 depth=3 name=chip.run.runner_run.device_wall.config_validate ts=43360 dur=3239 clk=dev
[mono_ns=7230691332230525][T0xed514a70b020][TIMING] emit_host_span: [STRACE] v=1 pid=379533 tid=379533 inv=1 hid=66593a349fbd19d7 depth=3 name=chip.run.runner_run.device_wall.arena_wire ts=46640 dur=12520 clk=dev
[mono_ns=7230691332235145][T0xed514a70b020][TIMING] emit_host_span: [STRACE] v=1 pid=379533 tid=379533 inv=1 hid=66593a349fbd19d7 depth=3 name=chip.run.runner_run.device_wall.sm_reset ts=59180 dur=16059 clk=dev
[mono_ns=7230691332238335][T0xed514a70b020][TIMING] emit_host_span: [STRACE] v=1 pid=379533 tid=379533 inv=1 hid=66593a349fbd19d7 depth=3 name=chip.run.runner_run.device_wall.post_orch ts=2273020 dur=16600 clk=dev
[mono_ns=7230691332241595][T0xed514a70b020][TIMING] emit_host_span: [STRACE] v=1 pid=379533 tid=379533 inv=1 hid=66593a349fbd19d7 depth=3 name=chip.run.runner_run.device_wall.orch ts=80280 dur=45080 clk=dev
[mono_ns=7230691332244825][T0xed514a70b020][TIMING] emit_host_span: [STRACE] v=1 pid=379533 tid=379533 inv=1 hid=66593a349fbd19d7 depth=3 name=chip.run.runner_run.device_wall.sched ts=157980 dur=2092540 clk=dev
[mono_ns=7230691332249915][T0xed514a70b020][TIMING] emit_host_span: [STRACE] v=1 pid=379533 tid=379533 inv=1 hid=66593a349fbd19d7 depth=1 name=chip.run.claim_release ts=7230691332247555 dur=540 
[mono_ns=7230691332255195][T0xed514a70b020][TIMING] emit_host_span: [STRACE] v=1 pid=379533 tid=379533 inv=1 hid=66593a349fbd19d7 depth=0 name=chip.run ts=7230691215531667 dur=116721478 run_id=1 dispatch_id=1 slot_id=0 generation=1 run_epoch=1
[mono_ns=7230691341577036][T0xed514a70b020][TIMING] emit_host_span: [STRACE] v=1 pid=379533 tid=379533 inv=2 hid=66593a349fbd19d7 depth=2 name=chip.run.bind.args ts=7230691341453686 dur=117560 
[mono_ns=7230691341594326][T0xed514a70b020][TIMING] emit_host_span: [STRACE] v=1 pid=379533 tid=379533 inv=2 hid=66593a349fbd19d7 depth=2 name=chip.run.bind.prebuilt ts=7230691341588966 dur=2830 
[mono_ns=7230691341599776][T0xed514a70b020][TIMING] emit_host_span: [STRACE] v=1 pid=379533 tid=379533 inv=2 hid=66593a349fbd19d7 depth=1 name=chip.run.bind ts=7230691341448146 dur=149350 
[mono_ns=7230691402057278][T0xed4ffbffcca0][WARN] copy_aicore_buffer: [chip_swimlane_collector.cpp:689] Core 0: skipped 1024 AICore record slot(s) with start_time=0 (race-window write or recycled-buffer tail). buf seq=0 count=1024
[mono_ns=7230691402055548][T0xed4fedfcbca0][WARN] copy_aicore_buffer: [chip_swimlane_collector.cpp:689] Core 1: skipped 1024 AICore record slot(s) with start_time=0 (race-window write or recycled-buffer tail). buf seq=0 count=1024
[mono_ns=7230691402390978][T0xed4fedfcbca0][WARN] copy_aicore_buffer: [chip_swimlane_collector.cpp:689] Core 26: skipped 1023 AICore record slot(s) with start_time=0 (race-window write or recycled-buffer tail). buf seq=0 count=1024
[mono_ns=7230691402401877][T0xed4ffbffcca0][WARN] copy_aicore_buffer: [chip_swimlane_collector.cpp:689] Core 24: skipped 1022 AICore record slot(s) with start_time=0 (race-window write or recycled-buffer tail). buf seq=0 count=1024
[mono_ns=7230691402513137][T0xed4fed7bbca0][WARN] copy_aicore_buffer: [chip_swimlane_collector.cpp:689] Core 2: skipped 1024 AICore record slot(s) with start_time=0 (race-window write or recycled-buffer tail). buf seq=0 count=1024
[mono_ns=7230691402720727][T0xed4ffbffcca0][WARN] copy_aicore_buffer: [chip_swimlane_collector.cpp:689] Core 25: skipped 1024 AICore record slot(s) with start_time=0 (race-window write or recycled-buffer tail). buf seq=0 count=1024
[mono_ns=7230691402724287][T0xed4fedfcbca0][WARN] copy_aicore_buffer: [chip_swimlane_collector.cpp:689] Core 27: skipped 1024 AICore record slot(s) with start_time=0 (race-window write or recycled-buffer tail). buf seq=0 count=1024
[mono_ns=7230691402852677][T0xed4fed7bbca0][WARN] copy_aicore_buffer: [chip_swimlane_collector.cpp:689] Core 28: skipped 1024 AICore record slot(s) with start_time=0 (race-window write or recycled-buffer tail). buf seq=0 count=1024
[mono_ns=7230691403129207][T0xed4fedfcbca0][WARN] copy_aicore_buffer: [chip_swimlane_collector.cpp:689] Core 4: skipped 1024 AICore record slot(s) with start_time=0 (race-window write or recycled-buffer tail). buf seq=0 count=1024
[mono_ns=7230691403143717][T0xed4ffbffcca0][WARN] copy_aicore_buffer: [chip_swimlane_collector.cpp:689] Core 3: skipped 1024 AICore record slot(s) with start_time=0 (race-window write or recycled-buffer tail). buf seq=0 count=1024
[mono_ns=7230691403200807][T0xed4fed7bbca0][WARN] copy_aicore_buffer: [chip_swimlane_collector.cpp:689] Core 29: skipped 1024 AICore record slot(s) with start_time=0 (race-window write or recycled-buffer tail). buf seq=0 count=1024
[mono_ns=7230691403463116][T0xed4fedfcbca0][WARN] copy_aicore_buffer: [chip_swimlane_collector.cpp:689] Core 32: skipped 1024 AICore record slot(s) with start_time=0 (race-window write or recycled-buffer tail). buf seq=0 count=1024
[mono_ns=7230691403470816][T0xed4ffbffcca0][WARN] copy_aicore_buffer: [chip_swimlane_collector.cpp:689] Core 30: skipped 1024 AICore record slot(s) with start_time=0 (race-window write or recycled-buffer tail). buf seq=0 count=1024
[mono_ns=7230691403550246][T0xed4fed7bbca0][WARN] copy_aicore_buffer: [chip_swimlane_collector.cpp:689] Core 5: skipped 1024 AICore record slot(s) with start_time=0 (race-window write or recycled-buffer tail). buf seq=0 count=1024
[mono_ns=7230691403799306][T0xed4fedfcbca0][WARN] copy_aicore_buffer: [chip_swimlane_collector.cpp:689] Core 33: skipped 1024 AICore record slot(s) with start_time=0 (race-window write or recycled-buffer tail). buf seq=0 count=1024
[mono_ns=7230691403799426][T0xed4ffbffcca0][WARN] copy_aicore_buffer: [chip_swimlane_collector.cpp:689] Core 31: skipped 1024 AICore record slot(s) with start_time=0 (race-window write or recycled-buffer tail). buf seq=0 count=1024
[mono_ns=7230691403883906][T0xed4fed7bbca0][WARN] copy_aicore_buffer: [chip_swimlane_collector.cpp:689] Core 34: skipped 1024 AICore record slot(s) with start_time=0 (race-window write or recycled-buffer tail). buf seq=0 count=1024
[mono_ns=7230691404143756][T0xed4fedfcbca0][WARN] copy_aicore_buffer: [chip_swimlane_collector.cpp:689] Core 7: skipped 1024 AICore record slot(s) with start_time=0 (race-window write or recycled-buffer tail). buf seq=0 count=1024
[mono_ns=7230691404146446][T0xed4ffbffcca0][WARN] copy_aicore_buffer: [chip_swimlane_collector.cpp:689] Core 6: skipped 1024 AICore record slot(s) with start_time=0 (race-window write or recycled-buffer tail). buf seq=0 count=1024
[mono_ns=7230691404224456][T0xed4fed7bbca0][WARN] copy_aicore_buffer: [chip_swimlane_collector.cpp:689] Core 35: skipped 1024 AICore record slot(s) with start_time=0 (race-window write or recycled-buffer tail). buf seq=0 count=1024
[mono_ns=7230691404471396][T0xed4ffbffcca0][WARN] copy_aicore_buffer: [chip_swimlane_collector.cpp:689] Core 36: skipped 1024 AICore record slot(s) with start_time=0 (race-window write or recycled-buffer tail). buf seq=0 count=1024
[mono_ns=7230691404478575][T0xed4fedfcbca0][WARN] copy_aicore_buffer: [chip_swimlane_collector.cpp:689] Core 38: skipped 1024 AICore record slot(s) with start_time=0 (race-window write or recycled-buffer tail). buf seq=0 count=1024
[mono_ns=7230691404554465][T0xed4fed7bbca0][WARN] copy_aicore_buffer: [chip_swimlane_collector.cpp:689] Core 8: skipped 1024 AICore record slot(s) with start_time=0 (race-window write or recycled-buffer tail). buf seq=0 count=1024
[mono_ns=7230691404800835][T0xed4ffbffcca0][WARN] copy_aicore_buffer: [chip_swimlane_collector.cpp:689] Core 37: skipped 1024 AICore record slot(s) with start_time=0 (race-window write or recycled-buffer tail). buf seq=0 count=1024
[mono_ns=7230691404805105][T0xed4fedfcbca0][WARN] copy_aicore_buffer: [chip_swimlane_collector.cpp:689] Core 39: skipped 1024 AICore record slot(s) with start_time=0 (race-window write or recycled-buffer tail). buf seq=0 count=1024
[mono_ns=7230691404888265][T0xed4fed7bbca0][WARN] copy_aicore_buffer: [chip_swimlane_collector.cpp:689] Core 40: skipped 1024 AICore record slot(s) with start_time=0 (race-window write or recycled-buffer tail). buf seq=0 count=1024
[mono_ns=7230691405142035][T0xed4fedfcbca0][WARN] copy_aicore_buffer: [chip_swimlane_collector.cpp:689] Core 10: skipped 1024 AICore record slot(s) with start_time=0 (race-window write or recycled-buffer tail). buf seq=0 count=1024
[mono_ns=7230691405156005][T0xed4ffbffcca0][WARN] copy_aicore_buffer: [chip_swimlane_collector.cpp:689] Core 9: skipped 1024 AICore record slot(s) with start_time=0 (race-window write or recycled-buffer tail). buf seq=0 count=1024
[mono_ns=7230691405227755][T0xed4fed7bbca0][WARN] copy_aicore_buffer: [chip_swimlane_collector.cpp:689] Core 41: skipped 1024 AICore record slot(s) with start_time=0 (race-window write or recycled-buffer tail). buf seq=0 count=1024
[mono_ns=7230691405470305][T0xed4fedfcbca0][WARN] copy_aicore_buffer: [chip_swimlane_collector.cpp:689] Core 44: skipped 1024 AICore record slot(s) with start_time=0 (race-window write or recycled-buffer tail). buf seq=0 count=1024
[mono_ns=7230691405477385][T0xed4ffbffcca0][WARN] copy_aicore_buffer: [chip_swimlane_collector.cpp:689] Core 42: skipped 1024 AICore record slot(s) with start_time=0 (race-window write or recycled-buffer tail). buf seq=0 count=1024
[mono_ns=7230691405557304][T0xed4fed7bbca0][WARN] copy_aicore_buffer: [chip_swimlane_collector.cpp:689] Core 11: skipped 1024 AICore record slot(s) with start_time=0 (race-window write or recycled-buffer tail). buf seq=0 count=1024
[mono_ns=7230691405800014][T0xed4fedfcbca0][WARN] copy_aicore_buffer: [chip_swimlane_collector.cpp:689] Core 45: skipped 1024 AICore record slot(s) with start_time=0 (race-window write or recycled-buffer tail). buf seq=0 count=1024
[mono_ns=7230691405804064][T0xed4ffbffcca0][WARN] copy_aicore_buffer: [chip_swimlane_collector.cpp:689] Core 43: skipped 1024 AICore record slot(s) with start_time=0 (race-window write or recycled-buffer tail). buf seq=0 count=1024
[mono_ns=7230691405889204][T0xed4fed7bbca0][WARN] copy_aicore_buffer: [chip_swimlane_collector.cpp:689] Core 46: skipped 1024 AICore record slot(s) with start_time=0 (race-window write or recycled-buffer tail). buf seq=0 count=1024
[mono_ns=7230691406137714][T0xed4ffbffcca0][WARN] copy_aicore_buffer: [chip_swimlane_collector.cpp:689] Core 12: skipped 1024 AICore record slot(s) with start_time=0 (race-window write or recycled-buffer tail). buf seq=0 count=1024
[mono_ns=7230691406144044][T0xed4fedfcbca0][WARN] copy_aicore_buffer: [chip_swimlane_collector.cpp:689] Core 13: skipped 1024 AICore record slot(s) with start_time=0 (race-window write or recycled-buffer tail). buf seq=0 count=1024
[mono_ns=7230691406230014][T0xed4fed7bbca0][WARN] copy_aicore_buffer: [chip_swimlane_collector.cpp:689] Core 47: skipped 1024 AICore record slot(s) with start_time=0 (race-window write or recycled-buffer tail). buf seq=0 count=1024
[mono_ns=7230691406466094][T0xed4ffbffcca0][WARN] copy_aicore_buffer: [chip_swimlane_collector.cpp:689] Core 48: skipped 1024 AICore record slot(s) with start_time=0 (race-window write or recycled-buffer tail). buf seq=0 count=1024
[mono_ns=7230691406471834][T0xed4fedfcbca0][WARN] copy_aicore_buffer: [chip_swimlane_collector.cpp:689] Core 50: skipped 1024 AICore record slot(s) with start_time=0 (race-window write or recycled-buffer tail). buf seq=0 count=1024
[mono_ns=7230691406562093][T0xed4fed7bbca0][WARN] copy_aicore_buffer: [chip_swimlane_collector.cpp:689] Core 14: skipped 1024 AICore record slot(s) with start_time=0 (race-window write or recycled-buffer tail). buf seq=0 count=1024
[mono_ns=7230691406793883][T0xed4fedfcbca0][WARN] copy_aicore_buffer: [chip_swimlane_collector.cpp:689] Core 51: skipped 1024 AICore record slot(s) with start_time=0 (race-window write or recycled-buffer tail). buf seq=0 count=1024
[mono_ns=7230691406800813][T0xed4ffbffcca0][WARN] copy_aicore_buffer: [chip_swimlane_collector.cpp:689] Core 49: skipped 1024 AICore record slot(s) with start_time=0 (race-window write or recycled-buffer tail). buf seq=0 count=1024
[mono_ns=7230691406893483][T0xed4fed7bbca0][WARN] copy_aicore_buffer: [chip_swimlane_collector.cpp:689] Core 52: skipped 1024 AICore record slot(s) with start_time=0 (race-window write or recycled-buffer tail). buf seq=0 count=1024
[mono_ns=7230691407133613][T0xed4fedfcbca0][WARN] copy_aicore_buffer: [chip_swimlane_collector.cpp:689] Core 16: skipped 1024 AICore record slot(s) with start_time=0 (race-window write or recycled-buffer tail). buf seq=0 count=1024
[mono_ns=7230691407137453][T0xed4ffbffcca0][WARN] copy_aicore_buffer: [chip_swimlane_collector.cpp:689] Core 15: skipped 1024 AICore record slot(s) with start_time=0 (race-window write or recycled-buffer tail). buf seq=0 count=1024
[mono_ns=7230691407232783][T0xed4fed7bbca0][WARN] copy_aicore_buffer: [chip_swimlane_collector.cpp:689] Core 53: skipped 1024 AICore record slot(s) with start_time=0 (race-window write or recycled-buffer tail). buf seq=0 count=1024
[mono_ns=7230691407460293][T0xed4ffbffcca0][WARN] copy_aicore_buffer: [chip_swimlane_collector.cpp:689] Core 54: skipped 1024 AICore record slot(s) with start_time=0 (race-window write or recycled-buffer tail). buf seq=0 count=1024
[mono_ns=7230691407465053][T0xed4fedfcbca0][WARN] copy_aicore_buffer: [chip_swimlane_collector.cpp:689] Core 56: skipped 1024 AICore record slot(s) with start_time=0 (race-window write or recycled-buffer tail). buf seq=0 count=1024
[mono_ns=7230691407563253][T0xed4fed7bbca0][WARN] copy_aicore_buffer: [chip_swimlane_collector.cpp:689] Core 17: skipped 1024 AICore record slot(s) with start_time=0 (race-window write or recycled-buffer tail). buf seq=0 count=1024
[mono_ns=7230691407787662][T0xed4fedfcbca0][WARN] copy_aicore_buffer: [chip_swimlane_collector.cpp:689] Core 57: skipped 1024 AICore record slot(s) with start_time=0 (race-window write or recycled-buffer tail). buf seq=0 count=1024
[mono_ns=7230691407791832][T0xed4ffbffcca0][WARN] copy_aicore_buffer: [chip_swimlane_collector.cpp:689] Core 55: skipped 1024 AICore record slot(s) with start_time=0 (race-window write or recycled-buffer tail). buf seq=0 count=1024
[mono_ns=7230691407895302][T0xed4fed7bbca0][WARN] copy_aicore_buffer: [chip_swimlane_collector.cpp:689] Core 58: skipped 1024 AICore record slot(s) with start_time=0 (race-window write or recycled-buffer tail). buf seq=0 count=1024
[mono_ns=7230691408132072][T0xed4ffbffcca0][WARN] copy_aicore_buffer: [chip_swimlane_collector.cpp:689] Core 18: skipped 1024 AICore record slot(s) with start_time=0 (race-window write or recycled-buffer tail). buf seq=0 count=1024
[mono_ns=7230691408144752][T0xed4fedfcbca0][WARN] copy_aicore_buffer: [chip_swimlane_collector.cpp:689] Core 19: skipped 1024 AICore record slot(s) with start_time=0 (race-window write or recycled-buffer tail). buf seq=0 count=1024
[mono_ns=7230691408234712][T0xed4fed7bbca0][WARN] copy_aicore_buffer: [chip_swimlane_collector.cpp:689] Core 59: skipped 1024 AICore record slot(s) with start_time=0 (race-window write or recycled-buffer tail). buf seq=0 count=1024
[mono_ns=7230691408463192][T0xed4ffbffcca0][WARN] copy_aicore_buffer: [chip_swimlane_collector.cpp:689] Core 60: skipped 1024 AICore record slot(s) with start_time=0 (race-window write or recycled-buffer tail). buf seq=0 count=1024
[mono_ns=7230691408468192][T0xed4fedfcbca0][WARN] copy_aicore_buffer: [chip_swimlane_collector.cpp:689] Core 62: skipped 1024 AICore record slot(s) with start_time=0 (race-window write or recycled-buffer tail). buf seq=0 count=1024
[mono_ns=7230691408564742][T0xed4fed7bbca0][WARN] copy_aicore_buffer: [chip_swimlane_collector.cpp:689] Core 20: skipped 1024 AICore record slot(s) with start_time=0 (race-window write or recycled-buffer tail). buf seq=0 count=1024
[mono_ns=7230691408793521][T0xed4fedfcbca0][WARN] copy_aicore_buffer: [chip_swimlane_collector.cpp:689] Core 63: skipped 1024 AICore record slot(s) with start_time=0 (race-window write or recycled-buffer tail). buf seq=0 count=1024
[mono_ns=7230691408797511][T0xed4ffbffcca0][WARN] copy_aicore_buffer: [chip_swimlane_collector.cpp:689] Core 61: skipped 1024 AICore record slot(s) with start_time=0 (race-window write or recycled-buffer tail). buf seq=0 count=1024
[mono_ns=7230691408896341][T0xed4fed7bbca0][WARN] copy_aicore_buffer: [chip_swimlane_collector.cpp:689] Core 64: skipped 1024 AICore record slot(s) with start_time=0 (race-window write or recycled-buffer tail). buf seq=0 count=1024
[mono_ns=7230691409129921][T0xed4ffbffcca0][WARN] copy_aicore_buffer: [chip_swimlane_collector.cpp:689] Core 21: skipped 1024 AICore record slot(s) with start_time=0 (race-window write or recycled-buffer tail). buf seq=0 count=1024
[mono_ns=7230691409132681][T0xed4fedfcbca0][WARN] copy_aicore_buffer: [chip_swimlane_collector.cpp:689] Core 22: skipped 1024 AICore record slot(s) with start_time=0 (race-window write or recycled-buffer tail). buf seq=0 count=1024
[mono_ns=7230691409237201][T0xed4fed7bbca0][WARN] copy_aicore_buffer: [chip_swimlane_collector.cpp:689] Core 65: skipped 1024 AICore record slot(s) with start_time=0 (race-window write or recycled-buffer tail). buf seq=0 count=1024
[mono_ns=7230691409457471][T0xed4fedfcbca0][WARN] copy_aicore_buffer: [chip_swimlane_collector.cpp:689] Core 68: skipped 1024 AICore record slot(s) with start_time=0 (race-window write or recycled-buffer tail). buf seq=0 count=1024
[mono_ns=7230691409460241][T0xed4ffbffcca0][WARN] copy_aicore_buffer: [chip_swimlane_collector.cpp:689] Core 66: skipped 1024 AICore record slot(s) with start_time=0 (race-window write or recycled-buffer tail). buf seq=0 count=1024
[mono_ns=7230691409568651][T0xed4fed7bbca0][WARN] copy_aicore_buffer: [chip_swimlane_collector.cpp:689] Core 23: skipped 1024 AICore record slot(s) with start_time=0 (race-window write or recycled-buffer tail). buf seq=0 count=1024
[mono_ns=7230691409785980][T0xed4ffbffcca0][WARN] copy_aicore_buffer: [chip_swimlane_collector.cpp:689] Core 67: skipped 1024 AICore record slot(s) with start_time=0 (race-window write or recycled-buffer tail). buf seq=0 count=1024
[mono_ns=7230691409789240][T0xed4fedfcbca0][WARN] copy_aicore_buffer: [chip_swimlane_collector.cpp:689] Core 69: skipped 1024 AICore record slot(s) with start_time=0 (race-window write or recycled-buffer tail). buf seq=0 count=1024
[mono_ns=7230691409900540][T0xed4fed7bbca0][WARN] copy_aicore_buffer: [chip_swimlane_collector.cpp:689] Core 70: skipped 1024 AICore record slot(s) with start_time=0 (race-window write or recycled-buffer tail). buf seq=0 count=1024
[mono_ns=7230691410241200][T0xed4fed7bbca0][WARN] copy_aicore_buffer: [chip_swimlane_collector.cpp:689] Core 71: skipped 1024 AICore record slot(s) with start_time=0 (race-window write or recycled-buffer tail). buf seq=0 count=1024
[mono_ns=7230691510856403][T0xed514a70b020][TIMING] emit_host_span: [STRACE] v=1 pid=379533 tid=379533 inv=2 hid=66593a349fbd19d7 depth=1 name=chip.run.runner_run ts=7230691397125193 dur=113723040 
[mono_ns=7230691510956533][T0xed514a70b020][TIMING] emit_host_span: [STRACE] v=1 pid=379533 tid=379533 inv=2 hid=66593a349fbd19d7 depth=1 name=chip.run.validate ts=7230691510870073 dur=82850 
[mono_ns=7230691510967773][T0xed514a70b020][TIMING] emit_host_span: [STRACE] v=1 pid=379533 tid=379533 inv=2 hid=66593a349fbd19d7 depth=2 name=chip.run.runner_run.device_wall ts=0 dur=2516140 clk=dev
[mono_ns=7230691510972153][T0xed514a70b020][TIMING] emit_host_span: [STRACE] v=1 pid=379533 tid=379533 inv=2 hid=66593a349fbd19d7 depth=3 name=chip.run.runner_run.device_wall.preamble ts=0 dur=138000 clk=dev
[mono_ns=7230691510976643][T0xed514a70b020][TIMING] emit_host_span: [STRACE] v=1 pid=379533 tid=379533 inv=2 hid=66593a349fbd19d7 depth=3 name=chip.run.runner_run.device_wall.graph_build ts=133520 dur=2373280 clk=dev
[mono_ns=7230691510980133][T0xed514a70b020][TIMING] emit_host_span: [STRACE] v=1 pid=379533 tid=379533 inv=2 hid=66593a349fbd19d7 depth=3 name=chip.run.runner_run.device_wall.config_validate ts=133660 dur=1080 clk=dev
[mono_ns=7230691510984393][T0xed514a70b020][TIMING] emit_host_span: [STRACE] v=1 pid=379533 tid=379533 inv=2 hid=66593a349fbd19d7 depth=3 name=chip.run.runner_run.device_wall.arena_wire ts=134780 dur=799 clk=dev
[mono_ns=7230691510989623][T0xed514a70b020][TIMING] emit_host_span: [STRACE] v=1 pid=379533 tid=379533 inv=2 hid=66593a349fbd19d7 depth=3 name=chip.run.runner_run.device_wall.sm_reset ts=135640 dur=1040 clk=dev
[mono_ns=7230691510993553][T0xed514a70b020][TIMING] emit_host_span: [STRACE] v=1 pid=379533 tid=379533 inv=2 hid=66593a349fbd19d7 depth=3 name=chip.run.runner_run.device_wall.post_orch ts=2506860 dur=9080 clk=dev
[mono_ns=7230691510997543][T0xed514a70b020][TIMING] emit_host_span: [STRACE] v=1 pid=379533 tid=379533 inv=2 hid=66593a349fbd19d7 depth=3 name=chip.run.runner_run.device_wall.orch ts=136740 dur=5140 clk=dev
[mono_ns=7230691511071613][T0xed514a70b020][TIMING] emit_host_span: [STRACE] v=1 pid=379533 tid=379533 inv=2 hid=66593a349fbd19d7 depth=3 name=chip.run.runner_run.device_wall.sched ts=138120 dur=2341880 clk=dev
[mono_ns=7230691511082553][T0xed514a70b020][TIMING] emit_host_span: [STRACE] v=1 pid=379533 tid=379533 inv=2 hid=66593a349fbd19d7 depth=1 name=chip.run.claim_release ts=7230691511079893 dur=430 
[mono_ns=7230691511087503][T0xed514a70b020][TIMING] emit_host_span: [STRACE] v=1 pid=379533 tid=379533 inv=2 hid=66593a349fbd19d7 depth=0 name=chip.run ts=7230691341422216 dur=169663067 run_id=2 dispatch_id=2 slot_id=0 generation=2 run_epoch=2
[mono_ns=7230696369656465][T0xed514a70b020][TIMING] emit_host_span: [STRACE] v=1 pid=379533 tid=379533 inv=3 hid=66593a349fbd19d7 depth=2 name=chip.run.bind.args ts=7230696369507225 dur=141120 
[mono_ns=7230696369683265][T0xed514a70b020][TIMING] emit_host_span: [STRACE] v=1 pid=379533 tid=379533 inv=3 hid=66593a349fbd19d7 depth=2 name=chip.run.bind.prebuilt ts=7230696369674045 dur=6680 
[mono_ns=7230696369688305][T0xed514a70b020][TIMING] emit_host_span: [STRACE] v=1 pid=379533 tid=379533 inv=3 hid=66593a349fbd19d7 depth=1 name=chip.run.bind ts=7230696369499485 dur=186510 
[mono_ns=7230696478627406][T0xed514a70b020][TIMING] emit_host_span: [STRACE] v=1 pid=379533 tid=379533 inv=3 hid=66593a349fbd19d7 depth=1 name=chip.run.runner_run ts=7230696370036995 dur=108579091 
[mono_ns=7230696478742376][T0xed514a70b020][TIMING] emit_host_span: [STRACE] v=1 pid=379533 tid=379533 inv=3 hid=66593a349fbd19d7 depth=1 name=chip.run.validate ts=7230696478646796 dur=91550 
[mono_ns=7230696478753376][T0xed514a70b020][TIMING] emit_host_span: [STRACE] v=1 pid=379533 tid=379533 inv=3 hid=66593a349fbd19d7 depth=2 name=chip.run.runner_run.device_wall ts=0 dur=9931400 clk=dev
[mono_ns=7230696478757476][T0xed514a70b020][TIMING] emit_host_span: [STRACE] v=1 pid=379533 tid=379533 inv=3 hid=66593a349fbd19d7 depth=3 name=chip.run.runner_run.device_wall.preamble ts=0 dur=6760 clk=dev
[mono_ns=7230696478761556][T0xed514a70b020][TIMING] emit_host_span: [STRACE] v=1 pid=379533 tid=379533 inv=3 hid=66593a349fbd19d7 depth=3 name=chip.run.runner_run.device_wall.graph_build ts=1940 dur=9918500 clk=dev
[mono_ns=7230696478765406][T0xed514a70b020][TIMING] emit_host_span: [STRACE] v=1 pid=379533 tid=379533 inv=3 hid=66593a349fbd19d7 depth=3 name=chip.run.runner_run.device_wall.config_validate ts=2080 dur=919 clk=dev
[mono_ns=7230696478770256][T0xed514a70b020][TIMING] emit_host_span: [STRACE] v=1 pid=379533 tid=379533 inv=3 hid=66593a349fbd19d7 depth=3 name=chip.run.runner_run.device_wall.arena_wire ts=3020 dur=840 clk=dev
[mono_ns=7230696478773846][T0xed514a70b020][TIMING] emit_host_span: [STRACE] v=1 pid=379533 tid=379533 inv=3 hid=66593a349fbd19d7 depth=3 name=chip.run.runner_run.device_wall.sm_reset ts=3900 dur=1180 clk=dev
[mono_ns=7230696478777036][T0xed514a70b020][TIMING] emit_host_span: [STRACE] v=1 pid=379533 tid=379533 inv=3 hid=66593a349fbd19d7 depth=3 name=chip.run.runner_run.device_wall.post_orch ts=9920580 dur=10660 clk=dev
[mono_ns=7230696478782536][T0xed514a70b020][TIMING] emit_host_span: [STRACE] v=1 pid=379533 tid=379533 inv=3 hid=66593a349fbd19d7 depth=3 name=chip.run.runner_run.device_wall.orch ts=6040 dur=12540 clk=dev
[mono_ns=7230696478786616][T0xed514a70b020][TIMING] emit_host_span: [STRACE] v=1 pid=379533 tid=379533 inv=3 hid=66593a349fbd19d7 depth=3 name=chip.run.runner_run.device_wall.sched ts=6920 dur=9905980 clk=dev
[mono_ns=7230696478791416][T0xed514a70b020][TIMING] emit_host_span: [STRACE] v=1 pid=379533 tid=379533 inv=3 hid=66593a349fbd19d7 depth=1 name=chip.run.claim_release ts=7230696478789086 dur=550 
[mono_ns=7230696478796986][T0xed514a70b020][TIMING] emit_host_span: [STRACE] v=1 pid=379533 tid=379533 inv=3 hid=66593a349fbd19d7 depth=0 name=chip.run ts=7230696369393365 dur=109401401 run_id=3 dispatch_id=3 slot_id=0 generation=3 run_epoch=3
[mono_ns=7230696546440765][T0xed514a70b020][TIMING] emit_host_span: [STRACE] v=1 pid=379533 tid=379533 inv=4 hid=66593a349fbd19d7 depth=2 name=chip.run.bind.args ts=7230696546311605 dur=123480 
[mono_ns=7230696546458215][T0xed514a70b020][TIMING] emit_host_span: [STRACE] v=1 pid=379533 tid=379533 inv=4 hid=66593a349fbd19d7 depth=2 name=chip.run.bind.prebuilt ts=7230696546452445 dur=3210 
[mono_ns=7230696546463735][T0xed514a70b020][TIMING] emit_host_span: [STRACE] v=1 pid=379533 tid=379533 inv=4 hid=66593a349fbd19d7 depth=1 name=chip.run.bind ts=7230696546303195 dur=158120 
[mono_ns=7230696549416122][T0xed4fedfcbca0][WARN] copy_aicore_buffer: [chip_swimlane_collector.cpp:689] Core 1: skipped 1024 AICore record slot(s) with start_time=0 (race-window write or recycled-buffer tail). buf seq=0 count=1024
[mono_ns=7230696549455552][T0xed4ffbffcca0][WARN] copy_aicore_buffer: [chip_swimlane_collector.cpp:689] Core 0: skipped 1024 AICore record slot(s) with start_time=0 (race-window write or recycled-buffer tail). buf seq=0 count=1024
[mono_ns=7230696549533242][T0xed4fed7bbca0][WARN] copy_aicore_buffer: [chip_swimlane_collector.cpp:689] Core 2: skipped 1024 AICore record slot(s) with start_time=0 (race-window write or recycled-buffer tail). buf seq=0 count=1024
[mono_ns=7230696549853152][T0xed4ffbffcca0][WARN] copy_aicore_buffer: [chip_swimlane_collector.cpp:689] Core 24: skipped 1023 AICore record slot(s) with start_time=0 (race-window write or recycled-buffer tail). buf seq=0 count=1024
[mono_ns=7230696549866782][T0xed4fedfcbca0][WARN] copy_aicore_buffer: [chip_swimlane_collector.cpp:689] Core 26: skipped 1024 AICore record slot(s) with start_time=0 (race-window write or recycled-buffer tail). buf seq=0 count=1024
[mono_ns=7230696549882172][T0xed4fed7bbca0][WARN] copy_aicore_buffer: [chip_swimlane_collector.cpp:689] Core 28: skipped 1022 AICore record slot(s) with start_time=0 (race-window write or recycled-buffer tail). buf seq=0 count=1024
[mono_ns=7230696550188971][T0xed4ffbffcca0][WARN] copy_aicore_buffer: [chip_swimlane_collector.cpp:689] Core 25: skipped 1024 AICore record slot(s) with start_time=0 (race-window write or recycled-buffer tail). buf seq=0 count=1024
[mono_ns=7230696550199501][T0xed4fedfcbca0][WARN] copy_aicore_buffer: [chip_swimlane_collector.cpp:689] Core 27: skipped 1024 AICore record slot(s) with start_time=0 (race-window write or recycled-buffer tail). buf seq=0 count=1024
[mono_ns=7230696550214731][T0xed4fed7bbca0][WARN] copy_aicore_buffer: [chip_swimlane_collector.cpp:689] Core 29: skipped 1024 AICore record slot(s) with start_time=0 (race-window write or recycled-buffer tail). buf seq=0 count=1024
[mono_ns=7230696550508841][T0xed4ffbffcca0][WARN] copy_aicore_buffer: [chip_swimlane_collector.cpp:689] Core 3: skipped 1024 AICore record slot(s) with start_time=0 (race-window write or recycled-buffer tail). buf seq=0 count=1024
[mono_ns=7230696550514921][T0xed4fedfcbca0][WARN] copy_aicore_buffer: [chip_swimlane_collector.cpp:689] Core 4: skipped 1024 AICore record slot(s) with start_time=0 (race-window write or recycled-buffer tail). buf seq=0 count=1024
[mono_ns=7230696550564661][T0xed4fed7bbca0][WARN] copy_aicore_buffer: [chip_swimlane_collector.cpp:689] Core 5: skipped 1024 AICore record slot(s) with start_time=0 (race-window write or recycled-buffer tail). buf seq=0 count=1024
[mono_ns=7230696550828241][T0xed4ffbffcca0][WARN] copy_aicore_buffer: [chip_swimlane_collector.cpp:689] Core 30: skipped 1024 AICore record slot(s) with start_time=0 (race-window write or recycled-buffer tail). buf seq=0 count=1024
[mono_ns=7230696550829871][T0xed4fedfcbca0][WARN] copy_aicore_buffer: [chip_swimlane_collector.cpp:689] Core 32: skipped 1024 AICore record slot(s) with start_time=0 (race-window write or recycled-buffer tail). buf seq=0 count=1024
[mono_ns=7230696550885341][T0xed4fed7bbca0][WARN] copy_aicore_buffer: [chip_swimlane_collector.cpp:689] Core 34: skipped 1024 AICore record slot(s) with start_time=0 (race-window write or recycled-buffer tail). buf seq=0 count=1024
[mono_ns=7230696551155890][T0xed4ffbffcca0][WARN] copy_aicore_buffer: [chip_swimlane_collector.cpp:689] Core 31: skipped 1024 AICore record slot(s) with start_time=0 (race-window write or recycled-buffer tail). buf seq=0 count=1024
[mono_ns=7230696551156910][T0xed4fedfcbca0][WARN] copy_aicore_buffer: [chip_swimlane_collector.cpp:689] Core 33: skipped 1024 AICore record slot(s) with start_time=0 (race-window write or recycled-buffer tail). buf seq=0 count=1024
[mono_ns=7230696551222890][T0xed4fed7bbca0][WARN] copy_aicore_buffer: [chip_swimlane_collector.cpp:689] Core 35: skipped 1024 AICore record slot(s) with start_time=0 (race-window write or recycled-buffer tail). buf seq=0 count=1024
[mono_ns=7230696551483930][T0xed4ffbffcca0][WARN] copy_aicore_buffer: [chip_swimlane_collector.cpp:689] Core 6: skipped 1024 AICore record slot(s) with start_time=0 (race-window write or recycled-buffer tail). buf seq=0 count=1024
[mono_ns=7230696551518350][T0xed4fedfcbca0][WARN] copy_aicore_buffer: [chip_swimlane_collector.cpp:689] Core 7: skipped 1024 AICore record slot(s) with start_time=0 (race-window write or recycled-buffer tail). buf seq=0 count=1024
[mono_ns=7230696551536760][T0xed4fed7bbca0][WARN] copy_aicore_buffer: [chip_swimlane_collector.cpp:689] Core 8: skipped 1024 AICore record slot(s) with start_time=0 (race-window write or recycled-buffer tail). buf seq=0 count=1024
[mono_ns=7230696551802760][T0xed4ffbffcca0][WARN] copy_aicore_buffer: [chip_swimlane_collector.cpp:689] Core 36: skipped 1024 AICore record slot(s) with start_time=0 (race-window write or recycled-buffer tail). buf seq=0 count=1024
[mono_ns=7230696551841120][T0xed4fedfcbca0][WARN] copy_aicore_buffer: [chip_swimlane_collector.cpp:689] Core 38: skipped 1024 AICore record slot(s) with start_time=0 (race-window write or recycled-buffer tail). buf seq=0 count=1024
[mono_ns=7230696551851670][T0xed4fed7bbca0][WARN] copy_aicore_buffer: [chip_swimlane_collector.cpp:689] Core 40: skipped 1024 AICore record slot(s) with start_time=0 (race-window write or recycled-buffer tail). buf seq=0 count=1024
[mono_ns=7230696552136589][T0xed4ffbffcca0][WARN] copy_aicore_buffer: [chip_swimlane_collector.cpp:689] Core 37: skipped 1024 AICore record slot(s) with start_time=0 (race-window write or recycled-buffer tail). buf seq=0 count=1024
[mono_ns=7230696552175959][T0xed4fedfcbca0][WARN] copy_aicore_buffer: [chip_swimlane_collector.cpp:689] Core 39: skipped 1024 AICore record slot(s) with start_time=0 (race-window write or recycled-buffer tail). buf seq=0 count=1024
[mono_ns=7230696552204149][T0xed4fed7bbca0][WARN] copy_aicore_buffer: [chip_swimlane_collector.cpp:689] Core 41: skipped 1024 AICore record slot(s) with start_time=0 (race-window write or recycled-buffer tail). buf seq=0 count=1024
[mono_ns=7230696552482549][T0xed4ffbffcca0][WARN] copy_aicore_buffer: [chip_swimlane_collector.cpp:689] Core 9: skipped 1024 AICore record slot(s) with start_time=0 (race-window write or recycled-buffer tail). buf seq=0 count=1024
[mono_ns=7230696552496409][T0xed4fedfcbca0][WARN] copy_aicore_buffer: [chip_swimlane_collector.cpp:689] Core 10: skipped 1024 AICore record slot(s) with start_time=0 (race-window write or recycled-buffer tail). buf seq=0 count=1024
[mono_ns=7230696552523629][T0xed4fed7bbca0][WARN] copy_aicore_buffer: [chip_swimlane_collector.cpp:689] Core 11: skipped 1024 AICore record slot(s) with start_time=0 (race-window write or recycled-buffer tail). buf seq=0 count=1024
[mono_ns=7230696552800759][T0xed4ffbffcca0][WARN] copy_aicore_buffer: [chip_swimlane_collector.cpp:689] Core 42: skipped 1024 AICore record slot(s) with start_time=0 (race-window write or recycled-buffer tail). buf seq=0 count=1024
[mono_ns=7230696552810239][T0xed4fedfcbca0][WARN] copy_aicore_buffer: [chip_swimlane_collector.cpp:689] Core 44: skipped 1024 AICore record slot(s) with start_time=0 (race-window write or recycled-buffer tail). buf seq=0 count=1024
[mono_ns=7230696552843859][T0xed4fed7bbca0][WARN] copy_aicore_buffer: [chip_swimlane_collector.cpp:689] Core 46: skipped 1024 AICore record slot(s) with start_time=0 (race-window write or recycled-buffer tail). buf seq=0 count=1024
[mono_ns=7230696553128569][T0xed4ffbffcca0][WARN] copy_aicore_buffer: [chip_swimlane_collector.cpp:689] Core 43: skipped 1024 AICore record slot(s) with start_time=0 (race-window write or recycled-buffer tail). buf seq=0 count=1024
[mono_ns=7230696553162099][T0xed4fed7bbca0][WARN] copy_aicore_buffer: [chip_swimlane_collector.cpp:689] Core 47: skipped 1024 AICore record slot(s) with start_time=0 (race-window write or recycled-buffer tail). buf seq=0 count=1024
[mono_ns=7230696553188479][T0xed4fedfcbca0][WARN] copy_aicore_buffer: [chip_swimlane_collector.cpp:689] Core 45: skipped 1024 AICore record slot(s) with start_time=0 (race-window write or recycled-buffer tail). buf seq=0 count=1024
[mono_ns=7230696553447618][T0xed4ffbffcca0][WARN] copy_aicore_buffer: [chip_swimlane_collector.cpp:689] Core 12: skipped 1024 AICore record slot(s) with start_time=0 (race-window write or recycled-buffer tail). buf seq=0 count=1024
[mono_ns=7230696553482548][T0xed4fed7bbca0][WARN] copy_aicore_buffer: [chip_swimlane_collector.cpp:689] Core 14: skipped 1024 AICore record slot(s) with start_time=0 (race-window write or recycled-buffer tail). buf seq=0 count=1024
[mono_ns=7230696553538428][T0xed4fedfcbca0][WARN] copy_aicore_buffer: [chip_swimlane_collector.cpp:689] Core 13: skipped 1024 AICore record slot(s) with start_time=0 (race-window write or recycled-buffer tail). buf seq=0 count=1024
[mono_ns=7230696553768288][T0xed4ffbffcca0][WARN] copy_aicore_buffer: [chip_swimlane_collector.cpp:689] Core 48: skipped 1024 AICore record slot(s) with start_time=0 (race-window write or recycled-buffer tail). buf seq=0 count=1024
[mono_ns=7230696553804518][T0xed4fed7bbca0][WARN] copy_aicore_buffer: [chip_swimlane_collector.cpp:689] Core 52: skipped 1024 AICore record slot(s) with start_time=0 (race-window write or recycled-buffer tail). buf seq=0 count=1024
[mono_ns=7230696553869868][T0xed4fedfcbca0][WARN] copy_aicore_buffer: [chip_swimlane_collector.cpp:689] Core 50: skipped 1024 AICore record slot(s) with start_time=0 (race-window write or recycled-buffer tail). buf seq=0 count=1024
[mono_ns=7230696554111518][T0xed4ffbffcca0][WARN] copy_aicore_buffer: [chip_swimlane_collector.cpp:689] Core 49: skipped 1024 AICore record slot(s) with start_time=0 (race-window write or recycled-buffer tail). buf seq=0 count=1024
[mono_ns=7230696554138588][T0xed4fed7bbca0][WARN] copy_aicore_buffer: [chip_swimlane_collector.cpp:689] Core 53: skipped 1024 AICore record slot(s) with start_time=0 (race-window write or recycled-buffer tail). buf seq=0 count=1024
[mono_ns=7230696554209628][T0xed4fedfcbca0][WARN] copy_aicore_buffer: [chip_swimlane_collector.cpp:689] Core 51: skipped 1024 AICore record slot(s) with start_time=0 (race-window write or recycled-buffer tail). buf seq=0 count=1024
[mono_ns=7230696554431077][T0xed4ffbffcca0][WARN] copy_aicore_buffer: [chip_swimlane_collector.cpp:689] Core 15: skipped 1024 AICore record slot(s) with start_time=0 (race-window write or recycled-buffer tail). buf seq=0 count=1024
[mono_ns=7230696554455137][T0xed4fed7bbca0][WARN] copy_aicore_buffer: [chip_swimlane_collector.cpp:689] Core 17: skipped 1024 AICore record slot(s) with start_time=0 (race-window write or recycled-buffer tail). buf seq=0 count=1024
[mono_ns=7230696554536777][T0xed4fedfcbca0][WARN] copy_aicore_buffer: [chip_swimlane_collector.cpp:689] Core 16: skipped 1024 AICore record slot(s) with start_time=0 (race-window write or recycled-buffer tail). buf seq=0 count=1024
[mono_ns=7230696554749657][T0xed4ffbffcca0][WARN] copy_aicore_buffer: [chip_swimlane_collector.cpp:689] Core 54: skipped 1024 AICore record slot(s) with start_time=0 (race-window write or recycled-buffer tail). buf seq=0 count=1024
[mono_ns=7230696554804067][T0xed4fed7bbca0][WARN] copy_aicore_buffer: [chip_swimlane_collector.cpp:689] Core 58: skipped 1024 AICore record slot(s) with start_time=0 (race-window write or recycled-buffer tail). buf seq=0 count=1024
[mono_ns=7230696554866177][T0xed4fedfcbca0][WARN] copy_aicore_buffer: [chip_swimlane_collector.cpp:689] Core 56: skipped 1024 AICore record slot(s) with start_time=0 (race-window write or recycled-buffer tail). buf seq=0 count=1024
[mono_ns=7230696555075927][T0xed4ffbffcca0][WARN] copy_aicore_buffer: [chip_swimlane_collector.cpp:689] Core 55: skipped 1024 AICore record slot(s) with start_time=0 (race-window write or recycled-buffer tail). buf seq=0 count=1024
[mono_ns=7230696555131277][T0xed4fed7bbca0][WARN] copy_aicore_buffer: [chip_swimlane_collector.cpp:689] Core 59: skipped 1024 AICore record slot(s) with start_time=0 (race-window write or recycled-buffer tail). buf seq=0 count=1024
[mono_ns=7230696555203447][T0xed4fedfcbca0][WARN] copy_aicore_buffer: [chip_swimlane_collector.cpp:689] Core 57: skipped 1024 AICore record slot(s) with start_time=0 (race-window write or recycled-buffer tail). buf seq=0 count=1024
[mono_ns=7230696555394377][T0xed4ffbffcca0][WARN] copy_aicore_buffer: [chip_swimlane_collector.cpp:689] Core 18: skipped 1024 AICore record slot(s) with start_time=0 (race-window write or recycled-buffer tail). buf seq=0 count=1024
[mono_ns=7230696555467197][T0xed4fed7bbca0][WARN] copy_aicore_buffer: [chip_swimlane_collector.cpp:689] Core 20: skipped 1024 AICore record slot(s) with start_time=0 (race-window write or recycled-buffer tail). buf seq=0 count=1024
[mono_ns=7230696555533836][T0xed4fedfcbca0][WARN] copy_aicore_buffer: [chip_swimlane_collector.cpp:689] Core 19: skipped 1024 AICore record slot(s) with start_time=0 (race-window write or recycled-buffer tail). buf seq=0 count=1024
[mono_ns=7230696555748076][T0xed4ffbffcca0][WARN] copy_aicore_buffer: [chip_swimlane_collector.cpp:689] Core 60: skipped 1024 AICore record slot(s) with start_time=0 (race-window write or recycled-buffer tail). buf seq=0 count=1024
[mono_ns=7230696555801796][T0xed4fed7bbca0][WARN] copy_aicore_buffer: [chip_swimlane_collector.cpp:689] Core 64: skipped 1024 AICore record slot(s) with start_time=0 (race-window write or recycled-buffer tail). buf seq=0 count=1024
[mono_ns=7230696555863696][T0xed4fedfcbca0][WARN] copy_aicore_buffer: [chip_swimlane_collector.cpp:689] Core 62: skipped 1024 AICore record slot(s) with start_time=0 (race-window write or recycled-buffer tail). buf seq=0 count=1024
[mono_ns=7230696556097076][T0xed4ffbffcca0][WARN] copy_aicore_buffer: [chip_swimlane_collector.cpp:689] Core 61: skipped 1024 AICore record slot(s) with start_time=0 (race-window write or recycled-buffer tail). buf seq=0 count=1024
[mono_ns=7230696556140236][T0xed4fed7bbca0][WARN] copy_aicore_buffer: [chip_swimlane_collector.cpp:689] Core 65: skipped 1024 AICore record slot(s) with start_time=0 (race-window write or recycled-buffer tail). buf seq=0 count=1024
[mono_ns=7230696556198686][T0xed4fedfcbca0][WARN] copy_aicore_buffer: [chip_swimlane_collector.cpp:689] Core 63: skipped 1024 AICore record slot(s) with start_time=0 (race-window write or recycled-buffer tail). buf seq=0 count=1024
[mono_ns=7230696556423466][T0xed4ffbffcca0][WARN] copy_aicore_buffer: [chip_swimlane_collector.cpp:689] Core 21: skipped 1024 AICore record slot(s) with start_time=0 (race-window write or recycled-buffer tail). buf seq=0 count=1024
[mono_ns=7230696556482816][T0xed4fed7bbca0][WARN] copy_aicore_buffer: [chip_swimlane_collector.cpp:689] Core 23: skipped 1024 AICore record slot(s) with start_time=0 (race-window write or recycled-buffer tail). buf seq=0 count=1024
[mono_ns=7230696556539936][T0xed4fedfcbca0][WARN] copy_aicore_buffer: [chip_swimlane_collector.cpp:689] Core 22: skipped 1024 AICore record slot(s) with start_time=0 (race-window write or recycled-buffer tail). buf seq=0 count=1024
[mono_ns=7230696556749485][T0xed4ffbffcca0][WARN] copy_aicore_buffer: [chip_swimlane_collector.cpp:689] Core 66: skipped 1024 AICore record slot(s) with start_time=0 (race-window write or recycled-buffer tail). buf seq=0 count=1024
[mono_ns=7230696556808875][T0xed4fed7bbca0][WARN] copy_aicore_buffer: [chip_swimlane_collector.cpp:689] Core 70: skipped 1024 AICore record slot(s) with start_time=0 (race-window write or recycled-buffer tail). buf seq=0 count=1024
[mono_ns=7230696556868325][T0xed4fedfcbca0][WARN] copy_aicore_buffer: [chip_swimlane_collector.cpp:689] Core 68: skipped 1024 AICore record slot(s) with start_time=0 (race-window write or recycled-buffer tail). buf seq=0 count=1024
[mono_ns=7230696557084925][T0xed4ffbffcca0][WARN] copy_aicore_buffer: [chip_swimlane_collector.cpp:689] Core 67: skipped 1024 AICore record slot(s) with start_time=0 (race-window write or recycled-buffer tail). buf seq=0 count=1024
[mono_ns=7230696557143595][T0xed4fed7bbca0][WARN] copy_aicore_buffer: [chip_swimlane_collector.cpp:689] Core 71: skipped 1024 AICore record slot(s) with start_time=0 (race-window write or recycled-buffer tail). buf seq=0 count=1024
[mono_ns=7230696557203285][T0xed4fedfcbca0][WARN] copy_aicore_buffer: [chip_swimlane_collector.cpp:689] Core 69: skipped 1024 AICore record slot(s) with start_time=0 (race-window write or recycled-buffer tail). buf seq=0 count=1024
[mono_ns=7230696657868085][T0xed514a70b020][TIMING] emit_host_span: [STRACE] v=1 pid=379533 tid=379533 inv=4 hid=66593a349fbd19d7 depth=1 name=chip.run.runner_run ts=7230696547605164 dur=110249871 
[mono_ns=7230696657971444][T0xed514a70b020][TIMING] emit_host_span: [STRACE] v=1 pid=379533 tid=379533 inv=4 hid=66593a349fbd19d7 depth=1 name=chip.run.validate ts=7230696657883145 dur=84709 
[mono_ns=7230696657981184][T0xed514a70b020][TIMING] emit_host_span: [STRACE] v=1 pid=379533 tid=379533 inv=4 hid=66593a349fbd19d7 depth=2 name=chip.run.runner_run.device_wall ts=0 dur=1028159 clk=dev
[mono_ns=7230696657985524][T0xed514a70b020][TIMING] emit_host_span: [STRACE] v=1 pid=379533 tid=379533 inv=4 hid=66593a349fbd19d7 depth=3 name=chip.run.runner_run.device_wall.preamble ts=0 dur=103020 clk=dev
[mono_ns=7230696657989824][T0xed514a70b020][TIMING] emit_host_span: [STRACE] v=1 pid=379533 tid=379533 inv=4 hid=66593a349fbd19d7 depth=3 name=chip.run.runner_run.device_wall.graph_build ts=99000 dur=919439 clk=dev
[mono_ns=7230696657993804][T0xed514a70b020][TIMING] emit_host_span: [STRACE] v=1 pid=379533 tid=379533 inv=4 hid=66593a349fbd19d7 depth=3 name=chip.run.runner_run.device_wall.config_validate ts=99100 dur=919 clk=dev
[mono_ns=7230696657997754][T0xed514a70b020][TIMING] emit_host_span: [STRACE] v=1 pid=379533 tid=379533 inv=4 hid=66593a349fbd19d7 depth=3 name=chip.run.runner_run.device_wall.arena_wire ts=100039 dur=339 clk=dev
[mono_ns=7230696658025614][T0xed514a70b020][TIMING] emit_host_span: [STRACE] v=1 pid=379533 tid=379533 inv=4 hid=66593a349fbd19d7 depth=3 name=chip.run.runner_run.device_wall.sm_reset ts=100420 dur=560 clk=dev
[mono_ns=7230696658029114][T0xed514a70b020][TIMING] emit_host_span: [STRACE] v=1 pid=379533 tid=379533 inv=4 hid=66593a349fbd19d7 depth=3 name=chip.run.runner_run.device_wall.post_orch ts=1018480 dur=9580 clk=dev
[mono_ns=7230696658032474][T0xed514a70b020][TIMING] emit_host_span: [STRACE] v=1 pid=379533 tid=379533 inv=4 hid=66593a349fbd19d7 depth=3 name=chip.run.runner_run.device_wall.orch ts=101020 dur=4940 clk=dev
[mono_ns=7230696658035764][T0xed514a70b020][TIMING] emit_host_span: [STRACE] v=1 pid=379533 tid=379533 inv=4 hid=66593a349fbd19d7 depth=3 name=chip.run.runner_run.device_wall.sched ts=103120 dur=891080 clk=dev
[mono_ns=7230696658040264][T0xed514a70b020][TIMING] emit_host_span: [STRACE] v=1 pid=379533 tid=379533 inv=4 hid=66593a349fbd19d7 depth=1 name=chip.run.claim_release ts=7230696658038084 dur=430 
[mono_ns=7230696658044534][T0xed514a70b020][TIMING] emit_host_span: [STRACE] v=1 pid=379533 tid=379533 inv=4 hid=66593a349fbd19d7 depth=0 name=chip.run ts=7230696546273495 dur=111769059 run_id=4 dispatch_id=4 slot_id=0 generation=4 run_epoch=4
[mono_ns=7230701509022733][T0xed514a70b020][TIMING] emit_host_span: [STRACE] v=1 pid=379533 tid=379533 inv=5 hid=66593a349fbd19d7 depth=2 name=chip.run.bind.args ts=7230701508863113 dur=136480 
[mono_ns=7230701509048863][T0xed514a70b020][TIMING] emit_host_span: [STRACE] v=1 pid=379533 tid=379533 inv=5 hid=66593a349fbd19d7 depth=2 name=chip.run.bind.prebuilt ts=7230701509039493 dur=6650 
[mono_ns=7230701509054623][T0xed514a70b020][TIMING] emit_host_span: [STRACE] v=1 pid=379533 tid=379533 inv=5 hid=66593a349fbd19d7 depth=1 name=chip.run.bind ts=7230701508854354 dur=197269 
[mono_ns=7230701617712551][T0xed514a70b020][TIMING] emit_host_span: [STRACE] v=1 pid=379533 tid=379533 inv=5 hid=66593a349fbd19d7 depth=1 name=chip.run.runner_run ts=7230701509327943 dur=108369188 
[mono_ns=7230701617831801][T0xed514a70b020][TIMING] emit_host_span: [STRACE] v=1 pid=379533 tid=379533 inv=5 hid=66593a349fbd19d7 depth=1 name=chip.run.validate ts=7230701617730401 dur=97480 
[mono_ns=7230701617843581][T0xed514a70b020][TIMING] emit_host_span: [STRACE] v=1 pid=379533 tid=379533 inv=5 hid=66593a349fbd19d7 depth=2 name=chip.run.runner_run.device_wall ts=0 dur=6224259 clk=dev
[mono_ns=7230701617848141][T0xed514a70b020][TIMING] emit_host_span: [STRACE] v=1 pid=379533 tid=379533 inv=5 hid=66593a349fbd19d7 depth=3 name=chip.run.runner_run.device_wall.preamble ts=0 dur=6280 clk=dev
[mono_ns=7230701617852441][T0xed514a70b020][TIMING] emit_host_span: [STRACE] v=1 pid=379533 tid=379533 inv=5 hid=66593a349fbd19d7 depth=3 name=chip.run.runner_run.device_wall.graph_build ts=1700 dur=6213200 clk=dev
[mono_ns=7230701617855751][T0xed514a70b020][TIMING] emit_host_span: [STRACE] v=1 pid=379533 tid=379533 inv=5 hid=66593a349fbd19d7 depth=3 name=chip.run.runner_run.device_wall.config_validate ts=1839 dur=799 clk=dev
[mono_ns=7230701617864671][T0xed514a70b020][TIMING] emit_host_span: [STRACE] v=1 pid=379533 tid=379533 inv=5 hid=66593a349fbd19d7 depth=3 name=chip.run.runner_run.device_wall.arena_wire ts=2660 dur=1180 clk=dev
[mono_ns=7230701617867701][T0xed514a70b020][TIMING] emit_host_span: [STRACE] v=1 pid=379533 tid=379533 inv=5 hid=66593a349fbd19d7 depth=3 name=chip.run.runner_run.device_wall.sm_reset ts=3860 dur=1140 clk=dev
[mono_ns=7230701617871341][T0xed514a70b020][TIMING] emit_host_span: [STRACE] v=1 pid=379533 tid=379533 inv=5 hid=66593a349fbd19d7 depth=3 name=chip.run.runner_run.device_wall.post_orch ts=6214940 dur=9060 clk=dev
[mono_ns=7230701617874231][T0xed514a70b020][TIMING] emit_host_span: [STRACE] v=1 pid=379533 tid=379533 inv=5 hid=66593a349fbd19d7 depth=3 name=chip.run.runner_run.device_wall.orch ts=5920 dur=9819 clk=dev
[mono_ns=7230701617877111][T0xed514a70b020][TIMING] emit_host_span: [STRACE] v=1 pid=379533 tid=379533 inv=5 hid=66593a349fbd19d7 depth=3 name=chip.run.runner_run.device_wall.sched ts=6740 dur=6200520 clk=dev
[mono_ns=7230701617882331][T0xed514a70b020][TIMING] emit_host_span: [STRACE] v=1 pid=379533 tid=379533 inv=5 hid=66593a349fbd19d7 depth=1 name=chip.run.claim_release ts=7230701617880051 dur=540 
[mono_ns=7230701617887161][T0xed514a70b020][TIMING] emit_host_span: [STRACE] v=1 pid=379533 tid=379533 inv=5 hid=66593a349fbd19d7 depth=0 name=chip.run ts=7230701508773214 dur=109111977 run_id=5 dispatch_id=5 slot_id=0 generation=5 run_epoch=5
[mono_ns=7230701676306802][T0xed514a70b020][TIMING] emit_host_span: [STRACE] v=1 pid=379533 tid=379533 inv=6 hid=66593a349fbd19d7 depth=2 name=chip.run.bind.args ts=7230701676175522 dur=125360 
[mono_ns=7230701676334312][T0xed514a70b020][TIMING] emit_host_span: [STRACE] v=1 pid=379533 tid=379533 inv=6 hid=66593a349fbd19d7 depth=2 name=chip.run.bind.prebuilt ts=7230701676329012 dur=2850 
[mono_ns=7230701676339852][T0xed514a70b020][TIMING] emit_host_span: [STRACE] v=1 pid=379533 tid=379533 inv=6 hid=66593a349fbd19d7 depth=1 name=chip.run.bind ts=7230701676167452 dur=169970 
[mono_ns=7230701678633760][T0xed4fedfcbca0][WARN] copy_aicore_buffer: [chip_swimlane_collector.cpp:689] Core 1: skipped 1024 AICore record slot(s) with start_time=0 (race-window write or recycled-buffer tail). buf seq=0 count=1024
[mono_ns=7230701678655580][T0xed4fed7bbca0][WARN] copy_aicore_buffer: [chip_swimlane_collector.cpp:689] Core 2: skipped 1024 AICore record slot(s) with start_time=0 (race-window write or recycled-buffer tail). buf seq=0 count=1024
[mono_ns=7230701678725930][T0xed4ffbffcca0][WARN] copy_aicore_buffer: [chip_swimlane_collector.cpp:689] Core 0: skipped 1024 AICore record slot(s) with start_time=0 (race-window write or recycled-buffer tail). buf seq=0 count=1024
[mono_ns=7230701678974199][T0xed4fedfcbca0][WARN] copy_aicore_buffer: [chip_swimlane_collector.cpp:689] Core 26: skipped 1024 AICore record slot(s) with start_time=0 (race-window write or recycled-buffer tail). buf seq=0 count=1024
[mono_ns=7230701678979819][T0xed4fed7bbca0][WARN] copy_aicore_buffer: [chip_swimlane_collector.cpp:689] Core 28: skipped 1021 AICore record slot(s) with start_time=0 (race-window write or recycled-buffer tail). buf seq=0 count=1024
[mono_ns=7230701679071649][T0xed4ffbffcca0][WARN] copy_aicore_buffer: [chip_swimlane_collector.cpp:689] Core 24: skipped 1024 AICore record slot(s) with start_time=0 (race-window write or recycled-buffer tail). buf seq=0 count=1024
[mono_ns=7230701679308589][T0xed4fedfcbca0][WARN] copy_aicore_buffer: [chip_swimlane_collector.cpp:689] Core 27: skipped 1024 AICore record slot(s) with start_time=0 (race-window write or recycled-buffer tail). buf seq=0 count=1024
[mono_ns=7230701679311009][T0xed4fed7bbca0][WARN] copy_aicore_buffer: [chip_swimlane_collector.cpp:689] Core 29: skipped 1024 AICore record slot(s) with start_time=0 (race-window write or recycled-buffer tail). buf seq=0 count=1024
[mono_ns=7230701679405049][T0xed4ffbffcca0][WARN] copy_aicore_buffer: [chip_swimlane_collector.cpp:689] Core 25: skipped 1024 AICore record slot(s) with start_time=0 (race-window write or recycled-buffer tail). buf seq=0 count=1024
[mono_ns=7230701679628489][T0xed4fed7bbca0][WARN] copy_aicore_buffer: [chip_swimlane_collector.cpp:689] Core 5: skipped 1024 AICore record slot(s) with start_time=0 (race-window write or recycled-buffer tail). buf seq=0 count=1024
[mono_ns=7230701679629999][T0xed4fedfcbca0][WARN] copy_aicore_buffer: [chip_swimlane_collector.cpp:689] Core 4: skipped 1024 AICore record slot(s) with start_time=0 (race-window write or recycled-buffer tail). buf seq=0 count=1024
[mono_ns=7230701679723759][T0xed4ffbffcca0][WARN] copy_aicore_buffer: [chip_swimlane_collector.cpp:689] Core 3: skipped 1024 AICore record slot(s) with start_time=0 (race-window write or recycled-buffer tail). buf seq=0 count=1024
[mono_ns=7230701679947959][T0xed4fed7bbca0][WARN] copy_aicore_buffer: [chip_swimlane_collector.cpp:689] Core 34: skipped 1024 AICore record slot(s) with start_time=0 (race-window write or recycled-buffer tail). buf seq=0 count=1024
[mono_ns=7230701679949889][T0xed4fedfcbca0][WARN] copy_aicore_buffer: [chip_swimlane_collector.cpp:689] Core 32: skipped 1024 AICore record slot(s) with start_time=0 (race-window write or recycled-buffer tail). buf seq=0 count=1024
[mono_ns=7230701680058789][T0xed4ffbffcca0][WARN] copy_aicore_buffer: [chip_swimlane_collector.cpp:689] Core 30: skipped 1024 AICore record slot(s) with start_time=0 (race-window write or recycled-buffer tail). buf seq=0 count=1024
[mono_ns=7230701680287828][T0xed4fedfcbca0][WARN] copy_aicore_buffer: [chip_swimlane_collector.cpp:689] Core 33: skipped 1024 AICore record slot(s) with start_time=0 (race-window write or recycled-buffer tail). buf seq=0 count=1024
[mono_ns=7230701680311478][T0xed4fed7bbca0][WARN] copy_aicore_buffer: [chip_swimlane_collector.cpp:689] Core 35: skipped 1024 AICore record slot(s) with start_time=0 (race-window write or recycled-buffer tail). buf seq=0 count=1024
[mono_ns=7230701680377188][T0xed4ffbffcca0][WARN] copy_aicore_buffer: [chip_swimlane_collector.cpp:689] Core 31: skipped 1024 AICore record slot(s) with start_time=0 (race-window write or recycled-buffer tail). buf seq=0 count=1024
[mono_ns=7230701680608378][T0xed4fedfcbca0][WARN] copy_aicore_buffer: [chip_swimlane_collector.cpp:689] Core 7: skipped 1024 AICore record slot(s) with start_time=0 (race-window write or recycled-buffer tail). buf seq=0 count=1024
[mono_ns=7230701680632388][T0xed4fed7bbca0][WARN] copy_aicore_buffer: [chip_swimlane_collector.cpp:689] Core 8: skipped 1024 AICore record slot(s) with start_time=0 (race-window write or recycled-buffer tail). buf seq=0 count=1024
[mono_ns=7230701680696178][T0xed4ffbffcca0][WARN] copy_aicore_buffer: [chip_swimlane_collector.cpp:689] Core 6: skipped 1024 AICore record slot(s) with start_time=0 (race-window write or recycled-buffer tail). buf seq=0 count=1024
[mono_ns=7230701680929018][T0xed4fedfcbca0][WARN] copy_aicore_buffer: [chip_swimlane_collector.cpp:689] Core 38: skipped 1024 AICore record slot(s) with start_time=0 (race-window write or recycled-buffer tail). buf seq=0 count=1024
[mono_ns=7230701680954388][T0xed4fed7bbca0][WARN] copy_aicore_buffer: [chip_swimlane_collector.cpp:689] Core 40: skipped 1024 AICore record slot(s) with start_time=0 (race-window write or recycled-buffer tail). buf seq=0 count=1024
[mono_ns=7230701681056528][T0xed4ffbffcca0][WARN] copy_aicore_buffer: [chip_swimlane_collector.cpp:689] Core 36: skipped 1024 AICore record slot(s) with start_time=0 (race-window write or recycled-buffer tail). buf seq=0 count=1024
[mono_ns=7230701681265698][T0xed4fedfcbca0][WARN] copy_aicore_buffer: [chip_swimlane_collector.cpp:689] Core 39: skipped 1024 AICore record slot(s) with start_time=0 (race-window write or recycled-buffer tail). buf seq=0 count=1024
[mono_ns=7230701681289767][T0xed4fed7bbca0][WARN] copy_aicore_buffer: [chip_swimlane_collector.cpp:689] Core 41: skipped 1024 AICore record slot(s) with start_time=0 (race-window write or recycled-buffer tail). buf seq=0 count=1024
[mono_ns=7230701681376027][T0xed4ffbffcca0][WARN] copy_aicore_buffer: [chip_swimlane_collector.cpp:689] Core 37: skipped 1024 AICore record slot(s) with start_time=0 (race-window write or recycled-buffer tail). buf seq=0 count=1024
[mono_ns=7230701681586447][T0xed4fedfcbca0][WARN] copy_aicore_buffer: [chip_swimlane_collector.cpp:689] Core 10: skipped 1024 AICore record slot(s) with start_time=0 (race-window write or recycled-buffer tail). buf seq=0 count=1024
[mono_ns=7230701681611817][T0xed4fed7bbca0][WARN] copy_aicore_buffer: [chip_swimlane_collector.cpp:689] Core 11: skipped 1024 AICore record slot(s) with start_time=0 (race-window write or recycled-buffer tail). buf seq=0 count=1024
[mono_ns=7230701681695777][T0xed4ffbffcca0][WARN] copy_aicore_buffer: [chip_swimlane_collector.cpp:689] Core 9: skipped 1024 AICore record slot(s) with start_time=0 (race-window write or recycled-buffer tail). buf seq=0 count=1024
[mono_ns=7230701681907167][T0xed4fedfcbca0][WARN] copy_aicore_buffer: [chip_swimlane_collector.cpp:689] Core 44: skipped 1024 AICore record slot(s) with start_time=0 (race-window write or recycled-buffer tail). buf seq=0 count=1024
[mono_ns=7230701681969797][T0xed4fed7bbca0][WARN] copy_aicore_buffer: [chip_swimlane_collector.cpp:689] Core 46: skipped 1024 AICore record slot(s) with start_time=0 (race-window write or recycled-buffer tail). buf seq=0 count=1024
[mono_ns=7230701682026787][T0xed4ffbffcca0][WARN] copy_aicore_buffer: [chip_swimlane_collector.cpp:689] Core 42: skipped 1024 AICore record slot(s) with start_time=0 (race-window write or recycled-buffer tail). buf seq=0 count=1024
[mono_ns=7230701682238887][T0xed4fedfcbca0][WARN] copy_aicore_buffer: [chip_swimlane_collector.cpp:689] Core 45: skipped 1024 AICore record slot(s) with start_time=0 (race-window write or recycled-buffer tail). buf seq=0 count=1024
[mono_ns=7230701682301817][T0xed4fed7bbca0][WARN] copy_aicore_buffer: [chip_swimlane_collector.cpp:689] Core 47: skipped 1024 AICore record slot(s) with start_time=0 (race-window write or recycled-buffer tail). buf seq=0 count=1024
[mono_ns=7230701682345237][T0xed4ffbffcca0][WARN] copy_aicore_buffer: [chip_swimlane_collector.cpp:689] Core 43: skipped 1024 AICore record slot(s) with start_time=0 (race-window write or recycled-buffer tail). buf seq=0 count=1024
[mono_ns=7230701682558956][T0xed4fedfcbca0][WARN] copy_aicore_buffer: [chip_swimlane_collector.cpp:689] Core 13: skipped 1024 AICore record slot(s) with start_time=0 (race-window write or recycled-buffer tail). buf seq=0 count=1024
[mono_ns=7230701682620946][T0xed4fed7bbca0][WARN] copy_aicore_buffer: [chip_swimlane_collector.cpp:689] Core 14: skipped 1024 AICore record slot(s) with start_time=0 (race-window write or recycled-buffer tail). buf seq=0 count=1024
[mono_ns=7230701682664296][T0xed4ffbffcca0][WARN] copy_aicore_buffer: [chip_swimlane_collector.cpp:689] Core 12: skipped 1024 AICore record slot(s) with start_time=0 (race-window write or recycled-buffer tail). buf seq=0 count=1024
[mono_ns=7230701682892776][T0xed4fedfcbca0][WARN] copy_aicore_buffer: [chip_swimlane_collector.cpp:689] Core 50: skipped 1024 AICore record slot(s) with start_time=0 (race-window write or recycled-buffer tail). buf seq=0 count=1024
[mono_ns=7230701682941686][T0xed4fed7bbca0][WARN] copy_aicore_buffer: [chip_swimlane_collector.cpp:689] Core 52: skipped 1024 AICore record slot(s) with start_time=0 (race-window write or recycled-buffer tail). buf seq=0 count=1024
[mono_ns=7230701682983736][T0xed4ffbffcca0][WARN] copy_aicore_buffer: [chip_swimlane_collector.cpp:689] Core 48: skipped 1024 AICore record slot(s) with start_time=0 (race-window write or recycled-buffer tail). buf seq=0 count=1024
[mono_ns=7230701683226396][T0xed4fedfcbca0][WARN] copy_aicore_buffer: [chip_swimlane_collector.cpp:689] Core 51: skipped 1024 AICore record slot(s) with start_time=0 (race-window write or recycled-buffer tail). buf seq=0 count=1024
[mono_ns=7230701683274956][T0xed4fed7bbca0][WARN] copy_aicore_buffer: [chip_swimlane_collector.cpp:689] Core 53: skipped 1024 AICore record slot(s) with start_time=0 (race-window write or recycled-buffer tail). buf seq=0 count=1024
[mono_ns=7230701683312596][T0xed4ffbffcca0][WARN] copy_aicore_buffer: [chip_swimlane_collector.cpp:689] Core 49: skipped 1024 AICore record slot(s) with start_time=0 (race-window write or recycled-buffer tail). buf seq=0 count=1024
[mono_ns=7230701683547056][T0xed4fedfcbca0][WARN] copy_aicore_buffer: [chip_swimlane_collector.cpp:689] Core 16: skipped 1024 AICore record slot(s) with start_time=0 (race-window write or recycled-buffer tail). buf seq=0 count=1024
[mono_ns=7230701683626206][T0xed4ffbffcca0][WARN] copy_aicore_buffer: [chip_swimlane_collector.cpp:689] Core 15: skipped 1024 AICore record slot(s) with start_time=0 (race-window write or recycled-buffer tail). buf seq=0 count=1024
[mono_ns=7230701683627536][T0xed4fed7bbca0][WARN] copy_aicore_buffer: [chip_swimlane_collector.cpp:689] Core 17: skipped 1024 AICore record slot(s) with start_time=0 (race-window write or recycled-buffer tail). buf seq=0 count=1024
[mono_ns=7230701683866255][T0xed4fedfcbca0][WARN] copy_aicore_buffer: [chip_swimlane_collector.cpp:689] Core 56: skipped 1024 AICore record slot(s) with start_time=0 (race-window write or recycled-buffer tail). buf seq=0 count=1024
[mono_ns=7230701683955615][T0xed4fed7bbca0][WARN] copy_aicore_buffer: [chip_swimlane_collector.cpp:689] Core 58: skipped 1024 AICore record slot(s) with start_time=0 (race-window write or recycled-buffer tail). buf seq=0 count=1024
[mono_ns=7230701683963175][T0xed4ffbffcca0][WARN] copy_aicore_buffer: [chip_swimlane_collector.cpp:689] Core 54: skipped 1024 AICore record slot(s) with start_time=0 (race-window write or recycled-buffer tail). buf seq=0 count=1024
[mono_ns=7230701684202755][T0xed4fedfcbca0][WARN] copy_aicore_buffer: [chip_swimlane_collector.cpp:689] Core 57: skipped 1024 AICore record slot(s) with start_time=0 (race-window write or recycled-buffer tail). buf seq=0 count=1024
[mono_ns=7230701684324305][T0xed4fed7bbca0][WARN] copy_aicore_buffer: [chip_swimlane_collector.cpp:689] Core 59: skipped 1024 AICore record slot(s) with start_time=0 (race-window write or recycled-buffer tail). buf seq=0 count=1024
[mono_ns=7230701684344715][T0xed4ffbffcca0][WARN] copy_aicore_buffer: [chip_swimlane_collector.cpp:689] Core 55: skipped 1024 AICore record slot(s) with start_time=0 (race-window write or recycled-buffer tail). buf seq=0 count=1024
[mono_ns=7230701684547995][T0xed4fedfcbca0][WARN] copy_aicore_buffer: [chip_swimlane_collector.cpp:689] Core 19: skipped 1024 AICore record slot(s) with start_time=0 (race-window write or recycled-buffer tail). buf seq=0 count=1024
[mono_ns=7230701684654085][T0xed4fed7bbca0][WARN] copy_aicore_buffer: [chip_swimlane_collector.cpp:689] Core 20: skipped 1024 AICore record slot(s) with start_time=0 (race-window write or recycled-buffer tail). buf seq=0 count=1024
[mono_ns=7230701684667765][T0xed4ffbffcca0][WARN] copy_aicore_buffer: [chip_swimlane_collector.cpp:689] Core 18: skipped 1024 AICore record slot(s) with start_time=0 (race-window write or recycled-buffer tail). buf seq=0 count=1024
[mono_ns=7230701684868604][T0xed4fedfcbca0][WARN] copy_aicore_buffer: [chip_swimlane_collector.cpp:689] Core 62: skipped 1024 AICore record slot(s) with start_time=0 (race-window write or recycled-buffer tail). buf seq=0 count=1024
[mono_ns=7230701684982474][T0xed4fed7bbca0][WARN] copy_aicore_buffer: [chip_swimlane_collector.cpp:689] Core 64: skipped 1024 AICore record slot(s) with start_time=0 (race-window write or recycled-buffer tail). buf seq=0 count=1024
[mono_ns=7230701684986824][T0xed4ffbffcca0][WARN] copy_aicore_buffer: [chip_swimlane_collector.cpp:689] Core 60: skipped 1024 AICore record slot(s) with start_time=0 (race-window write or recycled-buffer tail). buf seq=0 count=1024
[mono_ns=7230701685198754][T0xed4fedfcbca0][WARN] copy_aicore_buffer: [chip_swimlane_collector.cpp:689] Core 63: skipped 1024 AICore record slot(s) with start_time=0 (race-window write or recycled-buffer tail). buf seq=0 count=1024
[mono_ns=7230701685331734][T0xed4fed7bbca0][WARN] copy_aicore_buffer: [chip_swimlane_collector.cpp:689] Core 65: skipped 1024 AICore record slot(s) with start_time=0 (race-window write or recycled-buffer tail). buf seq=0 count=1024
[mono_ns=7230701685349344][T0xed4ffbffcca0][WARN] copy_aicore_buffer: [chip_swimlane_collector.cpp:689] Core 61: skipped 1024 AICore record slot(s) with start_time=0 (race-window write or recycled-buffer tail). buf seq=0 count=1024
[mono_ns=7230701685520614][T0xed4fedfcbca0][WARN] copy_aicore_buffer: [chip_swimlane_collector.cpp:689] Core 22: skipped 1024 AICore record slot(s) with start_time=0 (race-window write or recycled-buffer tail). buf seq=0 count=1024
[mono_ns=7230701685660954][T0xed4fed7bbca0][WARN] copy_aicore_buffer: [chip_swimlane_collector.cpp:689] Core 23: skipped 1024 AICore record slot(s) with start_time=0 (race-window write or recycled-buffer tail). buf seq=0 count=1024
[mono_ns=7230701685669744][T0xed4ffbffcca0][WARN] copy_aicore_buffer: [chip_swimlane_collector.cpp:689] Core 21: skipped 1024 AICore record slot(s) with start_time=0 (race-window write or recycled-buffer tail). buf seq=0 count=1024
[mono_ns=7230701685840684][T0xed4fedfcbca0][WARN] copy_aicore_buffer: [chip_swimlane_collector.cpp:689] Core 68: skipped 1024 AICore record slot(s) with start_time=0 (race-window write or recycled-buffer tail). buf seq=0 count=1024
[mono_ns=7230701685989194][T0xed4fed7bbca0][WARN] copy_aicore_buffer: [chip_swimlane_collector.cpp:689] Core 70: skipped 1024 AICore record slot(s) with start_time=0 (race-window write or recycled-buffer tail). buf seq=0 count=1024
[mono_ns=7230701685993604][T0xed4ffbffcca0][WARN] copy_aicore_buffer: [chip_swimlane_collector.cpp:689] Core 66: skipped 1024 AICore record slot(s) with start_time=0 (race-window write or recycled-buffer tail). buf seq=0 count=1024
[mono_ns=7230701686187523][T0xed4fedfcbca0][WARN] copy_aicore_buffer: [chip_swimlane_collector.cpp:689] Core 69: skipped 1024 AICore record slot(s) with start_time=0 (race-window write or recycled-buffer tail). buf seq=0 count=1024
[mono_ns=7230701686329953][T0xed4fed7bbca0][WARN] copy_aicore_buffer: [chip_swimlane_collector.cpp:689] Core 71: skipped 1024 AICore record slot(s) with start_time=0 (race-window write or recycled-buffer tail). buf seq=0 count=1024
[mono_ns=7230701686332723][T0xed4ffbffcca0][WARN] copy_aicore_buffer: [chip_swimlane_collector.cpp:689] Core 67: skipped 1024 AICore record slot(s) with start_time=0 (race-window write or recycled-buffer tail). buf seq=0 count=1024
[mono_ns=7230701786991178][T0xed514a70b020][TIMING] emit_host_span: [STRACE] v=1 pid=379533 tid=379533 inv=6 hid=66593a349fbd19d7 depth=1 name=chip.run.runner_run ts=7230701676928571 dur=110054357 
[mono_ns=7230701787102288][T0xed514a70b020][TIMING] emit_host_span: [STRACE] v=1 pid=379533 tid=379533 inv=6 hid=66593a349fbd19d7 depth=1 name=chip.run.validate ts=7230701787016808 dur=80820 
[mono_ns=7230701787112618][T0xed514a70b020][TIMING] emit_host_span: [STRACE] v=1 pid=379533 tid=379533 inv=6 hid=66593a349fbd19d7 depth=2 name=chip.run.runner_run.device_wall ts=0 dur=1164340 clk=dev
[mono_ns=7230701787122198][T0xed514a70b020][TIMING] emit_host_span: [STRACE] v=1 pid=379533 tid=379533 inv=6 hid=66593a349fbd19d7 depth=3 name=chip.run.runner_run.device_wall.preamble ts=0 dur=109020 clk=dev
[mono_ns=7230701787127028][T0xed514a70b020][TIMING] emit_host_span: [STRACE] v=1 pid=379533 tid=379533 inv=6 hid=66593a349fbd19d7 depth=3 name=chip.run.runner_run.device_wall.graph_build ts=104960 dur=1049860 clk=dev
[mono_ns=7230701787130238][T0xed514a70b020][TIMING] emit_host_span: [STRACE] v=1 pid=379533 tid=379533 inv=6 hid=66593a349fbd19d7 depth=3 name=chip.run.runner_run.device_wall.config_validate ts=105060 dur=760 clk=dev
[mono_ns=7230701787134328][T0xed514a70b020][TIMING] emit_host_span: [STRACE] v=1 pid=379533 tid=379533 inv=6 hid=66593a349fbd19d7 depth=3 name=chip.run.runner_run.device_wall.arena_wire ts=105860 dur=620 clk=dev
[mono_ns=7230701787137258][T0xed514a70b020][TIMING] emit_host_span: [STRACE] v=1 pid=379533 tid=379533 inv=6 hid=66593a349fbd19d7 depth=3 name=chip.run.runner_run.device_wall.sm_reset ts=106520 dur=459 clk=dev
[mono_ns=7230701787141288][T0xed514a70b020][TIMING] emit_host_span: [STRACE] v=1 pid=379533 tid=379533 inv=6 hid=66593a349fbd19d7 depth=3 name=chip.run.runner_run.device_wall.post_orch ts=1154899 dur=9340 clk=dev
[mono_ns=7230701787144598][T0xed514a70b020][TIMING] emit_host_span: [STRACE] v=1 pid=379533 tid=379533 inv=6 hid=66593a349fbd19d7 depth=3 name=chip.run.runner_run.device_wall.orch ts=107040 dur=3700 clk=dev
[mono_ns=7230701787149018][T0xed514a70b020][TIMING] emit_host_span: [STRACE] v=1 pid=379533 tid=379533 inv=6 hid=66593a349fbd19d7 depth=3 name=chip.run.runner_run.device_wall.sched ts=109140 dur=1022140 clk=dev
[mono_ns=7230701787155218][T0xed514a70b020][TIMING] emit_host_span: [STRACE] v=1 pid=379533 tid=379533 inv=6 hid=66593a349fbd19d7 depth=1 name=chip.run.claim_release ts=7230701787153018 dur=470 
[mono_ns=7230701787159838][T0xed514a70b020][TIMING] emit_host_span: [STRACE] v=1 pid=379533 tid=379533 inv=6 hid=66593a349fbd19d7 depth=0 name=chip.run ts=7230701676141742 dur=111016116 run_id=6 dispatch_id=6 slot_id=0 generation=6 run_epoch=6
[mono_ns=7230706688509245][T0xed514a70b020][TIMING] emit_host_span: [STRACE] v=1 pid=379533 tid=379533 inv=7 hid=66593a349fbd19d7 depth=2 name=chip.run.bind.args ts=7230706688354185 dur=145540 
[mono_ns=7230706688536185][T0xed514a70b020][TIMING] emit_host_span: [STRACE] v=1 pid=379533 tid=379533 inv=7 hid=66593a349fbd19d7 depth=2 name=chip.run.bind.prebuilt ts=7230706688527245 dur=6290 
[mono_ns=7230706688540975][T0xed514a70b020][TIMING] emit_host_span: [STRACE] v=1 pid=379533 tid=379533 inv=7 hid=66593a349fbd19d7 depth=1 name=chip.run.bind ts=7230706688344185 dur=194590 
[mono_ns=7230706797371378][T0xed514a70b020][TIMING] emit_host_span: [STRACE] v=1 pid=379533 tid=379533 inv=7 hid=66593a349fbd19d7 depth=1 name=chip.run.runner_run ts=7230706688818774 dur=108540154 
[mono_ns=7230706797486228][T0xed514a70b020][TIMING] emit_host_span: [STRACE] v=1 pid=379533 tid=379533 inv=7 hid=66593a349fbd19d7 depth=1 name=chip.run.validate ts=7230706797387618 dur=94760 
[mono_ns=7230706797498638][T0xed514a70b020][TIMING] emit_host_span: [STRACE] v=1 pid=379533 tid=379533 inv=7 hid=66593a349fbd19d7 depth=2 name=chip.run.runner_run.device_wall ts=0 dur=1570320 clk=dev
[mono_ns=7230706797506038][T0xed514a70b020][TIMING] emit_host_span: [STRACE] v=1 pid=379533 tid=379533 inv=7 hid=66593a349fbd19d7 depth=3 name=chip.run.runner_run.device_wall.preamble ts=0 dur=6960 clk=dev
[mono_ns=7230706797509768][T0xed514a70b020][TIMING] emit_host_span: [STRACE] v=1 pid=379533 tid=379533 inv=7 hid=66593a349fbd19d7 depth=3 name=chip.run.runner_run.device_wall.graph_build ts=2139 dur=1558000 clk=dev
[mono_ns=7230706797513138][T0xed514a70b020][TIMING] emit_host_span: [STRACE] v=1 pid=379533 tid=379533 inv=7 hid=66593a349fbd19d7 depth=3 name=chip.run.runner_run.device_wall.config_validate ts=2320 dur=1000 clk=dev
[mono_ns=7230706797516638][T0xed514a70b020][TIMING] emit_host_span: [STRACE] v=1 pid=379533 tid=379533 inv=7 hid=66593a349fbd19d7 depth=3 name=chip.run.runner_run.device_wall.arena_wire ts=3360 dur=1000 clk=dev
[mono_ns=7230706797519618][T0xed514a70b020][TIMING] emit_host_span: [STRACE] v=1 pid=379533 tid=379533 inv=7 hid=66593a349fbd19d7 depth=3 name=chip.run.runner_run.device_wall.sm_reset ts=4400 dur=1240 clk=dev
[mono_ns=7230706797523288][T0xed514a70b020][TIMING] emit_host_span: [STRACE] v=1 pid=379533 tid=379533 inv=7 hid=66593a349fbd19d7 depth=3 name=chip.run.runner_run.device_wall.post_orch ts=1560180 dur=9979 clk=dev
[mono_ns=7230706797526288][T0xed514a70b020][TIMING] emit_host_span: [STRACE] v=1 pid=379533 tid=379533 inv=7 hid=66593a349fbd19d7 depth=3 name=chip.run.runner_run.device_wall.orch ts=6780 dur=13440 clk=dev
[mono_ns=7230706797530148][T0xed514a70b020][TIMING] emit_host_span: [STRACE] v=1 pid=379533 tid=379533 inv=7 hid=66593a349fbd19d7 depth=3 name=chip.run.runner_run.device_wall.sched ts=7380 dur=1545200 clk=dev
[mono_ns=7230706797536928][T0xed514a70b020][TIMING] emit_host_span: [STRACE] v=1 pid=379533 tid=379533 inv=7 hid=66593a349fbd19d7 depth=1 name=chip.run.claim_release ts=7230706797534568 dur=540 
[mono_ns=7230706797542118][T0xed514a70b020][TIMING] emit_host_span: [STRACE] v=1 pid=379533 tid=379533 inv=7 hid=66593a349fbd19d7 depth=0 name=chip.run ts=7230706688203485 dur=109336703 run_id=7 dispatch_id=7 slot_id=0 generation=7 run_epoch=7
[mono_ns=7230706804895632][T0xed514a70b020][TIMING] emit_host_span: [STRACE] v=1 pid=379533 tid=379533 inv=8 hid=66593a349fbd19d7 depth=2 name=chip.run.bind.args ts=7230706804762002 dur=127370 
[mono_ns=7230706804916572][T0xed514a70b020][TIMING] emit_host_span: [STRACE] v=1 pid=379533 tid=379533 inv=8 hid=66593a349fbd19d7 depth=2 name=chip.run.bind.prebuilt ts=7230706804909162 dur=3970 
[mono_ns=7230706804921862][T0xed514a70b020][TIMING] emit_host_span: [STRACE] v=1 pid=379533 tid=379533 inv=8 hid=66593a349fbd19d7 depth=1 name=chip.run.bind ts=7230706804752652 dur=166960 
[mono_ns=7230706807495370][T0xed4ffbffcca0][WARN] copy_aicore_buffer: [chip_swimlane_collector.cpp:689] Core 0: skipped 1024 AICore record slot(s) with start_time=0 (race-window write or recycled-buffer tail). buf seq=0 count=1024
[mono_ns=7230706807536020][T0xed4fed7bbca0][WARN] copy_aicore_buffer: [chip_swimlane_collector.cpp:689] Core 2: skipped 1024 AICore record slot(s) with start_time=0 (race-window write or recycled-buffer tail). buf seq=0 count=1024
[mono_ns=7230706807540660][T0xed4fedfcbca0][WARN] copy_aicore_buffer: [chip_swimlane_collector.cpp:689] Core 1: skipped 1024 AICore record slot(s) with start_time=0 (race-window write or recycled-buffer tail). buf seq=0 count=1024
[mono_ns=7230706807840150][T0xed4ffbffcca0][WARN] copy_aicore_buffer: [chip_swimlane_collector.cpp:689] Core 24: skipped 1023 AICore record slot(s) with start_time=0 (race-window write or recycled-buffer tail). buf seq=0 count=1024
[mono_ns=7230706807885080][T0xed4fed7bbca0][WARN] copy_aicore_buffer: [chip_swimlane_collector.cpp:689] Core 28: skipped 1024 AICore record slot(s) with start_time=0 (race-window write or recycled-buffer tail). buf seq=0 count=1024
[mono_ns=7230706807922390][T0xed4fedfcbca0][WARN] copy_aicore_buffer: [chip_swimlane_collector.cpp:689] Core 26: skipped 1022 AICore record slot(s) with start_time=0 (race-window write or recycled-buffer tail). buf seq=0 count=1024
[mono_ns=7230706808229500][T0xed4fed7bbca0][WARN] copy_aicore_buffer: [chip_swimlane_collector.cpp:689] Core 29: skipped 1024 AICore record slot(s) with start_time=0 (race-window write or recycled-buffer tail). buf seq=0 count=1024
[mono_ns=7230706808277060][T0xed4fedfcbca0][WARN] copy_aicore_buffer: [chip_swimlane_collector.cpp:689] Core 27: skipped 1024 AICore record slot(s) with start_time=0 (race-window write or recycled-buffer tail). buf seq=0 count=1024
[mono_ns=7230706808552089][T0xed4fed7bbca0][WARN] copy_aicore_buffer: [chip_swimlane_collector.cpp:689] Core 5: skipped 1024 AICore record slot(s) with start_time=0 (race-window write or recycled-buffer tail). buf seq=0 count=1024
[mono_ns=7230706808600899][T0xed4fedfcbca0][WARN] copy_aicore_buffer: [chip_swimlane_collector.cpp:689] Core 4: skipped 1024 AICore record slot(s) with start_time=0 (race-window write or recycled-buffer tail). buf seq=0 count=1024
[mono_ns=7230706808718329][T0xed4ffbffcca0][WARN] copy_aicore_buffer: [chip_swimlane_collector.cpp:689] Core 25: skipped 1024 AICore record slot(s) with start_time=0 (race-window write or recycled-buffer tail). buf seq=0 count=1024
[mono_ns=7230706808872309][T0xed4fed7bbca0][WARN] copy_aicore_buffer: [chip_swimlane_collector.cpp:689] Core 34: skipped 1024 AICore record slot(s) with start_time=0 (race-window write or recycled-buffer tail). buf seq=0 count=1024
[mono_ns=7230706808951719][T0xed4fedfcbca0][WARN] copy_aicore_buffer: [chip_swimlane_collector.cpp:689] Core 32: skipped 1024 AICore record slot(s) with start_time=0 (race-window write or recycled-buffer tail). buf seq=0 count=1024
[mono_ns=7230706809051899][T0xed4ffbffcca0][WARN] copy_aicore_buffer: [chip_swimlane_collector.cpp:689] Core 3: skipped 1024 AICore record slot(s) with start_time=0 (race-window write or recycled-buffer tail). buf seq=0 count=1024
[mono_ns=7230706809199539][T0xed4fed7bbca0][WARN] copy_aicore_buffer: [chip_swimlane_collector.cpp:689] Core 35: skipped 1024 AICore record slot(s) with start_time=0 (race-window write or recycled-buffer tail). buf seq=0 count=1024
[mono_ns=7230706809282459][T0xed4fedfcbca0][WARN] copy_aicore_buffer: [chip_swimlane_collector.cpp:689] Core 33: skipped 1024 AICore record slot(s) with start_time=0 (race-window write or recycled-buffer tail). buf seq=0 count=1024
[mono_ns=7230706809373429][T0xed4ffbffcca0][WARN] copy_aicore_buffer: [chip_swimlane_collector.cpp:689] Core 30: skipped 1024 AICore record slot(s) with start_time=0 (race-window write or recycled-buffer tail). buf seq=0 count=1024
[mono_ns=7230706809520609][T0xed4fed7bbca0][WARN] copy_aicore_buffer: [chip_swimlane_collector.cpp:689] Core 8: skipped 1024 AICore record slot(s) with start_time=0 (race-window write or recycled-buffer tail). buf seq=0 count=1024
[mono_ns=7230706809604719][T0xed4fedfcbca0][WARN] copy_aicore_buffer: [chip_swimlane_collector.cpp:689] Core 7: skipped 1024 AICore record slot(s) with start_time=0 (race-window write or recycled-buffer tail). buf seq=0 count=1024
[mono_ns=7230706809692148][T0xed4ffbffcca0][WARN] copy_aicore_buffer: [chip_swimlane_collector.cpp:689] Core 31: skipped 1024 AICore record slot(s) with start_time=0 (race-window write or recycled-buffer tail). buf seq=0 count=1024
[mono_ns=7230706809853438][T0xed4fed7bbca0][WARN] copy_aicore_buffer: [chip_swimlane_collector.cpp:689] Core 40: skipped 1024 AICore record slot(s) with start_time=0 (race-window write or recycled-buffer tail). buf seq=0 count=1024
[mono_ns=7230706809925548][T0xed4fedfcbca0][WARN] copy_aicore_buffer: [chip_swimlane_collector.cpp:689] Core 38: skipped 1024 AICore record slot(s) with start_time=0 (race-window write or recycled-buffer tail). buf seq=0 count=1024
[mono_ns=7230706810024418][T0xed4ffbffcca0][WARN] copy_aicore_buffer: [chip_swimlane_collector.cpp:689] Core 6: skipped 1024 AICore record slot(s) with start_time=0 (race-window write or recycled-buffer tail). buf seq=0 count=1024
[mono_ns=7230706810181268][T0xed4fed7bbca0][WARN] copy_aicore_buffer: [chip_swimlane_collector.cpp:689] Core 41: skipped 1024 AICore record slot(s) with start_time=0 (race-window write or recycled-buffer tail). buf seq=0 count=1024
[mono_ns=7230706810256168][T0xed4fedfcbca0][WARN] copy_aicore_buffer: [chip_swimlane_collector.cpp:689] Core 39: skipped 1024 AICore record slot(s) with start_time=0 (race-window write or recycled-buffer tail). buf seq=0 count=1024
[mono_ns=7230706810344778][T0xed4ffbffcca0][WARN] copy_aicore_buffer: [chip_swimlane_collector.cpp:689] Core 36: skipped 1024 AICore record slot(s) with start_time=0 (race-window write or recycled-buffer tail). buf seq=0 count=1024
[mono_ns=7230706810501218][T0xed4fed7bbca0][WARN] copy_aicore_buffer: [chip_swimlane_collector.cpp:689] Core 11: skipped 1024 AICore record slot(s) with start_time=0 (race-window write or recycled-buffer tail). buf seq=0 count=1024
[mono_ns=7230706810578808][T0xed4fedfcbca0][WARN] copy_aicore_buffer: [chip_swimlane_collector.cpp:689] Core 10: skipped 1024 AICore record slot(s) with start_time=0 (race-window write or recycled-buffer tail). buf seq=0 count=1024
[mono_ns=7230706810686618][T0xed4ffbffcca0][WARN] copy_aicore_buffer: [chip_swimlane_collector.cpp:689] Core 37: skipped 1024 AICore record slot(s) with start_time=0 (race-window write or recycled-buffer tail). buf seq=0 count=1024
[mono_ns=7230706810821188][T0xed4fed7bbca0][WARN] copy_aicore_buffer: [chip_swimlane_collector.cpp:689] Core 46: skipped 1024 AICore record slot(s) with start_time=0 (race-window write or recycled-buffer tail). buf seq=0 count=1024
[mono_ns=7230706810899747][T0xed4fedfcbca0][WARN] copy_aicore_buffer: [chip_swimlane_collector.cpp:689] Core 44: skipped 1024 AICore record slot(s) with start_time=0 (race-window write or recycled-buffer tail). buf seq=0 count=1024
[mono_ns=7230706811012307][T0xed4ffbffcca0][WARN] copy_aicore_buffer: [chip_swimlane_collector.cpp:689] Core 9: skipped 1024 AICore record slot(s) with start_time=0 (race-window write or recycled-buffer tail). buf seq=0 count=1024
[mono_ns=7230706811147577][T0xed4fed7bbca0][WARN] copy_aicore_buffer: [chip_swimlane_collector.cpp:689] Core 47: skipped 1024 AICore record slot(s) with start_time=0 (race-window write or recycled-buffer tail). buf seq=0 count=1024
[mono_ns=7230706811234087][T0xed4fedfcbca0][WARN] copy_aicore_buffer: [chip_swimlane_collector.cpp:689] Core 45: skipped 1024 AICore record slot(s) with start_time=0 (race-window write or recycled-buffer tail). buf seq=0 count=1024
[mono_ns=7230706811331897][T0xed4ffbffcca0][WARN] copy_aicore_buffer: [chip_swimlane_collector.cpp:689] Core 42: skipped 1024 AICore record slot(s) with start_time=0 (race-window write or recycled-buffer tail). buf seq=0 count=1024
[mono_ns=7230706811505107][T0xed4fed7bbca0][WARN] copy_aicore_buffer: [chip_swimlane_collector.cpp:689] Core 14: skipped 1024 AICore record slot(s) with start_time=0 (race-window write or recycled-buffer tail). buf seq=0 count=1024
[mono_ns=7230706811555017][T0xed4fedfcbca0][WARN] copy_aicore_buffer: [chip_swimlane_collector.cpp:689] Core 13: skipped 1024 AICore record slot(s) with start_time=0 (race-window write or recycled-buffer tail). buf seq=0 count=1024
[mono_ns=7230706811651287][T0xed4ffbffcca0][WARN] copy_aicore_buffer: [chip_swimlane_collector.cpp:689] Core 43: skipped 1024 AICore record slot(s) with start_time=0 (race-window write or recycled-buffer tail). buf seq=0 count=1024
[mono_ns=7230706811826127][T0xed4fed7bbca0][WARN] copy_aicore_buffer: [chip_swimlane_collector.cpp:689] Core 52: skipped 1024 AICore record slot(s) with start_time=0 (race-window write or recycled-buffer tail). buf seq=0 count=1024
[mono_ns=7230706811875327][T0xed4fedfcbca0][WARN] copy_aicore_buffer: [chip_swimlane_collector.cpp:689] Core 50: skipped 1024 AICore record slot(s) with start_time=0 (race-window write or recycled-buffer tail). buf seq=0 count=1024
[mono_ns=7230706811969347][T0xed4ffbffcca0][WARN] copy_aicore_buffer: [chip_swimlane_collector.cpp:689] Core 12: skipped 1024 AICore record slot(s) with start_time=0 (race-window write or recycled-buffer tail). buf seq=0 count=1024
[mono_ns=7230706812165366][T0xed4fed7bbca0][WARN] copy_aicore_buffer: [chip_swimlane_collector.cpp:689] Core 53: skipped 1024 AICore record slot(s) with start_time=0 (race-window write or recycled-buffer tail). buf seq=0 count=1024
[mono_ns=7230706812206136][T0xed4fedfcbca0][WARN] copy_aicore_buffer: [chip_swimlane_collector.cpp:689] Core 51: skipped 1024 AICore record slot(s) with start_time=0 (race-window write or recycled-buffer tail). buf seq=0 count=1024
[mono_ns=7230706812353656][T0xed4ffbffcca0][WARN] copy_aicore_buffer: [chip_swimlane_collector.cpp:689] Core 48: skipped 1024 AICore record slot(s) with start_time=0 (race-window write or recycled-buffer tail). buf seq=0 count=1024
[mono_ns=7230706812486746][T0xed4fed7bbca0][WARN] copy_aicore_buffer: [chip_swimlane_collector.cpp:689] Core 17: skipped 1024 AICore record slot(s) with start_time=0 (race-window write or recycled-buffer tail). buf seq=0 count=1024
[mono_ns=7230706812527926][T0xed4fedfcbca0][WARN] copy_aicore_buffer: [chip_swimlane_collector.cpp:689] Core 16: skipped 1024 AICore record slot(s) with start_time=0 (race-window write or recycled-buffer tail). buf seq=0 count=1024
[mono_ns=7230706812673246][T0xed4ffbffcca0][WARN] copy_aicore_buffer: [chip_swimlane_collector.cpp:689] Core 49: skipped 1024 AICore record slot(s) with start_time=0 (race-window write or recycled-buffer tail). buf seq=0 count=1024
[mono_ns=7230706812806546][T0xed4fed7bbca0][WARN] copy_aicore_buffer: [chip_swimlane_collector.cpp:689] Core 58: skipped 1024 AICore record slot(s) with start_time=0 (race-window write or recycled-buffer tail). buf seq=0 count=1024
[mono_ns=7230706812848506][T0xed4fedfcbca0][WARN] copy_aicore_buffer: [chip_swimlane_collector.cpp:689] Core 56: skipped 1024 AICore record slot(s) with start_time=0 (race-window write or recycled-buffer tail). buf seq=0 count=1024
[mono_ns=7230706812993036][T0xed4ffbffcca0][WARN] copy_aicore_buffer: [chip_swimlane_collector.cpp:689] Core 15: skipped 1024 AICore record slot(s) with start_time=0 (race-window write or recycled-buffer tail). buf seq=0 count=1024
[mono_ns=7230706813134346][T0xed4fed7bbca0][WARN] copy_aicore_buffer: [chip_swimlane_collector.cpp:689] Core 59: skipped 1024 AICore record slot(s) with start_time=0 (race-window write or recycled-buffer tail). buf seq=0 count=1024
[mono_ns=7230706813187726][T0xed4fedfcbca0][WARN] copy_aicore_buffer: [chip_swimlane_collector.cpp:689] Core 57: skipped 1024 AICore record slot(s) with start_time=0 (race-window write or recycled-buffer tail). buf seq=0 count=1024
[mono_ns=7230706813318296][T0xed4ffbffcca0][WARN] copy_aicore_buffer: [chip_swimlane_collector.cpp:689] Core 54: skipped 1024 AICore record slot(s) with start_time=0 (race-window write or recycled-buffer tail). buf seq=0 count=1024
[mono_ns=7230706813454805][T0xed4fed7bbca0][WARN] copy_aicore_buffer: [chip_swimlane_collector.cpp:689] Core 20: skipped 1024 AICore record slot(s) with start_time=0 (race-window write or recycled-buffer tail). buf seq=0 count=1024
[mono_ns=7230706813509355][T0xed4fedfcbca0][WARN] copy_aicore_buffer: [chip_swimlane_collector.cpp:689] Core 19: skipped 1024 AICore record slot(s) with start_time=0 (race-window write or recycled-buffer tail). buf seq=0 count=1024
[mono_ns=7230706813638245][T0xed4ffbffcca0][WARN] copy_aicore_buffer: [chip_swimlane_collector.cpp:689] Core 55: skipped 1024 AICore record slot(s) with start_time=0 (race-window write or recycled-buffer tail). buf seq=0 count=1024
[mono_ns=7230706813775155][T0xed4fed7bbca0][WARN] copy_aicore_buffer: [chip_swimlane_collector.cpp:689] Core 64: skipped 1024 AICore record slot(s) with start_time=0 (race-window write or recycled-buffer tail). buf seq=0 count=1024
[mono_ns=7230706813830825][T0xed4fedfcbca0][WARN] copy_aicore_buffer: [chip_swimlane_collector.cpp:689] Core 62: skipped 1024 AICore record slot(s) with start_time=0 (race-window write or recycled-buffer tail). buf seq=0 count=1024
[mono_ns=7230706813958805][T0xed4ffbffcca0][WARN] copy_aicore_buffer: [chip_swimlane_collector.cpp:689] Core 18: skipped 1024 AICore record slot(s) with start_time=0 (race-window write or recycled-buffer tail). buf seq=0 count=1024
[mono_ns=7230706814128775][T0xed4fed7bbca0][WARN] copy_aicore_buffer: [chip_swimlane_collector.cpp:689] Core 65: skipped 1024 AICore record slot(s) with start_time=0 (race-window write or recycled-buffer tail). buf seq=0 count=1024
[mono_ns=7230706814156025][T0xed4fedfcbca0][WARN] copy_aicore_buffer: [chip_swimlane_collector.cpp:689] Core 63: skipped 1024 AICore record slot(s) with start_time=0 (race-window write or recycled-buffer tail). buf seq=0 count=1024
[mono_ns=7230706814283485][T0xed4ffbffcca0][WARN] copy_aicore_buffer: [chip_swimlane_collector.cpp:689] Core 60: skipped 1024 AICore record slot(s) with start_time=0 (race-window write or recycled-buffer tail). buf seq=0 count=1024
[mono_ns=7230706814449745][T0xed4fed7bbca0][WARN] copy_aicore_buffer: [chip_swimlane_collector.cpp:689] Core 23: skipped 1024 AICore record slot(s) with start_time=0 (race-window write or recycled-buffer tail). buf seq=0 count=1024
[mono_ns=7230706814474355][T0xed4fedfcbca0][WARN] copy_aicore_buffer: [chip_swimlane_collector.cpp:689] Core 22: skipped 1024 AICore record slot(s) with start_time=0 (race-window write or recycled-buffer tail). buf seq=0 count=1024
[mono_ns=7230706814603085][T0xed4ffbffcca0][WARN] copy_aicore_buffer: [chip_swimlane_collector.cpp:689] Core 61: skipped 1024 AICore record slot(s) with start_time=0 (race-window write or recycled-buffer tail). buf seq=0 count=1024
[mono_ns=7230706814769124][T0xed4fed7bbca0][WARN] copy_aicore_buffer: [chip_swimlane_collector.cpp:689] Core 70: skipped 1024 AICore record slot(s) with start_time=0 (race-window write or recycled-buffer tail). buf seq=0 count=1024
[mono_ns=7230706814819964][T0xed4fedfcbca0][WARN] copy_aicore_buffer: [chip_swimlane_collector.cpp:689] Core 68: skipped 1024 AICore record slot(s) with start_time=0 (race-window write or recycled-buffer tail). buf seq=0 count=1024
[mono_ns=7230706814921504][T0xed4ffbffcca0][WARN] copy_aicore_buffer: [chip_swimlane_collector.cpp:689] Core 21: skipped 1024 AICore record slot(s) with start_time=0 (race-window write or recycled-buffer tail). buf seq=0 count=1024
[mono_ns=7230706815112604][T0xed4fed7bbca0][WARN] copy_aicore_buffer: [chip_swimlane_collector.cpp:689] Core 71: skipped 1024 AICore record slot(s) with start_time=0 (race-window write or recycled-buffer tail). buf seq=0 count=1024
[mono_ns=7230706815154754][T0xed4fedfcbca0][WARN] copy_aicore_buffer: [chip_swimlane_collector.cpp:689] Core 69: skipped 1024 AICore record slot(s) with start_time=0 (race-window write or recycled-buffer tail). buf seq=0 count=1024
[mono_ns=7230706815250374][T0xed4ffbffcca0][WARN] copy_aicore_buffer: [chip_swimlane_collector.cpp:689] Core 66: skipped 1024 AICore record slot(s) with start_time=0 (race-window write or recycled-buffer tail). buf seq=0 count=1024
[mono_ns=7230706815582344][T0xed4ffbffcca0][WARN] copy_aicore_buffer: [chip_swimlane_collector.cpp:689] Core 67: skipped 1024 AICore record slot(s) with start_time=0 (race-window write or recycled-buffer tail). buf seq=0 count=1024
[mono_ns=7230706916341334][T0xed514a70b020][TIMING] emit_host_span: [STRACE] v=1 pid=379533 tid=379533 inv=8 hid=66593a349fbd19d7 depth=1 name=chip.run.runner_run ts=7230706805465652 dur=110867562 
[mono_ns=7230706916450914][T0xed514a70b020][TIMING] emit_host_span: [STRACE] v=1 pid=379533 tid=379533 inv=8 hid=66593a349fbd19d7 depth=1 name=chip.run.validate ts=7230706916356514 dur=90790 
[mono_ns=7230706916462344][T0xed514a70b020][TIMING] emit_host_span: [STRACE] v=1 pid=379533 tid=379533 inv=8 hid=66593a349fbd19d7 depth=2 name=chip.run.runner_run.device_wall ts=0 dur=1447399 clk=dev
[mono_ns=7230706916467134][T0xed514a70b020][TIMING] emit_host_span: [STRACE] v=1 pid=379533 tid=379533 inv=8 hid=66593a349fbd19d7 depth=3 name=chip.run.runner_run.device_wall.preamble ts=0 dur=110420 clk=dev
[mono_ns=7230706916471664][T0xed514a70b020][TIMING] emit_host_span: [STRACE] v=1 pid=379533 tid=379533 inv=8 hid=66593a349fbd19d7 depth=3 name=chip.run.runner_run.device_wall.graph_build ts=105699 dur=1331699 clk=dev
[mono_ns=7230706916475454][T0xed514a70b020][TIMING] emit_host_span: [STRACE] v=1 pid=379533 tid=379533 inv=8 hid=66593a349fbd19d7 depth=3 name=chip.run.runner_run.device_wall.config_validate ts=105840 dur=740 clk=dev
[mono_ns=7230706916480404][T0xed514a70b020][TIMING] emit_host_span: [STRACE] v=1 pid=379533 tid=379533 inv=8 hid=66593a349fbd19d7 depth=3 name=chip.run.runner_run.device_wall.arena_wire ts=106600 dur=799 clk=dev
[mono_ns=7230706916484124][T0xed514a70b020][TIMING] emit_host_span: [STRACE] v=1 pid=379533 tid=379533 inv=8 hid=66593a349fbd19d7 depth=3 name=chip.run.runner_run.device_wall.sm_reset ts=107420 dur=540 clk=dev
[mono_ns=7230706916493454][T0xed514a70b020][TIMING] emit_host_span: [STRACE] v=1 pid=379533 tid=379533 inv=8 hid=66593a349fbd19d7 depth=3 name=chip.run.runner_run.device_wall.post_orch ts=1437460 dur=9819 clk=dev
[mono_ns=7230706916497084][T0xed514a70b020][TIMING] emit_host_span: [STRACE] v=1 pid=379533 tid=379533 inv=8 hid=66593a349fbd19d7 depth=3 name=chip.run.runner_run.device_wall.orch ts=108000 dur=3920 clk=dev
[mono_ns=7230706916500614][T0xed514a70b020][TIMING] emit_host_span: [STRACE] v=1 pid=379533 tid=379533 inv=8 hid=66593a349fbd19d7 depth=3 name=chip.run.runner_run.device_wall.sched ts=110560 dur=1302879 clk=dev
[mono_ns=7230706916505384][T0xed514a70b020][TIMING] emit_host_span: [STRACE] v=1 pid=379533 tid=379533 inv=8 hid=66593a349fbd19d7 depth=1 name=chip.run.claim_release ts=7230706916503254 dur=370 
[mono_ns=7230706916509524][T0xed514a70b020][TIMING] emit_host_span: [STRACE] v=1 pid=379533 tid=379533 inv=8 hid=66593a349fbd19d7 depth=0 name=chip.run ts=7230706804723752 dur=111783782 run_id=8 dispatch_id=8 slot_id=0 generation=8 run_epoch=8
