[mono_ns=7230691216319656][T0xed514a70b020][TIMING] emit_host_span: [STRACE] v=1 pid=379508 tid=379508 inv=1 hid=66593a349fbd19d7 depth=2 name=chip.run.bind.args ts=7230691216028107 dur=246639 
[mono_ns=7230691216415176][T0xed514a70b020][TIMING] emit_host_span: [STRACE] v=1 pid=379508 tid=379508 inv=1 hid=66593a349fbd19d7 depth=2 name=chip.run.bind.prebuilt ts=7230691216338236 dur=73360 
[mono_ns=7230691216421026][T0xed514a70b020][TIMING] emit_host_span: [STRACE] v=1 pid=379508 tid=379508 inv=1 hid=66593a349fbd19d7 depth=1 name=chip.run.bind ts=7230691214974038 dur=1443538 
[mono_ns=7230691334103403][T0xed514a70b020][TIMING] emit_host_span: [STRACE] v=1 pid=379508 tid=379508 inv=1 hid=66593a349fbd19d7 depth=1 name=chip.run.runner_run ts=7230691217430235 dur=116666198 
[mono_ns=7230691334219283][T0xed514a70b020][TIMING] emit_host_span: [STRACE] v=1 pid=379508 tid=379508 inv=1 hid=66593a349fbd19d7 depth=1 name=chip.run.validate ts=7230691334116163 dur=99530 
[mono_ns=7230691334230633][T0xed514a70b020][TIMING] emit_host_span: [STRACE] v=1 pid=379508 tid=379508 inv=1 hid=66593a349fbd19d7 depth=2 name=chip.run.runner_run.device_wall ts=0 dur=334160 clk=dev
[mono_ns=7230691334235113][T0xed514a70b020][TIMING] emit_host_span: [STRACE] v=1 pid=379508 tid=379508 inv=1 hid=66593a349fbd19d7 depth=3 name=chip.run.runner_run.device_wall.preamble ts=0 dur=150260 clk=dev
[mono_ns=7230691334239533][T0xed514a70b020][TIMING] emit_host_span: [STRACE] v=1 pid=379508 tid=379508 inv=1 hid=66593a349fbd19d7 depth=3 name=chip.run.runner_run.device_wall.graph_build ts=37540 dur=275240 clk=dev
[mono_ns=7230691334246963][T0xed514a70b020][TIMING] emit_host_span: [STRACE] v=1 pid=379508 tid=379508 inv=1 hid=66593a349fbd19d7 depth=3 name=chip.run.runner_run.device_wall.config_validate ts=41100 dur=3220 clk=dev
[mono_ns=7230691334251003][T0xed514a70b020][TIMING] emit_host_span: [STRACE] v=1 pid=379508 tid=379508 inv=1 hid=66593a349fbd19d7 depth=3 name=chip.run.runner_run.device_wall.arena_wire ts=44360 dur=11620 clk=dev
[mono_ns=7230691334254713][T0xed514a70b020][TIMING] emit_host_span: [STRACE] v=1 pid=379508 tid=379508 inv=1 hid=66593a349fbd19d7 depth=3 name=chip.run.runner_run.device_wall.sm_reset ts=56020 dur=16920 clk=dev
[mono_ns=7230691334258283][T0xed514a70b020][TIMING] emit_host_span: [STRACE] v=1 pid=379508 tid=379508 inv=1 hid=66593a349fbd19d7 depth=3 name=chip.run.runner_run.device_wall.post_orch ts=312900 dur=17580 clk=dev
[mono_ns=7230691334261773][T0xed514a70b020][TIMING] emit_host_span: [STRACE] v=1 pid=379508 tid=379508 inv=1 hid=66593a349fbd19d7 depth=3 name=chip.run.runner_run.device_wall.orch ts=78360 dur=46820 clk=dev
[mono_ns=7230691334265113][T0xed514a70b020][TIMING] emit_host_span: [STRACE] v=1 pid=379508 tid=379508 inv=1 hid=66593a349fbd19d7 depth=3 name=chip.run.runner_run.device_wall.sched ts=152079 dur=137560 clk=dev
[mono_ns=7230691334271203][T0xed514a70b020][TIMING] emit_host_span: [STRACE] v=1 pid=379508 tid=379508 inv=1 hid=66593a349fbd19d7 depth=1 name=chip.run.claim_release ts=7230691334267853 dur=1080 
[mono_ns=7230691334278183][T0xed514a70b020][TIMING] emit_host_span: [STRACE] v=1 pid=379508 tid=379508 inv=1 hid=66593a349fbd19d7 depth=0 name=chip.run ts=7230691214567048 dur=119709085 run_id=1 dispatch_id=1 slot_id=0 generation=1 run_epoch=1
[mono_ns=7230691338841739][T0xed514a70b020][TIMING] emit_host_span: [STRACE] v=1 pid=379508 tid=379508 inv=2 hid=66593a349fbd19d7 depth=2 name=chip.run.bind.args ts=7230691338720549 dur=115490 
[mono_ns=7230691338857509][T0xed514a70b020][TIMING] emit_host_span: [STRACE] v=1 pid=379508 tid=379508 inv=2 hid=66593a349fbd19d7 depth=2 name=chip.run.bind.prebuilt ts=7230691338853259 dur=1960 
[mono_ns=7230691338862109][T0xed514a70b020][TIMING] emit_host_span: [STRACE] v=1 pid=379508 tid=379508 inv=2 hid=66593a349fbd19d7 depth=1 name=chip.run.bind ts=7230691338714479 dur=145630 
[mono_ns=7230691401944078][T0xed4fed7bbca0][WARN] copy_aicore_buffer: [chip_swimlane_collector.cpp:689] Core 2: skipped 1024 AICore record slot(s) with start_time=0 (race-window write or recycled-buffer tail). buf seq=0 count=1024
[mono_ns=7230691402039678][T0xed4fedfcbca0][WARN] copy_aicore_buffer: [chip_swimlane_collector.cpp:689] Core 1: skipped 1024 AICore record slot(s) with start_time=0 (race-window write or recycled-buffer tail). buf seq=0 count=1024
[mono_ns=7230691402318318][T0xed4fed7bbca0][WARN] copy_aicore_buffer: [chip_swimlane_collector.cpp:689] Core 28: skipped 1023 AICore record slot(s) with start_time=0 (race-window write or recycled-buffer tail). buf seq=0 count=1024
[mono_ns=7230691402375188][T0xed4fedfcbca0][WARN] copy_aicore_buffer: [chip_swimlane_collector.cpp:689] Core 26: skipped 1023 AICore record slot(s) with start_time=0 (race-window write or recycled-buffer tail). buf seq=0 count=1024
[mono_ns=7230691402647017][T0xed4fed7bbca0][WARN] copy_aicore_buffer: [chip_swimlane_collector.cpp:689] Core 29: skipped 1024 AICore record slot(s) with start_time=0 (race-window write or recycled-buffer tail). buf seq=0 count=1024
[mono_ns=7230691402702637][T0xed4fedfcbca0][WARN] copy_aicore_buffer: [chip_swimlane_collector.cpp:689] Core 27: skipped 1024 AICore record slot(s) with start_time=0 (race-window write or recycled-buffer tail). buf seq=0 count=1024
[mono_ns=7230691403039797][T0xed4fed7bbca0][WARN] copy_aicore_buffer: [chip_swimlane_collector.cpp:689] Core 5: skipped 1024 AICore record slot(s) with start_time=0 (race-window write or recycled-buffer tail). buf seq=0 count=1024
[mono_ns=7230691403046607][T0xed4ffbffcca0][WARN] copy_aicore_buffer: [chip_swimlane_collector.cpp:689] Core 0: skipped 1024 AICore record slot(s) with start_time=0 (race-window write or recycled-buffer tail). buf seq=0 count=1024
[mono_ns=7230691403078337][T0xed4fedfcbca0][WARN] copy_aicore_buffer: [chip_swimlane_collector.cpp:689] Core 4: skipped 1024 AICore record slot(s) with start_time=0 (race-window write or recycled-buffer tail). buf seq=0 count=1024
[mono_ns=7230691403365517][T0xed4ffbffcca0][WARN] copy_aicore_buffer: [chip_swimlane_collector.cpp:689] Core 24: skipped 1023 AICore record slot(s) with start_time=0 (race-window write or recycled-buffer tail). buf seq=0 count=1024
[mono_ns=7230691403383317][T0xed4fed7bbca0][WARN] copy_aicore_buffer: [chip_swimlane_collector.cpp:689] Core 34: skipped 1024 AICore record slot(s) with start_time=0 (race-window write or recycled-buffer tail). buf seq=0 count=1024
[mono_ns=7230691403420867][T0xed4fedfcbca0][WARN] copy_aicore_buffer: [chip_swimlane_collector.cpp:689] Core 32: skipped 1024 AICore record slot(s) with start_time=0 (race-window write or recycled-buffer tail). buf seq=0 count=1024
[mono_ns=7230691403685276][T0xed4ffbffcca0][WARN] copy_aicore_buffer: [chip_swimlane_collector.cpp:689] Core 25: skipped 1024 AICore record slot(s) with start_time=0 (race-window write or recycled-buffer tail). buf seq=0 count=1024
[mono_ns=7230691403708936][T0xed4fed7bbca0][WARN] copy_aicore_buffer: [chip_swimlane_collector.cpp:689] Core 35: skipped 1024 AICore record slot(s) with start_time=0 (race-window write or recycled-buffer tail). buf seq=0 count=1024
[mono_ns=7230691403774896][T0xed4fedfcbca0][WARN] copy_aicore_buffer: [chip_swimlane_collector.cpp:689] Core 33: skipped 1024 AICore record slot(s) with start_time=0 (race-window write or recycled-buffer tail). buf seq=0 count=1024
[mono_ns=7230691404055766][T0xed4ffbffcca0][WARN] copy_aicore_buffer: [chip_swimlane_collector.cpp:689] Core 3: skipped 1024 AICore record slot(s) with start_time=0 (race-window write or recycled-buffer tail). buf seq=0 count=1024
[mono_ns=7230691404075076][T0xed4fed7bbca0][WARN] copy_aicore_buffer: [chip_swimlane_collector.cpp:689] Core 8: skipped 1024 AICore record slot(s) with start_time=0 (race-window write or recycled-buffer tail). buf seq=0 count=1024
[mono_ns=7230691404124926][T0xed4fedfcbca0][WARN] copy_aicore_buffer: [chip_swimlane_collector.cpp:689] Core 7: skipped 1024 AICore record slot(s) with start_time=0 (race-window write or recycled-buffer tail). buf seq=0 count=1024
[mono_ns=7230691404396296][T0xed4ffbffcca0][WARN] copy_aicore_buffer: [chip_swimlane_collector.cpp:689] Core 30: skipped 1024 AICore record slot(s) with start_time=0 (race-window write or recycled-buffer tail). buf seq=0 count=1024
[mono_ns=7230691404412286][T0xed4fed7bbca0][WARN] copy_aicore_buffer: [chip_swimlane_collector.cpp:689] Core 40: skipped 1024 AICore record slot(s) with start_time=0 (race-window write or recycled-buffer tail). buf seq=0 count=1024
[mono_ns=7230691404470496][T0xed4fedfcbca0][WARN] copy_aicore_buffer: [chip_swimlane_collector.cpp:689] Core 38: skipped 1024 AICore record slot(s) with start_time=0 (race-window write or recycled-buffer tail). buf seq=0 count=1024
[mono_ns=7230691404734575][T0xed4ffbffcca0][WARN] copy_aicore_buffer: [chip_swimlane_collector.cpp:689] Core 31: skipped 1024 AICore record slot(s) with start_time=0 (race-window write or recycled-buffer tail). buf seq=0 count=1024
[mono_ns=7230691404757705][T0xed4fed7bbca0][WARN] copy_aicore_buffer: [chip_swimlane_collector.cpp:689] Core 41: skipped 1024 AICore record slot(s) with start_time=0 (race-window write or recycled-buffer tail). buf seq=0 count=1024
[mono_ns=7230691404814335][T0xed4fedfcbca0][WARN] copy_aicore_buffer: [chip_swimlane_collector.cpp:689] Core 39: skipped 1024 AICore record slot(s) with start_time=0 (race-window write or recycled-buffer tail). buf seq=0 count=1024
[mono_ns=7230691405101095][T0xed4ffbffcca0][WARN] copy_aicore_buffer: [chip_swimlane_collector.cpp:689] Core 6: skipped 1024 AICore record slot(s) with start_time=0 (race-window write or recycled-buffer tail). buf seq=0 count=1024
[mono_ns=7230691405114735][T0xed4fed7bbca0][WARN] copy_aicore_buffer: [chip_swimlane_collector.cpp:689] Core 11: skipped 1024 AICore record slot(s) with start_time=0 (race-window write or recycled-buffer tail). buf seq=0 count=1024
[mono_ns=7230691405172135][T0xed4fedfcbca0][WARN] copy_aicore_buffer: [chip_swimlane_collector.cpp:689] Core 10: skipped 1024 AICore record slot(s) with start_time=0 (race-window write or recycled-buffer tail). buf seq=0 count=1024
[mono_ns=7230691405433805][T0xed4ffbffcca0][WARN] copy_aicore_buffer: [chip_swimlane_collector.cpp:689] Core 36: skipped 1024 AICore record slot(s) with start_time=0 (race-window write or recycled-buffer tail). buf seq=0 count=1024
[mono_ns=7230691405439795][T0xed4fed7bbca0][WARN] copy_aicore_buffer: [chip_swimlane_collector.cpp:689] Core 46: skipped 1024 AICore record slot(s) with start_time=0 (race-window write or recycled-buffer tail). buf seq=0 count=1024
[mono_ns=7230691405506235][T0xed4fedfcbca0][WARN] copy_aicore_buffer: [chip_swimlane_collector.cpp:689] Core 44: skipped 1024 AICore record slot(s) with start_time=0 (race-window write or recycled-buffer tail). buf seq=0 count=1024
[mono_ns=7230691405766484][T0xed4ffbffcca0][WARN] copy_aicore_buffer: [chip_swimlane_collector.cpp:689] Core 37: skipped 1024 AICore record slot(s) with start_time=0 (race-window write or recycled-buffer tail). buf seq=0 count=1024
[mono_ns=7230691405774324][T0xed4fed7bbca0][WARN] copy_aicore_buffer: [chip_swimlane_collector.cpp:689] Core 47: skipped 1024 AICore record slot(s) with start_time=0 (race-window write or recycled-buffer tail). buf seq=0 count=1024
[mono_ns=7230691405837554][T0xed4fedfcbca0][WARN] copy_aicore_buffer: [chip_swimlane_collector.cpp:689] Core 45: skipped 1024 AICore record slot(s) with start_time=0 (race-window write or recycled-buffer tail). buf seq=0 count=1024
[mono_ns=7230691406112954][T0xed4ffbffcca0][WARN] copy_aicore_buffer: [chip_swimlane_collector.cpp:689] Core 9: skipped 1024 AICore record slot(s) with start_time=0 (race-window write or recycled-buffer tail). buf seq=0 count=1024
[mono_ns=7230691406136104][T0xed4fed7bbca0][WARN] copy_aicore_buffer: [chip_swimlane_collector.cpp:689] Core 14: skipped 1024 AICore record slot(s) with start_time=0 (race-window write or recycled-buffer tail). buf seq=0 count=1024
[mono_ns=7230691406184684][T0xed4fedfcbca0][WARN] copy_aicore_buffer: [chip_swimlane_collector.cpp:689] Core 13: skipped 1024 AICore record slot(s) with start_time=0 (race-window write or recycled-buffer tail). buf seq=0 count=1024
[mono_ns=7230691406445304][T0xed4ffbffcca0][WARN] copy_aicore_buffer: [chip_swimlane_collector.cpp:689] Core 42: skipped 1024 AICore record slot(s) with start_time=0 (race-window write or recycled-buffer tail). buf seq=0 count=1024
[mono_ns=7230691406469134][T0xed4fed7bbca0][WARN] copy_aicore_buffer: [chip_swimlane_collector.cpp:689] Core 52: skipped 1024 AICore record slot(s) with start_time=0 (race-window write or recycled-buffer tail). buf seq=0 count=1024
[mono_ns=7230691406517794][T0xed4fedfcbca0][WARN] copy_aicore_buffer: [chip_swimlane_collector.cpp:689] Core 50: skipped 1024 AICore record slot(s) with start_time=0 (race-window write or recycled-buffer tail). buf seq=0 count=1024
[mono_ns=7230691406771643][T0xed4ffbffcca0][WARN] copy_aicore_buffer: [chip_swimlane_collector.cpp:689] Core 43: skipped 1024 AICore record slot(s) with start_time=0 (race-window write or recycled-buffer tail). buf seq=0 count=1024
[mono_ns=7230691406805193][T0xed4fed7bbca0][WARN] copy_aicore_buffer: [chip_swimlane_collector.cpp:689] Core 53: skipped 1024 AICore record slot(s) with start_time=0 (race-window write or recycled-buffer tail). buf seq=0 count=1024
[mono_ns=7230691406845453][T0xed4fedfcbca0][WARN] copy_aicore_buffer: [chip_swimlane_collector.cpp:689] Core 51: skipped 1024 AICore record slot(s) with start_time=0 (race-window write or recycled-buffer tail). buf seq=0 count=1024
[mono_ns=7230691407113663][T0xed4ffbffcca0][WARN] copy_aicore_buffer: [chip_swimlane_collector.cpp:689] Core 12: skipped 1024 AICore record slot(s) with start_time=0 (race-window write or recycled-buffer tail). buf seq=0 count=1024
[mono_ns=7230691407143483][T0xed4fed7bbca0][WARN] copy_aicore_buffer: [chip_swimlane_collector.cpp:689] Core 17: skipped 1024 AICore record slot(s) with start_time=0 (race-window write or recycled-buffer tail). buf seq=0 count=1024
[mono_ns=7230691407177743][T0xed4fedfcbca0][WARN] copy_aicore_buffer: [chip_swimlane_collector.cpp:689] Core 16: skipped 1024 AICore record slot(s) with start_time=0 (race-window write or recycled-buffer tail). buf seq=0 count=1024
[mono_ns=7230691407451193][T0xed4ffbffcca0][WARN] copy_aicore_buffer: [chip_swimlane_collector.cpp:689] Core 48: skipped 1024 AICore record slot(s) with start_time=0 (race-window write or recycled-buffer tail). buf seq=0 count=1024
[mono_ns=7230691407474773][T0xed4fed7bbca0][WARN] copy_aicore_buffer: [chip_swimlane_collector.cpp:689] Core 58: skipped 1024 AICore record slot(s) with start_time=0 (race-window write or recycled-buffer tail). buf seq=0 count=1024
[mono_ns=7230691407502613][T0xed4fedfcbca0][WARN] copy_aicore_buffer: [chip_swimlane_collector.cpp:689] Core 56: skipped 1024 AICore record slot(s) with start_time=0 (race-window write or recycled-buffer tail). buf seq=0 count=1024
[mono_ns=7230691407791142][T0xed4ffbffcca0][WARN] copy_aicore_buffer: [chip_swimlane_collector.cpp:689] Core 49: skipped 1024 AICore record slot(s) with start_time=0 (race-window write or recycled-buffer tail). buf seq=0 count=1024
[mono_ns=7230691407804512][T0xed4fed7bbca0][WARN] copy_aicore_buffer: [chip_swimlane_collector.cpp:689] Core 59: skipped 1024 AICore record slot(s) with start_time=0 (race-window write or recycled-buffer tail). buf seq=0 count=1024
[mono_ns=7230691407828562][T0xed4fedfcbca0][WARN] copy_aicore_buffer: [chip_swimlane_collector.cpp:689] Core 57: skipped 1024 AICore record slot(s) with start_time=0 (race-window write or recycled-buffer tail). buf seq=0 count=1024
[mono_ns=7230691408145842][T0xed4ffbffcca0][WARN] copy_aicore_buffer: [chip_swimlane_collector.cpp:689] Core 15: skipped 1024 AICore record slot(s) with start_time=0 (race-window write or recycled-buffer tail). buf seq=0 count=1024
[mono_ns=7230691408146022][T0xed4fed7bbca0][WARN] copy_aicore_buffer: [chip_swimlane_collector.cpp:689] Core 20: skipped 1024 AICore record slot(s) with start_time=0 (race-window write or recycled-buffer tail). buf seq=0 count=1024
[mono_ns=7230691408160892][T0xed4fedfcbca0][WARN] copy_aicore_buffer: [chip_swimlane_collector.cpp:689] Core 19: skipped 1024 AICore record slot(s) with start_time=0 (race-window write or recycled-buffer tail). buf seq=0 count=1024
[mono_ns=7230691408476462][T0xed4fed7bbca0][WARN] copy_aicore_buffer: [chip_swimlane_collector.cpp:689] Core 64: skipped 1024 AICore record slot(s) with start_time=0 (race-window write or recycled-buffer tail). buf seq=0 count=1024
[mono_ns=7230691408485222][T0xed4ffbffcca0][WARN] copy_aicore_buffer: [chip_swimlane_collector.cpp:689] Core 54: skipped 1024 AICore record slot(s) with start_time=0 (race-window write or recycled-buffer tail). buf seq=0 count=1024
[mono_ns=7230691408496812][T0xed4fedfcbca0][WARN] copy_aicore_buffer: [chip_swimlane_collector.cpp:689] Core 62: skipped 1024 AICore record slot(s) with start_time=0 (race-window write or recycled-buffer tail). buf seq=0 count=1024
[mono_ns=7230691408806731][T0xed4fed7bbca0][WARN] copy_aicore_buffer: [chip_swimlane_collector.cpp:689] Core 65: skipped 1024 AICore record slot(s) with start_time=0 (race-window write or recycled-buffer tail). buf seq=0 count=1024
[mono_ns=7230691408815961][T0xed4ffbffcca0][WARN] copy_aicore_buffer: [chip_swimlane_collector.cpp:689] Core 55: skipped 1024 AICore record slot(s) with start_time=0 (race-window write or recycled-buffer tail). buf seq=0 count=1024
[mono_ns=7230691408827741][T0xed4fedfcbca0][WARN] copy_aicore_buffer: [chip_swimlane_collector.cpp:689] Core 63: skipped 1024 AICore record slot(s) with start_time=0 (race-window write or recycled-buffer tail). buf seq=0 count=1024
[mono_ns=7230691409158901][T0xed4fed7bbca0][WARN] copy_aicore_buffer: [chip_swimlane_collector.cpp:689] Core 23: skipped 1024 AICore record slot(s) with start_time=0 (race-window write or recycled-buffer tail). buf seq=0 count=1024
[mono_ns=7230691409176551][T0xed4ffbffcca0][WARN] copy_aicore_buffer: [chip_swimlane_collector.cpp:689] Core 18: skipped 1024 AICore record slot(s) with start_time=0 (race-window write or recycled-buffer tail). buf seq=0 count=1024
[mono_ns=7230691409177401][T0xed4fedfcbca0][WARN] copy_aicore_buffer: [chip_swimlane_collector.cpp:689] Core 22: skipped 1024 AICore record slot(s) with start_time=0 (race-window write or recycled-buffer tail). buf seq=0 count=1024
[mono_ns=7230691409485421][T0xed4fed7bbca0][WARN] copy_aicore_buffer: [chip_swimlane_collector.cpp:689] Core 70: skipped 1024 AICore record slot(s) with start_time=0 (race-window write or recycled-buffer tail). buf seq=0 count=1024
[mono_ns=7230691409504601][T0xed4ffbffcca0][WARN] copy_aicore_buffer: [chip_swimlane_collector.cpp:689] Core 60: skipped 1024 AICore record slot(s) with start_time=0 (race-window write or recycled-buffer tail). buf seq=0 count=1024
[mono_ns=7230691409514221][T0xed4fedfcbca0][WARN] copy_aicore_buffer: [chip_swimlane_collector.cpp:689] Core 68: skipped 1024 AICore record slot(s) with start_time=0 (race-window write or recycled-buffer tail). buf seq=0 count=1024
[mono_ns=7230691409811560][T0xed4fed7bbca0][WARN] copy_aicore_buffer: [chip_swimlane_collector.cpp:689] Core 71: skipped 1024 AICore record slot(s) with start_time=0 (race-window write or recycled-buffer tail). buf seq=0 count=1024
[mono_ns=7230691409833940][T0xed4ffbffcca0][WARN] copy_aicore_buffer: [chip_swimlane_collector.cpp:689] Core 61: skipped 1024 AICore record slot(s) with start_time=0 (race-window write or recycled-buffer tail). buf seq=0 count=1024
[mono_ns=7230691409841110][T0xed4fedfcbca0][WARN] copy_aicore_buffer: [chip_swimlane_collector.cpp:689] Core 69: skipped 1024 AICore record slot(s) with start_time=0 (race-window write or recycled-buffer tail). buf seq=0 count=1024
[mono_ns=7230691410172530][T0xed4ffbffcca0][WARN] copy_aicore_buffer: [chip_swimlane_collector.cpp:689] Core 21: skipped 1024 AICore record slot(s) with start_time=0 (race-window write or recycled-buffer tail). buf seq=0 count=1024
[mono_ns=7230691410499550][T0xed4ffbffcca0][WARN] copy_aicore_buffer: [chip_swimlane_collector.cpp:689] Core 66: skipped 1024 AICore record slot(s) with start_time=0 (race-window write or recycled-buffer tail). buf seq=0 count=1024
[mono_ns=7230691410824999][T0xed4ffbffcca0][WARN] copy_aicore_buffer: [chip_swimlane_collector.cpp:689] Core 67: skipped 1024 AICore record slot(s) with start_time=0 (race-window write or recycled-buffer tail). buf seq=0 count=1024
[mono_ns=7230691511573513][T0xed514a70b020][TIMING] emit_host_span: [STRACE] v=1 pid=379508 tid=379508 inv=2 hid=66593a349fbd19d7 depth=1 name=chip.run.runner_run ts=7230691395718764 dur=115846889 
[mono_ns=7230691511677433][T0xed514a70b020][TIMING] emit_host_span: [STRACE] v=1 pid=379508 tid=379508 inv=2 hid=66593a349fbd19d7 depth=1 name=chip.run.validate ts=7230691511584513 dur=89210 
[mono_ns=7230691511684452][T0xed514a70b020][TIMING] emit_host_span: [STRACE] v=1 pid=379508 tid=379508 inv=2 hid=66593a349fbd19d7 depth=2 name=chip.run.runner_run.device_wall ts=0 dur=3656960 clk=dev
[mono_ns=7230691511688352][T0xed514a70b020][TIMING] emit_host_span: [STRACE] v=1 pid=379508 tid=379508 inv=2 hid=66593a349fbd19d7 depth=3 name=chip.run.runner_run.device_wall.preamble ts=0 dur=136900 clk=dev
[mono_ns=7230691511692122][T0xed514a70b020][TIMING] emit_host_span: [STRACE] v=1 pid=379508 tid=379508 inv=2 hid=66593a349fbd19d7 depth=3 name=chip.run.runner_run.device_wall.graph_build ts=132680 dur=3513880 clk=dev
[mono_ns=7230691511695632][T0xed514a70b020][TIMING] emit_host_span: [STRACE] v=1 pid=379508 tid=379508 inv=2 hid=66593a349fbd19d7 depth=3 name=chip.run.runner_run.device_wall.config_validate ts=132820 dur=1020 clk=dev
[mono_ns=7230691511698942][T0xed514a70b020][TIMING] emit_host_span: [STRACE] v=1 pid=379508 tid=379508 inv=2 hid=66593a349fbd19d7 depth=3 name=chip.run.runner_run.device_wall.arena_wire ts=134060 dur=860 clk=dev
[mono_ns=7230691511702072][T0xed514a70b020][TIMING] emit_host_span: [STRACE] v=1 pid=379508 tid=379508 inv=2 hid=66593a349fbd19d7 depth=3 name=chip.run.runner_run.device_wall.sm_reset ts=135120 dur=1040 clk=dev
[mono_ns=7230691511706122][T0xed514a70b020][TIMING] emit_host_span: [STRACE] v=1 pid=379508 tid=379508 inv=2 hid=66593a349fbd19d7 depth=3 name=chip.run.runner_run.device_wall.post_orch ts=3646600 dur=10220 clk=dev
[mono_ns=7230691511709152][T0xed514a70b020][TIMING] emit_host_span: [STRACE] v=1 pid=379508 tid=379508 inv=2 hid=66593a349fbd19d7 depth=3 name=chip.run.runner_run.device_wall.orch ts=136200 dur=4120 clk=dev
[mono_ns=7230691511714522][T0xed514a70b020][TIMING] emit_host_span: [STRACE] v=1 pid=379508 tid=379508 inv=2 hid=66593a349fbd19d7 depth=3 name=chip.run.runner_run.device_wall.sched ts=137080 dur=3481100 clk=dev
[mono_ns=7230691511719022][T0xed514a70b020][TIMING] emit_host_span: [STRACE] v=1 pid=379508 tid=379508 inv=2 hid=66593a349fbd19d7 depth=1 name=chip.run.claim_release ts=7230691511716902 dur=370 
[mono_ns=7230691511723112][T0xed514a70b020][TIMING] emit_host_span: [STRACE] v=1 pid=379508 tid=379508 inv=2 hid=66593a349fbd19d7 depth=0 name=chip.run ts=7230691338678699 dur=173042413 run_id=2 dispatch_id=2 slot_id=0 generation=2 run_epoch=2
[mono_ns=7230696371065194][T0xed514a70b020][TIMING] emit_host_span: [STRACE] v=1 pid=379508 tid=379508 inv=3 hid=66593a349fbd19d7 depth=2 name=chip.run.bind.args ts=7230696370797164 dur=223810 
[mono_ns=7230696371089534][T0xed514a70b020][TIMING] emit_host_span: [STRACE] v=1 pid=379508 tid=379508 inv=3 hid=66593a349fbd19d7 depth=2 name=chip.run.bind.prebuilt ts=7230696371079784 dur=6960 
[mono_ns=7230696371094354][T0xed514a70b020][TIMING] emit_host_span: [STRACE] v=1 pid=379508 tid=379508 inv=3 hid=66593a349fbd19d7 depth=1 name=chip.run.bind ts=7230696370790074 dur=302140 
[mono_ns=7230696480072525][T0xed514a70b020][TIMING] emit_host_span: [STRACE] v=1 pid=379508 tid=379508 inv=3 hid=66593a349fbd19d7 depth=1 name=chip.run.runner_run ts=7230696371590713 dur=108472592 
[mono_ns=7230696480172555][T0xed514a70b020][TIMING] emit_host_span: [STRACE] v=1 pid=379508 tid=379508 inv=3 hid=66593a349fbd19d7 depth=1 name=chip.run.validate ts=7230696480086465 dur=82500 
[mono_ns=7230696480181315][T0xed514a70b020][TIMING] emit_host_span: [STRACE] v=1 pid=379508 tid=379508 inv=3 hid=66593a349fbd19d7 depth=2 name=chip.run.runner_run.device_wall ts=0 dur=8363360 clk=dev
[mono_ns=7230696480185905][T0xed514a70b020][TIMING] emit_host_span: [STRACE] v=1 pid=379508 tid=379508 inv=3 hid=66593a349fbd19d7 depth=3 name=chip.run.runner_run.device_wall.preamble ts=0 dur=6939 clk=dev
[mono_ns=7230696480189665][T0xed514a70b020][TIMING] emit_host_span: [STRACE] v=1 pid=379508 tid=379508 inv=3 hid=66593a349fbd19d7 depth=3 name=chip.run.runner_run.device_wall.graph_build ts=1359 dur=8351199 clk=dev
[mono_ns=7230696480193445][T0xed514a70b020][TIMING] emit_host_span: [STRACE] v=1 pid=379508 tid=379508 inv=3 hid=66593a349fbd19d7 depth=3 name=chip.run.runner_run.device_wall.config_validate ts=1680 dur=1200 clk=dev
[mono_ns=7230696480197005][T0xed514a70b020][TIMING] emit_host_span: [STRACE] v=1 pid=379508 tid=379508 inv=3 hid=66593a349fbd19d7 depth=3 name=chip.run.runner_run.device_wall.arena_wire ts=3060 dur=679 clk=dev
[mono_ns=7230696480200245][T0xed514a70b020][TIMING] emit_host_span: [STRACE] v=1 pid=379508 tid=379508 inv=3 hid=66593a349fbd19d7 depth=3 name=chip.run.runner_run.device_wall.sm_reset ts=3780 dur=1859 clk=dev
[mono_ns=7230696480203335][T0xed514a70b020][TIMING] emit_host_span: [STRACE] v=1 pid=379508 tid=379508 inv=3 hid=66593a349fbd19d7 depth=3 name=chip.run.runner_run.device_wall.post_orch ts=8352619 dur=10520 clk=dev
[mono_ns=7230696480208355][T0xed514a70b020][TIMING] emit_host_span: [STRACE] v=1 pid=379508 tid=379508 inv=3 hid=66593a349fbd19d7 depth=3 name=chip.run.runner_run.device_wall.orch ts=6600 dur=11879 clk=dev
[mono_ns=7230696480211265][T0xed514a70b020][TIMING] emit_host_span: [STRACE] v=1 pid=379508 tid=379508 inv=3 hid=66593a349fbd19d7 depth=3 name=chip.run.runner_run.device_wall.sched ts=7080 dur=8337059 clk=dev
[mono_ns=7230696480215585][T0xed514a70b020][TIMING] emit_host_span: [STRACE] v=1 pid=379508 tid=379508 inv=3 hid=66593a349fbd19d7 depth=1 name=chip.run.claim_release ts=7230696480213445 dur=400 
[mono_ns=7230696480220425][T0xed514a70b020][TIMING] emit_host_span: [STRACE] v=1 pid=379508 tid=379508 inv=3 hid=66593a349fbd19d7 depth=0 name=chip.run ts=7230696370370094 dur=109848401 run_id=3 dispatch_id=3 slot_id=0 generation=3 run_epoch=3
[mono_ns=7230696544536166][T0xed514a70b020][TIMING] emit_host_span: [STRACE] v=1 pid=379508 tid=379508 inv=4 hid=66593a349fbd19d7 depth=2 name=chip.run.bind.args ts=7230696544418316 dur=111310 
[mono_ns=7230696544549156][T0xed514a70b020][TIMING] emit_host_span: [STRACE] v=1 pid=379508 tid=379508 inv=4 hid=66593a349fbd19d7 depth=2 name=chip.run.bind.prebuilt ts=7230696544544476 dur=2390 
[mono_ns=7230696544553346][T0xed514a70b020][TIMING] emit_host_span: [STRACE] v=1 pid=379508 tid=379508 inv=4 hid=66593a349fbd19d7 depth=1 name=chip.run.bind ts=7230696544411486 dur=139800 
[mono_ns=7230696549150992][T0xed4ffbffcca0][WARN] copy_aicore_buffer: [chip_swimlane_collector.cpp:689] Core 0: skipped 1024 AICore record slot(s) with start_time=0 (race-window write or recycled-buffer tail). buf seq=0 count=1024
[mono_ns=7230696549167792][T0xed4fedfcbca0][WARN] copy_aicore_buffer: [chip_swimlane_collector.cpp:689] Core 1: skipped 1024 AICore record slot(s) with start_time=0 (race-window write or recycled-buffer tail). buf seq=0 count=1024
[mono_ns=7230696549226262][T0xed4fed7bbca0][WARN] copy_aicore_buffer: [chip_swimlane_collector.cpp:689] Core 2: skipped 1024 AICore record slot(s) with start_time=0 (race-window write or recycled-buffer tail). buf seq=0 count=1024
[mono_ns=7230696549475682][T0xed4ffbffcca0][WARN] copy_aicore_buffer: [chip_swimlane_collector.cpp:689] Core 24: skipped 1023 AICore record slot(s) with start_time=0 (race-window write or recycled-buffer tail). buf seq=0 count=1024
[mono_ns=7230696549488812][T0xed4fedfcbca0][WARN] copy_aicore_buffer: [chip_swimlane_collector.cpp:689] Core 26: skipped 1023 AICore record slot(s) with start_time=0 (race-window write or recycled-buffer tail). buf seq=0 count=1024
[mono_ns=7230696549552192][T0xed4fed7bbca0][WARN] copy_aicore_buffer: [chip_swimlane_collector.cpp:689] Core 28: skipped 1023 AICore record slot(s) with start_time=0 (race-window write or recycled-buffer tail). buf seq=0 count=1024
[mono_ns=7230696549791222][T0xed4ffbffcca0][WARN] copy_aicore_buffer: [chip_swimlane_collector.cpp:689] Core 25: skipped 1024 AICore record slot(s) with start_time=0 (race-window write or recycled-buffer tail). buf seq=0 count=1024
[mono_ns=7230696549803042][T0xed4fedfcbca0][WARN] copy_aicore_buffer: [chip_swimlane_collector.cpp:689] Core 27: skipped 1024 AICore record slot(s) with start_time=0 (race-window write or recycled-buffer tail). buf seq=0 count=1024
[mono_ns=7230696549867892][T0xed4fed7bbca0][WARN] copy_aicore_buffer: [chip_swimlane_collector.cpp:689] Core 29: skipped 1024 AICore record slot(s) with start_time=0 (race-window write or recycled-buffer tail). buf seq=0 count=1024
[mono_ns=7230696550119961][T0xed4ffbffcca0][WARN] copy_aicore_buffer: [chip_swimlane_collector.cpp:689] Core 3: skipped 1024 AICore record slot(s) with start_time=0 (race-window write or recycled-buffer tail). buf seq=0 count=1024
[mono_ns=7230696550129441][T0xed4fedfcbca0][WARN] copy_aicore_buffer: [chip_swimlane_collector.cpp:689] Core 4: skipped 1024 AICore record slot(s) with start_time=0 (race-window write or recycled-buffer tail). buf seq=0 count=1024
[mono_ns=7230696550199161][T0xed4fed7bbca0][WARN] copy_aicore_buffer: [chip_swimlane_collector.cpp:689] Core 5: skipped 1024 AICore record slot(s) with start_time=0 (race-window write or recycled-buffer tail). buf seq=0 count=1024
[mono_ns=7230696550434701][T0xed4ffbffcca0][WARN] copy_aicore_buffer: [chip_swimlane_collector.cpp:689] Core 30: skipped 1024 AICore record slot(s) with start_time=0 (race-window write or recycled-buffer tail). buf seq=0 count=1024
[mono_ns=7230696550444921][T0xed4fedfcbca0][WARN] copy_aicore_buffer: [chip_swimlane_collector.cpp:689] Core 32: skipped 1024 AICore record slot(s) with start_time=0 (race-window write or recycled-buffer tail). buf seq=0 count=1024
[mono_ns=7230696550514091][T0xed4fed7bbca0][WARN] copy_aicore_buffer: [chip_swimlane_collector.cpp:689] Core 34: skipped 1024 AICore record slot(s) with start_time=0 (race-window write or recycled-buffer tail). buf seq=0 count=1024
[mono_ns=7230696550746861][T0xed4ffbffcca0][WARN] copy_aicore_buffer: [chip_swimlane_collector.cpp:689] Core 31: skipped 1024 AICore record slot(s) with start_time=0 (race-window write or recycled-buffer tail). buf seq=0 count=1024
[mono_ns=7230696550757121][T0xed4fedfcbca0][WARN] copy_aicore_buffer: [chip_swimlane_collector.cpp:689] Core 33: skipped 1024 AICore record slot(s) with start_time=0 (race-window write or recycled-buffer tail). buf seq=0 count=1024
[mono_ns=7230696550827091][T0xed4fed7bbca0][WARN] copy_aicore_buffer: [chip_swimlane_collector.cpp:689] Core 35: skipped 1024 AICore record slot(s) with start_time=0 (race-window write or recycled-buffer tail). buf seq=0 count=1024
[mono_ns=7230696551071110][T0xed4ffbffcca0][WARN] copy_aicore_buffer: [chip_swimlane_collector.cpp:689] Core 6: skipped 1024 AICore record slot(s) with start_time=0 (race-window write or recycled-buffer tail). buf seq=0 count=1024
[mono_ns=7230696551077960][T0xed4fedfcbca0][WARN] copy_aicore_buffer: [chip_swimlane_collector.cpp:689] Core 7: skipped 1024 AICore record slot(s) with start_time=0 (race-window write or recycled-buffer tail). buf seq=0 count=1024
[mono_ns=7230696551154710][T0xed4fed7bbca0][WARN] copy_aicore_buffer: [chip_swimlane_collector.cpp:689] Core 8: skipped 1024 AICore record slot(s) with start_time=0 (race-window write or recycled-buffer tail). buf seq=0 count=1024
[mono_ns=7230696551384740][T0xed4ffbffcca0][WARN] copy_aicore_buffer: [chip_swimlane_collector.cpp:689] Core 36: skipped 1024 AICore record slot(s) with start_time=0 (race-window write or recycled-buffer tail). buf seq=0 count=1024
[mono_ns=7230696551390330][T0xed4fedfcbca0][WARN] copy_aicore_buffer: [chip_swimlane_collector.cpp:689] Core 38: skipped 1024 AICore record slot(s) with start_time=0 (race-window write or recycled-buffer tail). buf seq=0 count=1024
[mono_ns=7230696551467870][T0xed4fed7bbca0][WARN] copy_aicore_buffer: [chip_swimlane_collector.cpp:689] Core 40: skipped 1024 AICore record slot(s) with start_time=0 (race-window write or recycled-buffer tail). buf seq=0 count=1024
[mono_ns=7230696551696030][T0xed4ffbffcca0][WARN] copy_aicore_buffer: [chip_swimlane_collector.cpp:689] Core 37: skipped 1024 AICore record slot(s) with start_time=0 (race-window write or recycled-buffer tail). buf seq=0 count=1024
[mono_ns=7230696551703810][T0xed4fedfcbca0][WARN] copy_aicore_buffer: [chip_swimlane_collector.cpp:689] Core 39: skipped 1024 AICore record slot(s) with start_time=0 (race-window write or recycled-buffer tail). buf seq=0 count=1024
[mono_ns=7230696551784820][T0xed4fed7bbca0][WARN] copy_aicore_buffer: [chip_swimlane_collector.cpp:689] Core 41: skipped 1024 AICore record slot(s) with start_time=0 (race-window write or recycled-buffer tail). buf seq=0 count=1024
[mono_ns=7230696552029830][T0xed4fedfcbca0][WARN] copy_aicore_buffer: [chip_swimlane_collector.cpp:689] Core 10: skipped 1024 AICore record slot(s) with start_time=0 (race-window write or recycled-buffer tail). buf seq=0 count=1024
[mono_ns=7230696552104680][T0xed4ffbffcca0][WARN] copy_aicore_buffer: [chip_swimlane_collector.cpp:689] Core 9: skipped 1024 AICore record slot(s) with start_time=0 (race-window write or recycled-buffer tail). buf seq=0 count=1024
[mono_ns=7230696552279419][T0xed4fed7bbca0][WARN] copy_aicore_buffer: [chip_swimlane_collector.cpp:689] Core 11: skipped 1024 AICore record slot(s) with start_time=0 (race-window write or recycled-buffer tail). buf seq=0 count=1024
[mono_ns=7230696552424299][T0xed4ffbffcca0][WARN] copy_aicore_buffer: [chip_swimlane_collector.cpp:689] Core 42: skipped 1024 AICore record slot(s) with start_time=0 (race-window write or recycled-buffer tail). buf seq=0 count=1024
[mono_ns=7230696552599809][T0xed4fed7bbca0][WARN] copy_aicore_buffer: [chip_swimlane_collector.cpp:689] Core 46: skipped 1024 AICore record slot(s) with start_time=0 (race-window write or recycled-buffer tail). buf seq=0 count=1024
[mono_ns=7230696552738229][T0xed4ffbffcca0][WARN] copy_aicore_buffer: [chip_swimlane_collector.cpp:689] Core 43: skipped 1024 AICore record slot(s) with start_time=0 (race-window write or recycled-buffer tail). buf seq=0 count=1024
[mono_ns=7230696552918979][T0xed4fed7bbca0][WARN] copy_aicore_buffer: [chip_swimlane_collector.cpp:689] Core 47: skipped 1024 AICore record slot(s) with start_time=0 (race-window write or recycled-buffer tail). buf seq=0 count=1024
[mono_ns=7230696553251958][T0xed4fed7bbca0][WARN] copy_aicore_buffer: [chip_swimlane_collector.cpp:689] Core 14: skipped 1024 AICore record slot(s) with start_time=0 (race-window write or recycled-buffer tail). buf seq=0 count=1024
[mono_ns=7230696553566958][T0xed4fed7bbca0][WARN] copy_aicore_buffer: [chip_swimlane_collector.cpp:689] Core 52: skipped 1024 AICore record slot(s) with start_time=0 (race-window write or recycled-buffer tail). buf seq=0 count=1024
[mono_ns=7230696553754958][T0xed4ffbffcca0][WARN] copy_aicore_buffer: [chip_swimlane_collector.cpp:689] Core 12: skipped 1024 AICore record slot(s) with start_time=0 (race-window write or recycled-buffer tail). buf seq=0 count=1024
[mono_ns=7230696553802318][T0xed4fedfcbca0][WARN] copy_aicore_buffer: [chip_swimlane_collector.cpp:689] Core 44: skipped 1024 AICore record slot(s) with start_time=0 (race-window write or recycled-buffer tail). buf seq=0 count=1024
[mono_ns=7230696553882988][T0xed4fed7bbca0][WARN] copy_aicore_buffer: [chip_swimlane_collector.cpp:689] Core 53: skipped 1024 AICore record slot(s) with start_time=0 (race-window write or recycled-buffer tail). buf seq=0 count=1024
[mono_ns=7230696554135008][T0xed4fedfcbca0][WARN] copy_aicore_buffer: [chip_swimlane_collector.cpp:689] Core 45: skipped 1024 AICore record slot(s) with start_time=0 (race-window write or recycled-buffer tail). buf seq=0 count=1024
[mono_ns=7230696554133938][T0xed4ffbffcca0][WARN] copy_aicore_buffer: [chip_swimlane_collector.cpp:689] Core 48: skipped 1024 AICore record slot(s) with start_time=0 (race-window write or recycled-buffer tail). buf seq=0 count=1024
[mono_ns=7230696554210778][T0xed4fed7bbca0][WARN] copy_aicore_buffer: [chip_swimlane_collector.cpp:689] Core 17: skipped 1024 AICore record slot(s) with start_time=0 (race-window write or recycled-buffer tail). buf seq=0 count=1024
[mono_ns=7230696554449597][T0xed4fedfcbca0][WARN] copy_aicore_buffer: [chip_swimlane_collector.cpp:689] Core 13: skipped 1024 AICore record slot(s) with start_time=0 (race-window write or recycled-buffer tail). buf seq=0 count=1024
[mono_ns=7230696554464877][T0xed4ffbffcca0][WARN] copy_aicore_buffer: [chip_swimlane_collector.cpp:689] Core 49: skipped 1024 AICore record slot(s) with start_time=0 (race-window write or recycled-buffer tail). buf seq=0 count=1024
[mono_ns=7230696554524147][T0xed4fed7bbca0][WARN] copy_aicore_buffer: [chip_swimlane_collector.cpp:689] Core 58: skipped 1024 AICore record slot(s) with start_time=0 (race-window write or recycled-buffer tail). buf seq=0 count=1024
[mono_ns=7230696554762937][T0xed4fedfcbca0][WARN] copy_aicore_buffer: [chip_swimlane_collector.cpp:689] Core 50: skipped 1024 AICore record slot(s) with start_time=0 (race-window write or recycled-buffer tail). buf seq=0 count=1024
[mono_ns=7230696554792117][T0xed4ffbffcca0][WARN] copy_aicore_buffer: [chip_swimlane_collector.cpp:689] Core 15: skipped 1024 AICore record slot(s) with start_time=0 (race-window write or recycled-buffer tail). buf seq=0 count=1024
[mono_ns=7230696554837647][T0xed4fed7bbca0][WARN] copy_aicore_buffer: [chip_swimlane_collector.cpp:689] Core 59: skipped 1024 AICore record slot(s) with start_time=0 (race-window write or recycled-buffer tail). buf seq=0 count=1024
[mono_ns=7230696555081647][T0xed4fedfcbca0][WARN] copy_aicore_buffer: [chip_swimlane_collector.cpp:689] Core 51: skipped 1024 AICore record slot(s) with start_time=0 (race-window write or recycled-buffer tail). buf seq=0 count=1024
[mono_ns=7230696555130877][T0xed4ffbffcca0][WARN] copy_aicore_buffer: [chip_swimlane_collector.cpp:689] Core 54: skipped 1024 AICore record slot(s) with start_time=0 (race-window write or recycled-buffer tail). buf seq=0 count=1024
[mono_ns=7230696555157827][T0xed4fed7bbca0][WARN] copy_aicore_buffer: [chip_swimlane_collector.cpp:689] Core 20: skipped 1024 AICore record slot(s) with start_time=0 (race-window write or recycled-buffer tail). buf seq=0 count=1024
[mono_ns=7230696555396037][T0xed4fedfcbca0][WARN] copy_aicore_buffer: [chip_swimlane_collector.cpp:689] Core 16: skipped 1024 AICore record slot(s) with start_time=0 (race-window write or recycled-buffer tail). buf seq=0 count=1024
[mono_ns=7230696555459207][T0xed4ffbffcca0][WARN] copy_aicore_buffer: [chip_swimlane_collector.cpp:689] Core 55: skipped 1024 AICore record slot(s) with start_time=0 (race-window write or recycled-buffer tail). buf seq=0 count=1024
[mono_ns=7230696555497696][T0xed4fed7bbca0][WARN] copy_aicore_buffer: [chip_swimlane_collector.cpp:689] Core 64: skipped 1024 AICore record slot(s) with start_time=0 (race-window write or recycled-buffer tail). buf seq=0 count=1024
[mono_ns=7230696555708616][T0xed4fedfcbca0][WARN] copy_aicore_buffer: [chip_swimlane_collector.cpp:689] Core 56: skipped 1024 AICore record slot(s) with start_time=0 (race-window write or recycled-buffer tail). buf seq=0 count=1024
[mono_ns=7230696555785456][T0xed4ffbffcca0][WARN] copy_aicore_buffer: [chip_swimlane_collector.cpp:689] Core 18: skipped 1024 AICore record slot(s) with start_time=0 (race-window write or recycled-buffer tail). buf seq=0 count=1024
[mono_ns=7230696555824576][T0xed4fed7bbca0][WARN] copy_aicore_buffer: [chip_swimlane_collector.cpp:689] Core 65: skipped 1024 AICore record slot(s) with start_time=0 (race-window write or recycled-buffer tail). buf seq=0 count=1024
[mono_ns=7230696556030656][T0xed4fedfcbca0][WARN] copy_aicore_buffer: [chip_swimlane_collector.cpp:689] Core 57: skipped 1024 AICore record slot(s) with start_time=0 (race-window write or recycled-buffer tail). buf seq=0 count=1024
[mono_ns=7230696556126916][T0xed4ffbffcca0][WARN] copy_aicore_buffer: [chip_swimlane_collector.cpp:689] Core 60: skipped 1024 AICore record slot(s) with start_time=0 (race-window write or recycled-buffer tail). buf seq=0 count=1024
[mono_ns=7230696556170676][T0xed4fed7bbca0][WARN] copy_aicore_buffer: [chip_swimlane_collector.cpp:689] Core 23: skipped 1024 AICore record slot(s) with start_time=0 (race-window write or recycled-buffer tail). buf seq=0 count=1024
[mono_ns=7230696556344316][T0xed4fedfcbca0][WARN] copy_aicore_buffer: [chip_swimlane_collector.cpp:689] Core 19: skipped 1024 AICore record slot(s) with start_time=0 (race-window write or recycled-buffer tail). buf seq=0 count=1024
[mono_ns=7230696556467636][T0xed4ffbffcca0][WARN] copy_aicore_buffer: [chip_swimlane_collector.cpp:689] Core 61: skipped 1024 AICore record slot(s) with start_time=0 (race-window write or recycled-buffer tail). buf seq=0 count=1024
[mono_ns=7230696556499636][T0xed4fed7bbca0][WARN] copy_aicore_buffer: [chip_swimlane_collector.cpp:689] Core 70: skipped 1024 AICore record slot(s) with start_time=0 (race-window write or recycled-buffer tail). buf seq=0 count=1024
[mono_ns=7230696556658385][T0xed4fedfcbca0][WARN] copy_aicore_buffer: [chip_swimlane_collector.cpp:689] Core 62: skipped 1024 AICore record slot(s) with start_time=0 (race-window write or recycled-buffer tail). buf seq=0 count=1024
[mono_ns=7230696556800825][T0xed4ffbffcca0][WARN] copy_aicore_buffer: [chip_swimlane_collector.cpp:689] Core 21: skipped 1024 AICore record slot(s) with start_time=0 (race-window write or recycled-buffer tail). buf seq=0 count=1024
[mono_ns=7230696556829515][T0xed4fed7bbca0][WARN] copy_aicore_buffer: [chip_swimlane_collector.cpp:689] Core 71: skipped 1024 AICore record slot(s) with start_time=0 (race-window write or recycled-buffer tail). buf seq=0 count=1024
[mono_ns=7230696557021315][T0xed4fedfcbca0][WARN] copy_aicore_buffer: [chip_swimlane_collector.cpp:689] Core 63: skipped 1024 AICore record slot(s) with start_time=0 (race-window write or recycled-buffer tail). buf seq=0 count=1024
[mono_ns=7230696557145155][T0xed4ffbffcca0][WARN] copy_aicore_buffer: [chip_swimlane_collector.cpp:689] Core 66: skipped 1024 AICore record slot(s) with start_time=0 (race-window write or recycled-buffer tail). buf seq=0 count=1024
[mono_ns=7230696557350425][T0xed4fedfcbca0][WARN] copy_aicore_buffer: [chip_swimlane_collector.cpp:689] Core 22: skipped 1024 AICore record slot(s) with start_time=0 (race-window write or recycled-buffer tail). buf seq=0 count=1024
[mono_ns=7230696557477055][T0xed4ffbffcca0][WARN] copy_aicore_buffer: [chip_swimlane_collector.cpp:689] Core 67: skipped 1024 AICore record slot(s) with start_time=0 (race-window write or recycled-buffer tail). buf seq=0 count=1024
[mono_ns=7230696557678525][T0xed4fedfcbca0][WARN] copy_aicore_buffer: [chip_swimlane_collector.cpp:689] Core 68: skipped 1024 AICore record slot(s) with start_time=0 (race-window write or recycled-buffer tail). buf seq=0 count=1024
[mono_ns=7230696558010594][T0xed4fedfcbca0][WARN] copy_aicore_buffer: [chip_swimlane_collector.cpp:689] Core 69: skipped 1024 AICore record slot(s) with start_time=0 (race-window write or recycled-buffer tail). buf seq=0 count=1024
[mono_ns=7230696658728504][T0xed514a70b020][TIMING] emit_host_span: [STRACE] v=1 pid=379508 tid=379508 inv=4 hid=66593a349fbd19d7 depth=1 name=chip.run.runner_run ts=7230696544881746 dur=113837718 
[mono_ns=7230696658810124][T0xed514a70b020][TIMING] emit_host_span: [STRACE] v=1 pid=379508 tid=379508 inv=4 hid=66593a349fbd19d7 depth=1 name=chip.run.validate ts=7230696658735564 dur=71160 
[mono_ns=7230696658817324][T0xed514a70b020][TIMING] emit_host_span: [STRACE] v=1 pid=379508 tid=379508 inv=4 hid=66593a349fbd19d7 depth=2 name=chip.run.runner_run.device_wall ts=0 dur=3762259 clk=dev
[mono_ns=7230696658821214][T0xed514a70b020][TIMING] emit_host_span: [STRACE] v=1 pid=379508 tid=379508 inv=4 hid=66593a349fbd19d7 depth=3 name=chip.run.runner_run.device_wall.preamble ts=0 dur=111620 clk=dev
[mono_ns=7230696658824744][T0xed514a70b020][TIMING] emit_host_span: [STRACE] v=1 pid=379508 tid=379508 inv=4 hid=66593a349fbd19d7 depth=3 name=chip.run.runner_run.device_wall.graph_build ts=107600 dur=3645540 clk=dev
[mono_ns=7230696658828244][T0xed514a70b020][TIMING] emit_host_span: [STRACE] v=1 pid=379508 tid=379508 inv=4 hid=66593a349fbd19d7 depth=3 name=chip.run.runner_run.device_wall.config_validate ts=107700 dur=799 clk=dev
[mono_ns=7230696658831464][T0xed514a70b020][TIMING] emit_host_span: [STRACE] v=1 pid=379508 tid=379508 inv=4 hid=66593a349fbd19d7 depth=3 name=chip.run.runner_run.device_wall.arena_wire ts=108520 dur=280 clk=dev
[mono_ns=7230696658837334][T0xed514a70b020][TIMING] emit_host_span: [STRACE] v=1 pid=379508 tid=379508 inv=4 hid=66593a349fbd19d7 depth=3 name=chip.run.runner_run.device_wall.sm_reset ts=108820 dur=540 clk=dev
[mono_ns=7230696658840474][T0xed514a70b020][TIMING] emit_host_span: [STRACE] v=1 pid=379508 tid=379508 inv=4 hid=66593a349fbd19d7 depth=3 name=chip.run.runner_run.device_wall.post_orch ts=3753200 dur=8960 clk=dev
[mono_ns=7230696658843394][T0xed514a70b020][TIMING] emit_host_span: [STRACE] v=1 pid=379508 tid=379508 inv=4 hid=66593a349fbd19d7 depth=3 name=chip.run.runner_run.device_wall.orch ts=109420 dur=3800 clk=dev
[mono_ns=7230696658846304][T0xed514a70b020][TIMING] emit_host_span: [STRACE] v=1 pid=379508 tid=379508 inv=4 hid=66593a349fbd19d7 depth=3 name=chip.run.runner_run.device_wall.sched ts=111700 dur=3616279 clk=dev
[mono_ns=7230696658850014][T0xed514a70b020][TIMING] emit_host_span: [STRACE] v=1 pid=379508 tid=379508 inv=4 hid=66593a349fbd19d7 depth=1 name=chip.run.claim_release ts=7230696658847964 dur=320 
[mono_ns=7230696658854224][T0xed514a70b020][TIMING] emit_host_span: [STRACE] v=1 pid=379508 tid=379508 inv=4 hid=66593a349fbd19d7 depth=0 name=chip.run ts=7230696544381286 dur=114470988 run_id=4 dispatch_id=4 slot_id=0 generation=4 run_epoch=4
[mono_ns=7230701513838149][T0xed514a70b020][TIMING] emit_host_span: [STRACE] v=1 pid=379508 tid=379508 inv=5 hid=66593a349fbd19d7 depth=2 name=chip.run.bind.args ts=7230701513595569 dur=207580 
[mono_ns=7230701513953719][T0xed514a70b020][TIMING] emit_host_span: [STRACE] v=1 pid=379508 tid=379508 inv=5 hid=66593a349fbd19d7 depth=2 name=chip.run.bind.prebuilt ts=7230701513903919 dur=45980 
[mono_ns=7230701513964609][T0xed514a70b020][TIMING] emit_host_span: [STRACE] v=1 pid=379508 tid=379508 inv=5 hid=66593a349fbd19d7 depth=1 name=chip.run.bind ts=7230701513581909 dur=380060 
[mono_ns=7230701670077037][T0xed514a70b020][TIMING] emit_host_span: [STRACE] v=1 pid=379508 tid=379508 inv=5 hid=66593a349fbd19d7 depth=1 name=chip.run.runner_run ts=7230701515085748 dur=154975959 
[mono_ns=7230701670178897][T0xed514a70b020][TIMING] emit_host_span: [STRACE] v=1 pid=379508 tid=379508 inv=5 hid=66593a349fbd19d7 depth=1 name=chip.run.validate ts=7230701670093177 dur=81610 
[mono_ns=7230701670192227][T0xed514a70b020][TIMING] emit_host_span: [STRACE] v=1 pid=379508 tid=379508 inv=5 hid=66593a349fbd19d7 depth=2 name=chip.run.runner_run.device_wall ts=0 dur=155060 clk=dev
[mono_ns=7230701670197067][T0xed514a70b020][TIMING] emit_host_span: [STRACE] v=1 pid=379508 tid=379508 inv=5 hid=66593a349fbd19d7 depth=3 name=chip.run.runner_run.device_wall.preamble ts=0 dur=6700 clk=dev
[mono_ns=7230701670201407][T0xed514a70b020][TIMING] emit_host_span: [STRACE] v=1 pid=379508 tid=379508 inv=5 hid=66593a349fbd19d7 depth=3 name=chip.run.runner_run.device_wall.graph_build ts=1460 dur=142580 clk=dev
[mono_ns=7230701670204687][T0xed514a70b020][TIMING] emit_host_span: [STRACE] v=1 pid=379508 tid=379508 inv=5 hid=66593a349fbd19d7 depth=3 name=chip.run.runner_run.device_wall.config_validate ts=1599 dur=1160 clk=dev
[mono_ns=7230701670229827][T0xed514a70b020][TIMING] emit_host_span: [STRACE] v=1 pid=379508 tid=379508 inv=5 hid=66593a349fbd19d7 depth=3 name=chip.run.runner_run.device_wall.arena_wire ts=2780 dur=700 clk=dev
[mono_ns=7230701670232917][T0xed514a70b020][TIMING] emit_host_span: [STRACE] v=1 pid=379508 tid=379508 inv=5 hid=66593a349fbd19d7 depth=3 name=chip.run.runner_run.device_wall.sm_reset ts=3679 dur=960 clk=dev
[mono_ns=7230701670236317][T0xed514a70b020][TIMING] emit_host_span: [STRACE] v=1 pid=379508 tid=379508 inv=5 hid=66593a349fbd19d7 depth=3 name=chip.run.runner_run.device_wall.post_orch ts=144079 dur=10820 clk=dev
[mono_ns=7230701670239247][T0xed514a70b020][TIMING] emit_host_span: [STRACE] v=1 pid=379508 tid=379508 inv=5 hid=66593a349fbd19d7 depth=3 name=chip.run.runner_run.device_wall.orch ts=5580 dur=10800 clk=dev
[mono_ns=7230701670242657][T0xed514a70b020][TIMING] emit_host_span: [STRACE] v=1 pid=379508 tid=379508 inv=5 hid=66593a349fbd19d7 depth=3 name=chip.run.runner_run.device_wall.sched ts=6860 dur=126420 clk=dev
[mono_ns=7230701670249247][T0xed514a70b020][TIMING] emit_host_span: [STRACE] v=1 pid=379508 tid=379508 inv=5 hid=66593a349fbd19d7 depth=1 name=chip.run.claim_release ts=7230701670246987 dur=520 
[mono_ns=7230701670254967][T0xed514a70b020][TIMING] emit_host_span: [STRACE] v=1 pid=379508 tid=379508 inv=5 hid=66593a349fbd19d7 depth=0 name=chip.run ts=7230701513193470 dur=157059487 run_id=5 dispatch_id=5 slot_id=0 generation=5 run_epoch=5
[mono_ns=7230701674537243][T0xed514a70b020][TIMING] emit_host_span: [STRACE] v=1 pid=379508 tid=379508 inv=6 hid=66593a349fbd19d7 depth=2 name=chip.run.bind.args ts=7230701674426293 dur=104860 
[mono_ns=7230701674555743][T0xed514a70b020][TIMING] emit_host_span: [STRACE] v=1 pid=379508 tid=379508 inv=6 hid=66593a349fbd19d7 depth=2 name=chip.run.bind.prebuilt ts=7230701674548883 dur=4420 
[mono_ns=7230701674561003][T0xed514a70b020][TIMING] emit_host_span: [STRACE] v=1 pid=379508 tid=379508 inv=6 hid=66593a349fbd19d7 depth=1 name=chip.run.bind ts=7230701674415473 dur=142800 
[mono_ns=7230701678632740][T0xed4ffbffcca0][WARN] copy_aicore_buffer: [chip_swimlane_collector.cpp:689] Core 0: skipped 1024 AICore record slot(s) with start_time=0 (race-window write or recycled-buffer tail). buf seq=0 count=1024
[mono_ns=7230701678700700][T0xed4fedfcbca0][WARN] copy_aicore_buffer: [chip_swimlane_collector.cpp:689] Core 1: skipped 1024 AICore record slot(s) with start_time=0 (race-window write or recycled-buffer tail). buf seq=0 count=1024
[mono_ns=7230701678731930][T0xed4fed7bbca0][WARN] copy_aicore_buffer: [chip_swimlane_collector.cpp:689] Core 2: skipped 1024 AICore record slot(s) with start_time=0 (race-window write or recycled-buffer tail). buf seq=0 count=1024
[mono_ns=7230701678962889][T0xed4ffbffcca0][WARN] copy_aicore_buffer: [chip_swimlane_collector.cpp:689] Core 24: skipped 1023 AICore record slot(s) with start_time=0 (race-window write or recycled-buffer tail). buf seq=0 count=1024
[mono_ns=7230701679036009][T0xed4fedfcbca0][WARN] copy_aicore_buffer: [chip_swimlane_collector.cpp:689] Core 26: skipped 1022 AICore record slot(s) with start_time=0 (race-window write or recycled-buffer tail). buf seq=0 count=1024
[mono_ns=7230701679061509][T0xed4fed7bbca0][WARN] copy_aicore_buffer: [chip_swimlane_collector.cpp:689] Core 28: skipped 1024 AICore record slot(s) with start_time=0 (race-window write or recycled-buffer tail). buf seq=0 count=1024
[mono_ns=7230701679290569][T0xed4ffbffcca0][WARN] copy_aicore_buffer: [chip_swimlane_collector.cpp:689] Core 25: skipped 1024 AICore record slot(s) with start_time=0 (race-window write or recycled-buffer tail). buf seq=0 count=1024
[mono_ns=7230701679350819][T0xed4fedfcbca0][WARN] copy_aicore_buffer: [chip_swimlane_collector.cpp:689] Core 27: skipped 1024 AICore record slot(s) with start_time=0 (race-window write or recycled-buffer tail). buf seq=0 count=1024
[mono_ns=7230701679377109][T0xed4fed7bbca0][WARN] copy_aicore_buffer: [chip_swimlane_collector.cpp:689] Core 29: skipped 1024 AICore record slot(s) with start_time=0 (race-window write or recycled-buffer tail). buf seq=0 count=1024
[mono_ns=7230701679606819][T0xed4ffbffcca0][WARN] copy_aicore_buffer: [chip_swimlane_collector.cpp:689] Core 3: skipped 1024 AICore record slot(s) with start_time=0 (race-window write or recycled-buffer tail). buf seq=0 count=1024
[mono_ns=7230701679663479][T0xed4fedfcbca0][WARN] copy_aicore_buffer: [chip_swimlane_collector.cpp:689] Core 4: skipped 1024 AICore record slot(s) with start_time=0 (race-window write or recycled-buffer tail). buf seq=0 count=1024
[mono_ns=7230701679690529][T0xed4fed7bbca0][WARN] copy_aicore_buffer: [chip_swimlane_collector.cpp:689] Core 5: skipped 1024 AICore record slot(s) with start_time=0 (race-window write or recycled-buffer tail). buf seq=0 count=1024
[mono_ns=7230701679918459][T0xed4ffbffcca0][WARN] copy_aicore_buffer: [chip_swimlane_collector.cpp:689] Core 30: skipped 1024 AICore record slot(s) with start_time=0 (race-window write or recycled-buffer tail). buf seq=0 count=1024
[mono_ns=7230701679976939][T0xed4fedfcbca0][WARN] copy_aicore_buffer: [chip_swimlane_collector.cpp:689] Core 32: skipped 1024 AICore record slot(s) with start_time=0 (race-window write or recycled-buffer tail). buf seq=0 count=1024
[mono_ns=7230701680019299][T0xed4fed7bbca0][WARN] copy_aicore_buffer: [chip_swimlane_collector.cpp:689] Core 34: skipped 1024 AICore record slot(s) with start_time=0 (race-window write or recycled-buffer tail). buf seq=0 count=1024
[mono_ns=7230701680295068][T0xed4ffbffcca0][WARN] copy_aicore_buffer: [chip_swimlane_collector.cpp:689] Core 31: skipped 1024 AICore record slot(s) with start_time=0 (race-window write or recycled-buffer tail). buf seq=0 count=1024
[mono_ns=7230701680308838][T0xed4fedfcbca0][WARN] copy_aicore_buffer: [chip_swimlane_collector.cpp:689] Core 33: skipped 1024 AICore record slot(s) with start_time=0 (race-window write or recycled-buffer tail). buf seq=0 count=1024
[mono_ns=7230701680336088][T0xed4fed7bbca0][WARN] copy_aicore_buffer: [chip_swimlane_collector.cpp:689] Core 35: skipped 1024 AICore record slot(s) with start_time=0 (race-window write or recycled-buffer tail). buf seq=0 count=1024
[mono_ns=7230701680608018][T0xed4ffbffcca0][WARN] copy_aicore_buffer: [chip_swimlane_collector.cpp:689] Core 6: skipped 1024 AICore record slot(s) with start_time=0 (race-window write or recycled-buffer tail). buf seq=0 count=1024
[mono_ns=7230701680620018][T0xed4fedfcbca0][WARN] copy_aicore_buffer: [chip_swimlane_collector.cpp:689] Core 7: skipped 1024 AICore record slot(s) with start_time=0 (race-window write or recycled-buffer tail). buf seq=0 count=1024
[mono_ns=7230701680649108][T0xed4fed7bbca0][WARN] copy_aicore_buffer: [chip_swimlane_collector.cpp:689] Core 8: skipped 1024 AICore record slot(s) with start_time=0 (race-window write or recycled-buffer tail). buf seq=0 count=1024
[mono_ns=7230701680920048][T0xed4ffbffcca0][WARN] copy_aicore_buffer: [chip_swimlane_collector.cpp:689] Core 36: skipped 1024 AICore record slot(s) with start_time=0 (race-window write or recycled-buffer tail). buf seq=0 count=1024
[mono_ns=7230701680932258][T0xed4fedfcbca0][WARN] copy_aicore_buffer: [chip_swimlane_collector.cpp:689] Core 38: skipped 1024 AICore record slot(s) with start_time=0 (race-window write or recycled-buffer tail). buf seq=0 count=1024
[mono_ns=7230701680964098][T0xed4fed7bbca0][WARN] copy_aicore_buffer: [chip_swimlane_collector.cpp:689] Core 40: skipped 1024 AICore record slot(s) with start_time=0 (race-window write or recycled-buffer tail). buf seq=0 count=1024
[mono_ns=7230701681248848][T0xed4ffbffcca0][WARN] copy_aicore_buffer: [chip_swimlane_collector.cpp:689] Core 37: skipped 1024 AICore record slot(s) with start_time=0 (race-window write or recycled-buffer tail). buf seq=0 count=1024
[mono_ns=7230701681258378][T0xed4fedfcbca0][WARN] copy_aicore_buffer: [chip_swimlane_collector.cpp:689] Core 39: skipped 1024 AICore record slot(s) with start_time=0 (race-window write or recycled-buffer tail). buf seq=0 count=1024
[mono_ns=7230701681292817][T0xed4fed7bbca0][WARN] copy_aicore_buffer: [chip_swimlane_collector.cpp:689] Core 41: skipped 1024 AICore record slot(s) with start_time=0 (race-window write or recycled-buffer tail). buf seq=0 count=1024
[mono_ns=7230701681561047][T0xed4ffbffcca0][WARN] copy_aicore_buffer: [chip_swimlane_collector.cpp:689] Core 9: skipped 1024 AICore record slot(s) with start_time=0 (race-window write or recycled-buffer tail). buf seq=0 count=1024
[mono_ns=7230701681568457][T0xed4fedfcbca0][WARN] copy_aicore_buffer: [chip_swimlane_collector.cpp:689] Core 10: skipped 1024 AICore record slot(s) with start_time=0 (race-window write or recycled-buffer tail). buf seq=0 count=1024
[mono_ns=7230701681607807][T0xed4fed7bbca0][WARN] copy_aicore_buffer: [chip_swimlane_collector.cpp:689] Core 11: skipped 1024 AICore record slot(s) with start_time=0 (race-window write or recycled-buffer tail). buf seq=0 count=1024
[mono_ns=7230701681874517][T0xed4ffbffcca0][WARN] copy_aicore_buffer: [chip_swimlane_collector.cpp:689] Core 42: skipped 1024 AICore record slot(s) with start_time=0 (race-window write or recycled-buffer tail). buf seq=0 count=1024
[mono_ns=7230701681882007][T0xed4fedfcbca0][WARN] copy_aicore_buffer: [chip_swimlane_collector.cpp:689] Core 44: skipped 1024 AICore record slot(s) with start_time=0 (race-window write or recycled-buffer tail). buf seq=0 count=1024
[mono_ns=7230701681919807][T0xed4fed7bbca0][WARN] copy_aicore_buffer: [chip_swimlane_collector.cpp:689] Core 46: skipped 1024 AICore record slot(s) with start_time=0 (race-window write or recycled-buffer tail). buf seq=0 count=1024
[mono_ns=7230701682200317][T0xed4ffbffcca0][WARN] copy_aicore_buffer: [chip_swimlane_collector.cpp:689] Core 43: skipped 1024 AICore record slot(s) with start_time=0 (race-window write or recycled-buffer tail). buf seq=0 count=1024
[mono_ns=7230701682203297][T0xed4fedfcbca0][WARN] copy_aicore_buffer: [chip_swimlane_collector.cpp:689] Core 45: skipped 1024 AICore record slot(s) with start_time=0 (race-window write or recycled-buffer tail). buf seq=0 count=1024
[mono_ns=7230701682245157][T0xed4fed7bbca0][WARN] copy_aicore_buffer: [chip_swimlane_collector.cpp:689] Core 47: skipped 1024 AICore record slot(s) with start_time=0 (race-window write or recycled-buffer tail). buf seq=0 count=1024
[mono_ns=7230701682512916][T0xed4ffbffcca0][WARN] copy_aicore_buffer: [chip_swimlane_collector.cpp:689] Core 12: skipped 1024 AICore record slot(s) with start_time=0 (race-window write or recycled-buffer tail). buf seq=0 count=1024
[mono_ns=7230701682515066][T0xed4fedfcbca0][WARN] copy_aicore_buffer: [chip_swimlane_collector.cpp:689] Core 13: skipped 1024 AICore record slot(s) with start_time=0 (race-window write or recycled-buffer tail). buf seq=0 count=1024
[mono_ns=7230701682558966][T0xed4fed7bbca0][WARN] copy_aicore_buffer: [chip_swimlane_collector.cpp:689] Core 14: skipped 1024 AICore record slot(s) with start_time=0 (race-window write or recycled-buffer tail). buf seq=0 count=1024
[mono_ns=7230701682825296][T0xed4ffbffcca0][WARN] copy_aicore_buffer: [chip_swimlane_collector.cpp:689] Core 48: skipped 1024 AICore record slot(s) with start_time=0 (race-window write or recycled-buffer tail). buf seq=0 count=1024
[mono_ns=7230701682826306][T0xed4fedfcbca0][WARN] copy_aicore_buffer: [chip_swimlane_collector.cpp:689] Core 50: skipped 1024 AICore record slot(s) with start_time=0 (race-window write or recycled-buffer tail). buf seq=0 count=1024
[mono_ns=7230701682872936][T0xed4fed7bbca0][WARN] copy_aicore_buffer: [chip_swimlane_collector.cpp:689] Core 52: skipped 1024 AICore record slot(s) with start_time=0 (race-window write or recycled-buffer tail). buf seq=0 count=1024
[mono_ns=7230701683146506][T0xed4ffbffcca0][WARN] copy_aicore_buffer: [chip_swimlane_collector.cpp:689] Core 49: skipped 1024 AICore record slot(s) with start_time=0 (race-window write or recycled-buffer tail). buf seq=0 count=1024
[mono_ns=7230701683149026][T0xed4fedfcbca0][WARN] copy_aicore_buffer: [chip_swimlane_collector.cpp:689] Core 51: skipped 1024 AICore record slot(s) with start_time=0 (race-window write or recycled-buffer tail). buf seq=0 count=1024
[mono_ns=7230701683201266][T0xed4fed7bbca0][WARN] copy_aicore_buffer: [chip_swimlane_collector.cpp:689] Core 53: skipped 1024 AICore record slot(s) with start_time=0 (race-window write or recycled-buffer tail). buf seq=0 count=1024
[mono_ns=7230701683459676][T0xed4ffbffcca0][WARN] copy_aicore_buffer: [chip_swimlane_collector.cpp:689] Core 15: skipped 1024 AICore record slot(s) with start_time=0 (race-window write or recycled-buffer tail). buf seq=0 count=1024
[mono_ns=7230701683462076][T0xed4fedfcbca0][WARN] copy_aicore_buffer: [chip_swimlane_collector.cpp:689] Core 16: skipped 1024 AICore record slot(s) with start_time=0 (race-window write or recycled-buffer tail). buf seq=0 count=1024
[mono_ns=7230701683514936][T0xed4fed7bbca0][WARN] copy_aicore_buffer: [chip_swimlane_collector.cpp:689] Core 17: skipped 1024 AICore record slot(s) with start_time=0 (race-window write or recycled-buffer tail). buf seq=0 count=1024
[mono_ns=7230701683771675][T0xed4ffbffcca0][WARN] copy_aicore_buffer: [chip_swimlane_collector.cpp:689] Core 54: skipped 1024 AICore record slot(s) with start_time=0 (race-window write or recycled-buffer tail). buf seq=0 count=1024
[mono_ns=7230701683789535][T0xed4fedfcbca0][WARN] copy_aicore_buffer: [chip_swimlane_collector.cpp:689] Core 56: skipped 1024 AICore record slot(s) with start_time=0 (race-window write or recycled-buffer tail). buf seq=0 count=1024
[mono_ns=7230701683843285][T0xed4fed7bbca0][WARN] copy_aicore_buffer: [chip_swimlane_collector.cpp:689] Core 58: skipped 1024 AICore record slot(s) with start_time=0 (race-window write or recycled-buffer tail). buf seq=0 count=1024
[mono_ns=7230701684100165][T0xed4ffbffcca0][WARN] copy_aicore_buffer: [chip_swimlane_collector.cpp:689] Core 55: skipped 1024 AICore record slot(s) with start_time=0 (race-window write or recycled-buffer tail). buf seq=0 count=1024
[mono_ns=7230701684165995][T0xed4fedfcbca0][WARN] copy_aicore_buffer: [chip_swimlane_collector.cpp:689] Core 57: skipped 1024 AICore record slot(s) with start_time=0 (race-window write or recycled-buffer tail). buf seq=0 count=1024
[mono_ns=7230701684202045][T0xed4fed7bbca0][WARN] copy_aicore_buffer: [chip_swimlane_collector.cpp:689] Core 59: skipped 1024 AICore record slot(s) with start_time=0 (race-window write or recycled-buffer tail). buf seq=0 count=1024
[mono_ns=7230701684417765][T0xed4ffbffcca0][WARN] copy_aicore_buffer: [chip_swimlane_collector.cpp:689] Core 18: skipped 1024 AICore record slot(s) with start_time=0 (race-window write or recycled-buffer tail). buf seq=0 count=1024
[mono_ns=7230701684494275][T0xed4fedfcbca0][WARN] copy_aicore_buffer: [chip_swimlane_collector.cpp:689] Core 19: skipped 1024 AICore record slot(s) with start_time=0 (race-window write or recycled-buffer tail). buf seq=0 count=1024
[mono_ns=7230701684540595][T0xed4fed7bbca0][WARN] copy_aicore_buffer: [chip_swimlane_collector.cpp:689] Core 20: skipped 1024 AICore record slot(s) with start_time=0 (race-window write or recycled-buffer tail). buf seq=0 count=1024
[mono_ns=7230701684729045][T0xed4ffbffcca0][WARN] copy_aicore_buffer: [chip_swimlane_collector.cpp:689] Core 60: skipped 1024 AICore record slot(s) with start_time=0 (race-window write or recycled-buffer tail). buf seq=0 count=1024
[mono_ns=7230701684816565][T0xed4fedfcbca0][WARN] copy_aicore_buffer: [chip_swimlane_collector.cpp:689] Core 62: skipped 1024 AICore record slot(s) with start_time=0 (race-window write or recycled-buffer tail). buf seq=0 count=1024
[mono_ns=7230701684869674][T0xed4fed7bbca0][WARN] copy_aicore_buffer: [chip_swimlane_collector.cpp:689] Core 64: skipped 1024 AICore record slot(s) with start_time=0 (race-window write or recycled-buffer tail). buf seq=0 count=1024
[mono_ns=7230701685059184][T0xed4ffbffcca0][WARN] copy_aicore_buffer: [chip_swimlane_collector.cpp:689] Core 61: skipped 1024 AICore record slot(s) with start_time=0 (race-window write or recycled-buffer tail). buf seq=0 count=1024
[mono_ns=7230701685156584][T0xed4fedfcbca0][WARN] copy_aicore_buffer: [chip_swimlane_collector.cpp:689] Core 63: skipped 1024 AICore record slot(s) with start_time=0 (race-window write or recycled-buffer tail). buf seq=0 count=1024
[mono_ns=7230701685209944][T0xed4fed7bbca0][WARN] copy_aicore_buffer: [chip_swimlane_collector.cpp:689] Core 65: skipped 1024 AICore record slot(s) with start_time=0 (race-window write or recycled-buffer tail). buf seq=0 count=1024
[mono_ns=7230701685370514][T0xed4ffbffcca0][WARN] copy_aicore_buffer: [chip_swimlane_collector.cpp:689] Core 21: skipped 1024 AICore record slot(s) with start_time=0 (race-window write or recycled-buffer tail). buf seq=0 count=1024
[mono_ns=7230701685485744][T0xed4fedfcbca0][WARN] copy_aicore_buffer: [chip_swimlane_collector.cpp:689] Core 22: skipped 1024 AICore record slot(s) with start_time=0 (race-window write or recycled-buffer tail). buf seq=0 count=1024
[mono_ns=7230701685550344][T0xed4fed7bbca0][WARN] copy_aicore_buffer: [chip_swimlane_collector.cpp:689] Core 23: skipped 1024 AICore record slot(s) with start_time=0 (race-window write or recycled-buffer tail). buf seq=0 count=1024
[mono_ns=7230701685681774][T0xed4ffbffcca0][WARN] copy_aicore_buffer: [chip_swimlane_collector.cpp:689] Core 66: skipped 1024 AICore record slot(s) with start_time=0 (race-window write or recycled-buffer tail). buf seq=0 count=1024
[mono_ns=7230701685815064][T0xed4fedfcbca0][WARN] copy_aicore_buffer: [chip_swimlane_collector.cpp:689] Core 68: skipped 1024 AICore record slot(s) with start_time=0 (race-window write or recycled-buffer tail). buf seq=0 count=1024
[mono_ns=7230701685880444][T0xed4fed7bbca0][WARN] copy_aicore_buffer: [chip_swimlane_collector.cpp:689] Core 70: skipped 1024 AICore record slot(s) with start_time=0 (race-window write or recycled-buffer tail). buf seq=0 count=1024
[mono_ns=7230701686018563][T0xed4ffbffcca0][WARN] copy_aicore_buffer: [chip_swimlane_collector.cpp:689] Core 67: skipped 1024 AICore record slot(s) with start_time=0 (race-window write or recycled-buffer tail). buf seq=0 count=1024
[mono_ns=7230701686159823][T0xed4fedfcbca0][WARN] copy_aicore_buffer: [chip_swimlane_collector.cpp:689] Core 69: skipped 1024 AICore record slot(s) with start_time=0 (race-window write or recycled-buffer tail). buf seq=0 count=1024
[mono_ns=7230701686220073][T0xed4fed7bbca0][WARN] copy_aicore_buffer: [chip_swimlane_collector.cpp:689] Core 71: skipped 1024 AICore record slot(s) with start_time=0 (race-window write or recycled-buffer tail). buf seq=0 count=1024
[mono_ns=7230701787234048][T0xed514a70b020][TIMING] emit_host_span: [STRACE] v=1 pid=379508 tid=379508 inv=6 hid=66593a349fbd19d7 depth=1 name=chip.run.runner_run ts=7230701675990042 dur=111235386 
[mono_ns=7230701787326838][T0xed514a70b020][TIMING] emit_host_span: [STRACE] v=1 pid=379508 tid=379508 inv=6 hid=66593a349fbd19d7 depth=1 name=chip.run.validate ts=7230701787247898 dur=75350 
[mono_ns=7230701787338188][T0xed514a70b020][TIMING] emit_host_span: [STRACE] v=1 pid=379508 tid=379508 inv=6 hid=66593a349fbd19d7 depth=2 name=chip.run.runner_run.device_wall ts=0 dur=2060259 clk=dev
[mono_ns=7230701787387238][T0xed514a70b020][TIMING] emit_host_span: [STRACE] v=1 pid=379508 tid=379508 inv=6 hid=66593a349fbd19d7 depth=3 name=chip.run.runner_run.device_wall.preamble ts=0 dur=118960 clk=dev
[mono_ns=7230701787391558][T0xed514a70b020][TIMING] emit_host_span: [STRACE] v=1 pid=379508 tid=379508 inv=6 hid=66593a349fbd19d7 depth=3 name=chip.run.runner_run.device_wall.graph_build ts=114800 dur=1935800 clk=dev
[mono_ns=7230701787395348][T0xed514a70b020][TIMING] emit_host_span: [STRACE] v=1 pid=379508 tid=379508 inv=6 hid=66593a349fbd19d7 depth=3 name=chip.run.runner_run.device_wall.config_validate ts=115039 dur=960 clk=dev
[mono_ns=7230701787398988][T0xed514a70b020][TIMING] emit_host_span: [STRACE] v=1 pid=379508 tid=379508 inv=6 hid=66593a349fbd19d7 depth=3 name=chip.run.runner_run.device_wall.arena_wire ts=116039 dur=280 clk=dev
[mono_ns=7230701787401898][T0xed514a70b020][TIMING] emit_host_span: [STRACE] v=1 pid=379508 tid=379508 inv=6 hid=66593a349fbd19d7 depth=3 name=chip.run.runner_run.device_wall.sm_reset ts=116340 dur=480 clk=dev
[mono_ns=7230701787405368][T0xed514a70b020][TIMING] emit_host_span: [STRACE] v=1 pid=379508 tid=379508 inv=6 hid=66593a349fbd19d7 depth=3 name=chip.run.runner_run.device_wall.post_orch ts=2050639 dur=9500 clk=dev
[mono_ns=7230701787408748][T0xed514a70b020][TIMING] emit_host_span: [STRACE] v=1 pid=379508 tid=379508 inv=6 hid=66593a349fbd19d7 depth=3 name=chip.run.runner_run.device_wall.orch ts=116899 dur=3800 clk=dev
[mono_ns=7230701787412158][T0xed514a70b020][TIMING] emit_host_span: [STRACE] v=1 pid=379508 tid=379508 inv=6 hid=66593a349fbd19d7 depth=3 name=chip.run.runner_run.device_wall.sched ts=119100 dur=1908120 clk=dev
[mono_ns=7230701787439018][T0xed514a70b020][TIMING] emit_host_span: [STRACE] v=1 pid=379508 tid=379508 inv=6 hid=66593a349fbd19d7 depth=1 name=chip.run.claim_release ts=7230701787435988 dur=670 
[mono_ns=7230701787449638][T0xed514a70b020][TIMING] emit_host_span: [STRACE] v=1 pid=379508 tid=379508 inv=6 hid=66593a349fbd19d7 depth=0 name=chip.run ts=7230701674377903 dur=113069645 run_id=6 dispatch_id=6 slot_id=0 generation=6 run_epoch=6
[mono_ns=7230706687107386][T0xed514a70b020][TIMING] emit_host_span: [STRACE] v=1 pid=379508 tid=379508 inv=7 hid=66593a349fbd19d7 depth=2 name=chip.run.bind.args ts=7230706686904646 dur=191490 
[mono_ns=7230706687148576][T0xed514a70b020][TIMING] emit_host_span: [STRACE] v=1 pid=379508 tid=379508 inv=7 hid=66593a349fbd19d7 depth=2 name=chip.run.bind.prebuilt ts=7230706687137316 dur=8110 
[mono_ns=7230706687154876][T0xed514a70b020][TIMING] emit_host_span: [STRACE] v=1 pid=379508 tid=379508 inv=7 hid=66593a349fbd19d7 depth=1 name=chip.run.bind ts=7230706686891296 dur=259890 
[mono_ns=7230706796454079][T0xed514a70b020][TIMING] emit_host_span: [STRACE] v=1 pid=379508 tid=379508 inv=7 hid=66593a349fbd19d7 depth=1 name=chip.run.runner_run ts=7230706687592065 dur=108849264 
[mono_ns=7230706796583419][T0xed514a70b020][TIMING] emit_host_span: [STRACE] v=1 pid=379508 tid=379508 inv=7 hid=66593a349fbd19d7 depth=1 name=chip.run.validate ts=7230706796475969 dur=102440 
[mono_ns=7230706796596779][T0xed514a70b020][TIMING] emit_host_span: [STRACE] v=1 pid=379508 tid=379508 inv=7 hid=66593a349fbd19d7 depth=2 name=chip.run.runner_run.device_wall ts=0 dur=2799740 clk=dev
[mono_ns=7230706796605679][T0xed514a70b020][TIMING] emit_host_span: [STRACE] v=1 pid=379508 tid=379508 inv=7 hid=66593a349fbd19d7 depth=3 name=chip.run.runner_run.device_wall.preamble ts=0 dur=6060 clk=dev
[mono_ns=7230706796609759][T0xed514a70b020][TIMING] emit_host_span: [STRACE] v=1 pid=379508 tid=379508 inv=7 hid=66593a349fbd19d7 depth=3 name=chip.run.runner_run.device_wall.graph_build ts=1640 dur=2786980 clk=dev
[mono_ns=7230706796613579][T0xed514a70b020][TIMING] emit_host_span: [STRACE] v=1 pid=379508 tid=379508 inv=7 hid=66593a349fbd19d7 depth=3 name=chip.run.runner_run.device_wall.config_validate ts=1799 dur=1220 clk=dev
[mono_ns=7230706796617269][T0xed514a70b020][TIMING] emit_host_span: [STRACE] v=1 pid=379508 tid=379508 inv=7 hid=66593a349fbd19d7 depth=3 name=chip.run.runner_run.device_wall.arena_wire ts=3040 dur=580 clk=dev
[mono_ns=7230706796620439][T0xed514a70b020][TIMING] emit_host_span: [STRACE] v=1 pid=379508 tid=379508 inv=7 hid=66593a349fbd19d7 depth=3 name=chip.run.runner_run.device_wall.sm_reset ts=3800 dur=1160 clk=dev
[mono_ns=7230706796624009][T0xed514a70b020][TIMING] emit_host_span: [STRACE] v=1 pid=379508 tid=379508 inv=7 hid=66593a349fbd19d7 depth=3 name=chip.run.runner_run.device_wall.post_orch ts=2788720 dur=10800 clk=dev
[mono_ns=7230706796627829][T0xed514a70b020][TIMING] emit_host_span: [STRACE] v=1 pid=379508 tid=379508 inv=7 hid=66593a349fbd19d7 depth=3 name=chip.run.runner_run.device_wall.orch ts=5820 dur=10780 clk=dev
[mono_ns=7230706796631149][T0xed514a70b020][TIMING] emit_host_span: [STRACE] v=1 pid=379508 tid=379508 inv=7 hid=66593a349fbd19d7 depth=3 name=chip.run.runner_run.device_wall.sched ts=6220 dur=2773700 clk=dev
[mono_ns=7230706796640159][T0xed514a70b020][TIMING] emit_host_span: [STRACE] v=1 pid=379508 tid=379508 inv=7 hid=66593a349fbd19d7 depth=1 name=chip.run.claim_release ts=7230706796637099 dur=700 
[mono_ns=7230706796646299][T0xed514a70b020][TIMING] emit_host_span: [STRACE] v=1 pid=379508 tid=379508 inv=7 hid=66593a349fbd19d7 depth=0 name=chip.run ts=7230706686778166 dur=109866133 run_id=7 dispatch_id=7 slot_id=0 generation=7 run_epoch=7
[mono_ns=7230706803711183][T0xed514a70b020][TIMING] emit_host_span: [STRACE] v=1 pid=379508 tid=379508 inv=8 hid=66593a349fbd19d7 depth=2 name=chip.run.bind.args ts=7230706803536443 dur=166820 
[mono_ns=7230706803736433][T0xed514a70b020][TIMING] emit_host_span: [STRACE] v=1 pid=379508 tid=379508 inv=8 hid=66593a349fbd19d7 depth=2 name=chip.run.bind.prebuilt ts=7230706803729243 dur=4590 
[mono_ns=7230706803741653][T0xed514a70b020][TIMING] emit_host_span: [STRACE] v=1 pid=379508 tid=379508 inv=8 hid=66593a349fbd19d7 depth=1 name=chip.run.bind ts=7230706803523093 dur=216370 
[mono_ns=7230706807391710][T0xed4fedfcbca0][WARN] copy_aicore_buffer: [chip_swimlane_collector.cpp:689] Core 1: skipped 1024 AICore record slot(s) with start_time=0 (race-window write or recycled-buffer tail). buf seq=0 count=1024
[mono_ns=7230706807399070][T0xed4ffbffcca0][WARN] copy_aicore_buffer: [chip_swimlane_collector.cpp:689] Core 0: skipped 1024 AICore record slot(s) with start_time=0 (race-window write or recycled-buffer tail). buf seq=0 count=1024
[mono_ns=7230706807484470][T0xed4fed7bbca0][WARN] copy_aicore_buffer: [chip_swimlane_collector.cpp:689] Core 2: skipped 1024 AICore record slot(s) with start_time=0 (race-window write or recycled-buffer tail). buf seq=0 count=1024
[mono_ns=7230706807714530][T0xed4fedfcbca0][WARN] copy_aicore_buffer: [chip_swimlane_collector.cpp:689] Core 26: skipped 1023 AICore record slot(s) with start_time=0 (race-window write or recycled-buffer tail). buf seq=0 count=1024
[mono_ns=7230706807723450][T0xed4ffbffcca0][WARN] copy_aicore_buffer: [chip_swimlane_collector.cpp:689] Core 24: skipped 1022 AICore record slot(s) with start_time=0 (race-window write or recycled-buffer tail). buf seq=0 count=1024
[mono_ns=7230706807805200][T0xed4fed7bbca0][WARN] copy_aicore_buffer: [chip_swimlane_collector.cpp:689] Core 28: skipped 1024 AICore record slot(s) with start_time=0 (race-window write or recycled-buffer tail). buf seq=0 count=1024
[mono_ns=7230706808067880][T0xed4ffbffcca0][WARN] copy_aicore_buffer: [chip_swimlane_collector.cpp:689] Core 25: skipped 1024 AICore record slot(s) with start_time=0 (race-window write or recycled-buffer tail). buf seq=0 count=1024
[mono_ns=7230706808068970][T0xed4fedfcbca0][WARN] copy_aicore_buffer: [chip_swimlane_collector.cpp:689] Core 27: skipped 1024 AICore record slot(s) with start_time=0 (race-window write or recycled-buffer tail). buf seq=0 count=1024
[mono_ns=7230706808151260][T0xed4fed7bbca0][WARN] copy_aicore_buffer: [chip_swimlane_collector.cpp:689] Core 29: skipped 1024 AICore record slot(s) with start_time=0 (race-window write or recycled-buffer tail). buf seq=0 count=1024
[mono_ns=7230706808382189][T0xed4ffbffcca0][WARN] copy_aicore_buffer: [chip_swimlane_collector.cpp:689] Core 3: skipped 1024 AICore record slot(s) with start_time=0 (race-window write or recycled-buffer tail). buf seq=0 count=1024
[mono_ns=7230706808382509][T0xed4fedfcbca0][WARN] copy_aicore_buffer: [chip_swimlane_collector.cpp:689] Core 4: skipped 1024 AICore record slot(s) with start_time=0 (race-window write or recycled-buffer tail). buf seq=0 count=1024
[mono_ns=7230706808465009][T0xed4fed7bbca0][WARN] copy_aicore_buffer: [chip_swimlane_collector.cpp:689] Core 5: skipped 1024 AICore record slot(s) with start_time=0 (race-window write or recycled-buffer tail). buf seq=0 count=1024
[mono_ns=7230706808695639][T0xed4ffbffcca0][WARN] copy_aicore_buffer: [chip_swimlane_collector.cpp:689] Core 30: skipped 1024 AICore record slot(s) with start_time=0 (race-window write or recycled-buffer tail). buf seq=0 count=1024
[mono_ns=7230706808698859][T0xed4fedfcbca0][WARN] copy_aicore_buffer: [chip_swimlane_collector.cpp:689] Core 32: skipped 1024 AICore record slot(s) with start_time=0 (race-window write or recycled-buffer tail). buf seq=0 count=1024
[mono_ns=7230706808778629][T0xed4fed7bbca0][WARN] copy_aicore_buffer: [chip_swimlane_collector.cpp:689] Core 34: skipped 1024 AICore record slot(s) with start_time=0 (race-window write or recycled-buffer tail). buf seq=0 count=1024
[mono_ns=7230706809018029][T0xed4ffbffcca0][WARN] copy_aicore_buffer: [chip_swimlane_collector.cpp:689] Core 31: skipped 1024 AICore record slot(s) with start_time=0 (race-window write or recycled-buffer tail). buf seq=0 count=1024
[mono_ns=7230706809019789][T0xed4fedfcbca0][WARN] copy_aicore_buffer: [chip_swimlane_collector.cpp:689] Core 33: skipped 1024 AICore record slot(s) with start_time=0 (race-window write or recycled-buffer tail). buf seq=0 count=1024
[mono_ns=7230706809097949][T0xed4fed7bbca0][WARN] copy_aicore_buffer: [chip_swimlane_collector.cpp:689] Core 35: skipped 1024 AICore record slot(s) with start_time=0 (race-window write or recycled-buffer tail). buf seq=0 count=1024
[mono_ns=7230706809331279][T0xed4ffbffcca0][WARN] copy_aicore_buffer: [chip_swimlane_collector.cpp:689] Core 6: skipped 1024 AICore record slot(s) with start_time=0 (race-window write or recycled-buffer tail). buf seq=0 count=1024
[mono_ns=7230706809334379][T0xed4fedfcbca0][WARN] copy_aicore_buffer: [chip_swimlane_collector.cpp:689] Core 7: skipped 1024 AICore record slot(s) with start_time=0 (race-window write or recycled-buffer tail). buf seq=0 count=1024
[mono_ns=7230706809410799][T0xed4fed7bbca0][WARN] copy_aicore_buffer: [chip_swimlane_collector.cpp:689] Core 8: skipped 1024 AICore record slot(s) with start_time=0 (race-window write or recycled-buffer tail). buf seq=0 count=1024
[mono_ns=7230706809644888][T0xed4ffbffcca0][WARN] copy_aicore_buffer: [chip_swimlane_collector.cpp:689] Core 36: skipped 1024 AICore record slot(s) with start_time=0 (race-window write or recycled-buffer tail). buf seq=0 count=1024
[mono_ns=7230706809647488][T0xed4fedfcbca0][WARN] copy_aicore_buffer: [chip_swimlane_collector.cpp:689] Core 38: skipped 1024 AICore record slot(s) with start_time=0 (race-window write or recycled-buffer tail). buf seq=0 count=1024
[mono_ns=7230706809722568][T0xed4fed7bbca0][WARN] copy_aicore_buffer: [chip_swimlane_collector.cpp:689] Core 40: skipped 1024 AICore record slot(s) with start_time=0 (race-window write or recycled-buffer tail). buf seq=0 count=1024
[mono_ns=7230706809957008][T0xed4ffbffcca0][WARN] copy_aicore_buffer: [chip_swimlane_collector.cpp:689] Core 37: skipped 1024 AICore record slot(s) with start_time=0 (race-window write or recycled-buffer tail). buf seq=0 count=1024
[mono_ns=7230706809959178][T0xed4fedfcbca0][WARN] copy_aicore_buffer: [chip_swimlane_collector.cpp:689] Core 39: skipped 1024 AICore record slot(s) with start_time=0 (race-window write or recycled-buffer tail). buf seq=0 count=1024
[mono_ns=7230706810052168][T0xed4fed7bbca0][WARN] copy_aicore_buffer: [chip_swimlane_collector.cpp:689] Core 41: skipped 1024 AICore record slot(s) with start_time=0 (race-window write or recycled-buffer tail). buf seq=0 count=1024
[mono_ns=7230706810282118][T0xed4ffbffcca0][WARN] copy_aicore_buffer: [chip_swimlane_collector.cpp:689] Core 9: skipped 1024 AICore record slot(s) with start_time=0 (race-window write or recycled-buffer tail). buf seq=0 count=1024
[mono_ns=7230706810292688][T0xed4fedfcbca0][WARN] copy_aicore_buffer: [chip_swimlane_collector.cpp:689] Core 10: skipped 1024 AICore record slot(s) with start_time=0 (race-window write or recycled-buffer tail). buf seq=0 count=1024
[mono_ns=7230706810363398][T0xed4fed7bbca0][WARN] copy_aicore_buffer: [chip_swimlane_collector.cpp:689] Core 11: skipped 1024 AICore record slot(s) with start_time=0 (race-window write or recycled-buffer tail). buf seq=0 count=1024
[mono_ns=7230706810595118][T0xed4ffbffcca0][WARN] copy_aicore_buffer: [chip_swimlane_collector.cpp:689] Core 42: skipped 1024 AICore record slot(s) with start_time=0 (race-window write or recycled-buffer tail). buf seq=0 count=1024
[mono_ns=7230706810604598][T0xed4fedfcbca0][WARN] copy_aicore_buffer: [chip_swimlane_collector.cpp:689] Core 44: skipped 1024 AICore record slot(s) with start_time=0 (race-window write or recycled-buffer tail). buf seq=0 count=1024
[mono_ns=7230706810675108][T0xed4fed7bbca0][WARN] copy_aicore_buffer: [chip_swimlane_collector.cpp:689] Core 46: skipped 1024 AICore record slot(s) with start_time=0 (race-window write or recycled-buffer tail). buf seq=0 count=1024
[mono_ns=7230706810907417][T0xed4ffbffcca0][WARN] copy_aicore_buffer: [chip_swimlane_collector.cpp:689] Core 43: skipped 1024 AICore record slot(s) with start_time=0 (race-window write or recycled-buffer tail). buf seq=0 count=1024
[mono_ns=7230706810916597][T0xed4fedfcbca0][WARN] copy_aicore_buffer: [chip_swimlane_collector.cpp:689] Core 45: skipped 1024 AICore record slot(s) with start_time=0 (race-window write or recycled-buffer tail). buf seq=0 count=1024
[mono_ns=7230706810991477][T0xed4fed7bbca0][WARN] copy_aicore_buffer: [chip_swimlane_collector.cpp:689] Core 47: skipped 1024 AICore record slot(s) with start_time=0 (race-window write or recycled-buffer tail). buf seq=0 count=1024
[mono_ns=7230706811226527][T0xed4ffbffcca0][WARN] copy_aicore_buffer: [chip_swimlane_collector.cpp:689] Core 12: skipped 1024 AICore record slot(s) with start_time=0 (race-window write or recycled-buffer tail). buf seq=0 count=1024
[mono_ns=7230706811240787][T0xed4fedfcbca0][WARN] copy_aicore_buffer: [chip_swimlane_collector.cpp:689] Core 13: skipped 1024 AICore record slot(s) with start_time=0 (race-window write or recycled-buffer tail). buf seq=0 count=1024
[mono_ns=7230706811314137][T0xed4fed7bbca0][WARN] copy_aicore_buffer: [chip_swimlane_collector.cpp:689] Core 14: skipped 1024 AICore record slot(s) with start_time=0 (race-window write or recycled-buffer tail). buf seq=0 count=1024
[mono_ns=7230706811539497][T0xed4ffbffcca0][WARN] copy_aicore_buffer: [chip_swimlane_collector.cpp:689] Core 48: skipped 1024 AICore record slot(s) with start_time=0 (race-window write or recycled-buffer tail). buf seq=0 count=1024
[mono_ns=7230706811552217][T0xed4fedfcbca0][WARN] copy_aicore_buffer: [chip_swimlane_collector.cpp:689] Core 50: skipped 1024 AICore record slot(s) with start_time=0 (race-window write or recycled-buffer tail). buf seq=0 count=1024
[mono_ns=7230706811626297][T0xed4fed7bbca0][WARN] copy_aicore_buffer: [chip_swimlane_collector.cpp:689] Core 52: skipped 1024 AICore record slot(s) with start_time=0 (race-window write or recycled-buffer tail). buf seq=0 count=1024
[mono_ns=7230706811851267][T0xed4ffbffcca0][WARN] copy_aicore_buffer: [chip_swimlane_collector.cpp:689] Core 49: skipped 1024 AICore record slot(s) with start_time=0 (race-window write or recycled-buffer tail). buf seq=0 count=1024
[mono_ns=7230706811868167][T0xed4fedfcbca0][WARN] copy_aicore_buffer: [chip_swimlane_collector.cpp:689] Core 51: skipped 1024 AICore record slot(s) with start_time=0 (race-window write or recycled-buffer tail). buf seq=0 count=1024
[mono_ns=7230706811937957][T0xed4fed7bbca0][WARN] copy_aicore_buffer: [chip_swimlane_collector.cpp:689] Core 53: skipped 1024 AICore record slot(s) with start_time=0 (race-window write or recycled-buffer tail). buf seq=0 count=1024
[mono_ns=7230706812184956][T0xed4ffbffcca0][WARN] copy_aicore_buffer: [chip_swimlane_collector.cpp:689] Core 15: skipped 1024 AICore record slot(s) with start_time=0 (race-window write or recycled-buffer tail). buf seq=0 count=1024
[mono_ns=7230706812200466][T0xed4fedfcbca0][WARN] copy_aicore_buffer: [chip_swimlane_collector.cpp:689] Core 16: skipped 1024 AICore record slot(s) with start_time=0 (race-window write or recycled-buffer tail). buf seq=0 count=1024
[mono_ns=7230706812268546][T0xed4fed7bbca0][WARN] copy_aicore_buffer: [chip_swimlane_collector.cpp:689] Core 17: skipped 1024 AICore record slot(s) with start_time=0 (race-window write or recycled-buffer tail). buf seq=0 count=1024
[mono_ns=7230706812497936][T0xed4ffbffcca0][WARN] copy_aicore_buffer: [chip_swimlane_collector.cpp:689] Core 54: skipped 1024 AICore record slot(s) with start_time=0 (race-window write or recycled-buffer tail). buf seq=0 count=1024
[mono_ns=7230706812512166][T0xed4fedfcbca0][WARN] copy_aicore_buffer: [chip_swimlane_collector.cpp:689] Core 56: skipped 1024 AICore record slot(s) with start_time=0 (race-window write or recycled-buffer tail). buf seq=0 count=1024
[mono_ns=7230706812581006][T0xed4fed7bbca0][WARN] copy_aicore_buffer: [chip_swimlane_collector.cpp:689] Core 58: skipped 1024 AICore record slot(s) with start_time=0 (race-window write or recycled-buffer tail). buf seq=0 count=1024
[mono_ns=7230706812812476][T0xed4ffbffcca0][WARN] copy_aicore_buffer: [chip_swimlane_collector.cpp:689] Core 55: skipped 1024 AICore record slot(s) with start_time=0 (race-window write or recycled-buffer tail). buf seq=0 count=1024
[mono_ns=7230706812825846][T0xed4fedfcbca0][WARN] copy_aicore_buffer: [chip_swimlane_collector.cpp:689] Core 57: skipped 1024 AICore record slot(s) with start_time=0 (race-window write or recycled-buffer tail). buf seq=0 count=1024
[mono_ns=7230706812893716][T0xed4fed7bbca0][WARN] copy_aicore_buffer: [chip_swimlane_collector.cpp:689] Core 59: skipped 1024 AICore record slot(s) with start_time=0 (race-window write or recycled-buffer tail). buf seq=0 count=1024
[mono_ns=7230706813131326][T0xed4ffbffcca0][WARN] copy_aicore_buffer: [chip_swimlane_collector.cpp:689] Core 18: skipped 1024 AICore record slot(s) with start_time=0 (race-window write or recycled-buffer tail). buf seq=0 count=1024
[mono_ns=7230706813147236][T0xed4fedfcbca0][WARN] copy_aicore_buffer: [chip_swimlane_collector.cpp:689] Core 19: skipped 1024 AICore record slot(s) with start_time=0 (race-window write or recycled-buffer tail). buf seq=0 count=1024
[mono_ns=7230706813211166][T0xed4fed7bbca0][WARN] copy_aicore_buffer: [chip_swimlane_collector.cpp:689] Core 20: skipped 1024 AICore record slot(s) with start_time=0 (race-window write or recycled-buffer tail). buf seq=0 count=1024
[mono_ns=7230706813445005][T0xed4ffbffcca0][WARN] copy_aicore_buffer: [chip_swimlane_collector.cpp:689] Core 60: skipped 1024 AICore record slot(s) with start_time=0 (race-window write or recycled-buffer tail). buf seq=0 count=1024
[mono_ns=7230706813459215][T0xed4fedfcbca0][WARN] copy_aicore_buffer: [chip_swimlane_collector.cpp:689] Core 62: skipped 1024 AICore record slot(s) with start_time=0 (race-window write or recycled-buffer tail). buf seq=0 count=1024
[mono_ns=7230706813524495][T0xed4fed7bbca0][WARN] copy_aicore_buffer: [chip_swimlane_collector.cpp:689] Core 64: skipped 1024 AICore record slot(s) with start_time=0 (race-window write or recycled-buffer tail). buf seq=0 count=1024
[mono_ns=7230706813757995][T0xed4ffbffcca0][WARN] copy_aicore_buffer: [chip_swimlane_collector.cpp:689] Core 61: skipped 1024 AICore record slot(s) with start_time=0 (race-window write or recycled-buffer tail). buf seq=0 count=1024
[mono_ns=7230706813772045][T0xed4fedfcbca0][WARN] copy_aicore_buffer: [chip_swimlane_collector.cpp:689] Core 63: skipped 1024 AICore record slot(s) with start_time=0 (race-window write or recycled-buffer tail). buf seq=0 count=1024
[mono_ns=7230706813838145][T0xed4fed7bbca0][WARN] copy_aicore_buffer: [chip_swimlane_collector.cpp:689] Core 65: skipped 1024 AICore record slot(s) with start_time=0 (race-window write or recycled-buffer tail). buf seq=0 count=1024
[mono_ns=7230706814083355][T0xed4ffbffcca0][WARN] copy_aicore_buffer: [chip_swimlane_collector.cpp:689] Core 21: skipped 1024 AICore record slot(s) with start_time=0 (race-window write or recycled-buffer tail). buf seq=0 count=1024
[mono_ns=7230706814098405][T0xed4fedfcbca0][WARN] copy_aicore_buffer: [chip_swimlane_collector.cpp:689] Core 22: skipped 1024 AICore record slot(s) with start_time=0 (race-window write or recycled-buffer tail). buf seq=0 count=1024
[mono_ns=7230706814164255][T0xed4fed7bbca0][WARN] copy_aicore_buffer: [chip_swimlane_collector.cpp:689] Core 23: skipped 1024 AICore record slot(s) with start_time=0 (race-window write or recycled-buffer tail). buf seq=0 count=1024
[mono_ns=7230706814397315][T0xed4ffbffcca0][WARN] copy_aicore_buffer: [chip_swimlane_collector.cpp:689] Core 66: skipped 1024 AICore record slot(s) with start_time=0 (race-window write or recycled-buffer tail). buf seq=0 count=1024
[mono_ns=7230706814409675][T0xed4fedfcbca0][WARN] copy_aicore_buffer: [chip_swimlane_collector.cpp:689] Core 68: skipped 1024 AICore record slot(s) with start_time=0 (race-window write or recycled-buffer tail). buf seq=0 count=1024
[mono_ns=7230706814476995][T0xed4fed7bbca0][WARN] copy_aicore_buffer: [chip_swimlane_collector.cpp:689] Core 70: skipped 1024 AICore record slot(s) with start_time=0 (race-window write or recycled-buffer tail). buf seq=0 count=1024
[mono_ns=7230706814710644][T0xed4ffbffcca0][WARN] copy_aicore_buffer: [chip_swimlane_collector.cpp:689] Core 67: skipped 1024 AICore record slot(s) with start_time=0 (race-window write or recycled-buffer tail). buf seq=0 count=1024
[mono_ns=7230706814719714][T0xed4fedfcbca0][WARN] copy_aicore_buffer: [chip_swimlane_collector.cpp:689] Core 69: skipped 1024 AICore record slot(s) with start_time=0 (race-window write or recycled-buffer tail). buf seq=0 count=1024
[mono_ns=7230706814789584][T0xed4fed7bbca0][WARN] copy_aicore_buffer: [chip_swimlane_collector.cpp:689] Core 71: skipped 1024 AICore record slot(s) with start_time=0 (race-window write or recycled-buffer tail). buf seq=0 count=1024
[mono_ns=7230706915719684][T0xed514a70b020][TIMING] emit_host_span: [STRACE] v=1 pid=379508 tid=379508 inv=8 hid=66593a349fbd19d7 depth=1 name=chip.run.runner_run ts=7230706804189043 dur=111519921 
[mono_ns=7230706915824404][T0xed514a70b020][TIMING] emit_host_span: [STRACE] v=1 pid=379508 tid=379508 inv=8 hid=66593a349fbd19d7 depth=1 name=chip.run.validate ts=7230706915737994 dur=82640 
[mono_ns=7230706915836184][T0xed514a70b020][TIMING] emit_host_span: [STRACE] v=1 pid=379508 tid=379508 inv=8 hid=66593a349fbd19d7 depth=2 name=chip.run.runner_run.device_wall ts=0 dur=2709720 clk=dev
[mono_ns=7230706915841904][T0xed514a70b020][TIMING] emit_host_span: [STRACE] v=1 pid=379508 tid=379508 inv=8 hid=66593a349fbd19d7 depth=3 name=chip.run.runner_run.device_wall.preamble ts=0 dur=105380 clk=dev
[mono_ns=7230706915846104][T0xed514a70b020][TIMING] emit_host_span: [STRACE] v=1 pid=379508 tid=379508 inv=8 hid=66593a349fbd19d7 depth=3 name=chip.run.runner_run.device_wall.graph_build ts=100020 dur=2599640 clk=dev
[mono_ns=7230706915850314][T0xed514a70b020][TIMING] emit_host_span: [STRACE] v=1 pid=379508 tid=379508 inv=8 hid=66593a349fbd19d7 depth=3 name=chip.run.runner_run.device_wall.config_validate ts=100119 dur=799 clk=dev
[mono_ns=7230706915854444][T0xed514a70b020][TIMING] emit_host_span: [STRACE] v=1 pid=379508 tid=379508 inv=8 hid=66593a349fbd19d7 depth=3 name=chip.run.runner_run.device_wall.arena_wire ts=101119 dur=280 clk=dev
[mono_ns=7230706915858644][T0xed514a70b020][TIMING] emit_host_span: [STRACE] v=1 pid=379508 tid=379508 inv=8 hid=66593a349fbd19d7 depth=3 name=chip.run.runner_run.device_wall.sm_reset ts=101440 dur=500 clk=dev
[mono_ns=7230706915869874][T0xed514a70b020][TIMING] emit_host_span: [STRACE] v=1 pid=379508 tid=379508 inv=8 hid=66593a349fbd19d7 depth=3 name=chip.run.runner_run.device_wall.post_orch ts=2699700 dur=9880 clk=dev
[mono_ns=7230706915873594][T0xed514a70b020][TIMING] emit_host_span: [STRACE] v=1 pid=379508 tid=379508 inv=8 hid=66593a349fbd19d7 depth=3 name=chip.run.runner_run.device_wall.orch ts=101979 dur=4000 clk=dev
[mono_ns=7230706915877334][T0xed514a70b020][TIMING] emit_host_span: [STRACE] v=1 pid=379508 tid=379508 inv=8 hid=66593a349fbd19d7 depth=3 name=chip.run.runner_run.device_wall.sched ts=105440 dur=2569360 clk=dev
[mono_ns=7230706915883024][T0xed514a70b020][TIMING] emit_host_span: [STRACE] v=1 pid=379508 tid=379508 inv=8 hid=66593a349fbd19d7 depth=1 name=chip.run.claim_release ts=7230706915880964 dur=300 
[mono_ns=7230706915889354][T0xed514a70b020][TIMING] emit_host_span: [STRACE] v=1 pid=379508 tid=379508 inv=8 hid=66593a349fbd19d7 depth=0 name=chip.run ts=7230706803473453 dur=112413361 run_id=8 dispatch_id=8 slot_id=0 generation=8 run_epoch=8
