[mono_ns=7230739018700489][T0xeb3696d6b020][TIMING] emit_host_span: [STRACE] v=1 pid=401248 tid=401248 inv=1 hid=60e783f8d607f7c6 depth=2 name=chip.run.bind.args ts=7230739018506189 dur=186170 
[mono_ns=7230739018758239][T0xeb3696d6b020][TIMING] emit_host_span: [STRACE] v=1 pid=401248 tid=401248 inv=1 hid=60e783f8d607f7c6 depth=2 name=chip.run.bind.prebuilt ts=7230739018752739 dur=2570 
[mono_ns=7230739018763329][T0xeb3696d6b020][TIMING] emit_host_span: [STRACE] v=1 pid=401248 tid=401248 inv=1 hid=60e783f8d607f7c6 depth=1 name=chip.run.bind ts=7230739017979519 dur=781450 
[mono_ns=7230739136999602][T0xeb3696d6b020][TIMING] emit_host_span: [STRACE] v=1 pid=401248 tid=401248 inv=1 hid=60e783f8d607f7c6 depth=1 name=chip.run.runner_run ts=7230739019985378 dur=117000604 
[mono_ns=7230739137165202][T0xeb3696d6b020][TIMING] emit_host_span: [STRACE] v=1 pid=401248 tid=401248 inv=1 hid=60e783f8d607f7c6 depth=1 name=chip.run.validate ts=7230739137038252 dur=122280 
[mono_ns=7230739137176512][T0xeb3696d6b020][TIMING] emit_host_span: [STRACE] v=1 pid=401248 tid=401248 inv=1 hid=60e783f8d607f7c6 depth=2 name=chip.run.runner_run.device_wall ts=0 dur=6547800 clk=dev
[mono_ns=7230739137180892][T0xeb3696d6b020][TIMING] emit_host_span: [STRACE] v=1 pid=401248 tid=401248 inv=1 hid=60e783f8d607f7c6 depth=3 name=chip.run.runner_run.device_wall.preamble ts=0 dur=171900 clk=dev
[mono_ns=7230739137184992][T0xeb3696d6b020][TIMING] emit_host_span: [STRACE] v=1 pid=401248 tid=401248 inv=1 hid=60e783f8d607f7c6 depth=3 name=chip.run.runner_run.device_wall.graph_build ts=39100 dur=6487280 clk=dev
[mono_ns=7230739137188732][T0xeb3696d6b020][TIMING] emit_host_span: [STRACE] v=1 pid=401248 tid=401248 inv=1 hid=60e783f8d607f7c6 depth=3 name=chip.run.runner_run.device_wall.config_validate ts=42800 dur=2920 clk=dev
[mono_ns=7230739137193132][T0xeb3696d6b020][TIMING] emit_host_span: [STRACE] v=1 pid=401248 tid=401248 inv=1 hid=60e783f8d607f7c6 depth=3 name=chip.run.runner_run.device_wall.arena_wire ts=45740 dur=12120 clk=dev
[mono_ns=7230739137197432][T0xeb3696d6b020][TIMING] emit_host_span: [STRACE] v=1 pid=401248 tid=401248 inv=1 hid=60e783f8d607f7c6 depth=3 name=chip.run.runner_run.device_wall.sm_reset ts=57900 dur=18280 clk=dev
[mono_ns=7230739137201952][T0xeb3696d6b020][TIMING] emit_host_span: [STRACE] v=1 pid=401248 tid=401248 inv=1 hid=60e783f8d607f7c6 depth=3 name=chip.run.runner_run.device_wall.post_orch ts=6526460 dur=17600 clk=dev
[mono_ns=7230739137248132][T0xeb3696d6b020][TIMING] emit_host_span: [STRACE] v=1 pid=401248 tid=401248 inv=1 hid=60e783f8d607f7c6 depth=3 name=chip.run.runner_run.device_wall.orch ts=81400 dur=48019 clk=dev
[mono_ns=7230739137252292][T0xeb3696d6b020][TIMING] emit_host_span: [STRACE] v=1 pid=401248 tid=401248 inv=1 hid=60e783f8d607f7c6 depth=3 name=chip.run.runner_run.device_wall.sched ts=173700 dur=6328540 clk=dev
[mono_ns=7230739137257462][T0xeb3696d6b020][TIMING] emit_host_span: [STRACE] v=1 pid=401248 tid=401248 inv=1 hid=60e783f8d607f7c6 depth=1 name=chip.run.claim_release ts=7230739137255142 dur=580 
[mono_ns=7230739137263302][T0xeb3696d6b020][TIMING] emit_host_span: [STRACE] v=1 pid=401248 tid=401248 inv=1 hid=60e783f8d607f7c6 depth=0 name=chip.run ts=7230739017730219 dur=119530743 run_id=1 dispatch_id=1 slot_id=0 generation=1 run_epoch=1
[mono_ns=7230739145801038][T0xeb3696d6b020][TIMING] emit_host_span: [STRACE] v=1 pid=401248 tid=401248 inv=2 hid=60e783f8d607f7c6 depth=2 name=chip.run.bind.args ts=7230739145649468 dur=145330 
[mono_ns=7230739145821598][T0xeb3696d6b020][TIMING] emit_host_span: [STRACE] v=1 pid=401248 tid=401248 inv=2 hid=60e783f8d607f7c6 depth=2 name=chip.run.bind.prebuilt ts=7230739145816598 dur=2830 
[mono_ns=7230739145827398][T0xeb3696d6b020][TIMING] emit_host_span: [STRACE] v=1 pid=401248 tid=401248 inv=2 hid=60e783f8d607f7c6 depth=1 name=chip.run.bind ts=7230739145640398 dur=184700 
[mono_ns=7230739207761459][T0xeb35396edca0][WARN] copy_aicore_buffer: [chip_swimlane_collector.cpp:689] Core 2: skipped 1024 AICore record slot(s) with start_time=0 (race-window write or recycled-buffer tail). buf seq=0 count=1024
[mono_ns=7230739207766159][T0xeb3554a10ca0][WARN] copy_aicore_buffer: [chip_swimlane_collector.cpp:689] Core 0: skipped 1024 AICore record slot(s) with start_time=0 (race-window write or recycled-buffer tail). buf seq=0 count=1024
[mono_ns=7230739207772769][T0xeb3539efdca0][WARN] copy_aicore_buffer: [chip_swimlane_collector.cpp:689] Core 1: skipped 1024 AICore record slot(s) with start_time=0 (race-window write or recycled-buffer tail). buf seq=0 count=1024
[mono_ns=7230739208177748][T0xeb3539efdca0][WARN] copy_aicore_buffer: [chip_swimlane_collector.cpp:689] Core 26: skipped 1022 AICore record slot(s) with start_time=0 (race-window write or recycled-buffer tail). buf seq=0 count=1024
[mono_ns=7230739208202628][T0xeb3554a10ca0][WARN] copy_aicore_buffer: [chip_swimlane_collector.cpp:689] Core 24: skipped 1024 AICore record slot(s) with start_time=0 (race-window write or recycled-buffer tail). buf seq=0 count=1024
[mono_ns=7230739208229058][T0xeb35396edca0][WARN] copy_aicore_buffer: [chip_swimlane_collector.cpp:689] Core 28: skipped 1023 AICore record slot(s) with start_time=0 (race-window write or recycled-buffer tail). buf seq=0 count=1024
[mono_ns=7230739208511478][T0xeb3539efdca0][WARN] copy_aicore_buffer: [chip_swimlane_collector.cpp:689] Core 27: skipped 1024 AICore record slot(s) with start_time=0 (race-window write or recycled-buffer tail). buf seq=0 count=1024
[mono_ns=7230739208524248][T0xeb3554a10ca0][WARN] copy_aicore_buffer: [chip_swimlane_collector.cpp:689] Core 25: skipped 1024 AICore record slot(s) with start_time=0 (race-window write or recycled-buffer tail). buf seq=0 count=1024
[mono_ns=7230739208546988][T0xeb35396edca0][WARN] copy_aicore_buffer: [chip_swimlane_collector.cpp:689] Core 29: skipped 1024 AICore record slot(s) with start_time=0 (race-window write or recycled-buffer tail). buf seq=0 count=1024
[mono_ns=7230739208917718][T0xeb3539efdca0][WARN] copy_aicore_buffer: [chip_swimlane_collector.cpp:689] Core 4: skipped 1024 AICore record slot(s) with start_time=0 (race-window write or recycled-buffer tail). buf seq=0 count=1024
[mono_ns=7230739208982428][T0xeb35396edca0][WARN] copy_aicore_buffer: [chip_swimlane_collector.cpp:689] Core 5: skipped 1024 AICore record slot(s) with start_time=0 (race-window write or recycled-buffer tail). buf seq=0 count=1024
[mono_ns=7230739208986328][T0xeb3554a10ca0][WARN] copy_aicore_buffer: [chip_swimlane_collector.cpp:689] Core 3: skipped 1024 AICore record slot(s) with start_time=0 (race-window write or recycled-buffer tail). buf seq=0 count=1024
[mono_ns=7230739209282008][T0xeb3539efdca0][WARN] copy_aicore_buffer: [chip_swimlane_collector.cpp:689] Core 32: skipped 1024 AICore record slot(s) with start_time=0 (race-window write or recycled-buffer tail). buf seq=0 count=1024
[mono_ns=7230739209333538][T0xeb35396edca0][WARN] copy_aicore_buffer: [chip_swimlane_collector.cpp:689] Core 34: skipped 1024 AICore record slot(s) with start_time=0 (race-window write or recycled-buffer tail). buf seq=0 count=1024
[mono_ns=7230739209368758][T0xeb3554a10ca0][WARN] copy_aicore_buffer: [chip_swimlane_collector.cpp:689] Core 30: skipped 1024 AICore record slot(s) with start_time=0 (race-window write or recycled-buffer tail). buf seq=0 count=1024
[mono_ns=7230739209616358][T0xeb3539efdca0][WARN] copy_aicore_buffer: [chip_swimlane_collector.cpp:689] Core 33: skipped 1024 AICore record slot(s) with start_time=0 (race-window write or recycled-buffer tail). buf seq=0 count=1024
[mono_ns=7230739209666038][T0xeb35396edca0][WARN] copy_aicore_buffer: [chip_swimlane_collector.cpp:689] Core 35: skipped 1024 AICore record slot(s) with start_time=0 (race-window write or recycled-buffer tail). buf seq=0 count=1024
[mono_ns=7230739209718358][T0xeb3554a10ca0][WARN] copy_aicore_buffer: [chip_swimlane_collector.cpp:689] Core 31: skipped 1024 AICore record slot(s) with start_time=0 (race-window write or recycled-buffer tail). buf seq=0 count=1024
[mono_ns=7230739209959778][T0xeb3539efdca0][WARN] copy_aicore_buffer: [chip_swimlane_collector.cpp:689] Core 7: skipped 1024 AICore record slot(s) with start_time=0 (race-window write or recycled-buffer tail). buf seq=0 count=1024
[mono_ns=7230739210018328][T0xeb35396edca0][WARN] copy_aicore_buffer: [chip_swimlane_collector.cpp:689] Core 8: skipped 1024 AICore record slot(s) with start_time=0 (race-window write or recycled-buffer tail). buf seq=0 count=1024
[mono_ns=7230739210079978][T0xeb3554a10ca0][WARN] copy_aicore_buffer: [chip_swimlane_collector.cpp:689] Core 6: skipped 1024 AICore record slot(s) with start_time=0 (race-window write or recycled-buffer tail). buf seq=0 count=1024
[mono_ns=7230739210307177][T0xeb3539efdca0][WARN] copy_aicore_buffer: [chip_swimlane_collector.cpp:689] Core 38: skipped 1024 AICore record slot(s) with start_time=0 (race-window write or recycled-buffer tail). buf seq=0 count=1024
[mono_ns=7230739210351967][T0xeb35396edca0][WARN] copy_aicore_buffer: [chip_swimlane_collector.cpp:689] Core 40: skipped 1024 AICore record slot(s) with start_time=0 (race-window write or recycled-buffer tail). buf seq=0 count=1024
[mono_ns=7230739210422067][T0xeb3554a10ca0][WARN] copy_aicore_buffer: [chip_swimlane_collector.cpp:689] Core 36: skipped 1024 AICore record slot(s) with start_time=0 (race-window write or recycled-buffer tail). buf seq=0 count=1024
[mono_ns=7230739210643907][T0xeb3539efdca0][WARN] copy_aicore_buffer: [chip_swimlane_collector.cpp:689] Core 39: skipped 1024 AICore record slot(s) with start_time=0 (race-window write or recycled-buffer tail). buf seq=0 count=1024
[mono_ns=7230739210683267][T0xeb35396edca0][WARN] copy_aicore_buffer: [chip_swimlane_collector.cpp:689] Core 41: skipped 1024 AICore record slot(s) with start_time=0 (race-window write or recycled-buffer tail). buf seq=0 count=1024
[mono_ns=7230739210763447][T0xeb3554a10ca0][WARN] copy_aicore_buffer: [chip_swimlane_collector.cpp:689] Core 37: skipped 1024 AICore record slot(s) with start_time=0 (race-window write or recycled-buffer tail). buf seq=0 count=1024
[mono_ns=7230739210980407][T0xeb3539efdca0][WARN] copy_aicore_buffer: [chip_swimlane_collector.cpp:689] Core 10: skipped 1024 AICore record slot(s) with start_time=0 (race-window write or recycled-buffer tail). buf seq=0 count=1024
[mono_ns=7230739211016457][T0xeb35396edca0][WARN] copy_aicore_buffer: [chip_swimlane_collector.cpp:689] Core 11: skipped 1024 AICore record slot(s) with start_time=0 (race-window write or recycled-buffer tail). buf seq=0 count=1024
[mono_ns=7230739211121777][T0xeb3554a10ca0][WARN] copy_aicore_buffer: [chip_swimlane_collector.cpp:689] Core 9: skipped 1024 AICore record slot(s) with start_time=0 (race-window write or recycled-buffer tail). buf seq=0 count=1024
[mono_ns=7230739211352367][T0xeb3539efdca0][WARN] copy_aicore_buffer: [chip_swimlane_collector.cpp:689] Core 44: skipped 1024 AICore record slot(s) with start_time=0 (race-window write or recycled-buffer tail). buf seq=0 count=1024
[mono_ns=7230739211356967][T0xeb35396edca0][WARN] copy_aicore_buffer: [chip_swimlane_collector.cpp:689] Core 46: skipped 1024 AICore record slot(s) with start_time=0 (race-window write or recycled-buffer tail). buf seq=0 count=1024
[mono_ns=7230739211459127][T0xeb3554a10ca0][WARN] copy_aicore_buffer: [chip_swimlane_collector.cpp:689] Core 42: skipped 1024 AICore record slot(s) with start_time=0 (race-window write or recycled-buffer tail). buf seq=0 count=1024
[mono_ns=7230739211707187][T0xeb35396edca0][WARN] copy_aicore_buffer: [chip_swimlane_collector.cpp:689] Core 47: skipped 1024 AICore record slot(s) with start_time=0 (race-window write or recycled-buffer tail). buf seq=0 count=1024
[mono_ns=7230739211733677][T0xeb3539efdca0][WARN] copy_aicore_buffer: [chip_swimlane_collector.cpp:689] Core 45: skipped 1024 AICore record slot(s) with start_time=0 (race-window write or recycled-buffer tail). buf seq=0 count=1024
[mono_ns=7230739211792317][T0xeb3554a10ca0][WARN] copy_aicore_buffer: [chip_swimlane_collector.cpp:689] Core 43: skipped 1024 AICore record slot(s) with start_time=0 (race-window write or recycled-buffer tail). buf seq=0 count=1024
[mono_ns=7230739212045487][T0xeb35396edca0][WARN] copy_aicore_buffer: [chip_swimlane_collector.cpp:689] Core 14: skipped 1024 AICore record slot(s) with start_time=0 (race-window write or recycled-buffer tail). buf seq=0 count=1024
[mono_ns=7230739212075987][T0xeb3539efdca0][WARN] copy_aicore_buffer: [chip_swimlane_collector.cpp:689] Core 13: skipped 1024 AICore record slot(s) with start_time=0 (race-window write or recycled-buffer tail). buf seq=0 count=1024
[mono_ns=7230739212129337][T0xeb3554a10ca0][WARN] copy_aicore_buffer: [chip_swimlane_collector.cpp:689] Core 12: skipped 1024 AICore record slot(s) with start_time=0 (race-window write or recycled-buffer tail). buf seq=0 count=1024
[mono_ns=7230739212375926][T0xeb35396edca0][WARN] copy_aicore_buffer: [chip_swimlane_collector.cpp:689] Core 52: skipped 1024 AICore record slot(s) with start_time=0 (race-window write or recycled-buffer tail). buf seq=0 count=1024
[mono_ns=7230739212419246][T0xeb3539efdca0][WARN] copy_aicore_buffer: [chip_swimlane_collector.cpp:689] Core 50: skipped 1024 AICore record slot(s) with start_time=0 (race-window write or recycled-buffer tail). buf seq=0 count=1024
[mono_ns=7230739212490816][T0xeb3554a10ca0][WARN] copy_aicore_buffer: [chip_swimlane_collector.cpp:689] Core 48: skipped 1024 AICore record slot(s) with start_time=0 (race-window write or recycled-buffer tail). buf seq=0 count=1024
[mono_ns=7230739212706376][T0xeb35396edca0][WARN] copy_aicore_buffer: [chip_swimlane_collector.cpp:689] Core 53: skipped 1024 AICore record slot(s) with start_time=0 (race-window write or recycled-buffer tail). buf seq=0 count=1024
[mono_ns=7230739212762366][T0xeb3539efdca0][WARN] copy_aicore_buffer: [chip_swimlane_collector.cpp:689] Core 51: skipped 1024 AICore record slot(s) with start_time=0 (race-window write or recycled-buffer tail). buf seq=0 count=1024
[mono_ns=7230739212823786][T0xeb3554a10ca0][WARN] copy_aicore_buffer: [chip_swimlane_collector.cpp:689] Core 49: skipped 1024 AICore record slot(s) with start_time=0 (race-window write or recycled-buffer tail). buf seq=0 count=1024
[mono_ns=7230739213048426][T0xeb35396edca0][WARN] copy_aicore_buffer: [chip_swimlane_collector.cpp:689] Core 17: skipped 1024 AICore record slot(s) with start_time=0 (race-window write or recycled-buffer tail). buf seq=0 count=1024
[mono_ns=7230739213119536][T0xeb3539efdca0][WARN] copy_aicore_buffer: [chip_swimlane_collector.cpp:689] Core 16: skipped 1024 AICore record slot(s) with start_time=0 (race-window write or recycled-buffer tail). buf seq=0 count=1024
[mono_ns=7230739213174746][T0xeb3554a10ca0][WARN] copy_aicore_buffer: [chip_swimlane_collector.cpp:689] Core 15: skipped 1024 AICore record slot(s) with start_time=0 (race-window write or recycled-buffer tail). buf seq=0 count=1024
[mono_ns=7230739213379646][T0xeb35396edca0][WARN] copy_aicore_buffer: [chip_swimlane_collector.cpp:689] Core 58: skipped 1024 AICore record slot(s) with start_time=0 (race-window write or recycled-buffer tail). buf seq=0 count=1024
[mono_ns=7230739213465456][T0xeb3539efdca0][WARN] copy_aicore_buffer: [chip_swimlane_collector.cpp:689] Core 56: skipped 1024 AICore record slot(s) with start_time=0 (race-window write or recycled-buffer tail). buf seq=0 count=1024
[mono_ns=7230739213510696][T0xeb3554a10ca0][WARN] copy_aicore_buffer: [chip_swimlane_collector.cpp:689] Core 54: skipped 1024 AICore record slot(s) with start_time=0 (race-window write or recycled-buffer tail). buf seq=0 count=1024
[mono_ns=7230739213707206][T0xeb35396edca0][WARN] copy_aicore_buffer: [chip_swimlane_collector.cpp:689] Core 59: skipped 1024 AICore record slot(s) with start_time=0 (race-window write or recycled-buffer tail). buf seq=0 count=1024
[mono_ns=7230739213805186][T0xeb3539efdca0][WARN] copy_aicore_buffer: [chip_swimlane_collector.cpp:689] Core 57: skipped 1024 AICore record slot(s) with start_time=0 (race-window write or recycled-buffer tail). buf seq=0 count=1024
[mono_ns=7230739213843646][T0xeb3554a10ca0][WARN] copy_aicore_buffer: [chip_swimlane_collector.cpp:689] Core 55: skipped 1024 AICore record slot(s) with start_time=0 (race-window write or recycled-buffer tail). buf seq=0 count=1024
[mono_ns=7230739214050626][T0xeb35396edca0][WARN] copy_aicore_buffer: [chip_swimlane_collector.cpp:689] Core 20: skipped 1024 AICore record slot(s) with start_time=0 (race-window write or recycled-buffer tail). buf seq=0 count=1024
[mono_ns=7230739214147876][T0xeb3539efdca0][WARN] copy_aicore_buffer: [chip_swimlane_collector.cpp:689] Core 19: skipped 1024 AICore record slot(s) with start_time=0 (race-window write or recycled-buffer tail). buf seq=0 count=1024
[mono_ns=7230739214184586][T0xeb3554a10ca0][WARN] copy_aicore_buffer: [chip_swimlane_collector.cpp:689] Core 18: skipped 1024 AICore record slot(s) with start_time=0 (race-window write or recycled-buffer tail). buf seq=0 count=1024
[mono_ns=7230739214384686][T0xeb35396edca0][WARN] copy_aicore_buffer: [chip_swimlane_collector.cpp:689] Core 64: skipped 1024 AICore record slot(s) with start_time=0 (race-window write or recycled-buffer tail). buf seq=0 count=1024
[mono_ns=7230739214494815][T0xeb3539efdca0][WARN] copy_aicore_buffer: [chip_swimlane_collector.cpp:689] Core 62: skipped 1024 AICore record slot(s) with start_time=0 (race-window write or recycled-buffer tail). buf seq=0 count=1024
[mono_ns=7230739214523295][T0xeb3554a10ca0][WARN] copy_aicore_buffer: [chip_swimlane_collector.cpp:689] Core 60: skipped 1024 AICore record slot(s) with start_time=0 (race-window write or recycled-buffer tail). buf seq=0 count=1024
[mono_ns=7230739214713285][T0xeb35396edca0][WARN] copy_aicore_buffer: [chip_swimlane_collector.cpp:689] Core 65: skipped 1024 AICore record slot(s) with start_time=0 (race-window write or recycled-buffer tail). buf seq=0 count=1024
[mono_ns=7230739214839695][T0xeb3539efdca0][WARN] copy_aicore_buffer: [chip_swimlane_collector.cpp:689] Core 63: skipped 1024 AICore record slot(s) with start_time=0 (race-window write or recycled-buffer tail). buf seq=0 count=1024
[mono_ns=7230739214858285][T0xeb3554a10ca0][WARN] copy_aicore_buffer: [chip_swimlane_collector.cpp:689] Core 61: skipped 1024 AICore record slot(s) with start_time=0 (race-window write or recycled-buffer tail). buf seq=0 count=1024
[mono_ns=7230739215059445][T0xeb35396edca0][WARN] copy_aicore_buffer: [chip_swimlane_collector.cpp:689] Core 23: skipped 1024 AICore record slot(s) with start_time=0 (race-window write or recycled-buffer tail). buf seq=0 count=1024
[mono_ns=7230739215218625][T0xeb3554a10ca0][WARN] copy_aicore_buffer: [chip_swimlane_collector.cpp:689] Core 21: skipped 1024 AICore record slot(s) with start_time=0 (race-window write or recycled-buffer tail). buf seq=0 count=1024
[mono_ns=7230739215225855][T0xeb3539efdca0][WARN] copy_aicore_buffer: [chip_swimlane_collector.cpp:689] Core 22: skipped 1024 AICore record slot(s) with start_time=0 (race-window write or recycled-buffer tail). buf seq=0 count=1024
[mono_ns=7230739215396715][T0xeb35396edca0][WARN] copy_aicore_buffer: [chip_swimlane_collector.cpp:689] Core 70: skipped 1024 AICore record slot(s) with start_time=0 (race-window write or recycled-buffer tail). buf seq=0 count=1024
[mono_ns=7230739215563815][T0xeb3554a10ca0][WARN] copy_aicore_buffer: [chip_swimlane_collector.cpp:689] Core 66: skipped 1024 AICore record slot(s) with start_time=0 (race-window write or recycled-buffer tail). buf seq=0 count=1024
[mono_ns=7230739215576215][T0xeb3539efdca0][WARN] copy_aicore_buffer: [chip_swimlane_collector.cpp:689] Core 68: skipped 1024 AICore record slot(s) with start_time=0 (race-window write or recycled-buffer tail). buf seq=0 count=1024
[mono_ns=7230739215721015][T0xeb35396edca0][WARN] copy_aicore_buffer: [chip_swimlane_collector.cpp:689] Core 71: skipped 1024 AICore record slot(s) with start_time=0 (race-window write or recycled-buffer tail). buf seq=0 count=1024
[mono_ns=7230739215901735][T0xeb3554a10ca0][WARN] copy_aicore_buffer: [chip_swimlane_collector.cpp:689] Core 67: skipped 1024 AICore record slot(s) with start_time=0 (race-window write or recycled-buffer tail). buf seq=0 count=1024
[mono_ns=7230739215914005][T0xeb3539efdca0][WARN] copy_aicore_buffer: [chip_swimlane_collector.cpp:689] Core 69: skipped 1024 AICore record slot(s) with start_time=0 (race-window write or recycled-buffer tail). buf seq=0 count=1024
[mono_ns=7230739316683587][T0xeb3696d6b020][TIMING] emit_host_span: [STRACE] v=1 pid=401248 tid=401248 inv=2 hid=60e783f8d607f7c6 depth=1 name=chip.run.runner_run ts=7230739202178571 dur=114496556 
[mono_ns=7230739316786217][T0xeb3696d6b020][TIMING] emit_host_span: [STRACE] v=1 pid=401248 tid=401248 inv=2 hid=60e783f8d607f7c6 depth=1 name=chip.run.validate ts=7230739316699887 dur=82630 
[mono_ns=7230739316797607][T0xeb3696d6b020][TIMING] emit_host_span: [STRACE] v=1 pid=401248 tid=401248 inv=2 hid=60e783f8d607f7c6 depth=2 name=chip.run.runner_run.device_wall ts=0 dur=2678940 clk=dev
[mono_ns=7230739316801657][T0xeb3696d6b020][TIMING] emit_host_span: [STRACE] v=1 pid=401248 tid=401248 inv=2 hid=60e783f8d607f7c6 depth=3 name=chip.run.runner_run.device_wall.preamble ts=0 dur=134260 clk=dev
[mono_ns=7230739316805807][T0xeb3696d6b020][TIMING] emit_host_span: [STRACE] v=1 pid=401248 tid=401248 inv=2 hid=60e783f8d607f7c6 depth=3 name=chip.run.runner_run.device_wall.graph_build ts=129800 dur=2538080 clk=dev
[mono_ns=7230739316808977][T0xeb3696d6b020][TIMING] emit_host_span: [STRACE] v=1 pid=401248 tid=401248 inv=2 hid=60e783f8d607f7c6 depth=3 name=chip.run.runner_run.device_wall.config_validate ts=130020 dur=1100 clk=dev
[mono_ns=7230739316855807][T0xeb3696d6b020][TIMING] emit_host_span: [STRACE] v=1 pid=401248 tid=401248 inv=2 hid=60e783f8d607f7c6 depth=3 name=chip.run.runner_run.device_wall.arena_wire ts=131180 dur=780 clk=dev
[mono_ns=7230739316859847][T0xeb3696d6b020][TIMING] emit_host_span: [STRACE] v=1 pid=401248 tid=401248 inv=2 hid=60e783f8d607f7c6 depth=3 name=chip.run.runner_run.device_wall.sm_reset ts=132020 dur=1400 clk=dev
[mono_ns=7230739316863557][T0xeb3696d6b020][TIMING] emit_host_span: [STRACE] v=1 pid=401248 tid=401248 inv=2 hid=60e783f8d607f7c6 depth=3 name=chip.run.runner_run.device_wall.post_orch ts=2667919 dur=10920 clk=dev
[mono_ns=7230739316866407][T0xeb3696d6b020][TIMING] emit_host_span: [STRACE] v=1 pid=401248 tid=401248 inv=2 hid=60e783f8d607f7c6 depth=3 name=chip.run.runner_run.device_wall.orch ts=133460 dur=5040 clk=dev
[mono_ns=7230739316869277][T0xeb3696d6b020][TIMING] emit_host_span: [STRACE] v=1 pid=401248 tid=401248 inv=2 hid=60e783f8d607f7c6 depth=3 name=chip.run.runner_run.device_wall.sched ts=134920 dur=2506200 clk=dev
[mono_ns=7230739316874537][T0xeb3696d6b020][TIMING] emit_host_span: [STRACE] v=1 pid=401248 tid=401248 inv=2 hid=60e783f8d607f7c6 depth=1 name=chip.run.claim_release ts=7230739316872377 dur=400 
[mono_ns=7230739316879557][T0xeb3696d6b020][TIMING] emit_host_span: [STRACE] v=1 pid=401248 tid=401248 inv=2 hid=60e783f8d607f7c6 depth=0 name=chip.run ts=7230739145592698 dur=171284929 run_id=2 dispatch_id=2 slot_id=0 generation=2 run_epoch=2
[mono_ns=7230744197842421][T0xeb3696d6b020][TIMING] emit_host_span: [STRACE] v=1 pid=401248 tid=401248 inv=3 hid=60e783f8d607f7c6 depth=2 name=chip.run.bind.args ts=7230744197653611 dur=180040 
[mono_ns=7230744197894911][T0xeb3696d6b020][TIMING] emit_host_span: [STRACE] v=1 pid=401248 tid=401248 inv=3 hid=60e783f8d607f7c6 depth=2 name=chip.run.bind.prebuilt ts=7230744197889011 dur=2790 
[mono_ns=7230744197901451][T0xeb3696d6b020][TIMING] emit_host_span: [STRACE] v=1 pid=401248 tid=401248 inv=3 hid=60e783f8d607f7c6 depth=1 name=chip.run.bind ts=7230744197617191 dur=280460 
[mono_ns=7230744307458964][T0xeb3696d6b020][TIMING] emit_host_span: [STRACE] v=1 pid=401248 tid=401248 inv=3 hid=60e783f8d607f7c6 depth=1 name=chip.run.runner_run ts=7230744198835551 dur=108612703 
[mono_ns=7230744307558864][T0xeb3696d6b020][TIMING] emit_host_span: [STRACE] v=1 pid=401248 tid=401248 inv=3 hid=60e783f8d607f7c6 depth=1 name=chip.run.validate ts=7230744307472424 dur=82200 
[mono_ns=7230744307569694][T0xeb3696d6b020][TIMING] emit_host_span: [STRACE] v=1 pid=401248 tid=401248 inv=3 hid=60e783f8d607f7c6 depth=2 name=chip.run.runner_run.device_wall ts=0 dur=14043560 clk=dev
[mono_ns=7230744307575534][T0xeb3696d6b020][TIMING] emit_host_span: [STRACE] v=1 pid=401248 tid=401248 inv=3 hid=60e783f8d607f7c6 depth=3 name=chip.run.runner_run.device_wall.preamble ts=0 dur=6260 clk=dev
[mono_ns=7230744307579984][T0xeb3696d6b020][TIMING] emit_host_span: [STRACE] v=1 pid=401248 tid=401248 inv=3 hid=60e783f8d607f7c6 depth=3 name=chip.run.runner_run.device_wall.graph_build ts=1579 dur=14030460 clk=dev
[mono_ns=7230744307602844][T0xeb3696d6b020][TIMING] emit_host_span: [STRACE] v=1 pid=401248 tid=401248 inv=3 hid=60e783f8d607f7c6 depth=3 name=chip.run.runner_run.device_wall.config_validate ts=2260 dur=980 clk=dev
[mono_ns=7230744307606054][T0xeb3696d6b020][TIMING] emit_host_span: [STRACE] v=1 pid=401248 tid=401248 inv=3 hid=60e783f8d607f7c6 depth=3 name=chip.run.runner_run.device_wall.arena_wire ts=3280 dur=899 clk=dev
[mono_ns=7230744307608944][T0xeb3696d6b020][TIMING] emit_host_span: [STRACE] v=1 pid=401248 tid=401248 inv=3 hid=60e783f8d607f7c6 depth=3 name=chip.run.runner_run.device_wall.sm_reset ts=4359 dur=1340 clk=dev
[mono_ns=7230744307611894][T0xeb3696d6b020][TIMING] emit_host_span: [STRACE] v=1 pid=401248 tid=401248 inv=3 hid=60e783f8d607f7c6 depth=3 name=chip.run.runner_run.device_wall.post_orch ts=14032080 dur=11180 clk=dev
[mono_ns=7230744307615394][T0xeb3696d6b020][TIMING] emit_host_span: [STRACE] v=1 pid=401248 tid=401248 inv=3 hid=60e783f8d607f7c6 depth=3 name=chip.run.runner_run.device_wall.orch ts=6800 dur=8820 clk=dev
[mono_ns=7230744307618764][T0xeb3696d6b020][TIMING] emit_host_span: [STRACE] v=1 pid=401248 tid=401248 inv=3 hid=60e783f8d607f7c6 depth=3 name=chip.run.runner_run.device_wall.sched ts=6780 dur=14016980 clk=dev
[mono_ns=7230744307624484][T0xeb3696d6b020][TIMING] emit_host_span: [STRACE] v=1 pid=401248 tid=401248 inv=3 hid=60e783f8d607f7c6 depth=1 name=chip.run.claim_release ts=7230744307622154 dur=610 
[mono_ns=7230744307630014][T0xeb3696d6b020][TIMING] emit_host_span: [STRACE] v=1 pid=401248 tid=401248 inv=3 hid=60e783f8d607f7c6 depth=0 name=chip.run ts=7230744197389291 dur=110238153 run_id=3 dispatch_id=3 slot_id=0 generation=3 run_epoch=3
[mono_ns=7230744444463865][T0xeb3696d6b020][TIMING] emit_host_span: [STRACE] v=1 pid=401248 tid=401248 inv=4 hid=60e783f8d607f7c6 depth=2 name=chip.run.bind.args ts=7230744444320255 dur=137180 
[mono_ns=7230744444482575][T0xeb3696d6b020][TIMING] emit_host_span: [STRACE] v=1 pid=401248 tid=401248 inv=4 hid=60e783f8d607f7c6 depth=2 name=chip.run.bind.prebuilt ts=7230744444477225 dur=2860 
[mono_ns=7230744444487485][T0xeb3696d6b020][TIMING] emit_host_span: [STRACE] v=1 pid=401248 tid=401248 inv=4 hid=60e783f8d607f7c6 depth=1 name=chip.run.bind ts=7230744444311115 dur=174120 
[mono_ns=7230744450772133][T0xeb35396edca0][WARN] copy_aicore_buffer: [chip_swimlane_collector.cpp:689] Core 2: skipped 1024 AICore record slot(s) with start_time=0 (race-window write or recycled-buffer tail). buf seq=0 count=1024
[mono_ns=7230744450779283][T0xeb3554a10ca0][WARN] copy_aicore_buffer: [chip_swimlane_collector.cpp:689] Core 0: skipped 1024 AICore record slot(s) with start_time=0 (race-window write or recycled-buffer tail). buf seq=0 count=1024
[mono_ns=7230744450893043][T0xeb3539efdca0][WARN] copy_aicore_buffer: [chip_swimlane_collector.cpp:689] Core 1: skipped 1024 AICore record slot(s) with start_time=0 (race-window write or recycled-buffer tail). buf seq=0 count=1024
[mono_ns=7230744451116133][T0xeb35396edca0][WARN] copy_aicore_buffer: [chip_swimlane_collector.cpp:689] Core 28: skipped 1024 AICore record slot(s) with start_time=0 (race-window write or recycled-buffer tail). buf seq=0 count=1024
[mono_ns=7230744451135213][T0xeb3554a10ca0][WARN] copy_aicore_buffer: [chip_swimlane_collector.cpp:689] Core 24: skipped 1024 AICore record slot(s) with start_time=0 (race-window write or recycled-buffer tail). buf seq=0 count=1024
[mono_ns=7230744451252342][T0xeb3539efdca0][WARN] copy_aicore_buffer: [chip_swimlane_collector.cpp:689] Core 26: skipped 1021 AICore record slot(s) with start_time=0 (race-window write or recycled-buffer tail). buf seq=0 count=1024
[mono_ns=7230744451430422][T0xeb35396edca0][WARN] copy_aicore_buffer: [chip_swimlane_collector.cpp:689] Core 29: skipped 1024 AICore record slot(s) with start_time=0 (race-window write or recycled-buffer tail). buf seq=0 count=1024
[mono_ns=7230744451453562][T0xeb3554a10ca0][WARN] copy_aicore_buffer: [chip_swimlane_collector.cpp:689] Core 25: skipped 1024 AICore record slot(s) with start_time=0 (race-window write or recycled-buffer tail). buf seq=0 count=1024
[mono_ns=7230744451575732][T0xeb3539efdca0][WARN] copy_aicore_buffer: [chip_swimlane_collector.cpp:689] Core 27: skipped 1024 AICore record slot(s) with start_time=0 (race-window write or recycled-buffer tail). buf seq=0 count=1024
[mono_ns=7230744451741222][T0xeb35396edca0][WARN] copy_aicore_buffer: [chip_swimlane_collector.cpp:689] Core 5: skipped 1024 AICore record slot(s) with start_time=0 (race-window write or recycled-buffer tail). buf seq=0 count=1024
[mono_ns=7230744451770532][T0xeb3554a10ca0][WARN] copy_aicore_buffer: [chip_swimlane_collector.cpp:689] Core 3: skipped 1024 AICore record slot(s) with start_time=0 (race-window write or recycled-buffer tail). buf seq=0 count=1024
[mono_ns=7230744451900382][T0xeb3539efdca0][WARN] copy_aicore_buffer: [chip_swimlane_collector.cpp:689] Core 4: skipped 1024 AICore record slot(s) with start_time=0 (race-window write or recycled-buffer tail). buf seq=0 count=1024
[mono_ns=7230744452062232][T0xeb35396edca0][WARN] copy_aicore_buffer: [chip_swimlane_collector.cpp:689] Core 34: skipped 1024 AICore record slot(s) with start_time=0 (race-window write or recycled-buffer tail). buf seq=0 count=1024
[mono_ns=7230744452112152][T0xeb3554a10ca0][WARN] copy_aicore_buffer: [chip_swimlane_collector.cpp:689] Core 30: skipped 1024 AICore record slot(s) with start_time=0 (race-window write or recycled-buffer tail). buf seq=0 count=1024
[mono_ns=7230744452242682][T0xeb3539efdca0][WARN] copy_aicore_buffer: [chip_swimlane_collector.cpp:689] Core 32: skipped 1024 AICore record slot(s) with start_time=0 (race-window write or recycled-buffer tail). buf seq=0 count=1024
[mono_ns=7230744452373312][T0xeb35396edca0][WARN] copy_aicore_buffer: [chip_swimlane_collector.cpp:689] Core 35: skipped 1024 AICore record slot(s) with start_time=0 (race-window write or recycled-buffer tail). buf seq=0 count=1024
[mono_ns=7230744452434302][T0xeb3554a10ca0][WARN] copy_aicore_buffer: [chip_swimlane_collector.cpp:689] Core 31: skipped 1024 AICore record slot(s) with start_time=0 (race-window write or recycled-buffer tail). buf seq=0 count=1024
[mono_ns=7230744452565312][T0xeb3539efdca0][WARN] copy_aicore_buffer: [chip_swimlane_collector.cpp:689] Core 33: skipped 1024 AICore record slot(s) with start_time=0 (race-window write or recycled-buffer tail). buf seq=0 count=1024
[mono_ns=7230744452683602][T0xeb35396edca0][WARN] copy_aicore_buffer: [chip_swimlane_collector.cpp:689] Core 8: skipped 1024 AICore record slot(s) with start_time=0 (race-window write or recycled-buffer tail). buf seq=0 count=1024
[mono_ns=7230744452755402][T0xeb3554a10ca0][WARN] copy_aicore_buffer: [chip_swimlane_collector.cpp:689] Core 6: skipped 1024 AICore record slot(s) with start_time=0 (race-window write or recycled-buffer tail). buf seq=0 count=1024
[mono_ns=7230744452888282][T0xeb3539efdca0][WARN] copy_aicore_buffer: [chip_swimlane_collector.cpp:689] Core 7: skipped 1024 AICore record slot(s) with start_time=0 (race-window write or recycled-buffer tail). buf seq=0 count=1024
[mono_ns=7230744452994732][T0xeb35396edca0][WARN] copy_aicore_buffer: [chip_swimlane_collector.cpp:689] Core 40: skipped 1024 AICore record slot(s) with start_time=0 (race-window write or recycled-buffer tail). buf seq=0 count=1024
[mono_ns=7230744453121212][T0xeb3554a10ca0][WARN] copy_aicore_buffer: [chip_swimlane_collector.cpp:689] Core 36: skipped 1024 AICore record slot(s) with start_time=0 (race-window write or recycled-buffer tail). buf seq=0 count=1024
[mono_ns=7230744453215162][T0xeb3539efdca0][WARN] copy_aicore_buffer: [chip_swimlane_collector.cpp:689] Core 38: skipped 1024 AICore record slot(s) with start_time=0 (race-window write or recycled-buffer tail). buf seq=0 count=1024
[mono_ns=7230744453311902][T0xeb35396edca0][WARN] copy_aicore_buffer: [chip_swimlane_collector.cpp:689] Core 41: skipped 1024 AICore record slot(s) with start_time=0 (race-window write or recycled-buffer tail). buf seq=0 count=1024
[mono_ns=7230744453442752][T0xeb3554a10ca0][WARN] copy_aicore_buffer: [chip_swimlane_collector.cpp:689] Core 37: skipped 1024 AICore record slot(s) with start_time=0 (race-window write or recycled-buffer tail). buf seq=0 count=1024
[mono_ns=7230744453537311][T0xeb3539efdca0][WARN] copy_aicore_buffer: [chip_swimlane_collector.cpp:689] Core 39: skipped 1024 AICore record slot(s) with start_time=0 (race-window write or recycled-buffer tail). buf seq=0 count=1024
[mono_ns=7230744453622771][T0xeb35396edca0][WARN] copy_aicore_buffer: [chip_swimlane_collector.cpp:689] Core 11: skipped 1024 AICore record slot(s) with start_time=0 (race-window write or recycled-buffer tail). buf seq=0 count=1024
[mono_ns=7230744453763891][T0xeb3554a10ca0][WARN] copy_aicore_buffer: [chip_swimlane_collector.cpp:689] Core 9: skipped 1024 AICore record slot(s) with start_time=0 (race-window write or recycled-buffer tail). buf seq=0 count=1024
[mono_ns=7230744453858821][T0xeb3539efdca0][WARN] copy_aicore_buffer: [chip_swimlane_collector.cpp:689] Core 10: skipped 1024 AICore record slot(s) with start_time=0 (race-window write or recycled-buffer tail). buf seq=0 count=1024
[mono_ns=7230744453971521][T0xeb35396edca0][WARN] copy_aicore_buffer: [chip_swimlane_collector.cpp:689] Core 46: skipped 1024 AICore record slot(s) with start_time=0 (race-window write or recycled-buffer tail). buf seq=0 count=1024
[mono_ns=7230744454091821][T0xeb3554a10ca0][WARN] copy_aicore_buffer: [chip_swimlane_collector.cpp:689] Core 42: skipped 1024 AICore record slot(s) with start_time=0 (race-window write or recycled-buffer tail). buf seq=0 count=1024
[mono_ns=7230744454188661][T0xeb3539efdca0][WARN] copy_aicore_buffer: [chip_swimlane_collector.cpp:689] Core 44: skipped 1024 AICore record slot(s) with start_time=0 (race-window write or recycled-buffer tail). buf seq=0 count=1024
[mono_ns=7230744454291471][T0xeb35396edca0][WARN] copy_aicore_buffer: [chip_swimlane_collector.cpp:689] Core 47: skipped 1024 AICore record slot(s) with start_time=0 (race-window write or recycled-buffer tail). buf seq=0 count=1024
[mono_ns=7230744454412241][T0xeb3554a10ca0][WARN] copy_aicore_buffer: [chip_swimlane_collector.cpp:689] Core 43: skipped 1024 AICore record slot(s) with start_time=0 (race-window write or recycled-buffer tail). buf seq=0 count=1024
[mono_ns=7230744454510361][T0xeb3539efdca0][WARN] copy_aicore_buffer: [chip_swimlane_collector.cpp:689] Core 45: skipped 1024 AICore record slot(s) with start_time=0 (race-window write or recycled-buffer tail). buf seq=0 count=1024
[mono_ns=7230744454602661][T0xeb35396edca0][WARN] copy_aicore_buffer: [chip_swimlane_collector.cpp:689] Core 14: skipped 1024 AICore record slot(s) with start_time=0 (race-window write or recycled-buffer tail). buf seq=0 count=1024
[mono_ns=7230744454733181][T0xeb3554a10ca0][WARN] copy_aicore_buffer: [chip_swimlane_collector.cpp:689] Core 12: skipped 1024 AICore record slot(s) with start_time=0 (race-window write or recycled-buffer tail). buf seq=0 count=1024
[mono_ns=7230744454832521][T0xeb3539efdca0][WARN] copy_aicore_buffer: [chip_swimlane_collector.cpp:689] Core 13: skipped 1024 AICore record slot(s) with start_time=0 (race-window write or recycled-buffer tail). buf seq=0 count=1024
[mono_ns=7230744454914281][T0xeb35396edca0][WARN] copy_aicore_buffer: [chip_swimlane_collector.cpp:689] Core 52: skipped 1024 AICore record slot(s) with start_time=0 (race-window write or recycled-buffer tail). buf seq=0 count=1024
[mono_ns=7230744455066261][T0xeb3554a10ca0][WARN] copy_aicore_buffer: [chip_swimlane_collector.cpp:689] Core 48: skipped 1024 AICore record slot(s) with start_time=0 (race-window write or recycled-buffer tail). buf seq=0 count=1024
[mono_ns=7230744455167821][T0xeb3539efdca0][WARN] copy_aicore_buffer: [chip_swimlane_collector.cpp:689] Core 50: skipped 1024 AICore record slot(s) with start_time=0 (race-window write or recycled-buffer tail). buf seq=0 count=1024
[mono_ns=7230744455229861][T0xeb35396edca0][WARN] copy_aicore_buffer: [chip_swimlane_collector.cpp:689] Core 53: skipped 1024 AICore record slot(s) with start_time=0 (race-window write or recycled-buffer tail). buf seq=0 count=1024
[mono_ns=7230744455387551][T0xeb3554a10ca0][WARN] copy_aicore_buffer: [chip_swimlane_collector.cpp:689] Core 49: skipped 1024 AICore record slot(s) with start_time=0 (race-window write or recycled-buffer tail). buf seq=0 count=1024
[mono_ns=7230744455488971][T0xeb3539efdca0][WARN] copy_aicore_buffer: [chip_swimlane_collector.cpp:689] Core 51: skipped 1024 AICore record slot(s) with start_time=0 (race-window write or recycled-buffer tail). buf seq=0 count=1024
[mono_ns=7230744455540571][T0xeb35396edca0][WARN] copy_aicore_buffer: [chip_swimlane_collector.cpp:689] Core 17: skipped 1024 AICore record slot(s) with start_time=0 (race-window write or recycled-buffer tail). buf seq=0 count=1024
[mono_ns=7230744455708851][T0xeb3554a10ca0][WARN] copy_aicore_buffer: [chip_swimlane_collector.cpp:689] Core 15: skipped 1024 AICore record slot(s) with start_time=0 (race-window write or recycled-buffer tail). buf seq=0 count=1024
[mono_ns=7230744455813271][T0xeb3539efdca0][WARN] copy_aicore_buffer: [chip_swimlane_collector.cpp:689] Core 16: skipped 1024 AICore record slot(s) with start_time=0 (race-window write or recycled-buffer tail). buf seq=0 count=1024
[mono_ns=7230744455850880][T0xeb35396edca0][WARN] copy_aicore_buffer: [chip_swimlane_collector.cpp:689] Core 58: skipped 1024 AICore record slot(s) with start_time=0 (race-window write or recycled-buffer tail). buf seq=0 count=1024
[mono_ns=7230744456040520][T0xeb3554a10ca0][WARN] copy_aicore_buffer: [chip_swimlane_collector.cpp:689] Core 54: skipped 1024 AICore record slot(s) with start_time=0 (race-window write or recycled-buffer tail). buf seq=0 count=1024
[mono_ns=7230744456144190][T0xeb3539efdca0][WARN] copy_aicore_buffer: [chip_swimlane_collector.cpp:689] Core 56: skipped 1024 AICore record slot(s) with start_time=0 (race-window write or recycled-buffer tail). buf seq=0 count=1024
[mono_ns=7230744456171900][T0xeb35396edca0][WARN] copy_aicore_buffer: [chip_swimlane_collector.cpp:689] Core 59: skipped 1024 AICore record slot(s) with start_time=0 (race-window write or recycled-buffer tail). buf seq=0 count=1024
[mono_ns=7230744456361810][T0xeb3554a10ca0][WARN] copy_aicore_buffer: [chip_swimlane_collector.cpp:689] Core 55: skipped 1024 AICore record slot(s) with start_time=0 (race-window write or recycled-buffer tail). buf seq=0 count=1024
[mono_ns=7230744456483480][T0xeb35396edca0][WARN] copy_aicore_buffer: [chip_swimlane_collector.cpp:689] Core 20: skipped 1024 AICore record slot(s) with start_time=0 (race-window write or recycled-buffer tail). buf seq=0 count=1024
[mono_ns=7230744456492840][T0xeb3539efdca0][WARN] copy_aicore_buffer: [chip_swimlane_collector.cpp:689] Core 57: skipped 1024 AICore record slot(s) with start_time=0 (race-window write or recycled-buffer tail). buf seq=0 count=1024
[mono_ns=7230744456685000][T0xeb3554a10ca0][WARN] copy_aicore_buffer: [chip_swimlane_collector.cpp:689] Core 18: skipped 1024 AICore record slot(s) with start_time=0 (race-window write or recycled-buffer tail). buf seq=0 count=1024
[mono_ns=7230744456812120][T0xeb3539efdca0][WARN] copy_aicore_buffer: [chip_swimlane_collector.cpp:689] Core 19: skipped 1024 AICore record slot(s) with start_time=0 (race-window write or recycled-buffer tail). buf seq=0 count=1024
[mono_ns=7230744456852990][T0xeb35396edca0][WARN] copy_aicore_buffer: [chip_swimlane_collector.cpp:689] Core 64: skipped 1024 AICore record slot(s) with start_time=0 (race-window write or recycled-buffer tail). buf seq=0 count=1024
[mono_ns=7230744457032550][T0xeb3554a10ca0][WARN] copy_aicore_buffer: [chip_swimlane_collector.cpp:689] Core 60: skipped 1024 AICore record slot(s) with start_time=0 (race-window write or recycled-buffer tail). buf seq=0 count=1024
[mono_ns=7230744457155890][T0xeb3539efdca0][WARN] copy_aicore_buffer: [chip_swimlane_collector.cpp:689] Core 62: skipped 1024 AICore record slot(s) with start_time=0 (race-window write or recycled-buffer tail). buf seq=0 count=1024
[mono_ns=7230744457188990][T0xeb35396edca0][WARN] copy_aicore_buffer: [chip_swimlane_collector.cpp:689] Core 65: skipped 1024 AICore record slot(s) with start_time=0 (race-window write or recycled-buffer tail). buf seq=0 count=1024
[mono_ns=7230744457433430][T0xeb3554a10ca0][WARN] copy_aicore_buffer: [chip_swimlane_collector.cpp:689] Core 61: skipped 1024 AICore record slot(s) with start_time=0 (race-window write or recycled-buffer tail). buf seq=0 count=1024
[mono_ns=7230744457507310][T0xeb3539efdca0][WARN] copy_aicore_buffer: [chip_swimlane_collector.cpp:689] Core 63: skipped 1024 AICore record slot(s) with start_time=0 (race-window write or recycled-buffer tail). buf seq=0 count=1024
[mono_ns=7230744457520810][T0xeb35396edca0][WARN] copy_aicore_buffer: [chip_swimlane_collector.cpp:689] Core 23: skipped 1024 AICore record slot(s) with start_time=0 (race-window write or recycled-buffer tail). buf seq=0 count=1024
[mono_ns=7230744457771660][T0xeb3554a10ca0][WARN] copy_aicore_buffer: [chip_swimlane_collector.cpp:689] Core 21: skipped 1024 AICore record slot(s) with start_time=0 (race-window write or recycled-buffer tail). buf seq=0 count=1024
[mono_ns=7230744457842140][T0xeb3539efdca0][WARN] copy_aicore_buffer: [chip_swimlane_collector.cpp:689] Core 22: skipped 1024 AICore record slot(s) with start_time=0 (race-window write or recycled-buffer tail). buf seq=0 count=1024
[mono_ns=7230744457844520][T0xeb35396edca0][WARN] copy_aicore_buffer: [chip_swimlane_collector.cpp:689] Core 70: skipped 1024 AICore record slot(s) with start_time=0 (race-window write or recycled-buffer tail). buf seq=0 count=1024
[mono_ns=7230744458125180][T0xeb3554a10ca0][WARN] copy_aicore_buffer: [chip_swimlane_collector.cpp:689] Core 66: skipped 1024 AICore record slot(s) with start_time=0 (race-window write or recycled-buffer tail). buf seq=0 count=1024
[mono_ns=7230744458197029][T0xeb3539efdca0][WARN] copy_aicore_buffer: [chip_swimlane_collector.cpp:689] Core 68: skipped 1024 AICore record slot(s) with start_time=0 (race-window write or recycled-buffer tail). buf seq=0 count=1024
[mono_ns=7230744458244299][T0xeb35396edca0][WARN] copy_aicore_buffer: [chip_swimlane_collector.cpp:689] Core 71: skipped 1024 AICore record slot(s) with start_time=0 (race-window write or recycled-buffer tail). buf seq=0 count=1024
[mono_ns=7230744458462099][T0xeb3554a10ca0][WARN] copy_aicore_buffer: [chip_swimlane_collector.cpp:689] Core 67: skipped 1024 AICore record slot(s) with start_time=0 (race-window write or recycled-buffer tail). buf seq=0 count=1024
[mono_ns=7230744458530169][T0xeb3539efdca0][WARN] copy_aicore_buffer: [chip_swimlane_collector.cpp:689] Core 69: skipped 1024 AICore record slot(s) with start_time=0 (race-window write or recycled-buffer tail). buf seq=0 count=1024
[mono_ns=7230744559083717][T0xeb3696d6b020][TIMING] emit_host_span: [STRACE] v=1 pid=401248 tid=401248 inv=4 hid=60e783f8d607f7c6 depth=1 name=chip.run.runner_run ts=7230744445458855 dur=113617392 
[mono_ns=7230744559277716][T0xeb3696d6b020][TIMING] emit_host_span: [STRACE] v=1 pid=401248 tid=401248 inv=4 hid=60e783f8d607f7c6 depth=1 name=chip.run.validate ts=7230744559094727 dur=178219 
[mono_ns=7230744559288786][T0xeb3696d6b020][TIMING] emit_host_span: [STRACE] v=1 pid=401248 tid=401248 inv=4 hid=60e783f8d607f7c6 depth=2 name=chip.run.runner_run.device_wall ts=0 dur=4693140 clk=dev
[mono_ns=7230744559338946][T0xeb3696d6b020][TIMING] emit_host_span: [STRACE] v=1 pid=401248 tid=401248 inv=4 hid=60e783f8d607f7c6 depth=3 name=chip.run.runner_run.device_wall.preamble ts=0 dur=110460 clk=dev
[mono_ns=7230744559343066][T0xeb3696d6b020][TIMING] emit_host_span: [STRACE] v=1 pid=401248 tid=401248 inv=4 hid=60e783f8d607f7c6 depth=3 name=chip.run.runner_run.device_wall.graph_build ts=106020 dur=4577280 clk=dev
[mono_ns=7230744559347136][T0xeb3696d6b020][TIMING] emit_host_span: [STRACE] v=1 pid=401248 tid=401248 inv=4 hid=60e783f8d607f7c6 depth=3 name=chip.run.runner_run.device_wall.config_validate ts=106140 dur=799 clk=dev
[mono_ns=7230744559350906][T0xeb3696d6b020][TIMING] emit_host_span: [STRACE] v=1 pid=401248 tid=401248 inv=4 hid=60e783f8d607f7c6 depth=3 name=chip.run.runner_run.device_wall.arena_wire ts=106960 dur=840 clk=dev
[mono_ns=7230744559353786][T0xeb3696d6b020][TIMING] emit_host_span: [STRACE] v=1 pid=401248 tid=401248 inv=4 hid=60e783f8d607f7c6 depth=3 name=chip.run.runner_run.device_wall.sm_reset ts=107840 dur=840 clk=dev
[mono_ns=7230744559358036][T0xeb3696d6b020][TIMING] emit_host_span: [STRACE] v=1 pid=401248 tid=401248 inv=4 hid=60e783f8d607f7c6 depth=3 name=chip.run.runner_run.device_wall.post_orch ts=4683400 dur=9540 clk=dev
[mono_ns=7230744559361586][T0xeb3696d6b020][TIMING] emit_host_span: [STRACE] v=1 pid=401248 tid=401248 inv=4 hid=60e783f8d607f7c6 depth=3 name=chip.run.runner_run.device_wall.orch ts=108720 dur=4560 clk=dev
[mono_ns=7230744559365106][T0xeb3696d6b020][TIMING] emit_host_span: [STRACE] v=1 pid=401248 tid=401248 inv=4 hid=60e783f8d607f7c6 depth=3 name=chip.run.runner_run.device_wall.sched ts=110860 dur=4546420 clk=dev
[mono_ns=7230744559400586][T0xeb3696d6b020][TIMING] emit_host_span: [STRACE] v=1 pid=401248 tid=401248 inv=4 hid=60e783f8d607f7c6 depth=1 name=chip.run.claim_release ts=7230744559397676 dur=790 
[mono_ns=7230744559405466][T0xeb3696d6b020][TIMING] emit_host_span: [STRACE] v=1 pid=401248 tid=401248 inv=4 hid=60e783f8d607f7c6 depth=0 name=chip.run ts=7230744444259025 dur=115144501 run_id=4 dispatch_id=4 slot_id=0 generation=4 run_epoch=4
[mono_ns=7230749415671304][T0xeb3696d6b020][TIMING] emit_host_span: [STRACE] v=1 pid=401248 tid=401248 inv=5 hid=60e783f8d607f7c6 depth=2 name=chip.run.bind.args ts=7230749415259774 dur=402570 
[mono_ns=7230749415707924][T0xeb3696d6b020][TIMING] emit_host_span: [STRACE] v=1 pid=401248 tid=401248 inv=5 hid=60e783f8d607f7c6 depth=2 name=chip.run.bind.prebuilt ts=7230749415701514 dur=3460 
[mono_ns=7230749415712744][T0xeb3696d6b020][TIMING] emit_host_span: [STRACE] v=1 pid=401248 tid=401248 inv=5 hid=60e783f8d607f7c6 depth=1 name=chip.run.bind ts=7230749415244594 dur=466090 
[mono_ns=7230749525378552][T0xeb3696d6b020][TIMING] emit_host_span: [STRACE] v=1 pid=401248 tid=401248 inv=5 hid=60e783f8d607f7c6 depth=1 name=chip.run.runner_run ts=7230749416365654 dur=109000368 
[mono_ns=7230749525493942][T0xeb3696d6b020][TIMING] emit_host_span: [STRACE] v=1 pid=401248 tid=401248 inv=5 hid=60e783f8d607f7c6 depth=1 name=chip.run.validate ts=7230749525395212 dur=94660 
[mono_ns=7230749525547092][T0xeb3696d6b020][TIMING] emit_host_span: [STRACE] v=1 pid=401248 tid=401248 inv=5 hid=60e783f8d607f7c6 depth=2 name=chip.run.runner_run.device_wall ts=0 dur=4283920 clk=dev
[mono_ns=7230749525551042][T0xeb3696d6b020][TIMING] emit_host_span: [STRACE] v=1 pid=401248 tid=401248 inv=5 hid=60e783f8d607f7c6 depth=3 name=chip.run.runner_run.device_wall.preamble ts=0 dur=6740 clk=dev
[mono_ns=7230749525554642][T0xeb3696d6b020][TIMING] emit_host_span: [STRACE] v=1 pid=401248 tid=401248 inv=5 hid=60e783f8d607f7c6 depth=3 name=chip.run.runner_run.device_wall.graph_build ts=2260 dur=4270740 clk=dev
[mono_ns=7230749525557822][T0xeb3696d6b020][TIMING] emit_host_span: [STRACE] v=1 pid=401248 tid=401248 inv=5 hid=60e783f8d607f7c6 depth=3 name=chip.run.runner_run.device_wall.config_validate ts=2740 dur=780 clk=dev
[mono_ns=7230749525560802][T0xeb3696d6b020][TIMING] emit_host_span: [STRACE] v=1 pid=401248 tid=401248 inv=5 hid=60e783f8d607f7c6 depth=3 name=chip.run.runner_run.device_wall.arena_wire ts=3540 dur=740 clk=dev
[mono_ns=7230749525563782][T0xeb3696d6b020][TIMING] emit_host_span: [STRACE] v=1 pid=401248 tid=401248 inv=5 hid=60e783f8d607f7c6 depth=3 name=chip.run.runner_run.device_wall.sm_reset ts=4300 dur=1320 clk=dev
[mono_ns=7230749525566812][T0xeb3696d6b020][TIMING] emit_host_span: [STRACE] v=1 pid=401248 tid=401248 inv=5 hid=60e783f8d607f7c6 depth=3 name=chip.run.runner_run.device_wall.post_orch ts=4273040 dur=10780 clk=dev
[mono_ns=7230749525570732][T0xeb3696d6b020][TIMING] emit_host_span: [STRACE] v=1 pid=401248 tid=401248 inv=5 hid=60e783f8d607f7c6 depth=3 name=chip.run.runner_run.device_wall.orch ts=6560 dur=9580 clk=dev
[mono_ns=7230749525589052][T0xeb3696d6b020][TIMING] emit_host_span: [STRACE] v=1 pid=401248 tid=401248 inv=5 hid=60e783f8d607f7c6 depth=3 name=chip.run.runner_run.device_wall.sched ts=7480 dur=4257220 clk=dev
[mono_ns=7230749525593702][T0xeb3696d6b020][TIMING] emit_host_span: [STRACE] v=1 pid=401248 tid=401248 inv=5 hid=60e783f8d607f7c6 depth=1 name=chip.run.claim_release ts=7230749525591512 dur=370 
[mono_ns=7230749525598392][T0xeb3696d6b020][TIMING] emit_host_span: [STRACE] v=1 pid=401248 tid=401248 inv=5 hid=60e783f8d607f7c6 depth=0 name=chip.run ts=7230749415070224 dur=110526148 run_id=5 dispatch_id=5 slot_id=0 generation=5 run_epoch=5
[mono_ns=7230749534705939][T0xeb3696d6b020][TIMING] emit_host_span: [STRACE] v=1 pid=401248 tid=401248 inv=6 hid=60e783f8d607f7c6 depth=2 name=chip.run.bind.args ts=7230749534528839 dur=170390 
[mono_ns=7230749534726309][T0xeb3696d6b020][TIMING] emit_host_span: [STRACE] v=1 pid=401248 tid=401248 inv=6 hid=60e783f8d607f7c6 depth=2 name=chip.run.bind.prebuilt ts=7230749534719039 dur=3640 
[mono_ns=7230749534730219][T0xeb3696d6b020][TIMING] emit_host_span: [STRACE] v=1 pid=401248 tid=401248 inv=6 hid=60e783f8d607f7c6 depth=1 name=chip.run.bind ts=7230749534518899 dur=209220 
[mono_ns=7230749541466236][T0xeb3539efdca0][WARN] copy_aicore_buffer: [chip_swimlane_collector.cpp:689] Core 1: skipped 1024 AICore record slot(s) with start_time=0 (race-window write or recycled-buffer tail). buf seq=0 count=1024
[mono_ns=7230749541484026][T0xeb3554a10ca0][WARN] copy_aicore_buffer: [chip_swimlane_collector.cpp:689] Core 0: skipped 1024 AICore record slot(s) with start_time=0 (race-window write or recycled-buffer tail). buf seq=0 count=1024
[mono_ns=7230749541553346][T0xeb35396edca0][WARN] copy_aicore_buffer: [chip_swimlane_collector.cpp:689] Core 2: skipped 1024 AICore record slot(s) with start_time=0 (race-window write or recycled-buffer tail). buf seq=0 count=1024
[mono_ns=7230749541809846][T0xeb3539efdca0][WARN] copy_aicore_buffer: [chip_swimlane_collector.cpp:689] Core 26: skipped 1023 AICore record slot(s) with start_time=0 (race-window write or recycled-buffer tail). buf seq=0 count=1024
[mono_ns=7230749541856066][T0xeb3554a10ca0][WARN] copy_aicore_buffer: [chip_swimlane_collector.cpp:689] Core 24: skipped 1023 AICore record slot(s) with start_time=0 (race-window write or recycled-buffer tail). buf seq=0 count=1024
[mono_ns=7230749541869636][T0xeb35396edca0][WARN] copy_aicore_buffer: [chip_swimlane_collector.cpp:689] Core 28: skipped 1023 AICore record slot(s) with start_time=0 (race-window write or recycled-buffer tail). buf seq=0 count=1024
[mono_ns=7230749542171466][T0xeb3539efdca0][WARN] copy_aicore_buffer: [chip_swimlane_collector.cpp:689] Core 27: skipped 1024 AICore record slot(s) with start_time=0 (race-window write or recycled-buffer tail). buf seq=0 count=1024
[mono_ns=7230749542215716][T0xeb3554a10ca0][WARN] copy_aicore_buffer: [chip_swimlane_collector.cpp:689] Core 25: skipped 1024 AICore record slot(s) with start_time=0 (race-window write or recycled-buffer tail). buf seq=0 count=1024
[mono_ns=7230749542220076][T0xeb35396edca0][WARN] copy_aicore_buffer: [chip_swimlane_collector.cpp:689] Core 29: skipped 1024 AICore record slot(s) with start_time=0 (race-window write or recycled-buffer tail). buf seq=0 count=1024
[mono_ns=7230749542495506][T0xeb3539efdca0][WARN] copy_aicore_buffer: [chip_swimlane_collector.cpp:689] Core 4: skipped 1024 AICore record slot(s) with start_time=0 (race-window write or recycled-buffer tail). buf seq=0 count=1024
[mono_ns=7230749542531416][T0xeb35396edca0][WARN] copy_aicore_buffer: [chip_swimlane_collector.cpp:689] Core 5: skipped 1024 AICore record slot(s) with start_time=0 (race-window write or recycled-buffer tail). buf seq=0 count=1024
[mono_ns=7230749542539566][T0xeb3554a10ca0][WARN] copy_aicore_buffer: [chip_swimlane_collector.cpp:689] Core 3: skipped 1024 AICore record slot(s) with start_time=0 (race-window write or recycled-buffer tail). buf seq=0 count=1024
[mono_ns=7230749542834066][T0xeb3539efdca0][WARN] copy_aicore_buffer: [chip_swimlane_collector.cpp:689] Core 32: skipped 1024 AICore record slot(s) with start_time=0 (race-window write or recycled-buffer tail). buf seq=0 count=1024
[mono_ns=7230749542840286][T0xeb35396edca0][WARN] copy_aicore_buffer: [chip_swimlane_collector.cpp:689] Core 34: skipped 1024 AICore record slot(s) with start_time=0 (race-window write or recycled-buffer tail). buf seq=0 count=1024
[mono_ns=7230749542856066][T0xeb3554a10ca0][WARN] copy_aicore_buffer: [chip_swimlane_collector.cpp:689] Core 30: skipped 1024 AICore record slot(s) with start_time=0 (race-window write or recycled-buffer tail). buf seq=0 count=1024
[mono_ns=7230749543167926][T0xeb3539efdca0][WARN] copy_aicore_buffer: [chip_swimlane_collector.cpp:689] Core 33: skipped 1024 AICore record slot(s) with start_time=0 (race-window write or recycled-buffer tail). buf seq=0 count=1024
[mono_ns=7230749543168646][T0xeb35396edca0][WARN] copy_aicore_buffer: [chip_swimlane_collector.cpp:689] Core 35: skipped 1024 AICore record slot(s) with start_time=0 (race-window write or recycled-buffer tail). buf seq=0 count=1024
[mono_ns=7230749543183366][T0xeb3554a10ca0][WARN] copy_aicore_buffer: [chip_swimlane_collector.cpp:689] Core 31: skipped 1024 AICore record slot(s) with start_time=0 (race-window write or recycled-buffer tail). buf seq=0 count=1024
[mono_ns=7230749543499015][T0xeb3539efdca0][WARN] copy_aicore_buffer: [chip_swimlane_collector.cpp:689] Core 7: skipped 1024 AICore record slot(s) with start_time=0 (race-window write or recycled-buffer tail). buf seq=0 count=1024
[mono_ns=7230749543505165][T0xeb3554a10ca0][WARN] copy_aicore_buffer: [chip_swimlane_collector.cpp:689] Core 6: skipped 1024 AICore record slot(s) with start_time=0 (race-window write or recycled-buffer tail). buf seq=0 count=1024
[mono_ns=7230749543526505][T0xeb35396edca0][WARN] copy_aicore_buffer: [chip_swimlane_collector.cpp:689] Core 8: skipped 1024 AICore record slot(s) with start_time=0 (race-window write or recycled-buffer tail). buf seq=0 count=1024
[mono_ns=7230749543821535][T0xeb3554a10ca0][WARN] copy_aicore_buffer: [chip_swimlane_collector.cpp:689] Core 36: skipped 1024 AICore record slot(s) with start_time=0 (race-window write or recycled-buffer tail). buf seq=0 count=1024
[mono_ns=7230749543823435][T0xeb3539efdca0][WARN] copy_aicore_buffer: [chip_swimlane_collector.cpp:689] Core 38: skipped 1024 AICore record slot(s) with start_time=0 (race-window write or recycled-buffer tail). buf seq=0 count=1024
[mono_ns=7230749543835145][T0xeb35396edca0][WARN] copy_aicore_buffer: [chip_swimlane_collector.cpp:689] Core 40: skipped 1024 AICore record slot(s) with start_time=0 (race-window write or recycled-buffer tail). buf seq=0 count=1024
[mono_ns=7230749544167125][T0xeb3554a10ca0][WARN] copy_aicore_buffer: [chip_swimlane_collector.cpp:689] Core 37: skipped 1024 AICore record slot(s) with start_time=0 (race-window write or recycled-buffer tail). buf seq=0 count=1024
[mono_ns=7230749544167045][T0xeb3539efdca0][WARN] copy_aicore_buffer: [chip_swimlane_collector.cpp:689] Core 39: skipped 1024 AICore record slot(s) with start_time=0 (race-window write or recycled-buffer tail). buf seq=0 count=1024
[mono_ns=7230749544219555][T0xeb35396edca0][WARN] copy_aicore_buffer: [chip_swimlane_collector.cpp:689] Core 41: skipped 1024 AICore record slot(s) with start_time=0 (race-window write or recycled-buffer tail). buf seq=0 count=1024
[mono_ns=7230749544501945][T0xeb3539efdca0][WARN] copy_aicore_buffer: [chip_swimlane_collector.cpp:689] Core 10: skipped 1024 AICore record slot(s) with start_time=0 (race-window write or recycled-buffer tail). buf seq=0 count=1024
[mono_ns=7230749544520485][T0xeb3554a10ca0][WARN] copy_aicore_buffer: [chip_swimlane_collector.cpp:689] Core 9: skipped 1024 AICore record slot(s) with start_time=0 (race-window write or recycled-buffer tail). buf seq=0 count=1024
[mono_ns=7230749544527055][T0xeb35396edca0][WARN] copy_aicore_buffer: [chip_swimlane_collector.cpp:689] Core 11: skipped 1024 AICore record slot(s) with start_time=0 (race-window write or recycled-buffer tail). buf seq=0 count=1024
[mono_ns=7230749544826585][T0xeb3539efdca0][WARN] copy_aicore_buffer: [chip_swimlane_collector.cpp:689] Core 44: skipped 1024 AICore record slot(s) with start_time=0 (race-window write or recycled-buffer tail). buf seq=0 count=1024
[mono_ns=7230749544835395][T0xeb35396edca0][WARN] copy_aicore_buffer: [chip_swimlane_collector.cpp:689] Core 46: skipped 1024 AICore record slot(s) with start_time=0 (race-window write or recycled-buffer tail). buf seq=0 count=1024
[mono_ns=7230749544835835][T0xeb3554a10ca0][WARN] copy_aicore_buffer: [chip_swimlane_collector.cpp:689] Core 42: skipped 1024 AICore record slot(s) with start_time=0 (race-window write or recycled-buffer tail). buf seq=0 count=1024
[mono_ns=7230749545160365][T0xeb3539efdca0][WARN] copy_aicore_buffer: [chip_swimlane_collector.cpp:689] Core 45: skipped 1024 AICore record slot(s) with start_time=0 (race-window write or recycled-buffer tail). buf seq=0 count=1024
[mono_ns=7230749545160345][T0xeb35396edca0][WARN] copy_aicore_buffer: [chip_swimlane_collector.cpp:689] Core 47: skipped 1024 AICore record slot(s) with start_time=0 (race-window write or recycled-buffer tail). buf seq=0 count=1024
[mono_ns=7230749545210255][T0xeb3554a10ca0][WARN] copy_aicore_buffer: [chip_swimlane_collector.cpp:689] Core 43: skipped 1024 AICore record slot(s) with start_time=0 (race-window write or recycled-buffer tail). buf seq=0 count=1024
[mono_ns=7230749545475465][T0xeb35396edca0][WARN] copy_aicore_buffer: [chip_swimlane_collector.cpp:689] Core 14: skipped 1024 AICore record slot(s) with start_time=0 (race-window write or recycled-buffer tail). buf seq=0 count=1024
[mono_ns=7230749545489275][T0xeb3539efdca0][WARN] copy_aicore_buffer: [chip_swimlane_collector.cpp:689] Core 13: skipped 1024 AICore record slot(s) with start_time=0 (race-window write or recycled-buffer tail). buf seq=0 count=1024
[mono_ns=7230749545534265][T0xeb3554a10ca0][WARN] copy_aicore_buffer: [chip_swimlane_collector.cpp:689] Core 12: skipped 1024 AICore record slot(s) with start_time=0 (race-window write or recycled-buffer tail). buf seq=0 count=1024
[mono_ns=7230749545791245][T0xeb35396edca0][WARN] copy_aicore_buffer: [chip_swimlane_collector.cpp:689] Core 52: skipped 1024 AICore record slot(s) with start_time=0 (race-window write or recycled-buffer tail). buf seq=0 count=1024
[mono_ns=7230749545808565][T0xeb3539efdca0][WARN] copy_aicore_buffer: [chip_swimlane_collector.cpp:689] Core 50: skipped 1024 AICore record slot(s) with start_time=0 (race-window write or recycled-buffer tail). buf seq=0 count=1024
[mono_ns=7230749545855335][T0xeb3554a10ca0][WARN] copy_aicore_buffer: [chip_swimlane_collector.cpp:689] Core 48: skipped 1024 AICore record slot(s) with start_time=0 (race-window write or recycled-buffer tail). buf seq=0 count=1024
[mono_ns=7230749546114344][T0xeb35396edca0][WARN] copy_aicore_buffer: [chip_swimlane_collector.cpp:689] Core 53: skipped 1024 AICore record slot(s) with start_time=0 (race-window write or recycled-buffer tail). buf seq=0 count=1024
[mono_ns=7230749546146944][T0xeb3539efdca0][WARN] copy_aicore_buffer: [chip_swimlane_collector.cpp:689] Core 51: skipped 1024 AICore record slot(s) with start_time=0 (race-window write or recycled-buffer tail). buf seq=0 count=1024
[mono_ns=7230749546186354][T0xeb3554a10ca0][WARN] copy_aicore_buffer: [chip_swimlane_collector.cpp:689] Core 49: skipped 1024 AICore record slot(s) with start_time=0 (race-window write or recycled-buffer tail). buf seq=0 count=1024
[mono_ns=7230749546431354][T0xeb35396edca0][WARN] copy_aicore_buffer: [chip_swimlane_collector.cpp:689] Core 17: skipped 1024 AICore record slot(s) with start_time=0 (race-window write or recycled-buffer tail). buf seq=0 count=1024
[mono_ns=7230749546472304][T0xeb3539efdca0][WARN] copy_aicore_buffer: [chip_swimlane_collector.cpp:689] Core 16: skipped 1024 AICore record slot(s) with start_time=0 (race-window write or recycled-buffer tail). buf seq=0 count=1024
[mono_ns=7230749546507924][T0xeb3554a10ca0][WARN] copy_aicore_buffer: [chip_swimlane_collector.cpp:689] Core 15: skipped 1024 AICore record slot(s) with start_time=0 (race-window write or recycled-buffer tail). buf seq=0 count=1024
[mono_ns=7230749546745944][T0xeb35396edca0][WARN] copy_aicore_buffer: [chip_swimlane_collector.cpp:689] Core 58: skipped 1024 AICore record slot(s) with start_time=0 (race-window write or recycled-buffer tail). buf seq=0 count=1024
[mono_ns=7230749546808894][T0xeb3539efdca0][WARN] copy_aicore_buffer: [chip_swimlane_collector.cpp:689] Core 56: skipped 1024 AICore record slot(s) with start_time=0 (race-window write or recycled-buffer tail). buf seq=0 count=1024
[mono_ns=7230749546890294][T0xeb3554a10ca0][WARN] copy_aicore_buffer: [chip_swimlane_collector.cpp:689] Core 54: skipped 1024 AICore record slot(s) with start_time=0 (race-window write or recycled-buffer tail). buf seq=0 count=1024
[mono_ns=7230749547159584][T0xeb35396edca0][WARN] copy_aicore_buffer: [chip_swimlane_collector.cpp:689] Core 59: skipped 1024 AICore record slot(s) with start_time=0 (race-window write or recycled-buffer tail). buf seq=0 count=1024
[mono_ns=7230749547202034][T0xeb3539efdca0][WARN] copy_aicore_buffer: [chip_swimlane_collector.cpp:689] Core 57: skipped 1024 AICore record slot(s) with start_time=0 (race-window write or recycled-buffer tail). buf seq=0 count=1024
[mono_ns=7230749547260454][T0xeb3554a10ca0][WARN] copy_aicore_buffer: [chip_swimlane_collector.cpp:689] Core 55: skipped 1024 AICore record slot(s) with start_time=0 (race-window write or recycled-buffer tail). buf seq=0 count=1024
[mono_ns=7230749547498754][T0xeb35396edca0][WARN] copy_aicore_buffer: [chip_swimlane_collector.cpp:689] Core 20: skipped 1024 AICore record slot(s) with start_time=0 (race-window write or recycled-buffer tail). buf seq=0 count=1024
[mono_ns=7230749547543614][T0xeb3539efdca0][WARN] copy_aicore_buffer: [chip_swimlane_collector.cpp:689] Core 19: skipped 1024 AICore record slot(s) with start_time=0 (race-window write or recycled-buffer tail). buf seq=0 count=1024
[mono_ns=7230749547595264][T0xeb3554a10ca0][WARN] copy_aicore_buffer: [chip_swimlane_collector.cpp:689] Core 18: skipped 1024 AICore record slot(s) with start_time=0 (race-window write or recycled-buffer tail). buf seq=0 count=1024
[mono_ns=7230749547830074][T0xeb35396edca0][WARN] copy_aicore_buffer: [chip_swimlane_collector.cpp:689] Core 64: skipped 1024 AICore record slot(s) with start_time=0 (race-window write or recycled-buffer tail). buf seq=0 count=1024
[mono_ns=7230749547922144][T0xeb3539efdca0][WARN] copy_aicore_buffer: [chip_swimlane_collector.cpp:689] Core 62: skipped 1024 AICore record slot(s) with start_time=0 (race-window write or recycled-buffer tail). buf seq=0 count=1024
[mono_ns=7230749547928304][T0xeb3554a10ca0][WARN] copy_aicore_buffer: [chip_swimlane_collector.cpp:689] Core 60: skipped 1024 AICore record slot(s) with start_time=0 (race-window write or recycled-buffer tail). buf seq=0 count=1024
[mono_ns=7230749548175414][T0xeb35396edca0][WARN] copy_aicore_buffer: [chip_swimlane_collector.cpp:689] Core 65: skipped 1024 AICore record slot(s) with start_time=0 (race-window write or recycled-buffer tail). buf seq=0 count=1024
[mono_ns=7230749548291594][T0xeb3539efdca0][WARN] copy_aicore_buffer: [chip_swimlane_collector.cpp:689] Core 63: skipped 1024 AICore record slot(s) with start_time=0 (race-window write or recycled-buffer tail). buf seq=0 count=1024
[mono_ns=7230749548293914][T0xeb3554a10ca0][WARN] copy_aicore_buffer: [chip_swimlane_collector.cpp:689] Core 61: skipped 1024 AICore record slot(s) with start_time=0 (race-window write or recycled-buffer tail). buf seq=0 count=1024
[mono_ns=7230749548514834][T0xeb35396edca0][WARN] copy_aicore_buffer: [chip_swimlane_collector.cpp:689] Core 23: skipped 1024 AICore record slot(s) with start_time=0 (race-window write or recycled-buffer tail). buf seq=0 count=1024
[mono_ns=7230749548632093][T0xeb3554a10ca0][WARN] copy_aicore_buffer: [chip_swimlane_collector.cpp:689] Core 21: skipped 1024 AICore record slot(s) with start_time=0 (race-window write or recycled-buffer tail). buf seq=0 count=1024
[mono_ns=7230749548670793][T0xeb3539efdca0][WARN] copy_aicore_buffer: [chip_swimlane_collector.cpp:689] Core 22: skipped 1024 AICore record slot(s) with start_time=0 (race-window write or recycled-buffer tail). buf seq=0 count=1024
[mono_ns=7230749548874773][T0xeb35396edca0][WARN] copy_aicore_buffer: [chip_swimlane_collector.cpp:689] Core 70: skipped 1024 AICore record slot(s) with start_time=0 (race-window write or recycled-buffer tail). buf seq=0 count=1024
[mono_ns=7230749548972843][T0xeb3554a10ca0][WARN] copy_aicore_buffer: [chip_swimlane_collector.cpp:689] Core 66: skipped 1024 AICore record slot(s) with start_time=0 (race-window write or recycled-buffer tail). buf seq=0 count=1024
[mono_ns=7230749549023683][T0xeb3539efdca0][WARN] copy_aicore_buffer: [chip_swimlane_collector.cpp:689] Core 68: skipped 1024 AICore record slot(s) with start_time=0 (race-window write or recycled-buffer tail). buf seq=0 count=1024
[mono_ns=7230749549232323][T0xeb35396edca0][WARN] copy_aicore_buffer: [chip_swimlane_collector.cpp:689] Core 71: skipped 1024 AICore record slot(s) with start_time=0 (race-window write or recycled-buffer tail). buf seq=0 count=1024
[mono_ns=7230749549324093][T0xeb3554a10ca0][WARN] copy_aicore_buffer: [chip_swimlane_collector.cpp:689] Core 67: skipped 1024 AICore record slot(s) with start_time=0 (race-window write or recycled-buffer tail). buf seq=0 count=1024
[mono_ns=7230749549373133][T0xeb3539efdca0][WARN] copy_aicore_buffer: [chip_swimlane_collector.cpp:689] Core 69: skipped 1024 AICore record slot(s) with start_time=0 (race-window write or recycled-buffer tail). buf seq=0 count=1024
[mono_ns=7230749650307476][T0xeb3696d6b020][TIMING] emit_host_span: [STRACE] v=1 pid=401248 tid=401248 inv=6 hid=60e783f8d607f7c6 depth=1 name=chip.run.runner_run ts=7230749535318808 dur=114978928 
[mono_ns=7230749650427076][T0xeb3696d6b020][TIMING] emit_host_span: [STRACE] v=1 pid=401248 tid=401248 inv=6 hid=60e783f8d607f7c6 depth=1 name=chip.run.validate ts=7230749650332026 dur=90940 
[mono_ns=7230749650434746][T0xeb3696d6b020][TIMING] emit_host_span: [STRACE] v=1 pid=401248 tid=401248 inv=6 hid=60e783f8d607f7c6 depth=2 name=chip.run.runner_run.device_wall ts=0 dur=5512800 clk=dev
[mono_ns=7230749650439496][T0xeb3696d6b020][TIMING] emit_host_span: [STRACE] v=1 pid=401248 tid=401248 inv=6 hid=60e783f8d607f7c6 depth=3 name=chip.run.runner_run.device_wall.preamble ts=0 dur=108980 clk=dev
[mono_ns=7230749650443656][T0xeb3696d6b020][TIMING] emit_host_span: [STRACE] v=1 pid=401248 tid=401248 inv=6 hid=60e783f8d607f7c6 depth=3 name=chip.run.runner_run.device_wall.graph_build ts=104860 dur=5397960 clk=dev
[mono_ns=7230749650447556][T0xeb3696d6b020][TIMING] emit_host_span: [STRACE] v=1 pid=401248 tid=401248 inv=6 hid=60e783f8d607f7c6 depth=3 name=chip.run.runner_run.device_wall.config_validate ts=104960 dur=760 clk=dev
[mono_ns=7230749650452186][T0xeb3696d6b020][TIMING] emit_host_span: [STRACE] v=1 pid=401248 tid=401248 inv=6 hid=60e783f8d607f7c6 depth=3 name=chip.run.runner_run.device_wall.arena_wire ts=105740 dur=520 clk=dev
[mono_ns=7230749650497066][T0xeb3696d6b020][TIMING] emit_host_span: [STRACE] v=1 pid=401248 tid=401248 inv=6 hid=60e783f8d607f7c6 depth=3 name=chip.run.runner_run.device_wall.sm_reset ts=106280 dur=560 clk=dev
[mono_ns=7230749650500886][T0xeb3696d6b020][TIMING] emit_host_span: [STRACE] v=1 pid=401248 tid=401248 inv=6 hid=60e783f8d607f7c6 depth=3 name=chip.run.runner_run.device_wall.post_orch ts=5503019 dur=9620 clk=dev
[mono_ns=7230749650504196][T0xeb3696d6b020][TIMING] emit_host_span: [STRACE] v=1 pid=401248 tid=401248 inv=6 hid=60e783f8d607f7c6 depth=3 name=chip.run.runner_run.device_wall.orch ts=106880 dur=3559 clk=dev
[mono_ns=7230749650507246][T0xeb3696d6b020][TIMING] emit_host_span: [STRACE] v=1 pid=401248 tid=401248 inv=6 hid=60e783f8d607f7c6 depth=3 name=chip.run.runner_run.device_wall.sched ts=109420 dur=5368980 clk=dev
[mono_ns=7230749650512596][T0xeb3696d6b020][TIMING] emit_host_span: [STRACE] v=1 pid=401248 tid=401248 inv=6 hid=60e783f8d607f7c6 depth=1 name=chip.run.claim_release ts=7230749650510136 dur=700 
[mono_ns=7230749650517386][T0xeb3696d6b020][TIMING] emit_host_span: [STRACE] v=1 pid=401248 tid=401248 inv=6 hid=60e783f8d607f7c6 depth=0 name=chip.run ts=7230749534462419 dur=116052957 run_id=6 dispatch_id=6 slot_id=0 generation=6 run_epoch=6
[mono_ns=7230754517909442][T0xeb3696d6b020][TIMING] emit_host_span: [STRACE] v=1 pid=401248 tid=401248 inv=7 hid=60e783f8d607f7c6 depth=2 name=chip.run.bind.args ts=7230754517732302 dur=169970 
[mono_ns=7230754517932952][T0xeb3696d6b020][TIMING] emit_host_span: [STRACE] v=1 pid=401248 tid=401248 inv=7 hid=60e783f8d607f7c6 depth=2 name=chip.run.bind.prebuilt ts=7230754517927872 dur=2600 
[mono_ns=7230754517965712][T0xeb3696d6b020][TIMING] emit_host_span: [STRACE] v=1 pid=401248 tid=401248 inv=7 hid=60e783f8d607f7c6 depth=1 name=chip.run.bind ts=7230754517719462 dur=243310 
[mono_ns=7230754627143876][T0xeb3696d6b020][TIMING] emit_host_span: [STRACE] v=1 pid=401248 tid=401248 inv=7 hid=60e783f8d607f7c6 depth=1 name=chip.run.runner_run ts=7230754518396822 dur=108730864 
[mono_ns=7230754627264126][T0xeb3696d6b020][TIMING] emit_host_span: [STRACE] v=1 pid=401248 tid=401248 inv=7 hid=60e783f8d607f7c6 depth=1 name=chip.run.validate ts=7230754627162776 dur=97270 
[mono_ns=7230754627271966][T0xeb3696d6b020][TIMING] emit_host_span: [STRACE] v=1 pid=401248 tid=401248 inv=7 hid=60e783f8d607f7c6 depth=2 name=chip.run.runner_run.device_wall ts=0 dur=8066560 clk=dev
[mono_ns=7230754627276456][T0xeb3696d6b020][TIMING] emit_host_span: [STRACE] v=1 pid=401248 tid=401248 inv=7 hid=60e783f8d607f7c6 depth=3 name=chip.run.runner_run.device_wall.preamble ts=0 dur=6140 clk=dev
[mono_ns=7230754627280266][T0xeb3696d6b020][TIMING] emit_host_span: [STRACE] v=1 pid=401248 tid=401248 inv=7 hid=60e783f8d607f7c6 depth=3 name=chip.run.runner_run.device_wall.graph_build ts=1700 dur=8053559 clk=dev
[mono_ns=7230754627284566][T0xeb3696d6b020][TIMING] emit_host_span: [STRACE] v=1 pid=401248 tid=401248 inv=7 hid=60e783f8d607f7c6 depth=3 name=chip.run.runner_run.device_wall.config_validate ts=1819 dur=840 clk=dev
[mono_ns=7230754627287756][T0xeb3696d6b020][TIMING] emit_host_span: [STRACE] v=1 pid=401248 tid=401248 inv=7 hid=60e783f8d607f7c6 depth=3 name=chip.run.runner_run.device_wall.arena_wire ts=2700 dur=820 clk=dev
[mono_ns=7230754627346196][T0xeb3696d6b020][TIMING] emit_host_span: [STRACE] v=1 pid=401248 tid=401248 inv=7 hid=60e783f8d607f7c6 depth=3 name=chip.run.runner_run.device_wall.sm_reset ts=3540 dur=980 clk=dev
[mono_ns=7230754627349396][T0xeb3696d6b020][TIMING] emit_host_span: [STRACE] v=1 pid=401248 tid=401248 inv=7 hid=60e783f8d607f7c6 depth=3 name=chip.run.runner_run.device_wall.post_orch ts=8055320 dur=11060 clk=dev
[mono_ns=7230754627352246][T0xeb3696d6b020][TIMING] emit_host_span: [STRACE] v=1 pid=401248 tid=401248 inv=7 hid=60e783f8d607f7c6 depth=3 name=chip.run.runner_run.device_wall.orch ts=5439 dur=9880 clk=dev
[mono_ns=7230754627355096][T0xeb3696d6b020][TIMING] emit_host_span: [STRACE] v=1 pid=401248 tid=401248 inv=7 hid=60e783f8d607f7c6 depth=3 name=chip.run.runner_run.device_wall.sched ts=6640 dur=8040500 clk=dev
[mono_ns=7230754627360006][T0xeb3696d6b020][TIMING] emit_host_span: [STRACE] v=1 pid=401248 tid=401248 inv=7 hid=60e783f8d607f7c6 depth=1 name=chip.run.claim_release ts=7230754627357716 dur=420 
[mono_ns=7230754627364456][T0xeb3696d6b020][TIMING] emit_host_span: [STRACE] v=1 pid=401248 tid=401248 inv=7 hid=60e783f8d607f7c6 depth=0 name=chip.run ts=7230754517637342 dur=109725084 run_id=7 dispatch_id=7 slot_id=0 generation=7 run_epoch=7
[mono_ns=7230754678467920][T0xeb3696d6b020][TIMING] emit_host_span: [STRACE] v=1 pid=401248 tid=401248 inv=8 hid=60e783f8d607f7c6 depth=2 name=chip.run.bind.args ts=7230754678337740 dur=124560 
[mono_ns=7230754678486660][T0xeb3696d6b020][TIMING] emit_host_span: [STRACE] v=1 pid=401248 tid=401248 inv=8 hid=60e783f8d607f7c6 depth=2 name=chip.run.bind.prebuilt ts=7230754678481230 dur=2920 
[mono_ns=7230754678522900][T0xeb3696d6b020][TIMING] emit_host_span: [STRACE] v=1 pid=401248 tid=401248 inv=8 hid=60e783f8d607f7c6 depth=1 name=chip.run.bind ts=7230754678327940 dur=192140 
[mono_ns=7230754684387128][T0xeb3554a10ca0][WARN] copy_aicore_buffer: [chip_swimlane_collector.cpp:689] Core 0: skipped 1024 AICore record slot(s) with start_time=0 (race-window write or recycled-buffer tail). buf seq=0 count=1024
[mono_ns=7230754684549528][T0xeb35396edca0][WARN] copy_aicore_buffer: [chip_swimlane_collector.cpp:689] Core 2: skipped 1024 AICore record slot(s) with start_time=0 (race-window write or recycled-buffer tail). buf seq=0 count=1024
[mono_ns=7230754684709298][T0xeb3554a10ca0][WARN] copy_aicore_buffer: [chip_swimlane_collector.cpp:689] Core 24: skipped 1023 AICore record slot(s) with start_time=0 (race-window write or recycled-buffer tail). buf seq=0 count=1024
[mono_ns=7230754684822518][T0xeb3539efdca0][WARN] copy_aicore_buffer: [chip_swimlane_collector.cpp:689] Core 1: skipped 1024 AICore record slot(s) with start_time=0 (race-window write or recycled-buffer tail). buf seq=0 count=1024
[mono_ns=7230754684872738][T0xeb35396edca0][WARN] copy_aicore_buffer: [chip_swimlane_collector.cpp:689] Core 28: skipped 1023 AICore record slot(s) with start_time=0 (race-window write or recycled-buffer tail). buf seq=0 count=1024
[mono_ns=7230754685038888][T0xeb3554a10ca0][WARN] copy_aicore_buffer: [chip_swimlane_collector.cpp:689] Core 25: skipped 1024 AICore record slot(s) with start_time=0 (race-window write or recycled-buffer tail). buf seq=0 count=1024
[mono_ns=7230754685160758][T0xeb3539efdca0][WARN] copy_aicore_buffer: [chip_swimlane_collector.cpp:689] Core 26: skipped 1023 AICore record slot(s) with start_time=0 (race-window write or recycled-buffer tail). buf seq=0 count=1024
[mono_ns=7230754685199838][T0xeb35396edca0][WARN] copy_aicore_buffer: [chip_swimlane_collector.cpp:689] Core 29: skipped 1024 AICore record slot(s) with start_time=0 (race-window write or recycled-buffer tail). buf seq=0 count=1024
[mono_ns=7230754685396028][T0xeb3554a10ca0][WARN] copy_aicore_buffer: [chip_swimlane_collector.cpp:689] Core 3: skipped 1024 AICore record slot(s) with start_time=0 (race-window write or recycled-buffer tail). buf seq=0 count=1024
[mono_ns=7230754685471888][T0xeb3539efdca0][WARN] copy_aicore_buffer: [chip_swimlane_collector.cpp:689] Core 27: skipped 1024 AICore record slot(s) with start_time=0 (race-window write or recycled-buffer tail). buf seq=0 count=1024
[mono_ns=7230754685508288][T0xeb35396edca0][WARN] copy_aicore_buffer: [chip_swimlane_collector.cpp:689] Core 5: skipped 1024 AICore record slot(s) with start_time=0 (race-window write or recycled-buffer tail). buf seq=0 count=1024
[mono_ns=7230754685707237][T0xeb3554a10ca0][WARN] copy_aicore_buffer: [chip_swimlane_collector.cpp:689] Core 30: skipped 1024 AICore record slot(s) with start_time=0 (race-window write or recycled-buffer tail). buf seq=0 count=1024
[mono_ns=7230754685783267][T0xeb3539efdca0][WARN] copy_aicore_buffer: [chip_swimlane_collector.cpp:689] Core 4: skipped 1024 AICore record slot(s) with start_time=0 (race-window write or recycled-buffer tail). buf seq=0 count=1024
[mono_ns=7230754685820727][T0xeb35396edca0][WARN] copy_aicore_buffer: [chip_swimlane_collector.cpp:689] Core 34: skipped 1024 AICore record slot(s) with start_time=0 (race-window write or recycled-buffer tail). buf seq=0 count=1024
[mono_ns=7230754686033827][T0xeb3554a10ca0][WARN] copy_aicore_buffer: [chip_swimlane_collector.cpp:689] Core 31: skipped 1024 AICore record slot(s) with start_time=0 (race-window write or recycled-buffer tail). buf seq=0 count=1024
[mono_ns=7230754686107207][T0xeb3539efdca0][WARN] copy_aicore_buffer: [chip_swimlane_collector.cpp:689] Core 32: skipped 1024 AICore record slot(s) with start_time=0 (race-window write or recycled-buffer tail). buf seq=0 count=1024
[mono_ns=7230754686188067][T0xeb35396edca0][WARN] copy_aicore_buffer: [chip_swimlane_collector.cpp:689] Core 35: skipped 1024 AICore record slot(s) with start_time=0 (race-window write or recycled-buffer tail). buf seq=0 count=1024
[mono_ns=7230754686345657][T0xeb3554a10ca0][WARN] copy_aicore_buffer: [chip_swimlane_collector.cpp:689] Core 6: skipped 1024 AICore record slot(s) with start_time=0 (race-window write or recycled-buffer tail). buf seq=0 count=1024
[mono_ns=7230754686417977][T0xeb3539efdca0][WARN] copy_aicore_buffer: [chip_swimlane_collector.cpp:689] Core 33: skipped 1024 AICore record slot(s) with start_time=0 (race-window write or recycled-buffer tail). buf seq=0 count=1024
[mono_ns=7230754686502327][T0xeb35396edca0][WARN] copy_aicore_buffer: [chip_swimlane_collector.cpp:689] Core 8: skipped 1024 AICore record slot(s) with start_time=0 (race-window write or recycled-buffer tail). buf seq=0 count=1024
[mono_ns=7230754686656957][T0xeb3554a10ca0][WARN] copy_aicore_buffer: [chip_swimlane_collector.cpp:689] Core 36: skipped 1024 AICore record slot(s) with start_time=0 (race-window write or recycled-buffer tail). buf seq=0 count=1024
[mono_ns=7230754686728027][T0xeb3539efdca0][WARN] copy_aicore_buffer: [chip_swimlane_collector.cpp:689] Core 7: skipped 1024 AICore record slot(s) with start_time=0 (race-window write or recycled-buffer tail). buf seq=0 count=1024
[mono_ns=7230754686814307][T0xeb35396edca0][WARN] copy_aicore_buffer: [chip_swimlane_collector.cpp:689] Core 40: skipped 1024 AICore record slot(s) with start_time=0 (race-window write or recycled-buffer tail). buf seq=0 count=1024
[mono_ns=7230754686969867][T0xeb3554a10ca0][WARN] copy_aicore_buffer: [chip_swimlane_collector.cpp:689] Core 37: skipped 1024 AICore record slot(s) with start_time=0 (race-window write or recycled-buffer tail). buf seq=0 count=1024
[mono_ns=7230754687055677][T0xeb3539efdca0][WARN] copy_aicore_buffer: [chip_swimlane_collector.cpp:689] Core 38: skipped 1024 AICore record slot(s) with start_time=0 (race-window write or recycled-buffer tail). buf seq=0 count=1024
[mono_ns=7230754687144387][T0xeb35396edca0][WARN] copy_aicore_buffer: [chip_swimlane_collector.cpp:689] Core 41: skipped 1024 AICore record slot(s) with start_time=0 (race-window write or recycled-buffer tail). buf seq=0 count=1024
[mono_ns=7230754687293317][T0xeb3554a10ca0][WARN] copy_aicore_buffer: [chip_swimlane_collector.cpp:689] Core 9: skipped 1024 AICore record slot(s) with start_time=0 (race-window write or recycled-buffer tail). buf seq=0 count=1024
[mono_ns=7230754687366717][T0xeb3539efdca0][WARN] copy_aicore_buffer: [chip_swimlane_collector.cpp:689] Core 39: skipped 1024 AICore record slot(s) with start_time=0 (race-window write or recycled-buffer tail). buf seq=0 count=1024
[mono_ns=7230754687457207][T0xeb35396edca0][WARN] copy_aicore_buffer: [chip_swimlane_collector.cpp:689] Core 11: skipped 1024 AICore record slot(s) with start_time=0 (race-window write or recycled-buffer tail). buf seq=0 count=1024
[mono_ns=7230754687606117][T0xeb3554a10ca0][WARN] copy_aicore_buffer: [chip_swimlane_collector.cpp:689] Core 42: skipped 1024 AICore record slot(s) with start_time=0 (race-window write or recycled-buffer tail). buf seq=0 count=1024
[mono_ns=7230754687677817][T0xeb3539efdca0][WARN] copy_aicore_buffer: [chip_swimlane_collector.cpp:689] Core 10: skipped 1024 AICore record slot(s) with start_time=0 (race-window write or recycled-buffer tail). buf seq=0 count=1024
[mono_ns=7230754687770507][T0xeb35396edca0][WARN] copy_aicore_buffer: [chip_swimlane_collector.cpp:689] Core 46: skipped 1024 AICore record slot(s) with start_time=0 (race-window write or recycled-buffer tail). buf seq=0 count=1024
[mono_ns=7230754687917167][T0xeb3554a10ca0][WARN] copy_aicore_buffer: [chip_swimlane_collector.cpp:689] Core 43: skipped 1024 AICore record slot(s) with start_time=0 (race-window write or recycled-buffer tail). buf seq=0 count=1024
[mono_ns=7230754687988477][T0xeb3539efdca0][WARN] copy_aicore_buffer: [chip_swimlane_collector.cpp:689] Core 44: skipped 1024 AICore record slot(s) with start_time=0 (race-window write or recycled-buffer tail). buf seq=0 count=1024
[mono_ns=7230754688100667][T0xeb35396edca0][WARN] copy_aicore_buffer: [chip_swimlane_collector.cpp:689] Core 47: skipped 1024 AICore record slot(s) with start_time=0 (race-window write or recycled-buffer tail). buf seq=0 count=1024
[mono_ns=7230754688243357][T0xeb3554a10ca0][WARN] copy_aicore_buffer: [chip_swimlane_collector.cpp:689] Core 12: skipped 1024 AICore record slot(s) with start_time=0 (race-window write or recycled-buffer tail). buf seq=0 count=1024
[mono_ns=7230754688369817][T0xeb3539efdca0][WARN] copy_aicore_buffer: [chip_swimlane_collector.cpp:689] Core 45: skipped 1024 AICore record slot(s) with start_time=0 (race-window write or recycled-buffer tail). buf seq=0 count=1024
[mono_ns=7230754688411837][T0xeb35396edca0][WARN] copy_aicore_buffer: [chip_swimlane_collector.cpp:689] Core 14: skipped 1024 AICore record slot(s) with start_time=0 (race-window write or recycled-buffer tail). buf seq=0 count=1024
[mono_ns=7230754688555667][T0xeb3554a10ca0][WARN] copy_aicore_buffer: [chip_swimlane_collector.cpp:689] Core 48: skipped 1024 AICore record slot(s) with start_time=0 (race-window write or recycled-buffer tail). buf seq=0 count=1024
[mono_ns=7230754688722586][T0xeb3539efdca0][WARN] copy_aicore_buffer: [chip_swimlane_collector.cpp:689] Core 13: skipped 1024 AICore record slot(s) with start_time=0 (race-window write or recycled-buffer tail). buf seq=0 count=1024
[mono_ns=7230754688724756][T0xeb35396edca0][WARN] copy_aicore_buffer: [chip_swimlane_collector.cpp:689] Core 52: skipped 1024 AICore record slot(s) with start_time=0 (race-window write or recycled-buffer tail). buf seq=0 count=1024
[mono_ns=7230754688866106][T0xeb3554a10ca0][WARN] copy_aicore_buffer: [chip_swimlane_collector.cpp:689] Core 49: skipped 1024 AICore record slot(s) with start_time=0 (race-window write or recycled-buffer tail). buf seq=0 count=1024
[mono_ns=7230754689042096][T0xeb35396edca0][WARN] copy_aicore_buffer: [chip_swimlane_collector.cpp:689] Core 53: skipped 1024 AICore record slot(s) with start_time=0 (race-window write or recycled-buffer tail). buf seq=0 count=1024
[mono_ns=7230754689043516][T0xeb3539efdca0][WARN] copy_aicore_buffer: [chip_swimlane_collector.cpp:689] Core 50: skipped 1024 AICore record slot(s) with start_time=0 (race-window write or recycled-buffer tail). buf seq=0 count=1024
[mono_ns=7230754689187506][T0xeb3554a10ca0][WARN] copy_aicore_buffer: [chip_swimlane_collector.cpp:689] Core 15: skipped 1024 AICore record slot(s) with start_time=0 (race-window write or recycled-buffer tail). buf seq=0 count=1024
[mono_ns=7230754689350686][T0xeb3539efdca0][WARN] copy_aicore_buffer: [chip_swimlane_collector.cpp:689] Core 51: skipped 1024 AICore record slot(s) with start_time=0 (race-window write or recycled-buffer tail). buf seq=0 count=1024
[mono_ns=7230754689354546][T0xeb35396edca0][WARN] copy_aicore_buffer: [chip_swimlane_collector.cpp:689] Core 17: skipped 1024 AICore record slot(s) with start_time=0 (race-window write or recycled-buffer tail). buf seq=0 count=1024
[mono_ns=7230754689541636][T0xeb3554a10ca0][WARN] copy_aicore_buffer: [chip_swimlane_collector.cpp:689] Core 54: skipped 1024 AICore record slot(s) with start_time=0 (race-window write or recycled-buffer tail). buf seq=0 count=1024
[mono_ns=7230754689659326][T0xeb3539efdca0][WARN] copy_aicore_buffer: [chip_swimlane_collector.cpp:689] Core 16: skipped 1024 AICore record slot(s) with start_time=0 (race-window write or recycled-buffer tail). buf seq=0 count=1024
[mono_ns=7230754689661866][T0xeb35396edca0][WARN] copy_aicore_buffer: [chip_swimlane_collector.cpp:689] Core 58: skipped 1024 AICore record slot(s) with start_time=0 (race-window write or recycled-buffer tail). buf seq=0 count=1024
[mono_ns=7230754689852616][T0xeb3554a10ca0][WARN] copy_aicore_buffer: [chip_swimlane_collector.cpp:689] Core 55: skipped 1024 AICore record slot(s) with start_time=0 (race-window write or recycled-buffer tail). buf seq=0 count=1024
[mono_ns=7230754689969116][T0xeb35396edca0][WARN] copy_aicore_buffer: [chip_swimlane_collector.cpp:689] Core 59: skipped 1024 AICore record slot(s) with start_time=0 (race-window write or recycled-buffer tail). buf seq=0 count=1024
[mono_ns=7230754689969906][T0xeb3539efdca0][WARN] copy_aicore_buffer: [chip_swimlane_collector.cpp:689] Core 56: skipped 1024 AICore record slot(s) with start_time=0 (race-window write or recycled-buffer tail). buf seq=0 count=1024
[mono_ns=7230754690183796][T0xeb3554a10ca0][WARN] copy_aicore_buffer: [chip_swimlane_collector.cpp:689] Core 18: skipped 1024 AICore record slot(s) with start_time=0 (race-window write or recycled-buffer tail). buf seq=0 count=1024
[mono_ns=7230754690295856][T0xeb35396edca0][WARN] copy_aicore_buffer: [chip_swimlane_collector.cpp:689] Core 20: skipped 1024 AICore record slot(s) with start_time=0 (race-window write or recycled-buffer tail). buf seq=0 count=1024
[mono_ns=7230754690313966][T0xeb3539efdca0][WARN] copy_aicore_buffer: [chip_swimlane_collector.cpp:689] Core 57: skipped 1024 AICore record slot(s) with start_time=0 (race-window write or recycled-buffer tail). buf seq=0 count=1024
[mono_ns=7230754690495356][T0xeb3554a10ca0][WARN] copy_aicore_buffer: [chip_swimlane_collector.cpp:689] Core 60: skipped 1024 AICore record slot(s) with start_time=0 (race-window write or recycled-buffer tail). buf seq=0 count=1024
[mono_ns=7230754690607576][T0xeb35396edca0][WARN] copy_aicore_buffer: [chip_swimlane_collector.cpp:689] Core 64: skipped 1024 AICore record slot(s) with start_time=0 (race-window write or recycled-buffer tail). buf seq=0 count=1024
[mono_ns=7230754690624776][T0xeb3539efdca0][WARN] copy_aicore_buffer: [chip_swimlane_collector.cpp:689] Core 19: skipped 1024 AICore record slot(s) with start_time=0 (race-window write or recycled-buffer tail). buf seq=0 count=1024
[mono_ns=7230754690810406][T0xeb3554a10ca0][WARN] copy_aicore_buffer: [chip_swimlane_collector.cpp:689] Core 61: skipped 1024 AICore record slot(s) with start_time=0 (race-window write or recycled-buffer tail). buf seq=0 count=1024
[mono_ns=7230754690919156][T0xeb35396edca0][WARN] copy_aicore_buffer: [chip_swimlane_collector.cpp:689] Core 65: skipped 1024 AICore record slot(s) with start_time=0 (race-window write or recycled-buffer tail). buf seq=0 count=1024
[mono_ns=7230754690930296][T0xeb3539efdca0][WARN] copy_aicore_buffer: [chip_swimlane_collector.cpp:689] Core 62: skipped 1024 AICore record slot(s) with start_time=0 (race-window write or recycled-buffer tail). buf seq=0 count=1024
[mono_ns=7230754691131396][T0xeb3554a10ca0][WARN] copy_aicore_buffer: [chip_swimlane_collector.cpp:689] Core 21: skipped 1024 AICore record slot(s) with start_time=0 (race-window write or recycled-buffer tail). buf seq=0 count=1024
[mono_ns=7230754691255906][T0xeb3539efdca0][WARN] copy_aicore_buffer: [chip_swimlane_collector.cpp:689] Core 63: skipped 1024 AICore record slot(s) with start_time=0 (race-window write or recycled-buffer tail). buf seq=0 count=1024
[mono_ns=7230754691274976][T0xeb35396edca0][WARN] copy_aicore_buffer: [chip_swimlane_collector.cpp:689] Core 23: skipped 1024 AICore record slot(s) with start_time=0 (race-window write or recycled-buffer tail). buf seq=0 count=1024
[mono_ns=7230754691442856][T0xeb3554a10ca0][WARN] copy_aicore_buffer: [chip_swimlane_collector.cpp:689] Core 66: skipped 1024 AICore record slot(s) with start_time=0 (race-window write or recycled-buffer tail). buf seq=0 count=1024
[mono_ns=7230754691566316][T0xeb3539efdca0][WARN] copy_aicore_buffer: [chip_swimlane_collector.cpp:689] Core 22: skipped 1024 AICore record slot(s) with start_time=0 (race-window write or recycled-buffer tail). buf seq=0 count=1024
[mono_ns=7230754691588566][T0xeb35396edca0][WARN] copy_aicore_buffer: [chip_swimlane_collector.cpp:689] Core 70: skipped 1024 AICore record slot(s) with start_time=0 (race-window write or recycled-buffer tail). buf seq=0 count=1024
[mono_ns=7230754691755165][T0xeb3554a10ca0][WARN] copy_aicore_buffer: [chip_swimlane_collector.cpp:689] Core 67: skipped 1024 AICore record slot(s) with start_time=0 (race-window write or recycled-buffer tail). buf seq=0 count=1024
[mono_ns=7230754691876585][T0xeb3539efdca0][WARN] copy_aicore_buffer: [chip_swimlane_collector.cpp:689] Core 68: skipped 1024 AICore record slot(s) with start_time=0 (race-window write or recycled-buffer tail). buf seq=0 count=1024
[mono_ns=7230754691928935][T0xeb35396edca0][WARN] copy_aicore_buffer: [chip_swimlane_collector.cpp:689] Core 71: skipped 1024 AICore record slot(s) with start_time=0 (race-window write or recycled-buffer tail). buf seq=0 count=1024
[mono_ns=7230754692193625][T0xeb3539efdca0][WARN] copy_aicore_buffer: [chip_swimlane_collector.cpp:689] Core 69: skipped 1024 AICore record slot(s) with start_time=0 (race-window write or recycled-buffer tail). buf seq=0 count=1024
[mono_ns=7230754793105263][T0xeb3696d6b020][TIMING] emit_host_span: [STRACE] v=1 pid=401248 tid=401248 inv=8 hid=60e783f8d607f7c6 depth=1 name=chip.run.runner_run ts=7230754678855310 dur=114238713 
[mono_ns=7230754793214793][T0xeb3696d6b020][TIMING] emit_host_span: [STRACE] v=1 pid=401248 tid=401248 inv=8 hid=60e783f8d607f7c6 depth=1 name=chip.run.validate ts=7230754793122573 dur=88340 
[mono_ns=7230754793226113][T0xeb3696d6b020][TIMING] emit_host_span: [STRACE] v=1 pid=401248 tid=401248 inv=8 hid=60e783f8d607f7c6 depth=2 name=chip.run.runner_run.device_wall ts=0 dur=4923980 clk=dev
[mono_ns=7230754793230193][T0xeb3696d6b020][TIMING] emit_host_span: [STRACE] v=1 pid=401248 tid=401248 inv=8 hid=60e783f8d607f7c6 depth=3 name=chip.run.runner_run.device_wall.preamble ts=0 dur=109800 clk=dev
[mono_ns=7230754793277163][T0xeb3696d6b020][TIMING] emit_host_span: [STRACE] v=1 pid=401248 tid=401248 inv=8 hid=60e783f8d607f7c6 depth=3 name=chip.run.runner_run.device_wall.graph_build ts=105320 dur=4807040 clk=dev
[mono_ns=7230754793281033][T0xeb3696d6b020][TIMING] emit_host_span: [STRACE] v=1 pid=401248 tid=401248 inv=8 hid=60e783f8d607f7c6 depth=3 name=chip.run.runner_run.device_wall.config_validate ts=105400 dur=780 clk=dev
[mono_ns=7230754793284803][T0xeb3696d6b020][TIMING] emit_host_span: [STRACE] v=1 pid=401248 tid=401248 inv=8 hid=60e783f8d607f7c6 depth=3 name=chip.run.runner_run.device_wall.arena_wire ts=106200 dur=459 clk=dev
[mono_ns=7230754793287693][T0xeb3696d6b020][TIMING] emit_host_span: [STRACE] v=1 pid=401248 tid=401248 inv=8 hid=60e783f8d607f7c6 depth=3 name=chip.run.runner_run.device_wall.sm_reset ts=106700 dur=640 clk=dev
[mono_ns=7230754793291353][T0xeb3696d6b020][TIMING] emit_host_span: [STRACE] v=1 pid=401248 tid=401248 inv=8 hid=60e783f8d607f7c6 depth=3 name=chip.run.runner_run.device_wall.post_orch ts=4912380 dur=11500 clk=dev
[mono_ns=7230754793294603][T0xeb3696d6b020][TIMING] emit_host_span: [STRACE] v=1 pid=401248 tid=401248 inv=8 hid=60e783f8d607f7c6 depth=3 name=chip.run.runner_run.device_wall.orch ts=107399 dur=3820 clk=dev
[mono_ns=7230754793298033][T0xeb3696d6b020][TIMING] emit_host_span: [STRACE] v=1 pid=401248 tid=401248 inv=8 hid=60e783f8d607f7c6 depth=3 name=chip.run.runner_run.device_wall.sched ts=110280 dur=4777680 clk=dev
[mono_ns=7230754793303453][T0xeb3696d6b020][TIMING] emit_host_span: [STRACE] v=1 pid=401248 tid=401248 inv=8 hid=60e783f8d607f7c6 depth=1 name=chip.run.claim_release ts=7230754793300633 dur=530 
[mono_ns=7230754793331003][T0xeb3696d6b020][TIMING] emit_host_span: [STRACE] v=1 pid=401248 tid=401248 inv=8 hid=60e783f8d607f7c6 depth=0 name=chip.run ts=7230754678280780 dur=115047873 run_id=8 dispatch_id=8 slot_id=0 generation=8 run_epoch=8
