[mono_ns=7230015030206935][T0xf52485a2b020][TIMING] emit_host_span: [STRACE] v=1 pid=106340 tid=106340 inv=1 hid=5b97acc14469116c depth=2 name=chip.run.bind.args ts=7230015030057544 dur=141321 
[mono_ns=7230015030228075][T0xf52485a2b020][TIMING] emit_host_span: [STRACE] v=1 pid=106340 tid=106340 inv=1 hid=5b97acc14469116c depth=2 name=chip.run.bind.prebuilt ts=7230015030221395 dur=4070 
[mono_ns=7230015030233325][T0xf52485a2b020][TIMING] emit_host_span: [STRACE] v=1 pid=106340 tid=106340 inv=1 hid=5b97acc14469116c depth=1 name=chip.run.bind ts=7230015029591892 dur=639123 
[mono_ns=7230015146770595][T0xf52485a2b020][TIMING] emit_host_span: [STRACE] v=1 pid=106340 tid=106340 inv=1 hid=5b97acc14469116c depth=1 name=chip.run.runner_run ts=7230015030954519 dur=115805426 
[mono_ns=7230015146912975][T0xf52485a2b020][TIMING] emit_host_span: [STRACE] v=1 pid=106340 tid=106340 inv=1 hid=5b97acc14469116c depth=1 name=chip.run.validate ts=7230015146788655 dur=120210 
[mono_ns=7230015146924645][T0xf52485a2b020][TIMING] emit_host_span: [STRACE] v=1 pid=106340 tid=106340 inv=1 hid=5b97acc14469116c depth=2 name=chip.run.runner_run.device_wall ts=0 dur=482659 clk=dev
[mono_ns=7230015146929065][T0xf52485a2b020][TIMING] emit_host_span: [STRACE] v=1 pid=106340 tid=106340 inv=1 hid=5b97acc14469116c depth=3 name=chip.run.runner_run.device_wall.preamble ts=0 dur=174940 clk=dev
[mono_ns=7230015146933305][T0xf52485a2b020][TIMING] emit_host_span: [STRACE] v=1 pid=106340 tid=106340 inv=1 hid=5b97acc14469116c depth=3 name=chip.run.runner_run.device_wall.graph_build ts=38620 dur=426219 clk=dev
[mono_ns=7230015146937755][T0xf52485a2b020][TIMING] emit_host_span: [STRACE] v=1 pid=106340 tid=106340 inv=1 hid=5b97acc14469116c depth=3 name=chip.run.runner_run.device_wall.config_validate ts=42820 dur=3220 clk=dev
[mono_ns=7230015146943476][T0xf52485a2b020][TIMING] emit_host_span: [STRACE] v=1 pid=106340 tid=106340 inv=1 hid=5b97acc14469116c depth=3 name=chip.run.runner_run.device_wall.arena_wire ts=46060 dur=12459 clk=dev
[mono_ns=7230015146947706][T0xf52485a2b020][TIMING] emit_host_span: [STRACE] v=1 pid=106340 tid=106340 inv=1 hid=5b97acc14469116c depth=3 name=chip.run.runner_run.device_wall.sm_reset ts=58540 dur=17380 clk=dev
[mono_ns=7230015146952126][T0xf52485a2b020][TIMING] emit_host_span: [STRACE] v=1 pid=106340 tid=106340 inv=1 hid=5b97acc14469116c depth=3 name=chip.run.runner_run.device_wall.post_orch ts=464900 dur=14360 clk=dev
[mono_ns=7230015146956246][T0xf52485a2b020][TIMING] emit_host_span: [STRACE] v=1 pid=106340 tid=106340 inv=1 hid=5b97acc14469116c depth=3 name=chip.run.runner_run.device_wall.orch ts=80780 dur=47160 clk=dev
[mono_ns=7230015146960696][T0xf52485a2b020][TIMING] emit_host_span: [STRACE] v=1 pid=106340 tid=106340 inv=1 hid=5b97acc14469116c depth=3 name=chip.run.runner_run.device_wall.sched ts=176540 dur=266340 clk=dev
[mono_ns=7230015146967096][T0xf52485a2b020][TIMING] emit_host_span: [STRACE] v=1 pid=106340 tid=106340 inv=1 hid=5b97acc14469116c depth=1 name=chip.run.claim_release ts=7230015146964186 dur=1140 
[mono_ns=7230015146975126][T0xf52485a2b020][TIMING] emit_host_span: [STRACE] v=1 pid=106340 tid=106340 inv=1 hid=5b97acc14469116c depth=0 name=chip.run ts=7230015029548872 dur=117424304 run_id=1 dispatch_id=1 slot_id=0 generation=1 run_epoch=1
[mono_ns=7230015154981148][T0xf52485a2b020][TIMING] emit_host_span: [STRACE] v=1 pid=106340 tid=106340 inv=2 hid=5b97acc14469116c depth=2 name=chip.run.bind.args ts=7230015154855338 dur=119200 
[mono_ns=7230015154999498][T0xf52485a2b020][TIMING] emit_host_span: [STRACE] v=1 pid=106340 tid=106340 inv=2 hid=5b97acc14469116c depth=2 name=chip.run.bind.prebuilt ts=7230015154993878 dur=3280 
[mono_ns=7230015155019088][T0xf52485a2b020][TIMING] emit_host_span: [STRACE] v=1 pid=106340 tid=106340 inv=2 hid=5b97acc14469116c depth=1 name=chip.run.bind ts=7230015154847988 dur=168600 
[mono_ns=7230015226870080][T0xf523349ecca0][WARN] copy_aicore_buffer: [chip_swimlane_collector.cpp:689] Core 1: skipped 1024 AICore record slot(s) with start_time=0 (race-window write or recycled-buffer tail). buf seq=0 count=1024
[mono_ns=7230015226878520][T0xf52328db9ca0][WARN] copy_aicore_buffer: [chip_swimlane_collector.cpp:689] Core 2: skipped 1024 AICore record slot(s) with start_time=0 (race-window write or recycled-buffer tail). buf seq=0 count=1024
[mono_ns=7230015226912051][T0xf523351fcca0][WARN] copy_aicore_buffer: [chip_swimlane_collector.cpp:689] Core 0: skipped 1024 AICore record slot(s) with start_time=0 (race-window write or recycled-buffer tail). buf seq=0 count=1024
[mono_ns=7230015227231802][T0xf52328db9ca0][WARN] copy_aicore_buffer: [chip_swimlane_collector.cpp:689] Core 28: skipped 1023 AICore record slot(s) with start_time=0 (race-window write or recycled-buffer tail). buf seq=0 count=1024
[mono_ns=7230015227237402][T0xf523349ecca0][WARN] copy_aicore_buffer: [chip_swimlane_collector.cpp:689] Core 26: skipped 1023 AICore record slot(s) with start_time=0 (race-window write or recycled-buffer tail). buf seq=0 count=1024
[mono_ns=7230015227278772][T0xf523351fcca0][WARN] copy_aicore_buffer: [chip_swimlane_collector.cpp:689] Core 24: skipped 1023 AICore record slot(s) with start_time=0 (race-window write or recycled-buffer tail). buf seq=0 count=1024
[mono_ns=7230015227554444][T0xf52328db9ca0][WARN] copy_aicore_buffer: [chip_swimlane_collector.cpp:689] Core 29: skipped 1024 AICore record slot(s) with start_time=0 (race-window write or recycled-buffer tail). buf seq=0 count=1024
[mono_ns=7230015227556674][T0xf523349ecca0][WARN] copy_aicore_buffer: [chip_swimlane_collector.cpp:689] Core 27: skipped 1024 AICore record slot(s) with start_time=0 (race-window write or recycled-buffer tail). buf seq=0 count=1024
[mono_ns=7230015227618264][T0xf523351fcca0][WARN] copy_aicore_buffer: [chip_swimlane_collector.cpp:689] Core 25: skipped 1024 AICore record slot(s) with start_time=0 (race-window write or recycled-buffer tail). buf seq=0 count=1024
[mono_ns=7230015227893736][T0xf52328db9ca0][WARN] copy_aicore_buffer: [chip_swimlane_collector.cpp:689] Core 5: skipped 1024 AICore record slot(s) with start_time=0 (race-window write or recycled-buffer tail). buf seq=0 count=1024
[mono_ns=7230015227907186][T0xf523349ecca0][WARN] copy_aicore_buffer: [chip_swimlane_collector.cpp:689] Core 4: skipped 1024 AICore record slot(s) with start_time=0 (race-window write or recycled-buffer tail). buf seq=0 count=1024
[mono_ns=7230015227980286][T0xf523351fcca0][WARN] copy_aicore_buffer: [chip_swimlane_collector.cpp:689] Core 3: skipped 1024 AICore record slot(s) with start_time=0 (race-window write or recycled-buffer tail). buf seq=0 count=1024
[mono_ns=7230015228238988][T0xf52328db9ca0][WARN] copy_aicore_buffer: [chip_swimlane_collector.cpp:689] Core 34: skipped 1024 AICore record slot(s) with start_time=0 (race-window write or recycled-buffer tail). buf seq=0 count=1024
[mono_ns=7230015228246058][T0xf523349ecca0][WARN] copy_aicore_buffer: [chip_swimlane_collector.cpp:689] Core 32: skipped 1024 AICore record slot(s) with start_time=0 (race-window write or recycled-buffer tail). buf seq=0 count=1024
[mono_ns=7230015228336568][T0xf523351fcca0][WARN] copy_aicore_buffer: [chip_swimlane_collector.cpp:689] Core 30: skipped 1024 AICore record slot(s) with start_time=0 (race-window write or recycled-buffer tail). buf seq=0 count=1024
[mono_ns=7230015228567849][T0xf52328db9ca0][WARN] copy_aicore_buffer: [chip_swimlane_collector.cpp:689] Core 35: skipped 1024 AICore record slot(s) with start_time=0 (race-window write or recycled-buffer tail). buf seq=0 count=1024
[mono_ns=7230015228571199][T0xf523349ecca0][WARN] copy_aicore_buffer: [chip_swimlane_collector.cpp:689] Core 33: skipped 1024 AICore record slot(s) with start_time=0 (race-window write or recycled-buffer tail). buf seq=0 count=1024
[mono_ns=7230015228674690][T0xf523351fcca0][WARN] copy_aicore_buffer: [chip_swimlane_collector.cpp:689] Core 31: skipped 1024 AICore record slot(s) with start_time=0 (race-window write or recycled-buffer tail). buf seq=0 count=1024
[mono_ns=7230015228893061][T0xf52328db9ca0][WARN] copy_aicore_buffer: [chip_swimlane_collector.cpp:689] Core 8: skipped 1024 AICore record slot(s) with start_time=0 (race-window write or recycled-buffer tail). buf seq=0 count=1024
[mono_ns=7230015228896191][T0xf523349ecca0][WARN] copy_aicore_buffer: [chip_swimlane_collector.cpp:689] Core 7: skipped 1024 AICore record slot(s) with start_time=0 (race-window write or recycled-buffer tail). buf seq=0 count=1024
[mono_ns=7230015229021112][T0xf523351fcca0][WARN] copy_aicore_buffer: [chip_swimlane_collector.cpp:689] Core 6: skipped 1024 AICore record slot(s) with start_time=0 (race-window write or recycled-buffer tail). buf seq=0 count=1024
[mono_ns=7230015229222373][T0xf52328db9ca0][WARN] copy_aicore_buffer: [chip_swimlane_collector.cpp:689] Core 40: skipped 1024 AICore record slot(s) with start_time=0 (race-window write or recycled-buffer tail). buf seq=0 count=1024
[mono_ns=7230015229235573][T0xf523349ecca0][WARN] copy_aicore_buffer: [chip_swimlane_collector.cpp:689] Core 38: skipped 1024 AICore record slot(s) with start_time=0 (race-window write or recycled-buffer tail). buf seq=0 count=1024
[mono_ns=7230015229359824][T0xf523351fcca0][WARN] copy_aicore_buffer: [chip_swimlane_collector.cpp:689] Core 36: skipped 1024 AICore record slot(s) with start_time=0 (race-window write or recycled-buffer tail). buf seq=0 count=1024
[mono_ns=7230015229546685][T0xf52328db9ca0][WARN] copy_aicore_buffer: [chip_swimlane_collector.cpp:689] Core 41: skipped 1024 AICore record slot(s) with start_time=0 (race-window write or recycled-buffer tail). buf seq=0 count=1024
[mono_ns=7230015229556895][T0xf523349ecca0][WARN] copy_aicore_buffer: [chip_swimlane_collector.cpp:689] Core 39: skipped 1024 AICore record slot(s) with start_time=0 (race-window write or recycled-buffer tail). buf seq=0 count=1024
[mono_ns=7230015229699185][T0xf523351fcca0][WARN] copy_aicore_buffer: [chip_swimlane_collector.cpp:689] Core 37: skipped 1024 AICore record slot(s) with start_time=0 (race-window write or recycled-buffer tail). buf seq=0 count=1024
[mono_ns=7230015229870276][T0xf52328db9ca0][WARN] copy_aicore_buffer: [chip_swimlane_collector.cpp:689] Core 11: skipped 1024 AICore record slot(s) with start_time=0 (race-window write or recycled-buffer tail). buf seq=0 count=1024
[mono_ns=7230015229878116][T0xf523349ecca0][WARN] copy_aicore_buffer: [chip_swimlane_collector.cpp:689] Core 10: skipped 1024 AICore record slot(s) with start_time=0 (race-window write or recycled-buffer tail). buf seq=0 count=1024
[mono_ns=7230015230050857][T0xf523351fcca0][WARN] copy_aicore_buffer: [chip_swimlane_collector.cpp:689] Core 9: skipped 1024 AICore record slot(s) with start_time=0 (race-window write or recycled-buffer tail). buf seq=0 count=1024
[mono_ns=7230015230203418][T0xf523349ecca0][WARN] copy_aicore_buffer: [chip_swimlane_collector.cpp:689] Core 44: skipped 1024 AICore record slot(s) with start_time=0 (race-window write or recycled-buffer tail). buf seq=0 count=1024
[mono_ns=7230015230206468][T0xf52328db9ca0][WARN] copy_aicore_buffer: [chip_swimlane_collector.cpp:689] Core 46: skipped 1024 AICore record slot(s) with start_time=0 (race-window write or recycled-buffer tail). buf seq=0 count=1024
[mono_ns=7230015230390779][T0xf523351fcca0][WARN] copy_aicore_buffer: [chip_swimlane_collector.cpp:689] Core 42: skipped 1024 AICore record slot(s) with start_time=0 (race-window write or recycled-buffer tail). buf seq=0 count=1024
[mono_ns=7230015230525060][T0xf523349ecca0][WARN] copy_aicore_buffer: [chip_swimlane_collector.cpp:689] Core 45: skipped 1024 AICore record slot(s) with start_time=0 (race-window write or recycled-buffer tail). buf seq=0 count=1024
[mono_ns=7230015230531230][T0xf52328db9ca0][WARN] copy_aicore_buffer: [chip_swimlane_collector.cpp:689] Core 47: skipped 1024 AICore record slot(s) with start_time=0 (race-window write or recycled-buffer tail). buf seq=0 count=1024
[mono_ns=7230015230729231][T0xf523351fcca0][WARN] copy_aicore_buffer: [chip_swimlane_collector.cpp:689] Core 43: skipped 1024 AICore record slot(s) with start_time=0 (race-window write or recycled-buffer tail). buf seq=0 count=1024
[mono_ns=7230015230849861][T0xf523349ecca0][WARN] copy_aicore_buffer: [chip_swimlane_collector.cpp:689] Core 13: skipped 1024 AICore record slot(s) with start_time=0 (race-window write or recycled-buffer tail). buf seq=0 count=1024
[mono_ns=7230015230854041][T0xf52328db9ca0][WARN] copy_aicore_buffer: [chip_swimlane_collector.cpp:689] Core 14: skipped 1024 AICore record slot(s) with start_time=0 (race-window write or recycled-buffer tail). buf seq=0 count=1024
[mono_ns=7230015231077313][T0xf523351fcca0][WARN] copy_aicore_buffer: [chip_swimlane_collector.cpp:689] Core 12: skipped 1024 AICore record slot(s) with start_time=0 (race-window write or recycled-buffer tail). buf seq=0 count=1024
[mono_ns=7230015231183973][T0xf523349ecca0][WARN] copy_aicore_buffer: [chip_swimlane_collector.cpp:689] Core 50: skipped 1024 AICore record slot(s) with start_time=0 (race-window write or recycled-buffer tail). buf seq=0 count=1024
[mono_ns=7230015231189823][T0xf52328db9ca0][WARN] copy_aicore_buffer: [chip_swimlane_collector.cpp:689] Core 52: skipped 1024 AICore record slot(s) with start_time=0 (race-window write or recycled-buffer tail). buf seq=0 count=1024
[mono_ns=7230015231416724][T0xf523351fcca0][WARN] copy_aicore_buffer: [chip_swimlane_collector.cpp:689] Core 48: skipped 1024 AICore record slot(s) with start_time=0 (race-window write or recycled-buffer tail). buf seq=0 count=1024
[mono_ns=7230015231506595][T0xf523349ecca0][WARN] copy_aicore_buffer: [chip_swimlane_collector.cpp:689] Core 51: skipped 1024 AICore record slot(s) with start_time=0 (race-window write or recycled-buffer tail). buf seq=0 count=1024
[mono_ns=7230015231513155][T0xf52328db9ca0][WARN] copy_aicore_buffer: [chip_swimlane_collector.cpp:689] Core 53: skipped 1024 AICore record slot(s) with start_time=0 (race-window write or recycled-buffer tail). buf seq=0 count=1024
[mono_ns=7230015231759386][T0xf523351fcca0][WARN] copy_aicore_buffer: [chip_swimlane_collector.cpp:689] Core 49: skipped 1024 AICore record slot(s) with start_time=0 (race-window write or recycled-buffer tail). buf seq=0 count=1024
[mono_ns=7230015231828227][T0xf523349ecca0][WARN] copy_aicore_buffer: [chip_swimlane_collector.cpp:689] Core 16: skipped 1024 AICore record slot(s) with start_time=0 (race-window write or recycled-buffer tail). buf seq=0 count=1024
[mono_ns=7230015231834087][T0xf52328db9ca0][WARN] copy_aicore_buffer: [chip_swimlane_collector.cpp:689] Core 17: skipped 1024 AICore record slot(s) with start_time=0 (race-window write or recycled-buffer tail). buf seq=0 count=1024
[mono_ns=7230015232108578][T0xf523351fcca0][WARN] copy_aicore_buffer: [chip_swimlane_collector.cpp:689] Core 15: skipped 1024 AICore record slot(s) with start_time=0 (race-window write or recycled-buffer tail). buf seq=0 count=1024
[mono_ns=7230015232160338][T0xf523349ecca0][WARN] copy_aicore_buffer: [chip_swimlane_collector.cpp:689] Core 56: skipped 1024 AICore record slot(s) with start_time=0 (race-window write or recycled-buffer tail). buf seq=0 count=1024
[mono_ns=7230015232166348][T0xf52328db9ca0][WARN] copy_aicore_buffer: [chip_swimlane_collector.cpp:689] Core 58: skipped 1024 AICore record slot(s) with start_time=0 (race-window write or recycled-buffer tail). buf seq=0 count=1024
[mono_ns=7230015232445410][T0xf523351fcca0][WARN] copy_aicore_buffer: [chip_swimlane_collector.cpp:689] Core 54: skipped 1024 AICore record slot(s) with start_time=0 (race-window write or recycled-buffer tail). buf seq=0 count=1024
[mono_ns=7230015232484830][T0xf523349ecca0][WARN] copy_aicore_buffer: [chip_swimlane_collector.cpp:689] Core 57: skipped 1024 AICore record slot(s) with start_time=0 (race-window write or recycled-buffer tail). buf seq=0 count=1024
[mono_ns=7230015232489760][T0xf52328db9ca0][WARN] copy_aicore_buffer: [chip_swimlane_collector.cpp:689] Core 59: skipped 1024 AICore record slot(s) with start_time=0 (race-window write or recycled-buffer tail). buf seq=0 count=1024
[mono_ns=7230015232784852][T0xf523351fcca0][WARN] copy_aicore_buffer: [chip_swimlane_collector.cpp:689] Core 55: skipped 1024 AICore record slot(s) with start_time=0 (race-window write or recycled-buffer tail). buf seq=0 count=1024
[mono_ns=7230015232806782][T0xf523349ecca0][WARN] copy_aicore_buffer: [chip_swimlane_collector.cpp:689] Core 19: skipped 1024 AICore record slot(s) with start_time=0 (race-window write or recycled-buffer tail). buf seq=0 count=1024
[mono_ns=7230015232811782][T0xf52328db9ca0][WARN] copy_aicore_buffer: [chip_swimlane_collector.cpp:689] Core 20: skipped 1024 AICore record slot(s) with start_time=0 (race-window write or recycled-buffer tail). buf seq=0 count=1024
[mono_ns=7230015233136814][T0xf523351fcca0][WARN] copy_aicore_buffer: [chip_swimlane_collector.cpp:689] Core 18: skipped 1024 AICore record slot(s) with start_time=0 (race-window write or recycled-buffer tail). buf seq=0 count=1024
[mono_ns=7230015233138944][T0xf523349ecca0][WARN] copy_aicore_buffer: [chip_swimlane_collector.cpp:689] Core 62: skipped 1024 AICore record slot(s) with start_time=0 (race-window write or recycled-buffer tail). buf seq=0 count=1024
[mono_ns=7230015233157734][T0xf52328db9ca0][WARN] copy_aicore_buffer: [chip_swimlane_collector.cpp:689] Core 64: skipped 1024 AICore record slot(s) with start_time=0 (race-window write or recycled-buffer tail). buf seq=0 count=1024
[mono_ns=7230015233461375][T0xf523349ecca0][WARN] copy_aicore_buffer: [chip_swimlane_collector.cpp:689] Core 63: skipped 1024 AICore record slot(s) with start_time=0 (race-window write or recycled-buffer tail). buf seq=0 count=1024
[mono_ns=7230015233480905][T0xf52328db9ca0][WARN] copy_aicore_buffer: [chip_swimlane_collector.cpp:689] Core 65: skipped 1024 AICore record slot(s) with start_time=0 (race-window write or recycled-buffer tail). buf seq=0 count=1024
[mono_ns=7230015233481215][T0xf523351fcca0][WARN] copy_aicore_buffer: [chip_swimlane_collector.cpp:689] Core 60: skipped 1024 AICore record slot(s) with start_time=0 (race-window write or recycled-buffer tail). buf seq=0 count=1024
[mono_ns=7230015233782507][T0xf523349ecca0][WARN] copy_aicore_buffer: [chip_swimlane_collector.cpp:689] Core 22: skipped 1024 AICore record slot(s) with start_time=0 (race-window write or recycled-buffer tail). buf seq=0 count=1024
[mono_ns=7230015233805777][T0xf52328db9ca0][WARN] copy_aicore_buffer: [chip_swimlane_collector.cpp:689] Core 23: skipped 1024 AICore record slot(s) with start_time=0 (race-window write or recycled-buffer tail). buf seq=0 count=1024
[mono_ns=7230015233821367][T0xf523351fcca0][WARN] copy_aicore_buffer: [chip_swimlane_collector.cpp:689] Core 61: skipped 1024 AICore record slot(s) with start_time=0 (race-window write or recycled-buffer tail). buf seq=0 count=1024
[mono_ns=7230015234146899][T0xf52328db9ca0][WARN] copy_aicore_buffer: [chip_swimlane_collector.cpp:689] Core 70: skipped 1024 AICore record slot(s) with start_time=0 (race-window write or recycled-buffer tail). buf seq=0 count=1024
[mono_ns=7230015234162969][T0xf523349ecca0][WARN] copy_aicore_buffer: [chip_swimlane_collector.cpp:689] Core 68: skipped 1024 AICore record slot(s) with start_time=0 (race-window write or recycled-buffer tail). buf seq=0 count=1024
[mono_ns=7230015234177459][T0xf523351fcca0][WARN] copy_aicore_buffer: [chip_swimlane_collector.cpp:689] Core 21: skipped 1024 AICore record slot(s) with start_time=0 (race-window write or recycled-buffer tail). buf seq=0 count=1024
[mono_ns=7230015234470601][T0xf52328db9ca0][WARN] copy_aicore_buffer: [chip_swimlane_collector.cpp:689] Core 71: skipped 1024 AICore record slot(s) with start_time=0 (race-window write or recycled-buffer tail). buf seq=0 count=1024
[mono_ns=7230015234482551][T0xf523349ecca0][WARN] copy_aicore_buffer: [chip_swimlane_collector.cpp:689] Core 69: skipped 1024 AICore record slot(s) with start_time=0 (race-window write or recycled-buffer tail). buf seq=0 count=1024
[mono_ns=7230015234516551][T0xf523351fcca0][WARN] copy_aicore_buffer: [chip_swimlane_collector.cpp:689] Core 66: skipped 1024 AICore record slot(s) with start_time=0 (race-window write or recycled-buffer tail). buf seq=0 count=1024
[mono_ns=7230015234854453][T0xf523351fcca0][WARN] copy_aicore_buffer: [chip_swimlane_collector.cpp:689] Core 67: skipped 1024 AICore record slot(s) with start_time=0 (race-window write or recycled-buffer tail). buf seq=0 count=1024
[mono_ns=7230015335509538][T0xf52485a2b020][TIMING] emit_host_span: [STRACE] v=1 pid=106340 tid=106340 inv=2 hid=5b97acc14469116c depth=1 name=chip.run.runner_run ts=7230015209928630 dur=125567488 
[mono_ns=7230015335620638][T0xf52485a2b020][TIMING] emit_host_span: [STRACE] v=1 pid=106340 tid=106340 inv=2 hid=5b97acc14469116c depth=1 name=chip.run.validate ts=7230015335523918 dur=92370 
[mono_ns=7230015335634548][T0xf52485a2b020][TIMING] emit_host_span: [STRACE] v=1 pid=106340 tid=106340 inv=2 hid=5b97acc14469116c depth=2 name=chip.run.runner_run.device_wall ts=0 dur=15015760 clk=dev
[mono_ns=7230015335639748][T0xf52485a2b020][TIMING] emit_host_span: [STRACE] v=1 pid=106340 tid=106340 inv=2 hid=5b97acc14469116c depth=3 name=chip.run.runner_run.device_wall.preamble ts=0 dur=139519 clk=dev
[mono_ns=7230015335644588][T0xf52485a2b020][TIMING] emit_host_span: [STRACE] v=1 pid=106340 tid=106340 inv=2 hid=5b97acc14469116c depth=3 name=chip.run.runner_run.device_wall.graph_build ts=134380 dur=14872020 clk=dev
[mono_ns=7230015335649938][T0xf52485a2b020][TIMING] emit_host_span: [STRACE] v=1 pid=106340 tid=106340 inv=2 hid=5b97acc14469116c depth=3 name=chip.run.runner_run.device_wall.config_validate ts=134500 dur=1340 clk=dev
[mono_ns=7230015335655848][T0xf52485a2b020][TIMING] emit_host_span: [STRACE] v=1 pid=106340 tid=106340 inv=2 hid=5b97acc14469116c depth=3 name=chip.run.runner_run.device_wall.arena_wire ts=135880 dur=580 clk=dev
[mono_ns=7230015335661308][T0xf52485a2b020][TIMING] emit_host_span: [STRACE] v=1 pid=106340 tid=106340 inv=2 hid=5b97acc14469116c depth=3 name=chip.run.runner_run.device_wall.sm_reset ts=136500 dur=880 clk=dev
[mono_ns=7230015335666738][T0xf52485a2b020][TIMING] emit_host_span: [STRACE] v=1 pid=106340 tid=106340 inv=2 hid=5b97acc14469116c depth=3 name=chip.run.runner_run.device_wall.post_orch ts=15006520 dur=8960 clk=dev
[mono_ns=7230015335672178][T0xf52485a2b020][TIMING] emit_host_span: [STRACE] v=1 pid=106340 tid=106340 inv=2 hid=5b97acc14469116c depth=3 name=chip.run.runner_run.device_wall.orch ts=137460 dur=4860 clk=dev
[mono_ns=7230015335676759][T0xf52485a2b020][TIMING] emit_host_span: [STRACE] v=1 pid=106340 tid=106340 inv=2 hid=5b97acc14469116c depth=3 name=chip.run.runner_run.device_wall.sched ts=139620 dur=14840100 clk=dev
[mono_ns=7230015335683579][T0xf52485a2b020][TIMING] emit_host_span: [STRACE] v=1 pid=106340 tid=106340 inv=2 hid=5b97acc14469116c depth=1 name=chip.run.claim_release ts=7230015335681049 dur=800 
[mono_ns=7230015335690689][T0xf52485a2b020][TIMING] emit_host_span: [STRACE] v=1 pid=106340 tid=106340 inv=2 hid=5b97acc14469116c depth=0 name=chip.run ts=7230015154812097 dur=180876572 run_id=2 dispatch_id=2 slot_id=0 generation=2 run_epoch=2
[mono_ns=7230020192308031][T0xf52485a2b020][TIMING] emit_host_span: [STRACE] v=1 pid=106340 tid=106340 inv=3 hid=5b97acc14469116c depth=2 name=chip.run.bind.args ts=7230020191963849 dur=326552 
[mono_ns=7230020192409552][T0xf52485a2b020][TIMING] emit_host_span: [STRACE] v=1 pid=106340 tid=106340 inv=3 hid=5b97acc14469116c depth=2 name=chip.run.bind.prebuilt ts=7230020192363791 dur=42631 
[mono_ns=7230020192415392][T0xf52485a2b020][TIMING] emit_host_span: [STRACE] v=1 pid=106340 tid=106340 inv=3 hid=5b97acc14469116c depth=1 name=chip.run.bind ts=7230020191931269 dur=481843 
[mono_ns=7230020335806444][T0xf52485a2b020][TIMING] emit_host_span: [STRACE] v=1 pid=106340 tid=106340 inv=3 hid=5b97acc14469116c depth=1 name=chip.run.runner_run ts=7230020193485297 dur=142310437 
[mono_ns=7230020335916994][T0xf52485a2b020][TIMING] emit_host_span: [STRACE] v=1 pid=106340 tid=106340 inv=3 hid=5b97acc14469116c depth=1 name=chip.run.validate ts=7230020335821744 dur=90930 
[mono_ns=7230020335924334][T0xf52485a2b020][TIMING] emit_host_span: [STRACE] v=1 pid=106340 tid=106340 inv=3 hid=5b97acc14469116c depth=2 name=chip.run.runner_run.device_wall ts=0 dur=5859800 clk=dev
[mono_ns=7230020335929374][T0xf52485a2b020][TIMING] emit_host_span: [STRACE] v=1 pid=106340 tid=106340 inv=3 hid=5b97acc14469116c depth=3 name=chip.run.runner_run.device_wall.preamble ts=0 dur=7040 clk=dev
[mono_ns=7230020335934024][T0xf52485a2b020][TIMING] emit_host_span: [STRACE] v=1 pid=106340 tid=106340 inv=3 hid=5b97acc14469116c depth=3 name=chip.run.runner_run.device_wall.graph_build ts=1700 dur=5849040 clk=dev
[mono_ns=7230020335937424][T0xf52485a2b020][TIMING] emit_host_span: [STRACE] v=1 pid=106340 tid=106340 inv=3 hid=5b97acc14469116c depth=3 name=chip.run.runner_run.device_wall.config_validate ts=1819 dur=960 clk=dev
[mono_ns=7230020335941575][T0xf52485a2b020][TIMING] emit_host_span: [STRACE] v=1 pid=106340 tid=106340 inv=3 hid=5b97acc14469116c depth=3 name=chip.run.runner_run.device_wall.arena_wire ts=2820 dur=420 clk=dev
[mono_ns=7230020335945475][T0xf52485a2b020][TIMING] emit_host_span: [STRACE] v=1 pid=106340 tid=106340 inv=3 hid=5b97acc14469116c depth=3 name=chip.run.runner_run.device_wall.sm_reset ts=3260 dur=1000 clk=dev
[mono_ns=7230020335966385][T0xf52485a2b020][TIMING] emit_host_span: [STRACE] v=1 pid=106340 tid=106340 inv=3 hid=5b97acc14469116c depth=3 name=chip.run.runner_run.device_wall.post_orch ts=5850780 dur=8879 clk=dev
[mono_ns=7230020335970475][T0xf52485a2b020][TIMING] emit_host_span: [STRACE] v=1 pid=106340 tid=106340 inv=3 hid=5b97acc14469116c depth=3 name=chip.run.runner_run.device_wall.orch ts=5200 dur=11180 clk=dev
[mono_ns=7230020335974475][T0xf52485a2b020][TIMING] emit_host_span: [STRACE] v=1 pid=106340 tid=106340 inv=3 hid=5b97acc14469116c depth=3 name=chip.run.runner_run.device_wall.sched ts=7140 dur=5835220 clk=dev
[mono_ns=7230020335981435][T0xf52485a2b020][TIMING] emit_host_span: [STRACE] v=1 pid=106340 tid=106340 inv=3 hid=5b97acc14469116c depth=1 name=chip.run.claim_release ts=7230020335978705 dur=990 
[mono_ns=7230020335987105][T0xf52485a2b020][TIMING] emit_host_span: [STRACE] v=1 pid=106340 tid=106340 inv=3 hid=5b97acc14469116c depth=0 name=chip.run ts=7230020191548967 dur=144436198 run_id=3 dispatch_id=3 slot_id=0 generation=3 run_epoch=3
[mono_ns=7230020381877869][T0xf52485a2b020][TIMING] emit_host_span: [STRACE] v=1 pid=106340 tid=106340 inv=4 hid=5b97acc14469116c depth=2 name=chip.run.bind.args ts=7230020381760178 dur=112551 
[mono_ns=7230020381897119][T0xf52485a2b020][TIMING] emit_host_span: [STRACE] v=1 pid=106340 tid=106340 inv=4 hid=5b97acc14469116c depth=2 name=chip.run.bind.prebuilt ts=7230020381892549 dur=2190 
[mono_ns=7230020381902239][T0xf52485a2b020][TIMING] emit_host_span: [STRACE] v=1 pid=106340 tid=106340 inv=4 hid=5b97acc14469116c depth=1 name=chip.run.bind ts=7230020381752548 dur=147591 
[mono_ns=7230020384313922][T0xf523349ecca0][WARN] copy_aicore_buffer: [chip_swimlane_collector.cpp:689] Core 1: skipped 1024 AICore record slot(s) with start_time=0 (race-window write or recycled-buffer tail). buf seq=0 count=1024
[mono_ns=7230020384313462][T0xf52328db9ca0][WARN] copy_aicore_buffer: [chip_swimlane_collector.cpp:689] Core 2: skipped 1024 AICore record slot(s) with start_time=0 (race-window write or recycled-buffer tail). buf seq=0 count=1024
[mono_ns=7230020384394692][T0xf523351fcca0][WARN] copy_aicore_buffer: [chip_swimlane_collector.cpp:689] Core 0: skipped 1024 AICore record slot(s) with start_time=0 (race-window write or recycled-buffer tail). buf seq=0 count=1024
[mono_ns=7230020384638183][T0xf52328db9ca0][WARN] copy_aicore_buffer: [chip_swimlane_collector.cpp:689] Core 28: skipped 1024 AICore record slot(s) with start_time=0 (race-window write or recycled-buffer tail). buf seq=0 count=1024
[mono_ns=7230020384657523][T0xf523349ecca0][WARN] copy_aicore_buffer: [chip_swimlane_collector.cpp:689] Core 26: skipped 1022 AICore record slot(s) with start_time=0 (race-window write or recycled-buffer tail). buf seq=0 count=1024
[mono_ns=7230020384738584][T0xf523351fcca0][WARN] copy_aicore_buffer: [chip_swimlane_collector.cpp:689] Core 24: skipped 1023 AICore record slot(s) with start_time=0 (race-window write or recycled-buffer tail). buf seq=0 count=1024
[mono_ns=7230020384955775][T0xf52328db9ca0][WARN] copy_aicore_buffer: [chip_swimlane_collector.cpp:689] Core 29: skipped 1024 AICore record slot(s) with start_time=0 (race-window write or recycled-buffer tail). buf seq=0 count=1024
[mono_ns=7230020384971405][T0xf523349ecca0][WARN] copy_aicore_buffer: [chip_swimlane_collector.cpp:689] Core 27: skipped 1024 AICore record slot(s) with start_time=0 (race-window write or recycled-buffer tail). buf seq=0 count=1024
[mono_ns=7230020385086906][T0xf523351fcca0][WARN] copy_aicore_buffer: [chip_swimlane_collector.cpp:689] Core 25: skipped 1024 AICore record slot(s) with start_time=0 (race-window write or recycled-buffer tail). buf seq=0 count=1024
[mono_ns=7230020385283147][T0xf52328db9ca0][WARN] copy_aicore_buffer: [chip_swimlane_collector.cpp:689] Core 5: skipped 1024 AICore record slot(s) with start_time=0 (race-window write or recycled-buffer tail). buf seq=0 count=1024
[mono_ns=7230020385299587][T0xf523349ecca0][WARN] copy_aicore_buffer: [chip_swimlane_collector.cpp:689] Core 4: skipped 1024 AICore record slot(s) with start_time=0 (race-window write or recycled-buffer tail). buf seq=0 count=1024
[mono_ns=7230020385413067][T0xf523351fcca0][WARN] copy_aicore_buffer: [chip_swimlane_collector.cpp:689] Core 3: skipped 1024 AICore record slot(s) with start_time=0 (race-window write or recycled-buffer tail). buf seq=0 count=1024
[mono_ns=7230020385600228][T0xf52328db9ca0][WARN] copy_aicore_buffer: [chip_swimlane_collector.cpp:689] Core 34: skipped 1024 AICore record slot(s) with start_time=0 (race-window write or recycled-buffer tail). buf seq=0 count=1024
[mono_ns=7230020385614039][T0xf523349ecca0][WARN] copy_aicore_buffer: [chip_swimlane_collector.cpp:689] Core 32: skipped 1024 AICore record slot(s) with start_time=0 (race-window write or recycled-buffer tail). buf seq=0 count=1024
[mono_ns=7230020385744079][T0xf523351fcca0][WARN] copy_aicore_buffer: [chip_swimlane_collector.cpp:689] Core 30: skipped 1024 AICore record slot(s) with start_time=0 (race-window write or recycled-buffer tail). buf seq=0 count=1024
[mono_ns=7230020385916590][T0xf52328db9ca0][WARN] copy_aicore_buffer: [chip_swimlane_collector.cpp:689] Core 35: skipped 1024 AICore record slot(s) with start_time=0 (race-window write or recycled-buffer tail). buf seq=0 count=1024
[mono_ns=7230020385928000][T0xf523349ecca0][WARN] copy_aicore_buffer: [chip_swimlane_collector.cpp:689] Core 33: skipped 1024 AICore record slot(s) with start_time=0 (race-window write or recycled-buffer tail). buf seq=0 count=1024
[mono_ns=7230020386129461][T0xf523351fcca0][WARN] copy_aicore_buffer: [chip_swimlane_collector.cpp:689] Core 31: skipped 1024 AICore record slot(s) with start_time=0 (race-window write or recycled-buffer tail). buf seq=0 count=1024
[mono_ns=7230020386239252][T0xf52328db9ca0][WARN] copy_aicore_buffer: [chip_swimlane_collector.cpp:689] Core 8: skipped 1024 AICore record slot(s) with start_time=0 (race-window write or recycled-buffer tail). buf seq=0 count=1024
[mono_ns=7230020386245672][T0xf523349ecca0][WARN] copy_aicore_buffer: [chip_swimlane_collector.cpp:689] Core 7: skipped 1024 AICore record slot(s) with start_time=0 (race-window write or recycled-buffer tail). buf seq=0 count=1024
[mono_ns=7230020386459163][T0xf523351fcca0][WARN] copy_aicore_buffer: [chip_swimlane_collector.cpp:689] Core 6: skipped 1024 AICore record slot(s) with start_time=0 (race-window write or recycled-buffer tail). buf seq=0 count=1024
[mono_ns=7230020386556814][T0xf52328db9ca0][WARN] copy_aicore_buffer: [chip_swimlane_collector.cpp:689] Core 40: skipped 1024 AICore record slot(s) with start_time=0 (race-window write or recycled-buffer tail). buf seq=0 count=1024
[mono_ns=7230020386559354][T0xf523349ecca0][WARN] copy_aicore_buffer: [chip_swimlane_collector.cpp:689] Core 38: skipped 1024 AICore record slot(s) with start_time=0 (race-window write or recycled-buffer tail). buf seq=0 count=1024
[mono_ns=7230020386791065][T0xf523351fcca0][WARN] copy_aicore_buffer: [chip_swimlane_collector.cpp:689] Core 36: skipped 1024 AICore record slot(s) with start_time=0 (race-window write or recycled-buffer tail). buf seq=0 count=1024
[mono_ns=7230020386873285][T0xf52328db9ca0][WARN] copy_aicore_buffer: [chip_swimlane_collector.cpp:689] Core 41: skipped 1024 AICore record slot(s) with start_time=0 (race-window write or recycled-buffer tail). buf seq=0 count=1024
[mono_ns=7230020386904065][T0xf523349ecca0][WARN] copy_aicore_buffer: [chip_swimlane_collector.cpp:689] Core 39: skipped 1024 AICore record slot(s) with start_time=0 (race-window write or recycled-buffer tail). buf seq=0 count=1024
[mono_ns=7230020387141557][T0xf523351fcca0][WARN] copy_aicore_buffer: [chip_swimlane_collector.cpp:689] Core 37: skipped 1024 AICore record slot(s) with start_time=0 (race-window write or recycled-buffer tail). buf seq=0 count=1024
[mono_ns=7230020387201947][T0xf52328db9ca0][WARN] copy_aicore_buffer: [chip_swimlane_collector.cpp:689] Core 11: skipped 1024 AICore record slot(s) with start_time=0 (race-window write or recycled-buffer tail). buf seq=0 count=1024
[mono_ns=7230020387231727][T0xf523349ecca0][WARN] copy_aicore_buffer: [chip_swimlane_collector.cpp:689] Core 10: skipped 1024 AICore record slot(s) with start_time=0 (race-window write or recycled-buffer tail). buf seq=0 count=1024
[mono_ns=7230020387471778][T0xf523351fcca0][WARN] copy_aicore_buffer: [chip_swimlane_collector.cpp:689] Core 9: skipped 1024 AICore record slot(s) with start_time=0 (race-window write or recycled-buffer tail). buf seq=0 count=1024
[mono_ns=7230020387545309][T0xf523349ecca0][WARN] copy_aicore_buffer: [chip_swimlane_collector.cpp:689] Core 44: skipped 1024 AICore record slot(s) with start_time=0 (race-window write or recycled-buffer tail). buf seq=0 count=1024
[mono_ns=7230020387553019][T0xf52328db9ca0][WARN] copy_aicore_buffer: [chip_swimlane_collector.cpp:689] Core 46: skipped 1024 AICore record slot(s) with start_time=0 (race-window write or recycled-buffer tail). buf seq=0 count=1024
[mono_ns=7230020387802850][T0xf523351fcca0][WARN] copy_aicore_buffer: [chip_swimlane_collector.cpp:689] Core 42: skipped 1024 AICore record slot(s) with start_time=0 (race-window write or recycled-buffer tail). buf seq=0 count=1024
[mono_ns=7230020387878941][T0xf523349ecca0][WARN] copy_aicore_buffer: [chip_swimlane_collector.cpp:689] Core 45: skipped 1024 AICore record slot(s) with start_time=0 (race-window write or recycled-buffer tail). buf seq=0 count=1024
[mono_ns=7230020387905331][T0xf52328db9ca0][WARN] copy_aicore_buffer: [chip_swimlane_collector.cpp:689] Core 47: skipped 1024 AICore record slot(s) with start_time=0 (race-window write or recycled-buffer tail). buf seq=0 count=1024
[mono_ns=7230020388167752][T0xf523351fcca0][WARN] copy_aicore_buffer: [chip_swimlane_collector.cpp:689] Core 43: skipped 1024 AICore record slot(s) with start_time=0 (race-window write or recycled-buffer tail). buf seq=0 count=1024
[mono_ns=7230020388216512][T0xf523349ecca0][WARN] copy_aicore_buffer: [chip_swimlane_collector.cpp:689] Core 13: skipped 1024 AICore record slot(s) with start_time=0 (race-window write or recycled-buffer tail). buf seq=0 count=1024
[mono_ns=7230020388245133][T0xf52328db9ca0][WARN] copy_aicore_buffer: [chip_swimlane_collector.cpp:689] Core 14: skipped 1024 AICore record slot(s) with start_time=0 (race-window write or recycled-buffer tail). buf seq=0 count=1024
[mono_ns=7230020388521834][T0xf523351fcca0][WARN] copy_aicore_buffer: [chip_swimlane_collector.cpp:689] Core 12: skipped 1024 AICore record slot(s) with start_time=0 (race-window write or recycled-buffer tail). buf seq=0 count=1024
[mono_ns=7230020388531654][T0xf523349ecca0][WARN] copy_aicore_buffer: [chip_swimlane_collector.cpp:689] Core 50: skipped 1024 AICore record slot(s) with start_time=0 (race-window write or recycled-buffer tail). buf seq=0 count=1024
[mono_ns=7230020388569564][T0xf52328db9ca0][WARN] copy_aicore_buffer: [chip_swimlane_collector.cpp:689] Core 52: skipped 1024 AICore record slot(s) with start_time=0 (race-window write or recycled-buffer tail). buf seq=0 count=1024
[mono_ns=7230020388847166][T0xf523349ecca0][WARN] copy_aicore_buffer: [chip_swimlane_collector.cpp:689] Core 51: skipped 1024 AICore record slot(s) with start_time=0 (race-window write or recycled-buffer tail). buf seq=0 count=1024
[mono_ns=7230020388870686][T0xf523351fcca0][WARN] copy_aicore_buffer: [chip_swimlane_collector.cpp:689] Core 48: skipped 1024 AICore record slot(s) with start_time=0 (race-window write or recycled-buffer tail). buf seq=0 count=1024
[mono_ns=7230020388893726][T0xf52328db9ca0][WARN] copy_aicore_buffer: [chip_swimlane_collector.cpp:689] Core 53: skipped 1024 AICore record slot(s) with start_time=0 (race-window write or recycled-buffer tail). buf seq=0 count=1024
[mono_ns=7230020389166777][T0xf523349ecca0][WARN] copy_aicore_buffer: [chip_swimlane_collector.cpp:689] Core 16: skipped 1024 AICore record slot(s) with start_time=0 (race-window write or recycled-buffer tail). buf seq=0 count=1024
[mono_ns=7230020389226338][T0xf52328db9ca0][WARN] copy_aicore_buffer: [chip_swimlane_collector.cpp:689] Core 17: skipped 1024 AICore record slot(s) with start_time=0 (race-window write or recycled-buffer tail). buf seq=0 count=1024
[mono_ns=7230020389226398][T0xf523351fcca0][WARN] copy_aicore_buffer: [chip_swimlane_collector.cpp:689] Core 49: skipped 1024 AICore record slot(s) with start_time=0 (race-window write or recycled-buffer tail). buf seq=0 count=1024
[mono_ns=7230020389481849][T0xf523349ecca0][WARN] copy_aicore_buffer: [chip_swimlane_collector.cpp:689] Core 56: skipped 1024 AICore record slot(s) with start_time=0 (race-window write or recycled-buffer tail). buf seq=0 count=1024
[mono_ns=7230020389577850][T0xf52328db9ca0][WARN] copy_aicore_buffer: [chip_swimlane_collector.cpp:689] Core 58: skipped 1024 AICore record slot(s) with start_time=0 (race-window write or recycled-buffer tail). buf seq=0 count=1024
[mono_ns=7230020389601840][T0xf523351fcca0][WARN] copy_aicore_buffer: [chip_swimlane_collector.cpp:689] Core 15: skipped 1024 AICore record slot(s) with start_time=0 (race-window write or recycled-buffer tail). buf seq=0 count=1024
[mono_ns=7230020389798661][T0xf523349ecca0][WARN] copy_aicore_buffer: [chip_swimlane_collector.cpp:689] Core 57: skipped 1024 AICore record slot(s) with start_time=0 (race-window write or recycled-buffer tail). buf seq=0 count=1024
[mono_ns=7230020389903681][T0xf52328db9ca0][WARN] copy_aicore_buffer: [chip_swimlane_collector.cpp:689] Core 59: skipped 1024 AICore record slot(s) with start_time=0 (race-window write or recycled-buffer tail). buf seq=0 count=1024
[mono_ns=7230020389939812][T0xf523351fcca0][WARN] copy_aicore_buffer: [chip_swimlane_collector.cpp:689] Core 54: skipped 1024 AICore record slot(s) with start_time=0 (race-window write or recycled-buffer tail). buf seq=0 count=1024
[mono_ns=7230020390122272][T0xf523349ecca0][WARN] copy_aicore_buffer: [chip_swimlane_collector.cpp:689] Core 19: skipped 1024 AICore record slot(s) with start_time=0 (race-window write or recycled-buffer tail). buf seq=0 count=1024
[mono_ns=7230020390244343][T0xf52328db9ca0][WARN] copy_aicore_buffer: [chip_swimlane_collector.cpp:689] Core 20: skipped 1024 AICore record slot(s) with start_time=0 (race-window write or recycled-buffer tail). buf seq=0 count=1024
[mono_ns=7230020390284703][T0xf523351fcca0][WARN] copy_aicore_buffer: [chip_swimlane_collector.cpp:689] Core 55: skipped 1024 AICore record slot(s) with start_time=0 (race-window write or recycled-buffer tail). buf seq=0 count=1024
[mono_ns=7230020390475044][T0xf523349ecca0][WARN] copy_aicore_buffer: [chip_swimlane_collector.cpp:689] Core 62: skipped 1024 AICore record slot(s) with start_time=0 (race-window write or recycled-buffer tail). buf seq=0 count=1024
[mono_ns=7230020390568535][T0xf52328db9ca0][WARN] copy_aicore_buffer: [chip_swimlane_collector.cpp:689] Core 64: skipped 1024 AICore record slot(s) with start_time=0 (race-window write or recycled-buffer tail). buf seq=0 count=1024
[mono_ns=7230020390622855][T0xf523351fcca0][WARN] copy_aicore_buffer: [chip_swimlane_collector.cpp:689] Core 18: skipped 1024 AICore record slot(s) with start_time=0 (race-window write or recycled-buffer tail). buf seq=0 count=1024
[mono_ns=7230020390809456][T0xf523349ecca0][WARN] copy_aicore_buffer: [chip_swimlane_collector.cpp:689] Core 63: skipped 1024 AICore record slot(s) with start_time=0 (race-window write or recycled-buffer tail). buf seq=0 count=1024
[mono_ns=7230020390891707][T0xf52328db9ca0][WARN] copy_aicore_buffer: [chip_swimlane_collector.cpp:689] Core 65: skipped 1024 AICore record slot(s) with start_time=0 (race-window write or recycled-buffer tail). buf seq=0 count=1024
[mono_ns=7230020390961307][T0xf523351fcca0][WARN] copy_aicore_buffer: [chip_swimlane_collector.cpp:689] Core 60: skipped 1024 AICore record slot(s) with start_time=0 (race-window write or recycled-buffer tail). buf seq=0 count=1024
[mono_ns=7230020391143858][T0xf523349ecca0][WARN] copy_aicore_buffer: [chip_swimlane_collector.cpp:689] Core 22: skipped 1024 AICore record slot(s) with start_time=0 (race-window write or recycled-buffer tail). buf seq=0 count=1024
[mono_ns=7230020391219488][T0xf52328db9ca0][WARN] copy_aicore_buffer: [chip_swimlane_collector.cpp:689] Core 23: skipped 1024 AICore record slot(s) with start_time=0 (race-window write or recycled-buffer tail). buf seq=0 count=1024
[mono_ns=7230020391321829][T0xf523351fcca0][WARN] copy_aicore_buffer: [chip_swimlane_collector.cpp:689] Core 61: skipped 1024 AICore record slot(s) with start_time=0 (race-window write or recycled-buffer tail). buf seq=0 count=1024
[mono_ns=7230020391467020][T0xf523349ecca0][WARN] copy_aicore_buffer: [chip_swimlane_collector.cpp:689] Core 68: skipped 1024 AICore record slot(s) with start_time=0 (race-window write or recycled-buffer tail). buf seq=0 count=1024
[mono_ns=7230020391543690][T0xf52328db9ca0][WARN] copy_aicore_buffer: [chip_swimlane_collector.cpp:689] Core 70: skipped 1024 AICore record slot(s) with start_time=0 (race-window write or recycled-buffer tail). buf seq=0 count=1024
[mono_ns=7230020391661681][T0xf523351fcca0][WARN] copy_aicore_buffer: [chip_swimlane_collector.cpp:689] Core 21: skipped 1024 AICore record slot(s) with start_time=0 (race-window write or recycled-buffer tail). buf seq=0 count=1024
[mono_ns=7230020391789011][T0xf523349ecca0][WARN] copy_aicore_buffer: [chip_swimlane_collector.cpp:689] Core 69: skipped 1024 AICore record slot(s) with start_time=0 (race-window write or recycled-buffer tail). buf seq=0 count=1024
[mono_ns=7230020391866232][T0xf52328db9ca0][WARN] copy_aicore_buffer: [chip_swimlane_collector.cpp:689] Core 71: skipped 1024 AICore record slot(s) with start_time=0 (race-window write or recycled-buffer tail). buf seq=0 count=1024
[mono_ns=7230020392021193][T0xf523351fcca0][WARN] copy_aicore_buffer: [chip_swimlane_collector.cpp:689] Core 66: skipped 1024 AICore record slot(s) with start_time=0 (race-window write or recycled-buffer tail). buf seq=0 count=1024
[mono_ns=7230020392359924][T0xf523351fcca0][WARN] copy_aicore_buffer: [chip_swimlane_collector.cpp:689] Core 67: skipped 1024 AICore record slot(s) with start_time=0 (race-window write or recycled-buffer tail). buf seq=0 count=1024
[mono_ns=7230020493060870][T0xf52485a2b020][TIMING] emit_host_span: [STRACE] v=1 pid=106340 tid=106340 inv=4 hid=5b97acc14469116c depth=1 name=chip.run.runner_run ts=7230020383026095 dur=110028595 
[mono_ns=7230020493146820][T0xf52485a2b020][TIMING] emit_host_span: [STRACE] v=1 pid=106340 tid=106340 inv=4 hid=5b97acc14469116c depth=1 name=chip.run.validate ts=7230020493072360 dur=70370 
[mono_ns=7230020493157920][T0xf52485a2b020][TIMING] emit_host_span: [STRACE] v=1 pid=106340 tid=106340 inv=4 hid=5b97acc14469116c depth=2 name=chip.run.runner_run.device_wall ts=0 dur=690280 clk=dev
[mono_ns=7230020493162350][T0xf52485a2b020][TIMING] emit_host_span: [STRACE] v=1 pid=106340 tid=106340 inv=4 hid=5b97acc14469116c depth=3 name=chip.run.runner_run.device_wall.preamble ts=0 dur=111100 clk=dev
[mono_ns=7230020493166560][T0xf52485a2b020][TIMING] emit_host_span: [STRACE] v=1 pid=106340 tid=106340 inv=4 hid=5b97acc14469116c depth=3 name=chip.run.runner_run.device_wall.graph_build ts=106620 dur=574540 clk=dev
[mono_ns=7230020493170230][T0xf52485a2b020][TIMING] emit_host_span: [STRACE] v=1 pid=106340 tid=106340 inv=4 hid=5b97acc14469116c depth=3 name=chip.run.runner_run.device_wall.config_validate ts=106720 dur=700 clk=dev
[mono_ns=7230020493198380][T0xf52485a2b020][TIMING] emit_host_span: [STRACE] v=1 pid=106340 tid=106340 inv=4 hid=5b97acc14469116c depth=3 name=chip.run.runner_run.device_wall.arena_wire ts=107460 dur=280 clk=dev
[mono_ns=7230020493202220][T0xf52485a2b020][TIMING] emit_host_span: [STRACE] v=1 pid=106340 tid=106340 inv=4 hid=5b97acc14469116c depth=3 name=chip.run.runner_run.device_wall.sm_reset ts=107760 dur=679 clk=dev
[mono_ns=7230020493205290][T0xf52485a2b020][TIMING] emit_host_span: [STRACE] v=1 pid=106340 tid=106340 inv=4 hid=5b97acc14469116c depth=3 name=chip.run.runner_run.device_wall.post_orch ts=681199 dur=8920 clk=dev
[mono_ns=7230020493208120][T0xf52485a2b020][TIMING] emit_host_span: [STRACE] v=1 pid=106340 tid=106340 inv=4 hid=5b97acc14469116c depth=3 name=chip.run.runner_run.device_wall.orch ts=108500 dur=3780 clk=dev
[mono_ns=7230020493211540][T0xf52485a2b020][TIMING] emit_host_span: [STRACE] v=1 pid=106340 tid=106340 inv=4 hid=5b97acc14469116c depth=3 name=chip.run.runner_run.device_wall.sched ts=111180 dur=543240 clk=dev
[mono_ns=7230020493215970][T0xf52485a2b020][TIMING] emit_host_span: [STRACE] v=1 pid=106340 tid=106340 inv=4 hid=5b97acc14469116c depth=1 name=chip.run.claim_release ts=7230020493213310 dur=850 
[mono_ns=7230020493220691][T0xf52485a2b020][TIMING] emit_host_span: [STRACE] v=1 pid=106340 tid=106340 inv=4 hid=5b97acc14469116c depth=0 name=chip.run ts=7230020381715498 dur=111503252 run_id=4 dispatch_id=4 slot_id=0 generation=4 run_epoch=4
[mono_ns=7230025338846810][T0xf52485a2b020][TIMING] emit_host_span: [STRACE] v=1 pid=106340 tid=106340 inv=5 hid=5b97acc14469116c depth=2 name=chip.run.bind.args ts=7230025338717109 dur=124471 
[mono_ns=7230025338864840][T0xf52485a2b020][TIMING] emit_host_span: [STRACE] v=1 pid=106340 tid=106340 inv=5 hid=5b97acc14469116c depth=2 name=chip.run.bind.prebuilt ts=7230025338859950 dur=2360 
[mono_ns=7230025338869380][T0xf52485a2b020][TIMING] emit_host_span: [STRACE] v=1 pid=106340 tid=106340 inv=5 hid=5b97acc14469116c depth=1 name=chip.run.bind ts=7230025338708569 dur=158801 
[mono_ns=7230025443739228][T0xf52485a2b020][TIMING] emit_host_span: [STRACE] v=1 pid=106340 tid=106340 inv=5 hid=5b97acc14469116c depth=1 name=chip.run.runner_run ts=7230025339131522 dur=104597546 
[mono_ns=7230025443836928][T0xf52485a2b020][TIMING] emit_host_span: [STRACE] v=1 pid=106340 tid=106340 inv=5 hid=5b97acc14469116c depth=1 name=chip.run.validate ts=7230025443754928 dur=78850 
[mono_ns=7230025443848108][T0xf52485a2b020][TIMING] emit_host_span: [STRACE] v=1 pid=106340 tid=106340 inv=5 hid=5b97acc14469116c depth=2 name=chip.run.runner_run.device_wall ts=0 dur=17168579 clk=dev
[mono_ns=7230025443852438][T0xf52485a2b020][TIMING] emit_host_span: [STRACE] v=1 pid=106340 tid=106340 inv=5 hid=5b97acc14469116c depth=3 name=chip.run.runner_run.device_wall.preamble ts=0 dur=6820 clk=dev
[mono_ns=7230025443857888][T0xf52485a2b020][TIMING] emit_host_span: [STRACE] v=1 pid=106340 tid=106340 inv=5 hid=5b97acc14469116c depth=3 name=chip.run.runner_run.device_wall.graph_build ts=1320 dur=17158160 clk=dev
[mono_ns=7230025443902349][T0xf52485a2b020][TIMING] emit_host_span: [STRACE] v=1 pid=106340 tid=106340 inv=5 hid=5b97acc14469116c depth=3 name=chip.run.runner_run.device_wall.config_validate ts=1440 dur=1300 clk=dev
[mono_ns=7230025443905639][T0xf52485a2b020][TIMING] emit_host_span: [STRACE] v=1 pid=106340 tid=106340 inv=5 hid=5b97acc14469116c depth=3 name=chip.run.runner_run.device_wall.arena_wire ts=2780 dur=360 clk=dev
[mono_ns=7230025443909429][T0xf52485a2b020][TIMING] emit_host_span: [STRACE] v=1 pid=106340 tid=106340 inv=5 hid=5b97acc14469116c depth=3 name=chip.run.runner_run.device_wall.sm_reset ts=3159 dur=1000 clk=dev
[mono_ns=7230025443912669][T0xf52485a2b020][TIMING] emit_host_span: [STRACE] v=1 pid=106340 tid=106340 inv=5 hid=5b97acc14469116c depth=3 name=chip.run.runner_run.device_wall.post_orch ts=17159540 dur=8840 clk=dev
[mono_ns=7230025443916409][T0xf52485a2b020][TIMING] emit_host_span: [STRACE] v=1 pid=106340 tid=106340 inv=5 hid=5b97acc14469116c depth=3 name=chip.run.runner_run.device_wall.orch ts=5080 dur=9480 clk=dev
[mono_ns=7230025443920229][T0xf52485a2b020][TIMING] emit_host_span: [STRACE] v=1 pid=106340 tid=106340 inv=5 hid=5b97acc14469116c depth=3 name=chip.run.runner_run.device_wall.sched ts=7240 dur=17144260 clk=dev
[mono_ns=7230025443925889][T0xf52485a2b020][TIMING] emit_host_span: [STRACE] v=1 pid=106340 tid=106340 inv=5 hid=5b97acc14469116c depth=1 name=chip.run.claim_release ts=7230025443923329 dur=720 
[mono_ns=7230025443931029][T0xf52485a2b020][TIMING] emit_host_span: [STRACE] v=1 pid=106340 tid=106340 inv=5 hid=5b97acc14469116c depth=0 name=chip.run ts=7230025338639169 dur=105289900 run_id=5 dispatch_id=5 slot_id=0 generation=5 run_epoch=5
[mono_ns=7230025497613884][T0xf52485a2b020][TIMING] emit_host_span: [STRACE] v=1 pid=106340 tid=106340 inv=6 hid=5b97acc14469116c depth=2 name=chip.run.bind.args ts=7230025497498544 dur=109970 
[mono_ns=7230025497631124][T0xf52485a2b020][TIMING] emit_host_span: [STRACE] v=1 pid=106340 tid=106340 inv=6 hid=5b97acc14469116c depth=2 name=chip.run.bind.prebuilt ts=7230025497626464 dur=2270 
[mono_ns=7230025497636724][T0xf52485a2b020][TIMING] emit_host_span: [STRACE] v=1 pid=106340 tid=106340 inv=6 hid=5b97acc14469116c depth=1 name=chip.run.bind ts=7230025497490823 dur=143081 
[mono_ns=7230025500096127][T0xf523349ecca0][WARN] copy_aicore_buffer: [chip_swimlane_collector.cpp:689] Core 1: skipped 1024 AICore record slot(s) with start_time=0 (race-window write or recycled-buffer tail). buf seq=0 count=1024
[mono_ns=7230025500097847][T0xf52328db9ca0][WARN] copy_aicore_buffer: [chip_swimlane_collector.cpp:689] Core 2: skipped 1024 AICore record slot(s) with start_time=0 (race-window write or recycled-buffer tail). buf seq=0 count=1024
[mono_ns=7230025500133148][T0xf523351fcca0][WARN] copy_aicore_buffer: [chip_swimlane_collector.cpp:689] Core 0: skipped 1024 AICore record slot(s) with start_time=0 (race-window write or recycled-buffer tail). buf seq=0 count=1024
[mono_ns=7230025500427589][T0xf523349ecca0][WARN] copy_aicore_buffer: [chip_swimlane_collector.cpp:689] Core 26: skipped 1023 AICore record slot(s) with start_time=0 (race-window write or recycled-buffer tail). buf seq=0 count=1024
[mono_ns=7230025500429639][T0xf52328db9ca0][WARN] copy_aicore_buffer: [chip_swimlane_collector.cpp:689] Core 28: skipped 1022 AICore record slot(s) with start_time=0 (race-window write or recycled-buffer tail). buf seq=0 count=1024
[mono_ns=7230025500471929][T0xf523351fcca0][WARN] copy_aicore_buffer: [chip_swimlane_collector.cpp:689] Core 24: skipped 1024 AICore record slot(s) with start_time=0 (race-window write or recycled-buffer tail). buf seq=0 count=1024
[mono_ns=7230025500742911][T0xf523349ecca0][WARN] copy_aicore_buffer: [chip_swimlane_collector.cpp:689] Core 27: skipped 1024 AICore record slot(s) with start_time=0 (race-window write or recycled-buffer tail). buf seq=0 count=1024
[mono_ns=7230025500778791][T0xf52328db9ca0][WARN] copy_aicore_buffer: [chip_swimlane_collector.cpp:689] Core 29: skipped 1024 AICore record slot(s) with start_time=0 (race-window write or recycled-buffer tail). buf seq=0 count=1024
[mono_ns=7230025500798711][T0xf523351fcca0][WARN] copy_aicore_buffer: [chip_swimlane_collector.cpp:689] Core 25: skipped 1024 AICore record slot(s) with start_time=0 (race-window write or recycled-buffer tail). buf seq=0 count=1024
[mono_ns=7230025501073423][T0xf523349ecca0][WARN] copy_aicore_buffer: [chip_swimlane_collector.cpp:689] Core 4: skipped 1024 AICore record slot(s) with start_time=0 (race-window write or recycled-buffer tail). buf seq=0 count=1024
[mono_ns=7230025501113823][T0xf52328db9ca0][WARN] copy_aicore_buffer: [chip_swimlane_collector.cpp:689] Core 5: skipped 1024 AICore record slot(s) with start_time=0 (race-window write or recycled-buffer tail). buf seq=0 count=1024
[mono_ns=7230025501141463][T0xf523351fcca0][WARN] copy_aicore_buffer: [chip_swimlane_collector.cpp:689] Core 3: skipped 1024 AICore record slot(s) with start_time=0 (race-window write or recycled-buffer tail). buf seq=0 count=1024
[mono_ns=7230025501388404][T0xf523349ecca0][WARN] copy_aicore_buffer: [chip_swimlane_collector.cpp:689] Core 32: skipped 1024 AICore record slot(s) with start_time=0 (race-window write or recycled-buffer tail). buf seq=0 count=1024
[mono_ns=7230025501430024][T0xf52328db9ca0][WARN] copy_aicore_buffer: [chip_swimlane_collector.cpp:689] Core 34: skipped 1024 AICore record slot(s) with start_time=0 (race-window write or recycled-buffer tail). buf seq=0 count=1024
[mono_ns=7230025501500855][T0xf523351fcca0][WARN] copy_aicore_buffer: [chip_swimlane_collector.cpp:689] Core 30: skipped 1024 AICore record slot(s) with start_time=0 (race-window write or recycled-buffer tail). buf seq=0 count=1024
[mono_ns=7230025501703866][T0xf523349ecca0][WARN] copy_aicore_buffer: [chip_swimlane_collector.cpp:689] Core 33: skipped 1024 AICore record slot(s) with start_time=0 (race-window write or recycled-buffer tail). buf seq=0 count=1024
[mono_ns=7230025501747376][T0xf52328db9ca0][WARN] copy_aicore_buffer: [chip_swimlane_collector.cpp:689] Core 35: skipped 1024 AICore record slot(s) with start_time=0 (race-window write or recycled-buffer tail). buf seq=0 count=1024
[mono_ns=7230025501832357][T0xf523351fcca0][WARN] copy_aicore_buffer: [chip_swimlane_collector.cpp:689] Core 31: skipped 1024 AICore record slot(s) with start_time=0 (race-window write or recycled-buffer tail). buf seq=0 count=1024
[mono_ns=7230025502027308][T0xf523349ecca0][WARN] copy_aicore_buffer: [chip_swimlane_collector.cpp:689] Core 7: skipped 1024 AICore record slot(s) with start_time=0 (race-window write or recycled-buffer tail). buf seq=0 count=1024
[mono_ns=7230025502073858][T0xf52328db9ca0][WARN] copy_aicore_buffer: [chip_swimlane_collector.cpp:689] Core 8: skipped 1024 AICore record slot(s) with start_time=0 (race-window write or recycled-buffer tail). buf seq=0 count=1024
[mono_ns=7230025502171848][T0xf523351fcca0][WARN] copy_aicore_buffer: [chip_swimlane_collector.cpp:689] Core 6: skipped 1024 AICore record slot(s) with start_time=0 (race-window write or recycled-buffer tail). buf seq=0 count=1024
[mono_ns=7230025502340879][T0xf523349ecca0][WARN] copy_aicore_buffer: [chip_swimlane_collector.cpp:689] Core 38: skipped 1024 AICore record slot(s) with start_time=0 (race-window write or recycled-buffer tail). buf seq=0 count=1024
[mono_ns=7230025502414620][T0xf52328db9ca0][WARN] copy_aicore_buffer: [chip_swimlane_collector.cpp:689] Core 40: skipped 1024 AICore record slot(s) with start_time=0 (race-window write or recycled-buffer tail). buf seq=0 count=1024
[mono_ns=7230025502502610][T0xf523351fcca0][WARN] copy_aicore_buffer: [chip_swimlane_collector.cpp:689] Core 36: skipped 1024 AICore record slot(s) with start_time=0 (race-window write or recycled-buffer tail). buf seq=0 count=1024
[mono_ns=7230025502657921][T0xf523349ecca0][WARN] copy_aicore_buffer: [chip_swimlane_collector.cpp:689] Core 39: skipped 1024 AICore record slot(s) with start_time=0 (race-window write or recycled-buffer tail). buf seq=0 count=1024
[mono_ns=7230025502730901][T0xf52328db9ca0][WARN] copy_aicore_buffer: [chip_swimlane_collector.cpp:689] Core 41: skipped 1024 AICore record slot(s) with start_time=0 (race-window write or recycled-buffer tail). buf seq=0 count=1024
[mono_ns=7230025502831712][T0xf523351fcca0][WARN] copy_aicore_buffer: [chip_swimlane_collector.cpp:689] Core 37: skipped 1024 AICore record slot(s) with start_time=0 (race-window write or recycled-buffer tail). buf seq=0 count=1024
[mono_ns=7230025502972393][T0xf523349ecca0][WARN] copy_aicore_buffer: [chip_swimlane_collector.cpp:689] Core 10: skipped 1024 AICore record slot(s) with start_time=0 (race-window write or recycled-buffer tail). buf seq=0 count=1024
[mono_ns=7230025503056363][T0xf52328db9ca0][WARN] copy_aicore_buffer: [chip_swimlane_collector.cpp:689] Core 11: skipped 1024 AICore record slot(s) with start_time=0 (race-window write or recycled-buffer tail). buf seq=0 count=1024
[mono_ns=7230025503173184][T0xf523351fcca0][WARN] copy_aicore_buffer: [chip_swimlane_collector.cpp:689] Core 9: skipped 1024 AICore record slot(s) with start_time=0 (race-window write or recycled-buffer tail). buf seq=0 count=1024
[mono_ns=7230025503306874][T0xf523349ecca0][WARN] copy_aicore_buffer: [chip_swimlane_collector.cpp:689] Core 44: skipped 1024 AICore record slot(s) with start_time=0 (race-window write or recycled-buffer tail). buf seq=0 count=1024
[mono_ns=7230025503372895][T0xf52328db9ca0][WARN] copy_aicore_buffer: [chip_swimlane_collector.cpp:689] Core 46: skipped 1024 AICore record slot(s) with start_time=0 (race-window write or recycled-buffer tail). buf seq=0 count=1024
[mono_ns=7230025503503105][T0xf523351fcca0][WARN] copy_aicore_buffer: [chip_swimlane_collector.cpp:689] Core 42: skipped 1024 AICore record slot(s) with start_time=0 (race-window write or recycled-buffer tail). buf seq=0 count=1024
[mono_ns=7230025503621076][T0xf523349ecca0][WARN] copy_aicore_buffer: [chip_swimlane_collector.cpp:689] Core 45: skipped 1024 AICore record slot(s) with start_time=0 (race-window write or recycled-buffer tail). buf seq=0 count=1024
[mono_ns=7230025503689036][T0xf52328db9ca0][WARN] copy_aicore_buffer: [chip_swimlane_collector.cpp:689] Core 47: skipped 1024 AICore record slot(s) with start_time=0 (race-window write or recycled-buffer tail). buf seq=0 count=1024
[mono_ns=7230025503835677][T0xf523351fcca0][WARN] copy_aicore_buffer: [chip_swimlane_collector.cpp:689] Core 43: skipped 1024 AICore record slot(s) with start_time=0 (race-window write or recycled-buffer tail). buf seq=0 count=1024
[mono_ns=7230025503935058][T0xf523349ecca0][WARN] copy_aicore_buffer: [chip_swimlane_collector.cpp:689] Core 13: skipped 1024 AICore record slot(s) with start_time=0 (race-window write or recycled-buffer tail). buf seq=0 count=1024
[mono_ns=7230025504014408][T0xf52328db9ca0][WARN] copy_aicore_buffer: [chip_swimlane_collector.cpp:689] Core 14: skipped 1024 AICore record slot(s) with start_time=0 (race-window write or recycled-buffer tail). buf seq=0 count=1024
[mono_ns=7230025504190909][T0xf523351fcca0][WARN] copy_aicore_buffer: [chip_swimlane_collector.cpp:689] Core 12: skipped 1024 AICore record slot(s) with start_time=0 (race-window write or recycled-buffer tail). buf seq=0 count=1024
[mono_ns=7230025504256219][T0xf523349ecca0][WARN] copy_aicore_buffer: [chip_swimlane_collector.cpp:689] Core 50: skipped 1024 AICore record slot(s) with start_time=0 (race-window write or recycled-buffer tail). buf seq=0 count=1024
[mono_ns=7230025504331070][T0xf52328db9ca0][WARN] copy_aicore_buffer: [chip_swimlane_collector.cpp:689] Core 52: skipped 1024 AICore record slot(s) with start_time=0 (race-window write or recycled-buffer tail). buf seq=0 count=1024
[mono_ns=7230025504546481][T0xf523351fcca0][WARN] copy_aicore_buffer: [chip_swimlane_collector.cpp:689] Core 48: skipped 1024 AICore record slot(s) with start_time=0 (race-window write or recycled-buffer tail). buf seq=0 count=1024
[mono_ns=7230025504569561][T0xf523349ecca0][WARN] copy_aicore_buffer: [chip_swimlane_collector.cpp:689] Core 51: skipped 1024 AICore record slot(s) with start_time=0 (race-window write or recycled-buffer tail). buf seq=0 count=1024
[mono_ns=7230025504648422][T0xf52328db9ca0][WARN] copy_aicore_buffer: [chip_swimlane_collector.cpp:689] Core 53: skipped 1024 AICore record slot(s) with start_time=0 (race-window write or recycled-buffer tail). buf seq=0 count=1024
[mono_ns=7230025504875263][T0xf523351fcca0][WARN] copy_aicore_buffer: [chip_swimlane_collector.cpp:689] Core 49: skipped 1024 AICore record slot(s) with start_time=0 (race-window write or recycled-buffer tail). buf seq=0 count=1024
[mono_ns=7230025504914903][T0xf523349ecca0][WARN] copy_aicore_buffer: [chip_swimlane_collector.cpp:689] Core 16: skipped 1024 AICore record slot(s) with start_time=0 (race-window write or recycled-buffer tail). buf seq=0 count=1024
[mono_ns=7230025504962383][T0xf52328db9ca0][WARN] copy_aicore_buffer: [chip_swimlane_collector.cpp:689] Core 17: skipped 1024 AICore record slot(s) with start_time=0 (race-window write or recycled-buffer tail). buf seq=0 count=1024
[mono_ns=7230025505212425][T0xf523351fcca0][WARN] copy_aicore_buffer: [chip_swimlane_collector.cpp:689] Core 15: skipped 1024 AICore record slot(s) with start_time=0 (race-window write or recycled-buffer tail). buf seq=0 count=1024
[mono_ns=7230025505235925][T0xf523349ecca0][WARN] copy_aicore_buffer: [chip_swimlane_collector.cpp:689] Core 56: skipped 1024 AICore record slot(s) with start_time=0 (race-window write or recycled-buffer tail). buf seq=0 count=1024
[mono_ns=7230025505284725][T0xf52328db9ca0][WARN] copy_aicore_buffer: [chip_swimlane_collector.cpp:689] Core 58: skipped 1024 AICore record slot(s) with start_time=0 (race-window write or recycled-buffer tail). buf seq=0 count=1024
[mono_ns=7230025505543926][T0xf523351fcca0][WARN] copy_aicore_buffer: [chip_swimlane_collector.cpp:689] Core 54: skipped 1024 AICore record slot(s) with start_time=0 (race-window write or recycled-buffer tail). buf seq=0 count=1024
[mono_ns=7230025505599577][T0xf523349ecca0][WARN] copy_aicore_buffer: [chip_swimlane_collector.cpp:689] Core 57: skipped 1024 AICore record slot(s) with start_time=0 (race-window write or recycled-buffer tail). buf seq=0 count=1024
[mono_ns=7230025505601997][T0xf52328db9ca0][WARN] copy_aicore_buffer: [chip_swimlane_collector.cpp:689] Core 59: skipped 1024 AICore record slot(s) with start_time=0 (race-window write or recycled-buffer tail). buf seq=0 count=1024
[mono_ns=7230025505902558][T0xf523351fcca0][WARN] copy_aicore_buffer: [chip_swimlane_collector.cpp:689] Core 55: skipped 1024 AICore record slot(s) with start_time=0 (race-window write or recycled-buffer tail). buf seq=0 count=1024
[mono_ns=7230025505917938][T0xf52328db9ca0][WARN] copy_aicore_buffer: [chip_swimlane_collector.cpp:689] Core 20: skipped 1024 AICore record slot(s) with start_time=0 (race-window write or recycled-buffer tail). buf seq=0 count=1024
[mono_ns=7230025505924218][T0xf523349ecca0][WARN] copy_aicore_buffer: [chip_swimlane_collector.cpp:689] Core 19: skipped 1024 AICore record slot(s) with start_time=0 (race-window write or recycled-buffer tail). buf seq=0 count=1024
[mono_ns=7230025506241660][T0xf523351fcca0][WARN] copy_aicore_buffer: [chip_swimlane_collector.cpp:689] Core 18: skipped 1024 AICore record slot(s) with start_time=0 (race-window write or recycled-buffer tail). buf seq=0 count=1024
[mono_ns=7230025506242380][T0xf52328db9ca0][WARN] copy_aicore_buffer: [chip_swimlane_collector.cpp:689] Core 64: skipped 1024 AICore record slot(s) with start_time=0 (race-window write or recycled-buffer tail). buf seq=0 count=1024
[mono_ns=7230025506255310][T0xf523349ecca0][WARN] copy_aicore_buffer: [chip_swimlane_collector.cpp:689] Core 62: skipped 1024 AICore record slot(s) with start_time=0 (race-window write or recycled-buffer tail). buf seq=0 count=1024
[mono_ns=7230025506560822][T0xf52328db9ca0][WARN] copy_aicore_buffer: [chip_swimlane_collector.cpp:689] Core 65: skipped 1024 AICore record slot(s) with start_time=0 (race-window write or recycled-buffer tail). buf seq=0 count=1024
[mono_ns=7230025506569152][T0xf523351fcca0][WARN] copy_aicore_buffer: [chip_swimlane_collector.cpp:689] Core 60: skipped 1024 AICore record slot(s) with start_time=0 (race-window write or recycled-buffer tail). buf seq=0 count=1024
[mono_ns=7230025506602222][T0xf523349ecca0][WARN] copy_aicore_buffer: [chip_swimlane_collector.cpp:689] Core 63: skipped 1024 AICore record slot(s) with start_time=0 (race-window write or recycled-buffer tail). buf seq=0 count=1024
[mono_ns=7230025506877583][T0xf52328db9ca0][WARN] copy_aicore_buffer: [chip_swimlane_collector.cpp:689] Core 23: skipped 1024 AICore record slot(s) with start_time=0 (race-window write or recycled-buffer tail). buf seq=0 count=1024
[mono_ns=7230025506893573][T0xf523351fcca0][WARN] copy_aicore_buffer: [chip_swimlane_collector.cpp:689] Core 61: skipped 1024 AICore record slot(s) with start_time=0 (race-window write or recycled-buffer tail). buf seq=0 count=1024
[mono_ns=7230025506921504][T0xf523349ecca0][WARN] copy_aicore_buffer: [chip_swimlane_collector.cpp:689] Core 22: skipped 1024 AICore record slot(s) with start_time=0 (race-window write or recycled-buffer tail). buf seq=0 count=1024
[mono_ns=7230025507200855][T0xf52328db9ca0][WARN] copy_aicore_buffer: [chip_swimlane_collector.cpp:689] Core 70: skipped 1024 AICore record slot(s) with start_time=0 (race-window write or recycled-buffer tail). buf seq=0 count=1024
[mono_ns=7230025507234935][T0xf523351fcca0][WARN] copy_aicore_buffer: [chip_swimlane_collector.cpp:689] Core 21: skipped 1024 AICore record slot(s) with start_time=0 (race-window write or recycled-buffer tail). buf seq=0 count=1024
[mono_ns=7230025507257485][T0xf523349ecca0][WARN] copy_aicore_buffer: [chip_swimlane_collector.cpp:689] Core 68: skipped 1024 AICore record slot(s) with start_time=0 (race-window write or recycled-buffer tail). buf seq=0 count=1024
[mono_ns=7230025507516977][T0xf52328db9ca0][WARN] copy_aicore_buffer: [chip_swimlane_collector.cpp:689] Core 71: skipped 1024 AICore record slot(s) with start_time=0 (race-window write or recycled-buffer tail). buf seq=0 count=1024
[mono_ns=7230025507578037][T0xf523351fcca0][WARN] copy_aicore_buffer: [chip_swimlane_collector.cpp:689] Core 66: skipped 1024 AICore record slot(s) with start_time=0 (race-window write or recycled-buffer tail). buf seq=0 count=1024
[mono_ns=7230025507578507][T0xf523349ecca0][WARN] copy_aicore_buffer: [chip_swimlane_collector.cpp:689] Core 69: skipped 1024 AICore record slot(s) with start_time=0 (race-window write or recycled-buffer tail). buf seq=0 count=1024
[mono_ns=7230025507919339][T0xf523351fcca0][WARN] copy_aicore_buffer: [chip_swimlane_collector.cpp:689] Core 67: skipped 1024 AICore record slot(s) with start_time=0 (race-window write or recycled-buffer tail). buf seq=0 count=1024
[mono_ns=7230025608424803][T0xf52485a2b020][TIMING] emit_host_span: [STRACE] v=1 pid=106340 tid=106340 inv=6 hid=5b97acc14469116c depth=1 name=chip.run.runner_run ts=7230025498050236 dur=110368747 
[mono_ns=7230025608510044][T0xf52485a2b020][TIMING] emit_host_span: [STRACE] v=1 pid=106340 tid=106340 inv=6 hid=5b97acc14469116c depth=1 name=chip.run.validate ts=7230025608437323 dur=69571 
[mono_ns=7230025608547514][T0xf52485a2b020][TIMING] emit_host_span: [STRACE] v=1 pid=106340 tid=106340 inv=6 hid=5b97acc14469116c depth=2 name=chip.run.runner_run.device_wall ts=0 dur=1594120 clk=dev
[mono_ns=7230025608551704][T0xf52485a2b020][TIMING] emit_host_span: [STRACE] v=1 pid=106340 tid=106340 inv=6 hid=5b97acc14469116c depth=3 name=chip.run.runner_run.device_wall.preamble ts=0 dur=109000 clk=dev
[mono_ns=7230025608556054][T0xf52485a2b020][TIMING] emit_host_span: [STRACE] v=1 pid=106340 tid=106340 inv=6 hid=5b97acc14469116c depth=3 name=chip.run.runner_run.device_wall.graph_build ts=104960 dur=1480100 clk=dev
[mono_ns=7230025608559964][T0xf52485a2b020][TIMING] emit_host_span: [STRACE] v=1 pid=106340 tid=106340 inv=6 hid=5b97acc14469116c depth=3 name=chip.run.runner_run.device_wall.config_validate ts=105060 dur=720 clk=dev
[mono_ns=7230025608564204][T0xf52485a2b020][TIMING] emit_host_span: [STRACE] v=1 pid=106340 tid=106340 inv=6 hid=5b97acc14469116c depth=3 name=chip.run.runner_run.device_wall.arena_wire ts=105820 dur=240 clk=dev
[mono_ns=7230025608568384][T0xf52485a2b020][TIMING] emit_host_span: [STRACE] v=1 pid=106340 tid=106340 inv=6 hid=5b97acc14469116c depth=3 name=chip.run.runner_run.device_wall.sm_reset ts=106100 dur=679 clk=dev
[mono_ns=7230025608571644][T0xf52485a2b020][TIMING] emit_host_span: [STRACE] v=1 pid=106340 tid=106340 inv=6 hid=5b97acc14469116c depth=3 name=chip.run.runner_run.device_wall.post_orch ts=1585120 dur=8900 clk=dev
[mono_ns=7230025608575454][T0xf52485a2b020][TIMING] emit_host_span: [STRACE] v=1 pid=106340 tid=106340 inv=6 hid=5b97acc14469116c depth=3 name=chip.run.runner_run.device_wall.orch ts=106820 dur=3840 clk=dev
[mono_ns=7230025608590814][T0xf52485a2b020][TIMING] emit_host_span: [STRACE] v=1 pid=106340 tid=106340 inv=6 hid=5b97acc14469116c depth=3 name=chip.run.runner_run.device_wall.sched ts=109140 dur=1450880 clk=dev
[mono_ns=7230025608596114][T0xf52485a2b020][TIMING] emit_host_span: [STRACE] v=1 pid=106340 tid=106340 inv=6 hid=5b97acc14469116c depth=1 name=chip.run.claim_release ts=7230025608593664 dur=670 
[mono_ns=7230025608601094][T0xf52485a2b020][TIMING] emit_host_span: [STRACE] v=1 pid=106340 tid=106340 inv=6 hid=5b97acc14469116c depth=0 name=chip.run ts=7230025497457403 dur=111141741 run_id=6 dispatch_id=6 slot_id=0 generation=6 run_epoch=6
