[mono_ns=7230015027100929][T0xf52485a2b020][TIMING] emit_host_span: [STRACE] v=1 pid=106298 tid=106298 inv=1 hid=5b97acc14469116c depth=2 name=chip.run.bind.args ts=7230015026982978 dur=110211 
[mono_ns=7230015027122739][T0xf52485a2b020][TIMING] emit_host_span: [STRACE] v=1 pid=106298 tid=106298 inv=1 hid=5b97acc14469116c depth=2 name=chip.run.bind.prebuilt ts=7230015027114779 dur=5380 
[mono_ns=7230015027128649][T0xf52485a2b020][TIMING] emit_host_span: [STRACE] v=1 pid=106298 tid=106298 inv=1 hid=5b97acc14469116c depth=1 name=chip.run.bind ts=7230015026564816 dur=561233 
[mono_ns=7230015143196906][T0xf52485a2b020][TIMING] emit_host_span: [STRACE] v=1 pid=106298 tid=106298 inv=1 hid=5b97acc14469116c depth=1 name=chip.run.runner_run ts=7230015027819322 dur=115364494 
[mono_ns=7230015143325596][T0xf52485a2b020][TIMING] emit_host_span: [STRACE] v=1 pid=106298 tid=106298 inv=1 hid=5b97acc14469116c depth=1 name=chip.run.validate ts=7230015143213736 dur=107900 
[mono_ns=7230015143337136][T0xf52485a2b020][TIMING] emit_host_span: [STRACE] v=1 pid=106298 tid=106298 inv=1 hid=5b97acc14469116c depth=2 name=chip.run.runner_run.device_wall ts=0 dur=3473120 clk=dev
[mono_ns=7230015143341806][T0xf52485a2b020][TIMING] emit_host_span: [STRACE] v=1 pid=106298 tid=106298 inv=1 hid=5b97acc14469116c depth=3 name=chip.run.runner_run.device_wall.preamble ts=0 dur=166899 clk=dev
[mono_ns=7230015143346176][T0xf52485a2b020][TIMING] emit_host_span: [STRACE] v=1 pid=106298 tid=106298 inv=1 hid=5b97acc14469116c depth=3 name=chip.run.runner_run.device_wall.graph_build ts=38540 dur=3416220 clk=dev
[mono_ns=7230015143349636][T0xf52485a2b020][TIMING] emit_host_span: [STRACE] v=1 pid=106298 tid=106298 inv=1 hid=5b97acc14469116c depth=3 name=chip.run.runner_run.device_wall.config_validate ts=42519 dur=3420 clk=dev
[mono_ns=7230015143353786][T0xf52485a2b020][TIMING] emit_host_span: [STRACE] v=1 pid=106298 tid=106298 inv=1 hid=5b97acc14469116c depth=3 name=chip.run.runner_run.device_wall.arena_wire ts=45980 dur=12280 clk=dev
[mono_ns=7230015143357836][T0xf52485a2b020][TIMING] emit_host_span: [STRACE] v=1 pid=106298 tid=106298 inv=1 hid=5b97acc14469116c depth=3 name=chip.run.runner_run.device_wall.sm_reset ts=58300 dur=18280 clk=dev
[mono_ns=7230015143362616][T0xf52485a2b020][TIMING] emit_host_span: [STRACE] v=1 pid=106298 tid=106298 inv=1 hid=5b97acc14469116c depth=3 name=chip.run.runner_run.device_wall.post_orch ts=3454839 dur=14740 clk=dev
[mono_ns=7230015143367217][T0xf52485a2b020][TIMING] emit_host_span: [STRACE] v=1 pid=106298 tid=106298 inv=1 hid=5b97acc14469116c depth=3 name=chip.run.runner_run.device_wall.orch ts=81280 dur=43940 clk=dev
[mono_ns=7230015143371827][T0xf52485a2b020][TIMING] emit_host_span: [STRACE] v=1 pid=106298 tid=106298 inv=1 hid=5b97acc14469116c depth=3 name=chip.run.runner_run.device_wall.sched ts=168540 dur=3264140 clk=dev
[mono_ns=7230015143379107][T0xf52485a2b020][TIMING] emit_host_span: [STRACE] v=1 pid=106298 tid=106298 inv=1 hid=5b97acc14469116c depth=1 name=chip.run.claim_release ts=7230015143376257 dur=1130 
[mono_ns=7230015143385057][T0xf52485a2b020][TIMING] emit_host_span: [STRACE] v=1 pid=106298 tid=106298 inv=1 hid=5b97acc14469116c depth=0 name=chip.run ts=7230015026521206 dur=116861881 run_id=1 dispatch_id=1 slot_id=0 generation=1 run_epoch=1
[mono_ns=7230015152324804][T0xf52485a2b020][TIMING] emit_host_span: [STRACE] v=1 pid=106298 tid=106298 inv=2 hid=5b97acc14469116c depth=2 name=chip.run.bind.args ts=7230015152212294 dur=107180 
[mono_ns=7230015152345734][T0xf52485a2b020][TIMING] emit_host_span: [STRACE] v=1 pid=106298 tid=106298 inv=2 hid=5b97acc14469116c depth=2 name=chip.run.bind.prebuilt ts=7230015152336654 dur=6440 
[mono_ns=7230015152350824][T0xf52485a2b020][TIMING] emit_host_span: [STRACE] v=1 pid=106298 tid=106298 inv=2 hid=5b97acc14469116c depth=1 name=chip.run.bind ts=7230015152197843 dur=150591 
[mono_ns=7230015226873720][T0xf52328db9ca0][WARN] copy_aicore_buffer: [chip_swimlane_collector.cpp:689] Core 2: skipped 1024 AICore record slot(s) with start_time=0 (race-window write or recycled-buffer tail). buf seq=0 count=1024
[mono_ns=7230015226926571][T0xf523351fcca0][WARN] copy_aicore_buffer: [chip_swimlane_collector.cpp:689] Core 0: skipped 1024 AICore record slot(s) with start_time=0 (race-window write or recycled-buffer tail). buf seq=0 count=1024
[mono_ns=7230015226930211][T0xf523349ecca0][WARN] copy_aicore_buffer: [chip_swimlane_collector.cpp:689] Core 1: skipped 1024 AICore record slot(s) with start_time=0 (race-window write or recycled-buffer tail). buf seq=0 count=1024
[mono_ns=7230015227254242][T0xf52328db9ca0][WARN] copy_aicore_buffer: [chip_swimlane_collector.cpp:689] Core 28: skipped 1024 AICore record slot(s) with start_time=0 (race-window write or recycled-buffer tail). buf seq=0 count=1024
[mono_ns=7230015227282052][T0xf523349ecca0][WARN] copy_aicore_buffer: [chip_swimlane_collector.cpp:689] Core 26: skipped 1022 AICore record slot(s) with start_time=0 (race-window write or recycled-buffer tail). buf seq=0 count=1024
[mono_ns=7230015227321263][T0xf523351fcca0][WARN] copy_aicore_buffer: [chip_swimlane_collector.cpp:689] Core 24: skipped 1023 AICore record slot(s) with start_time=0 (race-window write or recycled-buffer tail). buf seq=0 count=1024
[mono_ns=7230015227581454][T0xf52328db9ca0][WARN] copy_aicore_buffer: [chip_swimlane_collector.cpp:689] Core 29: skipped 1024 AICore record slot(s) with start_time=0 (race-window write or recycled-buffer tail). buf seq=0 count=1024
[mono_ns=7230015227614064][T0xf523349ecca0][WARN] copy_aicore_buffer: [chip_swimlane_collector.cpp:689] Core 27: skipped 1024 AICore record slot(s) with start_time=0 (race-window write or recycled-buffer tail). buf seq=0 count=1024
[mono_ns=7230015227656824][T0xf523351fcca0][WARN] copy_aicore_buffer: [chip_swimlane_collector.cpp:689] Core 25: skipped 1024 AICore record slot(s) with start_time=0 (race-window write or recycled-buffer tail). buf seq=0 count=1024
[mono_ns=7230015227933146][T0xf52328db9ca0][WARN] copy_aicore_buffer: [chip_swimlane_collector.cpp:689] Core 5: skipped 1024 AICore record slot(s) with start_time=0 (race-window write or recycled-buffer tail). buf seq=0 count=1024
[mono_ns=7230015227960006][T0xf523349ecca0][WARN] copy_aicore_buffer: [chip_swimlane_collector.cpp:689] Core 4: skipped 1024 AICore record slot(s) with start_time=0 (race-window write or recycled-buffer tail). buf seq=0 count=1024
[mono_ns=7230015228033956][T0xf523351fcca0][WARN] copy_aicore_buffer: [chip_swimlane_collector.cpp:689] Core 3: skipped 1024 AICore record slot(s) with start_time=0 (race-window write or recycled-buffer tail). buf seq=0 count=1024
[mono_ns=7230015228278728][T0xf52328db9ca0][WARN] copy_aicore_buffer: [chip_swimlane_collector.cpp:689] Core 34: skipped 1024 AICore record slot(s) with start_time=0 (race-window write or recycled-buffer tail). buf seq=0 count=1024
[mono_ns=7230015228308698][T0xf523349ecca0][WARN] copy_aicore_buffer: [chip_swimlane_collector.cpp:689] Core 32: skipped 1024 AICore record slot(s) with start_time=0 (race-window write or recycled-buffer tail). buf seq=0 count=1024
[mono_ns=7230015228366798][T0xf523351fcca0][WARN] copy_aicore_buffer: [chip_swimlane_collector.cpp:689] Core 30: skipped 1024 AICore record slot(s) with start_time=0 (race-window write or recycled-buffer tail). buf seq=0 count=1024
[mono_ns=7230015228607460][T0xf52328db9ca0][WARN] copy_aicore_buffer: [chip_swimlane_collector.cpp:689] Core 35: skipped 1024 AICore record slot(s) with start_time=0 (race-window write or recycled-buffer tail). buf seq=0 count=1024
[mono_ns=7230015228639740][T0xf523349ecca0][WARN] copy_aicore_buffer: [chip_swimlane_collector.cpp:689] Core 33: skipped 1024 AICore record slot(s) with start_time=0 (race-window write or recycled-buffer tail). buf seq=0 count=1024
[mono_ns=7230015228696500][T0xf523351fcca0][WARN] copy_aicore_buffer: [chip_swimlane_collector.cpp:689] Core 31: skipped 1024 AICore record slot(s) with start_time=0 (race-window write or recycled-buffer tail). buf seq=0 count=1024
[mono_ns=7230015228934641][T0xf52328db9ca0][WARN] copy_aicore_buffer: [chip_swimlane_collector.cpp:689] Core 8: skipped 1024 AICore record slot(s) with start_time=0 (race-window write or recycled-buffer tail). buf seq=0 count=1024
[mono_ns=7230015228968321][T0xf523349ecca0][WARN] copy_aicore_buffer: [chip_swimlane_collector.cpp:689] Core 7: skipped 1024 AICore record slot(s) with start_time=0 (race-window write or recycled-buffer tail). buf seq=0 count=1024
[mono_ns=7230015229032872][T0xf523351fcca0][WARN] copy_aicore_buffer: [chip_swimlane_collector.cpp:689] Core 6: skipped 1024 AICore record slot(s) with start_time=0 (race-window write or recycled-buffer tail). buf seq=0 count=1024
[mono_ns=7230015229267983][T0xf52328db9ca0][WARN] copy_aicore_buffer: [chip_swimlane_collector.cpp:689] Core 40: skipped 1024 AICore record slot(s) with start_time=0 (race-window write or recycled-buffer tail). buf seq=0 count=1024
[mono_ns=7230015229301763][T0xf523349ecca0][WARN] copy_aicore_buffer: [chip_swimlane_collector.cpp:689] Core 38: skipped 1024 AICore record slot(s) with start_time=0 (race-window write or recycled-buffer tail). buf seq=0 count=1024
[mono_ns=7230015229362014][T0xf523351fcca0][WARN] copy_aicore_buffer: [chip_swimlane_collector.cpp:689] Core 36: skipped 1024 AICore record slot(s) with start_time=0 (race-window write or recycled-buffer tail). buf seq=0 count=1024
[mono_ns=7230015229594185][T0xf52328db9ca0][WARN] copy_aicore_buffer: [chip_swimlane_collector.cpp:689] Core 41: skipped 1024 AICore record slot(s) with start_time=0 (race-window write or recycled-buffer tail). buf seq=0 count=1024
[mono_ns=7230015229631355][T0xf523349ecca0][WARN] copy_aicore_buffer: [chip_swimlane_collector.cpp:689] Core 39: skipped 1024 AICore record slot(s) with start_time=0 (race-window write or recycled-buffer tail). buf seq=0 count=1024
[mono_ns=7230015229691805][T0xf523351fcca0][WARN] copy_aicore_buffer: [chip_swimlane_collector.cpp:689] Core 37: skipped 1024 AICore record slot(s) with start_time=0 (race-window write or recycled-buffer tail). buf seq=0 count=1024
[mono_ns=7230015229919706][T0xf52328db9ca0][WARN] copy_aicore_buffer: [chip_swimlane_collector.cpp:689] Core 11: skipped 1024 AICore record slot(s) with start_time=0 (race-window write or recycled-buffer tail). buf seq=0 count=1024
[mono_ns=7230015229960477][T0xf523349ecca0][WARN] copy_aicore_buffer: [chip_swimlane_collector.cpp:689] Core 10: skipped 1024 AICore record slot(s) with start_time=0 (race-window write or recycled-buffer tail). buf seq=0 count=1024
[mono_ns=7230015230032467][T0xf523351fcca0][WARN] copy_aicore_buffer: [chip_swimlane_collector.cpp:689] Core 9: skipped 1024 AICore record slot(s) with start_time=0 (race-window write or recycled-buffer tail). buf seq=0 count=1024
[mono_ns=7230015230260648][T0xf52328db9ca0][WARN] copy_aicore_buffer: [chip_swimlane_collector.cpp:689] Core 46: skipped 1024 AICore record slot(s) with start_time=0 (race-window write or recycled-buffer tail). buf seq=0 count=1024
[mono_ns=7230015230305969][T0xf523349ecca0][WARN] copy_aicore_buffer: [chip_swimlane_collector.cpp:689] Core 44: skipped 1024 AICore record slot(s) with start_time=0 (race-window write or recycled-buffer tail). buf seq=0 count=1024
[mono_ns=7230015230361179][T0xf523351fcca0][WARN] copy_aicore_buffer: [chip_swimlane_collector.cpp:689] Core 42: skipped 1024 AICore record slot(s) with start_time=0 (race-window write or recycled-buffer tail). buf seq=0 count=1024
[mono_ns=7230015230588840][T0xf52328db9ca0][WARN] copy_aicore_buffer: [chip_swimlane_collector.cpp:689] Core 47: skipped 1024 AICore record slot(s) with start_time=0 (race-window write or recycled-buffer tail). buf seq=0 count=1024
[mono_ns=7230015230635810][T0xf523349ecca0][WARN] copy_aicore_buffer: [chip_swimlane_collector.cpp:689] Core 45: skipped 1024 AICore record slot(s) with start_time=0 (race-window write or recycled-buffer tail). buf seq=0 count=1024
[mono_ns=7230015230690101][T0xf523351fcca0][WARN] copy_aicore_buffer: [chip_swimlane_collector.cpp:689] Core 43: skipped 1024 AICore record slot(s) with start_time=0 (race-window write or recycled-buffer tail). buf seq=0 count=1024
[mono_ns=7230015230914012][T0xf52328db9ca0][WARN] copy_aicore_buffer: [chip_swimlane_collector.cpp:689] Core 14: skipped 1024 AICore record slot(s) with start_time=0 (race-window write or recycled-buffer tail). buf seq=0 count=1024
[mono_ns=7230015230963562][T0xf523349ecca0][WARN] copy_aicore_buffer: [chip_swimlane_collector.cpp:689] Core 13: skipped 1024 AICore record slot(s) with start_time=0 (race-window write or recycled-buffer tail). buf seq=0 count=1024
[mono_ns=7230015231030142][T0xf523351fcca0][WARN] copy_aicore_buffer: [chip_swimlane_collector.cpp:689] Core 12: skipped 1024 AICore record slot(s) with start_time=0 (race-window write or recycled-buffer tail). buf seq=0 count=1024
[mono_ns=7230015231251394][T0xf52328db9ca0][WARN] copy_aicore_buffer: [chip_swimlane_collector.cpp:689] Core 52: skipped 1024 AICore record slot(s) with start_time=0 (race-window write or recycled-buffer tail). buf seq=0 count=1024
[mono_ns=7230015231302624][T0xf523349ecca0][WARN] copy_aicore_buffer: [chip_swimlane_collector.cpp:689] Core 50: skipped 1024 AICore record slot(s) with start_time=0 (race-window write or recycled-buffer tail). buf seq=0 count=1024
[mono_ns=7230015231358864][T0xf523351fcca0][WARN] copy_aicore_buffer: [chip_swimlane_collector.cpp:689] Core 48: skipped 1024 AICore record slot(s) with start_time=0 (race-window write or recycled-buffer tail). buf seq=0 count=1024
[mono_ns=7230015231577665][T0xf52328db9ca0][WARN] copy_aicore_buffer: [chip_swimlane_collector.cpp:689] Core 53: skipped 1024 AICore record slot(s) with start_time=0 (race-window write or recycled-buffer tail). buf seq=0 count=1024
[mono_ns=7230015231633346][T0xf523349ecca0][WARN] copy_aicore_buffer: [chip_swimlane_collector.cpp:689] Core 51: skipped 1024 AICore record slot(s) with start_time=0 (race-window write or recycled-buffer tail). buf seq=0 count=1024
[mono_ns=7230015231691726][T0xf523351fcca0][WARN] copy_aicore_buffer: [chip_swimlane_collector.cpp:689] Core 49: skipped 1024 AICore record slot(s) with start_time=0 (race-window write or recycled-buffer tail). buf seq=0 count=1024
[mono_ns=7230015231905277][T0xf52328db9ca0][WARN] copy_aicore_buffer: [chip_swimlane_collector.cpp:689] Core 17: skipped 1024 AICore record slot(s) with start_time=0 (race-window write or recycled-buffer tail). buf seq=0 count=1024
[mono_ns=7230015231962397][T0xf523349ecca0][WARN] copy_aicore_buffer: [chip_swimlane_collector.cpp:689] Core 16: skipped 1024 AICore record slot(s) with start_time=0 (race-window write or recycled-buffer tail). buf seq=0 count=1024
[mono_ns=7230015232032818][T0xf523351fcca0][WARN] copy_aicore_buffer: [chip_swimlane_collector.cpp:689] Core 15: skipped 1024 AICore record slot(s) with start_time=0 (race-window write or recycled-buffer tail). buf seq=0 count=1024
[mono_ns=7230015232241909][T0xf52328db9ca0][WARN] copy_aicore_buffer: [chip_swimlane_collector.cpp:689] Core 58: skipped 1024 AICore record slot(s) with start_time=0 (race-window write or recycled-buffer tail). buf seq=0 count=1024
[mono_ns=7230015232303729][T0xf523349ecca0][WARN] copy_aicore_buffer: [chip_swimlane_collector.cpp:689] Core 56: skipped 1024 AICore record slot(s) with start_time=0 (race-window write or recycled-buffer tail). buf seq=0 count=1024
[mono_ns=7230015232361729][T0xf523351fcca0][WARN] copy_aicore_buffer: [chip_swimlane_collector.cpp:689] Core 54: skipped 1024 AICore record slot(s) with start_time=0 (race-window write or recycled-buffer tail). buf seq=0 count=1024
[mono_ns=7230015232569141][T0xf52328db9ca0][WARN] copy_aicore_buffer: [chip_swimlane_collector.cpp:689] Core 59: skipped 1024 AICore record slot(s) with start_time=0 (race-window write or recycled-buffer tail). buf seq=0 count=1024
[mono_ns=7230015232634721][T0xf523349ecca0][WARN] copy_aicore_buffer: [chip_swimlane_collector.cpp:689] Core 57: skipped 1024 AICore record slot(s) with start_time=0 (race-window write or recycled-buffer tail). buf seq=0 count=1024
[mono_ns=7230015232691701][T0xf523351fcca0][WARN] copy_aicore_buffer: [chip_swimlane_collector.cpp:689] Core 55: skipped 1024 AICore record slot(s) with start_time=0 (race-window write or recycled-buffer tail). buf seq=0 count=1024
[mono_ns=7230015232896612][T0xf52328db9ca0][WARN] copy_aicore_buffer: [chip_swimlane_collector.cpp:689] Core 20: skipped 1024 AICore record slot(s) with start_time=0 (race-window write or recycled-buffer tail). buf seq=0 count=1024
[mono_ns=7230015232963403][T0xf523349ecca0][WARN] copy_aicore_buffer: [chip_swimlane_collector.cpp:689] Core 19: skipped 1024 AICore record slot(s) with start_time=0 (race-window write or recycled-buffer tail). buf seq=0 count=1024
[mono_ns=7230015233030013][T0xf523351fcca0][WARN] copy_aicore_buffer: [chip_swimlane_collector.cpp:689] Core 18: skipped 1024 AICore record slot(s) with start_time=0 (race-window write or recycled-buffer tail). buf seq=0 count=1024
[mono_ns=7230015233235274][T0xf52328db9ca0][WARN] copy_aicore_buffer: [chip_swimlane_collector.cpp:689] Core 64: skipped 1024 AICore record slot(s) with start_time=0 (race-window write or recycled-buffer tail). buf seq=0 count=1024
[mono_ns=7230015233299684][T0xf523349ecca0][WARN] copy_aicore_buffer: [chip_swimlane_collector.cpp:689] Core 62: skipped 1024 AICore record slot(s) with start_time=0 (race-window write or recycled-buffer tail). buf seq=0 count=1024
[mono_ns=7230015233360705][T0xf523351fcca0][WARN] copy_aicore_buffer: [chip_swimlane_collector.cpp:689] Core 60: skipped 1024 AICore record slot(s) with start_time=0 (race-window write or recycled-buffer tail). buf seq=0 count=1024
[mono_ns=7230015233561926][T0xf52328db9ca0][WARN] copy_aicore_buffer: [chip_swimlane_collector.cpp:689] Core 65: skipped 1024 AICore record slot(s) with start_time=0 (race-window write or recycled-buffer tail). buf seq=0 count=1024
[mono_ns=7230015233629626][T0xf523349ecca0][WARN] copy_aicore_buffer: [chip_swimlane_collector.cpp:689] Core 63: skipped 1024 AICore record slot(s) with start_time=0 (race-window write or recycled-buffer tail). buf seq=0 count=1024
[mono_ns=7230015233690337][T0xf523351fcca0][WARN] copy_aicore_buffer: [chip_swimlane_collector.cpp:689] Core 61: skipped 1024 AICore record slot(s) with start_time=0 (race-window write or recycled-buffer tail). buf seq=0 count=1024
[mono_ns=7230015233888978][T0xf52328db9ca0][WARN] copy_aicore_buffer: [chip_swimlane_collector.cpp:689] Core 23: skipped 1024 AICore record slot(s) with start_time=0 (race-window write or recycled-buffer tail). buf seq=0 count=1024
[mono_ns=7230015233959228][T0xf523349ecca0][WARN] copy_aicore_buffer: [chip_swimlane_collector.cpp:689] Core 22: skipped 1024 AICore record slot(s) with start_time=0 (race-window write or recycled-buffer tail). buf seq=0 count=1024
[mono_ns=7230015234029128][T0xf523351fcca0][WARN] copy_aicore_buffer: [chip_swimlane_collector.cpp:689] Core 21: skipped 1024 AICore record slot(s) with start_time=0 (race-window write or recycled-buffer tail). buf seq=0 count=1024
[mono_ns=7230015234225099][T0xf52328db9ca0][WARN] copy_aicore_buffer: [chip_swimlane_collector.cpp:689] Core 70: skipped 1024 AICore record slot(s) with start_time=0 (race-window write or recycled-buffer tail). buf seq=0 count=1024
[mono_ns=7230015234304210][T0xf523349ecca0][WARN] copy_aicore_buffer: [chip_swimlane_collector.cpp:689] Core 68: skipped 1024 AICore record slot(s) with start_time=0 (race-window write or recycled-buffer tail). buf seq=0 count=1024
[mono_ns=7230015234358440][T0xf523351fcca0][WARN] copy_aicore_buffer: [chip_swimlane_collector.cpp:689] Core 66: skipped 1024 AICore record slot(s) with start_time=0 (race-window write or recycled-buffer tail). buf seq=0 count=1024
[mono_ns=7230015234551741][T0xf52328db9ca0][WARN] copy_aicore_buffer: [chip_swimlane_collector.cpp:689] Core 71: skipped 1024 AICore record slot(s) with start_time=0 (race-window write or recycled-buffer tail). buf seq=0 count=1024
[mono_ns=7230015234634842][T0xf523349ecca0][WARN] copy_aicore_buffer: [chip_swimlane_collector.cpp:689] Core 69: skipped 1024 AICore record slot(s) with start_time=0 (race-window write or recycled-buffer tail). buf seq=0 count=1024
[mono_ns=7230015234686872][T0xf523351fcca0][WARN] copy_aicore_buffer: [chip_swimlane_collector.cpp:689] Core 67: skipped 1024 AICore record slot(s) with start_time=0 (race-window write or recycled-buffer tail). buf seq=0 count=1024
[mono_ns=7230015335198656][T0xf52485a2b020][TIMING] emit_host_span: [STRACE] v=1 pid=106298 tid=106298 inv=2 hid=5b97acc14469116c depth=1 name=chip.run.runner_run ts=7230015205569837 dur=129621179 
[mono_ns=7230015335285736][T0xf52485a2b020][TIMING] emit_host_span: [STRACE] v=1 pid=106298 tid=106298 inv=2 hid=5b97acc14469116c depth=1 name=chip.run.validate ts=7230015335211796 dur=69900 
[mono_ns=7230015335297446][T0xf52485a2b020][TIMING] emit_host_span: [STRACE] v=1 pid=106298 tid=106298 inv=2 hid=5b97acc14469116c depth=2 name=chip.run.runner_run.device_wall ts=0 dur=19210260 clk=dev
[mono_ns=7230015335301997][T0xf52485a2b020][TIMING] emit_host_span: [STRACE] v=1 pid=106298 tid=106298 inv=2 hid=5b97acc14469116c depth=3 name=chip.run.runner_run.device_wall.preamble ts=0 dur=139519 clk=dev
[mono_ns=7230015335306897][T0xf52485a2b020][TIMING] emit_host_span: [STRACE] v=1 pid=106298 tid=106298 inv=2 hid=5b97acc14469116c depth=3 name=chip.run.runner_run.device_wall.graph_build ts=133399 dur=19067400 clk=dev
[mono_ns=7230015335311147][T0xf52485a2b020][TIMING] emit_host_span: [STRACE] v=1 pid=106298 tid=106298 inv=2 hid=5b97acc14469116c depth=3 name=chip.run.runner_run.device_wall.config_validate ts=133580 dur=940 clk=dev
[mono_ns=7230015335316397][T0xf52485a2b020][TIMING] emit_host_span: [STRACE] v=1 pid=106298 tid=106298 inv=2 hid=5b97acc14469116c depth=3 name=chip.run.runner_run.device_wall.arena_wire ts=134580 dur=940 clk=dev
[mono_ns=7230015335319617][T0xf52485a2b020][TIMING] emit_host_span: [STRACE] v=1 pid=106298 tid=106298 inv=2 hid=5b97acc14469116c depth=3 name=chip.run.runner_run.device_wall.sm_reset ts=135580 dur=1280 clk=dev
[mono_ns=7230015335324477][T0xf52485a2b020][TIMING] emit_host_span: [STRACE] v=1 pid=106298 tid=106298 inv=2 hid=5b97acc14469116c depth=3 name=chip.run.runner_run.device_wall.post_orch ts=19200920 dur=9160 clk=dev
[mono_ns=7230015335327667][T0xf52485a2b020][TIMING] emit_host_span: [STRACE] v=1 pid=106298 tid=106298 inv=2 hid=5b97acc14469116c depth=3 name=chip.run.runner_run.device_wall.orch ts=136940 dur=5000 clk=dev
[mono_ns=7230015335332547][T0xf52485a2b020][TIMING] emit_host_span: [STRACE] v=1 pid=106298 tid=106298 inv=2 hid=5b97acc14469116c depth=3 name=chip.run.runner_run.device_wall.sched ts=139720 dur=19034740 clk=dev
[mono_ns=7230015335338907][T0xf52485a2b020][TIMING] emit_host_span: [STRACE] v=1 pid=106298 tid=106298 inv=2 hid=5b97acc14469116c depth=1 name=chip.run.claim_release ts=7230015335336327 dur=870 
[mono_ns=7230015335343147][T0xf52485a2b020][TIMING] emit_host_span: [STRACE] v=1 pid=106298 tid=106298 inv=2 hid=5b97acc14469116c depth=0 name=chip.run ts=7230015152150473 dur=183190584 run_id=2 dispatch_id=2 slot_id=0 generation=2 run_epoch=2
[mono_ns=7230020192188960][T0xf52485a2b020][TIMING] emit_host_span: [STRACE] v=1 pid=106298 tid=106298 inv=3 hid=5b97acc14469116c depth=2 name=chip.run.bind.args ts=7230020191803668 dur=361582 
[mono_ns=7230020192282101][T0xf52485a2b020][TIMING] emit_host_span: [STRACE] v=1 pid=106298 tid=106298 inv=3 hid=5b97acc14469116c depth=2 name=chip.run.bind.prebuilt ts=7230020192260211 dur=17530 
[mono_ns=7230020192287671][T0xf52485a2b020][TIMING] emit_host_span: [STRACE] v=1 pid=106298 tid=106298 inv=3 hid=5b97acc14469116c depth=1 name=chip.run.bind ts=7230020191764048 dur=521333 
[mono_ns=7230020347439716][T0xf52485a2b020][TIMING] emit_host_span: [STRACE] v=1 pid=106298 tid=106298 inv=3 hid=5b97acc14469116c depth=1 name=chip.run.runner_run ts=7230020193502827 dur=153917079 
[mono_ns=7230020347548246][T0xf52485a2b020][TIMING] emit_host_span: [STRACE] v=1 pid=106298 tid=106298 inv=3 hid=5b97acc14469116c depth=1 name=chip.run.validate ts=7230020347456996 dur=86960 
[mono_ns=7230020347561936][T0xf52485a2b020][TIMING] emit_host_span: [STRACE] v=1 pid=106298 tid=106298 inv=3 hid=5b97acc14469116c depth=2 name=chip.run.runner_run.device_wall ts=0 dur=5791600 clk=dev
[mono_ns=7230020347566726][T0xf52485a2b020][TIMING] emit_host_span: [STRACE] v=1 pid=106298 tid=106298 inv=3 hid=5b97acc14469116c depth=3 name=chip.run.runner_run.device_wall.preamble ts=0 dur=8579 clk=dev
[mono_ns=7230020347572136][T0xf52485a2b020][TIMING] emit_host_span: [STRACE] v=1 pid=106298 tid=106298 inv=3 hid=5b97acc14469116c depth=3 name=chip.run.runner_run.device_wall.graph_build ts=2700 dur=5779420 clk=dev
[mono_ns=7230020347575806][T0xf52485a2b020][TIMING] emit_host_span: [STRACE] v=1 pid=106298 tid=106298 inv=3 hid=5b97acc14469116c depth=3 name=chip.run.runner_run.device_wall.config_validate ts=2840 dur=899 clk=dev
[mono_ns=7230020347580396][T0xf52485a2b020][TIMING] emit_host_span: [STRACE] v=1 pid=106298 tid=106298 inv=3 hid=5b97acc14469116c depth=3 name=chip.run.runner_run.device_wall.arena_wire ts=3840 dur=1120 clk=dev
[mono_ns=7230020347585076][T0xf52485a2b020][TIMING] emit_host_span: [STRACE] v=1 pid=106298 tid=106298 inv=3 hid=5b97acc14469116c depth=3 name=chip.run.runner_run.device_wall.sm_reset ts=5000 dur=1540 clk=dev
[mono_ns=7230020347614807][T0xf52485a2b020][TIMING] emit_host_span: [STRACE] v=1 pid=106298 tid=106298 inv=3 hid=5b97acc14469116c depth=3 name=chip.run.runner_run.device_wall.post_orch ts=5782179 dur=9280 clk=dev
[mono_ns=7230020347618797][T0xf52485a2b020][TIMING] emit_host_span: [STRACE] v=1 pid=106298 tid=106298 inv=3 hid=5b97acc14469116c depth=3 name=chip.run.runner_run.device_wall.orch ts=7640 dur=9300 clk=dev
[mono_ns=7230020347622767][T0xf52485a2b020][TIMING] emit_host_span: [STRACE] v=1 pid=106298 tid=106298 inv=3 hid=5b97acc14469116c depth=3 name=chip.run.runner_run.device_wall.sched ts=8660 dur=5765200 clk=dev
[mono_ns=7230020347630147][T0xf52485a2b020][TIMING] emit_host_span: [STRACE] v=1 pid=106298 tid=106298 inv=3 hid=5b97acc14469116c depth=1 name=chip.run.claim_release ts=7230020347627137 dur=1170 
[mono_ns=7230020347636047][T0xf52485a2b020][TIMING] emit_host_span: [STRACE] v=1 pid=106298 tid=106298 inv=3 hid=5b97acc14469116c depth=0 name=chip.run ts=7230020191290026 dur=156343971 run_id=3 dispatch_id=3 slot_id=0 generation=3 run_epoch=3
[mono_ns=7230020381074404][T0xf52485a2b020][TIMING] emit_host_span: [STRACE] v=1 pid=106298 tid=106298 inv=4 hid=5b97acc14469116c depth=2 name=chip.run.bind.args ts=7230020380937174 dur=131250 
[mono_ns=7230020381094545][T0xf52485a2b020][TIMING] emit_host_span: [STRACE] v=1 pid=106298 tid=106298 inv=4 hid=5b97acc14469116c depth=2 name=chip.run.bind.prebuilt ts=7230020381088144 dur=4010 
[mono_ns=7230020381100415][T0xf52485a2b020][TIMING] emit_host_span: [STRACE] v=1 pid=106298 tid=106298 inv=4 hid=5b97acc14469116c depth=1 name=chip.run.bind ts=7230020380922454 dur=175171 
[mono_ns=7230020384328622][T0xf523351fcca0][WARN] copy_aicore_buffer: [chip_swimlane_collector.cpp:689] Core 0: skipped 1024 AICore record slot(s) with start_time=0 (race-window write or recycled-buffer tail). buf seq=0 count=1024
[mono_ns=7230020384358992][T0xf52328db9ca0][WARN] copy_aicore_buffer: [chip_swimlane_collector.cpp:689] Core 2: skipped 1024 AICore record slot(s) with start_time=0 (race-window write or recycled-buffer tail). buf seq=0 count=1024
[mono_ns=7230020384380412][T0xf523349ecca0][WARN] copy_aicore_buffer: [chip_swimlane_collector.cpp:689] Core 1: skipped 1024 AICore record slot(s) with start_time=0 (race-window write or recycled-buffer tail). buf seq=0 count=1024
[mono_ns=7230020384672534][T0xf523351fcca0][WARN] copy_aicore_buffer: [chip_swimlane_collector.cpp:689] Core 24: skipped 1023 AICore record slot(s) with start_time=0 (race-window write or recycled-buffer tail). buf seq=0 count=1024
[mono_ns=7230020384686614][T0xf52328db9ca0][WARN] copy_aicore_buffer: [chip_swimlane_collector.cpp:689] Core 28: skipped 1022 AICore record slot(s) with start_time=0 (race-window write or recycled-buffer tail). buf seq=0 count=1024
[mono_ns=7230020384711664][T0xf523349ecca0][WARN] copy_aicore_buffer: [chip_swimlane_collector.cpp:689] Core 26: skipped 1024 AICore record slot(s) with start_time=0 (race-window write or recycled-buffer tail). buf seq=0 count=1024
[mono_ns=7230020384997615][T0xf523351fcca0][WARN] copy_aicore_buffer: [chip_swimlane_collector.cpp:689] Core 25: skipped 1024 AICore record slot(s) with start_time=0 (race-window write or recycled-buffer tail). buf seq=0 count=1024
[mono_ns=7230020385017305][T0xf52328db9ca0][WARN] copy_aicore_buffer: [chip_swimlane_collector.cpp:689] Core 29: skipped 1024 AICore record slot(s) with start_time=0 (race-window write or recycled-buffer tail). buf seq=0 count=1024
[mono_ns=7230020385053636][T0xf523349ecca0][WARN] copy_aicore_buffer: [chip_swimlane_collector.cpp:689] Core 27: skipped 1024 AICore record slot(s) with start_time=0 (race-window write or recycled-buffer tail). buf seq=0 count=1024
[mono_ns=7230020385332067][T0xf523351fcca0][WARN] copy_aicore_buffer: [chip_swimlane_collector.cpp:689] Core 3: skipped 1024 AICore record slot(s) with start_time=0 (race-window write or recycled-buffer tail). buf seq=0 count=1024
[mono_ns=7230020385367347][T0xf52328db9ca0][WARN] copy_aicore_buffer: [chip_swimlane_collector.cpp:689] Core 5: skipped 1024 AICore record slot(s) with start_time=0 (race-window write or recycled-buffer tail). buf seq=0 count=1024
[mono_ns=7230020385376157][T0xf523349ecca0][WARN] copy_aicore_buffer: [chip_swimlane_collector.cpp:689] Core 4: skipped 1024 AICore record slot(s) with start_time=0 (race-window write or recycled-buffer tail). buf seq=0 count=1024
[mono_ns=7230020385655699][T0xf523351fcca0][WARN] copy_aicore_buffer: [chip_swimlane_collector.cpp:689] Core 30: skipped 1024 AICore record slot(s) with start_time=0 (race-window write or recycled-buffer tail). buf seq=0 count=1024
[mono_ns=7230020385691309][T0xf52328db9ca0][WARN] copy_aicore_buffer: [chip_swimlane_collector.cpp:689] Core 34: skipped 1024 AICore record slot(s) with start_time=0 (race-window write or recycled-buffer tail). buf seq=0 count=1024
[mono_ns=7230020385698349][T0xf523349ecca0][WARN] copy_aicore_buffer: [chip_swimlane_collector.cpp:689] Core 32: skipped 1024 AICore record slot(s) with start_time=0 (race-window write or recycled-buffer tail). buf seq=0 count=1024
[mono_ns=7230020385980540][T0xf523351fcca0][WARN] copy_aicore_buffer: [chip_swimlane_collector.cpp:689] Core 31: skipped 1024 AICore record slot(s) with start_time=0 (race-window write or recycled-buffer tail). buf seq=0 count=1024
[mono_ns=7230020386018791][T0xf52328db9ca0][WARN] copy_aicore_buffer: [chip_swimlane_collector.cpp:689] Core 35: skipped 1024 AICore record slot(s) with start_time=0 (race-window write or recycled-buffer tail). buf seq=0 count=1024
[mono_ns=7230020386082921][T0xf523349ecca0][WARN] copy_aicore_buffer: [chip_swimlane_collector.cpp:689] Core 33: skipped 1024 AICore record slot(s) with start_time=0 (race-window write or recycled-buffer tail). buf seq=0 count=1024
[mono_ns=7230020386311302][T0xf523351fcca0][WARN] copy_aicore_buffer: [chip_swimlane_collector.cpp:689] Core 6: skipped 1024 AICore record slot(s) with start_time=0 (race-window write or recycled-buffer tail). buf seq=0 count=1024
[mono_ns=7230020386339082][T0xf52328db9ca0][WARN] copy_aicore_buffer: [chip_swimlane_collector.cpp:689] Core 8: skipped 1024 AICore record slot(s) with start_time=0 (race-window write or recycled-buffer tail). buf seq=0 count=1024
[mono_ns=7230020386407023][T0xf523349ecca0][WARN] copy_aicore_buffer: [chip_swimlane_collector.cpp:689] Core 7: skipped 1024 AICore record slot(s) with start_time=0 (race-window write or recycled-buffer tail). buf seq=0 count=1024
[mono_ns=7230020386635474][T0xf523351fcca0][WARN] copy_aicore_buffer: [chip_swimlane_collector.cpp:689] Core 36: skipped 1024 AICore record slot(s) with start_time=0 (race-window write or recycled-buffer tail). buf seq=0 count=1024
[mono_ns=7230020386659924][T0xf52328db9ca0][WARN] copy_aicore_buffer: [chip_swimlane_collector.cpp:689] Core 40: skipped 1024 AICore record slot(s) with start_time=0 (race-window write or recycled-buffer tail). buf seq=0 count=1024
[mono_ns=7230020386730884][T0xf523349ecca0][WARN] copy_aicore_buffer: [chip_swimlane_collector.cpp:689] Core 38: skipped 1024 AICore record slot(s) with start_time=0 (race-window write or recycled-buffer tail). buf seq=0 count=1024
[mono_ns=7230020386958986][T0xf523351fcca0][WARN] copy_aicore_buffer: [chip_swimlane_collector.cpp:689] Core 37: skipped 1024 AICore record slot(s) with start_time=0 (race-window write or recycled-buffer tail). buf seq=0 count=1024
[mono_ns=7230020387015376][T0xf52328db9ca0][WARN] copy_aicore_buffer: [chip_swimlane_collector.cpp:689] Core 41: skipped 1024 AICore record slot(s) with start_time=0 (race-window write or recycled-buffer tail). buf seq=0 count=1024
[mono_ns=7230020387070306][T0xf523349ecca0][WARN] copy_aicore_buffer: [chip_swimlane_collector.cpp:689] Core 39: skipped 1024 AICore record slot(s) with start_time=0 (race-window write or recycled-buffer tail). buf seq=0 count=1024
[mono_ns=7230020387288597][T0xf523351fcca0][WARN] copy_aicore_buffer: [chip_swimlane_collector.cpp:689] Core 9: skipped 1024 AICore record slot(s) with start_time=0 (race-window write or recycled-buffer tail). buf seq=0 count=1024
[mono_ns=7230020387337578][T0xf52328db9ca0][WARN] copy_aicore_buffer: [chip_swimlane_collector.cpp:689] Core 11: skipped 1024 AICore record slot(s) with start_time=0 (race-window write or recycled-buffer tail). buf seq=0 count=1024
[mono_ns=7230020387394708][T0xf523349ecca0][WARN] copy_aicore_buffer: [chip_swimlane_collector.cpp:689] Core 10: skipped 1024 AICore record slot(s) with start_time=0 (race-window write or recycled-buffer tail). buf seq=0 count=1024
[mono_ns=7230020387612219][T0xf523351fcca0][WARN] copy_aicore_buffer: [chip_swimlane_collector.cpp:689] Core 42: skipped 1024 AICore record slot(s) with start_time=0 (race-window write or recycled-buffer tail). buf seq=0 count=1024
[mono_ns=7230020387677039][T0xf52328db9ca0][WARN] copy_aicore_buffer: [chip_swimlane_collector.cpp:689] Core 46: skipped 1024 AICore record slot(s) with start_time=0 (race-window write or recycled-buffer tail). buf seq=0 count=1024
[mono_ns=7230020387718200][T0xf523349ecca0][WARN] copy_aicore_buffer: [chip_swimlane_collector.cpp:689] Core 44: skipped 1024 AICore record slot(s) with start_time=0 (race-window write or recycled-buffer tail). buf seq=0 count=1024
[mono_ns=7230020387981471][T0xf523351fcca0][WARN] copy_aicore_buffer: [chip_swimlane_collector.cpp:689] Core 43: skipped 1024 AICore record slot(s) with start_time=0 (race-window write or recycled-buffer tail). buf seq=0 count=1024
[mono_ns=7230020388039301][T0xf52328db9ca0][WARN] copy_aicore_buffer: [chip_swimlane_collector.cpp:689] Core 47: skipped 1024 AICore record slot(s) with start_time=0 (race-window write or recycled-buffer tail). buf seq=0 count=1024
[mono_ns=7230020388052131][T0xf523349ecca0][WARN] copy_aicore_buffer: [chip_swimlane_collector.cpp:689] Core 45: skipped 1024 AICore record slot(s) with start_time=0 (race-window write or recycled-buffer tail). buf seq=0 count=1024
[mono_ns=7230020388350993][T0xf523351fcca0][WARN] copy_aicore_buffer: [chip_swimlane_collector.cpp:689] Core 12: skipped 1024 AICore record slot(s) with start_time=0 (race-window write or recycled-buffer tail). buf seq=0 count=1024
[mono_ns=7230020388375213][T0xf52328db9ca0][WARN] copy_aicore_buffer: [chip_swimlane_collector.cpp:689] Core 14: skipped 1024 AICore record slot(s) with start_time=0 (race-window write or recycled-buffer tail). buf seq=0 count=1024
[mono_ns=7230020388377773][T0xf523349ecca0][WARN] copy_aicore_buffer: [chip_swimlane_collector.cpp:689] Core 13: skipped 1024 AICore record slot(s) with start_time=0 (race-window write or recycled-buffer tail). buf seq=0 count=1024
[mono_ns=7230020388682295][T0xf523351fcca0][WARN] copy_aicore_buffer: [chip_swimlane_collector.cpp:689] Core 48: skipped 1024 AICore record slot(s) with start_time=0 (race-window write or recycled-buffer tail). buf seq=0 count=1024
[mono_ns=7230020388702015][T0xf52328db9ca0][WARN] copy_aicore_buffer: [chip_swimlane_collector.cpp:689] Core 52: skipped 1024 AICore record slot(s) with start_time=0 (race-window write or recycled-buffer tail). buf seq=0 count=1024
[mono_ns=7230020388730535][T0xf523349ecca0][WARN] copy_aicore_buffer: [chip_swimlane_collector.cpp:689] Core 50: skipped 1024 AICore record slot(s) with start_time=0 (race-window write or recycled-buffer tail). buf seq=0 count=1024
[mono_ns=7230020389045887][T0xf523351fcca0][WARN] copy_aicore_buffer: [chip_swimlane_collector.cpp:689] Core 49: skipped 1024 AICore record slot(s) with start_time=0 (race-window write or recycled-buffer tail). buf seq=0 count=1024
[mono_ns=7230020389049157][T0xf52328db9ca0][WARN] copy_aicore_buffer: [chip_swimlane_collector.cpp:689] Core 53: skipped 1024 AICore record slot(s) with start_time=0 (race-window write or recycled-buffer tail). buf seq=0 count=1024
[mono_ns=7230020389079517][T0xf523349ecca0][WARN] copy_aicore_buffer: [chip_swimlane_collector.cpp:689] Core 51: skipped 1024 AICore record slot(s) with start_time=0 (race-window write or recycled-buffer tail). buf seq=0 count=1024
[mono_ns=7230020389377619][T0xf52328db9ca0][WARN] copy_aicore_buffer: [chip_swimlane_collector.cpp:689] Core 17: skipped 1024 AICore record slot(s) with start_time=0 (race-window write or recycled-buffer tail). buf seq=0 count=1024
[mono_ns=7230020389377699][T0xf523351fcca0][WARN] copy_aicore_buffer: [chip_swimlane_collector.cpp:689] Core 15: skipped 1024 AICore record slot(s) with start_time=0 (race-window write or recycled-buffer tail). buf seq=0 count=1024
[mono_ns=7230020389403979][T0xf523349ecca0][WARN] copy_aicore_buffer: [chip_swimlane_collector.cpp:689] Core 16: skipped 1024 AICore record slot(s) with start_time=0 (race-window write or recycled-buffer tail). buf seq=0 count=1024
[mono_ns=7230020389728280][T0xf523349ecca0][WARN] copy_aicore_buffer: [chip_swimlane_collector.cpp:689] Core 56: skipped 1024 AICore record slot(s) with start_time=0 (race-window write or recycled-buffer tail). buf seq=0 count=1024
[mono_ns=7230020389727870][T0xf52328db9ca0][WARN] copy_aicore_buffer: [chip_swimlane_collector.cpp:689] Core 58: skipped 1024 AICore record slot(s) with start_time=0 (race-window write or recycled-buffer tail). buf seq=0 count=1024
[mono_ns=7230020389727750][T0xf523351fcca0][WARN] copy_aicore_buffer: [chip_swimlane_collector.cpp:689] Core 54: skipped 1024 AICore record slot(s) with start_time=0 (race-window write or recycled-buffer tail). buf seq=0 count=1024
[mono_ns=7230020390057812][T0xf523349ecca0][WARN] copy_aicore_buffer: [chip_swimlane_collector.cpp:689] Core 57: skipped 1024 AICore record slot(s) with start_time=0 (race-window write or recycled-buffer tail). buf seq=0 count=1024
[mono_ns=7230020390070882][T0xf52328db9ca0][WARN] copy_aicore_buffer: [chip_swimlane_collector.cpp:689] Core 59: skipped 1024 AICore record slot(s) with start_time=0 (race-window write or recycled-buffer tail). buf seq=0 count=1024
[mono_ns=7230020390074752][T0xf523351fcca0][WARN] copy_aicore_buffer: [chip_swimlane_collector.cpp:689] Core 55: skipped 1024 AICore record slot(s) with start_time=0 (race-window write or recycled-buffer tail). buf seq=0 count=1024
[mono_ns=7230020390380074][T0xf523349ecca0][WARN] copy_aicore_buffer: [chip_swimlane_collector.cpp:689] Core 19: skipped 1024 AICore record slot(s) with start_time=0 (race-window write or recycled-buffer tail). buf seq=0 count=1024
[mono_ns=7230020390397134][T0xf52328db9ca0][WARN] copy_aicore_buffer: [chip_swimlane_collector.cpp:689] Core 20: skipped 1024 AICore record slot(s) with start_time=0 (race-window write or recycled-buffer tail). buf seq=0 count=1024
[mono_ns=7230020390428634][T0xf523351fcca0][WARN] copy_aicore_buffer: [chip_swimlane_collector.cpp:689] Core 18: skipped 1024 AICore record slot(s) with start_time=0 (race-window write or recycled-buffer tail). buf seq=0 count=1024
[mono_ns=7230020390722086][T0xf523349ecca0][WARN] copy_aicore_buffer: [chip_swimlane_collector.cpp:689] Core 62: skipped 1024 AICore record slot(s) with start_time=0 (race-window write or recycled-buffer tail). buf seq=0 count=1024
[mono_ns=7230020390723806][T0xf52328db9ca0][WARN] copy_aicore_buffer: [chip_swimlane_collector.cpp:689] Core 64: skipped 1024 AICore record slot(s) with start_time=0 (race-window write or recycled-buffer tail). buf seq=0 count=1024
[mono_ns=7230020390758926][T0xf523351fcca0][WARN] copy_aicore_buffer: [chip_swimlane_collector.cpp:689] Core 60: skipped 1024 AICore record slot(s) with start_time=0 (race-window write or recycled-buffer tail). buf seq=0 count=1024
[mono_ns=7230020391072768][T0xf52328db9ca0][WARN] copy_aicore_buffer: [chip_swimlane_collector.cpp:689] Core 65: skipped 1024 AICore record slot(s) with start_time=0 (race-window write or recycled-buffer tail). buf seq=0 count=1024
[mono_ns=7230020391098028][T0xf523351fcca0][WARN] copy_aicore_buffer: [chip_swimlane_collector.cpp:689] Core 61: skipped 1024 AICore record slot(s) with start_time=0 (race-window write or recycled-buffer tail). buf seq=0 count=1024
[mono_ns=7230020391076388][T0xf523349ecca0][WARN] copy_aicore_buffer: [chip_swimlane_collector.cpp:689] Core 63: skipped 1024 AICore record slot(s) with start_time=0 (race-window write or recycled-buffer tail). buf seq=0 count=1024
[mono_ns=7230020391401539][T0xf52328db9ca0][WARN] copy_aicore_buffer: [chip_swimlane_collector.cpp:689] Core 23: skipped 1024 AICore record slot(s) with start_time=0 (race-window write or recycled-buffer tail). buf seq=0 count=1024
[mono_ns=7230020391437129][T0xf523351fcca0][WARN] copy_aicore_buffer: [chip_swimlane_collector.cpp:689] Core 21: skipped 1024 AICore record slot(s) with start_time=0 (race-window write or recycled-buffer tail). buf seq=0 count=1024
[mono_ns=7230020391441070][T0xf523349ecca0][WARN] copy_aicore_buffer: [chip_swimlane_collector.cpp:689] Core 22: skipped 1024 AICore record slot(s) with start_time=0 (race-window write or recycled-buffer tail). buf seq=0 count=1024
[mono_ns=7230020391734701][T0xf52328db9ca0][WARN] copy_aicore_buffer: [chip_swimlane_collector.cpp:689] Core 70: skipped 1024 AICore record slot(s) with start_time=0 (race-window write or recycled-buffer tail). buf seq=0 count=1024
[mono_ns=7230020391771661][T0xf523349ecca0][WARN] copy_aicore_buffer: [chip_swimlane_collector.cpp:689] Core 68: skipped 1024 AICore record slot(s) with start_time=0 (race-window write or recycled-buffer tail). buf seq=0 count=1024
[mono_ns=7230020391773511][T0xf523351fcca0][WARN] copy_aicore_buffer: [chip_swimlane_collector.cpp:689] Core 66: skipped 1024 AICore record slot(s) with start_time=0 (race-window write or recycled-buffer tail). buf seq=0 count=1024
[mono_ns=7230020392074813][T0xf52328db9ca0][WARN] copy_aicore_buffer: [chip_swimlane_collector.cpp:689] Core 71: skipped 1024 AICore record slot(s) with start_time=0 (race-window write or recycled-buffer tail). buf seq=0 count=1024
[mono_ns=7230020392113853][T0xf523349ecca0][WARN] copy_aicore_buffer: [chip_swimlane_collector.cpp:689] Core 69: skipped 1024 AICore record slot(s) with start_time=0 (race-window write or recycled-buffer tail). buf seq=0 count=1024
[mono_ns=7230020392121093][T0xf523351fcca0][WARN] copy_aicore_buffer: [chip_swimlane_collector.cpp:689] Core 67: skipped 1024 AICore record slot(s) with start_time=0 (race-window write or recycled-buffer tail). buf seq=0 count=1024
[mono_ns=7230020492968529][T0xf52485a2b020][TIMING] emit_host_span: [STRACE] v=1 pid=106298 tid=106298 inv=4 hid=5b97acc14469116c depth=1 name=chip.run.runner_run ts=7230020382455222 dur=110504437 
[mono_ns=7230020493080010][T0xf52485a2b020][TIMING] emit_host_span: [STRACE] v=1 pid=106298 tid=106298 inv=4 hid=5b97acc14469116c depth=1 name=chip.run.validate ts=7230020492986329 dur=89651 
[mono_ns=7230020493092410][T0xf52485a2b020][TIMING] emit_host_span: [STRACE] v=1 pid=106298 tid=106298 inv=4 hid=5b97acc14469116c depth=2 name=chip.run.runner_run.device_wall ts=0 dur=1237560 clk=dev
[mono_ns=7230020493097720][T0xf52485a2b020][TIMING] emit_host_span: [STRACE] v=1 pid=106298 tid=106298 inv=4 hid=5b97acc14469116c depth=3 name=chip.run.runner_run.device_wall.preamble ts=0 dur=108240 clk=dev
[mono_ns=7230020493102610][T0xf52485a2b020][TIMING] emit_host_span: [STRACE] v=1 pid=106298 tid=106298 inv=4 hid=5b97acc14469116c depth=3 name=chip.run.runner_run.device_wall.graph_build ts=104300 dur=1123679 clk=dev
[mono_ns=7230020493106410][T0xf52485a2b020][TIMING] emit_host_span: [STRACE] v=1 pid=106298 tid=106298 inv=4 hid=5b97acc14469116c depth=3 name=chip.run.runner_run.device_wall.config_validate ts=104600 dur=700 clk=dev
[mono_ns=7230020493144710][T0xf52485a2b020][TIMING] emit_host_span: [STRACE] v=1 pid=106298 tid=106298 inv=4 hid=5b97acc14469116c depth=3 name=chip.run.runner_run.device_wall.arena_wire ts=105320 dur=620 clk=dev
[mono_ns=7230020493148560][T0xf52485a2b020][TIMING] emit_host_span: [STRACE] v=1 pid=106298 tid=106298 inv=4 hid=5b97acc14469116c depth=3 name=chip.run.runner_run.device_wall.sm_reset ts=105960 dur=620 clk=dev
[mono_ns=7230020493151540][T0xf52485a2b020][TIMING] emit_host_span: [STRACE] v=1 pid=106298 tid=106298 inv=4 hid=5b97acc14469116c depth=3 name=chip.run.runner_run.device_wall.post_orch ts=1228080 dur=8800 clk=dev
[mono_ns=7230020493156110][T0xf52485a2b020][TIMING] emit_host_span: [STRACE] v=1 pid=106298 tid=106298 inv=4 hid=5b97acc14469116c depth=3 name=chip.run.runner_run.device_wall.orch ts=106640 dur=3520 clk=dev
[mono_ns=7230020493159010][T0xf52485a2b020][TIMING] emit_host_span: [STRACE] v=1 pid=106298 tid=106298 inv=4 hid=5b97acc14469116c depth=3 name=chip.run.runner_run.device_wall.sched ts=108300 dur=1092840 clk=dev
[mono_ns=7230020493164140][T0xf52485a2b020][TIMING] emit_host_span: [STRACE] v=1 pid=106298 tid=106298 inv=4 hid=5b97acc14469116c depth=1 name=chip.run.claim_release ts=7230020493161470 dur=910 
[mono_ns=7230020493168500][T0xf52485a2b020][TIMING] emit_host_span: [STRACE] v=1 pid=106298 tid=106298 inv=4 hid=5b97acc14469116c depth=0 name=chip.run ts=7230020380880913 dur=112285567 run_id=4 dispatch_id=4 slot_id=0 generation=4 run_epoch=4
[mono_ns=7230025337637914][T0xf52485a2b020][TIMING] emit_host_span: [STRACE] v=1 pid=106298 tid=106298 inv=5 hid=5b97acc14469116c depth=2 name=chip.run.bind.args ts=7230025337163781 dur=462663 
[mono_ns=7230025337669434][T0xf52485a2b020][TIMING] emit_host_span: [STRACE] v=1 pid=106298 tid=106298 inv=5 hid=5b97acc14469116c depth=2 name=chip.run.bind.prebuilt ts=7230025337660344 dur=6450 
[mono_ns=7230025337675244][T0xf52485a2b020][TIMING] emit_host_span: [STRACE] v=1 pid=106298 tid=106298 inv=5 hid=5b97acc14469116c depth=1 name=chip.run.bind ts=7230025337146861 dur=525853 
[mono_ns=7230025446568973][T0xf52485a2b020][TIMING] emit_host_span: [STRACE] v=1 pid=106298 tid=106298 inv=5 hid=5b97acc14469116c depth=1 name=chip.run.runner_run ts=7230025338185967 dur=108367776 
[mono_ns=7230025446676923][T0xf52485a2b020][TIMING] emit_host_span: [STRACE] v=1 pid=106298 tid=106298 inv=5 hid=5b97acc14469116c depth=1 name=chip.run.validate ts=7230025446589003 dur=83460 
[mono_ns=7230025446689163][T0xf52485a2b020][TIMING] emit_host_span: [STRACE] v=1 pid=106298 tid=106298 inv=5 hid=5b97acc14469116c depth=2 name=chip.run.runner_run.device_wall ts=0 dur=18081719 clk=dev
[mono_ns=7230025446693803][T0xf52485a2b020][TIMING] emit_host_span: [STRACE] v=1 pid=106298 tid=106298 inv=5 hid=5b97acc14469116c depth=3 name=chip.run.runner_run.device_wall.preamble ts=0 dur=6960 clk=dev
[mono_ns=7230025446697983][T0xf52485a2b020][TIMING] emit_host_span: [STRACE] v=1 pid=106298 tid=106298 inv=5 hid=5b97acc14469116c depth=3 name=chip.run.runner_run.device_wall.graph_build ts=2240 dur=18069760 clk=dev
[mono_ns=7230025446754954][T0xf52485a2b020][TIMING] emit_host_span: [STRACE] v=1 pid=106298 tid=106298 inv=5 hid=5b97acc14469116c depth=3 name=chip.run.runner_run.device_wall.config_validate ts=2560 dur=799 clk=dev
[mono_ns=7230025446758684][T0xf52485a2b020][TIMING] emit_host_span: [STRACE] v=1 pid=106298 tid=106298 inv=5 hid=5b97acc14469116c depth=3 name=chip.run.runner_run.device_wall.arena_wire ts=3440 dur=960 clk=dev
[mono_ns=7230025446763074][T0xf52485a2b020][TIMING] emit_host_span: [STRACE] v=1 pid=106298 tid=106298 inv=5 hid=5b97acc14469116c depth=3 name=chip.run.runner_run.device_wall.sm_reset ts=4420 dur=2160 clk=dev
[mono_ns=7230025446766524][T0xf52485a2b020][TIMING] emit_host_span: [STRACE] v=1 pid=106298 tid=106298 inv=5 hid=5b97acc14469116c depth=3 name=chip.run.runner_run.device_wall.post_orch ts=18072060 dur=9459 clk=dev
[mono_ns=7230025446771384][T0xf52485a2b020][TIMING] emit_host_span: [STRACE] v=1 pid=106298 tid=106298 inv=5 hid=5b97acc14469116c depth=3 name=chip.run.runner_run.device_wall.orch ts=7540 dur=9819 clk=dev
[mono_ns=7230025446775184][T0xf52485a2b020][TIMING] emit_host_span: [STRACE] v=1 pid=106298 tid=106298 inv=5 hid=5b97acc14469116c depth=3 name=chip.run.runner_run.device_wall.sched ts=7180 dur=18056600 clk=dev
[mono_ns=7230025446780734][T0xf52485a2b020][TIMING] emit_host_span: [STRACE] v=1 pid=106298 tid=106298 inv=5 hid=5b97acc14469116c depth=1 name=chip.run.claim_release ts=7230025446778264 dur=650 
[mono_ns=7230025446787504][T0xf52485a2b020][TIMING] emit_host_span: [STRACE] v=1 pid=106298 tid=106298 inv=5 hid=5b97acc14469116c depth=0 name=chip.run ts=7230025337028900 dur=109756474 run_id=5 dispatch_id=5 slot_id=0 generation=5 run_epoch=5
[mono_ns=7230025495997746][T0xf52485a2b020][TIMING] emit_host_span: [STRACE] v=1 pid=106298 tid=106298 inv=6 hid=5b97acc14469116c depth=2 name=chip.run.bind.args ts=7230025495855075 dur=135611 
[mono_ns=7230025496034306][T0xf52485a2b020][TIMING] emit_host_span: [STRACE] v=1 pid=106298 tid=106298 inv=6 hid=5b97acc14469116c depth=2 name=chip.run.bind.prebuilt ts=7230025496026556 dur=5110 
[mono_ns=7230025496039496][T0xf52485a2b020][TIMING] emit_host_span: [STRACE] v=1 pid=106298 tid=106298 inv=6 hid=5b97acc14469116c depth=1 name=chip.run.bind ts=7230025495841485 dur=195561 
[mono_ns=7230025500136988][T0xf52328db9ca0][WARN] copy_aicore_buffer: [chip_swimlane_collector.cpp:689] Core 2: skipped 1024 AICore record slot(s) with start_time=0 (race-window write or recycled-buffer tail). buf seq=0 count=1024
[mono_ns=7230025500209428][T0xf523349ecca0][WARN] copy_aicore_buffer: [chip_swimlane_collector.cpp:689] Core 1: skipped 1024 AICore record slot(s) with start_time=0 (race-window write or recycled-buffer tail). buf seq=0 count=1024
[mono_ns=7230025500232458][T0xf523351fcca0][WARN] copy_aicore_buffer: [chip_swimlane_collector.cpp:689] Core 0: skipped 1024 AICore record slot(s) with start_time=0 (race-window write or recycled-buffer tail). buf seq=0 count=1024
[mono_ns=7230025500471099][T0xf52328db9ca0][WARN] copy_aicore_buffer: [chip_swimlane_collector.cpp:689] Core 28: skipped 1024 AICore record slot(s) with start_time=0 (race-window write or recycled-buffer tail). buf seq=0 count=1024
[mono_ns=7230025500546110][T0xf523349ecca0][WARN] copy_aicore_buffer: [chip_swimlane_collector.cpp:689] Core 26: skipped 1023 AICore record slot(s) with start_time=0 (race-window write or recycled-buffer tail). buf seq=0 count=1024
[mono_ns=7230025500573060][T0xf523351fcca0][WARN] copy_aicore_buffer: [chip_swimlane_collector.cpp:689] Core 24: skipped 1022 AICore record slot(s) with start_time=0 (race-window write or recycled-buffer tail). buf seq=0 count=1024
[mono_ns=7230025500792681][T0xf52328db9ca0][WARN] copy_aicore_buffer: [chip_swimlane_collector.cpp:689] Core 29: skipped 1024 AICore record slot(s) with start_time=0 (race-window write or recycled-buffer tail). buf seq=0 count=1024
[mono_ns=7230025500886782][T0xf523349ecca0][WARN] copy_aicore_buffer: [chip_swimlane_collector.cpp:689] Core 27: skipped 1024 AICore record slot(s) with start_time=0 (race-window write or recycled-buffer tail). buf seq=0 count=1024
[mono_ns=7230025500896572][T0xf523351fcca0][WARN] copy_aicore_buffer: [chip_swimlane_collector.cpp:689] Core 25: skipped 1024 AICore record slot(s) with start_time=0 (race-window write or recycled-buffer tail). buf seq=0 count=1024
[mono_ns=7230025501130873][T0xf52328db9ca0][WARN] copy_aicore_buffer: [chip_swimlane_collector.cpp:689] Core 5: skipped 1024 AICore record slot(s) with start_time=0 (race-window write or recycled-buffer tail). buf seq=0 count=1024
[mono_ns=7230025501226393][T0xf523349ecca0][WARN] copy_aicore_buffer: [chip_swimlane_collector.cpp:689] Core 4: skipped 1024 AICore record slot(s) with start_time=0 (race-window write or recycled-buffer tail). buf seq=0 count=1024
[mono_ns=7230025501233143][T0xf523351fcca0][WARN] copy_aicore_buffer: [chip_swimlane_collector.cpp:689] Core 3: skipped 1024 AICore record slot(s) with start_time=0 (race-window write or recycled-buffer tail). buf seq=0 count=1024
[mono_ns=7230025501456535][T0xf52328db9ca0][WARN] copy_aicore_buffer: [chip_swimlane_collector.cpp:689] Core 34: skipped 1024 AICore record slot(s) with start_time=0 (race-window write or recycled-buffer tail). buf seq=0 count=1024
[mono_ns=7230025501553915][T0xf523349ecca0][WARN] copy_aicore_buffer: [chip_swimlane_collector.cpp:689] Core 32: skipped 1024 AICore record slot(s) with start_time=0 (race-window write or recycled-buffer tail). buf seq=0 count=1024
[mono_ns=7230025501592395][T0xf523351fcca0][WARN] copy_aicore_buffer: [chip_swimlane_collector.cpp:689] Core 30: skipped 1024 AICore record slot(s) with start_time=0 (race-window write or recycled-buffer tail). buf seq=0 count=1024
[mono_ns=7230025501782086][T0xf52328db9ca0][WARN] copy_aicore_buffer: [chip_swimlane_collector.cpp:689] Core 35: skipped 1024 AICore record slot(s) with start_time=0 (race-window write or recycled-buffer tail). buf seq=0 count=1024
[mono_ns=7230025501881257][T0xf523349ecca0][WARN] copy_aicore_buffer: [chip_swimlane_collector.cpp:689] Core 33: skipped 1024 AICore record slot(s) with start_time=0 (race-window write or recycled-buffer tail). buf seq=0 count=1024
[mono_ns=7230025501919687][T0xf523351fcca0][WARN] copy_aicore_buffer: [chip_swimlane_collector.cpp:689] Core 31: skipped 1024 AICore record slot(s) with start_time=0 (race-window write or recycled-buffer tail). buf seq=0 count=1024
[mono_ns=7230025502117168][T0xf52328db9ca0][WARN] copy_aicore_buffer: [chip_swimlane_collector.cpp:689] Core 8: skipped 1024 AICore record slot(s) with start_time=0 (race-window write or recycled-buffer tail). buf seq=0 count=1024
[mono_ns=7230025502219839][T0xf523349ecca0][WARN] copy_aicore_buffer: [chip_swimlane_collector.cpp:689] Core 7: skipped 1024 AICore record slot(s) with start_time=0 (race-window write or recycled-buffer tail). buf seq=0 count=1024
[mono_ns=7230025502260209][T0xf523351fcca0][WARN] copy_aicore_buffer: [chip_swimlane_collector.cpp:689] Core 6: skipped 1024 AICore record slot(s) with start_time=0 (race-window write or recycled-buffer tail). buf seq=0 count=1024
[mono_ns=7230025502443320][T0xf52328db9ca0][WARN] copy_aicore_buffer: [chip_swimlane_collector.cpp:689] Core 40: skipped 1024 AICore record slot(s) with start_time=0 (race-window write or recycled-buffer tail). buf seq=0 count=1024
[mono_ns=7230025502572030][T0xf523349ecca0][WARN] copy_aicore_buffer: [chip_swimlane_collector.cpp:689] Core 38: skipped 1024 AICore record slot(s) with start_time=0 (race-window write or recycled-buffer tail). buf seq=0 count=1024
[mono_ns=7230025502581991][T0xf523351fcca0][WARN] copy_aicore_buffer: [chip_swimlane_collector.cpp:689] Core 36: skipped 1024 AICore record slot(s) with start_time=0 (race-window write or recycled-buffer tail). buf seq=0 count=1024
[mono_ns=7230025502768342][T0xf52328db9ca0][WARN] copy_aicore_buffer: [chip_swimlane_collector.cpp:689] Core 41: skipped 1024 AICore record slot(s) with start_time=0 (race-window write or recycled-buffer tail). buf seq=0 count=1024
[mono_ns=7230025502900822][T0xf523349ecca0][WARN] copy_aicore_buffer: [chip_swimlane_collector.cpp:689] Core 39: skipped 1024 AICore record slot(s) with start_time=0 (race-window write or recycled-buffer tail). buf seq=0 count=1024
[mono_ns=7230025502905202][T0xf523351fcca0][WARN] copy_aicore_buffer: [chip_swimlane_collector.cpp:689] Core 37: skipped 1024 AICore record slot(s) with start_time=0 (race-window write or recycled-buffer tail). buf seq=0 count=1024
[mono_ns=7230025503100873][T0xf52328db9ca0][WARN] copy_aicore_buffer: [chip_swimlane_collector.cpp:689] Core 11: skipped 1024 AICore record slot(s) with start_time=0 (race-window write or recycled-buffer tail). buf seq=0 count=1024
[mono_ns=7230025503240804][T0xf523351fcca0][WARN] copy_aicore_buffer: [chip_swimlane_collector.cpp:689] Core 9: skipped 1024 AICore record slot(s) with start_time=0 (race-window write or recycled-buffer tail). buf seq=0 count=1024
[mono_ns=7230025503243764][T0xf523349ecca0][WARN] copy_aicore_buffer: [chip_swimlane_collector.cpp:689] Core 10: skipped 1024 AICore record slot(s) with start_time=0 (race-window write or recycled-buffer tail). buf seq=0 count=1024
[mono_ns=7230025503439515][T0xf52328db9ca0][WARN] copy_aicore_buffer: [chip_swimlane_collector.cpp:689] Core 46: skipped 1024 AICore record slot(s) with start_time=0 (race-window write or recycled-buffer tail). buf seq=0 count=1024
[mono_ns=7230025503567856][T0xf523349ecca0][WARN] copy_aicore_buffer: [chip_swimlane_collector.cpp:689] Core 44: skipped 1024 AICore record slot(s) with start_time=0 (race-window write or recycled-buffer tail). buf seq=0 count=1024
[mono_ns=7230025503569566][T0xf523351fcca0][WARN] copy_aicore_buffer: [chip_swimlane_collector.cpp:689] Core 42: skipped 1024 AICore record slot(s) with start_time=0 (race-window write or recycled-buffer tail). buf seq=0 count=1024
[mono_ns=7230025503765637][T0xf52328db9ca0][WARN] copy_aicore_buffer: [chip_swimlane_collector.cpp:689] Core 47: skipped 1024 AICore record slot(s) with start_time=0 (race-window write or recycled-buffer tail). buf seq=0 count=1024
[mono_ns=7230025503894438][T0xf523351fcca0][WARN] copy_aicore_buffer: [chip_swimlane_collector.cpp:689] Core 43: skipped 1024 AICore record slot(s) with start_time=0 (race-window write or recycled-buffer tail). buf seq=0 count=1024
[mono_ns=7230025503894758][T0xf523349ecca0][WARN] copy_aicore_buffer: [chip_swimlane_collector.cpp:689] Core 45: skipped 1024 AICore record slot(s) with start_time=0 (race-window write or recycled-buffer tail). buf seq=0 count=1024
[mono_ns=7230025504105189][T0xf52328db9ca0][WARN] copy_aicore_buffer: [chip_swimlane_collector.cpp:689] Core 14: skipped 1024 AICore record slot(s) with start_time=0 (race-window write or recycled-buffer tail). buf seq=0 count=1024
[mono_ns=7230025504238409][T0xf523351fcca0][WARN] copy_aicore_buffer: [chip_swimlane_collector.cpp:689] Core 12: skipped 1024 AICore record slot(s) with start_time=0 (race-window write or recycled-buffer tail). buf seq=0 count=1024
[mono_ns=7230025504261939][T0xf523349ecca0][WARN] copy_aicore_buffer: [chip_swimlane_collector.cpp:689] Core 13: skipped 1024 AICore record slot(s) with start_time=0 (race-window write or recycled-buffer tail). buf seq=0 count=1024
[mono_ns=7230025504431100][T0xf52328db9ca0][WARN] copy_aicore_buffer: [chip_swimlane_collector.cpp:689] Core 52: skipped 1024 AICore record slot(s) with start_time=0 (race-window write or recycled-buffer tail). buf seq=0 count=1024
[mono_ns=7230025504589531][T0xf523349ecca0][WARN] copy_aicore_buffer: [chip_swimlane_collector.cpp:689] Core 50: skipped 1024 AICore record slot(s) with start_time=0 (race-window write or recycled-buffer tail). buf seq=0 count=1024
[mono_ns=7230025504594171][T0xf523351fcca0][WARN] copy_aicore_buffer: [chip_swimlane_collector.cpp:689] Core 48: skipped 1024 AICore record slot(s) with start_time=0 (race-window write or recycled-buffer tail). buf seq=0 count=1024
[mono_ns=7230025504756142][T0xf52328db9ca0][WARN] copy_aicore_buffer: [chip_swimlane_collector.cpp:689] Core 53: skipped 1024 AICore record slot(s) with start_time=0 (race-window write or recycled-buffer tail). buf seq=0 count=1024
[mono_ns=7230025504916283][T0xf523351fcca0][WARN] copy_aicore_buffer: [chip_swimlane_collector.cpp:689] Core 49: skipped 1024 AICore record slot(s) with start_time=0 (race-window write or recycled-buffer tail). buf seq=0 count=1024
[mono_ns=7230025504917973][T0xf523349ecca0][WARN] copy_aicore_buffer: [chip_swimlane_collector.cpp:689] Core 51: skipped 1024 AICore record slot(s) with start_time=0 (race-window write or recycled-buffer tail). buf seq=0 count=1024
[mono_ns=7230025505127524][T0xf52328db9ca0][WARN] copy_aicore_buffer: [chip_swimlane_collector.cpp:689] Core 17: skipped 1024 AICore record slot(s) with start_time=0 (race-window write or recycled-buffer tail). buf seq=0 count=1024
[mono_ns=7230025505249735][T0xf523349ecca0][WARN] copy_aicore_buffer: [chip_swimlane_collector.cpp:689] Core 16: skipped 1024 AICore record slot(s) with start_time=0 (race-window write or recycled-buffer tail). buf seq=0 count=1024
[mono_ns=7230025505252815][T0xf523351fcca0][WARN] copy_aicore_buffer: [chip_swimlane_collector.cpp:689] Core 15: skipped 1024 AICore record slot(s) with start_time=0 (race-window write or recycled-buffer tail). buf seq=0 count=1024
[mono_ns=7230025505454946][T0xf52328db9ca0][WARN] copy_aicore_buffer: [chip_swimlane_collector.cpp:689] Core 58: skipped 1024 AICore record slot(s) with start_time=0 (race-window write or recycled-buffer tail). buf seq=0 count=1024
[mono_ns=7230025505575916][T0xf523351fcca0][WARN] copy_aicore_buffer: [chip_swimlane_collector.cpp:689] Core 54: skipped 1024 AICore record slot(s) with start_time=0 (race-window write or recycled-buffer tail). buf seq=0 count=1024
[mono_ns=7230025505577166][T0xf523349ecca0][WARN] copy_aicore_buffer: [chip_swimlane_collector.cpp:689] Core 56: skipped 1024 AICore record slot(s) with start_time=0 (race-window write or recycled-buffer tail). buf seq=0 count=1024
[mono_ns=7230025505781458][T0xf52328db9ca0][WARN] copy_aicore_buffer: [chip_swimlane_collector.cpp:689] Core 59: skipped 1024 AICore record slot(s) with start_time=0 (race-window write or recycled-buffer tail). buf seq=0 count=1024
[mono_ns=7230025505904248][T0xf523351fcca0][WARN] copy_aicore_buffer: [chip_swimlane_collector.cpp:689] Core 55: skipped 1024 AICore record slot(s) with start_time=0 (race-window write or recycled-buffer tail). buf seq=0 count=1024
[mono_ns=7230025505954438][T0xf523349ecca0][WARN] copy_aicore_buffer: [chip_swimlane_collector.cpp:689] Core 57: skipped 1024 AICore record slot(s) with start_time=0 (race-window write or recycled-buffer tail). buf seq=0 count=1024
[mono_ns=7230025506121619][T0xf52328db9ca0][WARN] copy_aicore_buffer: [chip_swimlane_collector.cpp:689] Core 20: skipped 1024 AICore record slot(s) with start_time=0 (race-window write or recycled-buffer tail). buf seq=0 count=1024
[mono_ns=7230025506245020][T0xf523351fcca0][WARN] copy_aicore_buffer: [chip_swimlane_collector.cpp:689] Core 18: skipped 1024 AICore record slot(s) with start_time=0 (race-window write or recycled-buffer tail). buf seq=0 count=1024
[mono_ns=7230025506303880][T0xf523349ecca0][WARN] copy_aicore_buffer: [chip_swimlane_collector.cpp:689] Core 19: skipped 1024 AICore record slot(s) with start_time=0 (race-window write or recycled-buffer tail). buf seq=0 count=1024
[mono_ns=7230025506446251][T0xf52328db9ca0][WARN] copy_aicore_buffer: [chip_swimlane_collector.cpp:689] Core 64: skipped 1024 AICore record slot(s) with start_time=0 (race-window write or recycled-buffer tail). buf seq=0 count=1024
[mono_ns=7230025506572752][T0xf523351fcca0][WARN] copy_aicore_buffer: [chip_swimlane_collector.cpp:689] Core 60: skipped 1024 AICore record slot(s) with start_time=0 (race-window write or recycled-buffer tail). buf seq=0 count=1024
[mono_ns=7230025506637502][T0xf523349ecca0][WARN] copy_aicore_buffer: [chip_swimlane_collector.cpp:689] Core 62: skipped 1024 AICore record slot(s) with start_time=0 (race-window write or recycled-buffer tail). buf seq=0 count=1024
[mono_ns=7230025506771223][T0xf52328db9ca0][WARN] copy_aicore_buffer: [chip_swimlane_collector.cpp:689] Core 65: skipped 1024 AICore record slot(s) with start_time=0 (race-window write or recycled-buffer tail). buf seq=0 count=1024
[mono_ns=7230025506913434][T0xf523351fcca0][WARN] copy_aicore_buffer: [chip_swimlane_collector.cpp:689] Core 61: skipped 1024 AICore record slot(s) with start_time=0 (race-window write or recycled-buffer tail). buf seq=0 count=1024
[mono_ns=7230025506973604][T0xf523349ecca0][WARN] copy_aicore_buffer: [chip_swimlane_collector.cpp:689] Core 63: skipped 1024 AICore record slot(s) with start_time=0 (race-window write or recycled-buffer tail). buf seq=0 count=1024
[mono_ns=7230025507103845][T0xf52328db9ca0][WARN] copy_aicore_buffer: [chip_swimlane_collector.cpp:689] Core 23: skipped 1024 AICore record slot(s) with start_time=0 (race-window write or recycled-buffer tail). buf seq=0 count=1024
[mono_ns=7230025507252015][T0xf523351fcca0][WARN] copy_aicore_buffer: [chip_swimlane_collector.cpp:689] Core 21: skipped 1024 AICore record slot(s) with start_time=0 (race-window write or recycled-buffer tail). buf seq=0 count=1024
[mono_ns=7230025507315216][T0xf523349ecca0][WARN] copy_aicore_buffer: [chip_swimlane_collector.cpp:689] Core 22: skipped 1024 AICore record slot(s) with start_time=0 (race-window write or recycled-buffer tail). buf seq=0 count=1024
[mono_ns=7230025507428456][T0xf52328db9ca0][WARN] copy_aicore_buffer: [chip_swimlane_collector.cpp:689] Core 70: skipped 1024 AICore record slot(s) with start_time=0 (race-window write or recycled-buffer tail). buf seq=0 count=1024
[mono_ns=7230025507580347][T0xf523351fcca0][WARN] copy_aicore_buffer: [chip_swimlane_collector.cpp:689] Core 66: skipped 1024 AICore record slot(s) with start_time=0 (race-window write or recycled-buffer tail). buf seq=0 count=1024
[mono_ns=7230025507649197][T0xf523349ecca0][WARN] copy_aicore_buffer: [chip_swimlane_collector.cpp:689] Core 68: skipped 1024 AICore record slot(s) with start_time=0 (race-window write or recycled-buffer tail). buf seq=0 count=1024
[mono_ns=7230025507777898][T0xf52328db9ca0][WARN] copy_aicore_buffer: [chip_swimlane_collector.cpp:689] Core 71: skipped 1024 AICore record slot(s) with start_time=0 (race-window write or recycled-buffer tail). buf seq=0 count=1024
[mono_ns=7230025507925609][T0xf523351fcca0][WARN] copy_aicore_buffer: [chip_swimlane_collector.cpp:689] Core 67: skipped 1024 AICore record slot(s) with start_time=0 (race-window write or recycled-buffer tail). buf seq=0 count=1024
[mono_ns=7230025507981909][T0xf523349ecca0][WARN] copy_aicore_buffer: [chip_swimlane_collector.cpp:689] Core 69: skipped 1024 AICore record slot(s) with start_time=0 (race-window write or recycled-buffer tail). buf seq=0 count=1024
[mono_ns=7230025608602074][T0xf52485a2b020][TIMING] emit_host_span: [STRACE] v=1 pid=106298 tid=106298 inv=6 hid=5b97acc14469116c depth=1 name=chip.run.runner_run ts=7230025496731429 dur=111863735 
[mono_ns=7230025608699165][T0xf52485a2b020][TIMING] emit_host_span: [STRACE] v=1 pid=106298 tid=106298 inv=6 hid=5b97acc14469116c depth=1 name=chip.run.validate ts=7230025608615014 dur=80401 
[mono_ns=7230025608740275][T0xf52485a2b020][TIMING] emit_host_span: [STRACE] v=1 pid=106298 tid=106298 inv=6 hid=5b97acc14469116c depth=2 name=chip.run.runner_run.device_wall ts=0 dur=2884220 clk=dev
[mono_ns=7230025608744525][T0xf52485a2b020][TIMING] emit_host_span: [STRACE] v=1 pid=106298 tid=106298 inv=6 hid=5b97acc14469116c depth=3 name=chip.run.runner_run.device_wall.preamble ts=0 dur=106380 clk=dev
[mono_ns=7230025608749715][T0xf52485a2b020][TIMING] emit_host_span: [STRACE] v=1 pid=106298 tid=106298 inv=6 hid=5b97acc14469116c depth=3 name=chip.run.runner_run.device_wall.graph_build ts=102200 dur=2772859 clk=dev
[mono_ns=7230025608753295][T0xf52485a2b020][TIMING] emit_host_span: [STRACE] v=1 pid=106298 tid=106298 inv=6 hid=5b97acc14469116c depth=3 name=chip.run.runner_run.device_wall.config_validate ts=102280 dur=780 clk=dev
[mono_ns=7230025608757555][T0xf52485a2b020][TIMING] emit_host_span: [STRACE] v=1 pid=106298 tid=106298 inv=6 hid=5b97acc14469116c depth=3 name=chip.run.runner_run.device_wall.arena_wire ts=103080 dur=520 clk=dev
[mono_ns=7230025608762105][T0xf52485a2b020][TIMING] emit_host_span: [STRACE] v=1 pid=106298 tid=106298 inv=6 hid=5b97acc14469116c depth=3 name=chip.run.runner_run.device_wall.sm_reset ts=103640 dur=679 clk=dev
[mono_ns=7230025608765375][T0xf52485a2b020][TIMING] emit_host_span: [STRACE] v=1 pid=106298 tid=106298 inv=6 hid=5b97acc14469116c depth=3 name=chip.run.runner_run.device_wall.post_orch ts=2875100 dur=8960 clk=dev
[mono_ns=7230025608769245][T0xf52485a2b020][TIMING] emit_host_span: [STRACE] v=1 pid=106298 tid=106298 inv=6 hid=5b97acc14469116c depth=3 name=chip.run.runner_run.device_wall.orch ts=104360 dur=4120 clk=dev
[mono_ns=7230025608790125][T0xf52485a2b020][TIMING] emit_host_span: [STRACE] v=1 pid=106298 tid=106298 inv=6 hid=5b97acc14469116c depth=3 name=chip.run.runner_run.device_wall.sched ts=106420 dur=2744780 clk=dev
[mono_ns=7230025608795105][T0xf52485a2b020][TIMING] emit_host_span: [STRACE] v=1 pid=106298 tid=106298 inv=6 hid=5b97acc14469116c depth=1 name=chip.run.claim_release ts=7230025608792935 dur=340 
[mono_ns=7230025608800245][T0xf52485a2b020][TIMING] emit_host_span: [STRACE] v=1 pid=106298 tid=106298 inv=6 hid=5b97acc14469116c depth=0 name=chip.run ts=7230025495802115 dur=112996170 run_id=6 dispatch_id=6 slot_id=0 generation=6 run_epoch=6
