
=== p2_managed-l2_uniform_0 devices=0,1 ===
  metric=aicore_gang_span  kernel_p50=3.2600000000000002  slot_p50=3867.7500560879707  egress=0.0

=== p2_managed-l2_uniform_32 devices=0,1 ===
  metric=aicore_gang_span  kernel_p50=4.145  slot_p50=1672.949641942978  egress=0.0616310562744508

=== p2_managed-l2_uniform_128 devices=0,1 ===
  metric=aicore_gang_span  kernel_p50=4.045  slot_p50=1757.1542412042618  egress=0.2508523017250179

=== p2_managed-l2_uniform_1024 devices=0,1 ===
  metric=aicore_gang_span  kernel_p50=6.53  slot_p50=1690.7542012631893  egress=1.2387877260412072

=== p2_managed-l2_uniform_4096 devices=0,1 ===
  metric=aicore_gang_span  kernel_p50=16.21  slot_p50=1680.433750152588  egress=1.524388447373522

=== p2_managed-l2_uniform_8192 devices=0,1 ===
  metric=aicore_gang_span  kernel_p50=29.135  slot_p50=1734.419260174036  egress=2.256134260919458

=== p2_managed-l2_uniform_16384 devices=0,1 ===
  metric=aicore_gang_span  kernel_p50=55.255  slot_p50=1807.69432336092  egress=2.1985183528556647

=== p2_managed-l2_uniform_24576 devices=0,1 ===
  metric=aicore_gang_span  kernel_p50=81.165  slot_p50=1758.8436603546143  egress=2.418017556356108

=== p2_managed-l2_uniform_24960 devices=0,1 ===
lf._teardown_worker_tree(startup_abort=False)
  File "/opt/pypto/runtime/python/simpler/worker.py", line 12352, in _teardown_worker_tree
    raise journal_err
  File "/opt/pypto/runtime/python/simpler/worker.py", line 3882, in drive
    cleanup_fn()
  File "/opt/pypto/runtime/python/simpler/worker.py", line 10252, in _release_all_live_domains
    _raise_first(_release, list(live_domains.values())[::-1])
  File "/opt/pypto/runtime/python/simpler/worker.py", line 1107, in _raise_first
    raise first_error
  File "/opt/pypto/runtime/python/simpler/worker.py", line 1102, in _raise_first
    step(item)
  File "/opt/pypto/runtime/python/simpler/worker.py", line 10247, in _release
    self._release_domain_now(handle)
  File "/opt/pypto/runtime/python/simpler/worker.py", line 9248, in _release_domain_now
    raise result.error
  File "/opt/pypto/runtime/python/simpler/worker.py", line 1339, in invoke
    result.value = operation()
  File "/opt/pypto/runtime/python/simpler/worker.py", line 9232, in release_claim
    self._release_domain_claimed(handle)
  File "/opt/pypto/runtime/python/simpler/worker.py", line 9293, in _release_domain_claimed
    _run_with_owned_shared_memory(
  File "/opt/pypto/runtime/python/simpler/worker.py", line 1643, in _run_with_owned_shared_memory
    raise result.error
  File "/opt/pypto/runtime/python/simpler/worker.py", line 1339, in invoke
    result.value = operation()
  File "/opt/pypto/runtime/python/simpler/worker.py", line 1636, in run_lifecycle
    raise operation_error
  File "/opt/pypto/runtime/python/simpler/worker.py", line 1623, in run_lifecycle
    value = operation(owner)
  File "/opt/pypto/runtime/python/simpler/worker.py", line 9281, in release
    self._dispatch_control_domain(
  File "/opt/pypto/runtime/python/simpler/worker.py", line 9334, in _dispatch_control_domain
    raise RuntimeError(
RuntimeError: release_domain(allocation_id=0) failed on 2/2 chips; first error chip=0: control_release_domain failed on child: chip_process dev=0 ctrl=8: RuntimeError: comm_release_domain_windows failed with code -1
[mono_ns=7176162171709565][T0xe60a2ffcb020][WARN] comm_destroy: [comm_hccl.cpp:1747] [comm rank 0] comm_destroy: final barrier failed during departure wait for rank 1; releasing local state anyway
/usr/lib/python3.10/multiprocessing/resource_tracker.py:224: UserWarning: resource_tracker: There appear to be 2 leaked shared_memory objects to clean up at shutdown
  warnings.warn('resource_tracker: There appear to be %d '


=== p2_managed-l2_uniform_32768 devices=0,1 ===
  metric=aicore_gang_span  kernel_p50=107.09666666666666  slot_p50=1955.0099968910217  egress=2.4496195986512688

=== p2_managed-l2_uniform_49152 devices=0,1 ===
  metric=aicore_gang_span  kernel_p50=165.16666666666669  slot_p50=1955.095212906599  egress=2.1373726026652653

=== p2_managed-l2_uniform_65536 devices=0,1 ===
  metric=aicore_gang_span  kernel_p50=210.21499999999997  slot_p50=1975.2299413084984  egress=2.4864417530692937

=== p2_managed-l2_uniform_131072 devices=0,1 ===
  metric=aicore_gang_span  kernel_p50=421.40500000000003  slot_p50=2352.9278114438057  egress=2.327240444662688

=== p2_managed-l2_uniform_262144 devices=0,1 ===
  metric=aicore_gang_span  kernel_p50=835.2850000000001  slot_p50=2804.630436003208  egress=2.3804323798200047

=== p2_managed-l2_uniform_524288 devices=0,1 ===
  metric=aicore_gang_span  kernel_p50=1665.825  slot_p50=3881.6710002720356  egress=2.4798429073666366

=== p2_managed-l2_uniform_1048576 devices=0,1 ===
  metric=aicore_gang_span  kernel_p50=3402.453333333334  slot_p50=6584.706250578165  egress=2.449119862682496

=== p2_managed-l2_zero_24960 devices=0,1 ===
  metric=aicore_gang_span  kernel_p50=3.0700000000000003  slot_p50=3836.491145193577  egress=0.0

=== p2_managed-l2_single-hot_24960 devices=0,1 ===
  metric=aicore_gang_span  kernel_p50=71.505  slot_p50=3643.8750103116035  egress=2.7999719554091005

=== p2_managed-host_uniform_0 devices=0,1 ===
  metric=timing_slot  kernel_p50=5511.301569640636  slot_p50=5511.301569640636  egress=0.0

=== p2_managed-host_uniform_32 devices=0,1 ===
  metric=timing_slot  kernel_p50=3605.2996292710304  slot_p50=3605.2996292710304  egress=4.8146137655129465e-05

=== p2_managed-host_uniform_128 devices=0,1 ===
  metric=timing_slot  kernel_p50=3536.773845553398  slot_p50=3536.773845553398  egress=0.00020838227806517612

=== p2_managed-host_uniform_1024 devices=0,1 ===
  metric=timing_slot  kernel_p50=3707.3404528200626  slot_p50=3707.3404528200626  egress=0.0014542136774855735

=== p2_managed-host_uniform_4096 devices=0,1 ===
  metric=timing_slot  kernel_p50=3637.4800838530064  slot_p50=3637.4800838530064  egress=0.006225593530578271

=== p2_managed-host_uniform_8192 devices=0,1 ===
  metric=timing_slot  kernel_p50=3547.899890691042  slot_p50=3547.899890691042  egress=0.012788239547243826

=== p2_managed-host_uniform_16384 devices=0,1 ===
  metric=timing_slot  kernel_p50=3521.1993381381035  slot_p50=3521.1993381381035  egress=0.02514350434295383

=== p2_managed-host_uniform_24576 devices=0,1 ===
  metric=timing_slot  kernel_p50=3637.592773884535  slot_p50=3637.592773884535  egress=0.03934192869268314

=== p2_managed-host_uniform_24960 devices=0,1 ===
  metric=timing_slot  kernel_p50=5732.14516043663  slot_p50=5732.14516043663  egress=0.02661073610854584

=== p2_managed-host_uniform_32768 devices=0,1 ===
  metric=timing_slot  kernel_p50=3570.717293769121  slot_p50=3570.717293769121  egress=0.04687947757413534

=== p2_managed-host_uniform_49152 devices=0,1 ===
  metric=timing_slot  kernel_p50=3815.4018111526966  slot_p50=3815.4018111526966  egress=0.07510115696729008

=== p2_managed-host_uniform_65536 devices=0,1 ===
  metric=timing_slot  kernel_p50=3812.643699347973  slot_p50=3812.643699347973  egress=0.10301871267431065

=== p2_managed-host_uniform_131072 devices=0,1 ===
  metric=timing_slot  kernel_p50=4362.471401691437  slot_p50=4362.471401691437  egress=0.18079814111853523

=== p2_managed-host_uniform_262144 devices=0,1 ===
  metric=timing_slot  kernel_p50=4774.418193846941  slot_p50=4774.418193846941  egress=0.3343339284890384

=== p2_managed-host_uniform_524288 devices=0,1 ===
  metric=timing_slot  kernel_p50=6246.563047170639  slot_p50=6246.563047170639  egress=0.5535725445393584

=== p2_managed-host_uniform_1048576 devices=0,1 ===
  metric=timing_slot  kernel_p50=7879.279088228941  slot_p50=7879.279088228941  egress=0.8532048121211003

=== p2_managed-host_zero_24960 devices=0,1 ===
  metric=timing_slot  kernel_p50=5032.679531723261  slot_p50=5032.679531723261  egress=0.0

=== p2_managed-host_single-hot_24960 devices=0,1 ===
  metric=timing_slot  kernel_p50=4861.528053879738  slot_p50=4861.528053879738  egress=0.03218230134280023

=== p4_managed-l2_uniform_0 devices=0,1,2,3 ===
  metric=aicore_gang_span  kernel_p50=78.49000000000001  slot_p50=5944.890435785055  egress=0.0

=== p4_managed-l2_uniform_32 devices=0,1,2,3 ===
  metric=aicore_gang_span  kernel_p50=9.530000000000001  slot_p50=2394.1625840961933  egress=0.07879953828395536

=== p4_managed-l2_uniform_128 devices=0,1,2,3 ===
  metric=aicore_gang_span  kernel_p50=9.385  slot_p50=2170.1809018850327  egress=0.10872411962484514

=== p4_managed-l2_uniform_1024 devices=0,1,2,3 ===
  metric=aicore_gang_span  kernel_p50=15.335  slot_p50=2193.9007565379143  egress=1.5929564912091176

=== p4_managed-l2_uniform_4096 devices=0,1,2,3 ===
  metric=aicore_gang_span  kernel_p50=40.71  slot_p50=2303.220797330141  egress=2.403667705849991

=== p4_managed-l2_uniform_8192 devices=0,1,2,3 ===
  metric=aicore_gang_span  kernel_p50=72.14  slot_p50=2217.724919319153  egress=2.280140908366072

=== p4_managed-l2_uniform_16384 devices=0,1,2,3 ===
  metric=aicore_gang_span  kernel_p50=137.37  slot_p50=2508.2281790673733  egress=2.8577609544862663

=== p4_managed-l2_uniform_24576 devices=0,1,2,3 ===
  metric=aicore_gang_span  kernel_p50=204.92833333333334  slot_p50=2553.327940404415  egress=2.8893348464684894

=== p4_managed-l2_uniform_24960 devices=0,1,2,3 ===
  metric=aicore_gang_span  kernel_p50=268.195  slot_p50=6648.805923759937  egress=1.3837358372890756

=== p4_managed-l2_uniform_32768 devices=0,1,2,3 ===
  metric=aicore_gang_span  kernel_p50=268.945  slot_p50=2618.962898850441  egress=2.9274295764817553

=== p4_managed-l2_uniform_49152 devices=0,1,2,3 ===
  metric=aicore_gang_span  kernel_p50=410.21500000000003  slot_p50=2703.5241946578026  egress=2.1794630546991374

=== p4_managed-l2_uniform_65536 devices=0,1,2,3 ===
  metric=aicore_gang_span  kernel_p50=534.7049999999999  slot_p50=2907.625399529934  egress=2.9331549293804744

=== p4_managed-l2_uniform_131072 devices=0,1,2,3 ===
  metric=aicore_gang_span  kernel_p50=1067.33  slot_p50=3784.1657176613808  egress=2.8403009691205683

=== p4_managed-l2_uniform_262144 devices=0,1,2,3 ===
  metric=aicore_gang_span  kernel_p50=2402.34  slot_p50=5398.74192327261  egress=2.6404096933909558

=== p4_managed-l2_uniform_524288 devices=0,1,2,3 ===
  metric=aicore_gang_span  kernel_p50=4230.975  slot_p50=7967.149373143911  egress=2.9054089172871653

=== p4_managed-l2_uniform_1048576 devices=0,1,2,3 ===
  metric=aicore_gang_span  kernel_p50=8564.43  slot_p50=13740.879017859697  egress=2.815906581875202

=== p4_managed-l2_zero_24960 devices=0,1,2,3 ===
  metric=aicore_gang_span  kernel_p50=7.02  slot_p50=6130.961701273918  egress=0.0

=== p4_managed-l2_single-hot_24960 devices=0,1,2,3 ===
  metric=aicore_gang_span  kernel_p50=79.545  slot_p50=6227.3177318274975  egress=2.3394060101927243

=== p4_managed-host_uniform_0 devices=0,1,2,3 ===
  metric=timing_slot  kernel_p50=7400.326430797577  slot_p50=7400.326430797577  egress=0.0

=== p4_managed-host_uniform_32 devices=0,1,2,3 ===
  metric=timing_slot  kernel_p50=4002.7410723268986  slot_p50=4002.7410723268986  egress=0.0001410228539894901

=== p4_managed-host_uniform_128 devices=0,1,2,3 ===
  metric=timing_slot  kernel_p50=4067.5741620361805  slot_p50=4067.5741620361805  egress=0.0005428434954299422

=== p4_managed-host_uniform_1024 devices=0,1,2,3 ===
l_live_domains
    _raise_first(_release, list(live_domains.values())[::-1])
  File "/opt/pypto/runtime/python/simpler/worker.py", line 1107, in _raise_first
    raise first_error
  File "/opt/pypto/runtime/python/simpler/worker.py", line 1102, in _raise_first
    step(item)
  File "/opt/pypto/runtime/python/simpler/worker.py", line 10247, in _release
    self._release_domain_now(handle)
  File "/opt/pypto/runtime/python/simpler/worker.py", line 9248, in _release_domain_now
    raise result.error
  File "/opt/pypto/runtime/python/simpler/worker.py", line 1339, in invoke
    result.value = operation()
  File "/opt/pypto/runtime/python/simpler/worker.py", line 9232, in release_claim
    self._release_domain_claimed(handle)
  File "/opt/pypto/runtime/python/simpler/worker.py", line 9293, in _release_domain_claimed
    _run_with_owned_shared_memory(
  File "/opt/pypto/runtime/python/simpler/worker.py", line 1643, in _run_with_owned_shared_memory
    raise result.error
  File "/opt/pypto/runtime/python/simpler/worker.py", line 1339, in invoke
    result.value = operation()
  File "/opt/pypto/runtime/python/simpler/worker.py", line 1636, in run_lifecycle
    raise operation_error
  File "/opt/pypto/runtime/python/simpler/worker.py", line 1623, in run_lifecycle
    value = operation(owner)
  File "/opt/pypto/runtime/python/simpler/worker.py", line 9281, in release
    self._dispatch_control_domain(
  File "/opt/pypto/runtime/python/simpler/worker.py", line 9334, in _dispatch_control_domain
    raise RuntimeError(
RuntimeError: release_domain(allocation_id=0) failed on 4/4 chips; first error chip=0: control_release_domain failed on child: chip_process dev=0 ctrl=8: RuntimeError: comm_release_domain_windows failed with code -1
[mono_ns=7180133144520034][T0xf28f1781b020][WARN] comm_destroy: [comm_hccl.cpp:1747] [comm rank 0] comm_destroy: final barrier failed during departure wait for rank 3; releasing local state anyway
[mono_ns=7180133442712814][T0xf28f1781b020][WARN] comm_destroy: [comm_hccl.cpp:1800] [comm rank 1] comm_destroy: final release failed during release wait for rank 1
[mono_ns=7180133450961089][T0xf28f1781b020][WARN] comm_destroy: [comm_hccl.cpp:1800] [comm rank 2] comm_destroy: final release failed during release wait for rank 2
/usr/lib/python3.10/multiprocessing/resource_tracker.py:224: UserWarning: resource_tracker: There appear to be 4 leaked shared_memory objects to clean up at shutdown
  warnings.warn('resource_tracker: There appear to be %d '


=== p4_managed-host_uniform_4096 devices=0,1,2,3 ===
  metric=timing_slot  kernel_p50=3909.128252416849  slot_p50=3909.128252416849  egress=0.01909647139930221

=== p4_managed-host_uniform_8192 devices=0,1,2,3 ===
  metric=timing_slot  kernel_p50=3986.9453758001328  slot_p50=3986.9453758001328  egress=0.03816812851218761

=== p4_managed-host_uniform_16384 devices=0,1,2,3 ===
  metric=timing_slot  kernel_p50=4184.863064438105  slot_p50=4184.863064438105  egress=0.07223575442257989

=== p4_managed-host_uniform_24576 devices=0,1,2,3 ===
  metric=timing_slot  kernel_p50=4294.88904774189  slot_p50=4294.88904774189  egress=0.10484789864070228

=== p4_managed-host_uniform_24960 devices=0,1,2,3 ===
  metric=timing_slot  kernel_p50=7834.63753759861  slot_p50=7834.63753759861  egress=0.06628149520054948

=== p4_managed-host_uniform_32768 devices=0,1,2,3 ===
  metric=timing_slot  kernel_p50=4240.055102854967  slot_p50=4240.055102854967  egress=0.13917593597738104

=== p4_managed-host_uniform_49152 devices=0,1,2,3 ===
  metric=timing_slot  kernel_p50=4092.0553728938103  slot_p50=4092.0553728938103  egress=0.22427064781868025

=== p4_managed-host_uniform_65536 devices=0,1,2,3 ===
dur=10360 clk=dev
[mono_ns=7181169276390676][T0xf7b51a977020][TIMING] emit_host_span: [STRACE] v=1 pid=3769225 tid=3769225 inv=4 hid=713afffc85506381 depth=3 name=chip.run.runner_run.device_wall.orch ts=3300 dur=5080 clk=dev
[mono_ns=7181169276394356][T0xf7b51a977020][TIMING] emit_host_span: [STRACE] v=1 pid=3769225 tid=3769225 inv=4 hid=713afffc85506381 depth=3 name=chip.run.runner_run.device_wall.sched ts=5939 dur=23280 clk=dev
[mono_ns=7181169276399696][T0xf7b51a977020][TIMING] emit_host_span: [STRACE] v=1 pid=3769225 tid=3769225 inv=4 hid=713afffc85506381 depth=1 name=chip.run.claim_release ts=7181169276397756 dur=240 
[mono_ns=7181169276409516][T0xf7b51a977020][TIMING] emit_host_span: [STRACE] v=1 pid=3769225 tid=3769225 inv=4 hid=713afffc85506381 depth=0 name=chip.run ts=7181169275613333 dur=794053 run_id=1 dispatch_id=4 slot_id=0 generation=1 run_epoch=4
[mono_ns=7181169276438906][T0xf7b3bd22cca0][TIMING] emit_host_span: [STRACE] v=1 pid=3753658 tid=3769312 inv=1 hid=1c489e648d378571 depth=0 name=node.complete ts=7181169276434946 dur=280 run_id=1 task_slot=12 group_index=0 worker_id=0 dispatch_id=4 endpoint_kind=local_mailbox prepare_only=0 role=worker outcome=0
[mono_ns=7181169276452556][T0xf7b3bd22cca0][TIMING] emit_host_span: [STRACE] v=1 pid=3753658 tid=3769312 inv=0 hid=0 depth=0 name=node.scheduler_loop ts=7181169276432246 dur=17080 role=scheduler drained=1 dispatched=0 drain_ns=16920 spins=55
[mono_ns=7181169276653127][T0xf7b51a977020][TIMING] emit_host_span: [STRACE] v=1 pid=3753658 tid=3753658 inv=1 hid=0 depth=0 name=node.post_fence_retirement ts=7181169276445656 dur=201521 run_id=1 slot_id=0 generation=1 role=facade
Traceback (most recent call last):
  File "/opt/pypto/tests/st/distributed/collectives/all_to_all_v_benchmark.py", line 1191, in <module>
    raise SystemExit(main())
  File "/opt/pypto/tests/st/distributed/collectives/all_to_all_v_benchmark.py", line 1180, in main
    doc = run_benchmark(args, shape)
  File "/opt/pypto/tests/st/distributed/collectives/all_to_all_v_benchmark.py", line 1045, in run_benchmark
    host_slots, slot_rank = _timed_session(
  File "/opt/pypto/tests/st/distributed/collectives/all_to_all_v_benchmark.py", line 982, in _timed_session
    check_correctness(shape, inputs, send_counts, outputs, recv_out)
  File "/opt/pypto/tests/st/distributed/collectives/all_to_all_v_benchmark.py", line 874, in check_correctness
    raise AssertionError(
AssertionError: rank=2 src=1: recv_counts=0 != clamped send_counts=1


=== p4_managed-host_uniform_131072 devices=0,1,2,3 ===
  metric=timing_slot  kernel_p50=5287.510808557272  slot_p50=5287.510808557272  egress=0.45469873688536866

=== p4_managed-host_uniform_262144 devices=0,1,2,3 ===
  metric=timing_slot  kernel_p50=7096.6859348118305  slot_p50=7096.6859348118305  egress=0.769387279306307

=== p4_managed-host_uniform_524288 devices=0,1,2,3 ===
  metric=timing_slot  kernel_p50=9759.788867086172  slot_p50=9759.788867086172  egress=1.1515942194881323

=== p4_managed-host_uniform_1048576 devices=0,1,2,3 ===
  metric=timing_slot  kernel_p50=15297.977719455957  slot_p50=15297.977719455957  egress=1.5378947187443088

=== p4_managed-host_zero_24960 devices=0,1,2,3 ===
  metric=timing_slot  kernel_p50=7505.577988922596  slot_p50=7505.577988922596  egress=0.0

=== p4_managed-host_single-hot_24960 devices=0,1,2,3 ===
l_live_domains
    _raise_first(_release, list(live_domains.values())[::-1])
  File "/opt/pypto/runtime/python/simpler/worker.py", line 1107, in _raise_first
    raise first_error
  File "/opt/pypto/runtime/python/simpler/worker.py", line 1102, in _raise_first
    step(item)
  File "/opt/pypto/runtime/python/simpler/worker.py", line 10247, in _release
    self._release_domain_now(handle)
  File "/opt/pypto/runtime/python/simpler/worker.py", line 9248, in _release_domain_now
    raise result.error
  File "/opt/pypto/runtime/python/simpler/worker.py", line 1339, in invoke
    result.value = operation()
  File "/opt/pypto/runtime/python/simpler/worker.py", line 9232, in release_claim
    self._release_domain_claimed(handle)
  File "/opt/pypto/runtime/python/simpler/worker.py", line 9293, in _release_domain_claimed
    _run_with_owned_shared_memory(
  File "/opt/pypto/runtime/python/simpler/worker.py", line 1643, in _run_with_owned_shared_memory
    raise result.error
  File "/opt/pypto/runtime/python/simpler/worker.py", line 1339, in invoke
    result.value = operation()
  File "/opt/pypto/runtime/python/simpler/worker.py", line 1636, in run_lifecycle
    raise operation_error
  File "/opt/pypto/runtime/python/simpler/worker.py", line 1623, in run_lifecycle
    value = operation(owner)
  File "/opt/pypto/runtime/python/simpler/worker.py", line 9281, in release
    self._dispatch_control_domain(
  File "/opt/pypto/runtime/python/simpler/worker.py", line 9334, in _dispatch_control_domain
    raise RuntimeError(
RuntimeError: release_domain(allocation_id=0) failed on 4/4 chips; first error chip=1: control_release_domain failed on child: chip_process dev=1 ctrl=8: RuntimeError: comm_release_domain_windows failed with code -1
[mono_ns=7182230263701627][T0xe6329880b020][WARN] comm_destroy: [comm_hccl.cpp:1747] [comm rank 0] comm_destroy: final barrier failed during departure wait for rank 3; releasing local state anyway
[mono_ns=7182230449263747][T0xe6329880b020][WARN] comm_destroy: [comm_hccl.cpp:1800] [comm rank 2] comm_destroy: final release failed during release wait for rank 2
[mono_ns=7182230505704812][T0xe6329880b020][WARN] comm_destroy: [comm_hccl.cpp:1800] [comm rank 1] comm_destroy: final release failed during release wait for rank 1
/usr/lib/python3.10/multiprocessing/resource_tracker.py:224: UserWarning: resource_tracker: There appear to be 4 leaked shared_memory objects to clean up at shutdown
  warnings.warn('resource_tracker: There appear to be %d '


Wrote /opt/pypto-profiling/reports/issue-2521-a1-alltoallv-ubfix-2026-09-09/summary.json
