[mono_ns=7230098849213177][T0xf70edd0db020][TIMING] emit_host_span: [STRACE] v=1 pid=140029 tid=140029 inv=1 hid=18569ca3d99bdfe2 depth=2 name=chip.run.bind.args ts=7230098849108696 dur=98591 
[mono_ns=7230098849231817][T0xf70edd0db020][TIMING] emit_host_span: [STRACE] v=1 pid=140029 tid=140029 inv=1 hid=18569ca3d99bdfe2 depth=2 name=chip.run.bind.prebuilt ts=7230098849226527 dur=2870 
[mono_ns=7230098849237257][T0xf70edd0db020][TIMING] emit_host_span: [STRACE] v=1 pid=140029 tid=140029 inv=1 hid=18569ca3d99bdfe2 depth=1 name=chip.run.bind ts=7230098848542743 dur=692144 
[mono_ns=7230098965983919][T0xf70edd0db020][TIMING] emit_host_span: [STRACE] v=1 pid=140029 tid=140029 inv=1 hid=18569ca3d99bdfe2 depth=1 name=chip.run.runner_run ts=7230098849882440 dur=116092499 
[mono_ns=7230098966110540][T0xf70edd0db020][TIMING] emit_host_span: [STRACE] v=1 pid=140029 tid=140029 inv=1 hid=18569ca3d99bdfe2 depth=1 name=chip.run.validate ts=7230098966014849 dur=91301 
[mono_ns=7230098966124080][T0xf70edd0db020][TIMING] emit_host_span: [STRACE] v=1 pid=140029 tid=140029 inv=1 hid=18569ca3d99bdfe2 depth=2 name=chip.run.runner_run.device_wall ts=0 dur=843040 clk=dev
[mono_ns=7230098966128380][T0xf70edd0db020][TIMING] emit_host_span: [STRACE] v=1 pid=140029 tid=140029 inv=1 hid=18569ca3d99bdfe2 depth=3 name=chip.run.runner_run.device_wall.preamble ts=0 dur=187540 clk=dev
[mono_ns=7230098966132910][T0xf70edd0db020][TIMING] emit_host_span: [STRACE] v=1 pid=140029 tid=140029 inv=1 hid=18569ca3d99bdfe2 depth=3 name=chip.run.runner_run.device_wall.graph_build ts=37400 dur=785640 clk=dev
[mono_ns=7230098966137590][T0xf70edd0db020][TIMING] emit_host_span: [STRACE] v=1 pid=140029 tid=140029 inv=1 hid=18569ca3d99bdfe2 depth=3 name=chip.run.runner_run.device_wall.config_validate ts=40800 dur=3420 clk=dev
[mono_ns=7230098966142390][T0xf70edd0db020][TIMING] emit_host_span: [STRACE] v=1 pid=140029 tid=140029 inv=1 hid=18569ca3d99bdfe2 depth=3 name=chip.run.runner_run.device_wall.arena_wire ts=44260 dur=11480 clk=dev
[mono_ns=7230098966147020][T0xf70edd0db020][TIMING] emit_host_span: [STRACE] v=1 pid=140029 tid=140029 inv=1 hid=18569ca3d99bdfe2 depth=3 name=chip.run.runner_run.device_wall.sm_reset ts=55760 dur=17200 clk=dev
[mono_ns=7230098966151600][T0xf70edd0db020][TIMING] emit_host_span: [STRACE] v=1 pid=140029 tid=140029 inv=1 hid=18569ca3d99bdfe2 depth=3 name=chip.run.runner_run.device_wall.post_orch ts=823160 dur=16379 clk=dev
[mono_ns=7230098966156150][T0xf70edd0db020][TIMING] emit_host_span: [STRACE] v=1 pid=140029 tid=140029 inv=1 hid=18569ca3d99bdfe2 depth=3 name=chip.run.runner_run.device_wall.orch ts=77880 dur=52460 clk=dev
[mono_ns=7230098966161720][T0xf70edd0db020][TIMING] emit_host_span: [STRACE] v=1 pid=140029 tid=140029 inv=1 hid=18569ca3d99bdfe2 depth=3 name=chip.run.runner_run.device_wall.sched ts=189200 dur=611800 clk=dev
[mono_ns=7230098966168690][T0xf70edd0db020][TIMING] emit_host_span: [STRACE] v=1 pid=140029 tid=140029 inv=1 hid=18569ca3d99bdfe2 depth=1 name=chip.run.claim_release ts=7230098966166100 dur=860 
[mono_ns=7230098966174520][T0xf70edd0db020][TIMING] emit_host_span: [STRACE] v=1 pid=140029 tid=140029 inv=1 hid=18569ca3d99bdfe2 depth=0 name=chip.run ts=7230098848508813 dur=117663727 run_id=1 dispatch_id=1 slot_id=0 generation=1 run_epoch=1
[mono_ns=7230098970036251][T0xf70edd0db020][TIMING] emit_host_span: [STRACE] v=1 pid=140029 tid=140029 inv=2 hid=18569ca3d99bdfe2 depth=2 name=chip.run.bind.args ts=7230098969910070 dur=120381 
[mono_ns=7230098970057151][T0xf70edd0db020][TIMING] emit_host_span: [STRACE] v=1 pid=140029 tid=140029 inv=2 hid=18569ca3d99bdfe2 depth=2 name=chip.run.bind.prebuilt ts=7230098970049481 dur=5180 
[mono_ns=7230098970062801][T0xf70edd0db020][TIMING] emit_host_span: [STRACE] v=1 pid=140029 tid=140029 inv=2 hid=18569ca3d99bdfe2 depth=1 name=chip.run.bind ts=7230098969898120 dur=162281 
[mono_ns=7230099028944355][T0xf70d845a9ca0][WARN] copy_aicore_buffer: [chip_swimlane_collector.cpp:689] Core 2: skipped 1024 AICore record slot(s) with start_time=0 (race-window write or recycled-buffer tail). buf seq=0 count=1024
[mono_ns=7230099028986415][T0xf70d94a3cca0][WARN] copy_aicore_buffer: [chip_swimlane_collector.cpp:689] Core 0: skipped 1024 AICore record slot(s) with start_time=0 (race-window write or recycled-buffer tail). buf seq=0 count=1024
[mono_ns=7230099029019425][T0xf70d84db9ca0][WARN] copy_aicore_buffer: [chip_swimlane_collector.cpp:689] Core 1: skipped 1024 AICore record slot(s) with start_time=0 (race-window write or recycled-buffer tail). buf seq=0 count=1024
[mono_ns=7230099029288047][T0xf70d845a9ca0][WARN] copy_aicore_buffer: [chip_swimlane_collector.cpp:689] Core 28: skipped 1023 AICore record slot(s) with start_time=0 (race-window write or recycled-buffer tail). buf seq=0 count=1024
[mono_ns=7230099029335737][T0xf70d94a3cca0][WARN] copy_aicore_buffer: [chip_swimlane_collector.cpp:689] Core 24: skipped 1024 AICore record slot(s) with start_time=0 (race-window write or recycled-buffer tail). buf seq=0 count=1024
[mono_ns=7230099029342967][T0xf70d84db9ca0][WARN] copy_aicore_buffer: [chip_swimlane_collector.cpp:689] Core 26: skipped 1022 AICore record slot(s) with start_time=0 (race-window write or recycled-buffer tail). buf seq=0 count=1024
[mono_ns=7230099029609898][T0xf70d845a9ca0][WARN] copy_aicore_buffer: [chip_swimlane_collector.cpp:689] Core 29: skipped 1024 AICore record slot(s) with start_time=0 (race-window write or recycled-buffer tail). buf seq=0 count=1024
[mono_ns=7230099029662149][T0xf70d84db9ca0][WARN] copy_aicore_buffer: [chip_swimlane_collector.cpp:689] Core 27: skipped 1024 AICore record slot(s) with start_time=0 (race-window write or recycled-buffer tail). buf seq=0 count=1024
[mono_ns=7230099029674989][T0xf70d94a3cca0][WARN] copy_aicore_buffer: [chip_swimlane_collector.cpp:689] Core 25: skipped 1024 AICore record slot(s) with start_time=0 (race-window write or recycled-buffer tail). buf seq=0 count=1024
[mono_ns=7230099029928360][T0xf70d845a9ca0][WARN] copy_aicore_buffer: [chip_swimlane_collector.cpp:689] Core 5: skipped 1024 AICore record slot(s) with start_time=0 (race-window write or recycled-buffer tail). buf seq=0 count=1024
[mono_ns=7230099029980370][T0xf70d84db9ca0][WARN] copy_aicore_buffer: [chip_swimlane_collector.cpp:689] Core 4: skipped 1024 AICore record slot(s) with start_time=0 (race-window write or recycled-buffer tail). buf seq=0 count=1024
[mono_ns=7230099030009371][T0xf70d94a3cca0][WARN] copy_aicore_buffer: [chip_swimlane_collector.cpp:689] Core 3: skipped 1024 AICore record slot(s) with start_time=0 (race-window write or recycled-buffer tail). buf seq=0 count=1024
[mono_ns=7230099030275022][T0xf70d845a9ca0][WARN] copy_aicore_buffer: [chip_swimlane_collector.cpp:689] Core 34: skipped 1024 AICore record slot(s) with start_time=0 (race-window write or recycled-buffer tail). buf seq=0 count=1024
[mono_ns=7230099030346502][T0xf70d84db9ca0][WARN] copy_aicore_buffer: [chip_swimlane_collector.cpp:689] Core 32: skipped 1024 AICore record slot(s) with start_time=0 (race-window write or recycled-buffer tail). buf seq=0 count=1024
[mono_ns=7230099030374243][T0xf70d94a3cca0][WARN] copy_aicore_buffer: [chip_swimlane_collector.cpp:689] Core 30: skipped 1024 AICore record slot(s) with start_time=0 (race-window write or recycled-buffer tail). buf seq=0 count=1024
[mono_ns=7230099030606434][T0xf70d845a9ca0][WARN] copy_aicore_buffer: [chip_swimlane_collector.cpp:689] Core 35: skipped 1024 AICore record slot(s) with start_time=0 (race-window write or recycled-buffer tail). buf seq=0 count=1024
[mono_ns=7230099030677364][T0xf70d84db9ca0][WARN] copy_aicore_buffer: [chip_swimlane_collector.cpp:689] Core 33: skipped 1024 AICore record slot(s) with start_time=0 (race-window write or recycled-buffer tail). buf seq=0 count=1024
[mono_ns=7230099030752165][T0xf70d94a3cca0][WARN] copy_aicore_buffer: [chip_swimlane_collector.cpp:689] Core 31: skipped 1024 AICore record slot(s) with start_time=0 (race-window write or recycled-buffer tail). buf seq=0 count=1024
[mono_ns=7230099030936246][T0xf70d845a9ca0][WARN] copy_aicore_buffer: [chip_swimlane_collector.cpp:689] Core 8: skipped 1024 AICore record slot(s) with start_time=0 (race-window write or recycled-buffer tail). buf seq=0 count=1024
[mono_ns=7230099031024686][T0xf70d84db9ca0][WARN] copy_aicore_buffer: [chip_swimlane_collector.cpp:689] Core 7: skipped 1024 AICore record slot(s) with start_time=0 (race-window write or recycled-buffer tail). buf seq=0 count=1024
[mono_ns=7230099031112316][T0xf70d94a3cca0][WARN] copy_aicore_buffer: [chip_swimlane_collector.cpp:689] Core 6: skipped 1024 AICore record slot(s) with start_time=0 (race-window write or recycled-buffer tail). buf seq=0 count=1024
[mono_ns=7230099031274587][T0xf70d845a9ca0][WARN] copy_aicore_buffer: [chip_swimlane_collector.cpp:689] Core 40: skipped 1024 AICore record slot(s) with start_time=0 (race-window write or recycled-buffer tail). buf seq=0 count=1024
[mono_ns=7230099031369458][T0xf70d84db9ca0][WARN] copy_aicore_buffer: [chip_swimlane_collector.cpp:689] Core 38: skipped 1024 AICore record slot(s) with start_time=0 (race-window write or recycled-buffer tail). buf seq=0 count=1024
[mono_ns=7230099031459348][T0xf70d94a3cca0][WARN] copy_aicore_buffer: [chip_swimlane_collector.cpp:689] Core 36: skipped 1024 AICore record slot(s) with start_time=0 (race-window write or recycled-buffer tail). buf seq=0 count=1024
[mono_ns=7230099031601599][T0xf70d845a9ca0][WARN] copy_aicore_buffer: [chip_swimlane_collector.cpp:689] Core 41: skipped 1024 AICore record slot(s) with start_time=0 (race-window write or recycled-buffer tail). buf seq=0 count=1024
[mono_ns=7230099031703480][T0xf70d84db9ca0][WARN] copy_aicore_buffer: [chip_swimlane_collector.cpp:689] Core 39: skipped 1024 AICore record slot(s) with start_time=0 (race-window write or recycled-buffer tail). buf seq=0 count=1024
[mono_ns=7230099031804440][T0xf70d94a3cca0][WARN] copy_aicore_buffer: [chip_swimlane_collector.cpp:689] Core 37: skipped 1024 AICore record slot(s) with start_time=0 (race-window write or recycled-buffer tail). buf seq=0 count=1024
[mono_ns=7230099031930451][T0xf70d845a9ca0][WARN] copy_aicore_buffer: [chip_swimlane_collector.cpp:689] Core 11: skipped 1024 AICore record slot(s) with start_time=0 (race-window write or recycled-buffer tail). buf seq=0 count=1024
[mono_ns=7230099032050921][T0xf70d84db9ca0][WARN] copy_aicore_buffer: [chip_swimlane_collector.cpp:689] Core 10: skipped 1024 AICore record slot(s) with start_time=0 (race-window write or recycled-buffer tail). buf seq=0 count=1024
[mono_ns=7230099032156082][T0xf70d94a3cca0][WARN] copy_aicore_buffer: [chip_swimlane_collector.cpp:689] Core 9: skipped 1024 AICore record slot(s) with start_time=0 (race-window write or recycled-buffer tail). buf seq=0 count=1024
[mono_ns=7230099032271243][T0xf70d845a9ca0][WARN] copy_aicore_buffer: [chip_swimlane_collector.cpp:689] Core 46: skipped 1024 AICore record slot(s) with start_time=0 (race-window write or recycled-buffer tail). buf seq=0 count=1024
[mono_ns=7230099032392153][T0xf70d84db9ca0][WARN] copy_aicore_buffer: [chip_swimlane_collector.cpp:689] Core 44: skipped 1024 AICore record slot(s) with start_time=0 (race-window write or recycled-buffer tail). buf seq=0 count=1024
[mono_ns=7230099032497414][T0xf70d94a3cca0][WARN] copy_aicore_buffer: [chip_swimlane_collector.cpp:689] Core 42: skipped 1024 AICore record slot(s) with start_time=0 (race-window write or recycled-buffer tail). buf seq=0 count=1024
[mono_ns=7230099032602754][T0xf70d845a9ca0][WARN] copy_aicore_buffer: [chip_swimlane_collector.cpp:689] Core 47: skipped 1024 AICore record slot(s) with start_time=0 (race-window write or recycled-buffer tail). buf seq=0 count=1024
[mono_ns=7230099032728095][T0xf70d84db9ca0][WARN] copy_aicore_buffer: [chip_swimlane_collector.cpp:689] Core 45: skipped 1024 AICore record slot(s) with start_time=0 (race-window write or recycled-buffer tail). buf seq=0 count=1024
[mono_ns=7230099032846766][T0xf70d94a3cca0][WARN] copy_aicore_buffer: [chip_swimlane_collector.cpp:689] Core 43: skipped 1024 AICore record slot(s) with start_time=0 (race-window write or recycled-buffer tail). buf seq=0 count=1024
[mono_ns=7230099032932766][T0xf70d845a9ca0][WARN] copy_aicore_buffer: [chip_swimlane_collector.cpp:689] Core 14: skipped 1024 AICore record slot(s) with start_time=0 (race-window write or recycled-buffer tail). buf seq=0 count=1024
[mono_ns=7230099033077097][T0xf70d84db9ca0][WARN] copy_aicore_buffer: [chip_swimlane_collector.cpp:689] Core 13: skipped 1024 AICore record slot(s) with start_time=0 (race-window write or recycled-buffer tail). buf seq=0 count=1024
[mono_ns=7230099033196658][T0xf70d94a3cca0][WARN] copy_aicore_buffer: [chip_swimlane_collector.cpp:689] Core 12: skipped 1024 AICore record slot(s) with start_time=0 (race-window write or recycled-buffer tail). buf seq=0 count=1024
[mono_ns=7230099033273958][T0xf70d845a9ca0][WARN] copy_aicore_buffer: [chip_swimlane_collector.cpp:689] Core 52: skipped 1024 AICore record slot(s) with start_time=0 (race-window write or recycled-buffer tail). buf seq=0 count=1024
[mono_ns=7230099033416999][T0xf70d84db9ca0][WARN] copy_aicore_buffer: [chip_swimlane_collector.cpp:689] Core 50: skipped 1024 AICore record slot(s) with start_time=0 (race-window write or recycled-buffer tail). buf seq=0 count=1024
[mono_ns=7230099033544459][T0xf70d94a3cca0][WARN] copy_aicore_buffer: [chip_swimlane_collector.cpp:689] Core 48: skipped 1024 AICore record slot(s) with start_time=0 (race-window write or recycled-buffer tail). buf seq=0 count=1024
[mono_ns=7230099033603970][T0xf70d845a9ca0][WARN] copy_aicore_buffer: [chip_swimlane_collector.cpp:689] Core 53: skipped 1024 AICore record slot(s) with start_time=0 (race-window write or recycled-buffer tail). buf seq=0 count=1024
[mono_ns=7230099033756581][T0xf70d84db9ca0][WARN] copy_aicore_buffer: [chip_swimlane_collector.cpp:689] Core 51: skipped 1024 AICore record slot(s) with start_time=0 (race-window write or recycled-buffer tail). buf seq=0 count=1024
[mono_ns=7230099033888311][T0xf70d94a3cca0][WARN] copy_aicore_buffer: [chip_swimlane_collector.cpp:689] Core 49: skipped 1024 AICore record slot(s) with start_time=0 (race-window write or recycled-buffer tail). buf seq=0 count=1024
[mono_ns=7230099033934682][T0xf70d845a9ca0][WARN] copy_aicore_buffer: [chip_swimlane_collector.cpp:689] Core 17: skipped 1024 AICore record slot(s) with start_time=0 (race-window write or recycled-buffer tail). buf seq=0 count=1024
[mono_ns=7230099034105012][T0xf70d84db9ca0][WARN] copy_aicore_buffer: [chip_swimlane_collector.cpp:689] Core 16: skipped 1024 AICore record slot(s) with start_time=0 (race-window write or recycled-buffer tail). buf seq=0 count=1024
[mono_ns=7230099034241953][T0xf70d94a3cca0][WARN] copy_aicore_buffer: [chip_swimlane_collector.cpp:689] Core 15: skipped 1024 AICore record slot(s) with start_time=0 (race-window write or recycled-buffer tail). buf seq=0 count=1024
[mono_ns=7230099034274283][T0xf70d845a9ca0][WARN] copy_aicore_buffer: [chip_swimlane_collector.cpp:689] Core 58: skipped 1024 AICore record slot(s) with start_time=0 (race-window write or recycled-buffer tail). buf seq=0 count=1024
[mono_ns=7230099034446864][T0xf70d84db9ca0][WARN] copy_aicore_buffer: [chip_swimlane_collector.cpp:689] Core 56: skipped 1024 AICore record slot(s) with start_time=0 (race-window write or recycled-buffer tail). buf seq=0 count=1024
[mono_ns=7230099034607595][T0xf70d845a9ca0][WARN] copy_aicore_buffer: [chip_swimlane_collector.cpp:689] Core 59: skipped 1024 AICore record slot(s) with start_time=0 (race-window write or recycled-buffer tail). buf seq=0 count=1024
[mono_ns=7230099034625195][T0xf70d94a3cca0][WARN] copy_aicore_buffer: [chip_swimlane_collector.cpp:689] Core 54: skipped 1024 AICore record slot(s) with start_time=0 (race-window write or recycled-buffer tail). buf seq=0 count=1024
[mono_ns=7230099034789256][T0xf70d84db9ca0][WARN] copy_aicore_buffer: [chip_swimlane_collector.cpp:689] Core 57: skipped 1024 AICore record slot(s) with start_time=0 (race-window write or recycled-buffer tail). buf seq=0 count=1024
[mono_ns=7230099034949577][T0xf70d845a9ca0][WARN] copy_aicore_buffer: [chip_swimlane_collector.cpp:689] Core 20: skipped 1024 AICore record slot(s) with start_time=0 (race-window write or recycled-buffer tail). buf seq=0 count=1024
[mono_ns=7230099034980817][T0xf70d94a3cca0][WARN] copy_aicore_buffer: [chip_swimlane_collector.cpp:689] Core 55: skipped 1024 AICore record slot(s) with start_time=0 (race-window write or recycled-buffer tail). buf seq=0 count=1024
[mono_ns=7230099035137638][T0xf70d84db9ca0][WARN] copy_aicore_buffer: [chip_swimlane_collector.cpp:689] Core 19: skipped 1024 AICore record slot(s) with start_time=0 (race-window write or recycled-buffer tail). buf seq=0 count=1024
[mono_ns=7230099035288759][T0xf70d845a9ca0][WARN] copy_aicore_buffer: [chip_swimlane_collector.cpp:689] Core 64: skipped 1024 AICore record slot(s) with start_time=0 (race-window write or recycled-buffer tail). buf seq=0 count=1024
[mono_ns=7230099035342139][T0xf70d94a3cca0][WARN] copy_aicore_buffer: [chip_swimlane_collector.cpp:689] Core 18: skipped 1024 AICore record slot(s) with start_time=0 (race-window write or recycled-buffer tail). buf seq=0 count=1024
[mono_ns=7230099035475560][T0xf70d84db9ca0][WARN] copy_aicore_buffer: [chip_swimlane_collector.cpp:689] Core 62: skipped 1024 AICore record slot(s) with start_time=0 (race-window write or recycled-buffer tail). buf seq=0 count=1024
[mono_ns=7230099035619571][T0xf70d845a9ca0][WARN] copy_aicore_buffer: [chip_swimlane_collector.cpp:689] Core 65: skipped 1024 AICore record slot(s) with start_time=0 (race-window write or recycled-buffer tail). buf seq=0 count=1024
[mono_ns=7230099035690551][T0xf70d94a3cca0][WARN] copy_aicore_buffer: [chip_swimlane_collector.cpp:689] Core 60: skipped 1024 AICore record slot(s) with start_time=0 (race-window write or recycled-buffer tail). buf seq=0 count=1024
[mono_ns=7230099035811502][T0xf70d84db9ca0][WARN] copy_aicore_buffer: [chip_swimlane_collector.cpp:689] Core 63: skipped 1024 AICore record slot(s) with start_time=0 (race-window write or recycled-buffer tail). buf seq=0 count=1024
[mono_ns=7230099035948992][T0xf70d845a9ca0][WARN] copy_aicore_buffer: [chip_swimlane_collector.cpp:689] Core 23: skipped 1024 AICore record slot(s) with start_time=0 (race-window write or recycled-buffer tail). buf seq=0 count=1024
[mono_ns=7230099036048763][T0xf70d94a3cca0][WARN] copy_aicore_buffer: [chip_swimlane_collector.cpp:689] Core 61: skipped 1024 AICore record slot(s) with start_time=0 (race-window write or recycled-buffer tail). buf seq=0 count=1024
[mono_ns=7230099036157193][T0xf70d84db9ca0][WARN] copy_aicore_buffer: [chip_swimlane_collector.cpp:689] Core 22: skipped 1024 AICore record slot(s) with start_time=0 (race-window write or recycled-buffer tail). buf seq=0 count=1024
[mono_ns=7230099036286504][T0xf70d845a9ca0][WARN] copy_aicore_buffer: [chip_swimlane_collector.cpp:689] Core 70: skipped 1024 AICore record slot(s) with start_time=0 (race-window write or recycled-buffer tail). buf seq=0 count=1024
[mono_ns=7230099036397265][T0xf70d94a3cca0][WARN] copy_aicore_buffer: [chip_swimlane_collector.cpp:689] Core 21: skipped 1024 AICore record slot(s) with start_time=0 (race-window write or recycled-buffer tail). buf seq=0 count=1024
[mono_ns=7230099036490965][T0xf70d84db9ca0][WARN] copy_aicore_buffer: [chip_swimlane_collector.cpp:689] Core 68: skipped 1024 AICore record slot(s) with start_time=0 (race-window write or recycled-buffer tail). buf seq=0 count=1024
[mono_ns=7230099036613496][T0xf70d845a9ca0][WARN] copy_aicore_buffer: [chip_swimlane_collector.cpp:689] Core 71: skipped 1024 AICore record slot(s) with start_time=0 (race-window write or recycled-buffer tail). buf seq=0 count=1024
[mono_ns=7230099036741996][T0xf70d94a3cca0][WARN] copy_aicore_buffer: [chip_swimlane_collector.cpp:689] Core 66: skipped 1024 AICore record slot(s) with start_time=0 (race-window write or recycled-buffer tail). buf seq=0 count=1024
[mono_ns=7230099036826987][T0xf70d84db9ca0][WARN] copy_aicore_buffer: [chip_swimlane_collector.cpp:689] Core 69: skipped 1024 AICore record slot(s) with start_time=0 (race-window write or recycled-buffer tail). buf seq=0 count=1024
[mono_ns=7230099037091918][T0xf70d94a3cca0][WARN] copy_aicore_buffer: [chip_swimlane_collector.cpp:689] Core 67: skipped 1024 AICore record slot(s) with start_time=0 (race-window write or recycled-buffer tail). buf seq=0 count=1024
[mono_ns=7230099138075227][T0xf70edd0db020][TIMING] emit_host_span: [STRACE] v=1 pid=140029 tid=140029 inv=2 hid=18569ca3d99bdfe2 depth=1 name=chip.run.runner_run ts=7230099026813094 dur=111246623 
[mono_ns=7230099138187587][T0xf70edd0db020][TIMING] emit_host_span: [STRACE] v=1 pid=140029 tid=140029 inv=2 hid=18569ca3d99bdfe2 depth=1 name=chip.run.validate ts=7230099138095637 dur=86920 
[mono_ns=7230099138200587][T0xf70edd0db020][TIMING] emit_host_span: [STRACE] v=1 pid=140029 tid=140029 inv=2 hid=18569ca3d99bdfe2 depth=2 name=chip.run.runner_run.device_wall ts=0 dur=243360 clk=dev
[mono_ns=7230099138206137][T0xf70edd0db020][TIMING] emit_host_span: [STRACE] v=1 pid=140029 tid=140029 inv=2 hid=18569ca3d99bdfe2 depth=3 name=chip.run.runner_run.device_wall.preamble ts=0 dur=146780 clk=dev
[mono_ns=7230099138211877][T0xf70edd0db020][TIMING] emit_host_span: [STRACE] v=1 pid=140029 tid=140029 inv=2 hid=18569ca3d99bdfe2 depth=3 name=chip.run.runner_run.device_wall.graph_build ts=141860 dur=92140 clk=dev
[mono_ns=7230099138217428][T0xf70edd0db020][TIMING] emit_host_span: [STRACE] v=1 pid=140029 tid=140029 inv=2 hid=18569ca3d99bdfe2 depth=3 name=chip.run.runner_run.device_wall.config_validate ts=142020 dur=1060 clk=dev
[mono_ns=7230099138222688][T0xf70edd0db020][TIMING] emit_host_span: [STRACE] v=1 pid=140029 tid=140029 inv=2 hid=18569ca3d99bdfe2 depth=3 name=chip.run.runner_run.device_wall.arena_wire ts=143120 dur=1420 clk=dev
[mono_ns=7230099138228688][T0xf70edd0db020][TIMING] emit_host_span: [STRACE] v=1 pid=140029 tid=140029 inv=2 hid=18569ca3d99bdfe2 depth=3 name=chip.run.runner_run.device_wall.sm_reset ts=144560 dur=1900 clk=dev
[mono_ns=7230099138233188][T0xf70edd0db020][TIMING] emit_host_span: [STRACE] v=1 pid=140029 tid=140029 inv=2 hid=18569ca3d99bdfe2 depth=3 name=chip.run.runner_run.device_wall.post_orch ts=234140 dur=9020 clk=dev
[mono_ns=7230099138237658][T0xf70edd0db020][TIMING] emit_host_span: [STRACE] v=1 pid=140029 tid=140029 inv=2 hid=18569ca3d99bdfe2 depth=3 name=chip.run.runner_run.device_wall.orch ts=146540 dur=6460 clk=dev
[mono_ns=7230099138245118][T0xf70edd0db020][TIMING] emit_host_span: [STRACE] v=1 pid=140029 tid=140029 inv=2 hid=18569ca3d99bdfe2 depth=3 name=chip.run.runner_run.device_wall.sched ts=147200 dur=60180 clk=dev
[mono_ns=7230099138257538][T0xf70edd0db020][TIMING] emit_host_span: [STRACE] v=1 pid=140029 tid=140029 inv=2 hid=18569ca3d99bdfe2 depth=1 name=chip.run.claim_release ts=7230099138254588 dur=1150 
[mono_ns=7230099138264618][T0xf70edd0db020][TIMING] emit_host_span: [STRACE] v=1 pid=140029 tid=140029 inv=2 hid=18569ca3d99bdfe2 depth=0 name=chip.run ts=7230098969860110 dur=168402468 run_id=2 dispatch_id=2 slot_id=0 generation=2 run_epoch=2
[mono_ns=7230101579778385][T0xf70edd0db020][TIMING] emit_host_span: [STRACE] v=1 pid=140029 tid=140029 inv=3 hid=18569ca3d99bdfe2 depth=2 name=chip.run.bind.args ts=7230101579508374 dur=243681 
[mono_ns=7230101579888766][T0xf70edd0db020][TIMING] emit_host_span: [STRACE] v=1 pid=140029 tid=140029 inv=3 hid=18569ca3d99bdfe2 depth=2 name=chip.run.bind.prebuilt ts=7230101579862336 dur=22990 
[mono_ns=7230101579893646][T0xf70edd0db020][TIMING] emit_host_span: [STRACE] v=1 pid=140029 tid=140029 inv=3 hid=18569ca3d99bdfe2 depth=1 name=chip.run.bind ts=7230101579428784 dur=462692 
[mono_ns=7230101764342630][T0xf70edd0db020][TIMING] emit_host_span: [STRACE] v=1 pid=140029 tid=140029 inv=3 hid=18569ca3d99bdfe2 depth=1 name=chip.run.runner_run ts=7230101581341964 dur=182990416 
[mono_ns=7230101764446920][T0xf70edd0db020][TIMING] emit_host_span: [STRACE] v=1 pid=140029 tid=140029 inv=3 hid=18569ca3d99bdfe2 depth=1 name=chip.run.validate ts=7230101764362870 dur=79970 
[mono_ns=7230101764460270][T0xf70edd0db020][TIMING] emit_host_span: [STRACE] v=1 pid=140029 tid=140029 inv=3 hid=18569ca3d99bdfe2 depth=2 name=chip.run.runner_run.device_wall ts=0 dur=99539 clk=dev
[mono_ns=7230101764465360][T0xf70edd0db020][TIMING] emit_host_span: [STRACE] v=1 pid=140029 tid=140029 inv=3 hid=18569ca3d99bdfe2 depth=3 name=chip.run.runner_run.device_wall.preamble ts=0 dur=6460 clk=dev
[mono_ns=7230101764469700][T0xf70edd0db020][TIMING] emit_host_span: [STRACE] v=1 pid=140029 tid=140029 inv=3 hid=18569ca3d99bdfe2 depth=3 name=chip.run.runner_run.device_wall.graph_build ts=1440 dur=86899 clk=dev
[mono_ns=7230101764473240][T0xf70edd0db020][TIMING] emit_host_span: [STRACE] v=1 pid=140029 tid=140029 inv=3 hid=18569ca3d99bdfe2 depth=3 name=chip.run.runner_run.device_wall.config_validate ts=2060 dur=1160 clk=dev
[mono_ns=7230101764477800][T0xf70edd0db020][TIMING] emit_host_span: [STRACE] v=1 pid=140029 tid=140029 inv=3 hid=18569ca3d99bdfe2 depth=3 name=chip.run.runner_run.device_wall.arena_wire ts=3420 dur=1060 clk=dev
[mono_ns=7230101764483470][T0xf70edd0db020][TIMING] emit_host_span: [STRACE] v=1 pid=140029 tid=140029 inv=3 hid=18569ca3d99bdfe2 depth=3 name=chip.run.runner_run.device_wall.sm_reset ts=4520 dur=1440 clk=dev
[mono_ns=7230101764506740][T0xf70edd0db020][TIMING] emit_host_span: [STRACE] v=1 pid=140029 tid=140029 inv=3 hid=18569ca3d99bdfe2 depth=3 name=chip.run.runner_run.device_wall.post_orch ts=88380 dur=10780 clk=dev
[mono_ns=7230101764510661][T0xf70edd0db020][TIMING] emit_host_span: [STRACE] v=1 pid=140029 tid=140029 inv=3 hid=18569ca3d99bdfe2 depth=3 name=chip.run.runner_run.device_wall.orch ts=7100 dur=10660 clk=dev
[mono_ns=7230101764514441][T0xf70edd0db020][TIMING] emit_host_span: [STRACE] v=1 pid=140029 tid=140029 inv=3 hid=18569ca3d99bdfe2 depth=3 name=chip.run.runner_run.device_wall.sched ts=7180 dur=71200 clk=dev
[mono_ns=7230101764521811][T0xf70edd0db020][TIMING] emit_host_span: [STRACE] v=1 pid=140029 tid=140029 inv=3 hid=18569ca3d99bdfe2 depth=1 name=chip.run.claim_release ts=7230101764519291 dur=700 
[mono_ns=7230101764527871][T0xf70edd0db020][TIMING] emit_host_span: [STRACE] v=1 pid=140029 tid=140029 inv=3 hid=18569ca3d99bdfe2 depth=0 name=chip.run ts=7230101578708330 dur=185817391 run_id=3 dispatch_id=3 slot_id=0 generation=3 run_epoch=3
[mono_ns=7230101767769418][T0xf70edd0db020][TIMING] emit_host_span: [STRACE] v=1 pid=140029 tid=140029 inv=4 hid=18569ca3d99bdfe2 depth=2 name=chip.run.bind.args ts=7230101767665887 dur=98271 
[mono_ns=7230101767788948][T0xf70edd0db020][TIMING] emit_host_span: [STRACE] v=1 pid=140029 tid=140029 inv=4 hid=18569ca3d99bdfe2 depth=2 name=chip.run.bind.prebuilt ts=7230101767782228 dur=4270 
[mono_ns=7230101767793928][T0xf70edd0db020][TIMING] emit_host_span: [STRACE] v=1 pid=140029 tid=140029 inv=4 hid=18569ca3d99bdfe2 depth=1 name=chip.run.bind ts=7230101767653937 dur=137551 
[mono_ns=7230101771080936][T0xf70d94a3cca0][WARN] copy_aicore_buffer: [chip_swimlane_collector.cpp:689] Core 0: skipped 1024 AICore record slot(s) with start_time=0 (race-window write or recycled-buffer tail). buf seq=0 count=1024
[mono_ns=7230101771123996][T0xf70d845a9ca0][WARN] copy_aicore_buffer: [chip_swimlane_collector.cpp:689] Core 2: skipped 1024 AICore record slot(s) with start_time=0 (race-window write or recycled-buffer tail). buf seq=0 count=1024
[mono_ns=7230101771161226][T0xf70d84db9ca0][WARN] copy_aicore_buffer: [chip_swimlane_collector.cpp:689] Core 1: skipped 1024 AICore record slot(s) with start_time=0 (race-window write or recycled-buffer tail). buf seq=0 count=1024
[mono_ns=7230101771440067][T0xf70d94a3cca0][WARN] copy_aicore_buffer: [chip_swimlane_collector.cpp:689] Core 24: skipped 1023 AICore record slot(s) with start_time=0 (race-window write or recycled-buffer tail). buf seq=0 count=1024
[mono_ns=7230101771486868][T0xf70d84db9ca0][WARN] copy_aicore_buffer: [chip_swimlane_collector.cpp:689] Core 26: skipped 1023 AICore record slot(s) with start_time=0 (race-window write or recycled-buffer tail). buf seq=0 count=1024
[mono_ns=7230101771512918][T0xf70d845a9ca0][WARN] copy_aicore_buffer: [chip_swimlane_collector.cpp:689] Core 28: skipped 1023 AICore record slot(s) with start_time=0 (race-window write or recycled-buffer tail). buf seq=0 count=1024
[mono_ns=7230101771771099][T0xf70d94a3cca0][WARN] copy_aicore_buffer: [chip_swimlane_collector.cpp:689] Core 25: skipped 1024 AICore record slot(s) with start_time=0 (race-window write or recycled-buffer tail). buf seq=0 count=1024
[mono_ns=7230101771804339][T0xf70d84db9ca0][WARN] copy_aicore_buffer: [chip_swimlane_collector.cpp:689] Core 27: skipped 1024 AICore record slot(s) with start_time=0 (race-window write or recycled-buffer tail). buf seq=0 count=1024
[mono_ns=7230101771829620][T0xf70d845a9ca0][WARN] copy_aicore_buffer: [chip_swimlane_collector.cpp:689] Core 29: skipped 1024 AICore record slot(s) with start_time=0 (race-window write or recycled-buffer tail). buf seq=0 count=1024
[mono_ns=7230101772110711][T0xf70d94a3cca0][WARN] copy_aicore_buffer: [chip_swimlane_collector.cpp:689] Core 3: skipped 1024 AICore record slot(s) with start_time=0 (race-window write or recycled-buffer tail). buf seq=0 count=1024
[mono_ns=7230101772130511][T0xf70d84db9ca0][WARN] copy_aicore_buffer: [chip_swimlane_collector.cpp:689] Core 4: skipped 1024 AICore record slot(s) with start_time=0 (race-window write or recycled-buffer tail). buf seq=0 count=1024
[mono_ns=7230101772147481][T0xf70d845a9ca0][WARN] copy_aicore_buffer: [chip_swimlane_collector.cpp:689] Core 5: skipped 1024 AICore record slot(s) with start_time=0 (race-window write or recycled-buffer tail). buf seq=0 count=1024
[mono_ns=7230101772439693][T0xf70d94a3cca0][WARN] copy_aicore_buffer: [chip_swimlane_collector.cpp:689] Core 30: skipped 1024 AICore record slot(s) with start_time=0 (race-window write or recycled-buffer tail). buf seq=0 count=1024
[mono_ns=7230101772444163][T0xf70d84db9ca0][WARN] copy_aicore_buffer: [chip_swimlane_collector.cpp:689] Core 32: skipped 1024 AICore record slot(s) with start_time=0 (race-window write or recycled-buffer tail). buf seq=0 count=1024
[mono_ns=7230101772464733][T0xf70d845a9ca0][WARN] copy_aicore_buffer: [chip_swimlane_collector.cpp:689] Core 34: skipped 1024 AICore record slot(s) with start_time=0 (race-window write or recycled-buffer tail). buf seq=0 count=1024
[mono_ns=7230101772757944][T0xf70d84db9ca0][WARN] copy_aicore_buffer: [chip_swimlane_collector.cpp:689] Core 33: skipped 1024 AICore record slot(s) with start_time=0 (race-window write or recycled-buffer tail). buf seq=0 count=1024
[mono_ns=7230101772768855][T0xf70d94a3cca0][WARN] copy_aicore_buffer: [chip_swimlane_collector.cpp:689] Core 31: skipped 1024 AICore record slot(s) with start_time=0 (race-window write or recycled-buffer tail). buf seq=0 count=1024
[mono_ns=7230101772779695][T0xf70d845a9ca0][WARN] copy_aicore_buffer: [chip_swimlane_collector.cpp:689] Core 35: skipped 1024 AICore record slot(s) with start_time=0 (race-window write or recycled-buffer tail). buf seq=0 count=1024
[mono_ns=7230101773098096][T0xf70d84db9ca0][WARN] copy_aicore_buffer: [chip_swimlane_collector.cpp:689] Core 7: skipped 1024 AICore record slot(s) with start_time=0 (race-window write or recycled-buffer tail). buf seq=0 count=1024
[mono_ns=7230101773101946][T0xf70d845a9ca0][WARN] copy_aicore_buffer: [chip_swimlane_collector.cpp:689] Core 8: skipped 1024 AICore record slot(s) with start_time=0 (race-window write or recycled-buffer tail). buf seq=0 count=1024
[mono_ns=7230101773106946][T0xf70d94a3cca0][WARN] copy_aicore_buffer: [chip_swimlane_collector.cpp:689] Core 6: skipped 1024 AICore record slot(s) with start_time=0 (race-window write or recycled-buffer tail). buf seq=0 count=1024
[mono_ns=7230101773413348][T0xf70d84db9ca0][WARN] copy_aicore_buffer: [chip_swimlane_collector.cpp:689] Core 38: skipped 1024 AICore record slot(s) with start_time=0 (race-window write or recycled-buffer tail). buf seq=0 count=1024
[mono_ns=7230101773413438][T0xf70d845a9ca0][WARN] copy_aicore_buffer: [chip_swimlane_collector.cpp:689] Core 40: skipped 1024 AICore record slot(s) with start_time=0 (race-window write or recycled-buffer tail). buf seq=0 count=1024
[mono_ns=7230101773433328][T0xf70d94a3cca0][WARN] copy_aicore_buffer: [chip_swimlane_collector.cpp:689] Core 36: skipped 1024 AICore record slot(s) with start_time=0 (race-window write or recycled-buffer tail). buf seq=0 count=1024
[mono_ns=7230101773729360][T0xf70d84db9ca0][WARN] copy_aicore_buffer: [chip_swimlane_collector.cpp:689] Core 39: skipped 1024 AICore record slot(s) with start_time=0 (race-window write or recycled-buffer tail). buf seq=0 count=1024
[mono_ns=7230101773769820][T0xf70d845a9ca0][WARN] copy_aicore_buffer: [chip_swimlane_collector.cpp:689] Core 41: skipped 1024 AICore record slot(s) with start_time=0 (race-window write or recycled-buffer tail). buf seq=0 count=1024
[mono_ns=7230101773783640][T0xf70d94a3cca0][WARN] copy_aicore_buffer: [chip_swimlane_collector.cpp:689] Core 37: skipped 1024 AICore record slot(s) with start_time=0 (race-window write or recycled-buffer tail). buf seq=0 count=1024
[mono_ns=7230101774083242][T0xf70d84db9ca0][WARN] copy_aicore_buffer: [chip_swimlane_collector.cpp:689] Core 10: skipped 1024 AICore record slot(s) with start_time=0 (race-window write or recycled-buffer tail). buf seq=0 count=1024
[mono_ns=7230101774094182][T0xf70d845a9ca0][WARN] copy_aicore_buffer: [chip_swimlane_collector.cpp:689] Core 11: skipped 1024 AICore record slot(s) with start_time=0 (race-window write or recycled-buffer tail). buf seq=0 count=1024
[mono_ns=7230101774122402][T0xf70d94a3cca0][WARN] copy_aicore_buffer: [chip_swimlane_collector.cpp:689] Core 9: skipped 1024 AICore record slot(s) with start_time=0 (race-window write or recycled-buffer tail). buf seq=0 count=1024
[mono_ns=7230101774398243][T0xf70d84db9ca0][WARN] copy_aicore_buffer: [chip_swimlane_collector.cpp:689] Core 44: skipped 1024 AICore record slot(s) with start_time=0 (race-window write or recycled-buffer tail). buf seq=0 count=1024
[mono_ns=7230101774403393][T0xf70d845a9ca0][WARN] copy_aicore_buffer: [chip_swimlane_collector.cpp:689] Core 46: skipped 1024 AICore record slot(s) with start_time=0 (race-window write or recycled-buffer tail). buf seq=0 count=1024
[mono_ns=7230101774450974][T0xf70d94a3cca0][WARN] copy_aicore_buffer: [chip_swimlane_collector.cpp:689] Core 42: skipped 1024 AICore record slot(s) with start_time=0 (race-window write or recycled-buffer tail). buf seq=0 count=1024
[mono_ns=7230101774725505][T0xf70d845a9ca0][WARN] copy_aicore_buffer: [chip_swimlane_collector.cpp:689] Core 47: skipped 1024 AICore record slot(s) with start_time=0 (race-window write or recycled-buffer tail). buf seq=0 count=1024
[mono_ns=7230101774741255][T0xf70d84db9ca0][WARN] copy_aicore_buffer: [chip_swimlane_collector.cpp:689] Core 45: skipped 1024 AICore record slot(s) with start_time=0 (race-window write or recycled-buffer tail). buf seq=0 count=1024
[mono_ns=7230101774779755][T0xf70d94a3cca0][WARN] copy_aicore_buffer: [chip_swimlane_collector.cpp:689] Core 43: skipped 1024 AICore record slot(s) with start_time=0 (race-window write or recycled-buffer tail). buf seq=0 count=1024
[mono_ns=7230101775049537][T0xf70d845a9ca0][WARN] copy_aicore_buffer: [chip_swimlane_collector.cpp:689] Core 14: skipped 1024 AICore record slot(s) with start_time=0 (race-window write or recycled-buffer tail). buf seq=0 count=1024
[mono_ns=7230101775062817][T0xf70d84db9ca0][WARN] copy_aicore_buffer: [chip_swimlane_collector.cpp:689] Core 13: skipped 1024 AICore record slot(s) with start_time=0 (race-window write or recycled-buffer tail). buf seq=0 count=1024
[mono_ns=7230101775118177][T0xf70d94a3cca0][WARN] copy_aicore_buffer: [chip_swimlane_collector.cpp:689] Core 12: skipped 1024 AICore record slot(s) with start_time=0 (race-window write or recycled-buffer tail). buf seq=0 count=1024
[mono_ns=7230101775364848][T0xf70d845a9ca0][WARN] copy_aicore_buffer: [chip_swimlane_collector.cpp:689] Core 52: skipped 1024 AICore record slot(s) with start_time=0 (race-window write or recycled-buffer tail). buf seq=0 count=1024
[mono_ns=7230101775374468][T0xf70d84db9ca0][WARN] copy_aicore_buffer: [chip_swimlane_collector.cpp:689] Core 50: skipped 1024 AICore record slot(s) with start_time=0 (race-window write or recycled-buffer tail). buf seq=0 count=1024
[mono_ns=7230101775458399][T0xf70d94a3cca0][WARN] copy_aicore_buffer: [chip_swimlane_collector.cpp:689] Core 48: skipped 1024 AICore record slot(s) with start_time=0 (race-window write or recycled-buffer tail). buf seq=0 count=1024
[mono_ns=7230101775680740][T0xf70d845a9ca0][WARN] copy_aicore_buffer: [chip_swimlane_collector.cpp:689] Core 53: skipped 1024 AICore record slot(s) with start_time=0 (race-window write or recycled-buffer tail). buf seq=0 count=1024
[mono_ns=7230101775685890][T0xf70d84db9ca0][WARN] copy_aicore_buffer: [chip_swimlane_collector.cpp:689] Core 51: skipped 1024 AICore record slot(s) with start_time=0 (race-window write or recycled-buffer tail). buf seq=0 count=1024
[mono_ns=7230101775786621][T0xf70d94a3cca0][WARN] copy_aicore_buffer: [chip_swimlane_collector.cpp:689] Core 49: skipped 1024 AICore record slot(s) with start_time=0 (race-window write or recycled-buffer tail). buf seq=0 count=1024
[mono_ns=7230101775996362][T0xf70d845a9ca0][WARN] copy_aicore_buffer: [chip_swimlane_collector.cpp:689] Core 17: skipped 1024 AICore record slot(s) with start_time=0 (race-window write or recycled-buffer tail). buf seq=0 count=1024
[mono_ns=7230101775997652][T0xf70d84db9ca0][WARN] copy_aicore_buffer: [chip_swimlane_collector.cpp:689] Core 16: skipped 1024 AICore record slot(s) with start_time=0 (race-window write or recycled-buffer tail). buf seq=0 count=1024
[mono_ns=7230101776123882][T0xf70d94a3cca0][WARN] copy_aicore_buffer: [chip_swimlane_collector.cpp:689] Core 15: skipped 1024 AICore record slot(s) with start_time=0 (race-window write or recycled-buffer tail). buf seq=0 count=1024
[mono_ns=7230101776319413][T0xf70d845a9ca0][WARN] copy_aicore_buffer: [chip_swimlane_collector.cpp:689] Core 58: skipped 1024 AICore record slot(s) with start_time=0 (race-window write or recycled-buffer tail). buf seq=0 count=1024
[mono_ns=7230101776363294][T0xf70d84db9ca0][WARN] copy_aicore_buffer: [chip_swimlane_collector.cpp:689] Core 56: skipped 1024 AICore record slot(s) with start_time=0 (race-window write or recycled-buffer tail). buf seq=0 count=1024
[mono_ns=7230101776452434][T0xf70d94a3cca0][WARN] copy_aicore_buffer: [chip_swimlane_collector.cpp:689] Core 54: skipped 1024 AICore record slot(s) with start_time=0 (race-window write or recycled-buffer tail). buf seq=0 count=1024
[mono_ns=7230101776635855][T0xf70d845a9ca0][WARN] copy_aicore_buffer: [chip_swimlane_collector.cpp:689] Core 59: skipped 1024 AICore record slot(s) with start_time=0 (race-window write or recycled-buffer tail). buf seq=0 count=1024
[mono_ns=7230101776679875][T0xf70d84db9ca0][WARN] copy_aicore_buffer: [chip_swimlane_collector.cpp:689] Core 57: skipped 1024 AICore record slot(s) with start_time=0 (race-window write or recycled-buffer tail). buf seq=0 count=1024
[mono_ns=7230101776780606][T0xf70d94a3cca0][WARN] copy_aicore_buffer: [chip_swimlane_collector.cpp:689] Core 55: skipped 1024 AICore record slot(s) with start_time=0 (race-window write or recycled-buffer tail). buf seq=0 count=1024
[mono_ns=7230101776963197][T0xf70d845a9ca0][WARN] copy_aicore_buffer: [chip_swimlane_collector.cpp:689] Core 20: skipped 1024 AICore record slot(s) with start_time=0 (race-window write or recycled-buffer tail). buf seq=0 count=1024
[mono_ns=7230101777023317][T0xf70d84db9ca0][WARN] copy_aicore_buffer: [chip_swimlane_collector.cpp:689] Core 19: skipped 1024 AICore record slot(s) with start_time=0 (race-window write or recycled-buffer tail). buf seq=0 count=1024
[mono_ns=7230101777159208][T0xf70d94a3cca0][WARN] copy_aicore_buffer: [chip_swimlane_collector.cpp:689] Core 18: skipped 1024 AICore record slot(s) with start_time=0 (race-window write or recycled-buffer tail). buf seq=0 count=1024
[mono_ns=7230101777320699][T0xf70d845a9ca0][WARN] copy_aicore_buffer: [chip_swimlane_collector.cpp:689] Core 64: skipped 1024 AICore record slot(s) with start_time=0 (race-window write or recycled-buffer tail). buf seq=0 count=1024
[mono_ns=7230101777370129][T0xf70d84db9ca0][WARN] copy_aicore_buffer: [chip_swimlane_collector.cpp:689] Core 62: skipped 1024 AICore record slot(s) with start_time=0 (race-window write or recycled-buffer tail). buf seq=0 count=1024
[mono_ns=7230101777524370][T0xf70d94a3cca0][WARN] copy_aicore_buffer: [chip_swimlane_collector.cpp:689] Core 60: skipped 1024 AICore record slot(s) with start_time=0 (race-window write or recycled-buffer tail). buf seq=0 count=1024
[mono_ns=7230101777656171][T0xf70d845a9ca0][WARN] copy_aicore_buffer: [chip_swimlane_collector.cpp:689] Core 65: skipped 1024 AICore record slot(s) with start_time=0 (race-window write or recycled-buffer tail). buf seq=0 count=1024
[mono_ns=7230101777704421][T0xf70d84db9ca0][WARN] copy_aicore_buffer: [chip_swimlane_collector.cpp:689] Core 63: skipped 1024 AICore record slot(s) with start_time=0 (race-window write or recycled-buffer tail). buf seq=0 count=1024
[mono_ns=7230101777880002][T0xf70d94a3cca0][WARN] copy_aicore_buffer: [chip_swimlane_collector.cpp:689] Core 61: skipped 1024 AICore record slot(s) with start_time=0 (race-window write or recycled-buffer tail). buf seq=0 count=1024
[mono_ns=7230101777981342][T0xf70d845a9ca0][WARN] copy_aicore_buffer: [chip_swimlane_collector.cpp:689] Core 23: skipped 1024 AICore record slot(s) with start_time=0 (race-window write or recycled-buffer tail). buf seq=0 count=1024
[mono_ns=7230101778085313][T0xf70d84db9ca0][WARN] copy_aicore_buffer: [chip_swimlane_collector.cpp:689] Core 22: skipped 1024 AICore record slot(s) with start_time=0 (race-window write or recycled-buffer tail). buf seq=0 count=1024
[mono_ns=7230101778228404][T0xf70d94a3cca0][WARN] copy_aicore_buffer: [chip_swimlane_collector.cpp:689] Core 21: skipped 1024 AICore record slot(s) with start_time=0 (race-window write or recycled-buffer tail). buf seq=0 count=1024
[mono_ns=7230101778314814][T0xf70d845a9ca0][WARN] copy_aicore_buffer: [chip_swimlane_collector.cpp:689] Core 70: skipped 1024 AICore record slot(s) with start_time=0 (race-window write or recycled-buffer tail). buf seq=0 count=1024
[mono_ns=7230101778421655][T0xf70d84db9ca0][WARN] copy_aicore_buffer: [chip_swimlane_collector.cpp:689] Core 68: skipped 1024 AICore record slot(s) with start_time=0 (race-window write or recycled-buffer tail). buf seq=0 count=1024
[mono_ns=7230101778570815][T0xf70d94a3cca0][WARN] copy_aicore_buffer: [chip_swimlane_collector.cpp:689] Core 66: skipped 1024 AICore record slot(s) with start_time=0 (race-window write or recycled-buffer tail). buf seq=0 count=1024
[mono_ns=7230101778640076][T0xf70d845a9ca0][WARN] copy_aicore_buffer: [chip_swimlane_collector.cpp:689] Core 71: skipped 1024 AICore record slot(s) with start_time=0 (race-window write or recycled-buffer tail). buf seq=0 count=1024
[mono_ns=7230101778753936][T0xf70d84db9ca0][WARN] copy_aicore_buffer: [chip_swimlane_collector.cpp:689] Core 69: skipped 1024 AICore record slot(s) with start_time=0 (race-window write or recycled-buffer tail). buf seq=0 count=1024
[mono_ns=7230101778912857][T0xf70d94a3cca0][WARN] copy_aicore_buffer: [chip_swimlane_collector.cpp:689] Core 67: skipped 1024 AICore record slot(s) with start_time=0 (race-window write or recycled-buffer tail). buf seq=0 count=1024
[mono_ns=7230101879753915][T0xf70edd0db020][TIMING] emit_host_span: [STRACE] v=1 pid=140029 tid=140029 inv=4 hid=18569ca3d99bdfe2 depth=1 name=chip.run.runner_run ts=7230101769087645 dur=110660260 
[mono_ns=7230101879832795][T0xf70edd0db020][TIMING] emit_host_span: [STRACE] v=1 pid=140029 tid=140029 inv=4 hid=18569ca3d99bdfe2 depth=1 name=chip.run.validate ts=7230101879766625 dur=63060 
[mono_ns=7230101879844545][T0xf70edd0db020][TIMING] emit_host_span: [STRACE] v=1 pid=140029 tid=140029 inv=4 hid=18569ca3d99bdfe2 depth=2 name=chip.run.runner_run.device_wall ts=0 dur=1310820 clk=dev
[mono_ns=7230101879849166][T0xf70edd0db020][TIMING] emit_host_span: [STRACE] v=1 pid=140029 tid=140029 inv=4 hid=18569ca3d99bdfe2 depth=3 name=chip.run.runner_run.device_wall.preamble ts=0 dur=111479 clk=dev
[mono_ns=7230101879853566][T0xf70edd0db020][TIMING] emit_host_span: [STRACE] v=1 pid=140029 tid=140029 inv=4 hid=18569ca3d99bdfe2 depth=3 name=chip.run.runner_run.device_wall.graph_build ts=106300 dur=1193940 clk=dev
[mono_ns=7230101879857926][T0xf70edd0db020][TIMING] emit_host_span: [STRACE] v=1 pid=140029 tid=140029 inv=4 hid=18569ca3d99bdfe2 depth=3 name=chip.run.runner_run.device_wall.config_validate ts=106720 dur=820 clk=dev
[mono_ns=7230101879893556][T0xf70edd0db020][TIMING] emit_host_span: [STRACE] v=1 pid=140029 tid=140029 inv=4 hid=18569ca3d99bdfe2 depth=3 name=chip.run.runner_run.device_wall.arena_wire ts=107760 dur=840 clk=dev
[mono_ns=7230101879897276][T0xf70edd0db020][TIMING] emit_host_span: [STRACE] v=1 pid=140029 tid=140029 inv=4 hid=18569ca3d99bdfe2 depth=3 name=chip.run.runner_run.device_wall.sm_reset ts=108620 dur=600 clk=dev
[mono_ns=7230101879900736][T0xf70edd0db020][TIMING] emit_host_span: [STRACE] v=1 pid=140029 tid=140029 inv=4 hid=18569ca3d99bdfe2 depth=3 name=chip.run.runner_run.device_wall.post_orch ts=1300300 dur=10340 clk=dev
[mono_ns=7230101879904126][T0xf70edd0db020][TIMING] emit_host_span: [STRACE] v=1 pid=140029 tid=140029 inv=4 hid=18569ca3d99bdfe2 depth=3 name=chip.run.runner_run.device_wall.orch ts=109280 dur=5160 clk=dev
[mono_ns=7230101879907656][T0xf70edd0db020][TIMING] emit_host_span: [STRACE] v=1 pid=140029 tid=140029 inv=4 hid=18569ca3d99bdfe2 depth=3 name=chip.run.runner_run.device_wall.sched ts=112260 dur=1164020 clk=dev
[mono_ns=7230101879912176][T0xf70edd0db020][TIMING] emit_host_span: [STRACE] v=1 pid=140029 tid=140029 inv=4 hid=18569ca3d99bdfe2 depth=1 name=chip.run.claim_release ts=7230101879910046 dur=310 
[mono_ns=7230101879916796][T0xf70edd0db020][TIMING] emit_host_span: [STRACE] v=1 pid=140029 tid=140029 inv=4 hid=18569ca3d99bdfe2 depth=0 name=chip.run ts=7230101767605827 dur=112308939 run_id=4 dispatch_id=4 slot_id=0 generation=4 run_epoch=4
[mono_ns=7230104288648300][T0xf70edd0db020][TIMING] emit_host_span: [STRACE] v=1 pid=140029 tid=140029 inv=5 hid=18569ca3d99bdfe2 depth=2 name=chip.run.bind.args ts=7230104288505549 dur=134291 
[mono_ns=7230104288673950][T0xf70edd0db020][TIMING] emit_host_span: [STRACE] v=1 pid=140029 tid=140029 inv=5 hid=18569ca3d99bdfe2 depth=2 name=chip.run.bind.prebuilt ts=7230104288665360 dur=6080 
[mono_ns=7230104288679140][T0xf70edd0db020][TIMING] emit_host_span: [STRACE] v=1 pid=140029 tid=140029 inv=5 hid=18569ca3d99bdfe2 depth=1 name=chip.run.bind ts=7230104288490909 dur=185991 
[mono_ns=7230104397340650][T0xf70edd0db020][TIMING] emit_host_span: [STRACE] v=1 pid=140029 tid=140029 inv=5 hid=18569ca3d99bdfe2 depth=1 name=chip.run.runner_run ts=7230104288997052 dur=108330148 
[mono_ns=7230104397446830][T0xf70edd0db020][TIMING] emit_host_span: [STRACE] v=1 pid=140029 tid=140029 inv=5 hid=18569ca3d99bdfe2 depth=1 name=chip.run.validate ts=7230104397358120 dur=83740 
[mono_ns=7230104397460610][T0xf70edd0db020][TIMING] emit_host_span: [STRACE] v=1 pid=140029 tid=140029 inv=5 hid=18569ca3d99bdfe2 depth=2 name=chip.run.runner_run.device_wall ts=0 dur=2053259 clk=dev
[mono_ns=7230104397466000][T0xf70edd0db020][TIMING] emit_host_span: [STRACE] v=1 pid=140029 tid=140029 inv=5 hid=18569ca3d99bdfe2 depth=3 name=chip.run.runner_run.device_wall.preamble ts=0 dur=5600 clk=dev
[mono_ns=7230104397470410][T0xf70edd0db020][TIMING] emit_host_span: [STRACE] v=1 pid=140029 tid=140029 inv=5 hid=18569ca3d99bdfe2 depth=3 name=chip.run.runner_run.device_wall.graph_build ts=1440 dur=2041100 clk=dev
[mono_ns=7230104397516461][T0xf70edd0db020][TIMING] emit_host_span: [STRACE] v=1 pid=140029 tid=140029 inv=5 hid=18569ca3d99bdfe2 depth=3 name=chip.run.runner_run.device_wall.config_validate ts=1900 dur=1000 clk=dev
[mono_ns=7230104397520541][T0xf70edd0db020][TIMING] emit_host_span: [STRACE] v=1 pid=140029 tid=140029 inv=5 hid=18569ca3d99bdfe2 depth=3 name=chip.run.runner_run.device_wall.arena_wire ts=3120 dur=1040 clk=dev
[mono_ns=7230104397525441][T0xf70edd0db020][TIMING] emit_host_span: [STRACE] v=1 pid=140029 tid=140029 inv=5 hid=18569ca3d99bdfe2 depth=3 name=chip.run.runner_run.device_wall.sm_reset ts=4180 dur=1440 clk=dev
[mono_ns=7230104397529321][T0xf70edd0db020][TIMING] emit_host_span: [STRACE] v=1 pid=140029 tid=140029 inv=5 hid=18569ca3d99bdfe2 depth=3 name=chip.run.runner_run.device_wall.post_orch ts=2042560 dur=10020 clk=dev
[mono_ns=7230104397532751][T0xf70edd0db020][TIMING] emit_host_span: [STRACE] v=1 pid=140029 tid=140029 inv=5 hid=18569ca3d99bdfe2 depth=3 name=chip.run.runner_run.device_wall.orch ts=6380 dur=9060 clk=dev
[mono_ns=7230104397536941][T0xf70edd0db020][TIMING] emit_host_span: [STRACE] v=1 pid=140029 tid=140029 inv=5 hid=18569ca3d99bdfe2 depth=3 name=chip.run.runner_run.device_wall.sched ts=6120 dur=2028980 clk=dev
[mono_ns=7230104397543551][T0xf70edd0db020][TIMING] emit_host_span: [STRACE] v=1 pid=140029 tid=140029 inv=5 hid=18569ca3d99bdfe2 depth=1 name=chip.run.claim_release ts=7230104397540941 dur=780 
[mono_ns=7230104397549651][T0xf70edd0db020][TIMING] emit_host_span: [STRACE] v=1 pid=140029 tid=140029 inv=5 hid=18569ca3d99bdfe2 depth=0 name=chip.run ts=7230104288399549 dur=109147982 run_id=5 dispatch_id=5 slot_id=0 generation=5 run_epoch=5
[mono_ns=7230104402659838][T0xf70edd0db020][TIMING] emit_host_span: [STRACE] v=1 pid=140029 tid=140029 inv=6 hid=18569ca3d99bdfe2 depth=2 name=chip.run.bind.args ts=7230104402561227 dur=92851 
[mono_ns=7230104402678858][T0xf70edd0db020][TIMING] emit_host_span: [STRACE] v=1 pid=140029 tid=140029 inv=6 hid=18569ca3d99bdfe2 depth=2 name=chip.run.bind.prebuilt ts=7230104402673238 dur=3230 
[mono_ns=7230104402683578][T0xf70edd0db020][TIMING] emit_host_span: [STRACE] v=1 pid=140029 tid=140029 inv=6 hid=18569ca3d99bdfe2 depth=1 name=chip.run.bind ts=7230104402548597 dur=132931 
[mono_ns=7230104405108801][T0xf70d845a9ca0][WARN] copy_aicore_buffer: [chip_swimlane_collector.cpp:689] Core 2: skipped 1024 AICore record slot(s) with start_time=0 (race-window write or recycled-buffer tail). buf seq=0 count=1024
[mono_ns=7230104405120141][T0xf70d94a3cca0][WARN] copy_aicore_buffer: [chip_swimlane_collector.cpp:689] Core 0: skipped 1024 AICore record slot(s) with start_time=0 (race-window write or recycled-buffer tail). buf seq=0 count=1024
[mono_ns=7230104405153871][T0xf70d84db9ca0][WARN] copy_aicore_buffer: [chip_swimlane_collector.cpp:689] Core 1: skipped 1024 AICore record slot(s) with start_time=0 (race-window write or recycled-buffer tail). buf seq=0 count=1024
[mono_ns=7230104405443433][T0xf70d845a9ca0][WARN] copy_aicore_buffer: [chip_swimlane_collector.cpp:689] Core 28: skipped 1021 AICore record slot(s) with start_time=0 (race-window write or recycled-buffer tail). buf seq=0 count=1024
[mono_ns=7230104405456683][T0xf70d94a3cca0][WARN] copy_aicore_buffer: [chip_swimlane_collector.cpp:689] Core 24: skipped 1024 AICore record slot(s) with start_time=0 (race-window write or recycled-buffer tail). buf seq=0 count=1024
[mono_ns=7230104405485343][T0xf70d84db9ca0][WARN] copy_aicore_buffer: [chip_swimlane_collector.cpp:689] Core 26: skipped 1024 AICore record slot(s) with start_time=0 (race-window write or recycled-buffer tail). buf seq=0 count=1024
[mono_ns=7230104405759245][T0xf70d845a9ca0][WARN] copy_aicore_buffer: [chip_swimlane_collector.cpp:689] Core 29: skipped 1024 AICore record slot(s) with start_time=0 (race-window write or recycled-buffer tail). buf seq=0 count=1024
[mono_ns=7230104405828895][T0xf70d84db9ca0][WARN] copy_aicore_buffer: [chip_swimlane_collector.cpp:689] Core 27: skipped 1024 AICore record slot(s) with start_time=0 (race-window write or recycled-buffer tail). buf seq=0 count=1024
[mono_ns=7230104405840045][T0xf70d94a3cca0][WARN] copy_aicore_buffer: [chip_swimlane_collector.cpp:689] Core 25: skipped 1024 AICore record slot(s) with start_time=0 (race-window write or recycled-buffer tail). buf seq=0 count=1024
[mono_ns=7230104406086766][T0xf70d845a9ca0][WARN] copy_aicore_buffer: [chip_swimlane_collector.cpp:689] Core 5: skipped 1024 AICore record slot(s) with start_time=0 (race-window write or recycled-buffer tail). buf seq=0 count=1024
[mono_ns=7230104406154507][T0xf70d84db9ca0][WARN] copy_aicore_buffer: [chip_swimlane_collector.cpp:689] Core 4: skipped 1024 AICore record slot(s) with start_time=0 (race-window write or recycled-buffer tail). buf seq=0 count=1024
[mono_ns=7230104406175577][T0xf70d94a3cca0][WARN] copy_aicore_buffer: [chip_swimlane_collector.cpp:689] Core 3: skipped 1024 AICore record slot(s) with start_time=0 (race-window write or recycled-buffer tail). buf seq=0 count=1024
[mono_ns=7230104406403148][T0xf70d845a9ca0][WARN] copy_aicore_buffer: [chip_swimlane_collector.cpp:689] Core 34: skipped 1024 AICore record slot(s) with start_time=0 (race-window write or recycled-buffer tail). buf seq=0 count=1024
[mono_ns=7230104406470848][T0xf70d84db9ca0][WARN] copy_aicore_buffer: [chip_swimlane_collector.cpp:689] Core 32: skipped 1024 AICore record slot(s) with start_time=0 (race-window write or recycled-buffer tail). buf seq=0 count=1024
[mono_ns=7230104406528719][T0xf70d94a3cca0][WARN] copy_aicore_buffer: [chip_swimlane_collector.cpp:689] Core 30: skipped 1024 AICore record slot(s) with start_time=0 (race-window write or recycled-buffer tail). buf seq=0 count=1024
[mono_ns=7230104406719100][T0xf70d845a9ca0][WARN] copy_aicore_buffer: [chip_swimlane_collector.cpp:689] Core 35: skipped 1024 AICore record slot(s) with start_time=0 (race-window write or recycled-buffer tail). buf seq=0 count=1024
[mono_ns=7230104406786960][T0xf70d84db9ca0][WARN] copy_aicore_buffer: [chip_swimlane_collector.cpp:689] Core 33: skipped 1024 AICore record slot(s) with start_time=0 (race-window write or recycled-buffer tail). buf seq=0 count=1024
[mono_ns=7230104406856620][T0xf70d94a3cca0][WARN] copy_aicore_buffer: [chip_swimlane_collector.cpp:689] Core 31: skipped 1024 AICore record slot(s) with start_time=0 (race-window write or recycled-buffer tail). buf seq=0 count=1024
[mono_ns=7230104407044671][T0xf70d845a9ca0][WARN] copy_aicore_buffer: [chip_swimlane_collector.cpp:689] Core 8: skipped 1024 AICore record slot(s) with start_time=0 (race-window write or recycled-buffer tail). buf seq=0 count=1024
[mono_ns=7230104407111662][T0xf70d84db9ca0][WARN] copy_aicore_buffer: [chip_swimlane_collector.cpp:689] Core 7: skipped 1024 AICore record slot(s) with start_time=0 (race-window write or recycled-buffer tail). buf seq=0 count=1024
[mono_ns=7230104407193202][T0xf70d94a3cca0][WARN] copy_aicore_buffer: [chip_swimlane_collector.cpp:689] Core 6: skipped 1024 AICore record slot(s) with start_time=0 (race-window write or recycled-buffer tail). buf seq=0 count=1024
[mono_ns=7230104407360703][T0xf70d845a9ca0][WARN] copy_aicore_buffer: [chip_swimlane_collector.cpp:689] Core 40: skipped 1024 AICore record slot(s) with start_time=0 (race-window write or recycled-buffer tail). buf seq=0 count=1024
[mono_ns=7230104407471014][T0xf70d84db9ca0][WARN] copy_aicore_buffer: [chip_swimlane_collector.cpp:689] Core 38: skipped 1024 AICore record slot(s) with start_time=0 (race-window write or recycled-buffer tail). buf seq=0 count=1024
[mono_ns=7230104407522774][T0xf70d94a3cca0][WARN] copy_aicore_buffer: [chip_swimlane_collector.cpp:689] Core 36: skipped 1024 AICore record slot(s) with start_time=0 (race-window write or recycled-buffer tail). buf seq=0 count=1024
[mono_ns=7230104407676825][T0xf70d845a9ca0][WARN] copy_aicore_buffer: [chip_swimlane_collector.cpp:689] Core 41: skipped 1024 AICore record slot(s) with start_time=0 (race-window write or recycled-buffer tail). buf seq=0 count=1024
[mono_ns=7230104407788755][T0xf70d84db9ca0][WARN] copy_aicore_buffer: [chip_swimlane_collector.cpp:689] Core 39: skipped 1024 AICore record slot(s) with start_time=0 (race-window write or recycled-buffer tail). buf seq=0 count=1024
[mono_ns=7230104407852366][T0xf70d94a3cca0][WARN] copy_aicore_buffer: [chip_swimlane_collector.cpp:689] Core 37: skipped 1024 AICore record slot(s) with start_time=0 (race-window write or recycled-buffer tail). buf seq=0 count=1024
[mono_ns=7230104407992106][T0xf70d845a9ca0][WARN] copy_aicore_buffer: [chip_swimlane_collector.cpp:689] Core 11: skipped 1024 AICore record slot(s) with start_time=0 (race-window write or recycled-buffer tail). buf seq=0 count=1024
[mono_ns=7230104408115677][T0xf70d84db9ca0][WARN] copy_aicore_buffer: [chip_swimlane_collector.cpp:689] Core 10: skipped 1024 AICore record slot(s) with start_time=0 (race-window write or recycled-buffer tail). buf seq=0 count=1024
[mono_ns=7230104408190568][T0xf70d94a3cca0][WARN] copy_aicore_buffer: [chip_swimlane_collector.cpp:689] Core 9: skipped 1024 AICore record slot(s) with start_time=0 (race-window write or recycled-buffer tail). buf seq=0 count=1024
[mono_ns=7230104408324818][T0xf70d845a9ca0][WARN] copy_aicore_buffer: [chip_swimlane_collector.cpp:689] Core 46: skipped 1024 AICore record slot(s) with start_time=0 (race-window write or recycled-buffer tail). buf seq=0 count=1024
[mono_ns=7230104408432579][T0xf70d84db9ca0][WARN] copy_aicore_buffer: [chip_swimlane_collector.cpp:689] Core 44: skipped 1024 AICore record slot(s) with start_time=0 (race-window write or recycled-buffer tail). buf seq=0 count=1024
[mono_ns=7230104408520609][T0xf70d94a3cca0][WARN] copy_aicore_buffer: [chip_swimlane_collector.cpp:689] Core 42: skipped 1024 AICore record slot(s) with start_time=0 (race-window write or recycled-buffer tail). buf seq=0 count=1024
[mono_ns=7230104408641010][T0xf70d845a9ca0][WARN] copy_aicore_buffer: [chip_swimlane_collector.cpp:689] Core 47: skipped 1024 AICore record slot(s) with start_time=0 (race-window write or recycled-buffer tail). buf seq=0 count=1024
[mono_ns=7230104408750400][T0xf70d84db9ca0][WARN] copy_aicore_buffer: [chip_swimlane_collector.cpp:689] Core 45: skipped 1024 AICore record slot(s) with start_time=0 (race-window write or recycled-buffer tail). buf seq=0 count=1024
[mono_ns=7230104408850831][T0xf70d94a3cca0][WARN] copy_aicore_buffer: [chip_swimlane_collector.cpp:689] Core 43: skipped 1024 AICore record slot(s) with start_time=0 (race-window write or recycled-buffer tail). buf seq=0 count=1024
[mono_ns=7230104408955522][T0xf70d845a9ca0][WARN] copy_aicore_buffer: [chip_swimlane_collector.cpp:689] Core 14: skipped 1024 AICore record slot(s) with start_time=0 (race-window write or recycled-buffer tail). buf seq=0 count=1024
[mono_ns=7230104409077262][T0xf70d84db9ca0][WARN] copy_aicore_buffer: [chip_swimlane_collector.cpp:689] Core 13: skipped 1024 AICore record slot(s) with start_time=0 (race-window write or recycled-buffer tail). buf seq=0 count=1024
[mono_ns=7230104409203723][T0xf70d94a3cca0][WARN] copy_aicore_buffer: [chip_swimlane_collector.cpp:689] Core 12: skipped 1024 AICore record slot(s) with start_time=0 (race-window write or recycled-buffer tail). buf seq=0 count=1024
[mono_ns=7230104409276483][T0xf70d845a9ca0][WARN] copy_aicore_buffer: [chip_swimlane_collector.cpp:689] Core 52: skipped 1024 AICore record slot(s) with start_time=0 (race-window write or recycled-buffer tail). buf seq=0 count=1024
[mono_ns=7230104409393084][T0xf70d84db9ca0][WARN] copy_aicore_buffer: [chip_swimlane_collector.cpp:689] Core 50: skipped 1024 AICore record slot(s) with start_time=0 (race-window write or recycled-buffer tail). buf seq=0 count=1024
[mono_ns=7230104409533475][T0xf70d94a3cca0][WARN] copy_aicore_buffer: [chip_swimlane_collector.cpp:689] Core 48: skipped 1024 AICore record slot(s) with start_time=0 (race-window write or recycled-buffer tail). buf seq=0 count=1024
[mono_ns=7230104409591705][T0xf70d845a9ca0][WARN] copy_aicore_buffer: [chip_swimlane_collector.cpp:689] Core 53: skipped 1024 AICore record slot(s) with start_time=0 (race-window write or recycled-buffer tail). buf seq=0 count=1024
[mono_ns=7230104409708616][T0xf70d84db9ca0][WARN] copy_aicore_buffer: [chip_swimlane_collector.cpp:689] Core 51: skipped 1024 AICore record slot(s) with start_time=0 (race-window write or recycled-buffer tail). buf seq=0 count=1024
[mono_ns=7230104409861826][T0xf70d94a3cca0][WARN] copy_aicore_buffer: [chip_swimlane_collector.cpp:689] Core 49: skipped 1024 AICore record slot(s) with start_time=0 (race-window write or recycled-buffer tail). buf seq=0 count=1024
[mono_ns=7230104409907237][T0xf70d845a9ca0][WARN] copy_aicore_buffer: [chip_swimlane_collector.cpp:689] Core 17: skipped 1024 AICore record slot(s) with start_time=0 (race-window write or recycled-buffer tail). buf seq=0 count=1024
[mono_ns=7230104410048817][T0xf70d84db9ca0][WARN] copy_aicore_buffer: [chip_swimlane_collector.cpp:689] Core 16: skipped 1024 AICore record slot(s) with start_time=0 (race-window write or recycled-buffer tail). buf seq=0 count=1024
[mono_ns=7230104410196438][T0xf70d94a3cca0][WARN] copy_aicore_buffer: [chip_swimlane_collector.cpp:689] Core 15: skipped 1024 AICore record slot(s) with start_time=0 (race-window write or recycled-buffer tail). buf seq=0 count=1024
[mono_ns=7230104410233918][T0xf70d845a9ca0][WARN] copy_aicore_buffer: [chip_swimlane_collector.cpp:689] Core 58: skipped 1024 AICore record slot(s) with start_time=0 (race-window write or recycled-buffer tail). buf seq=0 count=1024
[mono_ns=7230104410365899][T0xf70d84db9ca0][WARN] copy_aicore_buffer: [chip_swimlane_collector.cpp:689] Core 56: skipped 1024 AICore record slot(s) with start_time=0 (race-window write or recycled-buffer tail). buf seq=0 count=1024
[mono_ns=7230104410526670][T0xf70d94a3cca0][WARN] copy_aicore_buffer: [chip_swimlane_collector.cpp:689] Core 54: skipped 1024 AICore record slot(s) with start_time=0 (race-window write or recycled-buffer tail). buf seq=0 count=1024
[mono_ns=7230104410604350][T0xf70d845a9ca0][WARN] copy_aicore_buffer: [chip_swimlane_collector.cpp:689] Core 59: skipped 1024 AICore record slot(s) with start_time=0 (race-window write or recycled-buffer tail). buf seq=0 count=1024
[mono_ns=7230104410703801][T0xf70d84db9ca0][WARN] copy_aicore_buffer: [chip_swimlane_collector.cpp:689] Core 57: skipped 1024 AICore record slot(s) with start_time=0 (race-window write or recycled-buffer tail). buf seq=0 count=1024
[mono_ns=7230104410927652][T0xf70d94a3cca0][WARN] copy_aicore_buffer: [chip_swimlane_collector.cpp:689] Core 55: skipped 1024 AICore record slot(s) with start_time=0 (race-window write or recycled-buffer tail). buf seq=0 count=1024
[mono_ns=7230104410937142][T0xf70d845a9ca0][WARN] copy_aicore_buffer: [chip_swimlane_collector.cpp:689] Core 20: skipped 1024 AICore record slot(s) with start_time=0 (race-window write or recycled-buffer tail). buf seq=0 count=1024
[mono_ns=7230104411042013][T0xf70d84db9ca0][WARN] copy_aicore_buffer: [chip_swimlane_collector.cpp:689] Core 19: skipped 1024 AICore record slot(s) with start_time=0 (race-window write or recycled-buffer tail). buf seq=0 count=1024
[mono_ns=7230104411282654][T0xf70d845a9ca0][WARN] copy_aicore_buffer: [chip_swimlane_collector.cpp:689] Core 64: skipped 1024 AICore record slot(s) with start_time=0 (race-window write or recycled-buffer tail). buf seq=0 count=1024
[mono_ns=7230104411287184][T0xf70d94a3cca0][WARN] copy_aicore_buffer: [chip_swimlane_collector.cpp:689] Core 18: skipped 1024 AICore record slot(s) with start_time=0 (race-window write or recycled-buffer tail). buf seq=0 count=1024
[mono_ns=7230104411383795][T0xf70d84db9ca0][WARN] copy_aicore_buffer: [chip_swimlane_collector.cpp:689] Core 62: skipped 1024 AICore record slot(s) with start_time=0 (race-window write or recycled-buffer tail). buf seq=0 count=1024
[mono_ns=7230104411631986][T0xf70d845a9ca0][WARN] copy_aicore_buffer: [chip_swimlane_collector.cpp:689] Core 65: skipped 1024 AICore record slot(s) with start_time=0 (race-window write or recycled-buffer tail). buf seq=0 count=1024
[mono_ns=7230104411668546][T0xf70d94a3cca0][WARN] copy_aicore_buffer: [chip_swimlane_collector.cpp:689] Core 60: skipped 1024 AICore record slot(s) with start_time=0 (race-window write or recycled-buffer tail). buf seq=0 count=1024
[mono_ns=7230104411742976][T0xf70d84db9ca0][WARN] copy_aicore_buffer: [chip_swimlane_collector.cpp:689] Core 63: skipped 1024 AICore record slot(s) with start_time=0 (race-window write or recycled-buffer tail). buf seq=0 count=1024
[mono_ns=7230104411971518][T0xf70d845a9ca0][WARN] copy_aicore_buffer: [chip_swimlane_collector.cpp:689] Core 23: skipped 1024 AICore record slot(s) with start_time=0 (race-window write or recycled-buffer tail). buf seq=0 count=1024
[mono_ns=7230104412024818][T0xf70d94a3cca0][WARN] copy_aicore_buffer: [chip_swimlane_collector.cpp:689] Core 61: skipped 1024 AICore record slot(s) with start_time=0 (race-window write or recycled-buffer tail). buf seq=0 count=1024
[mono_ns=7230104412081748][T0xf70d84db9ca0][WARN] copy_aicore_buffer: [chip_swimlane_collector.cpp:689] Core 22: skipped 1024 AICore record slot(s) with start_time=0 (race-window write or recycled-buffer tail). buf seq=0 count=1024
[mono_ns=7230104412312429][T0xf70d845a9ca0][WARN] copy_aicore_buffer: [chip_swimlane_collector.cpp:689] Core 70: skipped 1024 AICore record slot(s) with start_time=0 (race-window write or recycled-buffer tail). buf seq=0 count=1024
[mono_ns=7230104412373270][T0xf70d94a3cca0][WARN] copy_aicore_buffer: [chip_swimlane_collector.cpp:689] Core 21: skipped 1024 AICore record slot(s) with start_time=0 (race-window write or recycled-buffer tail). buf seq=0 count=1024
[mono_ns=7230104412409400][T0xf70d84db9ca0][WARN] copy_aicore_buffer: [chip_swimlane_collector.cpp:689] Core 68: skipped 1024 AICore record slot(s) with start_time=0 (race-window write or recycled-buffer tail). buf seq=0 count=1024
[mono_ns=7230104412645991][T0xf70d845a9ca0][WARN] copy_aicore_buffer: [chip_swimlane_collector.cpp:689] Core 71: skipped 1024 AICore record slot(s) with start_time=0 (race-window write or recycled-buffer tail). buf seq=0 count=1024
[mono_ns=7230104412731692][T0xf70d94a3cca0][WARN] copy_aicore_buffer: [chip_swimlane_collector.cpp:689] Core 66: skipped 1024 AICore record slot(s) with start_time=0 (race-window write or recycled-buffer tail). buf seq=0 count=1024
[mono_ns=7230104412744542][T0xf70d84db9ca0][WARN] copy_aicore_buffer: [chip_swimlane_collector.cpp:689] Core 69: skipped 1024 AICore record slot(s) with start_time=0 (race-window write or recycled-buffer tail). buf seq=0 count=1024
[mono_ns=7230104413082264][T0xf70d94a3cca0][WARN] copy_aicore_buffer: [chip_swimlane_collector.cpp:689] Core 67: skipped 1024 AICore record slot(s) with start_time=0 (race-window write or recycled-buffer tail). buf seq=0 count=1024
[mono_ns=7230104513851161][T0xf70edd0db020][TIMING] emit_host_span: [STRACE] v=1 pid=140029 tid=140029 inv=6 hid=18569ca3d99bdfe2 depth=1 name=chip.run.runner_run ts=7230104403051870 dur=110793151 
[mono_ns=7230104513929331][T0xf70edd0db020][TIMING] emit_host_span: [STRACE] v=1 pid=140029 tid=140029 inv=6 hid=18569ca3d99bdfe2 depth=1 name=chip.run.validate ts=7230104513864881 dur=61420 
[mono_ns=7230104513940661][T0xf70edd0db020][TIMING] emit_host_span: [STRACE] v=1 pid=140029 tid=140029 inv=6 hid=18569ca3d99bdfe2 depth=2 name=chip.run.runner_run.device_wall ts=0 dur=1534740 clk=dev
[mono_ns=7230104513974382][T0xf70edd0db020][TIMING] emit_host_span: [STRACE] v=1 pid=140029 tid=140029 inv=6 hid=18569ca3d99bdfe2 depth=3 name=chip.run.runner_run.device_wall.preamble ts=0 dur=110740 clk=dev
[mono_ns=7230104513979452][T0xf70edd0db020][TIMING] emit_host_span: [STRACE] v=1 pid=140029 tid=140029 inv=6 hid=18569ca3d99bdfe2 depth=3 name=chip.run.runner_run.device_wall.graph_build ts=105640 dur=1419280 clk=dev
[mono_ns=7230104513983782][T0xf70edd0db020][TIMING] emit_host_span: [STRACE] v=1 pid=140029 tid=140029 inv=6 hid=18569ca3d99bdfe2 depth=3 name=chip.run.runner_run.device_wall.config_validate ts=105740 dur=720 clk=dev
[mono_ns=7230104513987902][T0xf70edd0db020][TIMING] emit_host_span: [STRACE] v=1 pid=140029 tid=140029 inv=6 hid=18569ca3d99bdfe2 depth=3 name=chip.run.runner_run.device_wall.arena_wire ts=106480 dur=679 clk=dev
[mono_ns=7230104513991912][T0xf70edd0db020][TIMING] emit_host_span: [STRACE] v=1 pid=140029 tid=140029 inv=6 hid=18569ca3d99bdfe2 depth=3 name=chip.run.runner_run.device_wall.sm_reset ts=107180 dur=580 clk=dev
[mono_ns=7230104513996082][T0xf70edd0db020][TIMING] emit_host_span: [STRACE] v=1 pid=140029 tid=140029 inv=6 hid=18569ca3d99bdfe2 depth=3 name=chip.run.runner_run.device_wall.post_orch ts=1524959 dur=9660 clk=dev
[mono_ns=7230104513999952][T0xf70edd0db020][TIMING] emit_host_span: [STRACE] v=1 pid=140029 tid=140029 inv=6 hid=18569ca3d99bdfe2 depth=3 name=chip.run.runner_run.device_wall.orch ts=107820 dur=4260 clk=dev
[mono_ns=7230104514042862][T0xf70edd0db020][TIMING] emit_host_span: [STRACE] v=1 pid=140029 tid=140029 inv=6 hid=18569ca3d99bdfe2 depth=3 name=chip.run.runner_run.device_wall.sched ts=110780 dur=1390080 clk=dev
[mono_ns=7230104514047672][T0xf70edd0db020][TIMING] emit_host_span: [STRACE] v=1 pid=140029 tid=140029 inv=6 hid=18569ca3d99bdfe2 depth=1 name=chip.run.claim_release ts=7230104514045422 dur=400 
[mono_ns=7230104514052212][T0xf70edd0db020][TIMING] emit_host_span: [STRACE] v=1 pid=140029 tid=140029 inv=6 hid=18569ca3d99bdfe2 depth=0 name=chip.run ts=7230104402502637 dur=111547535 run_id=6 dispatch_id=6 slot_id=0 generation=6 run_epoch=6
