[mono_ns=7230098849610949][T0xf70edd0db020][TIMING] emit_host_span: [STRACE] v=1 pid=140065 tid=140065 inv=1 hid=18569ca3d99bdfe2 depth=2 name=chip.run.bind.args ts=7230098849443318 dur=158921 
[mono_ns=7230098849637019][T0xf70edd0db020][TIMING] emit_host_span: [STRACE] v=1 pid=140065 tid=140065 inv=1 hid=18569ca3d99bdfe2 depth=2 name=chip.run.bind.prebuilt ts=7230098849628309 dur=5760 
[mono_ns=7230098849644079][T0xf70edd0db020][TIMING] emit_host_span: [STRACE] v=1 pid=140065 tid=140065 inv=1 hid=18569ca3d99bdfe2 depth=1 name=chip.run.bind ts=7230098848943695 dur=696924 
[mono_ns=7230098966340421][T0xf70edd0db020][TIMING] emit_host_span: [STRACE] v=1 pid=140065 tid=140065 inv=1 hid=18569ca3d99bdfe2 depth=1 name=chip.run.runner_run ts=7230098850414203 dur=115914118 
[mono_ns=7230098966458202][T0xf70edd0db020][TIMING] emit_host_span: [STRACE] v=1 pid=140065 tid=140065 inv=1 hid=18569ca3d99bdfe2 depth=1 name=chip.run.validate ts=7230098966355991 dur=97141 
[mono_ns=7230098966470602][T0xf70edd0db020][TIMING] emit_host_span: [STRACE] v=1 pid=140065 tid=140065 inv=1 hid=18569ca3d99bdfe2 depth=2 name=chip.run.runner_run.device_wall ts=0 dur=307560 clk=dev
[mono_ns=7230098966476042][T0xf70edd0db020][TIMING] emit_host_span: [STRACE] v=1 pid=140065 tid=140065 inv=1 hid=18569ca3d99bdfe2 depth=3 name=chip.run.runner_run.device_wall.preamble ts=0 dur=175400 clk=dev
[mono_ns=7230098966480752][T0xf70edd0db020][TIMING] emit_host_span: [STRACE] v=1 pid=140065 tid=140065 inv=1 hid=18569ca3d99bdfe2 depth=3 name=chip.run.runner_run.device_wall.graph_build ts=40620 dur=246020 clk=dev
[mono_ns=7230098966485572][T0xf70edd0db020][TIMING] emit_host_span: [STRACE] v=1 pid=140065 tid=140065 inv=1 hid=18569ca3d99bdfe2 depth=3 name=chip.run.runner_run.device_wall.config_validate ts=44420 dur=3620 clk=dev
[mono_ns=7230098966490522][T0xf70edd0db020][TIMING] emit_host_span: [STRACE] v=1 pid=140065 tid=140065 inv=1 hid=18569ca3d99bdfe2 depth=3 name=chip.run.runner_run.device_wall.arena_wire ts=48059 dur=11920 clk=dev
[mono_ns=7230098966495182][T0xf70edd0db020][TIMING] emit_host_span: [STRACE] v=1 pid=140065 tid=140065 inv=1 hid=18569ca3d99bdfe2 depth=3 name=chip.run.runner_run.device_wall.sm_reset ts=60019 dur=17080 clk=dev
[mono_ns=7230098966499242][T0xf70edd0db020][TIMING] emit_host_span: [STRACE] v=1 pid=140065 tid=140065 inv=1 hid=18569ca3d99bdfe2 depth=3 name=chip.run.runner_run.device_wall.post_orch ts=286820 dur=16820 clk=dev
[mono_ns=7230098966503242][T0xf70edd0db020][TIMING] emit_host_span: [STRACE] v=1 pid=140065 tid=140065 inv=1 hid=18569ca3d99bdfe2 depth=3 name=chip.run.runner_run.device_wall.orch ts=81860 dur=41960 clk=dev
[mono_ns=7230098966507492][T0xf70edd0db020][TIMING] emit_host_span: [STRACE] v=1 pid=140065 tid=140065 inv=1 hid=18569ca3d99bdfe2 depth=3 name=chip.run.runner_run.device_wall.sched ts=177220 dur=86800 clk=dev
[mono_ns=7230098966516092][T0xf70edd0db020][TIMING] emit_host_span: [STRACE] v=1 pid=140065 tid=140065 inv=1 hid=18569ca3d99bdfe2 depth=1 name=chip.run.claim_release ts=7230098966513692 dur=580 
[mono_ns=7230098966527402][T0xf70edd0db020][TIMING] emit_host_span: [STRACE] v=1 pid=140065 tid=140065 inv=1 hid=18569ca3d99bdfe2 depth=0 name=chip.run ts=7230098848873075 dur=117652057 run_id=1 dispatch_id=1 slot_id=0 generation=1 run_epoch=1
[mono_ns=7230098972548444][T0xf70edd0db020][TIMING] emit_host_span: [STRACE] v=1 pid=140065 tid=140065 inv=2 hid=18569ca3d99bdfe2 depth=2 name=chip.run.bind.args ts=7230098972437254 dur=105810 
[mono_ns=7230098972566084][T0xf70edd0db020][TIMING] emit_host_span: [STRACE] v=1 pid=140065 tid=140065 inv=2 hid=18569ca3d99bdfe2 depth=2 name=chip.run.bind.prebuilt ts=7230098972560244 dur=3430 
[mono_ns=7230098972571954][T0xf70edd0db020][TIMING] emit_host_span: [STRACE] v=1 pid=140065 tid=140065 inv=2 hid=18569ca3d99bdfe2 depth=1 name=chip.run.bind ts=7230098972426404 dur=142760 
[mono_ns=7230099028910255][T0xf70d84db9ca0][WARN] copy_aicore_buffer: [chip_swimlane_collector.cpp:689] Core 1: skipped 1024 AICore record slot(s) with start_time=0 (race-window write or recycled-buffer tail). buf seq=0 count=1024
[mono_ns=7230099028910475][T0xf70d94a3cca0][WARN] copy_aicore_buffer: [chip_swimlane_collector.cpp:689] Core 0: skipped 1024 AICore record slot(s) with start_time=0 (race-window write or recycled-buffer tail). buf seq=0 count=1024
[mono_ns=7230099028962705][T0xf70d845a9ca0][WARN] copy_aicore_buffer: [chip_swimlane_collector.cpp:689] Core 2: skipped 1024 AICore record slot(s) with start_time=0 (race-window write or recycled-buffer tail). buf seq=0 count=1024
[mono_ns=7230099029217516][T0xf70d94a3cca0][WARN] copy_aicore_buffer: [chip_swimlane_collector.cpp:689] Core 24: skipped 1022 AICore record slot(s) with start_time=0 (race-window write or recycled-buffer tail). buf seq=0 count=1024
[mono_ns=7230099029217616][T0xf70d84db9ca0][WARN] copy_aicore_buffer: [chip_swimlane_collector.cpp:689] Core 26: skipped 1024 AICore record slot(s) with start_time=0 (race-window write or recycled-buffer tail). buf seq=0 count=1024
[mono_ns=7230099029261647][T0xf70d845a9ca0][WARN] copy_aicore_buffer: [chip_swimlane_collector.cpp:689] Core 28: skipped 1023 AICore record slot(s) with start_time=0 (race-window write or recycled-buffer tail). buf seq=0 count=1024
[mono_ns=7230099029507918][T0xf70d94a3cca0][WARN] copy_aicore_buffer: [chip_swimlane_collector.cpp:689] Core 25: skipped 1024 AICore record slot(s) with start_time=0 (race-window write or recycled-buffer tail). buf seq=0 count=1024
[mono_ns=7230099029516408][T0xf70d84db9ca0][WARN] copy_aicore_buffer: [chip_swimlane_collector.cpp:689] Core 27: skipped 1024 AICore record slot(s) with start_time=0 (race-window write or recycled-buffer tail). buf seq=0 count=1024
[mono_ns=7230099029552178][T0xf70d845a9ca0][WARN] copy_aicore_buffer: [chip_swimlane_collector.cpp:689] Core 29: skipped 1024 AICore record slot(s) with start_time=0 (race-window write or recycled-buffer tail). buf seq=0 count=1024
[mono_ns=7230099029795089][T0xf70d84db9ca0][WARN] copy_aicore_buffer: [chip_swimlane_collector.cpp:689] Core 4: skipped 1024 AICore record slot(s) with start_time=0 (race-window write or recycled-buffer tail). buf seq=0 count=1024
[mono_ns=7230099029795419][T0xf70d94a3cca0][WARN] copy_aicore_buffer: [chip_swimlane_collector.cpp:689] Core 3: skipped 1024 AICore record slot(s) with start_time=0 (race-window write or recycled-buffer tail). buf seq=0 count=1024
[mono_ns=7230099029838660][T0xf70d845a9ca0][WARN] copy_aicore_buffer: [chip_swimlane_collector.cpp:689] Core 5: skipped 1024 AICore record slot(s) with start_time=0 (race-window write or recycled-buffer tail). buf seq=0 count=1024
[mono_ns=7230099030106761][T0xf70d94a3cca0][WARN] copy_aicore_buffer: [chip_swimlane_collector.cpp:689] Core 30: skipped 1024 AICore record slot(s) with start_time=0 (race-window write or recycled-buffer tail). buf seq=0 count=1024
[mono_ns=7230099030120851][T0xf70d84db9ca0][WARN] copy_aicore_buffer: [chip_swimlane_collector.cpp:689] Core 32: skipped 1024 AICore record slot(s) with start_time=0 (race-window write or recycled-buffer tail). buf seq=0 count=1024
[mono_ns=7230099030141951][T0xf70d845a9ca0][WARN] copy_aicore_buffer: [chip_swimlane_collector.cpp:689] Core 34: skipped 1024 AICore record slot(s) with start_time=0 (race-window write or recycled-buffer tail). buf seq=0 count=1024
[mono_ns=7230099030405863][T0xf70d94a3cca0][WARN] copy_aicore_buffer: [chip_swimlane_collector.cpp:689] Core 31: skipped 1024 AICore record slot(s) with start_time=0 (race-window write or recycled-buffer tail). buf seq=0 count=1024
[mono_ns=7230099030413143][T0xf70d84db9ca0][WARN] copy_aicore_buffer: [chip_swimlane_collector.cpp:689] Core 33: skipped 1024 AICore record slot(s) with start_time=0 (race-window write or recycled-buffer tail). buf seq=0 count=1024
[mono_ns=7230099030436263][T0xf70d845a9ca0][WARN] copy_aicore_buffer: [chip_swimlane_collector.cpp:689] Core 35: skipped 1024 AICore record slot(s) with start_time=0 (race-window write or recycled-buffer tail). buf seq=0 count=1024
[mono_ns=7230099030705184][T0xf70d94a3cca0][WARN] copy_aicore_buffer: [chip_swimlane_collector.cpp:689] Core 6: skipped 1024 AICore record slot(s) with start_time=0 (race-window write or recycled-buffer tail). buf seq=0 count=1024
[mono_ns=7230099030708414][T0xf70d84db9ca0][WARN] copy_aicore_buffer: [chip_swimlane_collector.cpp:689] Core 7: skipped 1024 AICore record slot(s) with start_time=0 (race-window write or recycled-buffer tail). buf seq=0 count=1024
[mono_ns=7230099030732324][T0xf70d845a9ca0][WARN] copy_aicore_buffer: [chip_swimlane_collector.cpp:689] Core 8: skipped 1024 AICore record slot(s) with start_time=0 (race-window write or recycled-buffer tail). buf seq=0 count=1024
[mono_ns=7230099030998116][T0xf70d84db9ca0][WARN] copy_aicore_buffer: [chip_swimlane_collector.cpp:689] Core 38: skipped 1024 AICore record slot(s) with start_time=0 (race-window write or recycled-buffer tail). buf seq=0 count=1024
[mono_ns=7230099031021906][T0xf70d94a3cca0][WARN] copy_aicore_buffer: [chip_swimlane_collector.cpp:689] Core 36: skipped 1024 AICore record slot(s) with start_time=0 (race-window write or recycled-buffer tail). buf seq=0 count=1024
[mono_ns=7230099031032486][T0xf70d845a9ca0][WARN] copy_aicore_buffer: [chip_swimlane_collector.cpp:689] Core 40: skipped 1024 AICore record slot(s) with start_time=0 (race-window write or recycled-buffer tail). buf seq=0 count=1024
[mono_ns=7230099031298097][T0xf70d84db9ca0][WARN] copy_aicore_buffer: [chip_swimlane_collector.cpp:689] Core 39: skipped 1024 AICore record slot(s) with start_time=0 (race-window write or recycled-buffer tail). buf seq=0 count=1024
[mono_ns=7230099031321308][T0xf70d94a3cca0][WARN] copy_aicore_buffer: [chip_swimlane_collector.cpp:689] Core 37: skipped 1024 AICore record slot(s) with start_time=0 (race-window write or recycled-buffer tail). buf seq=0 count=1024
[mono_ns=7230099031337568][T0xf70d845a9ca0][WARN] copy_aicore_buffer: [chip_swimlane_collector.cpp:689] Core 41: skipped 1024 AICore record slot(s) with start_time=0 (race-window write or recycled-buffer tail). buf seq=0 count=1024
[mono_ns=7230099031590199][T0xf70d84db9ca0][WARN] copy_aicore_buffer: [chip_swimlane_collector.cpp:689] Core 10: skipped 1024 AICore record slot(s) with start_time=0 (race-window write or recycled-buffer tail). buf seq=0 count=1024
[mono_ns=7230099031615809][T0xf70d94a3cca0][WARN] copy_aicore_buffer: [chip_swimlane_collector.cpp:689] Core 9: skipped 1024 AICore record slot(s) with start_time=0 (race-window write or recycled-buffer tail). buf seq=0 count=1024
[mono_ns=7230099031626259][T0xf70d845a9ca0][WARN] copy_aicore_buffer: [chip_swimlane_collector.cpp:689] Core 11: skipped 1024 AICore record slot(s) with start_time=0 (race-window write or recycled-buffer tail). buf seq=0 count=1024
[mono_ns=7230099031883701][T0xf70d84db9ca0][WARN] copy_aicore_buffer: [chip_swimlane_collector.cpp:689] Core 44: skipped 1024 AICore record slot(s) with start_time=0 (race-window write or recycled-buffer tail). buf seq=0 count=1024
[mono_ns=7230099031910661][T0xf70d94a3cca0][WARN] copy_aicore_buffer: [chip_swimlane_collector.cpp:689] Core 42: skipped 1024 AICore record slot(s) with start_time=0 (race-window write or recycled-buffer tail). buf seq=0 count=1024
[mono_ns=7230099031918481][T0xf70d845a9ca0][WARN] copy_aicore_buffer: [chip_swimlane_collector.cpp:689] Core 46: skipped 1024 AICore record slot(s) with start_time=0 (race-window write or recycled-buffer tail). buf seq=0 count=1024
[mono_ns=7230099032192482][T0xf70d84db9ca0][WARN] copy_aicore_buffer: [chip_swimlane_collector.cpp:689] Core 45: skipped 1024 AICore record slot(s) with start_time=0 (race-window write or recycled-buffer tail). buf seq=0 count=1024
[mono_ns=7230099032210452][T0xf70d94a3cca0][WARN] copy_aicore_buffer: [chip_swimlane_collector.cpp:689] Core 43: skipped 1024 AICore record slot(s) with start_time=0 (race-window write or recycled-buffer tail). buf seq=0 count=1024
[mono_ns=7230099032215132][T0xf70d845a9ca0][WARN] copy_aicore_buffer: [chip_swimlane_collector.cpp:689] Core 47: skipped 1024 AICore record slot(s) with start_time=0 (race-window write or recycled-buffer tail). buf seq=0 count=1024
[mono_ns=7230099032493654][T0xf70d84db9ca0][WARN] copy_aicore_buffer: [chip_swimlane_collector.cpp:689] Core 13: skipped 1024 AICore record slot(s) with start_time=0 (race-window write or recycled-buffer tail). buf seq=0 count=1024
[mono_ns=7230099032496784][T0xf70d94a3cca0][WARN] copy_aicore_buffer: [chip_swimlane_collector.cpp:689] Core 12: skipped 1024 AICore record slot(s) with start_time=0 (race-window write or recycled-buffer tail). buf seq=0 count=1024
[mono_ns=7230099032500594][T0xf70d845a9ca0][WARN] copy_aicore_buffer: [chip_swimlane_collector.cpp:689] Core 14: skipped 1024 AICore record slot(s) with start_time=0 (race-window write or recycled-buffer tail). buf seq=0 count=1024
[mono_ns=7230099032794095][T0xf70d94a3cca0][WARN] copy_aicore_buffer: [chip_swimlane_collector.cpp:689] Core 48: skipped 1024 AICore record slot(s) with start_time=0 (race-window write or recycled-buffer tail). buf seq=0 count=1024
[mono_ns=7230099032808936][T0xf70d84db9ca0][WARN] copy_aicore_buffer: [chip_swimlane_collector.cpp:689] Core 50: skipped 1024 AICore record slot(s) with start_time=0 (race-window write or recycled-buffer tail). buf seq=0 count=1024
[mono_ns=7230099032815286][T0xf70d845a9ca0][WARN] copy_aicore_buffer: [chip_swimlane_collector.cpp:689] Core 52: skipped 1024 AICore record slot(s) with start_time=0 (race-window write or recycled-buffer tail). buf seq=0 count=1024
[mono_ns=7230099033100217][T0xf70d94a3cca0][WARN] copy_aicore_buffer: [chip_swimlane_collector.cpp:689] Core 49: skipped 1024 AICore record slot(s) with start_time=0 (race-window write or recycled-buffer tail). buf seq=0 count=1024
[mono_ns=7230099033107817][T0xf70d84db9ca0][WARN] copy_aicore_buffer: [chip_swimlane_collector.cpp:689] Core 51: skipped 1024 AICore record slot(s) with start_time=0 (race-window write or recycled-buffer tail). buf seq=0 count=1024
[mono_ns=7230099033113397][T0xf70d845a9ca0][WARN] copy_aicore_buffer: [chip_swimlane_collector.cpp:689] Core 53: skipped 1024 AICore record slot(s) with start_time=0 (race-window write or recycled-buffer tail). buf seq=0 count=1024
[mono_ns=7230099033397929][T0xf70d94a3cca0][WARN] copy_aicore_buffer: [chip_swimlane_collector.cpp:689] Core 15: skipped 1024 AICore record slot(s) with start_time=0 (race-window write or recycled-buffer tail). buf seq=0 count=1024
[mono_ns=7230099033412489][T0xf70d84db9ca0][WARN] copy_aicore_buffer: [chip_swimlane_collector.cpp:689] Core 16: skipped 1024 AICore record slot(s) with start_time=0 (race-window write or recycled-buffer tail). buf seq=0 count=1024
[mono_ns=7230099033418799][T0xf70d845a9ca0][WARN] copy_aicore_buffer: [chip_swimlane_collector.cpp:689] Core 17: skipped 1024 AICore record slot(s) with start_time=0 (race-window write or recycled-buffer tail). buf seq=0 count=1024
[mono_ns=7230099033697920][T0xf70d94a3cca0][WARN] copy_aicore_buffer: [chip_swimlane_collector.cpp:689] Core 54: skipped 1024 AICore record slot(s) with start_time=0 (race-window write or recycled-buffer tail). buf seq=0 count=1024
[mono_ns=7230099033708910][T0xf70d84db9ca0][WARN] copy_aicore_buffer: [chip_swimlane_collector.cpp:689] Core 56: skipped 1024 AICore record slot(s) with start_time=0 (race-window write or recycled-buffer tail). buf seq=0 count=1024
[mono_ns=7230099033722500][T0xf70d845a9ca0][WARN] copy_aicore_buffer: [chip_swimlane_collector.cpp:689] Core 58: skipped 1024 AICore record slot(s) with start_time=0 (race-window write or recycled-buffer tail). buf seq=0 count=1024
[mono_ns=7230099033995552][T0xf70d94a3cca0][WARN] copy_aicore_buffer: [chip_swimlane_collector.cpp:689] Core 55: skipped 1024 AICore record slot(s) with start_time=0 (race-window write or recycled-buffer tail). buf seq=0 count=1024
[mono_ns=7230099034010832][T0xf70d84db9ca0][WARN] copy_aicore_buffer: [chip_swimlane_collector.cpp:689] Core 57: skipped 1024 AICore record slot(s) with start_time=0 (race-window write or recycled-buffer tail). buf seq=0 count=1024
[mono_ns=7230099034023942][T0xf70d845a9ca0][WARN] copy_aicore_buffer: [chip_swimlane_collector.cpp:689] Core 59: skipped 1024 AICore record slot(s) with start_time=0 (race-window write or recycled-buffer tail). buf seq=0 count=1024
[mono_ns=7230099034303083][T0xf70d94a3cca0][WARN] copy_aicore_buffer: [chip_swimlane_collector.cpp:689] Core 18: skipped 1024 AICore record slot(s) with start_time=0 (race-window write or recycled-buffer tail). buf seq=0 count=1024
[mono_ns=7230099034312844][T0xf70d84db9ca0][WARN] copy_aicore_buffer: [chip_swimlane_collector.cpp:689] Core 19: skipped 1024 AICore record slot(s) with start_time=0 (race-window write or recycled-buffer tail). buf seq=0 count=1024
[mono_ns=7230099034318144][T0xf70d845a9ca0][WARN] copy_aicore_buffer: [chip_swimlane_collector.cpp:689] Core 20: skipped 1024 AICore record slot(s) with start_time=0 (race-window write or recycled-buffer tail). buf seq=0 count=1024
[mono_ns=7230099034601265][T0xf70d94a3cca0][WARN] copy_aicore_buffer: [chip_swimlane_collector.cpp:689] Core 60: skipped 1024 AICore record slot(s) with start_time=0 (race-window write or recycled-buffer tail). buf seq=0 count=1024
[mono_ns=7230099034605325][T0xf70d84db9ca0][WARN] copy_aicore_buffer: [chip_swimlane_collector.cpp:689] Core 62: skipped 1024 AICore record slot(s) with start_time=0 (race-window write or recycled-buffer tail). buf seq=0 count=1024
[mono_ns=7230099034613815][T0xf70d845a9ca0][WARN] copy_aicore_buffer: [chip_swimlane_collector.cpp:689] Core 64: skipped 1024 AICore record slot(s) with start_time=0 (race-window write or recycled-buffer tail). buf seq=0 count=1024
[mono_ns=7230099034893667][T0xf70d84db9ca0][WARN] copy_aicore_buffer: [chip_swimlane_collector.cpp:689] Core 63: skipped 1024 AICore record slot(s) with start_time=0 (race-window write or recycled-buffer tail). buf seq=0 count=1024
[mono_ns=7230099034912257][T0xf70d845a9ca0][WARN] copy_aicore_buffer: [chip_swimlane_collector.cpp:689] Core 65: skipped 1024 AICore record slot(s) with start_time=0 (race-window write or recycled-buffer tail). buf seq=0 count=1024
[mono_ns=7230099034924357][T0xf70d94a3cca0][WARN] copy_aicore_buffer: [chip_swimlane_collector.cpp:689] Core 61: skipped 1024 AICore record slot(s) with start_time=0 (race-window write or recycled-buffer tail). buf seq=0 count=1024
[mono_ns=7230099035196208][T0xf70d84db9ca0][WARN] copy_aicore_buffer: [chip_swimlane_collector.cpp:689] Core 22: skipped 1024 AICore record slot(s) with start_time=0 (race-window write or recycled-buffer tail). buf seq=0 count=1024
[mono_ns=7230099035226218][T0xf70d845a9ca0][WARN] copy_aicore_buffer: [chip_swimlane_collector.cpp:689] Core 23: skipped 1024 AICore record slot(s) with start_time=0 (race-window write or recycled-buffer tail). buf seq=0 count=1024
[mono_ns=7230099035231098][T0xf70d94a3cca0][WARN] copy_aicore_buffer: [chip_swimlane_collector.cpp:689] Core 21: skipped 1024 AICore record slot(s) with start_time=0 (race-window write or recycled-buffer tail). buf seq=0 count=1024
[mono_ns=7230099035490840][T0xf70d84db9ca0][WARN] copy_aicore_buffer: [chip_swimlane_collector.cpp:689] Core 68: skipped 1024 AICore record slot(s) with start_time=0 (race-window write or recycled-buffer tail). buf seq=0 count=1024
[mono_ns=7230099035520120][T0xf70d845a9ca0][WARN] copy_aicore_buffer: [chip_swimlane_collector.cpp:689] Core 70: skipped 1024 AICore record slot(s) with start_time=0 (race-window write or recycled-buffer tail). buf seq=0 count=1024
[mono_ns=7230099035534880][T0xf70d94a3cca0][WARN] copy_aicore_buffer: [chip_swimlane_collector.cpp:689] Core 66: skipped 1024 AICore record slot(s) with start_time=0 (race-window write or recycled-buffer tail). buf seq=0 count=1024
[mono_ns=7230099035784641][T0xf70d84db9ca0][WARN] copy_aicore_buffer: [chip_swimlane_collector.cpp:689] Core 69: skipped 1024 AICore record slot(s) with start_time=0 (race-window write or recycled-buffer tail). buf seq=0 count=1024
[mono_ns=7230099035817602][T0xf70d845a9ca0][WARN] copy_aicore_buffer: [chip_swimlane_collector.cpp:689] Core 71: skipped 1024 AICore record slot(s) with start_time=0 (race-window write or recycled-buffer tail). buf seq=0 count=1024
[mono_ns=7230099035826292][T0xf70d94a3cca0][WARN] copy_aicore_buffer: [chip_swimlane_collector.cpp:689] Core 67: skipped 1024 AICore record slot(s) with start_time=0 (race-window write or recycled-buffer tail). buf seq=0 count=1024
[mono_ns=7230099136339378][T0xf70edd0db020][TIMING] emit_host_span: [STRACE] v=1 pid=140065 tid=140065 inv=2 hid=18569ca3d99bdfe2 depth=1 name=chip.run.runner_run ts=7230099025682508 dur=110648699 
[mono_ns=7230099136422208][T0xf70edd0db020][TIMING] emit_host_span: [STRACE] v=1 pid=140065 tid=140065 inv=2 hid=18569ca3d99bdfe2 depth=1 name=chip.run.validate ts=7230099136352078 dur=66410 
[mono_ns=7230099136433298][T0xf70edd0db020][TIMING] emit_host_span: [STRACE] v=1 pid=140065 tid=140065 inv=2 hid=18569ca3d99bdfe2 depth=2 name=chip.run.runner_run.device_wall ts=0 dur=1111379 clk=dev
[mono_ns=7230099136437848][T0xf70edd0db020][TIMING] emit_host_span: [STRACE] v=1 pid=140065 tid=140065 inv=2 hid=18569ca3d99bdfe2 depth=3 name=chip.run.runner_run.device_wall.preamble ts=0 dur=133320 clk=dev
[mono_ns=7230099136442968][T0xf70edd0db020][TIMING] emit_host_span: [STRACE] v=1 pid=140065 tid=140065 inv=2 hid=18569ca3d99bdfe2 depth=3 name=chip.run.runner_run.device_wall.graph_build ts=128320 dur=972240 clk=dev
[mono_ns=7230099136447088][T0xf70edd0db020][TIMING] emit_host_span: [STRACE] v=1 pid=140065 tid=140065 inv=2 hid=18569ca3d99bdfe2 depth=3 name=chip.run.runner_run.device_wall.config_validate ts=128479 dur=820 clk=dev
[mono_ns=7230099136451018][T0xf70edd0db020][TIMING] emit_host_span: [STRACE] v=1 pid=140065 tid=140065 inv=2 hid=18569ca3d99bdfe2 depth=3 name=chip.run.runner_run.device_wall.arena_wire ts=129340 dur=799 clk=dev
[mono_ns=7230099136454778][T0xf70edd0db020][TIMING] emit_host_span: [STRACE] v=1 pid=140065 tid=140065 inv=2 hid=18569ca3d99bdfe2 depth=3 name=chip.run.runner_run.device_wall.sm_reset ts=130160 dur=1779 clk=dev
[mono_ns=7230099136458548][T0xf70edd0db020][TIMING] emit_host_span: [STRACE] v=1 pid=140065 tid=140065 inv=2 hid=18569ca3d99bdfe2 depth=3 name=chip.run.runner_run.device_wall.post_orch ts=1100580 dur=10420 clk=dev
[mono_ns=7230099136462328][T0xf70edd0db020][TIMING] emit_host_span: [STRACE] v=1 pid=140065 tid=140065 inv=2 hid=18569ca3d99bdfe2 depth=3 name=chip.run.runner_run.device_wall.orch ts=132020 dur=4340 clk=dev
[mono_ns=7230099136465938][T0xf70edd0db020][TIMING] emit_host_span: [STRACE] v=1 pid=140065 tid=140065 inv=2 hid=18569ca3d99bdfe2 depth=3 name=chip.run.runner_run.device_wall.sched ts=133560 dur=938720 clk=dev
[mono_ns=7230099136471198][T0xf70edd0db020][TIMING] emit_host_span: [STRACE] v=1 pid=140065 tid=140065 inv=2 hid=18569ca3d99bdfe2 depth=1 name=chip.run.claim_release ts=7230099136469068 dur=300 
[mono_ns=7230099136476858][T0xf70edd0db020][TIMING] emit_host_span: [STRACE] v=1 pid=140065 tid=140065 inv=2 hid=18569ca3d99bdfe2 depth=0 name=chip.run ts=7230098972391643 dur=164083125 run_id=2 dispatch_id=2 slot_id=0 generation=2 run_epoch=2
[mono_ns=7230101579772885][T0xf70edd0db020][TIMING] emit_host_span: [STRACE] v=1 pid=140065 tid=140065 inv=3 hid=18569ca3d99bdfe2 depth=2 name=chip.run.bind.args ts=7230101579521354 dur=232151 
[mono_ns=7230101579869886][T0xf70edd0db020][TIMING] emit_host_span: [STRACE] v=1 pid=140065 tid=140065 inv=3 hid=18569ca3d99bdfe2 depth=2 name=chip.run.bind.prebuilt ts=7230101579848366 dur=18460 
[mono_ns=7230101579876166][T0xf70edd0db020][TIMING] emit_host_span: [STRACE] v=1 pid=140065 tid=140065 inv=3 hid=18569ca3d99bdfe2 depth=1 name=chip.run.bind ts=7230101579439524 dur=433572 
[mono_ns=7230101745472909][T0xf70edd0db020][TIMING] emit_host_span: [STRACE] v=1 pid=140065 tid=140065 inv=3 hid=18569ca3d99bdfe2 depth=1 name=chip.run.runner_run ts=7230101581229203 dur=164231996 
[mono_ns=7230101745576710][T0xf70edd0db020][TIMING] emit_host_span: [STRACE] v=1 pid=140065 tid=140065 inv=3 hid=18569ca3d99bdfe2 depth=1 name=chip.run.validate ts=7230101745488739 dur=84161 
[mono_ns=7230101745589560][T0xf70edd0db020][TIMING] emit_host_span: [STRACE] v=1 pid=140065 tid=140065 inv=3 hid=18569ca3d99bdfe2 depth=2 name=chip.run.runner_run.device_wall ts=0 dur=265820 clk=dev
[mono_ns=7230101745594790][T0xf70edd0db020][TIMING] emit_host_span: [STRACE] v=1 pid=140065 tid=140065 inv=3 hid=18569ca3d99bdfe2 depth=3 name=chip.run.runner_run.device_wall.preamble ts=0 dur=7180 clk=dev
[mono_ns=7230101745599160][T0xf70edd0db020][TIMING] emit_host_span: [STRACE] v=1 pid=140065 tid=140065 inv=3 hid=18569ca3d99bdfe2 depth=3 name=chip.run.runner_run.device_wall.graph_build ts=2240 dur=252600 clk=dev
[mono_ns=7230101745603690][T0xf70edd0db020][TIMING] emit_host_span: [STRACE] v=1 pid=140065 tid=140065 inv=3 hid=18569ca3d99bdfe2 depth=3 name=chip.run.runner_run.device_wall.config_validate ts=2740 dur=1000 clk=dev
[mono_ns=7230101745607920][T0xf70edd0db020][TIMING] emit_host_span: [STRACE] v=1 pid=140065 tid=140065 inv=3 hid=18569ca3d99bdfe2 depth=3 name=chip.run.runner_run.device_wall.arena_wire ts=3960 dur=1440 clk=dev
[mono_ns=7230101745611170][T0xf70edd0db020][TIMING] emit_host_span: [STRACE] v=1 pid=140065 tid=140065 inv=3 hid=18569ca3d99bdfe2 depth=3 name=chip.run.runner_run.device_wall.sm_reset ts=5439 dur=2060 clk=dev
[mono_ns=7230101745635720][T0xf70edd0db020][TIMING] emit_host_span: [STRACE] v=1 pid=140065 tid=140065 inv=3 hid=18569ca3d99bdfe2 depth=3 name=chip.run.runner_run.device_wall.post_orch ts=254880 dur=10760 clk=dev
[mono_ns=7230101745639740][T0xf70edd0db020][TIMING] emit_host_span: [STRACE] v=1 pid=140065 tid=140065 inv=3 hid=18569ca3d99bdfe2 depth=3 name=chip.run.runner_run.device_wall.orch ts=8700 dur=7960 clk=dev
[mono_ns=7230101745643490][T0xf70edd0db020][TIMING] emit_host_span: [STRACE] v=1 pid=140065 tid=140065 inv=3 hid=18569ca3d99bdfe2 depth=3 name=chip.run.runner_run.device_wall.sched ts=7859 dur=237820 clk=dev
[mono_ns=7230101745650860][T0xf70edd0db020][TIMING] emit_host_span: [STRACE] v=1 pid=140065 tid=140065 inv=3 hid=18569ca3d99bdfe2 depth=1 name=chip.run.claim_release ts=7230101745647560 dur=880 
[mono_ns=7230101745661310][T0xf70edd0db020][TIMING] emit_host_span: [STRACE] v=1 pid=140065 tid=140065 inv=3 hid=18569ca3d99bdfe2 depth=0 name=chip.run ts=7230101578777470 dur=166881550 run_id=3 dispatch_id=3 slot_id=0 generation=3 run_epoch=3
[mono_ns=7230101769029665][T0xf70edd0db020][TIMING] emit_host_span: [STRACE] v=1 pid=140065 tid=140065 inv=4 hid=18569ca3d99bdfe2 depth=2 name=chip.run.bind.args ts=7230101768916614 dur=108201 
[mono_ns=7230101769049375][T0xf70edd0db020][TIMING] emit_host_span: [STRACE] v=1 pid=140065 tid=140065 inv=4 hid=18569ca3d99bdfe2 depth=2 name=chip.run.bind.prebuilt ts=7230101769042285 dur=4590 
[mono_ns=7230101769055745][T0xf70edd0db020][TIMING] emit_host_span: [STRACE] v=1 pid=140065 tid=140065 inv=4 hid=18569ca3d99bdfe2 depth=1 name=chip.run.bind ts=7230101768905254 dur=147081 
[mono_ns=7230101770951145][T0xf70d845a9ca0][WARN] copy_aicore_buffer: [chip_swimlane_collector.cpp:689] Core 2: skipped 1024 AICore record slot(s) with start_time=0 (race-window write or recycled-buffer tail). buf seq=0 count=1024
[mono_ns=7230101770977155][T0xf70d94a3cca0][WARN] copy_aicore_buffer: [chip_swimlane_collector.cpp:689] Core 0: skipped 1024 AICore record slot(s) with start_time=0 (race-window write or recycled-buffer tail). buf seq=0 count=1024
[mono_ns=7230101771045995][T0xf70d84db9ca0][WARN] copy_aicore_buffer: [chip_swimlane_collector.cpp:689] Core 1: skipped 1024 AICore record slot(s) with start_time=0 (race-window write or recycled-buffer tail). buf seq=0 count=1024
[mono_ns=7230101771305077][T0xf70d94a3cca0][WARN] copy_aicore_buffer: [chip_swimlane_collector.cpp:689] Core 24: skipped 1023 AICore record slot(s) with start_time=0 (race-window write or recycled-buffer tail). buf seq=0 count=1024
[mono_ns=7230101771314957][T0xf70d845a9ca0][WARN] copy_aicore_buffer: [chip_swimlane_collector.cpp:689] Core 28: skipped 1023 AICore record slot(s) with start_time=0 (race-window write or recycled-buffer tail). buf seq=0 count=1024
[mono_ns=7230101771341337][T0xf70d84db9ca0][WARN] copy_aicore_buffer: [chip_swimlane_collector.cpp:689] Core 26: skipped 1023 AICore record slot(s) with start_time=0 (race-window write or recycled-buffer tail). buf seq=0 count=1024
[mono_ns=7230101771592618][T0xf70d94a3cca0][WARN] copy_aicore_buffer: [chip_swimlane_collector.cpp:689] Core 25: skipped 1024 AICore record slot(s) with start_time=0 (race-window write or recycled-buffer tail). buf seq=0 count=1024
[mono_ns=7230101771594448][T0xf70d845a9ca0][WARN] copy_aicore_buffer: [chip_swimlane_collector.cpp:689] Core 29: skipped 1024 AICore record slot(s) with start_time=0 (race-window write or recycled-buffer tail). buf seq=0 count=1024
[mono_ns=7230101771627968][T0xf70d84db9ca0][WARN] copy_aicore_buffer: [chip_swimlane_collector.cpp:689] Core 27: skipped 1024 AICore record slot(s) with start_time=0 (race-window write or recycled-buffer tail). buf seq=0 count=1024
[mono_ns=7230101771879470][T0xf70d94a3cca0][WARN] copy_aicore_buffer: [chip_swimlane_collector.cpp:689] Core 3: skipped 1024 AICore record slot(s) with start_time=0 (race-window write or recycled-buffer tail). buf seq=0 count=1024
[mono_ns=7230101771924310][T0xf70d845a9ca0][WARN] copy_aicore_buffer: [chip_swimlane_collector.cpp:689] Core 5: skipped 1024 AICore record slot(s) with start_time=0 (race-window write or recycled-buffer tail). buf seq=0 count=1024
[mono_ns=7230101771927040][T0xf70d84db9ca0][WARN] copy_aicore_buffer: [chip_swimlane_collector.cpp:689] Core 4: skipped 1024 AICore record slot(s) with start_time=0 (race-window write or recycled-buffer tail). buf seq=0 count=1024
[mono_ns=7230101772174261][T0xf70d94a3cca0][WARN] copy_aicore_buffer: [chip_swimlane_collector.cpp:689] Core 30: skipped 1024 AICore record slot(s) with start_time=0 (race-window write or recycled-buffer tail). buf seq=0 count=1024
[mono_ns=7230101772217212][T0xf70d84db9ca0][WARN] copy_aicore_buffer: [chip_swimlane_collector.cpp:689] Core 32: skipped 1024 AICore record slot(s) with start_time=0 (race-window write or recycled-buffer tail). buf seq=0 count=1024
[mono_ns=7230101772218462][T0xf70d845a9ca0][WARN] copy_aicore_buffer: [chip_swimlane_collector.cpp:689] Core 34: skipped 1024 AICore record slot(s) with start_time=0 (race-window write or recycled-buffer tail). buf seq=0 count=1024
[mono_ns=7230101772459603][T0xf70d94a3cca0][WARN] copy_aicore_buffer: [chip_swimlane_collector.cpp:689] Core 31: skipped 1024 AICore record slot(s) with start_time=0 (race-window write or recycled-buffer tail). buf seq=0 count=1024
[mono_ns=7230101772499233][T0xf70d845a9ca0][WARN] copy_aicore_buffer: [chip_swimlane_collector.cpp:689] Core 35: skipped 1024 AICore record slot(s) with start_time=0 (race-window write or recycled-buffer tail). buf seq=0 count=1024
[mono_ns=7230101772499533][T0xf70d84db9ca0][WARN] copy_aicore_buffer: [chip_swimlane_collector.cpp:689] Core 33: skipped 1024 AICore record slot(s) with start_time=0 (race-window write or recycled-buffer tail). buf seq=0 count=1024
[mono_ns=7230101772744364][T0xf70d94a3cca0][WARN] copy_aicore_buffer: [chip_swimlane_collector.cpp:689] Core 6: skipped 1024 AICore record slot(s) with start_time=0 (race-window write or recycled-buffer tail). buf seq=0 count=1024
[mono_ns=7230101772780105][T0xf70d84db9ca0][WARN] copy_aicore_buffer: [chip_swimlane_collector.cpp:689] Core 7: skipped 1024 AICore record slot(s) with start_time=0 (race-window write or recycled-buffer tail). buf seq=0 count=1024
[mono_ns=7230101772783875][T0xf70d845a9ca0][WARN] copy_aicore_buffer: [chip_swimlane_collector.cpp:689] Core 8: skipped 1024 AICore record slot(s) with start_time=0 (race-window write or recycled-buffer tail). buf seq=0 count=1024
[mono_ns=7230101773038986][T0xf70d94a3cca0][WARN] copy_aicore_buffer: [chip_swimlane_collector.cpp:689] Core 36: skipped 1024 AICore record slot(s) with start_time=0 (race-window write or recycled-buffer tail). buf seq=0 count=1024
[mono_ns=7230101773071936][T0xf70d845a9ca0][WARN] copy_aicore_buffer: [chip_swimlane_collector.cpp:689] Core 40: skipped 1024 AICore record slot(s) with start_time=0 (race-window write or recycled-buffer tail). buf seq=0 count=1024
[mono_ns=7230101773080696][T0xf70d84db9ca0][WARN] copy_aicore_buffer: [chip_swimlane_collector.cpp:689] Core 38: skipped 1024 AICore record slot(s) with start_time=0 (race-window write or recycled-buffer tail). buf seq=0 count=1024
[mono_ns=7230101773323537][T0xf70d94a3cca0][WARN] copy_aicore_buffer: [chip_swimlane_collector.cpp:689] Core 37: skipped 1024 AICore record slot(s) with start_time=0 (race-window write or recycled-buffer tail). buf seq=0 count=1024
[mono_ns=7230101773385288][T0xf70d845a9ca0][WARN] copy_aicore_buffer: [chip_swimlane_collector.cpp:689] Core 41: skipped 1024 AICore record slot(s) with start_time=0 (race-window write or recycled-buffer tail). buf seq=0 count=1024
[mono_ns=7230101773386118][T0xf70d84db9ca0][WARN] copy_aicore_buffer: [chip_swimlane_collector.cpp:689] Core 39: skipped 1024 AICore record slot(s) with start_time=0 (race-window write or recycled-buffer tail). buf seq=0 count=1024
[mono_ns=7230101773608669][T0xf70d94a3cca0][WARN] copy_aicore_buffer: [chip_swimlane_collector.cpp:689] Core 9: skipped 1024 AICore record slot(s) with start_time=0 (race-window write or recycled-buffer tail). buf seq=0 count=1024
[mono_ns=7230101773667439][T0xf70d845a9ca0][WARN] copy_aicore_buffer: [chip_swimlane_collector.cpp:689] Core 11: skipped 1024 AICore record slot(s) with start_time=0 (race-window write or recycled-buffer tail). buf seq=0 count=1024
[mono_ns=7230101773705290][T0xf70d84db9ca0][WARN] copy_aicore_buffer: [chip_swimlane_collector.cpp:689] Core 10: skipped 1024 AICore record slot(s) with start_time=0 (race-window write or recycled-buffer tail). buf seq=0 count=1024
[mono_ns=7230101773893431][T0xf70d94a3cca0][WARN] copy_aicore_buffer: [chip_swimlane_collector.cpp:689] Core 42: skipped 1024 AICore record slot(s) with start_time=0 (race-window write or recycled-buffer tail). buf seq=0 count=1024
[mono_ns=7230101773950961][T0xf70d845a9ca0][WARN] copy_aicore_buffer: [chip_swimlane_collector.cpp:689] Core 46: skipped 1024 AICore record slot(s) with start_time=0 (race-window write or recycled-buffer tail). buf seq=0 count=1024
[mono_ns=7230101773988951][T0xf70d84db9ca0][WARN] copy_aicore_buffer: [chip_swimlane_collector.cpp:689] Core 44: skipped 1024 AICore record slot(s) with start_time=0 (race-window write or recycled-buffer tail). buf seq=0 count=1024
[mono_ns=7230101774223292][T0xf70d94a3cca0][WARN] copy_aicore_buffer: [chip_swimlane_collector.cpp:689] Core 43: skipped 1024 AICore record slot(s) with start_time=0 (race-window write or recycled-buffer tail). buf seq=0 count=1024
[mono_ns=7230101774245132][T0xf70d845a9ca0][WARN] copy_aicore_buffer: [chip_swimlane_collector.cpp:689] Core 47: skipped 1024 AICore record slot(s) with start_time=0 (race-window write or recycled-buffer tail). buf seq=0 count=1024
[mono_ns=7230101774287693][T0xf70d84db9ca0][WARN] copy_aicore_buffer: [chip_swimlane_collector.cpp:689] Core 45: skipped 1024 AICore record slot(s) with start_time=0 (race-window write or recycled-buffer tail). buf seq=0 count=1024
[mono_ns=7230101774509064][T0xf70d94a3cca0][WARN] copy_aicore_buffer: [chip_swimlane_collector.cpp:689] Core 12: skipped 1024 AICore record slot(s) with start_time=0 (race-window write or recycled-buffer tail). buf seq=0 count=1024
[mono_ns=7230101774524934][T0xf70d845a9ca0][WARN] copy_aicore_buffer: [chip_swimlane_collector.cpp:689] Core 14: skipped 1024 AICore record slot(s) with start_time=0 (race-window write or recycled-buffer tail). buf seq=0 count=1024
[mono_ns=7230101774570224][T0xf70d84db9ca0][WARN] copy_aicore_buffer: [chip_swimlane_collector.cpp:689] Core 13: skipped 1024 AICore record slot(s) with start_time=0 (race-window write or recycled-buffer tail). buf seq=0 count=1024
[mono_ns=7230101774793665][T0xf70d94a3cca0][WARN] copy_aicore_buffer: [chip_swimlane_collector.cpp:689] Core 48: skipped 1024 AICore record slot(s) with start_time=0 (race-window write or recycled-buffer tail). buf seq=0 count=1024
[mono_ns=7230101774802615][T0xf70d845a9ca0][WARN] copy_aicore_buffer: [chip_swimlane_collector.cpp:689] Core 52: skipped 1024 AICore record slot(s) with start_time=0 (race-window write or recycled-buffer tail). buf seq=0 count=1024
[mono_ns=7230101774853026][T0xf70d84db9ca0][WARN] copy_aicore_buffer: [chip_swimlane_collector.cpp:689] Core 50: skipped 1024 AICore record slot(s) with start_time=0 (race-window write or recycled-buffer tail). buf seq=0 count=1024
[mono_ns=7230101775089817][T0xf70d94a3cca0][WARN] copy_aicore_buffer: [chip_swimlane_collector.cpp:689] Core 49: skipped 1024 AICore record slot(s) with start_time=0 (race-window write or recycled-buffer tail). buf seq=0 count=1024
[mono_ns=7230101775091087][T0xf70d845a9ca0][WARN] copy_aicore_buffer: [chip_swimlane_collector.cpp:689] Core 53: skipped 1024 AICore record slot(s) with start_time=0 (race-window write or recycled-buffer tail). buf seq=0 count=1024
[mono_ns=7230101775145987][T0xf70d84db9ca0][WARN] copy_aicore_buffer: [chip_swimlane_collector.cpp:689] Core 51: skipped 1024 AICore record slot(s) with start_time=0 (race-window write or recycled-buffer tail). buf seq=0 count=1024
[mono_ns=7230101775371498][T0xf70d845a9ca0][WARN] copy_aicore_buffer: [chip_swimlane_collector.cpp:689] Core 17: skipped 1024 AICore record slot(s) with start_time=0 (race-window write or recycled-buffer tail). buf seq=0 count=1024
[mono_ns=7230101775376138][T0xf70d94a3cca0][WARN] copy_aicore_buffer: [chip_swimlane_collector.cpp:689] Core 15: skipped 1024 AICore record slot(s) with start_time=0 (race-window write or recycled-buffer tail). buf seq=0 count=1024
[mono_ns=7230101775429599][T0xf70d84db9ca0][WARN] copy_aicore_buffer: [chip_swimlane_collector.cpp:689] Core 16: skipped 1024 AICore record slot(s) with start_time=0 (race-window write or recycled-buffer tail). buf seq=0 count=1024
[mono_ns=7230101775654730][T0xf70d845a9ca0][WARN] copy_aicore_buffer: [chip_swimlane_collector.cpp:689] Core 58: skipped 1024 AICore record slot(s) with start_time=0 (race-window write or recycled-buffer tail). buf seq=0 count=1024
[mono_ns=7230101775696830][T0xf70d94a3cca0][WARN] copy_aicore_buffer: [chip_swimlane_collector.cpp:689] Core 54: skipped 1024 AICore record slot(s) with start_time=0 (race-window write or recycled-buffer tail). buf seq=0 count=1024
[mono_ns=7230101775714390][T0xf70d84db9ca0][WARN] copy_aicore_buffer: [chip_swimlane_collector.cpp:689] Core 56: skipped 1024 AICore record slot(s) with start_time=0 (race-window write or recycled-buffer tail). buf seq=0 count=1024
[mono_ns=7230101775937431][T0xf70d845a9ca0][WARN] copy_aicore_buffer: [chip_swimlane_collector.cpp:689] Core 59: skipped 1024 AICore record slot(s) with start_time=0 (race-window write or recycled-buffer tail). buf seq=0 count=1024
[mono_ns=7230101775982172][T0xf70d94a3cca0][WARN] copy_aicore_buffer: [chip_swimlane_collector.cpp:689] Core 55: skipped 1024 AICore record slot(s) with start_time=0 (race-window write or recycled-buffer tail). buf seq=0 count=1024
[mono_ns=7230101775996402][T0xf70d84db9ca0][WARN] copy_aicore_buffer: [chip_swimlane_collector.cpp:689] Core 57: skipped 1024 AICore record slot(s) with start_time=0 (race-window write or recycled-buffer tail). buf seq=0 count=1024
[mono_ns=7230101776241883][T0xf70d845a9ca0][WARN] copy_aicore_buffer: [chip_swimlane_collector.cpp:689] Core 20: skipped 1024 AICore record slot(s) with start_time=0 (race-window write or recycled-buffer tail). buf seq=0 count=1024
[mono_ns=7230101776285193][T0xf70d94a3cca0][WARN] copy_aicore_buffer: [chip_swimlane_collector.cpp:689] Core 18: skipped 1024 AICore record slot(s) with start_time=0 (race-window write or recycled-buffer tail). buf seq=0 count=1024
[mono_ns=7230101776327844][T0xf70d84db9ca0][WARN] copy_aicore_buffer: [chip_swimlane_collector.cpp:689] Core 19: skipped 1024 AICore record slot(s) with start_time=0 (race-window write or recycled-buffer tail). buf seq=0 count=1024
[mono_ns=7230101776570125][T0xf70d845a9ca0][WARN] copy_aicore_buffer: [chip_swimlane_collector.cpp:689] Core 64: skipped 1024 AICore record slot(s) with start_time=0 (race-window write or recycled-buffer tail). buf seq=0 count=1024
[mono_ns=7230101776593735][T0xf70d94a3cca0][WARN] copy_aicore_buffer: [chip_swimlane_collector.cpp:689] Core 60: skipped 1024 AICore record slot(s) with start_time=0 (race-window write or recycled-buffer tail). buf seq=0 count=1024
[mono_ns=7230101776627705][T0xf70d84db9ca0][WARN] copy_aicore_buffer: [chip_swimlane_collector.cpp:689] Core 62: skipped 1024 AICore record slot(s) with start_time=0 (race-window write or recycled-buffer tail). buf seq=0 count=1024
[mono_ns=7230101776865376][T0xf70d845a9ca0][WARN] copy_aicore_buffer: [chip_swimlane_collector.cpp:689] Core 65: skipped 1024 AICore record slot(s) with start_time=0 (race-window write or recycled-buffer tail). buf seq=0 count=1024
[mono_ns=7230101776889837][T0xf70d94a3cca0][WARN] copy_aicore_buffer: [chip_swimlane_collector.cpp:689] Core 61: skipped 1024 AICore record slot(s) with start_time=0 (race-window write or recycled-buffer tail). buf seq=0 count=1024
[mono_ns=7230101776921767][T0xf70d84db9ca0][WARN] copy_aicore_buffer: [chip_swimlane_collector.cpp:689] Core 63: skipped 1024 AICore record slot(s) with start_time=0 (race-window write or recycled-buffer tail). buf seq=0 count=1024
[mono_ns=7230101777172978][T0xf70d845a9ca0][WARN] copy_aicore_buffer: [chip_swimlane_collector.cpp:689] Core 23: skipped 1024 AICore record slot(s) with start_time=0 (race-window write or recycled-buffer tail). buf seq=0 count=1024
[mono_ns=7230101777216698][T0xf70d84db9ca0][WARN] copy_aicore_buffer: [chip_swimlane_collector.cpp:689] Core 22: skipped 1024 AICore record slot(s) with start_time=0 (race-window write or recycled-buffer tail). buf seq=0 count=1024
[mono_ns=7230101777222188][T0xf70d94a3cca0][WARN] copy_aicore_buffer: [chip_swimlane_collector.cpp:689] Core 21: skipped 1024 AICore record slot(s) with start_time=0 (race-window write or recycled-buffer tail). buf seq=0 count=1024
[mono_ns=7230101777478240][T0xf70d845a9ca0][WARN] copy_aicore_buffer: [chip_swimlane_collector.cpp:689] Core 70: skipped 1024 AICore record slot(s) with start_time=0 (race-window write or recycled-buffer tail). buf seq=0 count=1024
[mono_ns=7230101777513750][T0xf70d84db9ca0][WARN] copy_aicore_buffer: [chip_swimlane_collector.cpp:689] Core 68: skipped 1024 AICore record slot(s) with start_time=0 (race-window write or recycled-buffer tail). buf seq=0 count=1024
[mono_ns=7230101777526890][T0xf70d94a3cca0][WARN] copy_aicore_buffer: [chip_swimlane_collector.cpp:689] Core 66: skipped 1024 AICore record slot(s) with start_time=0 (race-window write or recycled-buffer tail). buf seq=0 count=1024
[mono_ns=7230101777784631][T0xf70d845a9ca0][WARN] copy_aicore_buffer: [chip_swimlane_collector.cpp:689] Core 71: skipped 1024 AICore record slot(s) with start_time=0 (race-window write or recycled-buffer tail). buf seq=0 count=1024
[mono_ns=7230101777817381][T0xf70d84db9ca0][WARN] copy_aicore_buffer: [chip_swimlane_collector.cpp:689] Core 69: skipped 1024 AICore record slot(s) with start_time=0 (race-window write or recycled-buffer tail). buf seq=0 count=1024
[mono_ns=7230101777831102][T0xf70d94a3cca0][WARN] copy_aicore_buffer: [chip_swimlane_collector.cpp:689] Core 67: skipped 1024 AICore record slot(s) with start_time=0 (race-window write or recycled-buffer tail). buf seq=0 count=1024
[mono_ns=7230101878697739][T0xf70edd0db020][TIMING] emit_host_span: [STRACE] v=1 pid=140065 tid=140065 inv=4 hid=18569ca3d99bdfe2 depth=1 name=chip.run.runner_run ts=7230101770211441 dur=108479768 
[mono_ns=7230101878782220][T0xf70edd0db020][TIMING] emit_host_span: [STRACE] v=1 pid=140065 tid=140065 inv=4 hid=18569ca3d99bdfe2 depth=1 name=chip.run.validate ts=7230101878711459 dur=67381 
[mono_ns=7230101878792880][T0xf70edd0db020][TIMING] emit_host_span: [STRACE] v=1 pid=140065 tid=140065 inv=4 hid=18569ca3d99bdfe2 depth=2 name=chip.run.runner_run.device_wall ts=0 dur=199299 clk=dev
[mono_ns=7230101878797680][T0xf70edd0db020][TIMING] emit_host_span: [STRACE] v=1 pid=140065 tid=140065 inv=4 hid=18569ca3d99bdfe2 depth=3 name=chip.run.runner_run.device_wall.preamble ts=0 dur=108940 clk=dev
[mono_ns=7230101878802300][T0xf70edd0db020][TIMING] emit_host_span: [STRACE] v=1 pid=140065 tid=140065 inv=4 hid=18569ca3d99bdfe2 depth=3 name=chip.run.runner_run.device_wall.graph_build ts=105180 dur=83500 clk=dev
[mono_ns=7230101878806630][T0xf70edd0db020][TIMING] emit_host_span: [STRACE] v=1 pid=140065 tid=140065 inv=4 hid=18569ca3d99bdfe2 depth=3 name=chip.run.runner_run.device_wall.config_validate ts=105619 dur=740 clk=dev
[mono_ns=7230101878838120][T0xf70edd0db020][TIMING] emit_host_span: [STRACE] v=1 pid=140065 tid=140065 inv=4 hid=18569ca3d99bdfe2 depth=3 name=chip.run.runner_run.device_wall.arena_wire ts=106399 dur=280 clk=dev
[mono_ns=7230101878842070][T0xf70edd0db020][TIMING] emit_host_span: [STRACE] v=1 pid=140065 tid=140065 inv=4 hid=18569ca3d99bdfe2 depth=3 name=chip.run.runner_run.device_wall.sm_reset ts=106700 dur=760 clk=dev
[mono_ns=7230101878846060][T0xf70edd0db020][TIMING] emit_host_span: [STRACE] v=1 pid=140065 tid=140065 inv=4 hid=18569ca3d99bdfe2 depth=3 name=chip.run.runner_run.device_wall.post_orch ts=188760 dur=10440 clk=dev
[mono_ns=7230101878849700][T0xf70edd0db020][TIMING] emit_host_span: [STRACE] v=1 pid=140065 tid=140065 inv=4 hid=18569ca3d99bdfe2 depth=3 name=chip.run.runner_run.device_wall.orch ts=107500 dur=3580 clk=dev
[mono_ns=7230101878852610][T0xf70edd0db020][TIMING] emit_host_span: [STRACE] v=1 pid=140065 tid=140065 inv=4 hid=18569ca3d99bdfe2 depth=3 name=chip.run.runner_run.device_wall.sched ts=109380 dur=54660 clk=dev
[mono_ns=7230101878856970][T0xf70edd0db020][TIMING] emit_host_span: [STRACE] v=1 pid=140065 tid=140065 inv=4 hid=18569ca3d99bdfe2 depth=1 name=chip.run.claim_release ts=7230101878854430 dur=520 
[mono_ns=7230101878861900][T0xf70edd0db020][TIMING] emit_host_span: [STRACE] v=1 pid=140065 tid=140065 inv=4 hid=18569ca3d99bdfe2 depth=0 name=chip.run ts=7230101768852034 dur=110007956 run_id=4 dispatch_id=4 slot_id=0 generation=4 run_epoch=4
[mono_ns=7230104290597430][T0xf70edd0db020][TIMING] emit_host_span: [STRACE] v=1 pid=140065 tid=140065 inv=5 hid=18569ca3d99bdfe2 depth=2 name=chip.run.bind.args ts=7230104290457910 dur=132000 
[mono_ns=7230104290622721][T0xf70edd0db020][TIMING] emit_host_span: [STRACE] v=1 pid=140065 tid=140065 inv=5 hid=18569ca3d99bdfe2 depth=2 name=chip.run.bind.prebuilt ts=7230104290614241 dur=5980 
[mono_ns=7230104290628661][T0xf70edd0db020][TIMING] emit_host_span: [STRACE] v=1 pid=140065 tid=140065 inv=5 hid=18569ca3d99bdfe2 depth=1 name=chip.run.bind ts=7230104290441660 dur=184271 
[mono_ns=7230104399220120][T0xf70edd0db020][TIMING] emit_host_span: [STRACE] v=1 pid=140065 tid=140065 inv=5 hid=18569ca3d99bdfe2 depth=1 name=chip.run.runner_run ts=7230104290983543 dur=108224257 
[mono_ns=7230104399314010][T0xf70edd0db020][TIMING] emit_host_span: [STRACE] v=1 pid=140065 tid=140065 inv=5 hid=18569ca3d99bdfe2 depth=1 name=chip.run.validate ts=7230104399234970 dur=75680 
[mono_ns=7230104399324790][T0xf70edd0db020][TIMING] emit_host_span: [STRACE] v=1 pid=140065 tid=140065 inv=5 hid=18569ca3d99bdfe2 depth=2 name=chip.run.runner_run.device_wall ts=0 dur=92200 clk=dev
[mono_ns=7230104399329660][T0xf70edd0db020][TIMING] emit_host_span: [STRACE] v=1 pid=140065 tid=140065 inv=5 hid=18569ca3d99bdfe2 depth=3 name=chip.run.runner_run.device_wall.preamble ts=0 dur=5660 clk=dev
[mono_ns=7230104399333660][T0xf70edd0db020][TIMING] emit_host_span: [STRACE] v=1 pid=140065 tid=140065 inv=5 hid=18569ca3d99bdfe2 depth=3 name=chip.run.runner_run.device_wall.graph_build ts=1680 dur=79660 clk=dev
[mono_ns=7230104399370350][T0xf70edd0db020][TIMING] emit_host_span: [STRACE] v=1 pid=140065 tid=140065 inv=5 hid=18569ca3d99bdfe2 depth=3 name=chip.run.runner_run.device_wall.config_validate ts=2340 dur=799 clk=dev
[mono_ns=7230104399374120][T0xf70edd0db020][TIMING] emit_host_span: [STRACE] v=1 pid=140065 tid=140065 inv=5 hid=18569ca3d99bdfe2 depth=3 name=chip.run.runner_run.device_wall.arena_wire ts=3180 dur=1340 clk=dev
[mono_ns=7230104399379481][T0xf70edd0db020][TIMING] emit_host_span: [STRACE] v=1 pid=140065 tid=140065 inv=5 hid=18569ca3d99bdfe2 depth=3 name=chip.run.runner_run.device_wall.sm_reset ts=4720 dur=1619 clk=dev
[mono_ns=7230104399383201][T0xf70edd0db020][TIMING] emit_host_span: [STRACE] v=1 pid=140065 tid=140065 inv=5 hid=18569ca3d99bdfe2 depth=3 name=chip.run.runner_run.device_wall.post_orch ts=81400 dur=10440 clk=dev
[mono_ns=7230104399386811][T0xf70edd0db020][TIMING] emit_host_span: [STRACE] v=1 pid=140065 tid=140065 inv=5 hid=18569ca3d99bdfe2 depth=3 name=chip.run.runner_run.device_wall.orch ts=7100 dur=7439 clk=dev
[mono_ns=7230104399390291][T0xf70edd0db020][TIMING] emit_host_span: [STRACE] v=1 pid=140065 tid=140065 inv=5 hid=18569ca3d99bdfe2 depth=3 name=chip.run.runner_run.device_wall.sched ts=6500 dur=64420 clk=dev
[mono_ns=7230104399396031][T0xf70edd0db020][TIMING] emit_host_span: [STRACE] v=1 pid=140065 tid=140065 inv=5 hid=18569ca3d99bdfe2 depth=1 name=chip.run.claim_release ts=7230104399393641 dur=610 
[mono_ns=7230104399401871][T0xf70edd0db020][TIMING] emit_host_span: [STRACE] v=1 pid=140065 tid=140065 inv=5 hid=18569ca3d99bdfe2 depth=0 name=chip.run ts=7230104290314969 dur=109084682 run_id=5 dispatch_id=5 slot_id=0 generation=5 run_epoch=5
[mono_ns=7230104403838804][T0xf70edd0db020][TIMING] emit_host_span: [STRACE] v=1 pid=140065 tid=140065 inv=6 hid=18569ca3d99bdfe2 depth=2 name=chip.run.bind.args ts=7230104403738804 dur=94590 
[mono_ns=7230104403855474][T0xf70edd0db020][TIMING] emit_host_span: [STRACE] v=1 pid=140065 tid=140065 inv=6 hid=18569ca3d99bdfe2 depth=2 name=chip.run.bind.prebuilt ts=7230104403849634 dur=3390 
[mono_ns=7230104403860004][T0xf70edd0db020][TIMING] emit_host_span: [STRACE] v=1 pid=140065 tid=140065 inv=6 hid=18569ca3d99bdfe2 depth=1 name=chip.run.bind ts=7230104403730064 dur=127970 
[mono_ns=7230104405104411][T0xf70d94a3cca0][WARN] copy_aicore_buffer: [chip_swimlane_collector.cpp:689] Core 0: skipped 1024 AICore record slot(s) with start_time=0 (race-window write or recycled-buffer tail). buf seq=0 count=1024
[mono_ns=7230104405136871][T0xf70d845a9ca0][WARN] copy_aicore_buffer: [chip_swimlane_collector.cpp:689] Core 2: skipped 1024 AICore record slot(s) with start_time=0 (race-window write or recycled-buffer tail). buf seq=0 count=1024
[mono_ns=7230104405147361][T0xf70d84db9ca0][WARN] copy_aicore_buffer: [chip_swimlane_collector.cpp:689] Core 1: skipped 1024 AICore record slot(s) with start_time=0 (race-window write or recycled-buffer tail). buf seq=0 count=1024
[mono_ns=7230104405409123][T0xf70d94a3cca0][WARN] copy_aicore_buffer: [chip_swimlane_collector.cpp:689] Core 24: skipped 1024 AICore record slot(s) with start_time=0 (race-window write or recycled-buffer tail). buf seq=0 count=1024
[mono_ns=7230104405434983][T0xf70d84db9ca0][WARN] copy_aicore_buffer: [chip_swimlane_collector.cpp:689] Core 26: skipped 1023 AICore record slot(s) with start_time=0 (race-window write or recycled-buffer tail). buf seq=0 count=1024
[mono_ns=7230104405421953][T0xf70d845a9ca0][WARN] copy_aicore_buffer: [chip_swimlane_collector.cpp:689] Core 28: skipped 1022 AICore record slot(s) with start_time=0 (race-window write or recycled-buffer tail). buf seq=0 count=1024
[mono_ns=7230104405695944][T0xf70d94a3cca0][WARN] copy_aicore_buffer: [chip_swimlane_collector.cpp:689] Core 25: skipped 1024 AICore record slot(s) with start_time=0 (race-window write or recycled-buffer tail). buf seq=0 count=1024
[mono_ns=7230104405714174][T0xf70d84db9ca0][WARN] copy_aicore_buffer: [chip_swimlane_collector.cpp:689] Core 27: skipped 1024 AICore record slot(s) with start_time=0 (race-window write or recycled-buffer tail). buf seq=0 count=1024
[mono_ns=7230104405745234][T0xf70d845a9ca0][WARN] copy_aicore_buffer: [chip_swimlane_collector.cpp:689] Core 29: skipped 1024 AICore record slot(s) with start_time=0 (race-window write or recycled-buffer tail). buf seq=0 count=1024
[mono_ns=7230104405981746][T0xf70d94a3cca0][WARN] copy_aicore_buffer: [chip_swimlane_collector.cpp:689] Core 3: skipped 1024 AICore record slot(s) with start_time=0 (race-window write or recycled-buffer tail). buf seq=0 count=1024
[mono_ns=7230104405994666][T0xf70d84db9ca0][WARN] copy_aicore_buffer: [chip_swimlane_collector.cpp:689] Core 4: skipped 1024 AICore record slot(s) with start_time=0 (race-window write or recycled-buffer tail). buf seq=0 count=1024
[mono_ns=7230104406039626][T0xf70d845a9ca0][WARN] copy_aicore_buffer: [chip_swimlane_collector.cpp:689] Core 5: skipped 1024 AICore record slot(s) with start_time=0 (race-window write or recycled-buffer tail). buf seq=0 count=1024
[mono_ns=7230104406275977][T0xf70d94a3cca0][WARN] copy_aicore_buffer: [chip_swimlane_collector.cpp:689] Core 30: skipped 1024 AICore record slot(s) with start_time=0 (race-window write or recycled-buffer tail). buf seq=0 count=1024
[mono_ns=7230104406284117][T0xf70d84db9ca0][WARN] copy_aicore_buffer: [chip_swimlane_collector.cpp:689] Core 32: skipped 1024 AICore record slot(s) with start_time=0 (race-window write or recycled-buffer tail). buf seq=0 count=1024
[mono_ns=7230104406356588][T0xf70d845a9ca0][WARN] copy_aicore_buffer: [chip_swimlane_collector.cpp:689] Core 34: skipped 1024 AICore record slot(s) with start_time=0 (race-window write or recycled-buffer tail). buf seq=0 count=1024
[mono_ns=7230104406562309][T0xf70d94a3cca0][WARN] copy_aicore_buffer: [chip_swimlane_collector.cpp:689] Core 31: skipped 1024 AICore record slot(s) with start_time=0 (race-window write or recycled-buffer tail). buf seq=0 count=1024
[mono_ns=7230104406562889][T0xf70d84db9ca0][WARN] copy_aicore_buffer: [chip_swimlane_collector.cpp:689] Core 33: skipped 1024 AICore record slot(s) with start_time=0 (race-window write or recycled-buffer tail). buf seq=0 count=1024
[mono_ns=7230104406639819][T0xf70d845a9ca0][WARN] copy_aicore_buffer: [chip_swimlane_collector.cpp:689] Core 35: skipped 1024 AICore record slot(s) with start_time=0 (race-window write or recycled-buffer tail). buf seq=0 count=1024
[mono_ns=7230104406845770][T0xf70d94a3cca0][WARN] copy_aicore_buffer: [chip_swimlane_collector.cpp:689] Core 6: skipped 1024 AICore record slot(s) with start_time=0 (race-window write or recycled-buffer tail). buf seq=0 count=1024
[mono_ns=7230104406845740][T0xf70d84db9ca0][WARN] copy_aicore_buffer: [chip_swimlane_collector.cpp:689] Core 7: skipped 1024 AICore record slot(s) with start_time=0 (race-window write or recycled-buffer tail). buf seq=0 count=1024
[mono_ns=7230104406922031][T0xf70d845a9ca0][WARN] copy_aicore_buffer: [chip_swimlane_collector.cpp:689] Core 8: skipped 1024 AICore record slot(s) with start_time=0 (race-window write or recycled-buffer tail). buf seq=0 count=1024
[mono_ns=7230104407138732][T0xf70d94a3cca0][WARN] copy_aicore_buffer: [chip_swimlane_collector.cpp:689] Core 36: skipped 1024 AICore record slot(s) with start_time=0 (race-window write or recycled-buffer tail). buf seq=0 count=1024
[mono_ns=7230104407169602][T0xf70d84db9ca0][WARN] copy_aicore_buffer: [chip_swimlane_collector.cpp:689] Core 38: skipped 1024 AICore record slot(s) with start_time=0 (race-window write or recycled-buffer tail). buf seq=0 count=1024
[mono_ns=7230104407213492][T0xf70d845a9ca0][WARN] copy_aicore_buffer: [chip_swimlane_collector.cpp:689] Core 40: skipped 1024 AICore record slot(s) with start_time=0 (race-window write or recycled-buffer tail). buf seq=0 count=1024
[mono_ns=7230104407423893][T0xf70d94a3cca0][WARN] copy_aicore_buffer: [chip_swimlane_collector.cpp:689] Core 37: skipped 1024 AICore record slot(s) with start_time=0 (race-window write or recycled-buffer tail). buf seq=0 count=1024
[mono_ns=7230104407452484][T0xf70d84db9ca0][WARN] copy_aicore_buffer: [chip_swimlane_collector.cpp:689] Core 39: skipped 1024 AICore record slot(s) with start_time=0 (race-window write or recycled-buffer tail). buf seq=0 count=1024
[mono_ns=7230104407495884][T0xf70d845a9ca0][WARN] copy_aicore_buffer: [chip_swimlane_collector.cpp:689] Core 41: skipped 1024 AICore record slot(s) with start_time=0 (race-window write or recycled-buffer tail). buf seq=0 count=1024
[mono_ns=7230104407708875][T0xf70d94a3cca0][WARN] copy_aicore_buffer: [chip_swimlane_collector.cpp:689] Core 9: skipped 1024 AICore record slot(s) with start_time=0 (race-window write or recycled-buffer tail). buf seq=0 count=1024
[mono_ns=7230104407735935][T0xf70d84db9ca0][WARN] copy_aicore_buffer: [chip_swimlane_collector.cpp:689] Core 10: skipped 1024 AICore record slot(s) with start_time=0 (race-window write or recycled-buffer tail). buf seq=0 count=1024
[mono_ns=7230104407779815][T0xf70d845a9ca0][WARN] copy_aicore_buffer: [chip_swimlane_collector.cpp:689] Core 11: skipped 1024 AICore record slot(s) with start_time=0 (race-window write or recycled-buffer tail). buf seq=0 count=1024
[mono_ns=7230104407993456][T0xf70d94a3cca0][WARN] copy_aicore_buffer: [chip_swimlane_collector.cpp:689] Core 42: skipped 1024 AICore record slot(s) with start_time=0 (race-window write or recycled-buffer tail). buf seq=0 count=1024
[mono_ns=7230104408034787][T0xf70d84db9ca0][WARN] copy_aicore_buffer: [chip_swimlane_collector.cpp:689] Core 44: skipped 1024 AICore record slot(s) with start_time=0 (race-window write or recycled-buffer tail). buf seq=0 count=1024
[mono_ns=7230104408078997][T0xf70d845a9ca0][WARN] copy_aicore_buffer: [chip_swimlane_collector.cpp:689] Core 46: skipped 1024 AICore record slot(s) with start_time=0 (race-window write or recycled-buffer tail). buf seq=0 count=1024
[mono_ns=7230104408289278][T0xf70d94a3cca0][WARN] copy_aicore_buffer: [chip_swimlane_collector.cpp:689] Core 43: skipped 1024 AICore record slot(s) with start_time=0 (race-window write or recycled-buffer tail). buf seq=0 count=1024
[mono_ns=7230104408318088][T0xf70d84db9ca0][WARN] copy_aicore_buffer: [chip_swimlane_collector.cpp:689] Core 45: skipped 1024 AICore record slot(s) with start_time=0 (race-window write or recycled-buffer tail). buf seq=0 count=1024
[mono_ns=7230104408361158][T0xf70d845a9ca0][WARN] copy_aicore_buffer: [chip_swimlane_collector.cpp:689] Core 47: skipped 1024 AICore record slot(s) with start_time=0 (race-window write or recycled-buffer tail). buf seq=0 count=1024
[mono_ns=7230104408575030][T0xf70d94a3cca0][WARN] copy_aicore_buffer: [chip_swimlane_collector.cpp:689] Core 12: skipped 1024 AICore record slot(s) with start_time=0 (race-window write or recycled-buffer tail). buf seq=0 count=1024
[mono_ns=7230104408600680][T0xf70d84db9ca0][WARN] copy_aicore_buffer: [chip_swimlane_collector.cpp:689] Core 13: skipped 1024 AICore record slot(s) with start_time=0 (race-window write or recycled-buffer tail). buf seq=0 count=1024
[mono_ns=7230104408645290][T0xf70d845a9ca0][WARN] copy_aicore_buffer: [chip_swimlane_collector.cpp:689] Core 14: skipped 1024 AICore record slot(s) with start_time=0 (race-window write or recycled-buffer tail). buf seq=0 count=1024
[mono_ns=7230104408860351][T0xf70d94a3cca0][WARN] copy_aicore_buffer: [chip_swimlane_collector.cpp:689] Core 48: skipped 1024 AICore record slot(s) with start_time=0 (race-window write or recycled-buffer tail). buf seq=0 count=1024
[mono_ns=7230104408884171][T0xf70d84db9ca0][WARN] copy_aicore_buffer: [chip_swimlane_collector.cpp:689] Core 50: skipped 1024 AICore record slot(s) with start_time=0 (race-window write or recycled-buffer tail). buf seq=0 count=1024
[mono_ns=7230104408928391][T0xf70d845a9ca0][WARN] copy_aicore_buffer: [chip_swimlane_collector.cpp:689] Core 52: skipped 1024 AICore record slot(s) with start_time=0 (race-window write or recycled-buffer tail). buf seq=0 count=1024
[mono_ns=7230104409150853][T0xf70d94a3cca0][WARN] copy_aicore_buffer: [chip_swimlane_collector.cpp:689] Core 49: skipped 1024 AICore record slot(s) with start_time=0 (race-window write or recycled-buffer tail). buf seq=0 count=1024
[mono_ns=7230104409180473][T0xf70d84db9ca0][WARN] copy_aicore_buffer: [chip_swimlane_collector.cpp:689] Core 51: skipped 1024 AICore record slot(s) with start_time=0 (race-window write or recycled-buffer tail). buf seq=0 count=1024
[mono_ns=7230104409225423][T0xf70d845a9ca0][WARN] copy_aicore_buffer: [chip_swimlane_collector.cpp:689] Core 53: skipped 1024 AICore record slot(s) with start_time=0 (race-window write or recycled-buffer tail). buf seq=0 count=1024
[mono_ns=7230104409435594][T0xf70d94a3cca0][WARN] copy_aicore_buffer: [chip_swimlane_collector.cpp:689] Core 15: skipped 1024 AICore record slot(s) with start_time=0 (race-window write or recycled-buffer tail). buf seq=0 count=1024
[mono_ns=7230104409463194][T0xf70d84db9ca0][WARN] copy_aicore_buffer: [chip_swimlane_collector.cpp:689] Core 16: skipped 1024 AICore record slot(s) with start_time=0 (race-window write or recycled-buffer tail). buf seq=0 count=1024
[mono_ns=7230104409508785][T0xf70d845a9ca0][WARN] copy_aicore_buffer: [chip_swimlane_collector.cpp:689] Core 17: skipped 1024 AICore record slot(s) with start_time=0 (race-window write or recycled-buffer tail). buf seq=0 count=1024
[mono_ns=7230104409738136][T0xf70d94a3cca0][WARN] copy_aicore_buffer: [chip_swimlane_collector.cpp:689] Core 54: skipped 1024 AICore record slot(s) with start_time=0 (race-window write or recycled-buffer tail). buf seq=0 count=1024
[mono_ns=7230104409760006][T0xf70d84db9ca0][WARN] copy_aicore_buffer: [chip_swimlane_collector.cpp:689] Core 56: skipped 1024 AICore record slot(s) with start_time=0 (race-window write or recycled-buffer tail). buf seq=0 count=1024
[mono_ns=7230104409805246][T0xf70d845a9ca0][WARN] copy_aicore_buffer: [chip_swimlane_collector.cpp:689] Core 58: skipped 1024 AICore record slot(s) with start_time=0 (race-window write or recycled-buffer tail). buf seq=0 count=1024
[mono_ns=7230104410079038][T0xf70d94a3cca0][WARN] copy_aicore_buffer: [chip_swimlane_collector.cpp:689] Core 55: skipped 1024 AICore record slot(s) with start_time=0 (race-window write or recycled-buffer tail). buf seq=0 count=1024
[mono_ns=7230104410090668][T0xf70d84db9ca0][WARN] copy_aicore_buffer: [chip_swimlane_collector.cpp:689] Core 57: skipped 1024 AICore record slot(s) with start_time=0 (race-window write or recycled-buffer tail). buf seq=0 count=1024
[mono_ns=7230104410153098][T0xf70d845a9ca0][WARN] copy_aicore_buffer: [chip_swimlane_collector.cpp:689] Core 59: skipped 1024 AICore record slot(s) with start_time=0 (race-window write or recycled-buffer tail). buf seq=0 count=1024
[mono_ns=7230104410377709][T0xf70d94a3cca0][WARN] copy_aicore_buffer: [chip_swimlane_collector.cpp:689] Core 18: skipped 1024 AICore record slot(s) with start_time=0 (race-window write or recycled-buffer tail). buf seq=0 count=1024
[mono_ns=7230104410384549][T0xf70d84db9ca0][WARN] copy_aicore_buffer: [chip_swimlane_collector.cpp:689] Core 19: skipped 1024 AICore record slot(s) with start_time=0 (race-window write or recycled-buffer tail). buf seq=0 count=1024
[mono_ns=7230104410445970][T0xf70d845a9ca0][WARN] copy_aicore_buffer: [chip_swimlane_collector.cpp:689] Core 20: skipped 1024 AICore record slot(s) with start_time=0 (race-window write or recycled-buffer tail). buf seq=0 count=1024
[mono_ns=7230104410677981][T0xf70d94a3cca0][WARN] copy_aicore_buffer: [chip_swimlane_collector.cpp:689] Core 60: skipped 1024 AICore record slot(s) with start_time=0 (race-window write or recycled-buffer tail). buf seq=0 count=1024
[mono_ns=7230104410685311][T0xf70d84db9ca0][WARN] copy_aicore_buffer: [chip_swimlane_collector.cpp:689] Core 62: skipped 1024 AICore record slot(s) with start_time=0 (race-window write or recycled-buffer tail). buf seq=0 count=1024
[mono_ns=7230104410740761][T0xf70d845a9ca0][WARN] copy_aicore_buffer: [chip_swimlane_collector.cpp:689] Core 64: skipped 1024 AICore record slot(s) with start_time=0 (race-window write or recycled-buffer tail). buf seq=0 count=1024
[mono_ns=7230104410981252][T0xf70d94a3cca0][WARN] copy_aicore_buffer: [chip_swimlane_collector.cpp:689] Core 61: skipped 1024 AICore record slot(s) with start_time=0 (race-window write or recycled-buffer tail). buf seq=0 count=1024
[mono_ns=7230104411018873][T0xf70d84db9ca0][WARN] copy_aicore_buffer: [chip_swimlane_collector.cpp:689] Core 63: skipped 1024 AICore record slot(s) with start_time=0 (race-window write or recycled-buffer tail). buf seq=0 count=1024
[mono_ns=7230104411042503][T0xf70d845a9ca0][WARN] copy_aicore_buffer: [chip_swimlane_collector.cpp:689] Core 65: skipped 1024 AICore record slot(s) with start_time=0 (race-window write or recycled-buffer tail). buf seq=0 count=1024
[mono_ns=7230104411286074][T0xf70d94a3cca0][WARN] copy_aicore_buffer: [chip_swimlane_collector.cpp:689] Core 21: skipped 1024 AICore record slot(s) with start_time=0 (race-window write or recycled-buffer tail). buf seq=0 count=1024
[mono_ns=7230104411320204][T0xf70d84db9ca0][WARN] copy_aicore_buffer: [chip_swimlane_collector.cpp:689] Core 22: skipped 1024 AICore record slot(s) with start_time=0 (race-window write or recycled-buffer tail). buf seq=0 count=1024
[mono_ns=7230104411343634][T0xf70d845a9ca0][WARN] copy_aicore_buffer: [chip_swimlane_collector.cpp:689] Core 23: skipped 1024 AICore record slot(s) with start_time=0 (race-window write or recycled-buffer tail). buf seq=0 count=1024
[mono_ns=7230104411588066][T0xf70d94a3cca0][WARN] copy_aicore_buffer: [chip_swimlane_collector.cpp:689] Core 66: skipped 1024 AICore record slot(s) with start_time=0 (race-window write or recycled-buffer tail). buf seq=0 count=1024
[mono_ns=7230104411614506][T0xf70d84db9ca0][WARN] copy_aicore_buffer: [chip_swimlane_collector.cpp:689] Core 68: skipped 1024 AICore record slot(s) with start_time=0 (race-window write or recycled-buffer tail). buf seq=0 count=1024
[mono_ns=7230104411640756][T0xf70d845a9ca0][WARN] copy_aicore_buffer: [chip_swimlane_collector.cpp:689] Core 70: skipped 1024 AICore record slot(s) with start_time=0 (race-window write or recycled-buffer tail). buf seq=0 count=1024
[mono_ns=7230104411887147][T0xf70d94a3cca0][WARN] copy_aicore_buffer: [chip_swimlane_collector.cpp:689] Core 67: skipped 1024 AICore record slot(s) with start_time=0 (race-window write or recycled-buffer tail). buf seq=0 count=1024
[mono_ns=7230104411904377][T0xf70d84db9ca0][WARN] copy_aicore_buffer: [chip_swimlane_collector.cpp:689] Core 69: skipped 1024 AICore record slot(s) with start_time=0 (race-window write or recycled-buffer tail). buf seq=0 count=1024
[mono_ns=7230104411941878][T0xf70d845a9ca0][WARN] copy_aicore_buffer: [chip_swimlane_collector.cpp:689] Core 71: skipped 1024 AICore record slot(s) with start_time=0 (race-window write or recycled-buffer tail). buf seq=0 count=1024
[mono_ns=7230104512608234][T0xf70edd0db020][TIMING] emit_host_span: [STRACE] v=1 pid=140065 tid=140065 inv=6 hid=18569ca3d99bdfe2 depth=1 name=chip.run.runner_run ts=7230104404404067 dur=108198437 
[mono_ns=7230104512682595][T0xf70edd0db020][TIMING] emit_host_span: [STRACE] v=1 pid=140065 tid=140065 inv=6 hid=18569ca3d99bdfe2 depth=1 name=chip.run.validate ts=7230104512619714 dur=59611 
[mono_ns=7230104512692975][T0xf70edd0db020][TIMING] emit_host_span: [STRACE] v=1 pid=140065 tid=140065 inv=6 hid=18569ca3d99bdfe2 depth=2 name=chip.run.runner_run.device_wall ts=0 dur=193560 clk=dev
[mono_ns=7230104512723825][T0xf70edd0db020][TIMING] emit_host_span: [STRACE] v=1 pid=140065 tid=140065 inv=6 hid=18569ca3d99bdfe2 depth=3 name=chip.run.runner_run.device_wall.preamble ts=0 dur=104140 clk=dev
[mono_ns=7230104512727955][T0xf70edd0db020][TIMING] emit_host_span: [STRACE] v=1 pid=140065 tid=140065 inv=6 hid=18569ca3d99bdfe2 depth=3 name=chip.run.runner_run.device_wall.graph_build ts=100420 dur=82200 clk=dev
[mono_ns=7230104512731765][T0xf70edd0db020][TIMING] emit_host_span: [STRACE] v=1 pid=140065 tid=140065 inv=6 hid=18569ca3d99bdfe2 depth=3 name=chip.run.runner_run.device_wall.config_validate ts=100860 dur=580 clk=dev
[mono_ns=7230104512735305][T0xf70edd0db020][TIMING] emit_host_span: [STRACE] v=1 pid=140065 tid=140065 inv=6 hid=18569ca3d99bdfe2 depth=3 name=chip.run.runner_run.device_wall.arena_wire ts=101480 dur=320 clk=dev
[mono_ns=7230104512739955][T0xf70edd0db020][TIMING] emit_host_span: [STRACE] v=1 pid=140065 tid=140065 inv=6 hid=18569ca3d99bdfe2 depth=3 name=chip.run.runner_run.device_wall.sm_reset ts=101820 dur=560 clk=dev
[mono_ns=7230104512743825][T0xf70edd0db020][TIMING] emit_host_span: [STRACE] v=1 pid=140065 tid=140065 inv=6 hid=18569ca3d99bdfe2 depth=3 name=chip.run.runner_run.device_wall.post_orch ts=182660 dur=10720 clk=dev
[mono_ns=7230104512747495][T0xf70edd0db020][TIMING] emit_host_span: [STRACE] v=1 pid=140065 tid=140065 inv=6 hid=18569ca3d99bdfe2 depth=3 name=chip.run.runner_run.device_wall.orch ts=102420 dur=3360 clk=dev
[mono_ns=7230104512775255][T0xf70edd0db020][TIMING] emit_host_span: [STRACE] v=1 pid=140065 tid=140065 inv=6 hid=18569ca3d99bdfe2 depth=3 name=chip.run.runner_run.device_wall.sched ts=104440 dur=53220 clk=dev
[mono_ns=7230104512779855][T0xf70edd0db020][TIMING] emit_host_span: [STRACE] v=1 pid=140065 tid=140065 inv=6 hid=18569ca3d99bdfe2 depth=1 name=chip.run.claim_release ts=7230104512777655 dur=380 
[mono_ns=7230104512784515][T0xf70edd0db020][TIMING] emit_host_span: [STRACE] v=1 pid=140065 tid=140065 inv=6 hid=18569ca3d99bdfe2 depth=0 name=chip.run ts=7230104403699624 dur=109082871 run_id=6 dispatch_id=6 slot_id=0 generation=6 run_epoch=6
