[mono_ns=7230505091056205][T0xfb389d23b020][TIMING] emit_host_span: [STRACE] v=1 pid=301848 tid=301848 inv=1 hid=f73637d0bd98c32d depth=2 name=chip.run.bind.args ts=7230505090947155 dur=103550 
[mono_ns=7230505091073425][T0xfb389d23b020][TIMING] emit_host_span: [STRACE] v=1 pid=301848 tid=301848 inv=1 hid=f73637d0bd98c32d depth=2 name=chip.run.bind.prebuilt ts=7230505091067045 dur=3010 
[mono_ns=7230505091078495][T0xfb389d23b020][TIMING] emit_host_span: [STRACE] v=1 pid=301848 tid=301848 inv=1 hid=f73637d0bd98c32d depth=1 name=chip.run.bind ts=7230505090538857 dur=537358 
[mono_ns=7230505205079215][T0xfb389d23b020][TIMING] emit_host_span: [STRACE] v=1 pid=301848 tid=301848 inv=1 hid=f73637d0bd98c32d depth=1 name=chip.run.runner_run ts=7230505091667263 dur=113399512 
[mono_ns=7230505205189965][T0xfb389d23b020][TIMING] emit_host_span: [STRACE] v=1 pid=301848 tid=301848 inv=1 hid=f73637d0bd98c32d depth=1 name=chip.run.validate ts=7230505205093205 dur=92950 
[mono_ns=7230505205199225][T0xfb389d23b020][TIMING] emit_host_span: [STRACE] v=1 pid=301848 tid=301848 inv=1 hid=f73637d0bd98c32d depth=2 name=chip.run.runner_run.device_wall ts=0 dur=6735120 clk=dev
[mono_ns=7230505205204615][T0xfb389d23b020][TIMING] emit_host_span: [STRACE] v=1 pid=301848 tid=301848 inv=1 hid=f73637d0bd98c32d depth=3 name=chip.run.runner_run.device_wall.preamble ts=0 dur=163560 clk=dev
[mono_ns=7230505205208445][T0xfb389d23b020][TIMING] emit_host_span: [STRACE] v=1 pid=301848 tid=301848 inv=1 hid=f73637d0bd98c32d depth=3 name=chip.run.runner_run.device_wall.graph_build ts=38800 dur=6674960 clk=dev
[mono_ns=7230505205212305][T0xfb389d23b020][TIMING] emit_host_span: [STRACE] v=1 pid=301848 tid=301848 inv=1 hid=f73637d0bd98c32d depth=3 name=chip.run.runner_run.device_wall.config_validate ts=42600 dur=3260 clk=dev
[mono_ns=7230505205215785][T0xfb389d23b020][TIMING] emit_host_span: [STRACE] v=1 pid=301848 tid=301848 inv=1 hid=f73637d0bd98c32d depth=3 name=chip.run.runner_run.device_wall.arena_wire ts=45900 dur=11920 clk=dev
[mono_ns=7230505205219215][T0xfb389d23b020][TIMING] emit_host_span: [STRACE] v=1 pid=301848 tid=301848 inv=1 hid=f73637d0bd98c32d depth=3 name=chip.run.runner_run.device_wall.sm_reset ts=57840 dur=17860 clk=dev
[mono_ns=7230505205222685][T0xfb389d23b020][TIMING] emit_host_span: [STRACE] v=1 pid=301848 tid=301848 inv=1 hid=f73637d0bd98c32d depth=3 name=chip.run.runner_run.device_wall.post_orch ts=6713820 dur=17300 clk=dev
[mono_ns=7230505205225805][T0xfb389d23b020][TIMING] emit_host_span: [STRACE] v=1 pid=301848 tid=301848 inv=1 hid=f73637d0bd98c32d depth=3 name=chip.run.runner_run.device_wall.orch ts=81160 dur=45280 clk=dev
[mono_ns=7230505205229425][T0xfb389d23b020][TIMING] emit_host_span: [STRACE] v=1 pid=301848 tid=301848 inv=1 hid=f73637d0bd98c32d depth=3 name=chip.run.runner_run.device_wall.sched ts=165280 dur=6526240 clk=dev
[mono_ns=7230505205234875][T0xfb389d23b020][TIMING] emit_host_span: [STRACE] v=1 pid=301848 tid=301848 inv=1 hid=f73637d0bd98c32d depth=1 name=chip.run.claim_release ts=7230505205232505 dur=540 
[mono_ns=7230505205242404][T0xfb389d23b020][TIMING] emit_host_span: [STRACE] v=1 pid=301848 tid=301848 inv=1 hid=f73637d0bd98c32d depth=0 name=chip.run ts=7230505090513797 dur=114726547 run_id=1 dispatch_id=1 slot_id=0 generation=1 run_epoch=1
[mono_ns=7230505227695860][T0xfb389d23b020][TIMING] emit_host_span: [STRACE] v=1 pid=301848 tid=301848 inv=2 hid=f73637d0bd98c32d depth=2 name=chip.run.bind.args ts=7230505227575710 dur=114820 
[mono_ns=7230505227712080][T0xfb389d23b020][TIMING] emit_host_span: [STRACE] v=1 pid=301848 tid=301848 inv=2 hid=f73637d0bd98c32d depth=2 name=chip.run.bind.prebuilt ts=7230505227705870 dur=3940 
[mono_ns=7230505227716750][T0xfb389d23b020][TIMING] emit_host_span: [STRACE] v=1 pid=301848 tid=301848 inv=2 hid=f73637d0bd98c32d depth=1 name=chip.run.bind ts=7230505227564010 dur=150820 
[mono_ns=7230505295467084][T0xfb373ffbeca0][WARN] copy_aicore_buffer: [chip_swimlane_collector.cpp:689] Core 1: skipped 1024 AICore record slot(s) with start_time=0 (race-window write or recycled-buffer tail). buf seq=0 count=1024
[mono_ns=7230505295476954][T0xfb37549ecca0][WARN] copy_aicore_buffer: [chip_swimlane_collector.cpp:689] Core 0: skipped 1024 AICore record slot(s) with start_time=0 (race-window write or recycled-buffer tail). buf seq=0 count=1024
[mono_ns=7230505295493424][T0xfb373f7aeca0][WARN] copy_aicore_buffer: [chip_swimlane_collector.cpp:689] Core 2: skipped 1024 AICore record slot(s) with start_time=0 (race-window write or recycled-buffer tail). buf seq=0 count=1024
[mono_ns=7230505295771243][T0xfb37549ecca0][WARN] copy_aicore_buffer: [chip_swimlane_collector.cpp:689] Core 24: skipped 1024 AICore record slot(s) with start_time=0 (race-window write or recycled-buffer tail). buf seq=0 count=1024
[mono_ns=7230505295773353][T0xfb373ffbeca0][WARN] copy_aicore_buffer: [chip_swimlane_collector.cpp:689] Core 26: skipped 1024 AICore record slot(s) with start_time=0 (race-window write or recycled-buffer tail). buf seq=0 count=1024
[mono_ns=7230505295783113][T0xfb373f7aeca0][WARN] copy_aicore_buffer: [chip_swimlane_collector.cpp:689] Core 28: skipped 1021 AICore record slot(s) with start_time=0 (race-window write or recycled-buffer tail). buf seq=0 count=1024
[mono_ns=7230505296089802][T0xfb37549ecca0][WARN] copy_aicore_buffer: [chip_swimlane_collector.cpp:689] Core 25: skipped 1024 AICore record slot(s) with start_time=0 (race-window write or recycled-buffer tail). buf seq=0 count=1024
[mono_ns=7230505296092622][T0xfb373f7aeca0][WARN] copy_aicore_buffer: [chip_swimlane_collector.cpp:689] Core 29: skipped 1024 AICore record slot(s) with start_time=0 (race-window write or recycled-buffer tail). buf seq=0 count=1024
[mono_ns=7230505296096832][T0xfb373ffbeca0][WARN] copy_aicore_buffer: [chip_swimlane_collector.cpp:689] Core 27: skipped 1024 AICore record slot(s) with start_time=0 (race-window write or recycled-buffer tail). buf seq=0 count=1024
[mono_ns=7230505296458130][T0xfb37549ecca0][WARN] copy_aicore_buffer: [chip_swimlane_collector.cpp:689] Core 3: skipped 1024 AICore record slot(s) with start_time=0 (race-window write or recycled-buffer tail). buf seq=0 count=1024
[mono_ns=7230505296459090][T0xfb373f7aeca0][WARN] copy_aicore_buffer: [chip_swimlane_collector.cpp:689] Core 5: skipped 1024 AICore record slot(s) with start_time=0 (race-window write or recycled-buffer tail). buf seq=0 count=1024
[mono_ns=7230505296467140][T0xfb373ffbeca0][WARN] copy_aicore_buffer: [chip_swimlane_collector.cpp:689] Core 4: skipped 1024 AICore record slot(s) with start_time=0 (race-window write or recycled-buffer tail). buf seq=0 count=1024
[mono_ns=7230505296752149][T0xfb373f7aeca0][WARN] copy_aicore_buffer: [chip_swimlane_collector.cpp:689] Core 34: skipped 1024 AICore record slot(s) with start_time=0 (race-window write or recycled-buffer tail). buf seq=0 count=1024
[mono_ns=7230505296761369][T0xfb37549ecca0][WARN] copy_aicore_buffer: [chip_swimlane_collector.cpp:689] Core 30: skipped 1024 AICore record slot(s) with start_time=0 (race-window write or recycled-buffer tail). buf seq=0 count=1024
[mono_ns=7230505296779789][T0xfb373ffbeca0][WARN] copy_aicore_buffer: [chip_swimlane_collector.cpp:689] Core 32: skipped 1024 AICore record slot(s) with start_time=0 (race-window write or recycled-buffer tail). buf seq=0 count=1024
[mono_ns=7230505297063768][T0xfb373f7aeca0][WARN] copy_aicore_buffer: [chip_swimlane_collector.cpp:689] Core 35: skipped 1024 AICore record slot(s) with start_time=0 (race-window write or recycled-buffer tail). buf seq=0 count=1024
[mono_ns=7230505297073188][T0xfb37549ecca0][WARN] copy_aicore_buffer: [chip_swimlane_collector.cpp:689] Core 31: skipped 1024 AICore record slot(s) with start_time=0 (race-window write or recycled-buffer tail). buf seq=0 count=1024
[mono_ns=7230505297094068][T0xfb373ffbeca0][WARN] copy_aicore_buffer: [chip_swimlane_collector.cpp:689] Core 33: skipped 1024 AICore record slot(s) with start_time=0 (race-window write or recycled-buffer tail). buf seq=0 count=1024
[mono_ns=7230505297355797][T0xfb373f7aeca0][WARN] copy_aicore_buffer: [chip_swimlane_collector.cpp:689] Core 8: skipped 1024 AICore record slot(s) with start_time=0 (race-window write or recycled-buffer tail). buf seq=0 count=1024
[mono_ns=7230505297362077][T0xfb37549ecca0][WARN] copy_aicore_buffer: [chip_swimlane_collector.cpp:689] Core 6: skipped 1024 AICore record slot(s) with start_time=0 (race-window write or recycled-buffer tail). buf seq=0 count=1024
[mono_ns=7230505297395657][T0xfb373ffbeca0][WARN] copy_aicore_buffer: [chip_swimlane_collector.cpp:689] Core 7: skipped 1024 AICore record slot(s) with start_time=0 (race-window write or recycled-buffer tail). buf seq=0 count=1024
[mono_ns=7230505297651756][T0xfb373f7aeca0][WARN] copy_aicore_buffer: [chip_swimlane_collector.cpp:689] Core 40: skipped 1024 AICore record slot(s) with start_time=0 (race-window write or recycled-buffer tail). buf seq=0 count=1024
[mono_ns=7230505297652096][T0xfb37549ecca0][WARN] copy_aicore_buffer: [chip_swimlane_collector.cpp:689] Core 36: skipped 1024 AICore record slot(s) with start_time=0 (race-window write or recycled-buffer tail). buf seq=0 count=1024
[mono_ns=7230505297694716][T0xfb373ffbeca0][WARN] copy_aicore_buffer: [chip_swimlane_collector.cpp:689] Core 38: skipped 1024 AICore record slot(s) with start_time=0 (race-window write or recycled-buffer tail). buf seq=0 count=1024
[mono_ns=7230505297943695][T0xfb37549ecca0][WARN] copy_aicore_buffer: [chip_swimlane_collector.cpp:689] Core 37: skipped 1024 AICore record slot(s) with start_time=0 (race-window write or recycled-buffer tail). buf seq=0 count=1024
[mono_ns=7230505297947445][T0xfb373f7aeca0][WARN] copy_aicore_buffer: [chip_swimlane_collector.cpp:689] Core 41: skipped 1024 AICore record slot(s) with start_time=0 (race-window write or recycled-buffer tail). buf seq=0 count=1024
[mono_ns=7230505297995175][T0xfb373ffbeca0][WARN] copy_aicore_buffer: [chip_swimlane_collector.cpp:689] Core 39: skipped 1024 AICore record slot(s) with start_time=0 (race-window write or recycled-buffer tail). buf seq=0 count=1024
[mono_ns=7230505298244204][T0xfb37549ecca0][WARN] copy_aicore_buffer: [chip_swimlane_collector.cpp:689] Core 9: skipped 1024 AICore record slot(s) with start_time=0 (race-window write or recycled-buffer tail). buf seq=0 count=1024
[mono_ns=7230505298248484][T0xfb373f7aeca0][WARN] copy_aicore_buffer: [chip_swimlane_collector.cpp:689] Core 11: skipped 1024 AICore record slot(s) with start_time=0 (race-window write or recycled-buffer tail). buf seq=0 count=1024
[mono_ns=7230505298353994][T0xfb373ffbeca0][WARN] copy_aicore_buffer: [chip_swimlane_collector.cpp:689] Core 10: skipped 1024 AICore record slot(s) with start_time=0 (race-window write or recycled-buffer tail). buf seq=0 count=1024
[mono_ns=7230505298535993][T0xfb37549ecca0][WARN] copy_aicore_buffer: [chip_swimlane_collector.cpp:689] Core 42: skipped 1024 AICore record slot(s) with start_time=0 (race-window write or recycled-buffer tail). buf seq=0 count=1024
[mono_ns=7230505298542603][T0xfb373f7aeca0][WARN] copy_aicore_buffer: [chip_swimlane_collector.cpp:689] Core 46: skipped 1024 AICore record slot(s) with start_time=0 (race-window write or recycled-buffer tail). buf seq=0 count=1024
[mono_ns=7230505298657093][T0xfb373ffbeca0][WARN] copy_aicore_buffer: [chip_swimlane_collector.cpp:689] Core 44: skipped 1024 AICore record slot(s) with start_time=0 (race-window write or recycled-buffer tail). buf seq=0 count=1024
[mono_ns=7230505298825003][T0xfb37549ecca0][WARN] copy_aicore_buffer: [chip_swimlane_collector.cpp:689] Core 43: skipped 1024 AICore record slot(s) with start_time=0 (race-window write or recycled-buffer tail). buf seq=0 count=1024
[mono_ns=7230505298831103][T0xfb373f7aeca0][WARN] copy_aicore_buffer: [chip_swimlane_collector.cpp:689] Core 47: skipped 1024 AICore record slot(s) with start_time=0 (race-window write or recycled-buffer tail). buf seq=0 count=1024
[mono_ns=7230505298957172][T0xfb373ffbeca0][WARN] copy_aicore_buffer: [chip_swimlane_collector.cpp:689] Core 45: skipped 1024 AICore record slot(s) with start_time=0 (race-window write or recycled-buffer tail). buf seq=0 count=1024
[mono_ns=7230505299124392][T0xfb37549ecca0][WARN] copy_aicore_buffer: [chip_swimlane_collector.cpp:689] Core 12: skipped 1024 AICore record slot(s) with start_time=0 (race-window write or recycled-buffer tail). buf seq=0 count=1024
[mono_ns=7230505299131192][T0xfb373f7aeca0][WARN] copy_aicore_buffer: [chip_swimlane_collector.cpp:689] Core 14: skipped 1024 AICore record slot(s) with start_time=0 (race-window write or recycled-buffer tail). buf seq=0 count=1024
[mono_ns=7230505299262261][T0xfb373ffbeca0][WARN] copy_aicore_buffer: [chip_swimlane_collector.cpp:689] Core 13: skipped 1024 AICore record slot(s) with start_time=0 (race-window write or recycled-buffer tail). buf seq=0 count=1024
[mono_ns=7230505299413861][T0xfb37549ecca0][WARN] copy_aicore_buffer: [chip_swimlane_collector.cpp:689] Core 48: skipped 1024 AICore record slot(s) with start_time=0 (race-window write or recycled-buffer tail). buf seq=0 count=1024
[mono_ns=7230505299420151][T0xfb373f7aeca0][WARN] copy_aicore_buffer: [chip_swimlane_collector.cpp:689] Core 52: skipped 1024 AICore record slot(s) with start_time=0 (race-window write or recycled-buffer tail). buf seq=0 count=1024
[mono_ns=7230505299560730][T0xfb373ffbeca0][WARN] copy_aicore_buffer: [chip_swimlane_collector.cpp:689] Core 50: skipped 1024 AICore record slot(s) with start_time=0 (race-window write or recycled-buffer tail). buf seq=0 count=1024
[mono_ns=7230505299704180][T0xfb37549ecca0][WARN] copy_aicore_buffer: [chip_swimlane_collector.cpp:689] Core 49: skipped 1024 AICore record slot(s) with start_time=0 (race-window write or recycled-buffer tail). buf seq=0 count=1024
[mono_ns=7230505299706760][T0xfb373f7aeca0][WARN] copy_aicore_buffer: [chip_swimlane_collector.cpp:689] Core 53: skipped 1024 AICore record slot(s) with start_time=0 (race-window write or recycled-buffer tail). buf seq=0 count=1024
[mono_ns=7230505299857959][T0xfb373ffbeca0][WARN] copy_aicore_buffer: [chip_swimlane_collector.cpp:689] Core 51: skipped 1024 AICore record slot(s) with start_time=0 (race-window write or recycled-buffer tail). buf seq=0 count=1024
[mono_ns=7230505299993929][T0xfb37549ecca0][WARN] copy_aicore_buffer: [chip_swimlane_collector.cpp:689] Core 15: skipped 1024 AICore record slot(s) with start_time=0 (race-window write or recycled-buffer tail). buf seq=0 count=1024
[mono_ns=7230505299995969][T0xfb373f7aeca0][WARN] copy_aicore_buffer: [chip_swimlane_collector.cpp:689] Core 17: skipped 1024 AICore record slot(s) with start_time=0 (race-window write or recycled-buffer tail). buf seq=0 count=1024
[mono_ns=7230505300167648][T0xfb373ffbeca0][WARN] copy_aicore_buffer: [chip_swimlane_collector.cpp:689] Core 16: skipped 1024 AICore record slot(s) with start_time=0 (race-window write or recycled-buffer tail). buf seq=0 count=1024
[mono_ns=7230505300294348][T0xfb37549ecca0][WARN] copy_aicore_buffer: [chip_swimlane_collector.cpp:689] Core 54: skipped 1024 AICore record slot(s) with start_time=0 (race-window write or recycled-buffer tail). buf seq=0 count=1024
[mono_ns=7230505300300118][T0xfb373f7aeca0][WARN] copy_aicore_buffer: [chip_swimlane_collector.cpp:689] Core 58: skipped 1024 AICore record slot(s) with start_time=0 (race-window write or recycled-buffer tail). buf seq=0 count=1024
[mono_ns=7230505300467327][T0xfb373ffbeca0][WARN] copy_aicore_buffer: [chip_swimlane_collector.cpp:689] Core 56: skipped 1024 AICore record slot(s) with start_time=0 (race-window write or recycled-buffer tail). buf seq=0 count=1024
[mono_ns=7230505300583817][T0xfb37549ecca0][WARN] copy_aicore_buffer: [chip_swimlane_collector.cpp:689] Core 55: skipped 1024 AICore record slot(s) with start_time=0 (race-window write or recycled-buffer tail). buf seq=0 count=1024
[mono_ns=7230505300588457][T0xfb373f7aeca0][WARN] copy_aicore_buffer: [chip_swimlane_collector.cpp:689] Core 59: skipped 1024 AICore record slot(s) with start_time=0 (race-window write or recycled-buffer tail). buf seq=0 count=1024
[mono_ns=7230505300766196][T0xfb373ffbeca0][WARN] copy_aicore_buffer: [chip_swimlane_collector.cpp:689] Core 57: skipped 1024 AICore record slot(s) with start_time=0 (race-window write or recycled-buffer tail). buf seq=0 count=1024
[mono_ns=7230505300874876][T0xfb37549ecca0][WARN] copy_aicore_buffer: [chip_swimlane_collector.cpp:689] Core 18: skipped 1024 AICore record slot(s) with start_time=0 (race-window write or recycled-buffer tail). buf seq=0 count=1024
[mono_ns=7230505300880276][T0xfb373f7aeca0][WARN] copy_aicore_buffer: [chip_swimlane_collector.cpp:689] Core 20: skipped 1024 AICore record slot(s) with start_time=0 (race-window write or recycled-buffer tail). buf seq=0 count=1024
[mono_ns=7230505301077075][T0xfb373ffbeca0][WARN] copy_aicore_buffer: [chip_swimlane_collector.cpp:689] Core 19: skipped 1024 AICore record slot(s) with start_time=0 (race-window write or recycled-buffer tail). buf seq=0 count=1024
[mono_ns=7230505301170625][T0xfb37549ecca0][WARN] copy_aicore_buffer: [chip_swimlane_collector.cpp:689] Core 60: skipped 1024 AICore record slot(s) with start_time=0 (race-window write or recycled-buffer tail). buf seq=0 count=1024
[mono_ns=7230505301176425][T0xfb373f7aeca0][WARN] copy_aicore_buffer: [chip_swimlane_collector.cpp:689] Core 64: skipped 1024 AICore record slot(s) with start_time=0 (race-window write or recycled-buffer tail). buf seq=0 count=1024
[mono_ns=7230505301376034][T0xfb373ffbeca0][WARN] copy_aicore_buffer: [chip_swimlane_collector.cpp:689] Core 62: skipped 1024 AICore record slot(s) with start_time=0 (race-window write or recycled-buffer tail). buf seq=0 count=1024
[mono_ns=7230505301462884][T0xfb37549ecca0][WARN] copy_aicore_buffer: [chip_swimlane_collector.cpp:689] Core 61: skipped 1024 AICore record slot(s) with start_time=0 (race-window write or recycled-buffer tail). buf seq=0 count=1024
[mono_ns=7230505301466734][T0xfb373f7aeca0][WARN] copy_aicore_buffer: [chip_swimlane_collector.cpp:689] Core 65: skipped 1024 AICore record slot(s) with start_time=0 (race-window write or recycled-buffer tail). buf seq=0 count=1024
[mono_ns=7230505301674403][T0xfb373ffbeca0][WARN] copy_aicore_buffer: [chip_swimlane_collector.cpp:689] Core 63: skipped 1024 AICore record slot(s) with start_time=0 (race-window write or recycled-buffer tail). buf seq=0 count=1024
[mono_ns=7230505301752643][T0xfb37549ecca0][WARN] copy_aicore_buffer: [chip_swimlane_collector.cpp:689] Core 21: skipped 1024 AICore record slot(s) with start_time=0 (race-window write or recycled-buffer tail). buf seq=0 count=1024
[mono_ns=7230505301757823][T0xfb373f7aeca0][WARN] copy_aicore_buffer: [chip_swimlane_collector.cpp:689] Core 23: skipped 1024 AICore record slot(s) with start_time=0 (race-window write or recycled-buffer tail). buf seq=0 count=1024
[mono_ns=7230505301975552][T0xfb373ffbeca0][WARN] copy_aicore_buffer: [chip_swimlane_collector.cpp:689] Core 22: skipped 1024 AICore record slot(s) with start_time=0 (race-window write or recycled-buffer tail). buf seq=0 count=1024
[mono_ns=7230505302051622][T0xfb37549ecca0][WARN] copy_aicore_buffer: [chip_swimlane_collector.cpp:689] Core 66: skipped 1024 AICore record slot(s) with start_time=0 (race-window write or recycled-buffer tail). buf seq=0 count=1024
[mono_ns=7230505302061552][T0xfb373f7aeca0][WARN] copy_aicore_buffer: [chip_swimlane_collector.cpp:689] Core 70: skipped 1024 AICore record slot(s) with start_time=0 (race-window write or recycled-buffer tail). buf seq=0 count=1024
[mono_ns=7230505302283601][T0xfb373ffbeca0][WARN] copy_aicore_buffer: [chip_swimlane_collector.cpp:689] Core 68: skipped 1024 AICore record slot(s) with start_time=0 (race-window write or recycled-buffer tail). buf seq=0 count=1024
[mono_ns=7230505302342411][T0xfb37549ecca0][WARN] copy_aicore_buffer: [chip_swimlane_collector.cpp:689] Core 67: skipped 1024 AICore record slot(s) with start_time=0 (race-window write or recycled-buffer tail). buf seq=0 count=1024
[mono_ns=7230505302347921][T0xfb373f7aeca0][WARN] copy_aicore_buffer: [chip_swimlane_collector.cpp:689] Core 71: skipped 1024 AICore record slot(s) with start_time=0 (race-window write or recycled-buffer tail). buf seq=0 count=1024
[mono_ns=7230505302583580][T0xfb373ffbeca0][WARN] copy_aicore_buffer: [chip_swimlane_collector.cpp:689] Core 69: skipped 1024 AICore record slot(s) with start_time=0 (race-window write or recycled-buffer tail). buf seq=0 count=1024
[mono_ns=7230505403170055][T0xfb389d23b020][TIMING] emit_host_span: [STRACE] v=1 pid=301848 tid=301848 inv=2 hid=f73637d0bd98c32d depth=1 name=chip.run.runner_run ts=7230505280963642 dur=122199633 
[mono_ns=7230505403253774][T0xfb389d23b020][TIMING] emit_host_span: [STRACE] v=1 pid=301848 tid=301848 inv=2 hid=f73637d0bd98c32d depth=1 name=chip.run.validate ts=7230505403180265 dur=70159 
[mono_ns=7230505403263024][T0xfb389d23b020][TIMING] emit_host_span: [STRACE] v=1 pid=301848 tid=301848 inv=2 hid=f73637d0bd98c32d depth=2 name=chip.run.runner_run.device_wall ts=0 dur=12744840 clk=dev
[mono_ns=7230505403267464][T0xfb389d23b020][TIMING] emit_host_span: [STRACE] v=1 pid=301848 tid=301848 inv=2 hid=f73637d0bd98c32d depth=3 name=chip.run.runner_run.device_wall.preamble ts=0 dur=137959 clk=dev
[mono_ns=7230505403271244][T0xfb389d23b020][TIMING] emit_host_span: [STRACE] v=1 pid=301848 tid=301848 inv=2 hid=f73637d0bd98c32d depth=3 name=chip.run.runner_run.device_wall.graph_build ts=133780 dur=12600820 clk=dev
[mono_ns=7230505403274944][T0xfb389d23b020][TIMING] emit_host_span: [STRACE] v=1 pid=301848 tid=301848 inv=2 hid=f73637d0bd98c32d depth=3 name=chip.run.runner_run.device_wall.config_validate ts=133960 dur=1140 clk=dev
[mono_ns=7230505403278364][T0xfb389d23b020][TIMING] emit_host_span: [STRACE] v=1 pid=301848 tid=301848 inv=2 hid=f73637d0bd98c32d depth=3 name=chip.run.runner_run.device_wall.arena_wire ts=135140 dur=820 clk=dev
[mono_ns=7230505403281704][T0xfb389d23b020][TIMING] emit_host_span: [STRACE] v=1 pid=301848 tid=301848 inv=2 hid=f73637d0bd98c32d depth=3 name=chip.run.runner_run.device_wall.sm_reset ts=135980 dur=1340 clk=dev
[mono_ns=7230505403284944][T0xfb389d23b020][TIMING] emit_host_span: [STRACE] v=1 pid=301848 tid=301848 inv=2 hid=f73637d0bd98c32d depth=3 name=chip.run.runner_run.device_wall.post_orch ts=12734660 dur=9600 clk=dev
[mono_ns=7230505403288734][T0xfb389d23b020][TIMING] emit_host_span: [STRACE] v=1 pid=301848 tid=301848 inv=2 hid=f73637d0bd98c32d depth=3 name=chip.run.runner_run.device_wall.orch ts=137360 dur=4520 clk=dev
[mono_ns=7230505403292294][T0xfb389d23b020][TIMING] emit_host_span: [STRACE] v=1 pid=301848 tid=301848 inv=2 hid=f73637d0bd98c32d depth=3 name=chip.run.runner_run.device_wall.sched ts=138120 dur=12569980 clk=dev
[mono_ns=7230505403297164][T0xfb389d23b020][TIMING] emit_host_span: [STRACE] v=1 pid=301848 tid=301848 inv=2 hid=f73637d0bd98c32d depth=1 name=chip.run.claim_release ts=7230505403294784 dur=530 
[mono_ns=7230505403302274][T0xfb389d23b020][TIMING] emit_host_span: [STRACE] v=1 pid=301848 tid=301848 inv=2 hid=f73637d0bd98c32d depth=0 name=chip.run ts=7230505227522050 dur=175778244 run_id=2 dispatch_id=2 slot_id=0 generation=2 run_epoch=2
[mono_ns=7230510188805043][T0xfb389d23b020][TIMING] emit_host_span: [STRACE] v=1 pid=301848 tid=301848 inv=3 hid=f73637d0bd98c32d depth=2 name=chip.run.bind.args ts=7230510188673074 dur=126349 
[mono_ns=7230510188820283][T0xfb389d23b020][TIMING] emit_host_span: [STRACE] v=1 pid=301848 tid=301848 inv=3 hid=f73637d0bd98c32d depth=2 name=chip.run.bind.prebuilt ts=7230510188815303 dur=2440 
[mono_ns=7230510188824993][T0xfb389d23b020][TIMING] emit_host_span: [STRACE] v=1 pid=301848 tid=301848 inv=3 hid=f73637d0bd98c32d depth=1 name=chip.run.bind ts=7230510188666274 dur=156509 
[mono_ns=7230510293372292][T0xfb389d23b020][TIMING] emit_host_span: [STRACE] v=1 pid=301848 tid=301848 inv=3 hid=f73637d0bd98c32d depth=1 name=chip.run.runner_run ts=7230510189049352 dur=104311210 
[mono_ns=7230510293466702][T0xfb389d23b020][TIMING] emit_host_span: [STRACE] v=1 pid=301848 tid=301848 inv=3 hid=f73637d0bd98c32d depth=1 name=chip.run.validate ts=7230510293385842 dur=77430 
[mono_ns=7230510293476262][T0xfb389d23b020][TIMING] emit_host_span: [STRACE] v=1 pid=301848 tid=301848 inv=3 hid=f73637d0bd98c32d depth=2 name=chip.run.runner_run.device_wall ts=0 dur=13833380 clk=dev
[mono_ns=7230510293480942][T0xfb389d23b020][TIMING] emit_host_span: [STRACE] v=1 pid=301848 tid=301848 inv=3 hid=f73637d0bd98c32d depth=3 name=chip.run.runner_run.device_wall.preamble ts=0 dur=7300 clk=dev
[mono_ns=7230510293485532][T0xfb389d23b020][TIMING] emit_host_span: [STRACE] v=1 pid=301848 tid=301848 inv=3 hid=f73637d0bd98c32d depth=3 name=chip.run.runner_run.device_wall.graph_build ts=1960 dur=13820680 clk=dev
[mono_ns=7230510293488922][T0xfb389d23b020][TIMING] emit_host_span: [STRACE] v=1 pid=301848 tid=301848 inv=3 hid=f73637d0bd98c32d depth=3 name=chip.run.runner_run.device_wall.config_validate ts=2240 dur=940 clk=dev
[mono_ns=7230510293492492][T0xfb389d23b020][TIMING] emit_host_span: [STRACE] v=1 pid=301848 tid=301848 inv=3 hid=f73637d0bd98c32d depth=3 name=chip.run.runner_run.device_wall.arena_wire ts=3220 dur=899 clk=dev
[mono_ns=7230510293495482][T0xfb389d23b020][TIMING] emit_host_span: [STRACE] v=1 pid=301848 tid=301848 inv=3 hid=f73637d0bd98c32d depth=3 name=chip.run.runner_run.device_wall.sm_reset ts=4140 dur=1380 clk=dev
[mono_ns=7230510293498852][T0xfb389d23b020][TIMING] emit_host_span: [STRACE] v=1 pid=301848 tid=301848 inv=3 hid=f73637d0bd98c32d depth=3 name=chip.run.runner_run.device_wall.post_orch ts=13822760 dur=10420 clk=dev
[mono_ns=7230510293501802][T0xfb389d23b020][TIMING] emit_host_span: [STRACE] v=1 pid=301848 tid=301848 inv=3 hid=f73637d0bd98c32d depth=3 name=chip.run.runner_run.device_wall.orch ts=6340 dur=13680 clk=dev
[mono_ns=7230510293504712][T0xfb389d23b020][TIMING] emit_host_span: [STRACE] v=1 pid=301848 tid=301848 inv=3 hid=f73637d0bd98c32d depth=3 name=chip.run.runner_run.device_wall.sched ts=7520 dur=13807120 clk=dev
[mono_ns=7230510293510342][T0xfb389d23b020][TIMING] emit_host_span: [STRACE] v=1 pid=301848 tid=301848 inv=3 hid=f73637d0bd98c32d depth=1 name=chip.run.claim_release ts=7230510293507962 dur=610 
[mono_ns=7230510293514892][T0xfb389d23b020][TIMING] emit_host_span: [STRACE] v=1 pid=301848 tid=301848 inv=3 hid=f73637d0bd98c32d depth=0 name=chip.run ts=7230510188613484 dur=104899418 run_id=3 dispatch_id=3 slot_id=0 generation=3 run_epoch=3
[mono_ns=7230510374517888][T0xfb389d23b020][TIMING] emit_host_span: [STRACE] v=1 pid=301848 tid=301848 inv=4 hid=f73637d0bd98c32d depth=2 name=chip.run.bind.args ts=7230510374410148 dur=103520 
[mono_ns=7230510374532598][T0xfb389d23b020][TIMING] emit_host_span: [STRACE] v=1 pid=301848 tid=301848 inv=4 hid=f73637d0bd98c32d depth=2 name=chip.run.bind.prebuilt ts=7230510374526548 dur=2890 
[mono_ns=7230510374537258][T0xfb389d23b020][TIMING] emit_host_span: [STRACE] v=1 pid=301848 tid=301848 inv=4 hid=f73637d0bd98c32d depth=1 name=chip.run.bind ts=7230510374404268 dur=130870 
[mono_ns=7230510379890761][T0xfb37549ecca0][WARN] copy_aicore_buffer: [chip_swimlane_collector.cpp:689] Core 0: skipped 1024 AICore record slot(s) with start_time=0 (race-window write or recycled-buffer tail). buf seq=0 count=1024
[mono_ns=7230510379899101][T0xfb373f7aeca0][WARN] copy_aicore_buffer: [chip_swimlane_collector.cpp:689] Core 2: skipped 1024 AICore record slot(s) with start_time=0 (race-window write or recycled-buffer tail). buf seq=0 count=1024
[mono_ns=7230510379907661][T0xfb373ffbeca0][WARN] copy_aicore_buffer: [chip_swimlane_collector.cpp:689] Core 1: skipped 1024 AICore record slot(s) with start_time=0 (race-window write or recycled-buffer tail). buf seq=0 count=1024
[mono_ns=7230510380196060][T0xfb373f7aeca0][WARN] copy_aicore_buffer: [chip_swimlane_collector.cpp:689] Core 28: skipped 1024 AICore record slot(s) with start_time=0 (race-window write or recycled-buffer tail). buf seq=0 count=1024
[mono_ns=7230510380200790][T0xfb37549ecca0][WARN] copy_aicore_buffer: [chip_swimlane_collector.cpp:689] Core 24: skipped 1023 AICore record slot(s) with start_time=0 (race-window write or recycled-buffer tail). buf seq=0 count=1024
[mono_ns=7230510380221159][T0xfb373ffbeca0][WARN] copy_aicore_buffer: [chip_swimlane_collector.cpp:689] Core 26: skipped 1022 AICore record slot(s) with start_time=0 (race-window write or recycled-buffer tail). buf seq=0 count=1024
[mono_ns=7230510380480769][T0xfb37549ecca0][WARN] copy_aicore_buffer: [chip_swimlane_collector.cpp:689] Core 25: skipped 1024 AICore record slot(s) with start_time=0 (race-window write or recycled-buffer tail). buf seq=0 count=1024
[mono_ns=7230510380482079][T0xfb373f7aeca0][WARN] copy_aicore_buffer: [chip_swimlane_collector.cpp:689] Core 29: skipped 1024 AICore record slot(s) with start_time=0 (race-window write or recycled-buffer tail). buf seq=0 count=1024
[mono_ns=7230510380510299][T0xfb373ffbeca0][WARN] copy_aicore_buffer: [chip_swimlane_collector.cpp:689] Core 27: skipped 1024 AICore record slot(s) with start_time=0 (race-window write or recycled-buffer tail). buf seq=0 count=1024
[mono_ns=7230510380761038][T0xfb373f7aeca0][WARN] copy_aicore_buffer: [chip_swimlane_collector.cpp:689] Core 5: skipped 1024 AICore record slot(s) with start_time=0 (race-window write or recycled-buffer tail). buf seq=0 count=1024
[mono_ns=7230510380762768][T0xfb37549ecca0][WARN] copy_aicore_buffer: [chip_swimlane_collector.cpp:689] Core 3: skipped 1024 AICore record slot(s) with start_time=0 (race-window write or recycled-buffer tail). buf seq=0 count=1024
[mono_ns=7230510380798448][T0xfb373ffbeca0][WARN] copy_aicore_buffer: [chip_swimlane_collector.cpp:689] Core 4: skipped 1024 AICore record slot(s) with start_time=0 (race-window write or recycled-buffer tail). buf seq=0 count=1024
[mono_ns=7230510381052007][T0xfb37549ecca0][WARN] copy_aicore_buffer: [chip_swimlane_collector.cpp:689] Core 30: skipped 1024 AICore record slot(s) with start_time=0 (race-window write or recycled-buffer tail). buf seq=0 count=1024
[mono_ns=7230510381056397][T0xfb373f7aeca0][WARN] copy_aicore_buffer: [chip_swimlane_collector.cpp:689] Core 34: skipped 1024 AICore record slot(s) with start_time=0 (race-window write or recycled-buffer tail). buf seq=0 count=1024
[mono_ns=7230510381105717][T0xfb373ffbeca0][WARN] copy_aicore_buffer: [chip_swimlane_collector.cpp:689] Core 32: skipped 1024 AICore record slot(s) with start_time=0 (race-window write or recycled-buffer tail). buf seq=0 count=1024
[mono_ns=7230510381332926][T0xfb37549ecca0][WARN] copy_aicore_buffer: [chip_swimlane_collector.cpp:689] Core 31: skipped 1024 AICore record slot(s) with start_time=0 (race-window write or recycled-buffer tail). buf seq=0 count=1024
[mono_ns=7230510381337476][T0xfb373f7aeca0][WARN] copy_aicore_buffer: [chip_swimlane_collector.cpp:689] Core 35: skipped 1024 AICore record slot(s) with start_time=0 (race-window write or recycled-buffer tail). buf seq=0 count=1024
[mono_ns=7230510381397646][T0xfb373ffbeca0][WARN] copy_aicore_buffer: [chip_swimlane_collector.cpp:689] Core 33: skipped 1024 AICore record slot(s) with start_time=0 (race-window write or recycled-buffer tail). buf seq=0 count=1024
[mono_ns=7230510381613395][T0xfb37549ecca0][WARN] copy_aicore_buffer: [chip_swimlane_collector.cpp:689] Core 6: skipped 1024 AICore record slot(s) with start_time=0 (race-window write or recycled-buffer tail). buf seq=0 count=1024
[mono_ns=7230510381616775][T0xfb373f7aeca0][WARN] copy_aicore_buffer: [chip_swimlane_collector.cpp:689] Core 8: skipped 1024 AICore record slot(s) with start_time=0 (race-window write or recycled-buffer tail). buf seq=0 count=1024
[mono_ns=7230510381688815][T0xfb373ffbeca0][WARN] copy_aicore_buffer: [chip_swimlane_collector.cpp:689] Core 7: skipped 1024 AICore record slot(s) with start_time=0 (race-window write or recycled-buffer tail). buf seq=0 count=1024
[mono_ns=7230510381893684][T0xfb37549ecca0][WARN] copy_aicore_buffer: [chip_swimlane_collector.cpp:689] Core 36: skipped 1024 AICore record slot(s) with start_time=0 (race-window write or recycled-buffer tail). buf seq=0 count=1024
[mono_ns=7230510381897724][T0xfb373f7aeca0][WARN] copy_aicore_buffer: [chip_swimlane_collector.cpp:689] Core 40: skipped 1024 AICore record slot(s) with start_time=0 (race-window write or recycled-buffer tail). buf seq=0 count=1024
[mono_ns=7230510381979324][T0xfb373ffbeca0][WARN] copy_aicore_buffer: [chip_swimlane_collector.cpp:689] Core 38: skipped 1024 AICore record slot(s) with start_time=0 (race-window write or recycled-buffer tail). buf seq=0 count=1024
[mono_ns=7230510382181653][T0xfb37549ecca0][WARN] copy_aicore_buffer: [chip_swimlane_collector.cpp:689] Core 37: skipped 1024 AICore record slot(s) with start_time=0 (race-window write or recycled-buffer tail). buf seq=0 count=1024
[mono_ns=7230510382182083][T0xfb373f7aeca0][WARN] copy_aicore_buffer: [chip_swimlane_collector.cpp:689] Core 41: skipped 1024 AICore record slot(s) with start_time=0 (race-window write or recycled-buffer tail). buf seq=0 count=1024
[mono_ns=7230510382273683][T0xfb373ffbeca0][WARN] copy_aicore_buffer: [chip_swimlane_collector.cpp:689] Core 39: skipped 1024 AICore record slot(s) with start_time=0 (race-window write or recycled-buffer tail). buf seq=0 count=1024
[mono_ns=7230510382461522][T0xfb373f7aeca0][WARN] copy_aicore_buffer: [chip_swimlane_collector.cpp:689] Core 11: skipped 1024 AICore record slot(s) with start_time=0 (race-window write or recycled-buffer tail). buf seq=0 count=1024
[mono_ns=7230510382462362][T0xfb37549ecca0][WARN] copy_aicore_buffer: [chip_swimlane_collector.cpp:689] Core 9: skipped 1024 AICore record slot(s) with start_time=0 (race-window write or recycled-buffer tail). buf seq=0 count=1024
[mono_ns=7230510382565122][T0xfb373ffbeca0][WARN] copy_aicore_buffer: [chip_swimlane_collector.cpp:689] Core 10: skipped 1024 AICore record slot(s) with start_time=0 (race-window write or recycled-buffer tail). buf seq=0 count=1024
[mono_ns=7230510382743121][T0xfb373f7aeca0][WARN] copy_aicore_buffer: [chip_swimlane_collector.cpp:689] Core 46: skipped 1024 AICore record slot(s) with start_time=0 (race-window write or recycled-buffer tail). buf seq=0 count=1024
[mono_ns=7230510382743321][T0xfb37549ecca0][WARN] copy_aicore_buffer: [chip_swimlane_collector.cpp:689] Core 42: skipped 1024 AICore record slot(s) with start_time=0 (race-window write or recycled-buffer tail). buf seq=0 count=1024
[mono_ns=7230510382855691][T0xfb373ffbeca0][WARN] copy_aicore_buffer: [chip_swimlane_collector.cpp:689] Core 44: skipped 1024 AICore record slot(s) with start_time=0 (race-window write or recycled-buffer tail). buf seq=0 count=1024
[mono_ns=7230510383029870][T0xfb373f7aeca0][WARN] copy_aicore_buffer: [chip_swimlane_collector.cpp:689] Core 47: skipped 1024 AICore record slot(s) with start_time=0 (race-window write or recycled-buffer tail). buf seq=0 count=1024
[mono_ns=7230510383036820][T0xfb37549ecca0][WARN] copy_aicore_buffer: [chip_swimlane_collector.cpp:689] Core 43: skipped 1024 AICore record slot(s) with start_time=0 (race-window write or recycled-buffer tail). buf seq=0 count=1024
[mono_ns=7230510383156450][T0xfb373ffbeca0][WARN] copy_aicore_buffer: [chip_swimlane_collector.cpp:689] Core 45: skipped 1024 AICore record slot(s) with start_time=0 (race-window write or recycled-buffer tail). buf seq=0 count=1024
[mono_ns=7230510383310479][T0xfb373f7aeca0][WARN] copy_aicore_buffer: [chip_swimlane_collector.cpp:689] Core 14: skipped 1024 AICore record slot(s) with start_time=0 (race-window write or recycled-buffer tail). buf seq=0 count=1024
[mono_ns=7230510383315739][T0xfb37549ecca0][WARN] copy_aicore_buffer: [chip_swimlane_collector.cpp:689] Core 12: skipped 1024 AICore record slot(s) with start_time=0 (race-window write or recycled-buffer tail). buf seq=0 count=1024
[mono_ns=7230510383469309][T0xfb373ffbeca0][WARN] copy_aicore_buffer: [chip_swimlane_collector.cpp:689] Core 13: skipped 1024 AICore record slot(s) with start_time=0 (race-window write or recycled-buffer tail). buf seq=0 count=1024
[mono_ns=7230510383591109][T0xfb373f7aeca0][WARN] copy_aicore_buffer: [chip_swimlane_collector.cpp:689] Core 52: skipped 1024 AICore record slot(s) with start_time=0 (race-window write or recycled-buffer tail). buf seq=0 count=1024
[mono_ns=7230510383594758][T0xfb37549ecca0][WARN] copy_aicore_buffer: [chip_swimlane_collector.cpp:689] Core 48: skipped 1024 AICore record slot(s) with start_time=0 (race-window write or recycled-buffer tail). buf seq=0 count=1024
[mono_ns=7230510383769928][T0xfb373ffbeca0][WARN] copy_aicore_buffer: [chip_swimlane_collector.cpp:689] Core 50: skipped 1024 AICore record slot(s) with start_time=0 (race-window write or recycled-buffer tail). buf seq=0 count=1024
[mono_ns=7230510383871498][T0xfb373f7aeca0][WARN] copy_aicore_buffer: [chip_swimlane_collector.cpp:689] Core 53: skipped 1024 AICore record slot(s) with start_time=0 (race-window write or recycled-buffer tail). buf seq=0 count=1024
[mono_ns=7230510383875268][T0xfb37549ecca0][WARN] copy_aicore_buffer: [chip_swimlane_collector.cpp:689] Core 49: skipped 1024 AICore record slot(s) with start_time=0 (race-window write or recycled-buffer tail). buf seq=0 count=1024
[mono_ns=7230510384081997][T0xfb373ffbeca0][WARN] copy_aicore_buffer: [chip_swimlane_collector.cpp:689] Core 51: skipped 1024 AICore record slot(s) with start_time=0 (race-window write or recycled-buffer tail). buf seq=0 count=1024
[mono_ns=7230510384164477][T0xfb373f7aeca0][WARN] copy_aicore_buffer: [chip_swimlane_collector.cpp:689] Core 17: skipped 1024 AICore record slot(s) with start_time=0 (race-window write or recycled-buffer tail). buf seq=0 count=1024
[mono_ns=7230510384169577][T0xfb37549ecca0][WARN] copy_aicore_buffer: [chip_swimlane_collector.cpp:689] Core 15: skipped 1024 AICore record slot(s) with start_time=0 (race-window write or recycled-buffer tail). buf seq=0 count=1024
[mono_ns=7230510384383436][T0xfb373ffbeca0][WARN] copy_aicore_buffer: [chip_swimlane_collector.cpp:689] Core 16: skipped 1024 AICore record slot(s) with start_time=0 (race-window write or recycled-buffer tail). buf seq=0 count=1024
[mono_ns=7230510384445176][T0xfb373f7aeca0][WARN] copy_aicore_buffer: [chip_swimlane_collector.cpp:689] Core 58: skipped 1024 AICore record slot(s) with start_time=0 (race-window write or recycled-buffer tail). buf seq=0 count=1024
[mono_ns=7230510384448866][T0xfb37549ecca0][WARN] copy_aicore_buffer: [chip_swimlane_collector.cpp:689] Core 54: skipped 1024 AICore record slot(s) with start_time=0 (race-window write or recycled-buffer tail). buf seq=0 count=1024
[mono_ns=7230510384685065][T0xfb373ffbeca0][WARN] copy_aicore_buffer: [chip_swimlane_collector.cpp:689] Core 56: skipped 1024 AICore record slot(s) with start_time=0 (race-window write or recycled-buffer tail). buf seq=0 count=1024
[mono_ns=7230510384725275][T0xfb373f7aeca0][WARN] copy_aicore_buffer: [chip_swimlane_collector.cpp:689] Core 59: skipped 1024 AICore record slot(s) with start_time=0 (race-window write or recycled-buffer tail). buf seq=0 count=1024
[mono_ns=7230510384728965][T0xfb37549ecca0][WARN] copy_aicore_buffer: [chip_swimlane_collector.cpp:689] Core 55: skipped 1024 AICore record slot(s) with start_time=0 (race-window write or recycled-buffer tail). buf seq=0 count=1024
[mono_ns=7230510384987724][T0xfb373ffbeca0][WARN] copy_aicore_buffer: [chip_swimlane_collector.cpp:689] Core 57: skipped 1024 AICore record slot(s) with start_time=0 (race-window write or recycled-buffer tail). buf seq=0 count=1024
[mono_ns=7230510385019364][T0xfb37549ecca0][WARN] copy_aicore_buffer: [chip_swimlane_collector.cpp:689] Core 18: skipped 1024 AICore record slot(s) with start_time=0 (race-window write or recycled-buffer tail). buf seq=0 count=1024
[mono_ns=7230510385028764][T0xfb373f7aeca0][WARN] copy_aicore_buffer: [chip_swimlane_collector.cpp:689] Core 20: skipped 1024 AICore record slot(s) with start_time=0 (race-window write or recycled-buffer tail). buf seq=0 count=1024
[mono_ns=7230510385299863][T0xfb37549ecca0][WARN] copy_aicore_buffer: [chip_swimlane_collector.cpp:689] Core 60: skipped 1024 AICore record slot(s) with start_time=0 (race-window write or recycled-buffer tail). buf seq=0 count=1024
[mono_ns=7230510385307883][T0xfb373f7aeca0][WARN] copy_aicore_buffer: [chip_swimlane_collector.cpp:689] Core 64: skipped 1024 AICore record slot(s) with start_time=0 (race-window write or recycled-buffer tail). buf seq=0 count=1024
[mono_ns=7230510385309283][T0xfb373ffbeca0][WARN] copy_aicore_buffer: [chip_swimlane_collector.cpp:689] Core 19: skipped 1024 AICore record slot(s) with start_time=0 (race-window write or recycled-buffer tail). buf seq=0 count=1024
[mono_ns=7230510385612892][T0xfb37549ecca0][WARN] copy_aicore_buffer: [chip_swimlane_collector.cpp:689] Core 61: skipped 1024 AICore record slot(s) with start_time=0 (race-window write or recycled-buffer tail). buf seq=0 count=1024
[mono_ns=7230510385625812][T0xfb373f7aeca0][WARN] copy_aicore_buffer: [chip_swimlane_collector.cpp:689] Core 65: skipped 1024 AICore record slot(s) with start_time=0 (race-window write or recycled-buffer tail). buf seq=0 count=1024
[mono_ns=7230510385638642][T0xfb373ffbeca0][WARN] copy_aicore_buffer: [chip_swimlane_collector.cpp:689] Core 62: skipped 1024 AICore record slot(s) with start_time=0 (race-window write or recycled-buffer tail). buf seq=0 count=1024
[mono_ns=7230510385903511][T0xfb37549ecca0][WARN] copy_aicore_buffer: [chip_swimlane_collector.cpp:689] Core 21: skipped 1024 AICore record slot(s) with start_time=0 (race-window write or recycled-buffer tail). buf seq=0 count=1024
[mono_ns=7230510385913671][T0xfb373f7aeca0][WARN] copy_aicore_buffer: [chip_swimlane_collector.cpp:689] Core 23: skipped 1024 AICore record slot(s) with start_time=0 (race-window write or recycled-buffer tail). buf seq=0 count=1024
[mono_ns=7230510385937541][T0xfb373ffbeca0][WARN] copy_aicore_buffer: [chip_swimlane_collector.cpp:689] Core 63: skipped 1024 AICore record slot(s) with start_time=0 (race-window write or recycled-buffer tail). buf seq=0 count=1024
[mono_ns=7230510386203010][T0xfb37549ecca0][WARN] copy_aicore_buffer: [chip_swimlane_collector.cpp:689] Core 66: skipped 1024 AICore record slot(s) with start_time=0 (race-window write or recycled-buffer tail). buf seq=0 count=1024
[mono_ns=7230510386209900][T0xfb373f7aeca0][WARN] copy_aicore_buffer: [chip_swimlane_collector.cpp:689] Core 70: skipped 1024 AICore record slot(s) with start_time=0 (race-window write or recycled-buffer tail). buf seq=0 count=1024
[mono_ns=7230510386248480][T0xfb373ffbeca0][WARN] copy_aicore_buffer: [chip_swimlane_collector.cpp:689] Core 22: skipped 1024 AICore record slot(s) with start_time=0 (race-window write or recycled-buffer tail). buf seq=0 count=1024
[mono_ns=7230510386494229][T0xfb37549ecca0][WARN] copy_aicore_buffer: [chip_swimlane_collector.cpp:689] Core 67: skipped 1024 AICore record slot(s) with start_time=0 (race-window write or recycled-buffer tail). buf seq=0 count=1024
[mono_ns=7230510386497529][T0xfb373f7aeca0][WARN] copy_aicore_buffer: [chip_swimlane_collector.cpp:689] Core 71: skipped 1024 AICore record slot(s) with start_time=0 (race-window write or recycled-buffer tail). buf seq=0 count=1024
[mono_ns=7230510386548899][T0xfb373ffbeca0][WARN] copy_aicore_buffer: [chip_swimlane_collector.cpp:689] Core 68: skipped 1024 AICore record slot(s) with start_time=0 (race-window write or recycled-buffer tail). buf seq=0 count=1024
[mono_ns=7230510386848968][T0xfb373ffbeca0][WARN] copy_aicore_buffer: [chip_swimlane_collector.cpp:689] Core 69: skipped 1024 AICore record slot(s) with start_time=0 (race-window write or recycled-buffer tail). buf seq=0 count=1024
[mono_ns=7230510487524870][T0xfb389d23b020][TIMING] emit_host_span: [STRACE] v=1 pid=301848 tid=301848 inv=4 hid=f73637d0bd98c32d depth=1 name=chip.run.runner_run ts=7230510374761997 dur=112752423 
[mono_ns=7230510487613130][T0xfb389d23b020][TIMING] emit_host_span: [STRACE] v=1 pid=301848 tid=301848 inv=4 hid=f73637d0bd98c32d depth=1 name=chip.run.validate ts=7230510487537780 dur=71610 
[mono_ns=7230510487621800][T0xfb389d23b020][TIMING] emit_host_span: [STRACE] v=1 pid=301848 tid=301848 inv=4 hid=f73637d0bd98c32d depth=2 name=chip.run.runner_run.device_wall ts=0 dur=4697060 clk=dev
[mono_ns=7230510487626360][T0xfb389d23b020][TIMING] emit_host_span: [STRACE] v=1 pid=301848 tid=301848 inv=4 hid=f73637d0bd98c32d depth=3 name=chip.run.runner_run.device_wall.preamble ts=0 dur=111920 clk=dev
[mono_ns=7230510487630570][T0xfb389d23b020][TIMING] emit_host_span: [STRACE] v=1 pid=301848 tid=301848 inv=4 hid=f73637d0bd98c32d depth=3 name=chip.run.runner_run.device_wall.graph_build ts=107380 dur=4580260 clk=dev
[mono_ns=7230510487634240][T0xfb389d23b020][TIMING] emit_host_span: [STRACE] v=1 pid=301848 tid=301848 inv=4 hid=f73637d0bd98c32d depth=3 name=chip.run.runner_run.device_wall.config_validate ts=107520 dur=720 clk=dev
[mono_ns=7230510487637650][T0xfb389d23b020][TIMING] emit_host_span: [STRACE] v=1 pid=301848 tid=301848 inv=4 hid=f73637d0bd98c32d depth=3 name=chip.run.runner_run.device_wall.arena_wire ts=108280 dur=540 clk=dev
[mono_ns=7230510487641140][T0xfb389d23b020][TIMING] emit_host_span: [STRACE] v=1 pid=301848 tid=301848 inv=4 hid=f73637d0bd98c32d depth=3 name=chip.run.runner_run.device_wall.sm_reset ts=108860 dur=780 clk=dev
[mono_ns=7230510487644400][T0xfb389d23b020][TIMING] emit_host_span: [STRACE] v=1 pid=301848 tid=301848 inv=4 hid=f73637d0bd98c32d depth=3 name=chip.run.runner_run.device_wall.post_orch ts=4687700 dur=9280 clk=dev
[mono_ns=7230510487647290][T0xfb389d23b020][TIMING] emit_host_span: [STRACE] v=1 pid=301848 tid=301848 inv=4 hid=f73637d0bd98c32d depth=3 name=chip.run.runner_run.device_wall.orch ts=109679 dur=4279 clk=dev
[mono_ns=7230510487650169][T0xfb389d23b020][TIMING] emit_host_span: [STRACE] v=1 pid=301848 tid=301848 inv=4 hid=f73637d0bd98c32d depth=3 name=chip.run.runner_run.device_wall.sched ts=112040 dur=4549920 clk=dev
[mono_ns=7230510487655679][T0xfb389d23b020][TIMING] emit_host_span: [STRACE] v=1 pid=301848 tid=301848 inv=4 hid=f73637d0bd98c32d depth=1 name=chip.run.claim_release ts=7230510487653379 dur=530 
[mono_ns=7230510487660569][T0xfb389d23b020][TIMING] emit_host_span: [STRACE] v=1 pid=301848 tid=301848 inv=4 hid=f73637d0bd98c32d depth=0 name=chip.run ts=7230510374376719 dur=113281900 run_id=4 dispatch_id=4 slot_id=0 generation=4 run_epoch=4
[mono_ns=7230515272314058][T0xfb389d23b020][TIMING] emit_host_span: [STRACE] v=1 pid=301848 tid=301848 inv=5 hid=f73637d0bd98c32d depth=2 name=chip.run.bind.args ts=7230515271908479 dur=371639 
[mono_ns=7230515272428417][T0xfb389d23b020][TIMING] emit_host_span: [STRACE] v=1 pid=301848 tid=301848 inv=5 hid=f73637d0bd98c32d depth=2 name=chip.run.bind.prebuilt ts=7230515272410027 dur=15000 
[mono_ns=7230515272433777][T0xfb389d23b020][TIMING] emit_host_span: [STRACE] v=1 pid=301848 tid=301848 inv=5 hid=f73637d0bd98c32d depth=1 name=chip.run.bind ts=7230515271891959 dur=539368 
[mono_ns=7230515430704294][T0xfb389d23b020][TIMING] emit_host_span: [STRACE] v=1 pid=301848 tid=301848 inv=5 hid=f73637d0bd98c32d depth=1 name=chip.run.runner_run ts=7230515273374504 dur=157323100 
[mono_ns=7230515430854703][T0xfb389d23b020][TIMING] emit_host_span: [STRACE] v=1 pid=301848 tid=301848 inv=5 hid=f73637d0bd98c32d depth=1 name=chip.run.validate ts=7230515430716334 dur=134499 
[mono_ns=7230515430863193][T0xfb389d23b020][TIMING] emit_host_span: [STRACE] v=1 pid=301848 tid=301848 inv=5 hid=f73637d0bd98c32d depth=2 name=chip.run.runner_run.device_wall ts=0 dur=2780379 clk=dev
[mono_ns=7230515430867973][T0xfb389d23b020][TIMING] emit_host_span: [STRACE] v=1 pid=301848 tid=301848 inv=5 hid=f73637d0bd98c32d depth=3 name=chip.run.runner_run.device_wall.preamble ts=0 dur=10160 clk=dev
[mono_ns=7230515430871983][T0xfb389d23b020][TIMING] emit_host_span: [STRACE] v=1 pid=301848 tid=301848 inv=5 hid=f73637d0bd98c32d depth=3 name=chip.run.runner_run.device_wall.graph_build ts=1900 dur=2767060 clk=dev
[mono_ns=7230515430875753][T0xfb389d23b020][TIMING] emit_host_span: [STRACE] v=1 pid=301848 tid=301848 inv=5 hid=f73637d0bd98c32d depth=3 name=chip.run.runner_run.device_wall.config_validate ts=2099 dur=980 clk=dev
[mono_ns=7230515430900273][T0xfb389d23b020][TIMING] emit_host_span: [STRACE] v=1 pid=301848 tid=301848 inv=5 hid=f73637d0bd98c32d depth=3 name=chip.run.runner_run.device_wall.arena_wire ts=3100 dur=560 clk=dev
[mono_ns=7230515430904523][T0xfb389d23b020][TIMING] emit_host_span: [STRACE] v=1 pid=301848 tid=301848 inv=5 hid=f73637d0bd98c32d depth=3 name=chip.run.runner_run.device_wall.sm_reset ts=3679 dur=799 clk=dev
[mono_ns=7230515430907693][T0xfb389d23b020][TIMING] emit_host_span: [STRACE] v=1 pid=301848 tid=301848 inv=5 hid=f73637d0bd98c32d depth=3 name=chip.run.runner_run.device_wall.post_orch ts=2769060 dur=10900 clk=dev
[mono_ns=7230515430910853][T0xfb389d23b020][TIMING] emit_host_span: [STRACE] v=1 pid=301848 tid=301848 inv=5 hid=f73637d0bd98c32d depth=3 name=chip.run.runner_run.device_wall.orch ts=5260 dur=8900 clk=dev
[mono_ns=7230515430914113][T0xfb389d23b020][TIMING] emit_host_span: [STRACE] v=1 pid=301848 tid=301848 inv=5 hid=f73637d0bd98c32d depth=3 name=chip.run.runner_run.device_wall.sched ts=10360 dur=2751240 clk=dev
[mono_ns=7230515430919133][T0xfb389d23b020][TIMING] emit_host_span: [STRACE] v=1 pid=301848 tid=301848 inv=5 hid=f73637d0bd98c32d depth=1 name=chip.run.claim_release ts=7230515430916763 dur=600 
[mono_ns=7230515430924403][T0xfb389d23b020][TIMING] emit_host_span: [STRACE] v=1 pid=301848 tid=301848 inv=5 hid=f73637d0bd98c32d depth=0 name=chip.run ts=7230515271499550 dur=159422893 run_id=5 dispatch_id=5 slot_id=0 generation=5 run_epoch=5
[mono_ns=7230515441670839][T0xfb389d23b020][TIMING] emit_host_span: [STRACE] v=1 pid=301848 tid=301848 inv=6 hid=f73637d0bd98c32d depth=2 name=chip.run.bind.args ts=7230515441394780 dur=267829 
[mono_ns=7230515441704029][T0xfb389d23b020][TIMING] emit_host_span: [STRACE] v=1 pid=301848 tid=301848 inv=6 hid=f73637d0bd98c32d depth=2 name=chip.run.bind.prebuilt ts=7230515441695659 dur=5740 
[mono_ns=7230515441710259][T0xfb389d23b020][TIMING] emit_host_span: [STRACE] v=1 pid=301848 tid=301848 inv=6 hid=f73637d0bd98c32d depth=1 name=chip.run.bind ts=7230515441379900 dur=327629 
[mono_ns=7230515445599506][T0xfb37549ecca0][WARN] copy_aicore_buffer: [chip_swimlane_collector.cpp:689] Core 0: skipped 1024 AICore record slot(s) with start_time=0 (race-window write or recycled-buffer tail). buf seq=0 count=1024
[mono_ns=7230515445600466][T0xfb373ffbeca0][WARN] copy_aicore_buffer: [chip_swimlane_collector.cpp:689] Core 1: skipped 1024 AICore record slot(s) with start_time=0 (race-window write or recycled-buffer tail). buf seq=0 count=1024
[mono_ns=7230515445704696][T0xfb373f7aeca0][WARN] copy_aicore_buffer: [chip_swimlane_collector.cpp:689] Core 2: skipped 1024 AICore record slot(s) with start_time=0 (race-window write or recycled-buffer tail). buf seq=0 count=1024
[mono_ns=7230515445890345][T0xfb37549ecca0][WARN] copy_aicore_buffer: [chip_swimlane_collector.cpp:689] Core 24: skipped 1024 AICore record slot(s) with start_time=0 (race-window write or recycled-buffer tail). buf seq=0 count=1024
[mono_ns=7230515445909985][T0xfb373ffbeca0][WARN] copy_aicore_buffer: [chip_swimlane_collector.cpp:689] Core 26: skipped 1022 AICore record slot(s) with start_time=0 (race-window write or recycled-buffer tail). buf seq=0 count=1024
[mono_ns=7230515446059825][T0xfb373f7aeca0][WARN] copy_aicore_buffer: [chip_swimlane_collector.cpp:689] Core 28: skipped 1023 AICore record slot(s) with start_time=0 (race-window write or recycled-buffer tail). buf seq=0 count=1024
[mono_ns=7230515446189744][T0xfb37549ecca0][WARN] copy_aicore_buffer: [chip_swimlane_collector.cpp:689] Core 25: skipped 1024 AICore record slot(s) with start_time=0 (race-window write or recycled-buffer tail). buf seq=0 count=1024
[mono_ns=7230515446217604][T0xfb373ffbeca0][WARN] copy_aicore_buffer: [chip_swimlane_collector.cpp:689] Core 27: skipped 1024 AICore record slot(s) with start_time=0 (race-window write or recycled-buffer tail). buf seq=0 count=1024
[mono_ns=7230515446400394][T0xfb373f7aeca0][WARN] copy_aicore_buffer: [chip_swimlane_collector.cpp:689] Core 29: skipped 1024 AICore record slot(s) with start_time=0 (race-window write or recycled-buffer tail). buf seq=0 count=1024
[mono_ns=7230515446472603][T0xfb37549ecca0][WARN] copy_aicore_buffer: [chip_swimlane_collector.cpp:689] Core 3: skipped 1024 AICore record slot(s) with start_time=0 (race-window write or recycled-buffer tail). buf seq=0 count=1024
[mono_ns=7230515446511713][T0xfb373ffbeca0][WARN] copy_aicore_buffer: [chip_swimlane_collector.cpp:689] Core 4: skipped 1024 AICore record slot(s) with start_time=0 (race-window write or recycled-buffer tail). buf seq=0 count=1024
[mono_ns=7230515446726973][T0xfb373f7aeca0][WARN] copy_aicore_buffer: [chip_swimlane_collector.cpp:689] Core 5: skipped 1024 AICore record slot(s) with start_time=0 (race-window write or recycled-buffer tail). buf seq=0 count=1024
[mono_ns=7230515446754982][T0xfb37549ecca0][WARN] copy_aicore_buffer: [chip_swimlane_collector.cpp:689] Core 30: skipped 1024 AICore record slot(s) with start_time=0 (race-window write or recycled-buffer tail). buf seq=0 count=1024
[mono_ns=7230515446806732][T0xfb373ffbeca0][WARN] copy_aicore_buffer: [chip_swimlane_collector.cpp:689] Core 32: skipped 1024 AICore record slot(s) with start_time=0 (race-window write or recycled-buffer tail). buf seq=0 count=1024
[mono_ns=7230515447063782][T0xfb373f7aeca0][WARN] copy_aicore_buffer: [chip_swimlane_collector.cpp:689] Core 34: skipped 1024 AICore record slot(s) with start_time=0 (race-window write or recycled-buffer tail). buf seq=0 count=1024
[mono_ns=7230515447078131][T0xfb37549ecca0][WARN] copy_aicore_buffer: [chip_swimlane_collector.cpp:689] Core 31: skipped 1024 AICore record slot(s) with start_time=0 (race-window write or recycled-buffer tail). buf seq=0 count=1024
[mono_ns=7230515447109851][T0xfb373ffbeca0][WARN] copy_aicore_buffer: [chip_swimlane_collector.cpp:689] Core 33: skipped 1024 AICore record slot(s) with start_time=0 (race-window write or recycled-buffer tail). buf seq=0 count=1024
[mono_ns=7230515447358871][T0xfb37549ecca0][WARN] copy_aicore_buffer: [chip_swimlane_collector.cpp:689] Core 6: skipped 1024 AICore record slot(s) with start_time=0 (race-window write or recycled-buffer tail). buf seq=0 count=1024
[mono_ns=7230515447391090][T0xfb373f7aeca0][WARN] copy_aicore_buffer: [chip_swimlane_collector.cpp:689] Core 35: skipped 1024 AICore record slot(s) with start_time=0 (race-window write or recycled-buffer tail). buf seq=0 count=1024
[mono_ns=7230515447400440][T0xfb373ffbeca0][WARN] copy_aicore_buffer: [chip_swimlane_collector.cpp:689] Core 7: skipped 1024 AICore record slot(s) with start_time=0 (race-window write or recycled-buffer tail). buf seq=0 count=1024
[mono_ns=7230515447641560][T0xfb37549ecca0][WARN] copy_aicore_buffer: [chip_swimlane_collector.cpp:689] Core 36: skipped 1024 AICore record slot(s) with start_time=0 (race-window write or recycled-buffer tail). buf seq=0 count=1024
[mono_ns=7230515447690720][T0xfb373ffbeca0][WARN] copy_aicore_buffer: [chip_swimlane_collector.cpp:689] Core 38: skipped 1024 AICore record slot(s) with start_time=0 (race-window write or recycled-buffer tail). buf seq=0 count=1024
[mono_ns=7230515447717169][T0xfb373f7aeca0][WARN] copy_aicore_buffer: [chip_swimlane_collector.cpp:689] Core 8: skipped 1024 AICore record slot(s) with start_time=0 (race-window write or recycled-buffer tail). buf seq=0 count=1024
[mono_ns=7230515447949859][T0xfb37549ecca0][WARN] copy_aicore_buffer: [chip_swimlane_collector.cpp:689] Core 37: skipped 1024 AICore record slot(s) with start_time=0 (race-window write or recycled-buffer tail). buf seq=0 count=1024
[mono_ns=7230515447981769][T0xfb373ffbeca0][WARN] copy_aicore_buffer: [chip_swimlane_collector.cpp:689] Core 39: skipped 1024 AICore record slot(s) with start_time=0 (race-window write or recycled-buffer tail). buf seq=0 count=1024
[mono_ns=7230515448048118][T0xfb373f7aeca0][WARN] copy_aicore_buffer: [chip_swimlane_collector.cpp:689] Core 40: skipped 1024 AICore record slot(s) with start_time=0 (race-window write or recycled-buffer tail). buf seq=0 count=1024
[mono_ns=7230515448240648][T0xfb37549ecca0][WARN] copy_aicore_buffer: [chip_swimlane_collector.cpp:689] Core 9: skipped 1024 AICore record slot(s) with start_time=0 (race-window write or recycled-buffer tail). buf seq=0 count=1024
[mono_ns=7230515448279068][T0xfb373ffbeca0][WARN] copy_aicore_buffer: [chip_swimlane_collector.cpp:689] Core 10: skipped 1024 AICore record slot(s) with start_time=0 (race-window write or recycled-buffer tail). buf seq=0 count=1024
[mono_ns=7230515448374717][T0xfb373f7aeca0][WARN] copy_aicore_buffer: [chip_swimlane_collector.cpp:689] Core 41: skipped 1024 AICore record slot(s) with start_time=0 (race-window write or recycled-buffer tail). buf seq=0 count=1024
[mono_ns=7230515448525307][T0xfb37549ecca0][WARN] copy_aicore_buffer: [chip_swimlane_collector.cpp:689] Core 42: skipped 1024 AICore record slot(s) with start_time=0 (race-window write or recycled-buffer tail). buf seq=0 count=1024
[mono_ns=7230515448568487][T0xfb373ffbeca0][WARN] copy_aicore_buffer: [chip_swimlane_collector.cpp:689] Core 44: skipped 1024 AICore record slot(s) with start_time=0 (race-window write or recycled-buffer tail). buf seq=0 count=1024
[mono_ns=7230515448702306][T0xfb373f7aeca0][WARN] copy_aicore_buffer: [chip_swimlane_collector.cpp:689] Core 11: skipped 1024 AICore record slot(s) with start_time=0 (race-window write or recycled-buffer tail). buf seq=0 count=1024
[mono_ns=7230515448809466][T0xfb37549ecca0][WARN] copy_aicore_buffer: [chip_swimlane_collector.cpp:689] Core 43: skipped 1024 AICore record slot(s) with start_time=0 (race-window write or recycled-buffer tail). buf seq=0 count=1024
[mono_ns=7230515448859046][T0xfb373ffbeca0][WARN] copy_aicore_buffer: [chip_swimlane_collector.cpp:689] Core 45: skipped 1024 AICore record slot(s) with start_time=0 (race-window write or recycled-buffer tail). buf seq=0 count=1024
[mono_ns=7230515449039145][T0xfb373f7aeca0][WARN] copy_aicore_buffer: [chip_swimlane_collector.cpp:689] Core 46: skipped 1024 AICore record slot(s) with start_time=0 (race-window write or recycled-buffer tail). buf seq=0 count=1024
[mono_ns=7230515449104235][T0xfb37549ecca0][WARN] copy_aicore_buffer: [chip_swimlane_collector.cpp:689] Core 12: skipped 1024 AICore record slot(s) with start_time=0 (race-window write or recycled-buffer tail). buf seq=0 count=1024
[mono_ns=7230515449160525][T0xfb373ffbeca0][WARN] copy_aicore_buffer: [chip_swimlane_collector.cpp:689] Core 13: skipped 1024 AICore record slot(s) with start_time=0 (race-window write or recycled-buffer tail). buf seq=0 count=1024
[mono_ns=7230515449365234][T0xfb373f7aeca0][WARN] copy_aicore_buffer: [chip_swimlane_collector.cpp:689] Core 47: skipped 1024 AICore record slot(s) with start_time=0 (race-window write or recycled-buffer tail). buf seq=0 count=1024
[mono_ns=7230515449388464][T0xfb37549ecca0][WARN] copy_aicore_buffer: [chip_swimlane_collector.cpp:689] Core 48: skipped 1024 AICore record slot(s) with start_time=0 (race-window write or recycled-buffer tail). buf seq=0 count=1024
[mono_ns=7230515449450074][T0xfb373ffbeca0][WARN] copy_aicore_buffer: [chip_swimlane_collector.cpp:689] Core 50: skipped 1024 AICore record slot(s) with start_time=0 (race-window write or recycled-buffer tail). buf seq=0 count=1024
[mono_ns=7230515449672813][T0xfb37549ecca0][WARN] copy_aicore_buffer: [chip_swimlane_collector.cpp:689] Core 49: skipped 1024 AICore record slot(s) with start_time=0 (race-window write or recycled-buffer tail). buf seq=0 count=1024
[mono_ns=7230515449691983][T0xfb373f7aeca0][WARN] copy_aicore_buffer: [chip_swimlane_collector.cpp:689] Core 14: skipped 1024 AICore record slot(s) with start_time=0 (race-window write or recycled-buffer tail). buf seq=0 count=1024
[mono_ns=7230515449740543][T0xfb373ffbeca0][WARN] copy_aicore_buffer: [chip_swimlane_collector.cpp:689] Core 51: skipped 1024 AICore record slot(s) with start_time=0 (race-window write or recycled-buffer tail). buf seq=0 count=1024
[mono_ns=7230515449956942][T0xfb37549ecca0][WARN] copy_aicore_buffer: [chip_swimlane_collector.cpp:689] Core 15: skipped 1024 AICore record slot(s) with start_time=0 (race-window write or recycled-buffer tail). buf seq=0 count=1024
[mono_ns=7230515450029392][T0xfb373f7aeca0][WARN] copy_aicore_buffer: [chip_swimlane_collector.cpp:689] Core 52: skipped 1024 AICore record slot(s) with start_time=0 (race-window write or recycled-buffer tail). buf seq=0 count=1024
[mono_ns=7230515450036932][T0xfb373ffbeca0][WARN] copy_aicore_buffer: [chip_swimlane_collector.cpp:689] Core 16: skipped 1024 AICore record slot(s) with start_time=0 (race-window write or recycled-buffer tail). buf seq=0 count=1024
[mono_ns=7230515450281651][T0xfb37549ecca0][WARN] copy_aicore_buffer: [chip_swimlane_collector.cpp:689] Core 54: skipped 1024 AICore record slot(s) with start_time=0 (race-window write or recycled-buffer tail). buf seq=0 count=1024
[mono_ns=7230515450328051][T0xfb373ffbeca0][WARN] copy_aicore_buffer: [chip_swimlane_collector.cpp:689] Core 56: skipped 1024 AICore record slot(s) with start_time=0 (race-window write or recycled-buffer tail). buf seq=0 count=1024
[mono_ns=7230515450358581][T0xfb373f7aeca0][WARN] copy_aicore_buffer: [chip_swimlane_collector.cpp:689] Core 53: skipped 1024 AICore record slot(s) with start_time=0 (race-window write or recycled-buffer tail). buf seq=0 count=1024
[mono_ns=7230515450602930][T0xfb37549ecca0][WARN] copy_aicore_buffer: [chip_swimlane_collector.cpp:689] Core 55: skipped 1024 AICore record slot(s) with start_time=0 (race-window write or recycled-buffer tail). buf seq=0 count=1024
[mono_ns=7230515450618920][T0xfb373ffbeca0][WARN] copy_aicore_buffer: [chip_swimlane_collector.cpp:689] Core 57: skipped 1024 AICore record slot(s) with start_time=0 (race-window write or recycled-buffer tail). buf seq=0 count=1024
[mono_ns=7230515450686330][T0xfb373f7aeca0][WARN] copy_aicore_buffer: [chip_swimlane_collector.cpp:689] Core 17: skipped 1024 AICore record slot(s) with start_time=0 (race-window write or recycled-buffer tail). buf seq=0 count=1024
[mono_ns=7230515450897409][T0xfb37549ecca0][WARN] copy_aicore_buffer: [chip_swimlane_collector.cpp:689] Core 18: skipped 1024 AICore record slot(s) with start_time=0 (race-window write or recycled-buffer tail). buf seq=0 count=1024
[mono_ns=7230515450908169][T0xfb373ffbeca0][WARN] copy_aicore_buffer: [chip_swimlane_collector.cpp:689] Core 19: skipped 1024 AICore record slot(s) with start_time=0 (race-window write or recycled-buffer tail). buf seq=0 count=1024
[mono_ns=7230515451074739][T0xfb373f7aeca0][WARN] copy_aicore_buffer: [chip_swimlane_collector.cpp:689] Core 58: skipped 1024 AICore record slot(s) with start_time=0 (race-window write or recycled-buffer tail). buf seq=0 count=1024
[mono_ns=7230515451202458][T0xfb37549ecca0][WARN] copy_aicore_buffer: [chip_swimlane_collector.cpp:689] Core 60: skipped 1024 AICore record slot(s) with start_time=0 (race-window write or recycled-buffer tail). buf seq=0 count=1024
[mono_ns=7230515451212698][T0xfb373ffbeca0][WARN] copy_aicore_buffer: [chip_swimlane_collector.cpp:689] Core 62: skipped 1024 AICore record slot(s) with start_time=0 (race-window write or recycled-buffer tail). buf seq=0 count=1024
[mono_ns=7230515451431428][T0xfb373f7aeca0][WARN] copy_aicore_buffer: [chip_swimlane_collector.cpp:689] Core 59: skipped 1024 AICore record slot(s) with start_time=0 (race-window write or recycled-buffer tail). buf seq=0 count=1024
[mono_ns=7230515451495007][T0xfb37549ecca0][WARN] copy_aicore_buffer: [chip_swimlane_collector.cpp:689] Core 61: skipped 1024 AICore record slot(s) with start_time=0 (race-window write or recycled-buffer tail). buf seq=0 count=1024
[mono_ns=7230515451503027][T0xfb373ffbeca0][WARN] copy_aicore_buffer: [chip_swimlane_collector.cpp:689] Core 63: skipped 1024 AICore record slot(s) with start_time=0 (race-window write or recycled-buffer tail). buf seq=0 count=1024
[mono_ns=7230515451771237][T0xfb373f7aeca0][WARN] copy_aicore_buffer: [chip_swimlane_collector.cpp:689] Core 20: skipped 1024 AICore record slot(s) with start_time=0 (race-window write or recycled-buffer tail). buf seq=0 count=1024
[mono_ns=7230515451786436][T0xfb37549ecca0][WARN] copy_aicore_buffer: [chip_swimlane_collector.cpp:689] Core 21: skipped 1024 AICore record slot(s) with start_time=0 (race-window write or recycled-buffer tail). buf seq=0 count=1024
[mono_ns=7230515451795616][T0xfb373ffbeca0][WARN] copy_aicore_buffer: [chip_swimlane_collector.cpp:689] Core 22: skipped 1024 AICore record slot(s) with start_time=0 (race-window write or recycled-buffer tail). buf seq=0 count=1024
[mono_ns=7230515452081306][T0xfb37549ecca0][WARN] copy_aicore_buffer: [chip_swimlane_collector.cpp:689] Core 66: skipped 1024 AICore record slot(s) with start_time=0 (race-window write or recycled-buffer tail). buf seq=0 count=1024
[mono_ns=7230515452091596][T0xfb373ffbeca0][WARN] copy_aicore_buffer: [chip_swimlane_collector.cpp:689] Core 68: skipped 1024 AICore record slot(s) with start_time=0 (race-window write or recycled-buffer tail). buf seq=0 count=1024
[mono_ns=7230515452117015][T0xfb373f7aeca0][WARN] copy_aicore_buffer: [chip_swimlane_collector.cpp:689] Core 64: skipped 1024 AICore record slot(s) with start_time=0 (race-window write or recycled-buffer tail). buf seq=0 count=1024
[mono_ns=7230515452373175][T0xfb37549ecca0][WARN] copy_aicore_buffer: [chip_swimlane_collector.cpp:689] Core 67: skipped 1024 AICore record slot(s) with start_time=0 (race-window write or recycled-buffer tail). buf seq=0 count=1024
[mono_ns=7230515452393795][T0xfb373ffbeca0][WARN] copy_aicore_buffer: [chip_swimlane_collector.cpp:689] Core 69: skipped 1024 AICore record slot(s) with start_time=0 (race-window write or recycled-buffer tail). buf seq=0 count=1024
[mono_ns=7230515452455864][T0xfb373f7aeca0][WARN] copy_aicore_buffer: [chip_swimlane_collector.cpp:689] Core 65: skipped 1024 AICore record slot(s) with start_time=0 (race-window write or recycled-buffer tail). buf seq=0 count=1024
[mono_ns=7230515452795883][T0xfb373f7aeca0][WARN] copy_aicore_buffer: [chip_swimlane_collector.cpp:689] Core 23: skipped 1024 AICore record slot(s) with start_time=0 (race-window write or recycled-buffer tail). buf seq=0 count=1024
[mono_ns=7230515453143232][T0xfb373f7aeca0][WARN] copy_aicore_buffer: [chip_swimlane_collector.cpp:689] Core 70: skipped 1024 AICore record slot(s) with start_time=0 (race-window write or recycled-buffer tail). buf seq=0 count=1024
[mono_ns=7230515453479061][T0xfb373f7aeca0][WARN] copy_aicore_buffer: [chip_swimlane_collector.cpp:689] Core 71: skipped 1024 AICore record slot(s) with start_time=0 (race-window write or recycled-buffer tail). buf seq=0 count=1024
[mono_ns=7230515554260081][T0xfb389d23b020][TIMING] emit_host_span: [STRACE] v=1 pid=301848 tid=301848 inv=6 hid=f73637d0bd98c32d depth=1 name=chip.run.runner_run ts=7230515443204304 dur=111050157 
[mono_ns=7230515554340940][T0xfb389d23b020][TIMING] emit_host_span: [STRACE] v=1 pid=301848 tid=301848 inv=6 hid=f73637d0bd98c32d depth=1 name=chip.run.validate ts=7230515554272001 dur=65889 
[mono_ns=7230515554350370][T0xfb389d23b020][TIMING] emit_host_span: [STRACE] v=1 pid=301848 tid=301848 inv=6 hid=f73637d0bd98c32d depth=2 name=chip.run.runner_run.device_wall ts=0 dur=1725080 clk=dev
[mono_ns=7230515554354390][T0xfb389d23b020][TIMING] emit_host_span: [STRACE] v=1 pid=301848 tid=301848 inv=6 hid=f73637d0bd98c32d depth=3 name=chip.run.runner_run.device_wall.preamble ts=0 dur=109640 clk=dev
[mono_ns=7230515554379620][T0xfb389d23b020][TIMING] emit_host_span: [STRACE] v=1 pid=301848 tid=301848 inv=6 hid=f73637d0bd98c32d depth=3 name=chip.run.runner_run.device_wall.graph_build ts=105480 dur=1608939 clk=dev
[mono_ns=7230515554383680][T0xfb389d23b020][TIMING] emit_host_span: [STRACE] v=1 pid=301848 tid=301848 inv=6 hid=f73637d0bd98c32d depth=3 name=chip.run.runner_run.device_wall.config_validate ts=105580 dur=860 clk=dev
[mono_ns=7230515554387480][T0xfb389d23b020][TIMING] emit_host_span: [STRACE] v=1 pid=301848 tid=301848 inv=6 hid=f73637d0bd98c32d depth=3 name=chip.run.runner_run.device_wall.arena_wire ts=106480 dur=459 clk=dev
[mono_ns=7230515554391340][T0xfb389d23b020][TIMING] emit_host_span: [STRACE] v=1 pid=301848 tid=301848 inv=6 hid=f73637d0bd98c32d depth=3 name=chip.run.runner_run.device_wall.sm_reset ts=106960 dur=640 clk=dev
[mono_ns=7230515554395230][T0xfb389d23b020][TIMING] emit_host_span: [STRACE] v=1 pid=301848 tid=301848 inv=6 hid=f73637d0bd98c32d depth=3 name=chip.run.runner_run.device_wall.post_orch ts=1714520 dur=10480 clk=dev
[mono_ns=7230515554399110][T0xfb389d23b020][TIMING] emit_host_span: [STRACE] v=1 pid=301848 tid=301848 inv=6 hid=f73637d0bd98c32d depth=3 name=chip.run.runner_run.device_wall.orch ts=107640 dur=3360 clk=dev
[mono_ns=7230515554402950][T0xfb389d23b020][TIMING] emit_host_span: [STRACE] v=1 pid=301848 tid=301848 inv=6 hid=f73637d0bd98c32d depth=3 name=chip.run.runner_run.device_wall.sched ts=109780 dur=1580080 clk=dev
[mono_ns=7230515554425310][T0xfb389d23b020][TIMING] emit_host_span: [STRACE] v=1 pid=301848 tid=301848 inv=6 hid=f73637d0bd98c32d depth=1 name=chip.run.claim_release ts=7230515554422360 dur=930 
[mono_ns=7230515554430390][T0xfb389d23b020][TIMING] emit_host_span: [STRACE] v=1 pid=301848 tid=301848 inv=6 hid=f73637d0bd98c32d depth=0 name=chip.run ts=7230515441311900 dur=113116570 run_id=6 dispatch_id=6 slot_id=0 generation=6 run_epoch=6
[mono_ns=7230520360198974][T0xfb389d23b020][TIMING] emit_host_span: [STRACE] v=1 pid=301848 tid=301848 inv=7 hid=f73637d0bd98c32d depth=2 name=chip.run.bind.args ts=7230520360072205 dur=120059 
[mono_ns=7230520360214164][T0xfb389d23b020][TIMING] emit_host_span: [STRACE] v=1 pid=301848 tid=301848 inv=7 hid=f73637d0bd98c32d depth=2 name=chip.run.bind.prebuilt ts=7230520360208514 dur=3150 
[mono_ns=7230520360218674][T0xfb389d23b020][TIMING] emit_host_span: [STRACE] v=1 pid=301848 tid=301848 inv=7 hid=f73637d0bd98c32d depth=1 name=chip.run.bind ts=7230520360064715 dur=151879 
[mono_ns=7230520466182105][T0xfb389d23b020][TIMING] emit_host_span: [STRACE] v=1 pid=301848 tid=301848 inv=7 hid=f73637d0bd98c32d depth=1 name=chip.run.runner_run ts=7230520360429073 dur=105741632 
[mono_ns=7230520466273374][T0xfb389d23b020][TIMING] emit_host_span: [STRACE] v=1 pid=301848 tid=301848 inv=7 hid=f73637d0bd98c32d depth=1 name=chip.run.validate ts=7230520466197105 dur=73059 
[mono_ns=7230520466280254][T0xfb389d23b020][TIMING] emit_host_span: [STRACE] v=1 pid=301848 tid=301848 inv=7 hid=f73637d0bd98c32d depth=2 name=chip.run.runner_run.device_wall ts=0 dur=4165700 clk=dev
[mono_ns=7230520466292674][T0xfb389d23b020][TIMING] emit_host_span: [STRACE] v=1 pid=301848 tid=301848 inv=7 hid=f73637d0bd98c32d depth=3 name=chip.run.runner_run.device_wall.preamble ts=0 dur=6720 clk=dev
[mono_ns=7230520466296184][T0xfb389d23b020][TIMING] emit_host_span: [STRACE] v=1 pid=301848 tid=301848 inv=7 hid=f73637d0bd98c32d depth=3 name=chip.run.runner_run.device_wall.graph_build ts=2200 dur=4152740 clk=dev
[mono_ns=7230520466299414][T0xfb389d23b020][TIMING] emit_host_span: [STRACE] v=1 pid=301848 tid=301848 inv=7 hid=f73637d0bd98c32d depth=3 name=chip.run.runner_run.device_wall.config_validate ts=2320 dur=960 clk=dev
[mono_ns=7230520466302474][T0xfb389d23b020][TIMING] emit_host_span: [STRACE] v=1 pid=301848 tid=301848 inv=7 hid=f73637d0bd98c32d depth=3 name=chip.run.runner_run.device_wall.arena_wire ts=3400 dur=580 clk=dev
[mono_ns=7230520466305874][T0xfb389d23b020][TIMING] emit_host_span: [STRACE] v=1 pid=301848 tid=301848 inv=7 hid=f73637d0bd98c32d depth=3 name=chip.run.runner_run.device_wall.sm_reset ts=4000 dur=1100 clk=dev
[mono_ns=7230520466308914][T0xfb389d23b020][TIMING] emit_host_span: [STRACE] v=1 pid=301848 tid=301848 inv=7 hid=f73637d0bd98c32d depth=3 name=chip.run.runner_run.device_wall.post_orch ts=4155000 dur=10520 clk=dev
[mono_ns=7230520466312974][T0xfb389d23b020][TIMING] emit_host_span: [STRACE] v=1 pid=301848 tid=301848 inv=7 hid=f73637d0bd98c32d depth=3 name=chip.run.runner_run.device_wall.orch ts=6060 dur=10700 clk=dev
[mono_ns=7230520466316024][T0xfb389d23b020][TIMING] emit_host_span: [STRACE] v=1 pid=301848 tid=301848 inv=7 hid=f73637d0bd98c32d depth=3 name=chip.run.runner_run.device_wall.sched ts=6840 dur=4140600 clk=dev
[mono_ns=7230520466321974][T0xfb389d23b020][TIMING] emit_host_span: [STRACE] v=1 pid=301848 tid=301848 inv=7 hid=f73637d0bd98c32d depth=1 name=chip.run.claim_release ts=7230520466319854 dur=310 
[mono_ns=7230520466326924][T0xfb389d23b020][TIMING] emit_host_span: [STRACE] v=1 pid=301848 tid=301848 inv=7 hid=f73637d0bd98c32d depth=0 name=chip.run ts=7230520360022935 dur=106302089 run_id=7 dispatch_id=7 slot_id=0 generation=7 run_epoch=7
[mono_ns=7230520475398306][T0xfb389d23b020][TIMING] emit_host_span: [STRACE] v=1 pid=301848 tid=301848 inv=8 hid=f73637d0bd98c32d depth=2 name=chip.run.bind.args ts=7230520475295216 dur=98060 
[mono_ns=7230520475412846][T0xfb389d23b020][TIMING] emit_host_span: [STRACE] v=1 pid=301848 tid=301848 inv=8 hid=f73637d0bd98c32d depth=2 name=chip.run.bind.prebuilt ts=7230520475406066 dur=3590 
[mono_ns=7230520475416786][T0xfb389d23b020][TIMING] emit_host_span: [STRACE] v=1 pid=301848 tid=301848 inv=8 hid=f73637d0bd98c32d depth=1 name=chip.run.bind ts=7230520475287666 dur=127040 
[mono_ns=7230520479419104][T0xfb373ffbeca0][WARN] copy_aicore_buffer: [chip_swimlane_collector.cpp:689] Core 1: skipped 1024 AICore record slot(s) with start_time=0 (race-window write or recycled-buffer tail). buf seq=0 count=1024
[mono_ns=7230520479450333][T0xfb373f7aeca0][WARN] copy_aicore_buffer: [chip_swimlane_collector.cpp:689] Core 2: skipped 1024 AICore record slot(s) with start_time=0 (race-window write or recycled-buffer tail). buf seq=0 count=1024
[mono_ns=7230520479450083][T0xfb37549ecca0][WARN] copy_aicore_buffer: [chip_swimlane_collector.cpp:689] Core 0: skipped 1024 AICore record slot(s) with start_time=0 (race-window write or recycled-buffer tail). buf seq=0 count=1024
[mono_ns=7230520479719193][T0xfb373ffbeca0][WARN] copy_aicore_buffer: [chip_swimlane_collector.cpp:689] Core 26: skipped 1023 AICore record slot(s) with start_time=0 (race-window write or recycled-buffer tail). buf seq=0 count=1024
[mono_ns=7230520479783222][T0xfb373f7aeca0][WARN] copy_aicore_buffer: [chip_swimlane_collector.cpp:689] Core 28: skipped 1023 AICore record slot(s) with start_time=0 (race-window write or recycled-buffer tail). buf seq=0 count=1024
[mono_ns=7230520479788362][T0xfb37549ecca0][WARN] copy_aicore_buffer: [chip_swimlane_collector.cpp:689] Core 24: skipped 1023 AICore record slot(s) with start_time=0 (race-window write or recycled-buffer tail). buf seq=0 count=1024
[mono_ns=7230520480024962][T0xfb373ffbeca0][WARN] copy_aicore_buffer: [chip_swimlane_collector.cpp:689] Core 27: skipped 1024 AICore record slot(s) with start_time=0 (race-window write or recycled-buffer tail). buf seq=0 count=1024
[mono_ns=7230520480124681][T0xfb37549ecca0][WARN] copy_aicore_buffer: [chip_swimlane_collector.cpp:689] Core 25: skipped 1024 AICore record slot(s) with start_time=0 (race-window write or recycled-buffer tail). buf seq=0 count=1024
[mono_ns=7230520480131231][T0xfb373f7aeca0][WARN] copy_aicore_buffer: [chip_swimlane_collector.cpp:689] Core 29: skipped 1024 AICore record slot(s) with start_time=0 (race-window write or recycled-buffer tail). buf seq=0 count=1024
[mono_ns=7230520480315731][T0xfb373ffbeca0][WARN] copy_aicore_buffer: [chip_swimlane_collector.cpp:689] Core 4: skipped 1024 AICore record slot(s) with start_time=0 (race-window write or recycled-buffer tail). buf seq=0 count=1024
[mono_ns=7230520480446110][T0xfb37549ecca0][WARN] copy_aicore_buffer: [chip_swimlane_collector.cpp:689] Core 3: skipped 1024 AICore record slot(s) with start_time=0 (race-window write or recycled-buffer tail). buf seq=0 count=1024
[mono_ns=7230520480455800][T0xfb373f7aeca0][WARN] copy_aicore_buffer: [chip_swimlane_collector.cpp:689] Core 5: skipped 1024 AICore record slot(s) with start_time=0 (race-window write or recycled-buffer tail). buf seq=0 count=1024
[mono_ns=7230520480609710][T0xfb373ffbeca0][WARN] copy_aicore_buffer: [chip_swimlane_collector.cpp:689] Core 32: skipped 1024 AICore record slot(s) with start_time=0 (race-window write or recycled-buffer tail). buf seq=0 count=1024
[mono_ns=7230520480765739][T0xfb37549ecca0][WARN] copy_aicore_buffer: [chip_swimlane_collector.cpp:689] Core 30: skipped 1024 AICore record slot(s) with start_time=0 (race-window write or recycled-buffer tail). buf seq=0 count=1024
[mono_ns=7230520480779519][T0xfb373f7aeca0][WARN] copy_aicore_buffer: [chip_swimlane_collector.cpp:689] Core 34: skipped 1024 AICore record slot(s) with start_time=0 (race-window write or recycled-buffer tail). buf seq=0 count=1024
[mono_ns=7230520480899339][T0xfb373ffbeca0][WARN] copy_aicore_buffer: [chip_swimlane_collector.cpp:689] Core 33: skipped 1024 AICore record slot(s) with start_time=0 (race-window write or recycled-buffer tail). buf seq=0 count=1024
[mono_ns=7230520481093208][T0xfb37549ecca0][WARN] copy_aicore_buffer: [chip_swimlane_collector.cpp:689] Core 31: skipped 1024 AICore record slot(s) with start_time=0 (race-window write or recycled-buffer tail). buf seq=0 count=1024
[mono_ns=7230520481108488][T0xfb373f7aeca0][WARN] copy_aicore_buffer: [chip_swimlane_collector.cpp:689] Core 35: skipped 1024 AICore record slot(s) with start_time=0 (race-window write or recycled-buffer tail). buf seq=0 count=1024
[mono_ns=7230520481199448][T0xfb373ffbeca0][WARN] copy_aicore_buffer: [chip_swimlane_collector.cpp:689] Core 7: skipped 1024 AICore record slot(s) with start_time=0 (race-window write or recycled-buffer tail). buf seq=0 count=1024
[mono_ns=7230520481411927][T0xfb37549ecca0][WARN] copy_aicore_buffer: [chip_swimlane_collector.cpp:689] Core 6: skipped 1024 AICore record slot(s) with start_time=0 (race-window write or recycled-buffer tail). buf seq=0 count=1024
[mono_ns=7230520481474457][T0xfb373f7aeca0][WARN] copy_aicore_buffer: [chip_swimlane_collector.cpp:689] Core 8: skipped 1024 AICore record slot(s) with start_time=0 (race-window write or recycled-buffer tail). buf seq=0 count=1024
[mono_ns=7230520481488797][T0xfb373ffbeca0][WARN] copy_aicore_buffer: [chip_swimlane_collector.cpp:689] Core 38: skipped 1024 AICore record slot(s) with start_time=0 (race-window write or recycled-buffer tail). buf seq=0 count=1024
[mono_ns=7230520481731466][T0xfb37549ecca0][WARN] copy_aicore_buffer: [chip_swimlane_collector.cpp:689] Core 36: skipped 1024 AICore record slot(s) with start_time=0 (race-window write or recycled-buffer tail). buf seq=0 count=1024
[mono_ns=7230520481777096][T0xfb373ffbeca0][WARN] copy_aicore_buffer: [chip_swimlane_collector.cpp:689] Core 39: skipped 1024 AICore record slot(s) with start_time=0 (race-window write or recycled-buffer tail). buf seq=0 count=1024
[mono_ns=7230520481800076][T0xfb373f7aeca0][WARN] copy_aicore_buffer: [chip_swimlane_collector.cpp:689] Core 40: skipped 1024 AICore record slot(s) with start_time=0 (race-window write or recycled-buffer tail). buf seq=0 count=1024
[mono_ns=7230520482066425][T0xfb37549ecca0][WARN] copy_aicore_buffer: [chip_swimlane_collector.cpp:689] Core 37: skipped 1024 AICore record slot(s) with start_time=0 (race-window write or recycled-buffer tail). buf seq=0 count=1024
[mono_ns=7230520482079785][T0xfb373ffbeca0][WARN] copy_aicore_buffer: [chip_swimlane_collector.cpp:689] Core 10: skipped 1024 AICore record slot(s) with start_time=0 (race-window write or recycled-buffer tail). buf seq=0 count=1024
[mono_ns=7230520482136505][T0xfb373f7aeca0][WARN] copy_aicore_buffer: [chip_swimlane_collector.cpp:689] Core 41: skipped 1024 AICore record slot(s) with start_time=0 (race-window write or recycled-buffer tail). buf seq=0 count=1024
[mono_ns=7230520482367934][T0xfb373ffbeca0][WARN] copy_aicore_buffer: [chip_swimlane_collector.cpp:689] Core 44: skipped 1024 AICore record slot(s) with start_time=0 (race-window write or recycled-buffer tail). buf seq=0 count=1024
[mono_ns=7230520482386254][T0xfb37549ecca0][WARN] copy_aicore_buffer: [chip_swimlane_collector.cpp:689] Core 9: skipped 1024 AICore record slot(s) with start_time=0 (race-window write or recycled-buffer tail). buf seq=0 count=1024
[mono_ns=7230520482463774][T0xfb373f7aeca0][WARN] copy_aicore_buffer: [chip_swimlane_collector.cpp:689] Core 11: skipped 1024 AICore record slot(s) with start_time=0 (race-window write or recycled-buffer tail). buf seq=0 count=1024
[mono_ns=7230520482658493][T0xfb373ffbeca0][WARN] copy_aicore_buffer: [chip_swimlane_collector.cpp:689] Core 45: skipped 1024 AICore record slot(s) with start_time=0 (race-window write or recycled-buffer tail). buf seq=0 count=1024
[mono_ns=7230520482704123][T0xfb37549ecca0][WARN] copy_aicore_buffer: [chip_swimlane_collector.cpp:689] Core 42: skipped 1024 AICore record slot(s) with start_time=0 (race-window write or recycled-buffer tail). buf seq=0 count=1024
[mono_ns=7230520482790703][T0xfb373f7aeca0][WARN] copy_aicore_buffer: [chip_swimlane_collector.cpp:689] Core 46: skipped 1024 AICore record slot(s) with start_time=0 (race-window write or recycled-buffer tail). buf seq=0 count=1024
[mono_ns=7230520482948473][T0xfb373ffbeca0][WARN] copy_aicore_buffer: [chip_swimlane_collector.cpp:689] Core 13: skipped 1024 AICore record slot(s) with start_time=0 (race-window write or recycled-buffer tail). buf seq=0 count=1024
[mono_ns=7230520483033062][T0xfb37549ecca0][WARN] copy_aicore_buffer: [chip_swimlane_collector.cpp:689] Core 43: skipped 1024 AICore record slot(s) with start_time=0 (race-window write or recycled-buffer tail). buf seq=0 count=1024
[mono_ns=7230520483135762][T0xfb373f7aeca0][WARN] copy_aicore_buffer: [chip_swimlane_collector.cpp:689] Core 47: skipped 1024 AICore record slot(s) with start_time=0 (race-window write or recycled-buffer tail). buf seq=0 count=1024
[mono_ns=7230520483253862][T0xfb373ffbeca0][WARN] copy_aicore_buffer: [chip_swimlane_collector.cpp:689] Core 50: skipped 1024 AICore record slot(s) with start_time=0 (race-window write or recycled-buffer tail). buf seq=0 count=1024
[mono_ns=7230520483353311][T0xfb37549ecca0][WARN] copy_aicore_buffer: [chip_swimlane_collector.cpp:689] Core 12: skipped 1024 AICore record slot(s) with start_time=0 (race-window write or recycled-buffer tail). buf seq=0 count=1024
[mono_ns=7230520483463361][T0xfb373f7aeca0][WARN] copy_aicore_buffer: [chip_swimlane_collector.cpp:689] Core 14: skipped 1024 AICore record slot(s) with start_time=0 (race-window write or recycled-buffer tail). buf seq=0 count=1024
[mono_ns=7230520483544691][T0xfb373ffbeca0][WARN] copy_aicore_buffer: [chip_swimlane_collector.cpp:689] Core 51: skipped 1024 AICore record slot(s) with start_time=0 (race-window write or recycled-buffer tail). buf seq=0 count=1024
[mono_ns=7230520483671730][T0xfb37549ecca0][WARN] copy_aicore_buffer: [chip_swimlane_collector.cpp:689] Core 48: skipped 1024 AICore record slot(s) with start_time=0 (race-window write or recycled-buffer tail). buf seq=0 count=1024
[mono_ns=7230520483790140][T0xfb373f7aeca0][WARN] copy_aicore_buffer: [chip_swimlane_collector.cpp:689] Core 52: skipped 1024 AICore record slot(s) with start_time=0 (race-window write or recycled-buffer tail). buf seq=0 count=1024
[mono_ns=7230520483836610][T0xfb373ffbeca0][WARN] copy_aicore_buffer: [chip_swimlane_collector.cpp:689] Core 16: skipped 1024 AICore record slot(s) with start_time=0 (race-window write or recycled-buffer tail). buf seq=0 count=1024
[mono_ns=7230520483991379][T0xfb37549ecca0][WARN] copy_aicore_buffer: [chip_swimlane_collector.cpp:689] Core 49: skipped 1024 AICore record slot(s) with start_time=0 (race-window write or recycled-buffer tail). buf seq=0 count=1024
[mono_ns=7230520484123259][T0xfb373f7aeca0][WARN] copy_aicore_buffer: [chip_swimlane_collector.cpp:689] Core 53: skipped 1024 AICore record slot(s) with start_time=0 (race-window write or recycled-buffer tail). buf seq=0 count=1024
[mono_ns=7230520484139619][T0xfb373ffbeca0][WARN] copy_aicore_buffer: [chip_swimlane_collector.cpp:689] Core 56: skipped 1024 AICore record slot(s) with start_time=0 (race-window write or recycled-buffer tail). buf seq=0 count=1024
[mono_ns=7230520484316628][T0xfb37549ecca0][WARN] copy_aicore_buffer: [chip_swimlane_collector.cpp:689] Core 15: skipped 1024 AICore record slot(s) with start_time=0 (race-window write or recycled-buffer tail). buf seq=0 count=1024
[mono_ns=7230520484429458][T0xfb373ffbeca0][WARN] copy_aicore_buffer: [chip_swimlane_collector.cpp:689] Core 57: skipped 1024 AICore record slot(s) with start_time=0 (race-window write or recycled-buffer tail). buf seq=0 count=1024
[mono_ns=7230520484450578][T0xfb373f7aeca0][WARN] copy_aicore_buffer: [chip_swimlane_collector.cpp:689] Core 17: skipped 1024 AICore record slot(s) with start_time=0 (race-window write or recycled-buffer tail). buf seq=0 count=1024
[mono_ns=7230520484635157][T0xfb37549ecca0][WARN] copy_aicore_buffer: [chip_swimlane_collector.cpp:689] Core 54: skipped 1024 AICore record slot(s) with start_time=0 (race-window write or recycled-buffer tail). buf seq=0 count=1024
[mono_ns=7230520484720777][T0xfb373ffbeca0][WARN] copy_aicore_buffer: [chip_swimlane_collector.cpp:689] Core 19: skipped 1024 AICore record slot(s) with start_time=0 (race-window write or recycled-buffer tail). buf seq=0 count=1024
[mono_ns=7230520484777637][T0xfb373f7aeca0][WARN] copy_aicore_buffer: [chip_swimlane_collector.cpp:689] Core 58: skipped 1024 AICore record slot(s) with start_time=0 (race-window write or recycled-buffer tail). buf seq=0 count=1024
[mono_ns=7230520484954306][T0xfb37549ecca0][WARN] copy_aicore_buffer: [chip_swimlane_collector.cpp:689] Core 55: skipped 1024 AICore record slot(s) with start_time=0 (race-window write or recycled-buffer tail). buf seq=0 count=1024
[mono_ns=7230520485016256][T0xfb373ffbeca0][WARN] copy_aicore_buffer: [chip_swimlane_collector.cpp:689] Core 62: skipped 1024 AICore record slot(s) with start_time=0 (race-window write or recycled-buffer tail). buf seq=0 count=1024
[mono_ns=7230520485110576][T0xfb373f7aeca0][WARN] copy_aicore_buffer: [chip_swimlane_collector.cpp:689] Core 59: skipped 1024 AICore record slot(s) with start_time=0 (race-window write or recycled-buffer tail). buf seq=0 count=1024
[mono_ns=7230520485279285][T0xfb37549ecca0][WARN] copy_aicore_buffer: [chip_swimlane_collector.cpp:689] Core 18: skipped 1024 AICore record slot(s) with start_time=0 (race-window write or recycled-buffer tail). buf seq=0 count=1024
[mono_ns=7230520485305875][T0xfb373ffbeca0][WARN] copy_aicore_buffer: [chip_swimlane_collector.cpp:689] Core 63: skipped 1024 AICore record slot(s) with start_time=0 (race-window write or recycled-buffer tail). buf seq=0 count=1024
[mono_ns=7230520485436125][T0xfb373f7aeca0][WARN] copy_aicore_buffer: [chip_swimlane_collector.cpp:689] Core 20: skipped 1024 AICore record slot(s) with start_time=0 (race-window write or recycled-buffer tail). buf seq=0 count=1024
[mono_ns=7230520485596614][T0xfb37549ecca0][WARN] copy_aicore_buffer: [chip_swimlane_collector.cpp:689] Core 60: skipped 1024 AICore record slot(s) with start_time=0 (race-window write or recycled-buffer tail). buf seq=0 count=1024
[mono_ns=7230520485597154][T0xfb373ffbeca0][WARN] copy_aicore_buffer: [chip_swimlane_collector.cpp:689] Core 22: skipped 1024 AICore record slot(s) with start_time=0 (race-window write or recycled-buffer tail). buf seq=0 count=1024
[mono_ns=7230520485762404][T0xfb373f7aeca0][WARN] copy_aicore_buffer: [chip_swimlane_collector.cpp:689] Core 64: skipped 1024 AICore record slot(s) with start_time=0 (race-window write or recycled-buffer tail). buf seq=0 count=1024
[mono_ns=7230520485892133][T0xfb373ffbeca0][WARN] copy_aicore_buffer: [chip_swimlane_collector.cpp:689] Core 68: skipped 1024 AICore record slot(s) with start_time=0 (race-window write or recycled-buffer tail). buf seq=0 count=1024
[mono_ns=7230520485916413][T0xfb37549ecca0][WARN] copy_aicore_buffer: [chip_swimlane_collector.cpp:689] Core 61: skipped 1024 AICore record slot(s) with start_time=0 (race-window write or recycled-buffer tail). buf seq=0 count=1024
[mono_ns=7230520486094053][T0xfb373f7aeca0][WARN] copy_aicore_buffer: [chip_swimlane_collector.cpp:689] Core 65: skipped 1024 AICore record slot(s) with start_time=0 (race-window write or recycled-buffer tail). buf seq=0 count=1024
[mono_ns=7230520486192082][T0xfb373ffbeca0][WARN] copy_aicore_buffer: [chip_swimlane_collector.cpp:689] Core 69: skipped 1024 AICore record slot(s) with start_time=0 (race-window write or recycled-buffer tail). buf seq=0 count=1024
[mono_ns=7230520486247082][T0xfb37549ecca0][WARN] copy_aicore_buffer: [chip_swimlane_collector.cpp:689] Core 21: skipped 1024 AICore record slot(s) with start_time=0 (race-window write or recycled-buffer tail). buf seq=0 count=1024
[mono_ns=7230520486419682][T0xfb373f7aeca0][WARN] copy_aicore_buffer: [chip_swimlane_collector.cpp:689] Core 23: skipped 1024 AICore record slot(s) with start_time=0 (race-window write or recycled-buffer tail). buf seq=0 count=1024
[mono_ns=7230520486566391][T0xfb37549ecca0][WARN] copy_aicore_buffer: [chip_swimlane_collector.cpp:689] Core 66: skipped 1024 AICore record slot(s) with start_time=0 (race-window write or recycled-buffer tail). buf seq=0 count=1024
[mono_ns=7230520486745331][T0xfb373f7aeca0][WARN] copy_aicore_buffer: [chip_swimlane_collector.cpp:689] Core 70: skipped 1024 AICore record slot(s) with start_time=0 (race-window write or recycled-buffer tail). buf seq=0 count=1024
[mono_ns=7230520486885320][T0xfb37549ecca0][WARN] copy_aicore_buffer: [chip_swimlane_collector.cpp:689] Core 67: skipped 1024 AICore record slot(s) with start_time=0 (race-window write or recycled-buffer tail). buf seq=0 count=1024
[mono_ns=7230520487078820][T0xfb373f7aeca0][WARN] copy_aicore_buffer: [chip_swimlane_collector.cpp:689] Core 71: skipped 1024 AICore record slot(s) with start_time=0 (race-window write or recycled-buffer tail). buf seq=0 count=1024
[mono_ns=7230520587658048][T0xfb389d23b020][TIMING] emit_host_span: [STRACE] v=1 pid=301848 tid=301848 inv=8 hid=f73637d0bd98c32d depth=1 name=chip.run.runner_run ts=7230520475670455 dur=111981023 
[mono_ns=7230520587737308][T0xfb389d23b020][TIMING] emit_host_span: [STRACE] v=1 pid=301848 tid=301848 inv=8 hid=f73637d0bd98c32d depth=1 name=chip.run.validate ts=7230520587666768 dur=67270 
[mono_ns=7230520587744228][T0xfb389d23b020][TIMING] emit_host_span: [STRACE] v=1 pid=301848 tid=301848 inv=8 hid=f73637d0bd98c32d depth=2 name=chip.run.runner_run.device_wall ts=0 dur=3333040 clk=dev
[mono_ns=7230520587748408][T0xfb389d23b020][TIMING] emit_host_span: [STRACE] v=1 pid=301848 tid=301848 inv=8 hid=f73637d0bd98c32d depth=3 name=chip.run.runner_run.device_wall.preamble ts=0 dur=107940 clk=dev
[mono_ns=7230520587752318][T0xfb389d23b020][TIMING] emit_host_span: [STRACE] v=1 pid=301848 tid=301848 inv=8 hid=f73637d0bd98c32d depth=3 name=chip.run.runner_run.device_wall.graph_build ts=102960 dur=3220240 clk=dev
[mono_ns=7230520587755858][T0xfb389d23b020][TIMING] emit_host_span: [STRACE] v=1 pid=301848 tid=301848 inv=8 hid=f73637d0bd98c32d depth=3 name=chip.run.runner_run.device_wall.config_validate ts=103060 dur=840 clk=dev
[mono_ns=7230520587760178][T0xfb389d23b020][TIMING] emit_host_span: [STRACE] v=1 pid=301848 tid=301848 inv=8 hid=f73637d0bd98c32d depth=3 name=chip.run.runner_run.device_wall.arena_wire ts=103940 dur=459 clk=dev
[mono_ns=7230520587763738][T0xfb389d23b020][TIMING] emit_host_span: [STRACE] v=1 pid=301848 tid=301848 inv=8 hid=f73637d0bd98c32d depth=3 name=chip.run.runner_run.device_wall.sm_reset ts=104420 dur=760 clk=dev
[mono_ns=7230520587771998][T0xfb389d23b020][TIMING] emit_host_span: [STRACE] v=1 pid=301848 tid=301848 inv=8 hid=f73637d0bd98c32d depth=3 name=chip.run.runner_run.device_wall.post_orch ts=3323260 dur=9660 clk=dev
[mono_ns=7230520587775738][T0xfb389d23b020][TIMING] emit_host_span: [STRACE] v=1 pid=301848 tid=301848 inv=8 hid=f73637d0bd98c32d depth=3 name=chip.run.runner_run.device_wall.orch ts=105220 dur=3840 clk=dev
[mono_ns=7230520587778988][T0xfb389d23b020][TIMING] emit_host_span: [STRACE] v=1 pid=301848 tid=301848 inv=8 hid=f73637d0bd98c32d depth=3 name=chip.run.runner_run.device_wall.sched ts=108020 dur=3191260 clk=dev
[mono_ns=7230520587783878][T0xfb389d23b020][TIMING] emit_host_span: [STRACE] v=1 pid=301848 tid=301848 inv=8 hid=f73637d0bd98c32d depth=1 name=chip.run.claim_release ts=7230520587781878 dur=280 
[mono_ns=7230520587788398][T0xfb389d23b020][TIMING] emit_host_span: [STRACE] v=1 pid=301848 tid=301848 inv=8 hid=f73637d0bd98c32d depth=0 name=chip.run ts=7230520475256446 dur=112530032 run_id=8 dispatch_id=8 slot_id=0 generation=8 run_epoch=8
