cmd=/opt/ptoas-bin/bin/python3 /opt/pypto-profiling/collectives/a1_alltoallv/harness/all_to_all_v_benchmark.py --ep 8 --peer-bytes 24960 --count-pattern uniform --core-num 1 --impl managed-l2 --rounds 100 --warmup 5 --profile both --swimlane-rounds 8 --platform a2a3 --devices 0,1,2,3,4,5,6,7 --output-json /opt/pypto-profiling/reports/issue-2521-a1-alltoallv-ep8-gapfill-2026-09-10/json/p8_managed-l2_uniform_24960.json --output-dir /opt/pypto-profiling/reports/issue-2521-a1-alltoallv-ep8-gapfill-2026-09-10/builds/p8_managed-l2_uniform_24960
rc=-11
----- stdout -----
[a2av-bench] session=timing-slot enter warmup=5 rounds=100

----- stderr -----
[mono_ns=7259712886859337][T0xed214b7eb020][TIMING] clock_anchor: [CLOCK_ANCHOR] v=1 pid=3739627 mono_ns=7259712886858897 wall_ns=1789055627359438573
[mono_ns=7259712921963119][T0xed214b7eb020][TIMING] clock_anchor: [CLOCK_ANCHOR] v=1 pid=3739633 mono_ns=7259712921962699 wall_ns=1789055627394542365
[mono_ns=7259712963374094][T0xed214b7eb020][TIMING] clock_anchor: [CLOCK_ANCHOR] v=1 pid=3739650 mono_ns=7259712963373844 wall_ns=1789055627435953490
[mono_ns=7259712989048007][T0xed214b7eb020][TIMING] clock_anchor: [CLOCK_ANCHOR] v=1 pid=3739663 mono_ns=7259712989047537 wall_ns=1789055627461627403
[mono_ns=7259713020695452][T0xed214b7eb020][TIMING] clock_anchor: [CLOCK_ANCHOR] v=1 pid=3739679 mono_ns=7259713020695062 wall_ns=1789055627493274848
[mono_ns=7259713055122892][T0xed214b7eb020][TIMING] clock_anchor: [CLOCK_ANCHOR] v=1 pid=3739685 mono_ns=7259713055122652 wall_ns=1789055627527702288
[mono_ns=7259713089172762][T0xed214b7eb020][TIMING] clock_anchor: [CLOCK_ANCHOR] v=1 pid=3739698 mono_ns=7259713089172492 wall_ns=1789055627561752148
[mono_ns=7259713123870813][T0xed214b7eb020][TIMING] clock_anchor: [CLOCK_ANCHOR] v=1 pid=3739704 mono_ns=7259713123870363 wall_ns=1789055627596450189
[mono_ns=7259714046207078][T0xed214b7eb020][TIMING] emit_host_span: [STRACE] v=1 pid=3739627 tid=3739627 inv=0 hid=0 depth=0 name=chip.prewarm.build ts=7259713967449776 dur=78738182 
[chip_process pid=3739627 dev=0] ready
[mono_ns=7259714119647329][T0xed214b7eb020][TIMING] emit_host_span: [STRACE] v=1 pid=3739650 tid=3739650 inv=0 hid=0 depth=0 name=chip.prewarm.build ts=7259714031963799 dur=87667110 
[chip_process pid=3739650 dev=2] ready
[mono_ns=7259714168444250][T0xed214b7eb020][TIMING] emit_host_span: [STRACE] v=1 pid=3739663 tid=3739663 inv=0 hid=0 depth=0 name=chip.prewarm.build ts=7259714081438191 dur=86990369 
[mono_ns=7259714172141317][T0xed214b7eb020][TIMING] emit_host_span: [STRACE] v=1 pid=3739685 tid=3739685 inv=0 hid=0 depth=0 name=chip.prewarm.build ts=7259714098857597 dur=73262830 
[chip_process pid=3739663 dev=3] ready
[chip_process pid=3739685 dev=5] ready
[mono_ns=7259714193616871][T0xed214b7eb020][TIMING] emit_host_span: [STRACE] v=1 pid=3739679 tid=3739679 inv=0 hid=0 depth=0 name=chip.prewarm.build ts=7259714113696707 dur=79901774 
[chip_process pid=3739679 dev=4] ready
[mono_ns=7259714210811937][T0xed214b7eb020][TIMING] emit_host_span: [STRACE] v=1 pid=3739698 tid=3739698 inv=0 hid=0 depth=0 name=chip.prewarm.build ts=7259714129713170 dur=81084697 
[chip_process pid=3739698 dev=6] ready
[mono_ns=7259714277510084][T0xed214b7eb020][TIMING] emit_host_span: [STRACE] v=1 pid=3739704 tid=3739704 inv=0 hid=0 depth=0 name=chip.prewarm.build ts=7259714205610636 dur=71877668 
[chip_process pid=3739704 dev=7] ready
[mono_ns=7259721196906102][T0xed214b7eb020][TIMING] emit_host_span: [STRACE] v=1 pid=3739633 tid=3739633 inv=0 hid=0 depth=0 name=chip.prewarm.build ts=7259721155776016 dur=41115866 
[chip_process pid=3739633 dev=1] ready
[mono_ns=7259721205181190][T0xed214b7eb020][TIMING] clock_anchor: [CLOCK_ANCHOR] v=1 pid=3734619 mono_ns=7259721205180700 wall_ns=1789055635677760406
[mono_ns=7259722276772976][T0xed214b7eb020][TIMING] emit_host_span: [STRACE] v=1 pid=3734619 tid=3734619 inv=1 hid=9835b80967a01f85 depth=0 name=node.submit ts=7259722276701006 dur=63480 run_id=1 task_slot=0 group_index=0 group_size=1 worker_id=0 role=facade
[mono_ns=7259722276843027][T0xed1fee22cca0][TIMING] emit_host_span: [STRACE] v=1 pid=3734619 tid=3742719 inv=1 hid=9835b80967a01f85 depth=0 name=node.frame_submit ts=7259722276803747 dur=27380 run_id=1 task_slot=0 group_index=0 worker_id=0 dispatch_id=1 endpoint_kind=local_mailbox prepare_only=0 role=worker
[mono_ns=7259722276858797][T0xed1fee22cca0][TIMING] emit_host_span: [STRACE] v=1 pid=3734619 tid=3742719 inv=1 hid=9835b80967a01f85 depth=0 name=node.dispatch ts=7259722276793496 dur=57201 run_id=1 task_slot=0 group_index=0 worker_id=0 dispatch_id=1 endpoint_kind=local_mailbox prepare_only=0 role=scheduler slot_id=0 generation=1
[mono_ns=7259722276873507][T0xed1fee22cca0][TIMING] emit_host_span: [STRACE] v=1 pid=3734619 tid=3742719 inv=0 hid=0 depth=0 name=node.scheduler_loop ts=7259722276777336 dur=90161 role=scheduler drained=0 dispatched=1 drain_ns=6600 spins=2
[mono_ns=7259722277183487][T0xed214b7eb020][TIMING] emit_host_span: [STRACE] v=1 pid=3734619 tid=3734619 inv=1 hid=9835b80967a01f85 depth=0 name=node.submit ts=7259722277143617 dur=34580 run_id=1 task_slot=1 group_index=0 group_size=1 worker_id=1 role=facade
[mono_ns=7259722277206947][T0xed1fee22cca0][TIMING] emit_host_span: [STRACE] v=1 pid=3734619 tid=3742719 inv=1 hid=9835b80967a01f85 depth=0 name=node.frame_submit ts=7259722277189187 dur=13820 run_id=1 task_slot=1 group_index=0 worker_id=1 dispatch_id=1 endpoint_kind=local_mailbox prepare_only=0 role=worker
[mono_ns=7259722277217097][T0xed1fee22cca0][TIMING] emit_host_span: [STRACE] v=1 pid=3734619 tid=3742719 inv=1 hid=9835b80967a01f85 depth=0 name=node.dispatch ts=7259722277185767 dur=25680 run_id=1 task_slot=1 group_index=0 worker_id=1 dispatch_id=1 endpoint_kind=local_mailbox prepare_only=0 role=scheduler slot_id=0 generation=1
[mono_ns=7259722277224307][T0xed1fee22cca0][TIMING] emit_host_span: [STRACE] v=1 pid=3734619 tid=3742719 inv=0 hid=0 depth=0 name=node.scheduler_loop ts=7259722277169467 dur=51140 role=scheduler drained=0 dispatched=1 drain_ns=1210 spins=79
[mono_ns=7259722277595798][T0xed214b7eb020][TIMING] emit_host_span: [STRACE] v=1 pid=3734619 tid=3734619 inv=1 hid=9835b80967a01f85 depth=0 name=node.submit ts=7259722277575268 dur=15370 run_id=1 task_slot=2 group_index=0 group_size=1 worker_id=2 role=facade
[mono_ns=7259722277616658][T0xed1fee22cca0][TIMING] emit_host_span: [STRACE] v=1 pid=3734619 tid=3742719 inv=1 hid=9835b80967a01f85 depth=0 name=node.frame_submit ts=7259722277600108 dur=12940 run_id=1 task_slot=2 group_index=0 worker_id=2 dispatch_id=1 endpoint_kind=local_mailbox prepare_only=0 role=worker
[mono_ns=7259722277625858][T0xed1fee22cca0][TIMING] emit_host_span: [STRACE] v=1 pid=3734619 tid=3742719 inv=1 hid=9835b80967a01f85 depth=0 name=node.dispatch ts=7259722277597058 dur=23620 run_id=1 task_slot=2 group_index=0 worker_id=2 dispatch_id=1 endpoint_kind=local_mailbox prepare_only=0 role=scheduler slot_id=0 generation=1
[mono_ns=7259722277634538][T0xed1fee22cca0][TIMING] emit_host_span: [STRACE] v=1 pid=3734619 tid=3742719 inv=0 hid=0 depth=0 name=node.scheduler_loop ts=7259722277583428 dur=47190 role=scheduler drained=0 dispatched=1 drain_ns=1250 spins=100
[mono_ns=7259722277915169][T0xed214b7eb020][TIMING] emit_host_span: [STRACE] v=1 pid=3734619 tid=3734619 inv=1 hid=9835b80967a01f85 depth=0 name=node.submit ts=7259722277897499 dur=12630 run_id=1 task_slot=3 group_index=0 group_size=1 worker_id=3 role=facade
[mono_ns=7259722277930439][T0xed1fee22cca0][TIMING] emit_host_span: [STRACE] v=1 pid=3734619 tid=3742719 inv=1 hid=9835b80967a01f85 depth=0 name=node.frame_submit ts=7259722277914649 dur=12400 run_id=1 task_slot=3 group_index=0 worker_id=3 dispatch_id=1 endpoint_kind=local_mailbox prepare_only=0 role=worker
[mono_ns=7259722277939109][T0xed1fee22cca0][TIMING] emit_host_span: [STRACE] v=1 pid=3734619 tid=3742719 inv=1 hid=9835b80967a01f85 depth=0 name=node.dispatch ts=7259722277912079 dur=22050 run_id=1 task_slot=3 group_index=0 worker_id=3 dispatch_id=1 endpoint_kind=local_mailbox prepare_only=0 role=scheduler slot_id=0 generation=1
[mono_ns=7259722277947089][T0xed1fee22cca0][TIMING] emit_host_span: [STRACE] v=1 pid=3734619 tid=3742719 inv=0 hid=0 depth=0 name=node.scheduler_loop ts=7259722277907349 dur=36290 role=scheduler drained=0 dispatched=1 drain_ns=1300 spins=78
[mono_ns=7259722278255560][T0xed214b7eb020][TIMING] emit_host_span: [STRACE] v=1 pid=3734619 tid=3734619 inv=1 hid=9835b80967a01f85 depth=0 name=node.submit ts=7259722278236940 dur=13850 run_id=1 task_slot=4 group_index=0 group_size=1 worker_id=4 role=facade
[mono_ns=7259722278270910][T0xed1fee22cca0][TIMING] emit_host_span: [STRACE] v=1 pid=3734619 tid=3742719 inv=1 hid=9835b80967a01f85 depth=0 name=node.frame_submit ts=7259722278255930 dur=11620 run_id=1 task_slot=4 group_index=0 worker_id=4 dispatch_id=1 endpoint_kind=local_mailbox prepare_only=0 role=worker
[mono_ns=7259722278279910][T0xed1fee22cca0][TIMING] emit_host_span: [STRACE] v=1 pid=3734619 tid=3742719 inv=1 hid=9835b80967a01f85 depth=0 name=node.dispatch ts=7259722278253270 dur=21140 run_id=1 task_slot=4 group_index=0 worker_id=4 dispatch_id=1 endpoint_kind=local_mailbox prepare_only=0 role=scheduler slot_id=0 generation=1
[mono_ns=7259722278287460][T0xed1fee22cca0][TIMING] emit_host_span: [STRACE] v=1 pid=3734619 tid=3742719 inv=0 hid=0 depth=0 name=node.scheduler_loop ts=7259722278249420 dur=34600 role=scheduler drained=0 dispatched=1 drain_ns=1370 spins=85
[mono_ns=7259722278575500][T0xed214b7eb020][TIMING] emit_host_span: [STRACE] v=1 pid=3734619 tid=3734619 inv=1 hid=9835b80967a01f85 depth=0 name=node.submit ts=7259722278546250 dur=24470 run_id=1 task_slot=5 group_index=0 group_size=1 worker_id=5 role=facade
[mono_ns=7259722278593110][T0xed1fee22cca0][TIMING] emit_host_span: [STRACE] v=1 pid=3734619 tid=3742719 inv=1 hid=9835b80967a01f85 depth=0 name=node.frame_submit ts=7259722278579210 dur=10380 run_id=1 task_slot=5 group_index=0 worker_id=5 dispatch_id=1 endpoint_kind=local_mailbox prepare_only=0 role=worker
[mono_ns=7259722278601480][T0xed1fee22cca0][TIMING] emit_host_span: [STRACE] v=1 pid=3734619 tid=3742719 inv=1 hid=9835b80967a01f85 depth=0 name=node.dispatch ts=7259722278576450 dur=20240 run_id=1 task_slot=5 group_index=0 worker_id=5 dispatch_id=1 endpoint_kind=local_mailbox prepare_only=0 role=scheduler slot_id=0 generation=1
[mono_ns=7259722278608980][T0xed1fee22cca0][TIMING] emit_host_span: [STRACE] v=1 pid=3734619 tid=3742719 inv=0 hid=0 depth=0 name=node.scheduler_loop ts=7259722278561310 dur=44380 role=scheduler drained=0 dispatched=1 drain_ns=1410 spins=78
[mono_ns=7259722278902891][T0xed214b7eb020][TIMING] emit_host_span: [STRACE] v=1 pid=3734619 tid=3734619 inv=1 hid=9835b80967a01f85 depth=0 name=node.submit ts=7259722278881671 dur=16440 run_id=1 task_slot=6 group_index=0 group_size=1 worker_id=6 role=facade
[mono_ns=7259722278922531][T0xed1fee22cca0][TIMING] emit_host_span: [STRACE] v=1 pid=3734619 tid=3742719 inv=1 hid=9835b80967a01f85 depth=0 name=node.frame_submit ts=7259722278907721 dur=11420 run_id=1 task_slot=6 group_index=0 worker_id=6 dispatch_id=1 endpoint_kind=local_mailbox prepare_only=0 role=worker
[mono_ns=7259722278931041][T0xed1fee22cca0][TIMING] emit_host_span: [STRACE] v=1 pid=3734619 tid=3742719 inv=1 hid=9835b80967a01f85 depth=0 name=node.dispatch ts=7259722278904981 dur=21100 run_id=1 task_slot=6 group_index=0 worker_id=6 dispatch_id=1 endpoint_kind=local_mailbox prepare_only=0 role=scheduler slot_id=0 generation=1
[mono_ns=7259722278937611][T0xed1fee22cca0][TIMING] emit_host_span: [STRACE] v=1 pid=3734619 tid=3742719 inv=0 hid=0 depth=0 name=node.scheduler_loop ts=7259722278892661 dur=41220 role=scheduler drained=0 dispatched=1 drain_ns=1430 spins=82
[mono_ns=7259722279233112][T0xed214b7eb020][TIMING] emit_host_span: [STRACE] v=1 pid=3734619 tid=3734619 inv=1 hid=9835b80967a01f85 depth=0 name=node.submit ts=7259722279207372 dur=20340 run_id=1 task_slot=7 group_index=0 group_size=1 worker_id=7 role=facade
[mono_ns=7259722279252142][T0xed1fee22cca0][TIMING] emit_host_span: [STRACE] v=1 pid=3734619 tid=3742719 inv=1 hid=9835b80967a01f85 depth=0 name=node.frame_submit ts=7259722279234192 dur=14010 run_id=1 task_slot=7 group_index=0 worker_id=7 dispatch_id=1 endpoint_kind=local_mailbox prepare_only=0 role=worker
[mono_ns=7259722279261012][T0xed1fee22cca0][TIMING] emit_host_span: [STRACE] v=1 pid=3734619 tid=3742719 inv=1 hid=9835b80967a01f85 depth=0 name=node.dispatch ts=7259722279230922 dur=25280 run_id=1 task_slot=7 group_index=0 worker_id=7 dispatch_id=1 endpoint_kind=local_mailbox prepare_only=0 role=scheduler slot_id=0 generation=1
[mono_ns=7259722279268132][T0xed1fee22cca0][TIMING] emit_host_span: [STRACE] v=1 pid=3734619 tid=3742719 inv=0 hid=0 depth=0 name=node.scheduler_loop ts=7259722279226102 dur=38680 role=scheduler drained=0 dispatched=1 drain_ns=1580 spins=49
[mono_ns=7259722279270152][T0xed214b7eb020][TIMING] emit_host_span: [STRACE] v=1 pid=3734619 tid=3734619 inv=1 hid=0 depth=0 name=node.graph_build ts=7259721210071770 dur=1069179962 run_id=1 role=facade
[mono_ns=7259722281542506][T0xed214b7eb020][TIMING] emit_host_span: [STRACE] v=1 pid=3739627 tid=3739627 inv=1 hid=c58bf58e36d5e59c depth=2 name=chip.run.bind.args ts=7259722279448032 dur=2083674 
[mono_ns=7259722281572677][T0xed214b7eb020][TIMING] emit_host_span: [STRACE] v=1 pid=3739627 tid=3739627 inv=1 hid=c58bf58e36d5e59c depth=2 name=chip.run.bind.prebuilt ts=7259722281564727 dur=5000 
[mono_ns=7259722281577517][T0xed214b7eb020][TIMING] emit_host_span: [STRACE] v=1 pid=3739627 tid=3739627 inv=1 hid=c58bf58e36d5e59c depth=1 name=chip.run.bind ts=7259722279319432 dur=2255715 
[mono_ns=7259722281653407][T0xed214b7eb020][TIMING] emit_host_span: [STRACE] v=1 pid=3739633 tid=3739633 inv=1 hid=c58bf58e36d5e59c depth=2 name=chip.run.bind.args ts=7259722279448162 dur=2199185 
[mono_ns=7259722281669327][T0xed214b7eb020][TIMING] emit_host_span: [STRACE] v=1 pid=3739633 tid=3739633 inv=1 hid=c58bf58e36d5e59c depth=2 name=chip.run.bind.prebuilt ts=7259722281664587 dur=2240 
[mono_ns=7259722281674187][T0xed214b7eb020][TIMING] emit_host_span: [STRACE] v=1 pid=3739633 tid=3739633 inv=1 hid=c58bf58e36d5e59c depth=1 name=chip.run.bind ts=7259722279319432 dur=2352525 
[mono_ns=7259722283277580][T0xed214b7eb020][TIMING] emit_host_span: [STRACE] v=1 pid=3739650 tid=3739650 inv=1 hid=c58bf58e36d5e59c depth=2 name=chip.run.bind.args ts=7259722280682605 dur=2586735 
[mono_ns=7259722283302700][T0xed214b7eb020][TIMING] emit_host_span: [STRACE] v=1 pid=3739650 tid=3739650 inv=1 hid=c58bf58e36d5e59c depth=2 name=chip.run.bind.prebuilt ts=7259722283297000 dur=2640 
[mono_ns=7259722283307760][T0xed214b7eb020][TIMING] emit_host_span: [STRACE] v=1 pid=3739650 tid=3739650 inv=1 hid=c58bf58e36d5e59c depth=1 name=chip.run.bind ts=7259722280544264 dur=2761166 
[mono_ns=7259722284184612][T0xed214b7eb020][TIMING] emit_host_span: [STRACE] v=1 pid=3739663 tid=3739663 inv=1 hid=c58bf58e36d5e59c depth=2 name=chip.run.bind.args ts=7259722281863947 dur=2312485 
[mono_ns=7259722284240102][T0xed214b7eb020][TIMING] emit_host_span: [STRACE] v=1 pid=3739663 tid=3739663 inv=1 hid=c58bf58e36d5e59c depth=2 name=chip.run.bind.prebuilt ts=7259722284232252 dur=4800 
[mono_ns=7259722284245402][T0xed214b7eb020][TIMING] emit_host_span: [STRACE] v=1 pid=3739663 tid=3739663 inv=1 hid=c58bf58e36d5e59c depth=1 name=chip.run.bind ts=7259722281723227 dur=2519725 
[mono_ns=7259722285168684][T0xed214b7eb020][TIMING] emit_host_span: [STRACE] v=1 pid=3739679 tid=3739679 inv=1 hid=c58bf58e36d5e59c depth=2 name=chip.run.bind.args ts=7259722282837769 dur=2322755 
[mono_ns=7259722285226664][T0xed214b7eb020][TIMING] emit_host_span: [STRACE] v=1 pid=3739679 tid=3739679 inv=1 hid=c58bf58e36d5e59c depth=2 name=chip.run.bind.prebuilt ts=7259722285220874 dur=2700 
[mono_ns=7259722285231694][T0xed214b7eb020][TIMING] emit_host_span: [STRACE] v=1 pid=3739679 tid=3739679 inv=1 hid=c58bf58e36d5e59c depth=1 name=chip.run.bind ts=7259722282681679 dur=2547695 
[mono_ns=7259722285291354][T0xed214b7eb020][TIMING] emit_host_span: [STRACE] v=1 pid=3739704 tid=3739704 inv=1 hid=c58bf58e36d5e59c depth=2 name=chip.run.bind.args ts=7259722282381968 dur=2897346 
[mono_ns=7259722285364935][T0xed214b7eb020][TIMING] emit_host_span: [STRACE] v=1 pid=3739704 tid=3739704 inv=1 hid=c58bf58e36d5e59c depth=2 name=chip.run.bind.prebuilt ts=7259722285354295 dur=6700 
[mono_ns=7259722285373325][T0xed214b7eb020][TIMING] emit_host_span: [STRACE] v=1 pid=3739704 tid=3739704 inv=1 hid=c58bf58e36d5e59c depth=1 name=chip.run.bind ts=7259722282202668 dur=3165407 
[mono_ns=7259722287148168][T0xed214b7eb020][TIMING] emit_host_span: [STRACE] v=1 pid=3739685 tid=3739685 inv=1 hid=c58bf58e36d5e59c depth=2 name=chip.run.bind.args ts=7259722284414193 dur=2720275 
[mono_ns=7259722287259559][T0xed214b7eb020][TIMING] emit_host_span: [STRACE] v=1 pid=3739685 tid=3739685 inv=1 hid=c58bf58e36d5e59c depth=2 name=chip.run.bind.prebuilt ts=7259722287249519 dur=5150 
[mono_ns=7259722287265159][T0xed214b7eb020][TIMING] emit_host_span: [STRACE] v=1 pid=3739685 tid=3739685 inv=1 hid=c58bf58e36d5e59c depth=1 name=chip.run.bind ts=7259722284200972 dur=3061837 
[mono_ns=7259722292908200][T0xed214b7eb020][TIMING] emit_host_span: [STRACE] v=1 pid=3739698 tid=3739698 inv=1 hid=c58bf58e36d5e59c depth=2 name=chip.run.bind.args ts=7259722290481565 dur=2413035 
[mono_ns=7259722292990741][T0xed214b7eb020][TIMING] emit_host_span: [STRACE] v=1 pid=3739698 tid=3739698 inv=1 hid=c58bf58e36d5e59c depth=2 name=chip.run.bind.prebuilt ts=7259722292965591 dur=21250 
[mono_ns=7259722292997161][T0xed214b7eb020][TIMING] emit_host_span: [STRACE] v=1 pid=3739698 tid=3739698 inv=1 hid=c58bf58e36d5e59c depth=1 name=chip.run.bind ts=7259722290215435 dur=2778646 
[mono_ns=7259771288918912][T0xed214b7eb020][ERROR] query_stream_nonblocking: [device_runner_helpers.cpp:39] rtStreamQuery (AICPU) failed: 507901
[mono_ns=7259771289259013][T0xed214b7eb020][ERROR] query_stream_nonblocking: [device_runner_helpers.cpp:40] ACL recent error message: EE9999: Inner Error!
EE9999[PID: 3739633] 2026-09-10-15:53:56.585.970 (EE9999):  This device does not support cross-server communication drv devId=1 localServerId=1023err:0x702001d[FUNC:ExportToShareableHandleV2][FILE:api_impl.cc][LINE:7120]
        TraceBack (most recent call last):
       rtMemExportToShareableHandleV2 execution failed, reason=driver error:feature not sup~
[mono_ns=7259771289575964][T0xed214b7eb020][ERROR] query_stream_nonblocking: [device_runner_helpers.cpp:39] rtStreamQuery (AICore) failed: 507901
[mono_ns=7259771289702324][T0xed214b7eb020][ERROR] query_stream_nonblocking: [device_runner_helpers.cpp:40] ACL recent error message: EL9999: Inner Error!
EL9999[PID: 3739633] 2026-09-10-15:54:45.761.889 (EL9999):  Device[1] fault, ret=0x7110011.[FUNC:CheckStatus][FILE:context.cc][LINE:3492]
        TraceBack (most recent call last):
       rtStreamQuery execution failed, reason=hdc disconnect[FUNC:FuncErrorReason][FILE:error_message_manage.cc][LINE:65]

[mono_ns=7259771289960865][T0xed214b7eb020][ERROR] sync_stream_pair: [device_runner_base.cpp:1775] aclrtSynchronizeStreamWithTimeout (AICPU) failed: 507901
[mono_ns=7259771290072645][T0xed214b7eb020][ERROR] sync_stream_pair: [device_runner_base.cpp:1776] ACL recent error message: EL9999: Inner Error!
EL9999[PID: 3739633] 2026-09-10-15:54:45.762.520 (EL9999):  Device[1] fault, ret=0x7110011.[FUNC:CheckStatus][FILE:context.cc][LINE:3492]
        TraceBack (most recent call last):

[mono_ns=7259771290380406][T0xed214b7eb020][ERROR] recover_device_or_mark_unusable: [device_runner.cpp:763] AICore error 507901: bounded device drain failed: 507901 (force reset will follow in finalize)
[mono_ns=7259771290403716][T0xed214b7eb020][TIMING] emit_host_span: [STRACE] v=1 pid=3739633 tid=3739633 inv=1 hid=c58bf58e36d5e59c depth=1 name=chip.run.runner_run ts=7259722282427128 dur=49007970028 
[mono_ns=7259771290470226][T0xed214b7eb020][WARN] validate_runtime_impl: [runtime_maker.cpp:967] Skipping tensor copy-back because execution failed
[mono_ns=7259771290483506][T0xed214b7eb020][TIMING] emit_host_span: [STRACE] v=1 pid=3739633 tid=3739633 inv=1 hid=c58bf58e36d5e59c depth=1 name=chip.run.validate ts=7259771290421856 dur=58690 
[mono_ns=7259771290488746][T0xed214b7eb020][TIMING] emit_host_span: [STRACE] v=1 pid=3739633 tid=3739633 inv=1 hid=c58bf58e36d5e59c depth=1 name=chip.run.claim_release ts=7259771290486006 dur=660 
[mono_ns=7259771290496666][T0xed214b7eb020][TIMING] emit_host_span: [STRACE] v=1 pid=3739633 tid=3739633 inv=1 hid=c58bf58e36d5e59c depth=0 name=chip.run ts=7259722279266592 dur=49011227874 run_id=1 dispatch_id=1 slot_id=0 generation=1 run_epoch=1
[mono_ns=7259771291301328][T0xed1fee22cca0][TIMING] emit_host_span: [STRACE] v=1 pid=3734619 tid=3742719 inv=1 hid=9835b80967a01f85 depth=0 name=node.complete ts=7259771291164648 dur=109460 run_id=1 task_slot=1 group_index=0 worker_id=1 dispatch_id=1 endpoint_kind=local_mailbox prepare_only=0 role=worker outcome=1
[mono_ns=7259771291617979][T0xed1fee22cca0][TIMING] emit_host_span: [STRACE] v=1 pid=3734619 tid=3742719 inv=0 hid=0 depth=0 name=node.scheduler_loop ts=7259771290931867 dur=669922 role=scheduler drained=1 dispatched=0 drain_ns=654172 spins=14506271
[mono_ns=7259773309834127][T0xed214b7eb020][ERROR] sync_stream_pair: [device_runner_base.cpp:1775] aclrtSynchronizeStreamWithTimeout (AICPU) failed: 507018
[mono_ns=7259773309862037][T0xed214b7eb020][ERROR] sync_stream_pair: [device_runner_base.cpp:1776] ACL error detail: 507018 ACL_ERROR_RT_AICPU_EXCEPTION - an AICPU task raised an exception; several distinct on-device mechanisms all surface as this one generic code
[mono_ns=7259773309866047][T0xed214b7eb020][ERROR] sync_stream_pair: [device_runner_base.cpp:1776] ACL error hint: do NOT read this as 'deadlock' or 'OOM' on its own -- it is a generic host-side code. Grep the host log for 'orch_error_code=' / 'sched_error_code=' / 'sub_class=' to get the device-classified reason, and read the device log for the detector that fired. See docs/troubleshooting/device-error-codes.md
[mono_ns=7259773310283608][T0xed214b7eb020][ERROR] sync_stream_pair: [device_runner_base.cpp:1776] ACL recent error message: EE9999: Inner Error!
EE9999[PID: 3739679] 2026-09-10-15:53:56.587.403 (EE9999):  This device does not support cross-server communication drv devId=4 localServerId=1023err:0x702001d[FUNC:ExportToShareableHandleV2][FILE:api_impl.cc][LINE:7120]
        TraceBack (most recent call last):
       rtMemExportToShareableHandleV2 execution failed, reason=driver error:feature not support[FUNC~
[mono_ns=7259773310664919][T0xed214b7eb020][ERROR] recover_device_or_mark_unusable: [device_runner.cpp:763] AICore error 507018: bounded device drain failed: 507014 (force reset will follow in finalize)
[mono_ns=7259773310706309][T0xed214b7eb020][TIMING] emit_host_span: [STRACE] v=1 pid=3739679 tid=3739679 inv=1 hid=c58bf58e36d5e59c depth=1 name=chip.run.runner_run ts=7259722286142856 dur=51024557623 
[mono_ns=7259773310782859][T0xed214b7eb020][ERROR] validate_runtime_impl: [runtime_maker.cpp:945] simpler runtime failed: orch_error_code=0 sched_error_code=100 runtime_status=-100
[mono_ns=7259773310793429][T0xed214b7eb020][ERROR] validate_runtime_impl: [runtime_maker.cpp:945] error detail: sched_error_code=100 SCHEDULER_TIMEOUT - the scheduler saw no forward progress within its timeout; the sub_class= line below carries the device-classified reason and locators
[mono_ns=7259773310796749][T0xed214b7eb020][ERROR] validate_runtime_impl: [runtime_maker.cpp:945] error hint: read the sub_class= line below first, then follow the S1-S5 table in the doc; raise SIMPLER_SCHEDULER_TIMEOUT_MS to tell a true deadlock apart from a merely slow kernel. See docs/troubleshooting/device-error-codes.md
[mono_ns=7259773310800189][T0xed214b7eb020][ERROR] validate_runtime_impl: [runtime_maker.cpp:951] scheduler timeout sub_class=S1:running-stalled (detail=1) completed=1/3 running=1 ready=0 waiting=1 orch_done=1 stuck_task_id=4294967297 stuck_core=24
[mono_ns=7259773310804949][T0xed214b7eb020][WARN] validate_runtime_impl: [runtime_maker.cpp:967] Skipping tensor copy-back because execution failed
[mono_ns=7259773310815719][T0xed214b7eb020][TIMING] emit_host_span: [STRACE] v=1 pid=3739679 tid=3739679 inv=1 hid=c58bf58e36d5e59c depth=1 name=chip.run.validate ts=7259773310715459 dur=96610 
[mono_ns=7259773310829149][T0xed214b7eb020][TIMING] emit_host_span: [STRACE] v=1 pid=3739679 tid=3739679 inv=1 hid=c58bf58e36d5e59c depth=1 name=chip.run.claim_release ts=7259773310825639 dur=1240 
[mono_ns=7259773310834519][T0xed214b7eb020][TIMING] emit_host_span: [STRACE] v=1 pid=3739679 tid=3739679 inv=1 hid=c58bf58e36d5e59c depth=0 name=chip.run ts=7259722282552719 dur=51028279710 run_id=1 dispatch_id=1 slot_id=0 generation=1 run_epoch=1
[mono_ns=7259773311513891][T0xed1fee22cca0][TIMING] emit_host_span: [STRACE] v=1 pid=3734619 tid=3742719 inv=1 hid=9835b80967a01f85 depth=0 name=node.complete ts=7259773311460031 dur=41410 run_id=1 task_slot=4 group_index=0 worker_id=4 dispatch_id=1 endpoint_kind=local_mailbox prepare_only=0 role=worker outcome=1
[mono_ns=7259773311680801][T0xed1fee22cca0][TIMING] emit_host_span: [STRACE] v=1 pid=3734619 tid=3742719 inv=0 hid=0 depth=0 name=node.scheduler_loop ts=7259773311410311 dur=262480 role=scheduler drained=1 dispatched=0 drain_ns=245000 spins=593760
[mono_ns=7259774216548057][T0xed214b7eb020][ERROR] sync_stream_pair: [device_runner_base.cpp:1775] aclrtSynchronizeStreamWithTimeout (AICPU) failed: 507018
[mono_ns=7259774216580557][T0xed214b7eb020][ERROR] sync_stream_pair: [device_runner_base.cpp:1776] ACL error detail: 507018 ACL_ERROR_RT_AICPU_EXCEPTION - an AICPU task raised an exception; several distinct on-device mechanisms all surface as this one generic code
[mono_ns=7259774216584197][T0xed214b7eb020][ERROR] sync_stream_pair: [device_runner_base.cpp:1776] ACL error hint: do NOT read this as 'deadlock' or 'OOM' on its own -- it is a generic host-side code. Grep the host log for 'orch_error_code=' / 'sched_error_code=' / 'sub_class=' to get the device-classified reason, and read the device log for the detector that fired. See docs/troubleshooting/device-error-codes.md
[mono_ns=7259774216939798][T0xed214b7eb020][ERROR] sync_stream_pair: [device_runner_base.cpp:1776] ACL recent error message: EE9999: Inner Error!
EE9999[PID: 3739650] 2026-09-10-15:53:56.586.634 (EE9999):  This device does not support cross-server communication drv devId=2 localServerId=1023err:0x702001d[FUNC:ExportToShareableHandleV2][FILE:api_impl.cc][LINE:7120]
        TraceBack (most recent call last):
       rtMemExportToShareableHandleV2 execution failed, reason=driver error:feature not support[FUNC~
[mono_ns=7259774217339289][T0xed214b7eb020][ERROR] recover_device_or_mark_unusable: [device_runner.cpp:763] AICore error 507018: bounded device drain failed: 507014 (force reset will follow in finalize)
[mono_ns=7259774217375699][T0xed214b7eb020][TIMING] emit_host_span: [STRACE] v=1 pid=3739650 tid=3739650 inv=1 hid=c58bf58e36d5e59c depth=1 name=chip.run.runner_run ts=7259722284239782 dur=51933130077 
[mono_ns=7259774217480449][T0xed214b7eb020][ERROR] validate_runtime_impl: [runtime_maker.cpp:945] simpler runtime failed: orch_error_code=0 sched_error_code=100 runtime_status=-100
[mono_ns=7259774217486839][T0xed214b7eb020][ERROR] validate_runtime_impl: [runtime_maker.cpp:945] error detail: sched_error_code=100 SCHEDULER_TIMEOUT - the scheduler saw no forward progress within its timeout; the sub_class= line below carries the device-classified reason and locators
[mono_ns=7259774217490599][T0xed214b7eb020][ERROR] validate_runtime_impl: [runtime_maker.cpp:945] error hint: read the sub_class= line below first, then follow the S1-S5 table in the doc; raise SIMPLER_SCHEDULER_TIMEOUT_MS to tell a true deadlock apart from a merely slow kernel. See docs/troubleshooting/device-error-codes.md
[mono_ns=7259774217493129][T0xed214b7eb020][ERROR] validate_runtime_impl: [runtime_maker.cpp:951] scheduler timeout sub_class=S1:running-stalled (detail=1) completed=1/3 running=1 ready=0 waiting=1 orch_done=1 stuck_task_id=4294967297 stuck_core=24
[mono_ns=7259774217497490][T0xed214b7eb020][WARN] validate_runtime_impl: [runtime_maker.cpp:967] Skipping tensor copy-back because execution failed
[mono_ns=7259774217504890][T0xed214b7eb020][TIMING] emit_host_span: [STRACE] v=1 pid=3739650 tid=3739650 inv=1 hid=c58bf58e36d5e59c depth=1 name=chip.run.validate ts=7259774217380459 dur=121631 
[mono_ns=7259774217511870][T0xed214b7eb020][TIMING] emit_host_span: [STRACE] v=1 pid=3739650 tid=3739650 inv=1 hid=c58bf58e36d5e59c depth=1 name=chip.run.claim_release ts=7259774217508790 dur=960 
[mono_ns=7259774217518660][T0xed214b7eb020][TIMING] emit_host_span: [STRACE] v=1 pid=3739650 tid=3739650 inv=1 hid=c58bf58e36d5e59c depth=0 name=chip.run ts=7259722280425854 dur=51937090576 run_id=1 dispatch_id=1 slot_id=0 generation=1 run_epoch=1
[mono_ns=7259774218332212][T0xed1fee22cca0][TIMING] emit_host_span: [STRACE] v=1 pid=3734619 tid=3742719 inv=1 hid=9835b80967a01f85 depth=0 name=node.complete ts=7259774218303851 dur=15970 run_id=1 task_slot=2 group_index=0 worker_id=2 dispatch_id=1 endpoint_kind=local_mailbox prepare_only=0 role=worker outcome=1
[mono_ns=7259774218447372][T0xed1fee22cca0][TIMING] emit_host_span: [STRACE] v=1 pid=3734619 tid=3742719 inv=0 hid=0 depth=0 name=node.scheduler_loop ts=7259774218107671 dur=332411 role=scheduler drained=1 dispatched=0 drain_ns=317881 spins=267307
[mono_ns=7259774277970176][T0xed214b7eb020][ERROR] sync_stream_pair: [device_runner_base.cpp:1775] aclrtSynchronizeStreamWithTimeout (AICPU) failed: 507018
[mono_ns=7259774277992896][T0xed214b7eb020][ERROR] sync_stream_pair: [device_runner_base.cpp:1776] ACL error detail: 507018 ACL_ERROR_RT_AICPU_EXCEPTION - an AICPU task raised an exception; several distinct on-device mechanisms all surface as this one generic code
[mono_ns=7259774277996336][T0xed214b7eb020][ERROR] sync_stream_pair: [device_runner_base.cpp:1776] ACL error hint: do NOT read this as 'deadlock' or 'OOM' on its own -- it is a generic host-side code. Grep the host log for 'orch_error_code=' / 'sched_error_code=' / 'sub_class=' to get the device-classified reason, and read the device log for the detector that fired. See docs/troubleshooting/device-error-codes.md
[mono_ns=7259774278342917][T0xed214b7eb020][ERROR] sync_stream_pair: [device_runner_base.cpp:1776] ACL recent error message: EE9999: Inner Error!
EE9999[PID: 3739663] 2026-09-10-15:53:56.586.948 (EE9999):  This device does not support cross-server communication drv devId=3 localServerId=1023err:0x702001d[FUNC:ExportToShareableHandleV2][FILE:api_impl.cc][LINE:7120]
        TraceBack (most recent call last):
       rtMemExportToShareableHandleV2 execution failed, reason=driver error:feature not support[FUNC~
[mono_ns=7259774278708527][T0xed214b7eb020][ERROR] recover_device_or_mark_unusable: [device_runner.cpp:763] AICore error 507018: bounded device drain failed: 507014 (force reset will follow in finalize)
[mono_ns=7259774278750088][T0xed214b7eb020][TIMING] emit_host_span: [STRACE] v=1 pid=3739663 tid=3739663 inv=1 hid=c58bf58e36d5e59c depth=1 name=chip.run.runner_run ts=7259722285151334 dur=51993592704 
[mono_ns=7259774278829678][T0xed214b7eb020][ERROR] validate_runtime_impl: [runtime_maker.cpp:945] simpler runtime failed: orch_error_code=0 sched_error_code=100 runtime_status=-100
[mono_ns=7259774278840418][T0xed214b7eb020][ERROR] validate_runtime_impl: [runtime_maker.cpp:945] error detail: sched_error_code=100 SCHEDULER_TIMEOUT - the scheduler saw no forward progress within its timeout; the sub_class= line below carries the device-classified reason and locators
[mono_ns=7259774278843868][T0xed214b7eb020][ERROR] validate_runtime_impl: [runtime_maker.cpp:945] error hint: read the sub_class= line below first, then follow the S1-S5 table in the doc; raise SIMPLER_SCHEDULER_TIMEOUT_MS to tell a true deadlock apart from a merely slow kernel. See docs/troubleshooting/device-error-codes.md
[mono_ns=7259774278846438][T0xed214b7eb020][ERROR] validate_runtime_impl: [runtime_maker.cpp:951] scheduler timeout sub_class=S1:running-stalled (detail=1) completed=1/3 running=1 ready=0 waiting=1 orch_done=1 stuck_task_id=4294967297 stuck_core=24
[mono_ns=7259774278850178][T0xed214b7eb020][WARN] validate_runtime_impl: [runtime_maker.cpp:967] Skipping tensor copy-back because execution failed
[mono_ns=7259774278857968][T0xed214b7eb020][TIMING] emit_host_span: [STRACE] v=1 pid=3739663 tid=3739663 inv=1 hid=c58bf58e36d5e59c depth=1 name=chip.run.validate ts=7259774278759138 dur=95900 
[mono_ns=7259774278881328][T0xed214b7eb020][TIMING] emit_host_span: [STRACE] v=1 pid=3739663 tid=3739663 inv=1 hid=c58bf58e36d5e59c depth=1 name=chip.run.claim_release ts=7259774278878028 dur=900 
[mono_ns=7259774278892338][T0xed214b7eb020][TIMING] emit_host_span: [STRACE] v=1 pid=3739663 tid=3739663 inv=1 hid=c58bf58e36d5e59c depth=0 name=chip.run ts=7259722281599717 dur=51997290441 run_id=1 dispatch_id=1 slot_id=0 generation=1 run_epoch=1
[mono_ns=7259774279620850][T0xed1fee22cca0][TIMING] emit_host_span: [STRACE] v=1 pid=3734619 tid=3742719 inv=1 hid=9835b80967a01f85 depth=0 name=node.complete ts=7259774279600650 dur=8970 run_id=1 task_slot=3 group_index=0 worker_id=3 dispatch_id=1 endpoint_kind=local_mailbox prepare_only=0 role=worker outcome=1
[mono_ns=7259774279737000][T0xed1fee22cca0][TIMING] emit_host_span: [STRACE] v=1 pid=3734619 tid=3742719 inv=0 hid=0 depth=0 name=node.scheduler_loop ts=7259774279508139 dur=222061 role=scheduler drained=1 dispatched=0 drain_ns=197901 spins=17688
[mono_ns=7259774300160709][T0xed214b7eb020][ERROR] sync_stream_pair: [device_runner_base.cpp:1775] aclrtSynchronizeStreamWithTimeout (AICPU) failed: 507018
[mono_ns=7259774300188179][T0xed214b7eb020][ERROR] sync_stream_pair: [device_runner_base.cpp:1776] ACL error detail: 507018 ACL_ERROR_RT_AICPU_EXCEPTION - an AICPU task raised an exception; several distinct on-device mechanisms all surface as this one generic code
[mono_ns=7259774300191899][T0xed214b7eb020][ERROR] sync_stream_pair: [device_runner_base.cpp:1776] ACL error hint: do NOT read this as 'deadlock' or 'OOM' on its own -- it is a generic host-side code. Grep the host log for 'orch_error_code=' / 'sched_error_code=' / 'sub_class=' to get the device-classified reason, and read the device log for the detector that fired. See docs/troubleshooting/device-error-codes.md
[mono_ns=7259774300580100][T0xed214b7eb020][ERROR] sync_stream_pair: [device_runner_base.cpp:1776] ACL recent error message: EE9999: Inner Error!
EE9999[PID: 3739685] 2026-09-10-15:53:56.588.064 (EE9999):  This device does not support cross-server communication drv devId=5 localServerId=1023err:0x702001d[FUNC:ExportToShareableHandleV2][FILE:api_impl.cc][LINE:7120]
        TraceBack (most recent call last):
       rtMemExportToShareableHandleV2 execution failed, reason=driver error:feature not support[FUNC~
[mono_ns=7259774300978531][T0xed214b7eb020][ERROR] recover_device_or_mark_unusable: [device_runner.cpp:763] AICore error 507018: bounded device drain failed: 507014 (force reset will follow in finalize)
[mono_ns=7259774301043871][T0xed214b7eb020][TIMING] emit_host_span: [STRACE] v=1 pid=3739685 tid=3739685 inv=1 hid=c58bf58e36d5e59c depth=1 name=chip.run.runner_run ts=7259722288330181 dur=52012707050 
[mono_ns=7259774301121602][T0xed214b7eb020][ERROR] validate_runtime_impl: [runtime_maker.cpp:945] simpler runtime failed: orch_error_code=0 sched_error_code=100 runtime_status=-100
[mono_ns=7259774301132352][T0xed214b7eb020][ERROR] validate_runtime_impl: [runtime_maker.cpp:945] error detail: sched_error_code=100 SCHEDULER_TIMEOUT - the scheduler saw no forward progress within its timeout; the sub_class= line below carries the device-classified reason and locators
[mono_ns=7259774301135342][T0xed214b7eb020][ERROR] validate_runtime_impl: [runtime_maker.cpp:945] error hint: read the sub_class= line below first, then follow the S1-S5 table in the doc; raise SIMPLER_SCHEDULER_TIMEOUT_MS to tell a true deadlock apart from a merely slow kernel. See docs/troubleshooting/device-error-codes.md
[mono_ns=7259774301138172][T0xed214b7eb020][ERROR] validate_runtime_impl: [runtime_maker.cpp:951] scheduler timeout sub_class=S1:running-stalled (detail=1) completed=1/3 running=1 ready=0 waiting=1 orch_done=1 stuck_task_id=4294967297 stuck_core=24
[mono_ns=7259774301141382][T0xed214b7eb020][WARN] validate_runtime_impl: [runtime_maker.cpp:967] Skipping tensor copy-back because execution failed
[mono_ns=7259774301149492][T0xed214b7eb020][TIMING] emit_host_span: [STRACE] v=1 pid=3739685 tid=3739685 inv=1 hid=c58bf58e36d5e59c depth=1 name=chip.run.validate ts=7259774301052951 dur=93571 
[mono_ns=7259774301157962][T0xed214b7eb020][TIMING] emit_host_span: [STRACE] v=1 pid=3739685 tid=3739685 inv=1 hid=c58bf58e36d5e59c depth=1 name=chip.run.claim_release ts=7259774301155202 dur=630 
[mono_ns=7259774301169542][T0xed214b7eb020][TIMING] emit_host_span: [STRACE] v=1 pid=3739685 tid=3739685 inv=1 hid=c58bf58e36d5e59c depth=0 name=chip.run ts=7259722284079232 dur=52017088070 run_id=1 dispatch_id=1 slot_id=0 generation=1 run_epoch=1
[mono_ns=7259774301922274][T0xed1fee22cca0][TIMING] emit_host_span: [STRACE] v=1 pid=3734619 tid=3742719 inv=1 hid=9835b80967a01f85 depth=0 name=node.complete ts=7259774301905874 dur=10960 run_id=1 task_slot=5 group_index=0 worker_id=5 dispatch_id=1 endpoint_kind=local_mailbox prepare_only=0 role=worker outcome=1
[mono_ns=7259774302032174][T0xed1fee22cca0][TIMING] emit_host_span: [STRACE] v=1 pid=3734619 tid=3742719 inv=0 hid=0 depth=0 name=node.scheduler_loop ts=7259774301879143 dur=148291 role=scheduler drained=1 dispatched=0 drain_ns=135021 spins=6461
[mono_ns=7259774390608778][T0xed214b7eb020][ERROR] sync_stream_pair: [device_runner_base.cpp:1775] aclrtSynchronizeStreamWithTimeout (AICPU) failed: 507018
[mono_ns=7259774390655698][T0xed214b7eb020][ERROR] sync_stream_pair: [device_runner_base.cpp:1776] ACL error detail: 507018 ACL_ERROR_RT_AICPU_EXCEPTION - an AICPU task raised an exception; several distinct on-device mechanisms all surface as this one generic code
[mono_ns=7259774390659688][T0xed214b7eb020][ERROR] sync_stream_pair: [device_runner_base.cpp:1776] ACL error hint: do NOT read this as 'deadlock' or 'OOM' on its own -- it is a generic host-side code. Grep the host log for 'orch_error_code=' / 'sched_error_code=' / 'sub_class=' to get the device-classified reason, and read the device log for the detector that fired. See docs/troubleshooting/device-error-codes.md
[mono_ns=7259774391143469][T0xed214b7eb020][ERROR] sync_stream_pair: [device_runner_base.cpp:1776] ACL recent error message: EE9999: Inner Error!
EE9999[PID: 3739704] 2026-09-10-15:53:56.587.969 (EE9999):  This device does not support cross-server communication drv devId=7 localServerId=1023err:0x702001d[FUNC:ExportToShareableHandleV2][FILE:api_impl.cc][LINE:7120]
        TraceBack (most recent call last):
       rtMemExportToShareableHandleV2 execution failed, reason=driver error:feature not support[FUNC~
[mono_ns=7259774391549910][T0xed214b7eb020][ERROR] recover_device_or_mark_unusable: [device_runner.cpp:763] AICore error 507018: bounded device drain failed: 507014 (force reset will follow in finalize)
[mono_ns=7259774391596930][T0xed214b7eb020][TIMING] emit_host_span: [STRACE] v=1 pid=3739704 tid=3739704 inv=1 hid=c58bf58e36d5e59c depth=1 name=chip.run.runner_run ts=7259722286340727 dur=52105248923 
[mono_ns=7259774391674970][T0xed214b7eb020][ERROR] validate_runtime_impl: [runtime_maker.cpp:945] simpler runtime failed: orch_error_code=0 sched_error_code=100 runtime_status=-100
[mono_ns=7259774391685961][T0xed214b7eb020][ERROR] validate_runtime_impl: [runtime_maker.cpp:945] error detail: sched_error_code=100 SCHEDULER_TIMEOUT - the scheduler saw no forward progress within its timeout; the sub_class= line below carries the device-classified reason and locators
[mono_ns=7259774391689431][T0xed214b7eb020][ERROR] validate_runtime_impl: [runtime_maker.cpp:945] error hint: read the sub_class= line below first, then follow the S1-S5 table in the doc; raise SIMPLER_SCHEDULER_TIMEOUT_MS to tell a true deadlock apart from a merely slow kernel. See docs/troubleshooting/device-error-codes.md
[mono_ns=7259774391692531][T0xed214b7eb020][ERROR] validate_runtime_impl: [runtime_maker.cpp:951] scheduler timeout sub_class=S1:running-stalled (detail=1) completed=1/3 running=1 ready=0 waiting=1 orch_done=1 stuck_task_id=4294967297 stuck_core=28
[mono_ns=7259774391695771][T0xed214b7eb020][WARN] validate_runtime_impl: [runtime_maker.cpp:967] Skipping tensor copy-back because execution failed
[mono_ns=7259774391712321][T0xed214b7eb020][TIMING] emit_host_span: [STRACE] v=1 pid=3739704 tid=3739704 inv=1 hid=c58bf58e36d5e59c depth=1 name=chip.run.validate ts=7259774391606940 dur=101831 
[mono_ns=7259774391723501][T0xed214b7eb020][TIMING] emit_host_span: [STRACE] v=1 pid=3739704 tid=3739704 inv=1 hid=c58bf58e36d5e59c depth=1 name=chip.run.claim_release ts=7259774391720601 dur=870 
[mono_ns=7259774391731991][T0xed214b7eb020][TIMING] emit_host_span: [STRACE] v=1 pid=3739704 tid=3739704 inv=1 hid=c58bf58e36d5e59c depth=0 name=chip.run ts=7259722282095968 dur=52109633733 run_id=1 dispatch_id=1 slot_id=0 generation=1 run_epoch=1
[mono_ns=7259774392664663][T0xed1fee22cca0][TIMING] emit_host_span: [STRACE] v=1 pid=3734619 tid=3742719 inv=1 hid=9835b80967a01f85 depth=0 name=node.complete ts=7259774392651543 dur=4740 run_id=1 task_slot=7 group_index=0 worker_id=7 dispatch_id=1 endpoint_kind=local_mailbox prepare_only=0 role=worker outcome=1
[mono_ns=7259774392784803][T0xed1fee22cca0][TIMING] emit_host_span: [STRACE] v=1 pid=3734619 tid=3742719 inv=0 hid=0 depth=0 name=node.scheduler_loop ts=7259774392591483 dur=188290 role=scheduler drained=1 dispatched=0 drain_ns=172600 spins=26442
[mono_ns=7259775329222101][T0xed214b7eb020][ERROR] sync_stream_pair: [device_runner_base.cpp:1775] aclrtSynchronizeStreamWithTimeout (AICPU) failed: 507018
[mono_ns=7259775329256301][T0xed214b7eb020][ERROR] sync_stream_pair: [device_runner_base.cpp:1776] ACL error detail: 507018 ACL_ERROR_RT_AICPU_EXCEPTION - an AICPU task raised an exception; several distinct on-device mechanisms all surface as this one generic code
[mono_ns=7259775329260831][T0xed214b7eb020][ERROR] sync_stream_pair: [device_runner_base.cpp:1776] ACL error hint: do NOT read this as 'deadlock' or 'OOM' on its own -- it is a generic host-side code. Grep the host log for 'orch_error_code=' / 'sched_error_code=' / 'sub_class=' to get the device-classified reason, and read the device log for the detector that fired. See docs/troubleshooting/device-error-codes.md
[mono_ns=7259775329734392][T0xed214b7eb020][ERROR] sync_stream_pair: [device_runner_base.cpp:1776] ACL recent error message: EE9999: Inner Error!
EE9999[PID: 3739698] 2026-09-10-15:53:56.588.006 (EE9999):  This device does not support cross-server communication drv devId=6 localServerId=1023err:0x702001d[FUNC:ExportToShareableHandleV2][FILE:api_impl.cc][LINE:7120]
        TraceBack (most recent call last):
       rtMemExportToShareableHandleV2 execution failed, reason=driver error:feature not support[FUNC~
[mono_ns=7259775330119843][T0xed214b7eb020][ERROR] recover_device_or_mark_unusable: [device_runner.cpp:763] AICore error 507018: bounded device drain failed: 507014 (force reset will follow in finalize)
[mono_ns=7259775330171053][T0xed214b7eb020][TIMING] emit_host_span: [STRACE] v=1 pid=3739698 tid=3739698 inv=1 hid=c58bf58e36d5e59c depth=1 name=chip.run.runner_run ts=7259722294286643 dur=53035876860 
[mono_ns=7259775330274704][T0xed214b7eb020][ERROR] validate_runtime_impl: [runtime_maker.cpp:945] simpler runtime failed: orch_error_code=0 sched_error_code=100 runtime_status=-100
[mono_ns=7259775330284894][T0xed214b7eb020][ERROR] validate_runtime_impl: [runtime_maker.cpp:945] error detail: sched_error_code=100 SCHEDULER_TIMEOUT - the scheduler saw no forward progress within its timeout; the sub_class= line below carries the device-classified reason and locators
[mono_ns=7259775330288374][T0xed214b7eb020][ERROR] validate_runtime_impl: [runtime_maker.cpp:945] error hint: read the sub_class= line below first, then follow the S1-S5 table in the doc; raise SIMPLER_SCHEDULER_TIMEOUT_MS to tell a true deadlock apart from a merely slow kernel. See docs/troubleshooting/device-error-codes.md
[mono_ns=7259775330291754][T0xed214b7eb020][ERROR] validate_runtime_impl: [runtime_maker.cpp:951] scheduler timeout sub_class=S1:running-stalled (detail=1) completed=1/3 running=1 ready=0 waiting=1 orch_done=1 stuck_task_id=4294967297 stuck_core=28
[mono_ns=7259775330296214][T0xed214b7eb020][WARN] validate_runtime_impl: [runtime_maker.cpp:967] Skipping tensor copy-back because execution failed
[mono_ns=7259775330303394][T0xed214b7eb020][TIMING] emit_host_span: [STRACE] v=1 pid=3739698 tid=3739698 inv=1 hid=c58bf58e36d5e59c depth=1 name=chip.run.validate ts=7259775330179533 dur=120661 
[mono_ns=7259775330329964][T0xed214b7eb020][TIMING] emit_host_span: [STRACE] v=1 pid=3739698 tid=3739698 inv=1 hid=c58bf58e36d5e59c depth=1 name=chip.run.claim_release ts=7259775330326224 dur=1250 
[mono_ns=7259775330344714][T0xed214b7eb020][TIMING] emit_host_span: [STRACE] v=1 pid=3739698 tid=3739698 inv=1 hid=c58bf58e36d5e59c depth=0 name=chip.run ts=7259722289792114 dur=53040550310 run_id=1 dispatch_id=1 slot_id=0 generation=1 run_epoch=1
[mono_ns=7259775331770897][T0xed1fee22cca0][TIMING] emit_host_span: [STRACE] v=1 pid=3734619 tid=3742719 inv=1 hid=9835b80967a01f85 depth=0 name=node.complete ts=7259775331744647 dur=11120 run_id=1 task_slot=6 group_index=0 worker_id=6 dispatch_id=1 endpoint_kind=local_mailbox prepare_only=0 role=worker outcome=1
[mono_ns=7259775331886397][T0xed1fee22cca0][TIMING] emit_host_span: [STRACE] v=1 pid=3734619 tid=3742719 inv=0 hid=0 depth=0 name=node.scheduler_loop ts=7259775331698157 dur=181900 role=scheduler drained=1 dispatched=0 drain_ns=178690 spins=270531
[mono_ns=7259777175092366][T0xed214b7eb020][ERROR] sync_stream_pair: [device_runner_base.cpp:1775] aclrtSynchronizeStreamWithTimeout (AICPU) failed: 507018
[mono_ns=7259777175118906][T0xed214b7eb020][ERROR] sync_stream_pair: [device_runner_base.cpp:1776] ACL error detail: 507018 ACL_ERROR_RT_AICPU_EXCEPTION - an AICPU task raised an exception; several distinct on-device mechanisms all surface as this one generic code
[mono_ns=7259777175122696][T0xed214b7eb020][ERROR] sync_stream_pair: [device_runner_base.cpp:1776] ACL error hint: do NOT read this as 'deadlock' or 'OOM' on its own -- it is a generic host-side code. Grep the host log for 'orch_error_code=' / 'sched_error_code=' / 'sub_class=' to get the device-classified reason, and read the device log for the detector that fired. See docs/troubleshooting/device-error-codes.md
[mono_ns=7259777175653787][T0xed214b7eb020][ERROR] sync_stream_pair: [device_runner_base.cpp:1776] ACL recent error message: EE9999: Inner Error!
EE9999[PID: 3739627] 2026-09-10-15:53:56.585.971 (EE9999):  This device does not support cross-server communication drv devId=0 localServerId=1023err:0x702001d[FUNC:ExportToShareableHandleV2][FILE:api_impl.cc][LINE:7120]
        TraceBack (most recent call last):
       rtMemExportToShareableHandleV2 execution failed, reason=driver error:feature not support[FUNC~
[mono_ns=7259777176094928][T0xed214b7eb020][ERROR] recover_device_or_mark_unusable: [device_runner.cpp:763] AICore error 507018: bounded device drain failed: 507014 (force reset will follow in finalize)
[mono_ns=7259777176117998][T0xed214b7eb020][TIMING] emit_host_span: [STRACE] v=1 pid=3739627 tid=3739627 inv=1 hid=c58bf58e36d5e59c depth=1 name=chip.run.runner_run ts=7259722282442848 dur=54893668860 
[mono_ns=7259777176189848][T0xed214b7eb020][ERROR] validate_runtime_impl: [runtime_maker.cpp:945] simpler runtime failed: orch_error_code=0 sched_error_code=100 runtime_status=-100
[mono_ns=7259777176196418][T0xed214b7eb020][ERROR] validate_runtime_impl: [runtime_maker.cpp:945] error detail: sched_error_code=100 SCHEDULER_TIMEOUT - the scheduler saw no forward progress within its timeout; the sub_class= line below carries the device-classified reason and locators
[mono_ns=7259777176199878][T0xed214b7eb020][ERROR] validate_runtime_impl: [runtime_maker.cpp:945] error hint: read the sub_class= line below first, then follow the S1-S5 table in the doc; raise SIMPLER_SCHEDULER_TIMEOUT_MS to tell a true deadlock apart from a merely slow kernel. See docs/troubleshooting/device-error-codes.md
[mono_ns=7259777176202578][T0xed214b7eb020][ERROR] validate_runtime_impl: [runtime_maker.cpp:951] scheduler timeout sub_class=S1:running-stalled (detail=1) completed=1/3 running=1 ready=0 waiting=1 orch_done=1 stuck_task_id=4294967297 stuck_core=28
[mono_ns=7259777176205398][T0xed214b7eb020][WARN] validate_runtime_impl: [runtime_maker.cpp:967] Skipping tensor copy-back because execution failed
[mono_ns=7259777176212838][T0xed214b7eb020][TIMING] emit_host_span: [STRACE] v=1 pid=3739627 tid=3739627 inv=1 hid=c58bf58e36d5e59c depth=1 name=chip.run.validate ts=7259777176123258 dur=86530 
[mono_ns=7259777176220288][T0xed214b7eb020][TIMING] emit_host_span: [STRACE] v=1 pid=3739627 tid=3739627 inv=1 hid=c58bf58e36d5e59c depth=1 name=chip.run.claim_release ts=7259777176217058 dur=1110 
[mono_ns=7259777176225908][T0xed214b7eb020][TIMING] emit_host_span: [STRACE] v=1 pid=3739627 tid=3739627 inv=1 hid=c58bf58e36d5e59c depth=0 name=chip.run ts=7259722279288892 dur=54896934726 run_id=1 dispatch_id=1 slot_id=0 generation=1 run_epoch=1
[mono_ns=7259777177268091][T0xed1fee22cca0][TIMING] emit_host_span: [STRACE] v=1 pid=3734619 tid=3742719 inv=1 hid=9835b80967a01f85 depth=0 name=node.complete ts=7259777177237761 dur=13720 run_id=1 task_slot=0 group_index=0 worker_id=0 dispatch_id=1 endpoint_kind=local_mailbox prepare_only=0 role=worker outcome=1
[mono_ns=7259777177473351][T0xed1fee22cca0][TIMING] emit_host_span: [STRACE] v=1 pid=3734619 tid=3742719 inv=0 hid=0 depth=0 name=node.scheduler_loop ts=7259777176962050 dur=503091 role=scheduler drained=1 dispatched=0 drain_ns=502561 spins=533223
[mono_ns=7259777179736467][T0xed214b7eb020][TIMING] emit_host_span: [STRACE] v=1 pid=3734619 tid=3734619 inv=1 hid=0 depth=0 name=node.post_fence_retirement ts=7259777177425721 dur=2290016 run_id=1 slot_id=0 generation=1 role=facade
[mono_ns=7259777410397578][T0xed214b7eb020][ERROR] destroy_comm_stream: [device_runner.cpp:199] aclrtSynchronizeStream during stream teardown failed: 507901
[mono_ns=7259779079577333][T0xed214b7eb020][WARN] force_reset_device: [device_runner.cpp:923] force_reset_device: aclrtResetDeviceForce(1) established a usable device generation (probe confirmed)
[mono_ns=7259779371642227][T0xed214b7eb020][WARN] finalize_common_impl: [device_runner_base.cpp:1426] Fatal teardown: force reset/quarantine finished; skipping per-resource RTS destroy/free calls
[mono_ns=7259779371872157][T0xed214b7eb020][WARN] finalize_common_impl: [device_runner_base.cpp:1571] Fatal teardown: host-side ownership cleared without further device calls
[mono_ns=7259779410094121][T0xed214b7eb020][WARN] force_reset_device: [device_runner.cpp:923] force_reset_device: aclrtResetDeviceForce(3) established a usable device generation (probe confirmed)
[mono_ns=7259779453029586][T0xed214b7eb020][WARN] force_reset_device: [device_runner.cpp:923] force_reset_device: aclrtResetDeviceForce(4) established a usable device generation (probe confirmed)
[mono_ns=7259779475867182][T0xed214b7eb020][WARN] force_reset_device: [device_runner.cpp:923] force_reset_device: aclrtResetDeviceForce(7) established a usable device generation (probe confirmed)
[mono_ns=7259779507933110][T0xed214b7eb020][WARN] force_reset_device: [device_runner.cpp:923] force_reset_device: aclrtResetDeviceForce(5) established a usable device generation (probe confirmed)
[mono_ns=7259779528693311][T0xed214b7eb020][WARN] force_reset_device: [device_runner.cpp:923] force_reset_device: aclrtResetDeviceForce(6) established a usable device generation (probe confirmed)
[mono_ns=7259779613531899][T0xed214b7eb020][WARN] finalize_common_impl: [device_runner_base.cpp:1426] Fatal teardown: force reset/quarantine finished; skipping per-resource RTS destroy/free calls
[mono_ns=7259779613791839][T0xed214b7eb020][WARN] finalize_common_impl: [device_runner_base.cpp:1571] Fatal teardown: host-side ownership cleared without further device calls
[mono_ns=7259779622343430][T0xed214b7eb020][WARN] finalize: [device_runner.cpp:1062] DeviceRunner finalized after fatal device failure
[mono_ns=7259779627914154][T0xed214b7eb020][WARN] force_reset_device: [device_runner.cpp:923] force_reset_device: aclrtResetDeviceForce(0) established a usable device generation (probe confirmed)
[mono_ns=7259779649658017][T0xed214b7eb020][WARN] finalize_common_impl: [device_runner_base.cpp:1426] Fatal teardown: force reset/quarantine finished; skipping per-resource RTS destroy/free calls
[mono_ns=7259779649894688][T0xed214b7eb020][WARN] finalize_common_impl: [device_runner_base.cpp:1571] Fatal teardown: host-side ownership cleared without further device calls
[mono_ns=7259779687837771][T0xed214b7eb020][WARN] finalize_common_impl: [device_runner_base.cpp:1426] Fatal teardown: force reset/quarantine finished; skipping per-resource RTS destroy/free calls
[mono_ns=7259779688186392][T0xed214b7eb020][WARN] finalize_common_impl: [device_runner_base.cpp:1571] Fatal teardown: host-side ownership cleared without further device calls
[mono_ns=7259779696844423][T0xed214b7eb020][WARN] finalize: [device_runner.cpp:1062] DeviceRunner finalized after fatal device failure
[mono_ns=7259779707598789][T0xed214b7eb020][WARN] force_reset_device: [device_runner.cpp:923] force_reset_device: aclrtResetDeviceForce(2) established a usable device generation (probe confirmed)
[mono_ns=7259779723212917][T0xed214b7eb020][WARN] finalize_common_impl: [device_runner_base.cpp:1426] Fatal teardown: force reset/quarantine finished; skipping per-resource RTS destroy/free calls
[mono_ns=7259779723542958][T0xed214b7eb020][WARN] finalize_common_impl: [device_runner_base.cpp:1571] Fatal teardown: host-side ownership cleared without further device calls
[mono_ns=7259779749787623][T0xed214b7eb020][WARN] finalize: [device_runner.cpp:1062] DeviceRunner finalized after fatal device failure
[mono_ns=7259779808288216][T0xed214b7eb020][WARN] finalize_common_impl: [device_runner_base.cpp:1426] Fatal teardown: force reset/quarantine finished; skipping per-resource RTS destroy/free calls
[mono_ns=7259779808617837][T0xed214b7eb020][WARN] finalize_common_impl: [device_runner_base.cpp:1571] Fatal teardown: host-side ownership cleared without further device calls
[mono_ns=7259779844353174][T0xed214b7eb020][WARN] finalize_common_impl: [device_runner_base.cpp:1426] Fatal teardown: force reset/quarantine finished; skipping per-resource RTS destroy/free calls
[mono_ns=7259779844589305][T0xed214b7eb020][WARN] finalize_common_impl: [device_runner_base.cpp:1571] Fatal teardown: host-side ownership cleared without further device calls
[mono_ns=7259780005355939][T0xed214b7eb020][WARN] finalize_common_impl: [device_runner_base.cpp:1426] Fatal teardown: force reset/quarantine finished; skipping per-resource RTS destroy/free calls
[mono_ns=7259780005660240][T0xed214b7eb020][WARN] finalize_common_impl: [device_runner_base.cpp:1571] Fatal teardown: host-side ownership cleared without further device calls
[mono_ns=7259780068451173][T0xed214b7eb020][WARN] finalize: [device_runner.cpp:1062] DeviceRunner finalized after fatal device failure
[mono_ns=7259780405607680][T0xed214b7eb020][WARN] finalize: [device_runner.cpp:1062] DeviceRunner finalized after fatal device failure
[mono_ns=7259780428469746][T0xed214b7eb020][WARN] finalize: [device_runner.cpp:1062] DeviceRunner finalized after fatal device failure
[mono_ns=7259780505491885][T0xed214b7eb020][WARN] finalize: [device_runner.cpp:1062] DeviceRunner finalized after fatal device failure
[mono_ns=7259780893447297][T0xed214b7eb020][WARN] finalize: [device_runner.cpp:1062] DeviceRunner finalized after fatal device failure
Traceback (most recent call last):
  File "/opt/pypto-profiling/collectives/a1_alltoallv/harness/all_to_all_v_benchmark.py", line 980, in _timed_session
    runtime.run(compiled, inputs, send_counts, outputs, recv_out, config=run_config)
  File "/opt/pypto/python/pypto/runtime/distributed_runner.py", line 3113, in run
    return self.submit(compiled, *args, config=config).result()
  File "/opt/pypto/python/pypto/runtime/distributed_runner.py", line 234, in result
    raise error
  File "/opt/pypto/python/pypto/runtime/distributed_runner.py", line 197, in result
    native_handle.result(timeout=remaining)
  File "/opt/pypto/runtime/python/simpler/worker.py", line 4401, in result
    self.wait(timeout)
  File "/opt/pypto/runtime/python/simpler/worker.py", line 4392, in wait
    raise published_error
  File "/opt/pypto/runtime/python/simpler/worker.py", line 4346, in wait
    completed = self._worker._wait_run_handle(run_id, remaining)
  File "/opt/pypto/runtime/python/simpler/worker.py", line 11580, in _wait_run_handle
    self._orch._wait_run(run_id)
  File "/opt/pypto/runtime/python/simpler/orchestrator.py", line 840, in _wait_run
    self._o._wait_run(run_id)
RuntimeError: LocalMailboxEndpoint child failed (worker_id=1, code=1): chip_process dev=1: chip run: RuntimeError: chip run lane is poisoned: finalize_native_run failed with code 507901 (run_id=1 slot=0 generation=1 dispatch_id=1 run_epoch=1)

During handling of the above exception, another exception occurred:

Traceback (most recent call last):
  File "/opt/pypto-profiling/collectives/a1_alltoallv/harness/all_to_all_v_benchmark.py", line 1202, in <module>
    raise SystemExit(main())
  File "/opt/pypto-profiling/collectives/a1_alltoallv/harness/all_to_all_v_benchmark.py", line 1191, in main
    doc = run_benchmark(args, shape)
  File "/opt/pypto-profiling/collectives/a1_alltoallv/harness/all_to_all_v_benchmark.py", line 1049, in run_benchmark
    host_slots, slot_rank = _timed_session(
  File "/opt/pypto-profiling/collectives/a1_alltoallv/harness/all_to_all_v_benchmark.py", line 975, in _timed_session
    with compiled.prepare(
  File "/opt/pypto/python/pypto/runtime/distributed_runner.py", line 3057, in __exit__
    self.close()
  File "/opt/pypto/python/pypto/runtime/distributed_runner.py", line 3048, in close
    raise first_error
  File "/opt/pypto/python/pypto/runtime/distributed_runner.py", line 3034, in close
    self._w.close()
  File "/opt/pypto/runtime/python/simpler/worker.py", line 12134, in close
    raise result
  File "/opt/pypto/runtime/python/simpler/worker.py", line 12056, in close
    self._teardown_ready_tree()
  File "/opt/pypto/runtime/python/simpler/worker.py", line 12469, in _teardown_ready_tree
    self._teardown_worker_tree(startup_abort=False)
  File "/opt/pypto/runtime/python/simpler/worker.py", line 12352, in _teardown_worker_tree
    raise journal_err
  File "/opt/pypto/runtime/python/simpler/worker.py", line 3882, in drive
    cleanup_fn()
  File "/opt/pypto/runtime/python/simpler/worker.py", line 10252, in _release_all_live_domains
    _raise_first(_release, list(live_domains.values())[::-1])
  File "/opt/pypto/runtime/python/simpler/worker.py", line 1107, in _raise_first
    raise first_error
  File "/opt/pypto/runtime/python/simpler/worker.py", line 1102, in _raise_first
    step(item)
  File "/opt/pypto/runtime/python/simpler/worker.py", line 10247, in _release
    self._release_domain_now(handle)
  File "/opt/pypto/runtime/python/simpler/worker.py", line 9248, in _release_domain_now
    raise result.error
  File "/opt/pypto/runtime/python/simpler/worker.py", line 1339, in invoke
    result.value = operation()
  File "/opt/pypto/runtime/python/simpler/worker.py", line 9232, in release_claim
    self._release_domain_claimed(handle)
  File "/opt/pypto/runtime/python/simpler/worker.py", line 9293, in _release_domain_claimed
    _run_with_owned_shared_memory(
  File "/opt/pypto/runtime/python/simpler/worker.py", line 1643, in _run_with_owned_shared_memory
    raise result.error
  File "/opt/pypto/runtime/python/simpler/worker.py", line 1339, in invoke
    result.value = operation()
  File "/opt/pypto/runtime/python/simpler/worker.py", line 1636, in run_lifecycle
    raise operation_error
  File "/opt/pypto/runtime/python/simpler/worker.py", line 1623, in run_lifecycle
    value = operation(owner)
  File "/opt/pypto/runtime/python/simpler/worker.py", line 9281, in release
    self._dispatch_control_domain(
  File "/opt/pypto/runtime/python/simpler/worker.py", line 9334, in _dispatch_control_domain
    raise RuntimeError(
RuntimeError: release_domain(allocation_id=0) failed on 8/8 chips; first error chip=1: control_release_domain: child process pid=3739633 exited before mailbox completion (exit_status=0)
/usr/lib/python3.10/multiprocessing/resource_tracker.py:224: UserWarning: resource_tracker: There appear to be 8 leaked shared_memory objects to clean up at shutdown
  warnings.warn('resource_tracker: There appear to be %d '

