cmd=/opt/ptoas-bin/bin/python3 /opt/pypto-profiling/collectives/a1_alltoallv/harness/all_to_all_v_benchmark.py --ep 8 --peer-bytes 24960 --count-pattern zero --core-num 1 --impl managed-l2 --rounds 100 --warmup 5 --profile both --swimlane-rounds 8 --platform a2a3 --devices 0,1,2,3,4,5,6,7 --output-json /opt/pypto-profiling/reports/issue-2521-a1-alltoallv-ep8-gapfill-2026-09-10/json/p8_managed-l2_zero_24960.json --output-dir /opt/pypto-profiling/reports/issue-2521-a1-alltoallv-ep8-gapfill-2026-09-10/builds/p8_managed-l2_zero_24960
rc=-11
----- stdout -----
[a2av-bench] session=timing-slot enter warmup=5 rounds=100

----- stderr -----
[mono_ns=7259798338568801][T0xf944b7dfb020][TIMING] clock_anchor: [CLOCK_ANCHOR] v=1 pid=3778335 mono_ns=7259798338567951 wall_ns=1789055712811147997
[mono_ns=7259798372423947][T0xf944b7dfb020][TIMING] clock_anchor: [CLOCK_ANCHOR] v=1 pid=3778341 mono_ns=7259798372422997 wall_ns=1789055712845003143
[mono_ns=7259798412042788][T0xf944b7dfb020][TIMING] clock_anchor: [CLOCK_ANCHOR] v=1 pid=3778345 mono_ns=7259798412042478 wall_ns=1789055712884622224
[mono_ns=7259798451736229][T0xf944b7dfb020][TIMING] clock_anchor: [CLOCK_ANCHOR] v=1 pid=3778366 mono_ns=7259798451735469 wall_ns=1789055712924315425
[mono_ns=7259798491961802][T0xf944b7dfb020][TIMING] clock_anchor: [CLOCK_ANCHOR] v=1 pid=3778373 mono_ns=7259798491961282 wall_ns=1789055712964541038
[mono_ns=7259798532589816][T0xf944b7dfb020][TIMING] clock_anchor: [CLOCK_ANCHOR] v=1 pid=3778381 mono_ns=7259798532589276 wall_ns=1789055713005169132
[mono_ns=7259798573897361][T0xf944b7dfb020][TIMING] clock_anchor: [CLOCK_ANCHOR] v=1 pid=3778399 mono_ns=7259798573896541 wall_ns=1789055713046476567
[mono_ns=7259798617527543][T0xf944b7dfb020][TIMING] clock_anchor: [CLOCK_ANCHOR] v=1 pid=3778417 mono_ns=7259798617527033 wall_ns=1789055713090106679
[mono_ns=7259799541468233][T0xf944b7dfb020][TIMING] emit_host_span: [STRACE] v=1 pid=3778335 tid=3778335 inv=0 hid=0 depth=0 name=chip.prewarm.build ts=7259799457534209 dur=83914234 
[chip_process pid=3778335 dev=0] ready
[mono_ns=7259799559478259][T0xf944b7dfb020][TIMING] emit_host_span: [STRACE] v=1 pid=3778345 tid=3778345 inv=0 hid=0 depth=0 name=chip.prewarm.build ts=7259799470487152 dur=88973527 
[chip_process pid=3778345 dev=2] ready
[mono_ns=7259799617413798][T0xf944b7dfb020][TIMING] emit_host_span: [STRACE] v=1 pid=3778373 tid=3778373 inv=0 hid=0 depth=0 name=chip.prewarm.build ts=7259799529329962 dur=88062625 
[chip_process pid=3778373 dev=4] ready
[mono_ns=7259799636193306][T0xf944b7dfb020][TIMING] emit_host_span: [STRACE] v=1 pid=3778366 tid=3778366 inv=0 hid=0 depth=0 name=chip.prewarm.build ts=7259799549466874 dur=86707502 
[chip_process pid=3778366 dev=3] ready
[mono_ns=7259799688453719][T0xf944b7dfb020][TIMING] emit_host_span: [STRACE] v=1 pid=3778381 tid=3778381 inv=0 hid=0 depth=0 name=chip.prewarm.build ts=7259799607400472 dur=81038987 
[chip_process pid=3778381 dev=5] ready
[mono_ns=7259799744310602][T0xf944b7dfb020][TIMING] emit_host_span: [STRACE] v=1 pid=3778417 tid=3778417 inv=0 hid=0 depth=0 name=chip.prewarm.build ts=7259799650110811 dur=94177351 
[mono_ns=7259799747545571][T0xf944b7dfb020][TIMING] emit_host_span: [STRACE] v=1 pid=3778399 tid=3778399 inv=0 hid=0 depth=0 name=chip.prewarm.build ts=7259799662618273 dur=84914498 
[chip_process pid=3778417 dev=7] ready
[chip_process pid=3778399 dev=6] ready
[mono_ns=7259806598203534][T0xf944b7dfb020][TIMING] emit_host_span: [STRACE] v=1 pid=3778341 tid=3778341 inv=0 hid=0 depth=0 name=chip.prewarm.build ts=7259806557571278 dur=40614256 
[chip_process pid=3778341 dev=1] ready
[mono_ns=7259806605583773][T0xf944b7dfb020][TIMING] clock_anchor: [CLOCK_ANCHOR] v=1 pid=3769664 mono_ns=7259806605582873 wall_ns=1789055721078162989
[mono_ns=7259807712119078][T0xf944b7dfb020][TIMING] emit_host_span: [STRACE] v=1 pid=3769664 tid=3769664 inv=1 hid=4593762229f59d3d depth=0 name=node.submit ts=7259807712060598 dur=47540 run_id=1 task_slot=0 group_index=0 group_size=1 worker_id=0 role=facade
[mono_ns=7259807712188188][T0xf9435a82cca0][TIMING] emit_host_span: [STRACE] v=1 pid=3769664 tid=3779138 inv=1 hid=4593762229f59d3d depth=0 name=node.frame_submit ts=7259807712157418 dur=18880 run_id=1 task_slot=0 group_index=0 worker_id=0 dispatch_id=1 endpoint_kind=local_mailbox prepare_only=0 role=worker
[mono_ns=7259807712203648][T0xf9435a82cca0][TIMING] emit_host_span: [STRACE] v=1 pid=3769664 tid=3779138 inv=1 hid=4593762229f59d3d depth=0 name=node.dispatch ts=7259807712144418 dur=51430 run_id=1 task_slot=0 group_index=0 worker_id=0 dispatch_id=1 endpoint_kind=local_mailbox prepare_only=0 role=scheduler slot_id=0 generation=1
[mono_ns=7259807712220018][T0xf9435a82cca0][TIMING] emit_host_span: [STRACE] v=1 pid=3769664 tid=3779138 inv=0 hid=0 depth=0 name=node.scheduler_loop ts=7259807712122718 dur=90200 role=scheduler drained=0 dispatched=1 drain_ns=7080 spins=2
[mono_ns=7259807712501289][T0xf944b7dfb020][TIMING] emit_host_span: [STRACE] v=1 pid=3769664 tid=3769664 inv=1 hid=4593762229f59d3d depth=0 name=node.submit ts=7259807712475849 dur=18880 run_id=1 task_slot=1 group_index=0 group_size=1 worker_id=1 role=facade
[mono_ns=7259807712544109][T0xf9435a82cca0][TIMING] emit_host_span: [STRACE] v=1 pid=3769664 tid=3779138 inv=1 hid=4593762229f59d3d depth=0 name=node.frame_submit ts=7259807712528349 dur=11700 run_id=1 task_slot=1 group_index=0 worker_id=1 dispatch_id=1 endpoint_kind=local_mailbox prepare_only=0 role=worker
[mono_ns=7259807712553679][T0xf9435a82cca0][TIMING] emit_host_span: [STRACE] v=1 pid=3769664 tid=3779138 inv=1 hid=4593762229f59d3d depth=0 name=node.dispatch ts=7259807712524719 dur=23690 run_id=1 task_slot=1 group_index=0 worker_id=1 dispatch_id=1 endpoint_kind=local_mailbox prepare_only=0 role=scheduler slot_id=0 generation=1
[mono_ns=7259807712563689][T0xf9435a82cca0][TIMING] emit_host_span: [STRACE] v=1 pid=3769664 tid=3779138 inv=0 hid=0 depth=0 name=node.scheduler_loop ts=7259807712484749 dur=73890 role=scheduler drained=0 dispatched=1 drain_ns=1310 spins=72
[mono_ns=7259807712909990][T0xf944b7dfb020][TIMING] emit_host_span: [STRACE] v=1 pid=3769664 tid=3769664 inv=1 hid=4593762229f59d3d depth=0 name=node.submit ts=7259807712886460 dur=17360 run_id=1 task_slot=2 group_index=0 group_size=1 worker_id=2 role=facade
[mono_ns=7259807712922280][T0xf9435a82cca0][TIMING] emit_host_span: [STRACE] v=1 pid=3769664 tid=3779138 inv=1 hid=4593762229f59d3d depth=0 name=node.frame_submit ts=7259807712908370 dur=10260 run_id=1 task_slot=2 group_index=0 worker_id=2 dispatch_id=1 endpoint_kind=local_mailbox prepare_only=0 role=worker
[mono_ns=7259807712930370][T0xf9435a82cca0][TIMING] emit_host_span: [STRACE] v=1 pid=3769664 tid=3779138 inv=1 hid=4593762229f59d3d depth=0 name=node.dispatch ts=7259807712905700 dur=19760 run_id=1 task_slot=2 group_index=0 worker_id=2 dispatch_id=1 endpoint_kind=local_mailbox prepare_only=0 role=scheduler slot_id=0 generation=1
[mono_ns=7259807712938410][T0xf9435a82cca0][TIMING] emit_host_span: [STRACE] v=1 pid=3769664 tid=3779138 inv=0 hid=0 depth=0 name=node.scheduler_loop ts=7259807712900100 dur=34870 role=scheduler drained=0 dispatched=1 drain_ns=1420 spins=93
[mono_ns=7259807713273791][T0xf944b7dfb020][TIMING] emit_host_span: [STRACE] v=1 pid=3769664 tid=3769664 inv=1 hid=4593762229f59d3d depth=0 name=node.submit ts=7259807713233181 dur=34380 run_id=1 task_slot=3 group_index=0 group_size=1 worker_id=3 role=facade
[mono_ns=7259807713298121][T0xf9435a82cca0][TIMING] emit_host_span: [STRACE] v=1 pid=3769664 tid=3779138 inv=1 hid=4593762229f59d3d depth=0 name=node.frame_submit ts=7259807713282751 dur=11710 run_id=1 task_slot=3 group_index=0 worker_id=3 dispatch_id=1 endpoint_kind=local_mailbox prepare_only=0 role=worker
[mono_ns=7259807713307011][T0xf9435a82cca0][TIMING] emit_host_span: [STRACE] v=1 pid=3769664 tid=3779138 inv=1 hid=4593762229f59d3d depth=0 name=node.dispatch ts=7259807713279671 dur=22330 run_id=1 task_slot=3 group_index=0 worker_id=3 dispatch_id=1 endpoint_kind=local_mailbox prepare_only=0 role=scheduler slot_id=0 generation=1
[mono_ns=7259807713313371][T0xf9435a82cca0][TIMING] emit_host_span: [STRACE] v=1 pid=3769664 tid=3779138 inv=0 hid=0 depth=0 name=node.scheduler_loop ts=7259807713258881 dur=51170 role=scheduler drained=0 dispatched=1 drain_ns=1300 spins=89
[mono_ns=7259807713620052][T0xf944b7dfb020][TIMING] emit_host_span: [STRACE] v=1 pid=3769664 tid=3769664 inv=1 hid=4593762229f59d3d depth=0 name=node.submit ts=7259807713593382 dur=20330 run_id=1 task_slot=4 group_index=0 group_size=1 worker_id=4 role=facade
[mono_ns=7259807713632982][T0xf9435a82cca0][TIMING] emit_host_span: [STRACE] v=1 pid=3769664 tid=3779138 inv=1 hid=4593762229f59d3d depth=0 name=node.frame_submit ts=7259807713618982 dur=10010 run_id=1 task_slot=4 group_index=0 worker_id=4 dispatch_id=1 endpoint_kind=local_mailbox prepare_only=0 role=worker
[mono_ns=7259807713639352][T0xf9435a82cca0][TIMING] emit_host_span: [STRACE] v=1 pid=3769664 tid=3779138 inv=1 hid=4593762229f59d3d depth=0 name=node.dispatch ts=7259807713616532 dur=18340 run_id=1 task_slot=4 group_index=0 worker_id=4 dispatch_id=1 endpoint_kind=local_mailbox prepare_only=0 role=scheduler slot_id=0 generation=1
[mono_ns=7259807713646982][T0xf9435a82cca0][TIMING] emit_host_span: [STRACE] v=1 pid=3769664 tid=3779138 inv=0 hid=0 depth=0 name=node.scheduler_loop ts=7259807713611352 dur=32360 role=scheduler drained=0 dispatched=1 drain_ns=1340 spins=87
[mono_ns=7259807713947683][T0xf944b7dfb020][TIMING] emit_host_span: [STRACE] v=1 pid=3769664 tid=3769664 inv=1 hid=4593762229f59d3d depth=0 name=node.submit ts=7259807713929463 dur=11610 run_id=1 task_slot=5 group_index=0 group_size=1 worker_id=5 role=facade
[mono_ns=7259807713961073][T0xf9435a82cca0][TIMING] emit_host_span: [STRACE] v=1 pid=3769664 tid=3779138 inv=1 hid=4593762229f59d3d depth=0 name=node.frame_submit ts=7259807713947513 dur=10390 run_id=1 task_slot=5 group_index=0 worker_id=5 dispatch_id=1 endpoint_kind=local_mailbox prepare_only=0 role=worker
[mono_ns=7259807713967393][T0xf9435a82cca0][TIMING] emit_host_span: [STRACE] v=1 pid=3769664 tid=3779138 inv=1 hid=4593762229f59d3d depth=0 name=node.dispatch ts=7259807713944913 dur=17930 run_id=1 task_slot=5 group_index=0 worker_id=5 dispatch_id=1 endpoint_kind=local_mailbox prepare_only=0 role=scheduler slot_id=0 generation=1
[mono_ns=7259807713974833][T0xf9435a82cca0][TIMING] emit_host_span: [STRACE] v=1 pid=3769664 tid=3779138 inv=0 hid=0 depth=0 name=node.scheduler_loop ts=7259807713940253 dur=31240 role=scheduler drained=0 dispatched=1 drain_ns=1510 spins=86
[mono_ns=7259807714273174][T0xf944b7dfb020][TIMING] emit_host_span: [STRACE] v=1 pid=3769664 tid=3769664 inv=1 hid=4593762229f59d3d depth=0 name=node.submit ts=7259807714251964 dur=15090 run_id=1 task_slot=6 group_index=0 group_size=1 worker_id=6 role=facade
[mono_ns=7259807714287674][T0xf9435a82cca0][TIMING] emit_host_span: [STRACE] v=1 pid=3769664 tid=3779138 inv=1 hid=4593762229f59d3d depth=0 name=node.frame_submit ts=7259807714273174 dur=11040 run_id=1 task_slot=6 group_index=0 worker_id=6 dispatch_id=1 endpoint_kind=local_mailbox prepare_only=0 role=worker
[mono_ns=7259807714295304][T0xf9435a82cca0][TIMING] emit_host_span: [STRACE] v=1 pid=3769664 tid=3779138 inv=1 hid=4593762229f59d3d depth=0 name=node.dispatch ts=7259807714270234 dur=20480 run_id=1 task_slot=6 group_index=0 worker_id=6 dispatch_id=1 endpoint_kind=local_mailbox prepare_only=0 role=scheduler slot_id=0 generation=1
[mono_ns=7259807714302924][T0xf9435a82cca0][TIMING] emit_host_span: [STRACE] v=1 pid=3769664 tid=3779138 inv=0 hid=0 depth=0 name=node.scheduler_loop ts=7259807714265494 dur=33470 role=scheduler drained=0 dispatched=1 drain_ns=1560 spins=82
[mono_ns=7259807714598795][T0xf944b7dfb020][TIMING] emit_host_span: [STRACE] v=1 pid=3769664 tid=3769664 inv=1 hid=4593762229f59d3d depth=0 name=node.submit ts=7259807714565385 dur=26920 run_id=1 task_slot=7 group_index=0 group_size=1 worker_id=7 role=facade
[mono_ns=7259807714608705][T0xf9435a82cca0][TIMING] emit_host_span: [STRACE] v=1 pid=3769664 tid=3779138 inv=1 hid=4593762229f59d3d depth=0 name=node.frame_submit ts=7259807714595925 dur=9410 run_id=1 task_slot=7 group_index=0 worker_id=7 dispatch_id=1 endpoint_kind=local_mailbox prepare_only=0 role=worker
[mono_ns=7259807714616105][T0xf9435a82cca0][TIMING] emit_host_span: [STRACE] v=1 pid=3769664 tid=3779138 inv=1 hid=4593762229f59d3d depth=0 name=node.dispatch ts=7259807714593205 dur=18310 run_id=1 task_slot=7 group_index=0 worker_id=7 dispatch_id=1 endpoint_kind=local_mailbox prepare_only=0 role=scheduler slot_id=0 generation=1
[mono_ns=7259807714622985][T0xf9435a82cca0][TIMING] emit_host_span: [STRACE] v=1 pid=3769664 tid=3779138 inv=0 hid=0 depth=0 name=node.scheduler_loop ts=7259807714586095 dur=33720 role=scheduler drained=0 dispatched=1 drain_ns=1480 spins=83
[mono_ns=7259807714637765][T0xf944b7dfb020][TIMING] emit_host_span: [STRACE] v=1 pid=3769664 tid=3769664 inv=1 hid=0 depth=0 name=node.graph_build ts=7259806609431653 dur=1105184592 run_id=1 role=facade
[mono_ns=7259807718457305][T0xf944b7dfb020][TIMING] emit_host_span: [STRACE] v=1 pid=3778366 tid=3778366 inv=1 hid=16640ce8da8c63f2 depth=2 name=chip.run.bind.args ts=7259807715987428 dur=2460087 
[mono_ns=7259807718518265][T0xf944b7dfb020][TIMING] emit_host_span: [STRACE] v=1 pid=3778366 tid=3778366 inv=1 hid=16640ce8da8c63f2 depth=2 name=chip.run.bind.prebuilt ts=7259807718508955 dur=5130 
[mono_ns=7259807718523905][T0xf944b7dfb020][TIMING] emit_host_span: [STRACE] v=1 pid=3778366 tid=3778366 inv=1 hid=16640ce8da8c63f2 depth=1 name=chip.run.bind ts=7259807715877098 dur=2644207 
[mono_ns=7259807718758215][T0xf944b7dfb020][TIMING] emit_host_span: [STRACE] v=1 pid=3778345 tid=3778345 inv=1 hid=16640ce8da8c63f2 depth=2 name=chip.run.bind.args ts=7259807716336239 dur=2415416 
[mono_ns=7259807718817416][T0xf944b7dfb020][TIMING] emit_host_span: [STRACE] v=1 pid=3778345 tid=3778345 inv=1 hid=16640ce8da8c63f2 depth=2 name=chip.run.bind.prebuilt ts=7259807718810526 dur=3110 
[mono_ns=7259807718822486][T0xf944b7dfb020][TIMING] emit_host_span: [STRACE] v=1 pid=3778345 tid=3778345 inv=1 hid=16640ce8da8c63f2 depth=1 name=chip.run.bind ts=7259807716231489 dur=2588757 
[mono_ns=7259807719538598][T0xf944b7dfb020][TIMING] emit_host_span: [STRACE] v=1 pid=3778381 tid=3778381 inv=1 hid=16640ce8da8c63f2 depth=2 name=chip.run.bind.args ts=7259807716151619 dur=3378719 
[mono_ns=7259807719592758][T0xf944b7dfb020][TIMING] emit_host_span: [STRACE] v=1 pid=3778381 tid=3778381 inv=1 hid=16640ce8da8c63f2 depth=2 name=chip.run.bind.prebuilt ts=7259807719584608 dur=4890 
[mono_ns=7259807719598398][T0xf944b7dfb020][TIMING] emit_host_span: [STRACE] v=1 pid=3778381 tid=3778381 inv=1 hid=16640ce8da8c63f2 depth=1 name=chip.run.bind ts=7259807716041908 dur=3554090 
[mono_ns=7259807719893048][T0xf944b7dfb020][TIMING] emit_host_span: [STRACE] v=1 pid=3778341 tid=3778341 inv=1 hid=16640ce8da8c63f2 depth=2 name=chip.run.bind.args ts=7259807715020066 dur=4864552 
[mono_ns=7259807719919089][T0xf944b7dfb020][TIMING] emit_host_span: [STRACE] v=1 pid=3778341 tid=3778341 inv=1 hid=16640ce8da8c63f2 depth=2 name=chip.run.bind.prebuilt ts=7259807719910388 dur=4181 
[mono_ns=7259807719924629][T0xf944b7dfb020][TIMING] emit_host_span: [STRACE] v=1 pid=3778341 tid=3778341 inv=1 hid=16640ce8da8c63f2 depth=1 name=chip.run.bind ts=7259807714906555 dur=5015664 
[mono_ns=7259807720035989][T0xf944b7dfb020][TIMING] emit_host_span: [STRACE] v=1 pid=3778373 tid=3778373 inv=1 hid=16640ce8da8c63f2 depth=2 name=chip.run.bind.args ts=7259807716223909 dur=3801470 
[mono_ns=7259807720099579][T0xf944b7dfb020][TIMING] emit_host_span: [STRACE] v=1 pid=3778373 tid=3778373 inv=1 hid=16640ce8da8c63f2 depth=2 name=chip.run.bind.prebuilt ts=7259807720089899 dur=5830 
[mono_ns=7259807720104749][T0xf944b7dfb020][TIMING] emit_host_span: [STRACE] v=1 pid=3778373 tid=3778373 inv=1 hid=16640ce8da8c63f2 depth=1 name=chip.run.bind ts=7259807716074799 dur=4027540 
[mono_ns=7259807720144439][T0xf944b7dfb020][TIMING] emit_host_span: [STRACE] v=1 pid=3778335 tid=3778335 inv=1 hid=16640ce8da8c63f2 depth=2 name=chip.run.bind.args ts=7259807715068056 dur=5069633 
[mono_ns=7259807720167519][T0xf944b7dfb020][TIMING] emit_host_span: [STRACE] v=1 pid=3778335 tid=3778335 inv=1 hid=16640ce8da8c63f2 depth=2 name=chip.run.bind.prebuilt ts=7259807720161229 dur=3540 
[mono_ns=7259807720172589][T0xf944b7dfb020][TIMING] emit_host_span: [STRACE] v=1 pid=3778335 tid=3778335 inv=1 hid=16640ce8da8c63f2 depth=1 name=chip.run.bind ts=7259807714937626 dur=5232773 
[mono_ns=7259807720887441][T0xf944b7dfb020][TIMING] emit_host_span: [STRACE] v=1 pid=3778399 tid=3778399 inv=1 hid=16640ce8da8c63f2 depth=2 name=chip.run.bind.args ts=7259807716795450 dur=4086351 
[mono_ns=7259807720940511][T0xf944b7dfb020][TIMING] emit_host_span: [STRACE] v=1 pid=3778399 tid=3778399 inv=1 hid=16640ce8da8c63f2 depth=2 name=chip.run.bind.prebuilt ts=7259807720934121 dur=2900 
[mono_ns=7259807720945291][T0xf944b7dfb020][TIMING] emit_host_span: [STRACE] v=1 pid=3778399 tid=3778399 inv=1 hid=16640ce8da8c63f2 depth=1 name=chip.run.bind ts=7259807716703930 dur=4239261 
[mono_ns=7259807720994981][T0xf944b7dfb020][TIMING] emit_host_span: [STRACE] v=1 pid=3778417 tid=3778417 inv=1 hid=16640ce8da8c63f2 depth=2 name=chip.run.bind.args ts=7259807718703235 dur=2281836 
[mono_ns=7259807721068332][T0xf944b7dfb020][TIMING] emit_host_span: [STRACE] v=1 pid=3778417 tid=3778417 inv=1 hid=16640ce8da8c63f2 depth=2 name=chip.run.bind.prebuilt ts=7259807721059111 dur=4960 
[mono_ns=7259807721073942][T0xf944b7dfb020][TIMING] emit_host_span: [STRACE] v=1 pid=3778417 tid=3778417 inv=1 hid=16640ce8da8c63f2 depth=1 name=chip.run.bind ts=7259807718477225 dur=2594037 
[mono_ns=7259856684303080][T0xf944b7dfb020][ERROR] query_stream_nonblocking: [device_runner_helpers.cpp:39] rtStreamQuery (AICPU) failed: 507901
[mono_ns=7259856684665411][T0xf944b7dfb020][ERROR] query_stream_nonblocking: [device_runner_helpers.cpp:40] ACL recent error message: EE9999: Inner Error!
EE9999[PID: 3778341] 2026-09-10-15:55:22.022.524 (EE9999):  This device does not support cross-server communication drv devId=1 localServerId=1023err:0x702001d[FUNC:ExportToShareableHandleV2][FILE:api_impl.cc][LINE:7120]
        TraceBack (most recent call last):
       rtMemExportToShareableHandleV2 execution failed, reason=driver error:feature not sup~
[mono_ns=7259856684964052][T0xf944b7dfb020][ERROR] query_stream_nonblocking: [device_runner_helpers.cpp:39] rtStreamQuery (AICore) failed: 507901
[mono_ns=7259856685105042][T0xf944b7dfb020][ERROR] query_stream_nonblocking: [device_runner_helpers.cpp:40] ACL recent error message: EL9999: Inner Error!
EL9999[PID: 3778341] 2026-09-10-15:56:11.157.294 (EL9999):  Device[1] fault, ret=0x7110011.[FUNC:CheckStatus][FILE:context.cc][LINE:3492]
        TraceBack (most recent call last):
       rtStreamQuery execution failed, reason=hdc disconnect[FUNC:FuncErrorReason][FILE:error_message_manage.cc][LINE:65]

[mono_ns=7259856685393963][T0xf944b7dfb020][ERROR] sync_stream_pair: [device_runner_base.cpp:1775] aclrtSynchronizeStreamWithTimeout (AICPU) failed: 507901
[mono_ns=7259856685517103][T0xf944b7dfb020][ERROR] sync_stream_pair: [device_runner_base.cpp:1776] ACL recent error message: EL9999: Inner Error!
EL9999[PID: 3778341] 2026-09-10-15:56:11.157.954 (EL9999):  Device[1] fault, ret=0x7110011.[FUNC:CheckStatus][FILE:context.cc][LINE:3492]
        TraceBack (most recent call last):

[mono_ns=7259856685835454][T0xf944b7dfb020][ERROR] recover_device_or_mark_unusable: [device_runner.cpp:763] AICore error 507901: bounded device drain failed: 507901 (force reset will follow in finalize)
[mono_ns=7259856685861074][T0xf944b7dfb020][TIMING] emit_host_span: [STRACE] v=1 pid=3778341 tid=3778341 inv=1 hid=16640ce8da8c63f2 depth=1 name=chip.run.runner_run ts=7259807720852711 dur=48965000983 
[mono_ns=7259856685924384][T0xf944b7dfb020][WARN] validate_runtime_impl: [runtime_maker.cpp:967] Skipping tensor copy-back because execution failed
[mono_ns=7259856685939014][T0xf944b7dfb020][TIMING] emit_host_span: [STRACE] v=1 pid=3778341 tid=3778341 inv=1 hid=16640ce8da8c63f2 depth=1 name=chip.run.validate ts=7259856685879194 dur=56530 
[mono_ns=7259856685944534][T0xf944b7dfb020][TIMING] emit_host_span: [STRACE] v=1 pid=3778341 tid=3778341 inv=1 hid=16640ce8da8c63f2 depth=1 name=chip.run.claim_release ts=7259856685941584 dur=790 
[mono_ns=7259856685955024][T0xf944b7dfb020][TIMING] emit_host_span: [STRACE] v=1 pid=3778341 tid=3778341 inv=1 hid=16640ce8da8c63f2 depth=0 name=chip.run ts=7259807714875105 dur=48971077469 run_id=1 dispatch_id=1 slot_id=0 generation=1 run_epoch=1
[mono_ns=7259856687299048][T0xf9435a82cca0][TIMING] emit_host_span: [STRACE] v=1 pid=3769664 tid=3779138 inv=1 hid=4593762229f59d3d depth=0 name=node.complete ts=7259856687067938 dur=184440 run_id=1 task_slot=1 group_index=0 worker_id=1 dispatch_id=1 endpoint_kind=local_mailbox prepare_only=0 role=worker outcome=1
[mono_ns=7259856687641659][T0xf9435a82cca0][TIMING] emit_host_span: [STRACE] v=1 pid=3769664 tid=3779138 inv=0 hid=0 depth=0 name=node.scheduler_loop ts=7259856686447746 dur=1176123 role=scheduler drained=1 dispatched=0 drain_ns=1151233 spins=14590580
[mono_ns=7259863638541211][T0xf944b7dfb020][ERROR] sync_stream_pair: [device_runner_base.cpp:1775] aclrtSynchronizeStreamWithTimeout (AICPU) failed: 507018
[mono_ns=7259863638575411][T0xf944b7dfb020][ERROR] sync_stream_pair: [device_runner_base.cpp:1776] ACL error detail: 507018 ACL_ERROR_RT_AICPU_EXCEPTION - an AICPU task raised an exception; several distinct on-device mechanisms all surface as this one generic code
[mono_ns=7259863638579951][T0xf944b7dfb020][ERROR] sync_stream_pair: [device_runner_base.cpp:1776] ACL error hint: do NOT read this as 'deadlock' or 'OOM' on its own -- it is a generic host-side code. Grep the host log for 'orch_error_code=' / 'sched_error_code=' / 'sub_class=' to get the device-classified reason, and read the device log for the detector that fired. See docs/troubleshooting/device-error-codes.md
[mono_ns=7259863639209443][T0xf944b7dfb020][ERROR] sync_stream_pair: [device_runner_base.cpp:1776] ACL recent error message: EE9999: Inner Error!
EE9999[PID: 3778335] 2026-09-10-15:55:22.022.526 (EE9999):  This device does not support cross-server communication drv devId=0 localServerId=1023err:0x702001d[FUNC:ExportToShareableHandleV2][FILE:api_impl.cc][LINE:7120]
        TraceBack (most recent call last):
       rtMemExportToShareableHandleV2 execution failed, reason=driver error:feature not support[FUNC~
[mono_ns=7259863639668154][T0xf944b7dfb020][ERROR] recover_device_or_mark_unusable: [device_runner.cpp:763] AICore error 507018: bounded device drain failed: 507014 (force reset will follow in finalize)
[mono_ns=7259863639693264][T0xf944b7dfb020][TIMING] emit_host_span: [STRACE] v=1 pid=3778335 tid=3778335 inv=1 hid=16640ce8da8c63f2 depth=1 name=chip.run.runner_run ts=7259807720970361 dur=55918716623 
[mono_ns=7259863639784264][T0xf944b7dfb020][ERROR] validate_runtime_impl: [runtime_maker.cpp:945] simpler runtime failed: orch_error_code=0 sched_error_code=100 runtime_status=-100
[mono_ns=7259863639792154][T0xf944b7dfb020][ERROR] validate_runtime_impl: [runtime_maker.cpp:945] error detail: sched_error_code=100 SCHEDULER_TIMEOUT - the scheduler saw no forward progress within its timeout; the sub_class= line below carries the device-classified reason and locators
[mono_ns=7259863639795794][T0xf944b7dfb020][ERROR] validate_runtime_impl: [runtime_maker.cpp:945] error hint: read the sub_class= line below first, then follow the S1-S5 table in the doc; raise SIMPLER_SCHEDULER_TIMEOUT_MS to tell a true deadlock apart from a merely slow kernel. See docs/troubleshooting/device-error-codes.md
[mono_ns=7259863639798484][T0xf944b7dfb020][ERROR] validate_runtime_impl: [runtime_maker.cpp:951] scheduler timeout sub_class=S1:running-stalled (detail=1) completed=1/3 running=1 ready=0 waiting=1 orch_done=1 stuck_task_id=4294967297 stuck_core=28
[mono_ns=7259863639803084][T0xf944b7dfb020][WARN] validate_runtime_impl: [runtime_maker.cpp:967] Skipping tensor copy-back because execution failed
[mono_ns=7259863639811154][T0xf944b7dfb020][TIMING] emit_host_span: [STRACE] v=1 pid=3778335 tid=3778335 inv=1 hid=16640ce8da8c63f2 depth=1 name=chip.run.validate ts=7259863639698144 dur=109790 
[mono_ns=7259863639818454][T0xf944b7dfb020][TIMING] emit_host_span: [STRACE] v=1 pid=3778335 tid=3778335 inv=1 hid=16640ce8da8c63f2 depth=1 name=chip.run.claim_release ts=7259863639815514 dur=690 
[mono_ns=7259863639825484][T0xf944b7dfb020][TIMING] emit_host_span: [STRACE] v=1 pid=3778335 tid=3778335 inv=1 hid=16640ce8da8c63f2 depth=0 name=chip.run ts=7259807714911385 dur=55924911789 run_id=1 dispatch_id=1 slot_id=0 generation=1 run_epoch=1
[mono_ns=7259863640800627][T0xf9435a82cca0][TIMING] emit_host_span: [STRACE] v=1 pid=3769664 tid=3779138 inv=1 hid=4593762229f59d3d depth=0 name=node.complete ts=7259863640735297 dur=48820 run_id=1 task_slot=0 group_index=0 worker_id=0 dispatch_id=1 endpoint_kind=local_mailbox prepare_only=0 role=worker outcome=1
[mono_ns=7259863641019638][T0xf9435a82cca0][TIMING] emit_host_span: [STRACE] v=1 pid=3769664 tid=3779138 inv=0 hid=0 depth=0 name=node.scheduler_loop ts=7259863640546377 dur=463241 role=scheduler drained=1 dispatched=0 drain_ns=439221 spins=2055103
[mono_ns=7259863667620845][T0xf944b7dfb020][ERROR] sync_stream_pair: [device_runner_base.cpp:1775] aclrtSynchronizeStreamWithTimeout (AICPU) failed: 507018
[mono_ns=7259863667648315][T0xf944b7dfb020][ERROR] sync_stream_pair: [device_runner_base.cpp:1776] ACL error detail: 507018 ACL_ERROR_RT_AICPU_EXCEPTION - an AICPU task raised an exception; several distinct on-device mechanisms all surface as this one generic code
[mono_ns=7259863667652095][T0xf944b7dfb020][ERROR] sync_stream_pair: [device_runner_base.cpp:1776] ACL error hint: do NOT read this as 'deadlock' or 'OOM' on its own -- it is a generic host-side code. Grep the host log for 'orch_error_code=' / 'sched_error_code=' / 'sub_class=' to get the device-classified reason, and read the device log for the detector that fired. See docs/troubleshooting/device-error-codes.md
[mono_ns=7259863668022796][T0xf944b7dfb020][ERROR] sync_stream_pair: [device_runner_base.cpp:1776] ACL recent error message: EE9999: Inner Error!
EE9999[PID: 3778345] 2026-09-10-15:55:22.022.977 (EE9999):  This device does not support cross-server communication drv devId=2 localServerId=1023err:0x702001d[FUNC:ExportToShareableHandleV2][FILE:api_impl.cc][LINE:7120]
        TraceBack (most recent call last):
       rtMemExportToShareableHandleV2 execution failed, reason=driver error:feature not support[FUNC~
[mono_ns=7259863668436697][T0xf944b7dfb020][ERROR] recover_device_or_mark_unusable: [device_runner.cpp:763] AICore error 507018: bounded device drain failed: 507014 (force reset will follow in finalize)
[mono_ns=7259863668495737][T0xf944b7dfb020][TIMING] emit_host_span: [STRACE] v=1 pid=3778345 tid=3778345 inv=1 hid=16640ce8da8c63f2 depth=1 name=chip.run.runner_run ts=7259807719590878 dur=55948897899 
[mono_ns=7259863668653178][T0xf944b7dfb020][ERROR] validate_runtime_impl: [runtime_maker.cpp:945] simpler runtime failed: orch_error_code=0 sched_error_code=100 runtime_status=-100
[mono_ns=7259863668665788][T0xf944b7dfb020][ERROR] validate_runtime_impl: [runtime_maker.cpp:945] error detail: sched_error_code=100 SCHEDULER_TIMEOUT - the scheduler saw no forward progress within its timeout; the sub_class= line below carries the device-classified reason and locators
[mono_ns=7259863668669478][T0xf944b7dfb020][ERROR] validate_runtime_impl: [runtime_maker.cpp:945] error hint: read the sub_class= line below first, then follow the S1-S5 table in the doc; raise SIMPLER_SCHEDULER_TIMEOUT_MS to tell a true deadlock apart from a merely slow kernel. See docs/troubleshooting/device-error-codes.md
[mono_ns=7259863668673208][T0xf944b7dfb020][ERROR] validate_runtime_impl: [runtime_maker.cpp:951] scheduler timeout sub_class=S1:running-stalled (detail=1) completed=1/3 running=1 ready=0 waiting=1 orch_done=1 stuck_task_id=4294967297 stuck_core=28
[mono_ns=7259863668677048][T0xf944b7dfb020][WARN] validate_runtime_impl: [runtime_maker.cpp:967] Skipping tensor copy-back because execution failed
[mono_ns=7259863668686828][T0xf944b7dfb020][TIMING] emit_host_span: [STRACE] v=1 pid=3778345 tid=3778345 inv=1 hid=16640ce8da8c63f2 depth=1 name=chip.run.validate ts=7259863668505257 dur=177791 
[mono_ns=7259863668694528][T0xf944b7dfb020][TIMING] emit_host_span: [STRACE] v=1 pid=3778345 tid=3778345 inv=1 hid=16640ce8da8c63f2 depth=1 name=chip.run.claim_release ts=7259863668690478 dur=940 
[mono_ns=7259863668705848][T0xf944b7dfb020][TIMING] emit_host_span: [STRACE] v=1 pid=3778345 tid=3778345 inv=1 hid=16640ce8da8c63f2 depth=0 name=chip.run ts=7259807716202999 dur=55952500149 run_id=1 dispatch_id=1 slot_id=0 generation=1 run_epoch=1
[mono_ns=7259863669663190][T0xf9435a82cca0][TIMING] emit_host_span: [STRACE] v=1 pid=3769664 tid=3779138 inv=1 hid=4593762229f59d3d depth=0 name=node.complete ts=7259863669654370 dur=4190 run_id=1 task_slot=2 group_index=0 worker_id=2 dispatch_id=1 endpoint_kind=local_mailbox prepare_only=0 role=worker outcome=1
[mono_ns=7259863669716871][T0xf9435a82cca0][TIMING] emit_host_span: [STRACE] v=1 pid=3769664 tid=3779138 inv=0 hid=0 depth=0 name=node.scheduler_loop ts=7259863669622820 dur=89211 role=scheduler drained=1 dispatched=0 drain_ns=66871 spins=8529
[mono_ns=7259863732540662][T0xf944b7dfb020][ERROR] sync_stream_pair: [device_runner_base.cpp:1775] aclrtSynchronizeStreamWithTimeout (AICPU) failed: 507018
[mono_ns=7259863732563112][T0xf944b7dfb020][ERROR] sync_stream_pair: [device_runner_base.cpp:1776] ACL error detail: 507018 ACL_ERROR_RT_AICPU_EXCEPTION - an AICPU task raised an exception; several distinct on-device mechanisms all surface as this one generic code
[mono_ns=7259863732566322][T0xf944b7dfb020][ERROR] sync_stream_pair: [device_runner_base.cpp:1776] ACL error hint: do NOT read this as 'deadlock' or 'OOM' on its own -- it is a generic host-side code. Grep the host log for 'orch_error_code=' / 'sched_error_code=' / 'sub_class=' to get the device-classified reason, and read the device log for the detector that fired. See docs/troubleshooting/device-error-codes.md
[mono_ns=7259863732997863][T0xf944b7dfb020][ERROR] sync_stream_pair: [device_runner_base.cpp:1776] ACL recent error message: EE9999: Inner Error!
EE9999[PID: 3778366] 2026-09-10-15:55:22.023.149 (EE9999):  This device does not support cross-server communication drv devId=3 localServerId=1023err:0x702001d[FUNC:ExportToShareableHandleV2][FILE:api_impl.cc][LINE:7120]
        TraceBack (most recent call last):
       rtMemExportToShareableHandleV2 execution failed, reason=driver error:feature not support[FUNC~
[mono_ns=7259863733494525][T0xf944b7dfb020][ERROR] recover_device_or_mark_unusable: [device_runner.cpp:763] AICore error 507018: bounded device drain failed: 507014 (force reset will follow in finalize)
[mono_ns=7259863733545575][T0xf944b7dfb020][TIMING] emit_host_span: [STRACE] v=1 pid=3778366 tid=3778366 inv=1 hid=16640ce8da8c63f2 depth=1 name=chip.run.runner_run ts=7259807719395297 dur=56014144258 
[mono_ns=7259863733659375][T0xf944b7dfb020][ERROR] validate_runtime_impl: [runtime_maker.cpp:945] simpler runtime failed: orch_error_code=0 sched_error_code=100 runtime_status=-100
[mono_ns=7259863733669795][T0xf944b7dfb020][ERROR] validate_runtime_impl: [runtime_maker.cpp:945] error detail: sched_error_code=100 SCHEDULER_TIMEOUT - the scheduler saw no forward progress within its timeout; the sub_class= line below carries the device-classified reason and locators
[mono_ns=7259863733673115][T0xf944b7dfb020][ERROR] validate_runtime_impl: [runtime_maker.cpp:945] error hint: read the sub_class= line below first, then follow the S1-S5 table in the doc; raise SIMPLER_SCHEDULER_TIMEOUT_MS to tell a true deadlock apart from a merely slow kernel. See docs/troubleshooting/device-error-codes.md
[mono_ns=7259863733675945][T0xf944b7dfb020][ERROR] validate_runtime_impl: [runtime_maker.cpp:951] scheduler timeout sub_class=S1:running-stalled (detail=1) completed=1/3 running=1 ready=0 waiting=1 orch_done=1 stuck_task_id=4294967297 stuck_core=28
[mono_ns=7259863733679845][T0xf944b7dfb020][WARN] validate_runtime_impl: [runtime_maker.cpp:967] Skipping tensor copy-back because execution failed
[mono_ns=7259863733699935][T0xf944b7dfb020][TIMING] emit_host_span: [STRACE] v=1 pid=3778366 tid=3778366 inv=1 hid=16640ce8da8c63f2 depth=1 name=chip.run.validate ts=7259863733553715 dur=143060 
[mono_ns=7259863733714775][T0xf944b7dfb020][TIMING] emit_host_span: [STRACE] v=1 pid=3778366 tid=3778366 inv=1 hid=16640ce8da8c63f2 depth=1 name=chip.run.claim_release ts=7259863733712165 dur=400 
[mono_ns=7259863733727775][T0xf944b7dfb020][TIMING] emit_host_span: [STRACE] v=1 pid=3778366 tid=3778366 inv=1 hid=16640ce8da8c63f2 depth=0 name=chip.run ts=7259807715833558 dur=56017891967 run_id=1 dispatch_id=1 slot_id=0 generation=1 run_epoch=1
[mono_ns=7259863734709438][T0xf9435a82cca0][TIMING] emit_host_span: [STRACE] v=1 pid=3769664 tid=3779138 inv=1 hid=4593762229f59d3d depth=0 name=node.complete ts=7259863734695748 dur=5590 run_id=1 task_slot=3 group_index=0 worker_id=3 dispatch_id=1 endpoint_kind=local_mailbox prepare_only=0 role=worker outcome=1
[mono_ns=7259863734840018][T0xf9435a82cca0][TIMING] emit_host_span: [STRACE] v=1 pid=3769664 tid=3779138 inv=0 hid=0 depth=0 name=node.scheduler_loop ts=7259863734632438 dur=199760 role=scheduler drained=1 dispatched=0 drain_ns=195410 spins=18040
[mono_ns=7259863735635651][T0xf944b7dfb020][ERROR] sync_stream_pair: [device_runner_base.cpp:1775] aclrtSynchronizeStreamWithTimeout (AICPU) failed: 507018
[mono_ns=7259863735665621][T0xf944b7dfb020][ERROR] sync_stream_pair: [device_runner_base.cpp:1776] ACL error detail: 507018 ACL_ERROR_RT_AICPU_EXCEPTION - an AICPU task raised an exception; several distinct on-device mechanisms all surface as this one generic code
[mono_ns=7259863735669441][T0xf944b7dfb020][ERROR] sync_stream_pair: [device_runner_base.cpp:1776] ACL error hint: do NOT read this as 'deadlock' or 'OOM' on its own -- it is a generic host-side code. Grep the host log for 'orch_error_code=' / 'sched_error_code=' / 'sub_class=' to get the device-classified reason, and read the device log for the detector that fired. See docs/troubleshooting/device-error-codes.md
[mono_ns=7259863736018182][T0xf944b7dfb020][ERROR] sync_stream_pair: [device_runner_base.cpp:1776] ACL recent error message: EE9999: Inner Error!
EE9999[PID: 3778373] 2026-09-10-15:55:22.023.597 (EE9999):  This device does not support cross-server communication drv devId=4 localServerId=1023err:0x702001d[FUNC:ExportToShareableHandleV2][FILE:api_impl.cc][LINE:7120]
        TraceBack (most recent call last):
       rtMemExportToShareableHandleV2 execution failed, reason=driver error:feature not support[FUNC~
[mono_ns=7259863736432423][T0xf944b7dfb020][ERROR] recover_device_or_mark_unusable: [device_runner.cpp:763] AICore error 507018: bounded device drain failed: 507014 (force reset will follow in finalize)
[mono_ns=7259863736484783][T0xf944b7dfb020][TIMING] emit_host_span: [STRACE] v=1 pid=3778373 tid=3778373 inv=1 hid=16640ce8da8c63f2 depth=1 name=chip.run.runner_run ts=7259807720945541 dur=56015531772 
[mono_ns=7259863736586233][T0xf944b7dfb020][ERROR] validate_runtime_impl: [runtime_maker.cpp:945] simpler runtime failed: orch_error_code=0 sched_error_code=100 runtime_status=-100
[mono_ns=7259863736598113][T0xf944b7dfb020][ERROR] validate_runtime_impl: [runtime_maker.cpp:945] error detail: sched_error_code=100 SCHEDULER_TIMEOUT - the scheduler saw no forward progress within its timeout; the sub_class= line below carries the device-classified reason and locators
[mono_ns=7259863736601973][T0xf944b7dfb020][ERROR] validate_runtime_impl: [runtime_maker.cpp:945] error hint: read the sub_class= line below first, then follow the S1-S5 table in the doc; raise SIMPLER_SCHEDULER_TIMEOUT_MS to tell a true deadlock apart from a merely slow kernel. See docs/troubleshooting/device-error-codes.md
[mono_ns=7259863736605063][T0xf944b7dfb020][ERROR] validate_runtime_impl: [runtime_maker.cpp:951] scheduler timeout sub_class=S1:running-stalled (detail=1) completed=1/3 running=1 ready=0 waiting=1 orch_done=1 stuck_task_id=4294967297 stuck_core=24
[mono_ns=7259863736609244][T0xf944b7dfb020][WARN] validate_runtime_impl: [runtime_maker.cpp:967] Skipping tensor copy-back because execution failed
[mono_ns=7259863736617374][T0xf944b7dfb020][TIMING] emit_host_span: [STRACE] v=1 pid=3778373 tid=3778373 inv=1 hid=16640ce8da8c63f2 depth=1 name=chip.run.validate ts=7259863736492733 dur=121291 
[mono_ns=7259863736623834][T0xf944b7dfb020][TIMING] emit_host_span: [STRACE] v=1 pid=3778373 tid=3778373 inv=1 hid=16640ce8da8c63f2 depth=1 name=chip.run.claim_release ts=7259863736620904 dur=930 
[mono_ns=7259863736633664][T0xf944b7dfb020][TIMING] emit_host_span: [STRACE] v=1 pid=3778373 tid=3778373 inv=1 hid=16640ce8da8c63f2 depth=0 name=chip.run ts=7259807716009078 dur=56020622396 run_id=1 dispatch_id=1 slot_id=0 generation=1 run_epoch=1
[mono_ns=7259863737538276][T0xf9435a82cca0][TIMING] emit_host_span: [STRACE] v=1 pid=3769664 tid=3779138 inv=1 hid=4593762229f59d3d depth=0 name=node.complete ts=7259863737532126 dur=2350 run_id=1 task_slot=4 group_index=0 worker_id=4 dispatch_id=1 endpoint_kind=local_mailbox prepare_only=0 role=worker outcome=1
[mono_ns=7259863737643806][T0xf9435a82cca0][TIMING] emit_host_span: [STRACE] v=1 pid=3769664 tid=3779138 inv=0 hid=0 depth=0 name=node.scheduler_loop ts=7259863737506566 dur=132850 role=scheduler drained=1 dispatched=0 drain_ns=120490 spins=768
[mono_ns=7259863786473897][T0xf944b7dfb020][ERROR] sync_stream_pair: [device_runner_base.cpp:1775] aclrtSynchronizeStreamWithTimeout (AICPU) failed: 507018
[mono_ns=7259863786519147][T0xf944b7dfb020][ERROR] sync_stream_pair: [device_runner_base.cpp:1776] ACL error detail: 507018 ACL_ERROR_RT_AICPU_EXCEPTION - an AICPU task raised an exception; several distinct on-device mechanisms all surface as this one generic code
[mono_ns=7259863786523377][T0xf944b7dfb020][ERROR] sync_stream_pair: [device_runner_base.cpp:1776] ACL error hint: do NOT read this as 'deadlock' or 'OOM' on its own -- it is a generic host-side code. Grep the host log for 'orch_error_code=' / 'sched_error_code=' / 'sub_class=' to get the device-classified reason, and read the device log for the detector that fired. See docs/troubleshooting/device-error-codes.md
[mono_ns=7259863787097209][T0xf944b7dfb020][ERROR] sync_stream_pair: [device_runner_base.cpp:1776] ACL recent error message: EE9999: Inner Error!
EE9999[PID: 3778381] 2026-09-10-15:55:22.023.550 (EE9999):  This device does not support cross-server communication drv devId=5 localServerId=1023err:0x702001d[FUNC:ExportToShareableHandleV2][FILE:api_impl.cc][LINE:7120]
        TraceBack (most recent call last):
       rtMemExportToShareableHandleV2 execution failed, reason=driver error:feature not support[FUNC~
[mono_ns=7259863787499450][T0xf944b7dfb020][ERROR] recover_device_or_mark_unusable: [device_runner.cpp:763] AICore error 507018: bounded device drain failed: 507014 (force reset will follow in finalize)
[mono_ns=7259863787523400][T0xf944b7dfb020][TIMING] emit_host_span: [STRACE] v=1 pid=3778381 tid=3778381 inv=1 hid=16640ce8da8c63f2 depth=1 name=chip.run.runner_run ts=7259807720403740 dur=56067113340 
[mono_ns=7259863787601951][T0xf944b7dfb020][ERROR] validate_runtime_impl: [runtime_maker.cpp:945] simpler runtime failed: orch_error_code=0 sched_error_code=100 runtime_status=-100
[mono_ns=7259863787611331][T0xf944b7dfb020][ERROR] validate_runtime_impl: [runtime_maker.cpp:945] error detail: sched_error_code=100 SCHEDULER_TIMEOUT - the scheduler saw no forward progress within its timeout; the sub_class= line below carries the device-classified reason and locators
[mono_ns=7259863787614721][T0xf944b7dfb020][ERROR] validate_runtime_impl: [runtime_maker.cpp:945] error hint: read the sub_class= line below first, then follow the S1-S5 table in the doc; raise SIMPLER_SCHEDULER_TIMEOUT_MS to tell a true deadlock apart from a merely slow kernel. See docs/troubleshooting/device-error-codes.md
[mono_ns=7259863787617531][T0xf944b7dfb020][ERROR] validate_runtime_impl: [runtime_maker.cpp:951] scheduler timeout sub_class=S1:running-stalled (detail=1) completed=1/3 running=1 ready=0 waiting=1 orch_done=1 stuck_task_id=4294967297 stuck_core=24
[mono_ns=7259863787621961][T0xf944b7dfb020][WARN] validate_runtime_impl: [runtime_maker.cpp:967] Skipping tensor copy-back because execution failed
[mono_ns=7259863787639521][T0xf944b7dfb020][TIMING] emit_host_span: [STRACE] v=1 pid=3778381 tid=3778381 inv=1 hid=16640ce8da8c63f2 depth=1 name=chip.run.validate ts=7259863787531020 dur=104841 
[mono_ns=7259863787649561][T0xf944b7dfb020][TIMING] emit_host_span: [STRACE] v=1 pid=3778381 tid=3778381 inv=1 hid=16640ce8da8c63f2 depth=1 name=chip.run.claim_release ts=7259863787646531 dur=910 
[mono_ns=7259863787659331][T0xf944b7dfb020][TIMING] emit_host_span: [STRACE] v=1 pid=3778381 tid=3778381 inv=1 hid=16640ce8da8c63f2 depth=0 name=chip.run ts=7259807715988288 dur=56071668783 run_id=1 dispatch_id=1 slot_id=0 generation=1 run_epoch=1
[mono_ns=7259863788679104][T0xf9435a82cca0][TIMING] emit_host_span: [STRACE] v=1 pid=3769664 tid=3779138 inv=1 hid=4593762229f59d3d depth=0 name=node.complete ts=7259863788661014 dur=13250 run_id=1 task_slot=5 group_index=0 worker_id=5 dispatch_id=1 endpoint_kind=local_mailbox prepare_only=0 role=worker outcome=1
[mono_ns=7259863788729494][T0xf9435a82cca0][TIMING] emit_host_span: [STRACE] v=1 pid=3769664 tid=3779138 inv=0 hid=0 depth=0 name=node.scheduler_loop ts=7259863788622153 dur=102831 role=scheduler drained=1 dispatched=0 drain_ns=99741 spins=14483
[mono_ns=7259863841053505][T0xf944b7dfb020][ERROR] sync_stream_pair: [device_runner_base.cpp:1775] aclrtSynchronizeStreamWithTimeout (AICPU) failed: 507018
[mono_ns=7259863841100675][T0xf944b7dfb020][ERROR] sync_stream_pair: [device_runner_base.cpp:1776] ACL error detail: 507018 ACL_ERROR_RT_AICPU_EXCEPTION - an AICPU task raised an exception; several distinct on-device mechanisms all surface as this one generic code
[mono_ns=7259863841104055][T0xf944b7dfb020][ERROR] sync_stream_pair: [device_runner_base.cpp:1776] ACL error hint: do NOT read this as 'deadlock' or 'OOM' on its own -- it is a generic host-side code. Grep the host log for 'orch_error_code=' / 'sched_error_code=' / 'sub_class=' to get the device-classified reason, and read the device log for the detector that fired. See docs/troubleshooting/device-error-codes.md
[mono_ns=7259863841734377][T0xf944b7dfb020][ERROR] sync_stream_pair: [device_runner_base.cpp:1776] ACL recent error message: EE9999: Inner Error!
EE9999[PID: 3778417] 2026-09-10-15:55:22.024.208 (EE9999):  This device does not support cross-server communication drv devId=7 localServerId=1023err:0x702001d[FUNC:ExportToShareableHandleV2][FILE:api_impl.cc][LINE:7120]
        TraceBack (most recent call last):
       rtMemExportToShareableHandleV2 execution failed, reason=driver error:feature not support[FUNC~
[mono_ns=7259863842197098][T0xf944b7dfb020][ERROR] recover_device_or_mark_unusable: [device_runner.cpp:763] AICore error 507018: bounded device drain failed: 507014 (force reset will follow in finalize)
[mono_ns=7259863842250388][T0xf944b7dfb020][TIMING] emit_host_span: [STRACE] v=1 pid=3778417 tid=3778417 inv=1 hid=16640ce8da8c63f2 depth=1 name=chip.run.runner_run ts=7259807721952764 dur=56120291714 
[mono_ns=7259863842376788][T0xf944b7dfb020][ERROR] validate_runtime_impl: [runtime_maker.cpp:945] simpler runtime failed: orch_error_code=0 sched_error_code=100 runtime_status=-100
[mono_ns=7259863842386568][T0xf944b7dfb020][ERROR] validate_runtime_impl: [runtime_maker.cpp:945] error detail: sched_error_code=100 SCHEDULER_TIMEOUT - the scheduler saw no forward progress within its timeout; the sub_class= line below carries the device-classified reason and locators
[mono_ns=7259863842389548][T0xf944b7dfb020][ERROR] validate_runtime_impl: [runtime_maker.cpp:945] error hint: read the sub_class= line below first, then follow the S1-S5 table in the doc; raise SIMPLER_SCHEDULER_TIMEOUT_MS to tell a true deadlock apart from a merely slow kernel. See docs/troubleshooting/device-error-codes.md
[mono_ns=7259863842392098][T0xf944b7dfb020][ERROR] validate_runtime_impl: [runtime_maker.cpp:951] scheduler timeout sub_class=S1:running-stalled (detail=1) completed=1/3 running=1 ready=0 waiting=1 orch_done=1 stuck_task_id=4294967297 stuck_core=24
[mono_ns=7259863842395738][T0xf944b7dfb020][WARN] validate_runtime_impl: [runtime_maker.cpp:967] Skipping tensor copy-back because execution failed
[mono_ns=7259863842416079][T0xf944b7dfb020][TIMING] emit_host_span: [STRACE] v=1 pid=3778417 tid=3778417 inv=1 hid=16640ce8da8c63f2 depth=1 name=chip.run.validate ts=7259863842258008 dur=154691 
[mono_ns=7259863842425579][T0xf944b7dfb020][TIMING] emit_host_span: [STRACE] v=1 pid=3778417 tid=3778417 inv=1 hid=16640ce8da8c63f2 depth=1 name=chip.run.claim_release ts=7259863842423259 dur=320 
[mono_ns=7259863842432599][T0xf944b7dfb020][TIMING] emit_host_span: [STRACE] v=1 pid=3778417 tid=3778417 inv=1 hid=16640ce8da8c63f2 depth=0 name=chip.run ts=7259807718370174 dur=56124060265 run_id=1 dispatch_id=1 slot_id=0 generation=1 run_epoch=1
[mono_ns=7259863843594812][T0xf9435a82cca0][TIMING] emit_host_span: [STRACE] v=1 pid=3769664 tid=3779138 inv=1 hid=4593762229f59d3d depth=0 name=node.complete ts=7259863843587472 dur=3240 run_id=1 task_slot=7 group_index=0 worker_id=7 dispatch_id=1 endpoint_kind=local_mailbox prepare_only=0 role=worker outcome=1
[mono_ns=7259863843671122][T0xf9435a82cca0][TIMING] emit_host_span: [STRACE] v=1 pid=3769664 tid=3779138 inv=0 hid=0 depth=0 name=node.scheduler_loop ts=7259863843562282 dur=103250 role=scheduler drained=1 dispatched=0 drain_ns=90340 spins=15558
[mono_ns=7259863847752384][T0xf944b7dfb020][ERROR] sync_stream_pair: [device_runner_base.cpp:1775] aclrtSynchronizeStreamWithTimeout (AICPU) failed: 507018
[mono_ns=7259863847773944][T0xf944b7dfb020][ERROR] sync_stream_pair: [device_runner_base.cpp:1776] ACL error detail: 507018 ACL_ERROR_RT_AICPU_EXCEPTION - an AICPU task raised an exception; several distinct on-device mechanisms all surface as this one generic code
[mono_ns=7259863847777424][T0xf944b7dfb020][ERROR] sync_stream_pair: [device_runner_base.cpp:1776] ACL error hint: do NOT read this as 'deadlock' or 'OOM' on its own -- it is a generic host-side code. Grep the host log for 'orch_error_code=' / 'sched_error_code=' / 'sub_class=' to get the device-classified reason, and read the device log for the detector that fired. See docs/troubleshooting/device-error-codes.md
[mono_ns=7259863848207005][T0xf944b7dfb020][ERROR] sync_stream_pair: [device_runner_base.cpp:1776] ACL recent error message: EE9999: Inner Error!
EE9999[PID: 3778399] 2026-09-10-15:55:22.023.949 (EE9999):  This device does not support cross-server communication drv devId=6 localServerId=1023err:0x702001d[FUNC:ExportToShareableHandleV2][FILE:api_impl.cc][LINE:7120]
        TraceBack (most recent call last):
       rtMemExportToShareableHandleV2 execution failed, reason=driver error:feature not support[FUNC~
[mono_ns=7259863848651567][T0xf944b7dfb020][ERROR] recover_device_or_mark_unusable: [device_runner.cpp:763] AICore error 507018: bounded device drain failed: 507014 (force reset will follow in finalize)
[mono_ns=7259863848701947][T0xf944b7dfb020][TIMING] emit_host_span: [STRACE] v=1 pid=3778399 tid=3778399 inv=1 hid=16640ce8da8c63f2 depth=1 name=chip.run.runner_run ts=7259807721756243 dur=56126939774 
[mono_ns=7259863848820227][T0xf944b7dfb020][ERROR] validate_runtime_impl: [runtime_maker.cpp:945] simpler runtime failed: orch_error_code=0 sched_error_code=100 runtime_status=-100
[mono_ns=7259863848830707][T0xf944b7dfb020][ERROR] validate_runtime_impl: [runtime_maker.cpp:945] error detail: sched_error_code=100 SCHEDULER_TIMEOUT - the scheduler saw no forward progress within its timeout; the sub_class= line below carries the device-classified reason and locators
[mono_ns=7259863848834427][T0xf944b7dfb020][ERROR] validate_runtime_impl: [runtime_maker.cpp:945] error hint: read the sub_class= line below first, then follow the S1-S5 table in the doc; raise SIMPLER_SCHEDULER_TIMEOUT_MS to tell a true deadlock apart from a merely slow kernel. See docs/troubleshooting/device-error-codes.md
[mono_ns=7259863848837837][T0xf944b7dfb020][ERROR] validate_runtime_impl: [runtime_maker.cpp:951] scheduler timeout sub_class=S1:running-stalled (detail=1) completed=1/3 running=1 ready=0 waiting=1 orch_done=1 stuck_task_id=4294967297 stuck_core=28
[mono_ns=7259863848841667][T0xf944b7dfb020][WARN] validate_runtime_impl: [runtime_maker.cpp:967] Skipping tensor copy-back because execution failed
[mono_ns=7259863848862427][T0xf944b7dfb020][TIMING] emit_host_span: [STRACE] v=1 pid=3778399 tid=3778399 inv=1 hid=16640ce8da8c63f2 depth=1 name=chip.run.validate ts=7259863848710287 dur=148840 
[mono_ns=7259863848875547][T0xf944b7dfb020][TIMING] emit_host_span: [STRACE] v=1 pid=3778399 tid=3778399 inv=1 hid=16640ce8da8c63f2 depth=1 name=chip.run.claim_release ts=7259863848872717 dur=610 
[mono_ns=7259863848883327][T0xf944b7dfb020][TIMING] emit_host_span: [STRACE] v=1 pid=3778399 tid=3778399 inv=1 hid=16640ce8da8c63f2 depth=0 name=chip.run ts=7259807716676180 dur=56132204947 run_id=1 dispatch_id=1 slot_id=0 generation=1 run_epoch=1
[mono_ns=7259863849884670][T0xf9435a82cca0][TIMING] emit_host_span: [STRACE] v=1 pid=3769664 tid=3779138 inv=1 hid=4593762229f59d3d depth=0 name=node.complete ts=7259863849878330 dur=2290 run_id=1 task_slot=6 group_index=0 worker_id=6 dispatch_id=1 endpoint_kind=local_mailbox prepare_only=0 role=worker outcome=1
[mono_ns=7259863849940930][T0xf9435a82cca0][TIMING] emit_host_span: [STRACE] v=1 pid=3769664 tid=3779138 inv=0 hid=0 depth=0 name=node.scheduler_loop ts=7259863849857670 dur=78900 role=scheduler drained=1 dispatched=0 drain_ns=78650 spins=1762
[mono_ns=7259863852706238][T0xf944b7dfb020][TIMING] emit_host_span: [STRACE] v=1 pid=3769664 tid=3769664 inv=1 hid=0 depth=0 name=node.post_fence_retirement ts=7259863849910150 dur=2784188 run_id=1 slot_id=0 generation=1 role=facade
[mono_ns=7259864257665876][T0xf944b7dfb020][ERROR] destroy_comm_stream: [device_runner.cpp:199] aclrtSynchronizeStream during stream teardown failed: 507901
[mono_ns=7259865833833557][T0xf944b7dfb020][WARN] force_reset_device: [device_runner.cpp:923] force_reset_device: aclrtResetDeviceForce(1) established a usable device generation (probe confirmed)
[mono_ns=7259866023343636][T0xf944b7dfb020][WARN] finalize_common_impl: [device_runner_base.cpp:1426] Fatal teardown: force reset/quarantine finished; skipping per-resource RTS destroy/free calls
[mono_ns=7259866023590826][T0xf944b7dfb020][WARN] finalize_common_impl: [device_runner_base.cpp:1571] Fatal teardown: host-side ownership cleared without further device calls
[mono_ns=7259866112285603][T0xf944b7dfb020][WARN] force_reset_device: [device_runner.cpp:923] force_reset_device: aclrtResetDeviceForce(2) established a usable device generation (probe confirmed)
[mono_ns=7259866115382582][T0xf944b7dfb020][WARN] force_reset_device: [device_runner.cpp:923] force_reset_device: aclrtResetDeviceForce(0) established a usable device generation (probe confirmed)
[mono_ns=7259866184509732][T0xf944b7dfb020][WARN] force_reset_device: [device_runner.cpp:923] force_reset_device: aclrtResetDeviceForce(6) established a usable device generation (probe confirmed)
[mono_ns=7259866185781005][T0xf944b7dfb020][WARN] force_reset_device: [device_runner.cpp:923] force_reset_device: aclrtResetDeviceForce(4) established a usable device generation (probe confirmed)
[mono_ns=7259866238128027][T0xf944b7dfb020][WARN] force_reset_device: [device_runner.cpp:923] force_reset_device: aclrtResetDeviceForce(3) established a usable device generation (probe confirmed)
[mono_ns=7259866305053610][T0xf944b7dfb020][WARN] force_reset_device: [device_runner.cpp:923] force_reset_device: aclrtResetDeviceForce(5) established a usable device generation (probe confirmed)
[mono_ns=7259866397629808][T0xf944b7dfb020][WARN] finalize_common_impl: [device_runner_base.cpp:1426] Fatal teardown: force reset/quarantine finished; skipping per-resource RTS destroy/free calls
[mono_ns=7259866397900199][T0xf944b7dfb020][WARN] finalize_common_impl: [device_runner_base.cpp:1571] Fatal teardown: host-side ownership cleared without further device calls
[mono_ns=7259866410175354][T0xf944b7dfb020][WARN] finalize_common_impl: [device_runner_base.cpp:1426] Fatal teardown: force reset/quarantine finished; skipping per-resource RTS destroy/free calls
[mono_ns=7259866410502275][T0xf944b7dfb020][WARN] finalize_common_impl: [device_runner_base.cpp:1571] Fatal teardown: host-side ownership cleared without further device calls
[mono_ns=7259866427602705][T0xf944b7dfb020][WARN] finalize_common_impl: [device_runner_base.cpp:1426] Fatal teardown: force reset/quarantine finished; skipping per-resource RTS destroy/free calls
[mono_ns=7259866427875826][T0xf944b7dfb020][WARN] finalize_common_impl: [device_runner_base.cpp:1571] Fatal teardown: host-side ownership cleared without further device calls
[mono_ns=7259866446308649][T0xf944b7dfb020][WARN] force_reset_device: [device_runner.cpp:923] force_reset_device: aclrtResetDeviceForce(7) established a usable device generation (probe confirmed)
[mono_ns=7259866502886983][T0xf944b7dfb020][WARN] finalize_common_impl: [device_runner_base.cpp:1426] Fatal teardown: force reset/quarantine finished; skipping per-resource RTS destroy/free calls
[mono_ns=7259866503243354][T0xf944b7dfb020][WARN] finalize_common_impl: [device_runner_base.cpp:1571] Fatal teardown: host-side ownership cleared without further device calls
[mono_ns=7259866540680992][T0xf944b7dfb020][WARN] finalize_common_impl: [device_runner_base.cpp:1426] Fatal teardown: force reset/quarantine finished; skipping per-resource RTS destroy/free calls
[mono_ns=7259866541048793][T0xf944b7dfb020][WARN] finalize_common_impl: [device_runner_base.cpp:1571] Fatal teardown: host-side ownership cleared without further device calls
[mono_ns=7259866606935314][T0xf944b7dfb020][WARN] finalize_common_impl: [device_runner_base.cpp:1426] Fatal teardown: force reset/quarantine finished; skipping per-resource RTS destroy/free calls
[mono_ns=7259866607283505][T0xf944b7dfb020][WARN] finalize_common_impl: [device_runner_base.cpp:1571] Fatal teardown: host-side ownership cleared without further device calls
[mono_ns=7259866756611318][T0xf944b7dfb020][WARN] finalize_common_impl: [device_runner_base.cpp:1426] Fatal teardown: force reset/quarantine finished; skipping per-resource RTS destroy/free calls
[mono_ns=7259866756858198][T0xf944b7dfb020][WARN] finalize_common_impl: [device_runner_base.cpp:1571] Fatal teardown: host-side ownership cleared without further device calls
[mono_ns=7259866768709913][T0xf944b7dfb020][WARN] finalize: [device_runner.cpp:1062] DeviceRunner finalized after fatal device failure
[mono_ns=7259866778148790][T0xf944b7dfb020][WARN] finalize: [device_runner.cpp:1062] DeviceRunner finalized after fatal device failure
[mono_ns=7259866904369416][T0xf944b7dfb020][WARN] finalize: [device_runner.cpp:1062] DeviceRunner finalized after fatal device failure
[mono_ns=7259867075288161][T0xf944b7dfb020][WARN] finalize: [device_runner.cpp:1062] DeviceRunner finalized after fatal device failure
[mono_ns=7259867422973128][T0xf944b7dfb020][WARN] finalize: [device_runner.cpp:1062] DeviceRunner finalized after fatal device failure
[mono_ns=7259867457500808][T0xf944b7dfb020][WARN] finalize: [device_runner.cpp:1062] DeviceRunner finalized after fatal device failure
[mono_ns=7259867525920436][T0xf944b7dfb020][WARN] finalize: [device_runner.cpp:1062] DeviceRunner finalized after fatal device failure
[mono_ns=7259867706841201][T0xf944b7dfb020][WARN] finalize: [device_runner.cpp:1062] DeviceRunner finalized after fatal device failure
Traceback (most recent call last):
  File "/opt/pypto-profiling/collectives/a1_alltoallv/harness/all_to_all_v_benchmark.py", line 980, in _timed_session
    runtime.run(compiled, inputs, send_counts, outputs, recv_out, config=run_config)
  File "/opt/pypto/python/pypto/runtime/distributed_runner.py", line 3113, in run
    return self.submit(compiled, *args, config=config).result()
  File "/opt/pypto/python/pypto/runtime/distributed_runner.py", line 234, in result
    raise error
  File "/opt/pypto/python/pypto/runtime/distributed_runner.py", line 197, in result
    native_handle.result(timeout=remaining)
  File "/opt/pypto/runtime/python/simpler/worker.py", line 4401, in result
    self.wait(timeout)
  File "/opt/pypto/runtime/python/simpler/worker.py", line 4392, in wait
    raise published_error
  File "/opt/pypto/runtime/python/simpler/worker.py", line 4346, in wait
    completed = self._worker._wait_run_handle(run_id, remaining)
  File "/opt/pypto/runtime/python/simpler/worker.py", line 11580, in _wait_run_handle
    self._orch._wait_run(run_id)
  File "/opt/pypto/runtime/python/simpler/orchestrator.py", line 840, in _wait_run
    self._o._wait_run(run_id)
RuntimeError: LocalMailboxEndpoint child failed (worker_id=1, code=1): chip_process dev=1: chip run: RuntimeError: chip run lane is poisoned: finalize_native_run failed with code 507901 (run_id=1 slot=0 generation=1 dispatch_id=1 run_epoch=1)

During handling of the above exception, another exception occurred:

Traceback (most recent call last):
  File "/opt/pypto-profiling/collectives/a1_alltoallv/harness/all_to_all_v_benchmark.py", line 1202, in <module>
    raise SystemExit(main())
  File "/opt/pypto-profiling/collectives/a1_alltoallv/harness/all_to_all_v_benchmark.py", line 1191, in main
    doc = run_benchmark(args, shape)
  File "/opt/pypto-profiling/collectives/a1_alltoallv/harness/all_to_all_v_benchmark.py", line 1049, in run_benchmark
    host_slots, slot_rank = _timed_session(
  File "/opt/pypto-profiling/collectives/a1_alltoallv/harness/all_to_all_v_benchmark.py", line 975, in _timed_session
    with compiled.prepare(
  File "/opt/pypto/python/pypto/runtime/distributed_runner.py", line 3057, in __exit__
    self.close()
  File "/opt/pypto/python/pypto/runtime/distributed_runner.py", line 3048, in close
    raise first_error
  File "/opt/pypto/python/pypto/runtime/distributed_runner.py", line 3034, in close
    self._w.close()
  File "/opt/pypto/runtime/python/simpler/worker.py", line 12134, in close
    raise result
  File "/opt/pypto/runtime/python/simpler/worker.py", line 12056, in close
    self._teardown_ready_tree()
  File "/opt/pypto/runtime/python/simpler/worker.py", line 12469, in _teardown_ready_tree
    self._teardown_worker_tree(startup_abort=False)
  File "/opt/pypto/runtime/python/simpler/worker.py", line 12352, in _teardown_worker_tree
    raise journal_err
  File "/opt/pypto/runtime/python/simpler/worker.py", line 3882, in drive
    cleanup_fn()
  File "/opt/pypto/runtime/python/simpler/worker.py", line 10252, in _release_all_live_domains
    _raise_first(_release, list(live_domains.values())[::-1])
  File "/opt/pypto/runtime/python/simpler/worker.py", line 1107, in _raise_first
    raise first_error
  File "/opt/pypto/runtime/python/simpler/worker.py", line 1102, in _raise_first
    step(item)
  File "/opt/pypto/runtime/python/simpler/worker.py", line 10247, in _release
    self._release_domain_now(handle)
  File "/opt/pypto/runtime/python/simpler/worker.py", line 9248, in _release_domain_now
    raise result.error
  File "/opt/pypto/runtime/python/simpler/worker.py", line 1339, in invoke
    result.value = operation()
  File "/opt/pypto/runtime/python/simpler/worker.py", line 9232, in release_claim
    self._release_domain_claimed(handle)
  File "/opt/pypto/runtime/python/simpler/worker.py", line 9293, in _release_domain_claimed
    _run_with_owned_shared_memory(
  File "/opt/pypto/runtime/python/simpler/worker.py", line 1643, in _run_with_owned_shared_memory
    raise result.error
  File "/opt/pypto/runtime/python/simpler/worker.py", line 1339, in invoke
    result.value = operation()
  File "/opt/pypto/runtime/python/simpler/worker.py", line 1636, in run_lifecycle
    raise operation_error
  File "/opt/pypto/runtime/python/simpler/worker.py", line 1623, in run_lifecycle
    value = operation(owner)
  File "/opt/pypto/runtime/python/simpler/worker.py", line 9281, in release
    self._dispatch_control_domain(
  File "/opt/pypto/runtime/python/simpler/worker.py", line 9334, in _dispatch_control_domain
    raise RuntimeError(
RuntimeError: release_domain(allocation_id=0) failed on 8/8 chips; first error chip=6: control_release_domain: child process pid=3778399 exited before mailbox completion (exit_status=0)
/usr/lib/python3.10/multiprocessing/resource_tracker.py:224: UserWarning: resource_tracker: There appear to be 8 leaked shared_memory objects to clean up at shutdown
  warnings.warn('resource_tracker: There appear to be %d '

