cmd=/opt/ptoas-bin/bin/python3 /opt/pypto-profiling/collectives/a1_alltoallv/harness/all_to_all_v_benchmark.py --ep 8 --peer-bytes 65536 --count-pattern uniform --core-num 1 --impl managed-l2 --rounds 100 --warmup 5 --profile both --swimlane-rounds 8 --platform a2a3 --devices 0,1,2,3,4,5,6,7 --output-json /opt/pypto-profiling/reports/issue-2521-a1-alltoallv-ep8-gapfill-2026-09-10/json/p8_managed-l2_uniform_65536.json --output-dir /opt/pypto-profiling/reports/issue-2521-a1-alltoallv-ep8-gapfill-2026-09-10/builds/p8_managed-l2_uniform_65536
rc=-11
----- stdout -----
[a2av-bench] session=timing-slot enter warmup=5 rounds=100

----- stderr -----
[mono_ns=7253118675137554][T0xfae1698cb020][TIMING] clock_anchor: [CLOCK_ANCHOR] v=1 pid=2091874 mono_ns=7253118675136904 wall_ns=1789049033147716550
[mono_ns=7253118712013274][T0xfae1698cb020][TIMING] clock_anchor: [CLOCK_ANCHOR] v=1 pid=2091901 mono_ns=7253118712012444 wall_ns=1789049033184592260
[mono_ns=7253118758287949][T0xfae1698cb020][TIMING] clock_anchor: [CLOCK_ANCHOR] v=1 pid=2091936 mono_ns=7253118758287519 wall_ns=1789049033230867155
[mono_ns=7253118806668184][T0xfae1698cb020][TIMING] clock_anchor: [CLOCK_ANCHOR] v=1 pid=2091970 mono_ns=7253118806667644 wall_ns=1789049033279247380
[mono_ns=7253118829566713][T0xfae1698cb020][TIMING] clock_anchor: [CLOCK_ANCHOR] v=1 pid=2091986 mono_ns=7253118829566273 wall_ns=1789049033302145919
[mono_ns=7253118846601391][T0xfae1698cb020][TIMING] clock_anchor: [CLOCK_ANCHOR] v=1 pid=2092001 mono_ns=7253118846600451 wall_ns=1789049033319180457
[mono_ns=7253118863928855][T0xfae1698cb020][TIMING] clock_anchor: [CLOCK_ANCHOR] v=1 pid=2092017 mono_ns=7253118863928465 wall_ns=1789049033336508231
[mono_ns=7253118880693219][T0xfae1698cb020][TIMING] clock_anchor: [CLOCK_ANCHOR] v=1 pid=2092032 mono_ns=7253118880692889 wall_ns=1789049033353272605
[mono_ns=7253119806349795][T0xfae1698cb020][TIMING] emit_host_span: [STRACE] v=1 pid=2091874 tid=2091874 inv=0 hid=0 depth=0 name=chip.prewarm.build ts=7253119723910065 dur=82419009 
[chip_process pid=2091874 dev=0] ready
[mono_ns=7253119896066001][T0xfae1698cb020][TIMING] emit_host_span: [STRACE] v=1 pid=2091936 tid=2091936 inv=0 hid=0 depth=0 name=chip.prewarm.build ts=7253119809418432 dur=86633518 
[chip_process pid=2091936 dev=2] ready
[mono_ns=7253119938632936][T0xfae1698cb020][TIMING] emit_host_span: [STRACE] v=1 pid=2091970 tid=2091970 inv=0 hid=0 depth=0 name=chip.prewarm.build ts=7253119857478160 dur=81141955 
[chip_process pid=2091970 dev=3] ready
[mono_ns=7253119974456875][T0xfae1698cb020][TIMING] emit_host_span: [STRACE] v=1 pid=2092001 tid=2092001 inv=0 hid=0 depth=0 name=chip.prewarm.build ts=7253119887518781 dur=86918783 
[chip_process pid=2092001 dev=5] ready
[mono_ns=7253119981988006][T0xfae1698cb020][TIMING] emit_host_span: [STRACE] v=1 pid=2092032 tid=2092032 inv=0 hid=0 depth=0 name=chip.prewarm.build ts=7253119894210436 dur=87757089 
[mono_ns=7253119983013535][T0xfae1698cb020][TIMING] emit_host_span: [STRACE] v=1 pid=2092017 tid=2092017 inv=0 hid=0 depth=0 name=chip.prewarm.build ts=7253119912153641 dur=70833963 
[mono_ns=7253119983399312][T0xfae1698cb020][TIMING] emit_host_span: [STRACE] v=1 pid=2091986 tid=2091986 inv=0 hid=0 depth=0 name=chip.prewarm.build ts=7253119899773200 dur=83604041 
[chip_process pid=2092032 dev=7] ready
[chip_process pid=2092017 dev=6] ready
[chip_process pid=2091986 dev=4] ready
[mono_ns=7253126958407628][T0xfae1698cb020][TIMING] emit_host_span: [STRACE] v=1 pid=2091901 tid=2091901 inv=0 hid=0 depth=0 name=chip.prewarm.build ts=7253126915840589 dur=42549518 
[chip_process pid=2091901 dev=1] ready
[mono_ns=7253126966618470][T0xfae1698cb020][TIMING] clock_anchor: [CLOCK_ANCHOR] v=1 pid=2087192 mono_ns=7253126966617540 wall_ns=1789049041439197716
[mono_ns=7253127981689177][T0xfae1698cb020][TIMING] emit_host_span: [STRACE] v=1 pid=2087192 tid=2087192 inv=1 hid=dfdfaa4fc739274 depth=0 name=node.submit ts=7253127981650246 dur=27871 run_id=1 task_slot=0 group_index=0 group_size=1 worker_id=0 role=facade
[mono_ns=7253127981763258][T0xfae00c62cca0][TIMING] emit_host_span: [STRACE] v=1 pid=2087192 tid=2096201 inv=1 hid=dfdfaa4fc739274 depth=0 name=node.frame_submit ts=7253127981732888 dur=18690 run_id=1 task_slot=0 group_index=0 worker_id=0 dispatch_id=1 endpoint_kind=local_mailbox prepare_only=0 role=worker
[mono_ns=7253127981779508][T0xfae00c62cca0][TIMING] emit_host_span: [STRACE] v=1 pid=2087192 tid=2096201 inv=1 hid=dfdfaa4fc739274 depth=0 name=node.dispatch ts=7253127981719517 dur=51421 run_id=1 task_slot=0 group_index=0 worker_id=0 dispatch_id=1 endpoint_kind=local_mailbox prepare_only=0 role=scheduler slot_id=0 generation=1
[mono_ns=7253127981795109][T0xfae00c62cca0][TIMING] emit_host_span: [STRACE] v=1 pid=2087192 tid=2096201 inv=0 hid=0 depth=0 name=node.scheduler_loop ts=7253127981697187 dur=91102 role=scheduler drained=0 dispatched=1 drain_ns=8100 spins=2
[mono_ns=7253127982053033][T0xfae1698cb020][TIMING] emit_host_span: [STRACE] v=1 pid=2087192 tid=2087192 inv=1 hid=dfdfaa4fc739274 depth=0 name=node.submit ts=7253127982033993 dur=12450 run_id=1 task_slot=1 group_index=0 group_size=1 worker_id=1 role=facade
[mono_ns=7253127982072464][T0xfae00c62cca0][TIMING] emit_host_span: [STRACE] v=1 pid=2087192 tid=2096201 inv=1 hid=dfdfaa4fc739274 depth=0 name=node.frame_submit ts=7253127982052423 dur=16241 run_id=1 task_slot=1 group_index=0 worker_id=1 dispatch_id=1 endpoint_kind=local_mailbox prepare_only=0 role=worker
[mono_ns=7253127982083354][T0xfae00c62cca0][TIMING] emit_host_span: [STRACE] v=1 pid=2087192 tid=2096201 inv=1 hid=dfdfaa4fc739274 depth=0 name=node.dispatch ts=7253127982048723 dur=29451 run_id=1 task_slot=1 group_index=0 worker_id=1 dispatch_id=1 endpoint_kind=local_mailbox prepare_only=0 role=scheduler slot_id=0 generation=1
[mono_ns=7253127982092284][T0xfae00c62cca0][TIMING] emit_host_span: [STRACE] v=1 pid=2087192 tid=2096201 inv=0 hid=0 depth=0 name=node.scheduler_loop ts=7253127982044133 dur=44481 role=scheduler drained=0 dispatched=1 drain_ns=1560 spins=60
[mono_ns=7253127982421870][T0xfae1698cb020][TIMING] emit_host_span: [STRACE] v=1 pid=2087192 tid=2087192 inv=1 hid=dfdfaa4fc739274 depth=0 name=node.submit ts=7253127982396970 dur=18760 run_id=1 task_slot=2 group_index=0 group_size=1 worker_id=2 role=facade
[mono_ns=7253127982435761][T0xfae00c62cca0][TIMING] emit_host_span: [STRACE] v=1 pid=2087192 tid=2096201 inv=1 hid=dfdfaa4fc739274 depth=0 name=node.frame_submit ts=7253127982419670 dur=12440 run_id=1 task_slot=2 group_index=0 worker_id=2 dispatch_id=1 endpoint_kind=local_mailbox prepare_only=0 role=worker
[mono_ns=7253127982444661][T0xfae00c62cca0][TIMING] emit_host_span: [STRACE] v=1 pid=2087192 tid=2096201 inv=1 hid=dfdfaa4fc739274 depth=0 name=node.dispatch ts=7253127982416930 dur=22741 run_id=1 task_slot=2 group_index=0 worker_id=2 dispatch_id=1 endpoint_kind=local_mailbox prepare_only=0 role=scheduler slot_id=0 generation=1
[mono_ns=7253127982451101][T0xfae00c62cca0][TIMING] emit_host_span: [STRACE] v=1 pid=2087192 tid=2096201 inv=0 hid=0 depth=0 name=node.scheduler_loop ts=7253127982410790 dur=36881 role=scheduler drained=0 dispatched=1 drain_ns=1410 spins=87
[mono_ns=7253127982743566][T0xfae1698cb020][TIMING] emit_host_span: [STRACE] v=1 pid=2087192 tid=2087192 inv=1 hid=dfdfaa4fc739274 depth=0 name=node.submit ts=7253127982726956 dur=10470 run_id=1 task_slot=3 group_index=0 group_size=1 worker_id=3 role=facade
[mono_ns=7253127982759137][T0xfae00c62cca0][TIMING] emit_host_span: [STRACE] v=1 pid=2087192 tid=2096201 inv=1 hid=dfdfaa4fc739274 depth=0 name=node.frame_submit ts=7253127982743216 dur=12530 run_id=1 task_slot=3 group_index=0 worker_id=3 dispatch_id=1 endpoint_kind=local_mailbox prepare_only=0 role=worker
[mono_ns=7253127982767797][T0xfae00c62cca0][TIMING] emit_host_span: [STRACE] v=1 pid=2087192 tid=2096201 inv=1 hid=dfdfaa4fc739274 depth=0 name=node.dispatch ts=7253127982740676 dur=22291 run_id=1 task_slot=3 group_index=0 worker_id=3 dispatch_id=1 endpoint_kind=local_mailbox prepare_only=0 role=scheduler slot_id=0 generation=1
[mono_ns=7253127982775187][T0xfae00c62cca0][TIMING] emit_host_span: [STRACE] v=1 pid=2087192 tid=2096201 inv=0 hid=0 depth=0 name=node.scheduler_loop ts=7253127982735796 dur=35501 role=scheduler drained=0 dispatched=1 drain_ns=1770 spins=73
[mono_ns=7253127983074672][T0xfae1698cb020][TIMING] emit_host_span: [STRACE] v=1 pid=2087192 tid=2087192 inv=1 hid=dfdfaa4fc739274 depth=0 name=node.submit ts=7253127983048532 dur=20060 run_id=1 task_slot=4 group_index=0 group_size=1 worker_id=4 role=facade
[mono_ns=7253127983097383][T0xfae00c62cca0][TIMING] emit_host_span: [STRACE] v=1 pid=2087192 tid=2096201 inv=1 hid=dfdfaa4fc739274 depth=0 name=node.frame_submit ts=7253127983081252 dur=12461 run_id=1 task_slot=4 group_index=0 worker_id=4 dispatch_id=1 endpoint_kind=local_mailbox prepare_only=0 role=worker
[mono_ns=7253127983106123][T0xfae00c62cca0][TIMING] emit_host_span: [STRACE] v=1 pid=2087192 tid=2096201 inv=1 hid=dfdfaa4fc739274 depth=0 name=node.dispatch ts=7253127983077932 dur=23331 run_id=1 task_slot=4 group_index=0 worker_id=4 dispatch_id=1 endpoint_kind=local_mailbox prepare_only=0 role=scheduler slot_id=0 generation=1
[mono_ns=7253127983112183][T0xfae00c62cca0][TIMING] emit_host_span: [STRACE] v=1 pid=2087192 tid=2096201 inv=0 hid=0 depth=0 name=node.scheduler_loop ts=7253127983061712 dur=47261 role=scheduler drained=0 dispatched=1 drain_ns=1430 spins=78
[mono_ns=7253127983388738][T0xfae1698cb020][TIMING] emit_host_span: [STRACE] v=1 pid=2087192 tid=2087192 inv=1 hid=dfdfaa4fc739274 depth=0 name=node.submit ts=7253127983363448 dur=19350 run_id=1 task_slot=5 group_index=0 group_size=1 worker_id=5 role=facade
[mono_ns=7253127983417499][T0xfae00c62cca0][TIMING] emit_host_span: [STRACE] v=1 pid=2087192 tid=2096201 inv=1 hid=dfdfaa4fc739274 depth=0 name=node.frame_submit ts=7253127983402598 dur=11381 run_id=1 task_slot=5 group_index=0 worker_id=5 dispatch_id=1 endpoint_kind=local_mailbox prepare_only=0 role=worker
[mono_ns=7253127983426839][T0xfae00c62cca0][TIMING] emit_host_span: [STRACE] v=1 pid=2087192 tid=2096201 inv=1 hid=dfdfaa4fc739274 depth=0 name=node.dispatch ts=7253127983399668 dur=22141 run_id=1 task_slot=5 group_index=0 worker_id=5 dispatch_id=1 endpoint_kind=local_mailbox prepare_only=0 role=scheduler slot_id=0 generation=1
[mono_ns=7253127983434779][T0xfae00c62cca0][TIMING] emit_host_span: [STRACE] v=1 pid=2087192 tid=2096201 inv=0 hid=0 depth=0 name=node.scheduler_loop ts=7253127983374158 dur=57061 role=scheduler drained=0 dispatched=1 drain_ns=1490 spins=73
[mono_ns=7253127983700444][T0xfae1698cb020][TIMING] emit_host_span: [STRACE] v=1 pid=2087192 tid=2087192 inv=1 hid=dfdfaa4fc739274 depth=0 name=node.submit ts=7253127983679264 dur=14950 run_id=1 task_slot=6 group_index=0 group_size=1 worker_id=6 role=facade
[mono_ns=7253127983715154][T0xfae00c62cca0][TIMING] emit_host_span: [STRACE] v=1 pid=2087192 tid=2096201 inv=1 hid=dfdfaa4fc739274 depth=0 name=node.frame_submit ts=7253127983700364 dur=10730 run_id=1 task_slot=6 group_index=0 worker_id=6 dispatch_id=1 endpoint_kind=local_mailbox prepare_only=0 role=worker
[mono_ns=7253127983723864][T0xfae00c62cca0][TIMING] emit_host_span: [STRACE] v=1 pid=2087192 tid=2096201 inv=1 hid=dfdfaa4fc739274 depth=0 name=node.dispatch ts=7253127983697754 dur=21320 run_id=1 task_slot=6 group_index=0 worker_id=6 dispatch_id=1 endpoint_kind=local_mailbox prepare_only=0 role=scheduler slot_id=0 generation=1
[mono_ns=7253127983731184][T0xfae00c62cca0][TIMING] emit_host_span: [STRACE] v=1 pid=2087192 tid=2096201 inv=0 hid=0 depth=0 name=node.scheduler_loop ts=7253127983693004 dur=34880 role=scheduler drained=0 dispatched=1 drain_ns=1660 spins=72
[mono_ns=7253127984039630][T0xfae1698cb020][TIMING] emit_host_span: [STRACE] v=1 pid=2087192 tid=2087192 inv=1 hid=dfdfaa4fc739274 depth=0 name=node.submit ts=7253127983990829 dur=42631 run_id=1 task_slot=7 group_index=0 group_size=1 worker_id=7 role=facade
[mono_ns=7253127984069401][T0xfae00c62cca0][TIMING] emit_host_span: [STRACE] v=1 pid=2087192 tid=2096201 inv=1 hid=dfdfaa4fc739274 depth=0 name=node.frame_submit ts=7253127984053480 dur=12311 run_id=1 task_slot=7 group_index=0 worker_id=7 dispatch_id=1 endpoint_kind=local_mailbox prepare_only=0 role=worker
[mono_ns=7253127984078521][T0xfae00c62cca0][TIMING] emit_host_span: [STRACE] v=1 pid=2087192 tid=2096201 inv=1 hid=dfdfaa4fc739274 depth=0 name=node.dispatch ts=7253127984050640 dur=22871 run_id=1 task_slot=7 group_index=0 worker_id=7 dispatch_id=1 endpoint_kind=local_mailbox prepare_only=0 role=scheduler slot_id=0 generation=1
[mono_ns=7253127984080751][T0xfae1698cb020][TIMING] emit_host_span: [STRACE] v=1 pid=2087192 tid=2087192 inv=1 hid=0 depth=0 name=node.graph_build ts=7253126970143275 dur=1013916846 run_id=1 role=facade
[mono_ns=7253127984085691][T0xfae00c62cca0][TIMING] emit_host_span: [STRACE] v=1 pid=2087192 tid=2096201 inv=0 hid=0 depth=0 name=node.scheduler_loop ts=7253127984024940 dur=57421 role=scheduler drained=0 dispatched=1 drain_ns=1480 spins=83
[mono_ns=7253127984563570][T0xfae1698cb020][TIMING] emit_host_span: [STRACE] v=1 pid=2091874 tid=2091874 inv=1 hid=fe2003bfef4e0f07 depth=2 name=chip.run.bind.args ts=7253127984272404 dur=282566 
[mono_ns=7253127984582020][T0xfae1698cb020][TIMING] emit_host_span: [STRACE] v=1 pid=2091874 tid=2091874 inv=1 hid=fe2003bfef4e0f07 depth=2 name=chip.run.bind.prebuilt ts=7253127984574660 dur=4560 
[mono_ns=7253127984586900][T0xfae1698cb020][TIMING] emit_host_span: [STRACE] v=1 pid=2091874 tid=2091874 inv=1 hid=fe2003bfef4e0f07 depth=1 name=chip.run.bind ts=7253127984150562 dur=433878 
[mono_ns=7253127984731403][T0xfae1698cb020][TIMING] emit_host_span: [STRACE] v=1 pid=2091970 tid=2091970 inv=1 hid=fe2003bfef4e0f07 depth=2 name=chip.run.bind.args ts=7253127984440918 dur=283275 
[mono_ns=7253127984750283][T0xfae1698cb020][TIMING] emit_host_span: [STRACE] v=1 pid=2091970 tid=2091970 inv=1 hid=fe2003bfef4e0f07 depth=2 name=chip.run.bind.prebuilt ts=7253127984743543 dur=3880 
[mono_ns=7253127984755633][T0xfae1698cb020][TIMING] emit_host_span: [STRACE] v=1 pid=2091970 tid=2091970 inv=1 hid=fe2003bfef4e0f07 depth=1 name=chip.run.bind ts=7253127984347946 dur=405187 
[mono_ns=7253127985106020][T0xfae1698cb020][TIMING] emit_host_span: [STRACE] v=1 pid=2091936 tid=2091936 inv=1 hid=fe2003bfef4e0f07 depth=2 name=chip.run.bind.args ts=7253127984809554 dur=290866 
[mono_ns=7253127985121880][T0xfae1698cb020][TIMING] emit_host_span: [STRACE] v=1 pid=2091936 tid=2091936 inv=1 hid=fe2003bfef4e0f07 depth=2 name=chip.run.bind.prebuilt ts=7253127985116620 dur=2700 
[mono_ns=7253127985126870][T0xfae1698cb020][TIMING] emit_host_span: [STRACE] v=1 pid=2091936 tid=2091936 inv=1 hid=fe2003bfef4e0f07 depth=1 name=chip.run.bind ts=7253127984714183 dur=410557 
[mono_ns=7253127986492336][T0xfae1698cb020][TIMING] emit_host_span: [STRACE] v=1 pid=2091901 tid=2091901 inv=1 hid=fe2003bfef4e0f07 depth=2 name=chip.run.bind.args ts=7253127986193040 dur=291765 
[mono_ns=7253127986511796][T0xfae1698cb020][TIMING] emit_host_span: [STRACE] v=1 pid=2091901 tid=2091901 inv=1 hid=fe2003bfef4e0f07 depth=2 name=chip.run.bind.prebuilt ts=7253127986506216 dur=2950 
[mono_ns=7253127986517316][T0xfae1698cb020][TIMING] emit_host_span: [STRACE] v=1 pid=2091901 tid=2091901 inv=1 hid=fe2003bfef4e0f07 depth=1 name=chip.run.bind ts=7253127986073258 dur=441348 
[mono_ns=7253127986698549][T0xfae1698cb020][TIMING] emit_host_span: [STRACE] v=1 pid=2092032 tid=2092032 inv=1 hid=fe2003bfef4e0f07 depth=2 name=chip.run.bind.args ts=7253127986436785 dur=255884 
[mono_ns=7253127986764241][T0xfae1698cb020][TIMING] emit_host_span: [STRACE] v=1 pid=2092032 tid=2092032 inv=1 hid=fe2003bfef4e0f07 depth=2 name=chip.run.bind.prebuilt ts=7253127986737420 dur=23321 
[mono_ns=7253127986780021][T0xfae1698cb020][TIMING] emit_host_span: [STRACE] v=1 pid=2092032 tid=2092032 inv=1 hid=fe2003bfef4e0f07 depth=1 name=chip.run.bind ts=7253127986288932 dur=488749 
[mono_ns=7253127987293390][T0xfae1698cb020][TIMING] emit_host_span: [STRACE] v=1 pid=2091986 tid=2091986 inv=1 hid=fe2003bfef4e0f07 depth=2 name=chip.run.bind.args ts=7253127987029605 dur=254465 
[mono_ns=7253127987355822][T0xfae1698cb020][TIMING] emit_host_span: [STRACE] v=1 pid=2091986 tid=2091986 inv=1 hid=fe2003bfef4e0f07 depth=2 name=chip.run.bind.prebuilt ts=7253127987309671 dur=42470 
[mono_ns=7253127987364432][T0xfae1698cb020][TIMING] emit_host_span: [STRACE] v=1 pid=2091986 tid=2091986 inv=1 hid=fe2003bfef4e0f07 depth=1 name=chip.run.bind ts=7253127986876253 dur=484739 
[mono_ns=7253127988420861][T0xfae1698cb020][TIMING] emit_host_span: [STRACE] v=1 pid=2092001 tid=2092001 inv=1 hid=fe2003bfef4e0f07 depth=2 name=chip.run.bind.args ts=7253127988117616 dur=295285 
[mono_ns=7253127988513773][T0xfae1698cb020][TIMING] emit_host_span: [STRACE] v=1 pid=2092001 tid=2092001 inv=1 hid=fe2003bfef4e0f07 depth=2 name=chip.run.bind.prebuilt ts=7253127988467522 dur=42801 
[mono_ns=7253127988540043][T0xfae1698cb020][TIMING] emit_host_span: [STRACE] v=1 pid=2092001 tid=2092001 inv=1 hid=fe2003bfef4e0f07 depth=1 name=chip.run.bind ts=7253127987974193 dur=563510 
[mono_ns=7253127989300387][T0xfae1698cb020][TIMING] emit_host_span: [STRACE] v=1 pid=2092017 tid=2092017 inv=1 hid=fe2003bfef4e0f07 depth=2 name=chip.run.bind.args ts=7253127988934701 dur=345296 
[mono_ns=7253127989381619][T0xfae1698cb020][TIMING] emit_host_span: [STRACE] v=1 pid=2092017 tid=2092017 inv=1 hid=fe2003bfef4e0f07 depth=2 name=chip.run.bind.prebuilt ts=7253127989345358 dur=32631 
[mono_ns=7253127989388299][T0xfae1698cb020][TIMING] emit_host_span: [STRACE] v=1 pid=2092017 tid=2092017 inv=1 hid=fe2003bfef4e0f07 depth=1 name=chip.run.bind ts=7253127988706267 dur=679472 
[mono_ns=7253176892070647][T0xfae1698cb020][ERROR] sync_stream_pair: [device_runner_base.cpp:1775] aclrtSynchronizeStreamWithTimeout (AICPU) failed: 507018
[mono_ns=7253176892099538][T0xfae1698cb020][ERROR] sync_stream_pair: [device_runner_base.cpp:1776] ACL error detail: 507018 ACL_ERROR_RT_AICPU_EXCEPTION - an AICPU task raised an exception; several distinct on-device mechanisms all surface as this one generic code
[mono_ns=7253176892103088][T0xfae1698cb020][ERROR] sync_stream_pair: [device_runner_base.cpp:1776] ACL error hint: do NOT read this as 'deadlock' or 'OOM' on its own -- it is a generic host-side code. Grep the host log for 'orch_error_code=' / 'sched_error_code=' / 'sub_class=' to get the device-classified reason, and read the device log for the detector that fired. See docs/troubleshooting/device-error-codes.md
[mono_ns=7253176892394763][T0xfae1698cb020][ERROR] sync_stream_pair: [device_runner_base.cpp:1776] ACL recent error message: EE9999: Inner Error!
EE9999[PID: 2091874] 2026-09-10-14:04:02.289.866 (EE9999):  This device does not support cross-server communication drv devId=0 localServerId=1023err:0x702001d[FUNC:ExportToShareableHandleV2][FILE:api_impl.cc][LINE:7120]
        TraceBack (most recent call last):
       rtMemExportToShareableHandleV2 execution failed, reason=driver error:feature not support[FUNC~
[mono_ns=7253176892778170][T0xfae1698cb020][ERROR] recover_device_or_mark_unusable: [device_runner.cpp:763] AICore error 507018: bounded device drain failed: 507014 (force reset will follow in finalize)
[mono_ns=7253176892799950][T0xfae1698cb020][TIMING] emit_host_span: [STRACE] v=1 pid=2091874 tid=2091874 inv=1 hid=fe2003bfef4e0f07 depth=1 name=chip.run.runner_run ts=7253127985358395 dur=48907434805 
[mono_ns=7253176892869431][T0xfae1698cb020][ERROR] validate_runtime_impl: [runtime_maker.cpp:945] simpler runtime failed: orch_error_code=0 sched_error_code=100 runtime_status=-100
[mono_ns=7253176892876361][T0xfae1698cb020][ERROR] validate_runtime_impl: [runtime_maker.cpp:945] error detail: sched_error_code=100 SCHEDULER_TIMEOUT - the scheduler saw no forward progress within its timeout; the sub_class= line below carries the device-classified reason and locators
[mono_ns=7253176892879501][T0xfae1698cb020][ERROR] validate_runtime_impl: [runtime_maker.cpp:945] error hint: read the sub_class= line below first, then follow the S1-S5 table in the doc; raise SIMPLER_SCHEDULER_TIMEOUT_MS to tell a true deadlock apart from a merely slow kernel. See docs/troubleshooting/device-error-codes.md
[mono_ns=7253176892881922][T0xfae1698cb020][ERROR] validate_runtime_impl: [runtime_maker.cpp:951] scheduler timeout sub_class=S1:running-stalled (detail=1) completed=1/3 running=1 ready=0 waiting=1 orch_done=1 stuck_task_id=4294967297 stuck_core=28
[mono_ns=7253176892885772][T0xfae1698cb020][WARN] validate_runtime_impl: [runtime_maker.cpp:967] Skipping tensor copy-back because execution failed
[mono_ns=7253176892893042][T0xfae1698cb020][TIMING] emit_host_span: [STRACE] v=1 pid=2091874 tid=2091874 inv=1 hid=fe2003bfef4e0f07 depth=1 name=chip.run.validate ts=7253176892804400 dur=85622 
[mono_ns=7253176892900542][T0xfae1698cb020][TIMING] emit_host_span: [STRACE] v=1 pid=2091874 tid=2091874 inv=1 hid=fe2003bfef4e0f07 depth=1 name=chip.run.claim_release ts=7253176892897822 dur=590 
[mono_ns=7253176892905832][T0xfae1698cb020][TIMING] emit_host_span: [STRACE] v=1 pid=2091874 tid=2091874 inv=1 hid=fe2003bfef4e0f07 depth=0 name=chip.run ts=7253127984118392 dur=48908785240 run_id=1 dispatch_id=1 slot_id=0 generation=1 run_epoch=1
[mono_ns=7253176894283396][T0xfae00c62cca0][TIMING] emit_host_span: [STRACE] v=1 pid=2087192 tid=2096201 inv=1 hid=dfdfaa4fc739274 depth=0 name=node.complete ts=7253176894134733 dur=122622 run_id=1 task_slot=0 group_index=0 worker_id=0 dispatch_id=1 endpoint_kind=local_mailbox prepare_only=0 role=worker outcome=1
[mono_ns=7253176894655032][T0xfae00c62cca0][TIMING] emit_host_span: [STRACE] v=1 pid=2087192 tid=2096201 inv=0 hid=0 depth=0 name=node.scheduler_loop ts=7253176893507662 dur=1125750 role=scheduler drained=1 dispatched=0 drain_ns=1094779 spins=14511391
[mono_ns=7253177057782696][T0xfae1698cb020][ERROR] query_stream_nonblocking: [device_runner_helpers.cpp:39] rtStreamQuery (AICPU) failed: 507901
[mono_ns=7253177058302645][T0xfae1698cb020][ERROR] query_stream_nonblocking: [device_runner_helpers.cpp:40] ACL recent error message: EE9999: Inner Error!
EE9999[PID: 2091901] 2026-09-10-14:04:02.291.132 (EE9999):  This device does not support cross-server communication drv devId=1 localServerId=1023err:0x702001d[FUNC:ExportToShareableHandleV2][FILE:api_impl.cc][LINE:7120]
        TraceBack (most recent call last):
       rtMemExportToShareableHandleV2 execution failed, reason=driver error:feature not sup~
[mono_ns=7253177058621310][T0xfae1698cb020][ERROR] query_stream_nonblocking: [device_runner_helpers.cpp:39] rtStreamQuery (AICore) failed: 507901
[mono_ns=7253177058778623][T0xfae1698cb020][ERROR] query_stream_nonblocking: [device_runner_helpers.cpp:40] ACL recent error message: EL9999: Inner Error!
EL9999[PID: 2091901] 2026-09-10-14:04:51.530.930 (EL9999):  Device[1] fault, ret=0x7110011.[FUNC:CheckStatus][FILE:context.cc][LINE:3492]
        TraceBack (most recent call last):
       rtStreamQuery execution failed, reason=hdc disconnect[FUNC:FuncErrorReason][FILE:error_message_manage.cc][LINE:65]

[mono_ns=7253177059033947][T0xfae1698cb020][ERROR] sync_stream_pair: [device_runner_base.cpp:1775] aclrtSynchronizeStreamWithTimeout (AICPU) failed: 507901
[mono_ns=7253177059147049][T0xfae1698cb020][ERROR] sync_stream_pair: [device_runner_base.cpp:1776] ACL recent error message: EL9999: Inner Error!
EL9999[PID: 2091901] 2026-09-10-14:04:51.531.591 (EL9999):  Device[1] fault, ret=0x7110011.[FUNC:CheckStatus][FILE:context.cc][LINE:3492]
        TraceBack (most recent call last):

[mono_ns=7253177059474775][T0xfae1698cb020][ERROR] recover_device_or_mark_unusable: [device_runner.cpp:763] AICore error 507901: bounded device drain failed: 507901 (force reset will follow in finalize)
[mono_ns=7253177059532426][T0xfae1698cb020][TIMING] emit_host_span: [STRACE] v=1 pid=2091901 tid=2091901 inv=1 hid=fe2003bfef4e0f07 depth=1 name=chip.run.runner_run ts=7253127987285620 dur=49072224726 
[mono_ns=7253177059636778][T0xfae1698cb020][WARN] validate_runtime_impl: [runtime_maker.cpp:967] Skipping tensor copy-back because execution failed
[mono_ns=7253177059646608][T0xfae1698cb020][TIMING] emit_host_span: [STRACE] v=1 pid=2091901 tid=2091901 inv=1 hid=fe2003bfef4e0f07 depth=1 name=chip.run.validate ts=7253177059546976 dur=96722 
[mono_ns=7253177059652398][T0xfae1698cb020][TIMING] emit_host_span: [STRACE] v=1 pid=2091901 tid=2091901 inv=1 hid=fe2003bfef4e0f07 depth=1 name=chip.run.claim_release ts=7253177059649568 dur=530 
[mono_ns=7253177059658008][T0xfae1698cb020][TIMING] emit_host_span: [STRACE] v=1 pid=2091901 tid=2091901 inv=1 hid=fe2003bfef4e0f07 depth=0 name=chip.run ts=7253127986034307 dur=49073621451 run_id=1 dispatch_id=1 slot_id=0 generation=1 run_epoch=1
[mono_ns=7253177060450442][T0xfae00c62cca0][TIMING] emit_host_span: [STRACE] v=1 pid=2087192 tid=2096201 inv=1 hid=dfdfaa4fc739274 depth=0 name=node.complete ts=7253177060319190 dur=118412 run_id=1 task_slot=1 group_index=0 worker_id=1 dispatch_id=1 endpoint_kind=local_mailbox prepare_only=0 role=worker outcome=1
[mono_ns=7253177060534124][T0xfae00c62cca0][TIMING] emit_host_span: [STRACE] v=1 pid=2087192 tid=2096201 inv=0 hid=0 depth=0 name=node.scheduler_loop ts=7253177060183987 dur=342936 role=scheduler drained=1 dispatched=0 drain_ns=329266 spins=49327
[mono_ns=7253184000122842][T0xfae1698cb020][ERROR] sync_stream_pair: [device_runner_base.cpp:1775] aclrtSynchronizeStreamWithTimeout (AICPU) failed: 507018
[mono_ns=7253184000146272][T0xfae1698cb020][ERROR] sync_stream_pair: [device_runner_base.cpp:1776] ACL error detail: 507018 ACL_ERROR_RT_AICPU_EXCEPTION - an AICPU task raised an exception; several distinct on-device mechanisms all surface as this one generic code
[mono_ns=7253184000149602][T0xfae1698cb020][ERROR] sync_stream_pair: [device_runner_base.cpp:1776] ACL error hint: do NOT read this as 'deadlock' or 'OOM' on its own -- it is a generic host-side code. Grep the host log for 'orch_error_code=' / 'sched_error_code=' / 'sub_class=' to get the device-classified reason, and read the device log for the detector that fired. See docs/troubleshooting/device-error-codes.md
[mono_ns=7253184000413957][T0xfae1698cb020][ERROR] sync_stream_pair: [device_runner_base.cpp:1776] ACL recent error message: EE9999: Inner Error!
EE9999[PID: 2091936] 2026-09-10-14:04:02.290.389 (EE9999):  This device does not support cross-server communication drv devId=2 localServerId=1023err:0x702001d[FUNC:ExportToShareableHandleV2][FILE:api_impl.cc][LINE:7120]
        TraceBack (most recent call last):
       rtMemExportToShareableHandleV2 execution failed, reason=driver error:feature not support[FUNC~
[mono_ns=7253184000766453][T0xfae1698cb020][ERROR] recover_device_or_mark_unusable: [device_runner.cpp:763] AICore error 507018: bounded device drain failed: 507014 (force reset will follow in finalize)
[mono_ns=7253184000786843][T0xfae1698cb020][TIMING] emit_host_span: [STRACE] v=1 pid=2091936 tid=2091936 inv=1 hid=fe2003bfef4e0f07 depth=1 name=chip.run.runner_run ts=7253127985850614 dur=56014930369 
[mono_ns=7253184000912365][T0xfae1698cb020][ERROR] validate_runtime_impl: [runtime_maker.cpp:945] simpler runtime failed: orch_error_code=0 sched_error_code=100 runtime_status=-100
[mono_ns=7253184000920125][T0xfae1698cb020][ERROR] validate_runtime_impl: [runtime_maker.cpp:945] error detail: sched_error_code=100 SCHEDULER_TIMEOUT - the scheduler saw no forward progress within its timeout; the sub_class= line below carries the device-classified reason and locators
[mono_ns=7253184000923505][T0xfae1698cb020][ERROR] validate_runtime_impl: [runtime_maker.cpp:945] error hint: read the sub_class= line below first, then follow the S1-S5 table in the doc; raise SIMPLER_SCHEDULER_TIMEOUT_MS to tell a true deadlock apart from a merely slow kernel. See docs/troubleshooting/device-error-codes.md
[mono_ns=7253184000926386][T0xfae1698cb020][ERROR] validate_runtime_impl: [runtime_maker.cpp:951] scheduler timeout sub_class=S1:running-stalled (detail=1) completed=1/3 running=1 ready=0 waiting=1 orch_done=1 stuck_task_id=4294967297 stuck_core=24
[mono_ns=7253184000929416][T0xfae1698cb020][WARN] validate_runtime_impl: [runtime_maker.cpp:967] Skipping tensor copy-back because execution failed
[mono_ns=7253184000937966][T0xfae1698cb020][TIMING] emit_host_span: [STRACE] v=1 pid=2091936 tid=2091936 inv=1 hid=fe2003bfef4e0f07 depth=1 name=chip.run.validate ts=7253184000791553 dur=143033 
[mono_ns=7253184000945386][T0xfae1698cb020][TIMING] emit_host_span: [STRACE] v=1 pid=2091936 tid=2091936 inv=1 hid=fe2003bfef4e0f07 depth=1 name=chip.run.claim_release ts=7253184000942526 dur=780 
[mono_ns=7253184000950776][T0xfae1698cb020][TIMING] emit_host_span: [STRACE] v=1 pid=2091936 tid=2091936 inv=1 hid=fe2003bfef4e0f07 depth=0 name=chip.run ts=7253127984686602 dur=56016262044 run_id=1 dispatch_id=1 slot_id=0 generation=1 run_epoch=1
[mono_ns=7253184001781560][T0xfae00c62cca0][TIMING] emit_host_span: [STRACE] v=1 pid=2087192 tid=2096201 inv=1 hid=dfdfaa4fc739274 depth=0 name=node.complete ts=7253184001712409 dur=31551 run_id=1 task_slot=2 group_index=0 worker_id=2 dispatch_id=1 endpoint_kind=local_mailbox prepare_only=0 role=worker outcome=1
[mono_ns=7253184001947923][T0xfae00c62cca0][TIMING] emit_host_span: [STRACE] v=1 pid=2087192 tid=2096201 inv=0 hid=0 depth=0 name=node.scheduler_loop ts=7253184001530906 dur=398547 role=scheduler drained=1 dispatched=0 drain_ns=394407 spins=2081659
[mono_ns=7253184042531895][T0xfae1698cb020][ERROR] sync_stream_pair: [device_runner_base.cpp:1775] aclrtSynchronizeStreamWithTimeout (AICPU) failed: 507018
[mono_ns=7253184042551385][T0xfae1698cb020][ERROR] sync_stream_pair: [device_runner_base.cpp:1776] ACL error detail: 507018 ACL_ERROR_RT_AICPU_EXCEPTION - an AICPU task raised an exception; several distinct on-device mechanisms all surface as this one generic code
[mono_ns=7253184042555925][T0xfae1698cb020][ERROR] sync_stream_pair: [device_runner_base.cpp:1776] ACL error hint: do NOT read this as 'deadlock' or 'OOM' on its own -- it is a generic host-side code. Grep the host log for 'orch_error_code=' / 'sched_error_code=' / 'sub_class=' to get the device-classified reason, and read the device log for the detector that fired. See docs/troubleshooting/device-error-codes.md
[mono_ns=7253184042761889][T0xfae1698cb020][ERROR] sync_stream_pair: [device_runner_base.cpp:1776] ACL recent error message: EE9999: Inner Error!
EE9999[PID: 2091970] 2026-09-10-14:04:02.290.483 (EE9999):  This device does not support cross-server communication drv devId=3 localServerId=1023err:0x702001d[FUNC:ExportToShareableHandleV2][FILE:api_impl.cc][LINE:7120]
        TraceBack (most recent call last):
       rtMemExportToShareableHandleV2 execution failed, reason=driver error:feature not support[FUNC~
[mono_ns=7253184043106025][T0xfae1698cb020][ERROR] recover_device_or_mark_unusable: [device_runner.cpp:763] AICore error 507018: bounded device drain failed: 507014 (force reset will follow in finalize)
[mono_ns=7253184043121415][T0xfae1698cb020][TIMING] emit_host_span: [STRACE] v=1 pid=2091970 tid=2091970 inv=1 hid=fe2003bfef4e0f07 depth=1 name=chip.run.runner_run ts=7253127985540698 dur=56057576397 
[mono_ns=7253184043180056][T0xfae1698cb020][ERROR] validate_runtime_impl: [runtime_maker.cpp:945] simpler runtime failed: orch_error_code=0 sched_error_code=100 runtime_status=-100
[mono_ns=7253184043185536][T0xfae1698cb020][ERROR] validate_runtime_impl: [runtime_maker.cpp:945] error detail: sched_error_code=100 SCHEDULER_TIMEOUT - the scheduler saw no forward progress within its timeout; the sub_class= line below carries the device-classified reason and locators
[mono_ns=7253184043188566][T0xfae1698cb020][ERROR] validate_runtime_impl: [runtime_maker.cpp:945] error hint: read the sub_class= line below first, then follow the S1-S5 table in the doc; raise SIMPLER_SCHEDULER_TIMEOUT_MS to tell a true deadlock apart from a merely slow kernel. See docs/troubleshooting/device-error-codes.md
[mono_ns=7253184043190856][T0xfae1698cb020][ERROR] validate_runtime_impl: [runtime_maker.cpp:951] scheduler timeout sub_class=S1:running-stalled (detail=1) completed=1/3 running=1 ready=0 waiting=1 orch_done=1 stuck_task_id=4294967297 stuck_core=26
[mono_ns=7253184043193576][T0xfae1698cb020][WARN] validate_runtime_impl: [runtime_maker.cpp:967] Skipping tensor copy-back because execution failed
[mono_ns=7253184043198936][T0xfae1698cb020][TIMING] emit_host_span: [STRACE] v=1 pid=2091970 tid=2091970 inv=1 hid=fe2003bfef4e0f07 depth=1 name=chip.run.validate ts=7253184043124955 dur=71261 
[mono_ns=7253184043205166][T0xfae1698cb020][TIMING] emit_host_span: [STRACE] v=1 pid=2091970 tid=2091970 inv=1 hid=fe2003bfef4e0f07 depth=1 name=chip.run.claim_release ts=7253184043202286 dur=720 
[mono_ns=7253184043211526][T0xfae1698cb020][TIMING] emit_host_span: [STRACE] v=1 pid=2091970 tid=2091970 inv=1 hid=fe2003bfef4e0f07 depth=0 name=chip.run ts=7253127984310145 dur=56058899261 run_id=1 dispatch_id=1 slot_id=0 generation=1 run_epoch=1
[mono_ns=7253184043628604][T0xfae00c62cca0][TIMING] emit_host_span: [STRACE] v=1 pid=2087192 tid=2096201 inv=1 hid=dfdfaa4fc739274 depth=0 name=node.complete ts=7253184043620724 dur=3230 run_id=1 task_slot=3 group_index=0 worker_id=3 dispatch_id=1 endpoint_kind=local_mailbox prepare_only=0 role=worker outcome=1
[mono_ns=7253184043670684][T0xfae00c62cca0][TIMING] emit_host_span: [STRACE] v=1 pid=2087192 tid=2096201 inv=0 hid=0 depth=0 name=node.scheduler_loop ts=7253184043608823 dur=57221 role=scheduler drained=1 dispatched=0 drain_ns=53261 spins=12386
[mono_ns=7253184064467354][T0xfae1698cb020][ERROR] sync_stream_pair: [device_runner_base.cpp:1775] aclrtSynchronizeStreamWithTimeout (AICPU) failed: 507018
[mono_ns=7253184064537925][T0xfae1698cb020][ERROR] sync_stream_pair: [device_runner_base.cpp:1776] ACL error detail: 507018 ACL_ERROR_RT_AICPU_EXCEPTION - an AICPU task raised an exception; several distinct on-device mechanisms all surface as this one generic code
[mono_ns=7253184064542095][T0xfae1698cb020][ERROR] sync_stream_pair: [device_runner_base.cpp:1776] ACL error hint: do NOT read this as 'deadlock' or 'OOM' on its own -- it is a generic host-side code. Grep the host log for 'orch_error_code=' / 'sched_error_code=' / 'sub_class=' to get the device-classified reason, and read the device log for the detector that fired. See docs/troubleshooting/device-error-codes.md
[mono_ns=7253184065126505][T0xfae1698cb020][ERROR] sync_stream_pair: [device_runner_base.cpp:1776] ACL recent error message: EE9999: Inner Error!
EE9999[PID: 2092001] 2026-09-10-14:04:02.292.549 (EE9999):  This device does not support cross-server communication drv devId=5 localServerId=1023err:0x702001d[FUNC:ExportToShareableHandleV2][FILE:api_impl.cc][LINE:7120]
        TraceBack (most recent call last):
       rtMemExportToShareableHandleV2 execution failed, reason=driver error:feature not support[FUNC~
[mono_ns=7253184065454431][T0xfae1698cb020][ERROR] recover_device_or_mark_unusable: [device_runner.cpp:763] AICore error 507018: bounded device drain failed: 507014 (force reset will follow in finalize)
[mono_ns=7253184065476781][T0xfae1698cb020][TIMING] emit_host_span: [STRACE] v=1 pid=2092001 tid=2092001 inv=1 hid=fe2003bfef4e0f07 depth=1 name=chip.run.runner_run ts=7253127989380549 dur=56076090352 
[mono_ns=7253184065568753][T0xfae1698cb020][ERROR] validate_runtime_impl: [runtime_maker.cpp:945] simpler runtime failed: orch_error_code=0 sched_error_code=100 runtime_status=-100
[mono_ns=7253184065581223][T0xfae1698cb020][ERROR] validate_runtime_impl: [runtime_maker.cpp:945] error detail: sched_error_code=100 SCHEDULER_TIMEOUT - the scheduler saw no forward progress within its timeout; the sub_class= line below carries the device-classified reason and locators
[mono_ns=7253184065584663][T0xfae1698cb020][ERROR] validate_runtime_impl: [runtime_maker.cpp:945] error hint: read the sub_class= line below first, then follow the S1-S5 table in the doc; raise SIMPLER_SCHEDULER_TIMEOUT_MS to tell a true deadlock apart from a merely slow kernel. See docs/troubleshooting/device-error-codes.md
[mono_ns=7253184065587603][T0xfae1698cb020][ERROR] validate_runtime_impl: [runtime_maker.cpp:951] scheduler timeout sub_class=S1:running-stalled (detail=1) completed=1/3 running=1 ready=0 waiting=1 orch_done=1 stuck_task_id=4294967297 stuck_core=24
[mono_ns=7253184065592603][T0xfae1698cb020][WARN] validate_runtime_impl: [runtime_maker.cpp:967] Skipping tensor copy-back because execution failed
[mono_ns=7253184065616824][T0xfae1698cb020][TIMING] emit_host_span: [STRACE] v=1 pid=2092001 tid=2092001 inv=1 hid=fe2003bfef4e0f07 depth=1 name=chip.run.validate ts=7253184065482251 dur=131063 
[mono_ns=7253184065624974][T0xfae1698cb020][TIMING] emit_host_span: [STRACE] v=1 pid=2092001 tid=2092001 inv=1 hid=fe2003bfef4e0f07 depth=1 name=chip.run.claim_release ts=7253184065622084 dur=740 
[mono_ns=7253184065632954][T0xfae1698cb020][TIMING] emit_host_span: [STRACE] v=1 pid=2092001 tid=2092001 inv=1 hid=fe2003bfef4e0f07 depth=0 name=chip.run ts=7253127987844701 dur=56077785993 run_id=1 dispatch_id=1 slot_id=0 generation=1 run_epoch=1
[mono_ns=7253184066658382][T0xfae00c62cca0][TIMING] emit_host_span: [STRACE] v=1 pid=2087192 tid=2096201 inv=1 hid=dfdfaa4fc739274 depth=0 name=node.complete ts=7253184066650102 dur=3550 run_id=1 task_slot=5 group_index=0 worker_id=5 dispatch_id=1 endpoint_kind=local_mailbox prepare_only=0 role=worker outcome=1
[mono_ns=7253184066689852][T0xfae00c62cca0][TIMING] emit_host_span: [STRACE] v=1 pid=2087192 tid=2096201 inv=0 hid=0 depth=0 name=node.scheduler_loop ts=7253184066622591 dur=63081 role=scheduler drained=1 dispatched=0 drain_ns=57521 spins=6751
[mono_ns=7253184097023797][T0xfae1698cb020][ERROR] sync_stream_pair: [device_runner_base.cpp:1775] aclrtSynchronizeStreamWithTimeout (AICPU) failed: 507018
[mono_ns=7253184097085008][T0xfae1698cb020][ERROR] sync_stream_pair: [device_runner_base.cpp:1776] ACL error detail: 507018 ACL_ERROR_RT_AICPU_EXCEPTION - an AICPU task raised an exception; several distinct on-device mechanisms all surface as this one generic code
[mono_ns=7253184097089268][T0xfae1698cb020][ERROR] sync_stream_pair: [device_runner_base.cpp:1776] ACL error hint: do NOT read this as 'deadlock' or 'OOM' on its own -- it is a generic host-side code. Grep the host log for 'orch_error_code=' / 'sched_error_code=' / 'sub_class=' to get the device-classified reason, and read the device log for the detector that fired. See docs/troubleshooting/device-error-codes.md
[mono_ns=7253184097707078][T0xfae1698cb020][ERROR] sync_stream_pair: [device_runner_base.cpp:1776] ACL recent error message: EE9999: Inner Error!
EE9999[PID: 2092017] 2026-09-10-14:04:02.291.640 (EE9999):  This device does not support cross-server communication drv devId=6 localServerId=1023err:0x702001d[FUNC:ExportToShareableHandleV2][FILE:api_impl.cc][LINE:7120]
        TraceBack (most recent call last):
       rtMemExportToShareableHandleV2 execution failed, reason=driver error:feature not support[FUNC~
[mono_ns=7253184098112935][T0xfae1698cb020][ERROR] recover_device_or_mark_unusable: [device_runner.cpp:763] AICore error 507018: bounded device drain failed: 507014 (force reset will follow in finalize)
[mono_ns=7253184098136426][T0xfae1698cb020][TIMING] emit_host_span: [STRACE] v=1 pid=2092017 tid=2092017 inv=1 hid=fe2003bfef4e0f07 depth=1 name=chip.run.runner_run ts=7253127990648822 dur=56107480084 
[mono_ns=7253184098224807][T0xfae1698cb020][ERROR] validate_runtime_impl: [runtime_maker.cpp:945] simpler runtime failed: orch_error_code=0 sched_error_code=100 runtime_status=-100
[mono_ns=7253184098232437][T0xfae1698cb020][ERROR] validate_runtime_impl: [runtime_maker.cpp:945] error detail: sched_error_code=100 SCHEDULER_TIMEOUT - the scheduler saw no forward progress within its timeout; the sub_class= line below carries the device-classified reason and locators
[mono_ns=7253184098235558][T0xfae1698cb020][ERROR] validate_runtime_impl: [runtime_maker.cpp:945] error hint: read the sub_class= line below first, then follow the S1-S5 table in the doc; raise SIMPLER_SCHEDULER_TIMEOUT_MS to tell a true deadlock apart from a merely slow kernel. See docs/troubleshooting/device-error-codes.md
[mono_ns=7253184098238208][T0xfae1698cb020][ERROR] validate_runtime_impl: [runtime_maker.cpp:951] scheduler timeout sub_class=S1:running-stalled (detail=1) completed=1/3 running=1 ready=0 waiting=1 orch_done=1 stuck_task_id=4294967297 stuck_core=28
[mono_ns=7253184098241098][T0xfae1698cb020][WARN] validate_runtime_impl: [runtime_maker.cpp:967] Skipping tensor copy-back because execution failed
[mono_ns=7253184098262938][T0xfae1698cb020][TIMING] emit_host_span: [STRACE] v=1 pid=2092017 tid=2092017 inv=1 hid=fe2003bfef4e0f07 depth=1 name=chip.run.validate ts=7253184098141246 dur=118052 
[mono_ns=7253184098270948][T0xfae1698cb020][TIMING] emit_host_span: [STRACE] v=1 pid=2092017 tid=2092017 inv=1 hid=fe2003bfef4e0f07 depth=1 name=chip.run.claim_release ts=7253184098267878 dur=940 
[mono_ns=7253184098278298][T0xfae1698cb020][TIMING] emit_host_span: [STRACE] v=1 pid=2092017 tid=2092017 inv=1 hid=fe2003bfef4e0f07 depth=0 name=chip.run ts=7253127988422451 dur=56109853707 run_id=1 dispatch_id=1 slot_id=0 generation=1 run_epoch=1
[mono_ns=7253184098387230][T0xfae1698cb020][ERROR] sync_stream_pair: [device_runner_base.cpp:1775] aclrtSynchronizeStreamWithTimeout (AICPU) failed: 507018
[mono_ns=7253184098405060][T0xfae1698cb020][ERROR] sync_stream_pair: [device_runner_base.cpp:1776] ACL error detail: 507018 ACL_ERROR_RT_AICPU_EXCEPTION - an AICPU task raised an exception; several distinct on-device mechanisms all surface as this one generic code
[mono_ns=7253184098408291][T0xfae1698cb020][ERROR] sync_stream_pair: [device_runner_base.cpp:1776] ACL error hint: do NOT read this as 'deadlock' or 'OOM' on its own -- it is a generic host-side code. Grep the host log for 'orch_error_code=' / 'sched_error_code=' / 'sub_class=' to get the device-classified reason, and read the device log for the detector that fired. See docs/troubleshooting/device-error-codes.md
[mono_ns=7253184098663735][T0xfae1698cb020][ERROR] sync_stream_pair: [device_runner_base.cpp:1776] ACL recent error message: EE9999: Inner Error!
EE9999[PID: 2091986] 2026-09-10-14:04:02.291.237 (EE9999):  This device does not support cross-server communication drv devId=4 localServerId=1023err:0x702001d[FUNC:ExportToShareableHandleV2][FILE:api_impl.cc][LINE:7120]
        TraceBack (most recent call last):
       rtMemExportToShareableHandleV2 execution failed, reason=driver error:feature not support[FUNC~
[mono_ns=7253184099071832][T0xfae1698cb020][ERROR] recover_device_or_mark_unusable: [device_runner.cpp:763] AICore error 507018: bounded device drain failed: 507014 (force reset will follow in finalize)
[mono_ns=7253184099107773][T0xfae1698cb020][TIMING] emit_host_span: [STRACE] v=1 pid=2091986 tid=2091986 inv=1 hid=fe2003bfef4e0f07 depth=1 name=chip.run.runner_run ts=7253127988185237 dur=56110917786 
[mono_ns=7253184099178194][T0xfae1698cb020][ERROR] validate_runtime_impl: [runtime_maker.cpp:945] simpler runtime failed: orch_error_code=0 sched_error_code=100 runtime_status=-100
[mono_ns=7253184099184344][T0xfae1698cb020][ERROR] validate_runtime_impl: [runtime_maker.cpp:945] error detail: sched_error_code=100 SCHEDULER_TIMEOUT - the scheduler saw no forward progress within its timeout; the sub_class= line below carries the device-classified reason and locators
[mono_ns=7253184099187294][T0xfae1698cb020][ERROR] validate_runtime_impl: [runtime_maker.cpp:945] error hint: read the sub_class= line below first, then follow the S1-S5 table in the doc; raise SIMPLER_SCHEDULER_TIMEOUT_MS to tell a true deadlock apart from a merely slow kernel. See docs/troubleshooting/device-error-codes.md
[mono_ns=7253184099190194][T0xfae1698cb020][ERROR] validate_runtime_impl: [runtime_maker.cpp:951] scheduler timeout sub_class=S1:running-stalled (detail=1) completed=1/3 running=1 ready=0 waiting=1 orch_done=1 stuck_task_id=4294967297 stuck_core=28
[mono_ns=7253184099194754][T0xfae1698cb020][WARN] validate_runtime_impl: [runtime_maker.cpp:967] Skipping tensor copy-back because execution failed
[mono_ns=7253184099202124][T0xfae1698cb020][TIMING] emit_host_span: [STRACE] v=1 pid=2091986 tid=2091986 inv=1 hid=fe2003bfef4e0f07 depth=1 name=chip.run.validate ts=7253184099112633 dur=86641 
[mono_ns=7253184099210164][T0xfae1698cb020][TIMING] emit_host_span: [STRACE] v=1 pid=2091986 tid=2091986 inv=1 hid=fe2003bfef4e0f07 depth=1 name=chip.run.claim_release ts=7253184099205994 dur=750 
[mono_ns=7253184099217074][T0xfae1698cb020][TIMING] emit_host_span: [STRACE] v=1 pid=2091986 tid=2091986 inv=1 hid=fe2003bfef4e0f07 depth=0 name=chip.run ts=7253127986763261 dur=56112451373 run_id=1 dispatch_id=1 slot_id=0 generation=1 run_epoch=1
[mono_ns=7253184099218705][T0xfae00c62cca0][TIMING] emit_host_span: [STRACE] v=1 pid=2087192 tid=2096201 inv=1 hid=dfdfaa4fc739274 depth=0 name=node.complete ts=7253184099210574 dur=3220 run_id=1 task_slot=6 group_index=0 worker_id=6 dispatch_id=1 endpoint_kind=local_mailbox prepare_only=0 role=worker outcome=1
[mono_ns=7253184099240035][T0xfae00c62cca0][TIMING] emit_host_span: [STRACE] v=1 pid=2087192 tid=2096201 inv=0 hid=0 depth=0 name=node.scheduler_loop ts=7253184099201184 dur=34711 role=scheduler drained=1 dispatched=0 drain_ns=31191 spins=9407
[mono_ns=7253184099622951][T0xfae00c62cca0][TIMING] emit_host_span: [STRACE] v=1 pid=2087192 tid=2096201 inv=1 hid=dfdfaa4fc739274 depth=0 name=node.complete ts=7253184099617761 dur=1570 run_id=1 task_slot=4 group_index=0 worker_id=4 dispatch_id=1 endpoint_kind=local_mailbox prepare_only=0 role=worker outcome=1
[mono_ns=7253184099637862][T0xfae00c62cca0][TIMING] emit_host_span: [STRACE] v=1 pid=2087192 tid=2096201 inv=0 hid=0 depth=0 name=node.scheduler_loop ts=7253184099611371 dur=22881 role=scheduler drained=1 dispatched=0 drain_ns=19451 spins=107
[mono_ns=7253184100607669][T0xfae1698cb020][ERROR] sync_stream_pair: [device_runner_base.cpp:1775] aclrtSynchronizeStreamWithTimeout (AICPU) failed: 507018
[mono_ns=7253184100640969][T0xfae1698cb020][ERROR] sync_stream_pair: [device_runner_base.cpp:1776] ACL error detail: 507018 ACL_ERROR_RT_AICPU_EXCEPTION - an AICPU task raised an exception; several distinct on-device mechanisms all surface as this one generic code
[mono_ns=7253184100644349][T0xfae1698cb020][ERROR] sync_stream_pair: [device_runner_base.cpp:1776] ACL error hint: do NOT read this as 'deadlock' or 'OOM' on its own -- it is a generic host-side code. Grep the host log for 'orch_error_code=' / 'sched_error_code=' / 'sub_class=' to get the device-classified reason, and read the device log for the detector that fired. See docs/troubleshooting/device-error-codes.md
[mono_ns=7253184101018106][T0xfae1698cb020][ERROR] sync_stream_pair: [device_runner_base.cpp:1776] ACL recent error message: EE9999: Inner Error!
EE9999[PID: 2092032] 2026-09-10-14:04:02.291.949 (EE9999):  This device does not support cross-server communication drv devId=7 localServerId=1023err:0x702001d[FUNC:ExportToShareableHandleV2][FILE:api_impl.cc][LINE:7120]
        TraceBack (most recent call last):
       rtMemExportToShareableHandleV2 execution failed, reason=driver error:feature not support[FUNC~
[mono_ns=7253184101390442][T0xfae1698cb020][ERROR] recover_device_or_mark_unusable: [device_runner.cpp:763] AICore error 507018: bounded device drain failed: 507014 (force reset will follow in finalize)
[mono_ns=7253184101422273][T0xfae1698cb020][TIMING] emit_host_span: [STRACE] v=1 pid=2092032 tid=2092032 inv=1 hid=fe2003bfef4e0f07 depth=1 name=chip.run.runner_run ts=7253127987538035 dur=56113879148 
[mono_ns=7253184101585535][T0xfae1698cb020][ERROR] validate_runtime_impl: [runtime_maker.cpp:945] simpler runtime failed: orch_error_code=0 sched_error_code=100 runtime_status=-100
[mono_ns=7253184101599116][T0xfae1698cb020][ERROR] validate_runtime_impl: [runtime_maker.cpp:945] error detail: sched_error_code=100 SCHEDULER_TIMEOUT - the scheduler saw no forward progress within its timeout; the sub_class= line below carries the device-classified reason and locators
[mono_ns=7253184101602266][T0xfae1698cb020][ERROR] validate_runtime_impl: [runtime_maker.cpp:945] error hint: read the sub_class= line below first, then follow the S1-S5 table in the doc; raise SIMPLER_SCHEDULER_TIMEOUT_MS to tell a true deadlock apart from a merely slow kernel. See docs/troubleshooting/device-error-codes.md
[mono_ns=7253184101606396][T0xfae1698cb020][ERROR] validate_runtime_impl: [runtime_maker.cpp:951] scheduler timeout sub_class=S1:running-stalled (detail=1) completed=1/3 running=1 ready=0 waiting=1 orch_done=1 stuck_task_id=4294967297 stuck_core=24
[mono_ns=7253184101609606][T0xfae1698cb020][WARN] validate_runtime_impl: [runtime_maker.cpp:967] Skipping tensor copy-back because execution failed
[mono_ns=7253184101617336][T0xfae1698cb020][TIMING] emit_host_span: [STRACE] v=1 pid=2092032 tid=2092032 inv=1 hid=fe2003bfef4e0f07 depth=1 name=chip.run.validate ts=7253184101426593 dur=187613 
[mono_ns=7253184101623556][T0xfae1698cb020][TIMING] emit_host_span: [STRACE] v=1 pid=2092032 tid=2092032 inv=1 hid=fe2003bfef4e0f07 depth=1 name=chip.run.claim_release ts=7253184101621246 dur=400 
[mono_ns=7253184101632436][T0xfae1698cb020][TIMING] emit_host_span: [STRACE] v=1 pid=2092032 tid=2092032 inv=1 hid=fe2003bfef4e0f07 depth=0 name=chip.run ts=7253127986203780 dur=56115426436 run_id=1 dispatch_id=1 slot_id=0 generation=1 run_epoch=1
[mono_ns=7253184102323908][T0xfae00c62cca0][TIMING] emit_host_span: [STRACE] v=1 pid=2087192 tid=2096201 inv=1 hid=dfdfaa4fc739274 depth=0 name=node.complete ts=7253184102318888 dur=1540 run_id=1 task_slot=7 group_index=0 worker_id=7 dispatch_id=1 endpoint_kind=local_mailbox prepare_only=0 role=worker outcome=1
[mono_ns=7253184102350469][T0xfae00c62cca0][TIMING] emit_host_span: [STRACE] v=1 pid=2087192 tid=2096201 inv=0 hid=0 depth=0 name=node.scheduler_loop ts=7253184102312128 dur=34621 role=scheduler drained=1 dispatched=0 drain_ns=34451 spins=770
[mono_ns=7253184103688262][T0xfae1698cb020][TIMING] emit_host_span: [STRACE] v=1 pid=2087192 tid=2087192 inv=1 hid=0 depth=0 name=node.post_fence_retirement ts=7253184102337758 dur=1339704 run_id=1 slot_id=0 generation=1 role=facade
[mono_ns=7253184482894166][T0xfae1698cb020][ERROR] destroy_comm_stream: [device_runner.cpp:199] aclrtSynchronizeStream during stream teardown failed: 507901
[mono_ns=7253186129352940][T0xfae1698cb020][WARN] force_reset_device: [device_runner.cpp:923] force_reset_device: aclrtResetDeviceForce(1) established a usable device generation (probe confirmed)
[mono_ns=7253186323505878][T0xfae1698cb020][WARN] finalize_common_impl: [device_runner_base.cpp:1426] Fatal teardown: force reset/quarantine finished; skipping per-resource RTS destroy/free calls
[mono_ns=7253186323847234][T0xfae1698cb020][WARN] finalize_common_impl: [device_runner_base.cpp:1571] Fatal teardown: host-side ownership cleared without further device calls
[mono_ns=7253186378162880][T0xfae1698cb020][WARN] force_reset_device: [device_runner.cpp:923] force_reset_device: aclrtResetDeviceForce(7) established a usable device generation (probe confirmed)
[mono_ns=7253186380894688][T0xfae1698cb020][WARN] force_reset_device: [device_runner.cpp:923] force_reset_device: aclrtResetDeviceForce(4) established a usable device generation (probe confirmed)
[mono_ns=7253186395830095][T0xfae1698cb020][WARN] force_reset_device: [device_runner.cpp:923] force_reset_device: aclrtResetDeviceForce(2) established a usable device generation (probe confirmed)
[mono_ns=7253186404548215][T0xfae1698cb020][WARN] force_reset_device: [device_runner.cpp:923] force_reset_device: aclrtResetDeviceForce(0) established a usable device generation (probe confirmed)
[mono_ns=7253186428767393][T0xfae1698cb020][WARN] force_reset_device: [device_runner.cpp:923] force_reset_device: aclrtResetDeviceForce(6) established a usable device generation (probe confirmed)
[mono_ns=7253186432396496][T0xfae1698cb020][WARN] force_reset_device: [device_runner.cpp:923] force_reset_device: aclrtResetDeviceForce(5) established a usable device generation (probe confirmed)
[mono_ns=7253186438095614][T0xfae1698cb020][WARN] force_reset_device: [device_runner.cpp:923] force_reset_device: aclrtResetDeviceForce(3) established a usable device generation (probe confirmed)
[mono_ns=7253186581785451][T0xfae1698cb020][WARN] finalize_common_impl: [device_runner_base.cpp:1426] Fatal teardown: force reset/quarantine finished; skipping per-resource RTS destroy/free calls
[mono_ns=7253186582110896][T0xfae1698cb020][WARN] finalize_common_impl: [device_runner_base.cpp:1571] Fatal teardown: host-side ownership cleared without further device calls
[mono_ns=7253186601598682][T0xfae1698cb020][WARN] finalize_common_impl: [device_runner_base.cpp:1426] Fatal teardown: force reset/quarantine finished; skipping per-resource RTS destroy/free calls
[mono_ns=7253186601807125][T0xfae1698cb020][WARN] finalize_common_impl: [device_runner_base.cpp:1571] Fatal teardown: host-side ownership cleared without further device calls
[mono_ns=7253186608831436][T0xfae1698cb020][WARN] finalize_common_impl: [device_runner_base.cpp:1426] Fatal teardown: force reset/quarantine finished; skipping per-resource RTS destroy/free calls
[mono_ns=7253186609196543][T0xfae1698cb020][WARN] finalize_common_impl: [device_runner_base.cpp:1571] Fatal teardown: host-side ownership cleared without further device calls
[mono_ns=7253186644584482][T0xfae1698cb020][WARN] finalize_common_impl: [device_runner_base.cpp:1426] Fatal teardown: force reset/quarantine finished; skipping per-resource RTS destroy/free calls
[mono_ns=7253186644761665][T0xfae1698cb020][WARN] finalize_common_impl: [device_runner_base.cpp:1571] Fatal teardown: host-side ownership cleared without further device calls
[mono_ns=7253186645236073][T0xfae1698cb020][WARN] finalize_common_impl: [device_runner_base.cpp:1426] Fatal teardown: force reset/quarantine finished; skipping per-resource RTS destroy/free calls
[mono_ns=7253186645399116][T0xfae1698cb020][WARN] finalize_common_impl: [device_runner_base.cpp:1571] Fatal teardown: host-side ownership cleared without further device calls
[mono_ns=7253186680892428][T0xfae1698cb020][WARN] finalize_common_impl: [device_runner_base.cpp:1426] Fatal teardown: force reset/quarantine finished; skipping per-resource RTS destroy/free calls
[mono_ns=7253186681283084][T0xfae1698cb020][WARN] finalize_common_impl: [device_runner_base.cpp:1571] Fatal teardown: host-side ownership cleared without further device calls
[mono_ns=7253186733908871][T0xfae1698cb020][WARN] finalize_common_impl: [device_runner_base.cpp:1426] Fatal teardown: force reset/quarantine finished; skipping per-resource RTS destroy/free calls
[mono_ns=7253186734222836][T0xfae1698cb020][WARN] finalize_common_impl: [device_runner_base.cpp:1571] Fatal teardown: host-side ownership cleared without further device calls
[mono_ns=7253186923752620][T0xfae1698cb020][WARN] finalize: [device_runner.cpp:1062] DeviceRunner finalized after fatal device failure
[mono_ns=7253186966360844][T0xfae1698cb020][WARN] finalize: [device_runner.cpp:1062] DeviceRunner finalized after fatal device failure
[mono_ns=7253187221211714][T0xfae1698cb020][WARN] finalize: [device_runner.cpp:1062] DeviceRunner finalized after fatal device failure
[mono_ns=7253187495826334][T0xfae1698cb020][WARN] finalize: [device_runner.cpp:1062] DeviceRunner finalized after fatal device failure
[mono_ns=7253187551106175][T0xfae1698cb020][WARN] finalize: [device_runner.cpp:1062] DeviceRunner finalized after fatal device failure
[mono_ns=7253187581667711][T0xfae1698cb020][WARN] finalize: [device_runner.cpp:1062] DeviceRunner finalized after fatal device failure
[mono_ns=7253187592679060][T0xfae1698cb020][WARN] finalize: [device_runner.cpp:1062] DeviceRunner finalized after fatal device failure
[mono_ns=7253187611439523][T0xfae1698cb020][WARN] finalize: [device_runner.cpp:1062] DeviceRunner finalized after fatal device failure
Traceback (most recent call last):
  File "/opt/pypto-profiling/collectives/a1_alltoallv/harness/all_to_all_v_benchmark.py", line 980, in _timed_session
    runtime.run(compiled, inputs, send_counts, outputs, recv_out, config=run_config)
  File "/opt/pypto/python/pypto/runtime/distributed_runner.py", line 3113, in run
    return self.submit(compiled, *args, config=config).result()
  File "/opt/pypto/python/pypto/runtime/distributed_runner.py", line 234, in result
    raise error
  File "/opt/pypto/python/pypto/runtime/distributed_runner.py", line 197, in result
    native_handle.result(timeout=remaining)
  File "/opt/pypto/runtime/python/simpler/worker.py", line 4401, in result
    self.wait(timeout)
  File "/opt/pypto/runtime/python/simpler/worker.py", line 4392, in wait
    raise published_error
  File "/opt/pypto/runtime/python/simpler/worker.py", line 4346, in wait
    completed = self._worker._wait_run_handle(run_id, remaining)
  File "/opt/pypto/runtime/python/simpler/worker.py", line 11580, in _wait_run_handle
    self._orch._wait_run(run_id)
  File "/opt/pypto/runtime/python/simpler/orchestrator.py", line 840, in _wait_run
    self._o._wait_run(run_id)
RuntimeError: LocalMailboxEndpoint child failed (worker_id=0, code=1): chip_process dev=0: chip run: RuntimeError: chip run lane is poisoned: finalize_native_run failed with code -100 (run_id=1 slot=0 generation=1 dispatch_id=1 run_epoch=1)

During handling of the above exception, another exception occurred:

Traceback (most recent call last):
  File "/opt/pypto-profiling/collectives/a1_alltoallv/harness/all_to_all_v_benchmark.py", line 1202, in <module>
    raise SystemExit(main())
  File "/opt/pypto-profiling/collectives/a1_alltoallv/harness/all_to_all_v_benchmark.py", line 1191, in main
    doc = run_benchmark(args, shape)
  File "/opt/pypto-profiling/collectives/a1_alltoallv/harness/all_to_all_v_benchmark.py", line 1049, in run_benchmark
    host_slots, slot_rank = _timed_session(
  File "/opt/pypto-profiling/collectives/a1_alltoallv/harness/all_to_all_v_benchmark.py", line 975, in _timed_session
    with compiled.prepare(
  File "/opt/pypto/python/pypto/runtime/distributed_runner.py", line 3057, in __exit__
    self.close()
  File "/opt/pypto/python/pypto/runtime/distributed_runner.py", line 3048, in close
    raise first_error
  File "/opt/pypto/python/pypto/runtime/distributed_runner.py", line 3034, in close
    self._w.close()
  File "/opt/pypto/runtime/python/simpler/worker.py", line 12134, in close
    raise result
  File "/opt/pypto/runtime/python/simpler/worker.py", line 12056, in close
    self._teardown_ready_tree()
  File "/opt/pypto/runtime/python/simpler/worker.py", line 12469, in _teardown_ready_tree
    self._teardown_worker_tree(startup_abort=False)
  File "/opt/pypto/runtime/python/simpler/worker.py", line 12352, in _teardown_worker_tree
    raise journal_err
  File "/opt/pypto/runtime/python/simpler/worker.py", line 3882, in drive
    cleanup_fn()
  File "/opt/pypto/runtime/python/simpler/worker.py", line 10252, in _release_all_live_domains
    _raise_first(_release, list(live_domains.values())[::-1])
  File "/opt/pypto/runtime/python/simpler/worker.py", line 1107, in _raise_first
    raise first_error
  File "/opt/pypto/runtime/python/simpler/worker.py", line 1102, in _raise_first
    step(item)
  File "/opt/pypto/runtime/python/simpler/worker.py", line 10247, in _release
    self._release_domain_now(handle)
  File "/opt/pypto/runtime/python/simpler/worker.py", line 9248, in _release_domain_now
    raise result.error
  File "/opt/pypto/runtime/python/simpler/worker.py", line 1339, in invoke
    result.value = operation()
  File "/opt/pypto/runtime/python/simpler/worker.py", line 9232, in release_claim
    self._release_domain_claimed(handle)
  File "/opt/pypto/runtime/python/simpler/worker.py", line 9293, in _release_domain_claimed
    _run_with_owned_shared_memory(
  File "/opt/pypto/runtime/python/simpler/worker.py", line 1643, in _run_with_owned_shared_memory
    raise result.error
  File "/opt/pypto/runtime/python/simpler/worker.py", line 1339, in invoke
    result.value = operation()
  File "/opt/pypto/runtime/python/simpler/worker.py", line 1636, in run_lifecycle
    raise operation_error
  File "/opt/pypto/runtime/python/simpler/worker.py", line 1623, in run_lifecycle
    value = operation(owner)
  File "/opt/pypto/runtime/python/simpler/worker.py", line 9281, in release
    self._dispatch_control_domain(
  File "/opt/pypto/runtime/python/simpler/worker.py", line 9334, in _dispatch_control_domain
    raise RuntimeError(
RuntimeError: release_domain(allocation_id=0) failed on 8/8 chips; first error chip=2: control_release_domain: child process pid=2091936 exited before mailbox completion (exit_status=0)
/usr/lib/python3.10/multiprocessing/resource_tracker.py:224: UserWarning: resource_tracker: There appear to be 8 leaked shared_memory objects to clean up at shutdown
  warnings.warn('resource_tracker: There appear to be %d '

