[mono_ns=7230057408930373][T0xe4b2721fb020][TIMING] emit_host_span: [STRACE] v=1 pid=123586 tid=123586 inv=1 hid=91fefa9ac2368864 depth=2 name=chip.run.bind.args ts=7230057408828923 dur=95020 
[mono_ns=7230057408949183][T0xe4b2721fb020][TIMING] emit_host_span: [STRACE] v=1 pid=123586 tid=123586 inv=1 hid=91fefa9ac2368864 depth=2 name=chip.run.bind.prebuilt ts=7230057408943963 dur=2570 
[mono_ns=7230057408954603][T0xe4b2721fb020][TIMING] emit_host_span: [STRACE] v=1 pid=123586 tid=123586 inv=1 hid=91fefa9ac2368864 depth=1 name=chip.run.bind ts=7230057408409970 dur=542463 
[mono_ns=7230057523627974][T0xe4b2721fb020][TIMING] emit_host_span: [STRACE] v=1 pid=123586 tid=123586 inv=1 hid=91fefa9ac2368864 depth=1 name=chip.run.runner_run ts=7230057409616027 dur=114003047 
[mono_ns=7230057523735524][T0xe4b2721fb020][TIMING] emit_host_span: [STRACE] v=1 pid=123586 tid=123586 inv=1 hid=91fefa9ac2368864 depth=1 name=chip.run.validate ts=7230057523644094 dur=87680 
[mono_ns=7230057523746464][T0xe4b2721fb020][TIMING] emit_host_span: [STRACE] v=1 pid=123586 tid=123586 inv=1 hid=91fefa9ac2368864 depth=2 name=chip.run.runner_run.device_wall ts=0 dur=534640 clk=dev
[mono_ns=7230057523751114][T0xe4b2721fb020][TIMING] emit_host_span: [STRACE] v=1 pid=123586 tid=123586 inv=1 hid=91fefa9ac2368864 depth=3 name=chip.run.runner_run.device_wall.preamble ts=0 dur=152540 clk=dev
[mono_ns=7230057523755694][T0xe4b2721fb020][TIMING] emit_host_span: [STRACE] v=1 pid=123586 tid=123586 inv=1 hid=91fefa9ac2368864 depth=3 name=chip.run.runner_run.device_wall.graph_build ts=38420 dur=476180 clk=dev
[mono_ns=7230057523759274][T0xe4b2721fb020][TIMING] emit_host_span: [STRACE] v=1 pid=123586 tid=123586 inv=1 hid=91fefa9ac2368864 depth=3 name=chip.run.runner_run.device_wall.config_validate ts=42300 dur=3380 clk=dev
[mono_ns=7230057523764524][T0xe4b2721fb020][TIMING] emit_host_span: [STRACE] v=1 pid=123586 tid=123586 inv=1 hid=91fefa9ac2368864 depth=3 name=chip.run.runner_run.device_wall.arena_wire ts=45720 dur=12220 clk=dev
[mono_ns=7230057523769764][T0xe4b2721fb020][TIMING] emit_host_span: [STRACE] v=1 pid=123586 tid=123586 inv=1 hid=91fefa9ac2368864 depth=3 name=chip.run.runner_run.device_wall.sm_reset ts=57980 dur=17940 clk=dev
[mono_ns=7230057523774244][T0xe4b2721fb020][TIMING] emit_host_span: [STRACE] v=1 pid=123586 tid=123586 inv=1 hid=91fefa9ac2368864 depth=3 name=chip.run.runner_run.device_wall.post_orch ts=514659 dur=16079 clk=dev
[mono_ns=7230057523778244][T0xe4b2721fb020][TIMING] emit_host_span: [STRACE] v=1 pid=123586 tid=123586 inv=1 hid=91fefa9ac2368864 depth=3 name=chip.run.runner_run.device_wall.orch ts=81180 dur=46040 clk=dev
[mono_ns=7230057523782074][T0xe4b2721fb020][TIMING] emit_host_span: [STRACE] v=1 pid=123586 tid=123586 inv=1 hid=91fefa9ac2368864 depth=3 name=chip.run.runner_run.device_wall.sched ts=154340 dur=337920 clk=dev
[mono_ns=7230057523788064][T0xe4b2721fb020][TIMING] emit_host_span: [STRACE] v=1 pid=123586 tid=123586 inv=1 hid=91fefa9ac2368864 depth=1 name=chip.run.claim_release ts=7230057523785684 dur=640 
[mono_ns=7230057523793845][T0xe4b2721fb020][TIMING] emit_host_span: [STRACE] v=1 pid=123586 tid=123586 inv=1 hid=91fefa9ac2368864 depth=0 name=chip.run ts=7230057408379260 dur=115412574 run_id=1 dispatch_id=1 slot_id=0 generation=1 run_epoch=1
[mono_ns=7230057540473583][T0xe4b2721fb020][TIMING] emit_host_span: [STRACE] v=1 pid=123586 tid=123586 inv=2 hid=91fefa9ac2368864 depth=2 name=chip.run.bind.args ts=7230057540336253 dur=131530 
[mono_ns=7230057540491423][T0xe4b2721fb020][TIMING] emit_host_span: [STRACE] v=1 pid=123586 tid=123586 inv=2 hid=91fefa9ac2368864 depth=2 name=chip.run.bind.prebuilt ts=7230057540486393 dur=2540 
[mono_ns=7230057540498773][T0xe4b2721fb020][TIMING] emit_host_span: [STRACE] v=1 pid=123586 tid=123586 inv=2 hid=91fefa9ac2368864 depth=1 name=chip.run.bind ts=7230057540325733 dur=170800 
[mono_ns=7230057598331491][T0xe4b114f9aca0][WARN] copy_aicore_buffer: [chip_swimlane_collector.cpp:689] Core 2: skipped 1024 AICore record slot(s) with start_time=0 (race-window write or recycled-buffer tail). buf seq=0 count=1024
[mono_ns=7230057598335131][T0xe4b115fbaca0][WARN] copy_aicore_buffer: [chip_swimlane_collector.cpp:689] Core 0: skipped 1024 AICore record slot(s) with start_time=0 (race-window write or recycled-buffer tail). buf seq=0 count=1024
[mono_ns=7230057598372752][T0xe4b1157aaca0][WARN] copy_aicore_buffer: [chip_swimlane_collector.cpp:689] Core 1: skipped 1024 AICore record slot(s) with start_time=0 (race-window write or recycled-buffer tail). buf seq=0 count=1024
[mono_ns=7230057598661513][T0xe4b115fbaca0][WARN] copy_aicore_buffer: [chip_swimlane_collector.cpp:689] Core 24: skipped 1024 AICore record slot(s) with start_time=0 (race-window write or recycled-buffer tail). buf seq=0 count=1024
[mono_ns=7230057598667433][T0xe4b114f9aca0][WARN] copy_aicore_buffer: [chip_swimlane_collector.cpp:689] Core 28: skipped 1023 AICore record slot(s) with start_time=0 (race-window write or recycled-buffer tail). buf seq=0 count=1024
[mono_ns=7230057598695103][T0xe4b1157aaca0][WARN] copy_aicore_buffer: [chip_swimlane_collector.cpp:689] Core 26: skipped 1022 AICore record slot(s) with start_time=0 (race-window write or recycled-buffer tail). buf seq=0 count=1024
[mono_ns=7230057598985635][T0xe4b114f9aca0][WARN] copy_aicore_buffer: [chip_swimlane_collector.cpp:689] Core 29: skipped 1024 AICore record slot(s) with start_time=0 (race-window write or recycled-buffer tail). buf seq=0 count=1024
[mono_ns=7230057598985545][T0xe4b115fbaca0][WARN] copy_aicore_buffer: [chip_swimlane_collector.cpp:689] Core 25: skipped 1024 AICore record slot(s) with start_time=0 (race-window write or recycled-buffer tail). buf seq=0 count=1024
[mono_ns=7230057599041715][T0xe4b1157aaca0][WARN] copy_aicore_buffer: [chip_swimlane_collector.cpp:689] Core 27: skipped 1024 AICore record slot(s) with start_time=0 (race-window write or recycled-buffer tail). buf seq=0 count=1024
[mono_ns=7230057599311847][T0xe4b115fbaca0][WARN] copy_aicore_buffer: [chip_swimlane_collector.cpp:689] Core 3: skipped 1024 AICore record slot(s) with start_time=0 (race-window write or recycled-buffer tail). buf seq=0 count=1024
[mono_ns=7230057599325367][T0xe4b114f9aca0][WARN] copy_aicore_buffer: [chip_swimlane_collector.cpp:689] Core 5: skipped 1024 AICore record slot(s) with start_time=0 (race-window write or recycled-buffer tail). buf seq=0 count=1024
[mono_ns=7230057599357797][T0xe4b1157aaca0][WARN] copy_aicore_buffer: [chip_swimlane_collector.cpp:689] Core 4: skipped 1024 AICore record slot(s) with start_time=0 (race-window write or recycled-buffer tail). buf seq=0 count=1024
[mono_ns=7230057599643798][T0xe4b115fbaca0][WARN] copy_aicore_buffer: [chip_swimlane_collector.cpp:689] Core 30: skipped 1024 AICore record slot(s) with start_time=0 (race-window write or recycled-buffer tail). buf seq=0 count=1024
[mono_ns=7230057599650648][T0xe4b114f9aca0][WARN] copy_aicore_buffer: [chip_swimlane_collector.cpp:689] Core 34: skipped 1024 AICore record slot(s) with start_time=0 (race-window write or recycled-buffer tail). buf seq=0 count=1024
[mono_ns=7230057599688329][T0xe4b1157aaca0][WARN] copy_aicore_buffer: [chip_swimlane_collector.cpp:689] Core 32: skipped 1024 AICore record slot(s) with start_time=0 (race-window write or recycled-buffer tail). buf seq=0 count=1024
[mono_ns=7230057599969920][T0xe4b115fbaca0][WARN] copy_aicore_buffer: [chip_swimlane_collector.cpp:689] Core 31: skipped 1024 AICore record slot(s) with start_time=0 (race-window write or recycled-buffer tail). buf seq=0 count=1024
[mono_ns=7230057599973240][T0xe4b114f9aca0][WARN] copy_aicore_buffer: [chip_swimlane_collector.cpp:689] Core 35: skipped 1024 AICore record slot(s) with start_time=0 (race-window write or recycled-buffer tail). buf seq=0 count=1024
[mono_ns=7230057600027460][T0xe4b1157aaca0][WARN] copy_aicore_buffer: [chip_swimlane_collector.cpp:689] Core 33: skipped 1024 AICore record slot(s) with start_time=0 (race-window write or recycled-buffer tail). buf seq=0 count=1024
[mono_ns=7230057600307302][T0xe4b115fbaca0][WARN] copy_aicore_buffer: [chip_swimlane_collector.cpp:689] Core 6: skipped 1024 AICore record slot(s) with start_time=0 (race-window write or recycled-buffer tail). buf seq=0 count=1024
[mono_ns=7230057600351912][T0xe4b1157aaca0][WARN] copy_aicore_buffer: [chip_swimlane_collector.cpp:689] Core 7: skipped 1024 AICore record slot(s) with start_time=0 (race-window write or recycled-buffer tail). buf seq=0 count=1024
[mono_ns=7230057600371962][T0xe4b114f9aca0][WARN] copy_aicore_buffer: [chip_swimlane_collector.cpp:689] Core 8: skipped 1024 AICore record slot(s) with start_time=0 (race-window write or recycled-buffer tail). buf seq=0 count=1024
[mono_ns=7230057600633394][T0xe4b115fbaca0][WARN] copy_aicore_buffer: [chip_swimlane_collector.cpp:689] Core 36: skipped 1024 AICore record slot(s) with start_time=0 (race-window write or recycled-buffer tail). buf seq=0 count=1024
[mono_ns=7230057600676054][T0xe4b1157aaca0][WARN] copy_aicore_buffer: [chip_swimlane_collector.cpp:689] Core 38: skipped 1024 AICore record slot(s) with start_time=0 (race-window write or recycled-buffer tail). buf seq=0 count=1024
[mono_ns=7230057600701314][T0xe4b114f9aca0][WARN] copy_aicore_buffer: [chip_swimlane_collector.cpp:689] Core 40: skipped 1024 AICore record slot(s) with start_time=0 (race-window write or recycled-buffer tail). buf seq=0 count=1024
[mono_ns=7230057600957925][T0xe4b115fbaca0][WARN] copy_aicore_buffer: [chip_swimlane_collector.cpp:689] Core 37: skipped 1024 AICore record slot(s) with start_time=0 (race-window write or recycled-buffer tail). buf seq=0 count=1024
[mono_ns=7230057600998646][T0xe4b1157aaca0][WARN] copy_aicore_buffer: [chip_swimlane_collector.cpp:689] Core 39: skipped 1024 AICore record slot(s) with start_time=0 (race-window write or recycled-buffer tail). buf seq=0 count=1024
[mono_ns=7230057601035666][T0xe4b114f9aca0][WARN] copy_aicore_buffer: [chip_swimlane_collector.cpp:689] Core 41: skipped 1024 AICore record slot(s) with start_time=0 (race-window write or recycled-buffer tail). buf seq=0 count=1024
[mono_ns=7230057601289537][T0xe4b115fbaca0][WARN] copy_aicore_buffer: [chip_swimlane_collector.cpp:689] Core 9: skipped 1024 AICore record slot(s) with start_time=0 (race-window write or recycled-buffer tail). buf seq=0 count=1024
[mono_ns=7230057601331247][T0xe4b1157aaca0][WARN] copy_aicore_buffer: [chip_swimlane_collector.cpp:689] Core 10: skipped 1024 AICore record slot(s) with start_time=0 (race-window write or recycled-buffer tail). buf seq=0 count=1024
[mono_ns=7230057601360157][T0xe4b114f9aca0][WARN] copy_aicore_buffer: [chip_swimlane_collector.cpp:689] Core 11: skipped 1024 AICore record slot(s) with start_time=0 (race-window write or recycled-buffer tail). buf seq=0 count=1024
[mono_ns=7230057601612409][T0xe4b115fbaca0][WARN] copy_aicore_buffer: [chip_swimlane_collector.cpp:689] Core 42: skipped 1024 AICore record slot(s) with start_time=0 (race-window write or recycled-buffer tail). buf seq=0 count=1024
[mono_ns=7230057601654629][T0xe4b1157aaca0][WARN] copy_aicore_buffer: [chip_swimlane_collector.cpp:689] Core 44: skipped 1024 AICore record slot(s) with start_time=0 (race-window write or recycled-buffer tail). buf seq=0 count=1024
[mono_ns=7230057601684689][T0xe4b114f9aca0][WARN] copy_aicore_buffer: [chip_swimlane_collector.cpp:689] Core 46: skipped 1024 AICore record slot(s) with start_time=0 (race-window write or recycled-buffer tail). buf seq=0 count=1024
[mono_ns=7230057601934270][T0xe4b115fbaca0][WARN] copy_aicore_buffer: [chip_swimlane_collector.cpp:689] Core 43: skipped 1024 AICore record slot(s) with start_time=0 (race-window write or recycled-buffer tail). buf seq=0 count=1024
[mono_ns=7230057601977531][T0xe4b1157aaca0][WARN] copy_aicore_buffer: [chip_swimlane_collector.cpp:689] Core 45: skipped 1024 AICore record slot(s) with start_time=0 (race-window write or recycled-buffer tail). buf seq=0 count=1024
[mono_ns=7230057602019441][T0xe4b114f9aca0][WARN] copy_aicore_buffer: [chip_swimlane_collector.cpp:689] Core 47: skipped 1024 AICore record slot(s) with start_time=0 (race-window write or recycled-buffer tail). buf seq=0 count=1024
[mono_ns=7230057602264542][T0xe4b115fbaca0][WARN] copy_aicore_buffer: [chip_swimlane_collector.cpp:689] Core 12: skipped 1024 AICore record slot(s) with start_time=0 (race-window write or recycled-buffer tail). buf seq=0 count=1024
[mono_ns=7230057602306902][T0xe4b1157aaca0][WARN] copy_aicore_buffer: [chip_swimlane_collector.cpp:689] Core 13: skipped 1024 AICore record slot(s) with start_time=0 (race-window write or recycled-buffer tail). buf seq=0 count=1024
[mono_ns=7230057602342223][T0xe4b114f9aca0][WARN] copy_aicore_buffer: [chip_swimlane_collector.cpp:689] Core 14: skipped 1024 AICore record slot(s) with start_time=0 (race-window write or recycled-buffer tail). buf seq=0 count=1024
[mono_ns=7230057602590924][T0xe4b115fbaca0][WARN] copy_aicore_buffer: [chip_swimlane_collector.cpp:689] Core 48: skipped 1024 AICore record slot(s) with start_time=0 (race-window write or recycled-buffer tail). buf seq=0 count=1024
[mono_ns=7230057602630924][T0xe4b1157aaca0][WARN] copy_aicore_buffer: [chip_swimlane_collector.cpp:689] Core 50: skipped 1024 AICore record slot(s) with start_time=0 (race-window write or recycled-buffer tail). buf seq=0 count=1024
[mono_ns=7230057602666134][T0xe4b114f9aca0][WARN] copy_aicore_buffer: [chip_swimlane_collector.cpp:689] Core 52: skipped 1024 AICore record slot(s) with start_time=0 (race-window write or recycled-buffer tail). buf seq=0 count=1024
[mono_ns=7230057602914526][T0xe4b115fbaca0][WARN] copy_aicore_buffer: [chip_swimlane_collector.cpp:689] Core 49: skipped 1024 AICore record slot(s) with start_time=0 (race-window write or recycled-buffer tail). buf seq=0 count=1024
[mono_ns=7230057602952596][T0xe4b1157aaca0][WARN] copy_aicore_buffer: [chip_swimlane_collector.cpp:689] Core 51: skipped 1024 AICore record slot(s) with start_time=0 (race-window write or recycled-buffer tail). buf seq=0 count=1024
[mono_ns=7230057602994096][T0xe4b114f9aca0][WARN] copy_aicore_buffer: [chip_swimlane_collector.cpp:689] Core 53: skipped 1024 AICore record slot(s) with start_time=0 (race-window write or recycled-buffer tail). buf seq=0 count=1024
[mono_ns=7230057603249787][T0xe4b115fbaca0][WARN] copy_aicore_buffer: [chip_swimlane_collector.cpp:689] Core 15: skipped 1024 AICore record slot(s) with start_time=0 (race-window write or recycled-buffer tail). buf seq=0 count=1024
[mono_ns=7230057603286748][T0xe4b1157aaca0][WARN] copy_aicore_buffer: [chip_swimlane_collector.cpp:689] Core 16: skipped 1024 AICore record slot(s) with start_time=0 (race-window write or recycled-buffer tail). buf seq=0 count=1024
[mono_ns=7230057603329318][T0xe4b114f9aca0][WARN] copy_aicore_buffer: [chip_swimlane_collector.cpp:689] Core 17: skipped 1024 AICore record slot(s) with start_time=0 (race-window write or recycled-buffer tail). buf seq=0 count=1024
[mono_ns=7230057603572099][T0xe4b115fbaca0][WARN] copy_aicore_buffer: [chip_swimlane_collector.cpp:689] Core 54: skipped 1024 AICore record slot(s) with start_time=0 (race-window write or recycled-buffer tail). buf seq=0 count=1024
[mono_ns=7230057603610579][T0xe4b1157aaca0][WARN] copy_aicore_buffer: [chip_swimlane_collector.cpp:689] Core 56: skipped 1024 AICore record slot(s) with start_time=0 (race-window write or recycled-buffer tail). buf seq=0 count=1024
[mono_ns=7230057603654010][T0xe4b114f9aca0][WARN] copy_aicore_buffer: [chip_swimlane_collector.cpp:689] Core 58: skipped 1024 AICore record slot(s) with start_time=0 (race-window write or recycled-buffer tail). buf seq=0 count=1024
[mono_ns=7230057603894681][T0xe4b115fbaca0][WARN] copy_aicore_buffer: [chip_swimlane_collector.cpp:689] Core 55: skipped 1024 AICore record slot(s) with start_time=0 (race-window write or recycled-buffer tail). buf seq=0 count=1024
[mono_ns=7230057603934321][T0xe4b1157aaca0][WARN] copy_aicore_buffer: [chip_swimlane_collector.cpp:689] Core 57: skipped 1024 AICore record slot(s) with start_time=0 (race-window write or recycled-buffer tail). buf seq=0 count=1024
[mono_ns=7230057603977791][T0xe4b114f9aca0][WARN] copy_aicore_buffer: [chip_swimlane_collector.cpp:689] Core 59: skipped 1024 AICore record slot(s) with start_time=0 (race-window write or recycled-buffer tail). buf seq=0 count=1024
[mono_ns=7230057604229013][T0xe4b115fbaca0][WARN] copy_aicore_buffer: [chip_swimlane_collector.cpp:689] Core 18: skipped 1024 AICore record slot(s) with start_time=0 (race-window write or recycled-buffer tail). buf seq=0 count=1024
[mono_ns=7230057604262233][T0xe4b1157aaca0][WARN] copy_aicore_buffer: [chip_swimlane_collector.cpp:689] Core 19: skipped 1024 AICore record slot(s) with start_time=0 (race-window write or recycled-buffer tail). buf seq=0 count=1024
[mono_ns=7230057604310933][T0xe4b114f9aca0][WARN] copy_aicore_buffer: [chip_swimlane_collector.cpp:689] Core 20: skipped 1024 AICore record slot(s) with start_time=0 (race-window write or recycled-buffer tail). buf seq=0 count=1024
[mono_ns=7230057604551714][T0xe4b115fbaca0][WARN] copy_aicore_buffer: [chip_swimlane_collector.cpp:689] Core 60: skipped 1024 AICore record slot(s) with start_time=0 (race-window write or recycled-buffer tail). buf seq=0 count=1024
[mono_ns=7230057604588295][T0xe4b1157aaca0][WARN] copy_aicore_buffer: [chip_swimlane_collector.cpp:689] Core 62: skipped 1024 AICore record slot(s) with start_time=0 (race-window write or recycled-buffer tail). buf seq=0 count=1024
[mono_ns=7230057604634685][T0xe4b114f9aca0][WARN] copy_aicore_buffer: [chip_swimlane_collector.cpp:689] Core 64: skipped 1024 AICore record slot(s) with start_time=0 (race-window write or recycled-buffer tail). buf seq=0 count=1024
[mono_ns=7230057604874516][T0xe4b115fbaca0][WARN] copy_aicore_buffer: [chip_swimlane_collector.cpp:689] Core 61: skipped 1024 AICore record slot(s) with start_time=0 (race-window write or recycled-buffer tail). buf seq=0 count=1024
[mono_ns=7230057604911046][T0xe4b1157aaca0][WARN] copy_aicore_buffer: [chip_swimlane_collector.cpp:689] Core 63: skipped 1024 AICore record slot(s) with start_time=0 (race-window write or recycled-buffer tail). buf seq=0 count=1024
[mono_ns=7230057604959047][T0xe4b114f9aca0][WARN] copy_aicore_buffer: [chip_swimlane_collector.cpp:689] Core 65: skipped 1024 AICore record slot(s) with start_time=0 (race-window write or recycled-buffer tail). buf seq=0 count=1024
[mono_ns=7230057605208618][T0xe4b115fbaca0][WARN] copy_aicore_buffer: [chip_swimlane_collector.cpp:689] Core 21: skipped 1024 AICore record slot(s) with start_time=0 (race-window write or recycled-buffer tail). buf seq=0 count=1024
[mono_ns=7230057605242588][T0xe4b1157aaca0][WARN] copy_aicore_buffer: [chip_swimlane_collector.cpp:689] Core 22: skipped 1024 AICore record slot(s) with start_time=0 (race-window write or recycled-buffer tail). buf seq=0 count=1024
[mono_ns=7230057605289268][T0xe4b114f9aca0][WARN] copy_aicore_buffer: [chip_swimlane_collector.cpp:689] Core 23: skipped 1024 AICore record slot(s) with start_time=0 (race-window write or recycled-buffer tail). buf seq=0 count=1024
[mono_ns=7230057605532940][T0xe4b115fbaca0][WARN] copy_aicore_buffer: [chip_swimlane_collector.cpp:689] Core 66: skipped 1024 AICore record slot(s) with start_time=0 (race-window write or recycled-buffer tail). buf seq=0 count=1024
[mono_ns=7230057605566150][T0xe4b1157aaca0][WARN] copy_aicore_buffer: [chip_swimlane_collector.cpp:689] Core 68: skipped 1024 AICore record slot(s) with start_time=0 (race-window write or recycled-buffer tail). buf seq=0 count=1024
[mono_ns=7230057605612710][T0xe4b114f9aca0][WARN] copy_aicore_buffer: [chip_swimlane_collector.cpp:689] Core 70: skipped 1024 AICore record slot(s) with start_time=0 (race-window write or recycled-buffer tail). buf seq=0 count=1024
[mono_ns=7230057605856291][T0xe4b115fbaca0][WARN] copy_aicore_buffer: [chip_swimlane_collector.cpp:689] Core 67: skipped 1024 AICore record slot(s) with start_time=0 (race-window write or recycled-buffer tail). buf seq=0 count=1024
[mono_ns=7230057605888002][T0xe4b1157aaca0][WARN] copy_aicore_buffer: [chip_swimlane_collector.cpp:689] Core 69: skipped 1024 AICore record slot(s) with start_time=0 (race-window write or recycled-buffer tail). buf seq=0 count=1024
[mono_ns=7230057605936952][T0xe4b114f9aca0][WARN] copy_aicore_buffer: [chip_swimlane_collector.cpp:689] Core 71: skipped 1024 AICore record slot(s) with start_time=0 (race-window write or recycled-buffer tail). buf seq=0 count=1024
[mono_ns=7230057706460837][T0xe4b2721fb020][TIMING] emit_host_span: [STRACE] v=1 pid=123586 tid=123586 inv=2 hid=91fefa9ac2368864 depth=1 name=chip.run.runner_run ts=7230057596219660 dur=110234237 
[mono_ns=7230057706536197][T0xe4b2721fb020][TIMING] emit_host_span: [STRACE] v=1 pid=123586 tid=123586 inv=2 hid=91fefa9ac2368864 depth=1 name=chip.run.validate ts=7230057706472337 dur=60260 
[mono_ns=7230057706547547][T0xe4b2721fb020][TIMING] emit_host_span: [STRACE] v=1 pid=123586 tid=123586 inv=2 hid=91fefa9ac2368864 depth=2 name=chip.run.runner_run.device_wall ts=0 dur=228459 clk=dev
[mono_ns=7230057706552857][T0xe4b2721fb020][TIMING] emit_host_span: [STRACE] v=1 pid=123586 tid=123586 inv=2 hid=91fefa9ac2368864 depth=3 name=chip.run.runner_run.device_wall.preamble ts=0 dur=135460 clk=dev
[mono_ns=7230057706556947][T0xe4b2721fb020][TIMING] emit_host_span: [STRACE] v=1 pid=123586 tid=123586 inv=2 hid=91fefa9ac2368864 depth=3 name=chip.run.runner_run.device_wall.graph_build ts=130900 dur=87140 clk=dev
[mono_ns=7230057706560407][T0xe4b2721fb020][TIMING] emit_host_span: [STRACE] v=1 pid=123586 tid=123586 inv=2 hid=91fefa9ac2368864 depth=3 name=chip.run.runner_run.device_wall.config_validate ts=131400 dur=899 clk=dev
[mono_ns=7230057706564677][T0xe4b2721fb020][TIMING] emit_host_span: [STRACE] v=1 pid=123586 tid=123586 inv=2 hid=91fefa9ac2368864 depth=3 name=chip.run.runner_run.device_wall.arena_wire ts=132360 dur=560 clk=dev
[mono_ns=7230057706569418][T0xe4b2721fb020][TIMING] emit_host_span: [STRACE] v=1 pid=123586 tid=123586 inv=2 hid=91fefa9ac2368864 depth=3 name=chip.run.runner_run.device_wall.sm_reset ts=132980 dur=679 clk=dev
[mono_ns=7230057706573288][T0xe4b2721fb020][TIMING] emit_host_span: [STRACE] v=1 pid=123586 tid=123586 inv=2 hid=91fefa9ac2368864 depth=3 name=chip.run.runner_run.device_wall.post_orch ts=218120 dur=10200 clk=dev
[mono_ns=7230057706577278][T0xe4b2721fb020][TIMING] emit_host_span: [STRACE] v=1 pid=123586 tid=123586 inv=2 hid=91fefa9ac2368864 depth=3 name=chip.run.runner_run.device_wall.orch ts=133720 dur=5100 clk=dev
[mono_ns=7230057706581838][T0xe4b2721fb020][TIMING] emit_host_span: [STRACE] v=1 pid=123586 tid=123586 inv=2 hid=91fefa9ac2368864 depth=3 name=chip.run.runner_run.device_wall.sched ts=135660 dur=55540 clk=dev
[mono_ns=7230057706586808][T0xe4b2721fb020][TIMING] emit_host_span: [STRACE] v=1 pid=123586 tid=123586 inv=2 hid=91fefa9ac2368864 depth=1 name=chip.run.claim_release ts=7230057706584698 dur=310 
[mono_ns=7230057706592168][T0xe4b2721fb020][TIMING] emit_host_span: [STRACE] v=1 pid=123586 tid=123586 inv=2 hid=91fefa9ac2368864 depth=0 name=chip.run ts=7230057540292212 dur=166297496 run_id=2 dispatch_id=2 slot_id=0 generation=2 run_epoch=2
[mono_ns=7230062538859634][T0xe4b2721fb020][TIMING] emit_host_span: [STRACE] v=1 pid=123586 tid=123586 inv=3 hid=91fefa9ac2368864 depth=2 name=chip.run.bind.args ts=7230062538680793 dur=147471 
[mono_ns=7230062538908994][T0xe4b2721fb020][TIMING] emit_host_span: [STRACE] v=1 pid=123586 tid=123586 inv=3 hid=91fefa9ac2368864 depth=2 name=chip.run.bind.prebuilt ts=7230062538901564 dur=4550 
[mono_ns=7230062538915155][T0xe4b2721fb020][TIMING] emit_host_span: [STRACE] v=1 pid=123586 tid=123586 inv=3 hid=91fefa9ac2368864 depth=1 name=chip.run.bind ts=7230062538661013 dur=250832 
[mono_ns=7230062682800851][T0xe4b2721fb020][TIMING] emit_host_span: [STRACE] v=1 pid=123586 tid=123586 inv=3 hid=91fefa9ac2368864 depth=1 name=chip.run.runner_run ts=7230062539769709 dur=143019202 
[mono_ns=7230062682901231][T0xe4b2721fb020][TIMING] emit_host_span: [STRACE] v=1 pid=123586 tid=123586 inv=3 hid=91fefa9ac2368864 depth=1 name=chip.run.validate ts=7230062682817531 dur=79560 
[mono_ns=7230062682912681][T0xe4b2721fb020][TIMING] emit_host_span: [STRACE] v=1 pid=123586 tid=123586 inv=3 hid=91fefa9ac2368864 depth=2 name=chip.run.runner_run.device_wall ts=0 dur=5894860 clk=dev
[mono_ns=7230062682917171][T0xe4b2721fb020][TIMING] emit_host_span: [STRACE] v=1 pid=123586 tid=123586 inv=3 hid=91fefa9ac2368864 depth=3 name=chip.run.runner_run.device_wall.preamble ts=0 dur=7140 clk=dev
[mono_ns=7230062682921371][T0xe4b2721fb020][TIMING] emit_host_span: [STRACE] v=1 pid=123586 tid=123586 inv=3 hid=91fefa9ac2368864 depth=3 name=chip.run.runner_run.device_wall.graph_build ts=2080 dur=5882920 clk=dev
[mono_ns=7230062682926531][T0xe4b2721fb020][TIMING] emit_host_span: [STRACE] v=1 pid=123586 tid=123586 inv=3 hid=91fefa9ac2368864 depth=3 name=chip.run.runner_run.device_wall.config_validate ts=2219 dur=700 clk=dev
[mono_ns=7230062682947051][T0xe4b2721fb020][TIMING] emit_host_span: [STRACE] v=1 pid=123586 tid=123586 inv=3 hid=91fefa9ac2368864 depth=3 name=chip.run.runner_run.device_wall.arena_wire ts=2940 dur=1100 clk=dev
[mono_ns=7230062682950721][T0xe4b2721fb020][TIMING] emit_host_span: [STRACE] v=1 pid=123586 tid=123586 inv=3 hid=91fefa9ac2368864 depth=3 name=chip.run.runner_run.device_wall.sm_reset ts=4080 dur=1859 clk=dev
[mono_ns=7230062682953691][T0xe4b2721fb020][TIMING] emit_host_span: [STRACE] v=1 pid=123586 tid=123586 inv=3 hid=91fefa9ac2368864 depth=3 name=chip.run.runner_run.device_wall.post_orch ts=5885099 dur=9639 clk=dev
[mono_ns=7230062682956571][T0xe4b2721fb020][TIMING] emit_host_span: [STRACE] v=1 pid=123586 tid=123586 inv=3 hid=91fefa9ac2368864 depth=3 name=chip.run.runner_run.device_wall.orch ts=6880 dur=7340 clk=dev
[mono_ns=7230062682959462][T0xe4b2721fb020][TIMING] emit_host_span: [STRACE] v=1 pid=123586 tid=123586 inv=3 hid=91fefa9ac2368864 depth=3 name=chip.run.runner_run.device_wall.sched ts=7300 dur=5870460 clk=dev
[mono_ns=7230062682965512][T0xe4b2721fb020][TIMING] emit_host_span: [STRACE] v=1 pid=123586 tid=123586 inv=3 hid=91fefa9ac2368864 depth=1 name=chip.run.claim_release ts=7230062682962802 dur=790 
[mono_ns=7230062682970292][T0xe4b2721fb020][TIMING] emit_host_span: [STRACE] v=1 pid=123586 tid=123586 inv=3 hid=91fefa9ac2368864 depth=0 name=chip.run ts=7230062538301931 dur=144666411 run_id=3 dispatch_id=3 slot_id=0 generation=3 run_epoch=3
[mono_ns=7230062764184934][T0xe4b2721fb020][TIMING] emit_host_span: [STRACE] v=1 pid=123586 tid=123586 inv=4 hid=91fefa9ac2368864 depth=2 name=chip.run.bind.args ts=7230062764073393 dur=106631 
[mono_ns=7230062764203344][T0xe4b2721fb020][TIMING] emit_host_span: [STRACE] v=1 pid=123586 tid=123586 inv=4 hid=91fefa9ac2368864 depth=2 name=chip.run.bind.prebuilt ts=7230062764197934 dur=2240 
[mono_ns=7230062764207864][T0xe4b2721fb020][TIMING] emit_host_span: [STRACE] v=1 pid=123586 tid=123586 inv=4 hid=91fefa9ac2368864 depth=1 name=chip.run.bind ts=7230062764066013 dur=139761 
[mono_ns=7230062765867473][T0xe4b115fbaca0][WARN] copy_aicore_buffer: [chip_swimlane_collector.cpp:689] Core 0: skipped 1024 AICore record slot(s) with start_time=0 (race-window write or recycled-buffer tail). buf seq=0 count=1024
[mono_ns=7230062765881433][T0xe4b114f9aca0][WARN] copy_aicore_buffer: [chip_swimlane_collector.cpp:689] Core 2: skipped 1024 AICore record slot(s) with start_time=0 (race-window write or recycled-buffer tail). buf seq=0 count=1024
[mono_ns=7230062766161875][T0xe4b1157aaca0][WARN] copy_aicore_buffer: [chip_swimlane_collector.cpp:689] Core 1: skipped 1024 AICore record slot(s) with start_time=0 (race-window write or recycled-buffer tail). buf seq=0 count=1024
[mono_ns=7230062766228495][T0xe4b114f9aca0][WARN] copy_aicore_buffer: [chip_swimlane_collector.cpp:689] Core 28: skipped 1022 AICore record slot(s) with start_time=0 (race-window write or recycled-buffer tail). buf seq=0 count=1024
[mono_ns=7230062766259865][T0xe4b115fbaca0][WARN] copy_aicore_buffer: [chip_swimlane_collector.cpp:689] Core 24: skipped 1023 AICore record slot(s) with start_time=0 (race-window write or recycled-buffer tail). buf seq=0 count=1024
[mono_ns=7230062766526256][T0xe4b1157aaca0][WARN] copy_aicore_buffer: [chip_swimlane_collector.cpp:689] Core 26: skipped 1024 AICore record slot(s) with start_time=0 (race-window write or recycled-buffer tail). buf seq=0 count=1024
[mono_ns=7230062766549227][T0xe4b114f9aca0][WARN] copy_aicore_buffer: [chip_swimlane_collector.cpp:689] Core 29: skipped 1024 AICore record slot(s) with start_time=0 (race-window write or recycled-buffer tail). buf seq=0 count=1024
[mono_ns=7230062766615347][T0xe4b115fbaca0][WARN] copy_aicore_buffer: [chip_swimlane_collector.cpp:689] Core 25: skipped 1024 AICore record slot(s) with start_time=0 (race-window write or recycled-buffer tail). buf seq=0 count=1024
[mono_ns=7230062766844458][T0xe4b1157aaca0][WARN] copy_aicore_buffer: [chip_swimlane_collector.cpp:689] Core 27: skipped 1024 AICore record slot(s) with start_time=0 (race-window write or recycled-buffer tail). buf seq=0 count=1024
[mono_ns=7230062766868558][T0xe4b114f9aca0][WARN] copy_aicore_buffer: [chip_swimlane_collector.cpp:689] Core 5: skipped 1024 AICore record slot(s) with start_time=0 (race-window write or recycled-buffer tail). buf seq=0 count=1024
[mono_ns=7230062766933159][T0xe4b115fbaca0][WARN] copy_aicore_buffer: [chip_swimlane_collector.cpp:689] Core 3: skipped 1024 AICore record slot(s) with start_time=0 (race-window write or recycled-buffer tail). buf seq=0 count=1024
[mono_ns=7230062767174780][T0xe4b1157aaca0][WARN] copy_aicore_buffer: [chip_swimlane_collector.cpp:689] Core 4: skipped 1024 AICore record slot(s) with start_time=0 (race-window write or recycled-buffer tail). buf seq=0 count=1024
[mono_ns=7230062767197890][T0xe4b114f9aca0][WARN] copy_aicore_buffer: [chip_swimlane_collector.cpp:689] Core 34: skipped 1024 AICore record slot(s) with start_time=0 (race-window write or recycled-buffer tail). buf seq=0 count=1024
[mono_ns=7230062767263300][T0xe4b115fbaca0][WARN] copy_aicore_buffer: [chip_swimlane_collector.cpp:689] Core 30: skipped 1024 AICore record slot(s) with start_time=0 (race-window write or recycled-buffer tail). buf seq=0 count=1024
[mono_ns=7230062767493132][T0xe4b1157aaca0][WARN] copy_aicore_buffer: [chip_swimlane_collector.cpp:689] Core 32: skipped 1024 AICore record slot(s) with start_time=0 (race-window write or recycled-buffer tail). buf seq=0 count=1024
[mono_ns=7230062767509612][T0xe4b114f9aca0][WARN] copy_aicore_buffer: [chip_swimlane_collector.cpp:689] Core 35: skipped 1024 AICore record slot(s) with start_time=0 (race-window write or recycled-buffer tail). buf seq=0 count=1024
[mono_ns=7230062767581272][T0xe4b115fbaca0][WARN] copy_aicore_buffer: [chip_swimlane_collector.cpp:689] Core 31: skipped 1024 AICore record slot(s) with start_time=0 (race-window write or recycled-buffer tail). buf seq=0 count=1024
[mono_ns=7230062767811383][T0xe4b1157aaca0][WARN] copy_aicore_buffer: [chip_swimlane_collector.cpp:689] Core 33: skipped 1024 AICore record slot(s) with start_time=0 (race-window write or recycled-buffer tail). buf seq=0 count=1024
[mono_ns=7230062767822473][T0xe4b114f9aca0][WARN] copy_aicore_buffer: [chip_swimlane_collector.cpp:689] Core 8: skipped 1024 AICore record slot(s) with start_time=0 (race-window write or recycled-buffer tail). buf seq=0 count=1024
[mono_ns=7230062767900204][T0xe4b115fbaca0][WARN] copy_aicore_buffer: [chip_swimlane_collector.cpp:689] Core 6: skipped 1024 AICore record slot(s) with start_time=0 (race-window write or recycled-buffer tail). buf seq=0 count=1024
[mono_ns=7230062768146665][T0xe4b1157aaca0][WARN] copy_aicore_buffer: [chip_swimlane_collector.cpp:689] Core 7: skipped 1024 AICore record slot(s) with start_time=0 (race-window write or recycled-buffer tail). buf seq=0 count=1024
[mono_ns=7230062768149705][T0xe4b114f9aca0][WARN] copy_aicore_buffer: [chip_swimlane_collector.cpp:689] Core 40: skipped 1024 AICore record slot(s) with start_time=0 (race-window write or recycled-buffer tail). buf seq=0 count=1024
[mono_ns=7230062768230096][T0xe4b115fbaca0][WARN] copy_aicore_buffer: [chip_swimlane_collector.cpp:689] Core 36: skipped 1024 AICore record slot(s) with start_time=0 (race-window write or recycled-buffer tail). buf seq=0 count=1024
[mono_ns=7230062768462407][T0xe4b114f9aca0][WARN] copy_aicore_buffer: [chip_swimlane_collector.cpp:689] Core 41: skipped 1024 AICore record slot(s) with start_time=0 (race-window write or recycled-buffer tail). buf seq=0 count=1024
[mono_ns=7230062768464027][T0xe4b1157aaca0][WARN] copy_aicore_buffer: [chip_swimlane_collector.cpp:689] Core 38: skipped 1024 AICore record slot(s) with start_time=0 (race-window write or recycled-buffer tail). buf seq=0 count=1024
[mono_ns=7230062768548307][T0xe4b115fbaca0][WARN] copy_aicore_buffer: [chip_swimlane_collector.cpp:689] Core 37: skipped 1024 AICore record slot(s) with start_time=0 (race-window write or recycled-buffer tail). buf seq=0 count=1024
[mono_ns=7230062768778678][T0xe4b1157aaca0][WARN] copy_aicore_buffer: [chip_swimlane_collector.cpp:689] Core 39: skipped 1024 AICore record slot(s) with start_time=0 (race-window write or recycled-buffer tail). buf seq=0 count=1024
[mono_ns=7230062768782018][T0xe4b114f9aca0][WARN] copy_aicore_buffer: [chip_swimlane_collector.cpp:689] Core 11: skipped 1024 AICore record slot(s) with start_time=0 (race-window write or recycled-buffer tail). buf seq=0 count=1024
[mono_ns=7230062768864449][T0xe4b115fbaca0][WARN] copy_aicore_buffer: [chip_swimlane_collector.cpp:689] Core 9: skipped 1024 AICore record slot(s) with start_time=0 (race-window write or recycled-buffer tail). buf seq=0 count=1024
[mono_ns=7230062769106990][T0xe4b1157aaca0][WARN] copy_aicore_buffer: [chip_swimlane_collector.cpp:689] Core 10: skipped 1024 AICore record slot(s) with start_time=0 (race-window write or recycled-buffer tail). buf seq=0 count=1024
[mono_ns=7230062769136730][T0xe4b114f9aca0][WARN] copy_aicore_buffer: [chip_swimlane_collector.cpp:689] Core 46: skipped 1024 AICore record slot(s) with start_time=0 (race-window write or recycled-buffer tail). buf seq=0 count=1024
[mono_ns=7230062769190941][T0xe4b115fbaca0][WARN] copy_aicore_buffer: [chip_swimlane_collector.cpp:689] Core 42: skipped 1024 AICore record slot(s) with start_time=0 (race-window write or recycled-buffer tail). buf seq=0 count=1024
[mono_ns=7230062769424552][T0xe4b1157aaca0][WARN] copy_aicore_buffer: [chip_swimlane_collector.cpp:689] Core 44: skipped 1024 AICore record slot(s) with start_time=0 (race-window write or recycled-buffer tail). buf seq=0 count=1024
[mono_ns=7230062769453922][T0xe4b114f9aca0][WARN] copy_aicore_buffer: [chip_swimlane_collector.cpp:689] Core 47: skipped 1024 AICore record slot(s) with start_time=0 (race-window write or recycled-buffer tail). buf seq=0 count=1024
[mono_ns=7230062769506662][T0xe4b115fbaca0][WARN] copy_aicore_buffer: [chip_swimlane_collector.cpp:689] Core 43: skipped 1024 AICore record slot(s) with start_time=0 (race-window write or recycled-buffer tail). buf seq=0 count=1024
[mono_ns=7230062769741384][T0xe4b1157aaca0][WARN] copy_aicore_buffer: [chip_swimlane_collector.cpp:689] Core 45: skipped 1024 AICore record slot(s) with start_time=0 (race-window write or recycled-buffer tail). buf seq=0 count=1024
[mono_ns=7230062769772594][T0xe4b114f9aca0][WARN] copy_aicore_buffer: [chip_swimlane_collector.cpp:689] Core 14: skipped 1024 AICore record slot(s) with start_time=0 (race-window write or recycled-buffer tail). buf seq=0 count=1024
[mono_ns=7230062769824704][T0xe4b115fbaca0][WARN] copy_aicore_buffer: [chip_swimlane_collector.cpp:689] Core 12: skipped 1024 AICore record slot(s) with start_time=0 (race-window write or recycled-buffer tail). buf seq=0 count=1024
[mono_ns=7230062770097305][T0xe4b1157aaca0][WARN] copy_aicore_buffer: [chip_swimlane_collector.cpp:689] Core 13: skipped 1024 AICore record slot(s) with start_time=0 (race-window write or recycled-buffer tail). buf seq=0 count=1024
[mono_ns=7230062770103025][T0xe4b114f9aca0][WARN] copy_aicore_buffer: [chip_swimlane_collector.cpp:689] Core 52: skipped 1024 AICore record slot(s) with start_time=0 (race-window write or recycled-buffer tail). buf seq=0 count=1024
[mono_ns=7230062770156296][T0xe4b115fbaca0][WARN] copy_aicore_buffer: [chip_swimlane_collector.cpp:689] Core 48: skipped 1024 AICore record slot(s) with start_time=0 (race-window write or recycled-buffer tail). buf seq=0 count=1024
[mono_ns=7230062770415027][T0xe4b1157aaca0][WARN] copy_aicore_buffer: [chip_swimlane_collector.cpp:689] Core 50: skipped 1024 AICore record slot(s) with start_time=0 (race-window write or recycled-buffer tail). buf seq=0 count=1024
[mono_ns=7230062770416767][T0xe4b114f9aca0][WARN] copy_aicore_buffer: [chip_swimlane_collector.cpp:689] Core 53: skipped 1024 AICore record slot(s) with start_time=0 (race-window write or recycled-buffer tail). buf seq=0 count=1024
[mono_ns=7230062770472657][T0xe4b115fbaca0][WARN] copy_aicore_buffer: [chip_swimlane_collector.cpp:689] Core 49: skipped 1024 AICore record slot(s) with start_time=0 (race-window write or recycled-buffer tail). buf seq=0 count=1024
[mono_ns=7230062770731299][T0xe4b1157aaca0][WARN] copy_aicore_buffer: [chip_swimlane_collector.cpp:689] Core 51: skipped 1024 AICore record slot(s) with start_time=0 (race-window write or recycled-buffer tail). buf seq=0 count=1024
[mono_ns=7230062770732019][T0xe4b114f9aca0][WARN] copy_aicore_buffer: [chip_swimlane_collector.cpp:689] Core 17: skipped 1024 AICore record slot(s) with start_time=0 (race-window write or recycled-buffer tail). buf seq=0 count=1024
[mono_ns=7230062770791119][T0xe4b115fbaca0][WARN] copy_aicore_buffer: [chip_swimlane_collector.cpp:689] Core 15: skipped 1024 AICore record slot(s) with start_time=0 (race-window write or recycled-buffer tail). buf seq=0 count=1024
[mono_ns=7230062771063691][T0xe4b114f9aca0][WARN] copy_aicore_buffer: [chip_swimlane_collector.cpp:689] Core 58: skipped 1024 AICore record slot(s) with start_time=0 (race-window write or recycled-buffer tail). buf seq=0 count=1024
[mono_ns=7230062771071911][T0xe4b1157aaca0][WARN] copy_aicore_buffer: [chip_swimlane_collector.cpp:689] Core 16: skipped 1024 AICore record slot(s) with start_time=0 (race-window write or recycled-buffer tail). buf seq=0 count=1024
[mono_ns=7230062771124551][T0xe4b115fbaca0][WARN] copy_aicore_buffer: [chip_swimlane_collector.cpp:689] Core 54: skipped 1024 AICore record slot(s) with start_time=0 (race-window write or recycled-buffer tail). buf seq=0 count=1024
[mono_ns=7230062771381492][T0xe4b114f9aca0][WARN] copy_aicore_buffer: [chip_swimlane_collector.cpp:689] Core 59: skipped 1024 AICore record slot(s) with start_time=0 (race-window write or recycled-buffer tail). buf seq=0 count=1024
[mono_ns=7230062771384022][T0xe4b1157aaca0][WARN] copy_aicore_buffer: [chip_swimlane_collector.cpp:689] Core 56: skipped 1024 AICore record slot(s) with start_time=0 (race-window write or recycled-buffer tail). buf seq=0 count=1024
[mono_ns=7230062771443693][T0xe4b115fbaca0][WARN] copy_aicore_buffer: [chip_swimlane_collector.cpp:689] Core 55: skipped 1024 AICore record slot(s) with start_time=0 (race-window write or recycled-buffer tail). buf seq=0 count=1024
[mono_ns=7230062771720574][T0xe4b114f9aca0][WARN] copy_aicore_buffer: [chip_swimlane_collector.cpp:689] Core 20: skipped 1024 AICore record slot(s) with start_time=0 (race-window write or recycled-buffer tail). buf seq=0 count=1024
[mono_ns=7230062771730734][T0xe4b1157aaca0][WARN] copy_aicore_buffer: [chip_swimlane_collector.cpp:689] Core 57: skipped 1024 AICore record slot(s) with start_time=0 (race-window write or recycled-buffer tail). buf seq=0 count=1024
[mono_ns=7230062771774784][T0xe4b115fbaca0][WARN] copy_aicore_buffer: [chip_swimlane_collector.cpp:689] Core 18: skipped 1024 AICore record slot(s) with start_time=0 (race-window write or recycled-buffer tail). buf seq=0 count=1024
[mono_ns=7230062772059266][T0xe4b114f9aca0][WARN] copy_aicore_buffer: [chip_swimlane_collector.cpp:689] Core 64: skipped 1024 AICore record slot(s) with start_time=0 (race-window write or recycled-buffer tail). buf seq=0 count=1024
[mono_ns=7230062772067936][T0xe4b1157aaca0][WARN] copy_aicore_buffer: [chip_swimlane_collector.cpp:689] Core 19: skipped 1024 AICore record slot(s) with start_time=0 (race-window write or recycled-buffer tail). buf seq=0 count=1024
[mono_ns=7230062772119306][T0xe4b115fbaca0][WARN] copy_aicore_buffer: [chip_swimlane_collector.cpp:689] Core 60: skipped 1024 AICore record slot(s) with start_time=0 (race-window write or recycled-buffer tail). buf seq=0 count=1024
[mono_ns=7230062772385628][T0xe4b114f9aca0][WARN] copy_aicore_buffer: [chip_swimlane_collector.cpp:689] Core 65: skipped 1024 AICore record slot(s) with start_time=0 (race-window write or recycled-buffer tail). buf seq=0 count=1024
[mono_ns=7230062772405128][T0xe4b1157aaca0][WARN] copy_aicore_buffer: [chip_swimlane_collector.cpp:689] Core 62: skipped 1024 AICore record slot(s) with start_time=0 (race-window write or recycled-buffer tail). buf seq=0 count=1024
[mono_ns=7230062772468138][T0xe4b115fbaca0][WARN] copy_aicore_buffer: [chip_swimlane_collector.cpp:689] Core 61: skipped 1024 AICore record slot(s) with start_time=0 (race-window write or recycled-buffer tail). buf seq=0 count=1024
[mono_ns=7230062772711089][T0xe4b114f9aca0][WARN] copy_aicore_buffer: [chip_swimlane_collector.cpp:689] Core 23: skipped 1024 AICore record slot(s) with start_time=0 (race-window write or recycled-buffer tail). buf seq=0 count=1024
[mono_ns=7230062772726899][T0xe4b1157aaca0][WARN] copy_aicore_buffer: [chip_swimlane_collector.cpp:689] Core 63: skipped 1024 AICore record slot(s) with start_time=0 (race-window write or recycled-buffer tail). buf seq=0 count=1024
[mono_ns=7230062772791270][T0xe4b115fbaca0][WARN] copy_aicore_buffer: [chip_swimlane_collector.cpp:689] Core 21: skipped 1024 AICore record slot(s) with start_time=0 (race-window write or recycled-buffer tail). buf seq=0 count=1024
[mono_ns=7230062773045031][T0xe4b114f9aca0][WARN] copy_aicore_buffer: [chip_swimlane_collector.cpp:689] Core 70: skipped 1024 AICore record slot(s) with start_time=0 (race-window write or recycled-buffer tail). buf seq=0 count=1024
[mono_ns=7230062773051051][T0xe4b1157aaca0][WARN] copy_aicore_buffer: [chip_swimlane_collector.cpp:689] Core 22: skipped 1024 AICore record slot(s) with start_time=0 (race-window write or recycled-buffer tail). buf seq=0 count=1024
[mono_ns=7230062773123102][T0xe4b115fbaca0][WARN] copy_aicore_buffer: [chip_swimlane_collector.cpp:689] Core 66: skipped 1024 AICore record slot(s) with start_time=0 (race-window write or recycled-buffer tail). buf seq=0 count=1024
[mono_ns=7230062773371073][T0xe4b114f9aca0][WARN] copy_aicore_buffer: [chip_swimlane_collector.cpp:689] Core 71: skipped 1024 AICore record slot(s) with start_time=0 (race-window write or recycled-buffer tail). buf seq=0 count=1024
[mono_ns=7230062773393283][T0xe4b1157aaca0][WARN] copy_aicore_buffer: [chip_swimlane_collector.cpp:689] Core 68: skipped 1024 AICore record slot(s) with start_time=0 (race-window write or recycled-buffer tail). buf seq=0 count=1024
[mono_ns=7230062773448413][T0xe4b115fbaca0][WARN] copy_aicore_buffer: [chip_swimlane_collector.cpp:689] Core 67: skipped 1024 AICore record slot(s) with start_time=0 (race-window write or recycled-buffer tail). buf seq=0 count=1024
[mono_ns=7230062773719425][T0xe4b1157aaca0][WARN] copy_aicore_buffer: [chip_swimlane_collector.cpp:689] Core 69: skipped 1024 AICore record slot(s) with start_time=0 (race-window write or recycled-buffer tail). buf seq=0 count=1024
[mono_ns=7230062874389021][T0xe4b2721fb020][TIMING] emit_host_span: [STRACE] v=1 pid=123586 tid=123586 inv=4 hid=91fefa9ac2368864 depth=1 name=chip.run.runner_run ts=7230062765173729 dur=109210062 
[mono_ns=7230062874465161][T0xe4b2721fb020][TIMING] emit_host_span: [STRACE] v=1 pid=123586 tid=123586 inv=4 hid=91fefa9ac2368864 depth=1 name=chip.run.validate ts=7230062874400261 dur=61670 
[mono_ns=7230062874475931][T0xe4b2721fb020][TIMING] emit_host_span: [STRACE] v=1 pid=123586 tid=123586 inv=4 hid=91fefa9ac2368864 depth=2 name=chip.run.runner_run.device_wall ts=0 dur=195840 clk=dev
[mono_ns=7230062874508031][T0xe4b2721fb020][TIMING] emit_host_span: [STRACE] v=1 pid=123586 tid=123586 inv=4 hid=91fefa9ac2368864 depth=3 name=chip.run.runner_run.device_wall.preamble ts=0 dur=110280 clk=dev
[mono_ns=7230062874512041][T0xe4b2721fb020][TIMING] emit_host_span: [STRACE] v=1 pid=123586 tid=123586 inv=4 hid=91fefa9ac2368864 depth=3 name=chip.run.runner_run.device_wall.graph_build ts=106100 dur=79060 clk=dev
[mono_ns=7230062874516021][T0xe4b2721fb020][TIMING] emit_host_span: [STRACE] v=1 pid=123586 tid=123586 inv=4 hid=91fefa9ac2368864 depth=3 name=chip.run.runner_run.device_wall.config_validate ts=106420 dur=880 clk=dev
[mono_ns=7230062874519061][T0xe4b2721fb020][TIMING] emit_host_span: [STRACE] v=1 pid=123586 tid=123586 inv=4 hid=91fefa9ac2368864 depth=3 name=chip.run.runner_run.device_wall.arena_wire ts=107320 dur=459 clk=dev
[mono_ns=7230062874523431][T0xe4b2721fb020][TIMING] emit_host_span: [STRACE] v=1 pid=123586 tid=123586 inv=4 hid=91fefa9ac2368864 depth=3 name=chip.run.runner_run.device_wall.sm_reset ts=107820 dur=580 clk=dev
[mono_ns=7230062874526992][T0xe4b2721fb020][TIMING] emit_host_span: [STRACE] v=1 pid=123586 tid=123586 inv=4 hid=91fefa9ac2368864 depth=3 name=chip.run.runner_run.device_wall.post_orch ts=185200 dur=10520 clk=dev
[mono_ns=7230062874530572][T0xe4b2721fb020][TIMING] emit_host_span: [STRACE] v=1 pid=123586 tid=123586 inv=4 hid=91fefa9ac2368864 depth=3 name=chip.run.runner_run.device_wall.orch ts=108460 dur=4100 clk=dev
[mono_ns=7230062874533402][T0xe4b2721fb020][TIMING] emit_host_span: [STRACE] v=1 pid=123586 tid=123586 inv=4 hid=91fefa9ac2368864 depth=3 name=chip.run.runner_run.device_wall.sched ts=110380 dur=50519 clk=dev
[mono_ns=7230062874551582][T0xe4b2721fb020][TIMING] emit_host_span: [STRACE] v=1 pid=123586 tid=123586 inv=4 hid=91fefa9ac2368864 depth=1 name=chip.run.claim_release ts=7230062874549062 dur=370 
[mono_ns=7230062874556302][T0xe4b2721fb020][TIMING] emit_host_span: [STRACE] v=1 pid=123586 tid=123586 inv=4 hid=91fefa9ac2368864 depth=0 name=chip.run ts=7230062764029283 dur=110525119 run_id=4 dispatch_id=4 slot_id=0 generation=4 run_epoch=4
[mono_ns=7230067724638448][T0xe4b2721fb020][TIMING] emit_host_span: [STRACE] v=1 pid=123586 tid=123586 inv=5 hid=91fefa9ac2368864 depth=2 name=chip.run.bind.args ts=7230067724494717 dur=121511 
[mono_ns=7230067724657848][T0xe4b2721fb020][TIMING] emit_host_span: [STRACE] v=1 pid=123586 tid=123586 inv=5 hid=91fefa9ac2368864 depth=2 name=chip.run.bind.prebuilt ts=7230067724651388 dur=3630 
[mono_ns=7230067724663158][T0xe4b2721fb020][TIMING] emit_host_span: [STRACE] v=1 pid=123586 tid=123586 inv=5 hid=91fefa9ac2368864 depth=1 name=chip.run.bind ts=7230067724486397 dur=174481 
[mono_ns=7230067830438142][T0xe4b2721fb020][TIMING] emit_host_span: [STRACE] v=1 pid=123586 tid=123586 inv=5 hid=91fefa9ac2368864 depth=1 name=chip.run.runner_run ts=7230067725179281 dur=105247181 
[mono_ns=7230067830540852][T0xe4b2721fb020][TIMING] emit_host_span: [STRACE] v=1 pid=123586 tid=123586 inv=5 hid=91fefa9ac2368864 depth=1 name=chip.run.validate ts=7230067830455142 dur=81620 
[mono_ns=7230067830572002][T0xe4b2721fb020][TIMING] emit_host_span: [STRACE] v=1 pid=123586 tid=123586 inv=5 hid=91fefa9ac2368864 depth=2 name=chip.run.runner_run.device_wall ts=0 dur=89040 clk=dev
[mono_ns=7230067830576552][T0xe4b2721fb020][TIMING] emit_host_span: [STRACE] v=1 pid=123586 tid=123586 inv=5 hid=91fefa9ac2368864 depth=3 name=chip.run.runner_run.device_wall.preamble ts=0 dur=5720 clk=dev
[mono_ns=7230067830580872][T0xe4b2721fb020][TIMING] emit_host_span: [STRACE] v=1 pid=123586 tid=123586 inv=5 hid=91fefa9ac2368864 depth=3 name=chip.run.runner_run.device_wall.graph_build ts=1579 dur=76260 clk=dev
[mono_ns=7230067830584372][T0xe4b2721fb020][TIMING] emit_host_span: [STRACE] v=1 pid=123586 tid=123586 inv=5 hid=91fefa9ac2368864 depth=3 name=chip.run.runner_run.device_wall.config_validate ts=1680 dur=899 clk=dev
[mono_ns=7230067830588762][T0xe4b2721fb020][TIMING] emit_host_span: [STRACE] v=1 pid=123586 tid=123586 inv=5 hid=91fefa9ac2368864 depth=3 name=chip.run.runner_run.device_wall.arena_wire ts=2600 dur=540 clk=dev
[mono_ns=7230067830593792][T0xe4b2721fb020][TIMING] emit_host_span: [STRACE] v=1 pid=123586 tid=123586 inv=5 hid=91fefa9ac2368864 depth=3 name=chip.run.runner_run.device_wall.sm_reset ts=3159 dur=1100 clk=dev
[mono_ns=7230067830598213][T0xe4b2721fb020][TIMING] emit_host_span: [STRACE] v=1 pid=123586 tid=123586 inv=5 hid=91fefa9ac2368864 depth=3 name=chip.run.runner_run.device_wall.post_orch ts=77899 dur=10980 clk=dev
[mono_ns=7230067830601653][T0xe4b2721fb020][TIMING] emit_host_span: [STRACE] v=1 pid=123586 tid=123586 inv=5 hid=91fefa9ac2368864 depth=3 name=chip.run.runner_run.device_wall.orch ts=5240 dur=9620 clk=dev
[mono_ns=7230067830616313][T0xe4b2721fb020][TIMING] emit_host_span: [STRACE] v=1 pid=123586 tid=123586 inv=5 hid=91fefa9ac2368864 depth=3 name=chip.run.runner_run.device_wall.sched ts=5800 dur=62539 clk=dev
[mono_ns=7230067830623643][T0xe4b2721fb020][TIMING] emit_host_span: [STRACE] v=1 pid=123586 tid=123586 inv=5 hid=91fefa9ac2368864 depth=1 name=chip.run.claim_release ts=7230067830620563 dur=1290 
[mono_ns=7230067830629793][T0xe4b2721fb020][TIMING] emit_host_span: [STRACE] v=1 pid=123586 tid=123586 inv=5 hid=91fefa9ac2368864 depth=0 name=chip.run ts=7230067724311666 dur=106316097 run_id=5 dispatch_id=5 slot_id=0 generation=5 run_epoch=5
[mono_ns=7230067837951412][T0xe4b2721fb020][TIMING] emit_host_span: [STRACE] v=1 pid=123586 tid=123586 inv=6 hid=91fefa9ac2368864 depth=2 name=chip.run.bind.args ts=7230067837851611 dur=94591 
[mono_ns=7230067837971822][T0xe4b2721fb020][TIMING] emit_host_span: [STRACE] v=1 pid=123586 tid=123586 inv=6 hid=91fefa9ac2368864 depth=2 name=chip.run.bind.prebuilt ts=7230067837964082 dur=5000 
[mono_ns=7230067837976952][T0xe4b2721fb020][TIMING] emit_host_span: [STRACE] v=1 pid=123586 tid=123586 inv=6 hid=91fefa9ac2368864 depth=1 name=chip.run.bind ts=7230067837839071 dur=135551 
[mono_ns=7230067839673521][T0xe4b115fbaca0][WARN] copy_aicore_buffer: [chip_swimlane_collector.cpp:689] Core 0: skipped 1024 AICore record slot(s) with start_time=0 (race-window write or recycled-buffer tail). buf seq=0 count=1024
[mono_ns=7230067839692441][T0xe4b114f9aca0][WARN] copy_aicore_buffer: [chip_swimlane_collector.cpp:689] Core 2: skipped 1024 AICore record slot(s) with start_time=0 (race-window write or recycled-buffer tail). buf seq=0 count=1024
[mono_ns=7230067839699061][T0xe4b1157aaca0][WARN] copy_aicore_buffer: [chip_swimlane_collector.cpp:689] Core 1: skipped 1024 AICore record slot(s) with start_time=0 (race-window write or recycled-buffer tail). buf seq=0 count=1024
[mono_ns=7230067840076533][T0xe4b1157aaca0][WARN] copy_aicore_buffer: [chip_swimlane_collector.cpp:689] Core 26: skipped 1023 AICore record slot(s) with start_time=0 (race-window write or recycled-buffer tail). buf seq=0 count=1024
[mono_ns=7230067840082463][T0xe4b114f9aca0][WARN] copy_aicore_buffer: [chip_swimlane_collector.cpp:689] Core 28: skipped 1023 AICore record slot(s) with start_time=0 (race-window write or recycled-buffer tail). buf seq=0 count=1024
[mono_ns=7230067840085433][T0xe4b115fbaca0][WARN] copy_aicore_buffer: [chip_swimlane_collector.cpp:689] Core 24: skipped 1023 AICore record slot(s) with start_time=0 (race-window write or recycled-buffer tail). buf seq=0 count=1024
[mono_ns=7230067840397635][T0xe4b1157aaca0][WARN] copy_aicore_buffer: [chip_swimlane_collector.cpp:689] Core 27: skipped 1024 AICore record slot(s) with start_time=0 (race-window write or recycled-buffer tail). buf seq=0 count=1024
[mono_ns=7230067840397935][T0xe4b114f9aca0][WARN] copy_aicore_buffer: [chip_swimlane_collector.cpp:689] Core 29: skipped 1024 AICore record slot(s) with start_time=0 (race-window write or recycled-buffer tail). buf seq=0 count=1024
[mono_ns=7230067840400135][T0xe4b115fbaca0][WARN] copy_aicore_buffer: [chip_swimlane_collector.cpp:689] Core 25: skipped 1024 AICore record slot(s) with start_time=0 (race-window write or recycled-buffer tail). buf seq=0 count=1024
[mono_ns=7230067840714856][T0xe4b1157aaca0][WARN] copy_aicore_buffer: [chip_swimlane_collector.cpp:689] Core 4: skipped 1024 AICore record slot(s) with start_time=0 (race-window write or recycled-buffer tail). buf seq=0 count=1024
[mono_ns=7230067840714696][T0xe4b114f9aca0][WARN] copy_aicore_buffer: [chip_swimlane_collector.cpp:689] Core 5: skipped 1024 AICore record slot(s) with start_time=0 (race-window write or recycled-buffer tail). buf seq=0 count=1024
[mono_ns=7230067840714546][T0xe4b115fbaca0][WARN] copy_aicore_buffer: [chip_swimlane_collector.cpp:689] Core 3: skipped 1024 AICore record slot(s) with start_time=0 (race-window write or recycled-buffer tail). buf seq=0 count=1024
[mono_ns=7230067841046888][T0xe4b1157aaca0][WARN] copy_aicore_buffer: [chip_swimlane_collector.cpp:689] Core 32: skipped 1024 AICore record slot(s) with start_time=0 (race-window write or recycled-buffer tail). buf seq=0 count=1024
[mono_ns=7230067841047448][T0xe4b115fbaca0][WARN] copy_aicore_buffer: [chip_swimlane_collector.cpp:689] Core 30: skipped 1024 AICore record slot(s) with start_time=0 (race-window write or recycled-buffer tail). buf seq=0 count=1024
[mono_ns=7230067841049798][T0xe4b114f9aca0][WARN] copy_aicore_buffer: [chip_swimlane_collector.cpp:689] Core 34: skipped 1024 AICore record slot(s) with start_time=0 (race-window write or recycled-buffer tail). buf seq=0 count=1024
[mono_ns=7230067841364880][T0xe4b114f9aca0][WARN] copy_aicore_buffer: [chip_swimlane_collector.cpp:689] Core 35: skipped 1024 AICore record slot(s) with start_time=0 (race-window write or recycled-buffer tail). buf seq=0 count=1024
[mono_ns=7230067841365620][T0xe4b115fbaca0][WARN] copy_aicore_buffer: [chip_swimlane_collector.cpp:689] Core 31: skipped 1024 AICore record slot(s) with start_time=0 (race-window write or recycled-buffer tail). buf seq=0 count=1024
[mono_ns=7230067841365410][T0xe4b1157aaca0][WARN] copy_aicore_buffer: [chip_swimlane_collector.cpp:689] Core 33: skipped 1024 AICore record slot(s) with start_time=0 (race-window write or recycled-buffer tail). buf seq=0 count=1024
[mono_ns=7230067841684492][T0xe4b114f9aca0][WARN] copy_aicore_buffer: [chip_swimlane_collector.cpp:689] Core 8: skipped 1024 AICore record slot(s) with start_time=0 (race-window write or recycled-buffer tail). buf seq=0 count=1024
[mono_ns=7230067841686812][T0xe4b115fbaca0][WARN] copy_aicore_buffer: [chip_swimlane_collector.cpp:689] Core 6: skipped 1024 AICore record slot(s) with start_time=0 (race-window write or recycled-buffer tail). buf seq=0 count=1024
[mono_ns=7230067841711062][T0xe4b1157aaca0][WARN] copy_aicore_buffer: [chip_swimlane_collector.cpp:689] Core 7: skipped 1024 AICore record slot(s) with start_time=0 (race-window write or recycled-buffer tail). buf seq=0 count=1024
[mono_ns=7230067842000503][T0xe4b115fbaca0][WARN] copy_aicore_buffer: [chip_swimlane_collector.cpp:689] Core 36: skipped 1024 AICore record slot(s) with start_time=0 (race-window write or recycled-buffer tail). buf seq=0 count=1024
[mono_ns=7230067842013493][T0xe4b114f9aca0][WARN] copy_aicore_buffer: [chip_swimlane_collector.cpp:689] Core 40: skipped 1024 AICore record slot(s) with start_time=0 (race-window write or recycled-buffer tail). buf seq=0 count=1024
[mono_ns=7230067842039493][T0xe4b1157aaca0][WARN] copy_aicore_buffer: [chip_swimlane_collector.cpp:689] Core 38: skipped 1024 AICore record slot(s) with start_time=0 (race-window write or recycled-buffer tail). buf seq=0 count=1024
[mono_ns=7230067842328725][T0xe4b114f9aca0][WARN] copy_aicore_buffer: [chip_swimlane_collector.cpp:689] Core 41: skipped 1024 AICore record slot(s) with start_time=0 (race-window write or recycled-buffer tail). buf seq=0 count=1024
[mono_ns=7230067842331125][T0xe4b115fbaca0][WARN] copy_aicore_buffer: [chip_swimlane_collector.cpp:689] Core 37: skipped 1024 AICore record slot(s) with start_time=0 (race-window write or recycled-buffer tail). buf seq=0 count=1024
[mono_ns=7230067842352545][T0xe4b1157aaca0][WARN] copy_aicore_buffer: [chip_swimlane_collector.cpp:689] Core 39: skipped 1024 AICore record slot(s) with start_time=0 (race-window write or recycled-buffer tail). buf seq=0 count=1024
[mono_ns=7230067842652757][T0xe4b115fbaca0][WARN] copy_aicore_buffer: [chip_swimlane_collector.cpp:689] Core 9: skipped 1024 AICore record slot(s) with start_time=0 (race-window write or recycled-buffer tail). buf seq=0 count=1024
[mono_ns=7230067842671897][T0xe4b114f9aca0][WARN] copy_aicore_buffer: [chip_swimlane_collector.cpp:689] Core 11: skipped 1024 AICore record slot(s) with start_time=0 (race-window write or recycled-buffer tail). buf seq=0 count=1024
[mono_ns=7230067842672457][T0xe4b1157aaca0][WARN] copy_aicore_buffer: [chip_swimlane_collector.cpp:689] Core 10: skipped 1024 AICore record slot(s) with start_time=0 (race-window write or recycled-buffer tail). buf seq=0 count=1024
[mono_ns=7230067842970738][T0xe4b115fbaca0][WARN] copy_aicore_buffer: [chip_swimlane_collector.cpp:689] Core 42: skipped 1024 AICore record slot(s) with start_time=0 (race-window write or recycled-buffer tail). buf seq=0 count=1024
[mono_ns=7230067842987948][T0xe4b1157aaca0][WARN] copy_aicore_buffer: [chip_swimlane_collector.cpp:689] Core 44: skipped 1024 AICore record slot(s) with start_time=0 (race-window write or recycled-buffer tail). buf seq=0 count=1024
[mono_ns=7230067842990049][T0xe4b114f9aca0][WARN] copy_aicore_buffer: [chip_swimlane_collector.cpp:689] Core 46: skipped 1024 AICore record slot(s) with start_time=0 (race-window write or recycled-buffer tail). buf seq=0 count=1024
[mono_ns=7230067843295650][T0xe4b115fbaca0][WARN] copy_aicore_buffer: [chip_swimlane_collector.cpp:689] Core 43: skipped 1024 AICore record slot(s) with start_time=0 (race-window write or recycled-buffer tail). buf seq=0 count=1024
[mono_ns=7230067843309830][T0xe4b1157aaca0][WARN] copy_aicore_buffer: [chip_swimlane_collector.cpp:689] Core 45: skipped 1024 AICore record slot(s) with start_time=0 (race-window write or recycled-buffer tail). buf seq=0 count=1024
[mono_ns=7230067843329390][T0xe4b114f9aca0][WARN] copy_aicore_buffer: [chip_swimlane_collector.cpp:689] Core 47: skipped 1024 AICore record slot(s) with start_time=0 (race-window write or recycled-buffer tail). buf seq=0 count=1024
[mono_ns=7230067843612942][T0xe4b115fbaca0][WARN] copy_aicore_buffer: [chip_swimlane_collector.cpp:689] Core 12: skipped 1024 AICore record slot(s) with start_time=0 (race-window write or recycled-buffer tail). buf seq=0 count=1024
[mono_ns=7230067843621942][T0xe4b1157aaca0][WARN] copy_aicore_buffer: [chip_swimlane_collector.cpp:689] Core 13: skipped 1024 AICore record slot(s) with start_time=0 (race-window write or recycled-buffer tail). buf seq=0 count=1024
[mono_ns=7230067843646982][T0xe4b114f9aca0][WARN] copy_aicore_buffer: [chip_swimlane_collector.cpp:689] Core 14: skipped 1024 AICore record slot(s) with start_time=0 (race-window write or recycled-buffer tail). buf seq=0 count=1024
[mono_ns=7230067843928964][T0xe4b115fbaca0][WARN] copy_aicore_buffer: [chip_swimlane_collector.cpp:689] Core 48: skipped 1024 AICore record slot(s) with start_time=0 (race-window write or recycled-buffer tail). buf seq=0 count=1024
[mono_ns=7230067843934054][T0xe4b1157aaca0][WARN] copy_aicore_buffer: [chip_swimlane_collector.cpp:689] Core 50: skipped 1024 AICore record slot(s) with start_time=0 (race-window write or recycled-buffer tail). buf seq=0 count=1024
[mono_ns=7230067843964734][T0xe4b114f9aca0][WARN] copy_aicore_buffer: [chip_swimlane_collector.cpp:689] Core 52: skipped 1024 AICore record slot(s) with start_time=0 (race-window write or recycled-buffer tail). buf seq=0 count=1024
[mono_ns=7230067844258405][T0xe4b115fbaca0][WARN] copy_aicore_buffer: [chip_swimlane_collector.cpp:689] Core 49: skipped 1024 AICore record slot(s) with start_time=0 (race-window write or recycled-buffer tail). buf seq=0 count=1024
[mono_ns=7230067844286825][T0xe4b1157aaca0][WARN] copy_aicore_buffer: [chip_swimlane_collector.cpp:689] Core 51: skipped 1024 AICore record slot(s) with start_time=0 (race-window write or recycled-buffer tail). buf seq=0 count=1024
[mono_ns=7230067844287675][T0xe4b114f9aca0][WARN] copy_aicore_buffer: [chip_swimlane_collector.cpp:689] Core 53: skipped 1024 AICore record slot(s) with start_time=0 (race-window write or recycled-buffer tail). buf seq=0 count=1024
[mono_ns=7230067844575647][T0xe4b115fbaca0][WARN] copy_aicore_buffer: [chip_swimlane_collector.cpp:689] Core 15: skipped 1024 AICore record slot(s) with start_time=0 (race-window write or recycled-buffer tail). buf seq=0 count=1024
[mono_ns=7230067844603867][T0xe4b1157aaca0][WARN] copy_aicore_buffer: [chip_swimlane_collector.cpp:689] Core 16: skipped 1024 AICore record slot(s) with start_time=0 (race-window write or recycled-buffer tail). buf seq=0 count=1024
[mono_ns=7230067844606337][T0xe4b114f9aca0][WARN] copy_aicore_buffer: [chip_swimlane_collector.cpp:689] Core 17: skipped 1024 AICore record slot(s) with start_time=0 (race-window write or recycled-buffer tail). buf seq=0 count=1024
[mono_ns=7230067844905699][T0xe4b115fbaca0][WARN] copy_aicore_buffer: [chip_swimlane_collector.cpp:689] Core 54: skipped 1024 AICore record slot(s) with start_time=0 (race-window write or recycled-buffer tail). buf seq=0 count=1024
[mono_ns=7230067844931359][T0xe4b1157aaca0][WARN] copy_aicore_buffer: [chip_swimlane_collector.cpp:689] Core 56: skipped 1024 AICore record slot(s) with start_time=0 (race-window write or recycled-buffer tail). buf seq=0 count=1024
[mono_ns=7230067844963109][T0xe4b114f9aca0][WARN] copy_aicore_buffer: [chip_swimlane_collector.cpp:689] Core 58: skipped 1024 AICore record slot(s) with start_time=0 (race-window write or recycled-buffer tail). buf seq=0 count=1024
[mono_ns=7230067845263971][T0xe4b115fbaca0][WARN] copy_aicore_buffer: [chip_swimlane_collector.cpp:689] Core 55: skipped 1024 AICore record slot(s) with start_time=0 (race-window write or recycled-buffer tail). buf seq=0 count=1024
[mono_ns=7230067845282021][T0xe4b1157aaca0][WARN] copy_aicore_buffer: [chip_swimlane_collector.cpp:689] Core 57: skipped 1024 AICore record slot(s) with start_time=0 (race-window write or recycled-buffer tail). buf seq=0 count=1024
[mono_ns=7230067845306941][T0xe4b114f9aca0][WARN] copy_aicore_buffer: [chip_swimlane_collector.cpp:689] Core 59: skipped 1024 AICore record slot(s) with start_time=0 (race-window write or recycled-buffer tail). buf seq=0 count=1024
[mono_ns=7230067845590142][T0xe4b115fbaca0][WARN] copy_aicore_buffer: [chip_swimlane_collector.cpp:689] Core 18: skipped 1024 AICore record slot(s) with start_time=0 (race-window write or recycled-buffer tail). buf seq=0 count=1024
[mono_ns=7230067845603792][T0xe4b1157aaca0][WARN] copy_aicore_buffer: [chip_swimlane_collector.cpp:689] Core 19: skipped 1024 AICore record slot(s) with start_time=0 (race-window write or recycled-buffer tail). buf seq=0 count=1024
[mono_ns=7230067845633933][T0xe4b114f9aca0][WARN] copy_aicore_buffer: [chip_swimlane_collector.cpp:689] Core 20: skipped 1024 AICore record slot(s) with start_time=0 (race-window write or recycled-buffer tail). buf seq=0 count=1024
[mono_ns=7230067845915004][T0xe4b115fbaca0][WARN] copy_aicore_buffer: [chip_swimlane_collector.cpp:689] Core 60: skipped 1024 AICore record slot(s) with start_time=0 (race-window write or recycled-buffer tail). buf seq=0 count=1024
[mono_ns=7230067845955714][T0xe4b114f9aca0][WARN] copy_aicore_buffer: [chip_swimlane_collector.cpp:689] Core 64: skipped 1024 AICore record slot(s) with start_time=0 (race-window write or recycled-buffer tail). buf seq=0 count=1024
[mono_ns=7230067845958714][T0xe4b1157aaca0][WARN] copy_aicore_buffer: [chip_swimlane_collector.cpp:689] Core 62: skipped 1024 AICore record slot(s) with start_time=0 (race-window write or recycled-buffer tail). buf seq=0 count=1024
[mono_ns=7230067846248736][T0xe4b115fbaca0][WARN] copy_aicore_buffer: [chip_swimlane_collector.cpp:689] Core 61: skipped 1024 AICore record slot(s) with start_time=0 (race-window write or recycled-buffer tail). buf seq=0 count=1024
[mono_ns=7230067846287106][T0xe4b1157aaca0][WARN] copy_aicore_buffer: [chip_swimlane_collector.cpp:689] Core 63: skipped 1024 AICore record slot(s) with start_time=0 (race-window write or recycled-buffer tail). buf seq=0 count=1024
[mono_ns=7230067846293186][T0xe4b114f9aca0][WARN] copy_aicore_buffer: [chip_swimlane_collector.cpp:689] Core 65: skipped 1024 AICore record slot(s) with start_time=0 (race-window write or recycled-buffer tail). buf seq=0 count=1024
[mono_ns=7230067846572368][T0xe4b115fbaca0][WARN] copy_aicore_buffer: [chip_swimlane_collector.cpp:689] Core 21: skipped 1024 AICore record slot(s) with start_time=0 (race-window write or recycled-buffer tail). buf seq=0 count=1024
[mono_ns=7230067846611648][T0xe4b1157aaca0][WARN] copy_aicore_buffer: [chip_swimlane_collector.cpp:689] Core 22: skipped 1024 AICore record slot(s) with start_time=0 (race-window write or recycled-buffer tail). buf seq=0 count=1024
[mono_ns=7230067846615948][T0xe4b114f9aca0][WARN] copy_aicore_buffer: [chip_swimlane_collector.cpp:689] Core 23: skipped 1024 AICore record slot(s) with start_time=0 (race-window write or recycled-buffer tail). buf seq=0 count=1024
[mono_ns=7230067846896719][T0xe4b115fbaca0][WARN] copy_aicore_buffer: [chip_swimlane_collector.cpp:689] Core 66: skipped 1024 AICore record slot(s) with start_time=0 (race-window write or recycled-buffer tail). buf seq=0 count=1024
[mono_ns=7230067846936220][T0xe4b1157aaca0][WARN] copy_aicore_buffer: [chip_swimlane_collector.cpp:689] Core 68: skipped 1024 AICore record slot(s) with start_time=0 (race-window write or recycled-buffer tail). buf seq=0 count=1024
[mono_ns=7230067846940180][T0xe4b114f9aca0][WARN] copy_aicore_buffer: [chip_swimlane_collector.cpp:689] Core 70: skipped 1024 AICore record slot(s) with start_time=0 (race-window write or recycled-buffer tail). buf seq=0 count=1024
[mono_ns=7230067847235151][T0xe4b115fbaca0][WARN] copy_aicore_buffer: [chip_swimlane_collector.cpp:689] Core 67: skipped 1024 AICore record slot(s) with start_time=0 (race-window write or recycled-buffer tail). buf seq=0 count=1024
[mono_ns=7230067847270441][T0xe4b114f9aca0][WARN] copy_aicore_buffer: [chip_swimlane_collector.cpp:689] Core 71: skipped 1024 AICore record slot(s) with start_time=0 (race-window write or recycled-buffer tail). buf seq=0 count=1024
[mono_ns=7230067847273231][T0xe4b1157aaca0][WARN] copy_aicore_buffer: [chip_swimlane_collector.cpp:689] Core 69: skipped 1024 AICore record slot(s) with start_time=0 (race-window write or recycled-buffer tail). buf seq=0 count=1024
[mono_ns=7230067948068168][T0xe4b2721fb020][TIMING] emit_host_span: [STRACE] v=1 pid=123586 tid=123586 inv=6 hid=91fefa9ac2368864 depth=1 name=chip.run.runner_run ts=7230067838922777 dur=109135871 
[mono_ns=7230067948157509][T0xe4b2721fb020][TIMING] emit_host_span: [STRACE] v=1 pid=123586 tid=123586 inv=6 hid=91fefa9ac2368864 depth=1 name=chip.run.validate ts=7230067948082148 dur=71531 
[mono_ns=7230067948168469][T0xe4b2721fb020][TIMING] emit_host_span: [STRACE] v=1 pid=123586 tid=123586 inv=6 hid=91fefa9ac2368864 depth=2 name=chip.run.runner_run.device_wall ts=0 dur=194200 clk=dev
[mono_ns=7230067948173259][T0xe4b2721fb020][TIMING] emit_host_span: [STRACE] v=1 pid=123586 tid=123586 inv=6 hid=91fefa9ac2368864 depth=3 name=chip.run.runner_run.device_wall.preamble ts=0 dur=105119 clk=dev
[mono_ns=7230067948177729][T0xe4b2721fb020][TIMING] emit_host_span: [STRACE] v=1 pid=123586 tid=123586 inv=6 hid=91fefa9ac2368864 depth=3 name=chip.run.runner_run.device_wall.graph_build ts=100400 dur=83139 clk=dev
[mono_ns=7230067948182359][T0xe4b2721fb020][TIMING] emit_host_span: [STRACE] v=1 pid=123586 tid=123586 inv=6 hid=91fefa9ac2368864 depth=3 name=chip.run.runner_run.device_wall.config_validate ts=100500 dur=740 clk=dev
[mono_ns=7230067948187069][T0xe4b2721fb020][TIMING] emit_host_span: [STRACE] v=1 pid=123586 tid=123586 inv=6 hid=91fefa9ac2368864 depth=3 name=chip.run.runner_run.device_wall.arena_wire ts=101260 dur=280 clk=dev
[mono_ns=7230067948191469][T0xe4b2721fb020][TIMING] emit_host_span: [STRACE] v=1 pid=123586 tid=123586 inv=6 hid=91fefa9ac2368864 depth=3 name=chip.run.runner_run.device_wall.sm_reset ts=101560 dur=520 clk=dev
[mono_ns=7230067948222779][T0xe4b2721fb020][TIMING] emit_host_span: [STRACE] v=1 pid=123586 tid=123586 inv=6 hid=91fefa9ac2368864 depth=3 name=chip.run.runner_run.device_wall.post_orch ts=183600 dur=10520 clk=dev
[mono_ns=7230067948226729][T0xe4b2721fb020][TIMING] emit_host_span: [STRACE] v=1 pid=123586 tid=123586 inv=6 hid=91fefa9ac2368864 depth=3 name=chip.run.runner_run.device_wall.orch ts=102120 dur=4359 clk=dev
[mono_ns=7230067948229709][T0xe4b2721fb020][TIMING] emit_host_span: [STRACE] v=1 pid=123586 tid=123586 inv=6 hid=91fefa9ac2368864 depth=3 name=chip.run.runner_run.device_wall.sched ts=105220 dur=53320 clk=dev
[mono_ns=7230067948235059][T0xe4b2721fb020][TIMING] emit_host_span: [STRACE] v=1 pid=123586 tid=123586 inv=6 hid=91fefa9ac2368864 depth=1 name=chip.run.claim_release ts=7230067948232719 dur=590 
[mono_ns=7230067948240379][T0xe4b2721fb020][TIMING] emit_host_span: [STRACE] v=1 pid=123586 tid=123586 inv=6 hid=91fefa9ac2368864 depth=0 name=chip.run ts=7230067837786191 dur=110452268 run_id=6 dispatch_id=6 slot_id=0 generation=6 run_epoch=6
