[mono_ns=7230057405210793][T0xe4b2721fb020][TIMING] emit_host_span: [STRACE] v=1 pid=123479 tid=123479 inv=1 hid=91fefa9ac2368864 depth=2 name=chip.run.bind.args ts=7230057405067112 dur=137011 
[mono_ns=7230057405227333][T0xe4b2721fb020][TIMING] emit_host_span: [STRACE] v=1 pid=123479 tid=123479 inv=1 hid=91fefa9ac2368864 depth=2 name=chip.run.bind.prebuilt ts=7230057405221663 dur=2880 
[mono_ns=7230057405232273][T0xe4b2721fb020][TIMING] emit_host_span: [STRACE] v=1 pid=123479 tid=123479 inv=1 hid=91fefa9ac2368864 depth=1 name=chip.run.bind ts=7230057404616710 dur=613243 
[mono_ns=7230057520151655][T0xe4b2721fb020][TIMING] emit_host_span: [STRACE] v=1 pid=123479 tid=123479 inv=1 hid=91fefa9ac2368864 depth=1 name=chip.run.runner_run ts=7230057405904977 dur=114235338 
[mono_ns=7230057520255556][T0xe4b2721fb020][TIMING] emit_host_span: [STRACE] v=1 pid=123479 tid=123479 inv=1 hid=91fefa9ac2368864 depth=1 name=chip.run.validate ts=7230057520164895 dur=85041 
[mono_ns=7230057520264366][T0xe4b2721fb020][TIMING] emit_host_span: [STRACE] v=1 pid=123479 tid=123479 inv=1 hid=91fefa9ac2368864 depth=2 name=chip.run.runner_run.device_wall ts=0 dur=4089420 clk=dev
[mono_ns=7230057520268736][T0xe4b2721fb020][TIMING] emit_host_span: [STRACE] v=1 pid=123479 tid=123479 inv=1 hid=91fefa9ac2368864 depth=3 name=chip.run.runner_run.device_wall.preamble ts=0 dur=166340 clk=dev
[mono_ns=7230057520272466][T0xe4b2721fb020][TIMING] emit_host_span: [STRACE] v=1 pid=123479 tid=123479 inv=1 hid=91fefa9ac2368864 depth=3 name=chip.run.runner_run.device_wall.graph_build ts=41440 dur=4027020 clk=dev
[mono_ns=7230057520276166][T0xe4b2721fb020][TIMING] emit_host_span: [STRACE] v=1 pid=123479 tid=123479 inv=1 hid=91fefa9ac2368864 depth=3 name=chip.run.runner_run.device_wall.config_validate ts=45500 dur=4019 clk=dev
[mono_ns=7230057520279636][T0xe4b2721fb020][TIMING] emit_host_span: [STRACE] v=1 pid=123479 tid=123479 inv=1 hid=91fefa9ac2368864 depth=3 name=chip.run.runner_run.device_wall.arena_wire ts=49560 dur=11960 clk=dev
[mono_ns=7230057520283306][T0xe4b2721fb020][TIMING] emit_host_span: [STRACE] v=1 pid=123479 tid=123479 inv=1 hid=91fefa9ac2368864 depth=3 name=chip.run.runner_run.device_wall.sm_reset ts=61560 dur=18580 clk=dev
[mono_ns=7230057520286506][T0xe4b2721fb020][TIMING] emit_host_span: [STRACE] v=1 pid=123479 tid=123479 inv=1 hid=91fefa9ac2368864 depth=3 name=chip.run.runner_run.device_wall.post_orch ts=4068520 dur=16600 clk=dev
[mono_ns=7230057520289656][T0xe4b2721fb020][TIMING] emit_host_span: [STRACE] v=1 pid=123479 tid=123479 inv=1 hid=91fefa9ac2368864 depth=3 name=chip.run.runner_run.device_wall.orch ts=85560 dur=44520 clk=dev
[mono_ns=7230057520293426][T0xe4b2721fb020][TIMING] emit_host_span: [STRACE] v=1 pid=123479 tid=123479 inv=1 hid=91fefa9ac2368864 depth=3 name=chip.run.runner_run.device_wall.sched ts=167720 dur=3878780 clk=dev
[mono_ns=7230057520298406][T0xe4b2721fb020][TIMING] emit_host_span: [STRACE] v=1 pid=123479 tid=123479 inv=1 hid=91fefa9ac2368864 depth=1 name=chip.run.claim_release ts=7230057520296026 dur=570 
[mono_ns=7230057520303306][T0xe4b2721fb020][TIMING] emit_host_span: [STRACE] v=1 pid=123479 tid=123479 inv=1 hid=91fefa9ac2368864 depth=0 name=chip.run ts=7230057404573230 dur=115728096 run_id=1 dispatch_id=1 slot_id=0 generation=1 run_epoch=1
[mono_ns=7230057528634570][T0xe4b2721fb020][TIMING] emit_host_span: [STRACE] v=1 pid=123479 tid=123479 inv=2 hid=91fefa9ac2368864 depth=2 name=chip.run.bind.args ts=7230057528515080 dur=113770 
[mono_ns=7230057528649910][T0xe4b2721fb020][TIMING] emit_host_span: [STRACE] v=1 pid=123479 tid=123479 inv=2 hid=91fefa9ac2368864 depth=2 name=chip.run.bind.prebuilt ts=7230057528644310 dur=3130 
[mono_ns=7230057528653940][T0xe4b2721fb020][TIMING] emit_host_span: [STRACE] v=1 pid=123479 tid=123479 inv=2 hid=91fefa9ac2368864 depth=1 name=chip.run.bind ts=7230057528507850 dur=144040 
[mono_ns=7230057598286301][T0xe4b1157aaca0][WARN] copy_aicore_buffer: [chip_swimlane_collector.cpp:689] Core 1: skipped 1024 AICore record slot(s) with start_time=0 (race-window write or recycled-buffer tail). buf seq=0 count=1024
[mono_ns=7230057598295631][T0xe4b114f9aca0][WARN] copy_aicore_buffer: [chip_swimlane_collector.cpp:689] Core 2: skipped 1024 AICore record slot(s) with start_time=0 (race-window write or recycled-buffer tail). buf seq=0 count=1024
[mono_ns=7230057598372342][T0xe4b115fbaca0][WARN] copy_aicore_buffer: [chip_swimlane_collector.cpp:689] Core 0: skipped 1024 AICore record slot(s) with start_time=0 (race-window write or recycled-buffer tail). buf seq=0 count=1024
[mono_ns=7230057598609843][T0xe4b1157aaca0][WARN] copy_aicore_buffer: [chip_swimlane_collector.cpp:689] Core 26: skipped 1024 AICore record slot(s) with start_time=0 (race-window write or recycled-buffer tail). buf seq=0 count=1024
[mono_ns=7230057598631753][T0xe4b114f9aca0][WARN] copy_aicore_buffer: [chip_swimlane_collector.cpp:689] Core 28: skipped 1023 AICore record slot(s) with start_time=0 (race-window write or recycled-buffer tail). buf seq=0 count=1024
[mono_ns=7230057598702433][T0xe4b115fbaca0][WARN] copy_aicore_buffer: [chip_swimlane_collector.cpp:689] Core 24: skipped 1022 AICore record slot(s) with start_time=0 (race-window write or recycled-buffer tail). buf seq=0 count=1024
[mono_ns=7230057598927894][T0xe4b1157aaca0][WARN] copy_aicore_buffer: [chip_swimlane_collector.cpp:689] Core 27: skipped 1024 AICore record slot(s) with start_time=0 (race-window write or recycled-buffer tail). buf seq=0 count=1024
[mono_ns=7230057598959385][T0xe4b114f9aca0][WARN] copy_aicore_buffer: [chip_swimlane_collector.cpp:689] Core 29: skipped 1024 AICore record slot(s) with start_time=0 (race-window write or recycled-buffer tail). buf seq=0 count=1024
[mono_ns=7230057599042605][T0xe4b115fbaca0][WARN] copy_aicore_buffer: [chip_swimlane_collector.cpp:689] Core 25: skipped 1024 AICore record slot(s) with start_time=0 (race-window write or recycled-buffer tail). buf seq=0 count=1024
[mono_ns=7230057599258266][T0xe4b1157aaca0][WARN] copy_aicore_buffer: [chip_swimlane_collector.cpp:689] Core 4: skipped 1024 AICore record slot(s) with start_time=0 (race-window write or recycled-buffer tail). buf seq=0 count=1024
[mono_ns=7230057599296916][T0xe4b114f9aca0][WARN] copy_aicore_buffer: [chip_swimlane_collector.cpp:689] Core 5: skipped 1024 AICore record slot(s) with start_time=0 (race-window write or recycled-buffer tail). buf seq=0 count=1024
[mono_ns=7230057599361247][T0xe4b115fbaca0][WARN] copy_aicore_buffer: [chip_swimlane_collector.cpp:689] Core 3: skipped 1024 AICore record slot(s) with start_time=0 (race-window write or recycled-buffer tail). buf seq=0 count=1024
[mono_ns=7230057599586208][T0xe4b1157aaca0][WARN] copy_aicore_buffer: [chip_swimlane_collector.cpp:689] Core 32: skipped 1024 AICore record slot(s) with start_time=0 (race-window write or recycled-buffer tail). buf seq=0 count=1024
[mono_ns=7230057599640738][T0xe4b114f9aca0][WARN] copy_aicore_buffer: [chip_swimlane_collector.cpp:689] Core 34: skipped 1024 AICore record slot(s) with start_time=0 (race-window write or recycled-buffer tail). buf seq=0 count=1024
[mono_ns=7230057599695209][T0xe4b115fbaca0][WARN] copy_aicore_buffer: [chip_swimlane_collector.cpp:689] Core 30: skipped 1024 AICore record slot(s) with start_time=0 (race-window write or recycled-buffer tail). buf seq=0 count=1024
[mono_ns=7230057599907960][T0xe4b1157aaca0][WARN] copy_aicore_buffer: [chip_swimlane_collector.cpp:689] Core 33: skipped 1024 AICore record slot(s) with start_time=0 (race-window write or recycled-buffer tail). buf seq=0 count=1024
[mono_ns=7230057599979040][T0xe4b114f9aca0][WARN] copy_aicore_buffer: [chip_swimlane_collector.cpp:689] Core 35: skipped 1024 AICore record slot(s) with start_time=0 (race-window write or recycled-buffer tail). buf seq=0 count=1024
[mono_ns=7230057600038700][T0xe4b115fbaca0][WARN] copy_aicore_buffer: [chip_swimlane_collector.cpp:689] Core 31: skipped 1024 AICore record slot(s) with start_time=0 (race-window write or recycled-buffer tail). buf seq=0 count=1024
[mono_ns=7230057600242121][T0xe4b1157aaca0][WARN] copy_aicore_buffer: [chip_swimlane_collector.cpp:689] Core 7: skipped 1024 AICore record slot(s) with start_time=0 (race-window write or recycled-buffer tail). buf seq=0 count=1024
[mono_ns=7230057600323992][T0xe4b114f9aca0][WARN] copy_aicore_buffer: [chip_swimlane_collector.cpp:689] Core 8: skipped 1024 AICore record slot(s) with start_time=0 (race-window write or recycled-buffer tail). buf seq=0 count=1024
[mono_ns=7230057600373232][T0xe4b115fbaca0][WARN] copy_aicore_buffer: [chip_swimlane_collector.cpp:689] Core 6: skipped 1024 AICore record slot(s) with start_time=0 (race-window write or recycled-buffer tail). buf seq=0 count=1024
[mono_ns=7230057600565533][T0xe4b1157aaca0][WARN] copy_aicore_buffer: [chip_swimlane_collector.cpp:689] Core 38: skipped 1024 AICore record slot(s) with start_time=0 (race-window write or recycled-buffer tail). buf seq=0 count=1024
[mono_ns=7230057600659254][T0xe4b114f9aca0][WARN] copy_aicore_buffer: [chip_swimlane_collector.cpp:689] Core 40: skipped 1024 AICore record slot(s) with start_time=0 (race-window write or recycled-buffer tail). buf seq=0 count=1024
[mono_ns=7230057600694914][T0xe4b115fbaca0][WARN] copy_aicore_buffer: [chip_swimlane_collector.cpp:689] Core 36: skipped 1024 AICore record slot(s) with start_time=0 (race-window write or recycled-buffer tail). buf seq=0 count=1024
[mono_ns=7230057600893225][T0xe4b1157aaca0][WARN] copy_aicore_buffer: [chip_swimlane_collector.cpp:689] Core 39: skipped 1024 AICore record slot(s) with start_time=0 (race-window write or recycled-buffer tail). buf seq=0 count=1024
[mono_ns=7230057600993425][T0xe4b114f9aca0][WARN] copy_aicore_buffer: [chip_swimlane_collector.cpp:689] Core 41: skipped 1024 AICore record slot(s) with start_time=0 (race-window write or recycled-buffer tail). buf seq=0 count=1024
[mono_ns=7230057601026516][T0xe4b115fbaca0][WARN] copy_aicore_buffer: [chip_swimlane_collector.cpp:689] Core 37: skipped 1024 AICore record slot(s) with start_time=0 (race-window write or recycled-buffer tail). buf seq=0 count=1024
[mono_ns=7230057601232797][T0xe4b1157aaca0][WARN] copy_aicore_buffer: [chip_swimlane_collector.cpp:689] Core 10: skipped 1024 AICore record slot(s) with start_time=0 (race-window write or recycled-buffer tail). buf seq=0 count=1024
[mono_ns=7230057601346117][T0xe4b114f9aca0][WARN] copy_aicore_buffer: [chip_swimlane_collector.cpp:689] Core 11: skipped 1024 AICore record slot(s) with start_time=0 (race-window write or recycled-buffer tail). buf seq=0 count=1024
[mono_ns=7230057601352507][T0xe4b115fbaca0][WARN] copy_aicore_buffer: [chip_swimlane_collector.cpp:689] Core 9: skipped 1024 AICore record slot(s) with start_time=0 (race-window write or recycled-buffer tail). buf seq=0 count=1024
[mono_ns=7230057601554158][T0xe4b1157aaca0][WARN] copy_aicore_buffer: [chip_swimlane_collector.cpp:689] Core 44: skipped 1024 AICore record slot(s) with start_time=0 (race-window write or recycled-buffer tail). buf seq=0 count=1024
[mono_ns=7230057601676849][T0xe4b115fbaca0][WARN] copy_aicore_buffer: [chip_swimlane_collector.cpp:689] Core 42: skipped 1024 AICore record slot(s) with start_time=0 (race-window write or recycled-buffer tail). buf seq=0 count=1024
[mono_ns=7230057601680269][T0xe4b114f9aca0][WARN] copy_aicore_buffer: [chip_swimlane_collector.cpp:689] Core 46: skipped 1024 AICore record slot(s) with start_time=0 (race-window write or recycled-buffer tail). buf seq=0 count=1024
[mono_ns=7230057601884160][T0xe4b1157aaca0][WARN] copy_aicore_buffer: [chip_swimlane_collector.cpp:689] Core 45: skipped 1024 AICore record slot(s) with start_time=0 (race-window write or recycled-buffer tail). buf seq=0 count=1024
[mono_ns=7230057602014261][T0xe4b115fbaca0][WARN] copy_aicore_buffer: [chip_swimlane_collector.cpp:689] Core 43: skipped 1024 AICore record slot(s) with start_time=0 (race-window write or recycled-buffer tail). buf seq=0 count=1024
[mono_ns=7230057602033981][T0xe4b114f9aca0][WARN] copy_aicore_buffer: [chip_swimlane_collector.cpp:689] Core 47: skipped 1024 AICore record slot(s) with start_time=0 (race-window write or recycled-buffer tail). buf seq=0 count=1024
[mono_ns=7230057602220022][T0xe4b1157aaca0][WARN] copy_aicore_buffer: [chip_swimlane_collector.cpp:689] Core 13: skipped 1024 AICore record slot(s) with start_time=0 (race-window write or recycled-buffer tail). buf seq=0 count=1024
[mono_ns=7230057602341263][T0xe4b115fbaca0][WARN] copy_aicore_buffer: [chip_swimlane_collector.cpp:689] Core 12: skipped 1024 AICore record slot(s) with start_time=0 (race-window write or recycled-buffer tail). buf seq=0 count=1024
[mono_ns=7230057602368013][T0xe4b114f9aca0][WARN] copy_aicore_buffer: [chip_swimlane_collector.cpp:689] Core 14: skipped 1024 AICore record slot(s) with start_time=0 (race-window write or recycled-buffer tail). buf seq=0 count=1024
[mono_ns=7230057602540424][T0xe4b1157aaca0][WARN] copy_aicore_buffer: [chip_swimlane_collector.cpp:689] Core 50: skipped 1024 AICore record slot(s) with start_time=0 (race-window write or recycled-buffer tail). buf seq=0 count=1024
[mono_ns=7230057602667064][T0xe4b115fbaca0][WARN] copy_aicore_buffer: [chip_swimlane_collector.cpp:689] Core 48: skipped 1024 AICore record slot(s) with start_time=0 (race-window write or recycled-buffer tail). buf seq=0 count=1024
[mono_ns=7230057602705785][T0xe4b114f9aca0][WARN] copy_aicore_buffer: [chip_swimlane_collector.cpp:689] Core 52: skipped 1024 AICore record slot(s) with start_time=0 (race-window write or recycled-buffer tail). buf seq=0 count=1024
[mono_ns=7230057602861315][T0xe4b1157aaca0][WARN] copy_aicore_buffer: [chip_swimlane_collector.cpp:689] Core 51: skipped 1024 AICore record slot(s) with start_time=0 (race-window write or recycled-buffer tail). buf seq=0 count=1024
[mono_ns=7230057602990886][T0xe4b115fbaca0][WARN] copy_aicore_buffer: [chip_swimlane_collector.cpp:689] Core 49: skipped 1024 AICore record slot(s) with start_time=0 (race-window write or recycled-buffer tail). buf seq=0 count=1024
[mono_ns=7230057603050106][T0xe4b114f9aca0][WARN] copy_aicore_buffer: [chip_swimlane_collector.cpp:689] Core 53: skipped 1024 AICore record slot(s) with start_time=0 (race-window write or recycled-buffer tail). buf seq=0 count=1024
[mono_ns=7230057603196227][T0xe4b1157aaca0][WARN] copy_aicore_buffer: [chip_swimlane_collector.cpp:689] Core 16: skipped 1024 AICore record slot(s) with start_time=0 (race-window write or recycled-buffer tail). buf seq=0 count=1024
[mono_ns=7230057603326558][T0xe4b115fbaca0][WARN] copy_aicore_buffer: [chip_swimlane_collector.cpp:689] Core 15: skipped 1024 AICore record slot(s) with start_time=0 (race-window write or recycled-buffer tail). buf seq=0 count=1024
[mono_ns=7230057603387838][T0xe4b114f9aca0][WARN] copy_aicore_buffer: [chip_swimlane_collector.cpp:689] Core 17: skipped 1024 AICore record slot(s) with start_time=0 (race-window write or recycled-buffer tail). buf seq=0 count=1024
[mono_ns=7230057603519509][T0xe4b1157aaca0][WARN] copy_aicore_buffer: [chip_swimlane_collector.cpp:689] Core 56: skipped 1024 AICore record slot(s) with start_time=0 (race-window write or recycled-buffer tail). buf seq=0 count=1024
[mono_ns=7230057603654380][T0xe4b115fbaca0][WARN] copy_aicore_buffer: [chip_swimlane_collector.cpp:689] Core 54: skipped 1024 AICore record slot(s) with start_time=0 (race-window write or recycled-buffer tail). buf seq=0 count=1024
[mono_ns=7230057603723770][T0xe4b114f9aca0][WARN] copy_aicore_buffer: [chip_swimlane_collector.cpp:689] Core 58: skipped 1024 AICore record slot(s) with start_time=0 (race-window write or recycled-buffer tail). buf seq=0 count=1024
[mono_ns=7230057603843831][T0xe4b1157aaca0][WARN] copy_aicore_buffer: [chip_swimlane_collector.cpp:689] Core 57: skipped 1024 AICore record slot(s) with start_time=0 (race-window write or recycled-buffer tail). buf seq=0 count=1024
[mono_ns=7230057603984941][T0xe4b115fbaca0][WARN] copy_aicore_buffer: [chip_swimlane_collector.cpp:689] Core 55: skipped 1024 AICore record slot(s) with start_time=0 (race-window write or recycled-buffer tail). buf seq=0 count=1024
[mono_ns=7230057604069952][T0xe4b114f9aca0][WARN] copy_aicore_buffer: [chip_swimlane_collector.cpp:689] Core 59: skipped 1024 AICore record slot(s) with start_time=0 (race-window write or recycled-buffer tail). buf seq=0 count=1024
[mono_ns=7230057604177822][T0xe4b1157aaca0][WARN] copy_aicore_buffer: [chip_swimlane_collector.cpp:689] Core 19: skipped 1024 AICore record slot(s) with start_time=0 (race-window write or recycled-buffer tail). buf seq=0 count=1024
[mono_ns=7230057604316213][T0xe4b115fbaca0][WARN] copy_aicore_buffer: [chip_swimlane_collector.cpp:689] Core 18: skipped 1024 AICore record slot(s) with start_time=0 (race-window write or recycled-buffer tail). buf seq=0 count=1024
[mono_ns=7230057604404344][T0xe4b114f9aca0][WARN] copy_aicore_buffer: [chip_swimlane_collector.cpp:689] Core 20: skipped 1024 AICore record slot(s) with start_time=0 (race-window write or recycled-buffer tail). buf seq=0 count=1024
[mono_ns=7230057604504044][T0xe4b1157aaca0][WARN] copy_aicore_buffer: [chip_swimlane_collector.cpp:689] Core 62: skipped 1024 AICore record slot(s) with start_time=0 (race-window write or recycled-buffer tail). buf seq=0 count=1024
[mono_ns=7230057604641585][T0xe4b115fbaca0][WARN] copy_aicore_buffer: [chip_swimlane_collector.cpp:689] Core 60: skipped 1024 AICore record slot(s) with start_time=0 (race-window write or recycled-buffer tail). buf seq=0 count=1024
[mono_ns=7230057604738875][T0xe4b114f9aca0][WARN] copy_aicore_buffer: [chip_swimlane_collector.cpp:689] Core 64: skipped 1024 AICore record slot(s) with start_time=0 (race-window write or recycled-buffer tail). buf seq=0 count=1024
[mono_ns=7230057604825636][T0xe4b1157aaca0][WARN] copy_aicore_buffer: [chip_swimlane_collector.cpp:689] Core 63: skipped 1024 AICore record slot(s) with start_time=0 (race-window write or recycled-buffer tail). buf seq=0 count=1024
[mono_ns=7230057604966877][T0xe4b115fbaca0][WARN] copy_aicore_buffer: [chip_swimlane_collector.cpp:689] Core 61: skipped 1024 AICore record slot(s) with start_time=0 (race-window write or recycled-buffer tail). buf seq=0 count=1024
[mono_ns=7230057605083647][T0xe4b114f9aca0][WARN] copy_aicore_buffer: [chip_swimlane_collector.cpp:689] Core 65: skipped 1024 AICore record slot(s) with start_time=0 (race-window write or recycled-buffer tail). buf seq=0 count=1024
[mono_ns=7230057605160498][T0xe4b1157aaca0][WARN] copy_aicore_buffer: [chip_swimlane_collector.cpp:689] Core 22: skipped 1024 AICore record slot(s) with start_time=0 (race-window write or recycled-buffer tail). buf seq=0 count=1024
[mono_ns=7230057605301578][T0xe4b115fbaca0][WARN] copy_aicore_buffer: [chip_swimlane_collector.cpp:689] Core 21: skipped 1024 AICore record slot(s) with start_time=0 (race-window write or recycled-buffer tail). buf seq=0 count=1024
[mono_ns=7230057605421069][T0xe4b114f9aca0][WARN] copy_aicore_buffer: [chip_swimlane_collector.cpp:689] Core 23: skipped 1024 AICore record slot(s) with start_time=0 (race-window write or recycled-buffer tail). buf seq=0 count=1024
[mono_ns=7230057605487139][T0xe4b1157aaca0][WARN] copy_aicore_buffer: [chip_swimlane_collector.cpp:689] Core 68: skipped 1024 AICore record slot(s) with start_time=0 (race-window write or recycled-buffer tail). buf seq=0 count=1024
[mono_ns=7230057605627980][T0xe4b115fbaca0][WARN] copy_aicore_buffer: [chip_swimlane_collector.cpp:689] Core 66: skipped 1024 AICore record slot(s) with start_time=0 (race-window write or recycled-buffer tail). buf seq=0 count=1024
[mono_ns=7230057605756491][T0xe4b114f9aca0][WARN] copy_aicore_buffer: [chip_swimlane_collector.cpp:689] Core 70: skipped 1024 AICore record slot(s) with start_time=0 (race-window write or recycled-buffer tail). buf seq=0 count=1024
[mono_ns=7230057605814361][T0xe4b1157aaca0][WARN] copy_aicore_buffer: [chip_swimlane_collector.cpp:689] Core 69: skipped 1024 AICore record slot(s) with start_time=0 (race-window write or recycled-buffer tail). buf seq=0 count=1024
[mono_ns=7230057605951892][T0xe4b115fbaca0][WARN] copy_aicore_buffer: [chip_swimlane_collector.cpp:689] Core 67: skipped 1024 AICore record slot(s) with start_time=0 (race-window write or recycled-buffer tail). buf seq=0 count=1024
[mono_ns=7230057606099733][T0xe4b114f9aca0][WARN] copy_aicore_buffer: [chip_swimlane_collector.cpp:689] Core 71: skipped 1024 AICore record slot(s) with start_time=0 (race-window write or recycled-buffer tail). buf seq=0 count=1024
[mono_ns=7230057706669438][T0xe4b2721fb020][TIMING] emit_host_span: [STRACE] v=1 pid=123479 tid=123479 inv=2 hid=91fefa9ac2368864 depth=1 name=chip.run.runner_run ts=7230057583979905 dur=122682663 
[mono_ns=7230057706749158][T0xe4b2721fb020][TIMING] emit_host_span: [STRACE] v=1 pid=123479 tid=123479 inv=2 hid=91fefa9ac2368864 depth=1 name=chip.run.validate ts=7230057706678318 dur=66610 
[mono_ns=7230057706757389][T0xe4b2721fb020][TIMING] emit_host_span: [STRACE] v=1 pid=123479 tid=123479 inv=2 hid=91fefa9ac2368864 depth=2 name=chip.run.runner_run.device_wall ts=0 dur=11714040 clk=dev
[mono_ns=7230057706761819][T0xe4b2721fb020][TIMING] emit_host_span: [STRACE] v=1 pid=123479 tid=123479 inv=2 hid=91fefa9ac2368864 depth=3 name=chip.run.runner_run.device_wall.preamble ts=0 dur=134720 clk=dev
[mono_ns=7230057706765599][T0xe4b2721fb020][TIMING] emit_host_span: [STRACE] v=1 pid=123479 tid=123479 inv=2 hid=91fefa9ac2368864 depth=3 name=chip.run.runner_run.device_wall.graph_build ts=129920 dur=11574520 clk=dev
[mono_ns=7230057706768959][T0xe4b2721fb020][TIMING] emit_host_span: [STRACE] v=1 pid=123479 tid=123479 inv=2 hid=91fefa9ac2368864 depth=3 name=chip.run.runner_run.device_wall.config_validate ts=130080 dur=880 clk=dev
[mono_ns=7230057706772509][T0xe4b2721fb020][TIMING] emit_host_span: [STRACE] v=1 pid=123479 tid=123479 inv=2 hid=91fefa9ac2368864 depth=3 name=chip.run.runner_run.device_wall.arena_wire ts=130979 dur=520 clk=dev
[mono_ns=7230057706775889][T0xe4b2721fb020][TIMING] emit_host_span: [STRACE] v=1 pid=123479 tid=123479 inv=2 hid=91fefa9ac2368864 depth=3 name=chip.run.runner_run.device_wall.sm_reset ts=131540 dur=820 clk=dev
[mono_ns=7230057706779259][T0xe4b2721fb020][TIMING] emit_host_span: [STRACE] v=1 pid=123479 tid=123479 inv=2 hid=91fefa9ac2368864 depth=3 name=chip.run.runner_run.device_wall.post_orch ts=11704519 dur=9320 clk=dev
[mono_ns=7230057706782969][T0xe4b2721fb020][TIMING] emit_host_span: [STRACE] v=1 pid=123479 tid=123479 inv=2 hid=91fefa9ac2368864 depth=3 name=chip.run.runner_run.device_wall.orch ts=132420 dur=6120 clk=dev
[mono_ns=7230057706786789][T0xe4b2721fb020][TIMING] emit_host_span: [STRACE] v=1 pid=123479 tid=123479 inv=2 hid=91fefa9ac2368864 depth=3 name=chip.run.runner_run.device_wall.sched ts=134960 dur=11542680 clk=dev
[mono_ns=7230057706791449][T0xe4b2721fb020][TIMING] emit_host_span: [STRACE] v=1 pid=123479 tid=123479 inv=2 hid=91fefa9ac2368864 depth=1 name=chip.run.claim_release ts=7230057706789429 dur=300 
[mono_ns=7230057706795619][T0xe4b2721fb020][TIMING] emit_host_span: [STRACE] v=1 pid=123479 tid=123479 inv=2 hid=91fefa9ac2368864 depth=0 name=chip.run ts=7230057528476829 dur=178316890 run_id=2 dispatch_id=2 slot_id=0 generation=2 run_epoch=2
[mono_ns=7230062538753914][T0xe4b2721fb020][TIMING] emit_host_span: [STRACE] v=1 pid=123479 tid=123479 inv=3 hid=91fefa9ac2368864 depth=2 name=chip.run.bind.args ts=7230062538427912 dur=267041 
[mono_ns=7230062538841504][T0xe4b2721fb020][TIMING] emit_host_span: [STRACE] v=1 pid=123479 tid=123479 inv=3 hid=91fefa9ac2368864 depth=2 name=chip.run.bind.prebuilt ts=7230062538832744 dur=5490 
[mono_ns=7230062538846874][T0xe4b2721fb020][TIMING] emit_host_span: [STRACE] v=1 pid=123479 tid=123479 inv=3 hid=91fefa9ac2368864 depth=1 name=chip.run.bind ts=7230062538393472 dur=450902 
[mono_ns=7230062728336383][T0xe4b2721fb020][TIMING] emit_host_span: [STRACE] v=1 pid=123479 tid=123479 inv=3 hid=91fefa9ac2368864 depth=1 name=chip.run.runner_run ts=7230062540623304 dur=187696409 
[mono_ns=7230062728445214][T0xe4b2721fb020][TIMING] emit_host_span: [STRACE] v=1 pid=123479 tid=123479 inv=3 hid=91fefa9ac2368864 depth=1 name=chip.run.validate ts=7230062728353783 dur=86811 
[mono_ns=7230062728457594][T0xe4b2721fb020][TIMING] emit_host_span: [STRACE] v=1 pid=123479 tid=123479 inv=3 hid=91fefa9ac2368864 depth=2 name=chip.run.runner_run.device_wall ts=0 dur=4621780 clk=dev
[mono_ns=7230062728462384][T0xe4b2721fb020][TIMING] emit_host_span: [STRACE] v=1 pid=123479 tid=123479 inv=3 hid=91fefa9ac2368864 depth=3 name=chip.run.runner_run.device_wall.preamble ts=0 dur=7900 clk=dev
[mono_ns=7230062728466724][T0xe4b2721fb020][TIMING] emit_host_span: [STRACE] v=1 pid=123479 tid=123479 inv=3 hid=91fefa9ac2368864 depth=3 name=chip.run.runner_run.device_wall.graph_build ts=2240 dur=4608059 clk=dev
[mono_ns=7230062728470114][T0xe4b2721fb020][TIMING] emit_host_span: [STRACE] v=1 pid=123479 tid=123479 inv=3 hid=91fefa9ac2368864 depth=3 name=chip.run.runner_run.device_wall.config_validate ts=2580 dur=1400 clk=dev
[mono_ns=7230062728505804][T0xe4b2721fb020][TIMING] emit_host_span: [STRACE] v=1 pid=123479 tid=123479 inv=3 hid=91fefa9ac2368864 depth=3 name=chip.run.runner_run.device_wall.arena_wire ts=4000 dur=1480 clk=dev
[mono_ns=7230062728511254][T0xe4b2721fb020][TIMING] emit_host_span: [STRACE] v=1 pid=123479 tid=123479 inv=3 hid=91fefa9ac2368864 depth=3 name=chip.run.runner_run.device_wall.sm_reset ts=5520 dur=3140 clk=dev
[mono_ns=7230062728516704][T0xe4b2721fb020][TIMING] emit_host_span: [STRACE] v=1 pid=123479 tid=123479 inv=3 hid=91fefa9ac2368864 depth=3 name=chip.run.runner_run.device_wall.post_orch ts=4610360 dur=11080 clk=dev
[mono_ns=7230062728522684][T0xe4b2721fb020][TIMING] emit_host_span: [STRACE] v=1 pid=123479 tid=123479 inv=3 hid=91fefa9ac2368864 depth=3 name=chip.run.runner_run.device_wall.orch ts=9660 dur=12120 clk=dev
[mono_ns=7230062728530694][T0xe4b2721fb020][TIMING] emit_host_span: [STRACE] v=1 pid=123479 tid=123479 inv=3 hid=91fefa9ac2368864 depth=3 name=chip.run.runner_run.device_wall.sched ts=9140 dur=4592580 clk=dev
[mono_ns=7230062728537134][T0xe4b2721fb020][TIMING] emit_host_span: [STRACE] v=1 pid=123479 tid=123479 inv=3 hid=91fefa9ac2368864 depth=1 name=chip.run.claim_release ts=7230062728534684 dur=610 
[mono_ns=7230062728542474][T0xe4b2721fb020][TIMING] emit_host_span: [STRACE] v=1 pid=123479 tid=123479 inv=3 hid=91fefa9ac2368864 depth=0 name=chip.run ts=7230062537695168 dur=190845266 run_id=3 dispatch_id=3 slot_id=0 generation=3 run_epoch=3
[mono_ns=7230062760529045][T0xe4b2721fb020][TIMING] emit_host_span: [STRACE] v=1 pid=123479 tid=123479 inv=4 hid=91fefa9ac2368864 depth=2 name=chip.run.bind.args ts=7230062760408834 dur=113580 
[mono_ns=7230062760549775][T0xe4b2721fb020][TIMING] emit_host_span: [STRACE] v=1 pid=123479 tid=123479 inv=4 hid=91fefa9ac2368864 depth=2 name=chip.run.bind.prebuilt ts=7230062760541855 dur=5280 
[mono_ns=7230062760555295][T0xe4b2721fb020][TIMING] emit_host_span: [STRACE] v=1 pid=123479 tid=123479 inv=4 hid=91fefa9ac2368864 depth=1 name=chip.run.bind ts=7230062760396094 dur=156871 
[mono_ns=7230062765856993][T0xe4b1157aaca0][WARN] copy_aicore_buffer: [chip_swimlane_collector.cpp:689] Core 1: skipped 1024 AICore record slot(s) with start_time=0 (race-window write or recycled-buffer tail). buf seq=0 count=1024
[mono_ns=7230062765869253][T0xe4b114f9aca0][WARN] copy_aicore_buffer: [chip_swimlane_collector.cpp:689] Core 2: skipped 1024 AICore record slot(s) with start_time=0 (race-window write or recycled-buffer tail). buf seq=0 count=1024
[mono_ns=7230062765905223][T0xe4b115fbaca0][WARN] copy_aicore_buffer: [chip_swimlane_collector.cpp:689] Core 0: skipped 1024 AICore record slot(s) with start_time=0 (race-window write or recycled-buffer tail). buf seq=0 count=1024
[mono_ns=7230062766212105][T0xe4b1157aaca0][WARN] copy_aicore_buffer: [chip_swimlane_collector.cpp:689] Core 26: skipped 1023 AICore record slot(s) with start_time=0 (race-window write or recycled-buffer tail). buf seq=0 count=1024
[mono_ns=7230062766216695][T0xe4b114f9aca0][WARN] copy_aicore_buffer: [chip_swimlane_collector.cpp:689] Core 28: skipped 1023 AICore record slot(s) with start_time=0 (race-window write or recycled-buffer tail). buf seq=0 count=1024
[mono_ns=7230062766254025][T0xe4b115fbaca0][WARN] copy_aicore_buffer: [chip_swimlane_collector.cpp:689] Core 24: skipped 1023 AICore record slot(s) with start_time=0 (race-window write or recycled-buffer tail). buf seq=0 count=1024
[mono_ns=7230062766532056][T0xe4b1157aaca0][WARN] copy_aicore_buffer: [chip_swimlane_collector.cpp:689] Core 27: skipped 1024 AICore record slot(s) with start_time=0 (race-window write or recycled-buffer tail). buf seq=0 count=1024
[mono_ns=7230062766569417][T0xe4b115fbaca0][WARN] copy_aicore_buffer: [chip_swimlane_collector.cpp:689] Core 25: skipped 1024 AICore record slot(s) with start_time=0 (race-window write or recycled-buffer tail). buf seq=0 count=1024
[mono_ns=7230062766579987][T0xe4b114f9aca0][WARN] copy_aicore_buffer: [chip_swimlane_collector.cpp:689] Core 29: skipped 1024 AICore record slot(s) with start_time=0 (race-window write or recycled-buffer tail). buf seq=0 count=1024
[mono_ns=7230062766846068][T0xe4b1157aaca0][WARN] copy_aicore_buffer: [chip_swimlane_collector.cpp:689] Core 4: skipped 1024 AICore record slot(s) with start_time=0 (race-window write or recycled-buffer tail). buf seq=0 count=1024
[mono_ns=7230062766884508][T0xe4b115fbaca0][WARN] copy_aicore_buffer: [chip_swimlane_collector.cpp:689] Core 3: skipped 1024 AICore record slot(s) with start_time=0 (race-window write or recycled-buffer tail). buf seq=0 count=1024
[mono_ns=7230062766903438][T0xe4b114f9aca0][WARN] copy_aicore_buffer: [chip_swimlane_collector.cpp:689] Core 5: skipped 1024 AICore record slot(s) with start_time=0 (race-window write or recycled-buffer tail). buf seq=0 count=1024
[mono_ns=7230062767175300][T0xe4b1157aaca0][WARN] copy_aicore_buffer: [chip_swimlane_collector.cpp:689] Core 32: skipped 1024 AICore record slot(s) with start_time=0 (race-window write or recycled-buffer tail). buf seq=0 count=1024
[mono_ns=7230062767218780][T0xe4b115fbaca0][WARN] copy_aicore_buffer: [chip_swimlane_collector.cpp:689] Core 30: skipped 1024 AICore record slot(s) with start_time=0 (race-window write or recycled-buffer tail). buf seq=0 count=1024
[mono_ns=7230062767242590][T0xe4b114f9aca0][WARN] copy_aicore_buffer: [chip_swimlane_collector.cpp:689] Core 34: skipped 1024 AICore record slot(s) with start_time=0 (race-window write or recycled-buffer tail). buf seq=0 count=1024
[mono_ns=7230062767501022][T0xe4b1157aaca0][WARN] copy_aicore_buffer: [chip_swimlane_collector.cpp:689] Core 33: skipped 1024 AICore record slot(s) with start_time=0 (race-window write or recycled-buffer tail). buf seq=0 count=1024
[mono_ns=7230062767534362][T0xe4b115fbaca0][WARN] copy_aicore_buffer: [chip_swimlane_collector.cpp:689] Core 31: skipped 1024 AICore record slot(s) with start_time=0 (race-window write or recycled-buffer tail). buf seq=0 count=1024
[mono_ns=7230062767568002][T0xe4b114f9aca0][WARN] copy_aicore_buffer: [chip_swimlane_collector.cpp:689] Core 35: skipped 1024 AICore record slot(s) with start_time=0 (race-window write or recycled-buffer tail). buf seq=0 count=1024
[mono_ns=7230062767816913][T0xe4b1157aaca0][WARN] copy_aicore_buffer: [chip_swimlane_collector.cpp:689] Core 7: skipped 1024 AICore record slot(s) with start_time=0 (race-window write or recycled-buffer tail). buf seq=0 count=1024
[mono_ns=7230062767849373][T0xe4b115fbaca0][WARN] copy_aicore_buffer: [chip_swimlane_collector.cpp:689] Core 6: skipped 1024 AICore record slot(s) with start_time=0 (race-window write or recycled-buffer tail). buf seq=0 count=1024
[mono_ns=7230062767890284][T0xe4b114f9aca0][WARN] copy_aicore_buffer: [chip_swimlane_collector.cpp:689] Core 8: skipped 1024 AICore record slot(s) with start_time=0 (race-window write or recycled-buffer tail). buf seq=0 count=1024
[mono_ns=7230062768135705][T0xe4b1157aaca0][WARN] copy_aicore_buffer: [chip_swimlane_collector.cpp:689] Core 38: skipped 1024 AICore record slot(s) with start_time=0 (race-window write or recycled-buffer tail). buf seq=0 count=1024
[mono_ns=7230062768177165][T0xe4b115fbaca0][WARN] copy_aicore_buffer: [chip_swimlane_collector.cpp:689] Core 36: skipped 1024 AICore record slot(s) with start_time=0 (race-window write or recycled-buffer tail). buf seq=0 count=1024
[mono_ns=7230062768234436][T0xe4b114f9aca0][WARN] copy_aicore_buffer: [chip_swimlane_collector.cpp:689] Core 40: skipped 1024 AICore record slot(s) with start_time=0 (race-window write or recycled-buffer tail). buf seq=0 count=1024
[mono_ns=7230062768450927][T0xe4b1157aaca0][WARN] copy_aicore_buffer: [chip_swimlane_collector.cpp:689] Core 39: skipped 1024 AICore record slot(s) with start_time=0 (race-window write or recycled-buffer tail). buf seq=0 count=1024
[mono_ns=7230062768493587][T0xe4b115fbaca0][WARN] copy_aicore_buffer: [chip_swimlane_collector.cpp:689] Core 37: skipped 1024 AICore record slot(s) with start_time=0 (race-window write or recycled-buffer tail). buf seq=0 count=1024
[mono_ns=7230062768558787][T0xe4b114f9aca0][WARN] copy_aicore_buffer: [chip_swimlane_collector.cpp:689] Core 41: skipped 1024 AICore record slot(s) with start_time=0 (race-window write or recycled-buffer tail). buf seq=0 count=1024
[mono_ns=7230062768765488][T0xe4b1157aaca0][WARN] copy_aicore_buffer: [chip_swimlane_collector.cpp:689] Core 10: skipped 1024 AICore record slot(s) with start_time=0 (race-window write or recycled-buffer tail). buf seq=0 count=1024
[mono_ns=7230062768808749][T0xe4b115fbaca0][WARN] copy_aicore_buffer: [chip_swimlane_collector.cpp:689] Core 9: skipped 1024 AICore record slot(s) with start_time=0 (race-window write or recycled-buffer tail). buf seq=0 count=1024
[mono_ns=7230062768881919][T0xe4b114f9aca0][WARN] copy_aicore_buffer: [chip_swimlane_collector.cpp:689] Core 11: skipped 1024 AICore record slot(s) with start_time=0 (race-window write or recycled-buffer tail). buf seq=0 count=1024
[mono_ns=7230062769097150][T0xe4b1157aaca0][WARN] copy_aicore_buffer: [chip_swimlane_collector.cpp:689] Core 44: skipped 1024 AICore record slot(s) with start_time=0 (race-window write or recycled-buffer tail). buf seq=0 count=1024
[mono_ns=7230062769132720][T0xe4b115fbaca0][WARN] copy_aicore_buffer: [chip_swimlane_collector.cpp:689] Core 42: skipped 1024 AICore record slot(s) with start_time=0 (race-window write or recycled-buffer tail). buf seq=0 count=1024
[mono_ns=7230062769212331][T0xe4b114f9aca0][WARN] copy_aicore_buffer: [chip_swimlane_collector.cpp:689] Core 46: skipped 1024 AICore record slot(s) with start_time=0 (race-window write or recycled-buffer tail). buf seq=0 count=1024
[mono_ns=7230062769412992][T0xe4b1157aaca0][WARN] copy_aicore_buffer: [chip_swimlane_collector.cpp:689] Core 45: skipped 1024 AICore record slot(s) with start_time=0 (race-window write or recycled-buffer tail). buf seq=0 count=1024
[mono_ns=7230062769448632][T0xe4b115fbaca0][WARN] copy_aicore_buffer: [chip_swimlane_collector.cpp:689] Core 43: skipped 1024 AICore record slot(s) with start_time=0 (race-window write or recycled-buffer tail). buf seq=0 count=1024
[mono_ns=7230062769534972][T0xe4b114f9aca0][WARN] copy_aicore_buffer: [chip_swimlane_collector.cpp:689] Core 47: skipped 1024 AICore record slot(s) with start_time=0 (race-window write or recycled-buffer tail). buf seq=0 count=1024
[mono_ns=7230062769727914][T0xe4b1157aaca0][WARN] copy_aicore_buffer: [chip_swimlane_collector.cpp:689] Core 13: skipped 1024 AICore record slot(s) with start_time=0 (race-window write or recycled-buffer tail). buf seq=0 count=1024
[mono_ns=7230062769763934][T0xe4b115fbaca0][WARN] copy_aicore_buffer: [chip_swimlane_collector.cpp:689] Core 12: skipped 1024 AICore record slot(s) with start_time=0 (race-window write or recycled-buffer tail). buf seq=0 count=1024
[mono_ns=7230062769891474][T0xe4b114f9aca0][WARN] copy_aicore_buffer: [chip_swimlane_collector.cpp:689] Core 14: skipped 1024 AICore record slot(s) with start_time=0 (race-window write or recycled-buffer tail). buf seq=0 count=1024
[mono_ns=7230062770051345][T0xe4b1157aaca0][WARN] copy_aicore_buffer: [chip_swimlane_collector.cpp:689] Core 50: skipped 1024 AICore record slot(s) with start_time=0 (race-window write or recycled-buffer tail). buf seq=0 count=1024
[mono_ns=7230062770086725][T0xe4b115fbaca0][WARN] copy_aicore_buffer: [chip_swimlane_collector.cpp:689] Core 48: skipped 1024 AICore record slot(s) with start_time=0 (race-window write or recycled-buffer tail). buf seq=0 count=1024
[mono_ns=7230062770222226][T0xe4b114f9aca0][WARN] copy_aicore_buffer: [chip_swimlane_collector.cpp:689] Core 52: skipped 1024 AICore record slot(s) with start_time=0 (race-window write or recycled-buffer tail). buf seq=0 count=1024
[mono_ns=7230062770365037][T0xe4b1157aaca0][WARN] copy_aicore_buffer: [chip_swimlane_collector.cpp:689] Core 51: skipped 1024 AICore record slot(s) with start_time=0 (race-window write or recycled-buffer tail). buf seq=0 count=1024
[mono_ns=7230062770402267][T0xe4b115fbaca0][WARN] copy_aicore_buffer: [chip_swimlane_collector.cpp:689] Core 49: skipped 1024 AICore record slot(s) with start_time=0 (race-window write or recycled-buffer tail). buf seq=0 count=1024
[mono_ns=7230062770548128][T0xe4b114f9aca0][WARN] copy_aicore_buffer: [chip_swimlane_collector.cpp:689] Core 53: skipped 1024 AICore record slot(s) with start_time=0 (race-window write or recycled-buffer tail). buf seq=0 count=1024
[mono_ns=7230062770679629][T0xe4b1157aaca0][WARN] copy_aicore_buffer: [chip_swimlane_collector.cpp:689] Core 16: skipped 1024 AICore record slot(s) with start_time=0 (race-window write or recycled-buffer tail). buf seq=0 count=1024
[mono_ns=7230062770728579][T0xe4b115fbaca0][WARN] copy_aicore_buffer: [chip_swimlane_collector.cpp:689] Core 15: skipped 1024 AICore record slot(s) with start_time=0 (race-window write or recycled-buffer tail). buf seq=0 count=1024
[mono_ns=7230062770870570][T0xe4b114f9aca0][WARN] copy_aicore_buffer: [chip_swimlane_collector.cpp:689] Core 17: skipped 1024 AICore record slot(s) with start_time=0 (race-window write or recycled-buffer tail). buf seq=0 count=1024
[mono_ns=7230062770992180][T0xe4b1157aaca0][WARN] copy_aicore_buffer: [chip_swimlane_collector.cpp:689] Core 56: skipped 1024 AICore record slot(s) with start_time=0 (race-window write or recycled-buffer tail). buf seq=0 count=1024
[mono_ns=7230062771056711][T0xe4b115fbaca0][WARN] copy_aicore_buffer: [chip_swimlane_collector.cpp:689] Core 54: skipped 1024 AICore record slot(s) with start_time=0 (race-window write or recycled-buffer tail). buf seq=0 count=1024
[mono_ns=7230062771211191][T0xe4b114f9aca0][WARN] copy_aicore_buffer: [chip_swimlane_collector.cpp:689] Core 58: skipped 1024 AICore record slot(s) with start_time=0 (race-window write or recycled-buffer tail). buf seq=0 count=1024
[mono_ns=7230062771322582][T0xe4b1157aaca0][WARN] copy_aicore_buffer: [chip_swimlane_collector.cpp:689] Core 57: skipped 1024 AICore record slot(s) with start_time=0 (race-window write or recycled-buffer tail). buf seq=0 count=1024
[mono_ns=7230062771373802][T0xe4b115fbaca0][WARN] copy_aicore_buffer: [chip_swimlane_collector.cpp:689] Core 55: skipped 1024 AICore record slot(s) with start_time=0 (race-window write or recycled-buffer tail). buf seq=0 count=1024
[mono_ns=7230062771533463][T0xe4b114f9aca0][WARN] copy_aicore_buffer: [chip_swimlane_collector.cpp:689] Core 59: skipped 1024 AICore record slot(s) with start_time=0 (race-window write or recycled-buffer tail). buf seq=0 count=1024
[mono_ns=7230062771660684][T0xe4b1157aaca0][WARN] copy_aicore_buffer: [chip_swimlane_collector.cpp:689] Core 19: skipped 1024 AICore record slot(s) with start_time=0 (race-window write or recycled-buffer tail). buf seq=0 count=1024
[mono_ns=7230062771701474][T0xe4b115fbaca0][WARN] copy_aicore_buffer: [chip_swimlane_collector.cpp:689] Core 18: skipped 1024 AICore record slot(s) with start_time=0 (race-window write or recycled-buffer tail). buf seq=0 count=1024
[mono_ns=7230062771873225][T0xe4b114f9aca0][WARN] copy_aicore_buffer: [chip_swimlane_collector.cpp:689] Core 20: skipped 1024 AICore record slot(s) with start_time=0 (race-window write or recycled-buffer tail). buf seq=0 count=1024
[mono_ns=7230062772024246][T0xe4b1157aaca0][WARN] copy_aicore_buffer: [chip_swimlane_collector.cpp:689] Core 62: skipped 1024 AICore record slot(s) with start_time=0 (race-window write or recycled-buffer tail). buf seq=0 count=1024
[mono_ns=7230062772040626][T0xe4b115fbaca0][WARN] copy_aicore_buffer: [chip_swimlane_collector.cpp:689] Core 60: skipped 1024 AICore record slot(s) with start_time=0 (race-window write or recycled-buffer tail). buf seq=0 count=1024
[mono_ns=7230062772235887][T0xe4b114f9aca0][WARN] copy_aicore_buffer: [chip_swimlane_collector.cpp:689] Core 64: skipped 1024 AICore record slot(s) with start_time=0 (race-window write or recycled-buffer tail). buf seq=0 count=1024
[mono_ns=7230062772353417][T0xe4b1157aaca0][WARN] copy_aicore_buffer: [chip_swimlane_collector.cpp:689] Core 63: skipped 1024 AICore record slot(s) with start_time=0 (race-window write or recycled-buffer tail). buf seq=0 count=1024
[mono_ns=7230062772363598][T0xe4b115fbaca0][WARN] copy_aicore_buffer: [chip_swimlane_collector.cpp:689] Core 61: skipped 1024 AICore record slot(s) with start_time=0 (race-window write or recycled-buffer tail). buf seq=0 count=1024
[mono_ns=7230062772576789][T0xe4b114f9aca0][WARN] copy_aicore_buffer: [chip_swimlane_collector.cpp:689] Core 65: skipped 1024 AICore record slot(s) with start_time=0 (race-window write or recycled-buffer tail). buf seq=0 count=1024
[mono_ns=7230062772681719][T0xe4b1157aaca0][WARN] copy_aicore_buffer: [chip_swimlane_collector.cpp:689] Core 22: skipped 1024 AICore record slot(s) with start_time=0 (race-window write or recycled-buffer tail). buf seq=0 count=1024
[mono_ns=7230062772690249][T0xe4b115fbaca0][WARN] copy_aicore_buffer: [chip_swimlane_collector.cpp:689] Core 21: skipped 1024 AICore record slot(s) with start_time=0 (race-window write or recycled-buffer tail). buf seq=0 count=1024
[mono_ns=7230062772911330][T0xe4b114f9aca0][WARN] copy_aicore_buffer: [chip_swimlane_collector.cpp:689] Core 23: skipped 1024 AICore record slot(s) with start_time=0 (race-window write or recycled-buffer tail). buf seq=0 count=1024
[mono_ns=7230062773019341][T0xe4b1157aaca0][WARN] copy_aicore_buffer: [chip_swimlane_collector.cpp:689] Core 68: skipped 1024 AICore record slot(s) with start_time=0 (race-window write or recycled-buffer tail). buf seq=0 count=1024
[mono_ns=7230062773027881][T0xe4b115fbaca0][WARN] copy_aicore_buffer: [chip_swimlane_collector.cpp:689] Core 66: skipped 1024 AICore record slot(s) with start_time=0 (race-window write or recycled-buffer tail). buf seq=0 count=1024
[mono_ns=7230062773256612][T0xe4b114f9aca0][WARN] copy_aicore_buffer: [chip_swimlane_collector.cpp:689] Core 70: skipped 1024 AICore record slot(s) with start_time=0 (race-window write or recycled-buffer tail). buf seq=0 count=1024
[mono_ns=7230062773348013][T0xe4b1157aaca0][WARN] copy_aicore_buffer: [chip_swimlane_collector.cpp:689] Core 69: skipped 1024 AICore record slot(s) with start_time=0 (race-window write or recycled-buffer tail). buf seq=0 count=1024
[mono_ns=7230062773354053][T0xe4b115fbaca0][WARN] copy_aicore_buffer: [chip_swimlane_collector.cpp:689] Core 67: skipped 1024 AICore record slot(s) with start_time=0 (race-window write or recycled-buffer tail). buf seq=0 count=1024
[mono_ns=7230062773591244][T0xe4b114f9aca0][WARN] copy_aicore_buffer: [chip_swimlane_collector.cpp:689] Core 71: skipped 1024 AICore record slot(s) with start_time=0 (race-window write or recycled-buffer tail). buf seq=0 count=1024
[mono_ns=7230062874820983][T0xe4b2721fb020][TIMING] emit_host_span: [STRACE] v=1 pid=123479 tid=123479 inv=4 hid=91fefa9ac2368864 depth=1 name=chip.run.runner_run ts=7230062762227624 dur=112578379 
[mono_ns=7230062874922324][T0xe4b2721fb020][TIMING] emit_host_span: [STRACE] v=1 pid=123479 tid=123479 inv=4 hid=91fefa9ac2368864 depth=1 name=chip.run.validate ts=7230062874838713 dur=79131 
[mono_ns=7230062874934834][T0xe4b2721fb020][TIMING] emit_host_span: [STRACE] v=1 pid=123479 tid=123479 inv=4 hid=91fefa9ac2368864 depth=2 name=chip.run.runner_run.device_wall ts=0 dur=3100340 clk=dev
[mono_ns=7230062874970504][T0xe4b2721fb020][TIMING] emit_host_span: [STRACE] v=1 pid=123479 tid=123479 inv=4 hid=91fefa9ac2368864 depth=3 name=chip.run.runner_run.device_wall.preamble ts=0 dur=109980 clk=dev
[mono_ns=7230062874975634][T0xe4b2721fb020][TIMING] emit_host_span: [STRACE] v=1 pid=123479 tid=123479 inv=4 hid=91fefa9ac2368864 depth=3 name=chip.run.runner_run.device_wall.graph_build ts=105980 dur=2984420 clk=dev
[mono_ns=7230062874979784][T0xe4b2721fb020][TIMING] emit_host_span: [STRACE] v=1 pid=123479 tid=123479 inv=4 hid=91fefa9ac2368864 depth=3 name=chip.run.runner_run.device_wall.config_validate ts=106080 dur=700 clk=dev
[mono_ns=7230062874983894][T0xe4b2721fb020][TIMING] emit_host_span: [STRACE] v=1 pid=123479 tid=123479 inv=4 hid=91fefa9ac2368864 depth=3 name=chip.run.runner_run.device_wall.arena_wire ts=106820 dur=260 clk=dev
[mono_ns=7230062874987744][T0xe4b2721fb020][TIMING] emit_host_span: [STRACE] v=1 pid=123479 tid=123479 inv=4 hid=91fefa9ac2368864 depth=3 name=chip.run.runner_run.device_wall.sm_reset ts=107100 dur=640 clk=dev
[mono_ns=7230062874991584][T0xe4b2721fb020][TIMING] emit_host_span: [STRACE] v=1 pid=123479 tid=123479 inv=4 hid=91fefa9ac2368864 depth=3 name=chip.run.runner_run.device_wall.post_orch ts=3090480 dur=9720 clk=dev
[mono_ns=7230062874994584][T0xe4b2721fb020][TIMING] emit_host_span: [STRACE] v=1 pid=123479 tid=123479 inv=4 hid=91fefa9ac2368864 depth=3 name=chip.run.runner_run.device_wall.orch ts=107780 dur=3559 clk=dev
[mono_ns=7230062874997524][T0xe4b2721fb020][TIMING] emit_host_span: [STRACE] v=1 pid=123479 tid=123479 inv=4 hid=91fefa9ac2368864 depth=3 name=chip.run.runner_run.device_wall.sched ts=110100 dur=2956520 clk=dev
[mono_ns=7230062875035584][T0xe4b2721fb020][TIMING] emit_host_span: [STRACE] v=1 pid=123479 tid=123479 inv=4 hid=91fefa9ac2368864 depth=1 name=chip.run.claim_release ts=7230062875032724 dur=540 
[mono_ns=7230062875046374][T0xe4b2721fb020][TIMING] emit_host_span: [STRACE] v=1 pid=123479 tid=123479 inv=4 hid=91fefa9ac2368864 depth=0 name=chip.run ts=7230062760345374 dur=114698970 run_id=4 dispatch_id=4 slot_id=0 generation=4 run_epoch=4
[mono_ns=7230067716750946][T0xe4b2721fb020][TIMING] emit_host_span: [STRACE] v=1 pid=123479 tid=123479 inv=5 hid=91fefa9ac2368864 depth=2 name=chip.run.bind.args ts=7230067716533375 dur=205071 
[mono_ns=7230067716781156][T0xe4b2721fb020][TIMING] emit_host_span: [STRACE] v=1 pid=123479 tid=123479 inv=5 hid=91fefa9ac2368864 depth=2 name=chip.run.bind.prebuilt ts=7230067716771876 dur=6460 
[mono_ns=7230067716787576][T0xe4b2721fb020][TIMING] emit_host_span: [STRACE] v=1 pid=123479 tid=123479 inv=5 hid=91fefa9ac2368864 depth=1 name=chip.run.bind ts=7230067716517835 dur=266861 
[mono_ns=7230067825838007][T0xe4b2721fb020][TIMING] emit_host_span: [STRACE] v=1 pid=123479 tid=123479 inv=5 hid=91fefa9ac2368864 depth=1 name=chip.run.runner_run ts=7230067717176618 dur=108644779 
[mono_ns=7230067825946778][T0xe4b2721fb020][TIMING] emit_host_span: [STRACE] v=1 pid=123479 tid=123479 inv=5 hid=91fefa9ac2368864 depth=1 name=chip.run.validate ts=7230067825858767 dur=83841 
[mono_ns=7230067826028668][T0xe4b2721fb020][TIMING] emit_host_span: [STRACE] v=1 pid=123479 tid=123479 inv=5 hid=91fefa9ac2368864 depth=2 name=chip.run.runner_run.device_wall ts=0 dur=8015660 clk=dev
[mono_ns=7230067826033468][T0xe4b2721fb020][TIMING] emit_host_span: [STRACE] v=1 pid=123479 tid=123479 inv=5 hid=91fefa9ac2368864 depth=3 name=chip.run.runner_run.device_wall.preamble ts=0 dur=9060 clk=dev
[mono_ns=7230067826037698][T0xe4b2721fb020][TIMING] emit_host_span: [STRACE] v=1 pid=123479 tid=123479 inv=5 hid=91fefa9ac2368864 depth=3 name=chip.run.runner_run.device_wall.graph_build ts=1880 dur=8002880 clk=dev
[mono_ns=7230067826042078][T0xe4b2721fb020][TIMING] emit_host_span: [STRACE] v=1 pid=123479 tid=123479 inv=5 hid=91fefa9ac2368864 depth=3 name=chip.run.runner_run.device_wall.config_validate ts=2060 dur=1200 clk=dev
[mono_ns=7230067826047488][T0xe4b2721fb020][TIMING] emit_host_span: [STRACE] v=1 pid=123479 tid=123479 inv=5 hid=91fefa9ac2368864 depth=3 name=chip.run.runner_run.device_wall.arena_wire ts=3280 dur=919 clk=dev
[mono_ns=7230067826050878][T0xe4b2721fb020][TIMING] emit_host_span: [STRACE] v=1 pid=123479 tid=123479 inv=5 hid=91fefa9ac2368864 depth=3 name=chip.run.runner_run.device_wall.sm_reset ts=4240 dur=3140 clk=dev
[mono_ns=7230067826054828][T0xe4b2721fb020][TIMING] emit_host_span: [STRACE] v=1 pid=123479 tid=123479 inv=5 hid=91fefa9ac2368864 depth=3 name=chip.run.runner_run.device_wall.post_orch ts=8004839 dur=10040 clk=dev
[mono_ns=7230067826058628][T0xe4b2721fb020][TIMING] emit_host_span: [STRACE] v=1 pid=123479 tid=123479 inv=5 hid=91fefa9ac2368864 depth=3 name=chip.run.runner_run.device_wall.orch ts=8500 dur=10580 clk=dev
[mono_ns=7230067826079818][T0xe4b2721fb020][TIMING] emit_host_span: [STRACE] v=1 pid=123479 tid=123479 inv=5 hid=91fefa9ac2368864 depth=3 name=chip.run.runner_run.device_wall.sched ts=9440 dur=7987599 clk=dev
[mono_ns=7230067826087078][T0xe4b2721fb020][TIMING] emit_host_span: [STRACE] v=1 pid=123479 tid=123479 inv=5 hid=91fefa9ac2368864 depth=1 name=chip.run.claim_release ts=7230067826084428 dur=860 
[mono_ns=7230067826092159][T0xe4b2721fb020][TIMING] emit_host_span: [STRACE] v=1 pid=123479 tid=123479 inv=5 hid=91fefa9ac2368864 depth=0 name=chip.run ts=7230067716284654 dur=109805495 run_id=5 dispatch_id=5 slot_id=0 generation=5 run_epoch=5
[mono_ns=7230067834294192][T0xe4b2721fb020][TIMING] emit_host_span: [STRACE] v=1 pid=123479 tid=123479 inv=6 hid=91fefa9ac2368864 depth=2 name=chip.run.bind.args ts=7230067834178132 dur=109510 
[mono_ns=7230067834314782][T0xe4b2721fb020][TIMING] emit_host_span: [STRACE] v=1 pid=123479 tid=123479 inv=6 hid=91fefa9ac2368864 depth=2 name=chip.run.bind.prebuilt ts=7230067834307282 dur=4970 
[mono_ns=7230067834319802][T0xe4b2721fb020][TIMING] emit_host_span: [STRACE] v=1 pid=123479 tid=123479 inv=6 hid=91fefa9ac2368864 depth=1 name=chip.run.bind ts=7230067834165472 dur=152290 
[mono_ns=7230067839672711][T0xe4b114f9aca0][WARN] copy_aicore_buffer: [chip_swimlane_collector.cpp:689] Core 2: skipped 1024 AICore record slot(s) with start_time=0 (race-window write or recycled-buffer tail). buf seq=0 count=1024
[mono_ns=7230067839685791][T0xe4b1157aaca0][WARN] copy_aicore_buffer: [chip_swimlane_collector.cpp:689] Core 1: skipped 1024 AICore record slot(s) with start_time=0 (race-window write or recycled-buffer tail). buf seq=0 count=1024
[mono_ns=7230067839703561][T0xe4b115fbaca0][WARN] copy_aicore_buffer: [chip_swimlane_collector.cpp:689] Core 0: skipped 1024 AICore record slot(s) with start_time=0 (race-window write or recycled-buffer tail). buf seq=0 count=1024
[mono_ns=7230067840020163][T0xe4b1157aaca0][WARN] copy_aicore_buffer: [chip_swimlane_collector.cpp:689] Core 26: skipped 1023 AICore record slot(s) with start_time=0 (race-window write or recycled-buffer tail). buf seq=0 count=1024
[mono_ns=7230067840022023][T0xe4b114f9aca0][WARN] copy_aicore_buffer: [chip_swimlane_collector.cpp:689] Core 28: skipped 1023 AICore record slot(s) with start_time=0 (race-window write or recycled-buffer tail). buf seq=0 count=1024
[mono_ns=7230067840035433][T0xe4b115fbaca0][WARN] copy_aicore_buffer: [chip_swimlane_collector.cpp:689] Core 24: skipped 1023 AICore record slot(s) with start_time=0 (race-window write or recycled-buffer tail). buf seq=0 count=1024
[mono_ns=7230067840336574][T0xe4b1157aaca0][WARN] copy_aicore_buffer: [chip_swimlane_collector.cpp:689] Core 27: skipped 1024 AICore record slot(s) with start_time=0 (race-window write or recycled-buffer tail). buf seq=0 count=1024
[mono_ns=7230067840347944][T0xe4b115fbaca0][WARN] copy_aicore_buffer: [chip_swimlane_collector.cpp:689] Core 25: skipped 1024 AICore record slot(s) with start_time=0 (race-window write or recycled-buffer tail). buf seq=0 count=1024
[mono_ns=7230067840348044][T0xe4b114f9aca0][WARN] copy_aicore_buffer: [chip_swimlane_collector.cpp:689] Core 29: skipped 1024 AICore record slot(s) with start_time=0 (race-window write or recycled-buffer tail). buf seq=0 count=1024
[mono_ns=7230067840652666][T0xe4b1157aaca0][WARN] copy_aicore_buffer: [chip_swimlane_collector.cpp:689] Core 4: skipped 1024 AICore record slot(s) with start_time=0 (race-window write or recycled-buffer tail). buf seq=0 count=1024
[mono_ns=7230067840661306][T0xe4b115fbaca0][WARN] copy_aicore_buffer: [chip_swimlane_collector.cpp:689] Core 3: skipped 1024 AICore record slot(s) with start_time=0 (race-window write or recycled-buffer tail). buf seq=0 count=1024
[mono_ns=7230067840672476][T0xe4b114f9aca0][WARN] copy_aicore_buffer: [chip_swimlane_collector.cpp:689] Core 5: skipped 1024 AICore record slot(s) with start_time=0 (race-window write or recycled-buffer tail). buf seq=0 count=1024
[mono_ns=7230067840975538][T0xe4b1157aaca0][WARN] copy_aicore_buffer: [chip_swimlane_collector.cpp:689] Core 32: skipped 1024 AICore record slot(s) with start_time=0 (race-window write or recycled-buffer tail). buf seq=0 count=1024
[mono_ns=7230067840977778][T0xe4b115fbaca0][WARN] copy_aicore_buffer: [chip_swimlane_collector.cpp:689] Core 30: skipped 1024 AICore record slot(s) with start_time=0 (race-window write or recycled-buffer tail). buf seq=0 count=1024
[mono_ns=7230067840993068][T0xe4b114f9aca0][WARN] copy_aicore_buffer: [chip_swimlane_collector.cpp:689] Core 34: skipped 1024 AICore record slot(s) with start_time=0 (race-window write or recycled-buffer tail). buf seq=0 count=1024
[mono_ns=7230067841298449][T0xe4b1157aaca0][WARN] copy_aicore_buffer: [chip_swimlane_collector.cpp:689] Core 33: skipped 1024 AICore record slot(s) with start_time=0 (race-window write or recycled-buffer tail). buf seq=0 count=1024
[mono_ns=7230067841303670][T0xe4b115fbaca0][WARN] copy_aicore_buffer: [chip_swimlane_collector.cpp:689] Core 31: skipped 1024 AICore record slot(s) with start_time=0 (race-window write or recycled-buffer tail). buf seq=0 count=1024
[mono_ns=7230067841328810][T0xe4b114f9aca0][WARN] copy_aicore_buffer: [chip_swimlane_collector.cpp:689] Core 35: skipped 1024 AICore record slot(s) with start_time=0 (race-window write or recycled-buffer tail). buf seq=0 count=1024
[mono_ns=7230067841612461][T0xe4b1157aaca0][WARN] copy_aicore_buffer: [chip_swimlane_collector.cpp:689] Core 7: skipped 1024 AICore record slot(s) with start_time=0 (race-window write or recycled-buffer tail). buf seq=0 count=1024
[mono_ns=7230067841617181][T0xe4b115fbaca0][WARN] copy_aicore_buffer: [chip_swimlane_collector.cpp:689] Core 6: skipped 1024 AICore record slot(s) with start_time=0 (race-window write or recycled-buffer tail). buf seq=0 count=1024
[mono_ns=7230067841650481][T0xe4b114f9aca0][WARN] copy_aicore_buffer: [chip_swimlane_collector.cpp:689] Core 8: skipped 1024 AICore record slot(s) with start_time=0 (race-window write or recycled-buffer tail). buf seq=0 count=1024
[mono_ns=7230067841928853][T0xe4b1157aaca0][WARN] copy_aicore_buffer: [chip_swimlane_collector.cpp:689] Core 38: skipped 1024 AICore record slot(s) with start_time=0 (race-window write or recycled-buffer tail). buf seq=0 count=1024
[mono_ns=7230067841929733][T0xe4b115fbaca0][WARN] copy_aicore_buffer: [chip_swimlane_collector.cpp:689] Core 36: skipped 1024 AICore record slot(s) with start_time=0 (race-window write or recycled-buffer tail). buf seq=0 count=1024
[mono_ns=7230067841973173][T0xe4b114f9aca0][WARN] copy_aicore_buffer: [chip_swimlane_collector.cpp:689] Core 40: skipped 1024 AICore record slot(s) with start_time=0 (race-window write or recycled-buffer tail). buf seq=0 count=1024
[mono_ns=7230067842253715][T0xe4b115fbaca0][WARN] copy_aicore_buffer: [chip_swimlane_collector.cpp:689] Core 37: skipped 1024 AICore record slot(s) with start_time=0 (race-window write or recycled-buffer tail). buf seq=0 count=1024
[mono_ns=7230067842254155][T0xe4b1157aaca0][WARN] copy_aicore_buffer: [chip_swimlane_collector.cpp:689] Core 39: skipped 1024 AICore record slot(s) with start_time=0 (race-window write or recycled-buffer tail). buf seq=0 count=1024
[mono_ns=7230067842312455][T0xe4b114f9aca0][WARN] copy_aicore_buffer: [chip_swimlane_collector.cpp:689] Core 41: skipped 1024 AICore record slot(s) with start_time=0 (race-window write or recycled-buffer tail). buf seq=0 count=1024
[mono_ns=7230067842569356][T0xe4b115fbaca0][WARN] copy_aicore_buffer: [chip_swimlane_collector.cpp:689] Core 9: skipped 1024 AICore record slot(s) with start_time=0 (race-window write or recycled-buffer tail). buf seq=0 count=1024
[mono_ns=7230067842569986][T0xe4b1157aaca0][WARN] copy_aicore_buffer: [chip_swimlane_collector.cpp:689] Core 10: skipped 1024 AICore record slot(s) with start_time=0 (race-window write or recycled-buffer tail). buf seq=0 count=1024
[mono_ns=7230067842636377][T0xe4b114f9aca0][WARN] copy_aicore_buffer: [chip_swimlane_collector.cpp:689] Core 11: skipped 1024 AICore record slot(s) with start_time=0 (race-window write or recycled-buffer tail). buf seq=0 count=1024
[mono_ns=7230067842883248][T0xe4b1157aaca0][WARN] copy_aicore_buffer: [chip_swimlane_collector.cpp:689] Core 44: skipped 1024 AICore record slot(s) with start_time=0 (race-window write or recycled-buffer tail). buf seq=0 count=1024
[mono_ns=7230067842886118][T0xe4b115fbaca0][WARN] copy_aicore_buffer: [chip_swimlane_collector.cpp:689] Core 42: skipped 1024 AICore record slot(s) with start_time=0 (race-window write or recycled-buffer tail). buf seq=0 count=1024
[mono_ns=7230067842959328][T0xe4b114f9aca0][WARN] copy_aicore_buffer: [chip_swimlane_collector.cpp:689] Core 46: skipped 1024 AICore record slot(s) with start_time=0 (race-window write or recycled-buffer tail). buf seq=0 count=1024
[mono_ns=7230067843204600][T0xe4b115fbaca0][WARN] copy_aicore_buffer: [chip_swimlane_collector.cpp:689] Core 43: skipped 1024 AICore record slot(s) with start_time=0 (race-window write or recycled-buffer tail). buf seq=0 count=1024
[mono_ns=7230067843205550][T0xe4b1157aaca0][WARN] copy_aicore_buffer: [chip_swimlane_collector.cpp:689] Core 45: skipped 1024 AICore record slot(s) with start_time=0 (race-window write or recycled-buffer tail). buf seq=0 count=1024
[mono_ns=7230067843301790][T0xe4b114f9aca0][WARN] copy_aicore_buffer: [chip_swimlane_collector.cpp:689] Core 47: skipped 1024 AICore record slot(s) with start_time=0 (race-window write or recycled-buffer tail). buf seq=0 count=1024
[mono_ns=7230067843517851][T0xe4b1157aaca0][WARN] copy_aicore_buffer: [chip_swimlane_collector.cpp:689] Core 13: skipped 1024 AICore record slot(s) with start_time=0 (race-window write or recycled-buffer tail). buf seq=0 count=1024
[mono_ns=7230067843519751][T0xe4b115fbaca0][WARN] copy_aicore_buffer: [chip_swimlane_collector.cpp:689] Core 12: skipped 1024 AICore record slot(s) with start_time=0 (race-window write or recycled-buffer tail). buf seq=0 count=1024
[mono_ns=7230067843624502][T0xe4b114f9aca0][WARN] copy_aicore_buffer: [chip_swimlane_collector.cpp:689] Core 14: skipped 1024 AICore record slot(s) with start_time=0 (race-window write or recycled-buffer tail). buf seq=0 count=1024
[mono_ns=7230067843832453][T0xe4b1157aaca0][WARN] copy_aicore_buffer: [chip_swimlane_collector.cpp:689] Core 50: skipped 1024 AICore record slot(s) with start_time=0 (race-window write or recycled-buffer tail). buf seq=0 count=1024
[mono_ns=7230067843832573][T0xe4b115fbaca0][WARN] copy_aicore_buffer: [chip_swimlane_collector.cpp:689] Core 48: skipped 1024 AICore record slot(s) with start_time=0 (race-window write or recycled-buffer tail). buf seq=0 count=1024
[mono_ns=7230067843947404][T0xe4b114f9aca0][WARN] copy_aicore_buffer: [chip_swimlane_collector.cpp:689] Core 52: skipped 1024 AICore record slot(s) with start_time=0 (race-window write or recycled-buffer tail). buf seq=0 count=1024
[mono_ns=7230067844154985][T0xe4b1157aaca0][WARN] copy_aicore_buffer: [chip_swimlane_collector.cpp:689] Core 51: skipped 1024 AICore record slot(s) with start_time=0 (race-window write or recycled-buffer tail). buf seq=0 count=1024
[mono_ns=7230067844163385][T0xe4b115fbaca0][WARN] copy_aicore_buffer: [chip_swimlane_collector.cpp:689] Core 49: skipped 1024 AICore record slot(s) with start_time=0 (race-window write or recycled-buffer tail). buf seq=0 count=1024
[mono_ns=7230067844280265][T0xe4b114f9aca0][WARN] copy_aicore_buffer: [chip_swimlane_collector.cpp:689] Core 53: skipped 1024 AICore record slot(s) with start_time=0 (race-window write or recycled-buffer tail). buf seq=0 count=1024
[mono_ns=7230067844470506][T0xe4b1157aaca0][WARN] copy_aicore_buffer: [chip_swimlane_collector.cpp:689] Core 16: skipped 1024 AICore record slot(s) with start_time=0 (race-window write or recycled-buffer tail). buf seq=0 count=1024
[mono_ns=7230067844475316][T0xe4b115fbaca0][WARN] copy_aicore_buffer: [chip_swimlane_collector.cpp:689] Core 15: skipped 1024 AICore record slot(s) with start_time=0 (race-window write or recycled-buffer tail). buf seq=0 count=1024
[mono_ns=7230067844601757][T0xe4b114f9aca0][WARN] copy_aicore_buffer: [chip_swimlane_collector.cpp:689] Core 17: skipped 1024 AICore record slot(s) with start_time=0 (race-window write or recycled-buffer tail). buf seq=0 count=1024
[mono_ns=7230067844794828][T0xe4b1157aaca0][WARN] copy_aicore_buffer: [chip_swimlane_collector.cpp:689] Core 56: skipped 1024 AICore record slot(s) with start_time=0 (race-window write or recycled-buffer tail). buf seq=0 count=1024
[mono_ns=7230067844804698][T0xe4b115fbaca0][WARN] copy_aicore_buffer: [chip_swimlane_collector.cpp:689] Core 54: skipped 1024 AICore record slot(s) with start_time=0 (race-window write or recycled-buffer tail). buf seq=0 count=1024
[mono_ns=7230067844961249][T0xe4b114f9aca0][WARN] copy_aicore_buffer: [chip_swimlane_collector.cpp:689] Core 58: skipped 1024 AICore record slot(s) with start_time=0 (race-window write or recycled-buffer tail). buf seq=0 count=1024
[mono_ns=7230067845149590][T0xe4b1157aaca0][WARN] copy_aicore_buffer: [chip_swimlane_collector.cpp:689] Core 57: skipped 1024 AICore record slot(s) with start_time=0 (race-window write or recycled-buffer tail). buf seq=0 count=1024
[mono_ns=7230067845152400][T0xe4b115fbaca0][WARN] copy_aicore_buffer: [chip_swimlane_collector.cpp:689] Core 55: skipped 1024 AICore record slot(s) with start_time=0 (race-window write or recycled-buffer tail). buf seq=0 count=1024
[mono_ns=7230067845320361][T0xe4b114f9aca0][WARN] copy_aicore_buffer: [chip_swimlane_collector.cpp:689] Core 59: skipped 1024 AICore record slot(s) with start_time=0 (race-window write or recycled-buffer tail). buf seq=0 count=1024
[mono_ns=7230067845478492][T0xe4b115fbaca0][WARN] copy_aicore_buffer: [chip_swimlane_collector.cpp:689] Core 18: skipped 1024 AICore record slot(s) with start_time=0 (race-window write or recycled-buffer tail). buf seq=0 count=1024
[mono_ns=7230067845482742][T0xe4b1157aaca0][WARN] copy_aicore_buffer: [chip_swimlane_collector.cpp:689] Core 19: skipped 1024 AICore record slot(s) with start_time=0 (race-window write or recycled-buffer tail). buf seq=0 count=1024
[mono_ns=7230067845653943][T0xe4b114f9aca0][WARN] copy_aicore_buffer: [chip_swimlane_collector.cpp:689] Core 20: skipped 1024 AICore record slot(s) with start_time=0 (race-window write or recycled-buffer tail). buf seq=0 count=1024
[mono_ns=7230067845806464][T0xe4b115fbaca0][WARN] copy_aicore_buffer: [chip_swimlane_collector.cpp:689] Core 60: skipped 1024 AICore record slot(s) with start_time=0 (race-window write or recycled-buffer tail). buf seq=0 count=1024
[mono_ns=7230067845810764][T0xe4b1157aaca0][WARN] copy_aicore_buffer: [chip_swimlane_collector.cpp:689] Core 62: skipped 1024 AICore record slot(s) with start_time=0 (race-window write or recycled-buffer tail). buf seq=0 count=1024
[mono_ns=7230067845984304][T0xe4b114f9aca0][WARN] copy_aicore_buffer: [chip_swimlane_collector.cpp:689] Core 64: skipped 1024 AICore record slot(s) with start_time=0 (race-window write or recycled-buffer tail). buf seq=0 count=1024
[mono_ns=7230067846145485][T0xe4b115fbaca0][WARN] copy_aicore_buffer: [chip_swimlane_collector.cpp:689] Core 61: skipped 1024 AICore record slot(s) with start_time=0 (race-window write or recycled-buffer tail). buf seq=0 count=1024
[mono_ns=7230067846149185][T0xe4b1157aaca0][WARN] copy_aicore_buffer: [chip_swimlane_collector.cpp:689] Core 63: skipped 1024 AICore record slot(s) with start_time=0 (race-window write or recycled-buffer tail). buf seq=0 count=1024
[mono_ns=7230067846328956][T0xe4b114f9aca0][WARN] copy_aicore_buffer: [chip_swimlane_collector.cpp:689] Core 65: skipped 1024 AICore record slot(s) with start_time=0 (race-window write or recycled-buffer tail). buf seq=0 count=1024
[mono_ns=7230067846473737][T0xe4b115fbaca0][WARN] copy_aicore_buffer: [chip_swimlane_collector.cpp:689] Core 21: skipped 1024 AICore record slot(s) with start_time=0 (race-window write or recycled-buffer tail). buf seq=0 count=1024
[mono_ns=7230067846477657][T0xe4b1157aaca0][WARN] copy_aicore_buffer: [chip_swimlane_collector.cpp:689] Core 22: skipped 1024 AICore record slot(s) with start_time=0 (race-window write or recycled-buffer tail). buf seq=0 count=1024
[mono_ns=7230067846663788][T0xe4b114f9aca0][WARN] copy_aicore_buffer: [chip_swimlane_collector.cpp:689] Core 23: skipped 1024 AICore record slot(s) with start_time=0 (race-window write or recycled-buffer tail). buf seq=0 count=1024
[mono_ns=7230067846802809][T0xe4b1157aaca0][WARN] copy_aicore_buffer: [chip_swimlane_collector.cpp:689] Core 68: skipped 1024 AICore record slot(s) with start_time=0 (race-window write or recycled-buffer tail). buf seq=0 count=1024
[mono_ns=7230067846808819][T0xe4b115fbaca0][WARN] copy_aicore_buffer: [chip_swimlane_collector.cpp:689] Core 66: skipped 1024 AICore record slot(s) with start_time=0 (race-window write or recycled-buffer tail). buf seq=0 count=1024
[mono_ns=7230067846996060][T0xe4b114f9aca0][WARN] copy_aicore_buffer: [chip_swimlane_collector.cpp:689] Core 70: skipped 1024 AICore record slot(s) with start_time=0 (race-window write or recycled-buffer tail). buf seq=0 count=1024
[mono_ns=7230067847139441][T0xe4b1157aaca0][WARN] copy_aicore_buffer: [chip_swimlane_collector.cpp:689] Core 69: skipped 1024 AICore record slot(s) with start_time=0 (race-window write or recycled-buffer tail). buf seq=0 count=1024
[mono_ns=7230067847146221][T0xe4b115fbaca0][WARN] copy_aicore_buffer: [chip_swimlane_collector.cpp:689] Core 67: skipped 1024 AICore record slot(s) with start_time=0 (race-window write or recycled-buffer tail). buf seq=0 count=1024
[mono_ns=7230067847341822][T0xe4b114f9aca0][WARN] copy_aicore_buffer: [chip_swimlane_collector.cpp:689] Core 71: skipped 1024 AICore record slot(s) with start_time=0 (race-window write or recycled-buffer tail). buf seq=0 count=1024
[mono_ns=7230067948307979][T0xe4b2721fb020][TIMING] emit_host_span: [STRACE] v=1 pid=123479 tid=123479 inv=6 hid=91fefa9ac2368864 depth=1 name=chip.run.runner_run ts=7230067834917446 dur=113376023 
[mono_ns=7230067948405590][T0xe4b2721fb020][TIMING] emit_host_span: [STRACE] v=1 pid=123479 tid=123479 inv=6 hid=91fefa9ac2368864 depth=1 name=chip.run.validate ts=7230067948325889 dur=75531 
[mono_ns=7230067948417510][T0xe4b2721fb020][TIMING] emit_host_span: [STRACE] v=1 pid=123479 tid=123479 inv=6 hid=91fefa9ac2368864 depth=2 name=chip.run.runner_run.device_wall ts=0 dur=4185939 clk=dev
[mono_ns=7230067948422640][T0xe4b2721fb020][TIMING] emit_host_span: [STRACE] v=1 pid=123479 tid=123479 inv=6 hid=91fefa9ac2368864 depth=3 name=chip.run.runner_run.device_wall.preamble ts=0 dur=107479 clk=dev
[mono_ns=7230067948427130][T0xe4b2721fb020][TIMING] emit_host_span: [STRACE] v=1 pid=123479 tid=123479 inv=6 hid=91fefa9ac2368864 depth=3 name=chip.run.runner_run.device_wall.graph_build ts=103480 dur=4071620 clk=dev
[mono_ns=7230067948432910][T0xe4b2721fb020][TIMING] emit_host_span: [STRACE] v=1 pid=123479 tid=123479 inv=6 hid=91fefa9ac2368864 depth=3 name=chip.run.runner_run.device_wall.config_validate ts=103580 dur=720 clk=dev
[mono_ns=7230067948437300][T0xe4b2721fb020][TIMING] emit_host_span: [STRACE] v=1 pid=123479 tid=123479 inv=6 hid=91fefa9ac2368864 depth=3 name=chip.run.runner_run.device_wall.arena_wire ts=104320 dur=480 clk=dev
[mono_ns=7230067948441660][T0xe4b2721fb020][TIMING] emit_host_span: [STRACE] v=1 pid=123479 tid=123479 inv=6 hid=91fefa9ac2368864 depth=3 name=chip.run.runner_run.device_wall.sm_reset ts=104820 dur=860 clk=dev
[mono_ns=7230067948479640][T0xe4b2721fb020][TIMING] emit_host_span: [STRACE] v=1 pid=123479 tid=123479 inv=6 hid=91fefa9ac2368864 depth=3 name=chip.run.runner_run.device_wall.post_orch ts=4175120 dur=10720 clk=dev
[mono_ns=7230067948483290][T0xe4b2721fb020][TIMING] emit_host_span: [STRACE] v=1 pid=123479 tid=123479 inv=6 hid=91fefa9ac2368864 depth=3 name=chip.run.runner_run.device_wall.orch ts=105720 dur=4660 clk=dev
[mono_ns=7230067948487110][T0xe4b2721fb020][TIMING] emit_host_span: [STRACE] v=1 pid=123479 tid=123479 inv=6 hid=91fefa9ac2368864 depth=3 name=chip.run.runner_run.device_wall.sched ts=107620 dur=4043080 clk=dev
[mono_ns=7230067948493130][T0xe4b2721fb020][TIMING] emit_host_span: [STRACE] v=1 pid=123479 tid=123479 inv=6 hid=91fefa9ac2368864 depth=1 name=chip.run.claim_release ts=7230067948490800 dur=530 
[mono_ns=7230067948499480][T0xe4b2721fb020][TIMING] emit_host_span: [STRACE] v=1 pid=123479 tid=123479 inv=6 hid=91fefa9ac2368864 depth=0 name=chip.run ts=7230067834115511 dur=114381889 run_id=6 dispatch_id=6 slot_id=0 generation=6 run_epoch=6
