[mono_ns=7230057408170349][T0xe4b2721fb020][TIMING] emit_host_span: [STRACE] v=1 pid=123494 tid=123494 inv=1 hid=91fefa9ac2368864 depth=2 name=chip.run.bind.args ts=7230057408043308 dur=118091 
[mono_ns=7230057408193429][T0xe4b2721fb020][TIMING] emit_host_span: [STRACE] v=1 pid=123494 tid=123494 inv=1 hid=91fefa9ac2368864 depth=2 name=chip.run.bind.prebuilt ts=7230057408185349 dur=5090 
[mono_ns=7230057408198799][T0xe4b2721fb020][TIMING] emit_host_span: [STRACE] v=1 pid=123494 tid=123494 inv=1 hid=91fefa9ac2368864 depth=1 name=chip.run.bind ts=7230057407612266 dur=584193 
[mono_ns=7230057524896120][T0xe4b2721fb020][TIMING] emit_host_span: [STRACE] v=1 pid=123494 tid=123494 inv=1 hid=91fefa9ac2368864 depth=1 name=chip.run.runner_run ts=7230057408891543 dur=115994607 
[mono_ns=7230057525012431][T0xe4b2721fb020][TIMING] emit_host_span: [STRACE] v=1 pid=123494 tid=123494 inv=1 hid=91fefa9ac2368864 depth=1 name=chip.run.validate ts=7230057524913380 dur=85071 
[mono_ns=7230057525024091][T0xe4b2721fb020][TIMING] emit_host_span: [STRACE] v=1 pid=123494 tid=123494 inv=1 hid=91fefa9ac2368864 depth=2 name=chip.run.runner_run.device_wall ts=0 dur=1030500 clk=dev
[mono_ns=7230057525028871][T0xe4b2721fb020][TIMING] emit_host_span: [STRACE] v=1 pid=123494 tid=123494 inv=1 hid=91fefa9ac2368864 depth=3 name=chip.run.runner_run.device_wall.preamble ts=0 dur=173460 clk=dev
[mono_ns=7230057525033181][T0xe4b2721fb020][TIMING] emit_host_span: [STRACE] v=1 pid=123494 tid=123494 inv=1 hid=91fefa9ac2368864 depth=3 name=chip.run.runner_run.device_wall.graph_build ts=38860 dur=971060 clk=dev
[mono_ns=7230057525036981][T0xe4b2721fb020][TIMING] emit_host_span: [STRACE] v=1 pid=123494 tid=123494 inv=1 hid=91fefa9ac2368864 depth=3 name=chip.run.runner_run.device_wall.config_validate ts=42840 dur=3900 clk=dev
[mono_ns=7230057525041321][T0xe4b2721fb020][TIMING] emit_host_span: [STRACE] v=1 pid=123494 tid=123494 inv=1 hid=91fefa9ac2368864 depth=3 name=chip.run.runner_run.device_wall.arena_wire ts=46760 dur=12500 clk=dev
[mono_ns=7230057525047691][T0xe4b2721fb020][TIMING] emit_host_span: [STRACE] v=1 pid=123494 tid=123494 inv=1 hid=91fefa9ac2368864 depth=3 name=chip.run.runner_run.device_wall.sm_reset ts=59580 dur=16620 clk=dev
[mono_ns=7230057525052021][T0xe4b2721fb020][TIMING] emit_host_span: [STRACE] v=1 pid=123494 tid=123494 inv=1 hid=91fefa9ac2368864 depth=3 name=chip.run.runner_run.device_wall.post_orch ts=1010000 dur=17020 clk=dev
[mono_ns=7230057525056061][T0xe4b2721fb020][TIMING] emit_host_span: [STRACE] v=1 pid=123494 tid=123494 inv=1 hid=91fefa9ac2368864 depth=3 name=chip.run.runner_run.device_wall.orch ts=80980 dur=44839 clk=dev
[mono_ns=7230057525060091][T0xe4b2721fb020][TIMING] emit_host_span: [STRACE] v=1 pid=123494 tid=123494 inv=1 hid=91fefa9ac2368864 depth=3 name=chip.run.runner_run.device_wall.sched ts=175320 dur=811100 clk=dev
[mono_ns=7230057525067051][T0xe4b2721fb020][TIMING] emit_host_span: [STRACE] v=1 pid=123494 tid=123494 inv=1 hid=91fefa9ac2368864 depth=1 name=chip.run.claim_release ts=7230057525063761 dur=1490 
[mono_ns=7230057525073161][T0xe4b2721fb020][TIMING] emit_host_span: [STRACE] v=1 pid=123494 tid=123494 inv=1 hid=91fefa9ac2368864 depth=0 name=chip.run ts=7230057407572336 dur=117498765 run_id=1 dispatch_id=1 slot_id=0 generation=1 run_epoch=1
[mono_ns=7230057529647916][T0xe4b2721fb020][TIMING] emit_host_span: [STRACE] v=1 pid=123494 tid=123494 inv=2 hid=91fefa9ac2368864 depth=2 name=chip.run.bind.args ts=7230057529549335 dur=93551 
[mono_ns=7230057529665816][T0xe4b2721fb020][TIMING] emit_host_span: [STRACE] v=1 pid=123494 tid=123494 inv=2 hid=91fefa9ac2368864 depth=2 name=chip.run.bind.prebuilt ts=7230057529659146 dur=4220 
[mono_ns=7230057529670776][T0xe4b2721fb020][TIMING] emit_host_span: [STRACE] v=1 pid=123494 tid=123494 inv=2 hid=91fefa9ac2368864 depth=1 name=chip.run.bind ts=7230057529540265 dur=128311 
[mono_ns=7230057598293771][T0xe4b114f9aca0][WARN] copy_aicore_buffer: [chip_swimlane_collector.cpp:689] Core 2: skipped 1024 AICore record slot(s) with start_time=0 (race-window write or recycled-buffer tail). buf seq=0 count=1024
[mono_ns=7230057598317051][T0xe4b1157aaca0][WARN] copy_aicore_buffer: [chip_swimlane_collector.cpp:689] Core 1: skipped 1024 AICore record slot(s) with start_time=0 (race-window write or recycled-buffer tail). buf seq=0 count=1024
[mono_ns=7230057598329941][T0xe4b115fbaca0][WARN] copy_aicore_buffer: [chip_swimlane_collector.cpp:689] Core 0: skipped 1024 AICore record slot(s) with start_time=0 (race-window write or recycled-buffer tail). buf seq=0 count=1024
[mono_ns=7230057598626703][T0xe4b114f9aca0][WARN] copy_aicore_buffer: [chip_swimlane_collector.cpp:689] Core 28: skipped 1024 AICore record slot(s) with start_time=0 (race-window write or recycled-buffer tail). buf seq=0 count=1024
[mono_ns=7230057598644543][T0xe4b1157aaca0][WARN] copy_aicore_buffer: [chip_swimlane_collector.cpp:689] Core 26: skipped 1021 AICore record slot(s) with start_time=0 (race-window write or recycled-buffer tail). buf seq=0 count=1024
[mono_ns=7230057598666093][T0xe4b115fbaca0][WARN] copy_aicore_buffer: [chip_swimlane_collector.cpp:689] Core 24: skipped 1024 AICore record slot(s) with start_time=0 (race-window write or recycled-buffer tail). buf seq=0 count=1024
[mono_ns=7230057598947695][T0xe4b114f9aca0][WARN] copy_aicore_buffer: [chip_swimlane_collector.cpp:689] Core 29: skipped 1024 AICore record slot(s) with start_time=0 (race-window write or recycled-buffer tail). buf seq=0 count=1024
[mono_ns=7230057598960865][T0xe4b1157aaca0][WARN] copy_aicore_buffer: [chip_swimlane_collector.cpp:689] Core 27: skipped 1024 AICore record slot(s) with start_time=0 (race-window write or recycled-buffer tail). buf seq=0 count=1024
[mono_ns=7230057598998635][T0xe4b115fbaca0][WARN] copy_aicore_buffer: [chip_swimlane_collector.cpp:689] Core 25: skipped 1024 AICore record slot(s) with start_time=0 (race-window write or recycled-buffer tail). buf seq=0 count=1024
[mono_ns=7230057599274076][T0xe4b114f9aca0][WARN] copy_aicore_buffer: [chip_swimlane_collector.cpp:689] Core 5: skipped 1024 AICore record slot(s) with start_time=0 (race-window write or recycled-buffer tail). buf seq=0 count=1024
[mono_ns=7230057599286656][T0xe4b1157aaca0][WARN] copy_aicore_buffer: [chip_swimlane_collector.cpp:689] Core 4: skipped 1024 AICore record slot(s) with start_time=0 (race-window write or recycled-buffer tail). buf seq=0 count=1024
[mono_ns=7230057599334517][T0xe4b115fbaca0][WARN] copy_aicore_buffer: [chip_swimlane_collector.cpp:689] Core 3: skipped 1024 AICore record slot(s) with start_time=0 (race-window write or recycled-buffer tail). buf seq=0 count=1024
[mono_ns=7230057599606088][T0xe4b114f9aca0][WARN] copy_aicore_buffer: [chip_swimlane_collector.cpp:689] Core 34: skipped 1024 AICore record slot(s) with start_time=0 (race-window write or recycled-buffer tail). buf seq=0 count=1024
[mono_ns=7230057599621198][T0xe4b1157aaca0][WARN] copy_aicore_buffer: [chip_swimlane_collector.cpp:689] Core 32: skipped 1024 AICore record slot(s) with start_time=0 (race-window write or recycled-buffer tail). buf seq=0 count=1024
[mono_ns=7230057599678828][T0xe4b115fbaca0][WARN] copy_aicore_buffer: [chip_swimlane_collector.cpp:689] Core 30: skipped 1024 AICore record slot(s) with start_time=0 (race-window write or recycled-buffer tail). buf seq=0 count=1024
[mono_ns=7230057599933430][T0xe4b114f9aca0][WARN] copy_aicore_buffer: [chip_swimlane_collector.cpp:689] Core 35: skipped 1024 AICore record slot(s) with start_time=0 (race-window write or recycled-buffer tail). buf seq=0 count=1024
[mono_ns=7230057599941600][T0xe4b1157aaca0][WARN] copy_aicore_buffer: [chip_swimlane_collector.cpp:689] Core 33: skipped 1024 AICore record slot(s) with start_time=0 (race-window write or recycled-buffer tail). buf seq=0 count=1024
[mono_ns=7230057600030770][T0xe4b115fbaca0][WARN] copy_aicore_buffer: [chip_swimlane_collector.cpp:689] Core 31: skipped 1024 AICore record slot(s) with start_time=0 (race-window write or recycled-buffer tail). buf seq=0 count=1024
[mono_ns=7230057600273452][T0xe4b114f9aca0][WARN] copy_aicore_buffer: [chip_swimlane_collector.cpp:689] Core 8: skipped 1024 AICore record slot(s) with start_time=0 (race-window write or recycled-buffer tail). buf seq=0 count=1024
[mono_ns=7230057600280832][T0xe4b1157aaca0][WARN] copy_aicore_buffer: [chip_swimlane_collector.cpp:689] Core 7: skipped 1024 AICore record slot(s) with start_time=0 (race-window write or recycled-buffer tail). buf seq=0 count=1024
[mono_ns=7230057600373662][T0xe4b115fbaca0][WARN] copy_aicore_buffer: [chip_swimlane_collector.cpp:689] Core 6: skipped 1024 AICore record slot(s) with start_time=0 (race-window write or recycled-buffer tail). buf seq=0 count=1024
[mono_ns=7230057600601653][T0xe4b114f9aca0][WARN] copy_aicore_buffer: [chip_swimlane_collector.cpp:689] Core 40: skipped 1024 AICore record slot(s) with start_time=0 (race-window write or recycled-buffer tail). buf seq=0 count=1024
[mono_ns=7230057600608943][T0xe4b1157aaca0][WARN] copy_aicore_buffer: [chip_swimlane_collector.cpp:689] Core 38: skipped 1024 AICore record slot(s) with start_time=0 (race-window write or recycled-buffer tail). buf seq=0 count=1024
[mono_ns=7230057600711514][T0xe4b115fbaca0][WARN] copy_aicore_buffer: [chip_swimlane_collector.cpp:689] Core 36: skipped 1024 AICore record slot(s) with start_time=0 (race-window write or recycled-buffer tail). buf seq=0 count=1024
[mono_ns=7230057600929125][T0xe4b114f9aca0][WARN] copy_aicore_buffer: [chip_swimlane_collector.cpp:689] Core 41: skipped 1024 AICore record slot(s) with start_time=0 (race-window write or recycled-buffer tail). buf seq=0 count=1024
[mono_ns=7230057600939225][T0xe4b1157aaca0][WARN] copy_aicore_buffer: [chip_swimlane_collector.cpp:689] Core 39: skipped 1024 AICore record slot(s) with start_time=0 (race-window write or recycled-buffer tail). buf seq=0 count=1024
[mono_ns=7230057601066316][T0xe4b115fbaca0][WARN] copy_aicore_buffer: [chip_swimlane_collector.cpp:689] Core 37: skipped 1024 AICore record slot(s) with start_time=0 (race-window write or recycled-buffer tail). buf seq=0 count=1024
[mono_ns=7230057601265007][T0xe4b114f9aca0][WARN] copy_aicore_buffer: [chip_swimlane_collector.cpp:689] Core 11: skipped 1024 AICore record slot(s) with start_time=0 (race-window write or recycled-buffer tail). buf seq=0 count=1024
[mono_ns=7230057601270647][T0xe4b1157aaca0][WARN] copy_aicore_buffer: [chip_swimlane_collector.cpp:689] Core 10: skipped 1024 AICore record slot(s) with start_time=0 (race-window write or recycled-buffer tail). buf seq=0 count=1024
[mono_ns=7230057601403538][T0xe4b115fbaca0][WARN] copy_aicore_buffer: [chip_swimlane_collector.cpp:689] Core 9: skipped 1024 AICore record slot(s) with start_time=0 (race-window write or recycled-buffer tail). buf seq=0 count=1024
[mono_ns=7230057601595719][T0xe4b1157aaca0][WARN] copy_aicore_buffer: [chip_swimlane_collector.cpp:689] Core 44: skipped 1024 AICore record slot(s) with start_time=0 (race-window write or recycled-buffer tail). buf seq=0 count=1024
[mono_ns=7230057601602509][T0xe4b114f9aca0][WARN] copy_aicore_buffer: [chip_swimlane_collector.cpp:689] Core 46: skipped 1024 AICore record slot(s) with start_time=0 (race-window write or recycled-buffer tail). buf seq=0 count=1024
[mono_ns=7230057601742239][T0xe4b115fbaca0][WARN] copy_aicore_buffer: [chip_swimlane_collector.cpp:689] Core 42: skipped 1024 AICore record slot(s) with start_time=0 (race-window write or recycled-buffer tail). buf seq=0 count=1024
[mono_ns=7230057601925190][T0xe4b1157aaca0][WARN] copy_aicore_buffer: [chip_swimlane_collector.cpp:689] Core 45: skipped 1024 AICore record slot(s) with start_time=0 (race-window write or recycled-buffer tail). buf seq=0 count=1024
[mono_ns=7230057601932740][T0xe4b114f9aca0][WARN] copy_aicore_buffer: [chip_swimlane_collector.cpp:689] Core 47: skipped 1024 AICore record slot(s) with start_time=0 (race-window write or recycled-buffer tail). buf seq=0 count=1024
[mono_ns=7230057602086541][T0xe4b115fbaca0][WARN] copy_aicore_buffer: [chip_swimlane_collector.cpp:689] Core 43: skipped 1024 AICore record slot(s) with start_time=0 (race-window write or recycled-buffer tail). buf seq=0 count=1024
[mono_ns=7230057602259012][T0xe4b1157aaca0][WARN] copy_aicore_buffer: [chip_swimlane_collector.cpp:689] Core 13: skipped 1024 AICore record slot(s) with start_time=0 (race-window write or recycled-buffer tail). buf seq=0 count=1024
[mono_ns=7230057602265482][T0xe4b114f9aca0][WARN] copy_aicore_buffer: [chip_swimlane_collector.cpp:689] Core 14: skipped 1024 AICore record slot(s) with start_time=0 (race-window write or recycled-buffer tail). buf seq=0 count=1024
[mono_ns=7230057602420773][T0xe4b115fbaca0][WARN] copy_aicore_buffer: [chip_swimlane_collector.cpp:689] Core 12: skipped 1024 AICore record slot(s) with start_time=0 (race-window write or recycled-buffer tail). buf seq=0 count=1024
[mono_ns=7230057602587514][T0xe4b1157aaca0][WARN] copy_aicore_buffer: [chip_swimlane_collector.cpp:689] Core 50: skipped 1024 AICore record slot(s) with start_time=0 (race-window write or recycled-buffer tail). buf seq=0 count=1024
[mono_ns=7230057602597854][T0xe4b114f9aca0][WARN] copy_aicore_buffer: [chip_swimlane_collector.cpp:689] Core 52: skipped 1024 AICore record slot(s) with start_time=0 (race-window write or recycled-buffer tail). buf seq=0 count=1024
[mono_ns=7230057602761385][T0xe4b115fbaca0][WARN] copy_aicore_buffer: [chip_swimlane_collector.cpp:689] Core 48: skipped 1024 AICore record slot(s) with start_time=0 (race-window write or recycled-buffer tail). buf seq=0 count=1024
[mono_ns=7230057602920136][T0xe4b1157aaca0][WARN] copy_aicore_buffer: [chip_swimlane_collector.cpp:689] Core 51: skipped 1024 AICore record slot(s) with start_time=0 (race-window write or recycled-buffer tail). buf seq=0 count=1024
[mono_ns=7230057602922856][T0xe4b114f9aca0][WARN] copy_aicore_buffer: [chip_swimlane_collector.cpp:689] Core 53: skipped 1024 AICore record slot(s) with start_time=0 (race-window write or recycled-buffer tail). buf seq=0 count=1024
[mono_ns=7230057603109427][T0xe4b115fbaca0][WARN] copy_aicore_buffer: [chip_swimlane_collector.cpp:689] Core 49: skipped 1024 AICore record slot(s) with start_time=0 (race-window write or recycled-buffer tail). buf seq=0 count=1024
[mono_ns=7230057603255788][T0xe4b114f9aca0][WARN] copy_aicore_buffer: [chip_swimlane_collector.cpp:689] Core 17: skipped 1024 AICore record slot(s) with start_time=0 (race-window write or recycled-buffer tail). buf seq=0 count=1024
[mono_ns=7230057603268628][T0xe4b1157aaca0][WARN] copy_aicore_buffer: [chip_swimlane_collector.cpp:689] Core 16: skipped 1024 AICore record slot(s) with start_time=0 (race-window write or recycled-buffer tail). buf seq=0 count=1024
[mono_ns=7230057603447149][T0xe4b115fbaca0][WARN] copy_aicore_buffer: [chip_swimlane_collector.cpp:689] Core 15: skipped 1024 AICore record slot(s) with start_time=0 (race-window write or recycled-buffer tail). buf seq=0 count=1024
[mono_ns=7230057603586699][T0xe4b114f9aca0][WARN] copy_aicore_buffer: [chip_swimlane_collector.cpp:689] Core 58: skipped 1024 AICore record slot(s) with start_time=0 (race-window write or recycled-buffer tail). buf seq=0 count=1024
[mono_ns=7230057603593369][T0xe4b1157aaca0][WARN] copy_aicore_buffer: [chip_swimlane_collector.cpp:689] Core 56: skipped 1024 AICore record slot(s) with start_time=0 (race-window write or recycled-buffer tail). buf seq=0 count=1024
[mono_ns=7230057603783840][T0xe4b115fbaca0][WARN] copy_aicore_buffer: [chip_swimlane_collector.cpp:689] Core 54: skipped 1024 AICore record slot(s) with start_time=0 (race-window write or recycled-buffer tail). buf seq=0 count=1024
[mono_ns=7230057603919471][T0xe4b114f9aca0][WARN] copy_aicore_buffer: [chip_swimlane_collector.cpp:689] Core 59: skipped 1024 AICore record slot(s) with start_time=0 (race-window write or recycled-buffer tail). buf seq=0 count=1024
[mono_ns=7230057603926891][T0xe4b1157aaca0][WARN] copy_aicore_buffer: [chip_swimlane_collector.cpp:689] Core 57: skipped 1024 AICore record slot(s) with start_time=0 (race-window write or recycled-buffer tail). buf seq=0 count=1024
[mono_ns=7230057604130232][T0xe4b115fbaca0][WARN] copy_aicore_buffer: [chip_swimlane_collector.cpp:689] Core 55: skipped 1024 AICore record slot(s) with start_time=0 (race-window write or recycled-buffer tail). buf seq=0 count=1024
[mono_ns=7230057604254133][T0xe4b114f9aca0][WARN] copy_aicore_buffer: [chip_swimlane_collector.cpp:689] Core 20: skipped 1024 AICore record slot(s) with start_time=0 (race-window write or recycled-buffer tail). buf seq=0 count=1024
[mono_ns=7230057604263733][T0xe4b1157aaca0][WARN] copy_aicore_buffer: [chip_swimlane_collector.cpp:689] Core 19: skipped 1024 AICore record slot(s) with start_time=0 (race-window write or recycled-buffer tail). buf seq=0 count=1024
[mono_ns=7230057604468234][T0xe4b115fbaca0][WARN] copy_aicore_buffer: [chip_swimlane_collector.cpp:689] Core 18: skipped 1024 AICore record slot(s) with start_time=0 (race-window write or recycled-buffer tail). buf seq=0 count=1024
[mono_ns=7230057604582895][T0xe4b114f9aca0][WARN] copy_aicore_buffer: [chip_swimlane_collector.cpp:689] Core 64: skipped 1024 AICore record slot(s) with start_time=0 (race-window write or recycled-buffer tail). buf seq=0 count=1024
[mono_ns=7230057604591305][T0xe4b1157aaca0][WARN] copy_aicore_buffer: [chip_swimlane_collector.cpp:689] Core 62: skipped 1024 AICore record slot(s) with start_time=0 (race-window write or recycled-buffer tail). buf seq=0 count=1024
[mono_ns=7230057604805086][T0xe4b115fbaca0][WARN] copy_aicore_buffer: [chip_swimlane_collector.cpp:689] Core 60: skipped 1024 AICore record slot(s) with start_time=0 (race-window write or recycled-buffer tail). buf seq=0 count=1024
[mono_ns=7230057604910516][T0xe4b114f9aca0][WARN] copy_aicore_buffer: [chip_swimlane_collector.cpp:689] Core 65: skipped 1024 AICore record slot(s) with start_time=0 (race-window write or recycled-buffer tail). buf seq=0 count=1024
[mono_ns=7230057604920746][T0xe4b1157aaca0][WARN] copy_aicore_buffer: [chip_swimlane_collector.cpp:689] Core 63: skipped 1024 AICore record slot(s) with start_time=0 (race-window write or recycled-buffer tail). buf seq=0 count=1024
[mono_ns=7230057605150558][T0xe4b115fbaca0][WARN] copy_aicore_buffer: [chip_swimlane_collector.cpp:689] Core 61: skipped 1024 AICore record slot(s) with start_time=0 (race-window write or recycled-buffer tail). buf seq=0 count=1024
[mono_ns=7230057605247348][T0xe4b114f9aca0][WARN] copy_aicore_buffer: [chip_swimlane_collector.cpp:689] Core 23: skipped 1024 AICore record slot(s) with start_time=0 (race-window write or recycled-buffer tail). buf seq=0 count=1024
[mono_ns=7230057605256038][T0xe4b1157aaca0][WARN] copy_aicore_buffer: [chip_swimlane_collector.cpp:689] Core 22: skipped 1024 AICore record slot(s) with start_time=0 (race-window write or recycled-buffer tail). buf seq=0 count=1024
[mono_ns=7230057605487359][T0xe4b115fbaca0][WARN] copy_aicore_buffer: [chip_swimlane_collector.cpp:689] Core 21: skipped 1024 AICore record slot(s) with start_time=0 (race-window write or recycled-buffer tail). buf seq=0 count=1024
[mono_ns=7230057605573120][T0xe4b114f9aca0][WARN] copy_aicore_buffer: [chip_swimlane_collector.cpp:689] Core 70: skipped 1024 AICore record slot(s) with start_time=0 (race-window write or recycled-buffer tail). buf seq=0 count=1024
[mono_ns=7230057605582460][T0xe4b1157aaca0][WARN] copy_aicore_buffer: [chip_swimlane_collector.cpp:689] Core 68: skipped 1024 AICore record slot(s) with start_time=0 (race-window write or recycled-buffer tail). buf seq=0 count=1024
[mono_ns=7230057605828091][T0xe4b115fbaca0][WARN] copy_aicore_buffer: [chip_swimlane_collector.cpp:689] Core 66: skipped 1024 AICore record slot(s) with start_time=0 (race-window write or recycled-buffer tail). buf seq=0 count=1024
[mono_ns=7230057605897362][T0xe4b114f9aca0][WARN] copy_aicore_buffer: [chip_swimlane_collector.cpp:689] Core 71: skipped 1024 AICore record slot(s) with start_time=0 (race-window write or recycled-buffer tail). buf seq=0 count=1024
[mono_ns=7230057605906872][T0xe4b1157aaca0][WARN] copy_aicore_buffer: [chip_swimlane_collector.cpp:689] Core 69: skipped 1024 AICore record slot(s) with start_time=0 (race-window write or recycled-buffer tail). buf seq=0 count=1024
[mono_ns=7230057606172983][T0xe4b115fbaca0][WARN] copy_aicore_buffer: [chip_swimlane_collector.cpp:689] Core 67: skipped 1024 AICore record slot(s) with start_time=0 (race-window write or recycled-buffer tail). buf seq=0 count=1024
[mono_ns=7230057706778639][T0xe4b2721fb020][TIMING] emit_host_span: [STRACE] v=1 pid=123494 tid=123494 inv=2 hid=91fefa9ac2368864 depth=1 name=chip.run.runner_run ts=7230057583435852 dur=123334657 
[mono_ns=7230057706856479][T0xe4b2721fb020][TIMING] emit_host_span: [STRACE] v=1 pid=123494 tid=123494 inv=2 hid=91fefa9ac2368864 depth=1 name=chip.run.validate ts=7230057706791269 dur=61910 
[mono_ns=7230057706866969][T0xe4b2721fb020][TIMING] emit_host_span: [STRACE] v=1 pid=123494 tid=123494 inv=2 hid=91fefa9ac2368864 depth=2 name=chip.run.runner_run.device_wall ts=0 dur=12592800 clk=dev
[mono_ns=7230057706872629][T0xe4b2721fb020][TIMING] emit_host_span: [STRACE] v=1 pid=123494 tid=123494 inv=2 hid=91fefa9ac2368864 depth=3 name=chip.run.runner_run.device_wall.preamble ts=0 dur=126140 clk=dev
[mono_ns=7230057706877219][T0xe4b2721fb020][TIMING] emit_host_span: [STRACE] v=1 pid=123494 tid=123494 inv=2 hid=91fefa9ac2368864 depth=3 name=chip.run.runner_run.device_wall.graph_build ts=121380 dur=12462000 clk=dev
[mono_ns=7230057706881889][T0xe4b2721fb020][TIMING] emit_host_span: [STRACE] v=1 pid=123494 tid=123494 inv=2 hid=91fefa9ac2368864 depth=3 name=chip.run.runner_run.device_wall.config_validate ts=121540 dur=860 clk=dev
[mono_ns=7230057706886749][T0xe4b2721fb020][TIMING] emit_host_span: [STRACE] v=1 pid=123494 tid=123494 inv=2 hid=91fefa9ac2368864 depth=3 name=chip.run.runner_run.device_wall.arena_wire ts=122480 dur=740 clk=dev
[mono_ns=7230057706890809][T0xe4b2721fb020][TIMING] emit_host_span: [STRACE] v=1 pid=123494 tid=123494 inv=2 hid=91fefa9ac2368864 depth=3 name=chip.run.runner_run.device_wall.sm_reset ts=123260 dur=1120 clk=dev
[mono_ns=7230057706894919][T0xe4b2721fb020][TIMING] emit_host_span: [STRACE] v=1 pid=123494 tid=123494 inv=2 hid=91fefa9ac2368864 depth=3 name=chip.run.runner_run.device_wall.post_orch ts=12583439 dur=9160 clk=dev
[mono_ns=7230057706899039][T0xe4b2721fb020][TIMING] emit_host_span: [STRACE] v=1 pid=123494 tid=123494 inv=2 hid=91fefa9ac2368864 depth=3 name=chip.run.runner_run.device_wall.orch ts=124440 dur=4760 clk=dev
[mono_ns=7230057706902199][T0xe4b2721fb020][TIMING] emit_host_span: [STRACE] v=1 pid=123494 tid=123494 inv=2 hid=91fefa9ac2368864 depth=3 name=chip.run.runner_run.device_wall.sched ts=126340 dur=12429660 clk=dev
[mono_ns=7230057706907239][T0xe4b2721fb020][TIMING] emit_host_span: [STRACE] v=1 pid=123494 tid=123494 inv=2 hid=91fefa9ac2368864 depth=1 name=chip.run.claim_release ts=7230057706905209 dur=300 
[mono_ns=7230057706912749][T0xe4b2721fb020][TIMING] emit_host_span: [STRACE] v=1 pid=123494 tid=123494 inv=2 hid=91fefa9ac2368864 depth=0 name=chip.run ts=7230057529490745 dur=177419564 run_id=2 dispatch_id=2 slot_id=0 generation=2 run_epoch=2
[mono_ns=7230062542091201][T0xe4b2721fb020][TIMING] emit_host_span: [STRACE] v=1 pid=123494 tid=123494 inv=3 hid=91fefa9ac2368864 depth=2 name=chip.run.bind.args ts=7230062541562399 dur=436492 
[mono_ns=7230062542195892][T0xe4b2721fb020][TIMING] emit_host_span: [STRACE] v=1 pid=123494 tid=123494 inv=3 hid=91fefa9ac2368864 depth=2 name=chip.run.bind.prebuilt ts=7230062542186972 dur=5430 
[mono_ns=7230062542201302][T0xe4b2721fb020][TIMING] emit_host_span: [STRACE] v=1 pid=123494 tid=123494 inv=3 hid=91fefa9ac2368864 depth=1 name=chip.run.bind ts=7230062541528878 dur=670014 
[mono_ns=7230062756153661][T0xe4b2721fb020][TIMING] emit_host_span: [STRACE] v=1 pid=123494 tid=123494 inv=3 hid=91fefa9ac2368864 depth=1 name=chip.run.runner_run ts=7230062543829561 dur=212305480 
[mono_ns=7230062756572863][T0xe4b2721fb020][TIMING] emit_host_span: [STRACE] v=1 pid=123494 tid=123494 inv=3 hid=91fefa9ac2368864 depth=1 name=chip.run.validate ts=7230062756172661 dur=392962 
[mono_ns=7230062756588054][T0xe4b2721fb020][TIMING] emit_host_span: [STRACE] v=1 pid=123494 tid=123494 inv=3 hid=91fefa9ac2368864 depth=2 name=chip.run.runner_run.device_wall ts=0 dur=1760180 clk=dev
[mono_ns=7230062756593794][T0xe4b2721fb020][TIMING] emit_host_span: [STRACE] v=1 pid=123494 tid=123494 inv=3 hid=91fefa9ac2368864 depth=3 name=chip.run.runner_run.device_wall.preamble ts=0 dur=9400 clk=dev
[mono_ns=7230062756598364][T0xe4b2721fb020][TIMING] emit_host_span: [STRACE] v=1 pid=123494 tid=123494 inv=3 hid=91fefa9ac2368864 depth=3 name=chip.run.runner_run.device_wall.graph_build ts=2400 dur=1747180 clk=dev
[mono_ns=7230062756601954][T0xe4b2721fb020][TIMING] emit_host_span: [STRACE] v=1 pid=123494 tid=123494 inv=3 hid=91fefa9ac2368864 depth=3 name=chip.run.runner_run.device_wall.config_validate ts=2640 dur=980 clk=dev
[mono_ns=7230062756644324][T0xe4b2721fb020][TIMING] emit_host_span: [STRACE] v=1 pid=123494 tid=123494 inv=3 hid=91fefa9ac2368864 depth=3 name=chip.run.runner_run.device_wall.arena_wire ts=3660 dur=780 clk=dev
[mono_ns=7230062756647854][T0xe4b2721fb020][TIMING] emit_host_span: [STRACE] v=1 pid=123494 tid=123494 inv=3 hid=91fefa9ac2368864 depth=3 name=chip.run.runner_run.device_wall.sm_reset ts=4460 dur=1200 clk=dev
[mono_ns=7230062756652034][T0xe4b2721fb020][TIMING] emit_host_span: [STRACE] v=1 pid=123494 tid=123494 inv=3 hid=91fefa9ac2368864 depth=3 name=chip.run.runner_run.device_wall.post_orch ts=1749640 dur=10160 clk=dev
[mono_ns=7230062756655764][T0xe4b2721fb020][TIMING] emit_host_span: [STRACE] v=1 pid=123494 tid=123494 inv=3 hid=91fefa9ac2368864 depth=3 name=chip.run.runner_run.device_wall.orch ts=6580 dur=10620 clk=dev
[mono_ns=7230062756658704][T0xe4b2721fb020][TIMING] emit_host_span: [STRACE] v=1 pid=123494 tid=123494 inv=3 hid=91fefa9ac2368864 depth=3 name=chip.run.runner_run.device_wall.sched ts=9660 dur=1731720 clk=dev
[mono_ns=7230062756666794][T0xe4b2721fb020][TIMING] emit_host_span: [STRACE] v=1 pid=123494 tid=123494 inv=3 hid=91fefa9ac2368864 depth=1 name=chip.run.claim_release ts=7230062756663214 dur=1370 
[mono_ns=7230062756673764][T0xe4b2721fb020][TIMING] emit_host_span: [STRACE] v=1 pid=123494 tid=123494 inv=3 hid=91fefa9ac2368864 depth=0 name=chip.run ts=7230062540405322 dur=216265812 run_id=3 dispatch_id=3 slot_id=0 generation=3 run_epoch=3
[mono_ns=7230062761212728][T0xe4b2721fb020][TIMING] emit_host_span: [STRACE] v=1 pid=123494 tid=123494 inv=4 hid=91fefa9ac2368864 depth=2 name=chip.run.bind.args ts=7230062761099628 dur=106820 
[mono_ns=7230062761231948][T0xe4b2721fb020][TIMING] emit_host_span: [STRACE] v=1 pid=123494 tid=123494 inv=4 hid=91fefa9ac2368864 depth=2 name=chip.run.bind.prebuilt ts=7230062761224788 dur=4720 
[mono_ns=7230062761237538][T0xe4b2721fb020][TIMING] emit_host_span: [STRACE] v=1 pid=123494 tid=123494 inv=4 hid=91fefa9ac2368864 depth=1 name=chip.run.bind ts=7230062761086637 dur=148291 
[mono_ns=7230062765988184][T0xe4b114f9aca0][WARN] copy_aicore_buffer: [chip_swimlane_collector.cpp:689] Core 2: skipped 1024 AICore record slot(s) with start_time=0 (race-window write or recycled-buffer tail). buf seq=0 count=1024
[mono_ns=7230062766056144][T0xe4b115fbaca0][WARN] copy_aicore_buffer: [chip_swimlane_collector.cpp:689] Core 0: skipped 1024 AICore record slot(s) with start_time=0 (race-window write or recycled-buffer tail). buf seq=0 count=1024
[mono_ns=7230062766113774][T0xe4b1157aaca0][WARN] copy_aicore_buffer: [chip_swimlane_collector.cpp:689] Core 1: skipped 1024 AICore record slot(s) with start_time=0 (race-window write or recycled-buffer tail). buf seq=0 count=1024
[mono_ns=7230062766329535][T0xe4b114f9aca0][WARN] copy_aicore_buffer: [chip_swimlane_collector.cpp:689] Core 28: skipped 1024 AICore record slot(s) with start_time=0 (race-window write or recycled-buffer tail). buf seq=0 count=1024
[mono_ns=7230062766402816][T0xe4b115fbaca0][WARN] copy_aicore_buffer: [chip_swimlane_collector.cpp:689] Core 24: skipped 1022 AICore record slot(s) with start_time=0 (race-window write or recycled-buffer tail). buf seq=0 count=1024
[mono_ns=7230062766480616][T0xe4b1157aaca0][WARN] copy_aicore_buffer: [chip_swimlane_collector.cpp:689] Core 26: skipped 1023 AICore record slot(s) with start_time=0 (race-window write or recycled-buffer tail). buf seq=0 count=1024
[mono_ns=7230062766649917][T0xe4b114f9aca0][WARN] copy_aicore_buffer: [chip_swimlane_collector.cpp:689] Core 29: skipped 1024 AICore record slot(s) with start_time=0 (race-window write or recycled-buffer tail). buf seq=0 count=1024
[mono_ns=7230062766782068][T0xe4b115fbaca0][WARN] copy_aicore_buffer: [chip_swimlane_collector.cpp:689] Core 25: skipped 1024 AICore record slot(s) with start_time=0 (race-window write or recycled-buffer tail). buf seq=0 count=1024
[mono_ns=7230062766799018][T0xe4b1157aaca0][WARN] copy_aicore_buffer: [chip_swimlane_collector.cpp:689] Core 27: skipped 1024 AICore record slot(s) with start_time=0 (race-window write or recycled-buffer tail). buf seq=0 count=1024
[mono_ns=7230062766964299][T0xe4b114f9aca0][WARN] copy_aicore_buffer: [chip_swimlane_collector.cpp:689] Core 5: skipped 1024 AICore record slot(s) with start_time=0 (race-window write or recycled-buffer tail). buf seq=0 count=1024
[mono_ns=7230062767121210][T0xe4b115fbaca0][WARN] copy_aicore_buffer: [chip_swimlane_collector.cpp:689] Core 3: skipped 1024 AICore record slot(s) with start_time=0 (race-window write or recycled-buffer tail). buf seq=0 count=1024
[mono_ns=7230062767125220][T0xe4b1157aaca0][WARN] copy_aicore_buffer: [chip_swimlane_collector.cpp:689] Core 4: skipped 1024 AICore record slot(s) with start_time=0 (race-window write or recycled-buffer tail). buf seq=0 count=1024
[mono_ns=7230062767289201][T0xe4b114f9aca0][WARN] copy_aicore_buffer: [chip_swimlane_collector.cpp:689] Core 34: skipped 1024 AICore record slot(s) with start_time=0 (race-window write or recycled-buffer tail). buf seq=0 count=1024
[mono_ns=7230062767441191][T0xe4b1157aaca0][WARN] copy_aicore_buffer: [chip_swimlane_collector.cpp:689] Core 32: skipped 1024 AICore record slot(s) with start_time=0 (race-window write or recycled-buffer tail). buf seq=0 count=1024
[mono_ns=7230062767447881][T0xe4b115fbaca0][WARN] copy_aicore_buffer: [chip_swimlane_collector.cpp:689] Core 30: skipped 1024 AICore record slot(s) with start_time=0 (race-window write or recycled-buffer tail). buf seq=0 count=1024
[mono_ns=7230062767605242][T0xe4b114f9aca0][WARN] copy_aicore_buffer: [chip_swimlane_collector.cpp:689] Core 35: skipped 1024 AICore record slot(s) with start_time=0 (race-window write or recycled-buffer tail). buf seq=0 count=1024
[mono_ns=7230062767757563][T0xe4b1157aaca0][WARN] copy_aicore_buffer: [chip_swimlane_collector.cpp:689] Core 33: skipped 1024 AICore record slot(s) with start_time=0 (race-window write or recycled-buffer tail). buf seq=0 count=1024
[mono_ns=7230062767771153][T0xe4b115fbaca0][WARN] copy_aicore_buffer: [chip_swimlane_collector.cpp:689] Core 31: skipped 1024 AICore record slot(s) with start_time=0 (race-window write or recycled-buffer tail). buf seq=0 count=1024
[mono_ns=7230062767919764][T0xe4b114f9aca0][WARN] copy_aicore_buffer: [chip_swimlane_collector.cpp:689] Core 8: skipped 1024 AICore record slot(s) with start_time=0 (race-window write or recycled-buffer tail). buf seq=0 count=1024
[mono_ns=7230062768080435][T0xe4b1157aaca0][WARN] copy_aicore_buffer: [chip_swimlane_collector.cpp:689] Core 7: skipped 1024 AICore record slot(s) with start_time=0 (race-window write or recycled-buffer tail). buf seq=0 count=1024
[mono_ns=7230062768105415][T0xe4b115fbaca0][WARN] copy_aicore_buffer: [chip_swimlane_collector.cpp:689] Core 6: skipped 1024 AICore record slot(s) with start_time=0 (race-window write or recycled-buffer tail). buf seq=0 count=1024
[mono_ns=7230062768246326][T0xe4b114f9aca0][WARN] copy_aicore_buffer: [chip_swimlane_collector.cpp:689] Core 40: skipped 1024 AICore record slot(s) with start_time=0 (race-window write or recycled-buffer tail). buf seq=0 count=1024
[mono_ns=7230062768397276][T0xe4b1157aaca0][WARN] copy_aicore_buffer: [chip_swimlane_collector.cpp:689] Core 38: skipped 1024 AICore record slot(s) with start_time=0 (race-window write or recycled-buffer tail). buf seq=0 count=1024
[mono_ns=7230062768424817][T0xe4b115fbaca0][WARN] copy_aicore_buffer: [chip_swimlane_collector.cpp:689] Core 36: skipped 1024 AICore record slot(s) with start_time=0 (race-window write or recycled-buffer tail). buf seq=0 count=1024
[mono_ns=7230062768562327][T0xe4b114f9aca0][WARN] copy_aicore_buffer: [chip_swimlane_collector.cpp:689] Core 41: skipped 1024 AICore record slot(s) with start_time=0 (race-window write or recycled-buffer tail). buf seq=0 count=1024
[mono_ns=7230062768714348][T0xe4b1157aaca0][WARN] copy_aicore_buffer: [chip_swimlane_collector.cpp:689] Core 39: skipped 1024 AICore record slot(s) with start_time=0 (race-window write or recycled-buffer tail). buf seq=0 count=1024
[mono_ns=7230062768750058][T0xe4b115fbaca0][WARN] copy_aicore_buffer: [chip_swimlane_collector.cpp:689] Core 37: skipped 1024 AICore record slot(s) with start_time=0 (race-window write or recycled-buffer tail). buf seq=0 count=1024
[mono_ns=7230062768880429][T0xe4b114f9aca0][WARN] copy_aicore_buffer: [chip_swimlane_collector.cpp:689] Core 11: skipped 1024 AICore record slot(s) with start_time=0 (race-window write or recycled-buffer tail). buf seq=0 count=1024
[mono_ns=7230062769043130][T0xe4b1157aaca0][WARN] copy_aicore_buffer: [chip_swimlane_collector.cpp:689] Core 10: skipped 1024 AICore record slot(s) with start_time=0 (race-window write or recycled-buffer tail). buf seq=0 count=1024
[mono_ns=7230062769083650][T0xe4b115fbaca0][WARN] copy_aicore_buffer: [chip_swimlane_collector.cpp:689] Core 9: skipped 1024 AICore record slot(s) with start_time=0 (race-window write or recycled-buffer tail). buf seq=0 count=1024
[mono_ns=7230062769250511][T0xe4b114f9aca0][WARN] copy_aicore_buffer: [chip_swimlane_collector.cpp:689] Core 46: skipped 1024 AICore record slot(s) with start_time=0 (race-window write or recycled-buffer tail). buf seq=0 count=1024
[mono_ns=7230062769358552][T0xe4b1157aaca0][WARN] copy_aicore_buffer: [chip_swimlane_collector.cpp:689] Core 44: skipped 1024 AICore record slot(s) with start_time=0 (race-window write or recycled-buffer tail). buf seq=0 count=1024
[mono_ns=7230062769408172][T0xe4b115fbaca0][WARN] copy_aicore_buffer: [chip_swimlane_collector.cpp:689] Core 42: skipped 1024 AICore record slot(s) with start_time=0 (race-window write or recycled-buffer tail). buf seq=0 count=1024
[mono_ns=7230062769565353][T0xe4b114f9aca0][WARN] copy_aicore_buffer: [chip_swimlane_collector.cpp:689] Core 47: skipped 1024 AICore record slot(s) with start_time=0 (race-window write or recycled-buffer tail). buf seq=0 count=1024
[mono_ns=7230062769673273][T0xe4b1157aaca0][WARN] copy_aicore_buffer: [chip_swimlane_collector.cpp:689] Core 45: skipped 1024 AICore record slot(s) with start_time=0 (race-window write or recycled-buffer tail). buf seq=0 count=1024
[mono_ns=7230062769732394][T0xe4b115fbaca0][WARN] copy_aicore_buffer: [chip_swimlane_collector.cpp:689] Core 43: skipped 1024 AICore record slot(s) with start_time=0 (race-window write or recycled-buffer tail). buf seq=0 count=1024
[mono_ns=7230062769879734][T0xe4b114f9aca0][WARN] copy_aicore_buffer: [chip_swimlane_collector.cpp:689] Core 14: skipped 1024 AICore record slot(s) with start_time=0 (race-window write or recycled-buffer tail). buf seq=0 count=1024
[mono_ns=7230062769987245][T0xe4b1157aaca0][WARN] copy_aicore_buffer: [chip_swimlane_collector.cpp:689] Core 13: skipped 1024 AICore record slot(s) with start_time=0 (race-window write or recycled-buffer tail). buf seq=0 count=1024
[mono_ns=7230062770108886][T0xe4b115fbaca0][WARN] copy_aicore_buffer: [chip_swimlane_collector.cpp:689] Core 12: skipped 1024 AICore record slot(s) with start_time=0 (race-window write or recycled-buffer tail). buf seq=0 count=1024
[mono_ns=7230062770202166][T0xe4b114f9aca0][WARN] copy_aicore_buffer: [chip_swimlane_collector.cpp:689] Core 52: skipped 1024 AICore record slot(s) with start_time=0 (race-window write or recycled-buffer tail). buf seq=0 count=1024
[mono_ns=7230062770310787][T0xe4b1157aaca0][WARN] copy_aicore_buffer: [chip_swimlane_collector.cpp:689] Core 50: skipped 1024 AICore record slot(s) with start_time=0 (race-window write or recycled-buffer tail). buf seq=0 count=1024
[mono_ns=7230062770433327][T0xe4b115fbaca0][WARN] copy_aicore_buffer: [chip_swimlane_collector.cpp:689] Core 48: skipped 1024 AICore record slot(s) with start_time=0 (race-window write or recycled-buffer tail). buf seq=0 count=1024
[mono_ns=7230062770518718][T0xe4b114f9aca0][WARN] copy_aicore_buffer: [chip_swimlane_collector.cpp:689] Core 53: skipped 1024 AICore record slot(s) with start_time=0 (race-window write or recycled-buffer tail). buf seq=0 count=1024
[mono_ns=7230062770628858][T0xe4b1157aaca0][WARN] copy_aicore_buffer: [chip_swimlane_collector.cpp:689] Core 51: skipped 1024 AICore record slot(s) with start_time=0 (race-window write or recycled-buffer tail). buf seq=0 count=1024
[mono_ns=7230062770757749][T0xe4b115fbaca0][WARN] copy_aicore_buffer: [chip_swimlane_collector.cpp:689] Core 49: skipped 1024 AICore record slot(s) with start_time=0 (race-window write or recycled-buffer tail). buf seq=0 count=1024
[mono_ns=7230062770833319][T0xe4b114f9aca0][WARN] copy_aicore_buffer: [chip_swimlane_collector.cpp:689] Core 17: skipped 1024 AICore record slot(s) with start_time=0 (race-window write or recycled-buffer tail). buf seq=0 count=1024
[mono_ns=7230062770944350][T0xe4b1157aaca0][WARN] copy_aicore_buffer: [chip_swimlane_collector.cpp:689] Core 16: skipped 1024 AICore record slot(s) with start_time=0 (race-window write or recycled-buffer tail). buf seq=0 count=1024
[mono_ns=7230062771096901][T0xe4b115fbaca0][WARN] copy_aicore_buffer: [chip_swimlane_collector.cpp:689] Core 15: skipped 1024 AICore record slot(s) with start_time=0 (race-window write or recycled-buffer tail). buf seq=0 count=1024
[mono_ns=7230062771162571][T0xe4b114f9aca0][WARN] copy_aicore_buffer: [chip_swimlane_collector.cpp:689] Core 58: skipped 1024 AICore record slot(s) with start_time=0 (race-window write or recycled-buffer tail). buf seq=0 count=1024
[mono_ns=7230062771270432][T0xe4b1157aaca0][WARN] copy_aicore_buffer: [chip_swimlane_collector.cpp:689] Core 56: skipped 1024 AICore record slot(s) with start_time=0 (race-window write or recycled-buffer tail). buf seq=0 count=1024
[mono_ns=7230062771423223][T0xe4b115fbaca0][WARN] copy_aicore_buffer: [chip_swimlane_collector.cpp:689] Core 54: skipped 1024 AICore record slot(s) with start_time=0 (race-window write or recycled-buffer tail). buf seq=0 count=1024
[mono_ns=7230062771478093][T0xe4b114f9aca0][WARN] copy_aicore_buffer: [chip_swimlane_collector.cpp:689] Core 59: skipped 1024 AICore record slot(s) with start_time=0 (race-window write or recycled-buffer tail). buf seq=0 count=1024
[mono_ns=7230062771586353][T0xe4b1157aaca0][WARN] copy_aicore_buffer: [chip_swimlane_collector.cpp:689] Core 57: skipped 1024 AICore record slot(s) with start_time=0 (race-window write or recycled-buffer tail). buf seq=0 count=1024
[mono_ns=7230062771745964][T0xe4b115fbaca0][WARN] copy_aicore_buffer: [chip_swimlane_collector.cpp:689] Core 55: skipped 1024 AICore record slot(s) with start_time=0 (race-window write or recycled-buffer tail). buf seq=0 count=1024
[mono_ns=7230062771815135][T0xe4b114f9aca0][WARN] copy_aicore_buffer: [chip_swimlane_collector.cpp:689] Core 20: skipped 1024 AICore record slot(s) with start_time=0 (race-window write or recycled-buffer tail). buf seq=0 count=1024
[mono_ns=7230062771921665][T0xe4b1157aaca0][WARN] copy_aicore_buffer: [chip_swimlane_collector.cpp:689] Core 19: skipped 1024 AICore record slot(s) with start_time=0 (race-window write or recycled-buffer tail). buf seq=0 count=1024
[mono_ns=7230062772106676][T0xe4b115fbaca0][WARN] copy_aicore_buffer: [chip_swimlane_collector.cpp:689] Core 18: skipped 1024 AICore record slot(s) with start_time=0 (race-window write or recycled-buffer tail). buf seq=0 count=1024
[mono_ns=7230062772180477][T0xe4b114f9aca0][WARN] copy_aicore_buffer: [chip_swimlane_collector.cpp:689] Core 64: skipped 1024 AICore record slot(s) with start_time=0 (race-window write or recycled-buffer tail). buf seq=0 count=1024
[mono_ns=7230062772285527][T0xe4b1157aaca0][WARN] copy_aicore_buffer: [chip_swimlane_collector.cpp:689] Core 62: skipped 1024 AICore record slot(s) with start_time=0 (race-window write or recycled-buffer tail). buf seq=0 count=1024
[mono_ns=7230062772470298][T0xe4b115fbaca0][WARN] copy_aicore_buffer: [chip_swimlane_collector.cpp:689] Core 60: skipped 1024 AICore record slot(s) with start_time=0 (race-window write or recycled-buffer tail). buf seq=0 count=1024
[mono_ns=7230062772512728][T0xe4b114f9aca0][WARN] copy_aicore_buffer: [chip_swimlane_collector.cpp:689] Core 65: skipped 1024 AICore record slot(s) with start_time=0 (race-window write or recycled-buffer tail). buf seq=0 count=1024
[mono_ns=7230062772640129][T0xe4b1157aaca0][WARN] copy_aicore_buffer: [chip_swimlane_collector.cpp:689] Core 63: skipped 1024 AICore record slot(s) with start_time=0 (race-window write or recycled-buffer tail). buf seq=0 count=1024
[mono_ns=7230062772808260][T0xe4b115fbaca0][WARN] copy_aicore_buffer: [chip_swimlane_collector.cpp:689] Core 61: skipped 1024 AICore record slot(s) with start_time=0 (race-window write or recycled-buffer tail). buf seq=0 count=1024
[mono_ns=7230062772840340][T0xe4b114f9aca0][WARN] copy_aicore_buffer: [chip_swimlane_collector.cpp:689] Core 23: skipped 1024 AICore record slot(s) with start_time=0 (race-window write or recycled-buffer tail). buf seq=0 count=1024
[mono_ns=7230062772964751][T0xe4b1157aaca0][WARN] copy_aicore_buffer: [chip_swimlane_collector.cpp:689] Core 22: skipped 1024 AICore record slot(s) with start_time=0 (race-window write or recycled-buffer tail). buf seq=0 count=1024
[mono_ns=7230062773154522][T0xe4b115fbaca0][WARN] copy_aicore_buffer: [chip_swimlane_collector.cpp:689] Core 21: skipped 1024 AICore record slot(s) with start_time=0 (race-window write or recycled-buffer tail). buf seq=0 count=1024
[mono_ns=7230062773172452][T0xe4b114f9aca0][WARN] copy_aicore_buffer: [chip_swimlane_collector.cpp:689] Core 70: skipped 1024 AICore record slot(s) with start_time=0 (race-window write or recycled-buffer tail). buf seq=0 count=1024
[mono_ns=7230062773293412][T0xe4b1157aaca0][WARN] copy_aicore_buffer: [chip_swimlane_collector.cpp:689] Core 68: skipped 1024 AICore record slot(s) with start_time=0 (race-window write or recycled-buffer tail). buf seq=0 count=1024
[mono_ns=7230062773489934][T0xe4b115fbaca0][WARN] copy_aicore_buffer: [chip_swimlane_collector.cpp:689] Core 66: skipped 1024 AICore record slot(s) with start_time=0 (race-window write or recycled-buffer tail). buf seq=0 count=1024
[mono_ns=7230062773526464][T0xe4b114f9aca0][WARN] copy_aicore_buffer: [chip_swimlane_collector.cpp:689] Core 71: skipped 1024 AICore record slot(s) with start_time=0 (race-window write or recycled-buffer tail). buf seq=0 count=1024
[mono_ns=7230062773619534][T0xe4b1157aaca0][WARN] copy_aicore_buffer: [chip_swimlane_collector.cpp:689] Core 69: skipped 1024 AICore record slot(s) with start_time=0 (race-window write or recycled-buffer tail). buf seq=0 count=1024
[mono_ns=7230062773825805][T0xe4b115fbaca0][WARN] copy_aicore_buffer: [chip_swimlane_collector.cpp:689] Core 67: skipped 1024 AICore record slot(s) with start_time=0 (race-window write or recycled-buffer tail). buf seq=0 count=1024
[mono_ns=7230062874996074][T0xe4b2721fb020][TIMING] emit_host_span: [STRACE] v=1 pid=123494 tid=123494 inv=4 hid=91fefa9ac2368864 depth=1 name=chip.run.runner_run ts=7230062763302899 dur=111680035 
[mono_ns=7230062875106025][T0xe4b2721fb020][TIMING] emit_host_span: [STRACE] v=1 pid=123494 tid=123494 inv=4 hid=91fefa9ac2368864 depth=1 name=chip.run.validate ts=7230062875026944 dur=74711 
[mono_ns=7230062875117275][T0xe4b2721fb020][TIMING] emit_host_span: [STRACE] v=1 pid=123494 tid=123494 inv=4 hid=91fefa9ac2368864 depth=2 name=chip.run.runner_run.device_wall ts=0 dur=2015200 clk=dev
[mono_ns=7230062875156965][T0xe4b2721fb020][TIMING] emit_host_span: [STRACE] v=1 pid=123494 tid=123494 inv=4 hid=91fefa9ac2368864 depth=3 name=chip.run.runner_run.device_wall.preamble ts=0 dur=112620 clk=dev
[mono_ns=7230062875161035][T0xe4b2721fb020][TIMING] emit_host_span: [STRACE] v=1 pid=123494 tid=123494 inv=4 hid=91fefa9ac2368864 depth=3 name=chip.run.runner_run.device_wall.graph_build ts=107340 dur=1898040 clk=dev
[mono_ns=7230062875165045][T0xe4b2721fb020][TIMING] emit_host_span: [STRACE] v=1 pid=123494 tid=123494 inv=4 hid=91fefa9ac2368864 depth=3 name=chip.run.runner_run.device_wall.config_validate ts=107460 dur=700 clk=dev
[mono_ns=7230062875168845][T0xe4b2721fb020][TIMING] emit_host_span: [STRACE] v=1 pid=123494 tid=123494 inv=4 hid=91fefa9ac2368864 depth=3 name=chip.run.runner_run.device_wall.arena_wire ts=108200 dur=300 clk=dev
[mono_ns=7230062875172415][T0xe4b2721fb020][TIMING] emit_host_span: [STRACE] v=1 pid=123494 tid=123494 inv=4 hid=91fefa9ac2368864 depth=3 name=chip.run.runner_run.device_wall.sm_reset ts=108520 dur=480 clk=dev
[mono_ns=7230062875176605][T0xe4b2721fb020][TIMING] emit_host_span: [STRACE] v=1 pid=123494 tid=123494 inv=4 hid=91fefa9ac2368864 depth=3 name=chip.run.runner_run.device_wall.post_orch ts=2005439 dur=9620 clk=dev
[mono_ns=7230062875180735][T0xe4b2721fb020][TIMING] emit_host_span: [STRACE] v=1 pid=123494 tid=123494 inv=4 hid=91fefa9ac2368864 depth=3 name=chip.run.runner_run.device_wall.orch ts=109040 dur=3940 clk=dev
[mono_ns=7230062875183615][T0xe4b2721fb020][TIMING] emit_host_span: [STRACE] v=1 pid=123494 tid=123494 inv=4 hid=91fefa9ac2368864 depth=3 name=chip.run.runner_run.device_wall.sched ts=112700 dur=1868560 clk=dev
[mono_ns=7230062875201945][T0xe4b2721fb020][TIMING] emit_host_span: [STRACE] v=1 pid=123494 tid=123494 inv=4 hid=91fefa9ac2368864 depth=1 name=chip.run.claim_release ts=7230062875199375 dur=450 
[mono_ns=7230062875207055][T0xe4b2721fb020][TIMING] emit_host_span: [STRACE] v=1 pid=123494 tid=123494 inv=4 hid=91fefa9ac2368864 depth=0 name=chip.run ts=7230062761033827 dur=114171288 run_id=4 dispatch_id=4 slot_id=0 generation=4 run_epoch=4
[mono_ns=7230067717226369][T0xe4b2721fb020][TIMING] emit_host_span: [STRACE] v=1 pid=123494 tid=123494 inv=5 hid=91fefa9ac2368864 depth=2 name=chip.run.bind.args ts=7230067717053948 dur=160741 
[mono_ns=7230067717249449][T0xe4b2721fb020][TIMING] emit_host_span: [STRACE] v=1 pid=123494 tid=123494 inv=5 hid=91fefa9ac2368864 depth=2 name=chip.run.bind.prebuilt ts=7230067717241439 dur=5360 
[mono_ns=7230067717254739][T0xe4b2721fb020][TIMING] emit_host_span: [STRACE] v=1 pid=123494 tid=123494 inv=5 hid=91fefa9ac2368864 depth=1 name=chip.run.bind ts=7230067717039798 dur=212851 
[mono_ns=7230067821794706][T0xe4b2721fb020][TIMING] emit_host_span: [STRACE] v=1 pid=123494 tid=123494 inv=5 hid=91fefa9ac2368864 depth=1 name=chip.run.runner_run ts=7230067717578881 dur=104204365 
[mono_ns=7230067821904306][T0xe4b2721fb020][TIMING] emit_host_span: [STRACE] v=1 pid=123494 tid=123494 inv=5 hid=91fefa9ac2368864 depth=1 name=chip.run.validate ts=7230067821810736 dur=89160 
[mono_ns=7230067821960027][T0xe4b2721fb020][TIMING] emit_host_span: [STRACE] v=1 pid=123494 tid=123494 inv=5 hid=91fefa9ac2368864 depth=2 name=chip.run.runner_run.device_wall ts=0 dur=7671820 clk=dev
[mono_ns=7230067821964807][T0xe4b2721fb020][TIMING] emit_host_span: [STRACE] v=1 pid=123494 tid=123494 inv=5 hid=91fefa9ac2368864 depth=3 name=chip.run.runner_run.device_wall.preamble ts=0 dur=6460 clk=dev
[mono_ns=7230067821968847][T0xe4b2721fb020][TIMING] emit_host_span: [STRACE] v=1 pid=123494 tid=123494 inv=5 hid=91fefa9ac2368864 depth=3 name=chip.run.runner_run.device_wall.graph_build ts=1579 dur=7659219 clk=dev
[mono_ns=7230067821972757][T0xe4b2721fb020][TIMING] emit_host_span: [STRACE] v=1 pid=123494 tid=123494 inv=5 hid=91fefa9ac2368864 depth=3 name=chip.run.runner_run.device_wall.config_validate ts=1920 dur=1000 clk=dev
[mono_ns=7230067821976227][T0xe4b2721fb020][TIMING] emit_host_span: [STRACE] v=1 pid=123494 tid=123494 inv=5 hid=91fefa9ac2368864 depth=3 name=chip.run.runner_run.device_wall.arena_wire ts=2940 dur=899 clk=dev
[mono_ns=7230067821979087][T0xe4b2721fb020][TIMING] emit_host_span: [STRACE] v=1 pid=123494 tid=123494 inv=5 hid=91fefa9ac2368864 depth=3 name=chip.run.runner_run.device_wall.sm_reset ts=3860 dur=2060 clk=dev
[mono_ns=7230067821981987][T0xe4b2721fb020][TIMING] emit_host_span: [STRACE] v=1 pid=123494 tid=123494 inv=5 hid=91fefa9ac2368864 depth=3 name=chip.run.runner_run.device_wall.post_orch ts=7660840 dur=10380 clk=dev
[mono_ns=7230067821986057][T0xe4b2721fb020][TIMING] emit_host_span: [STRACE] v=1 pid=123494 tid=123494 inv=5 hid=91fefa9ac2368864 depth=3 name=chip.run.runner_run.device_wall.orch ts=6720 dur=10820 clk=dev
[mono_ns=7230067822023177][T0xe4b2721fb020][TIMING] emit_host_span: [STRACE] v=1 pid=123494 tid=123494 inv=5 hid=91fefa9ac2368864 depth=3 name=chip.run.runner_run.device_wall.sched ts=6600 dur=7646040 clk=dev
[mono_ns=7230067822029457][T0xe4b2721fb020][TIMING] emit_host_span: [STRACE] v=1 pid=123494 tid=123494 inv=5 hid=91fefa9ac2368864 depth=1 name=chip.run.claim_release ts=7230067822027097 dur=380 
[mono_ns=7230067822035107][T0xe4b2721fb020][TIMING] emit_host_span: [STRACE] v=1 pid=123494 tid=123494 inv=5 hid=91fefa9ac2368864 depth=0 name=chip.run ts=7230067716923417 dur=105109690 run_id=5 dispatch_id=5 slot_id=0 generation=5 run_epoch=5
[mono_ns=7230067834739785][T0xe4b2721fb020][TIMING] emit_host_span: [STRACE] v=1 pid=123494 tid=123494 inv=6 hid=91fefa9ac2368864 depth=2 name=chip.run.bind.args ts=7230067834633484 dur=100371 
[mono_ns=7230067834757235][T0xe4b2721fb020][TIMING] emit_host_span: [STRACE] v=1 pid=123494 tid=123494 inv=6 hid=91fefa9ac2368864 depth=2 name=chip.run.bind.prebuilt ts=7230067834752185 dur=2540 
[mono_ns=7230067834763845][T0xe4b2721fb020][TIMING] emit_host_span: [STRACE] v=1 pid=123494 tid=123494 inv=6 hid=91fefa9ac2368864 depth=1 name=chip.run.bind ts=7230067834625334 dur=134961 
[mono_ns=7230067839674981][T0xe4b114f9aca0][WARN] copy_aicore_buffer: [chip_swimlane_collector.cpp:689] Core 2: skipped 1024 AICore record slot(s) with start_time=0 (race-window write or recycled-buffer tail). buf seq=0 count=1024
[mono_ns=7230067839708851][T0xe4b115fbaca0][WARN] copy_aicore_buffer: [chip_swimlane_collector.cpp:689] Core 0: skipped 1024 AICore record slot(s) with start_time=0 (race-window write or recycled-buffer tail). buf seq=0 count=1024
[mono_ns=7230067839699001][T0xe4b1157aaca0][WARN] copy_aicore_buffer: [chip_swimlane_collector.cpp:689] Core 1: skipped 1024 AICore record slot(s) with start_time=0 (race-window write or recycled-buffer tail). buf seq=0 count=1024
[mono_ns=7230067840057413][T0xe4b115fbaca0][WARN] copy_aicore_buffer: [chip_swimlane_collector.cpp:689] Core 24: skipped 1023 AICore record slot(s) with start_time=0 (race-window write or recycled-buffer tail). buf seq=0 count=1024
[mono_ns=7230067840064853][T0xe4b114f9aca0][WARN] copy_aicore_buffer: [chip_swimlane_collector.cpp:689] Core 28: skipped 1023 AICore record slot(s) with start_time=0 (race-window write or recycled-buffer tail). buf seq=0 count=1024
[mono_ns=7230067840082933][T0xe4b1157aaca0][WARN] copy_aicore_buffer: [chip_swimlane_collector.cpp:689] Core 26: skipped 1023 AICore record slot(s) with start_time=0 (race-window write or recycled-buffer tail). buf seq=0 count=1024
[mono_ns=7230067840378155][T0xe4b114f9aca0][WARN] copy_aicore_buffer: [chip_swimlane_collector.cpp:689] Core 29: skipped 1024 AICore record slot(s) with start_time=0 (race-window write or recycled-buffer tail). buf seq=0 count=1024
[mono_ns=7230067840388325][T0xe4b115fbaca0][WARN] copy_aicore_buffer: [chip_swimlane_collector.cpp:689] Core 25: skipped 1024 AICore record slot(s) with start_time=0 (race-window write or recycled-buffer tail). buf seq=0 count=1024
[mono_ns=7230067840395235][T0xe4b1157aaca0][WARN] copy_aicore_buffer: [chip_swimlane_collector.cpp:689] Core 27: skipped 1024 AICore record slot(s) with start_time=0 (race-window write or recycled-buffer tail). buf seq=0 count=1024
[mono_ns=7230067840694156][T0xe4b114f9aca0][WARN] copy_aicore_buffer: [chip_swimlane_collector.cpp:689] Core 5: skipped 1024 AICore record slot(s) with start_time=0 (race-window write or recycled-buffer tail). buf seq=0 count=1024
[mono_ns=7230067840706536][T0xe4b1157aaca0][WARN] copy_aicore_buffer: [chip_swimlane_collector.cpp:689] Core 4: skipped 1024 AICore record slot(s) with start_time=0 (race-window write or recycled-buffer tail). buf seq=0 count=1024
[mono_ns=7230067840713166][T0xe4b115fbaca0][WARN] copy_aicore_buffer: [chip_swimlane_collector.cpp:689] Core 3: skipped 1024 AICore record slot(s) with start_time=0 (race-window write or recycled-buffer tail). buf seq=0 count=1024
[mono_ns=7230067841023498][T0xe4b114f9aca0][WARN] copy_aicore_buffer: [chip_swimlane_collector.cpp:689] Core 34: skipped 1024 AICore record slot(s) with start_time=0 (race-window write or recycled-buffer tail). buf seq=0 count=1024
[mono_ns=7230067841032098][T0xe4b1157aaca0][WARN] copy_aicore_buffer: [chip_swimlane_collector.cpp:689] Core 32: skipped 1024 AICore record slot(s) with start_time=0 (race-window write or recycled-buffer tail). buf seq=0 count=1024
[mono_ns=7230067841045998][T0xe4b115fbaca0][WARN] copy_aicore_buffer: [chip_swimlane_collector.cpp:689] Core 30: skipped 1024 AICore record slot(s) with start_time=0 (race-window write or recycled-buffer tail). buf seq=0 count=1024
[mono_ns=7230067841340370][T0xe4b114f9aca0][WARN] copy_aicore_buffer: [chip_swimlane_collector.cpp:689] Core 35: skipped 1024 AICore record slot(s) with start_time=0 (race-window write or recycled-buffer tail). buf seq=0 count=1024
[mono_ns=7230067841345430][T0xe4b1157aaca0][WARN] copy_aicore_buffer: [chip_swimlane_collector.cpp:689] Core 33: skipped 1024 AICore record slot(s) with start_time=0 (race-window write or recycled-buffer tail). buf seq=0 count=1024
[mono_ns=7230067841366730][T0xe4b115fbaca0][WARN] copy_aicore_buffer: [chip_swimlane_collector.cpp:689] Core 31: skipped 1024 AICore record slot(s) with start_time=0 (race-window write or recycled-buffer tail). buf seq=0 count=1024
[mono_ns=7230067841655121][T0xe4b114f9aca0][WARN] copy_aicore_buffer: [chip_swimlane_collector.cpp:689] Core 8: skipped 1024 AICore record slot(s) with start_time=0 (race-window write or recycled-buffer tail). buf seq=0 count=1024
[mono_ns=7230067841684522][T0xe4b1157aaca0][WARN] copy_aicore_buffer: [chip_swimlane_collector.cpp:689] Core 7: skipped 1024 AICore record slot(s) with start_time=0 (race-window write or recycled-buffer tail). buf seq=0 count=1024
[mono_ns=7230067841692952][T0xe4b115fbaca0][WARN] copy_aicore_buffer: [chip_swimlane_collector.cpp:689] Core 6: skipped 1024 AICore record slot(s) with start_time=0 (race-window write or recycled-buffer tail). buf seq=0 count=1024
[mono_ns=7230067841969313][T0xe4b114f9aca0][WARN] copy_aicore_buffer: [chip_swimlane_collector.cpp:689] Core 40: skipped 1024 AICore record slot(s) with start_time=0 (race-window write or recycled-buffer tail). buf seq=0 count=1024
[mono_ns=7230067842010493][T0xe4b1157aaca0][WARN] copy_aicore_buffer: [chip_swimlane_collector.cpp:689] Core 38: skipped 1024 AICore record slot(s) with start_time=0 (race-window write or recycled-buffer tail). buf seq=0 count=1024
[mono_ns=7230067842019543][T0xe4b115fbaca0][WARN] copy_aicore_buffer: [chip_swimlane_collector.cpp:689] Core 36: skipped 1024 AICore record slot(s) with start_time=0 (race-window write or recycled-buffer tail). buf seq=0 count=1024
[mono_ns=7230067842287835][T0xe4b114f9aca0][WARN] copy_aicore_buffer: [chip_swimlane_collector.cpp:689] Core 41: skipped 1024 AICore record slot(s) with start_time=0 (race-window write or recycled-buffer tail). buf seq=0 count=1024
[mono_ns=7230067842327335][T0xe4b1157aaca0][WARN] copy_aicore_buffer: [chip_swimlane_collector.cpp:689] Core 39: skipped 1024 AICore record slot(s) with start_time=0 (race-window write or recycled-buffer tail). buf seq=0 count=1024
[mono_ns=7230067842341585][T0xe4b115fbaca0][WARN] copy_aicore_buffer: [chip_swimlane_collector.cpp:689] Core 37: skipped 1024 AICore record slot(s) with start_time=0 (race-window write or recycled-buffer tail). buf seq=0 count=1024
[mono_ns=7230067842634717][T0xe4b114f9aca0][WARN] copy_aicore_buffer: [chip_swimlane_collector.cpp:689] Core 11: skipped 1024 AICore record slot(s) with start_time=0 (race-window write or recycled-buffer tail). buf seq=0 count=1024
[mono_ns=7230067842638177][T0xe4b1157aaca0][WARN] copy_aicore_buffer: [chip_swimlane_collector.cpp:689] Core 10: skipped 1024 AICore record slot(s) with start_time=0 (race-window write or recycled-buffer tail). buf seq=0 count=1024
[mono_ns=7230067842663777][T0xe4b115fbaca0][WARN] copy_aicore_buffer: [chip_swimlane_collector.cpp:689] Core 9: skipped 1024 AICore record slot(s) with start_time=0 (race-window write or recycled-buffer tail). buf seq=0 count=1024
[mono_ns=7230067842949028][T0xe4b1157aaca0][WARN] copy_aicore_buffer: [chip_swimlane_collector.cpp:689] Core 44: skipped 1024 AICore record slot(s) with start_time=0 (race-window write or recycled-buffer tail). buf seq=0 count=1024
[mono_ns=7230067842949798][T0xe4b114f9aca0][WARN] copy_aicore_buffer: [chip_swimlane_collector.cpp:689] Core 46: skipped 1024 AICore record slot(s) with start_time=0 (race-window write or recycled-buffer tail). buf seq=0 count=1024
[mono_ns=7230067842987948][T0xe4b115fbaca0][WARN] copy_aicore_buffer: [chip_swimlane_collector.cpp:689] Core 42: skipped 1024 AICore record slot(s) with start_time=0 (race-window write or recycled-buffer tail). buf seq=0 count=1024
[mono_ns=7230067843270010][T0xe4b114f9aca0][WARN] copy_aicore_buffer: [chip_swimlane_collector.cpp:689] Core 47: skipped 1024 AICore record slot(s) with start_time=0 (race-window write or recycled-buffer tail). buf seq=0 count=1024
[mono_ns=7230067843271540][T0xe4b1157aaca0][WARN] copy_aicore_buffer: [chip_swimlane_collector.cpp:689] Core 45: skipped 1024 AICore record slot(s) with start_time=0 (race-window write or recycled-buffer tail). buf seq=0 count=1024
[mono_ns=7230067843324330][T0xe4b115fbaca0][WARN] copy_aicore_buffer: [chip_swimlane_collector.cpp:689] Core 43: skipped 1024 AICore record slot(s) with start_time=0 (race-window write or recycled-buffer tail). buf seq=0 count=1024
[mono_ns=7230067843583762][T0xe4b114f9aca0][WARN] copy_aicore_buffer: [chip_swimlane_collector.cpp:689] Core 14: skipped 1024 AICore record slot(s) with start_time=0 (race-window write or recycled-buffer tail). buf seq=0 count=1024
[mono_ns=7230067843585822][T0xe4b1157aaca0][WARN] copy_aicore_buffer: [chip_swimlane_collector.cpp:689] Core 13: skipped 1024 AICore record slot(s) with start_time=0 (race-window write or recycled-buffer tail). buf seq=0 count=1024
[mono_ns=7230067843646932][T0xe4b115fbaca0][WARN] copy_aicore_buffer: [chip_swimlane_collector.cpp:689] Core 12: skipped 1024 AICore record slot(s) with start_time=0 (race-window write or recycled-buffer tail). buf seq=0 count=1024
[mono_ns=7230067843897943][T0xe4b1157aaca0][WARN] copy_aicore_buffer: [chip_swimlane_collector.cpp:689] Core 50: skipped 1024 AICore record slot(s) with start_time=0 (race-window write or recycled-buffer tail). buf seq=0 count=1024
[mono_ns=7230067843898413][T0xe4b114f9aca0][WARN] copy_aicore_buffer: [chip_swimlane_collector.cpp:689] Core 52: skipped 1024 AICore record slot(s) with start_time=0 (race-window write or recycled-buffer tail). buf seq=0 count=1024
[mono_ns=7230067843971774][T0xe4b115fbaca0][WARN] copy_aicore_buffer: [chip_swimlane_collector.cpp:689] Core 48: skipped 1024 AICore record slot(s) with start_time=0 (race-window write or recycled-buffer tail). buf seq=0 count=1024
[mono_ns=7230067844221215][T0xe4b1157aaca0][WARN] copy_aicore_buffer: [chip_swimlane_collector.cpp:689] Core 51: skipped 1024 AICore record slot(s) with start_time=0 (race-window write or recycled-buffer tail). buf seq=0 count=1024
[mono_ns=7230067844262395][T0xe4b114f9aca0][WARN] copy_aicore_buffer: [chip_swimlane_collector.cpp:689] Core 53: skipped 1024 AICore record slot(s) with start_time=0 (race-window write or recycled-buffer tail). buf seq=0 count=1024
[mono_ns=7230067844313016][T0xe4b115fbaca0][WARN] copy_aicore_buffer: [chip_swimlane_collector.cpp:689] Core 49: skipped 1024 AICore record slot(s) with start_time=0 (race-window write or recycled-buffer tail). buf seq=0 count=1024
[mono_ns=7230067844537927][T0xe4b1157aaca0][WARN] copy_aicore_buffer: [chip_swimlane_collector.cpp:689] Core 16: skipped 1024 AICore record slot(s) with start_time=0 (race-window write or recycled-buffer tail). buf seq=0 count=1024
[mono_ns=7230067844576157][T0xe4b114f9aca0][WARN] copy_aicore_buffer: [chip_swimlane_collector.cpp:689] Core 17: skipped 1024 AICore record slot(s) with start_time=0 (race-window write or recycled-buffer tail). buf seq=0 count=1024
[mono_ns=7230067844637777][T0xe4b115fbaca0][WARN] copy_aicore_buffer: [chip_swimlane_collector.cpp:689] Core 15: skipped 1024 AICore record slot(s) with start_time=0 (race-window write or recycled-buffer tail). buf seq=0 count=1024
[mono_ns=7230067844864608][T0xe4b1157aaca0][WARN] copy_aicore_buffer: [chip_swimlane_collector.cpp:689] Core 56: skipped 1024 AICore record slot(s) with start_time=0 (race-window write or recycled-buffer tail). buf seq=0 count=1024
[mono_ns=7230067844889649][T0xe4b114f9aca0][WARN] copy_aicore_buffer: [chip_swimlane_collector.cpp:689] Core 58: skipped 1024 AICore record slot(s) with start_time=0 (race-window write or recycled-buffer tail). buf seq=0 count=1024
[mono_ns=7230067845013939][T0xe4b115fbaca0][WARN] copy_aicore_buffer: [chip_swimlane_collector.cpp:689] Core 54: skipped 1024 AICore record slot(s) with start_time=0 (race-window write or recycled-buffer tail). buf seq=0 count=1024
[mono_ns=7230067845240340][T0xe4b1157aaca0][WARN] copy_aicore_buffer: [chip_swimlane_collector.cpp:689] Core 57: skipped 1024 AICore record slot(s) with start_time=0 (race-window write or recycled-buffer tail). buf seq=0 count=1024
[mono_ns=7230067845250211][T0xe4b114f9aca0][WARN] copy_aicore_buffer: [chip_swimlane_collector.cpp:689] Core 59: skipped 1024 AICore record slot(s) with start_time=0 (race-window write or recycled-buffer tail). buf seq=0 count=1024
[mono_ns=7230067845367541][T0xe4b115fbaca0][WARN] copy_aicore_buffer: [chip_swimlane_collector.cpp:689] Core 55: skipped 1024 AICore record slot(s) with start_time=0 (race-window write or recycled-buffer tail). buf seq=0 count=1024
[mono_ns=7230067845572412][T0xe4b1157aaca0][WARN] copy_aicore_buffer: [chip_swimlane_collector.cpp:689] Core 19: skipped 1024 AICore record slot(s) with start_time=0 (race-window write or recycled-buffer tail). buf seq=0 count=1024
[mono_ns=7230067845578112][T0xe4b114f9aca0][WARN] copy_aicore_buffer: [chip_swimlane_collector.cpp:689] Core 20: skipped 1024 AICore record slot(s) with start_time=0 (race-window write or recycled-buffer tail). buf seq=0 count=1024
[mono_ns=7230067845707203][T0xe4b115fbaca0][WARN] copy_aicore_buffer: [chip_swimlane_collector.cpp:689] Core 18: skipped 1024 AICore record slot(s) with start_time=0 (race-window write or recycled-buffer tail). buf seq=0 count=1024
[mono_ns=7230067845903804][T0xe4b1157aaca0][WARN] copy_aicore_buffer: [chip_swimlane_collector.cpp:689] Core 62: skipped 1024 AICore record slot(s) with start_time=0 (race-window write or recycled-buffer tail). buf seq=0 count=1024
[mono_ns=7230067845959634][T0xe4b114f9aca0][WARN] copy_aicore_buffer: [chip_swimlane_collector.cpp:689] Core 64: skipped 1024 AICore record slot(s) with start_time=0 (race-window write or recycled-buffer tail). buf seq=0 count=1024
[mono_ns=7230067846056895][T0xe4b115fbaca0][WARN] copy_aicore_buffer: [chip_swimlane_collector.cpp:689] Core 60: skipped 1024 AICore record slot(s) with start_time=0 (race-window write or recycled-buffer tail). buf seq=0 count=1024
[mono_ns=7230067846242636][T0xe4b1157aaca0][WARN] copy_aicore_buffer: [chip_swimlane_collector.cpp:689] Core 63: skipped 1024 AICore record slot(s) with start_time=0 (race-window write or recycled-buffer tail). buf seq=0 count=1024
[mono_ns=7230067846295246][T0xe4b114f9aca0][WARN] copy_aicore_buffer: [chip_swimlane_collector.cpp:689] Core 65: skipped 1024 AICore record slot(s) with start_time=0 (race-window write or recycled-buffer tail). buf seq=0 count=1024
[mono_ns=7230067846395657][T0xe4b115fbaca0][WARN] copy_aicore_buffer: [chip_swimlane_collector.cpp:689] Core 61: skipped 1024 AICore record slot(s) with start_time=0 (race-window write or recycled-buffer tail). buf seq=0 count=1024
[mono_ns=7230067846568928][T0xe4b1157aaca0][WARN] copy_aicore_buffer: [chip_swimlane_collector.cpp:689] Core 22: skipped 1024 AICore record slot(s) with start_time=0 (race-window write or recycled-buffer tail). buf seq=0 count=1024
[mono_ns=7230067846620688][T0xe4b114f9aca0][WARN] copy_aicore_buffer: [chip_swimlane_collector.cpp:689] Core 23: skipped 1024 AICore record slot(s) with start_time=0 (race-window write or recycled-buffer tail). buf seq=0 count=1024
[mono_ns=7230067846735218][T0xe4b115fbaca0][WARN] copy_aicore_buffer: [chip_swimlane_collector.cpp:689] Core 21: skipped 1024 AICore record slot(s) with start_time=0 (race-window write or recycled-buffer tail). buf seq=0 count=1024
[mono_ns=7230067846895759][T0xe4b1157aaca0][WARN] copy_aicore_buffer: [chip_swimlane_collector.cpp:689] Core 68: skipped 1024 AICore record slot(s) with start_time=0 (race-window write or recycled-buffer tail). buf seq=0 count=1024
[mono_ns=7230067846945890][T0xe4b114f9aca0][WARN] copy_aicore_buffer: [chip_swimlane_collector.cpp:689] Core 70: skipped 1024 AICore record slot(s) with start_time=0 (race-window write or recycled-buffer tail). buf seq=0 count=1024
[mono_ns=7230067847080430][T0xe4b115fbaca0][WARN] copy_aicore_buffer: [chip_swimlane_collector.cpp:689] Core 66: skipped 1024 AICore record slot(s) with start_time=0 (race-window write or recycled-buffer tail). buf seq=0 count=1024
[mono_ns=7230067847244911][T0xe4b1157aaca0][WARN] copy_aicore_buffer: [chip_swimlane_collector.cpp:689] Core 69: skipped 1024 AICore record slot(s) with start_time=0 (race-window write or recycled-buffer tail). buf seq=0 count=1024
[mono_ns=7230067847274641][T0xe4b114f9aca0][WARN] copy_aicore_buffer: [chip_swimlane_collector.cpp:689] Core 71: skipped 1024 AICore record slot(s) with start_time=0 (race-window write or recycled-buffer tail). buf seq=0 count=1024
[mono_ns=7230067847420012][T0xe4b115fbaca0][WARN] copy_aicore_buffer: [chip_swimlane_collector.cpp:689] Core 67: skipped 1024 AICore record slot(s) with start_time=0 (race-window write or recycled-buffer tail). buf seq=0 count=1024
[mono_ns=7230067948031278][T0xe4b2721fb020][TIMING] emit_host_span: [STRACE] v=1 pid=123494 tid=123494 inv=6 hid=91fefa9ac2368864 depth=1 name=chip.run.runner_run ts=7230067835298128 dur=112726450 
[mono_ns=7230067948114808][T0xe4b2721fb020][TIMING] emit_host_span: [STRACE] v=1 pid=123494 tid=123494 inv=6 hid=91fefa9ac2368864 depth=1 name=chip.run.validate ts=7230067948043158 dur=68060 
[mono_ns=7230067948125808][T0xe4b2721fb020][TIMING] emit_host_span: [STRACE] v=1 pid=123494 tid=123494 inv=6 hid=91fefa9ac2368864 depth=2 name=chip.run.runner_run.device_wall ts=0 dur=3853900 clk=dev
[mono_ns=7230067948130668][T0xe4b2721fb020][TIMING] emit_host_span: [STRACE] v=1 pid=123494 tid=123494 inv=6 hid=91fefa9ac2368864 depth=3 name=chip.run.runner_run.device_wall.preamble ts=0 dur=112620 clk=dev
[mono_ns=7230067948135048][T0xe4b2721fb020][TIMING] emit_host_span: [STRACE] v=1 pid=123494 tid=123494 inv=6 hid=91fefa9ac2368864 depth=3 name=chip.run.runner_run.device_wall.graph_build ts=107760 dur=3736960 clk=dev
[mono_ns=7230067948139518][T0xe4b2721fb020][TIMING] emit_host_span: [STRACE] v=1 pid=123494 tid=123494 inv=6 hid=91fefa9ac2368864 depth=3 name=chip.run.runner_run.device_wall.config_validate ts=107940 dur=679 clk=dev
[mono_ns=7230067948144019][T0xe4b2721fb020][TIMING] emit_host_span: [STRACE] v=1 pid=123494 tid=123494 inv=6 hid=91fefa9ac2368864 depth=3 name=chip.run.runner_run.device_wall.arena_wire ts=108660 dur=300 clk=dev
[mono_ns=7230067948147279][T0xe4b2721fb020][TIMING] emit_host_span: [STRACE] v=1 pid=123494 tid=123494 inv=6 hid=91fefa9ac2368864 depth=3 name=chip.run.runner_run.device_wall.sm_reset ts=108980 dur=620 clk=dev
[mono_ns=7230067948185309][T0xe4b2721fb020][TIMING] emit_host_span: [STRACE] v=1 pid=123494 tid=123494 inv=6 hid=91fefa9ac2368864 depth=3 name=chip.run.runner_run.device_wall.post_orch ts=3844779 dur=9000 clk=dev
[mono_ns=7230067948189089][T0xe4b2721fb020][TIMING] emit_host_span: [STRACE] v=1 pid=123494 tid=123494 inv=6 hid=91fefa9ac2368864 depth=3 name=chip.run.runner_run.device_wall.orch ts=109640 dur=3940 clk=dev
[mono_ns=7230067948192759][T0xe4b2721fb020][TIMING] emit_host_span: [STRACE] v=1 pid=123494 tid=123494 inv=6 hid=91fefa9ac2368864 depth=3 name=chip.run.runner_run.device_wall.sched ts=112720 dur=3707080 clk=dev
[mono_ns=7230067948197619][T0xe4b2721fb020][TIMING] emit_host_span: [STRACE] v=1 pid=123494 tid=123494 inv=6 hid=91fefa9ac2368864 depth=1 name=chip.run.claim_release ts=7230067948195459 dur=340 
[mono_ns=7230067948202129][T0xe4b2721fb020][TIMING] emit_host_span: [STRACE] v=1 pid=123494 tid=123494 inv=6 hid=91fefa9ac2368864 depth=0 name=chip.run ts=7230067834591784 dur=113608355 run_id=6 dispatch_id=6 slot_id=0 generation=6 run_epoch=6
