[mono_ns=7230057408456021][T0xe4b2721fb020][TIMING] emit_host_span: [STRACE] v=1 pid=123515 tid=123515 inv=1 hid=91fefa9ac2368864 depth=2 name=chip.run.bind.args ts=7230057408336040 dur=112090 
[mono_ns=7230057408475631][T0xe4b2721fb020][TIMING] emit_host_span: [STRACE] v=1 pid=123515 tid=123515 inv=1 hid=91fefa9ac2368864 depth=2 name=chip.run.bind.prebuilt ts=7230057408469511 dur=3340 
[mono_ns=7230057408480391][T0xe4b2721fb020][TIMING] emit_host_span: [STRACE] v=1 pid=123515 tid=123515 inv=1 hid=91fefa9ac2368864 depth=1 name=chip.run.bind ts=7230057407904528 dur=573753 
[mono_ns=7230057524095536][T0xe4b2721fb020][TIMING] emit_host_span: [STRACE] v=1 pid=123515 tid=123515 inv=1 hid=91fefa9ac2368864 depth=1 name=chip.run.runner_run ts=7230057409138614 dur=114943182 
[mono_ns=7230057524212717][T0xe4b2721fb020][TIMING] emit_host_span: [STRACE] v=1 pid=123515 tid=123515 inv=1 hid=91fefa9ac2368864 depth=1 name=chip.run.validate ts=7230057524110176 dur=98051 
[mono_ns=7230057524220147][T0xe4b2721fb020][TIMING] emit_host_span: [STRACE] v=1 pid=123515 tid=123515 inv=1 hid=91fefa9ac2368864 depth=2 name=chip.run.runner_run.device_wall ts=0 dur=827460 clk=dev
[mono_ns=7230057524223827][T0xe4b2721fb020][TIMING] emit_host_span: [STRACE] v=1 pid=123515 tid=123515 inv=1 hid=91fefa9ac2368864 depth=3 name=chip.run.runner_run.device_wall.preamble ts=0 dur=166600 clk=dev
[mono_ns=7230057524227247][T0xe4b2721fb020][TIMING] emit_host_span: [STRACE] v=1 pid=123515 tid=123515 inv=1 hid=91fefa9ac2368864 depth=3 name=chip.run.runner_run.device_wall.graph_build ts=37960 dur=769160 clk=dev
[mono_ns=7230057524230527][T0xe4b2721fb020][TIMING] emit_host_span: [STRACE] v=1 pid=123515 tid=123515 inv=1 hid=91fefa9ac2368864 depth=3 name=chip.run.runner_run.device_wall.config_validate ts=41640 dur=3559 clk=dev
[mono_ns=7230057524233777][T0xe4b2721fb020][TIMING] emit_host_span: [STRACE] v=1 pid=123515 tid=123515 inv=1 hid=91fefa9ac2368864 depth=3 name=chip.run.runner_run.device_wall.arena_wire ts=45360 dur=12080 clk=dev
[mono_ns=7230057524236867][T0xe4b2721fb020][TIMING] emit_host_span: [STRACE] v=1 pid=123515 tid=123515 inv=1 hid=91fefa9ac2368864 depth=3 name=chip.run.runner_run.device_wall.sm_reset ts=57480 dur=18760 clk=dev
[mono_ns=7230057524240487][T0xe4b2721fb020][TIMING] emit_host_span: [STRACE] v=1 pid=123515 tid=123515 inv=1 hid=91fefa9ac2368864 depth=3 name=chip.run.runner_run.device_wall.post_orch ts=807200 dur=16379 clk=dev
[mono_ns=7230057524243577][T0xe4b2721fb020][TIMING] emit_host_span: [STRACE] v=1 pid=123515 tid=123515 inv=1 hid=91fefa9ac2368864 depth=3 name=chip.run.runner_run.device_wall.orch ts=81340 dur=46239 clk=dev
[mono_ns=7230057524247317][T0xe4b2721fb020][TIMING] emit_host_span: [STRACE] v=1 pid=123515 tid=123515 inv=1 hid=91fefa9ac2368864 depth=3 name=chip.run.runner_run.device_wall.sched ts=168340 dur=615459 clk=dev
[mono_ns=7230057524252617][T0xe4b2721fb020][TIMING] emit_host_span: [STRACE] v=1 pid=123515 tid=123515 inv=1 hid=91fefa9ac2368864 depth=1 name=chip.run.claim_release ts=7230057524249767 dur=1070 
[mono_ns=7230057524258897][T0xe4b2721fb020][TIMING] emit_host_span: [STRACE] v=1 pid=123515 tid=123515 inv=1 hid=91fefa9ac2368864 depth=0 name=chip.run ts=7230057407875727 dur=116380900 run_id=1 dispatch_id=1 slot_id=0 generation=1 run_epoch=1
[mono_ns=7230057530528130][T0xe4b2721fb020][TIMING] emit_host_span: [STRACE] v=1 pid=123515 tid=123515 inv=2 hid=91fefa9ac2368864 depth=2 name=chip.run.bind.args ts=7230057530412600 dur=110310 
[mono_ns=7230057530541070][T0xe4b2721fb020][TIMING] emit_host_span: [STRACE] v=1 pid=123515 tid=123515 inv=2 hid=91fefa9ac2368864 depth=2 name=chip.run.bind.prebuilt ts=7230057530535790 dur=2930 
[mono_ns=7230057530545770][T0xe4b2721fb020][TIMING] emit_host_span: [STRACE] v=1 pid=123515 tid=123515 inv=2 hid=91fefa9ac2368864 depth=1 name=chip.run.bind ts=7230057530403590 dur=139250 
[mono_ns=7230057598287291][T0xe4b114f9aca0][WARN] copy_aicore_buffer: [chip_swimlane_collector.cpp:689] Core 2: skipped 1024 AICore record slot(s) with start_time=0 (race-window write or recycled-buffer tail). buf seq=0 count=1024
[mono_ns=7230057598307571][T0xe4b1157aaca0][WARN] copy_aicore_buffer: [chip_swimlane_collector.cpp:689] Core 1: skipped 1024 AICore record slot(s) with start_time=0 (race-window write or recycled-buffer tail). buf seq=0 count=1024
[mono_ns=7230057598572243][T0xe4b115fbaca0][WARN] copy_aicore_buffer: [chip_swimlane_collector.cpp:689] Core 0: skipped 1024 AICore record slot(s) with start_time=0 (race-window write or recycled-buffer tail). buf seq=0 count=1024
[mono_ns=7230057598616173][T0xe4b114f9aca0][WARN] copy_aicore_buffer: [chip_swimlane_collector.cpp:689] Core 28: skipped 1022 AICore record slot(s) with start_time=0 (race-window write or recycled-buffer tail). buf seq=0 count=1024
[mono_ns=7230057598633193][T0xe4b1157aaca0][WARN] copy_aicore_buffer: [chip_swimlane_collector.cpp:689] Core 26: skipped 1023 AICore record slot(s) with start_time=0 (race-window write or recycled-buffer tail). buf seq=0 count=1024
[mono_ns=7230057598898934][T0xe4b115fbaca0][WARN] copy_aicore_buffer: [chip_swimlane_collector.cpp:689] Core 24: skipped 1024 AICore record slot(s) with start_time=0 (race-window write or recycled-buffer tail). buf seq=0 count=1024
[mono_ns=7230057598936795][T0xe4b114f9aca0][WARN] copy_aicore_buffer: [chip_swimlane_collector.cpp:689] Core 29: skipped 1024 AICore record slot(s) with start_time=0 (race-window write or recycled-buffer tail). buf seq=0 count=1024
[mono_ns=7230057598956315][T0xe4b1157aaca0][WARN] copy_aicore_buffer: [chip_swimlane_collector.cpp:689] Core 27: skipped 1024 AICore record slot(s) with start_time=0 (race-window write or recycled-buffer tail). buf seq=0 count=1024
[mono_ns=7230057599231506][T0xe4b115fbaca0][WARN] copy_aicore_buffer: [chip_swimlane_collector.cpp:689] Core 25: skipped 1024 AICore record slot(s) with start_time=0 (race-window write or recycled-buffer tail). buf seq=0 count=1024
[mono_ns=7230057599264866][T0xe4b114f9aca0][WARN] copy_aicore_buffer: [chip_swimlane_collector.cpp:689] Core 5: skipped 1024 AICore record slot(s) with start_time=0 (race-window write or recycled-buffer tail). buf seq=0 count=1024
[mono_ns=7230057599297866][T0xe4b1157aaca0][WARN] copy_aicore_buffer: [chip_swimlane_collector.cpp:689] Core 4: skipped 1024 AICore record slot(s) with start_time=0 (race-window write or recycled-buffer tail). buf seq=0 count=1024
[mono_ns=7230057599548588][T0xe4b115fbaca0][WARN] copy_aicore_buffer: [chip_swimlane_collector.cpp:689] Core 3: skipped 1024 AICore record slot(s) with start_time=0 (race-window write or recycled-buffer tail). buf seq=0 count=1024
[mono_ns=7230057599593838][T0xe4b114f9aca0][WARN] copy_aicore_buffer: [chip_swimlane_collector.cpp:689] Core 34: skipped 1024 AICore record slot(s) with start_time=0 (race-window write or recycled-buffer tail). buf seq=0 count=1024
[mono_ns=7230057599641198][T0xe4b1157aaca0][WARN] copy_aicore_buffer: [chip_swimlane_collector.cpp:689] Core 32: skipped 1024 AICore record slot(s) with start_time=0 (race-window write or recycled-buffer tail). buf seq=0 count=1024
[mono_ns=7230057599884120][T0xe4b115fbaca0][WARN] copy_aicore_buffer: [chip_swimlane_collector.cpp:689] Core 30: skipped 1024 AICore record slot(s) with start_time=0 (race-window write or recycled-buffer tail). buf seq=0 count=1024
[mono_ns=7230057599928000][T0xe4b114f9aca0][WARN] copy_aicore_buffer: [chip_swimlane_collector.cpp:689] Core 35: skipped 1024 AICore record slot(s) with start_time=0 (race-window write or recycled-buffer tail). buf seq=0 count=1024
[mono_ns=7230057599991980][T0xe4b1157aaca0][WARN] copy_aicore_buffer: [chip_swimlane_collector.cpp:689] Core 33: skipped 1024 AICore record slot(s) with start_time=0 (race-window write or recycled-buffer tail). buf seq=0 count=1024
[mono_ns=7230057600232011][T0xe4b115fbaca0][WARN] copy_aicore_buffer: [chip_swimlane_collector.cpp:689] Core 31: skipped 1024 AICore record slot(s) with start_time=0 (race-window write or recycled-buffer tail). buf seq=0 count=1024
[mono_ns=7230057600268492][T0xe4b114f9aca0][WARN] copy_aicore_buffer: [chip_swimlane_collector.cpp:689] Core 8: skipped 1024 AICore record slot(s) with start_time=0 (race-window write or recycled-buffer tail). buf seq=0 count=1024
[mono_ns=7230057600337992][T0xe4b1157aaca0][WARN] copy_aicore_buffer: [chip_swimlane_collector.cpp:689] Core 7: skipped 1024 AICore record slot(s) with start_time=0 (race-window write or recycled-buffer tail). buf seq=0 count=1024
[mono_ns=7230057600565893][T0xe4b115fbaca0][WARN] copy_aicore_buffer: [chip_swimlane_collector.cpp:689] Core 6: skipped 1024 AICore record slot(s) with start_time=0 (race-window write or recycled-buffer tail). buf seq=0 count=1024
[mono_ns=7230057600595343][T0xe4b114f9aca0][WARN] copy_aicore_buffer: [chip_swimlane_collector.cpp:689] Core 40: skipped 1024 AICore record slot(s) with start_time=0 (race-window write or recycled-buffer tail). buf seq=0 count=1024
[mono_ns=7230057600667474][T0xe4b1157aaca0][WARN] copy_aicore_buffer: [chip_swimlane_collector.cpp:689] Core 38: skipped 1024 AICore record slot(s) with start_time=0 (race-window write or recycled-buffer tail). buf seq=0 count=1024
[mono_ns=7230057600894385][T0xe4b115fbaca0][WARN] copy_aicore_buffer: [chip_swimlane_collector.cpp:689] Core 36: skipped 1024 AICore record slot(s) with start_time=0 (race-window write or recycled-buffer tail). buf seq=0 count=1024
[mono_ns=7230057600923745][T0xe4b114f9aca0][WARN] copy_aicore_buffer: [chip_swimlane_collector.cpp:689] Core 41: skipped 1024 AICore record slot(s) with start_time=0 (race-window write or recycled-buffer tail). buf seq=0 count=1024
[mono_ns=7230057600996675][T0xe4b1157aaca0][WARN] copy_aicore_buffer: [chip_swimlane_collector.cpp:689] Core 39: skipped 1024 AICore record slot(s) with start_time=0 (race-window write or recycled-buffer tail). buf seq=0 count=1024
[mono_ns=7230057601236547][T0xe4b115fbaca0][WARN] copy_aicore_buffer: [chip_swimlane_collector.cpp:689] Core 37: skipped 1024 AICore record slot(s) with start_time=0 (race-window write or recycled-buffer tail). buf seq=0 count=1024
[mono_ns=7230057601265717][T0xe4b114f9aca0][WARN] copy_aicore_buffer: [chip_swimlane_collector.cpp:689] Core 11: skipped 1024 AICore record slot(s) with start_time=0 (race-window write or recycled-buffer tail). buf seq=0 count=1024
[mono_ns=7230057601334417][T0xe4b1157aaca0][WARN] copy_aicore_buffer: [chip_swimlane_collector.cpp:689] Core 10: skipped 1024 AICore record slot(s) with start_time=0 (race-window write or recycled-buffer tail). buf seq=0 count=1024
[mono_ns=7230057601567009][T0xe4b115fbaca0][WARN] copy_aicore_buffer: [chip_swimlane_collector.cpp:689] Core 9: skipped 1024 AICore record slot(s) with start_time=0 (race-window write or recycled-buffer tail). buf seq=0 count=1024
[mono_ns=7230057601591809][T0xe4b114f9aca0][WARN] copy_aicore_buffer: [chip_swimlane_collector.cpp:689] Core 46: skipped 1024 AICore record slot(s) with start_time=0 (race-window write or recycled-buffer tail). buf seq=0 count=1024
[mono_ns=7230057601661049][T0xe4b1157aaca0][WARN] copy_aicore_buffer: [chip_swimlane_collector.cpp:689] Core 44: skipped 1024 AICore record slot(s) with start_time=0 (race-window write or recycled-buffer tail). buf seq=0 count=1024
[mono_ns=7230057601895380][T0xe4b115fbaca0][WARN] copy_aicore_buffer: [chip_swimlane_collector.cpp:689] Core 42: skipped 1024 AICore record slot(s) with start_time=0 (race-window write or recycled-buffer tail). buf seq=0 count=1024
[mono_ns=7230057601914470][T0xe4b114f9aca0][WARN] copy_aicore_buffer: [chip_swimlane_collector.cpp:689] Core 47: skipped 1024 AICore record slot(s) with start_time=0 (race-window write or recycled-buffer tail). buf seq=0 count=1024
[mono_ns=7230057601987481][T0xe4b1157aaca0][WARN] copy_aicore_buffer: [chip_swimlane_collector.cpp:689] Core 45: skipped 1024 AICore record slot(s) with start_time=0 (race-window write or recycled-buffer tail). buf seq=0 count=1024
[mono_ns=7230057602233562][T0xe4b115fbaca0][WARN] copy_aicore_buffer: [chip_swimlane_collector.cpp:689] Core 43: skipped 1024 AICore record slot(s) with start_time=0 (race-window write or recycled-buffer tail). buf seq=0 count=1024
[mono_ns=7230057602249042][T0xe4b114f9aca0][WARN] copy_aicore_buffer: [chip_swimlane_collector.cpp:689] Core 14: skipped 1024 AICore record slot(s) with start_time=0 (race-window write or recycled-buffer tail). buf seq=0 count=1024
[mono_ns=7230057602325433][T0xe4b1157aaca0][WARN] copy_aicore_buffer: [chip_swimlane_collector.cpp:689] Core 13: skipped 1024 AICore record slot(s) with start_time=0 (race-window write or recycled-buffer tail). buf seq=0 count=1024
[mono_ns=7230057602561244][T0xe4b115fbaca0][WARN] copy_aicore_buffer: [chip_swimlane_collector.cpp:689] Core 12: skipped 1024 AICore record slot(s) with start_time=0 (race-window write or recycled-buffer tail). buf seq=0 count=1024
[mono_ns=7230057602574914][T0xe4b114f9aca0][WARN] copy_aicore_buffer: [chip_swimlane_collector.cpp:689] Core 52: skipped 1024 AICore record slot(s) with start_time=0 (race-window write or recycled-buffer tail). buf seq=0 count=1024
[mono_ns=7230057602657524][T0xe4b1157aaca0][WARN] copy_aicore_buffer: [chip_swimlane_collector.cpp:689] Core 50: skipped 1024 AICore record slot(s) with start_time=0 (race-window write or recycled-buffer tail). buf seq=0 count=1024
[mono_ns=7230057602889556][T0xe4b115fbaca0][WARN] copy_aicore_buffer: [chip_swimlane_collector.cpp:689] Core 48: skipped 1024 AICore record slot(s) with start_time=0 (race-window write or recycled-buffer tail). buf seq=0 count=1024
[mono_ns=7230057602908206][T0xe4b114f9aca0][WARN] copy_aicore_buffer: [chip_swimlane_collector.cpp:689] Core 53: skipped 1024 AICore record slot(s) with start_time=0 (race-window write or recycled-buffer tail). buf seq=0 count=1024
[mono_ns=7230057602993626][T0xe4b1157aaca0][WARN] copy_aicore_buffer: [chip_swimlane_collector.cpp:689] Core 51: skipped 1024 AICore record slot(s) with start_time=0 (race-window write or recycled-buffer tail). buf seq=0 count=1024
[mono_ns=7230057603250987][T0xe4b115fbaca0][WARN] copy_aicore_buffer: [chip_swimlane_collector.cpp:689] Core 49: skipped 1024 AICore record slot(s) with start_time=0 (race-window write or recycled-buffer tail). buf seq=0 count=1024
[mono_ns=7230057603268768][T0xe4b114f9aca0][WARN] copy_aicore_buffer: [chip_swimlane_collector.cpp:689] Core 17: skipped 1024 AICore record slot(s) with start_time=0 (race-window write or recycled-buffer tail). buf seq=0 count=1024
[mono_ns=7230057603337768][T0xe4b1157aaca0][WARN] copy_aicore_buffer: [chip_swimlane_collector.cpp:689] Core 16: skipped 1024 AICore record slot(s) with start_time=0 (race-window write or recycled-buffer tail). buf seq=0 count=1024
[mono_ns=7230057603588049][T0xe4b115fbaca0][WARN] copy_aicore_buffer: [chip_swimlane_collector.cpp:689] Core 15: skipped 1024 AICore record slot(s) with start_time=0 (race-window write or recycled-buffer tail). buf seq=0 count=1024
[mono_ns=7230057603607449][T0xe4b114f9aca0][WARN] copy_aicore_buffer: [chip_swimlane_collector.cpp:689] Core 58: skipped 1024 AICore record slot(s) with start_time=0 (race-window write or recycled-buffer tail). buf seq=0 count=1024
[mono_ns=7230057603673980][T0xe4b1157aaca0][WARN] copy_aicore_buffer: [chip_swimlane_collector.cpp:689] Core 56: skipped 1024 AICore record slot(s) with start_time=0 (race-window write or recycled-buffer tail). buf seq=0 count=1024
[mono_ns=7230057603920161][T0xe4b115fbaca0][WARN] copy_aicore_buffer: [chip_swimlane_collector.cpp:689] Core 54: skipped 1024 AICore record slot(s) with start_time=0 (race-window write or recycled-buffer tail). buf seq=0 count=1024
[mono_ns=7230057603940111][T0xe4b114f9aca0][WARN] copy_aicore_buffer: [chip_swimlane_collector.cpp:689] Core 59: skipped 1024 AICore record slot(s) with start_time=0 (race-window write or recycled-buffer tail). buf seq=0 count=1024
[mono_ns=7230057604012452][T0xe4b1157aaca0][WARN] copy_aicore_buffer: [chip_swimlane_collector.cpp:689] Core 57: skipped 1024 AICore record slot(s) with start_time=0 (race-window write or recycled-buffer tail). buf seq=0 count=1024
[mono_ns=7230057604248083][T0xe4b115fbaca0][WARN] copy_aicore_buffer: [chip_swimlane_collector.cpp:689] Core 55: skipped 1024 AICore record slot(s) with start_time=0 (race-window write or recycled-buffer tail). buf seq=0 count=1024
[mono_ns=7230057604282573][T0xe4b114f9aca0][WARN] copy_aicore_buffer: [chip_swimlane_collector.cpp:689] Core 20: skipped 1024 AICore record slot(s) with start_time=0 (race-window write or recycled-buffer tail). buf seq=0 count=1024
[mono_ns=7230057604341223][T0xe4b1157aaca0][WARN] copy_aicore_buffer: [chip_swimlane_collector.cpp:689] Core 19: skipped 1024 AICore record slot(s) with start_time=0 (race-window write or recycled-buffer tail). buf seq=0 count=1024
[mono_ns=7230057604572385][T0xe4b115fbaca0][WARN] copy_aicore_buffer: [chip_swimlane_collector.cpp:689] Core 18: skipped 1024 AICore record slot(s) with start_time=0 (race-window write or recycled-buffer tail). buf seq=0 count=1024
[mono_ns=7230057604610805][T0xe4b114f9aca0][WARN] copy_aicore_buffer: [chip_swimlane_collector.cpp:689] Core 64: skipped 1024 AICore record slot(s) with start_time=0 (race-window write or recycled-buffer tail). buf seq=0 count=1024
[mono_ns=7230057604668015][T0xe4b1157aaca0][WARN] copy_aicore_buffer: [chip_swimlane_collector.cpp:689] Core 62: skipped 1024 AICore record slot(s) with start_time=0 (race-window write or recycled-buffer tail). buf seq=0 count=1024
[mono_ns=7230057604896516][T0xe4b115fbaca0][WARN] copy_aicore_buffer: [chip_swimlane_collector.cpp:689] Core 60: skipped 1024 AICore record slot(s) with start_time=0 (race-window write or recycled-buffer tail). buf seq=0 count=1024
[mono_ns=7230057604941646][T0xe4b114f9aca0][WARN] copy_aicore_buffer: [chip_swimlane_collector.cpp:689] Core 65: skipped 1024 AICore record slot(s) with start_time=0 (race-window write or recycled-buffer tail). buf seq=0 count=1024
[mono_ns=7230057604991727][T0xe4b1157aaca0][WARN] copy_aicore_buffer: [chip_swimlane_collector.cpp:689] Core 63: skipped 1024 AICore record slot(s) with start_time=0 (race-window write or recycled-buffer tail). buf seq=0 count=1024
[mono_ns=7230057605229098][T0xe4b115fbaca0][WARN] copy_aicore_buffer: [chip_swimlane_collector.cpp:689] Core 61: skipped 1024 AICore record slot(s) with start_time=0 (race-window write or recycled-buffer tail). buf seq=0 count=1024
[mono_ns=7230057605274668][T0xe4b114f9aca0][WARN] copy_aicore_buffer: [chip_swimlane_collector.cpp:689] Core 23: skipped 1024 AICore record slot(s) with start_time=0 (race-window write or recycled-buffer tail). buf seq=0 count=1024
[mono_ns=7230057605324969][T0xe4b1157aaca0][WARN] copy_aicore_buffer: [chip_swimlane_collector.cpp:689] Core 22: skipped 1024 AICore record slot(s) with start_time=0 (race-window write or recycled-buffer tail). buf seq=0 count=1024
[mono_ns=7230057605563030][T0xe4b115fbaca0][WARN] copy_aicore_buffer: [chip_swimlane_collector.cpp:689] Core 21: skipped 1024 AICore record slot(s) with start_time=0 (race-window write or recycled-buffer tail). buf seq=0 count=1024
[mono_ns=7230057605598970][T0xe4b114f9aca0][WARN] copy_aicore_buffer: [chip_swimlane_collector.cpp:689] Core 70: skipped 1024 AICore record slot(s) with start_time=0 (race-window write or recycled-buffer tail). buf seq=0 count=1024
[mono_ns=7230057605648450][T0xe4b1157aaca0][WARN] copy_aicore_buffer: [chip_swimlane_collector.cpp:689] Core 68: skipped 1024 AICore record slot(s) with start_time=0 (race-window write or recycled-buffer tail). buf seq=0 count=1024
[mono_ns=7230057605901022][T0xe4b115fbaca0][WARN] copy_aicore_buffer: [chip_swimlane_collector.cpp:689] Core 66: skipped 1024 AICore record slot(s) with start_time=0 (race-window write or recycled-buffer tail). buf seq=0 count=1024
[mono_ns=7230057605922292][T0xe4b114f9aca0][WARN] copy_aicore_buffer: [chip_swimlane_collector.cpp:689] Core 71: skipped 1024 AICore record slot(s) with start_time=0 (race-window write or recycled-buffer tail). buf seq=0 count=1024
[mono_ns=7230057605972072][T0xe4b1157aaca0][WARN] copy_aicore_buffer: [chip_swimlane_collector.cpp:689] Core 69: skipped 1024 AICore record slot(s) with start_time=0 (race-window write or recycled-buffer tail). buf seq=0 count=1024
[mono_ns=7230057606240663][T0xe4b115fbaca0][WARN] copy_aicore_buffer: [chip_swimlane_collector.cpp:689] Core 67: skipped 1024 AICore record slot(s) with start_time=0 (race-window write or recycled-buffer tail). buf seq=0 count=1024
[mono_ns=7230057706763579][T0xe4b2721fb020][TIMING] emit_host_span: [STRACE] v=1 pid=123515 tid=123515 inv=2 hid=91fefa9ac2368864 depth=1 name=chip.run.runner_run ts=7230057584325477 dur=122431322 
[mono_ns=7230057706840819][T0xe4b2721fb020][TIMING] emit_host_span: [STRACE] v=1 pid=123515 tid=123515 inv=2 hid=91fefa9ac2368864 depth=1 name=chip.run.validate ts=7230057706770359 dur=66250 
[mono_ns=7230057706847269][T0xe4b2721fb020][TIMING] emit_host_span: [STRACE] v=1 pid=123515 tid=123515 inv=2 hid=91fefa9ac2368864 depth=2 name=chip.run.runner_run.device_wall ts=0 dur=11697820 clk=dev
[mono_ns=7230057706851319][T0xe4b2721fb020][TIMING] emit_host_span: [STRACE] v=1 pid=123515 tid=123515 inv=2 hid=91fefa9ac2368864 depth=3 name=chip.run.runner_run.device_wall.preamble ts=0 dur=137820 clk=dev
[mono_ns=7230057706854549][T0xe4b2721fb020][TIMING] emit_host_span: [STRACE] v=1 pid=123515 tid=123515 inv=2 hid=91fefa9ac2368864 depth=3 name=chip.run.runner_run.device_wall.graph_build ts=133200 dur=11554500 clk=dev
[mono_ns=7230057706857859][T0xe4b2721fb020][TIMING] emit_host_span: [STRACE] v=1 pid=123515 tid=123515 inv=2 hid=91fefa9ac2368864 depth=3 name=chip.run.runner_run.device_wall.config_validate ts=133640 dur=919 clk=dev
[mono_ns=7230057706861709][T0xe4b2721fb020][TIMING] emit_host_span: [STRACE] v=1 pid=123515 tid=123515 inv=2 hid=91fefa9ac2368864 depth=3 name=chip.run.runner_run.device_wall.arena_wire ts=134580 dur=660 clk=dev
[mono_ns=7230057706864749][T0xe4b2721fb020][TIMING] emit_host_span: [STRACE] v=1 pid=123515 tid=123515 inv=2 hid=91fefa9ac2368864 depth=3 name=chip.run.runner_run.device_wall.sm_reset ts=135280 dur=960 clk=dev
[mono_ns=7230057706867869][T0xe4b2721fb020][TIMING] emit_host_span: [STRACE] v=1 pid=123515 tid=123515 inv=2 hid=91fefa9ac2368864 depth=3 name=chip.run.runner_run.device_wall.post_orch ts=11687740 dur=9920 clk=dev
[mono_ns=7230057706870999][T0xe4b2721fb020][TIMING] emit_host_span: [STRACE] v=1 pid=123515 tid=123515 inv=2 hid=91fefa9ac2368864 depth=3 name=chip.run.runner_run.device_wall.orch ts=136300 dur=4940 clk=dev
[mono_ns=7230057706874009][T0xe4b2721fb020][TIMING] emit_host_span: [STRACE] v=1 pid=123515 tid=123515 inv=2 hid=91fefa9ac2368864 depth=3 name=chip.run.runner_run.device_wall.sched ts=138020 dur=11522820 clk=dev
[mono_ns=7230057706877849][T0xe4b2721fb020][TIMING] emit_host_span: [STRACE] v=1 pid=123515 tid=123515 inv=2 hid=91fefa9ac2368864 depth=1 name=chip.run.claim_release ts=7230057706875859 dur=230 
[mono_ns=7230057706881749][T0xe4b2721fb020][TIMING] emit_host_span: [STRACE] v=1 pid=123515 tid=123515 inv=2 hid=91fefa9ac2368864 depth=0 name=chip.run ts=7230057530363879 dur=176515940 run_id=2 dispatch_id=2 slot_id=0 generation=2 run_epoch=2
[mono_ns=7230062532078348][T0xe4b2721fb020][TIMING] emit_host_span: [STRACE] v=1 pid=123515 tid=123515 inv=3 hid=91fefa9ac2368864 depth=2 name=chip.run.bind.args ts=7230062531935767 dur=132641 
[mono_ns=7230062532098458][T0xe4b2721fb020][TIMING] emit_host_span: [STRACE] v=1 pid=123515 tid=123515 inv=3 hid=91fefa9ac2368864 depth=2 name=chip.run.bind.prebuilt ts=7230062532092478 dur=3230 
[mono_ns=7230062532103238][T0xe4b2721fb020][TIMING] emit_host_span: [STRACE] v=1 pid=123515 tid=123515 inv=3 hid=91fefa9ac2368864 depth=1 name=chip.run.bind ts=7230062531925037 dur=175881 
[mono_ns=7230062640394705][T0xe4b2721fb020][TIMING] emit_host_span: [STRACE] v=1 pid=123515 tid=123515 inv=3 hid=91fefa9ac2368864 depth=1 name=chip.run.runner_run ts=7230062532419030 dur=107964865 
[mono_ns=7230062640476085][T0xe4b2721fb020][TIMING] emit_host_span: [STRACE] v=1 pid=123515 tid=123515 inv=3 hid=91fefa9ac2368864 depth=1 name=chip.run.validate ts=7230062640405895 dur=66690 
[mono_ns=7230062640483265][T0xe4b2721fb020][TIMING] emit_host_span: [STRACE] v=1 pid=123515 tid=123515 inv=3 hid=91fefa9ac2368864 depth=2 name=chip.run.runner_run.device_wall ts=0 dur=13525620 clk=dev
[mono_ns=7230062640488415][T0xe4b2721fb020][TIMING] emit_host_span: [STRACE] v=1 pid=123515 tid=123515 inv=3 hid=91fefa9ac2368864 depth=3 name=chip.run.runner_run.device_wall.preamble ts=0 dur=6280 clk=dev
[mono_ns=7230062640492035][T0xe4b2721fb020][TIMING] emit_host_span: [STRACE] v=1 pid=123515 tid=123515 inv=3 hid=91fefa9ac2368864 depth=3 name=chip.run.runner_run.device_wall.graph_build ts=1579 dur=13513660 clk=dev
[mono_ns=7230062640495435][T0xe4b2721fb020][TIMING] emit_host_span: [STRACE] v=1 pid=123515 tid=123515 inv=3 hid=91fefa9ac2368864 depth=3 name=chip.run.runner_run.device_wall.config_validate ts=2179 dur=1140 clk=dev
[mono_ns=7230062640501185][T0xe4b2721fb020][TIMING] emit_host_span: [STRACE] v=1 pid=123515 tid=123515 inv=3 hid=91fefa9ac2368864 depth=3 name=chip.run.runner_run.device_wall.arena_wire ts=3360 dur=1180 clk=dev
[mono_ns=7230062640504275][T0xe4b2721fb020][TIMING] emit_host_span: [STRACE] v=1 pid=123515 tid=123515 inv=3 hid=91fefa9ac2368864 depth=3 name=chip.run.runner_run.device_wall.sm_reset ts=4580 dur=2139 clk=dev
[mono_ns=7230062640507365][T0xe4b2721fb020][TIMING] emit_host_span: [STRACE] v=1 pid=123515 tid=123515 inv=3 hid=91fefa9ac2368864 depth=3 name=chip.run.runner_run.device_wall.post_orch ts=13515279 dur=10220 clk=dev
[mono_ns=7230062640510245][T0xe4b2721fb020][TIMING] emit_host_span: [STRACE] v=1 pid=123515 tid=123515 inv=3 hid=91fefa9ac2368864 depth=3 name=chip.run.runner_run.device_wall.orch ts=7680 dur=9740 clk=dev
[mono_ns=7230062640513455][T0xe4b2721fb020][TIMING] emit_host_span: [STRACE] v=1 pid=123515 tid=123515 inv=3 hid=91fefa9ac2368864 depth=3 name=chip.run.runner_run.device_wall.sched ts=6900 dur=13500260 clk=dev
[mono_ns=7230062640517966][T0xe4b2721fb020][TIMING] emit_host_span: [STRACE] v=1 pid=123515 tid=123515 inv=3 hid=91fefa9ac2368864 depth=1 name=chip.run.claim_release ts=7230062640515816 dur=410 
[mono_ns=7230062640523216][T0xe4b2721fb020][TIMING] emit_host_span: [STRACE] v=1 pid=123515 tid=123515 inv=3 hid=91fefa9ac2368864 depth=0 name=chip.run ts=7230062531784167 dur=108736549 run_id=3 dispatch_id=3 slot_id=0 generation=3 run_epoch=3
[mono_ns=7230062761557890][T0xe4b2721fb020][TIMING] emit_host_span: [STRACE] v=1 pid=123515 tid=123515 inv=4 hid=91fefa9ac2368864 depth=2 name=chip.run.bind.args ts=7230062761454139 dur=98451 
[mono_ns=7230062761571370][T0xe4b2721fb020][TIMING] emit_host_span: [STRACE] v=1 pid=123515 tid=123515 inv=4 hid=91fefa9ac2368864 depth=2 name=chip.run.bind.prebuilt ts=7230062761565910 dur=3260 
[mono_ns=7230062761575920][T0xe4b2721fb020][TIMING] emit_host_span: [STRACE] v=1 pid=123515 tid=123515 inv=4 hid=91fefa9ac2368864 depth=1 name=chip.run.bind ts=7230062761445679 dur=128121 
[mono_ns=7230062765859673][T0xe4b115fbaca0][WARN] copy_aicore_buffer: [chip_swimlane_collector.cpp:689] Core 0: skipped 1024 AICore record slot(s) with start_time=0 (race-window write or recycled-buffer tail). buf seq=0 count=1024
[mono_ns=7230062765968233][T0xe4b1157aaca0][WARN] copy_aicore_buffer: [chip_swimlane_collector.cpp:689] Core 1: skipped 1024 AICore record slot(s) with start_time=0 (race-window write or recycled-buffer tail). buf seq=0 count=1024
[mono_ns=7230062766210075][T0xe4b114f9aca0][WARN] copy_aicore_buffer: [chip_swimlane_collector.cpp:689] Core 2: skipped 1024 AICore record slot(s) with start_time=0 (race-window write or recycled-buffer tail). buf seq=0 count=1024
[mono_ns=7230062766238415][T0xe4b115fbaca0][WARN] copy_aicore_buffer: [chip_swimlane_collector.cpp:689] Core 24: skipped 1023 AICore record slot(s) with start_time=0 (race-window write or recycled-buffer tail). buf seq=0 count=1024
[mono_ns=7230062766399736][T0xe4b1157aaca0][WARN] copy_aicore_buffer: [chip_swimlane_collector.cpp:689] Core 26: skipped 1022 AICore record slot(s) with start_time=0 (race-window write or recycled-buffer tail). buf seq=0 count=1024
[mono_ns=7230062766531486][T0xe4b114f9aca0][WARN] copy_aicore_buffer: [chip_swimlane_collector.cpp:689] Core 28: skipped 1024 AICore record slot(s) with start_time=0 (race-window write or recycled-buffer tail). buf seq=0 count=1024
[mono_ns=7230062766554737][T0xe4b115fbaca0][WARN] copy_aicore_buffer: [chip_swimlane_collector.cpp:689] Core 25: skipped 1024 AICore record slot(s) with start_time=0 (race-window write or recycled-buffer tail). buf seq=0 count=1024
[mono_ns=7230062766759098][T0xe4b1157aaca0][WARN] copy_aicore_buffer: [chip_swimlane_collector.cpp:689] Core 27: skipped 1024 AICore record slot(s) with start_time=0 (race-window write or recycled-buffer tail). buf seq=0 count=1024
[mono_ns=7230062766847778][T0xe4b114f9aca0][WARN] copy_aicore_buffer: [chip_swimlane_collector.cpp:689] Core 29: skipped 1024 AICore record slot(s) with start_time=0 (race-window write or recycled-buffer tail). buf seq=0 count=1024
[mono_ns=7230062766870028][T0xe4b115fbaca0][WARN] copy_aicore_buffer: [chip_swimlane_collector.cpp:689] Core 3: skipped 1024 AICore record slot(s) with start_time=0 (race-window write or recycled-buffer tail). buf seq=0 count=1024
[mono_ns=7230062767085179][T0xe4b1157aaca0][WARN] copy_aicore_buffer: [chip_swimlane_collector.cpp:689] Core 4: skipped 1024 AICore record slot(s) with start_time=0 (race-window write or recycled-buffer tail). buf seq=0 count=1024
[mono_ns=7230062767178450][T0xe4b114f9aca0][WARN] copy_aicore_buffer: [chip_swimlane_collector.cpp:689] Core 5: skipped 1024 AICore record slot(s) with start_time=0 (race-window write or recycled-buffer tail). buf seq=0 count=1024
[mono_ns=7230062767194860][T0xe4b115fbaca0][WARN] copy_aicore_buffer: [chip_swimlane_collector.cpp:689] Core 30: skipped 1024 AICore record slot(s) with start_time=0 (race-window write or recycled-buffer tail). buf seq=0 count=1024
[mono_ns=7230062767401301][T0xe4b1157aaca0][WARN] copy_aicore_buffer: [chip_swimlane_collector.cpp:689] Core 32: skipped 1024 AICore record slot(s) with start_time=0 (race-window write or recycled-buffer tail). buf seq=0 count=1024
[mono_ns=7230062767493832][T0xe4b114f9aca0][WARN] copy_aicore_buffer: [chip_swimlane_collector.cpp:689] Core 34: skipped 1024 AICore record slot(s) with start_time=0 (race-window write or recycled-buffer tail). buf seq=0 count=1024
[mono_ns=7230062767507462][T0xe4b115fbaca0][WARN] copy_aicore_buffer: [chip_swimlane_collector.cpp:689] Core 31: skipped 1024 AICore record slot(s) with start_time=0 (race-window write or recycled-buffer tail). buf seq=0 count=1024
[mono_ns=7230062767717723][T0xe4b1157aaca0][WARN] copy_aicore_buffer: [chip_swimlane_collector.cpp:689] Core 33: skipped 1024 AICore record slot(s) with start_time=0 (race-window write or recycled-buffer tail). buf seq=0 count=1024
[mono_ns=7230062767809723][T0xe4b114f9aca0][WARN] copy_aicore_buffer: [chip_swimlane_collector.cpp:689] Core 35: skipped 1024 AICore record slot(s) with start_time=0 (race-window write or recycled-buffer tail). buf seq=0 count=1024
[mono_ns=7230062767819173][T0xe4b115fbaca0][WARN] copy_aicore_buffer: [chip_swimlane_collector.cpp:689] Core 6: skipped 1024 AICore record slot(s) with start_time=0 (race-window write or recycled-buffer tail). buf seq=0 count=1024
[mono_ns=7230062768042225][T0xe4b1157aaca0][WARN] copy_aicore_buffer: [chip_swimlane_collector.cpp:689] Core 7: skipped 1024 AICore record slot(s) with start_time=0 (race-window write or recycled-buffer tail). buf seq=0 count=1024
[mono_ns=7230062768140835][T0xe4b114f9aca0][WARN] copy_aicore_buffer: [chip_swimlane_collector.cpp:689] Core 8: skipped 1024 AICore record slot(s) with start_time=0 (race-window write or recycled-buffer tail). buf seq=0 count=1024
[mono_ns=7230062768144825][T0xe4b115fbaca0][WARN] copy_aicore_buffer: [chip_swimlane_collector.cpp:689] Core 36: skipped 1024 AICore record slot(s) with start_time=0 (race-window write or recycled-buffer tail). buf seq=0 count=1024
[mono_ns=7230062768359026][T0xe4b1157aaca0][WARN] copy_aicore_buffer: [chip_swimlane_collector.cpp:689] Core 38: skipped 1024 AICore record slot(s) with start_time=0 (race-window write or recycled-buffer tail). buf seq=0 count=1024
[mono_ns=7230062768455187][T0xe4b114f9aca0][WARN] copy_aicore_buffer: [chip_swimlane_collector.cpp:689] Core 40: skipped 1024 AICore record slot(s) with start_time=0 (race-window write or recycled-buffer tail). buf seq=0 count=1024
[mono_ns=7230062768461977][T0xe4b115fbaca0][WARN] copy_aicore_buffer: [chip_swimlane_collector.cpp:689] Core 37: skipped 1024 AICore record slot(s) with start_time=0 (race-window write or recycled-buffer tail). buf seq=0 count=1024
[mono_ns=7230062768674938][T0xe4b1157aaca0][WARN] copy_aicore_buffer: [chip_swimlane_collector.cpp:689] Core 39: skipped 1024 AICore record slot(s) with start_time=0 (race-window write or recycled-buffer tail). buf seq=0 count=1024
[mono_ns=7230062768771858][T0xe4b114f9aca0][WARN] copy_aicore_buffer: [chip_swimlane_collector.cpp:689] Core 41: skipped 1024 AICore record slot(s) with start_time=0 (race-window write or recycled-buffer tail). buf seq=0 count=1024
[mono_ns=7230062768774568][T0xe4b115fbaca0][WARN] copy_aicore_buffer: [chip_swimlane_collector.cpp:689] Core 9: skipped 1024 AICore record slot(s) with start_time=0 (race-window write or recycled-buffer tail). buf seq=0 count=1024
[mono_ns=7230062768991530][T0xe4b1157aaca0][WARN] copy_aicore_buffer: [chip_swimlane_collector.cpp:689] Core 10: skipped 1024 AICore record slot(s) with start_time=0 (race-window write or recycled-buffer tail). buf seq=0 count=1024
[mono_ns=7230062769104960][T0xe4b114f9aca0][WARN] copy_aicore_buffer: [chip_swimlane_collector.cpp:689] Core 11: skipped 1024 AICore record slot(s) with start_time=0 (race-window write or recycled-buffer tail). buf seq=0 count=1024
[mono_ns=7230062769152380][T0xe4b115fbaca0][WARN] copy_aicore_buffer: [chip_swimlane_collector.cpp:689] Core 42: skipped 1024 AICore record slot(s) with start_time=0 (race-window write or recycled-buffer tail). buf seq=0 count=1024
[mono_ns=7230062769317721][T0xe4b1157aaca0][WARN] copy_aicore_buffer: [chip_swimlane_collector.cpp:689] Core 44: skipped 1024 AICore record slot(s) with start_time=0 (race-window write or recycled-buffer tail). buf seq=0 count=1024
[mono_ns=7230062769423592][T0xe4b114f9aca0][WARN] copy_aicore_buffer: [chip_swimlane_collector.cpp:689] Core 46: skipped 1024 AICore record slot(s) with start_time=0 (race-window write or recycled-buffer tail). buf seq=0 count=1024
[mono_ns=7230062769466892][T0xe4b115fbaca0][WARN] copy_aicore_buffer: [chip_swimlane_collector.cpp:689] Core 43: skipped 1024 AICore record slot(s) with start_time=0 (race-window write or recycled-buffer tail). buf seq=0 count=1024
[mono_ns=7230062769634633][T0xe4b1157aaca0][WARN] copy_aicore_buffer: [chip_swimlane_collector.cpp:689] Core 45: skipped 1024 AICore record slot(s) with start_time=0 (race-window write or recycled-buffer tail). buf seq=0 count=1024
[mono_ns=7230062769738554][T0xe4b114f9aca0][WARN] copy_aicore_buffer: [chip_swimlane_collector.cpp:689] Core 47: skipped 1024 AICore record slot(s) with start_time=0 (race-window write or recycled-buffer tail). buf seq=0 count=1024
[mono_ns=7230062769781634][T0xe4b115fbaca0][WARN] copy_aicore_buffer: [chip_swimlane_collector.cpp:689] Core 12: skipped 1024 AICore record slot(s) with start_time=0 (race-window write or recycled-buffer tail). buf seq=0 count=1024
[mono_ns=7230062769950645][T0xe4b1157aaca0][WARN] copy_aicore_buffer: [chip_swimlane_collector.cpp:689] Core 13: skipped 1024 AICore record slot(s) with start_time=0 (race-window write or recycled-buffer tail). buf seq=0 count=1024
[mono_ns=7230062770100925][T0xe4b114f9aca0][WARN] copy_aicore_buffer: [chip_swimlane_collector.cpp:689] Core 14: skipped 1024 AICore record slot(s) with start_time=0 (race-window write or recycled-buffer tail). buf seq=0 count=1024
[mono_ns=7230062770103325][T0xe4b115fbaca0][WARN] copy_aicore_buffer: [chip_swimlane_collector.cpp:689] Core 48: skipped 1024 AICore record slot(s) with start_time=0 (race-window write or recycled-buffer tail). buf seq=0 count=1024
[mono_ns=7230062770275166][T0xe4b1157aaca0][WARN] copy_aicore_buffer: [chip_swimlane_collector.cpp:689] Core 50: skipped 1024 AICore record slot(s) with start_time=0 (race-window write or recycled-buffer tail). buf seq=0 count=1024
[mono_ns=7230062770415557][T0xe4b114f9aca0][WARN] copy_aicore_buffer: [chip_swimlane_collector.cpp:689] Core 52: skipped 1024 AICore record slot(s) with start_time=0 (race-window write or recycled-buffer tail). buf seq=0 count=1024
[mono_ns=7230062770416547][T0xe4b115fbaca0][WARN] copy_aicore_buffer: [chip_swimlane_collector.cpp:689] Core 49: skipped 1024 AICore record slot(s) with start_time=0 (race-window write or recycled-buffer tail). buf seq=0 count=1024
[mono_ns=7230062770591118][T0xe4b1157aaca0][WARN] copy_aicore_buffer: [chip_swimlane_collector.cpp:689] Core 51: skipped 1024 AICore record slot(s) with start_time=0 (race-window write or recycled-buffer tail). buf seq=0 count=1024
[mono_ns=7230062770728899][T0xe4b115fbaca0][WARN] copy_aicore_buffer: [chip_swimlane_collector.cpp:689] Core 15: skipped 1024 AICore record slot(s) with start_time=0 (race-window write or recycled-buffer tail). buf seq=0 count=1024
[mono_ns=7230062770728889][T0xe4b114f9aca0][WARN] copy_aicore_buffer: [chip_swimlane_collector.cpp:689] Core 53: skipped 1024 AICore record slot(s) with start_time=0 (race-window write or recycled-buffer tail). buf seq=0 count=1024
[mono_ns=7230062770906110][T0xe4b1157aaca0][WARN] copy_aicore_buffer: [chip_swimlane_collector.cpp:689] Core 16: skipped 1024 AICore record slot(s) with start_time=0 (race-window write or recycled-buffer tail). buf seq=0 count=1024
[mono_ns=7230062771058491][T0xe4b114f9aca0][WARN] copy_aicore_buffer: [chip_swimlane_collector.cpp:689] Core 17: skipped 1024 AICore record slot(s) with start_time=0 (race-window write or recycled-buffer tail). buf seq=0 count=1024
[mono_ns=7230062771061821][T0xe4b115fbaca0][WARN] copy_aicore_buffer: [chip_swimlane_collector.cpp:689] Core 54: skipped 1024 AICore record slot(s) with start_time=0 (race-window write or recycled-buffer tail). buf seq=0 count=1024
[mono_ns=7230062771236132][T0xe4b1157aaca0][WARN] copy_aicore_buffer: [chip_swimlane_collector.cpp:689] Core 56: skipped 1024 AICore record slot(s) with start_time=0 (race-window write or recycled-buffer tail). buf seq=0 count=1024
[mono_ns=7230062771373392][T0xe4b114f9aca0][WARN] copy_aicore_buffer: [chip_swimlane_collector.cpp:689] Core 58: skipped 1024 AICore record slot(s) with start_time=0 (race-window write or recycled-buffer tail). buf seq=0 count=1024
[mono_ns=7230062771374642][T0xe4b115fbaca0][WARN] copy_aicore_buffer: [chip_swimlane_collector.cpp:689] Core 55: skipped 1024 AICore record slot(s) with start_time=0 (race-window write or recycled-buffer tail). buf seq=0 count=1024
[mono_ns=7230062771552613][T0xe4b1157aaca0][WARN] copy_aicore_buffer: [chip_swimlane_collector.cpp:689] Core 57: skipped 1024 AICore record slot(s) with start_time=0 (race-window write or recycled-buffer tail). buf seq=0 count=1024
[mono_ns=7230062771688444][T0xe4b114f9aca0][WARN] copy_aicore_buffer: [chip_swimlane_collector.cpp:689] Core 59: skipped 1024 AICore record slot(s) with start_time=0 (race-window write or recycled-buffer tail). buf seq=0 count=1024
[mono_ns=7230062771742824][T0xe4b115fbaca0][WARN] copy_aicore_buffer: [chip_swimlane_collector.cpp:689] Core 18: skipped 1024 AICore record slot(s) with start_time=0 (race-window write or recycled-buffer tail). buf seq=0 count=1024
[mono_ns=7230062771880755][T0xe4b1157aaca0][WARN] copy_aicore_buffer: [chip_swimlane_collector.cpp:689] Core 19: skipped 1024 AICore record slot(s) with start_time=0 (race-window write or recycled-buffer tail). buf seq=0 count=1024
[mono_ns=7230062772029126][T0xe4b114f9aca0][WARN] copy_aicore_buffer: [chip_swimlane_collector.cpp:689] Core 20: skipped 1024 AICore record slot(s) with start_time=0 (race-window write or recycled-buffer tail). buf seq=0 count=1024
[mono_ns=7230062772114786][T0xe4b115fbaca0][WARN] copy_aicore_buffer: [chip_swimlane_collector.cpp:689] Core 60: skipped 1024 AICore record slot(s) with start_time=0 (race-window write or recycled-buffer tail). buf seq=0 count=1024
[mono_ns=7230062772239277][T0xe4b1157aaca0][WARN] copy_aicore_buffer: [chip_swimlane_collector.cpp:689] Core 62: skipped 1024 AICore record slot(s) with start_time=0 (race-window write or recycled-buffer tail). buf seq=0 count=1024
[mono_ns=7230062772365468][T0xe4b114f9aca0][WARN] copy_aicore_buffer: [chip_swimlane_collector.cpp:689] Core 64: skipped 1024 AICore record slot(s) with start_time=0 (race-window write or recycled-buffer tail). buf seq=0 count=1024
[mono_ns=7230062772449168][T0xe4b115fbaca0][WARN] copy_aicore_buffer: [chip_swimlane_collector.cpp:689] Core 61: skipped 1024 AICore record slot(s) with start_time=0 (race-window write or recycled-buffer tail). buf seq=0 count=1024
[mono_ns=7230062772599149][T0xe4b1157aaca0][WARN] copy_aicore_buffer: [chip_swimlane_collector.cpp:689] Core 63: skipped 1024 AICore record slot(s) with start_time=0 (race-window write or recycled-buffer tail). buf seq=0 count=1024
[mono_ns=7230062772703319][T0xe4b114f9aca0][WARN] copy_aicore_buffer: [chip_swimlane_collector.cpp:689] Core 65: skipped 1024 AICore record slot(s) with start_time=0 (race-window write or recycled-buffer tail). buf seq=0 count=1024
[mono_ns=7230062772773680][T0xe4b115fbaca0][WARN] copy_aicore_buffer: [chip_swimlane_collector.cpp:689] Core 21: skipped 1024 AICore record slot(s) with start_time=0 (race-window write or recycled-buffer tail). buf seq=0 count=1024
[mono_ns=7230062772932821][T0xe4b1157aaca0][WARN] copy_aicore_buffer: [chip_swimlane_collector.cpp:689] Core 22: skipped 1024 AICore record slot(s) with start_time=0 (race-window write or recycled-buffer tail). buf seq=0 count=1024
[mono_ns=7230062773040741][T0xe4b114f9aca0][WARN] copy_aicore_buffer: [chip_swimlane_collector.cpp:689] Core 23: skipped 1024 AICore record slot(s) with start_time=0 (race-window write or recycled-buffer tail). buf seq=0 count=1024
[mono_ns=7230062773114782][T0xe4b115fbaca0][WARN] copy_aicore_buffer: [chip_swimlane_collector.cpp:689] Core 66: skipped 1024 AICore record slot(s) with start_time=0 (race-window write or recycled-buffer tail). buf seq=0 count=1024
[mono_ns=7230062773276092][T0xe4b1157aaca0][WARN] copy_aicore_buffer: [chip_swimlane_collector.cpp:689] Core 68: skipped 1024 AICore record slot(s) with start_time=0 (race-window write or recycled-buffer tail). buf seq=0 count=1024
[mono_ns=7230062773368543][T0xe4b114f9aca0][WARN] copy_aicore_buffer: [chip_swimlane_collector.cpp:689] Core 70: skipped 1024 AICore record slot(s) with start_time=0 (race-window write or recycled-buffer tail). buf seq=0 count=1024
[mono_ns=7230062773483703][T0xe4b115fbaca0][WARN] copy_aicore_buffer: [chip_swimlane_collector.cpp:689] Core 67: skipped 1024 AICore record slot(s) with start_time=0 (race-window write or recycled-buffer tail). buf seq=0 count=1024
[mono_ns=7230062773605914][T0xe4b1157aaca0][WARN] copy_aicore_buffer: [chip_swimlane_collector.cpp:689] Core 69: skipped 1024 AICore record slot(s) with start_time=0 (race-window write or recycled-buffer tail). buf seq=0 count=1024
[mono_ns=7230062773699815][T0xe4b114f9aca0][WARN] copy_aicore_buffer: [chip_swimlane_collector.cpp:689] Core 71: skipped 1024 AICore record slot(s) with start_time=0 (race-window write or recycled-buffer tail). buf seq=0 count=1024
[mono_ns=7230062874237060][T0xe4b2721fb020][TIMING] emit_host_span: [STRACE] v=1 pid=123515 tid=123515 inv=4 hid=91fefa9ac2368864 depth=1 name=chip.run.runner_run ts=7230062763515050 dur=110715780 
[mono_ns=7230062874309000][T0xe4b2721fb020][TIMING] emit_host_span: [STRACE] v=1 pid=123515 tid=123515 inv=4 hid=91fefa9ac2368864 depth=1 name=chip.run.validate ts=7230062874243900 dur=61400 
[mono_ns=7230062874316590][T0xe4b2721fb020][TIMING] emit_host_span: [STRACE] v=1 pid=123515 tid=123515 inv=4 hid=91fefa9ac2368864 depth=2 name=chip.run.runner_run.device_wall ts=0 dur=1857800 clk=dev
[mono_ns=7230062874323060][T0xe4b2721fb020][TIMING] emit_host_span: [STRACE] v=1 pid=123515 tid=123515 inv=4 hid=91fefa9ac2368864 depth=3 name=chip.run.runner_run.device_wall.preamble ts=0 dur=109000 clk=dev
[mono_ns=7230062874326390][T0xe4b2721fb020][TIMING] emit_host_span: [STRACE] v=1 pid=123515 tid=123515 inv=4 hid=91fefa9ac2368864 depth=3 name=chip.run.runner_run.device_wall.graph_build ts=104980 dur=1741340 clk=dev
[mono_ns=7230062874329700][T0xe4b2721fb020][TIMING] emit_host_span: [STRACE] v=1 pid=123515 tid=123515 inv=4 hid=91fefa9ac2368864 depth=3 name=chip.run.runner_run.device_wall.config_validate ts=105640 dur=899 clk=dev
[mono_ns=7230062874332860][T0xe4b2721fb020][TIMING] emit_host_span: [STRACE] v=1 pid=123515 tid=123515 inv=4 hid=91fefa9ac2368864 depth=3 name=chip.run.runner_run.device_wall.arena_wire ts=106560 dur=780 clk=dev
[mono_ns=7230062874335930][T0xe4b2721fb020][TIMING] emit_host_span: [STRACE] v=1 pid=123515 tid=123515 inv=4 hid=91fefa9ac2368864 depth=3 name=chip.run.runner_run.device_wall.sm_reset ts=107360 dur=540 clk=dev
[mono_ns=7230062874339031][T0xe4b2721fb020][TIMING] emit_host_span: [STRACE] v=1 pid=123515 tid=123515 inv=4 hid=91fefa9ac2368864 depth=3 name=chip.run.runner_run.device_wall.post_orch ts=1846379 dur=10980 clk=dev
[mono_ns=7230062874341901][T0xe4b2721fb020][TIMING] emit_host_span: [STRACE] v=1 pid=123515 tid=123515 inv=4 hid=91fefa9ac2368864 depth=3 name=chip.run.runner_run.device_wall.orch ts=107940 dur=3820 clk=dev
[mono_ns=7230062874344701][T0xe4b2721fb020][TIMING] emit_host_span: [STRACE] v=1 pid=123515 tid=123515 inv=4 hid=91fefa9ac2368864 depth=3 name=chip.run.runner_run.device_wall.sched ts=109100 dur=1712959 clk=dev
[mono_ns=7230062874350221][T0xe4b2721fb020][TIMING] emit_host_span: [STRACE] v=1 pid=123515 tid=123515 inv=4 hid=91fefa9ac2368864 depth=1 name=chip.run.claim_release ts=7230062874347631 dur=330 
[mono_ns=7230062874354161][T0xe4b2721fb020][TIMING] emit_host_span: [STRACE] v=1 pid=123515 tid=123515 inv=4 hid=91fefa9ac2368864 depth=0 name=chip.run ts=7230062761414039 dur=112938172 run_id=4 dispatch_id=4 slot_id=0 generation=4 run_epoch=4
[mono_ns=7230067717605371][T0xe4b2721fb020][TIMING] emit_host_span: [STRACE] v=1 pid=123515 tid=123515 inv=5 hid=91fefa9ac2368864 depth=2 name=chip.run.bind.args ts=7230067717463030 dur=132301 
[mono_ns=7230067717621161][T0xe4b2721fb020][TIMING] emit_host_span: [STRACE] v=1 pid=123515 tid=123515 inv=5 hid=91fefa9ac2368864 depth=2 name=chip.run.bind.prebuilt ts=7230067717615631 dur=2990 
[mono_ns=7230067717625831][T0xe4b2721fb020][TIMING] emit_host_span: [STRACE] v=1 pid=123515 tid=123515 inv=5 hid=91fefa9ac2368864 depth=1 name=chip.run.bind ts=7230067717453350 dur=170311 
[mono_ns=7230067821876386][T0xe4b2721fb020][TIMING] emit_host_span: [STRACE] v=1 pid=123515 tid=123515 inv=5 hid=91fefa9ac2368864 depth=1 name=chip.run.runner_run ts=7230067717908082 dur=103958274 
[mono_ns=7230067821960207][T0xe4b2721fb020][TIMING] emit_host_span: [STRACE] v=1 pid=123515 tid=123515 inv=5 hid=91fefa9ac2368864 depth=1 name=chip.run.validate ts=7230067821886506 dur=69860 
[mono_ns=7230067821972577][T0xe4b2721fb020][TIMING] emit_host_span: [STRACE] v=1 pid=123515 tid=123515 inv=5 hid=91fefa9ac2368864 depth=2 name=chip.run.runner_run.device_wall ts=0 dur=7331100 clk=dev
[mono_ns=7230067821976927][T0xe4b2721fb020][TIMING] emit_host_span: [STRACE] v=1 pid=123515 tid=123515 inv=5 hid=91fefa9ac2368864 depth=3 name=chip.run.runner_run.device_wall.preamble ts=0 dur=6580 clk=dev
[mono_ns=7230067821980957][T0xe4b2721fb020][TIMING] emit_host_span: [STRACE] v=1 pid=123515 tid=123515 inv=5 hid=91fefa9ac2368864 depth=3 name=chip.run.runner_run.device_wall.graph_build ts=1520 dur=7318599 clk=dev
[mono_ns=7230067821984537][T0xe4b2721fb020][TIMING] emit_host_span: [STRACE] v=1 pid=123515 tid=123515 inv=5 hid=91fefa9ac2368864 depth=3 name=chip.run.runner_run.device_wall.config_validate ts=1839 dur=1080 clk=dev
[mono_ns=7230067821988007][T0xe4b2721fb020][TIMING] emit_host_span: [STRACE] v=1 pid=123515 tid=123515 inv=5 hid=91fefa9ac2368864 depth=3 name=chip.run.runner_run.device_wall.arena_wire ts=2960 dur=1320 clk=dev
[mono_ns=7230067821991477][T0xe4b2721fb020][TIMING] emit_host_span: [STRACE] v=1 pid=123515 tid=123515 inv=5 hid=91fefa9ac2368864 depth=3 name=chip.run.runner_run.device_wall.sm_reset ts=4300 dur=1619 clk=dev
[mono_ns=7230067821995237][T0xe4b2721fb020][TIMING] emit_host_span: [STRACE] v=1 pid=123515 tid=123515 inv=5 hid=91fefa9ac2368864 depth=3 name=chip.run.runner_run.device_wall.post_orch ts=7320180 dur=10280 clk=dev
[mono_ns=7230067821998617][T0xe4b2721fb020][TIMING] emit_host_span: [STRACE] v=1 pid=123515 tid=123515 inv=5 hid=91fefa9ac2368864 depth=3 name=chip.run.runner_run.device_wall.orch ts=6700 dur=8579 clk=dev
[mono_ns=7230067822022817][T0xe4b2721fb020][TIMING] emit_host_span: [STRACE] v=1 pid=123515 tid=123515 inv=5 hid=91fefa9ac2368864 depth=3 name=chip.run.runner_run.device_wall.sched ts=7020 dur=7304640 clk=dev
[mono_ns=7230067822027317][T0xe4b2721fb020][TIMING] emit_host_span: [STRACE] v=1 pid=123515 tid=123515 inv=5 hid=91fefa9ac2368864 depth=1 name=chip.run.claim_release ts=7230067822025037 dur=450 
[mono_ns=7230067822031967][T0xe4b2721fb020][TIMING] emit_host_span: [STRACE] v=1 pid=123515 tid=123515 inv=5 hid=91fefa9ac2368864 depth=0 name=chip.run ts=7230067717368950 dur=104661037 run_id=5 dispatch_id=5 slot_id=0 generation=5 run_epoch=5
[mono_ns=7230067835345008][T0xe4b2721fb020][TIMING] emit_host_span: [STRACE] v=1 pid=123515 tid=123515 inv=6 hid=91fefa9ac2368864 depth=2 name=chip.run.bind.args ts=7230067835237987 dur=101631 
[mono_ns=7230067835357288][T0xe4b2721fb020][TIMING] emit_host_span: [STRACE] v=1 pid=123515 tid=123515 inv=6 hid=91fefa9ac2368864 depth=2 name=chip.run.bind.prebuilt ts=7230067835352158 dur=2690 
[mono_ns=7230067835362238][T0xe4b2721fb020][TIMING] emit_host_span: [STRACE] v=1 pid=123515 tid=123515 inv=6 hid=91fefa9ac2368864 depth=1 name=chip.run.bind ts=7230067835229567 dur=130601 
[mono_ns=7230067839703091][T0xe4b115fbaca0][WARN] copy_aicore_buffer: [chip_swimlane_collector.cpp:689] Core 0: skipped 1024 AICore record slot(s) with start_time=0 (race-window write or recycled-buffer tail). buf seq=0 count=1024
[mono_ns=7230067839704971][T0xe4b114f9aca0][WARN] copy_aicore_buffer: [chip_swimlane_collector.cpp:689] Core 2: skipped 1024 AICore record slot(s) with start_time=0 (race-window write or recycled-buffer tail). buf seq=0 count=1024
[mono_ns=7230067839703171][T0xe4b1157aaca0][WARN] copy_aicore_buffer: [chip_swimlane_collector.cpp:689] Core 1: skipped 1024 AICore record slot(s) with start_time=0 (race-window write or recycled-buffer tail). buf seq=0 count=1024
[mono_ns=7230067840041713][T0xe4b115fbaca0][WARN] copy_aicore_buffer: [chip_swimlane_collector.cpp:689] Core 24: skipped 1023 AICore record slot(s) with start_time=0 (race-window write or recycled-buffer tail). buf seq=0 count=1024
[mono_ns=7230067840048573][T0xe4b114f9aca0][WARN] copy_aicore_buffer: [chip_swimlane_collector.cpp:689] Core 28: skipped 1023 AICore record slot(s) with start_time=0 (race-window write or recycled-buffer tail). buf seq=0 count=1024
[mono_ns=7230067840081873][T0xe4b1157aaca0][WARN] copy_aicore_buffer: [chip_swimlane_collector.cpp:689] Core 26: skipped 1023 AICore record slot(s) with start_time=0 (race-window write or recycled-buffer tail). buf seq=0 count=1024
[mono_ns=7230067840357784][T0xe4b115fbaca0][WARN] copy_aicore_buffer: [chip_swimlane_collector.cpp:689] Core 25: skipped 1024 AICore record slot(s) with start_time=0 (race-window write or recycled-buffer tail). buf seq=0 count=1024
[mono_ns=7230067840361805][T0xe4b114f9aca0][WARN] copy_aicore_buffer: [chip_swimlane_collector.cpp:689] Core 29: skipped 1024 AICore record slot(s) with start_time=0 (race-window write or recycled-buffer tail). buf seq=0 count=1024
[mono_ns=7230067840400055][T0xe4b1157aaca0][WARN] copy_aicore_buffer: [chip_swimlane_collector.cpp:689] Core 27: skipped 1024 AICore record slot(s) with start_time=0 (race-window write or recycled-buffer tail). buf seq=0 count=1024
[mono_ns=7230067840673326][T0xe4b115fbaca0][WARN] copy_aicore_buffer: [chip_swimlane_collector.cpp:689] Core 3: skipped 1024 AICore record slot(s) with start_time=0 (race-window write or recycled-buffer tail). buf seq=0 count=1024
[mono_ns=7230067840675216][T0xe4b114f9aca0][WARN] copy_aicore_buffer: [chip_swimlane_collector.cpp:689] Core 5: skipped 1024 AICore record slot(s) with start_time=0 (race-window write or recycled-buffer tail). buf seq=0 count=1024
[mono_ns=7230067840718406][T0xe4b1157aaca0][WARN] copy_aicore_buffer: [chip_swimlane_collector.cpp:689] Core 4: skipped 1024 AICore record slot(s) with start_time=0 (race-window write or recycled-buffer tail). buf seq=0 count=1024
[mono_ns=7230067840988548][T0xe4b114f9aca0][WARN] copy_aicore_buffer: [chip_swimlane_collector.cpp:689] Core 34: skipped 1024 AICore record slot(s) with start_time=0 (race-window write or recycled-buffer tail). buf seq=0 count=1024
[mono_ns=7230067840989258][T0xe4b115fbaca0][WARN] copy_aicore_buffer: [chip_swimlane_collector.cpp:689] Core 30: skipped 1024 AICore record slot(s) with start_time=0 (race-window write or recycled-buffer tail). buf seq=0 count=1024
[mono_ns=7230067841046618][T0xe4b1157aaca0][WARN] copy_aicore_buffer: [chip_swimlane_collector.cpp:689] Core 32: skipped 1024 AICore record slot(s) with start_time=0 (race-window write or recycled-buffer tail). buf seq=0 count=1024
[mono_ns=7230067841311170][T0xe4b114f9aca0][WARN] copy_aicore_buffer: [chip_swimlane_collector.cpp:689] Core 35: skipped 1024 AICore record slot(s) with start_time=0 (race-window write or recycled-buffer tail). buf seq=0 count=1024
[mono_ns=7230067841316250][T0xe4b115fbaca0][WARN] copy_aicore_buffer: [chip_swimlane_collector.cpp:689] Core 31: skipped 1024 AICore record slot(s) with start_time=0 (race-window write or recycled-buffer tail). buf seq=0 count=1024
[mono_ns=7230067841362740][T0xe4b1157aaca0][WARN] copy_aicore_buffer: [chip_swimlane_collector.cpp:689] Core 33: skipped 1024 AICore record slot(s) with start_time=0 (race-window write or recycled-buffer tail). buf seq=0 count=1024
[mono_ns=7230067841627041][T0xe4b114f9aca0][WARN] copy_aicore_buffer: [chip_swimlane_collector.cpp:689] Core 8: skipped 1024 AICore record slot(s) with start_time=0 (race-window write or recycled-buffer tail). buf seq=0 count=1024
[mono_ns=7230067841657371][T0xe4b115fbaca0][WARN] copy_aicore_buffer: [chip_swimlane_collector.cpp:689] Core 6: skipped 1024 AICore record slot(s) with start_time=0 (race-window write or recycled-buffer tail). buf seq=0 count=1024
[mono_ns=7230067841679742][T0xe4b1157aaca0][WARN] copy_aicore_buffer: [chip_swimlane_collector.cpp:689] Core 7: skipped 1024 AICore record slot(s) with start_time=0 (race-window write or recycled-buffer tail). buf seq=0 count=1024
[mono_ns=7230067841941363][T0xe4b114f9aca0][WARN] copy_aicore_buffer: [chip_swimlane_collector.cpp:689] Core 40: skipped 1024 AICore record slot(s) with start_time=0 (race-window write or recycled-buffer tail). buf seq=0 count=1024
[mono_ns=7230067841972583][T0xe4b115fbaca0][WARN] copy_aicore_buffer: [chip_swimlane_collector.cpp:689] Core 36: skipped 1024 AICore record slot(s) with start_time=0 (race-window write or recycled-buffer tail). buf seq=0 count=1024
[mono_ns=7230067841996353][T0xe4b1157aaca0][WARN] copy_aicore_buffer: [chip_swimlane_collector.cpp:689] Core 38: skipped 1024 AICore record slot(s) with start_time=0 (race-window write or recycled-buffer tail). buf seq=0 count=1024
[mono_ns=7230067842265495][T0xe4b114f9aca0][WARN] copy_aicore_buffer: [chip_swimlane_collector.cpp:689] Core 41: skipped 1024 AICore record slot(s) with start_time=0 (race-window write or recycled-buffer tail). buf seq=0 count=1024
[mono_ns=7230067842292405][T0xe4b115fbaca0][WARN] copy_aicore_buffer: [chip_swimlane_collector.cpp:689] Core 37: skipped 1024 AICore record slot(s) with start_time=0 (race-window write or recycled-buffer tail). buf seq=0 count=1024
[mono_ns=7230067842322525][T0xe4b1157aaca0][WARN] copy_aicore_buffer: [chip_swimlane_collector.cpp:689] Core 39: skipped 1024 AICore record slot(s) with start_time=0 (race-window write or recycled-buffer tail). buf seq=0 count=1024
[mono_ns=7230067842608026][T0xe4b115fbaca0][WARN] copy_aicore_buffer: [chip_swimlane_collector.cpp:689] Core 9: skipped 1024 AICore record slot(s) with start_time=0 (race-window write or recycled-buffer tail). buf seq=0 count=1024
[mono_ns=7230067842611496][T0xe4b114f9aca0][WARN] copy_aicore_buffer: [chip_swimlane_collector.cpp:689] Core 11: skipped 1024 AICore record slot(s) with start_time=0 (race-window write or recycled-buffer tail). buf seq=0 count=1024
[mono_ns=7230067842639837][T0xe4b1157aaca0][WARN] copy_aicore_buffer: [chip_swimlane_collector.cpp:689] Core 10: skipped 1024 AICore record slot(s) with start_time=0 (race-window write or recycled-buffer tail). buf seq=0 count=1024
[mono_ns=7230067842922848][T0xe4b115fbaca0][WARN] copy_aicore_buffer: [chip_swimlane_collector.cpp:689] Core 42: skipped 1024 AICore record slot(s) with start_time=0 (race-window write or recycled-buffer tail). buf seq=0 count=1024
[mono_ns=7230067842924168][T0xe4b114f9aca0][WARN] copy_aicore_buffer: [chip_swimlane_collector.cpp:689] Core 46: skipped 1024 AICore record slot(s) with start_time=0 (race-window write or recycled-buffer tail). buf seq=0 count=1024
[mono_ns=7230067842955078][T0xe4b1157aaca0][WARN] copy_aicore_buffer: [chip_swimlane_collector.cpp:689] Core 44: skipped 1024 AICore record slot(s) with start_time=0 (race-window write or recycled-buffer tail). buf seq=0 count=1024
[mono_ns=7230067843243500][T0xe4b114f9aca0][WARN] copy_aicore_buffer: [chip_swimlane_collector.cpp:689] Core 47: skipped 1024 AICore record slot(s) with start_time=0 (race-window write or recycled-buffer tail). buf seq=0 count=1024
[mono_ns=7230067843245130][T0xe4b115fbaca0][WARN] copy_aicore_buffer: [chip_swimlane_collector.cpp:689] Core 43: skipped 1024 AICore record slot(s) with start_time=0 (race-window write or recycled-buffer tail). buf seq=0 count=1024
[mono_ns=7230067843277470][T0xe4b1157aaca0][WARN] copy_aicore_buffer: [chip_swimlane_collector.cpp:689] Core 45: skipped 1024 AICore record slot(s) with start_time=0 (race-window write or recycled-buffer tail). buf seq=0 count=1024
[mono_ns=7230067843557822][T0xe4b114f9aca0][WARN] copy_aicore_buffer: [chip_swimlane_collector.cpp:689] Core 14: skipped 1024 AICore record slot(s) with start_time=0 (race-window write or recycled-buffer tail). buf seq=0 count=1024
[mono_ns=7230067843558662][T0xe4b115fbaca0][WARN] copy_aicore_buffer: [chip_swimlane_collector.cpp:689] Core 12: skipped 1024 AICore record slot(s) with start_time=0 (race-window write or recycled-buffer tail). buf seq=0 count=1024
[mono_ns=7230067843593122][T0xe4b1157aaca0][WARN] copy_aicore_buffer: [chip_swimlane_collector.cpp:689] Core 13: skipped 1024 AICore record slot(s) with start_time=0 (race-window write or recycled-buffer tail). buf seq=0 count=1024
[mono_ns=7230067843871433][T0xe4b115fbaca0][WARN] copy_aicore_buffer: [chip_swimlane_collector.cpp:689] Core 48: skipped 1024 AICore record slot(s) with start_time=0 (race-window write or recycled-buffer tail). buf seq=0 count=1024
[mono_ns=7230067843872243][T0xe4b114f9aca0][WARN] copy_aicore_buffer: [chip_swimlane_collector.cpp:689] Core 52: skipped 1024 AICore record slot(s) with start_time=0 (race-window write or recycled-buffer tail). buf seq=0 count=1024
[mono_ns=7230067843909023][T0xe4b1157aaca0][WARN] copy_aicore_buffer: [chip_swimlane_collector.cpp:689] Core 50: skipped 1024 AICore record slot(s) with start_time=0 (race-window write or recycled-buffer tail). buf seq=0 count=1024
[mono_ns=7230067844198845][T0xe4b115fbaca0][WARN] copy_aicore_buffer: [chip_swimlane_collector.cpp:689] Core 49: skipped 1024 AICore record slot(s) with start_time=0 (race-window write or recycled-buffer tail). buf seq=0 count=1024
[mono_ns=7230067844218275][T0xe4b114f9aca0][WARN] copy_aicore_buffer: [chip_swimlane_collector.cpp:689] Core 53: skipped 1024 AICore record slot(s) with start_time=0 (race-window write or recycled-buffer tail). buf seq=0 count=1024
[mono_ns=7230067844235475][T0xe4b1157aaca0][WARN] copy_aicore_buffer: [chip_swimlane_collector.cpp:689] Core 51: skipped 1024 AICore record slot(s) with start_time=0 (race-window write or recycled-buffer tail). buf seq=0 count=1024
[mono_ns=7230067844513697][T0xe4b115fbaca0][WARN] copy_aicore_buffer: [chip_swimlane_collector.cpp:689] Core 15: skipped 1024 AICore record slot(s) with start_time=0 (race-window write or recycled-buffer tail). buf seq=0 count=1024
[mono_ns=7230067844532667][T0xe4b114f9aca0][WARN] copy_aicore_buffer: [chip_swimlane_collector.cpp:689] Core 17: skipped 1024 AICore record slot(s) with start_time=0 (race-window write or recycled-buffer tail). buf seq=0 count=1024
[mono_ns=7230067844550867][T0xe4b1157aaca0][WARN] copy_aicore_buffer: [chip_swimlane_collector.cpp:689] Core 16: skipped 1024 AICore record slot(s) with start_time=0 (race-window write or recycled-buffer tail). buf seq=0 count=1024
[mono_ns=7230067844838998][T0xe4b115fbaca0][WARN] copy_aicore_buffer: [chip_swimlane_collector.cpp:689] Core 54: skipped 1024 AICore record slot(s) with start_time=0 (race-window write or recycled-buffer tail). buf seq=0 count=1024
[mono_ns=7230067844856898][T0xe4b114f9aca0][WARN] copy_aicore_buffer: [chip_swimlane_collector.cpp:689] Core 58: skipped 1024 AICore record slot(s) with start_time=0 (race-window write or recycled-buffer tail). buf seq=0 count=1024
[mono_ns=7230067844912769][T0xe4b1157aaca0][WARN] copy_aicore_buffer: [chip_swimlane_collector.cpp:689] Core 56: skipped 1024 AICore record slot(s) with start_time=0 (race-window write or recycled-buffer tail). buf seq=0 count=1024
[mono_ns=7230067845201580][T0xe4b115fbaca0][WARN] copy_aicore_buffer: [chip_swimlane_collector.cpp:689] Core 55: skipped 1024 AICore record slot(s) with start_time=0 (race-window write or recycled-buffer tail). buf seq=0 count=1024
[mono_ns=7230067845230980][T0xe4b114f9aca0][WARN] copy_aicore_buffer: [chip_swimlane_collector.cpp:689] Core 59: skipped 1024 AICore record slot(s) with start_time=0 (race-window write or recycled-buffer tail). buf seq=0 count=1024
[mono_ns=7230067845265541][T0xe4b1157aaca0][WARN] copy_aicore_buffer: [chip_swimlane_collector.cpp:689] Core 57: skipped 1024 AICore record slot(s) with start_time=0 (race-window write or recycled-buffer tail). buf seq=0 count=1024
[mono_ns=7230067845537592][T0xe4b115fbaca0][WARN] copy_aicore_buffer: [chip_swimlane_collector.cpp:689] Core 18: skipped 1024 AICore record slot(s) with start_time=0 (race-window write or recycled-buffer tail). buf seq=0 count=1024
[mono_ns=7230067845562692][T0xe4b114f9aca0][WARN] copy_aicore_buffer: [chip_swimlane_collector.cpp:689] Core 20: skipped 1024 AICore record slot(s) with start_time=0 (race-window write or recycled-buffer tail). buf seq=0 count=1024
[mono_ns=7230067845593522][T0xe4b1157aaca0][WARN] copy_aicore_buffer: [chip_swimlane_collector.cpp:689] Core 19: skipped 1024 AICore record slot(s) with start_time=0 (race-window write or recycled-buffer tail). buf seq=0 count=1024
[mono_ns=7230067845869334][T0xe4b115fbaca0][WARN] copy_aicore_buffer: [chip_swimlane_collector.cpp:689] Core 60: skipped 1024 AICore record slot(s) with start_time=0 (race-window write or recycled-buffer tail). buf seq=0 count=1024
[mono_ns=7230067845952184][T0xe4b1157aaca0][WARN] copy_aicore_buffer: [chip_swimlane_collector.cpp:689] Core 62: skipped 1024 AICore record slot(s) with start_time=0 (race-window write or recycled-buffer tail). buf seq=0 count=1024
[mono_ns=7230067845959324][T0xe4b114f9aca0][WARN] copy_aicore_buffer: [chip_swimlane_collector.cpp:689] Core 64: skipped 1024 AICore record slot(s) with start_time=0 (race-window write or recycled-buffer tail). buf seq=0 count=1024
[mono_ns=7230067846209306][T0xe4b115fbaca0][WARN] copy_aicore_buffer: [chip_swimlane_collector.cpp:689] Core 61: skipped 1024 AICore record slot(s) with start_time=0 (race-window write or recycled-buffer tail). buf seq=0 count=1024
[mono_ns=7230067846307776][T0xe4b1157aaca0][WARN] copy_aicore_buffer: [chip_swimlane_collector.cpp:689] Core 63: skipped 1024 AICore record slot(s) with start_time=0 (race-window write or recycled-buffer tail). buf seq=0 count=1024
[mono_ns=7230067846312806][T0xe4b114f9aca0][WARN] copy_aicore_buffer: [chip_swimlane_collector.cpp:689] Core 65: skipped 1024 AICore record slot(s) with start_time=0 (race-window write or recycled-buffer tail). buf seq=0 count=1024
[mono_ns=7230067846541527][T0xe4b115fbaca0][WARN] copy_aicore_buffer: [chip_swimlane_collector.cpp:689] Core 21: skipped 1024 AICore record slot(s) with start_time=0 (race-window write or recycled-buffer tail). buf seq=0 count=1024
[mono_ns=7230067846640318][T0xe4b1157aaca0][WARN] copy_aicore_buffer: [chip_swimlane_collector.cpp:689] Core 22: skipped 1024 AICore record slot(s) with start_time=0 (race-window write or recycled-buffer tail). buf seq=0 count=1024
[mono_ns=7230067846651208][T0xe4b114f9aca0][WARN] copy_aicore_buffer: [chip_swimlane_collector.cpp:689] Core 23: skipped 1024 AICore record slot(s) with start_time=0 (race-window write or recycled-buffer tail). buf seq=0 count=1024
[mono_ns=7230067846873619][T0xe4b115fbaca0][WARN] copy_aicore_buffer: [chip_swimlane_collector.cpp:689] Core 66: skipped 1024 AICore record slot(s) with start_time=0 (race-window write or recycled-buffer tail). buf seq=0 count=1024
[mono_ns=7230067846972020][T0xe4b1157aaca0][WARN] copy_aicore_buffer: [chip_swimlane_collector.cpp:689] Core 68: skipped 1024 AICore record slot(s) with start_time=0 (race-window write or recycled-buffer tail). buf seq=0 count=1024
[mono_ns=7230067846980350][T0xe4b114f9aca0][WARN] copy_aicore_buffer: [chip_swimlane_collector.cpp:689] Core 70: skipped 1024 AICore record slot(s) with start_time=0 (race-window write or recycled-buffer tail). buf seq=0 count=1024
[mono_ns=7230067847218991][T0xe4b115fbaca0][WARN] copy_aicore_buffer: [chip_swimlane_collector.cpp:689] Core 67: skipped 1024 AICore record slot(s) with start_time=0 (race-window write or recycled-buffer tail). buf seq=0 count=1024
[mono_ns=7230067847314442][T0xe4b1157aaca0][WARN] copy_aicore_buffer: [chip_swimlane_collector.cpp:689] Core 69: skipped 1024 AICore record slot(s) with start_time=0 (race-window write or recycled-buffer tail). buf seq=0 count=1024
[mono_ns=7230067847321322][T0xe4b114f9aca0][WARN] copy_aicore_buffer: [chip_swimlane_collector.cpp:689] Core 71: skipped 1024 AICore record slot(s) with start_time=0 (race-window write or recycled-buffer tail). buf seq=0 count=1024
[mono_ns=7230067947855247][T0xe4b2721fb020][TIMING] emit_host_span: [STRACE] v=1 pid=123515 tid=123515 inv=6 hid=91fefa9ac2368864 depth=1 name=chip.run.runner_run ts=7230067835879271 dur=111969986 
[mono_ns=7230067947928967][T0xe4b2721fb020][TIMING] emit_host_span: [STRACE] v=1 pid=123515 tid=123515 inv=6 hid=91fefa9ac2368864 depth=1 name=chip.run.validate ts=7230067947862477 dur=62950 
[mono_ns=7230067947935117][T0xe4b2721fb020][TIMING] emit_host_span: [STRACE] v=1 pid=123515 tid=123515 inv=6 hid=91fefa9ac2368864 depth=2 name=chip.run.runner_run.device_wall ts=0 dur=3267760 clk=dev
[mono_ns=7230067947939317][T0xe4b2721fb020][TIMING] emit_host_span: [STRACE] v=1 pid=123515 tid=123515 inv=6 hid=91fefa9ac2368864 depth=3 name=chip.run.runner_run.device_wall.preamble ts=0 dur=110100 clk=dev
[mono_ns=7230067947942787][T0xe4b2721fb020][TIMING] emit_host_span: [STRACE] v=1 pid=123515 tid=123515 inv=6 hid=91fefa9ac2368864 depth=3 name=chip.run.runner_run.device_wall.graph_build ts=105699 dur=3151779 clk=dev
[mono_ns=7230067947945977][T0xe4b2721fb020][TIMING] emit_host_span: [STRACE] v=1 pid=123515 tid=123515 inv=6 hid=91fefa9ac2368864 depth=3 name=chip.run.runner_run.device_wall.config_validate ts=105820 dur=799 clk=dev
[mono_ns=7230067947949037][T0xe4b2721fb020][TIMING] emit_host_span: [STRACE] v=1 pid=123515 tid=123515 inv=6 hid=91fefa9ac2368864 depth=3 name=chip.run.runner_run.device_wall.arena_wire ts=106660 dur=280 clk=dev
[mono_ns=7230067947951947][T0xe4b2721fb020][TIMING] emit_host_span: [STRACE] v=1 pid=123515 tid=123515 inv=6 hid=91fefa9ac2368864 depth=3 name=chip.run.runner_run.device_wall.sm_reset ts=106960 dur=620 clk=dev
[mono_ns=7230067947958888][T0xe4b2721fb020][TIMING] emit_host_span: [STRACE] v=1 pid=123515 tid=123515 inv=6 hid=91fefa9ac2368864 depth=3 name=chip.run.runner_run.device_wall.post_orch ts=3257540 dur=10040 clk=dev
[mono_ns=7230067947961958][T0xe4b2721fb020][TIMING] emit_host_span: [STRACE] v=1 pid=123515 tid=123515 inv=6 hid=91fefa9ac2368864 depth=3 name=chip.run.runner_run.device_wall.orch ts=107620 dur=4040 clk=dev
[mono_ns=7230067947964898][T0xe4b2721fb020][TIMING] emit_host_span: [STRACE] v=1 pid=123515 tid=123515 inv=6 hid=91fefa9ac2368864 depth=3 name=chip.run.runner_run.device_wall.sched ts=110220 dur=3121839 clk=dev
[mono_ns=7230067947968608][T0xe4b2721fb020][TIMING] emit_host_span: [STRACE] v=1 pid=123515 tid=123515 inv=6 hid=91fefa9ac2368864 depth=1 name=chip.run.claim_release ts=7230067947966578 dur=250 
[mono_ns=7230067947972528][T0xe4b2721fb020][TIMING] emit_host_span: [STRACE] v=1 pid=123515 tid=123515 inv=6 hid=91fefa9ac2368864 depth=0 name=chip.run ts=7230067835200347 dur=112770231 run_id=6 dispatch_id=6 slot_id=0 generation=6 run_epoch=6
