[mono_ns=7230057408631531][T0xe4b2721fb020][TIMING] emit_host_span: [STRACE] v=1 pid=123549 tid=123549 inv=1 hid=91fefa9ac2368864 depth=2 name=chip.run.bind.args ts=7230057408525441 dur=98930 
[mono_ns=7230057408655662][T0xe4b2721fb020][TIMING] emit_host_span: [STRACE] v=1 pid=123549 tid=123549 inv=1 hid=91fefa9ac2368864 depth=2 name=chip.run.bind.prebuilt ts=7230057408646932 dur=5190 
[mono_ns=7230057408661232][T0xe4b2721fb020][TIMING] emit_host_span: [STRACE] v=1 pid=123549 tid=123549 inv=1 hid=91fefa9ac2368864 depth=1 name=chip.run.bind ts=7230057408090619 dur=568123 
[mono_ns=7230057524737100][T0xe4b2721fb020][TIMING] emit_host_span: [STRACE] v=1 pid=123549 tid=123549 inv=1 hid=91fefa9ac2368864 depth=1 name=chip.run.runner_run ts=7230057409336025 dur=115388884 
[mono_ns=7230057524837720][T0xe4b2721fb020][TIMING] emit_host_span: [STRACE] v=1 pid=123549 tid=123549 inv=1 hid=91fefa9ac2368864 depth=1 name=chip.run.validate ts=7230057524749590 dur=83360 
[mono_ns=7230057524845810][T0xe4b2721fb020][TIMING] emit_host_span: [STRACE] v=1 pid=123549 tid=123549 inv=1 hid=91fefa9ac2368864 depth=2 name=chip.run.runner_run.device_wall ts=0 dur=553240 clk=dev
[mono_ns=7230057524850020][T0xe4b2721fb020][TIMING] emit_host_span: [STRACE] v=1 pid=123549 tid=123549 inv=1 hid=91fefa9ac2368864 depth=3 name=chip.run.runner_run.device_wall.preamble ts=0 dur=157820 clk=dev
[mono_ns=7230057524853700][T0xe4b2721fb020][TIMING] emit_host_span: [STRACE] v=1 pid=123549 tid=123549 inv=1 hid=91fefa9ac2368864 depth=3 name=chip.run.runner_run.device_wall.graph_build ts=40880 dur=493179 clk=dev
[mono_ns=7230057524857360][T0xe4b2721fb020][TIMING] emit_host_span: [STRACE] v=1 pid=123549 tid=123549 inv=1 hid=91fefa9ac2368864 depth=3 name=chip.run.runner_run.device_wall.config_validate ts=44839 dur=3420 clk=dev
[mono_ns=7230057524860730][T0xe4b2721fb020][TIMING] emit_host_span: [STRACE] v=1 pid=123549 tid=123549 inv=1 hid=91fefa9ac2368864 depth=3 name=chip.run.runner_run.device_wall.arena_wire ts=48460 dur=12459 clk=dev
[mono_ns=7230057524864040][T0xe4b2721fb020][TIMING] emit_host_span: [STRACE] v=1 pid=123549 tid=123549 inv=1 hid=91fefa9ac2368864 depth=3 name=chip.run.runner_run.device_wall.sm_reset ts=61120 dur=17139 clk=dev
[mono_ns=7230057524867340][T0xe4b2721fb020][TIMING] emit_host_span: [STRACE] v=1 pid=123549 tid=123549 inv=1 hid=91fefa9ac2368864 depth=3 name=chip.run.runner_run.device_wall.post_orch ts=534120 dur=15240 clk=dev
[mono_ns=7230057524870610][T0xe4b2721fb020][TIMING] emit_host_span: [STRACE] v=1 pid=123549 tid=123549 inv=1 hid=91fefa9ac2368864 depth=3 name=chip.run.runner_run.device_wall.orch ts=83280 dur=43900 clk=dev
[mono_ns=7230057524874390][T0xe4b2721fb020][TIMING] emit_host_span: [STRACE] v=1 pid=123549 tid=123549 inv=1 hid=91fefa9ac2368864 depth=3 name=chip.run.runner_run.device_wall.sched ts=159600 dur=351100 clk=dev
[mono_ns=7230057524880520][T0xe4b2721fb020][TIMING] emit_host_span: [STRACE] v=1 pid=123549 tid=123549 inv=1 hid=91fefa9ac2368864 depth=1 name=chip.run.claim_release ts=7230057524878030 dur=680 
[mono_ns=7230057524886780][T0xe4b2721fb020][TIMING] emit_host_span: [STRACE] v=1 pid=123549 tid=123549 inv=1 hid=91fefa9ac2368864 depth=0 name=chip.run ts=7230057408046588 dur=116837802 run_id=1 dispatch_id=1 slot_id=0 generation=1 run_epoch=1
[mono_ns=7230057538309122][T0xe4b2721fb020][TIMING] emit_host_span: [STRACE] v=1 pid=123549 tid=123549 inv=2 hid=91fefa9ac2368864 depth=2 name=chip.run.bind.args ts=7230057538201341 dur=102631 
[mono_ns=7230057538322022][T0xe4b2721fb020][TIMING] emit_host_span: [STRACE] v=1 pid=123549 tid=123549 inv=2 hid=91fefa9ac2368864 depth=2 name=chip.run.bind.prebuilt ts=7230057538316942 dur=2650 
[mono_ns=7230057538326802][T0xe4b2721fb020][TIMING] emit_host_span: [STRACE] v=1 pid=123549 tid=123549 inv=2 hid=91fefa9ac2368864 depth=1 name=chip.run.bind ts=7230057538194351 dur=129481 
[mono_ns=7230057598295921][T0xe4b114f9aca0][WARN] copy_aicore_buffer: [chip_swimlane_collector.cpp:689] Core 2: skipped 1024 AICore record slot(s) with start_time=0 (race-window write or recycled-buffer tail). buf seq=0 count=1024
[mono_ns=7230057598295851][T0xe4b115fbaca0][WARN] copy_aicore_buffer: [chip_swimlane_collector.cpp:689] Core 0: skipped 1024 AICore record slot(s) with start_time=0 (race-window write or recycled-buffer tail). buf seq=0 count=1024
[mono_ns=7230057598341941][T0xe4b1157aaca0][WARN] copy_aicore_buffer: [chip_swimlane_collector.cpp:689] Core 1: skipped 1024 AICore record slot(s) with start_time=0 (race-window write or recycled-buffer tail). buf seq=0 count=1024
[mono_ns=7230057598644093][T0xe4b115fbaca0][WARN] copy_aicore_buffer: [chip_swimlane_collector.cpp:689] Core 24: skipped 1023 AICore record slot(s) with start_time=0 (race-window write or recycled-buffer tail). buf seq=0 count=1024
[mono_ns=7230057598643903][T0xe4b114f9aca0][WARN] copy_aicore_buffer: [chip_swimlane_collector.cpp:689] Core 28: skipped 1024 AICore record slot(s) with start_time=0 (race-window write or recycled-buffer tail). buf seq=0 count=1024
[mono_ns=7230057598671703][T0xe4b1157aaca0][WARN] copy_aicore_buffer: [chip_swimlane_collector.cpp:689] Core 26: skipped 1022 AICore record slot(s) with start_time=0 (race-window write or recycled-buffer tail). buf seq=0 count=1024
[mono_ns=7230057598976835][T0xe4b115fbaca0][WARN] copy_aicore_buffer: [chip_swimlane_collector.cpp:689] Core 25: skipped 1024 AICore record slot(s) with start_time=0 (race-window write or recycled-buffer tail). buf seq=0 count=1024
[mono_ns=7230057598976835][T0xe4b114f9aca0][WARN] copy_aicore_buffer: [chip_swimlane_collector.cpp:689] Core 29: skipped 1024 AICore record slot(s) with start_time=0 (race-window write or recycled-buffer tail). buf seq=0 count=1024
[mono_ns=7230057598987695][T0xe4b1157aaca0][WARN] copy_aicore_buffer: [chip_swimlane_collector.cpp:689] Core 27: skipped 1024 AICore record slot(s) with start_time=0 (race-window write or recycled-buffer tail). buf seq=0 count=1024
[mono_ns=7230057599321767][T0xe4b114f9aca0][WARN] copy_aicore_buffer: [chip_swimlane_collector.cpp:689] Core 5: skipped 1024 AICore record slot(s) with start_time=0 (race-window write or recycled-buffer tail). buf seq=0 count=1024
[mono_ns=7230057599323487][T0xe4b1157aaca0][WARN] copy_aicore_buffer: [chip_swimlane_collector.cpp:689] Core 4: skipped 1024 AICore record slot(s) with start_time=0 (race-window write or recycled-buffer tail). buf seq=0 count=1024
[mono_ns=7230057599327337][T0xe4b115fbaca0][WARN] copy_aicore_buffer: [chip_swimlane_collector.cpp:689] Core 3: skipped 1024 AICore record slot(s) with start_time=0 (race-window write or recycled-buffer tail). buf seq=0 count=1024
[mono_ns=7230057599656158][T0xe4b1157aaca0][WARN] copy_aicore_buffer: [chip_swimlane_collector.cpp:689] Core 32: skipped 1024 AICore record slot(s) with start_time=0 (race-window write or recycled-buffer tail). buf seq=0 count=1024
[mono_ns=7230057599679598][T0xe4b114f9aca0][WARN] copy_aicore_buffer: [chip_swimlane_collector.cpp:689] Core 34: skipped 1024 AICore record slot(s) with start_time=0 (race-window write or recycled-buffer tail). buf seq=0 count=1024
[mono_ns=7230057599690329][T0xe4b115fbaca0][WARN] copy_aicore_buffer: [chip_swimlane_collector.cpp:689] Core 30: skipped 1024 AICore record slot(s) with start_time=0 (race-window write or recycled-buffer tail). buf seq=0 count=1024
[mono_ns=7230057599986580][T0xe4b1157aaca0][WARN] copy_aicore_buffer: [chip_swimlane_collector.cpp:689] Core 33: skipped 1024 AICore record slot(s) with start_time=0 (race-window write or recycled-buffer tail). buf seq=0 count=1024
[mono_ns=7230057600033380][T0xe4b114f9aca0][WARN] copy_aicore_buffer: [chip_swimlane_collector.cpp:689] Core 35: skipped 1024 AICore record slot(s) with start_time=0 (race-window write or recycled-buffer tail). buf seq=0 count=1024
[mono_ns=7230057600039910][T0xe4b115fbaca0][WARN] copy_aicore_buffer: [chip_swimlane_collector.cpp:689] Core 31: skipped 1024 AICore record slot(s) with start_time=0 (race-window write or recycled-buffer tail). buf seq=0 count=1024
[mono_ns=7230057600321172][T0xe4b1157aaca0][WARN] copy_aicore_buffer: [chip_swimlane_collector.cpp:689] Core 7: skipped 1024 AICore record slot(s) with start_time=0 (race-window write or recycled-buffer tail). buf seq=0 count=1024
[mono_ns=7230057600377022][T0xe4b114f9aca0][WARN] copy_aicore_buffer: [chip_swimlane_collector.cpp:689] Core 8: skipped 1024 AICore record slot(s) with start_time=0 (race-window write or recycled-buffer tail). buf seq=0 count=1024
[mono_ns=7230057600385652][T0xe4b115fbaca0][WARN] copy_aicore_buffer: [chip_swimlane_collector.cpp:689] Core 6: skipped 1024 AICore record slot(s) with start_time=0 (race-window write or recycled-buffer tail). buf seq=0 count=1024
[mono_ns=7230057600647524][T0xe4b1157aaca0][WARN] copy_aicore_buffer: [chip_swimlane_collector.cpp:689] Core 38: skipped 1024 AICore record slot(s) with start_time=0 (race-window write or recycled-buffer tail). buf seq=0 count=1024
[mono_ns=7230057600717714][T0xe4b114f9aca0][WARN] copy_aicore_buffer: [chip_swimlane_collector.cpp:689] Core 40: skipped 1024 AICore record slot(s) with start_time=0 (race-window write or recycled-buffer tail). buf seq=0 count=1024
[mono_ns=7230057600725534][T0xe4b115fbaca0][WARN] copy_aicore_buffer: [chip_swimlane_collector.cpp:689] Core 36: skipped 1024 AICore record slot(s) with start_time=0 (race-window write or recycled-buffer tail). buf seq=0 count=1024
[mono_ns=7230057600974785][T0xe4b1157aaca0][WARN] copy_aicore_buffer: [chip_swimlane_collector.cpp:689] Core 39: skipped 1024 AICore record slot(s) with start_time=0 (race-window write or recycled-buffer tail). buf seq=0 count=1024
[mono_ns=7230057601073106][T0xe4b114f9aca0][WARN] copy_aicore_buffer: [chip_swimlane_collector.cpp:689] Core 41: skipped 1024 AICore record slot(s) with start_time=0 (race-window write or recycled-buffer tail). buf seq=0 count=1024
[mono_ns=7230057601079776][T0xe4b115fbaca0][WARN] copy_aicore_buffer: [chip_swimlane_collector.cpp:689] Core 37: skipped 1024 AICore record slot(s) with start_time=0 (race-window write or recycled-buffer tail). buf seq=0 count=1024
[mono_ns=7230057601308437][T0xe4b1157aaca0][WARN] copy_aicore_buffer: [chip_swimlane_collector.cpp:689] Core 10: skipped 1024 AICore record slot(s) with start_time=0 (race-window write or recycled-buffer tail). buf seq=0 count=1024
[mono_ns=7230057601415608][T0xe4b114f9aca0][WARN] copy_aicore_buffer: [chip_swimlane_collector.cpp:689] Core 11: skipped 1024 AICore record slot(s) with start_time=0 (race-window write or recycled-buffer tail). buf seq=0 count=1024
[mono_ns=7230057601422288][T0xe4b115fbaca0][WARN] copy_aicore_buffer: [chip_swimlane_collector.cpp:689] Core 9: skipped 1024 AICore record slot(s) with start_time=0 (race-window write or recycled-buffer tail). buf seq=0 count=1024
[mono_ns=7230057601633629][T0xe4b1157aaca0][WARN] copy_aicore_buffer: [chip_swimlane_collector.cpp:689] Core 44: skipped 1024 AICore record slot(s) with start_time=0 (race-window write or recycled-buffer tail). buf seq=0 count=1024
[mono_ns=7230057601758430][T0xe4b114f9aca0][WARN] copy_aicore_buffer: [chip_swimlane_collector.cpp:689] Core 46: skipped 1024 AICore record slot(s) with start_time=0 (race-window write or recycled-buffer tail). buf seq=0 count=1024
[mono_ns=7230057601763290][T0xe4b115fbaca0][WARN] copy_aicore_buffer: [chip_swimlane_collector.cpp:689] Core 42: skipped 1024 AICore record slot(s) with start_time=0 (race-window write or recycled-buffer tail). buf seq=0 count=1024
[mono_ns=7230057601957621][T0xe4b1157aaca0][WARN] copy_aicore_buffer: [chip_swimlane_collector.cpp:689] Core 45: skipped 1024 AICore record slot(s) with start_time=0 (race-window write or recycled-buffer tail). buf seq=0 count=1024
[mono_ns=7230057602109201][T0xe4b115fbaca0][WARN] copy_aicore_buffer: [chip_swimlane_collector.cpp:689] Core 43: skipped 1024 AICore record slot(s) with start_time=0 (race-window write or recycled-buffer tail). buf seq=0 count=1024
[mono_ns=7230057602116771][T0xe4b114f9aca0][WARN] copy_aicore_buffer: [chip_swimlane_collector.cpp:689] Core 47: skipped 1024 AICore record slot(s) with start_time=0 (race-window write or recycled-buffer tail). buf seq=0 count=1024
[mono_ns=7230057602291352][T0xe4b1157aaca0][WARN] copy_aicore_buffer: [chip_swimlane_collector.cpp:689] Core 13: skipped 1024 AICore record slot(s) with start_time=0 (race-window write or recycled-buffer tail). buf seq=0 count=1024
[mono_ns=7230057602448693][T0xe4b115fbaca0][WARN] copy_aicore_buffer: [chip_swimlane_collector.cpp:689] Core 12: skipped 1024 AICore record slot(s) with start_time=0 (race-window write or recycled-buffer tail). buf seq=0 count=1024
[mono_ns=7230057602457873][T0xe4b114f9aca0][WARN] copy_aicore_buffer: [chip_swimlane_collector.cpp:689] Core 14: skipped 1024 AICore record slot(s) with start_time=0 (race-window write or recycled-buffer tail). buf seq=0 count=1024
[mono_ns=7230057602617184][T0xe4b1157aaca0][WARN] copy_aicore_buffer: [chip_swimlane_collector.cpp:689] Core 50: skipped 1024 AICore record slot(s) with start_time=0 (race-window write or recycled-buffer tail). buf seq=0 count=1024
[mono_ns=7230057602790965][T0xe4b115fbaca0][WARN] copy_aicore_buffer: [chip_swimlane_collector.cpp:689] Core 48: skipped 1024 AICore record slot(s) with start_time=0 (race-window write or recycled-buffer tail). buf seq=0 count=1024
[mono_ns=7230057602799685][T0xe4b114f9aca0][WARN] copy_aicore_buffer: [chip_swimlane_collector.cpp:689] Core 52: skipped 1024 AICore record slot(s) with start_time=0 (race-window write or recycled-buffer tail). buf seq=0 count=1024
[mono_ns=7230057602940726][T0xe4b1157aaca0][WARN] copy_aicore_buffer: [chip_swimlane_collector.cpp:689] Core 51: skipped 1024 AICore record slot(s) with start_time=0 (race-window write or recycled-buffer tail). buf seq=0 count=1024
[mono_ns=7230057603145927][T0xe4b115fbaca0][WARN] copy_aicore_buffer: [chip_swimlane_collector.cpp:689] Core 49: skipped 1024 AICore record slot(s) with start_time=0 (race-window write or recycled-buffer tail). buf seq=0 count=1024
[mono_ns=7230057603157777][T0xe4b114f9aca0][WARN] copy_aicore_buffer: [chip_swimlane_collector.cpp:689] Core 53: skipped 1024 AICore record slot(s) with start_time=0 (race-window write or recycled-buffer tail). buf seq=0 count=1024
[mono_ns=7230057603278308][T0xe4b1157aaca0][WARN] copy_aicore_buffer: [chip_swimlane_collector.cpp:689] Core 16: skipped 1024 AICore record slot(s) with start_time=0 (race-window write or recycled-buffer tail). buf seq=0 count=1024
[mono_ns=7230057603486309][T0xe4b115fbaca0][WARN] copy_aicore_buffer: [chip_swimlane_collector.cpp:689] Core 15: skipped 1024 AICore record slot(s) with start_time=0 (race-window write or recycled-buffer tail). buf seq=0 count=1024
[mono_ns=7230057603494629][T0xe4b114f9aca0][WARN] copy_aicore_buffer: [chip_swimlane_collector.cpp:689] Core 17: skipped 1024 AICore record slot(s) with start_time=0 (race-window write or recycled-buffer tail). buf seq=0 count=1024
[mono_ns=7230057603604269][T0xe4b1157aaca0][WARN] copy_aicore_buffer: [chip_swimlane_collector.cpp:689] Core 56: skipped 1024 AICore record slot(s) with start_time=0 (race-window write or recycled-buffer tail). buf seq=0 count=1024
[mono_ns=7230057603827361][T0xe4b115fbaca0][WARN] copy_aicore_buffer: [chip_swimlane_collector.cpp:689] Core 54: skipped 1024 AICore record slot(s) with start_time=0 (race-window write or recycled-buffer tail). buf seq=0 count=1024
[mono_ns=7230057603833531][T0xe4b114f9aca0][WARN] copy_aicore_buffer: [chip_swimlane_collector.cpp:689] Core 58: skipped 1024 AICore record slot(s) with start_time=0 (race-window write or recycled-buffer tail). buf seq=0 count=1024
[mono_ns=7230057603930351][T0xe4b1157aaca0][WARN] copy_aicore_buffer: [chip_swimlane_collector.cpp:689] Core 57: skipped 1024 AICore record slot(s) with start_time=0 (race-window write or recycled-buffer tail). buf seq=0 count=1024
[mono_ns=7230057604179452][T0xe4b115fbaca0][WARN] copy_aicore_buffer: [chip_swimlane_collector.cpp:689] Core 55: skipped 1024 AICore record slot(s) with start_time=0 (race-window write or recycled-buffer tail). buf seq=0 count=1024
[mono_ns=7230057604187792][T0xe4b114f9aca0][WARN] copy_aicore_buffer: [chip_swimlane_collector.cpp:689] Core 59: skipped 1024 AICore record slot(s) with start_time=0 (race-window write or recycled-buffer tail). buf seq=0 count=1024
[mono_ns=7230057604260513][T0xe4b1157aaca0][WARN] copy_aicore_buffer: [chip_swimlane_collector.cpp:689] Core 19: skipped 1024 AICore record slot(s) with start_time=0 (race-window write or recycled-buffer tail). buf seq=0 count=1024
[mono_ns=7230057604521514][T0xe4b115fbaca0][WARN] copy_aicore_buffer: [chip_swimlane_collector.cpp:689] Core 18: skipped 1024 AICore record slot(s) with start_time=0 (race-window write or recycled-buffer tail). buf seq=0 count=1024
[mono_ns=7230057604527464][T0xe4b114f9aca0][WARN] copy_aicore_buffer: [chip_swimlane_collector.cpp:689] Core 20: skipped 1024 AICore record slot(s) with start_time=0 (race-window write or recycled-buffer tail). buf seq=0 count=1024
[mono_ns=7230057604586365][T0xe4b1157aaca0][WARN] copy_aicore_buffer: [chip_swimlane_collector.cpp:689] Core 62: skipped 1024 AICore record slot(s) with start_time=0 (race-window write or recycled-buffer tail). buf seq=0 count=1024
[mono_ns=7230057604863716][T0xe4b114f9aca0][WARN] copy_aicore_buffer: [chip_swimlane_collector.cpp:689] Core 64: skipped 1024 AICore record slot(s) with start_time=0 (race-window write or recycled-buffer tail). buf seq=0 count=1024
[mono_ns=7230057604870826][T0xe4b115fbaca0][WARN] copy_aicore_buffer: [chip_swimlane_collector.cpp:689] Core 60: skipped 1024 AICore record slot(s) with start_time=0 (race-window write or recycled-buffer tail). buf seq=0 count=1024
[mono_ns=7230057604916376][T0xe4b1157aaca0][WARN] copy_aicore_buffer: [chip_swimlane_collector.cpp:689] Core 63: skipped 1024 AICore record slot(s) with start_time=0 (race-window write or recycled-buffer tail). buf seq=0 count=1024
[mono_ns=7230057605219088][T0xe4b114f9aca0][WARN] copy_aicore_buffer: [chip_swimlane_collector.cpp:689] Core 65: skipped 1024 AICore record slot(s) with start_time=0 (race-window write or recycled-buffer tail). buf seq=0 count=1024
[mono_ns=7230057605224258][T0xe4b115fbaca0][WARN] copy_aicore_buffer: [chip_swimlane_collector.cpp:689] Core 61: skipped 1024 AICore record slot(s) with start_time=0 (race-window write or recycled-buffer tail). buf seq=0 count=1024
[mono_ns=7230057605250298][T0xe4b1157aaca0][WARN] copy_aicore_buffer: [chip_swimlane_collector.cpp:689] Core 22: skipped 1024 AICore record slot(s) with start_time=0 (race-window write or recycled-buffer tail). buf seq=0 count=1024
[mono_ns=7230057605560420][T0xe4b115fbaca0][WARN] copy_aicore_buffer: [chip_swimlane_collector.cpp:689] Core 21: skipped 1024 AICore record slot(s) with start_time=0 (race-window write or recycled-buffer tail). buf seq=0 count=1024
[mono_ns=7230057605573590][T0xe4b114f9aca0][WARN] copy_aicore_buffer: [chip_swimlane_collector.cpp:689] Core 23: skipped 1024 AICore record slot(s) with start_time=0 (race-window write or recycled-buffer tail). buf seq=0 count=1024
[mono_ns=7230057605573770][T0xe4b1157aaca0][WARN] copy_aicore_buffer: [chip_swimlane_collector.cpp:689] Core 68: skipped 1024 AICore record slot(s) with start_time=0 (race-window write or recycled-buffer tail). buf seq=0 count=1024
[mono_ns=7230057605904852][T0xe4b115fbaca0][WARN] copy_aicore_buffer: [chip_swimlane_collector.cpp:689] Core 66: skipped 1024 AICore record slot(s) with start_time=0 (race-window write or recycled-buffer tail). buf seq=0 count=1024
[mono_ns=7230057605911102][T0xe4b1157aaca0][WARN] copy_aicore_buffer: [chip_swimlane_collector.cpp:689] Core 69: skipped 1024 AICore record slot(s) with start_time=0 (race-window write or recycled-buffer tail). buf seq=0 count=1024
[mono_ns=7230057605912062][T0xe4b114f9aca0][WARN] copy_aicore_buffer: [chip_swimlane_collector.cpp:689] Core 70: skipped 1024 AICore record slot(s) with start_time=0 (race-window write or recycled-buffer tail). buf seq=0 count=1024
[mono_ns=7230057606254243][T0xe4b115fbaca0][WARN] copy_aicore_buffer: [chip_swimlane_collector.cpp:689] Core 67: skipped 1024 AICore record slot(s) with start_time=0 (race-window write or recycled-buffer tail). buf seq=0 count=1024
[mono_ns=7230057606261974][T0xe4b114f9aca0][WARN] copy_aicore_buffer: [chip_swimlane_collector.cpp:689] Core 71: skipped 1024 AICore record slot(s) with start_time=0 (race-window write or recycled-buffer tail). buf seq=0 count=1024
[mono_ns=7230057706777699][T0xe4b2721fb020][TIMING] emit_host_span: [STRACE] v=1 pid=123549 tid=123549 inv=2 hid=91fefa9ac2368864 depth=1 name=chip.run.runner_run ts=7230057592977083 dur=113794266 
[mono_ns=7230057706848289][T0xe4b2721fb020][TIMING] emit_host_span: [STRACE] v=1 pid=123549 tid=123549 inv=2 hid=91fefa9ac2368864 depth=1 name=chip.run.validate ts=7230057706785189 dur=59470 
[mono_ns=7230057706854879][T0xe4b2721fb020][TIMING] emit_host_span: [STRACE] v=1 pid=123549 tid=123549 inv=2 hid=91fefa9ac2368864 depth=2 name=chip.run.runner_run.device_wall ts=0 dur=3286760 clk=dev
[mono_ns=7230057706859789][T0xe4b2721fb020][TIMING] emit_host_span: [STRACE] v=1 pid=123549 tid=123549 inv=2 hid=91fefa9ac2368864 depth=3 name=chip.run.runner_run.device_wall.preamble ts=0 dur=137440 clk=dev
[mono_ns=7230057706863909][T0xe4b2721fb020][TIMING] emit_host_span: [STRACE] v=1 pid=123549 tid=123549 inv=2 hid=91fefa9ac2368864 depth=3 name=chip.run.runner_run.device_wall.graph_build ts=132880 dur=3144380 clk=dev
[mono_ns=7230057706867559][T0xe4b2721fb020][TIMING] emit_host_span: [STRACE] v=1 pid=123549 tid=123549 inv=2 hid=91fefa9ac2368864 depth=3 name=chip.run.runner_run.device_wall.config_validate ts=133020 dur=860 clk=dev
[mono_ns=7230057706872249][T0xe4b2721fb020][TIMING] emit_host_span: [STRACE] v=1 pid=123549 tid=123549 inv=2 hid=91fefa9ac2368864 depth=3 name=chip.run.runner_run.device_wall.arena_wire ts=133920 dur=820 clk=dev
[mono_ns=7230057706875689][T0xe4b2721fb020][TIMING] emit_host_span: [STRACE] v=1 pid=123549 tid=123549 inv=2 hid=91fefa9ac2368864 depth=3 name=chip.run.runner_run.device_wall.sm_reset ts=134760 dur=1160 clk=dev
[mono_ns=7230057706878969][T0xe4b2721fb020][TIMING] emit_host_span: [STRACE] v=1 pid=123549 tid=123549 inv=2 hid=91fefa9ac2368864 depth=3 name=chip.run.runner_run.device_wall.post_orch ts=3277299 dur=8940 clk=dev
[mono_ns=7230057706882209][T0xe4b2721fb020][TIMING] emit_host_span: [STRACE] v=1 pid=123549 tid=123549 inv=2 hid=91fefa9ac2368864 depth=3 name=chip.run.runner_run.device_wall.orch ts=135959 dur=4560 clk=dev
[mono_ns=7230057706885459][T0xe4b2721fb020][TIMING] emit_host_span: [STRACE] v=1 pid=123549 tid=123549 inv=2 hid=91fefa9ac2368864 depth=3 name=chip.run.runner_run.device_wall.sched ts=138000 dur=3112859 clk=dev
[mono_ns=7230057706889659][T0xe4b2721fb020][TIMING] emit_host_span: [STRACE] v=1 pid=123549 tid=123549 inv=2 hid=91fefa9ac2368864 depth=1 name=chip.run.claim_release ts=7230057706887609 dur=320 
[mono_ns=7230057706894289][T0xe4b2721fb020][TIMING] emit_host_span: [STRACE] v=1 pid=123549 tid=123549 inv=2 hid=91fefa9ac2368864 depth=0 name=chip.run ts=7230057538166641 dur=168725198 run_id=2 dispatch_id=2 slot_id=0 generation=2 run_epoch=2
[mono_ns=7230062539975610][T0xe4b2721fb020][TIMING] emit_host_span: [STRACE] v=1 pid=123549 tid=123549 inv=3 hid=91fefa9ac2368864 depth=2 name=chip.run.bind.args ts=7230062539717669 dur=225271 
[mono_ns=7230062540070971][T0xe4b2721fb020][TIMING] emit_host_span: [STRACE] v=1 pid=123549 tid=123549 inv=3 hid=91fefa9ac2368864 depth=2 name=chip.run.bind.prebuilt ts=7230062540062361 dur=5140 
[mono_ns=7230062540076991][T0xe4b2721fb020][TIMING] emit_host_span: [STRACE] v=1 pid=123549 tid=123549 inv=3 hid=91fefa9ac2368864 depth=1 name=chip.run.bind ts=7230062539703389 dur=370872 
[mono_ns=7230062733838272][T0xe4b2721fb020][TIMING] emit_host_span: [STRACE] v=1 pid=123549 tid=123549 inv=3 hid=91fefa9ac2368864 depth=1 name=chip.run.runner_run ts=7230062541576379 dur=192244843 
[mono_ns=7230062733942633][T0xe4b2721fb020][TIMING] emit_host_span: [STRACE] v=1 pid=123549 tid=123549 inv=3 hid=91fefa9ac2368864 depth=1 name=chip.run.validate ts=7230062733855102 dur=82791 
[mono_ns=7230062733956033][T0xe4b2721fb020][TIMING] emit_host_span: [STRACE] v=1 pid=123549 tid=123549 inv=3 hid=91fefa9ac2368864 depth=2 name=chip.run.runner_run.device_wall ts=0 dur=4100380 clk=dev
[mono_ns=7230062733960763][T0xe4b2721fb020][TIMING] emit_host_span: [STRACE] v=1 pid=123549 tid=123549 inv=3 hid=91fefa9ac2368864 depth=3 name=chip.run.runner_run.device_wall.preamble ts=0 dur=6939 clk=dev
[mono_ns=7230062733965123][T0xe4b2721fb020][TIMING] emit_host_span: [STRACE] v=1 pid=123549 tid=123549 inv=3 hid=91fefa9ac2368864 depth=3 name=chip.run.runner_run.device_wall.graph_build ts=2120 dur=4088560 clk=dev
[mono_ns=7230062733968243][T0xe4b2721fb020][TIMING] emit_host_span: [STRACE] v=1 pid=123549 tid=123549 inv=3 hid=91fefa9ac2368864 depth=3 name=chip.run.runner_run.device_wall.config_validate ts=2520 dur=1180 clk=dev
[mono_ns=7230062734015433][T0xe4b2721fb020][TIMING] emit_host_span: [STRACE] v=1 pid=123549 tid=123549 inv=3 hid=91fefa9ac2368864 depth=3 name=chip.run.runner_run.device_wall.arena_wire ts=3740 dur=1020 clk=dev
[mono_ns=7230062734019563][T0xe4b2721fb020][TIMING] emit_host_span: [STRACE] v=1 pid=123549 tid=123549 inv=3 hid=91fefa9ac2368864 depth=3 name=chip.run.runner_run.device_wall.sm_reset ts=4780 dur=860 clk=dev
[mono_ns=7230062734023533][T0xe4b2721fb020][TIMING] emit_host_span: [STRACE] v=1 pid=123549 tid=123549 inv=3 hid=91fefa9ac2368864 depth=3 name=chip.run.runner_run.device_wall.post_orch ts=4090759 dur=9459 clk=dev
[mono_ns=7230062734028153][T0xe4b2721fb020][TIMING] emit_host_span: [STRACE] v=1 pid=123549 tid=123549 inv=3 hid=91fefa9ac2368864 depth=3 name=chip.run.runner_run.device_wall.orch ts=6620 dur=7020 clk=dev
[mono_ns=7230062734031943][T0xe4b2721fb020][TIMING] emit_host_span: [STRACE] v=1 pid=123549 tid=123549 inv=3 hid=91fefa9ac2368864 depth=3 name=chip.run.runner_run.device_wall.sched ts=7620 dur=4075100 clk=dev
[mono_ns=7230062734038963][T0xe4b2721fb020][TIMING] emit_host_span: [STRACE] v=1 pid=123549 tid=123549 inv=3 hid=91fefa9ac2368864 depth=1 name=chip.run.claim_release ts=7230062734036163 dur=830 
[mono_ns=7230062734049944][T0xe4b2721fb020][TIMING] emit_host_span: [STRACE] v=1 pid=123549 tid=123549 inv=3 hid=91fefa9ac2368864 depth=0 name=chip.run ts=7230062539062755 dur=194985129 run_id=3 dispatch_id=3 slot_id=0 generation=3 run_epoch=3
[mono_ns=7230062763089388][T0xe4b2721fb020][TIMING] emit_host_span: [STRACE] v=1 pid=123549 tid=123549 inv=4 hid=91fefa9ac2368864 depth=2 name=chip.run.bind.args ts=7230062762969198 dur=112470 
[mono_ns=7230062763108718][T0xe4b2721fb020][TIMING] emit_host_span: [STRACE] v=1 pid=123549 tid=123549 inv=4 hid=91fefa9ac2368864 depth=2 name=chip.run.bind.prebuilt ts=7230062763102158 dur=4090 
[mono_ns=7230062763113908][T0xe4b2721fb020][TIMING] emit_host_span: [STRACE] v=1 pid=123549 tid=123549 inv=4 hid=91fefa9ac2368864 depth=1 name=chip.run.bind ts=7230062762957297 dur=154461 
[mono_ns=7230062765906943][T0xe4b1157aaca0][WARN] copy_aicore_buffer: [chip_swimlane_collector.cpp:689] Core 1: skipped 1024 AICore record slot(s) with start_time=0 (race-window write or recycled-buffer tail). buf seq=0 count=1024
[mono_ns=7230062765920333][T0xe4b114f9aca0][WARN] copy_aicore_buffer: [chip_swimlane_collector.cpp:689] Core 2: skipped 1024 AICore record slot(s) with start_time=0 (race-window write or recycled-buffer tail). buf seq=0 count=1024
[mono_ns=7230062766013994][T0xe4b115fbaca0][WARN] copy_aicore_buffer: [chip_swimlane_collector.cpp:689] Core 0: skipped 1024 AICore record slot(s) with start_time=0 (race-window write or recycled-buffer tail). buf seq=0 count=1024
[mono_ns=7230062766274685][T0xe4b114f9aca0][WARN] copy_aicore_buffer: [chip_swimlane_collector.cpp:689] Core 28: skipped 1024 AICore record slot(s) with start_time=0 (race-window write or recycled-buffer tail). buf seq=0 count=1024
[mono_ns=7230062766320665][T0xe4b1157aaca0][WARN] copy_aicore_buffer: [chip_swimlane_collector.cpp:689] Core 26: skipped 1022 AICore record slot(s) with start_time=0 (race-window write or recycled-buffer tail). buf seq=0 count=1024
[mono_ns=7230062766358926][T0xe4b115fbaca0][WARN] copy_aicore_buffer: [chip_swimlane_collector.cpp:689] Core 24: skipped 1023 AICore record slot(s) with start_time=0 (race-window write or recycled-buffer tail). buf seq=0 count=1024
[mono_ns=7230062766608247][T0xe4b114f9aca0][WARN] copy_aicore_buffer: [chip_swimlane_collector.cpp:689] Core 29: skipped 1024 AICore record slot(s) with start_time=0 (race-window write or recycled-buffer tail). buf seq=0 count=1024
[mono_ns=7230062766664657][T0xe4b1157aaca0][WARN] copy_aicore_buffer: [chip_swimlane_collector.cpp:689] Core 27: skipped 1024 AICore record slot(s) with start_time=0 (race-window write or recycled-buffer tail). buf seq=0 count=1024
[mono_ns=7230062766687527][T0xe4b115fbaca0][WARN] copy_aicore_buffer: [chip_swimlane_collector.cpp:689] Core 25: skipped 1024 AICore record slot(s) with start_time=0 (race-window write or recycled-buffer tail). buf seq=0 count=1024
[mono_ns=7230062766938089][T0xe4b114f9aca0][WARN] copy_aicore_buffer: [chip_swimlane_collector.cpp:689] Core 5: skipped 1024 AICore record slot(s) with start_time=0 (race-window write or recycled-buffer tail). buf seq=0 count=1024
[mono_ns=7230062766979669][T0xe4b1157aaca0][WARN] copy_aicore_buffer: [chip_swimlane_collector.cpp:689] Core 4: skipped 1024 AICore record slot(s) with start_time=0 (race-window write or recycled-buffer tail). buf seq=0 count=1024
[mono_ns=7230062767023949][T0xe4b115fbaca0][WARN] copy_aicore_buffer: [chip_swimlane_collector.cpp:689] Core 3: skipped 1024 AICore record slot(s) with start_time=0 (race-window write or recycled-buffer tail). buf seq=0 count=1024
[mono_ns=7230062767280850][T0xe4b114f9aca0][WARN] copy_aicore_buffer: [chip_swimlane_collector.cpp:689] Core 34: skipped 1024 AICore record slot(s) with start_time=0 (race-window write or recycled-buffer tail). buf seq=0 count=1024
[mono_ns=7230062767306601][T0xe4b1157aaca0][WARN] copy_aicore_buffer: [chip_swimlane_collector.cpp:689] Core 32: skipped 1024 AICore record slot(s) with start_time=0 (race-window write or recycled-buffer tail). buf seq=0 count=1024
[mono_ns=7230062767355121][T0xe4b115fbaca0][WARN] copy_aicore_buffer: [chip_swimlane_collector.cpp:689] Core 30: skipped 1024 AICore record slot(s) with start_time=0 (race-window write or recycled-buffer tail). buf seq=0 count=1024
[mono_ns=7230062767621142][T0xe4b1157aaca0][WARN] copy_aicore_buffer: [chip_swimlane_collector.cpp:689] Core 33: skipped 1024 AICore record slot(s) with start_time=0 (race-window write or recycled-buffer tail). buf seq=0 count=1024
[mono_ns=7230062767628192][T0xe4b114f9aca0][WARN] copy_aicore_buffer: [chip_swimlane_collector.cpp:689] Core 35: skipped 1024 AICore record slot(s) with start_time=0 (race-window write or recycled-buffer tail). buf seq=0 count=1024
[mono_ns=7230062767684053][T0xe4b115fbaca0][WARN] copy_aicore_buffer: [chip_swimlane_collector.cpp:689] Core 31: skipped 1024 AICore record slot(s) with start_time=0 (race-window write or recycled-buffer tail). buf seq=0 count=1024
[mono_ns=7230062767934304][T0xe4b1157aaca0][WARN] copy_aicore_buffer: [chip_swimlane_collector.cpp:689] Core 7: skipped 1024 AICore record slot(s) with start_time=0 (race-window write or recycled-buffer tail). buf seq=0 count=1024
[mono_ns=7230062767952684][T0xe4b114f9aca0][WARN] copy_aicore_buffer: [chip_swimlane_collector.cpp:689] Core 8: skipped 1024 AICore record slot(s) with start_time=0 (race-window write or recycled-buffer tail). buf seq=0 count=1024
[mono_ns=7230062768025454][T0xe4b115fbaca0][WARN] copy_aicore_buffer: [chip_swimlane_collector.cpp:689] Core 6: skipped 1024 AICore record slot(s) with start_time=0 (race-window write or recycled-buffer tail). buf seq=0 count=1024
[mono_ns=7230062768260926][T0xe4b1157aaca0][WARN] copy_aicore_buffer: [chip_swimlane_collector.cpp:689] Core 38: skipped 1024 AICore record slot(s) with start_time=0 (race-window write or recycled-buffer tail). buf seq=0 count=1024
[mono_ns=7230062768295276][T0xe4b114f9aca0][WARN] copy_aicore_buffer: [chip_swimlane_collector.cpp:689] Core 40: skipped 1024 AICore record slot(s) with start_time=0 (race-window write or recycled-buffer tail). buf seq=0 count=1024
[mono_ns=7230062768370796][T0xe4b115fbaca0][WARN] copy_aicore_buffer: [chip_swimlane_collector.cpp:689] Core 36: skipped 1024 AICore record slot(s) with start_time=0 (race-window write or recycled-buffer tail). buf seq=0 count=1024
[mono_ns=7230062768579707][T0xe4b1157aaca0][WARN] copy_aicore_buffer: [chip_swimlane_collector.cpp:689] Core 39: skipped 1024 AICore record slot(s) with start_time=0 (race-window write or recycled-buffer tail). buf seq=0 count=1024
[mono_ns=7230062768628788][T0xe4b114f9aca0][WARN] copy_aicore_buffer: [chip_swimlane_collector.cpp:689] Core 41: skipped 1024 AICore record slot(s) with start_time=0 (race-window write or recycled-buffer tail). buf seq=0 count=1024
[mono_ns=7230062768701098][T0xe4b115fbaca0][WARN] copy_aicore_buffer: [chip_swimlane_collector.cpp:689] Core 37: skipped 1024 AICore record slot(s) with start_time=0 (race-window write or recycled-buffer tail). buf seq=0 count=1024
[mono_ns=7230062768892899][T0xe4b1157aaca0][WARN] copy_aicore_buffer: [chip_swimlane_collector.cpp:689] Core 10: skipped 1024 AICore record slot(s) with start_time=0 (race-window write or recycled-buffer tail). buf seq=0 count=1024
[mono_ns=7230062768957119][T0xe4b114f9aca0][WARN] copy_aicore_buffer: [chip_swimlane_collector.cpp:689] Core 11: skipped 1024 AICore record slot(s) with start_time=0 (race-window write or recycled-buffer tail). buf seq=0 count=1024
[mono_ns=7230062769037600][T0xe4b115fbaca0][WARN] copy_aicore_buffer: [chip_swimlane_collector.cpp:689] Core 9: skipped 1024 AICore record slot(s) with start_time=0 (race-window write or recycled-buffer tail). buf seq=0 count=1024
[mono_ns=7230062769263691][T0xe4b1157aaca0][WARN] copy_aicore_buffer: [chip_swimlane_collector.cpp:689] Core 44: skipped 1024 AICore record slot(s) with start_time=0 (race-window write or recycled-buffer tail). buf seq=0 count=1024
[mono_ns=7230062769293971][T0xe4b114f9aca0][WARN] copy_aicore_buffer: [chip_swimlane_collector.cpp:689] Core 46: skipped 1024 AICore record slot(s) with start_time=0 (race-window write or recycled-buffer tail). buf seq=0 count=1024
[mono_ns=7230062769368342][T0xe4b115fbaca0][WARN] copy_aicore_buffer: [chip_swimlane_collector.cpp:689] Core 42: skipped 1024 AICore record slot(s) with start_time=0 (race-window write or recycled-buffer tail). buf seq=0 count=1024
[mono_ns=7230062769578523][T0xe4b1157aaca0][WARN] copy_aicore_buffer: [chip_swimlane_collector.cpp:689] Core 45: skipped 1024 AICore record slot(s) with start_time=0 (race-window write or recycled-buffer tail). buf seq=0 count=1024
[mono_ns=7230062769623043][T0xe4b114f9aca0][WARN] copy_aicore_buffer: [chip_swimlane_collector.cpp:689] Core 47: skipped 1024 AICore record slot(s) with start_time=0 (race-window write or recycled-buffer tail). buf seq=0 count=1024
[mono_ns=7230062769697303][T0xe4b115fbaca0][WARN] copy_aicore_buffer: [chip_swimlane_collector.cpp:689] Core 43: skipped 1024 AICore record slot(s) with start_time=0 (race-window write or recycled-buffer tail). buf seq=0 count=1024
[mono_ns=7230062769891074][T0xe4b1157aaca0][WARN] copy_aicore_buffer: [chip_swimlane_collector.cpp:689] Core 13: skipped 1024 AICore record slot(s) with start_time=0 (race-window write or recycled-buffer tail). buf seq=0 count=1024
[mono_ns=7230062769953585][T0xe4b114f9aca0][WARN] copy_aicore_buffer: [chip_swimlane_collector.cpp:689] Core 14: skipped 1024 AICore record slot(s) with start_time=0 (race-window write or recycled-buffer tail). buf seq=0 count=1024
[mono_ns=7230062770078975][T0xe4b115fbaca0][WARN] copy_aicore_buffer: [chip_swimlane_collector.cpp:689] Core 12: skipped 1024 AICore record slot(s) with start_time=0 (race-window write or recycled-buffer tail). buf seq=0 count=1024
[mono_ns=7230062770213696][T0xe4b1157aaca0][WARN] copy_aicore_buffer: [chip_swimlane_collector.cpp:689] Core 50: skipped 1024 AICore record slot(s) with start_time=0 (race-window write or recycled-buffer tail). buf seq=0 count=1024
[mono_ns=7230062770292217][T0xe4b114f9aca0][WARN] copy_aicore_buffer: [chip_swimlane_collector.cpp:689] Core 52: skipped 1024 AICore record slot(s) with start_time=0 (race-window write or recycled-buffer tail). buf seq=0 count=1024
[mono_ns=7230062770409007][T0xe4b115fbaca0][WARN] copy_aicore_buffer: [chip_swimlane_collector.cpp:689] Core 48: skipped 1024 AICore record slot(s) with start_time=0 (race-window write or recycled-buffer tail). buf seq=0 count=1024
[mono_ns=7230062770528088][T0xe4b1157aaca0][WARN] copy_aicore_buffer: [chip_swimlane_collector.cpp:689] Core 51: skipped 1024 AICore record slot(s) with start_time=0 (race-window write or recycled-buffer tail). buf seq=0 count=1024
[mono_ns=7230062770621598][T0xe4b114f9aca0][WARN] copy_aicore_buffer: [chip_swimlane_collector.cpp:689] Core 53: skipped 1024 AICore record slot(s) with start_time=0 (race-window write or recycled-buffer tail). buf seq=0 count=1024
[mono_ns=7230062770737389][T0xe4b115fbaca0][WARN] copy_aicore_buffer: [chip_swimlane_collector.cpp:689] Core 49: skipped 1024 AICore record slot(s) with start_time=0 (race-window write or recycled-buffer tail). buf seq=0 count=1024
[mono_ns=7230062770842399][T0xe4b1157aaca0][WARN] copy_aicore_buffer: [chip_swimlane_collector.cpp:689] Core 16: skipped 1024 AICore record slot(s) with start_time=0 (race-window write or recycled-buffer tail). buf seq=0 count=1024
[mono_ns=7230062770963330][T0xe4b114f9aca0][WARN] copy_aicore_buffer: [chip_swimlane_collector.cpp:689] Core 17: skipped 1024 AICore record slot(s) with start_time=0 (race-window write or recycled-buffer tail). buf seq=0 count=1024
[mono_ns=7230062771081861][T0xe4b115fbaca0][WARN] copy_aicore_buffer: [chip_swimlane_collector.cpp:689] Core 15: skipped 1024 AICore record slot(s) with start_time=0 (race-window write or recycled-buffer tail). buf seq=0 count=1024
[mono_ns=7230062771169001][T0xe4b1157aaca0][WARN] copy_aicore_buffer: [chip_swimlane_collector.cpp:689] Core 56: skipped 1024 AICore record slot(s) with start_time=0 (race-window write or recycled-buffer tail). buf seq=0 count=1024
[mono_ns=7230062771307742][T0xe4b114f9aca0][WARN] copy_aicore_buffer: [chip_swimlane_collector.cpp:689] Core 58: skipped 1024 AICore record slot(s) with start_time=0 (race-window write or recycled-buffer tail). buf seq=0 count=1024
[mono_ns=7230062771410872][T0xe4b115fbaca0][WARN] copy_aicore_buffer: [chip_swimlane_collector.cpp:689] Core 54: skipped 1024 AICore record slot(s) with start_time=0 (race-window write or recycled-buffer tail). buf seq=0 count=1024
[mono_ns=7230062771483183][T0xe4b1157aaca0][WARN] copy_aicore_buffer: [chip_swimlane_collector.cpp:689] Core 57: skipped 1024 AICore record slot(s) with start_time=0 (race-window write or recycled-buffer tail). buf seq=0 count=1024
[mono_ns=7230062771636524][T0xe4b114f9aca0][WARN] copy_aicore_buffer: [chip_swimlane_collector.cpp:689] Core 59: skipped 1024 AICore record slot(s) with start_time=0 (race-window write or recycled-buffer tail). buf seq=0 count=1024
[mono_ns=7230062771740554][T0xe4b115fbaca0][WARN] copy_aicore_buffer: [chip_swimlane_collector.cpp:689] Core 55: skipped 1024 AICore record slot(s) with start_time=0 (race-window write or recycled-buffer tail). buf seq=0 count=1024
[mono_ns=7230062771827135][T0xe4b1157aaca0][WARN] copy_aicore_buffer: [chip_swimlane_collector.cpp:689] Core 19: skipped 1024 AICore record slot(s) with start_time=0 (race-window write or recycled-buffer tail). buf seq=0 count=1024
[mono_ns=7230062771978975][T0xe4b114f9aca0][WARN] copy_aicore_buffer: [chip_swimlane_collector.cpp:689] Core 20: skipped 1024 AICore record slot(s) with start_time=0 (race-window write or recycled-buffer tail). buf seq=0 count=1024
[mono_ns=7230062772090706][T0xe4b115fbaca0][WARN] copy_aicore_buffer: [chip_swimlane_collector.cpp:689] Core 18: skipped 1024 AICore record slot(s) with start_time=0 (race-window write or recycled-buffer tail). buf seq=0 count=1024
[mono_ns=7230062772181297][T0xe4b1157aaca0][WARN] copy_aicore_buffer: [chip_swimlane_collector.cpp:689] Core 62: skipped 1024 AICore record slot(s) with start_time=0 (race-window write or recycled-buffer tail). buf seq=0 count=1024
[mono_ns=7230062772350967][T0xe4b114f9aca0][WARN] copy_aicore_buffer: [chip_swimlane_collector.cpp:689] Core 64: skipped 1024 AICore record slot(s) with start_time=0 (race-window write or recycled-buffer tail). buf seq=0 count=1024
[mono_ns=7230062772450078][T0xe4b115fbaca0][WARN] copy_aicore_buffer: [chip_swimlane_collector.cpp:689] Core 60: skipped 1024 AICore record slot(s) with start_time=0 (race-window write or recycled-buffer tail). buf seq=0 count=1024
[mono_ns=7230062772510498][T0xe4b1157aaca0][WARN] copy_aicore_buffer: [chip_swimlane_collector.cpp:689] Core 63: skipped 1024 AICore record slot(s) with start_time=0 (race-window write or recycled-buffer tail). buf seq=0 count=1024
[mono_ns=7230062772729719][T0xe4b114f9aca0][WARN] copy_aicore_buffer: [chip_swimlane_collector.cpp:689] Core 65: skipped 1024 AICore record slot(s) with start_time=0 (race-window write or recycled-buffer tail). buf seq=0 count=1024
[mono_ns=7230062772792370][T0xe4b115fbaca0][WARN] copy_aicore_buffer: [chip_swimlane_collector.cpp:689] Core 61: skipped 1024 AICore record slot(s) with start_time=0 (race-window write or recycled-buffer tail). buf seq=0 count=1024
[mono_ns=7230062772836360][T0xe4b1157aaca0][WARN] copy_aicore_buffer: [chip_swimlane_collector.cpp:689] Core 22: skipped 1024 AICore record slot(s) with start_time=0 (race-window write or recycled-buffer tail). buf seq=0 count=1024
[mono_ns=7230062773089201][T0xe4b114f9aca0][WARN] copy_aicore_buffer: [chip_swimlane_collector.cpp:689] Core 23: skipped 1024 AICore record slot(s) with start_time=0 (race-window write or recycled-buffer tail). buf seq=0 count=1024
[mono_ns=7230062773142542][T0xe4b115fbaca0][WARN] copy_aicore_buffer: [chip_swimlane_collector.cpp:689] Core 21: skipped 1024 AICore record slot(s) with start_time=0 (race-window write or recycled-buffer tail). buf seq=0 count=1024
[mono_ns=7230062773167842][T0xe4b1157aaca0][WARN] copy_aicore_buffer: [chip_swimlane_collector.cpp:689] Core 68: skipped 1024 AICore record slot(s) with start_time=0 (race-window write or recycled-buffer tail). buf seq=0 count=1024
[mono_ns=7230062773428573][T0xe4b114f9aca0][WARN] copy_aicore_buffer: [chip_swimlane_collector.cpp:689] Core 70: skipped 1024 AICore record slot(s) with start_time=0 (race-window write or recycled-buffer tail). buf seq=0 count=1024
[mono_ns=7230062773483743][T0xe4b115fbaca0][WARN] copy_aicore_buffer: [chip_swimlane_collector.cpp:689] Core 66: skipped 1024 AICore record slot(s) with start_time=0 (race-window write or recycled-buffer tail). buf seq=0 count=1024
[mono_ns=7230062773518604][T0xe4b1157aaca0][WARN] copy_aicore_buffer: [chip_swimlane_collector.cpp:689] Core 69: skipped 1024 AICore record slot(s) with start_time=0 (race-window write or recycled-buffer tail). buf seq=0 count=1024
[mono_ns=7230062773770415][T0xe4b114f9aca0][WARN] copy_aicore_buffer: [chip_swimlane_collector.cpp:689] Core 71: skipped 1024 AICore record slot(s) with start_time=0 (race-window write or recycled-buffer tail). buf seq=0 count=1024
[mono_ns=7230062773821665][T0xe4b115fbaca0][WARN] copy_aicore_buffer: [chip_swimlane_collector.cpp:689] Core 67: skipped 1024 AICore record slot(s) with start_time=0 (race-window write or recycled-buffer tail). buf seq=0 count=1024
[mono_ns=7230062874510921][T0xe4b2721fb020][TIMING] emit_host_span: [STRACE] v=1 pid=123549 tid=123549 inv=4 hid=91fefa9ac2368864 depth=1 name=chip.run.runner_run ts=7230062764348215 dur=110155966 
[mono_ns=7230062874590682][T0xe4b2721fb020][TIMING] emit_host_span: [STRACE] v=1 pid=123549 tid=123549 inv=4 hid=91fefa9ac2368864 depth=1 name=chip.run.validate ts=7230062874523371 dur=63581 
[mono_ns=7230062874601902][T0xe4b2721fb020][TIMING] emit_host_span: [STRACE] v=1 pid=123549 tid=123549 inv=4 hid=91fefa9ac2368864 depth=2 name=chip.run.runner_run.device_wall ts=0 dur=1013540 clk=dev
[mono_ns=7230062874638462][T0xe4b2721fb020][TIMING] emit_host_span: [STRACE] v=1 pid=123549 tid=123549 inv=4 hid=91fefa9ac2368864 depth=3 name=chip.run.runner_run.device_wall.preamble ts=0 dur=111899 clk=dev
[mono_ns=7230062874642832][T0xe4b2721fb020][TIMING] emit_host_span: [STRACE] v=1 pid=123549 tid=123549 inv=4 hid=91fefa9ac2368864 depth=3 name=chip.run.runner_run.device_wall.graph_build ts=106960 dur=897560 clk=dev
[mono_ns=7230062874647032][T0xe4b2721fb020][TIMING] emit_host_span: [STRACE] v=1 pid=123549 tid=123549 inv=4 hid=91fefa9ac2368864 depth=3 name=chip.run.runner_run.device_wall.config_validate ts=107059 dur=700 clk=dev
[mono_ns=7230062874651792][T0xe4b2721fb020][TIMING] emit_host_span: [STRACE] v=1 pid=123549 tid=123549 inv=4 hid=91fefa9ac2368864 depth=3 name=chip.run.runner_run.device_wall.arena_wire ts=107780 dur=300 clk=dev
[mono_ns=7230062874655642][T0xe4b2721fb020][TIMING] emit_host_span: [STRACE] v=1 pid=123549 tid=123549 inv=4 hid=91fefa9ac2368864 depth=3 name=chip.run.runner_run.device_wall.sm_reset ts=108100 dur=459 clk=dev
[mono_ns=7230062874659302][T0xe4b2721fb020][TIMING] emit_host_span: [STRACE] v=1 pid=123549 tid=123549 inv=4 hid=91fefa9ac2368864 depth=3 name=chip.run.runner_run.device_wall.post_orch ts=1004600 dur=8820 clk=dev
[mono_ns=7230062874662532][T0xe4b2721fb020][TIMING] emit_host_span: [STRACE] v=1 pid=123549 tid=123549 inv=4 hid=91fefa9ac2368864 depth=3 name=chip.run.runner_run.device_wall.orch ts=108600 dur=3420 clk=dev
[mono_ns=7230062874665352][T0xe4b2721fb020][TIMING] emit_host_span: [STRACE] v=1 pid=123549 tid=123549 inv=4 hid=91fefa9ac2368864 depth=3 name=chip.run.runner_run.device_wall.sched ts=112020 dur=868219 clk=dev
[mono_ns=7230062874687912][T0xe4b2721fb020][TIMING] emit_host_span: [STRACE] v=1 pid=123549 tid=123549 inv=4 hid=91fefa9ac2368864 depth=1 name=chip.run.claim_release ts=7230062874685202 dur=480 
[mono_ns=7230062874697662][T0xe4b2721fb020][TIMING] emit_host_span: [STRACE] v=1 pid=123549 tid=123549 inv=4 hid=91fefa9ac2368864 depth=0 name=chip.run ts=7230062762914847 dur=111780745 run_id=4 dispatch_id=4 slot_id=0 generation=4 run_epoch=4
[mono_ns=7230067719443571][T0xe4b2721fb020][TIMING] emit_host_span: [STRACE] v=1 pid=123549 tid=123549 inv=5 hid=91fefa9ac2368864 depth=2 name=chip.run.bind.args ts=7230067719302180 dur=131721 
[mono_ns=7230067719464881][T0xe4b2721fb020][TIMING] emit_host_span: [STRACE] v=1 pid=123549 tid=123549 inv=5 hid=91fefa9ac2368864 depth=2 name=chip.run.bind.prebuilt ts=7230067719456701 dur=5510 
[mono_ns=7230067719470581][T0xe4b2721fb020][TIMING] emit_host_span: [STRACE] v=1 pid=123549 tid=123549 inv=5 hid=91fefa9ac2368864 depth=1 name=chip.run.bind ts=7230067719288290 dur=179611 
[mono_ns=7230067824662191][T0xe4b2721fb020][TIMING] emit_host_span: [STRACE] v=1 pid=123549 tid=123549 inv=5 hid=91fefa9ac2368864 depth=1 name=chip.run.runner_run ts=7230067719757952 dur=104887119 
[mono_ns=7230067824764531][T0xe4b2721fb020][TIMING] emit_host_span: [STRACE] v=1 pid=123549 tid=123549 inv=5 hid=91fefa9ac2368864 depth=1 name=chip.run.validate ts=7230067824681571 dur=78840 
[mono_ns=7230067824835102][T0xe4b2721fb020][TIMING] emit_host_span: [STRACE] v=1 pid=123549 tid=123549 inv=5 hid=91fefa9ac2368864 depth=2 name=chip.run.runner_run.device_wall ts=0 dur=5495220 clk=dev
[mono_ns=7230067824839772][T0xe4b2721fb020][TIMING] emit_host_span: [STRACE] v=1 pid=123549 tid=123549 inv=5 hid=91fefa9ac2368864 depth=3 name=chip.run.runner_run.device_wall.preamble ts=0 dur=6340 clk=dev
[mono_ns=7230067824844172][T0xe4b2721fb020][TIMING] emit_host_span: [STRACE] v=1 pid=123549 tid=123549 inv=5 hid=91fefa9ac2368864 depth=3 name=chip.run.runner_run.device_wall.graph_build ts=1460 dur=5484620 clk=dev
[mono_ns=7230067824847372][T0xe4b2721fb020][TIMING] emit_host_span: [STRACE] v=1 pid=123549 tid=123549 inv=5 hid=91fefa9ac2368864 depth=3 name=chip.run.runner_run.device_wall.config_validate ts=1579 dur=960 clk=dev
[mono_ns=7230067824850332][T0xe4b2721fb020][TIMING] emit_host_span: [STRACE] v=1 pid=123549 tid=123549 inv=5 hid=91fefa9ac2368864 depth=3 name=chip.run.runner_run.device_wall.arena_wire ts=2580 dur=740 clk=dev
[mono_ns=7230067824854372][T0xe4b2721fb020][TIMING] emit_host_span: [STRACE] v=1 pid=123549 tid=123549 inv=5 hid=91fefa9ac2368864 depth=3 name=chip.run.runner_run.device_wall.sm_reset ts=3360 dur=1160 clk=dev
[mono_ns=7230067824857932][T0xe4b2721fb020][TIMING] emit_host_span: [STRACE] v=1 pid=123549 tid=123549 inv=5 hid=91fefa9ac2368864 depth=3 name=chip.run.runner_run.device_wall.post_orch ts=5486200 dur=8840 clk=dev
[mono_ns=7230067824860802][T0xe4b2721fb020][TIMING] emit_host_span: [STRACE] v=1 pid=123549 tid=123549 inv=5 hid=91fefa9ac2368864 depth=3 name=chip.run.runner_run.device_wall.orch ts=5260 dur=8700 clk=dev
[mono_ns=7230067824881692][T0xe4b2721fb020][TIMING] emit_host_span: [STRACE] v=1 pid=123549 tid=123549 inv=5 hid=91fefa9ac2368864 depth=3 name=chip.run.runner_run.device_wall.sched ts=6420 dur=5472320 clk=dev
[mono_ns=7230067824887362][T0xe4b2721fb020][TIMING] emit_host_span: [STRACE] v=1 pid=123549 tid=123549 inv=5 hid=91fefa9ac2368864 depth=1 name=chip.run.claim_release ts=7230067824884852 dur=530 
[mono_ns=7230067824892872][T0xe4b2721fb020][TIMING] emit_host_span: [STRACE] v=1 pid=123549 tid=123549 inv=5 hid=91fefa9ac2368864 depth=0 name=chip.run ts=7230067719203529 dur=105687303 run_id=5 dispatch_id=5 slot_id=0 generation=5 run_epoch=5
[mono_ns=7230067836762735][T0xe4b2721fb020][TIMING] emit_host_span: [STRACE] v=1 pid=123549 tid=123549 inv=6 hid=91fefa9ac2368864 depth=2 name=chip.run.bind.args ts=7230067836656245 dur=100410 
[mono_ns=7230067836782235][T0xe4b2721fb020][TIMING] emit_host_span: [STRACE] v=1 pid=123549 tid=123549 inv=6 hid=91fefa9ac2368864 depth=2 name=chip.run.bind.prebuilt ts=7230067836774005 dur=4620 
[mono_ns=7230067836787385][T0xe4b2721fb020][TIMING] emit_host_span: [STRACE] v=1 pid=123549 tid=123549 inv=6 hid=91fefa9ac2368864 depth=1 name=chip.run.bind ts=7230067836644705 dur=140350 
[mono_ns=7230067839666511][T0xe4b114f9aca0][WARN] copy_aicore_buffer: [chip_swimlane_collector.cpp:689] Core 2: skipped 1024 AICore record slot(s) with start_time=0 (race-window write or recycled-buffer tail). buf seq=0 count=1024
[mono_ns=7230067839700171][T0xe4b1157aaca0][WARN] copy_aicore_buffer: [chip_swimlane_collector.cpp:689] Core 1: skipped 1024 AICore record slot(s) with start_time=0 (race-window write or recycled-buffer tail). buf seq=0 count=1024
[mono_ns=7230067839713961][T0xe4b115fbaca0][WARN] copy_aicore_buffer: [chip_swimlane_collector.cpp:689] Core 0: skipped 1024 AICore record slot(s) with start_time=0 (race-window write or recycled-buffer tail). buf seq=0 count=1024
[mono_ns=7230067840022903][T0xe4b114f9aca0][WARN] copy_aicore_buffer: [chip_swimlane_collector.cpp:689] Core 28: skipped 1024 AICore record slot(s) with start_time=0 (race-window write or recycled-buffer tail). buf seq=0 count=1024
[mono_ns=7230067840086303][T0xe4b1157aaca0][WARN] copy_aicore_buffer: [chip_swimlane_collector.cpp:689] Core 26: skipped 1024 AICore record slot(s) with start_time=0 (race-window write or recycled-buffer tail). buf seq=0 count=1024
[mono_ns=7230067840111693][T0xe4b115fbaca0][WARN] copy_aicore_buffer: [chip_swimlane_collector.cpp:689] Core 24: skipped 1021 AICore record slot(s) with start_time=0 (race-window write or recycled-buffer tail). buf seq=0 count=1024
[mono_ns=7230067840352824][T0xe4b114f9aca0][WARN] copy_aicore_buffer: [chip_swimlane_collector.cpp:689] Core 29: skipped 1024 AICore record slot(s) with start_time=0 (race-window write or recycled-buffer tail). buf seq=0 count=1024
[mono_ns=7230067840403875][T0xe4b1157aaca0][WARN] copy_aicore_buffer: [chip_swimlane_collector.cpp:689] Core 27: skipped 1024 AICore record slot(s) with start_time=0 (race-window write or recycled-buffer tail). buf seq=0 count=1024
[mono_ns=7230067840441965][T0xe4b115fbaca0][WARN] copy_aicore_buffer: [chip_swimlane_collector.cpp:689] Core 25: skipped 1024 AICore record slot(s) with start_time=0 (race-window write or recycled-buffer tail). buf seq=0 count=1024
[mono_ns=7230067840682586][T0xe4b114f9aca0][WARN] copy_aicore_buffer: [chip_swimlane_collector.cpp:689] Core 5: skipped 1024 AICore record slot(s) with start_time=0 (race-window write or recycled-buffer tail). buf seq=0 count=1024
[mono_ns=7230067840718306][T0xe4b1157aaca0][WARN] copy_aicore_buffer: [chip_swimlane_collector.cpp:689] Core 4: skipped 1024 AICore record slot(s) with start_time=0 (race-window write or recycled-buffer tail). buf seq=0 count=1024
[mono_ns=7230067840773217][T0xe4b115fbaca0][WARN] copy_aicore_buffer: [chip_swimlane_collector.cpp:689] Core 3: skipped 1024 AICore record slot(s) with start_time=0 (race-window write or recycled-buffer tail). buf seq=0 count=1024
[mono_ns=7230067841039178][T0xe4b114f9aca0][WARN] copy_aicore_buffer: [chip_swimlane_collector.cpp:689] Core 34: skipped 1024 AICore record slot(s) with start_time=0 (race-window write or recycled-buffer tail). buf seq=0 count=1024
[mono_ns=7230067841044988][T0xe4b1157aaca0][WARN] copy_aicore_buffer: [chip_swimlane_collector.cpp:689] Core 32: skipped 1024 AICore record slot(s) with start_time=0 (race-window write or recycled-buffer tail). buf seq=0 count=1024
[mono_ns=7230067841114559][T0xe4b115fbaca0][WARN] copy_aicore_buffer: [chip_swimlane_collector.cpp:689] Core 30: skipped 1024 AICore record slot(s) with start_time=0 (race-window write or recycled-buffer tail). buf seq=0 count=1024
[mono_ns=7230067841360100][T0xe4b1157aaca0][WARN] copy_aicore_buffer: [chip_swimlane_collector.cpp:689] Core 33: skipped 1024 AICore record slot(s) with start_time=0 (race-window write or recycled-buffer tail). buf seq=0 count=1024
[mono_ns=7230067841371090][T0xe4b114f9aca0][WARN] copy_aicore_buffer: [chip_swimlane_collector.cpp:689] Core 35: skipped 1024 AICore record slot(s) with start_time=0 (race-window write or recycled-buffer tail). buf seq=0 count=1024
[mono_ns=7230067841444610][T0xe4b115fbaca0][WARN] copy_aicore_buffer: [chip_swimlane_collector.cpp:689] Core 31: skipped 1024 AICore record slot(s) with start_time=0 (race-window write or recycled-buffer tail). buf seq=0 count=1024
[mono_ns=7230067841674412][T0xe4b1157aaca0][WARN] copy_aicore_buffer: [chip_swimlane_collector.cpp:689] Core 7: skipped 1024 AICore record slot(s) with start_time=0 (race-window write or recycled-buffer tail). buf seq=0 count=1024
[mono_ns=7230067841731752][T0xe4b114f9aca0][WARN] copy_aicore_buffer: [chip_swimlane_collector.cpp:689] Core 8: skipped 1024 AICore record slot(s) with start_time=0 (race-window write or recycled-buffer tail). buf seq=0 count=1024
[mono_ns=7230067841774752][T0xe4b115fbaca0][WARN] copy_aicore_buffer: [chip_swimlane_collector.cpp:689] Core 6: skipped 1024 AICore record slot(s) with start_time=0 (race-window write or recycled-buffer tail). buf seq=0 count=1024
[mono_ns=7230067841988833][T0xe4b1157aaca0][WARN] copy_aicore_buffer: [chip_swimlane_collector.cpp:689] Core 38: skipped 1024 AICore record slot(s) with start_time=0 (race-window write or recycled-buffer tail). buf seq=0 count=1024
[mono_ns=7230067842070684][T0xe4b114f9aca0][WARN] copy_aicore_buffer: [chip_swimlane_collector.cpp:689] Core 40: skipped 1024 AICore record slot(s) with start_time=0 (race-window write or recycled-buffer tail). buf seq=0 count=1024
[mono_ns=7230067842115284][T0xe4b115fbaca0][WARN] copy_aicore_buffer: [chip_swimlane_collector.cpp:689] Core 36: skipped 1024 AICore record slot(s) with start_time=0 (race-window write or recycled-buffer tail). buf seq=0 count=1024
[mono_ns=7230067842306775][T0xe4b1157aaca0][WARN] copy_aicore_buffer: [chip_swimlane_collector.cpp:689] Core 39: skipped 1024 AICore record slot(s) with start_time=0 (race-window write or recycled-buffer tail). buf seq=0 count=1024
[mono_ns=7230067842399595][T0xe4b114f9aca0][WARN] copy_aicore_buffer: [chip_swimlane_collector.cpp:689] Core 41: skipped 1024 AICore record slot(s) with start_time=0 (race-window write or recycled-buffer tail). buf seq=0 count=1024
[mono_ns=7230067842445766][T0xe4b115fbaca0][WARN] copy_aicore_buffer: [chip_swimlane_collector.cpp:689] Core 37: skipped 1024 AICore record slot(s) with start_time=0 (race-window write or recycled-buffer tail). buf seq=0 count=1024
[mono_ns=7230067842650727][T0xe4b1157aaca0][WARN] copy_aicore_buffer: [chip_swimlane_collector.cpp:689] Core 10: skipped 1024 AICore record slot(s) with start_time=0 (race-window write or recycled-buffer tail). buf seq=0 count=1024
[mono_ns=7230067842728317][T0xe4b114f9aca0][WARN] copy_aicore_buffer: [chip_swimlane_collector.cpp:689] Core 11: skipped 1024 AICore record slot(s) with start_time=0 (race-window write or recycled-buffer tail). buf seq=0 count=1024
[mono_ns=7230067842775287][T0xe4b115fbaca0][WARN] copy_aicore_buffer: [chip_swimlane_collector.cpp:689] Core 9: skipped 1024 AICore record slot(s) with start_time=0 (race-window write or recycled-buffer tail). buf seq=0 count=1024
[mono_ns=7230067842964548][T0xe4b1157aaca0][WARN] copy_aicore_buffer: [chip_swimlane_collector.cpp:689] Core 44: skipped 1024 AICore record slot(s) with start_time=0 (race-window write or recycled-buffer tail). buf seq=0 count=1024
[mono_ns=7230067843067949][T0xe4b114f9aca0][WARN] copy_aicore_buffer: [chip_swimlane_collector.cpp:689] Core 46: skipped 1024 AICore record slot(s) with start_time=0 (race-window write or recycled-buffer tail). buf seq=0 count=1024
[mono_ns=7230067843114319][T0xe4b115fbaca0][WARN] copy_aicore_buffer: [chip_swimlane_collector.cpp:689] Core 42: skipped 1024 AICore record slot(s) with start_time=0 (race-window write or recycled-buffer tail). buf seq=0 count=1024
[mono_ns=7230067843285000][T0xe4b1157aaca0][WARN] copy_aicore_buffer: [chip_swimlane_collector.cpp:689] Core 45: skipped 1024 AICore record slot(s) with start_time=0 (race-window write or recycled-buffer tail). buf seq=0 count=1024
[mono_ns=7230067843397191][T0xe4b114f9aca0][WARN] copy_aicore_buffer: [chip_swimlane_collector.cpp:689] Core 47: skipped 1024 AICore record slot(s) with start_time=0 (race-window write or recycled-buffer tail). buf seq=0 count=1024
[mono_ns=7230067843456581][T0xe4b115fbaca0][WARN] copy_aicore_buffer: [chip_swimlane_collector.cpp:689] Core 43: skipped 1024 AICore record slot(s) with start_time=0 (race-window write or recycled-buffer tail). buf seq=0 count=1024
[mono_ns=7230067843597802][T0xe4b1157aaca0][WARN] copy_aicore_buffer: [chip_swimlane_collector.cpp:689] Core 13: skipped 1024 AICore record slot(s) with start_time=0 (race-window write or recycled-buffer tail). buf seq=0 count=1024
[mono_ns=7230067843727262][T0xe4b114f9aca0][WARN] copy_aicore_buffer: [chip_swimlane_collector.cpp:689] Core 14: skipped 1024 AICore record slot(s) with start_time=0 (race-window write or recycled-buffer tail). buf seq=0 count=1024
[mono_ns=7230067843786883][T0xe4b115fbaca0][WARN] copy_aicore_buffer: [chip_swimlane_collector.cpp:689] Core 12: skipped 1024 AICore record slot(s) with start_time=0 (race-window write or recycled-buffer tail). buf seq=0 count=1024
[mono_ns=7230067843911773][T0xe4b1157aaca0][WARN] copy_aicore_buffer: [chip_swimlane_collector.cpp:689] Core 50: skipped 1024 AICore record slot(s) with start_time=0 (race-window write or recycled-buffer tail). buf seq=0 count=1024
[mono_ns=7230067844069034][T0xe4b114f9aca0][WARN] copy_aicore_buffer: [chip_swimlane_collector.cpp:689] Core 52: skipped 1024 AICore record slot(s) with start_time=0 (race-window write or recycled-buffer tail). buf seq=0 count=1024
[mono_ns=7230067844123845][T0xe4b115fbaca0][WARN] copy_aicore_buffer: [chip_swimlane_collector.cpp:689] Core 48: skipped 1024 AICore record slot(s) with start_time=0 (race-window write or recycled-buffer tail). buf seq=0 count=1024
[mono_ns=7230067844237735][T0xe4b1157aaca0][WARN] copy_aicore_buffer: [chip_swimlane_collector.cpp:689] Core 51: skipped 1024 AICore record slot(s) with start_time=0 (race-window write or recycled-buffer tail). buf seq=0 count=1024
[mono_ns=7230067844412596][T0xe4b114f9aca0][WARN] copy_aicore_buffer: [chip_swimlane_collector.cpp:689] Core 53: skipped 1024 AICore record slot(s) with start_time=0 (race-window write or recycled-buffer tail). buf seq=0 count=1024
[mono_ns=7230067844453306][T0xe4b115fbaca0][WARN] copy_aicore_buffer: [chip_swimlane_collector.cpp:689] Core 49: skipped 1024 AICore record slot(s) with start_time=0 (race-window write or recycled-buffer tail). buf seq=0 count=1024
[mono_ns=7230067844551127][T0xe4b1157aaca0][WARN] copy_aicore_buffer: [chip_swimlane_collector.cpp:689] Core 16: skipped 1024 AICore record slot(s) with start_time=0 (race-window write or recycled-buffer tail). buf seq=0 count=1024
[mono_ns=7230067844741918][T0xe4b114f9aca0][WARN] copy_aicore_buffer: [chip_swimlane_collector.cpp:689] Core 17: skipped 1024 AICore record slot(s) with start_time=0 (race-window write or recycled-buffer tail). buf seq=0 count=1024
[mono_ns=7230067844782888][T0xe4b115fbaca0][WARN] copy_aicore_buffer: [chip_swimlane_collector.cpp:689] Core 15: skipped 1024 AICore record slot(s) with start_time=0 (race-window write or recycled-buffer tail). buf seq=0 count=1024
[mono_ns=7230067844864498][T0xe4b1157aaca0][WARN] copy_aicore_buffer: [chip_swimlane_collector.cpp:689] Core 56: skipped 1024 AICore record slot(s) with start_time=0 (race-window write or recycled-buffer tail). buf seq=0 count=1024
[mono_ns=7230067845101880][T0xe4b114f9aca0][WARN] copy_aicore_buffer: [chip_swimlane_collector.cpp:689] Core 58: skipped 1024 AICore record slot(s) with start_time=0 (race-window write or recycled-buffer tail). buf seq=0 count=1024
[mono_ns=7230067845158900][T0xe4b115fbaca0][WARN] copy_aicore_buffer: [chip_swimlane_collector.cpp:689] Core 54: skipped 1024 AICore record slot(s) with start_time=0 (race-window write or recycled-buffer tail). buf seq=0 count=1024
[mono_ns=7230067845225780][T0xe4b1157aaca0][WARN] copy_aicore_buffer: [chip_swimlane_collector.cpp:689] Core 57: skipped 1024 AICore record slot(s) with start_time=0 (race-window write or recycled-buffer tail). buf seq=0 count=1024
[mono_ns=7230067845465742][T0xe4b114f9aca0][WARN] copy_aicore_buffer: [chip_swimlane_collector.cpp:689] Core 59: skipped 1024 AICore record slot(s) with start_time=0 (race-window write or recycled-buffer tail). buf seq=0 count=1024
[mono_ns=7230067845520152][T0xe4b115fbaca0][WARN] copy_aicore_buffer: [chip_swimlane_collector.cpp:689] Core 55: skipped 1024 AICore record slot(s) with start_time=0 (race-window write or recycled-buffer tail). buf seq=0 count=1024
[mono_ns=7230067845553422][T0xe4b1157aaca0][WARN] copy_aicore_buffer: [chip_swimlane_collector.cpp:689] Core 19: skipped 1024 AICore record slot(s) with start_time=0 (race-window write or recycled-buffer tail). buf seq=0 count=1024
[mono_ns=7230067845807044][T0xe4b114f9aca0][WARN] copy_aicore_buffer: [chip_swimlane_collector.cpp:689] Core 20: skipped 1024 AICore record slot(s) with start_time=0 (race-window write or recycled-buffer tail). buf seq=0 count=1024
[mono_ns=7230067845863814][T0xe4b115fbaca0][WARN] copy_aicore_buffer: [chip_swimlane_collector.cpp:689] Core 18: skipped 1024 AICore record slot(s) with start_time=0 (race-window write or recycled-buffer tail). buf seq=0 count=1024
[mono_ns=7230067845877874][T0xe4b1157aaca0][WARN] copy_aicore_buffer: [chip_swimlane_collector.cpp:689] Core 62: skipped 1024 AICore record slot(s) with start_time=0 (race-window write or recycled-buffer tail). buf seq=0 count=1024
[mono_ns=7230067846180516][T0xe4b114f9aca0][WARN] copy_aicore_buffer: [chip_swimlane_collector.cpp:689] Core 64: skipped 1024 AICore record slot(s) with start_time=0 (race-window write or recycled-buffer tail). buf seq=0 count=1024
[mono_ns=7230067846211656][T0xe4b1157aaca0][WARN] copy_aicore_buffer: [chip_swimlane_collector.cpp:689] Core 63: skipped 1024 AICore record slot(s) with start_time=0 (race-window write or recycled-buffer tail). buf seq=0 count=1024
[mono_ns=7230067846220576][T0xe4b115fbaca0][WARN] copy_aicore_buffer: [chip_swimlane_collector.cpp:689] Core 60: skipped 1024 AICore record slot(s) with start_time=0 (race-window write or recycled-buffer tail). buf seq=0 count=1024
[mono_ns=7230067846521017][T0xe4b114f9aca0][WARN] copy_aicore_buffer: [chip_swimlane_collector.cpp:689] Core 65: skipped 1024 AICore record slot(s) with start_time=0 (race-window write or recycled-buffer tail). buf seq=0 count=1024
[mono_ns=7230067846542137][T0xe4b1157aaca0][WARN] copy_aicore_buffer: [chip_swimlane_collector.cpp:689] Core 22: skipped 1024 AICore record slot(s) with start_time=0 (race-window write or recycled-buffer tail). buf seq=0 count=1024
[mono_ns=7230067846561038][T0xe4b115fbaca0][WARN] copy_aicore_buffer: [chip_swimlane_collector.cpp:689] Core 61: skipped 1024 AICore record slot(s) with start_time=0 (race-window write or recycled-buffer tail). buf seq=0 count=1024
[mono_ns=7230067846860229][T0xe4b114f9aca0][WARN] copy_aicore_buffer: [chip_swimlane_collector.cpp:689] Core 23: skipped 1024 AICore record slot(s) with start_time=0 (race-window write or recycled-buffer tail). buf seq=0 count=1024
[mono_ns=7230067846863999][T0xe4b1157aaca0][WARN] copy_aicore_buffer: [chip_swimlane_collector.cpp:689] Core 68: skipped 1024 AICore record slot(s) with start_time=0 (race-window write or recycled-buffer tail). buf seq=0 count=1024
[mono_ns=7230067846928449][T0xe4b115fbaca0][WARN] copy_aicore_buffer: [chip_swimlane_collector.cpp:689] Core 21: skipped 1024 AICore record slot(s) with start_time=0 (race-window write or recycled-buffer tail). buf seq=0 count=1024
[mono_ns=7230067847197741][T0xe4b1157aaca0][WARN] copy_aicore_buffer: [chip_swimlane_collector.cpp:689] Core 69: skipped 1024 AICore record slot(s) with start_time=0 (race-window write or recycled-buffer tail). buf seq=0 count=1024
[mono_ns=7230067847222191][T0xe4b114f9aca0][WARN] copy_aicore_buffer: [chip_swimlane_collector.cpp:689] Core 70: skipped 1024 AICore record slot(s) with start_time=0 (race-window write or recycled-buffer tail). buf seq=0 count=1024
[mono_ns=7230067847275571][T0xe4b115fbaca0][WARN] copy_aicore_buffer: [chip_swimlane_collector.cpp:689] Core 66: skipped 1024 AICore record slot(s) with start_time=0 (race-window write or recycled-buffer tail). buf seq=0 count=1024
[mono_ns=7230067847562813][T0xe4b114f9aca0][WARN] copy_aicore_buffer: [chip_swimlane_collector.cpp:689] Core 71: skipped 1024 AICore record slot(s) with start_time=0 (race-window write or recycled-buffer tail). buf seq=0 count=1024
[mono_ns=7230067847617603][T0xe4b115fbaca0][WARN] copy_aicore_buffer: [chip_swimlane_collector.cpp:689] Core 67: skipped 1024 AICore record slot(s) with start_time=0 (race-window write or recycled-buffer tail). buf seq=0 count=1024
[mono_ns=7230067948217509][T0xe4b2721fb020][TIMING] emit_host_span: [STRACE] v=1 pid=123549 tid=123549 inv=6 hid=91fefa9ac2368864 depth=1 name=chip.run.runner_run ts=7230067837283358 dur=110928621 
[mono_ns=7230067948295389][T0xe4b2721fb020][TIMING] emit_host_span: [STRACE] v=1 pid=123549 tid=123549 inv=6 hid=91fefa9ac2368864 depth=1 name=chip.run.validate ts=7230067948229379 dur=62730 
[mono_ns=7230067948307259][T0xe4b2721fb020][TIMING] emit_host_span: [STRACE] v=1 pid=123549 tid=123549 inv=6 hid=91fefa9ac2368864 depth=2 name=chip.run.runner_run.device_wall ts=0 dur=1863139 clk=dev
[mono_ns=7230067948311949][T0xe4b2721fb020][TIMING] emit_host_span: [STRACE] v=1 pid=123549 tid=123549 inv=6 hid=91fefa9ac2368864 depth=3 name=chip.run.runner_run.device_wall.preamble ts=0 dur=108960 clk=dev
[mono_ns=7230067948316409][T0xe4b2721fb020][TIMING] emit_host_span: [STRACE] v=1 pid=123549 tid=123549 inv=6 hid=91fefa9ac2368864 depth=3 name=chip.run.runner_run.device_wall.graph_build ts=103340 dur=1750639 clk=dev
[mono_ns=7230067948320939][T0xe4b2721fb020][TIMING] emit_host_span: [STRACE] v=1 pid=123549 tid=123549 inv=6 hid=91fefa9ac2368864 depth=3 name=chip.run.runner_run.device_wall.config_validate ts=103440 dur=700 clk=dev
[mono_ns=7230067948325229][T0xe4b2721fb020][TIMING] emit_host_span: [STRACE] v=1 pid=123549 tid=123549 inv=6 hid=91fefa9ac2368864 depth=3 name=chip.run.runner_run.device_wall.arena_wire ts=104179 dur=280 clk=dev
[mono_ns=7230067948329419][T0xe4b2721fb020][TIMING] emit_host_span: [STRACE] v=1 pid=123549 tid=123549 inv=6 hid=91fefa9ac2368864 depth=3 name=chip.run.runner_run.device_wall.sm_reset ts=104480 dur=540 clk=dev
[mono_ns=7230067948368800][T0xe4b2721fb020][TIMING] emit_host_span: [STRACE] v=1 pid=123549 tid=123549 inv=6 hid=91fefa9ac2368864 depth=3 name=chip.run.runner_run.device_wall.post_orch ts=1854040 dur=8980 clk=dev
[mono_ns=7230067948372430][T0xe4b2721fb020][TIMING] emit_host_span: [STRACE] v=1 pid=123549 tid=123549 inv=6 hid=91fefa9ac2368864 depth=3 name=chip.run.runner_run.device_wall.orch ts=105060 dur=3660 clk=dev
[mono_ns=7230067948376050][T0xe4b2721fb020][TIMING] emit_host_span: [STRACE] v=1 pid=123549 tid=123549 inv=6 hid=91fefa9ac2368864 depth=3 name=chip.run.runner_run.device_wall.sched ts=109100 dur=1720280 clk=dev
[mono_ns=7230067948380890][T0xe4b2721fb020][TIMING] emit_host_span: [STRACE] v=1 pid=123549 tid=123549 inv=6 hid=91fefa9ac2368864 depth=1 name=chip.run.claim_release ts=7230067948378210 dur=300 
[mono_ns=7230067948385700][T0xe4b2721fb020][TIMING] emit_host_span: [STRACE] v=1 pid=123549 tid=123549 inv=6 hid=91fefa9ac2368864 depth=0 name=chip.run ts=7230067836607995 dur=111775735 run_id=6 dispatch_id=6 slot_id=0 generation=6 run_epoch=6
