cmd=/usr/local/python3.12.13/bin/python3 /opt/pypto-profiling/collectives/a1_alltoallv/harness/all_to_all_v_benchmark.py --ep 8 --peer-bytes 65536 --count-pattern uniform --core-num 1 --impl managed-l2 --rounds 30 --warmup 5 --profile both --swimlane-rounds 8 --platform a2a3 --devices 0,1,2,3,4,5,6,7 --output-json /opt/pypto-profiling/reports/issue-2521-a1-main-2026-09-29/json/p8_l1_managed-l2_uniform_65536.json --output-dir /opt/pypto-profiling/reports/issue-2521-a1-main-2026-09-29/builds/p8_l1_managed-l2_uniform_65536
rc=-11
----- stdout -----
[a2av-bench] session=timing-slot enter warmup=5 rounds=30

----- stderr -----
[mono_ns=16218118295601608][T0xedc043b3b020][TIMING] clock_anchor: [CLOCK_ANCHOR] v=1 pid=4034019 mono_ns=16218118295601068 wall_ns=1790672980241195557
[mono_ns=16218118312541412][T0xedc043b3b020][TIMING] clock_anchor: [CLOCK_ANCHOR] v=1 pid=4034035 mono_ns=16218118312540562 wall_ns=1790672980258135321
[mono_ns=16218118330080679][T0xedc043b3b020][TIMING] clock_anchor: [CLOCK_ANCHOR] v=1 pid=4034056 mono_ns=16218118330079929 wall_ns=1790672980275674628
[mono_ns=16218118350472223][T0xedc043b3b020][TIMING] clock_anchor: [CLOCK_ANCHOR] v=1 pid=4034081 mono_ns=16218118350471573 wall_ns=1790672980296065992
[mono_ns=16218118370576076][T0xedc043b3b020][TIMING] clock_anchor: [CLOCK_ANCHOR] v=1 pid=4034099 mono_ns=16218118370575146 wall_ns=1790672980316169975
[mono_ns=16218118390997901][T0xedc043b3b020][TIMING] clock_anchor: [CLOCK_ANCHOR] v=1 pid=4034119 mono_ns=16218118390997331 wall_ns=1790672980336591800
[mono_ns=16218118411472966][T0xedc043b3b020][TIMING] clock_anchor: [CLOCK_ANCHOR] v=1 pid=4034138 mono_ns=16218118411472016 wall_ns=1790672980357066905
[mono_ns=16218118431673759][T0xedc043b3b020][TIMING] clock_anchor: [CLOCK_ANCHOR] v=1 pid=4034155 mono_ns=16218118431672809 wall_ns=1790672980377267678
[mono_ns=16218119308545434][T0xedc043b3b020][TIMING] emit_host_span: [STRACE] v=1 pid=4034019 tid=4034019 inv=0 hid=0 depth=0 name=chip.prewarm.build ts=16218119224438141 dur=84088743 
[chip_process pid=4034019 dev=0] ready
[mono_ns=16218119356988490][T0xedc043b3b020][TIMING] emit_host_span: [STRACE] v=1 pid=4034035 tid=4034035 inv=0 hid=0 depth=0 name=chip.prewarm.build ts=16218119269905739 dur=87066981 
[chip_process pid=4034035 dev=1] ready
[mono_ns=16218119369727197][T0xedc043b3b020][TIMING] emit_host_span: [STRACE] v=1 pid=4034119 tid=4034119 inv=0 hid=0 depth=0 name=chip.prewarm.build ts=16218119297284396 dur=72425161 
[chip_process pid=4034119 dev=5] ready
[mono_ns=16218119375464352][T0xedc043b3b020][TIMING] emit_host_span: [STRACE] v=1 pid=4034081 tid=4034081 inv=0 hid=0 depth=0 name=chip.prewarm.build ts=16218119296218949 dur=79229533 
[chip_process pid=4034081 dev=3] ready
[mono_ns=16218119388612343][T0xedc043b3b020][TIMING] emit_host_span: [STRACE] v=1 pid=4034056 tid=4034056 inv=0 hid=0 depth=0 name=chip.prewarm.build ts=16218119300146203 dur=88443819 
[mono_ns=16218119390994537][T0xedc043b3b020][TIMING] emit_host_span: [STRACE] v=1 pid=4034099 tid=4034099 inv=0 hid=0 depth=0 name=chip.prewarm.build ts=16218119312521558 dur=78458359 
[chip_process pid=4034056 dev=2] ready
[chip_process pid=4034099 dev=4] ready
[mono_ns=16218119425120765][T0xedc043b3b020][TIMING] emit_host_span: [STRACE] v=1 pid=4034138 tid=4034138 inv=0 hid=0 depth=0 name=chip.prewarm.build ts=16218119344498094 dur=80606161 
[chip_process pid=4034138 dev=6] ready
[mono_ns=16218119458569449][T0xedc043b3b020][TIMING] emit_host_span: [STRACE] v=1 pid=4034155 tid=4034155 inv=0 hid=0 depth=0 name=chip.prewarm.build ts=16218119368943193 dur=89610306 
[chip_process pid=4034155 dev=7] ready
[mono_ns=16218119465785763][T0xedc043b3b020][TIMING] clock_anchor: [CLOCK_ANCHOR] v=1 pid=4023659 mono_ns=16218119465785153 wall_ns=1790672981411379732
[comm_hccl] SIMPLER_COMM_FORCE_IPC=1 -> VMM IPC (skip Fabric)
[comm_hccl] rank 0: FORCE_IPC domain windows via VMM IPC
[comm_hccl] SIMPLER_COMM_FORCE_IPC=1 -> VMM IPC (skip Fabric)
[comm_hccl] rank 1: FORCE_IPC domain windows via VMM IPC
[comm_hccl] SIMPLER_COMM_FORCE_IPC=1 -> VMM IPC (skip Fabric)
[comm_hccl] rank 2: FORCE_IPC domain windows via VMM IPC
[comm_hccl] SIMPLER_COMM_FORCE_IPC=1 -> VMM IPC (skip Fabric)
[comm_hccl] rank 3: FORCE_IPC domain windows via VMM IPC
[comm_hccl] SIMPLER_COMM_FORCE_IPC=1 -> VMM IPC (skip Fabric)
[comm_hccl] rank 4: FORCE_IPC domain windows via VMM IPC
[comm_hccl] SIMPLER_COMM_FORCE_IPC=1 -> VMM IPC (skip Fabric)
[comm_hccl] rank 5: FORCE_IPC domain windows via VMM IPC
[comm_hccl] SIMPLER_COMM_FORCE_IPC=1 -> VMM IPC (skip Fabric)
[comm_hccl] rank 6: FORCE_IPC domain windows via VMM IPC
[comm_hccl] SIMPLER_COMM_FORCE_IPC=1 -> VMM IPC (skip Fabric)
[comm_hccl] rank 7: FORCE_IPC domain windows via VMM IPC
[mono_ns=16218121944057304][T0xedc043b3b020][TIMING] emit_host_span: [STRACE] v=1 pid=4023659 tid=4023659 inv=1 hid=14f129b17d264e6 depth=0 name=node.submit ts=16218121943972244 dur=73530 run_id=1 task_slot=0 group_index=0 group_size=1 worker_id=0 role=facade
[mono_ns=16218121944126935][T0xedbe8742cca0][TIMING] emit_host_span: [STRACE] v=1 pid=4023659 tid=4034828 inv=1 hid=14f129b17d264e6 depth=0 name=node.frame_submit ts=16218121944095444 dur=19210 run_id=1 task_slot=0 group_index=0 worker_id=0 dispatch_id=1 endpoint_kind=local_mailbox prepare_only=0 role=worker
[mono_ns=16218121944143465][T0xedbe8742cca0][TIMING] emit_host_span: [STRACE] v=1 pid=4023659 tid=4034828 inv=1 hid=14f129b17d264e6 depth=0 name=node.dispatch ts=16218121944080534 dur=54741 run_id=1 task_slot=0 group_index=0 worker_id=0 dispatch_id=1 endpoint_kind=local_mailbox prepare_only=0 role=scheduler slot_id=0 generation=1
[mono_ns=16218121944158535][T0xedbe8742cca0][TIMING] emit_host_span: [STRACE] v=1 pid=4023659 tid=4034828 inv=0 hid=0 depth=0 name=node.scheduler_loop ts=16218121944060874 dur=90511 role=scheduler drained=0 dispatched=1 drain_ns=4810 spins=2
[mono_ns=16218121944433466][T0xedc043b3b020][TIMING] emit_host_span: [STRACE] v=1 pid=4023659 tid=4023659 inv=1 hid=14f129b17d264e6 depth=0 name=node.submit ts=16218121944396576 dur=31040 run_id=1 task_slot=1 group_index=0 group_size=1 worker_id=1 role=facade
[mono_ns=16218121944448427][T0xedbe8742cca0][TIMING] emit_host_span: [STRACE] v=1 pid=4023659 tid=4034828 inv=1 hid=14f129b17d264e6 depth=0 name=node.frame_submit ts=16218121944433526 dur=10870 run_id=1 task_slot=1 group_index=0 worker_id=1 dispatch_id=1 endpoint_kind=local_mailbox prepare_only=0 role=worker
[mono_ns=16218121944457787][T0xedbe8742cca0][TIMING] emit_host_span: [STRACE] v=1 pid=4023659 tid=4034828 inv=1 hid=14f129b17d264e6 depth=0 name=node.dispatch ts=16218121944430096 dur=22551 run_id=1 task_slot=1 group_index=0 worker_id=1 dispatch_id=1 endpoint_kind=local_mailbox prepare_only=0 role=scheduler slot_id=0 generation=1
[mono_ns=16218121944466397][T0xedbe8742cca0][TIMING] emit_host_span: [STRACE] v=1 pid=4023659 tid=4034828 inv=0 hid=0 depth=0 name=node.scheduler_loop ts=16218121944423566 dur=39261 role=scheduler drained=0 dispatched=1 drain_ns=1320 spins=72
[mono_ns=16218121944749678][T0xedc043b3b020][TIMING] emit_host_span: [STRACE] v=1 pid=4023659 tid=4023659 inv=1 hid=14f129b17d264e6 depth=0 name=node.submit ts=16218121944710638 dur=29570 run_id=1 task_slot=2 group_index=0 group_size=1 worker_id=2 role=facade
[mono_ns=16218121944766838][T0xedbe8742cca0][TIMING] emit_host_span: [STRACE] v=1 pid=4023659 tid=4034828 inv=1 hid=14f129b17d264e6 depth=0 name=node.frame_submit ts=16218121944752268 dur=10860 run_id=1 task_slot=2 group_index=0 worker_id=2 dispatch_id=1 endpoint_kind=local_mailbox prepare_only=0 role=worker
[mono_ns=16218121944775848][T0xedbe8742cca0][TIMING] emit_host_span: [STRACE] v=1 pid=4023659 tid=4034828 inv=1 hid=14f129b17d264e6 depth=0 name=node.dispatch ts=16218121944749238 dur=21650 run_id=1 task_slot=2 group_index=0 worker_id=2 dispatch_id=1 endpoint_kind=local_mailbox prepare_only=0 role=scheduler slot_id=0 generation=1
[mono_ns=16218121944783169][T0xedbe8742cca0][TIMING] emit_host_span: [STRACE] v=1 pid=4023659 tid=4034828 inv=0 hid=0 depth=0 name=node.scheduler_loop ts=16218121944734018 dur=45701 role=scheduler drained=0 dispatched=1 drain_ns=1250 spins=75
[mono_ns=16218121945080730][T0xedc043b3b020][TIMING] emit_host_span: [STRACE] v=1 pid=4023659 tid=4023659 inv=1 hid=14f129b17d264e6 depth=0 name=node.submit ts=16218121945039980 dur=33120 run_id=1 task_slot=3 group_index=0 group_size=1 worker_id=3 role=facade
[mono_ns=16218121945101570][T0xedbe8742cca0][TIMING] emit_host_span: [STRACE] v=1 pid=4023659 tid=4034828 inv=1 hid=14f129b17d264e6 depth=0 name=node.frame_submit ts=16218121945086270 dur=11520 run_id=1 task_slot=3 group_index=0 worker_id=3 dispatch_id=1 endpoint_kind=local_mailbox prepare_only=0 role=worker
[mono_ns=16218121945110781][T0xedbe8742cca0][TIMING] emit_host_span: [STRACE] v=1 pid=4023659 tid=4034828 inv=1 hid=14f129b17d264e6 depth=0 name=node.dispatch ts=16218121945083280 dur=22501 run_id=1 task_slot=3 group_index=0 worker_id=3 dispatch_id=1 endpoint_kind=local_mailbox prepare_only=0 role=scheduler slot_id=0 generation=1
[mono_ns=16218121945118631][T0xedbe8742cca0][TIMING] emit_host_span: [STRACE] v=1 pid=4023659 tid=4034828 inv=0 hid=0 depth=0 name=node.scheduler_loop ts=16218121945065850 dur=49381 role=scheduler drained=0 dispatched=1 drain_ns=1420 spins=75
[mono_ns=16218121945388062][T0xedc043b3b020][TIMING] emit_host_span: [STRACE] v=1 pid=4023659 tid=4023659 inv=1 hid=14f129b17d264e6 depth=0 name=node.submit ts=16218121945344602 dur=34740 run_id=1 task_slot=4 group_index=0 group_size=1 worker_id=4 role=facade
[mono_ns=16218121945409902][T0xedbe8742cca0][TIMING] emit_host_span: [STRACE] v=1 pid=4023659 tid=4034828 inv=1 hid=14f129b17d264e6 depth=0 name=node.frame_submit ts=16218121945396352 dur=9760 run_id=1 task_slot=4 group_index=0 worker_id=4 dispatch_id=1 endpoint_kind=local_mailbox prepare_only=0 role=worker
[mono_ns=16218121945418772][T0xedbe8742cca0][TIMING] emit_host_span: [STRACE] v=1 pid=4023659 tid=4034828 inv=1 hid=14f129b17d264e6 depth=0 name=node.dispatch ts=16218121945393502 dur=20400 run_id=1 task_slot=4 group_index=0 worker_id=4 dispatch_id=1 endpoint_kind=local_mailbox prepare_only=0 role=scheduler slot_id=0 generation=1
[mono_ns=16218121945425222][T0xedbe8742cca0][TIMING] emit_host_span: [STRACE] v=1 pid=4023659 tid=4034828 inv=0 hid=0 depth=0 name=node.scheduler_loop ts=16218121945371042 dur=50980 role=scheduler drained=0 dispatched=1 drain_ns=1460 spins=69
[mono_ns=16218121945544763][T0xedc043b3b020][TIMING] emit_host_span: [STRACE] v=1 pid=4034019 tid=4034019 inv=1 hid=418f77c12d83e553 depth=2 name=chip.run.bind.args ts=16218121945534443 dur=3260 
[mono_ns=16218121945562323][T0xedc043b3b020][TIMING] emit_host_span: [STRACE] v=1 pid=4034019 tid=4034019 inv=1 hid=418f77c12d83e553 depth=2 name=chip.run.bind.prebuilt ts=16218121945554703 dur=4950 
[mono_ns=16218121945566973][T0xedc043b3b020][TIMING] emit_host_span: [STRACE] v=1 pid=4034019 tid=4034019 inv=1 hid=418f77c12d83e553 depth=1 name=chip.run.bind ts=16218121945439853 dur=124710 
[mono_ns=16218121945571193][T0xedc043b3b020][TIMING] emit_host_span: [STRACE] v=1 pid=4034019 tid=4034019 inv=1 hid=418f77c12d83e553 depth=1 name=chip.run.publish_image ts=16218121945568523 dur=460 
[mono_ns=16218121945735264][T0xedc043b3b020][TIMING] emit_host_span: [STRACE] v=1 pid=4023659 tid=4023659 inv=1 hid=14f129b17d264e6 depth=0 name=node.submit ts=16218121945706194 dur=19410 run_id=1 task_slot=5 group_index=0 group_size=1 worker_id=5 role=facade
[mono_ns=16218121945751624][T0xedbe8742cca0][TIMING] emit_host_span: [STRACE] v=1 pid=4023659 tid=4034828 inv=1 hid=14f129b17d264e6 depth=0 name=node.frame_submit ts=16218121945736974 dur=10620 run_id=1 task_slot=5 group_index=0 worker_id=5 dispatch_id=1 endpoint_kind=local_mailbox prepare_only=0 role=worker
[mono_ns=16218121945760254][T0xedbe8742cca0][TIMING] emit_host_span: [STRACE] v=1 pid=4023659 tid=4034828 inv=1 hid=14f129b17d264e6 depth=0 name=node.dispatch ts=16218121945734244 dur=21260 run_id=1 task_slot=5 group_index=0 worker_id=5 dispatch_id=1 endpoint_kind=local_mailbox prepare_only=0 role=scheduler slot_id=0 generation=1
[mono_ns=16218121945767795][T0xedbe8742cca0][TIMING] emit_host_span: [STRACE] v=1 pid=4023659 tid=4034828 inv=0 hid=0 depth=0 name=node.scheduler_loop ts=16218121945713304 dur=51311 role=scheduler drained=0 dispatched=1 drain_ns=1530 spins=79
[mono_ns=16218121945828765][T0xedc043b3b020][TIMING] emit_host_span: [STRACE] v=1 pid=4034019 tid=4034019 inv=1 hid=418f77c12d83e553 depth=1 name=chip.run.stage_inputs ts=16218121945572913 dur=251452 
[mono_ns=16218121946101847][T0xedc043b3b020][TIMING] emit_host_span: [STRACE] v=1 pid=4023659 tid=4023659 inv=1 hid=14f129b17d264e6 depth=0 name=node.submit ts=16218121946066396 dur=29631 run_id=1 task_slot=6 group_index=0 group_size=1 worker_id=6 role=facade
[mono_ns=16218121946119577][T0xedbe8742cca0][TIMING] emit_host_span: [STRACE] v=1 pid=4023659 tid=4034828 inv=1 hid=14f129b17d264e6 depth=0 name=node.frame_submit ts=16218121946105707 dur=10560 run_id=1 task_slot=6 group_index=0 worker_id=6 dispatch_id=1 endpoint_kind=local_mailbox prepare_only=0 role=worker
[mono_ns=16218121946128067][T0xedbe8742cca0][TIMING] emit_host_span: [STRACE] v=1 pid=4023659 tid=4034828 inv=1 hid=14f129b17d264e6 depth=0 name=node.dispatch ts=16218121946102867 dur=20590 run_id=1 task_slot=6 group_index=0 worker_id=6 dispatch_id=1 endpoint_kind=local_mailbox prepare_only=0 role=scheduler slot_id=0 generation=1
[mono_ns=16218121946135307][T0xedbe8742cca0][TIMING] emit_host_span: [STRACE] v=1 pid=4023659 tid=4034828 inv=0 hid=0 depth=0 name=node.scheduler_loop ts=16218121946089156 dur=42911 role=scheduler drained=0 dispatched=1 drain_ns=1570 spins=87
[mono_ns=16218121946421529][T0xedc043b3b020][TIMING] emit_host_span: [STRACE] v=1 pid=4023659 tid=4023659 inv=1 hid=14f129b17d264e6 depth=0 name=node.submit ts=16218121946367178 dur=43520 run_id=1 task_slot=7 group_index=0 group_size=1 worker_id=7 role=facade
[mono_ns=16218121946438499][T0xedbe8742cca0][TIMING] emit_host_span: [STRACE] v=1 pid=4023659 tid=4034828 inv=1 hid=14f129b17d264e6 depth=0 name=node.frame_submit ts=16218121946424169 dur=11030 run_id=1 task_slot=7 group_index=0 worker_id=7 dispatch_id=1 endpoint_kind=local_mailbox prepare_only=0 role=worker
[mono_ns=16218121946447329][T0xedbe8742cca0][TIMING] emit_host_span: [STRACE] v=1 pid=4023659 tid=4034828 inv=1 hid=14f129b17d264e6 depth=0 name=node.dispatch ts=16218121946421329 dur=20800 run_id=1 task_slot=7 group_index=0 worker_id=7 dispatch_id=1 endpoint_kind=local_mailbox prepare_only=0 role=scheduler slot_id=0 generation=1
[mono_ns=16218121946454079][T0xedbe8742cca0][TIMING] emit_host_span: [STRACE] v=1 pid=4023659 tid=4034828 inv=0 hid=0 depth=0 name=node.scheduler_loop ts=16218121946407268 dur=43731 role=scheduler drained=0 dispatched=1 drain_ns=1660 spins=75
[mono_ns=16218121946471989][T0xedc043b3b020][TIMING] emit_host_span: [STRACE] v=1 pid=4023659 tid=4023659 inv=1 hid=0 depth=0 name=node.graph_build ts=16218119468303659 dur=2478149010 run_id=1 role=facade
[mono_ns=16218121946477689][T0xedc043b3b020][TIMING] emit_host_span: [STRACE] v=1 pid=4034035 tid=4034035 inv=1 hid=418f77c12d83e553 depth=2 name=chip.run.bind.args ts=16218121946467709 dur=2390 
[mono_ns=16218121946477769][T0xedc043b3b020][TIMING] emit_host_span: [STRACE] v=1 pid=4034081 tid=4034081 inv=1 hid=418f77c12d83e553 depth=2 name=chip.run.bind.args ts=16218121946470479 dur=1820 
[mono_ns=16218121946497629][T0xedc043b3b020][TIMING] emit_host_span: [STRACE] v=1 pid=4034081 tid=4034081 inv=1 hid=418f77c12d83e553 depth=2 name=chip.run.bind.prebuilt ts=16218121946491859 dur=3430 
[mono_ns=16218121946497839][T0xedc043b3b020][TIMING] emit_host_span: [STRACE] v=1 pid=4034035 tid=4034035 inv=1 hid=418f77c12d83e553 depth=2 name=chip.run.bind.prebuilt ts=16218121946490839 dur=4450 
[mono_ns=16218121946495929][T0xedc043b3b020][TIMING] emit_host_span: [STRACE] v=1 pid=4034056 tid=4034056 inv=1 hid=418f77c12d83e553 depth=2 name=chip.run.bind.args ts=16218121946485239 dur=3740 
[mono_ns=16218121946502939][T0xedc043b3b020][TIMING] emit_host_span: [STRACE] v=1 pid=4034081 tid=4034081 inv=1 hid=418f77c12d83e553 depth=1 name=chip.run.bind ts=16218121946374838 dur=125661 
[mono_ns=16218121946503019][T0xedc043b3b020][TIMING] emit_host_span: [STRACE] v=1 pid=4034035 tid=4034035 inv=1 hid=418f77c12d83e553 depth=1 name=chip.run.bind ts=16218121946361288 dur=139311 
[mono_ns=16218121946507989][T0xedc043b3b020][TIMING] emit_host_span: [STRACE] v=1 pid=4034081 tid=4034081 inv=1 hid=418f77c12d83e553 depth=1 name=chip.run.publish_image ts=16218121946505299 dur=590 
[mono_ns=16218121946517179][T0xedc043b3b020][TIMING] emit_host_span: [STRACE] v=1 pid=4034056 tid=4034056 inv=1 hid=418f77c12d83e553 depth=2 name=chip.run.bind.prebuilt ts=16218121946509929 dur=4550 
[mono_ns=16218121946507969][T0xedc043b3b020][TIMING] emit_host_span: [STRACE] v=1 pid=4034035 tid=4034035 inv=1 hid=418f77c12d83e553 depth=1 name=chip.run.publish_image ts=16218121946505579 dur=370 
[mono_ns=16218121946522429][T0xedc043b3b020][TIMING] emit_host_span: [STRACE] v=1 pid=4034056 tid=4034056 inv=1 hid=418f77c12d83e553 depth=1 name=chip.run.bind ts=16218121946378658 dur=141271 
[mono_ns=16218121946527499][T0xedc043b3b020][TIMING] emit_host_span: [STRACE] v=1 pid=4034056 tid=4034056 inv=1 hid=418f77c12d83e553 depth=1 name=chip.run.publish_image ts=16218121946524869 dur=520 
[mono_ns=16218121946644520][T0xedc043b3b020][TIMING] emit_host_span: [STRACE] v=1 pid=4034019 tid=4034019 inv=1 hid=418f77c12d83e553 depth=1 name=chip.run.prepare_execution ts=16218121945834875 dur=804345 
[mono_ns=16218121946790731][T0xedc043b3b020][TIMING] emit_host_span: [STRACE] v=1 pid=4034035 tid=4034035 inv=1 hid=418f77c12d83e553 depth=1 name=chip.run.stage_inputs ts=16218121946510439 dur=276592 
[mono_ns=16218121946835411][T0xedc043b3b020][TIMING] emit_host_span: [STRACE] v=1 pid=4034056 tid=4034056 inv=1 hid=418f77c12d83e553 depth=1 name=chip.run.stage_inputs ts=16218121946529789 dur=301042 
[mono_ns=16218121946890151][T0xedc043b3b020][TIMING] emit_host_span: [STRACE] v=1 pid=4034081 tid=4034081 inv=1 hid=418f77c12d83e553 depth=1 name=chip.run.stage_inputs ts=16218121946510519 dur=375682 
[mono_ns=16218121947381354][T0xedc043b3b020][TIMING] emit_host_span: [STRACE] v=1 pid=4034099 tid=4034099 inv=1 hid=418f77c12d83e553 depth=2 name=chip.run.bind.args ts=16218121947368634 dur=3890 
[mono_ns=16218121947406684][T0xedc043b3b020][TIMING] emit_host_span: [STRACE] v=1 pid=4034099 tid=4034099 inv=1 hid=418f77c12d83e553 depth=2 name=chip.run.bind.prebuilt ts=16218121947398624 dur=5510 
[mono_ns=16218121947412565][T0xedc043b3b020][TIMING] emit_host_span: [STRACE] v=1 pid=4034099 tid=4034099 inv=1 hid=418f77c12d83e553 depth=1 name=chip.run.bind ts=16218121947217143 dur=192432 
[mono_ns=16218121947417945][T0xedc043b3b020][TIMING] emit_host_span: [STRACE] v=1 pid=4034099 tid=4034099 inv=1 hid=418f77c12d83e553 depth=1 name=chip.run.publish_image ts=16218121947415395 dur=440 
[mono_ns=16218121947412695][T0xedc043b3b020][TIMING] emit_host_span: [STRACE] v=1 pid=4034119 tid=4034119 inv=1 hid=418f77c12d83e553 depth=2 name=chip.run.bind.args ts=16218121947402204 dur=3220 
[mono_ns=16218121947434665][T0xedc043b3b020][TIMING] emit_host_span: [STRACE] v=1 pid=4034119 tid=4034119 inv=1 hid=418f77c12d83e553 depth=2 name=chip.run.bind.prebuilt ts=16218121947427625 dur=4360 
[mono_ns=16218121947439985][T0xedc043b3b020][TIMING] emit_host_span: [STRACE] v=1 pid=4034119 tid=4034119 inv=1 hid=418f77c12d83e553 depth=1 name=chip.run.bind ts=16218121947304294 dur=133331 
[mono_ns=16218121947445055][T0xedc043b3b020][TIMING] emit_host_span: [STRACE] v=1 pid=4034119 tid=4034119 inv=1 hid=418f77c12d83e553 depth=1 name=chip.run.publish_image ts=16218121947442515 dur=390 
[mono_ns=16218121947680186][T0xedc043b3b020][TIMING] emit_host_span: [STRACE] v=1 pid=4034035 tid=4034035 inv=1 hid=418f77c12d83e553 depth=1 name=chip.run.prepare_execution ts=16218121946799661 dur=875245 
[mono_ns=16218121947742997][T0xedc043b3b020][TIMING] emit_host_span: [STRACE] v=1 pid=4034099 tid=4034099 inv=1 hid=418f77c12d83e553 depth=1 name=chip.run.stage_inputs ts=16218121947420675 dur=317802 
[mono_ns=16218121947751617][T0xedc043b3b020][TIMING] emit_host_span: [STRACE] v=1 pid=4034138 tid=4034138 inv=1 hid=418f77c12d83e553 depth=2 name=chip.run.bind.args ts=16218121947743337 dur=2440 
[mono_ns=16218121947765107][T0xedc043b3b020][TIMING] emit_host_span: [STRACE] v=1 pid=4034119 tid=4034119 inv=1 hid=418f77c12d83e553 depth=1 name=chip.run.stage_inputs ts=16218121947449195 dur=310662 
[mono_ns=16218121947764577][T0xedc043b3b020][TIMING] emit_host_span: [STRACE] v=1 pid=4034056 tid=4034056 inv=1 hid=418f77c12d83e553 depth=1 name=chip.run.prepare_execution ts=16218121946843741 dur=915056 
[mono_ns=16218121947769057][T0xedc043b3b020][TIMING] emit_host_span: [STRACE] v=1 pid=4034081 tid=4034081 inv=1 hid=418f77c12d83e553 depth=1 name=chip.run.prepare_execution ts=16218121946899571 dur=864936 
[mono_ns=16218121947771217][T0xedc043b3b020][TIMING] emit_host_span: [STRACE] v=1 pid=4034138 tid=4034138 inv=1 hid=418f77c12d83e553 depth=2 name=chip.run.bind.prebuilt ts=16218121947764087 dur=4610 
[mono_ns=16218121947776557][T0xedc043b3b020][TIMING] emit_host_span: [STRACE] v=1 pid=4034138 tid=4034138 inv=1 hid=418f77c12d83e553 depth=1 name=chip.run.bind ts=16218121947657866 dur=116351 
[mono_ns=16218121947781697][T0xedc043b3b020][TIMING] emit_host_span: [STRACE] v=1 pid=4034138 tid=4034138 inv=1 hid=418f77c12d83e553 depth=1 name=chip.run.publish_image ts=16218121947779477 dur=230 
[mono_ns=16218121947989248][T0xedc043b3b020][TIMING] emit_host_span: [STRACE] v=1 pid=4034155 tid=4034155 inv=1 hid=418f77c12d83e553 depth=2 name=chip.run.bind.args ts=16218121947977598 dur=4140 
[mono_ns=16218121948026398][T0xedc043b3b020][TIMING] emit_host_span: [STRACE] v=1 pid=4034155 tid=4034155 inv=1 hid=418f77c12d83e553 depth=2 name=chip.run.bind.prebuilt ts=16218121948017518 dur=4850 
[mono_ns=16218121948031518][T0xedc043b3b020][TIMING] emit_host_span: [STRACE] v=1 pid=4034155 tid=4034155 inv=1 hid=418f77c12d83e553 depth=1 name=chip.run.bind ts=16218121947878857 dur=150151 
[mono_ns=16218121948035968][T0xedc043b3b020][TIMING] emit_host_span: [STRACE] v=1 pid=4034155 tid=4034155 inv=1 hid=418f77c12d83e553 depth=1 name=chip.run.publish_image ts=16218121948033108 dur=500 
[mono_ns=16218121948050358][T0xedc043b3b020][TIMING] emit_host_span: [STRACE] v=1 pid=4034138 tid=4034138 inv=1 hid=418f77c12d83e553 depth=1 name=chip.run.stage_inputs ts=16218121947783607 dur=263131 
[mono_ns=16218121948336620][T0xedc043b3b020][TIMING] emit_host_span: [STRACE] v=1 pid=4034155 tid=4034155 inv=1 hid=418f77c12d83e553 depth=1 name=chip.run.stage_inputs ts=16218121948038898 dur=293732 
[mono_ns=16218121948682792][T0xedc043b3b020][TIMING] emit_host_span: [STRACE] v=1 pid=4034119 tid=4034119 inv=1 hid=418f77c12d83e553 depth=1 name=chip.run.prepare_execution ts=16218121947773397 dur=903935 
[mono_ns=16218121948690412][T0xedc043b3b020][TIMING] emit_host_span: [STRACE] v=1 pid=4034099 tid=4034099 inv=1 hid=418f77c12d83e553 depth=1 name=chip.run.prepare_execution ts=16218121947752137 dur=932765 
[mono_ns=16218121948916774][T0xedc043b3b020][TIMING] emit_host_span: [STRACE] v=1 pid=4034138 tid=4034138 inv=1 hid=418f77c12d83e553 depth=1 name=chip.run.prepare_execution ts=16218121948059538 dur=852866 
[mono_ns=16218121949191805][T0xedc043b3b020][TIMING] emit_host_span: [STRACE] v=1 pid=4034155 tid=4034155 inv=1 hid=418f77c12d83e553 depth=1 name=chip.run.prepare_execution ts=16218121948343600 dur=842885 
[mono_ns=16218121957869708][T0xedc043b3b020][TIMING] emit_host_span: [STRACE] v=1 pid=4034138 tid=4034138 inv=1 hid=418f77c12d83e553 depth=1 name=chip.run.runner_run ts=16218121948930244 dur=8933204 
[mono_ns=16218121957878758][T0xedc043b3b020][TIMING] emit_host_span: [STRACE] v=1 pid=4034019 tid=4034019 inv=1 hid=418f77c12d83e553 depth=1 name=chip.run.runner_run ts=16218121946653140 dur=11218798 
[mono_ns=16218121957870158][T0xedc043b3b020][TIMING] emit_host_span: [STRACE] v=1 pid=4034035 tid=4034035 inv=1 hid=418f77c12d83e553 depth=1 name=chip.run.runner_run ts=16218121947693516 dur=10169812 
[mono_ns=16218121957884488][T0xedc043b3b020][TIMING] emit_host_span: [STRACE] v=1 pid=4034155 tid=4034155 inv=1 hid=418f77c12d83e553 depth=1 name=chip.run.runner_run ts=16218121949203335 dur=8674143 
[mono_ns=16218121957884568][T0xedc043b3b020][TIMING] emit_host_span: [STRACE] v=1 pid=4034056 tid=4034056 inv=1 hid=418f77c12d83e553 depth=1 name=chip.run.runner_run ts=16218121947778257 dur=10098451 
[mono_ns=16218121957878368][T0xedc043b3b020][TIMING] emit_host_span: [STRACE] v=1 pid=4034119 tid=4034119 inv=1 hid=418f77c12d83e553 depth=1 name=chip.run.runner_run ts=16218121948695652 dur=9175616 
[mono_ns=16218121957884388][T0xedc043b3b020][TIMING] emit_host_span: [STRACE] v=1 pid=4034099 tid=4034099 inv=1 hid=418f77c12d83e553 depth=1 name=chip.run.runner_run ts=16218121948703922 dur=9173036 
[mono_ns=16218121958173220][T0xedc043b3b020][TIMING] emit_host_span: [STRACE] v=1 pid=4034019 tid=4034019 inv=1 hid=418f77c12d83e553 depth=1 name=chip.run.validate ts=16218121957912848 dur=254882 
[mono_ns=16218121958182200][T0xedc043b3b020][TIMING] emit_host_span: [STRACE] v=1 pid=4034019 tid=4034019 inv=1 hid=418f77c12d83e553 depth=2 name=chip.run.runner_run.device_wall ts=0 dur=9447960 clk=dev dev_id=0 dev_start_cycle=702427695720667 dev_end_cycle=702427696193065 dev_cnt_hz=50000000
[mono_ns=16218121958186310][T0xedc043b3b020][TIMING] emit_host_span: [STRACE] v=1 pid=4034019 tid=4034019 inv=1 hid=418f77c12d83e553 depth=3 name=chip.run.runner_run.device_wall.preamble ts=0 dur=210760 clk=dev
[mono_ns=16218121958189930][T0xedc043b3b020][TIMING] emit_host_span: [STRACE] v=1 pid=4034019 tid=4034019 inv=1 hid=418f77c12d83e553 depth=3 name=chip.run.runner_run.device_wall.graph_build ts=39060 dur=9385880 clk=dev
[mono_ns=16218121958193150][T0xedc043b3b020][TIMING] emit_host_span: [STRACE] v=1 pid=4034019 tid=4034019 inv=1 hid=418f77c12d83e553 depth=3 name=chip.run.runner_run.device_wall.config_validate ts=42580 dur=2920 clk=dev
[mono_ns=16218121958198940][T0xedc043b3b020][TIMING] emit_host_span: [STRACE] v=1 pid=4034019 tid=4034019 inv=1 hid=418f77c12d83e553 depth=3 name=chip.run.runner_run.device_wall.arena_wire ts=45519 dur=9959 clk=dev
[mono_ns=16218121958202220][T0xedc043b3b020][TIMING] emit_host_span: [STRACE] v=1 pid=4034019 tid=4034019 inv=1 hid=418f77c12d83e553 depth=3 name=chip.run.runner_run.device_wall.sm_reset ts=55519 dur=13620 clk=dev
[mono_ns=16218121958205250][T0xedc043b3b020][TIMING] emit_host_span: [STRACE] v=1 pid=4034019 tid=4034019 inv=1 hid=418f77c12d83e553 depth=3 name=chip.run.runner_run.device_wall.post_orch ts=9425060 dur=15780 clk=dev
[mono_ns=16218121958209980][T0xedc043b3b020][TIMING] emit_host_span: [STRACE] v=1 pid=4034019 tid=4034019 inv=1 hid=418f77c12d83e553 depth=3 name=chip.run.runner_run.device_wall.orch ts=70080 dur=74200 clk=dev
[mono_ns=16218121958213270][T0xedc043b3b020][TIMING] emit_host_span: [STRACE] v=1 pid=4034019 tid=4034019 inv=1 hid=418f77c12d83e553 depth=3 name=chip.run.runner_run.device_wall.sched ts=212600 dur=9183420 clk=dev
[mono_ns=16218121958204180][T0xedc043b3b020][TIMING] emit_host_span: [STRACE] v=1 pid=4034138 tid=4034138 inv=1 hid=418f77c12d83e553 depth=1 name=chip.run.validate ts=16218121957910388 dur=289772 
[mono_ns=16218121958219640][T0xedc043b3b020][TIMING] emit_host_span: [STRACE] v=1 pid=4034019 tid=4034019 inv=1 hid=418f77c12d83e553 depth=1 name=chip.run.claim_release ts=16218121958217130 dur=660 
[mono_ns=16218121958216620][T0xedc043b3b020][TIMING] emit_host_span: [STRACE] v=1 pid=4034138 tid=4034138 inv=1 hid=418f77c12d83e553 depth=2 name=chip.run.runner_run.device_wall ts=0 dur=3221060 clk=dev dev_id=6 dev_start_cycle=702427619902841 dev_end_cycle=702427620063894 dev_cnt_hz=50000000
[mono_ns=16218121958221180][T0xedc043b3b020][TIMING] emit_host_span: [STRACE] v=1 pid=4034138 tid=4034138 inv=1 hid=418f77c12d83e553 depth=3 name=chip.run.runner_run.device_wall.preamble ts=0 dur=181540 clk=dev
[mono_ns=16218121958203810][T0xedc043b3b020][TIMING] emit_host_span: [STRACE] v=1 pid=4034035 tid=4034035 inv=1 hid=418f77c12d83e553 depth=1 name=chip.run.validate ts=16218121957910218 dur=289272 
[mono_ns=16218121958226910][T0xedc043b3b020][TIMING] emit_host_span: [STRACE] v=1 pid=4034138 tid=4034138 inv=1 hid=418f77c12d83e553 depth=3 name=chip.run.runner_run.device_wall.graph_build ts=36900 dur=3161500 clk=dev
[mono_ns=16218121958225130][T0xedc043b3b020][TIMING] emit_host_span: [STRACE] v=1 pid=4034019 tid=4034019 inv=1 hid=418f77c12d83e553 depth=0 name=chip.run ts=16218121945400492 dur=12822598 run_id=1 dispatch_id=1 slot_id=0 generation=1 run_epoch=1
[mono_ns=16218121958216160][T0xedc043b3b020][TIMING] emit_host_span: [STRACE] v=1 pid=4034035 tid=4034035 inv=1 hid=418f77c12d83e553 depth=2 name=chip.run.runner_run.device_wall ts=0 dur=3808359 clk=dev dev_id=1 dev_start_cycle=702427683039920 dev_end_cycle=702427683230338 dev_cnt_hz=50000000
[mono_ns=16218121958218930][T0xedc043b3b020][TIMING] emit_host_span: [STRACE] v=1 pid=4034155 tid=4034155 inv=1 hid=418f77c12d83e553 depth=1 name=chip.run.validate ts=16218121957922138 dur=292062 
[mono_ns=16218121958231310][T0xedc043b3b020][TIMING] emit_host_span: [STRACE] v=1 pid=4034138 tid=4034138 inv=1 hid=418f77c12d83e553 depth=3 name=chip.run.runner_run.device_wall.config_validate ts=41120 dur=2660 clk=dev
[mono_ns=16218121958231250][T0xedc043b3b020][TIMING] emit_host_span: [STRACE] v=1 pid=4034155 tid=4034155 inv=1 hid=418f77c12d83e553 depth=2 name=chip.run.runner_run.device_wall ts=0 dur=2525760 clk=dev dev_id=7 dev_start_cycle=702427606732047 dev_end_cycle=702427606858335 dev_cnt_hz=50000000
[mono_ns=16218121958220850][T0xedc043b3b020][TIMING] emit_host_span: [STRACE] v=1 pid=4034035 tid=4034035 inv=1 hid=418f77c12d83e553 depth=3 name=chip.run.runner_run.device_wall.preamble ts=0 dur=179020 clk=dev
[mono_ns=16218121958238710][T0xedc043b3b020][TIMING] emit_host_span: [STRACE] v=1 pid=4034138 tid=4034138 inv=1 hid=418f77c12d83e553 depth=3 name=chip.run.runner_run.device_wall.arena_wire ts=43820 dur=9340 clk=dev
[mono_ns=16218121958235790][T0xedc043b3b020][TIMING] emit_host_span: [STRACE] v=1 pid=4034155 tid=4034155 inv=1 hid=418f77c12d83e553 depth=3 name=chip.run.runner_run.device_wall.preamble ts=0 dur=206280 clk=dev
[mono_ns=16218121958225100][T0xedc043b3b020][TIMING] emit_host_span: [STRACE] v=1 pid=4034035 tid=4034035 inv=1 hid=418f77c12d83e553 depth=3 name=chip.run.runner_run.device_wall.graph_build ts=36460 dur=3750120 clk=dev
[mono_ns=16218121958239680][T0xedc043b3b020][TIMING] emit_host_span: [STRACE] v=1 pid=4034155 tid=4034155 inv=1 hid=418f77c12d83e553 depth=3 name=chip.run.runner_run.device_wall.graph_build ts=41640 dur=2461319 clk=dev
[mono_ns=16218121958245330][T0xedc043b3b020][TIMING] emit_host_span: [STRACE] v=1 pid=4034138 tid=4034138 inv=1 hid=418f77c12d83e553 depth=3 name=chip.run.runner_run.device_wall.sm_reset ts=53380 dur=13420 clk=dev
[mono_ns=16218121958228560][T0xedc043b3b020][TIMING] emit_host_span: [STRACE] v=1 pid=4034035 tid=4034035 inv=1 hid=418f77c12d83e553 depth=3 name=chip.run.runner_run.device_wall.config_validate ts=40940 dur=2840 clk=dev
[mono_ns=16218121958234030][T0xedc043b3b020][TIMING] emit_host_span: [STRACE] v=1 pid=4034119 tid=4034119 inv=1 hid=418f77c12d83e553 depth=1 name=chip.run.validate ts=16218121957922108 dur=306552 
[mono_ns=16218121958243220][T0xedc043b3b020][TIMING] emit_host_span: [STRACE] v=1 pid=4034155 tid=4034155 inv=1 hid=418f77c12d83e553 depth=3 name=chip.run.runner_run.device_wall.config_validate ts=47140 dur=3520 clk=dev
[mono_ns=16218121958237620][T0xedc043b3b020][TIMING] emit_host_span: [STRACE] v=1 pid=4034056 tid=4034056 inv=1 hid=418f77c12d83e553 depth=1 name=chip.run.validate ts=16218121957923518 dur=309012 
[mono_ns=16218121958249860][T0xedc043b3b020][TIMING] emit_host_span: [STRACE] v=1 pid=4034056 tid=4034056 inv=1 hid=418f77c12d83e553 depth=2 name=chip.run.runner_run.device_wall ts=0 dur=3002080 clk=dev dev_id=2 dev_start_cycle=702427670693182 dev_end_cycle=702427670843286 dev_cnt_hz=50000000
[mono_ns=16218121958251010][T0xedc043b3b020][TIMING] emit_host_span: [STRACE] v=1 pid=4034138 tid=4034138 inv=1 hid=418f77c12d83e553 depth=3 name=chip.run.runner_run.device_wall.post_orch ts=3198540 dur=15639 clk=dev
[mono_ns=16218121958254660][T0xedc043b3b020][TIMING] emit_host_span: [STRACE] v=1 pid=4034056 tid=4034056 inv=1 hid=418f77c12d83e553 depth=3 name=chip.run.runner_run.device_wall.preamble ts=0 dur=182820 clk=dev
[mono_ns=16218121958255230][T0xedc043b3b020][TIMING] emit_host_span: [STRACE] v=1 pid=4034138 tid=4034138 inv=1 hid=418f77c12d83e553 depth=3 name=chip.run.runner_run.device_wall.orch ts=67940 dur=52980 clk=dev
[mono_ns=16218121958231600][T0xedc043b3b020][TIMING] emit_host_span: [STRACE] v=1 pid=4034035 tid=4034035 inv=1 hid=418f77c12d83e553 depth=3 name=chip.run.runner_run.device_wall.arena_wire ts=43820 dur=10780 clk=dev
[mono_ns=16218121958243330][T0xedc043b3b020][TIMING] emit_host_span: [STRACE] v=1 pid=4034099 tid=4034099 inv=1 hid=418f77c12d83e553 depth=1 name=chip.run.validate ts=16218121957933779 dur=304521 
[mono_ns=16218121958258970][T0xedc043b3b020][TIMING] emit_host_span: [STRACE] v=1 pid=4034138 tid=4034138 inv=1 hid=418f77c12d83e553 depth=3 name=chip.run.runner_run.device_wall.sched ts=183360 dur=2988140 clk=dev
[mono_ns=16218121958246660][T0xedc043b3b020][TIMING] emit_host_span: [STRACE] v=1 pid=4034155 tid=4034155 inv=1 hid=418f77c12d83e553 depth=3 name=chip.run.runner_run.device_wall.arena_wire ts=50699 dur=11240 clk=dev
[mono_ns=16218121958246480][T0xedc043b3b020][TIMING] emit_host_span: [STRACE] v=1 pid=4034119 tid=4034119 inv=1 hid=418f77c12d83e553 depth=2 name=chip.run.runner_run.device_wall ts=0 dur=3129160 clk=dev dev_id=5 dev_start_cycle=702427632704156 dev_end_cycle=702427632860614 dev_cnt_hz=50000000
[mono_ns=16218121958258980][T0xedc043b3b020][TIMING] emit_host_span: [STRACE] v=1 pid=4034056 tid=4034056 inv=1 hid=418f77c12d83e553 depth=3 name=chip.run.runner_run.device_wall.graph_build ts=37760 dur=2941960 clk=dev
[mono_ns=16218121958271191][T0xedbe8742cca0][TIMING] emit_host_span: [STRACE] v=1 pid=4023659 tid=4034828 inv=1 hid=14f129b17d264e6 depth=0 name=node.complete ts=16218121958260590 dur=6841 run_id=1 task_slot=0 group_index=0 worker_id=0 dispatch_id=1 endpoint_kind=local_mailbox prepare_only=0 role=worker outcome=0
[mono_ns=16218121958262601][T0xedc043b3b020][TIMING] emit_host_span: [STRACE] v=1 pid=4034056 tid=4034056 inv=1 hid=418f77c12d83e553 depth=3 name=chip.run.runner_run.device_wall.config_validate ts=42120 dur=2680 clk=dev
[mono_ns=16218121958235490][T0xedc043b3b020][TIMING] emit_host_span: [STRACE] v=1 pid=4034035 tid=4034035 inv=1 hid=418f77c12d83e553 depth=3 name=chip.run.runner_run.device_wall.sm_reset ts=54780 dur=14460 clk=dev
[mono_ns=16218121958257220][T0xedc043b3b020][TIMING] emit_host_span: [STRACE] v=1 pid=4034099 tid=4034099 inv=1 hid=418f77c12d83e553 depth=2 name=chip.run.runner_run.device_wall ts=0 dur=3022520 clk=dev dev_id=4 dev_start_cycle=702427645502308 dev_end_cycle=702427645653434 dev_cnt_hz=50000000
[mono_ns=16218121958263101][T0xedc043b3b020][TIMING] emit_host_span: [STRACE] v=1 pid=4034138 tid=4034138 inv=1 hid=418f77c12d83e553 depth=1 name=chip.run.claim_release ts=16218121958261070 dur=290 
[mono_ns=16218121958250070][T0xedc043b3b020][TIMING] emit_host_span: [STRACE] v=1 pid=4034155 tid=4034155 inv=1 hid=418f77c12d83e553 depth=3 name=chip.run.runner_run.device_wall.sm_reset ts=61980 dur=16379 clk=dev
[mono_ns=16218121958251080][T0xedc043b3b020][TIMING] emit_host_span: [STRACE] v=1 pid=4034119 tid=4034119 inv=1 hid=418f77c12d83e553 depth=3 name=chip.run.runner_run.device_wall.preamble ts=0 dur=186579 clk=dev
[mono_ns=16218121958266081][T0xedc043b3b020][TIMING] emit_host_span: [STRACE] v=1 pid=4034056 tid=4034056 inv=1 hid=418f77c12d83e553 depth=3 name=chip.run.runner_run.device_wall.arena_wire ts=44820 dur=9380 clk=dev
[mono_ns=16218121958290681][T0xedbe8742cca0][TIMING] emit_host_span: [STRACE] v=1 pid=4023659 tid=4034828 inv=0 hid=0 depth=0 name=node.scheduler_loop ts=16218121958255710 dur=31081 role=scheduler drained=1 dispatched=0 drain_ns=28951 spins=3486
[mono_ns=16218121958261730][T0xedc043b3b020][TIMING] emit_host_span: [STRACE] v=1 pid=4034099 tid=4034099 inv=1 hid=418f77c12d83e553 depth=3 name=chip.run.runner_run.device_wall.preamble ts=0 dur=199340 clk=dev
[mono_ns=16218121958255520][T0xedc043b3b020][TIMING] emit_host_span: [STRACE] v=1 pid=4034119 tid=4034119 inv=1 hid=418f77c12d83e553 depth=3 name=chip.run.runner_run.device_wall.graph_build ts=43300 dur=3062340 clk=dev
[mono_ns=16218121958239310][T0xedc043b3b020][TIMING] emit_host_span: [STRACE] v=1 pid=4034035 tid=4034035 inv=1 hid=418f77c12d83e553 depth=3 name=chip.run.runner_run.device_wall.post_orch ts=3786700 dur=14960 clk=dev
[mono_ns=16218121958268311][T0xedc043b3b020][TIMING] emit_host_span: [STRACE] v=1 pid=4034138 tid=4034138 inv=1 hid=418f77c12d83e553 depth=0 name=chip.run ts=16218121947619036 dur=10647365 run_id=1 dispatch_id=1 slot_id=0 generation=1 run_epoch=1
[mono_ns=16218121958244390][T0xedc043b3b020][TIMING] emit_host_span: [STRACE] v=1 pid=4034035 tid=4034035 inv=1 hid=418f77c12d83e553 depth=3 name=chip.run.runner_run.device_wall.orch ts=70360 dur=49419 clk=dev
[mono_ns=16218121958253290][T0xedc043b3b020][TIMING] emit_host_span: [STRACE] v=1 pid=4034155 tid=4034155 inv=1 hid=418f77c12d83e553 depth=3 name=chip.run.runner_run.device_wall.post_orch ts=2503100 dur=14800 clk=dev
[mono_ns=16218121958269431][T0xedc043b3b020][TIMING] emit_host_span: [STRACE] v=1 pid=4034056 tid=4034056 inv=1 hid=418f77c12d83e553 depth=3 name=chip.run.runner_run.device_wall.sm_reset ts=54379 dur=13840 clk=dev
[mono_ns=16218121958301711][T0xedbe8742cca0][TIMING] emit_host_span: [STRACE] v=1 pid=4023659 tid=4034828 inv=1 hid=14f129b17d264e6 depth=0 name=node.complete ts=16218121958297961 dur=570 run_id=1 task_slot=1 group_index=0 worker_id=1 dispatch_id=1 endpoint_kind=local_mailbox prepare_only=0 role=worker outcome=0
[mono_ns=16218121958266321][T0xedc043b3b020][TIMING] emit_host_span: [STRACE] v=1 pid=4034099 tid=4034099 inv=1 hid=418f77c12d83e553 depth=3 name=chip.run.runner_run.device_wall.graph_build ts=40680 dur=2957819 clk=dev
[mono_ns=16218121958259970][T0xedc043b3b020][TIMING] emit_host_span: [STRACE] v=1 pid=4034119 tid=4034119 inv=1 hid=418f77c12d83e553 depth=3 name=chip.run.runner_run.device_wall.config_validate ts=48540 dur=3360 clk=dev
[mono_ns=16218121958274151][T0xedc043b3b020][TIMING] emit_host_span: [STRACE] v=1 pid=4034056 tid=4034056 inv=1 hid=418f77c12d83e553 depth=3 name=chip.run.runner_run.device_wall.post_orch ts=2979860 dur=14700 clk=dev
[mono_ns=16218121958309791][T0xedbe8742cca0][TIMING] emit_host_span: [STRACE] v=1 pid=4023659 tid=4034828 inv=1 hid=14f129b17d264e6 depth=0 name=node.complete ts=16218121958306531 dur=290 run_id=1 task_slot=6 group_index=0 worker_id=6 dispatch_id=1 endpoint_kind=local_mailbox prepare_only=0 role=worker outcome=0
[mono_ns=16218121958317141][T0xedbe8742cca0][TIMING] emit_host_span: [STRACE] v=1 pid=4023659 tid=4034828 inv=1 hid=14f129b17d264e6 depth=0 name=node.complete ts=16218121958313841 dur=350 run_id=1 task_slot=7 group_index=0 worker_id=7 dispatch_id=1 endpoint_kind=local_mailbox prepare_only=0 role=worker outcome=0
[mono_ns=16218121958256200][T0xedc043b3b020][TIMING] emit_host_span: [STRACE] v=1 pid=4034155 tid=4034155 inv=1 hid=418f77c12d83e553 depth=3 name=chip.run.runner_run.device_wall.orch ts=79280 dur=52540 clk=dev
[mono_ns=16218121958248760][T0xedc043b3b020][TIMING] emit_host_span: [STRACE] v=1 pid=4034035 tid=4034035 inv=1 hid=418f77c12d83e553 depth=3 name=chip.run.runner_run.device_wall.sched ts=180619 dur=3579100 clk=dev
[mono_ns=16218121958269361][T0xedc043b3b020][TIMING] emit_host_span: [STRACE] v=1 pid=4034099 tid=4034099 inv=1 hid=418f77c12d83e553 depth=3 name=chip.run.runner_run.device_wall.config_validate ts=45519 dur=2980 clk=dev
[mono_ns=16218121958263311][T0xedc043b3b020][TIMING] emit_host_span: [STRACE] v=1 pid=4034119 tid=4034119 inv=1 hid=418f77c12d83e553 depth=3 name=chip.run.runner_run.device_wall.arena_wire ts=51940 dur=11860 clk=dev
[mono_ns=16218121958336601][T0xedbe8742cca0][TIMING] emit_host_span: [STRACE] v=1 pid=4023659 tid=4034828 inv=0 hid=0 depth=0 name=node.scheduler_loop ts=16218121958294751 dur=37830 role=scheduler drained=3 dispatched=0 drain_ns=35550 spins=0
[mono_ns=16218121958278381][T0xedc043b3b020][TIMING] emit_host_span: [STRACE] v=1 pid=4034056 tid=4034056 inv=1 hid=418f77c12d83e553 depth=3 name=chip.run.runner_run.device_wall.orch ts=68979 dur=48360 clk=dev
[mono_ns=16218121958259720][T0xedc043b3b020][TIMING] emit_host_span: [STRACE] v=1 pid=4034155 tid=4034155 inv=1 hid=418f77c12d83e553 depth=3 name=chip.run.runner_run.device_wall.sched ts=208080 dur=2266680 clk=dev
[mono_ns=16218121958252970][T0xedc043b3b020][TIMING] emit_host_span: [STRACE] v=1 pid=4034035 tid=4034035 inv=1 hid=418f77c12d83e553 depth=1 name=chip.run.claim_release ts=16218121958250850 dur=320 
[mono_ns=16218121958273471][T0xedc043b3b020][TIMING] emit_host_span: [STRACE] v=1 pid=4034099 tid=4034099 inv=1 hid=418f77c12d83e553 depth=3 name=chip.run.runner_run.device_wall.arena_wire ts=48520 dur=10240 clk=dev
[mono_ns=16218121958258340][T0xedc043b3b020][TIMING] emit_host_span: [STRACE] v=1 pid=4034035 tid=4034035 inv=1 hid=418f77c12d83e553 depth=0 name=chip.run ts=16218121946328408 dur=11927892 run_id=1 dispatch_id=1 slot_id=0 generation=1 run_epoch=1
[mono_ns=16218121958266621][T0xedc043b3b020][TIMING] emit_host_span: [STRACE] v=1 pid=4034119 tid=4034119 inv=1 hid=418f77c12d83e553 depth=3 name=chip.run.runner_run.device_wall.sm_reset ts=63980 dur=15500 clk=dev
[mono_ns=16218121958346641][T0xedbe8742cca0][TIMING] emit_host_span: [STRACE] v=1 pid=4023659 tid=4034828 inv=1 hid=14f129b17d264e6 depth=0 name=node.complete ts=16218121958343251 dur=340 run_id=1 task_slot=2 group_index=0 worker_id=2 dispatch_id=1 endpoint_kind=local_mailbox prepare_only=0 role=worker outcome=0
[mono_ns=16218121958270961][T0xedc043b3b020][TIMING] emit_host_span: [STRACE] v=1 pid=4034119 tid=4034119 inv=1 hid=418f77c12d83e553 depth=3 name=chip.run.runner_run.device_wall.post_orch ts=3105759 dur=15560 clk=dev
[mono_ns=16218121958282751][T0xedc043b3b020][TIMING] emit_host_span: [STRACE] v=1 pid=4034056 tid=4034056 inv=1 hid=418f77c12d83e553 depth=3 name=chip.run.runner_run.device_wall.sched ts=184320 dur=2767899 clk=dev
[mono_ns=16218121958264721][T0xedc043b3b020][TIMING] emit_host_span: [STRACE] v=1 pid=4034155 tid=4034155 inv=1 hid=418f77c12d83e553 depth=1 name=chip.run.claim_release ts=16218121958262481 dur=460 
[mono_ns=16218121958276791][T0xedc043b3b020][TIMING] emit_host_span: [STRACE] v=1 pid=4034099 tid=4034099 inv=1 hid=418f77c12d83e553 depth=3 name=chip.run.runner_run.device_wall.sm_reset ts=58800 dur=15580 clk=dev
[mono_ns=16218121958274771][T0xedc043b3b020][TIMING] emit_host_span: [STRACE] v=1 pid=4034119 tid=4034119 inv=1 hid=418f77c12d83e553 depth=3 name=chip.run.runner_run.device_wall.orch ts=80560 dur=52360 clk=dev
[mono_ns=16218121958353991][T0xedbe8742cca0][TIMING] emit_host_span: [STRACE] v=1 pid=4023659 tid=4034828 inv=1 hid=14f129b17d264e6 depth=0 name=node.complete ts=16218121958350801 dur=270 run_id=1 task_slot=4 group_index=0 worker_id=4 dispatch_id=1 endpoint_kind=local_mailbox prepare_only=0 role=worker outcome=0
[mono_ns=16218121958269551][T0xedc043b3b020][TIMING] emit_host_span: [STRACE] v=1 pid=4034155 tid=4034155 inv=1 hid=418f77c12d83e553 depth=0 name=chip.run ts=16218121947835967 dur=10431584 run_id=1 dispatch_id=1 slot_id=0 generation=1 run_epoch=1
[mono_ns=16218121958287461][T0xedc043b3b020][TIMING] emit_host_span: [STRACE] v=1 pid=4034056 tid=4034056 inv=1 hid=418f77c12d83e553 depth=1 name=chip.run.claim_release ts=16218121958285081 dur=580 
[mono_ns=16218121958278331][T0xedc043b3b020][TIMING] emit_host_span: [STRACE] v=1 pid=4034119 tid=4034119 inv=1 hid=418f77c12d83e553 depth=3 name=chip.run.runner_run.device_wall.sched ts=188420 dur=2889720 clk=dev
[mono_ns=16218121958279961][T0xedc043b3b020][TIMING] emit_host_span: [STRACE] v=1 pid=4034099 tid=4034099 inv=1 hid=418f77c12d83e553 depth=3 name=chip.run.runner_run.device_wall.post_orch ts=2998640 dur=16160 clk=dev
[mono_ns=16218121958361001][T0xedbe8742cca0][TIMING] emit_host_span: [STRACE] v=1 pid=4023659 tid=4034828 inv=1 hid=14f129b17d264e6 depth=0 name=node.complete ts=16218121958357691 dur=490 run_id=1 task_slot=5 group_index=0 worker_id=5 dispatch_id=1 endpoint_kind=local_mailbox prepare_only=0 role=worker outcome=0
[mono_ns=16218121958283111][T0xedc043b3b020][TIMING] emit_host_span: [STRACE] v=1 pid=4034099 tid=4034099 inv=1 hid=418f77c12d83e553 depth=3 name=chip.run.runner_run.device_wall.orch ts=75339 dur=62680 clk=dev
[mono_ns=16218121958293351][T0xedc043b3b020][TIMING] emit_host_span: [STRACE] v=1 pid=4034056 tid=4034056 inv=1 hid=418f77c12d83e553 depth=0 name=chip.run ts=16218121946329298 dur=11962013 run_id=1 dispatch_id=1 slot_id=0 generation=1 run_epoch=1
[mono_ns=16218121958282881][T0xedc043b3b020][TIMING] emit_host_span: [STRACE] v=1 pid=4034119 tid=4034119 inv=1 hid=418f77c12d83e553 depth=1 name=chip.run.claim_release ts=16218121958280641 dur=490 
[mono_ns=16218121958378361][T0xedbe8742cca0][TIMING] emit_host_span: [STRACE] v=1 pid=4023659 tid=4034828 inv=0 hid=0 depth=0 name=node.scheduler_loop ts=16218121958340081 dur=35190 role=scheduler drained=3 dispatched=0 drain_ns=32750 spins=0
[mono_ns=16218121958287771][T0xedc043b3b020][TIMING] emit_host_span: [STRACE] v=1 pid=4034099 tid=4034099 inv=1 hid=418f77c12d83e553 depth=3 name=chip.run.runner_run.device_wall.sched ts=201079 dur=2769500 clk=dev
[mono_ns=16218121958288141][T0xedc043b3b020][TIMING] emit_host_span: [STRACE] v=1 pid=4034119 tid=4034119 inv=1 hid=418f77c12d83e553 depth=0 name=chip.run ts=16218121947260284 dur=11025897 run_id=1 dispatch_id=1 slot_id=0 generation=1 run_epoch=1
[mono_ns=16218121958292331][T0xedc043b3b020][TIMING] emit_host_span: [STRACE] v=1 pid=4034099 tid=4034099 inv=1 hid=418f77c12d83e553 depth=1 name=chip.run.claim_release ts=16218121958290161 dur=410 
[mono_ns=16218121958298011][T0xedc043b3b020][TIMING] emit_host_span: [STRACE] v=1 pid=4034099 tid=4034099 inv=1 hid=418f77c12d83e553 depth=0 name=chip.run ts=16218121947156553 dur=11139478 run_id=1 dispatch_id=1 slot_id=0 generation=1 run_epoch=1
[mono_ns=16218177895566539][T0xedc043b3b020][ERROR] sync_stream_pair: [device_runner_base.cpp:2504] aclrtSynchronizeStreamWithTimeout (AICPU) failed: 507018
[mono_ns=16218177895610889][T0xedc043b3b020][ERROR] sync_stream_pair: [device_runner_base.cpp:2505] ACL error detail: 507018 ACL_ERROR_RT_AICPU_EXCEPTION - an AICPU task raised an exception; several distinct on-device mechanisms all surface as this one generic code
[mono_ns=16218177895614629][T0xedc043b3b020][ERROR] sync_stream_pair: [device_runner_base.cpp:2505] ACL error hint: do NOT read this as 'deadlock' or 'OOM' on its own -- it is a generic host-side code. Grep the host log for 'orch_error_code=' / 'sched_error_code=' / 'sub_class=' to get the device-classified reason, and read the device log for the detector that fired. See docs/troubleshooting/device-error-codes.md
[mono_ns=16218177896166472][T0xedc043b3b020][ERROR] sync_stream_pair: [device_runner_base.cpp:2505] ACL recent error message: E39999: Inner Error!
E39999[PID: 4034081] 2026-09-29-09:10:05.727.556 (E39999):  The error from device(chipId:3, dieId:0), serial number is 147, an exception occurred during AICPU execution, stream_id:43, task_id:0, errcode:21008, msg:inner error.[FUNC:ProcessStarsAicpuErrorInfo][FILE:device_error_proc.cc][LINE:1644]
        TraceBack (most recent call last):
       Kernel task hap~
[mono_ns=16218177896185322][T0xedc043b3b020][ERROR] wait_run_fence: [device_runner_base.cpp:2643] Run completed its boundaries but the device reports an error executing it: 507018 (device_id=3 block_dim=24 slot=0)
[mono_ns=16218177896687365][T0xedc043b3b020][ERROR] recover_device_or_mark_unusable: [device_runner.cpp:819] AICore error 507018: bounded device drain failed: 507014 (force reset will follow in finalize)
[mono_ns=16218177896721915][T0xedc043b3b020][TIMING] emit_host_span: [STRACE] v=1 pid=4034081 tid=4034081 inv=1 hid=418f77c12d83e553 depth=1 name=chip.run.runner_run ts=16218121947781357 dur=55948933888 
[mono_ns=16218177896801875][T0xedc043b3b020][ERROR] operator(): [device_runner_base.cpp:2755] device fault reported: device_id=3 stream_id=43 task_id=0 error_code=507018 thread_id=4034081 (device-level; not attributed to any run)
[mono_ns=16218177896823306][T0xedc043b3b020][ERROR] operator(): [device_runner_base.cpp:2755] device fault reported: device_id=3 stream_id=42 task_id=0 error_code=507014 thread_id=4034081 (device-level; not attributed to any run)
[mono_ns=16218177896827366][T0xedc043b3b020][ERROR] consume_device_fault_notices: [device_runner_base.cpp:2805] device 3: fault channel matched 2 notice(s) to its run streams (first code=507018, generation=0). Admission is refused until a confirmed reset retires this generation; no run's outcome is changed by it.
[mono_ns=16218177896830556][T0xedc043b3b020][WARN] simpler_finalize_run: [c_api_shared.cpp:1381] device fault channel matched 2 notice(s) to this runner's run streams while finalizing run_id=1 dispatch_id=1 slot_id=0 generation=1 run_epoch=1; this run's own outcome is unchanged and the device refuses further admission
[mono_ns=16218177896839496][T0xedc043b3b020][ERROR] copy_back_run_outputs_impl: [runtime_maker.cpp:1028] simpler runtime failed: orch_error_code=0 sched_error_code=100 runtime_status=-100
[mono_ns=16218177896843006][T0xedc043b3b020][ERROR] copy_back_run_outputs_impl: [runtime_maker.cpp:1028] error detail: sched_error_code=100 SCHEDULER_TIMEOUT - the scheduler saw no forward progress within its timeout; the sub_class= line below carries the device-classified reason and locators
[mono_ns=16218177896847716][T0xedc043b3b020][ERROR] copy_back_run_outputs_impl: [runtime_maker.cpp:1028] error hint: read the sub_class= line below first, then follow the S1-S5 table in the doc; raise SIMPLER_SCHEDULER_TIMEOUT_MS to tell a true deadlock apart from a merely slow kernel. See docs/troubleshooting/device-error-codes.md
[mono_ns=16218177896853276][T0xedc043b3b020][ERROR] copy_back_run_outputs_impl: [runtime_maker.cpp:1034] scheduler timeout sub_class=S1:running-stalled (detail=1) completed=1/3 running=1 ready=0 waiting=1 orch_done=1 stuck_task_id=4294967297 stuck_core=24
[mono_ns=16218177896856406][T0xedc043b3b020][WARN] copy_back_run_outputs_impl: [runtime_maker.cpp:1050] Skipping tensor copy-back because execution failed
[mono_ns=16218177896881396][T0xedc043b3b020][TIMING] emit_host_span: [STRACE] v=1 pid=4034081 tid=4034081 inv=1 hid=418f77c12d83e553 depth=1 name=chip.run.validate ts=16218177896836536 dur=42030 
[mono_ns=16218177896890416][T0xedc043b3b020][TIMING] emit_host_span: [STRACE] v=1 pid=4034081 tid=4034081 inv=1 hid=418f77c12d83e553 depth=1 name=chip.run.claim_release ts=16218177896887156 dur=960 
[mono_ns=16218177896900156][T0xedc043b3b020][TIMING] emit_host_span: [STRACE] v=1 pid=4034081 tid=4034081 inv=1 hid=418f77c12d83e553 depth=0 name=chip.run ts=16218121946344588 dur=55950553458 run_id=1 dispatch_id=1 slot_id=0 generation=1 run_epoch=1
[mono_ns=16218177898132423][T0xedbe8742cca0][TIMING] emit_host_span: [STRACE] v=1 pid=4023659 tid=4034828 inv=1 hid=14f129b17d264e6 depth=0 name=node.complete ts=16218177898074493 dur=45170 run_id=1 task_slot=3 group_index=0 worker_id=3 dispatch_id=1 endpoint_kind=local_mailbox prepare_only=0 role=worker outcome=1
[mono_ns=16218177898205083][T0xedbe8742cca0][TIMING] emit_host_span: [STRACE] v=1 pid=4023659 tid=4034828 inv=0 hid=0 depth=0 name=node.scheduler_loop ts=16218177897915182 dur=282801 role=scheduler drained=1 dispatched=0 drain_ns=281831 spins=15998951
[mono_ns=16218177899384890][T0xedc043b3b020][TIMING] emit_host_span: [STRACE] v=1 pid=4023659 tid=4023659 inv=1 hid=0 depth=0 name=node.post_fence_retirement ts=16218177898182933 dur=1192257 run_id=1 slot_id=0 generation=1 role=facade
[mono_ns=16218297922170585][T0xedc043b3b020][ERROR] file_barrier: [comm_hccl.cpp:218] [comm rank 6] file_barrier('alloc_0_release') timed out after 120s waiting for rank 3
[mono_ns=16218297922295286][T0xedc043b3b020][WARN] comm_release_domain_windows: [comm_hccl.cpp:1568] [comm rank 6] release_domain: barrier timed out; releasing local state anyway
[mono_ns=16218297924999578][T0xedc043b3b020][ERROR] file_barrier: [comm_hccl.cpp:218] [comm rank 2] file_barrier('alloc_0_release') timed out after 120s waiting for rank 3
[mono_ns=16218297925218509][T0xedc043b3b020][WARN] comm_release_domain_windows: [comm_hccl.cpp:1568] [comm rank 2] release_domain: barrier timed out; releasing local state anyway
[mono_ns=16218297928992387][T0xedc043b3b020][ERROR] file_barrier: [comm_hccl.cpp:218] [comm rank 0] file_barrier('alloc_0_release') timed out after 120s waiting for rank 3
[mono_ns=16218297929288618][T0xedc043b3b020][WARN] comm_release_domain_windows: [comm_hccl.cpp:1568] [comm rank 0] release_domain: barrier timed out; releasing local state anyway
[mono_ns=16218297929571959][T0xedc043b3b020][WARN] comm_destroy: [comm_hccl.cpp:1795] [comm rank 3] comm_destroy: final barrier failed during arrival wait for rank 0; releasing local state anyway
[mono_ns=16218297929853011][T0xedc043b3b020][ERROR] file_barrier: [comm_hccl.cpp:218] [comm rank 5] file_barrier('alloc_0_release') timed out after 120s waiting for rank 3
[mono_ns=16218297929934951][T0xedc043b3b020][WARN] comm_release_domain_windows: [comm_hccl.cpp:1568] [comm rank 5] release_domain: barrier timed out; releasing local state anyway
[mono_ns=16218297946549289][T0xedc043b3b020][ERROR] file_barrier: [comm_hccl.cpp:218] [comm rank 1] file_barrier('alloc_0_release') timed out after 120s waiting for rank 3
[mono_ns=16218297946578869][T0xedc043b3b020][WARN] comm_release_domain_windows: [comm_hccl.cpp:1568] [comm rank 1] release_domain: barrier timed out; releasing local state anyway
[mono_ns=16218297946545979][T0xedc043b3b020][ERROR] file_barrier: [comm_hccl.cpp:218] [comm rank 7] file_barrier('alloc_0_release') timed out after 120s waiting for rank 3
[mono_ns=16218297946626779][T0xedc043b3b020][WARN] comm_release_domain_windows: [comm_hccl.cpp:1568] [comm rank 7] release_domain: barrier timed out; releasing local state anyway
[mono_ns=16218297958508154][T0xedc043b3b020][ERROR] file_barrier: [comm_hccl.cpp:218] [comm rank 4] file_barrier('alloc_0_release') timed out after 120s waiting for rank 3
[mono_ns=16218297958613745][T0xedc043b3b020][WARN] comm_release_domain_windows: [comm_hccl.cpp:1568] [comm rank 4] release_domain: barrier timed out; releasing local state anyway
[mono_ns=16218300184131453][T0xedc043b3b020][WARN] force_reset_device: [device_runner.cpp:987] force_reset_device: aclrtResetDeviceForce(3) established a usable device generation (probe confirmed)
[mono_ns=16218300184192893][T0xedc043b3b020][WARN] retire_device_generation_after_confirmed_reset: [device_runner_base.cpp:2717] device 3: confirmed reset retired the suspect generation; fault notices reported before it are no longer this device's (generation is now 1)
[mono_ns=16218300479772085][T0xedc043b3b020][WARN] finalize_common_impl: [device_runner_base.cpp:1888] Fatal teardown: force reset/quarantine finished; skipping per-resource RTS destroy/free calls
[mono_ns=16218300480127107][T0xedc043b3b020][WARN] finalize_common_impl: [device_runner_base.cpp:2167] Fatal teardown: host-side ownership cleared without further device calls
[mono_ns=16218300748334953][T0xedc043b3b020][WARN] finalize: [device_runner.cpp:1159] DeviceRunner finalized after fatal device failure
Traceback (most recent call last):
  File "/opt/pypto-profiling/collectives/a1_alltoallv/harness/all_to_all_v_benchmark.py", line 1027, in _timed_session
    runtime.run(compiled, inputs, send_counts, outputs, recv_out, config=run_config)
  File "/opt/a1/main/python/pypto/runtime/distributed_runner.py", line 3342, in run
    return self.submit(compiled, *args, config=config).result()
           ^^^^^^^^^^^^^^^^^^^^^^^^^^^^^^^^^^^^^^^^^^^^^^^^^^^^
  File "/opt/a1/main/python/pypto/runtime/distributed_runner.py", line 234, in result
    raise error
  File "/opt/a1/main/python/pypto/runtime/distributed_runner.py", line 197, in result
    native_handle.result(timeout=remaining)
  File "/opt/a1/main/runtime/python/simpler/worker.py", line 4428, in result
    self.wait(timeout)
  File "/opt/a1/main/runtime/python/simpler/worker.py", line 4419, in wait
    raise published_error
  File "/opt/a1/main/runtime/python/simpler/worker.py", line 4373, in wait
    completed = self._worker._wait_run_handle(run_id, remaining)
                ^^^^^^^^^^^^^^^^^^^^^^^^^^^^^^^^^^^^^^^^^^^^^^^^
  File "/opt/a1/main/runtime/python/simpler/worker.py", line 11613, in _wait_run_handle
    self._orch._wait_run(run_id)
  File "/opt/a1/main/runtime/python/simpler/orchestrator.py", line 840, in _wait_run
    self._o._wait_run(run_id)
RuntimeError: LocalMailboxEndpoint child failed (worker_id=3, code=1): chip_process dev=3: chip run: RuntimeError: chip run lane is poisoned: finalize_native_run failed with code -100 (run_id=1 slot=0 generation=1 dispatch_id=1 run_epoch=1)

During handling of the above exception, another exception occurred:

Traceback (most recent call last):
  File "/opt/pypto-profiling/collectives/a1_alltoallv/harness/all_to_all_v_benchmark.py", line 1260, in <module>
    raise SystemExit(main())
                     ^^^^^^
  File "/opt/pypto-profiling/collectives/a1_alltoallv/harness/all_to_all_v_benchmark.py", line 1249, in main
    doc = run_benchmark(args, shape)
          ^^^^^^^^^^^^^^^^^^^^^^^^^^
  File "/opt/pypto-profiling/collectives/a1_alltoallv/harness/all_to_all_v_benchmark.py", line 1097, in run_benchmark
    host_slots, slot_rank = _timed_session(
                            ^^^^^^^^^^^^^^^
  File "/opt/pypto-profiling/collectives/a1_alltoallv/harness/all_to_all_v_benchmark.py", line 1022, in _timed_session
    with compiled.prepare(
         ^^^^^^^^^^^^^^^^^
  File "/opt/a1/main/python/pypto/runtime/distributed_runner.py", line 3286, in __exit__
    self.close()
  File "/opt/a1/main/python/pypto/runtime/distributed_runner.py", line 3277, in close
    raise first_error
  File "/opt/a1/main/python/pypto/runtime/distributed_runner.py", line 3263, in close
    self._w.close()
  File "/opt/a1/main/runtime/python/simpler/worker.py", line 12167, in close
    raise result
  File "/opt/a1/main/runtime/python/simpler/worker.py", line 12089, in close
    self._teardown_ready_tree()
  File "/opt/a1/main/runtime/python/simpler/worker.py", line 12502, in _teardown_ready_tree
    self._teardown_worker_tree(startup_abort=False)
  File "/opt/a1/main/runtime/python/simpler/worker.py", line 12385, in _teardown_worker_tree
    raise journal_err
  File "/opt/a1/main/runtime/python/simpler/worker.py", line 3909, in drive
    cleanup_fn()
  File "/opt/a1/main/runtime/python/simpler/worker.py", line 10285, in _release_all_live_domains
    _raise_first(_release, list(live_domains.values())[::-1])
  File "/opt/a1/main/runtime/python/simpler/worker.py", line 1107, in _raise_first
    raise first_error
  File "/opt/a1/main/runtime/python/simpler/worker.py", line 1102, in _raise_first
    step(item)
  File "/opt/a1/main/runtime/python/simpler/worker.py", line 10280, in _release
    self._release_domain_now(handle)
  File "/opt/a1/main/runtime/python/simpler/worker.py", line 9281, in _release_domain_now
    raise result.error
  File "/opt/a1/main/runtime/python/simpler/worker.py", line 1339, in invoke
    result.value = operation()
                   ^^^^^^^^^^^
  File "/opt/a1/main/runtime/python/simpler/worker.py", line 9265, in release_claim
    self._release_domain_claimed(handle)
  File "/opt/a1/main/runtime/python/simpler/worker.py", line 9326, in _release_domain_claimed
    _run_with_owned_shared_memory(
  File "/opt/a1/main/runtime/python/simpler/worker.py", line 1643, in _run_with_owned_shared_memory
    raise result.error
  File "/opt/a1/main/runtime/python/simpler/worker.py", line 1339, in invoke
    result.value = operation()
                   ^^^^^^^^^^^
  File "/opt/a1/main/runtime/python/simpler/worker.py", line 1636, in run_lifecycle
    raise operation_error
  File "/opt/a1/main/runtime/python/simpler/worker.py", line 1623, in run_lifecycle
    value = operation(owner)
            ^^^^^^^^^^^^^^^^
  File "/opt/a1/main/runtime/python/simpler/worker.py", line 9314, in release
    self._dispatch_control_domain(
  File "/opt/a1/main/runtime/python/simpler/worker.py", line 9367, in _dispatch_control_domain
    raise RuntimeError(
RuntimeError: release_domain(allocation_id=0) failed on 8/8 chips; first error chip=6: control_release_domain failed on child: chip_process dev=6 ctrl=8: RuntimeError: comm_release_domain_windows failed with code -1
[mono_ns=16218422337121098][T0xedc043b3b020][WARN] comm_destroy: [comm_hccl.cpp:1795] [comm rank 0] comm_destroy: final barrier failed during departure wait for rank 3; releasing local state anyway
[mono_ns=16218422457836671][T0xedc043b3b020][WARN] comm_destroy: [comm_hccl.cpp:1848] [comm rank 6] comm_destroy: final release failed during release wait for rank 6
[mono_ns=16218422490519019][T0xedc043b3b020][WARN] comm_destroy: [comm_hccl.cpp:1848] [comm rank 1] comm_destroy: final release failed during release wait for rank 1
[mono_ns=16218422501935554][T0xedc043b3b020][WARN] comm_destroy: [comm_hccl.cpp:1848] [comm rank 4] comm_destroy: final release failed during release wait for rank 4
[mono_ns=16218422527019112][T0xedc043b3b020][WARN] comm_destroy: [comm_hccl.cpp:1848] [comm rank 7] comm_destroy: final release failed during release wait for rank 7
[mono_ns=16218422621219211][T0xedc043b3b020][WARN] comm_destroy: [comm_hccl.cpp:1848] [comm rank 2] comm_destroy: final release failed during release wait for rank 2
[mono_ns=16218422636255710][T0xedc043b3b020][WARN] comm_destroy: [comm_hccl.cpp:1848] [comm rank 5] comm_destroy: final release failed during release wait for rank 5
/usr/local/python3.12.13/lib/python3.12/multiprocessing/resource_tracker.py:279: UserWarning: resource_tracker: There appear to be 8 leaked shared_memory objects to clean up at shutdown
  warnings.warn('resource_tracker: There appear to be %d '

