[mono_ns=7259510694580433][T0xe78ff24a9020][TIMING] emit_host_span: [STRACE] v=1 pid=3654532 tid=3654532 inv=1 hid=c58bf58e36d5e59c depth=2 name=chip.run.bind.args ts=7259510692513002 dur=2060591 
[mono_ns=7259510694938083][T0xe78ff24a9020][TIMING] emit_host_span: [STRACE] v=1 pid=3654532 tid=3654532 inv=1 hid=c58bf58e36d5e59c depth=2 name=chip.run.bind.prebuilt ts=7259510694930573 dur=2810 
[mono_ns=7259510694943753][T0xe78ff24a9020][TIMING] emit_host_span: [STRACE] v=1 pid=3654532 tid=3654532 inv=1 hid=c58bf58e36d5e59c depth=1 name=chip.run.bind ts=7259510692349932 dur=2591361 
[mono_ns=7259510814927360][T0xe78ff24a9020][TIMING] emit_host_span: [STRACE] v=1 pid=3654532 tid=3654532 inv=1 hid=c58bf58e36d5e59c depth=1 name=chip.run.runner_run ts=7259510696670504 dur=118237876 
[mono_ns=7259510818971782][T0xe78ff24a9020][TIMING] emit_host_span: [STRACE] v=1 pid=3654532 tid=3654532 inv=1 hid=c58bf58e36d5e59c depth=1 name=chip.run.validate ts=7259510814949710 dur=4008502 
[mono_ns=7259510818996072][T0xe78ff24a9020][TIMING] emit_host_span: [STRACE] v=1 pid=3654532 tid=3654532 inv=1 hid=c58bf58e36d5e59c depth=2 name=chip.run.runner_run.device_wall ts=0 dur=10465040 clk=dev
[mono_ns=7259510819032282][T0xe78ff24a9020][TIMING] emit_host_span: [STRACE] v=1 pid=3654532 tid=3654532 inv=1 hid=c58bf58e36d5e59c depth=3 name=chip.run.runner_run.device_wall.preamble ts=0 dur=152000 clk=dev
[mono_ns=7259510819075982][T0xe78ff24a9020][TIMING] emit_host_span: [STRACE] v=1 pid=3654532 tid=3654532 inv=1 hid=c58bf58e36d5e59c depth=3 name=chip.run.runner_run.device_wall.graph_build ts=37900 dur=10405980 clk=dev
[mono_ns=7259510819079992][T0xe78ff24a9020][TIMING] emit_host_span: [STRACE] v=1 pid=3654532 tid=3654532 inv=1 hid=c58bf58e36d5e59c depth=3 name=chip.run.runner_run.device_wall.config_validate ts=42339 dur=2800 clk=dev
[mono_ns=7259510819083632][T0xe78ff24a9020][TIMING] emit_host_span: [STRACE] v=1 pid=3654532 tid=3654532 inv=1 hid=c58bf58e36d5e59c depth=3 name=chip.run.runner_run.device_wall.arena_wire ts=45280 dur=12840 clk=dev
[mono_ns=7259510819086982][T0xe78ff24a9020][TIMING] emit_host_span: [STRACE] v=1 pid=3654532 tid=3654532 inv=1 hid=c58bf58e36d5e59c depth=3 name=chip.run.runner_run.device_wall.sm_reset ts=58160 dur=17880 clk=dev
[mono_ns=7259510819100832][T0xe78ff24a9020][TIMING] emit_host_span: [STRACE] v=1 pid=3654532 tid=3654532 inv=1 hid=c58bf58e36d5e59c depth=3 name=chip.run.runner_run.device_wall.post_orch ts=10443940 dur=17159 clk=dev
[mono_ns=7259510819105142][T0xe78ff24a9020][TIMING] emit_host_span: [STRACE] v=1 pid=3654532 tid=3654532 inv=1 hid=c58bf58e36d5e59c depth=3 name=chip.run.runner_run.device_wall.orch ts=81140 dur=44420 clk=dev
[mono_ns=7259510819109142][T0xe78ff24a9020][TIMING] emit_host_span: [STRACE] v=1 pid=3654532 tid=3654532 inv=1 hid=c58bf58e36d5e59c depth=3 name=chip.run.runner_run.device_wall.sched ts=153680 dur=10268160 clk=dev
[mono_ns=7259510819117312][T0xe78ff24a9020][TIMING] emit_host_span: [STRACE] v=1 pid=3654532 tid=3654532 inv=1 hid=c58bf58e36d5e59c depth=1 name=chip.run.claim_release ts=7259510819113902 dur=1600 
[mono_ns=7259510819331672][T0xe78ff24a9020][TIMING] emit_host_span: [STRACE] v=1 pid=3654532 tid=3654532 inv=1 hid=c58bf58e36d5e59c depth=0 name=chip.run ts=7259510692262592 dur=127053390 run_id=1 dispatch_id=1 slot_id=0 generation=1 run_epoch=1
[mono_ns=7259510845844055][T0xe78ff24a9020][TIMING] emit_host_span: [STRACE] v=1 pid=3654532 tid=3654532 inv=2 hid=c58bf58e36d5e59c depth=2 name=chip.run.bind.args ts=7259510840387312 dur=5448593 
[mono_ns=7259510845871245][T0xe78ff24a9020][TIMING] emit_host_span: [STRACE] v=1 pid=3654532 tid=3654532 inv=2 hid=c58bf58e36d5e59c depth=2 name=chip.run.bind.prebuilt ts=7259510845865135 dur=3680 
[mono_ns=7259510845882485][T0xe78ff24a9020][TIMING] emit_host_span: [STRACE] v=1 pid=3654532 tid=3654532 inv=2 hid=c58bf58e36d5e59c depth=1 name=chip.run.bind ts=7259510840374222 dur=5503883 
[mono_ns=7259510923782262][T0xe78e94eddca0][WARN] copy_aicore_buffer: [chip_swimlane_collector.cpp:689] Core 1: skipped 1024 AICore record slot(s) with start_time=0 (race-window write or recycled-buffer tail). buf seq=0 count=1024
[mono_ns=7259510923984832][T0xe78e956edca0][WARN] copy_aicore_buffer: [chip_swimlane_collector.cpp:689] Core 0: skipped 1024 AICore record slot(s) with start_time=0 (race-window write or recycled-buffer tail). buf seq=0 count=1024
[mono_ns=7259510924306922][T0xe78e94eddca0][WARN] copy_aicore_buffer: [chip_swimlane_collector.cpp:689] Core 26: skipped 1022 AICore record slot(s) with start_time=0 (race-window write or recycled-buffer tail). buf seq=0 count=1024
[mono_ns=7259510924362512][T0xe78e956edca0][WARN] copy_aicore_buffer: [chip_swimlane_collector.cpp:689] Core 24: skipped 1024 AICore record slot(s) with start_time=0 (race-window write or recycled-buffer tail). buf seq=0 count=1024
[mono_ns=7259510924609592][T0xe78e94eddca0][WARN] copy_aicore_buffer: [chip_swimlane_collector.cpp:689] Core 27: skipped 1024 AICore record slot(s) with start_time=0 (race-window write or recycled-buffer tail). buf seq=0 count=1024
[mono_ns=7259510924777222][T0xe78e956edca0][WARN] copy_aicore_buffer: [chip_swimlane_collector.cpp:689] Core 25: skipped 1024 AICore record slot(s) with start_time=0 (race-window write or recycled-buffer tail). buf seq=0 count=1024
[mono_ns=7259510924924383][T0xe78e94eddca0][WARN] copy_aicore_buffer: [chip_swimlane_collector.cpp:689] Core 4: skipped 1024 AICore record slot(s) with start_time=0 (race-window write or recycled-buffer tail). buf seq=0 count=1024
[mono_ns=7259510925151883][T0xe78e956edca0][WARN] copy_aicore_buffer: [chip_swimlane_collector.cpp:689] Core 3: skipped 1024 AICore record slot(s) with start_time=0 (race-window write or recycled-buffer tail). buf seq=0 count=1024
[mono_ns=7259510925236483][T0xe78e94eddca0][WARN] copy_aicore_buffer: [chip_swimlane_collector.cpp:689] Core 32: skipped 1024 AICore record slot(s) with start_time=0 (race-window write or recycled-buffer tail). buf seq=0 count=1024
[mono_ns=7259510925489593][T0xe78e956edca0][WARN] copy_aicore_buffer: [chip_swimlane_collector.cpp:689] Core 30: skipped 1024 AICore record slot(s) with start_time=0 (race-window write or recycled-buffer tail). buf seq=0 count=1024
[mono_ns=7259510925525643][T0xe78e94eddca0][WARN] copy_aicore_buffer: [chip_swimlane_collector.cpp:689] Core 33: skipped 1024 AICore record slot(s) with start_time=0 (race-window write or recycled-buffer tail). buf seq=0 count=1024
[mono_ns=7259510925812783][T0xe78e94eddca0][WARN] copy_aicore_buffer: [chip_swimlane_collector.cpp:689] Core 7: skipped 1024 AICore record slot(s) with start_time=0 (race-window write or recycled-buffer tail). buf seq=0 count=1024
[mono_ns=7259510925825413][T0xe78e956edca0][WARN] copy_aicore_buffer: [chip_swimlane_collector.cpp:689] Core 31: skipped 1024 AICore record slot(s) with start_time=0 (race-window write or recycled-buffer tail). buf seq=0 count=1024
[mono_ns=7259510926116293][T0xe78e94eddca0][WARN] copy_aicore_buffer: [chip_swimlane_collector.cpp:689] Core 38: skipped 1024 AICore record slot(s) with start_time=0 (race-window write or recycled-buffer tail). buf seq=0 count=1024
[mono_ns=7259510926170093][T0xe78e956edca0][WARN] copy_aicore_buffer: [chip_swimlane_collector.cpp:689] Core 6: skipped 1024 AICore record slot(s) with start_time=0 (race-window write or recycled-buffer tail). buf seq=0 count=1024
[mono_ns=7259510926406753][T0xe78e94eddca0][WARN] copy_aicore_buffer: [chip_swimlane_collector.cpp:689] Core 39: skipped 1024 AICore record slot(s) with start_time=0 (race-window write or recycled-buffer tail). buf seq=0 count=1024
[mono_ns=7259510926508493][T0xe78e956edca0][WARN] copy_aicore_buffer: [chip_swimlane_collector.cpp:689] Core 36: skipped 1024 AICore record slot(s) with start_time=0 (race-window write or recycled-buffer tail). buf seq=0 count=1024
[mono_ns=7259510926552023][T0xe78e946cdca0][WARN] copy_aicore_buffer: [chip_swimlane_collector.cpp:689] Core 2: skipped 1024 AICore record slot(s) with start_time=0 (race-window write or recycled-buffer tail). buf seq=0 count=1024
[mono_ns=7259510926696473][T0xe78e94eddca0][WARN] copy_aicore_buffer: [chip_swimlane_collector.cpp:689] Core 10: skipped 1024 AICore record slot(s) with start_time=0 (race-window write or recycled-buffer tail). buf seq=0 count=1024
[mono_ns=7259510926851113][T0xe78e956edca0][WARN] copy_aicore_buffer: [chip_swimlane_collector.cpp:689] Core 37: skipped 1024 AICore record slot(s) with start_time=0 (race-window write or recycled-buffer tail). buf seq=0 count=1024
[mono_ns=7259510926918163][T0xe78e946cdca0][WARN] copy_aicore_buffer: [chip_swimlane_collector.cpp:689] Core 28: skipped 1023 AICore record slot(s) with start_time=0 (race-window write or recycled-buffer tail). buf seq=0 count=1024
[mono_ns=7259510926988294][T0xe78e94eddca0][WARN] copy_aicore_buffer: [chip_swimlane_collector.cpp:689] Core 44: skipped 1024 AICore record slot(s) with start_time=0 (race-window write or recycled-buffer tail). buf seq=0 count=1024
[mono_ns=7259510927212514][T0xe78e956edca0][WARN] copy_aicore_buffer: [chip_swimlane_collector.cpp:689] Core 9: skipped 1024 AICore record slot(s) with start_time=0 (race-window write or recycled-buffer tail). buf seq=0 count=1024
[mono_ns=7259510927275714][T0xe78e946cdca0][WARN] copy_aicore_buffer: [chip_swimlane_collector.cpp:689] Core 29: skipped 1024 AICore record slot(s) with start_time=0 (race-window write or recycled-buffer tail). buf seq=0 count=1024
[mono_ns=7259510927307114][T0xe78e94eddca0][WARN] copy_aicore_buffer: [chip_swimlane_collector.cpp:689] Core 45: skipped 1024 AICore record slot(s) with start_time=0 (race-window write or recycled-buffer tail). buf seq=0 count=1024
[mono_ns=7259510927549294][T0xe78e956edca0][WARN] copy_aicore_buffer: [chip_swimlane_collector.cpp:689] Core 42: skipped 1024 AICore record slot(s) with start_time=0 (race-window write or recycled-buffer tail). buf seq=0 count=1024
[mono_ns=7259510927594484][T0xe78e94eddca0][WARN] copy_aicore_buffer: [chip_swimlane_collector.cpp:689] Core 13: skipped 1024 AICore record slot(s) with start_time=0 (race-window write or recycled-buffer tail). buf seq=0 count=1024
[mono_ns=7259510927625624][T0xe78e946cdca0][WARN] copy_aicore_buffer: [chip_swimlane_collector.cpp:689] Core 5: skipped 1024 AICore record slot(s) with start_time=0 (race-window write or recycled-buffer tail). buf seq=0 count=1024
[mono_ns=7259510927884644][T0xe78e956edca0][WARN] copy_aicore_buffer: [chip_swimlane_collector.cpp:689] Core 43: skipped 1024 AICore record slot(s) with start_time=0 (race-window write or recycled-buffer tail). buf seq=0 count=1024
[mono_ns=7259510927898204][T0xe78e94eddca0][WARN] copy_aicore_buffer: [chip_swimlane_collector.cpp:689] Core 50: skipped 1024 AICore record slot(s) with start_time=0 (race-window write or recycled-buffer tail). buf seq=0 count=1024
[mono_ns=7259510927959134][T0xe78e946cdca0][WARN] copy_aicore_buffer: [chip_swimlane_collector.cpp:689] Core 34: skipped 1024 AICore record slot(s) with start_time=0 (race-window write or recycled-buffer tail). buf seq=0 count=1024
[mono_ns=7259510928197644][T0xe78e94eddca0][WARN] copy_aicore_buffer: [chip_swimlane_collector.cpp:689] Core 51: skipped 1024 AICore record slot(s) with start_time=0 (race-window write or recycled-buffer tail). buf seq=0 count=1024
[mono_ns=7259510928235544][T0xe78e956edca0][WARN] copy_aicore_buffer: [chip_swimlane_collector.cpp:689] Core 12: skipped 1024 AICore record slot(s) with start_time=0 (race-window write or recycled-buffer tail). buf seq=0 count=1024
[mono_ns=7259510928303404][T0xe78e946cdca0][WARN] copy_aicore_buffer: [chip_swimlane_collector.cpp:689] Core 35: skipped 1024 AICore record slot(s) with start_time=0 (race-window write or recycled-buffer tail). buf seq=0 count=1024
[mono_ns=7259510928485634][T0xe78e94eddca0][WARN] copy_aicore_buffer: [chip_swimlane_collector.cpp:689] Core 16: skipped 1024 AICore record slot(s) with start_time=0 (race-window write or recycled-buffer tail). buf seq=0 count=1024
[mono_ns=7259510928575804][T0xe78e956edca0][WARN] copy_aicore_buffer: [chip_swimlane_collector.cpp:689] Core 48: skipped 1024 AICore record slot(s) with start_time=0 (race-window write or recycled-buffer tail). buf seq=0 count=1024
[mono_ns=7259510928640364][T0xe78e946cdca0][WARN] copy_aicore_buffer: [chip_swimlane_collector.cpp:689] Core 8: skipped 1024 AICore record slot(s) with start_time=0 (race-window write or recycled-buffer tail). buf seq=0 count=1024
[mono_ns=7259510928776454][T0xe78e94eddca0][WARN] copy_aicore_buffer: [chip_swimlane_collector.cpp:689] Core 56: skipped 1024 AICore record slot(s) with start_time=0 (race-window write or recycled-buffer tail). buf seq=0 count=1024
[mono_ns=7259510928916374][T0xe78e956edca0][WARN] copy_aicore_buffer: [chip_swimlane_collector.cpp:689] Core 49: skipped 1024 AICore record slot(s) with start_time=0 (race-window write or recycled-buffer tail). buf seq=0 count=1024
[mono_ns=7259510928975854][T0xe78e946cdca0][WARN] copy_aicore_buffer: [chip_swimlane_collector.cpp:689] Core 40: skipped 1024 AICore record slot(s) with start_time=0 (race-window write or recycled-buffer tail). buf seq=0 count=1024
[mono_ns=7259510929090395][T0xe78e94eddca0][WARN] copy_aicore_buffer: [chip_swimlane_collector.cpp:689] Core 57: skipped 1024 AICore record slot(s) with start_time=0 (race-window write or recycled-buffer tail). buf seq=0 count=1024
[mono_ns=7259510929283625][T0xe78e956edca0][WARN] copy_aicore_buffer: [chip_swimlane_collector.cpp:689] Core 15: skipped 1024 AICore record slot(s) with start_time=0 (race-window write or recycled-buffer tail). buf seq=0 count=1024
[mono_ns=7259510929326495][T0xe78e946cdca0][WARN] copy_aicore_buffer: [chip_swimlane_collector.cpp:689] Core 41: skipped 1024 AICore record slot(s) with start_time=0 (race-window write or recycled-buffer tail). buf seq=0 count=1024
[mono_ns=7259510929377865][T0xe78e94eddca0][WARN] copy_aicore_buffer: [chip_swimlane_collector.cpp:689] Core 19: skipped 1024 AICore record slot(s) with start_time=0 (race-window write or recycled-buffer tail). buf seq=0 count=1024
[mono_ns=7259510929619965][T0xe78e956edca0][WARN] copy_aicore_buffer: [chip_swimlane_collector.cpp:689] Core 54: skipped 1024 AICore record slot(s) with start_time=0 (race-window write or recycled-buffer tail). buf seq=0 count=1024
[mono_ns=7259510929666115][T0xe78e94eddca0][WARN] copy_aicore_buffer: [chip_swimlane_collector.cpp:689] Core 62: skipped 1024 AICore record slot(s) with start_time=0 (race-window write or recycled-buffer tail). buf seq=0 count=1024
[mono_ns=7259510929696945][T0xe78e946cdca0][WARN] copy_aicore_buffer: [chip_swimlane_collector.cpp:689] Core 11: skipped 1024 AICore record slot(s) with start_time=0 (race-window write or recycled-buffer tail). buf seq=0 count=1024
[mono_ns=7259510929960455][T0xe78e94eddca0][WARN] copy_aicore_buffer: [chip_swimlane_collector.cpp:689] Core 63: skipped 1024 AICore record slot(s) with start_time=0 (race-window write or recycled-buffer tail). buf seq=0 count=1024
[mono_ns=7259510929962755][T0xe78e956edca0][WARN] copy_aicore_buffer: [chip_swimlane_collector.cpp:689] Core 55: skipped 1024 AICore record slot(s) with start_time=0 (race-window write or recycled-buffer tail). buf seq=0 count=1024
[mono_ns=7259510930040125][T0xe78e946cdca0][WARN] copy_aicore_buffer: [chip_swimlane_collector.cpp:689] Core 46: skipped 1024 AICore record slot(s) with start_time=0 (race-window write or recycled-buffer tail). buf seq=0 count=1024
[mono_ns=7259510930276105][T0xe78e94eddca0][WARN] copy_aicore_buffer: [chip_swimlane_collector.cpp:689] Core 22: skipped 1024 AICore record slot(s) with start_time=0 (race-window write or recycled-buffer tail). buf seq=0 count=1024
[mono_ns=7259510930320355][T0xe78e956edca0][WARN] copy_aicore_buffer: [chip_swimlane_collector.cpp:689] Core 18: skipped 1024 AICore record slot(s) with start_time=0 (race-window write or recycled-buffer tail). buf seq=0 count=1024
[mono_ns=7259510930424305][T0xe78e946cdca0][WARN] copy_aicore_buffer: [chip_swimlane_collector.cpp:689] Core 47: skipped 1024 AICore record slot(s) with start_time=0 (race-window write or recycled-buffer tail). buf seq=0 count=1024
[mono_ns=7259510930578225][T0xe78e94eddca0][WARN] copy_aicore_buffer: [chip_swimlane_collector.cpp:689] Core 68: skipped 1024 AICore record slot(s) with start_time=0 (race-window write or recycled-buffer tail). buf seq=0 count=1024
[mono_ns=7259510930658075][T0xe78e956edca0][WARN] copy_aicore_buffer: [chip_swimlane_collector.cpp:689] Core 60: skipped 1024 AICore record slot(s) with start_time=0 (race-window write or recycled-buffer tail). buf seq=0 count=1024
[mono_ns=7259510930770205][T0xe78e946cdca0][WARN] copy_aicore_buffer: [chip_swimlane_collector.cpp:689] Core 14: skipped 1024 AICore record slot(s) with start_time=0 (race-window write or recycled-buffer tail). buf seq=0 count=1024
[mono_ns=7259510930868175][T0xe78e94eddca0][WARN] copy_aicore_buffer: [chip_swimlane_collector.cpp:689] Core 69: skipped 1024 AICore record slot(s) with start_time=0 (race-window write or recycled-buffer tail). buf seq=0 count=1024
[mono_ns=7259510930995025][T0xe78e956edca0][WARN] copy_aicore_buffer: [chip_swimlane_collector.cpp:689] Core 61: skipped 1024 AICore record slot(s) with start_time=0 (race-window write or recycled-buffer tail). buf seq=0 count=1024
[mono_ns=7259510931118265][T0xe78e946cdca0][WARN] copy_aicore_buffer: [chip_swimlane_collector.cpp:689] Core 52: skipped 1024 AICore record slot(s) with start_time=0 (race-window write or recycled-buffer tail). buf seq=0 count=1024
[mono_ns=7259510931385476][T0xe78e956edca0][WARN] copy_aicore_buffer: [chip_swimlane_collector.cpp:689] Core 21: skipped 1024 AICore record slot(s) with start_time=0 (race-window write or recycled-buffer tail). buf seq=0 count=1024
[mono_ns=7259510931452736][T0xe78e946cdca0][WARN] copy_aicore_buffer: [chip_swimlane_collector.cpp:689] Core 53: skipped 1024 AICore record slot(s) with start_time=0 (race-window write or recycled-buffer tail). buf seq=0 count=1024
[mono_ns=7259510931724296][T0xe78e956edca0][WARN] copy_aicore_buffer: [chip_swimlane_collector.cpp:689] Core 66: skipped 1024 AICore record slot(s) with start_time=0 (race-window write or recycled-buffer tail). buf seq=0 count=1024
[mono_ns=7259510931786146][T0xe78e946cdca0][WARN] copy_aicore_buffer: [chip_swimlane_collector.cpp:689] Core 17: skipped 1024 AICore record slot(s) with start_time=0 (race-window write or recycled-buffer tail). buf seq=0 count=1024
[mono_ns=7259510932080886][T0xe78e956edca0][WARN] copy_aicore_buffer: [chip_swimlane_collector.cpp:689] Core 67: skipped 1024 AICore record slot(s) with start_time=0 (race-window write or recycled-buffer tail). buf seq=0 count=1024
[mono_ns=7259510932132206][T0xe78e946cdca0][WARN] copy_aicore_buffer: [chip_swimlane_collector.cpp:689] Core 58: skipped 1024 AICore record slot(s) with start_time=0 (race-window write or recycled-buffer tail). buf seq=0 count=1024
[mono_ns=7259510932465756][T0xe78e946cdca0][WARN] copy_aicore_buffer: [chip_swimlane_collector.cpp:689] Core 59: skipped 1024 AICore record slot(s) with start_time=0 (race-window write or recycled-buffer tail). buf seq=0 count=1024
[mono_ns=7259510932861616][T0xe78e946cdca0][WARN] copy_aicore_buffer: [chip_swimlane_collector.cpp:689] Core 20: skipped 1024 AICore record slot(s) with start_time=0 (race-window write or recycled-buffer tail). buf seq=0 count=1024
[mono_ns=7259510933198746][T0xe78e946cdca0][WARN] copy_aicore_buffer: [chip_swimlane_collector.cpp:689] Core 64: skipped 1024 AICore record slot(s) with start_time=0 (race-window write or recycled-buffer tail). buf seq=0 count=1024
[mono_ns=7259510933529537][T0xe78e946cdca0][WARN] copy_aicore_buffer: [chip_swimlane_collector.cpp:689] Core 65: skipped 1024 AICore record slot(s) with start_time=0 (race-window write or recycled-buffer tail). buf seq=0 count=1024
[mono_ns=7259510933858727][T0xe78e946cdca0][WARN] copy_aicore_buffer: [chip_swimlane_collector.cpp:689] Core 23: skipped 1024 AICore record slot(s) with start_time=0 (race-window write or recycled-buffer tail). buf seq=0 count=1024
[mono_ns=7259510934207877][T0xe78e946cdca0][WARN] copy_aicore_buffer: [chip_swimlane_collector.cpp:689] Core 70: skipped 1024 AICore record slot(s) with start_time=0 (race-window write or recycled-buffer tail). buf seq=0 count=1024
[mono_ns=7259510934543067][T0xe78e946cdca0][WARN] copy_aicore_buffer: [chip_swimlane_collector.cpp:689] Core 71: skipped 1024 AICore record slot(s) with start_time=0 (race-window write or recycled-buffer tail). buf seq=0 count=1024
[mono_ns=7259511035237195][T0xe78ff24a9020][TIMING] emit_host_span: [STRACE] v=1 pid=3654532 tid=3654532 inv=2 hid=c58bf58e36d5e59c depth=1 name=chip.run.runner_run ts=7259510902589932 dur=132639863 
[mono_ns=7259511037207796][T0xe78ff24a9020][TIMING] emit_host_span: [STRACE] v=1 pid=3654532 tid=3654532 inv=2 hid=c58bf58e36d5e59c depth=1 name=chip.run.validate ts=7259511035260655 dur=1939631 
[mono_ns=7259511037264076][T0xe78ff24a9020][TIMING] emit_host_span: [STRACE] v=1 pid=3654532 tid=3654532 inv=2 hid=c58bf58e36d5e59c depth=2 name=chip.run.runner_run.device_wall ts=0 dur=18064280 clk=dev
[mono_ns=7259511037268126][T0xe78ff24a9020][TIMING] emit_host_span: [STRACE] v=1 pid=3654532 tid=3654532 inv=2 hid=c58bf58e36d5e59c depth=3 name=chip.run.runner_run.device_wall.preamble ts=0 dur=137279 clk=dev
[mono_ns=7259511037271796][T0xe78ff24a9020][TIMING] emit_host_span: [STRACE] v=1 pid=3654532 tid=3654532 inv=2 hid=c58bf58e36d5e59c depth=3 name=chip.run.runner_run.device_wall.graph_build ts=132619 dur=17917600 clk=dev
[mono_ns=7259511037275016][T0xe78ff24a9020][TIMING] emit_host_span: [STRACE] v=1 pid=3654532 tid=3654532 inv=2 hid=c58bf58e36d5e59c depth=3 name=chip.run.runner_run.device_wall.config_validate ts=132780 dur=1080 clk=dev
[mono_ns=7259511037279196][T0xe78ff24a9020][TIMING] emit_host_span: [STRACE] v=1 pid=3654532 tid=3654532 inv=2 hid=c58bf58e36d5e59c depth=3 name=chip.run.runner_run.device_wall.arena_wire ts=133880 dur=500 clk=dev
[mono_ns=7259511037282106][T0xe78ff24a9020][TIMING] emit_host_span: [STRACE] v=1 pid=3654532 tid=3654532 inv=2 hid=c58bf58e36d5e59c depth=3 name=chip.run.runner_run.device_wall.sm_reset ts=134420 dur=1120 clk=dev
[mono_ns=7259511037285186][T0xe78ff24a9020][TIMING] emit_host_span: [STRACE] v=1 pid=3654532 tid=3654532 inv=2 hid=c58bf58e36d5e59c depth=3 name=chip.run.runner_run.device_wall.post_orch ts=18050300 dur=13640 clk=dev
[mono_ns=7259511037343736][T0xe78ff24a9020][TIMING] emit_host_span: [STRACE] v=1 pid=3654532 tid=3654532 inv=2 hid=c58bf58e36d5e59c depth=3 name=chip.run.runner_run.device_wall.orch ts=135600 dur=5160 clk=dev
[mono_ns=7259511037346946][T0xe78ff24a9020][TIMING] emit_host_span: [STRACE] v=1 pid=3654532 tid=3654532 inv=2 hid=c58bf58e36d5e59c depth=3 name=chip.run.runner_run.device_wall.sched ts=137460 dur=17885860 clk=dev
[mono_ns=7259511037352206][T0xe78ff24a9020][TIMING] emit_host_span: [STRACE] v=1 pid=3654532 tid=3654532 inv=2 hid=c58bf58e36d5e59c depth=1 name=chip.run.claim_release ts=7259511037349536 dur=780 
[mono_ns=7259511037357226][T0xe78ff24a9020][TIMING] emit_host_span: [STRACE] v=1 pid=3654532 tid=3654532 inv=2 hid=c58bf58e36d5e59c depth=0 name=chip.run ts=7259510840313362 dur=197041804 run_id=2 dispatch_id=2 slot_id=0 generation=2 run_epoch=2
[mono_ns=7259516054214328][T0xe78ff24a9020][TIMING] emit_host_span: [STRACE] v=1 pid=3654532 tid=3654532 inv=3 hid=c58bf58e36d5e59c depth=2 name=chip.run.bind.args ts=7259516052039976 dur=2039432 
[mono_ns=7259516054422438][T0xe78ff24a9020][TIMING] emit_host_span: [STRACE] v=1 pid=3654532 tid=3654532 inv=3 hid=c58bf58e36d5e59c depth=2 name=chip.run.bind.prebuilt ts=7259516054412318 dur=6460 
[mono_ns=7259516054427628][T0xe78ff24a9020][TIMING] emit_host_span: [STRACE] v=1 pid=3654532 tid=3654532 inv=3 hid=c58bf58e36d5e59c depth=1 name=chip.run.bind ts=7259516052025486 dur=2399872 
[mono_ns=7259516164523235][T0xe78ff24a9020][TIMING] emit_host_span: [STRACE] v=1 pid=3654532 tid=3654532 inv=3 hid=c58bf58e36d5e59c depth=1 name=chip.run.runner_run ts=7259516055394918 dur=109110387 
[mono_ns=7259516166544626][T0xe78ff24a9020][TIMING] emit_host_span: [STRACE] v=1 pid=3654532 tid=3654532 inv=3 hid=c58bf58e36d5e59c depth=1 name=chip.run.validate ts=7259516164592685 dur=1944291 
[mono_ns=7259516166560796][T0xe78ff24a9020][TIMING] emit_host_span: [STRACE] v=1 pid=3654532 tid=3654532 inv=3 hid=c58bf58e36d5e59c depth=2 name=chip.run.runner_run.device_wall ts=0 dur=24478000 clk=dev
[mono_ns=7259516166565406][T0xe78ff24a9020][TIMING] emit_host_span: [STRACE] v=1 pid=3654532 tid=3654532 inv=3 hid=c58bf58e36d5e59c depth=3 name=chip.run.runner_run.device_wall.preamble ts=0 dur=6560 clk=dev
[mono_ns=7259516166570636][T0xe78ff24a9020][TIMING] emit_host_span: [STRACE] v=1 pid=3654532 tid=3654532 inv=3 hid=c58bf58e36d5e59c depth=3 name=chip.run.runner_run.device_wall.graph_build ts=1960 dur=24464620 clk=dev
[mono_ns=7259516166574146][T0xe78ff24a9020][TIMING] emit_host_span: [STRACE] v=1 pid=3654532 tid=3654532 inv=3 hid=c58bf58e36d5e59c depth=3 name=chip.run.runner_run.device_wall.config_validate ts=2240 dur=899 clk=dev
[mono_ns=7259516166577436][T0xe78ff24a9020][TIMING] emit_host_span: [STRACE] v=1 pid=3654532 tid=3654532 inv=3 hid=c58bf58e36d5e59c depth=3 name=chip.run.runner_run.device_wall.arena_wire ts=3159 dur=1960 clk=dev
[mono_ns=7259516166580436][T0xe78ff24a9020][TIMING] emit_host_span: [STRACE] v=1 pid=3654532 tid=3654532 inv=3 hid=c58bf58e36d5e59c depth=3 name=chip.run.runner_run.device_wall.sm_reset ts=5160 dur=2460 clk=dev
[mono_ns=7259516166583386][T0xe78ff24a9020][TIMING] emit_host_span: [STRACE] v=1 pid=3654532 tid=3654532 inv=3 hid=c58bf58e36d5e59c depth=3 name=chip.run.runner_run.device_wall.post_orch ts=24466680 dur=10940 clk=dev
[mono_ns=7259516166859646][T0xe78ff24a9020][TIMING] emit_host_span: [STRACE] v=1 pid=3654532 tid=3654532 inv=3 hid=c58bf58e36d5e59c depth=3 name=chip.run.runner_run.device_wall.orch ts=8840 dur=11440 clk=dev
[mono_ns=7259516166863476][T0xe78ff24a9020][TIMING] emit_host_span: [STRACE] v=1 pid=3654532 tid=3654532 inv=3 hid=c58bf58e36d5e59c depth=3 name=chip.run.runner_run.device_wall.sched ts=8020 dur=24450120 clk=dev
[mono_ns=7259516166871106][T0xe78ff24a9020][TIMING] emit_host_span: [STRACE] v=1 pid=3654532 tid=3654532 inv=3 hid=c58bf58e36d5e59c depth=1 name=chip.run.claim_release ts=7259516166867456 dur=1730 
[mono_ns=7259516166876796][T0xe78ff24a9020][TIMING] emit_host_span: [STRACE] v=1 pid=3654532 tid=3654532 inv=3 hid=c58bf58e36d5e59c depth=0 name=chip.run ts=7259516051637926 dur=115236810 run_id=3 dispatch_id=3 slot_id=0 generation=3 run_epoch=3
[mono_ns=7259516637732763][T0xe78ff24a9020][TIMING] emit_host_span: [STRACE] v=1 pid=3654532 tid=3654532 inv=4 hid=c58bf58e36d5e59c depth=2 name=chip.run.bind.args ts=7259516635915182 dur=1805201 
[mono_ns=7259516637758743][T0xe78ff24a9020][TIMING] emit_host_span: [STRACE] v=1 pid=3654532 tid=3654532 inv=4 hid=c58bf58e36d5e59c depth=2 name=chip.run.bind.prebuilt ts=7259516637753413 dur=2430 
[mono_ns=7259516637763743][T0xe78ff24a9020][TIMING] emit_host_span: [STRACE] v=1 pid=3654532 tid=3654532 inv=4 hid=c58bf58e36d5e59c depth=1 name=chip.run.bind ts=7259516635907242 dur=1854291 
[mono_ns=7259516650994160][T0xe78e946cdca0][WARN] copy_aicore_buffer: [chip_swimlane_collector.cpp:689] Core 2: skipped 1024 AICore record slot(s) with start_time=0 (race-window write or recycled-buffer tail). buf seq=0 count=1024
[mono_ns=7259516651119140][T0xe78e956edca0][WARN] copy_aicore_buffer: [chip_swimlane_collector.cpp:689] Core 0: skipped 1024 AICore record slot(s) with start_time=0 (race-window write or recycled-buffer tail). buf seq=0 count=1024
[mono_ns=7259516651454630][T0xe78e956edca0][WARN] copy_aicore_buffer: [chip_swimlane_collector.cpp:689] Core 24: skipped 1023 AICore record slot(s) with start_time=0 (race-window write or recycled-buffer tail). buf seq=0 count=1024
[mono_ns=7259516651457410][T0xe78e946cdca0][WARN] copy_aicore_buffer: [chip_swimlane_collector.cpp:689] Core 28: skipped 1024 AICore record slot(s) with start_time=0 (race-window write or recycled-buffer tail). buf seq=0 count=1024
[mono_ns=7259516651760151][T0xe78e94eddca0][WARN] copy_aicore_buffer: [chip_swimlane_collector.cpp:689] Core 1: skipped 1024 AICore record slot(s) with start_time=0 (race-window write or recycled-buffer tail). buf seq=0 count=1024
[mono_ns=7259516651786991][T0xe78e946cdca0][WARN] copy_aicore_buffer: [chip_swimlane_collector.cpp:689] Core 29: skipped 1024 AICore record slot(s) with start_time=0 (race-window write or recycled-buffer tail). buf seq=0 count=1024
[mono_ns=7259516651791671][T0xe78e956edca0][WARN] copy_aicore_buffer: [chip_swimlane_collector.cpp:689] Core 25: skipped 1024 AICore record slot(s) with start_time=0 (race-window write or recycled-buffer tail). buf seq=0 count=1024
[mono_ns=7259516652095311][T0xe78e94eddca0][WARN] copy_aicore_buffer: [chip_swimlane_collector.cpp:689] Core 26: skipped 1022 AICore record slot(s) with start_time=0 (race-window write or recycled-buffer tail). buf seq=0 count=1024
[mono_ns=7259516652133631][T0xe78e956edca0][WARN] copy_aicore_buffer: [chip_swimlane_collector.cpp:689] Core 3: skipped 1024 AICore record slot(s) with start_time=0 (race-window write or recycled-buffer tail). buf seq=0 count=1024
[mono_ns=7259516652134681][T0xe78e946cdca0][WARN] copy_aicore_buffer: [chip_swimlane_collector.cpp:689] Core 5: skipped 1024 AICore record slot(s) with start_time=0 (race-window write or recycled-buffer tail). buf seq=0 count=1024
[mono_ns=7259516652391531][T0xe78e94eddca0][WARN] copy_aicore_buffer: [chip_swimlane_collector.cpp:689] Core 27: skipped 1024 AICore record slot(s) with start_time=0 (race-window write or recycled-buffer tail). buf seq=0 count=1024
[mono_ns=7259516652457941][T0xe78e946cdca0][WARN] copy_aicore_buffer: [chip_swimlane_collector.cpp:689] Core 34: skipped 1024 AICore record slot(s) with start_time=0 (race-window write or recycled-buffer tail). buf seq=0 count=1024
[mono_ns=7259516652459461][T0xe78e956edca0][WARN] copy_aicore_buffer: [chip_swimlane_collector.cpp:689] Core 30: skipped 1024 AICore record slot(s) with start_time=0 (race-window write or recycled-buffer tail). buf seq=0 count=1024
[mono_ns=7259516652677721][T0xe78e94eddca0][WARN] copy_aicore_buffer: [chip_swimlane_collector.cpp:689] Core 4: skipped 1024 AICore record slot(s) with start_time=0 (race-window write or recycled-buffer tail). buf seq=0 count=1024
[mono_ns=7259516652782001][T0xe78e946cdca0][WARN] copy_aicore_buffer: [chip_swimlane_collector.cpp:689] Core 35: skipped 1024 AICore record slot(s) with start_time=0 (race-window write or recycled-buffer tail). buf seq=0 count=1024
[mono_ns=7259516652784301][T0xe78e956edca0][WARN] copy_aicore_buffer: [chip_swimlane_collector.cpp:689] Core 31: skipped 1024 AICore record slot(s) with start_time=0 (race-window write or recycled-buffer tail). buf seq=0 count=1024
[mono_ns=7259516652964911][T0xe78e94eddca0][WARN] copy_aicore_buffer: [chip_swimlane_collector.cpp:689] Core 32: skipped 1024 AICore record slot(s) with start_time=0 (race-window write or recycled-buffer tail). buf seq=0 count=1024
[mono_ns=7259516653116611][T0xe78e946cdca0][WARN] copy_aicore_buffer: [chip_swimlane_collector.cpp:689] Core 8: skipped 1024 AICore record slot(s) with start_time=0 (race-window write or recycled-buffer tail). buf seq=0 count=1024
[mono_ns=7259516653195281][T0xe78e956edca0][WARN] copy_aicore_buffer: [chip_swimlane_collector.cpp:689] Core 6: skipped 1024 AICore record slot(s) with start_time=0 (race-window write or recycled-buffer tail). buf seq=0 count=1024
[mono_ns=7259516653275531][T0xe78e94eddca0][WARN] copy_aicore_buffer: [chip_swimlane_collector.cpp:689] Core 33: skipped 1024 AICore record slot(s) with start_time=0 (race-window write or recycled-buffer tail). buf seq=0 count=1024
[mono_ns=7259516653441162][T0xe78e946cdca0][WARN] copy_aicore_buffer: [chip_swimlane_collector.cpp:689] Core 40: skipped 1024 AICore record slot(s) with start_time=0 (race-window write or recycled-buffer tail). buf seq=0 count=1024
[mono_ns=7259516653520952][T0xe78e956edca0][WARN] copy_aicore_buffer: [chip_swimlane_collector.cpp:689] Core 36: skipped 1024 AICore record slot(s) with start_time=0 (race-window write or recycled-buffer tail). buf seq=0 count=1024
[mono_ns=7259516653556432][T0xe78e94eddca0][WARN] copy_aicore_buffer: [chip_swimlane_collector.cpp:689] Core 7: skipped 1024 AICore record slot(s) with start_time=0 (race-window write or recycled-buffer tail). buf seq=0 count=1024
[mono_ns=7259516653764242][T0xe78e946cdca0][WARN] copy_aicore_buffer: [chip_swimlane_collector.cpp:689] Core 41: skipped 1024 AICore record slot(s) with start_time=0 (race-window write or recycled-buffer tail). buf seq=0 count=1024
[mono_ns=7259516653836152][T0xe78e94eddca0][WARN] copy_aicore_buffer: [chip_swimlane_collector.cpp:689] Core 38: skipped 1024 AICore record slot(s) with start_time=0 (race-window write or recycled-buffer tail). buf seq=0 count=1024
[mono_ns=7259516653845482][T0xe78e956edca0][WARN] copy_aicore_buffer: [chip_swimlane_collector.cpp:689] Core 37: skipped 1024 AICore record slot(s) with start_time=0 (race-window write or recycled-buffer tail). buf seq=0 count=1024
[mono_ns=7259516654128842][T0xe78e94eddca0][WARN] copy_aicore_buffer: [chip_swimlane_collector.cpp:689] Core 39: skipped 1024 AICore record slot(s) with start_time=0 (race-window write or recycled-buffer tail). buf seq=0 count=1024
[mono_ns=7259516654184672][T0xe78e956edca0][WARN] copy_aicore_buffer: [chip_swimlane_collector.cpp:689] Core 9: skipped 1024 AICore record slot(s) with start_time=0 (race-window write or recycled-buffer tail). buf seq=0 count=1024
[mono_ns=7259516654214182][T0xe78e946cdca0][WARN] copy_aicore_buffer: [chip_swimlane_collector.cpp:689] Core 11: skipped 1024 AICore record slot(s) with start_time=0 (race-window write or recycled-buffer tail). buf seq=0 count=1024
[mono_ns=7259516654409722][T0xe78e94eddca0][WARN] copy_aicore_buffer: [chip_swimlane_collector.cpp:689] Core 10: skipped 1024 AICore record slot(s) with start_time=0 (race-window write or recycled-buffer tail). buf seq=0 count=1024
[mono_ns=7259516654537122][T0xe78e946cdca0][WARN] copy_aicore_buffer: [chip_swimlane_collector.cpp:689] Core 46: skipped 1024 AICore record slot(s) with start_time=0 (race-window write or recycled-buffer tail). buf seq=0 count=1024
[mono_ns=7259516654565472][T0xe78e956edca0][WARN] copy_aicore_buffer: [chip_swimlane_collector.cpp:689] Core 42: skipped 1024 AICore record slot(s) with start_time=0 (race-window write or recycled-buffer tail). buf seq=0 count=1024
[mono_ns=7259516654741522][T0xe78e94eddca0][WARN] copy_aicore_buffer: [chip_swimlane_collector.cpp:689] Core 44: skipped 1024 AICore record slot(s) with start_time=0 (race-window write or recycled-buffer tail). buf seq=0 count=1024
[mono_ns=7259516654910772][T0xe78e946cdca0][WARN] copy_aicore_buffer: [chip_swimlane_collector.cpp:689] Core 47: skipped 1024 AICore record slot(s) with start_time=0 (race-window write or recycled-buffer tail). buf seq=0 count=1024
[mono_ns=7259516655092842][T0xe78e956edca0][WARN] copy_aicore_buffer: [chip_swimlane_collector.cpp:689] Core 43: skipped 1024 AICore record slot(s) with start_time=0 (race-window write or recycled-buffer tail). buf seq=0 count=1024
[mono_ns=7259516655274232][T0xe78e946cdca0][WARN] copy_aicore_buffer: [chip_swimlane_collector.cpp:689] Core 14: skipped 1024 AICore record slot(s) with start_time=0 (race-window write or recycled-buffer tail). buf seq=0 count=1024
[mono_ns=7259516655321193][T0xe78e94eddca0][WARN] copy_aicore_buffer: [chip_swimlane_collector.cpp:689] Core 45: skipped 1024 AICore record slot(s) with start_time=0 (race-window write or recycled-buffer tail). buf seq=0 count=1024
[mono_ns=7259516655437423][T0xe78e956edca0][WARN] copy_aicore_buffer: [chip_swimlane_collector.cpp:689] Core 12: skipped 1024 AICore record slot(s) with start_time=0 (race-window write or recycled-buffer tail). buf seq=0 count=1024
[mono_ns=7259516655612253][T0xe78e946cdca0][WARN] copy_aicore_buffer: [chip_swimlane_collector.cpp:689] Core 52: skipped 1024 AICore record slot(s) with start_time=0 (race-window write or recycled-buffer tail). buf seq=0 count=1024
[mono_ns=7259516655625373][T0xe78e94eddca0][WARN] copy_aicore_buffer: [chip_swimlane_collector.cpp:689] Core 13: skipped 1024 AICore record slot(s) with start_time=0 (race-window write or recycled-buffer tail). buf seq=0 count=1024
[mono_ns=7259516655866773][T0xe78e956edca0][WARN] copy_aicore_buffer: [chip_swimlane_collector.cpp:689] Core 48: skipped 1024 AICore record slot(s) with start_time=0 (race-window write or recycled-buffer tail). buf seq=0 count=1024
[mono_ns=7259516655968673][T0xe78e946cdca0][WARN] copy_aicore_buffer: [chip_swimlane_collector.cpp:689] Core 53: skipped 1024 AICore record slot(s) with start_time=0 (race-window write or recycled-buffer tail). buf seq=0 count=1024
[mono_ns=7259516655968103][T0xe78e94eddca0][WARN] copy_aicore_buffer: [chip_swimlane_collector.cpp:689] Core 50: skipped 1024 AICore record slot(s) with start_time=0 (race-window write or recycled-buffer tail). buf seq=0 count=1024
[mono_ns=7259516656279513][T0xe78e956edca0][WARN] copy_aicore_buffer: [chip_swimlane_collector.cpp:689] Core 49: skipped 1024 AICore record slot(s) with start_time=0 (race-window write or recycled-buffer tail). buf seq=0 count=1024
[mono_ns=7259516656281263][T0xe78e94eddca0][WARN] copy_aicore_buffer: [chip_swimlane_collector.cpp:689] Core 51: skipped 1024 AICore record slot(s) with start_time=0 (race-window write or recycled-buffer tail). buf seq=0 count=1024
[mono_ns=7259516656323443][T0xe78e946cdca0][WARN] copy_aicore_buffer: [chip_swimlane_collector.cpp:689] Core 17: skipped 1024 AICore record slot(s) with start_time=0 (race-window write or recycled-buffer tail). buf seq=0 count=1024
[mono_ns=7259516656569453][T0xe78e94eddca0][WARN] copy_aicore_buffer: [chip_swimlane_collector.cpp:689] Core 16: skipped 1024 AICore record slot(s) with start_time=0 (race-window write or recycled-buffer tail). buf seq=0 count=1024
[mono_ns=7259516656655373][T0xe78e956edca0][WARN] copy_aicore_buffer: [chip_swimlane_collector.cpp:689] Core 15: skipped 1024 AICore record slot(s) with start_time=0 (race-window write or recycled-buffer tail). buf seq=0 count=1024
[mono_ns=7259516656659553][T0xe78e946cdca0][WARN] copy_aicore_buffer: [chip_swimlane_collector.cpp:689] Core 58: skipped 1024 AICore record slot(s) with start_time=0 (race-window write or recycled-buffer tail). buf seq=0 count=1024
[mono_ns=7259516656912973][T0xe78e94eddca0][WARN] copy_aicore_buffer: [chip_swimlane_collector.cpp:689] Core 56: skipped 1024 AICore record slot(s) with start_time=0 (race-window write or recycled-buffer tail). buf seq=0 count=1024
[mono_ns=7259516656996743][T0xe78e946cdca0][WARN] copy_aicore_buffer: [chip_swimlane_collector.cpp:689] Core 59: skipped 1024 AICore record slot(s) with start_time=0 (race-window write or recycled-buffer tail). buf seq=0 count=1024
[mono_ns=7259516657108473][T0xe78e956edca0][WARN] copy_aicore_buffer: [chip_swimlane_collector.cpp:689] Core 54: skipped 1024 AICore record slot(s) with start_time=0 (race-window write or recycled-buffer tail). buf seq=0 count=1024
[mono_ns=7259516657234104][T0xe78e94eddca0][WARN] copy_aicore_buffer: [chip_swimlane_collector.cpp:689] Core 57: skipped 1024 AICore record slot(s) with start_time=0 (race-window write or recycled-buffer tail). buf seq=0 count=1024
[mono_ns=7259516657353004][T0xe78e946cdca0][WARN] copy_aicore_buffer: [chip_swimlane_collector.cpp:689] Core 20: skipped 1024 AICore record slot(s) with start_time=0 (race-window write or recycled-buffer tail). buf seq=0 count=1024
[mono_ns=7259516657527464][T0xe78e956edca0][WARN] copy_aicore_buffer: [chip_swimlane_collector.cpp:689] Core 55: skipped 1024 AICore record slot(s) with start_time=0 (race-window write or recycled-buffer tail). buf seq=0 count=1024
[mono_ns=7259516657536114][T0xe78e94eddca0][WARN] copy_aicore_buffer: [chip_swimlane_collector.cpp:689] Core 19: skipped 1024 AICore record slot(s) with start_time=0 (race-window write or recycled-buffer tail). buf seq=0 count=1024
[mono_ns=7259516657689154][T0xe78e946cdca0][WARN] copy_aicore_buffer: [chip_swimlane_collector.cpp:689] Core 64: skipped 1024 AICore record slot(s) with start_time=0 (race-window write or recycled-buffer tail). buf seq=0 count=1024
[mono_ns=7259516657842214][T0xe78e94eddca0][WARN] copy_aicore_buffer: [chip_swimlane_collector.cpp:689] Core 62: skipped 1024 AICore record slot(s) with start_time=0 (race-window write or recycled-buffer tail). buf seq=0 count=1024
[mono_ns=7259516657990704][T0xe78e956edca0][WARN] copy_aicore_buffer: [chip_swimlane_collector.cpp:689] Core 18: skipped 1024 AICore record slot(s) with start_time=0 (race-window write or recycled-buffer tail). buf seq=0 count=1024
[mono_ns=7259516658037624][T0xe78e946cdca0][WARN] copy_aicore_buffer: [chip_swimlane_collector.cpp:689] Core 65: skipped 1024 AICore record slot(s) with start_time=0 (race-window write or recycled-buffer tail). buf seq=0 count=1024
[mono_ns=7259516658153804][T0xe78e94eddca0][WARN] copy_aicore_buffer: [chip_swimlane_collector.cpp:689] Core 63: skipped 1024 AICore record slot(s) with start_time=0 (race-window write or recycled-buffer tail). buf seq=0 count=1024
[mono_ns=7259516658386564][T0xe78e946cdca0][WARN] copy_aicore_buffer: [chip_swimlane_collector.cpp:689] Core 23: skipped 1024 AICore record slot(s) with start_time=0 (race-window write or recycled-buffer tail). buf seq=0 count=1024
[mono_ns=7259516658393724][T0xe78e956edca0][WARN] copy_aicore_buffer: [chip_swimlane_collector.cpp:689] Core 60: skipped 1024 AICore record slot(s) with start_time=0 (race-window write or recycled-buffer tail). buf seq=0 count=1024
[mono_ns=7259516658510784][T0xe78e94eddca0][WARN] copy_aicore_buffer: [chip_swimlane_collector.cpp:689] Core 22: skipped 1024 AICore record slot(s) with start_time=0 (race-window write or recycled-buffer tail). buf seq=0 count=1024
[mono_ns=7259516658794174][T0xe78e946cdca0][WARN] copy_aicore_buffer: [chip_swimlane_collector.cpp:689] Core 70: skipped 1024 AICore record slot(s) with start_time=0 (race-window write or recycled-buffer tail). buf seq=0 count=1024
[mono_ns=7259516658811394][T0xe78e94eddca0][WARN] copy_aicore_buffer: [chip_swimlane_collector.cpp:689] Core 68: skipped 1024 AICore record slot(s) with start_time=0 (race-window write or recycled-buffer tail). buf seq=0 count=1024
[mono_ns=7259516658925644][T0xe78e956edca0][WARN] copy_aicore_buffer: [chip_swimlane_collector.cpp:689] Core 61: skipped 1024 AICore record slot(s) with start_time=0 (race-window write or recycled-buffer tail). buf seq=0 count=1024
[mono_ns=7259516659121275][T0xe78e94eddca0][WARN] copy_aicore_buffer: [chip_swimlane_collector.cpp:689] Core 69: skipped 1024 AICore record slot(s) with start_time=0 (race-window write or recycled-buffer tail). buf seq=0 count=1024
[mono_ns=7259516659151545][T0xe78e946cdca0][WARN] copy_aicore_buffer: [chip_swimlane_collector.cpp:689] Core 71: skipped 1024 AICore record slot(s) with start_time=0 (race-window write or recycled-buffer tail). buf seq=0 count=1024
[mono_ns=7259516659319855][T0xe78e956edca0][WARN] copy_aicore_buffer: [chip_swimlane_collector.cpp:689] Core 21: skipped 1024 AICore record slot(s) with start_time=0 (race-window write or recycled-buffer tail). buf seq=0 count=1024
[mono_ns=7259516659708595][T0xe78e956edca0][WARN] copy_aicore_buffer: [chip_swimlane_collector.cpp:689] Core 66: skipped 1024 AICore record slot(s) with start_time=0 (race-window write or recycled-buffer tail). buf seq=0 count=1024
[mono_ns=7259516660061345][T0xe78e956edca0][WARN] copy_aicore_buffer: [chip_swimlane_collector.cpp:689] Core 67: skipped 1024 AICore record slot(s) with start_time=0 (race-window write or recycled-buffer tail). buf seq=0 count=1024
[mono_ns=7259516761301259][T0xe78ff24a9020][TIMING] emit_host_span: [STRACE] v=1 pid=3654532 tid=3654532 inv=4 hid=c58bf58e36d5e59c depth=1 name=chip.run.runner_run ts=7259516643950326 dur=117337053 
[mono_ns=7259516763298490][T0xe78ff24a9020][TIMING] emit_host_span: [STRACE] v=1 pid=3654532 tid=3654532 inv=4 hid=c58bf58e36d5e59c depth=1 name=chip.run.validate ts=7259516761320369 dur=1970161 
[mono_ns=7259516763317580][T0xe78ff24a9020][TIMING] emit_host_span: [STRACE] v=1 pid=3654532 tid=3654532 inv=4 hid=c58bf58e36d5e59c depth=2 name=chip.run.runner_run.device_wall ts=0 dur=6165540 clk=dev
[mono_ns=7259516763322540][T0xe78ff24a9020][TIMING] emit_host_span: [STRACE] v=1 pid=3654532 tid=3654532 inv=4 hid=c58bf58e36d5e59c depth=3 name=chip.run.runner_run.device_wall.preamble ts=0 dur=106080 clk=dev
[mono_ns=7259516763327020][T0xe78ff24a9020][TIMING] emit_host_span: [STRACE] v=1 pid=3654532 tid=3654532 inv=4 hid=c58bf58e36d5e59c depth=3 name=chip.run.runner_run.device_wall.graph_build ts=102140 dur=6052000 clk=dev
[mono_ns=7259516763361900][T0xe78ff24a9020][TIMING] emit_host_span: [STRACE] v=1 pid=3654532 tid=3654532 inv=4 hid=c58bf58e36d5e59c depth=3 name=chip.run.runner_run.device_wall.config_validate ts=102220 dur=740 clk=dev
[mono_ns=7259516763462440][T0xe78ff24a9020][TIMING] emit_host_span: [STRACE] v=1 pid=3654532 tid=3654532 inv=4 hid=c58bf58e36d5e59c depth=3 name=chip.run.runner_run.device_wall.arena_wire ts=103000 dur=320 clk=dev
[mono_ns=7259516763466710][T0xe78ff24a9020][TIMING] emit_host_span: [STRACE] v=1 pid=3654532 tid=3654532 inv=4 hid=c58bf58e36d5e59c depth=3 name=chip.run.runner_run.device_wall.sm_reset ts=103340 dur=560 clk=dev
[mono_ns=7259516763470680][T0xe78ff24a9020][TIMING] emit_host_span: [STRACE] v=1 pid=3654532 tid=3654532 inv=4 hid=c58bf58e36d5e59c depth=3 name=chip.run.runner_run.device_wall.post_orch ts=6154160 dur=11280 clk=dev
[mono_ns=7259516763474270][T0xe78ff24a9020][TIMING] emit_host_span: [STRACE] v=1 pid=3654532 tid=3654532 inv=4 hid=c58bf58e36d5e59c depth=3 name=chip.run.runner_run.device_wall.orch ts=103940 dur=3940 clk=dev
[mono_ns=7259516763477140][T0xe78ff24a9020][TIMING] emit_host_span: [STRACE] v=1 pid=3654532 tid=3654532 inv=4 hid=c58bf58e36d5e59c depth=3 name=chip.run.runner_run.device_wall.sched ts=106160 dur=6022420 clk=dev
[mono_ns=7259516763482390][T0xe78ff24a9020][TIMING] emit_host_span: [STRACE] v=1 pid=3654532 tid=3654532 inv=4 hid=c58bf58e36d5e59c depth=1 name=chip.run.claim_release ts=7259516763479530 dur=810 
[mono_ns=7259516763487590][T0xe78ff24a9020][TIMING] emit_host_span: [STRACE] v=1 pid=3654532 tid=3654532 inv=4 hid=c58bf58e36d5e59c depth=0 name=chip.run ts=7259516635771042 dur=127714578 run_id=4 dispatch_id=4 slot_id=0 generation=4 run_epoch=4
[mono_ns=7259521671751407][T0xe78ff24a9020][TIMING] emit_host_span: [STRACE] v=1 pid=3654532 tid=3654532 inv=5 hid=c58bf58e36d5e59c depth=2 name=chip.run.bind.args ts=7259521669793186 dur=1947681 
[mono_ns=7259521671786107][T0xe78ff24a9020][TIMING] emit_host_span: [STRACE] v=1 pid=3654532 tid=3654532 inv=5 hid=c58bf58e36d5e59c depth=2 name=chip.run.bind.prebuilt ts=7259521671779277 dur=3870 
[mono_ns=7259521671792017][T0xe78ff24a9020][TIMING] emit_host_span: [STRACE] v=1 pid=3654532 tid=3654532 inv=5 hid=c58bf58e36d5e59c depth=1 name=chip.run.bind ts=7259521669784436 dur=2004591 
[mono_ns=7259521780659540][T0xe78ff24a9020][TIMING] emit_host_span: [STRACE] v=1 pid=3654532 tid=3654532 inv=5 hid=c58bf58e36d5e59c depth=1 name=chip.run.runner_run ts=7259521672101318 dur=108550432 
[mono_ns=7259521782731941][T0xe78ff24a9020][TIMING] emit_host_span: [STRACE] v=1 pid=3654532 tid=3654532 inv=5 hid=c58bf58e36d5e59c depth=1 name=chip.run.validate ts=7259521780674070 dur=2048401 
[mono_ns=7259521782757682][T0xe78ff24a9020][TIMING] emit_host_span: [STRACE] v=1 pid=3654532 tid=3654532 inv=5 hid=c58bf58e36d5e59c depth=2 name=chip.run.runner_run.device_wall ts=0 dur=8731400 clk=dev
[mono_ns=7259521782763032][T0xe78ff24a9020][TIMING] emit_host_span: [STRACE] v=1 pid=3654532 tid=3654532 inv=5 hid=c58bf58e36d5e59c depth=3 name=chip.run.runner_run.device_wall.preamble ts=0 dur=6000 clk=dev
[mono_ns=7259521782767782][T0xe78ff24a9020][TIMING] emit_host_span: [STRACE] v=1 pid=3654532 tid=3654532 inv=5 hid=c58bf58e36d5e59c depth=3 name=chip.run.runner_run.device_wall.graph_build ts=1359 dur=8719019 clk=dev
[mono_ns=7259521782772412][T0xe78ff24a9020][TIMING] emit_host_span: [STRACE] v=1 pid=3654532 tid=3654532 inv=5 hid=c58bf58e36d5e59c depth=3 name=chip.run.runner_run.device_wall.config_validate ts=1619 dur=860 clk=dev
[mono_ns=7259521782876102][T0xe78ff24a9020][TIMING] emit_host_span: [STRACE] v=1 pid=3654532 tid=3654532 inv=5 hid=c58bf58e36d5e59c depth=3 name=chip.run.runner_run.device_wall.arena_wire ts=2520 dur=1799 clk=dev
[mono_ns=7259521782879952][T0xe78ff24a9020][TIMING] emit_host_span: [STRACE] v=1 pid=3654532 tid=3654532 inv=5 hid=c58bf58e36d5e59c depth=3 name=chip.run.runner_run.device_wall.sm_reset ts=4359 dur=2000 clk=dev
[mono_ns=7259521782883472][T0xe78ff24a9020][TIMING] emit_host_span: [STRACE] v=1 pid=3654532 tid=3654532 inv=5 hid=c58bf58e36d5e59c depth=3 name=chip.run.runner_run.device_wall.post_orch ts=8720420 dur=10840 clk=dev
[mono_ns=7259521782886972][T0xe78ff24a9020][TIMING] emit_host_span: [STRACE] v=1 pid=3654532 tid=3654532 inv=5 hid=c58bf58e36d5e59c depth=3 name=chip.run.runner_run.device_wall.orch ts=7080 dur=10780 clk=dev
[mono_ns=7259521782890382][T0xe78ff24a9020][TIMING] emit_host_span: [STRACE] v=1 pid=3654532 tid=3654532 inv=5 hid=c58bf58e36d5e59c depth=3 name=chip.run.runner_run.device_wall.sched ts=6540 dur=8705740 clk=dev
[mono_ns=7259521782896452][T0xe78ff24a9020][TIMING] emit_host_span: [STRACE] v=1 pid=3654532 tid=3654532 inv=5 hid=c58bf58e36d5e59c depth=1 name=chip.run.claim_release ts=7259521782893352 dur=740 
[mono_ns=7259521782901442][T0xe78ff24a9020][TIMING] emit_host_span: [STRACE] v=1 pid=3654532 tid=3654532 inv=5 hid=c58bf58e36d5e59c depth=0 name=chip.run ts=7259521669690296 dur=113209186 run_id=5 dispatch_id=5 slot_id=0 generation=5 run_epoch=5
[mono_ns=7259521800414432][T0xe78ff24a9020][TIMING] emit_host_span: [STRACE] v=1 pid=3654532 tid=3654532 inv=6 hid=c58bf58e36d5e59c depth=2 name=chip.run.bind.args ts=7259521798512841 dur=1894151 
[mono_ns=7259521800444212][T0xe78ff24a9020][TIMING] emit_host_span: [STRACE] v=1 pid=3654532 tid=3654532 inv=6 hid=c58bf58e36d5e59c depth=2 name=chip.run.bind.prebuilt ts=7259521800438832 dur=2520 
[mono_ns=7259521800450052][T0xe78ff24a9020][TIMING] emit_host_span: [STRACE] v=1 pid=3654532 tid=3654532 inv=6 hid=c58bf58e36d5e59c depth=1 name=chip.run.bind ts=7259521798505521 dur=1941431 
[mono_ns=7259521812510129][T0xe78e946cdca0][WARN] copy_aicore_buffer: [chip_swimlane_collector.cpp:689] Core 2: skipped 1024 AICore record slot(s) with start_time=0 (race-window write or recycled-buffer tail). buf seq=0 count=1024
[mono_ns=7259521812552939][T0xe78e94eddca0][WARN] copy_aicore_buffer: [chip_swimlane_collector.cpp:689] Core 1: skipped 1024 AICore record slot(s) with start_time=0 (race-window write or recycled-buffer tail). buf seq=0 count=1024
[mono_ns=7259521812581869][T0xe78e956edca0][WARN] copy_aicore_buffer: [chip_swimlane_collector.cpp:689] Core 0: skipped 1024 AICore record slot(s) with start_time=0 (race-window write or recycled-buffer tail). buf seq=0 count=1024
[mono_ns=7259521812849499][T0xe78e94eddca0][WARN] copy_aicore_buffer: [chip_swimlane_collector.cpp:689] Core 26: skipped 1024 AICore record slot(s) with start_time=0 (race-window write or recycled-buffer tail). buf seq=0 count=1024
[mono_ns=7259521812883609][T0xe78e946cdca0][WARN] copy_aicore_buffer: [chip_swimlane_collector.cpp:689] Core 28: skipped 1024 AICore record slot(s) with start_time=0 (race-window write or recycled-buffer tail). buf seq=0 count=1024
[mono_ns=7259521812931689][T0xe78e956edca0][WARN] copy_aicore_buffer: [chip_swimlane_collector.cpp:689] Core 24: skipped 1021 AICore record slot(s) with start_time=0 (race-window write or recycled-buffer tail). buf seq=0 count=1024
[mono_ns=7259521813155129][T0xe78e94eddca0][WARN] copy_aicore_buffer: [chip_swimlane_collector.cpp:689] Core 27: skipped 1024 AICore record slot(s) with start_time=0 (race-window write or recycled-buffer tail). buf seq=0 count=1024
[mono_ns=7259521813309849][T0xe78e956edca0][WARN] copy_aicore_buffer: [chip_swimlane_collector.cpp:689] Core 25: skipped 1024 AICore record slot(s) with start_time=0 (race-window write or recycled-buffer tail). buf seq=0 count=1024
[mono_ns=7259521813356319][T0xe78e946cdca0][WARN] copy_aicore_buffer: [chip_swimlane_collector.cpp:689] Core 29: skipped 1024 AICore record slot(s) with start_time=0 (race-window write or recycled-buffer tail). buf seq=0 count=1024
[mono_ns=7259521813441229][T0xe78e94eddca0][WARN] copy_aicore_buffer: [chip_swimlane_collector.cpp:689] Core 4: skipped 1024 AICore record slot(s) with start_time=0 (race-window write or recycled-buffer tail). buf seq=0 count=1024
[mono_ns=7259521813645589][T0xe78e956edca0][WARN] copy_aicore_buffer: [chip_swimlane_collector.cpp:689] Core 3: skipped 1024 AICore record slot(s) with start_time=0 (race-window write or recycled-buffer tail). buf seq=0 count=1024
[mono_ns=7259521813683579][T0xe78e946cdca0][WARN] copy_aicore_buffer: [chip_swimlane_collector.cpp:689] Core 5: skipped 1024 AICore record slot(s) with start_time=0 (race-window write or recycled-buffer tail). buf seq=0 count=1024
[mono_ns=7259521813725929][T0xe78e94eddca0][WARN] copy_aicore_buffer: [chip_swimlane_collector.cpp:689] Core 32: skipped 1024 AICore record slot(s) with start_time=0 (race-window write or recycled-buffer tail). buf seq=0 count=1024
[mono_ns=7259521813980120][T0xe78e956edca0][WARN] copy_aicore_buffer: [chip_swimlane_collector.cpp:689] Core 30: skipped 1024 AICore record slot(s) with start_time=0 (race-window write or recycled-buffer tail). buf seq=0 count=1024
[mono_ns=7259521814024190][T0xe78e946cdca0][WARN] copy_aicore_buffer: [chip_swimlane_collector.cpp:689] Core 34: skipped 1024 AICore record slot(s) with start_time=0 (race-window write or recycled-buffer tail). buf seq=0 count=1024
[mono_ns=7259521814065770][T0xe78e94eddca0][WARN] copy_aicore_buffer: [chip_swimlane_collector.cpp:689] Core 33: skipped 1024 AICore record slot(s) with start_time=0 (race-window write or recycled-buffer tail). buf seq=0 count=1024
[mono_ns=7259521814316160][T0xe78e956edca0][WARN] copy_aicore_buffer: [chip_swimlane_collector.cpp:689] Core 31: skipped 1024 AICore record slot(s) with start_time=0 (race-window write or recycled-buffer tail). buf seq=0 count=1024
[mono_ns=7259521814346870][T0xe78e946cdca0][WARN] copy_aicore_buffer: [chip_swimlane_collector.cpp:689] Core 35: skipped 1024 AICore record slot(s) with start_time=0 (race-window write or recycled-buffer tail). buf seq=0 count=1024
[mono_ns=7259521814347250][T0xe78e94eddca0][WARN] copy_aicore_buffer: [chip_swimlane_collector.cpp:689] Core 7: skipped 1024 AICore record slot(s) with start_time=0 (race-window write or recycled-buffer tail). buf seq=0 count=1024
[mono_ns=7259521814628470][T0xe78e94eddca0][WARN] copy_aicore_buffer: [chip_swimlane_collector.cpp:689] Core 38: skipped 1024 AICore record slot(s) with start_time=0 (race-window write or recycled-buffer tail). buf seq=0 count=1024
[mono_ns=7259521814649450][T0xe78e956edca0][WARN] copy_aicore_buffer: [chip_swimlane_collector.cpp:689] Core 6: skipped 1024 AICore record slot(s) with start_time=0 (race-window write or recycled-buffer tail). buf seq=0 count=1024
[mono_ns=7259521814673470][T0xe78e946cdca0][WARN] copy_aicore_buffer: [chip_swimlane_collector.cpp:689] Core 8: skipped 1024 AICore record slot(s) with start_time=0 (race-window write or recycled-buffer tail). buf seq=0 count=1024
[mono_ns=7259521814912810][T0xe78e94eddca0][WARN] copy_aicore_buffer: [chip_swimlane_collector.cpp:689] Core 39: skipped 1024 AICore record slot(s) with start_time=0 (race-window write or recycled-buffer tail). buf seq=0 count=1024
[mono_ns=7259521814981610][T0xe78e956edca0][WARN] copy_aicore_buffer: [chip_swimlane_collector.cpp:689] Core 36: skipped 1024 AICore record slot(s) with start_time=0 (race-window write or recycled-buffer tail). buf seq=0 count=1024
[mono_ns=7259521815056840][T0xe78e946cdca0][WARN] copy_aicore_buffer: [chip_swimlane_collector.cpp:689] Core 40: skipped 1024 AICore record slot(s) with start_time=0 (race-window write or recycled-buffer tail). buf seq=0 count=1024
[mono_ns=7259521815211390][T0xe78e94eddca0][WARN] copy_aicore_buffer: [chip_swimlane_collector.cpp:689] Core 10: skipped 1024 AICore record slot(s) with start_time=0 (race-window write or recycled-buffer tail). buf seq=0 count=1024
[mono_ns=7259521815329080][T0xe78e956edca0][WARN] copy_aicore_buffer: [chip_swimlane_collector.cpp:689] Core 37: skipped 1024 AICore record slot(s) with start_time=0 (race-window write or recycled-buffer tail). buf seq=0 count=1024
[mono_ns=7259521815383550][T0xe78e946cdca0][WARN] copy_aicore_buffer: [chip_swimlane_collector.cpp:689] Core 41: skipped 1024 AICore record slot(s) with start_time=0 (race-window write or recycled-buffer tail). buf seq=0 count=1024
[mono_ns=7259521815495580][T0xe78e94eddca0][WARN] copy_aicore_buffer: [chip_swimlane_collector.cpp:689] Core 44: skipped 1024 AICore record slot(s) with start_time=0 (race-window write or recycled-buffer tail). buf seq=0 count=1024
[mono_ns=7259521815658581][T0xe78e956edca0][WARN] copy_aicore_buffer: [chip_swimlane_collector.cpp:689] Core 9: skipped 1024 AICore record slot(s) with start_time=0 (race-window write or recycled-buffer tail). buf seq=0 count=1024
[mono_ns=7259521815714801][T0xe78e946cdca0][WARN] copy_aicore_buffer: [chip_swimlane_collector.cpp:689] Core 11: skipped 1024 AICore record slot(s) with start_time=0 (race-window write or recycled-buffer tail). buf seq=0 count=1024
[mono_ns=7259521815825871][T0xe78e94eddca0][WARN] copy_aicore_buffer: [chip_swimlane_collector.cpp:689] Core 45: skipped 1024 AICore record slot(s) with start_time=0 (race-window write or recycled-buffer tail). buf seq=0 count=1024
[mono_ns=7259521815992211][T0xe78e956edca0][WARN] copy_aicore_buffer: [chip_swimlane_collector.cpp:689] Core 42: skipped 1024 AICore record slot(s) with start_time=0 (race-window write or recycled-buffer tail). buf seq=0 count=1024
[mono_ns=7259521816055121][T0xe78e946cdca0][WARN] copy_aicore_buffer: [chip_swimlane_collector.cpp:689] Core 46: skipped 1024 AICore record slot(s) with start_time=0 (race-window write or recycled-buffer tail). buf seq=0 count=1024
[mono_ns=7259521816135511][T0xe78e94eddca0][WARN] copy_aicore_buffer: [chip_swimlane_collector.cpp:689] Core 13: skipped 1024 AICore record slot(s) with start_time=0 (race-window write or recycled-buffer tail). buf seq=0 count=1024
[mono_ns=7259521816347831][T0xe78e956edca0][WARN] copy_aicore_buffer: [chip_swimlane_collector.cpp:689] Core 43: skipped 1024 AICore record slot(s) with start_time=0 (race-window write or recycled-buffer tail). buf seq=0 count=1024
[mono_ns=7259521816377301][T0xe78e946cdca0][WARN] copy_aicore_buffer: [chip_swimlane_collector.cpp:689] Core 47: skipped 1024 AICore record slot(s) with start_time=0 (race-window write or recycled-buffer tail). buf seq=0 count=1024
[mono_ns=7259521816434301][T0xe78e94eddca0][WARN] copy_aicore_buffer: [chip_swimlane_collector.cpp:689] Core 50: skipped 1024 AICore record slot(s) with start_time=0 (race-window write or recycled-buffer tail). buf seq=0 count=1024
[mono_ns=7259521816700351][T0xe78e946cdca0][WARN] copy_aicore_buffer: [chip_swimlane_collector.cpp:689] Core 14: skipped 1024 AICore record slot(s) with start_time=0 (race-window write or recycled-buffer tail). buf seq=0 count=1024
[mono_ns=7259521816714881][T0xe78e94eddca0][WARN] copy_aicore_buffer: [chip_swimlane_collector.cpp:689] Core 51: skipped 1024 AICore record slot(s) with start_time=0 (race-window write or recycled-buffer tail). buf seq=0 count=1024
[mono_ns=7259521816718821][T0xe78e956edca0][WARN] copy_aicore_buffer: [chip_swimlane_collector.cpp:689] Core 12: skipped 1024 AICore record slot(s) with start_time=0 (race-window write or recycled-buffer tail). buf seq=0 count=1024
[mono_ns=7259521816993701][T0xe78e94eddca0][WARN] copy_aicore_buffer: [chip_swimlane_collector.cpp:689] Core 16: skipped 1024 AICore record slot(s) with start_time=0 (race-window write or recycled-buffer tail). buf seq=0 count=1024
[mono_ns=7259521817052601][T0xe78e946cdca0][WARN] copy_aicore_buffer: [chip_swimlane_collector.cpp:689] Core 52: skipped 1024 AICore record slot(s) with start_time=0 (race-window write or recycled-buffer tail). buf seq=0 count=1024
[mono_ns=7259521817058211][T0xe78e956edca0][WARN] copy_aicore_buffer: [chip_swimlane_collector.cpp:689] Core 48: skipped 1024 AICore record slot(s) with start_time=0 (race-window write or recycled-buffer tail). buf seq=0 count=1024
[mono_ns=7259521817286971][T0xe78e94eddca0][WARN] copy_aicore_buffer: [chip_swimlane_collector.cpp:689] Core 56: skipped 1024 AICore record slot(s) with start_time=0 (race-window write or recycled-buffer tail). buf seq=0 count=1024
[mono_ns=7259521817377952][T0xe78e946cdca0][WARN] copy_aicore_buffer: [chip_swimlane_collector.cpp:689] Core 53: skipped 1024 AICore record slot(s) with start_time=0 (race-window write or recycled-buffer tail). buf seq=0 count=1024
[mono_ns=7259521817428872][T0xe78e956edca0][WARN] copy_aicore_buffer: [chip_swimlane_collector.cpp:689] Core 49: skipped 1024 AICore record slot(s) with start_time=0 (race-window write or recycled-buffer tail). buf seq=0 count=1024
[mono_ns=7259521817568322][T0xe78e94eddca0][WARN] copy_aicore_buffer: [chip_swimlane_collector.cpp:689] Core 57: skipped 1024 AICore record slot(s) with start_time=0 (race-window write or recycled-buffer tail). buf seq=0 count=1024
[mono_ns=7259521817702302][T0xe78e946cdca0][WARN] copy_aicore_buffer: [chip_swimlane_collector.cpp:689] Core 17: skipped 1024 AICore record slot(s) with start_time=0 (race-window write or recycled-buffer tail). buf seq=0 count=1024
[mono_ns=7259521817754202][T0xe78e956edca0][WARN] copy_aicore_buffer: [chip_swimlane_collector.cpp:689] Core 15: skipped 1024 AICore record slot(s) with start_time=0 (race-window write or recycled-buffer tail). buf seq=0 count=1024
[mono_ns=7259521817848122][T0xe78e94eddca0][WARN] copy_aicore_buffer: [chip_swimlane_collector.cpp:689] Core 19: skipped 1024 AICore record slot(s) with start_time=0 (race-window write or recycled-buffer tail). buf seq=0 count=1024
[mono_ns=7259521818040312][T0xe78e946cdca0][WARN] copy_aicore_buffer: [chip_swimlane_collector.cpp:689] Core 58: skipped 1024 AICore record slot(s) with start_time=0 (race-window write or recycled-buffer tail). buf seq=0 count=1024
[mono_ns=7259521818099032][T0xe78e956edca0][WARN] copy_aicore_buffer: [chip_swimlane_collector.cpp:689] Core 54: skipped 1024 AICore record slot(s) with start_time=0 (race-window write or recycled-buffer tail). buf seq=0 count=1024
[mono_ns=7259521818146142][T0xe78e94eddca0][WARN] copy_aicore_buffer: [chip_swimlane_collector.cpp:689] Core 62: skipped 1024 AICore record slot(s) with start_time=0 (race-window write or recycled-buffer tail). buf seq=0 count=1024
[mono_ns=7259521818392152][T0xe78e946cdca0][WARN] copy_aicore_buffer: [chip_swimlane_collector.cpp:689] Core 59: skipped 1024 AICore record slot(s) with start_time=0 (race-window write or recycled-buffer tail). buf seq=0 count=1024
[mono_ns=7259521818423532][T0xe78e956edca0][WARN] copy_aicore_buffer: [chip_swimlane_collector.cpp:689] Core 55: skipped 1024 AICore record slot(s) with start_time=0 (race-window write or recycled-buffer tail). buf seq=0 count=1024
[mono_ns=7259521818425062][T0xe78e94eddca0][WARN] copy_aicore_buffer: [chip_swimlane_collector.cpp:689] Core 63: skipped 1024 AICore record slot(s) with start_time=0 (race-window write or recycled-buffer tail). buf seq=0 count=1024
[mono_ns=7259521818706412][T0xe78e94eddca0][WARN] copy_aicore_buffer: [chip_swimlane_collector.cpp:689] Core 22: skipped 1024 AICore record slot(s) with start_time=0 (race-window write or recycled-buffer tail). buf seq=0 count=1024
[mono_ns=7259521818714622][T0xe78e946cdca0][WARN] copy_aicore_buffer: [chip_swimlane_collector.cpp:689] Core 20: skipped 1024 AICore record slot(s) with start_time=0 (race-window write or recycled-buffer tail). buf seq=0 count=1024
[mono_ns=7259521818749412][T0xe78e956edca0][WARN] copy_aicore_buffer: [chip_swimlane_collector.cpp:689] Core 18: skipped 1024 AICore record slot(s) with start_time=0 (race-window write or recycled-buffer tail). buf seq=0 count=1024
[mono_ns=7259521818985802][T0xe78e94eddca0][WARN] copy_aicore_buffer: [chip_swimlane_collector.cpp:689] Core 68: skipped 1024 AICore record slot(s) with start_time=0 (race-window write or recycled-buffer tail). buf seq=0 count=1024
[mono_ns=7259521819043352][T0xe78e946cdca0][WARN] copy_aicore_buffer: [chip_swimlane_collector.cpp:689] Core 64: skipped 1024 AICore record slot(s) with start_time=0 (race-window write or recycled-buffer tail). buf seq=0 count=1024
[mono_ns=7259521819148213][T0xe78e956edca0][WARN] copy_aicore_buffer: [chip_swimlane_collector.cpp:689] Core 60: skipped 1024 AICore record slot(s) with start_time=0 (race-window write or recycled-buffer tail). buf seq=0 count=1024
[mono_ns=7259521819365413][T0xe78e946cdca0][WARN] copy_aicore_buffer: [chip_swimlane_collector.cpp:689] Core 65: skipped 1024 AICore record slot(s) with start_time=0 (race-window write or recycled-buffer tail). buf seq=0 count=1024
[mono_ns=7259521819473303][T0xe78e956edca0][WARN] copy_aicore_buffer: [chip_swimlane_collector.cpp:689] Core 61: skipped 1024 AICore record slot(s) with start_time=0 (race-window write or recycled-buffer tail). buf seq=0 count=1024
[mono_ns=7259521819588823][T0xe78e94eddca0][WARN] copy_aicore_buffer: [chip_swimlane_collector.cpp:689] Core 69: skipped 1024 AICore record slot(s) with start_time=0 (race-window write or recycled-buffer tail). buf seq=0 count=1024
[mono_ns=7259521819719613][T0xe78e946cdca0][WARN] copy_aicore_buffer: [chip_swimlane_collector.cpp:689] Core 23: skipped 1024 AICore record slot(s) with start_time=0 (race-window write or recycled-buffer tail). buf seq=0 count=1024
[mono_ns=7259521819805543][T0xe78e956edca0][WARN] copy_aicore_buffer: [chip_swimlane_collector.cpp:689] Core 21: skipped 1024 AICore record slot(s) with start_time=0 (race-window write or recycled-buffer tail). buf seq=0 count=1024
[mono_ns=7259521820133393][T0xe78e946cdca0][WARN] copy_aicore_buffer: [chip_swimlane_collector.cpp:689] Core 70: skipped 1024 AICore record slot(s) with start_time=0 (race-window write or recycled-buffer tail). buf seq=0 count=1024
[mono_ns=7259521820151133][T0xe78e956edca0][WARN] copy_aicore_buffer: [chip_swimlane_collector.cpp:689] Core 66: skipped 1024 AICore record slot(s) with start_time=0 (race-window write or recycled-buffer tail). buf seq=0 count=1024
[mono_ns=7259521820457893][T0xe78e946cdca0][WARN] copy_aicore_buffer: [chip_swimlane_collector.cpp:689] Core 71: skipped 1024 AICore record slot(s) with start_time=0 (race-window write or recycled-buffer tail). buf seq=0 count=1024
[mono_ns=7259521820488033][T0xe78e956edca0][WARN] copy_aicore_buffer: [chip_swimlane_collector.cpp:689] Core 67: skipped 1024 AICore record slot(s) with start_time=0 (race-window write or recycled-buffer tail). buf seq=0 count=1024
[mono_ns=7259521921217682][T0xe78ff24a9020][TIMING] emit_host_span: [STRACE] v=1 pid=3654532 tid=3654532 inv=6 hid=c58bf58e36d5e59c depth=1 name=chip.run.runner_run ts=7259521802517693 dur=118693348 
[mono_ns=7259521923214063][T0xe78ff24a9020][TIMING] emit_host_span: [STRACE] v=1 pid=3654532 tid=3654532 inv=6 hid=c58bf58e36d5e59c depth=1 name=chip.run.validate ts=7259521921236802 dur=1971521 
[mono_ns=7259521923234453][T0xe78ff24a9020][TIMING] emit_host_span: [STRACE] v=1 pid=3654532 tid=3654532 inv=6 hid=c58bf58e36d5e59c depth=2 name=chip.run.runner_run.device_wall ts=0 dur=9438940 clk=dev
[mono_ns=7259521923324863][T0xe78ff24a9020][TIMING] emit_host_span: [STRACE] v=1 pid=3654532 tid=3654532 inv=6 hid=c58bf58e36d5e59c depth=3 name=chip.run.runner_run.device_wall.preamble ts=0 dur=109560 clk=dev
[mono_ns=7259521923329243][T0xe78ff24a9020][TIMING] emit_host_span: [STRACE] v=1 pid=3654532 tid=3654532 inv=6 hid=c58bf58e36d5e59c depth=3 name=chip.run.runner_run.device_wall.graph_build ts=104200 dur=9323580 clk=dev
[mono_ns=7259521923332913][T0xe78ff24a9020][TIMING] emit_host_span: [STRACE] v=1 pid=3654532 tid=3654532 inv=6 hid=c58bf58e36d5e59c depth=3 name=chip.run.runner_run.device_wall.config_validate ts=104300 dur=740 clk=dev
[mono_ns=7259521923336433][T0xe78ff24a9020][TIMING] emit_host_span: [STRACE] v=1 pid=3654532 tid=3654532 inv=6 hid=c58bf58e36d5e59c depth=3 name=chip.run.runner_run.device_wall.arena_wire ts=105060 dur=360 clk=dev
[mono_ns=7259521923340333][T0xe78ff24a9020][TIMING] emit_host_span: [STRACE] v=1 pid=3654532 tid=3654532 inv=6 hid=c58bf58e36d5e59c depth=3 name=chip.run.runner_run.device_wall.sm_reset ts=105440 dur=520 clk=dev
[mono_ns=7259521923344053][T0xe78ff24a9020][TIMING] emit_host_span: [STRACE] v=1 pid=3654532 tid=3654532 inv=6 hid=c58bf58e36d5e59c depth=3 name=chip.run.runner_run.device_wall.post_orch ts=9427820 dur=11040 clk=dev
[mono_ns=7259521923347013][T0xe78ff24a9020][TIMING] emit_host_span: [STRACE] v=1 pid=3654532 tid=3654532 inv=6 hid=c58bf58e36d5e59c depth=3 name=chip.run.runner_run.device_wall.orch ts=105980 dur=3580 clk=dev
[mono_ns=7259521923349843][T0xe78ff24a9020][TIMING] emit_host_span: [STRACE] v=1 pid=3654532 tid=3654532 inv=6 hid=c58bf58e36d5e59c depth=3 name=chip.run.runner_run.device_wall.sched ts=109660 dur=9294460 clk=dev
[mono_ns=7259521923404163][T0xe78ff24a9020][TIMING] emit_host_span: [STRACE] v=1 pid=3654532 tid=3654532 inv=6 hid=c58bf58e36d5e59c depth=1 name=chip.run.claim_release ts=7259521923401503 dur=510 
[mono_ns=7259521923408993][T0xe78ff24a9020][TIMING] emit_host_span: [STRACE] v=1 pid=3654532 tid=3654532 inv=6 hid=c58bf58e36d5e59c depth=0 name=chip.run ts=7259521798467111 dur=124939702 run_id=6 dispatch_id=6 slot_id=0 generation=6 run_epoch=6
[mono_ns=7259526893837613][T0xe78ff24a9020][TIMING] emit_host_span: [STRACE] v=1 pid=3654532 tid=3654532 inv=7 hid=c58bf58e36d5e59c depth=2 name=chip.run.bind.args ts=7259526891910942 dur=1915601 
[mono_ns=7259526893860913][T0xe78ff24a9020][TIMING] emit_host_span: [STRACE] v=1 pid=3654532 tid=3654532 inv=7 hid=c58bf58e36d5e59c depth=2 name=chip.run.bind.prebuilt ts=7259526893854023 dur=4030 
[mono_ns=7259526893865923][T0xe78ff24a9020][TIMING] emit_host_span: [STRACE] v=1 pid=3654532 tid=3654532 inv=7 hid=c58bf58e36d5e59c depth=1 name=chip.run.bind ts=7259526891901952 dur=1961791 
[mono_ns=7259527002634891][T0xe78ff24a9020][TIMING] emit_host_span: [STRACE] v=1 pid=3654532 tid=3654532 inv=7 hid=c58bf58e36d5e59c depth=1 name=chip.run.runner_run ts=7259526894183674 dur=108440837 
[mono_ns=7259527005032403][T0xe78ff24a9020][TIMING] emit_host_span: [STRACE] v=1 pid=3654532 tid=3654532 inv=7 hid=c58bf58e36d5e59c depth=1 name=chip.run.validate ts=7259527002650271 dur=2374032 
[mono_ns=7259527005048053][T0xe78ff24a9020][TIMING] emit_host_span: [STRACE] v=1 pid=3654532 tid=3654532 inv=7 hid=c58bf58e36d5e59c depth=2 name=chip.run.runner_run.device_wall ts=0 dur=6567100 clk=dev
[mono_ns=7259527005097523][T0xe78ff24a9020][TIMING] emit_host_span: [STRACE] v=1 pid=3654532 tid=3654532 inv=7 hid=c58bf58e36d5e59c depth=3 name=chip.run.runner_run.device_wall.preamble ts=0 dur=7279 clk=dev
[mono_ns=7259527005102163][T0xe78ff24a9020][TIMING] emit_host_span: [STRACE] v=1 pid=3654532 tid=3654532 inv=7 hid=c58bf58e36d5e59c depth=3 name=chip.run.runner_run.device_wall.graph_build ts=2500 dur=6553540 clk=dev
[mono_ns=7259527005105673][T0xe78ff24a9020][TIMING] emit_host_span: [STRACE] v=1 pid=3654532 tid=3654532 inv=7 hid=c58bf58e36d5e59c depth=3 name=chip.run.runner_run.device_wall.config_validate ts=2660 dur=980 clk=dev
[mono_ns=7259527005108763][T0xe78ff24a9020][TIMING] emit_host_span: [STRACE] v=1 pid=3654532 tid=3654532 inv=7 hid=c58bf58e36d5e59c depth=3 name=chip.run.runner_run.device_wall.arena_wire ts=3679 dur=1120 clk=dev
[mono_ns=7259527005111663][T0xe78ff24a9020][TIMING] emit_host_span: [STRACE] v=1 pid=3654532 tid=3654532 inv=7 hid=c58bf58e36d5e59c depth=3 name=chip.run.runner_run.device_wall.sm_reset ts=4819 dur=1779 clk=dev
[mono_ns=7259527005114593][T0xe78ff24a9020][TIMING] emit_host_span: [STRACE] v=1 pid=3654532 tid=3654532 inv=7 hid=c58bf58e36d5e59c depth=3 name=chip.run.runner_run.device_wall.post_orch ts=6556099 dur=10820 clk=dev
[mono_ns=7259527005117453][T0xe78ff24a9020][TIMING] emit_host_span: [STRACE] v=1 pid=3654532 tid=3654532 inv=7 hid=c58bf58e36d5e59c depth=3 name=chip.run.runner_run.device_wall.orch ts=7480 dur=10620 clk=dev
[mono_ns=7259527005136643][T0xe78ff24a9020][TIMING] emit_host_span: [STRACE] v=1 pid=3654532 tid=3654532 inv=7 hid=c58bf58e36d5e59c depth=3 name=chip.run.runner_run.device_wall.sched ts=7600 dur=6540360 clk=dev
[mono_ns=7259527005143263][T0xe78ff24a9020][TIMING] emit_host_span: [STRACE] v=1 pid=3654532 tid=3654532 inv=7 hid=c58bf58e36d5e59c depth=1 name=chip.run.claim_release ts=7259527005140003 dur=1410 
[mono_ns=7259527005148513][T0xe78ff24a9020][TIMING] emit_host_span: [STRACE] v=1 pid=3654532 tid=3654532 inv=7 hid=c58bf58e36d5e59c depth=0 name=chip.run ts=7259526891810212 dur=113336231 run_id=7 dispatch_id=7 slot_id=0 generation=7 run_epoch=7
[mono_ns=7259527013988958][T0xe78ff24a9020][TIMING] emit_host_span: [STRACE] v=1 pid=3654532 tid=3654532 inv=8 hid=c58bf58e36d5e59c depth=2 name=chip.run.bind.args ts=7259527012182917 dur=1799531 
[mono_ns=7259527014022688][T0xe78ff24a9020][TIMING] emit_host_span: [STRACE] v=1 pid=3654532 tid=3654532 inv=8 hid=c58bf58e36d5e59c depth=2 name=chip.run.bind.prebuilt ts=7259527014016248 dur=3530 
[mono_ns=7259527014027648][T0xe78ff24a9020][TIMING] emit_host_span: [STRACE] v=1 pid=3654532 tid=3654532 inv=8 hid=c58bf58e36d5e59c depth=1 name=chip.run.bind ts=7259527012176087 dur=1849491 
[mono_ns=7259547016263939][T0xe78e94eddca0][WARN] copy_aicore_buffer: [chip_swimlane_collector.cpp:689] Core 1: skipped 1024 AICore record slot(s) with start_time=0 (race-window write or recycled-buffer tail). buf seq=0 count=1024
[mono_ns=7259547016284569][T0xe78e956edca0][WARN] copy_aicore_buffer: [chip_swimlane_collector.cpp:689] Core 0: skipped 1024 AICore record slot(s) with start_time=0 (race-window write or recycled-buffer tail). buf seq=0 count=1024
[mono_ns=7259547016684129][T0xe78e94eddca0][WARN] copy_aicore_buffer: [chip_swimlane_collector.cpp:689] Core 26: skipped 1023 AICore record slot(s) with start_time=0 (race-window write or recycled-buffer tail). buf seq=0 count=1024
[mono_ns=7259547016747279][T0xe78e956edca0][WARN] copy_aicore_buffer: [chip_swimlane_collector.cpp:689] Core 24: skipped 1024 AICore record slot(s) with start_time=0 (race-window write or recycled-buffer tail). buf seq=0 count=1024
[mono_ns=7259547016988630][T0xe78e94eddca0][WARN] copy_aicore_buffer: [chip_swimlane_collector.cpp:689] Core 27: skipped 1024 AICore record slot(s) with start_time=0 (race-window write or recycled-buffer tail). buf seq=0 count=1024
[mono_ns=7259547017113490][T0xe78e956edca0][WARN] copy_aicore_buffer: [chip_swimlane_collector.cpp:689] Core 25: skipped 1024 AICore record slot(s) with start_time=0 (race-window write or recycled-buffer tail). buf seq=0 count=1024
[mono_ns=7259547017303430][T0xe78e94eddca0][WARN] copy_aicore_buffer: [chip_swimlane_collector.cpp:689] Core 4: skipped 1024 AICore record slot(s) with start_time=0 (race-window write or recycled-buffer tail). buf seq=0 count=1024
[mono_ns=7259547017463150][T0xe78e956edca0][WARN] copy_aicore_buffer: [chip_swimlane_collector.cpp:689] Core 3: skipped 1024 AICore record slot(s) with start_time=0 (race-window write or recycled-buffer tail). buf seq=0 count=1024
[mono_ns=7259547017613100][T0xe78e94eddca0][WARN] copy_aicore_buffer: [chip_swimlane_collector.cpp:689] Core 32: skipped 1024 AICore record slot(s) with start_time=0 (race-window write or recycled-buffer tail). buf seq=0 count=1024
[mono_ns=7259547017818520][T0xe78e956edca0][WARN] copy_aicore_buffer: [chip_swimlane_collector.cpp:689] Core 30: skipped 1024 AICore record slot(s) with start_time=0 (race-window write or recycled-buffer tail). buf seq=0 count=1024
[mono_ns=7259547017933860][T0xe78e94eddca0][WARN] copy_aicore_buffer: [chip_swimlane_collector.cpp:689] Core 33: skipped 1024 AICore record slot(s) with start_time=0 (race-window write or recycled-buffer tail). buf seq=0 count=1024
[mono_ns=7259547018197500][T0xe78e956edca0][WARN] copy_aicore_buffer: [chip_swimlane_collector.cpp:689] Core 31: skipped 1024 AICore record slot(s) with start_time=0 (race-window write or recycled-buffer tail). buf seq=0 count=1024
[mono_ns=7259547018252531][T0xe78e94eddca0][WARN] copy_aicore_buffer: [chip_swimlane_collector.cpp:689] Core 7: skipped 1024 AICore record slot(s) with start_time=0 (race-window write or recycled-buffer tail). buf seq=0 count=1024
[mono_ns=7259547018551961][T0xe78e956edca0][WARN] copy_aicore_buffer: [chip_swimlane_collector.cpp:689] Core 6: skipped 1024 AICore record slot(s) with start_time=0 (race-window write or recycled-buffer tail). buf seq=0 count=1024
[mono_ns=7259547018571461][T0xe78e94eddca0][WARN] copy_aicore_buffer: [chip_swimlane_collector.cpp:689] Core 38: skipped 1024 AICore record slot(s) with start_time=0 (race-window write or recycled-buffer tail). buf seq=0 count=1024
[mono_ns=7259547018877941][T0xe78e94eddca0][WARN] copy_aicore_buffer: [chip_swimlane_collector.cpp:689] Core 39: skipped 1024 AICore record slot(s) with start_time=0 (race-window write or recycled-buffer tail). buf seq=0 count=1024
[mono_ns=7259547018918171][T0xe78e956edca0][WARN] copy_aicore_buffer: [chip_swimlane_collector.cpp:689] Core 36: skipped 1024 AICore record slot(s) with start_time=0 (race-window write or recycled-buffer tail). buf seq=0 count=1024
[mono_ns=7259547019193671][T0xe78e94eddca0][WARN] copy_aicore_buffer: [chip_swimlane_collector.cpp:689] Core 10: skipped 1024 AICore record slot(s) with start_time=0 (race-window write or recycled-buffer tail). buf seq=0 count=1024
[mono_ns=7259547019302441][T0xe78e956edca0][WARN] copy_aicore_buffer: [chip_swimlane_collector.cpp:689] Core 37: skipped 1024 AICore record slot(s) with start_time=0 (race-window write or recycled-buffer tail). buf seq=0 count=1024
[mono_ns=7259547019562272][T0xe78e94eddca0][WARN] copy_aicore_buffer: [chip_swimlane_collector.cpp:689] Core 44: skipped 1024 AICore record slot(s) with start_time=0 (race-window write or recycled-buffer tail). buf seq=0 count=1024
[mono_ns=7259547019654942][T0xe78e956edca0][WARN] copy_aicore_buffer: [chip_swimlane_collector.cpp:689] Core 9: skipped 1024 AICore record slot(s) with start_time=0 (race-window write or recycled-buffer tail). buf seq=0 count=1024
[mono_ns=7259547019872042][T0xe78e94eddca0][WARN] copy_aicore_buffer: [chip_swimlane_collector.cpp:689] Core 45: skipped 1024 AICore record slot(s) with start_time=0 (race-window write or recycled-buffer tail). buf seq=0 count=1024
[mono_ns=7259547020019622][T0xe78e956edca0][WARN] copy_aicore_buffer: [chip_swimlane_collector.cpp:689] Core 42: skipped 1024 AICore record slot(s) with start_time=0 (race-window write or recycled-buffer tail). buf seq=0 count=1024
[mono_ns=7259547020197032][T0xe78e94eddca0][WARN] copy_aicore_buffer: [chip_swimlane_collector.cpp:689] Core 13: skipped 1024 AICore record slot(s) with start_time=0 (race-window write or recycled-buffer tail). buf seq=0 count=1024
[mono_ns=7259547020373602][T0xe78e956edca0][WARN] copy_aicore_buffer: [chip_swimlane_collector.cpp:689] Core 43: skipped 1024 AICore record slot(s) with start_time=0 (race-window write or recycled-buffer tail). buf seq=0 count=1024
[mono_ns=7259547020510232][T0xe78e94eddca0][WARN] copy_aicore_buffer: [chip_swimlane_collector.cpp:689] Core 50: skipped 1024 AICore record slot(s) with start_time=0 (race-window write or recycled-buffer tail). buf seq=0 count=1024
[mono_ns=7259547020756313][T0xe78e956edca0][WARN] copy_aicore_buffer: [chip_swimlane_collector.cpp:689] Core 12: skipped 1024 AICore record slot(s) with start_time=0 (race-window write or recycled-buffer tail). buf seq=0 count=1024
[mono_ns=7259547020814233][T0xe78e94eddca0][WARN] copy_aicore_buffer: [chip_swimlane_collector.cpp:689] Core 51: skipped 1024 AICore record slot(s) with start_time=0 (race-window write or recycled-buffer tail). buf seq=0 count=1024
[mono_ns=7259547021122663][T0xe78e956edca0][WARN] copy_aicore_buffer: [chip_swimlane_collector.cpp:689] Core 48: skipped 1024 AICore record slot(s) with start_time=0 (race-window write or recycled-buffer tail). buf seq=0 count=1024
[mono_ns=7259547021140993][T0xe78e94eddca0][WARN] copy_aicore_buffer: [chip_swimlane_collector.cpp:689] Core 16: skipped 1024 AICore record slot(s) with start_time=0 (race-window write or recycled-buffer tail). buf seq=0 count=1024
[mono_ns=7259547021462953][T0xe78e94eddca0][WARN] copy_aicore_buffer: [chip_swimlane_collector.cpp:689] Core 56: skipped 1024 AICore record slot(s) with start_time=0 (race-window write or recycled-buffer tail). buf seq=0 count=1024
[mono_ns=7259547021486343][T0xe78e956edca0][WARN] copy_aicore_buffer: [chip_swimlane_collector.cpp:689] Core 49: skipped 1024 AICore record slot(s) with start_time=0 (race-window write or recycled-buffer tail). buf seq=0 count=1024
[mono_ns=7259547021785343][T0xe78e94eddca0][WARN] copy_aicore_buffer: [chip_swimlane_collector.cpp:689] Core 57: skipped 1024 AICore record slot(s) with start_time=0 (race-window write or recycled-buffer tail). buf seq=0 count=1024
[mono_ns=7259547021836483][T0xe78e956edca0][WARN] copy_aicore_buffer: [chip_swimlane_collector.cpp:689] Core 15: skipped 1024 AICore record slot(s) with start_time=0 (race-window write or recycled-buffer tail). buf seq=0 count=1024
[mono_ns=7259547022110424][T0xe78e94eddca0][WARN] copy_aicore_buffer: [chip_swimlane_collector.cpp:689] Core 19: skipped 1024 AICore record slot(s) with start_time=0 (race-window write or recycled-buffer tail). buf seq=0 count=1024
[mono_ns=7259547022205214][T0xe78e956edca0][WARN] copy_aicore_buffer: [chip_swimlane_collector.cpp:689] Core 54: skipped 1024 AICore record slot(s) with start_time=0 (race-window write or recycled-buffer tail). buf seq=0 count=1024
[mono_ns=7259547022417414][T0xe78e94eddca0][WARN] copy_aicore_buffer: [chip_swimlane_collector.cpp:689] Core 62: skipped 1024 AICore record slot(s) with start_time=0 (race-window write or recycled-buffer tail). buf seq=0 count=1024
[mono_ns=7259547022555074][T0xe78e956edca0][WARN] copy_aicore_buffer: [chip_swimlane_collector.cpp:689] Core 55: skipped 1024 AICore record slot(s) with start_time=0 (race-window write or recycled-buffer tail). buf seq=0 count=1024
[mono_ns=7259547022725254][T0xe78e94eddca0][WARN] copy_aicore_buffer: [chip_swimlane_collector.cpp:689] Core 63: skipped 1024 AICore record slot(s) with start_time=0 (race-window write or recycled-buffer tail). buf seq=0 count=1024
[mono_ns=7259547022911094][T0xe78e956edca0][WARN] copy_aicore_buffer: [chip_swimlane_collector.cpp:689] Core 18: skipped 1024 AICore record slot(s) with start_time=0 (race-window write or recycled-buffer tail). buf seq=0 count=1024
[mono_ns=7259547023071214][T0xe78e94eddca0][WARN] copy_aicore_buffer: [chip_swimlane_collector.cpp:689] Core 22: skipped 1024 AICore record slot(s) with start_time=0 (race-window write or recycled-buffer tail). buf seq=0 count=1024
[mono_ns=7259547023275435][T0xe78e956edca0][WARN] copy_aicore_buffer: [chip_swimlane_collector.cpp:689] Core 60: skipped 1024 AICore record slot(s) with start_time=0 (race-window write or recycled-buffer tail). buf seq=0 count=1024
[mono_ns=7259547023392535][T0xe78e94eddca0][WARN] copy_aicore_buffer: [chip_swimlane_collector.cpp:689] Core 68: skipped 1024 AICore record slot(s) with start_time=0 (race-window write or recycled-buffer tail). buf seq=0 count=1024
[mono_ns=7259547023630685][T0xe78e956edca0][WARN] copy_aicore_buffer: [chip_swimlane_collector.cpp:689] Core 61: skipped 1024 AICore record slot(s) with start_time=0 (race-window write or recycled-buffer tail). buf seq=0 count=1024
[mono_ns=7259547023713295][T0xe78e94eddca0][WARN] copy_aicore_buffer: [chip_swimlane_collector.cpp:689] Core 69: skipped 1024 AICore record slot(s) with start_time=0 (race-window write or recycled-buffer tail). buf seq=0 count=1024
[mono_ns=7259547023979965][T0xe78e956edca0][WARN] copy_aicore_buffer: [chip_swimlane_collector.cpp:689] Core 21: skipped 1024 AICore record slot(s) with start_time=0 (race-window write or recycled-buffer tail). buf seq=0 count=1024
[mono_ns=7259547024328925][T0xe78e956edca0][WARN] copy_aicore_buffer: [chip_swimlane_collector.cpp:689] Core 66: skipped 1024 AICore record slot(s) with start_time=0 (race-window write or recycled-buffer tail). buf seq=0 count=1024
[mono_ns=7259547024675356][T0xe78e956edca0][WARN] copy_aicore_buffer: [chip_swimlane_collector.cpp:689] Core 67: skipped 1024 AICore record slot(s) with start_time=0 (race-window write or recycled-buffer tail). buf seq=0 count=1024
[mono_ns=7259548016261216][T0xe78e946cdca0][WARN] copy_aicore_buffer: [chip_swimlane_collector.cpp:689] Core 2: skipped 1024 AICore record slot(s) with start_time=0 (race-window write or recycled-buffer tail). buf seq=0 count=1024
[mono_ns=7259548016621157][T0xe78e946cdca0][WARN] copy_aicore_buffer: [chip_swimlane_collector.cpp:689] Core 28: skipped 1024 AICore record slot(s) with start_time=0 (race-window write or recycled-buffer tail). buf seq=0 count=1024
[mono_ns=7259548016949677][T0xe78e946cdca0][WARN] copy_aicore_buffer: [chip_swimlane_collector.cpp:689] Core 29: skipped 1024 AICore record slot(s) with start_time=0 (race-window write or recycled-buffer tail). buf seq=0 count=1024
[mono_ns=7259548017293437][T0xe78e946cdca0][WARN] copy_aicore_buffer: [chip_swimlane_collector.cpp:689] Core 5: skipped 1024 AICore record slot(s) with start_time=0 (race-window write or recycled-buffer tail). buf seq=0 count=1024
[mono_ns=7259548017623118][T0xe78e946cdca0][WARN] copy_aicore_buffer: [chip_swimlane_collector.cpp:689] Core 34: skipped 1024 AICore record slot(s) with start_time=0 (race-window write or recycled-buffer tail). buf seq=0 count=1024
[mono_ns=7259548017950988][T0xe78e946cdca0][WARN] copy_aicore_buffer: [chip_swimlane_collector.cpp:689] Core 35: skipped 1024 AICore record slot(s) with start_time=0 (race-window write or recycled-buffer tail). buf seq=0 count=1024
[mono_ns=7259548018288138][T0xe78e946cdca0][WARN] copy_aicore_buffer: [chip_swimlane_collector.cpp:689] Core 8: skipped 1024 AICore record slot(s) with start_time=0 (race-window write or recycled-buffer tail). buf seq=0 count=1024
[mono_ns=7259548018616918][T0xe78e946cdca0][WARN] copy_aicore_buffer: [chip_swimlane_collector.cpp:689] Core 40: skipped 1024 AICore record slot(s) with start_time=0 (race-window write or recycled-buffer tail). buf seq=0 count=1024
[mono_ns=7259548018977029][T0xe78e946cdca0][WARN] copy_aicore_buffer: [chip_swimlane_collector.cpp:689] Core 41: skipped 1024 AICore record slot(s) with start_time=0 (race-window write or recycled-buffer tail). buf seq=0 count=1024
[mono_ns=7259548019315139][T0xe78e946cdca0][WARN] copy_aicore_buffer: [chip_swimlane_collector.cpp:689] Core 11: skipped 1024 AICore record slot(s) with start_time=0 (race-window write or recycled-buffer tail). buf seq=0 count=1024
[mono_ns=7259548019642509][T0xe78e946cdca0][WARN] copy_aicore_buffer: [chip_swimlane_collector.cpp:689] Core 46: skipped 1024 AICore record slot(s) with start_time=0 (race-window write or recycled-buffer tail). buf seq=0 count=1024
[mono_ns=7259548019970379][T0xe78e946cdca0][WARN] copy_aicore_buffer: [chip_swimlane_collector.cpp:689] Core 47: skipped 1024 AICore record slot(s) with start_time=0 (race-window write or recycled-buffer tail). buf seq=0 count=1024
[mono_ns=7259548020308470][T0xe78e946cdca0][WARN] copy_aicore_buffer: [chip_swimlane_collector.cpp:689] Core 14: skipped 1024 AICore record slot(s) with start_time=0 (race-window write or recycled-buffer tail). buf seq=0 count=1024
[mono_ns=7259548020636150][T0xe78e946cdca0][WARN] copy_aicore_buffer: [chip_swimlane_collector.cpp:689] Core 52: skipped 1024 AICore record slot(s) with start_time=0 (race-window write or recycled-buffer tail). buf seq=0 count=1024
[mono_ns=7259548020964300][T0xe78e946cdca0][WARN] copy_aicore_buffer: [chip_swimlane_collector.cpp:689] Core 53: skipped 1024 AICore record slot(s) with start_time=0 (race-window write or recycled-buffer tail). buf seq=0 count=1024
[mono_ns=7259548021300691][T0xe78e946cdca0][WARN] copy_aicore_buffer: [chip_swimlane_collector.cpp:689] Core 17: skipped 1024 AICore record slot(s) with start_time=0 (race-window write or recycled-buffer tail). buf seq=0 count=1024
[mono_ns=7259548021657611][T0xe78e946cdca0][WARN] copy_aicore_buffer: [chip_swimlane_collector.cpp:689] Core 58: skipped 1024 AICore record slot(s) with start_time=0 (race-window write or recycled-buffer tail). buf seq=0 count=1024
[mono_ns=7259548021986361][T0xe78e946cdca0][WARN] copy_aicore_buffer: [chip_swimlane_collector.cpp:689] Core 59: skipped 1024 AICore record slot(s) with start_time=0 (race-window write or recycled-buffer tail). buf seq=0 count=1024
[mono_ns=7259548022327591][T0xe78e946cdca0][WARN] copy_aicore_buffer: [chip_swimlane_collector.cpp:689] Core 20: skipped 1024 AICore record slot(s) with start_time=0 (race-window write or recycled-buffer tail). buf seq=0 count=1024
[mono_ns=7259548022656732][T0xe78e946cdca0][WARN] copy_aicore_buffer: [chip_swimlane_collector.cpp:689] Core 64: skipped 1024 AICore record slot(s) with start_time=0 (race-window write or recycled-buffer tail). buf seq=0 count=1024
[mono_ns=7259548022984882][T0xe78e946cdca0][WARN] copy_aicore_buffer: [chip_swimlane_collector.cpp:689] Core 65: skipped 1024 AICore record slot(s) with start_time=0 (race-window write or recycled-buffer tail). buf seq=0 count=1024
[mono_ns=7259548023319792][T0xe78e946cdca0][WARN] copy_aicore_buffer: [chip_swimlane_collector.cpp:689] Core 23: skipped 1024 AICore record slot(s) with start_time=0 (race-window write or recycled-buffer tail). buf seq=0 count=1024
[mono_ns=7259548023649982][T0xe78e946cdca0][WARN] copy_aicore_buffer: [chip_swimlane_collector.cpp:689] Core 70: skipped 1024 AICore record slot(s) with start_time=0 (race-window write or recycled-buffer tail). buf seq=0 count=1024
[mono_ns=7259548023979063][T0xe78e946cdca0][WARN] copy_aicore_buffer: [chip_swimlane_collector.cpp:689] Core 71: skipped 1024 AICore record slot(s) with start_time=0 (race-window write or recycled-buffer tail). buf seq=0 count=1024
[mono_ns=7259557013190155][T0xe78e2bd8cca0][ERROR] poll_and_collect_loop: [profiler_base.h:1283] DepGen collector idle timeout after 30 seconds — staying alive until execution completes
[mono_ns=7259577144189224][T0xe78e94eddca0][ERROR] poll_and_collect_loop: [profiler_base.h:1283] ChipSwimlane collector idle timeout after 30 seconds — staying alive until execution completes
[mono_ns=7259577144779604][T0xe78e956edca0][ERROR] poll_and_collect_loop: [profiler_base.h:1283] ChipSwimlane collector idle timeout after 30 seconds — staying alive until execution completes
[mono_ns=7259578140052314][T0xe78e946cdca0][ERROR] poll_and_collect_loop: [profiler_base.h:1283] ChipSwimlane collector idle timeout after 30 seconds — staying alive until execution completes
[mono_ns=7259578404702187][T0xe78ff24a9020][ERROR] sync_stream_pair: [device_runner_base.cpp:1775] aclrtSynchronizeStreamWithTimeout (AICPU) failed: 507018
[mono_ns=7259578404723397][T0xe78ff24a9020][ERROR] sync_stream_pair: [device_runner_base.cpp:1776] ACL error detail: 507018 ACL_ERROR_RT_AICPU_EXCEPTION - an AICPU task raised an exception; several distinct on-device mechanisms all surface as this one generic code
[mono_ns=7259578404728787][T0xe78ff24a9020][ERROR] sync_stream_pair: [device_runner_base.cpp:1776] ACL error hint: do NOT read this as 'deadlock' or 'OOM' on its own -- it is a generic host-side code. Grep the host log for 'orch_error_code=' / 'sched_error_code=' / 'sub_class=' to get the device-classified reason, and read the device log for the detector that fired. See docs/troubleshooting/device-error-codes.md
[mono_ns=7259578405111217][T0xe78ff24a9020][ERROR] sync_stream_pair: [device_runner_base.cpp:1776] ACL recent error message: EE9999: Inner Error!
EE9999[PID: 3654532] 2026-09-10-15:50:24.967.743 (EE9999):  This device does not support cross-server communication drv devId=2 localServerId=1023err:0x702001d[FUNC:ExportToShareableHandleV2][FILE:api_impl.cc][LINE:7120]
        TraceBack (most recent call last):
       rtMemExportToShareableHandleV2 execution failed, reason=driver error:feature not support[FUNC~
[mono_ns=7259578405501998][T0xe78ff24a9020][ERROR] recover_device_or_mark_unusable: [device_runner.cpp:763] AICore error 507018: bounded device drain failed: 507014 (force reset will follow in finalize)
[mono_ns=7259578453687929][T0xe78ff24a9020][TIMING] emit_host_span: [STRACE] v=1 pid=3654532 tid=3654532 inv=8 hid=c58bf58e36d5e59c depth=1 name=chip.run.runner_run ts=7259527014377928 dur=51439302031 
[mono_ns=7259578453770559][T0xe78ff24a9020][ERROR] validate_runtime_impl: [runtime_maker.cpp:945] simpler runtime failed: orch_error_code=0 sched_error_code=100 runtime_status=-100
[mono_ns=7259578453782339][T0xe78ff24a9020][ERROR] validate_runtime_impl: [runtime_maker.cpp:945] error detail: sched_error_code=100 SCHEDULER_TIMEOUT - the scheduler saw no forward progress within its timeout; the sub_class= line below carries the device-classified reason and locators
[mono_ns=7259578453785839][T0xe78ff24a9020][ERROR] validate_runtime_impl: [runtime_maker.cpp:945] error hint: read the sub_class= line below first, then follow the S1-S5 table in the doc; raise SIMPLER_SCHEDULER_TIMEOUT_MS to tell a true deadlock apart from a merely slow kernel. See docs/troubleshooting/device-error-codes.md
[mono_ns=7259578453789079][T0xe78ff24a9020][ERROR] validate_runtime_impl: [runtime_maker.cpp:951] scheduler timeout sub_class=S1:running-stalled (detail=1) completed=1/3 running=1 ready=0 waiting=1 orch_done=1 stuck_task_id=4294967297 stuck_core=28
[mono_ns=7259578453793659][T0xe78ff24a9020][WARN] validate_runtime_impl: [runtime_maker.cpp:967] Skipping tensor copy-back because execution failed
[mono_ns=7259578453800939][T0xe78ff24a9020][TIMING] emit_host_span: [STRACE] v=1 pid=3654532 tid=3654532 inv=8 hid=c58bf58e36d5e59c depth=1 name=chip.run.validate ts=7259578453701139 dur=96680 
[mono_ns=7259578453827599][T0xe78ff24a9020][TIMING] emit_host_span: [STRACE] v=1 pid=3654532 tid=3654532 inv=8 hid=c58bf58e36d5e59c depth=1 name=chip.run.claim_release ts=7259578453824099 dur=1110 
[mono_ns=7259578453833029][T0xe78ff24a9020][TIMING] emit_host_span: [STRACE] v=1 pid=3654532 tid=3654532 inv=8 hid=c58bf58e36d5e59c depth=0 name=chip.run ts=7259527012144327 dur=51441686572 run_id=8 dispatch_id=8 slot_id=0 generation=8 run_epoch=8
[mono_ns=7259584043847689][T0xe78ff24a9020][WARN] force_reset_device: [device_runner.cpp:923] force_reset_device: aclrtResetDeviceForce(2) established a usable device generation (probe confirmed)
[mono_ns=7259584332866812][T0xe78ff24a9020][WARN] finalize_common_impl: [device_runner_base.cpp:1426] Fatal teardown: force reset/quarantine finished; skipping per-resource RTS destroy/free calls
[mono_ns=7259584333345642][T0xe78ff24a9020][WARN] finalize_common_impl: [device_runner_base.cpp:1571] Fatal teardown: host-side ownership cleared without further device calls
[mono_ns=7259584840693912][T0xe78ff24a9020][WARN] finalize: [device_runner.cpp:1062] DeviceRunner finalized after fatal device failure
