[mono_ns=7259510699602826][T0xe78ff24a9020][TIMING] emit_host_span: [STRACE] v=1 pid=3654560 tid=3654560 inv=1 hid=c58bf58e36d5e59c depth=2 name=chip.run.bind.args ts=7259510697343144 dur=2252142 
[mono_ns=7259510699626296][T0xe78ff24a9020][TIMING] emit_host_span: [STRACE] v=1 pid=3654560 tid=3654560 inv=1 hid=c58bf58e36d5e59c depth=2 name=chip.run.bind.prebuilt ts=7259510699620406 dur=2900 
[mono_ns=7259510699632886][T0xe78ff24a9020][TIMING] emit_host_span: [STRACE] v=1 pid=3654560 tid=3654560 inv=1 hid=c58bf58e36d5e59c depth=1 name=chip.run.bind ts=7259510697223624 dur=2405682 
[mono_ns=7259510820439523][T0xe78ff24a9020][TIMING] emit_host_span: [STRACE] v=1 pid=3654560 tid=3654560 inv=1 hid=c58bf58e36d5e59c depth=1 name=chip.run.runner_run ts=7259510700715156 dur=119717667 
[mono_ns=7259510822980504][T0xe78ff24a9020][TIMING] emit_host_span: [STRACE] v=1 pid=3654560 tid=3654560 inv=1 hid=c58bf58e36d5e59c depth=1 name=chip.run.validate ts=7259510820453553 dur=2519941 
[mono_ns=7259510822992674][T0xe78ff24a9020][TIMING] emit_host_span: [STRACE] v=1 pid=3654560 tid=3654560 inv=1 hid=c58bf58e36d5e59c depth=2 name=chip.run.runner_run.device_wall ts=0 dur=6085820 clk=dev
[mono_ns=7259510822997354][T0xe78ff24a9020][TIMING] emit_host_span: [STRACE] v=1 pid=3654560 tid=3654560 inv=1 hid=c58bf58e36d5e59c depth=3 name=chip.run.runner_run.device_wall.preamble ts=0 dur=152940 clk=dev
[mono_ns=7259510823113674][T0xe78ff24a9020][TIMING] emit_host_span: [STRACE] v=1 pid=3654560 tid=3654560 inv=1 hid=c58bf58e36d5e59c depth=3 name=chip.run.runner_run.device_wall.graph_build ts=37459 dur=6027180 clk=dev
[mono_ns=7259510823117644][T0xe78ff24a9020][TIMING] emit_host_span: [STRACE] v=1 pid=3654560 tid=3654560 inv=1 hid=c58bf58e36d5e59c depth=3 name=chip.run.runner_run.device_wall.config_validate ts=41140 dur=2940 clk=dev
[mono_ns=7259510823120964][T0xe78ff24a9020][TIMING] emit_host_span: [STRACE] v=1 pid=3654560 tid=3654560 inv=1 hid=c58bf58e36d5e59c depth=3 name=chip.run.runner_run.device_wall.arena_wire ts=44180 dur=11820 clk=dev
[mono_ns=7259510823124144][T0xe78ff24a9020][TIMING] emit_host_span: [STRACE] v=1 pid=3654560 tid=3654560 inv=1 hid=c58bf58e36d5e59c depth=3 name=chip.run.runner_run.device_wall.sm_reset ts=56040 dur=18180 clk=dev
[mono_ns=7259510823128204][T0xe78ff24a9020][TIMING] emit_host_span: [STRACE] v=1 pid=3654560 tid=3654560 inv=1 hid=c58bf58e36d5e59c depth=3 name=chip.run.runner_run.device_wall.post_orch ts=6064720 dur=17580 clk=dev
[mono_ns=7259510823131304][T0xe78ff24a9020][TIMING] emit_host_span: [STRACE] v=1 pid=3654560 tid=3654560 inv=1 hid=c58bf58e36d5e59c depth=3 name=chip.run.runner_run.device_wall.orch ts=79500 dur=42780 clk=dev
[mono_ns=7259510823134384][T0xe78ff24a9020][TIMING] emit_host_span: [STRACE] v=1 pid=3654560 tid=3654560 inv=1 hid=c58bf58e36d5e59c depth=3 name=chip.run.runner_run.device_wall.sched ts=154660 dur=5887240 clk=dev
[mono_ns=7259510823139394][T0xe78ff24a9020][TIMING] emit_host_span: [STRACE] v=1 pid=3654560 tid=3654560 inv=1 hid=c58bf58e36d5e59c depth=1 name=chip.run.claim_release ts=7259510823136834 dur=720 
[mono_ns=7259510823192974][T0xe78ff24a9020][TIMING] emit_host_span: [STRACE] v=1 pid=3654560 tid=3654560 inv=1 hid=c58bf58e36d5e59c depth=0 name=chip.run ts=7259510697139954 dur=126050570 run_id=1 dispatch_id=1 slot_id=0 generation=1 run_epoch=1
[mono_ns=7259510847406976][T0xe78ff24a9020][TIMING] emit_host_span: [STRACE] v=1 pid=3654560 tid=3654560 inv=2 hid=c58bf58e36d5e59c depth=2 name=chip.run.bind.args ts=7259510842536373 dur=4850283 
[mono_ns=7259510847445406][T0xe78ff24a9020][TIMING] emit_host_span: [STRACE] v=1 pid=3654560 tid=3654560 inv=2 hid=c58bf58e36d5e59c depth=2 name=chip.run.bind.prebuilt ts=7259510847435526 dur=7260 
[mono_ns=7259510847454096][T0xe78ff24a9020][TIMING] emit_host_span: [STRACE] v=1 pid=3654560 tid=3654560 inv=2 hid=c58bf58e36d5e59c depth=1 name=chip.run.bind ts=7259510842524083 dur=4925783 
[mono_ns=7259510923788912][T0xe78e94eddca0][WARN] copy_aicore_buffer: [chip_swimlane_collector.cpp:689] Core 1: skipped 1024 AICore record slot(s) with start_time=0 (race-window write or recycled-buffer tail). buf seq=0 count=1024
[mono_ns=7259510923857362][T0xe78e946cdca0][WARN] copy_aicore_buffer: [chip_swimlane_collector.cpp:689] Core 2: skipped 1024 AICore record slot(s) with start_time=0 (race-window write or recycled-buffer tail). buf seq=0 count=1024
[mono_ns=7259510924355172][T0xe78e94eddca0][WARN] copy_aicore_buffer: [chip_swimlane_collector.cpp:689] Core 26: skipped 1023 AICore record slot(s) with start_time=0 (race-window write or recycled-buffer tail). buf seq=0 count=1024
[mono_ns=7259510924384502][T0xe78e956edca0][WARN] copy_aicore_buffer: [chip_swimlane_collector.cpp:689] Core 0: skipped 1024 AICore record slot(s) with start_time=0 (race-window write or recycled-buffer tail). buf seq=0 count=1024
[mono_ns=7259510924659482][T0xe78e94eddca0][WARN] copy_aicore_buffer: [chip_swimlane_collector.cpp:689] Core 27: skipped 1024 AICore record slot(s) with start_time=0 (race-window write or recycled-buffer tail). buf seq=0 count=1024
[mono_ns=7259510924812192][T0xe78e956edca0][WARN] copy_aicore_buffer: [chip_swimlane_collector.cpp:689] Core 24: skipped 1022 AICore record slot(s) with start_time=0 (race-window write or recycled-buffer tail). buf seq=0 count=1024
[mono_ns=7259510925111143][T0xe78e94eddca0][WARN] copy_aicore_buffer: [chip_swimlane_collector.cpp:689] Core 4: skipped 1024 AICore record slot(s) with start_time=0 (race-window write or recycled-buffer tail). buf seq=0 count=1024
[mono_ns=7259510924418172][T0xe78e946cdca0][WARN] copy_aicore_buffer: [chip_swimlane_collector.cpp:689] Core 28: skipped 1024 AICore record slot(s) with start_time=0 (race-window write or recycled-buffer tail). buf seq=0 count=1024
[mono_ns=7259510925175143][T0xe78e956edca0][WARN] copy_aicore_buffer: [chip_swimlane_collector.cpp:689] Core 25: skipped 1024 AICore record slot(s) with start_time=0 (race-window write or recycled-buffer tail). buf seq=0 count=1024
[mono_ns=7259510925421643][T0xe78e94eddca0][WARN] copy_aicore_buffer: [chip_swimlane_collector.cpp:689] Core 32: skipped 1024 AICore record slot(s) with start_time=0 (race-window write or recycled-buffer tail). buf seq=0 count=1024
[mono_ns=7259510925533293][T0xe78e956edca0][WARN] copy_aicore_buffer: [chip_swimlane_collector.cpp:689] Core 3: skipped 1024 AICore record slot(s) with start_time=0 (race-window write or recycled-buffer tail). buf seq=0 count=1024
[mono_ns=7259510925738833][T0xe78e94eddca0][WARN] copy_aicore_buffer: [chip_swimlane_collector.cpp:689] Core 33: skipped 1024 AICore record slot(s) with start_time=0 (race-window write or recycled-buffer tail). buf seq=0 count=1024
[mono_ns=7259510925876113][T0xe78e956edca0][WARN] copy_aicore_buffer: [chip_swimlane_collector.cpp:689] Core 30: skipped 1024 AICore record slot(s) with start_time=0 (race-window write or recycled-buffer tail). buf seq=0 count=1024
[mono_ns=7259510925888483][T0xe78e946cdca0][WARN] copy_aicore_buffer: [chip_swimlane_collector.cpp:689] Core 29: skipped 1024 AICore record slot(s) with start_time=0 (race-window write or recycled-buffer tail). buf seq=0 count=1024
[mono_ns=7259510926131763][T0xe78e94eddca0][WARN] copy_aicore_buffer: [chip_swimlane_collector.cpp:689] Core 7: skipped 1024 AICore record slot(s) with start_time=0 (race-window write or recycled-buffer tail). buf seq=0 count=1024
[mono_ns=7259510926228333][T0xe78e956edca0][WARN] copy_aicore_buffer: [chip_swimlane_collector.cpp:689] Core 31: skipped 1024 AICore record slot(s) with start_time=0 (race-window write or recycled-buffer tail). buf seq=0 count=1024
[mono_ns=7259510926326803][T0xe78e946cdca0][WARN] copy_aicore_buffer: [chip_swimlane_collector.cpp:689] Core 5: skipped 1024 AICore record slot(s) with start_time=0 (race-window write or recycled-buffer tail). buf seq=0 count=1024
[mono_ns=7259510926450753][T0xe78e94eddca0][WARN] copy_aicore_buffer: [chip_swimlane_collector.cpp:689] Core 38: skipped 1024 AICore record slot(s) with start_time=0 (race-window write or recycled-buffer tail). buf seq=0 count=1024
[mono_ns=7259510926566933][T0xe78e956edca0][WARN] copy_aicore_buffer: [chip_swimlane_collector.cpp:689] Core 6: skipped 1024 AICore record slot(s) with start_time=0 (race-window write or recycled-buffer tail). buf seq=0 count=1024
[mono_ns=7259510926676393][T0xe78e946cdca0][WARN] copy_aicore_buffer: [chip_swimlane_collector.cpp:689] Core 34: skipped 1024 AICore record slot(s) with start_time=0 (race-window write or recycled-buffer tail). buf seq=0 count=1024
[mono_ns=7259510926761823][T0xe78e94eddca0][WARN] copy_aicore_buffer: [chip_swimlane_collector.cpp:689] Core 39: skipped 1024 AICore record slot(s) with start_time=0 (race-window write or recycled-buffer tail). buf seq=0 count=1024
[mono_ns=7259510926956703][T0xe78e956edca0][WARN] copy_aicore_buffer: [chip_swimlane_collector.cpp:689] Core 36: skipped 1024 AICore record slot(s) with start_time=0 (race-window write or recycled-buffer tail). buf seq=0 count=1024
[mono_ns=7259510927040594][T0xe78e946cdca0][WARN] copy_aicore_buffer: [chip_swimlane_collector.cpp:689] Core 35: skipped 1024 AICore record slot(s) with start_time=0 (race-window write or recycled-buffer tail). buf seq=0 count=1024
[mono_ns=7259510927103424][T0xe78e94eddca0][WARN] copy_aicore_buffer: [chip_swimlane_collector.cpp:689] Core 10: skipped 1024 AICore record slot(s) with start_time=0 (race-window write or recycled-buffer tail). buf seq=0 count=1024
[mono_ns=7259510927322644][T0xe78e956edca0][WARN] copy_aicore_buffer: [chip_swimlane_collector.cpp:689] Core 37: skipped 1024 AICore record slot(s) with start_time=0 (race-window write or recycled-buffer tail). buf seq=0 count=1024
[mono_ns=7259510927381634][T0xe78e946cdca0][WARN] copy_aicore_buffer: [chip_swimlane_collector.cpp:689] Core 8: skipped 1024 AICore record slot(s) with start_time=0 (race-window write or recycled-buffer tail). buf seq=0 count=1024
[mono_ns=7259510927417084][T0xe78e94eddca0][WARN] copy_aicore_buffer: [chip_swimlane_collector.cpp:689] Core 44: skipped 1024 AICore record slot(s) with start_time=0 (race-window write or recycled-buffer tail). buf seq=0 count=1024
[mono_ns=7259510927661484][T0xe78e956edca0][WARN] copy_aicore_buffer: [chip_swimlane_collector.cpp:689] Core 9: skipped 1024 AICore record slot(s) with start_time=0 (race-window write or recycled-buffer tail). buf seq=0 count=1024
[mono_ns=7259510927729914][T0xe78e946cdca0][WARN] copy_aicore_buffer: [chip_swimlane_collector.cpp:689] Core 40: skipped 1024 AICore record slot(s) with start_time=0 (race-window write or recycled-buffer tail). buf seq=0 count=1024
[mono_ns=7259510927829674][T0xe78e94eddca0][WARN] copy_aicore_buffer: [chip_swimlane_collector.cpp:689] Core 45: skipped 1024 AICore record slot(s) with start_time=0 (race-window write or recycled-buffer tail). buf seq=0 count=1024
[mono_ns=7259510927994614][T0xe78e956edca0][WARN] copy_aicore_buffer: [chip_swimlane_collector.cpp:689] Core 42: skipped 1024 AICore record slot(s) with start_time=0 (race-window write or recycled-buffer tail). buf seq=0 count=1024
[mono_ns=7259510928096294][T0xe78e946cdca0][WARN] copy_aicore_buffer: [chip_swimlane_collector.cpp:689] Core 41: skipped 1024 AICore record slot(s) with start_time=0 (race-window write or recycled-buffer tail). buf seq=0 count=1024
[mono_ns=7259510928154084][T0xe78e94eddca0][WARN] copy_aicore_buffer: [chip_swimlane_collector.cpp:689] Core 13: skipped 1024 AICore record slot(s) with start_time=0 (race-window write or recycled-buffer tail). buf seq=0 count=1024
[mono_ns=7259510928349734][T0xe78e956edca0][WARN] copy_aicore_buffer: [chip_swimlane_collector.cpp:689] Core 43: skipped 1024 AICore record slot(s) with start_time=0 (race-window write or recycled-buffer tail). buf seq=0 count=1024
[mono_ns=7259510928440034][T0xe78e946cdca0][WARN] copy_aicore_buffer: [chip_swimlane_collector.cpp:689] Core 11: skipped 1024 AICore record slot(s) with start_time=0 (race-window write or recycled-buffer tail). buf seq=0 count=1024
[mono_ns=7259510928463354][T0xe78e94eddca0][WARN] copy_aicore_buffer: [chip_swimlane_collector.cpp:689] Core 50: skipped 1024 AICore record slot(s) with start_time=0 (race-window write or recycled-buffer tail). buf seq=0 count=1024
[mono_ns=7259510928684834][T0xe78e956edca0][WARN] copy_aicore_buffer: [chip_swimlane_collector.cpp:689] Core 12: skipped 1024 AICore record slot(s) with start_time=0 (race-window write or recycled-buffer tail). buf seq=0 count=1024
[mono_ns=7259510928773514][T0xe78e94eddca0][WARN] copy_aicore_buffer: [chip_swimlane_collector.cpp:689] Core 51: skipped 1024 AICore record slot(s) with start_time=0 (race-window write or recycled-buffer tail). buf seq=0 count=1024
[mono_ns=7259510928793624][T0xe78e946cdca0][WARN] copy_aicore_buffer: [chip_swimlane_collector.cpp:689] Core 46: skipped 1024 AICore record slot(s) with start_time=0 (race-window write or recycled-buffer tail). buf seq=0 count=1024
[mono_ns=7259510929039004][T0xe78e956edca0][WARN] copy_aicore_buffer: [chip_swimlane_collector.cpp:689] Core 48: skipped 1024 AICore record slot(s) with start_time=0 (race-window write or recycled-buffer tail). buf seq=0 count=1024
[mono_ns=7259510929097645][T0xe78e94eddca0][WARN] copy_aicore_buffer: [chip_swimlane_collector.cpp:689] Core 16: skipped 1024 AICore record slot(s) with start_time=0 (race-window write or recycled-buffer tail). buf seq=0 count=1024
[mono_ns=7259510929150935][T0xe78e946cdca0][WARN] copy_aicore_buffer: [chip_swimlane_collector.cpp:689] Core 47: skipped 1024 AICore record slot(s) with start_time=0 (race-window write or recycled-buffer tail). buf seq=0 count=1024
[mono_ns=7259510929375595][T0xe78e956edca0][WARN] copy_aicore_buffer: [chip_swimlane_collector.cpp:689] Core 49: skipped 1024 AICore record slot(s) with start_time=0 (race-window write or recycled-buffer tail). buf seq=0 count=1024
[mono_ns=7259510929413055][T0xe78e94eddca0][WARN] copy_aicore_buffer: [chip_swimlane_collector.cpp:689] Core 56: skipped 1024 AICore record slot(s) with start_time=0 (race-window write or recycled-buffer tail). buf seq=0 count=1024
[mono_ns=7259510929491405][T0xe78e946cdca0][WARN] copy_aicore_buffer: [chip_swimlane_collector.cpp:689] Core 14: skipped 1024 AICore record slot(s) with start_time=0 (race-window write or recycled-buffer tail). buf seq=0 count=1024
[mono_ns=7259510929731915][T0xe78e94eddca0][WARN] copy_aicore_buffer: [chip_swimlane_collector.cpp:689] Core 57: skipped 1024 AICore record slot(s) with start_time=0 (race-window write or recycled-buffer tail). buf seq=0 count=1024
[mono_ns=7259510929772575][T0xe78e956edca0][WARN] copy_aicore_buffer: [chip_swimlane_collector.cpp:689] Core 15: skipped 1024 AICore record slot(s) with start_time=0 (race-window write or recycled-buffer tail). buf seq=0 count=1024
[mono_ns=7259510929833365][T0xe78e946cdca0][WARN] copy_aicore_buffer: [chip_swimlane_collector.cpp:689] Core 52: skipped 1024 AICore record slot(s) with start_time=0 (race-window write or recycled-buffer tail). buf seq=0 count=1024
[mono_ns=7259510930057815][T0xe78e94eddca0][WARN] copy_aicore_buffer: [chip_swimlane_collector.cpp:689] Core 19: skipped 1024 AICore record slot(s) with start_time=0 (race-window write or recycled-buffer tail). buf seq=0 count=1024
[mono_ns=7259510930119415][T0xe78e956edca0][WARN] copy_aicore_buffer: [chip_swimlane_collector.cpp:689] Core 54: skipped 1024 AICore record slot(s) with start_time=0 (race-window write or recycled-buffer tail). buf seq=0 count=1024
[mono_ns=7259510930197315][T0xe78e946cdca0][WARN] copy_aicore_buffer: [chip_swimlane_collector.cpp:689] Core 53: skipped 1024 AICore record slot(s) with start_time=0 (race-window write or recycled-buffer tail). buf seq=0 count=1024
[mono_ns=7259510930370945][T0xe78e94eddca0][WARN] copy_aicore_buffer: [chip_swimlane_collector.cpp:689] Core 62: skipped 1024 AICore record slot(s) with start_time=0 (race-window write or recycled-buffer tail). buf seq=0 count=1024
[mono_ns=7259510930487095][T0xe78e956edca0][WARN] copy_aicore_buffer: [chip_swimlane_collector.cpp:689] Core 55: skipped 1024 AICore record slot(s) with start_time=0 (race-window write or recycled-buffer tail). buf seq=0 count=1024
[mono_ns=7259510930542435][T0xe78e946cdca0][WARN] copy_aicore_buffer: [chip_swimlane_collector.cpp:689] Core 17: skipped 1024 AICore record slot(s) with start_time=0 (race-window write or recycled-buffer tail). buf seq=0 count=1024
[mono_ns=7259510930692605][T0xe78e94eddca0][WARN] copy_aicore_buffer: [chip_swimlane_collector.cpp:689] Core 63: skipped 1024 AICore record slot(s) with start_time=0 (race-window write or recycled-buffer tail). buf seq=0 count=1024
[mono_ns=7259510930821885][T0xe78e956edca0][WARN] copy_aicore_buffer: [chip_swimlane_collector.cpp:689] Core 18: skipped 1024 AICore record slot(s) with start_time=0 (race-window write or recycled-buffer tail). buf seq=0 count=1024
[mono_ns=7259510930891615][T0xe78e946cdca0][WARN] copy_aicore_buffer: [chip_swimlane_collector.cpp:689] Core 58: skipped 1024 AICore record slot(s) with start_time=0 (race-window write or recycled-buffer tail). buf seq=0 count=1024
[mono_ns=7259510931028175][T0xe78e94eddca0][WARN] copy_aicore_buffer: [chip_swimlane_collector.cpp:689] Core 22: skipped 1024 AICore record slot(s) with start_time=0 (race-window write or recycled-buffer tail). buf seq=0 count=1024
[mono_ns=7259510931167745][T0xe78e956edca0][WARN] copy_aicore_buffer: [chip_swimlane_collector.cpp:689] Core 60: skipped 1024 AICore record slot(s) with start_time=0 (race-window write or recycled-buffer tail). buf seq=0 count=1024
[mono_ns=7259510931252236][T0xe78e946cdca0][WARN] copy_aicore_buffer: [chip_swimlane_collector.cpp:689] Core 59: skipped 1024 AICore record slot(s) with start_time=0 (race-window write or recycled-buffer tail). buf seq=0 count=1024
[mono_ns=7259510931372086][T0xe78e94eddca0][WARN] copy_aicore_buffer: [chip_swimlane_collector.cpp:689] Core 68: skipped 1024 AICore record slot(s) with start_time=0 (race-window write or recycled-buffer tail). buf seq=0 count=1024
[mono_ns=7259510931500936][T0xe78e956edca0][WARN] copy_aicore_buffer: [chip_swimlane_collector.cpp:689] Core 61: skipped 1024 AICore record slot(s) with start_time=0 (race-window write or recycled-buffer tail). buf seq=0 count=1024
[mono_ns=7259510931597386][T0xe78e946cdca0][WARN] copy_aicore_buffer: [chip_swimlane_collector.cpp:689] Core 20: skipped 1024 AICore record slot(s) with start_time=0 (race-window write or recycled-buffer tail). buf seq=0 count=1024
[mono_ns=7259510931676576][T0xe78e94eddca0][WARN] copy_aicore_buffer: [chip_swimlane_collector.cpp:689] Core 69: skipped 1024 AICore record slot(s) with start_time=0 (race-window write or recycled-buffer tail). buf seq=0 count=1024
[mono_ns=7259510931833366][T0xe78e956edca0][WARN] copy_aicore_buffer: [chip_swimlane_collector.cpp:689] Core 21: skipped 1024 AICore record slot(s) with start_time=0 (race-window write or recycled-buffer tail). buf seq=0 count=1024
[mono_ns=7259510931943156][T0xe78e946cdca0][WARN] copy_aicore_buffer: [chip_swimlane_collector.cpp:689] Core 64: skipped 1024 AICore record slot(s) with start_time=0 (race-window write or recycled-buffer tail). buf seq=0 count=1024
[mono_ns=7259510932170586][T0xe78e956edca0][WARN] copy_aicore_buffer: [chip_swimlane_collector.cpp:689] Core 66: skipped 1024 AICore record slot(s) with start_time=0 (race-window write or recycled-buffer tail). buf seq=0 count=1024
[mono_ns=7259510932361046][T0xe78e946cdca0][WARN] copy_aicore_buffer: [chip_swimlane_collector.cpp:689] Core 65: skipped 1024 AICore record slot(s) with start_time=0 (race-window write or recycled-buffer tail). buf seq=0 count=1024
[mono_ns=7259510932496976][T0xe78e956edca0][WARN] copy_aicore_buffer: [chip_swimlane_collector.cpp:689] Core 67: skipped 1024 AICore record slot(s) with start_time=0 (race-window write or recycled-buffer tail). buf seq=0 count=1024
[mono_ns=7259510932708756][T0xe78e946cdca0][WARN] copy_aicore_buffer: [chip_swimlane_collector.cpp:689] Core 23: skipped 1024 AICore record slot(s) with start_time=0 (race-window write or recycled-buffer tail). buf seq=0 count=1024
[mono_ns=7259510933060866][T0xe78e946cdca0][WARN] copy_aicore_buffer: [chip_swimlane_collector.cpp:689] Core 70: skipped 1024 AICore record slot(s) with start_time=0 (race-window write or recycled-buffer tail). buf seq=0 count=1024
[mono_ns=7259510933403997][T0xe78e946cdca0][WARN] copy_aicore_buffer: [chip_swimlane_collector.cpp:689] Core 71: skipped 1024 AICore record slot(s) with start_time=0 (race-window write or recycled-buffer tail). buf seq=0 count=1024
[mono_ns=7259511034234334][T0xe78ff24a9020][TIMING] emit_host_span: [STRACE] v=1 pid=3654560 tid=3654560 inv=2 hid=c58bf58e36d5e59c depth=1 name=chip.run.runner_run ts=7259510912262237 dur=121959967 
[mono_ns=7259511037847526][T0xe78ff24a9020][TIMING] emit_host_span: [STRACE] v=1 pid=3654560 tid=3654560 inv=2 hid=c58bf58e36d5e59c depth=1 name=chip.run.validate ts=7259511034251144 dur=3584932 
[mono_ns=7259511037912586][T0xe78ff24a9020][TIMING] emit_host_span: [STRACE] v=1 pid=3654560 tid=3654560 inv=2 hid=c58bf58e36d5e59c depth=2 name=chip.run.runner_run.device_wall ts=0 dur=8970820 clk=dev
[mono_ns=7259511037918036][T0xe78ff24a9020][TIMING] emit_host_span: [STRACE] v=1 pid=3654560 tid=3654560 inv=2 hid=c58bf58e36d5e59c depth=3 name=chip.run.runner_run.device_wall.preamble ts=0 dur=136260 clk=dev
[mono_ns=7259511037922536][T0xe78ff24a9020][TIMING] emit_host_span: [STRACE] v=1 pid=3654560 tid=3654560 inv=2 hid=c58bf58e36d5e59c depth=3 name=chip.run.runner_run.device_wall.graph_build ts=130880 dur=8829840 clk=dev
[mono_ns=7259511037927036][T0xe78ff24a9020][TIMING] emit_host_span: [STRACE] v=1 pid=3654560 tid=3654560 inv=2 hid=c58bf58e36d5e59c depth=3 name=chip.run.runner_run.device_wall.config_validate ts=131180 dur=1080 clk=dev
[mono_ns=7259511037932556][T0xe78ff24a9020][TIMING] emit_host_span: [STRACE] v=1 pid=3654560 tid=3654560 inv=2 hid=c58bf58e36d5e59c depth=3 name=chip.run.runner_run.device_wall.arena_wire ts=132280 dur=600 clk=dev
[mono_ns=7259511037936046][T0xe78ff24a9020][TIMING] emit_host_span: [STRACE] v=1 pid=3654560 tid=3654560 inv=2 hid=c58bf58e36d5e59c depth=3 name=chip.run.runner_run.device_wall.sm_reset ts=132920 dur=1359 clk=dev
[mono_ns=7259511037939516][T0xe78ff24a9020][TIMING] emit_host_span: [STRACE] v=1 pid=3654560 tid=3654560 inv=2 hid=c58bf58e36d5e59c depth=3 name=chip.run.runner_run.device_wall.post_orch ts=8960840 dur=9840 clk=dev
[mono_ns=7259511038048016][T0xe78ff24a9020][TIMING] emit_host_span: [STRACE] v=1 pid=3654560 tid=3654560 inv=2 hid=c58bf58e36d5e59c depth=3 name=chip.run.runner_run.device_wall.orch ts=134380 dur=4580 clk=dev
[mono_ns=7259511038051856][T0xe78ff24a9020][TIMING] emit_host_span: [STRACE] v=1 pid=3654560 tid=3654560 inv=2 hid=c58bf58e36d5e59c depth=3 name=chip.run.runner_run.device_wall.sched ts=136380 dur=8796980 clk=dev
[mono_ns=7259511038059126][T0xe78ff24a9020][TIMING] emit_host_span: [STRACE] v=1 pid=3654560 tid=3654560 inv=2 hid=c58bf58e36d5e59c depth=1 name=chip.run.claim_release ts=7259511038055526 dur=1720 
[mono_ns=7259511038067306][T0xe78ff24a9020][TIMING] emit_host_span: [STRACE] v=1 pid=3654560 tid=3654560 inv=2 hid=c58bf58e36d5e59c depth=0 name=chip.run ts=7259510842489493 dur=195575783 run_id=2 dispatch_id=2 slot_id=0 generation=2 run_epoch=2
[mono_ns=7259516073856128][T0xe78ff24a9020][TIMING] emit_host_span: [STRACE] v=1 pid=3654560 tid=3654560 inv=3 hid=c58bf58e36d5e59c depth=2 name=chip.run.bind.args ts=7259516070576006 dur=3198732 
[mono_ns=7259516074099058][T0xe78ff24a9020][TIMING] emit_host_span: [STRACE] v=1 pid=3654560 tid=3654560 inv=3 hid=c58bf58e36d5e59c depth=2 name=chip.run.bind.prebuilt ts=7259516074048338 dur=47300 
[mono_ns=7259516074104368][T0xe78ff24a9020][TIMING] emit_host_span: [STRACE] v=1 pid=3654560 tid=3654560 inv=3 hid=c58bf58e36d5e59c depth=1 name=chip.run.bind ts=7259516070554936 dur=3547192 
[mono_ns=7259516480446560][T0xe78ff24a9020][TIMING] emit_host_span: [STRACE] v=1 pid=3654560 tid=3654560 inv=3 hid=c58bf58e36d5e59c depth=1 name=chip.run.runner_run ts=7259516076101199 dur=404333321 
[mono_ns=7259516483187111][T0xe78ff24a9020][TIMING] emit_host_span: [STRACE] v=1 pid=3654560 tid=3654560 inv=3 hid=c58bf58e36d5e59c depth=1 name=chip.run.validate ts=7259516480537980 dur=2642181 
[mono_ns=7259516483203921][T0xe78ff24a9020][TIMING] emit_host_span: [STRACE] v=1 pid=3654560 tid=3654560 inv=3 hid=c58bf58e36d5e59c depth=2 name=chip.run.runner_run.device_wall ts=0 dur=3635680 clk=dev
[mono_ns=7259516483208631][T0xe78ff24a9020][TIMING] emit_host_span: [STRACE] v=1 pid=3654560 tid=3654560 inv=3 hid=c58bf58e36d5e59c depth=3 name=chip.run.runner_run.device_wall.preamble ts=0 dur=9300 clk=dev
[mono_ns=7259516483212731][T0xe78ff24a9020][TIMING] emit_host_span: [STRACE] v=1 pid=3654560 tid=3654560 inv=3 hid=c58bf58e36d5e59c depth=3 name=chip.run.runner_run.device_wall.graph_build ts=1760 dur=3622600 clk=dev
[mono_ns=7259516483216381][T0xe78ff24a9020][TIMING] emit_host_span: [STRACE] v=1 pid=3654560 tid=3654560 inv=3 hid=c58bf58e36d5e59c depth=3 name=chip.run.runner_run.device_wall.config_validate ts=2120 dur=1080 clk=dev
[mono_ns=7259516483220081][T0xe78ff24a9020][TIMING] emit_host_span: [STRACE] v=1 pid=3654560 tid=3654560 inv=3 hid=c58bf58e36d5e59c depth=3 name=chip.run.runner_run.device_wall.arena_wire ts=3239 dur=1000 clk=dev
[mono_ns=7259516483223631][T0xe78ff24a9020][TIMING] emit_host_span: [STRACE] v=1 pid=3654560 tid=3654560 inv=3 hid=c58bf58e36d5e59c depth=3 name=chip.run.runner_run.device_wall.sm_reset ts=4260 dur=1380 clk=dev
[mono_ns=7259516483227871][T0xe78ff24a9020][TIMING] emit_host_span: [STRACE] v=1 pid=3654560 tid=3654560 inv=3 hid=c58bf58e36d5e59c depth=3 name=chip.run.runner_run.device_wall.post_orch ts=3624420 dur=10700 clk=dev
[mono_ns=7259516483288502][T0xe78ff24a9020][TIMING] emit_host_span: [STRACE] v=1 pid=3654560 tid=3654560 inv=3 hid=c58bf58e36d5e59c depth=3 name=chip.run.runner_run.device_wall.orch ts=6760 dur=9900 clk=dev
[mono_ns=7259516483291742][T0xe78ff24a9020][TIMING] emit_host_span: [STRACE] v=1 pid=3654560 tid=3654560 inv=3 hid=c58bf58e36d5e59c depth=3 name=chip.run.runner_run.device_wall.sched ts=10060 dur=3606080 clk=dev
[mono_ns=7259516483298652][T0xe78ff24a9020][TIMING] emit_host_span: [STRACE] v=1 pid=3654560 tid=3654560 inv=3 hid=c58bf58e36d5e59c depth=1 name=chip.run.claim_release ts=7259516483295482 dur=1330 
[mono_ns=7259516483304222][T0xe78ff24a9020][TIMING] emit_host_span: [STRACE] v=1 pid=3654560 tid=3654560 inv=3 hid=c58bf58e36d5e59c depth=0 name=chip.run ts=7259516069172155 dur=414129787 run_id=3 dispatch_id=3 slot_id=0 generation=3 run_epoch=3
[mono_ns=7259516640214184][T0xe78ff24a9020][TIMING] emit_host_span: [STRACE] v=1 pid=3654560 tid=3654560 inv=4 hid=c58bf58e36d5e59c depth=2 name=chip.run.bind.args ts=7259516637592673 dur=2615561 
[mono_ns=7259516640245394][T0xe78ff24a9020][TIMING] emit_host_span: [STRACE] v=1 pid=3654560 tid=3654560 inv=4 hid=c58bf58e36d5e59c depth=2 name=chip.run.bind.prebuilt ts=7259516640239084 dur=3520 
[mono_ns=7259516640250364][T0xe78ff24a9020][TIMING] emit_host_span: [STRACE] v=1 pid=3654560 tid=3654560 inv=4 hid=c58bf58e36d5e59c depth=1 name=chip.run.bind ts=7259516637584473 dur=2663681 
[mono_ns=7259516650916860][T0xe78e956edca0][WARN] copy_aicore_buffer: [chip_swimlane_collector.cpp:689] Core 0: skipped 1024 AICore record slot(s) with start_time=0 (race-window write or recycled-buffer tail). buf seq=0 count=1024
[mono_ns=7259516651238930][T0xe78e94eddca0][WARN] copy_aicore_buffer: [chip_swimlane_collector.cpp:689] Core 1: skipped 1024 AICore record slot(s) with start_time=0 (race-window write or recycled-buffer tail). buf seq=0 count=1024
[mono_ns=7259516651341390][T0xe78e946cdca0][WARN] copy_aicore_buffer: [chip_swimlane_collector.cpp:689] Core 2: skipped 1024 AICore record slot(s) with start_time=0 (race-window write or recycled-buffer tail). buf seq=0 count=1024
[mono_ns=7259516651362690][T0xe78e956edca0][WARN] copy_aicore_buffer: [chip_swimlane_collector.cpp:689] Core 24: skipped 1023 AICore record slot(s) with start_time=0 (race-window write or recycled-buffer tail). buf seq=0 count=1024
[mono_ns=7259516651547530][T0xe78e94eddca0][WARN] copy_aicore_buffer: [chip_swimlane_collector.cpp:689] Core 26: skipped 1023 AICore record slot(s) with start_time=0 (race-window write or recycled-buffer tail). buf seq=0 count=1024
[mono_ns=7259516651662481][T0xe78e946cdca0][WARN] copy_aicore_buffer: [chip_swimlane_collector.cpp:689] Core 28: skipped 1023 AICore record slot(s) with start_time=0 (race-window write or recycled-buffer tail). buf seq=0 count=1024
[mono_ns=7259516651676741][T0xe78e956edca0][WARN] copy_aicore_buffer: [chip_swimlane_collector.cpp:689] Core 25: skipped 1024 AICore record slot(s) with start_time=0 (race-window write or recycled-buffer tail). buf seq=0 count=1024
[mono_ns=7259516651849421][T0xe78e94eddca0][WARN] copy_aicore_buffer: [chip_swimlane_collector.cpp:689] Core 27: skipped 1024 AICore record slot(s) with start_time=0 (race-window write or recycled-buffer tail). buf seq=0 count=1024
[mono_ns=7259516651989951][T0xe78e946cdca0][WARN] copy_aicore_buffer: [chip_swimlane_collector.cpp:689] Core 29: skipped 1024 AICore record slot(s) with start_time=0 (race-window write or recycled-buffer tail). buf seq=0 count=1024
[mono_ns=7259516651993321][T0xe78e956edca0][WARN] copy_aicore_buffer: [chip_swimlane_collector.cpp:689] Core 3: skipped 1024 AICore record slot(s) with start_time=0 (race-window write or recycled-buffer tail). buf seq=0 count=1024
[mono_ns=7259516652285781][T0xe78e94eddca0][WARN] copy_aicore_buffer: [chip_swimlane_collector.cpp:689] Core 4: skipped 1024 AICore record slot(s) with start_time=0 (race-window write or recycled-buffer tail). buf seq=0 count=1024
[mono_ns=7259516652317501][T0xe78e946cdca0][WARN] copy_aicore_buffer: [chip_swimlane_collector.cpp:689] Core 5: skipped 1024 AICore record slot(s) with start_time=0 (race-window write or recycled-buffer tail). buf seq=0 count=1024
[mono_ns=7259516652322211][T0xe78e956edca0][WARN] copy_aicore_buffer: [chip_swimlane_collector.cpp:689] Core 30: skipped 1024 AICore record slot(s) with start_time=0 (race-window write or recycled-buffer tail). buf seq=0 count=1024
[mono_ns=7259516652580651][T0xe78e94eddca0][WARN] copy_aicore_buffer: [chip_swimlane_collector.cpp:689] Core 32: skipped 1024 AICore record slot(s) with start_time=0 (race-window write or recycled-buffer tail). buf seq=0 count=1024
[mono_ns=7259516652631341][T0xe78e946cdca0][WARN] copy_aicore_buffer: [chip_swimlane_collector.cpp:689] Core 34: skipped 1024 AICore record slot(s) with start_time=0 (race-window write or recycled-buffer tail). buf seq=0 count=1024
[mono_ns=7259516652634911][T0xe78e956edca0][WARN] copy_aicore_buffer: [chip_swimlane_collector.cpp:689] Core 31: skipped 1024 AICore record slot(s) with start_time=0 (race-window write or recycled-buffer tail). buf seq=0 count=1024
[mono_ns=7259516652874741][T0xe78e94eddca0][WARN] copy_aicore_buffer: [chip_swimlane_collector.cpp:689] Core 33: skipped 1024 AICore record slot(s) with start_time=0 (race-window write or recycled-buffer tail). buf seq=0 count=1024
[mono_ns=7259516652944081][T0xe78e946cdca0][WARN] copy_aicore_buffer: [chip_swimlane_collector.cpp:689] Core 35: skipped 1024 AICore record slot(s) with start_time=0 (race-window write or recycled-buffer tail). buf seq=0 count=1024
[mono_ns=7259516653052081][T0xe78e956edca0][WARN] copy_aicore_buffer: [chip_swimlane_collector.cpp:689] Core 6: skipped 1024 AICore record slot(s) with start_time=0 (race-window write or recycled-buffer tail). buf seq=0 count=1024
[mono_ns=7259516653188301][T0xe78e94eddca0][WARN] copy_aicore_buffer: [chip_swimlane_collector.cpp:689] Core 7: skipped 1024 AICore record slot(s) with start_time=0 (race-window write or recycled-buffer tail). buf seq=0 count=1024
[mono_ns=7259516653269361][T0xe78e946cdca0][WARN] copy_aicore_buffer: [chip_swimlane_collector.cpp:689] Core 8: skipped 1024 AICore record slot(s) with start_time=0 (race-window write or recycled-buffer tail). buf seq=0 count=1024
[mono_ns=7259516653363591][T0xe78e956edca0][WARN] copy_aicore_buffer: [chip_swimlane_collector.cpp:689] Core 36: skipped 1024 AICore record slot(s) with start_time=0 (race-window write or recycled-buffer tail). buf seq=0 count=1024
[mono_ns=7259516653481212][T0xe78e94eddca0][WARN] copy_aicore_buffer: [chip_swimlane_collector.cpp:689] Core 38: skipped 1024 AICore record slot(s) with start_time=0 (race-window write or recycled-buffer tail). buf seq=0 count=1024
[mono_ns=7259516653581912][T0xe78e946cdca0][WARN] copy_aicore_buffer: [chip_swimlane_collector.cpp:689] Core 40: skipped 1024 AICore record slot(s) with start_time=0 (race-window write or recycled-buffer tail). buf seq=0 count=1024
[mono_ns=7259516653674582][T0xe78e956edca0][WARN] copy_aicore_buffer: [chip_swimlane_collector.cpp:689] Core 37: skipped 1024 AICore record slot(s) with start_time=0 (race-window write or recycled-buffer tail). buf seq=0 count=1024
[mono_ns=7259516653773422][T0xe78e94eddca0][WARN] copy_aicore_buffer: [chip_swimlane_collector.cpp:689] Core 39: skipped 1024 AICore record slot(s) with start_time=0 (race-window write or recycled-buffer tail). buf seq=0 count=1024
[mono_ns=7259516653949042][T0xe78e946cdca0][WARN] copy_aicore_buffer: [chip_swimlane_collector.cpp:689] Core 41: skipped 1024 AICore record slot(s) with start_time=0 (race-window write or recycled-buffer tail). buf seq=0 count=1024
[mono_ns=7259516653985182][T0xe78e956edca0][WARN] copy_aicore_buffer: [chip_swimlane_collector.cpp:689] Core 9: skipped 1024 AICore record slot(s) with start_time=0 (race-window write or recycled-buffer tail). buf seq=0 count=1024
[mono_ns=7259516654078192][T0xe78e94eddca0][WARN] copy_aicore_buffer: [chip_swimlane_collector.cpp:689] Core 10: skipped 1024 AICore record slot(s) with start_time=0 (race-window write or recycled-buffer tail). buf seq=0 count=1024
[mono_ns=7259516654371242][T0xe78e94eddca0][WARN] copy_aicore_buffer: [chip_swimlane_collector.cpp:689] Core 44: skipped 1024 AICore record slot(s) with start_time=0 (race-window write or recycled-buffer tail). buf seq=0 count=1024
[mono_ns=7259516654713992][T0xe78e94eddca0][WARN] copy_aicore_buffer: [chip_swimlane_collector.cpp:689] Core 45: skipped 1024 AICore record slot(s) with start_time=0 (race-window write or recycled-buffer tail). buf seq=0 count=1024
[mono_ns=7259516655062282][T0xe78e94eddca0][WARN] copy_aicore_buffer: [chip_swimlane_collector.cpp:689] Core 13: skipped 1024 AICore record slot(s) with start_time=0 (race-window write or recycled-buffer tail). buf seq=0 count=1024
[mono_ns=7259516655309242][T0xe78e946cdca0][WARN] copy_aicore_buffer: [chip_swimlane_collector.cpp:689] Core 11: skipped 1024 AICore record slot(s) with start_time=0 (race-window write or recycled-buffer tail). buf seq=0 count=1024
[mono_ns=7259516655404393][T0xe78e94eddca0][WARN] copy_aicore_buffer: [chip_swimlane_collector.cpp:689] Core 50: skipped 1024 AICore record slot(s) with start_time=0 (race-window write or recycled-buffer tail). buf seq=0 count=1024
[mono_ns=7259516655633103][T0xe78e946cdca0][WARN] copy_aicore_buffer: [chip_swimlane_collector.cpp:689] Core 46: skipped 1024 AICore record slot(s) with start_time=0 (race-window write or recycled-buffer tail). buf seq=0 count=1024
[mono_ns=7259516655706293][T0xe78e94eddca0][WARN] copy_aicore_buffer: [chip_swimlane_collector.cpp:689] Core 51: skipped 1024 AICore record slot(s) with start_time=0 (race-window write or recycled-buffer tail). buf seq=0 count=1024
[mono_ns=7259516655986593][T0xe78e946cdca0][WARN] copy_aicore_buffer: [chip_swimlane_collector.cpp:689] Core 47: skipped 1024 AICore record slot(s) with start_time=0 (race-window write or recycled-buffer tail). buf seq=0 count=1024
[mono_ns=7259516656035133][T0xe78e94eddca0][WARN] copy_aicore_buffer: [chip_swimlane_collector.cpp:689] Core 16: skipped 1024 AICore record slot(s) with start_time=0 (race-window write or recycled-buffer tail). buf seq=0 count=1024
[mono_ns=7259516656344703][T0xe78e946cdca0][WARN] copy_aicore_buffer: [chip_swimlane_collector.cpp:689] Core 14: skipped 1024 AICore record slot(s) with start_time=0 (race-window write or recycled-buffer tail). buf seq=0 count=1024
[mono_ns=7259516656345943][T0xe78e94eddca0][WARN] copy_aicore_buffer: [chip_swimlane_collector.cpp:689] Core 56: skipped 1024 AICore record slot(s) with start_time=0 (race-window write or recycled-buffer tail). buf seq=0 count=1024
[mono_ns=7259516656689303][T0xe78e94eddca0][WARN] copy_aicore_buffer: [chip_swimlane_collector.cpp:689] Core 57: skipped 1024 AICore record slot(s) with start_time=0 (race-window write or recycled-buffer tail). buf seq=0 count=1024
[mono_ns=7259516656708873][T0xe78e946cdca0][WARN] copy_aicore_buffer: [chip_swimlane_collector.cpp:689] Core 52: skipped 1024 AICore record slot(s) with start_time=0 (race-window write or recycled-buffer tail). buf seq=0 count=1024
[mono_ns=7259516656744503][T0xe78e956edca0][WARN] copy_aicore_buffer: [chip_swimlane_collector.cpp:689] Core 42: skipped 1024 AICore record slot(s) with start_time=0 (race-window write or recycled-buffer tail). buf seq=0 count=1024
[mono_ns=7259516657012413][T0xe78e94eddca0][WARN] copy_aicore_buffer: [chip_swimlane_collector.cpp:689] Core 19: skipped 1024 AICore record slot(s) with start_time=0 (race-window write or recycled-buffer tail). buf seq=0 count=1024
[mono_ns=7259516657060573][T0xe78e946cdca0][WARN] copy_aicore_buffer: [chip_swimlane_collector.cpp:689] Core 53: skipped 1024 AICore record slot(s) with start_time=0 (race-window write or recycled-buffer tail). buf seq=0 count=1024
[mono_ns=7259516657146283][T0xe78e956edca0][WARN] copy_aicore_buffer: [chip_swimlane_collector.cpp:689] Core 43: skipped 1024 AICore record slot(s) with start_time=0 (race-window write or recycled-buffer tail). buf seq=0 count=1024
[mono_ns=7259516657319674][T0xe78e94eddca0][WARN] copy_aicore_buffer: [chip_swimlane_collector.cpp:689] Core 62: skipped 1024 AICore record slot(s) with start_time=0 (race-window write or recycled-buffer tail). buf seq=0 count=1024
[mono_ns=7259516657399804][T0xe78e946cdca0][WARN] copy_aicore_buffer: [chip_swimlane_collector.cpp:689] Core 17: skipped 1024 AICore record slot(s) with start_time=0 (race-window write or recycled-buffer tail). buf seq=0 count=1024
[mono_ns=7259516657507604][T0xe78e956edca0][WARN] copy_aicore_buffer: [chip_swimlane_collector.cpp:689] Core 12: skipped 1024 AICore record slot(s) with start_time=0 (race-window write or recycled-buffer tail). buf seq=0 count=1024
[mono_ns=7259516657693534][T0xe78e94eddca0][WARN] copy_aicore_buffer: [chip_swimlane_collector.cpp:689] Core 63: skipped 1024 AICore record slot(s) with start_time=0 (race-window write or recycled-buffer tail). buf seq=0 count=1024
[mono_ns=7259516657736174][T0xe78e946cdca0][WARN] copy_aicore_buffer: [chip_swimlane_collector.cpp:689] Core 58: skipped 1024 AICore record slot(s) with start_time=0 (race-window write or recycled-buffer tail). buf seq=0 count=1024
[mono_ns=7259516657853254][T0xe78e956edca0][WARN] copy_aicore_buffer: [chip_swimlane_collector.cpp:689] Core 48: skipped 1024 AICore record slot(s) with start_time=0 (race-window write or recycled-buffer tail). buf seq=0 count=1024
[mono_ns=7259516657997094][T0xe78e94eddca0][WARN] copy_aicore_buffer: [chip_swimlane_collector.cpp:689] Core 22: skipped 1024 AICore record slot(s) with start_time=0 (race-window write or recycled-buffer tail). buf seq=0 count=1024
[mono_ns=7259516658091344][T0xe78e946cdca0][WARN] copy_aicore_buffer: [chip_swimlane_collector.cpp:689] Core 59: skipped 1024 AICore record slot(s) with start_time=0 (race-window write or recycled-buffer tail). buf seq=0 count=1024
[mono_ns=7259516658217214][T0xe78e956edca0][WARN] copy_aicore_buffer: [chip_swimlane_collector.cpp:689] Core 49: skipped 1024 AICore record slot(s) with start_time=0 (race-window write or recycled-buffer tail). buf seq=0 count=1024
[mono_ns=7259516658317334][T0xe78e94eddca0][WARN] copy_aicore_buffer: [chip_swimlane_collector.cpp:689] Core 68: skipped 1024 AICore record slot(s) with start_time=0 (race-window write or recycled-buffer tail). buf seq=0 count=1024
[mono_ns=7259516658423464][T0xe78e946cdca0][WARN] copy_aicore_buffer: [chip_swimlane_collector.cpp:689] Core 20: skipped 1024 AICore record slot(s) with start_time=0 (race-window write or recycled-buffer tail). buf seq=0 count=1024
[mono_ns=7259516658632624][T0xe78e956edca0][WARN] copy_aicore_buffer: [chip_swimlane_collector.cpp:689] Core 15: skipped 1024 AICore record slot(s) with start_time=0 (race-window write or recycled-buffer tail). buf seq=0 count=1024
[mono_ns=7259516658634414][T0xe78e94eddca0][WARN] copy_aicore_buffer: [chip_swimlane_collector.cpp:689] Core 69: skipped 1024 AICore record slot(s) with start_time=0 (race-window write or recycled-buffer tail). buf seq=0 count=1024
[mono_ns=7259516658750254][T0xe78e946cdca0][WARN] copy_aicore_buffer: [chip_swimlane_collector.cpp:689] Core 64: skipped 1024 AICore record slot(s) with start_time=0 (race-window write or recycled-buffer tail). buf seq=0 count=1024
[mono_ns=7259516658978704][T0xe78e956edca0][WARN] copy_aicore_buffer: [chip_swimlane_collector.cpp:689] Core 54: skipped 1024 AICore record slot(s) with start_time=0 (race-window write or recycled-buffer tail). buf seq=0 count=1024
[mono_ns=7259516659088435][T0xe78e946cdca0][WARN] copy_aicore_buffer: [chip_swimlane_collector.cpp:689] Core 65: skipped 1024 AICore record slot(s) with start_time=0 (race-window write or recycled-buffer tail). buf seq=0 count=1024
[mono_ns=7259516659335545][T0xe78e956edca0][WARN] copy_aicore_buffer: [chip_swimlane_collector.cpp:689] Core 55: skipped 1024 AICore record slot(s) with start_time=0 (race-window write or recycled-buffer tail). buf seq=0 count=1024
[mono_ns=7259516659417075][T0xe78e946cdca0][WARN] copy_aicore_buffer: [chip_swimlane_collector.cpp:689] Core 23: skipped 1024 AICore record slot(s) with start_time=0 (race-window write or recycled-buffer tail). buf seq=0 count=1024
[mono_ns=7259516659753295][T0xe78e946cdca0][WARN] copy_aicore_buffer: [chip_swimlane_collector.cpp:689] Core 70: skipped 1024 AICore record slot(s) with start_time=0 (race-window write or recycled-buffer tail). buf seq=0 count=1024
[mono_ns=7259516659774485][T0xe78e956edca0][WARN] copy_aicore_buffer: [chip_swimlane_collector.cpp:689] Core 18: skipped 1024 AICore record slot(s) with start_time=0 (race-window write or recycled-buffer tail). buf seq=0 count=1024
[mono_ns=7259516660123585][T0xe78e956edca0][WARN] copy_aicore_buffer: [chip_swimlane_collector.cpp:689] Core 60: skipped 1024 AICore record slot(s) with start_time=0 (race-window write or recycled-buffer tail). buf seq=0 count=1024
[mono_ns=7259516660458105][T0xe78e956edca0][WARN] copy_aicore_buffer: [chip_swimlane_collector.cpp:689] Core 61: skipped 1024 AICore record slot(s) with start_time=0 (race-window write or recycled-buffer tail). buf seq=0 count=1024
[mono_ns=7259516660761685][T0xe78e946cdca0][WARN] copy_aicore_buffer: [chip_swimlane_collector.cpp:689] Core 71: skipped 1024 AICore record slot(s) with start_time=0 (race-window write or recycled-buffer tail). buf seq=0 count=1024
[mono_ns=7259516660801215][T0xe78e956edca0][WARN] copy_aicore_buffer: [chip_swimlane_collector.cpp:689] Core 21: skipped 1024 AICore record slot(s) with start_time=0 (race-window write or recycled-buffer tail). buf seq=0 count=1024
[mono_ns=7259516661214356][T0xe78e956edca0][WARN] copy_aicore_buffer: [chip_swimlane_collector.cpp:689] Core 66: skipped 1024 AICore record slot(s) with start_time=0 (race-window write or recycled-buffer tail). buf seq=0 count=1024
[mono_ns=7259516661552846][T0xe78e956edca0][WARN] copy_aicore_buffer: [chip_swimlane_collector.cpp:689] Core 67: skipped 1024 AICore record slot(s) with start_time=0 (race-window write or recycled-buffer tail). buf seq=0 count=1024
[mono_ns=7259516762444059][T0xe78ff24a9020][TIMING] emit_host_span: [STRACE] v=1 pid=3654560 tid=3654560 inv=4 hid=c58bf58e36d5e59c depth=1 name=chip.run.runner_run ts=7259516643776686 dur=118661153 
[mono_ns=7259516766204831][T0xe78ff24a9020][TIMING] emit_host_span: [STRACE] v=1 pid=3654560 tid=3654560 inv=4 hid=c58bf58e36d5e59c depth=1 name=chip.run.validate ts=7259516762456439 dur=3730512 
[mono_ns=7259516766232901][T0xe78ff24a9020][TIMING] emit_host_span: [STRACE] v=1 pid=3654560 tid=3654560 inv=4 hid=c58bf58e36d5e59c depth=2 name=chip.run.runner_run.device_wall ts=0 dur=6319080 clk=dev
[mono_ns=7259516766239021][T0xe78ff24a9020][TIMING] emit_host_span: [STRACE] v=1 pid=3654560 tid=3654560 inv=4 hid=c58bf58e36d5e59c depth=3 name=chip.run.runner_run.device_wall.preamble ts=0 dur=112840 clk=dev
[mono_ns=7259516766243901][T0xe78ff24a9020][TIMING] emit_host_span: [STRACE] v=1 pid=3654560 tid=3654560 inv=4 hid=c58bf58e36d5e59c depth=3 name=chip.run.runner_run.device_wall.graph_build ts=107700 dur=6200340 clk=dev
[mono_ns=7259516766248361][T0xe78ff24a9020][TIMING] emit_host_span: [STRACE] v=1 pid=3654560 tid=3654560 inv=4 hid=c58bf58e36d5e59c depth=3 name=chip.run.runner_run.device_wall.config_validate ts=107820 dur=720 clk=dev
[mono_ns=7259516766344891][T0xe78ff24a9020][TIMING] emit_host_span: [STRACE] v=1 pid=3654560 tid=3654560 inv=4 hid=c58bf58e36d5e59c depth=3 name=chip.run.runner_run.device_wall.arena_wire ts=108580 dur=700 clk=dev
[mono_ns=7259516766348651][T0xe78ff24a9020][TIMING] emit_host_span: [STRACE] v=1 pid=3654560 tid=3654560 inv=4 hid=c58bf58e36d5e59c depth=3 name=chip.run.runner_run.device_wall.sm_reset ts=109320 dur=960 clk=dev
[mono_ns=7259516766353131][T0xe78ff24a9020][TIMING] emit_host_span: [STRACE] v=1 pid=3654560 tid=3654560 inv=4 hid=c58bf58e36d5e59c depth=3 name=chip.run.runner_run.device_wall.post_orch ts=6308080 dur=10900 clk=dev
[mono_ns=7259516766357171][T0xe78ff24a9020][TIMING] emit_host_span: [STRACE] v=1 pid=3654560 tid=3654560 inv=4 hid=c58bf58e36d5e59c depth=3 name=chip.run.runner_run.device_wall.orch ts=110360 dur=4520 clk=dev
[mono_ns=7259516766360541][T0xe78ff24a9020][TIMING] emit_host_span: [STRACE] v=1 pid=3654560 tid=3654560 inv=4 hid=c58bf58e36d5e59c depth=3 name=chip.run.runner_run.device_wall.sched ts=113259 dur=6169040 clk=dev
[mono_ns=7259516766367352][T0xe78ff24a9020][TIMING] emit_host_span: [STRACE] v=1 pid=3654560 tid=3654560 inv=4 hid=c58bf58e36d5e59c depth=1 name=chip.run.claim_release ts=7259516766364001 dur=1480 
[mono_ns=7259516766377042][T0xe78ff24a9020][TIMING] emit_host_span: [STRACE] v=1 pid=3654560 tid=3654560 inv=4 hid=c58bf58e36d5e59c depth=0 name=chip.run ts=7259516637549453 dur=128825489 run_id=4 dispatch_id=4 slot_id=0 generation=4 run_epoch=4
[mono_ns=7259521677344541][T0xe78ff24a9020][TIMING] emit_host_span: [STRACE] v=1 pid=3654560 tid=3654560 inv=5 hid=c58bf58e36d5e59c depth=2 name=chip.run.bind.args ts=7259521673585878 dur=3747663 
[mono_ns=7259521677371371][T0xe78ff24a9020][TIMING] emit_host_span: [STRACE] v=1 pid=3654560 tid=3654560 inv=5 hid=c58bf58e36d5e59c depth=2 name=chip.run.bind.prebuilt ts=7259521677364281 dur=4500 
[mono_ns=7259521677376731][T0xe78ff24a9020][TIMING] emit_host_span: [STRACE] v=1 pid=3654560 tid=3654560 inv=5 hid=c58bf58e36d5e59c depth=1 name=chip.run.bind ts=7259521673576708 dur=3797743 
[mono_ns=7259521787197814][T0xe78ff24a9020][TIMING] emit_host_span: [STRACE] v=1 pid=3654560 tid=3654560 inv=5 hid=c58bf58e36d5e59c depth=1 name=chip.run.runner_run ts=7259521678434961 dur=108752443 
[mono_ns=7259521790399376][T0xe78ff24a9020][TIMING] emit_host_span: [STRACE] v=1 pid=3654560 tid=3654560 inv=5 hid=c58bf58e36d5e59c depth=1 name=chip.run.validate ts=7259521787218354 dur=3175292 
[mono_ns=7259521790416436][T0xe78ff24a9020][TIMING] emit_host_span: [STRACE] v=1 pid=3654560 tid=3654560 inv=5 hid=c58bf58e36d5e59c depth=2 name=chip.run.runner_run.device_wall ts=0 dur=2322980 clk=dev
[mono_ns=7259521790421316][T0xe78ff24a9020][TIMING] emit_host_span: [STRACE] v=1 pid=3654560 tid=3654560 inv=5 hid=c58bf58e36d5e59c depth=3 name=chip.run.runner_run.device_wall.preamble ts=0 dur=6280 clk=dev
[mono_ns=7259521790426396][T0xe78ff24a9020][TIMING] emit_host_span: [STRACE] v=1 pid=3654560 tid=3654560 inv=5 hid=c58bf58e36d5e59c depth=3 name=chip.run.runner_run.device_wall.graph_build ts=1359 dur=2310319 clk=dev
[mono_ns=7259521790431096][T0xe78ff24a9020][TIMING] emit_host_span: [STRACE] v=1 pid=3654560 tid=3654560 inv=5 hid=c58bf58e36d5e59c depth=3 name=chip.run.runner_run.device_wall.config_validate ts=1839 dur=720 clk=dev
[mono_ns=7259521790537746][T0xe78ff24a9020][TIMING] emit_host_span: [STRACE] v=1 pid=3654560 tid=3654560 inv=5 hid=c58bf58e36d5e59c depth=3 name=chip.run.runner_run.device_wall.arena_wire ts=2600 dur=919 clk=dev
[mono_ns=7259521790541956][T0xe78ff24a9020][TIMING] emit_host_span: [STRACE] v=1 pid=3654560 tid=3654560 inv=5 hid=c58bf58e36d5e59c depth=3 name=chip.run.runner_run.device_wall.sm_reset ts=3559 dur=980 clk=dev
[mono_ns=7259521790545446][T0xe78ff24a9020][TIMING] emit_host_span: [STRACE] v=1 pid=3654560 tid=3654560 inv=5 hid=c58bf58e36d5e59c depth=3 name=chip.run.runner_run.device_wall.post_orch ts=2311720 dur=11120 clk=dev
[mono_ns=7259521790548996][T0xe78ff24a9020][TIMING] emit_host_span: [STRACE] v=1 pid=3654560 tid=3654560 inv=5 hid=c58bf58e36d5e59c depth=3 name=chip.run.runner_run.device_wall.orch ts=5420 dur=9160 clk=dev
[mono_ns=7259521790552346][T0xe78ff24a9020][TIMING] emit_host_span: [STRACE] v=1 pid=3654560 tid=3654560 inv=5 hid=c58bf58e36d5e59c depth=3 name=chip.run.runner_run.device_wall.sched ts=6580 dur=2297480 clk=dev
[mono_ns=7259521790558486][T0xe78ff24a9020][TIMING] emit_host_span: [STRACE] v=1 pid=3654560 tid=3654560 inv=5 hid=c58bf58e36d5e59c depth=1 name=chip.run.claim_release ts=7259521790555146 dur=1490 
[mono_ns=7259521790563936][T0xe78ff24a9020][TIMING] emit_host_span: [STRACE] v=1 pid=3654560 tid=3654560 inv=5 hid=c58bf58e36d5e59c depth=0 name=chip.run ts=7259521673479918 dur=117081938 run_id=5 dispatch_id=5 slot_id=0 generation=5 run_epoch=5
[mono_ns=7259521805558155][T0xe78ff24a9020][TIMING] emit_host_span: [STRACE] v=1 pid=3654560 tid=3654560 inv=6 hid=c58bf58e36d5e59c depth=2 name=chip.run.bind.args ts=7259521802033043 dur=3518872 
[mono_ns=7259521805578445][T0xe78ff24a9020][TIMING] emit_host_span: [STRACE] v=1 pid=3654560 tid=3654560 inv=6 hid=c58bf58e36d5e59c depth=2 name=chip.run.bind.prebuilt ts=7259521805573215 dur=2680 
[mono_ns=7259521805583625][T0xe78ff24a9020][TIMING] emit_host_span: [STRACE] v=1 pid=3654560 tid=3654560 inv=6 hid=c58bf58e36d5e59c depth=1 name=chip.run.bind ts=7259521802025743 dur=3555592 
[mono_ns=7259521812438089][T0xe78e956edca0][WARN] copy_aicore_buffer: [chip_swimlane_collector.cpp:689] Core 0: skipped 1024 AICore record slot(s) with start_time=0 (race-window write or recycled-buffer tail). buf seq=0 count=1024
[mono_ns=7259521812468229][T0xe78e94eddca0][WARN] copy_aicore_buffer: [chip_swimlane_collector.cpp:689] Core 1: skipped 1024 AICore record slot(s) with start_time=0 (race-window write or recycled-buffer tail). buf seq=0 count=1024
[mono_ns=7259521812772279][T0xe78e94eddca0][WARN] copy_aicore_buffer: [chip_swimlane_collector.cpp:689] Core 26: skipped 1022 AICore record slot(s) with start_time=0 (race-window write or recycled-buffer tail). buf seq=0 count=1024
[mono_ns=7259521812772599][T0xe78e956edca0][WARN] copy_aicore_buffer: [chip_swimlane_collector.cpp:689] Core 24: skipped 1023 AICore record slot(s) with start_time=0 (race-window write or recycled-buffer tail). buf seq=0 count=1024
[mono_ns=7259521812801759][T0xe78e946cdca0][WARN] copy_aicore_buffer: [chip_swimlane_collector.cpp:689] Core 2: skipped 1024 AICore record slot(s) with start_time=0 (race-window write or recycled-buffer tail). buf seq=0 count=1024
[mono_ns=7259521813116659][T0xe78e94eddca0][WARN] copy_aicore_buffer: [chip_swimlane_collector.cpp:689] Core 27: skipped 1024 AICore record slot(s) with start_time=0 (race-window write or recycled-buffer tail). buf seq=0 count=1024
[mono_ns=7259521813129909][T0xe78e956edca0][WARN] copy_aicore_buffer: [chip_swimlane_collector.cpp:689] Core 25: skipped 1024 AICore record slot(s) with start_time=0 (race-window write or recycled-buffer tail). buf seq=0 count=1024
[mono_ns=7259521813365419][T0xe78e946cdca0][WARN] copy_aicore_buffer: [chip_swimlane_collector.cpp:689] Core 28: skipped 1024 AICore record slot(s) with start_time=0 (race-window write or recycled-buffer tail). buf seq=0 count=1024
[mono_ns=7259521813410679][T0xe78e94eddca0][WARN] copy_aicore_buffer: [chip_swimlane_collector.cpp:689] Core 4: skipped 1024 AICore record slot(s) with start_time=0 (race-window write or recycled-buffer tail). buf seq=0 count=1024
[mono_ns=7259521813445839][T0xe78e956edca0][WARN] copy_aicore_buffer: [chip_swimlane_collector.cpp:689] Core 3: skipped 1024 AICore record slot(s) with start_time=0 (race-window write or recycled-buffer tail). buf seq=0 count=1024
[mono_ns=7259521813678189][T0xe78e946cdca0][WARN] copy_aicore_buffer: [chip_swimlane_collector.cpp:689] Core 29: skipped 1024 AICore record slot(s) with start_time=0 (race-window write or recycled-buffer tail). buf seq=0 count=1024
[mono_ns=7259521813709139][T0xe78e94eddca0][WARN] copy_aicore_buffer: [chip_swimlane_collector.cpp:689] Core 32: skipped 1024 AICore record slot(s) with start_time=0 (race-window write or recycled-buffer tail). buf seq=0 count=1024
[mono_ns=7259521813761479][T0xe78e956edca0][WARN] copy_aicore_buffer: [chip_swimlane_collector.cpp:689] Core 30: skipped 1024 AICore record slot(s) with start_time=0 (race-window write or recycled-buffer tail). buf seq=0 count=1024
[mono_ns=7259521813989370][T0xe78e946cdca0][WARN] copy_aicore_buffer: [chip_swimlane_collector.cpp:689] Core 5: skipped 1024 AICore record slot(s) with start_time=0 (race-window write or recycled-buffer tail). buf seq=0 count=1024
[mono_ns=7259521814018640][T0xe78e94eddca0][WARN] copy_aicore_buffer: [chip_swimlane_collector.cpp:689] Core 33: skipped 1024 AICore record slot(s) with start_time=0 (race-window write or recycled-buffer tail). buf seq=0 count=1024
[mono_ns=7259521814221650][T0xe78e956edca0][WARN] copy_aicore_buffer: [chip_swimlane_collector.cpp:689] Core 31: skipped 1024 AICore record slot(s) with start_time=0 (race-window write or recycled-buffer tail). buf seq=0 count=1024
[mono_ns=7259521814313250][T0xe78e94eddca0][WARN] copy_aicore_buffer: [chip_swimlane_collector.cpp:689] Core 7: skipped 1024 AICore record slot(s) with start_time=0 (race-window write or recycled-buffer tail). buf seq=0 count=1024
[mono_ns=7259521814324220][T0xe78e946cdca0][WARN] copy_aicore_buffer: [chip_swimlane_collector.cpp:689] Core 34: skipped 1024 AICore record slot(s) with start_time=0 (race-window write or recycled-buffer tail). buf seq=0 count=1024
[mono_ns=7259521814538770][T0xe78e956edca0][WARN] copy_aicore_buffer: [chip_swimlane_collector.cpp:689] Core 6: skipped 1024 AICore record slot(s) with start_time=0 (race-window write or recycled-buffer tail). buf seq=0 count=1024
[mono_ns=7259521814611030][T0xe78e94eddca0][WARN] copy_aicore_buffer: [chip_swimlane_collector.cpp:689] Core 38: skipped 1024 AICore record slot(s) with start_time=0 (race-window write or recycled-buffer tail). buf seq=0 count=1024
[mono_ns=7259521814637140][T0xe78e946cdca0][WARN] copy_aicore_buffer: [chip_swimlane_collector.cpp:689] Core 35: skipped 1024 AICore record slot(s) with start_time=0 (race-window write or recycled-buffer tail). buf seq=0 count=1024
[mono_ns=7259521814852890][T0xe78e956edca0][WARN] copy_aicore_buffer: [chip_swimlane_collector.cpp:689] Core 36: skipped 1024 AICore record slot(s) with start_time=0 (race-window write or recycled-buffer tail). buf seq=0 count=1024
[mono_ns=7259521814906650][T0xe78e94eddca0][WARN] copy_aicore_buffer: [chip_swimlane_collector.cpp:689] Core 39: skipped 1024 AICore record slot(s) with start_time=0 (race-window write or recycled-buffer tail). buf seq=0 count=1024
[mono_ns=7259521814951640][T0xe78e946cdca0][WARN] copy_aicore_buffer: [chip_swimlane_collector.cpp:689] Core 8: skipped 1024 AICore record slot(s) with start_time=0 (race-window write or recycled-buffer tail). buf seq=0 count=1024
[mono_ns=7259521815183010][T0xe78e956edca0][WARN] copy_aicore_buffer: [chip_swimlane_collector.cpp:689] Core 37: skipped 1024 AICore record slot(s) with start_time=0 (race-window write or recycled-buffer tail). buf seq=0 count=1024
[mono_ns=7259521815212980][T0xe78e94eddca0][WARN] copy_aicore_buffer: [chip_swimlane_collector.cpp:689] Core 10: skipped 1024 AICore record slot(s) with start_time=0 (race-window write or recycled-buffer tail). buf seq=0 count=1024
[mono_ns=7259521815284380][T0xe78e946cdca0][WARN] copy_aicore_buffer: [chip_swimlane_collector.cpp:689] Core 40: skipped 1024 AICore record slot(s) with start_time=0 (race-window write or recycled-buffer tail). buf seq=0 count=1024
[mono_ns=7259521815501240][T0xe78e956edca0][WARN] copy_aicore_buffer: [chip_swimlane_collector.cpp:689] Core 9: skipped 1024 AICore record slot(s) with start_time=0 (race-window write or recycled-buffer tail). buf seq=0 count=1024
[mono_ns=7259521815507620][T0xe78e94eddca0][WARN] copy_aicore_buffer: [chip_swimlane_collector.cpp:689] Core 44: skipped 1024 AICore record slot(s) with start_time=0 (race-window write or recycled-buffer tail). buf seq=0 count=1024
[mono_ns=7259521815599650][T0xe78e946cdca0][WARN] copy_aicore_buffer: [chip_swimlane_collector.cpp:689] Core 41: skipped 1024 AICore record slot(s) with start_time=0 (race-window write or recycled-buffer tail). buf seq=0 count=1024
[mono_ns=7259521815820031][T0xe78e956edca0][WARN] copy_aicore_buffer: [chip_swimlane_collector.cpp:689] Core 42: skipped 1024 AICore record slot(s) with start_time=0 (race-window write or recycled-buffer tail). buf seq=0 count=1024
[mono_ns=7259521815854901][T0xe78e94eddca0][WARN] copy_aicore_buffer: [chip_swimlane_collector.cpp:689] Core 45: skipped 1024 AICore record slot(s) with start_time=0 (race-window write or recycled-buffer tail). buf seq=0 count=1024
[mono_ns=7259521815916031][T0xe78e946cdca0][WARN] copy_aicore_buffer: [chip_swimlane_collector.cpp:689] Core 11: skipped 1024 AICore record slot(s) with start_time=0 (race-window write or recycled-buffer tail). buf seq=0 count=1024
[mono_ns=7259521816149601][T0xe78e956edca0][WARN] copy_aicore_buffer: [chip_swimlane_collector.cpp:689] Core 43: skipped 1024 AICore record slot(s) with start_time=0 (race-window write or recycled-buffer tail). buf seq=0 count=1024
[mono_ns=7259521816164111][T0xe78e94eddca0][WARN] copy_aicore_buffer: [chip_swimlane_collector.cpp:689] Core 13: skipped 1024 AICore record slot(s) with start_time=0 (race-window write or recycled-buffer tail). buf seq=0 count=1024
[mono_ns=7259521816248161][T0xe78e946cdca0][WARN] copy_aicore_buffer: [chip_swimlane_collector.cpp:689] Core 46: skipped 1024 AICore record slot(s) with start_time=0 (race-window write or recycled-buffer tail). buf seq=0 count=1024
[mono_ns=7259521816455781][T0xe78e94eddca0][WARN] copy_aicore_buffer: [chip_swimlane_collector.cpp:689] Core 50: skipped 1024 AICore record slot(s) with start_time=0 (race-window write or recycled-buffer tail). buf seq=0 count=1024
[mono_ns=7259521816463501][T0xe78e956edca0][WARN] copy_aicore_buffer: [chip_swimlane_collector.cpp:689] Core 12: skipped 1024 AICore record slot(s) with start_time=0 (race-window write or recycled-buffer tail). buf seq=0 count=1024
[mono_ns=7259521816628511][T0xe78e946cdca0][WARN] copy_aicore_buffer: [chip_swimlane_collector.cpp:689] Core 47: skipped 1024 AICore record slot(s) with start_time=0 (race-window write or recycled-buffer tail). buf seq=0 count=1024
[mono_ns=7259521816746731][T0xe78e94eddca0][WARN] copy_aicore_buffer: [chip_swimlane_collector.cpp:689] Core 51: skipped 1024 AICore record slot(s) with start_time=0 (race-window write or recycled-buffer tail). buf seq=0 count=1024
[mono_ns=7259521816777511][T0xe78e956edca0][WARN] copy_aicore_buffer: [chip_swimlane_collector.cpp:689] Core 48: skipped 1024 AICore record slot(s) with start_time=0 (race-window write or recycled-buffer tail). buf seq=0 count=1024
[mono_ns=7259521816941281][T0xe78e946cdca0][WARN] copy_aicore_buffer: [chip_swimlane_collector.cpp:689] Core 14: skipped 1024 AICore record slot(s) with start_time=0 (race-window write or recycled-buffer tail). buf seq=0 count=1024
[mono_ns=7259521817049591][T0xe78e94eddca0][WARN] copy_aicore_buffer: [chip_swimlane_collector.cpp:689] Core 16: skipped 1024 AICore record slot(s) with start_time=0 (race-window write or recycled-buffer tail). buf seq=0 count=1024
[mono_ns=7259521817103031][T0xe78e956edca0][WARN] copy_aicore_buffer: [chip_swimlane_collector.cpp:689] Core 49: skipped 1024 AICore record slot(s) with start_time=0 (race-window write or recycled-buffer tail). buf seq=0 count=1024
[mono_ns=7259521817279311][T0xe78e946cdca0][WARN] copy_aicore_buffer: [chip_swimlane_collector.cpp:689] Core 52: skipped 1024 AICore record slot(s) with start_time=0 (race-window write or recycled-buffer tail). buf seq=0 count=1024
[mono_ns=7259521817341061][T0xe78e94eddca0][WARN] copy_aicore_buffer: [chip_swimlane_collector.cpp:689] Core 56: skipped 1024 AICore record slot(s) with start_time=0 (race-window write or recycled-buffer tail). buf seq=0 count=1024
[mono_ns=7259521817468592][T0xe78e956edca0][WARN] copy_aicore_buffer: [chip_swimlane_collector.cpp:689] Core 15: skipped 1024 AICore record slot(s) with start_time=0 (race-window write or recycled-buffer tail). buf seq=0 count=1024
[mono_ns=7259521817592692][T0xe78e946cdca0][WARN] copy_aicore_buffer: [chip_swimlane_collector.cpp:689] Core 53: skipped 1024 AICore record slot(s) with start_time=0 (race-window write or recycled-buffer tail). buf seq=0 count=1024
[mono_ns=7259521817632682][T0xe78e94eddca0][WARN] copy_aicore_buffer: [chip_swimlane_collector.cpp:689] Core 57: skipped 1024 AICore record slot(s) with start_time=0 (race-window write or recycled-buffer tail). buf seq=0 count=1024
[mono_ns=7259521817783572][T0xe78e956edca0][WARN] copy_aicore_buffer: [chip_swimlane_collector.cpp:689] Core 54: skipped 1024 AICore record slot(s) with start_time=0 (race-window write or recycled-buffer tail). buf seq=0 count=1024
[mono_ns=7259521817904662][T0xe78e946cdca0][WARN] copy_aicore_buffer: [chip_swimlane_collector.cpp:689] Core 17: skipped 1024 AICore record slot(s) with start_time=0 (race-window write or recycled-buffer tail). buf seq=0 count=1024
[mono_ns=7259521817924482][T0xe78e94eddca0][WARN] copy_aicore_buffer: [chip_swimlane_collector.cpp:689] Core 19: skipped 1024 AICore record slot(s) with start_time=0 (race-window write or recycled-buffer tail). buf seq=0 count=1024
[mono_ns=7259521818109862][T0xe78e956edca0][WARN] copy_aicore_buffer: [chip_swimlane_collector.cpp:689] Core 55: skipped 1024 AICore record slot(s) with start_time=0 (race-window write or recycled-buffer tail). buf seq=0 count=1024
[mono_ns=7259521818232572][T0xe78e946cdca0][WARN] copy_aicore_buffer: [chip_swimlane_collector.cpp:689] Core 58: skipped 1024 AICore record slot(s) with start_time=0 (race-window write or recycled-buffer tail). buf seq=0 count=1024
[mono_ns=7259521818298092][T0xe78e94eddca0][WARN] copy_aicore_buffer: [chip_swimlane_collector.cpp:689] Core 62: skipped 1024 AICore record slot(s) with start_time=0 (race-window write or recycled-buffer tail). buf seq=0 count=1024
[mono_ns=7259521818424732][T0xe78e956edca0][WARN] copy_aicore_buffer: [chip_swimlane_collector.cpp:689] Core 18: skipped 1024 AICore record slot(s) with start_time=0 (race-window write or recycled-buffer tail). buf seq=0 count=1024
[mono_ns=7259521818551442][T0xe78e946cdca0][WARN] copy_aicore_buffer: [chip_swimlane_collector.cpp:689] Core 59: skipped 1024 AICore record slot(s) with start_time=0 (race-window write or recycled-buffer tail). buf seq=0 count=1024
[mono_ns=7259521818594622][T0xe78e94eddca0][WARN] copy_aicore_buffer: [chip_swimlane_collector.cpp:689] Core 63: skipped 1024 AICore record slot(s) with start_time=0 (race-window write or recycled-buffer tail). buf seq=0 count=1024
[mono_ns=7259521818746232][T0xe78e956edca0][WARN] copy_aicore_buffer: [chip_swimlane_collector.cpp:689] Core 60: skipped 1024 AICore record slot(s) with start_time=0 (race-window write or recycled-buffer tail). buf seq=0 count=1024
[mono_ns=7259521818863482][T0xe78e946cdca0][WARN] copy_aicore_buffer: [chip_swimlane_collector.cpp:689] Core 20: skipped 1024 AICore record slot(s) with start_time=0 (race-window write or recycled-buffer tail). buf seq=0 count=1024
[mono_ns=7259521818889302][T0xe78e94eddca0][WARN] copy_aicore_buffer: [chip_swimlane_collector.cpp:689] Core 22: skipped 1024 AICore record slot(s) with start_time=0 (race-window write or recycled-buffer tail). buf seq=0 count=1024
[mono_ns=7259521819087823][T0xe78e956edca0][WARN] copy_aicore_buffer: [chip_swimlane_collector.cpp:689] Core 61: skipped 1024 AICore record slot(s) with start_time=0 (race-window write or recycled-buffer tail). buf seq=0 count=1024
[mono_ns=7259521819188223][T0xe78e94eddca0][WARN] copy_aicore_buffer: [chip_swimlane_collector.cpp:689] Core 68: skipped 1024 AICore record slot(s) with start_time=0 (race-window write or recycled-buffer tail). buf seq=0 count=1024
[mono_ns=7259521819237363][T0xe78e946cdca0][WARN] copy_aicore_buffer: [chip_swimlane_collector.cpp:689] Core 64: skipped 1024 AICore record slot(s) with start_time=0 (race-window write or recycled-buffer tail). buf seq=0 count=1024
[mono_ns=7259521819402353][T0xe78e956edca0][WARN] copy_aicore_buffer: [chip_swimlane_collector.cpp:689] Core 21: skipped 1024 AICore record slot(s) with start_time=0 (race-window write or recycled-buffer tail). buf seq=0 count=1024
[mono_ns=7259521819517283][T0xe78e94eddca0][WARN] copy_aicore_buffer: [chip_swimlane_collector.cpp:689] Core 69: skipped 1024 AICore record slot(s) with start_time=0 (race-window write or recycled-buffer tail). buf seq=0 count=1024
[mono_ns=7259521819555043][T0xe78e946cdca0][WARN] copy_aicore_buffer: [chip_swimlane_collector.cpp:689] Core 65: skipped 1024 AICore record slot(s) with start_time=0 (race-window write or recycled-buffer tail). buf seq=0 count=1024
[mono_ns=7259521819720063][T0xe78e956edca0][WARN] copy_aicore_buffer: [chip_swimlane_collector.cpp:689] Core 66: skipped 1024 AICore record slot(s) with start_time=0 (race-window write or recycled-buffer tail). buf seq=0 count=1024
[mono_ns=7259521819976123][T0xe78e946cdca0][WARN] copy_aicore_buffer: [chip_swimlane_collector.cpp:689] Core 23: skipped 1024 AICore record slot(s) with start_time=0 (race-window write or recycled-buffer tail). buf seq=0 count=1024
[mono_ns=7259521820142283][T0xe78e956edca0][WARN] copy_aicore_buffer: [chip_swimlane_collector.cpp:689] Core 67: skipped 1024 AICore record slot(s) with start_time=0 (race-window write or recycled-buffer tail). buf seq=0 count=1024
[mono_ns=7259521820303863][T0xe78e946cdca0][WARN] copy_aicore_buffer: [chip_swimlane_collector.cpp:689] Core 70: skipped 1024 AICore record slot(s) with start_time=0 (race-window write or recycled-buffer tail). buf seq=0 count=1024
[mono_ns=7259521820627603][T0xe78e946cdca0][WARN] copy_aicore_buffer: [chip_swimlane_collector.cpp:689] Core 71: skipped 1024 AICore record slot(s) with start_time=0 (race-window write or recycled-buffer tail). buf seq=0 count=1024
[mono_ns=7259521921495202][T0xe78ff24a9020][TIMING] emit_host_span: [STRACE] v=1 pid=3654560 tid=3654560 inv=6 hid=c58bf58e36d5e59c depth=1 name=chip.run.runner_run ts=7259521808265406 dur=113222236 
[mono_ns=7259521924291013][T0xe78ff24a9020][TIMING] emit_host_span: [STRACE] v=1 pid=3654560 tid=3654560 inv=6 hid=c58bf58e36d5e59c depth=1 name=chip.run.validate ts=7259521921524972 dur=2760391 
[mono_ns=7259521924305153][T0xe78ff24a9020][TIMING] emit_host_span: [STRACE] v=1 pid=3654560 tid=3654560 inv=6 hid=c58bf58e36d5e59c depth=2 name=chip.run.runner_run.device_wall ts=0 dur=3630640 clk=dev
[mono_ns=7259521924357173][T0xe78ff24a9020][TIMING] emit_host_span: [STRACE] v=1 pid=3654560 tid=3654560 inv=6 hid=c58bf58e36d5e59c depth=3 name=chip.run.runner_run.device_wall.preamble ts=0 dur=108780 clk=dev
[mono_ns=7259521924361743][T0xe78ff24a9020][TIMING] emit_host_span: [STRACE] v=1 pid=3654560 tid=3654560 inv=6 hid=c58bf58e36d5e59c depth=3 name=chip.run.runner_run.device_wall.graph_build ts=104480 dur=3515299 clk=dev
[mono_ns=7259521924365783][T0xe78ff24a9020][TIMING] emit_host_span: [STRACE] v=1 pid=3654560 tid=3654560 inv=6 hid=c58bf58e36d5e59c depth=3 name=chip.run.runner_run.device_wall.config_validate ts=104600 dur=820 clk=dev
[mono_ns=7259521924370093][T0xe78ff24a9020][TIMING] emit_host_span: [STRACE] v=1 pid=3654560 tid=3654560 inv=6 hid=c58bf58e36d5e59c depth=3 name=chip.run.runner_run.device_wall.arena_wire ts=105460 dur=260 clk=dev
[mono_ns=7259521924374793][T0xe78ff24a9020][TIMING] emit_host_span: [STRACE] v=1 pid=3654560 tid=3654560 inv=6 hid=c58bf58e36d5e59c depth=3 name=chip.run.runner_run.device_wall.sm_reset ts=105760 dur=540 clk=dev
[mono_ns=7259521924378183][T0xe78ff24a9020][TIMING] emit_host_span: [STRACE] v=1 pid=3654560 tid=3654560 inv=6 hid=c58bf58e36d5e59c depth=3 name=chip.run.runner_run.device_wall.post_orch ts=3619820 dur=10720 clk=dev
[mono_ns=7259521924382303][T0xe78ff24a9020][TIMING] emit_host_span: [STRACE] v=1 pid=3654560 tid=3654560 inv=6 hid=c58bf58e36d5e59c depth=3 name=chip.run.runner_run.device_wall.orch ts=106340 dur=3420 clk=dev
[mono_ns=7259521924386233][T0xe78ff24a9020][TIMING] emit_host_span: [STRACE] v=1 pid=3654560 tid=3654560 inv=6 hid=c58bf58e36d5e59c depth=3 name=chip.run.runner_run.device_wall.sched ts=108820 dur=3487000 clk=dev
[mono_ns=7259521924449923][T0xe78ff24a9020][TIMING] emit_host_span: [STRACE] v=1 pid=3654560 tid=3654560 inv=6 hid=c58bf58e36d5e59c depth=1 name=chip.run.claim_release ts=7259521924446723 dur=1090 
[mono_ns=7259521924455323][T0xe78ff24a9020][TIMING] emit_host_span: [STRACE] v=1 pid=3654560 tid=3654560 inv=6 hid=c58bf58e36d5e59c depth=0 name=chip.run ts=7259521801977693 dur=122475500 run_id=6 dispatch_id=6 slot_id=0 generation=6 run_epoch=6
[mono_ns=7259526896399195][T0xe78ff24a9020][TIMING] emit_host_span: [STRACE] v=1 pid=3654560 tid=3654560 inv=7 hid=c58bf58e36d5e59c depth=2 name=chip.run.bind.args ts=7259526893884343 dur=2507242 
[mono_ns=7259526896422295][T0xe78ff24a9020][TIMING] emit_host_span: [STRACE] v=1 pid=3654560 tid=3654560 inv=7 hid=c58bf58e36d5e59c depth=2 name=chip.run.bind.prebuilt ts=7259526896415185 dur=4320 
[mono_ns=7259526896427305][T0xe78ff24a9020][TIMING] emit_host_span: [STRACE] v=1 pid=3654560 tid=3654560 inv=7 hid=c58bf58e36d5e59c depth=1 name=chip.run.bind ts=7259526893875263 dur=2549932 
[mono_ns=7259527004905453][T0xe78ff24a9020][TIMING] emit_host_span: [STRACE] v=1 pid=3654560 tid=3654560 inv=7 hid=c58bf58e36d5e59c depth=1 name=chip.run.runner_run ts=7259526896695505 dur=108199828 
[mono_ns=7259527007191794][T0xe78ff24a9020][TIMING] emit_host_span: [STRACE] v=1 pid=3654560 tid=3654560 inv=7 hid=c58bf58e36d5e59c depth=1 name=chip.run.validate ts=7259527004920113 dur=2265601 
[mono_ns=7259527007211854][T0xe78ff24a9020][TIMING] emit_host_span: [STRACE] v=1 pid=3654560 tid=3654560 inv=7 hid=c58bf58e36d5e59c depth=2 name=chip.run.runner_run.device_wall ts=0 dur=4029139 clk=dev
[mono_ns=7259527007254674][T0xe78ff24a9020][TIMING] emit_host_span: [STRACE] v=1 pid=3654560 tid=3654560 inv=7 hid=c58bf58e36d5e59c depth=3 name=chip.run.runner_run.device_wall.preamble ts=0 dur=6460 clk=dev
[mono_ns=7259527007258194][T0xe78ff24a9020][TIMING] emit_host_span: [STRACE] v=1 pid=3654560 tid=3654560 inv=7 hid=c58bf58e36d5e59c depth=3 name=chip.run.runner_run.device_wall.graph_build ts=1260 dur=4016879 clk=dev
[mono_ns=7259527007261424][T0xe78ff24a9020][TIMING] emit_host_span: [STRACE] v=1 pid=3654560 tid=3654560 inv=7 hid=c58bf58e36d5e59c depth=3 name=chip.run.runner_run.device_wall.config_validate ts=1400 dur=940 clk=dev
[mono_ns=7259527007264444][T0xe78ff24a9020][TIMING] emit_host_span: [STRACE] v=1 pid=3654560 tid=3654560 inv=7 hid=c58bf58e36d5e59c depth=3 name=chip.run.runner_run.device_wall.arena_wire ts=2380 dur=740 clk=dev
[mono_ns=7259527007267344][T0xe78ff24a9020][TIMING] emit_host_span: [STRACE] v=1 pid=3654560 tid=3654560 inv=7 hid=c58bf58e36d5e59c depth=3 name=chip.run.runner_run.device_wall.sm_reset ts=3159 dur=980 clk=dev
[mono_ns=7259527007270254][T0xe78ff24a9020][TIMING] emit_host_span: [STRACE] v=1 pid=3654560 tid=3654560 inv=7 hid=c58bf58e36d5e59c depth=3 name=chip.run.runner_run.device_wall.post_orch ts=4018200 dur=10760 clk=dev
[mono_ns=7259527007273114][T0xe78ff24a9020][TIMING] emit_host_span: [STRACE] v=1 pid=3654560 tid=3654560 inv=7 hid=c58bf58e36d5e59c depth=3 name=chip.run.runner_run.device_wall.orch ts=5040 dur=9200 clk=dev
[mono_ns=7259527007294564][T0xe78ff24a9020][TIMING] emit_host_span: [STRACE] v=1 pid=3654560 tid=3654560 inv=7 hid=c58bf58e36d5e59c depth=3 name=chip.run.runner_run.device_wall.sched ts=6900 dur=4003259 clk=dev
[mono_ns=7259527007299354][T0xe78ff24a9020][TIMING] emit_host_span: [STRACE] v=1 pid=3654560 tid=3654560 inv=7 hid=c58bf58e36d5e59c depth=1 name=chip.run.claim_release ts=7259527007296984 dur=540 
[mono_ns=7259527007304444][T0xe78ff24a9020][TIMING] emit_host_span: [STRACE] v=1 pid=3654560 tid=3654560 inv=7 hid=c58bf58e36d5e59c depth=0 name=chip.run ts=7259526893812583 dur=113489281 run_id=7 dispatch_id=7 slot_id=0 generation=7 run_epoch=7
[mono_ns=7259527016703320][T0xe78ff24a9020][TIMING] emit_host_span: [STRACE] v=1 pid=3654560 tid=3654560 inv=8 hid=c58bf58e36d5e59c depth=2 name=chip.run.bind.args ts=7259527013997438 dur=2700142 
[mono_ns=7259527016720640][T0xe78ff24a9020][TIMING] emit_host_span: [STRACE] v=1 pid=3654560 tid=3654560 inv=8 hid=c58bf58e36d5e59c depth=2 name=chip.run.bind.prebuilt ts=7259527016715930 dur=2090 
[mono_ns=7259527016725550][T0xe78ff24a9020][TIMING] emit_host_span: [STRACE] v=1 pid=3654560 tid=3654560 inv=8 hid=c58bf58e36d5e59c depth=1 name=chip.run.bind ts=7259527013990188 dur=2733252 
[mono_ns=7259547018809641][T0xe78e94eddca0][WARN] copy_aicore_buffer: [chip_swimlane_collector.cpp:689] Core 1: skipped 1024 AICore record slot(s) with start_time=0 (race-window write or recycled-buffer tail). buf seq=0 count=1024
[mono_ns=7259547019082931][T0xe78e946cdca0][WARN] copy_aicore_buffer: [chip_swimlane_collector.cpp:689] Core 2: skipped 1024 AICore record slot(s) with start_time=0 (race-window write or recycled-buffer tail). buf seq=0 count=1024
[mono_ns=7259547019130361][T0xe78e94eddca0][WARN] copy_aicore_buffer: [chip_swimlane_collector.cpp:689] Core 26: skipped 1023 AICore record slot(s) with start_time=0 (race-window write or recycled-buffer tail). buf seq=0 count=1024
[mono_ns=7259547019429441][T0xe78e94eddca0][WARN] copy_aicore_buffer: [chip_swimlane_collector.cpp:689] Core 27: skipped 1024 AICore record slot(s) with start_time=0 (race-window write or recycled-buffer tail). buf seq=0 count=1024
[mono_ns=7259547019470171][T0xe78e946cdca0][WARN] copy_aicore_buffer: [chip_swimlane_collector.cpp:689] Core 28: skipped 1024 AICore record slot(s) with start_time=0 (race-window write or recycled-buffer tail). buf seq=0 count=1024
[mono_ns=7259547019725842][T0xe78e94eddca0][WARN] copy_aicore_buffer: [chip_swimlane_collector.cpp:689] Core 4: skipped 1024 AICore record slot(s) with start_time=0 (race-window write or recycled-buffer tail). buf seq=0 count=1024
[mono_ns=7259547019792032][T0xe78e946cdca0][WARN] copy_aicore_buffer: [chip_swimlane_collector.cpp:689] Core 29: skipped 1024 AICore record slot(s) with start_time=0 (race-window write or recycled-buffer tail). buf seq=0 count=1024
[mono_ns=7259547020037532][T0xe78e94eddca0][WARN] copy_aicore_buffer: [chip_swimlane_collector.cpp:689] Core 32: skipped 1024 AICore record slot(s) with start_time=0 (race-window write or recycled-buffer tail). buf seq=0 count=1024
[mono_ns=7259547020124002][T0xe78e946cdca0][WARN] copy_aicore_buffer: [chip_swimlane_collector.cpp:689] Core 5: skipped 1024 AICore record slot(s) with start_time=0 (race-window write or recycled-buffer tail). buf seq=0 count=1024
[mono_ns=7259547020333472][T0xe78e94eddca0][WARN] copy_aicore_buffer: [chip_swimlane_collector.cpp:689] Core 33: skipped 1024 AICore record slot(s) with start_time=0 (race-window write or recycled-buffer tail). buf seq=0 count=1024
[mono_ns=7259547020443402][T0xe78e946cdca0][WARN] copy_aicore_buffer: [chip_swimlane_collector.cpp:689] Core 34: skipped 1024 AICore record slot(s) with start_time=0 (race-window write or recycled-buffer tail). buf seq=0 count=1024
[mono_ns=7259547020651492][T0xe78e94eddca0][WARN] copy_aicore_buffer: [chip_swimlane_collector.cpp:689] Core 7: skipped 1024 AICore record slot(s) with start_time=0 (race-window write or recycled-buffer tail). buf seq=0 count=1024
[mono_ns=7259547020762153][T0xe78e946cdca0][WARN] copy_aicore_buffer: [chip_swimlane_collector.cpp:689] Core 35: skipped 1024 AICore record slot(s) with start_time=0 (race-window write or recycled-buffer tail). buf seq=0 count=1024
[mono_ns=7259547020948283][T0xe78e94eddca0][WARN] copy_aicore_buffer: [chip_swimlane_collector.cpp:689] Core 38: skipped 1024 AICore record slot(s) with start_time=0 (race-window write or recycled-buffer tail). buf seq=0 count=1024
[mono_ns=7259547021090743][T0xe78e946cdca0][WARN] copy_aicore_buffer: [chip_swimlane_collector.cpp:689] Core 8: skipped 1024 AICore record slot(s) with start_time=0 (race-window write or recycled-buffer tail). buf seq=0 count=1024
[mono_ns=7259547021249193][T0xe78e94eddca0][WARN] copy_aicore_buffer: [chip_swimlane_collector.cpp:689] Core 39: skipped 1024 AICore record slot(s) with start_time=0 (race-window write or recycled-buffer tail). buf seq=0 count=1024
[mono_ns=7259547021409563][T0xe78e946cdca0][WARN] copy_aicore_buffer: [chip_swimlane_collector.cpp:689] Core 40: skipped 1024 AICore record slot(s) with start_time=0 (race-window write or recycled-buffer tail). buf seq=0 count=1024
[mono_ns=7259547021546123][T0xe78e94eddca0][WARN] copy_aicore_buffer: [chip_swimlane_collector.cpp:689] Core 10: skipped 1024 AICore record slot(s) with start_time=0 (race-window write or recycled-buffer tail). buf seq=0 count=1024
[mono_ns=7259547021728223][T0xe78e946cdca0][WARN] copy_aicore_buffer: [chip_swimlane_collector.cpp:689] Core 41: skipped 1024 AICore record slot(s) with start_time=0 (race-window write or recycled-buffer tail). buf seq=0 count=1024
[mono_ns=7259547021867893][T0xe78e94eddca0][WARN] copy_aicore_buffer: [chip_swimlane_collector.cpp:689] Core 44: skipped 1024 AICore record slot(s) with start_time=0 (race-window write or recycled-buffer tail). buf seq=0 count=1024
[mono_ns=7259547022060584][T0xe78e946cdca0][WARN] copy_aicore_buffer: [chip_swimlane_collector.cpp:689] Core 11: skipped 1024 AICore record slot(s) with start_time=0 (race-window write or recycled-buffer tail). buf seq=0 count=1024
[mono_ns=7259547022179444][T0xe78e94eddca0][WARN] copy_aicore_buffer: [chip_swimlane_collector.cpp:689] Core 45: skipped 1024 AICore record slot(s) with start_time=0 (race-window write or recycled-buffer tail). buf seq=0 count=1024
[mono_ns=7259547022380124][T0xe78e946cdca0][WARN] copy_aicore_buffer: [chip_swimlane_collector.cpp:689] Core 46: skipped 1024 AICore record slot(s) with start_time=0 (race-window write or recycled-buffer tail). buf seq=0 count=1024
[mono_ns=7259547022474734][T0xe78e94eddca0][WARN] copy_aicore_buffer: [chip_swimlane_collector.cpp:689] Core 13: skipped 1024 AICore record slot(s) with start_time=0 (race-window write or recycled-buffer tail). buf seq=0 count=1024
[mono_ns=7259547022698504][T0xe78e946cdca0][WARN] copy_aicore_buffer: [chip_swimlane_collector.cpp:689] Core 47: skipped 1024 AICore record slot(s) with start_time=0 (race-window write or recycled-buffer tail). buf seq=0 count=1024
[mono_ns=7259547022770644][T0xe78e94eddca0][WARN] copy_aicore_buffer: [chip_swimlane_collector.cpp:689] Core 50: skipped 1024 AICore record slot(s) with start_time=0 (race-window write or recycled-buffer tail). buf seq=0 count=1024
[mono_ns=7259547023069074][T0xe78e946cdca0][WARN] copy_aicore_buffer: [chip_swimlane_collector.cpp:689] Core 14: skipped 1024 AICore record slot(s) with start_time=0 (race-window write or recycled-buffer tail). buf seq=0 count=1024
[mono_ns=7259547023085424][T0xe78e94eddca0][WARN] copy_aicore_buffer: [chip_swimlane_collector.cpp:689] Core 51: skipped 1024 AICore record slot(s) with start_time=0 (race-window write or recycled-buffer tail). buf seq=0 count=1024
[mono_ns=7259547023380085][T0xe78e94eddca0][WARN] copy_aicore_buffer: [chip_swimlane_collector.cpp:689] Core 16: skipped 1024 AICore record slot(s) with start_time=0 (race-window write or recycled-buffer tail). buf seq=0 count=1024
[mono_ns=7259547023388615][T0xe78e946cdca0][WARN] copy_aicore_buffer: [chip_swimlane_collector.cpp:689] Core 52: skipped 1024 AICore record slot(s) with start_time=0 (race-window write or recycled-buffer tail). buf seq=0 count=1024
[mono_ns=7259547023676645][T0xe78e94eddca0][WARN] copy_aicore_buffer: [chip_swimlane_collector.cpp:689] Core 56: skipped 1024 AICore record slot(s) with start_time=0 (race-window write or recycled-buffer tail). buf seq=0 count=1024
[mono_ns=7259547023705085][T0xe78e946cdca0][WARN] copy_aicore_buffer: [chip_swimlane_collector.cpp:689] Core 53: skipped 1024 AICore record slot(s) with start_time=0 (race-window write or recycled-buffer tail). buf seq=0 count=1024
[mono_ns=7259547023973265][T0xe78e94eddca0][WARN] copy_aicore_buffer: [chip_swimlane_collector.cpp:689] Core 57: skipped 1024 AICore record slot(s) with start_time=0 (race-window write or recycled-buffer tail). buf seq=0 count=1024
[mono_ns=7259547024028175][T0xe78e946cdca0][WARN] copy_aicore_buffer: [chip_swimlane_collector.cpp:689] Core 17: skipped 1024 AICore record slot(s) with start_time=0 (race-window write or recycled-buffer tail). buf seq=0 count=1024
[mono_ns=7259547024315615][T0xe78e94eddca0][WARN] copy_aicore_buffer: [chip_swimlane_collector.cpp:689] Core 19: skipped 1024 AICore record slot(s) with start_time=0 (race-window write or recycled-buffer tail). buf seq=0 count=1024
[mono_ns=7259547024344495][T0xe78e946cdca0][WARN] copy_aicore_buffer: [chip_swimlane_collector.cpp:689] Core 58: skipped 1024 AICore record slot(s) with start_time=0 (race-window write or recycled-buffer tail). buf seq=0 count=1024
[mono_ns=7259547024611556][T0xe78e94eddca0][WARN] copy_aicore_buffer: [chip_swimlane_collector.cpp:689] Core 62: skipped 1024 AICore record slot(s) with start_time=0 (race-window write or recycled-buffer tail). buf seq=0 count=1024
[mono_ns=7259547024663316][T0xe78e946cdca0][WARN] copy_aicore_buffer: [chip_swimlane_collector.cpp:689] Core 59: skipped 1024 AICore record slot(s) with start_time=0 (race-window write or recycled-buffer tail). buf seq=0 count=1024
[mono_ns=7259547024907906][T0xe78e94eddca0][WARN] copy_aicore_buffer: [chip_swimlane_collector.cpp:689] Core 63: skipped 1024 AICore record slot(s) with start_time=0 (race-window write or recycled-buffer tail). buf seq=0 count=1024
[mono_ns=7259547024985416][T0xe78e946cdca0][WARN] copy_aicore_buffer: [chip_swimlane_collector.cpp:689] Core 20: skipped 1024 AICore record slot(s) with start_time=0 (race-window write or recycled-buffer tail). buf seq=0 count=1024
[mono_ns=7259547025214636][T0xe78e94eddca0][WARN] copy_aicore_buffer: [chip_swimlane_collector.cpp:689] Core 22: skipped 1024 AICore record slot(s) with start_time=0 (race-window write or recycled-buffer tail). buf seq=0 count=1024
[mono_ns=7259547025313226][T0xe78e946cdca0][WARN] copy_aicore_buffer: [chip_swimlane_collector.cpp:689] Core 64: skipped 1024 AICore record slot(s) with start_time=0 (race-window write or recycled-buffer tail). buf seq=0 count=1024
[mono_ns=7259547025522446][T0xe78e94eddca0][WARN] copy_aicore_buffer: [chip_swimlane_collector.cpp:689] Core 68: skipped 1024 AICore record slot(s) with start_time=0 (race-window write or recycled-buffer tail). buf seq=0 count=1024
[mono_ns=7259547025632206][T0xe78e946cdca0][WARN] copy_aicore_buffer: [chip_swimlane_collector.cpp:689] Core 65: skipped 1024 AICore record slot(s) with start_time=0 (race-window write or recycled-buffer tail). buf seq=0 count=1024
[mono_ns=7259547025818747][T0xe78e94eddca0][WARN] copy_aicore_buffer: [chip_swimlane_collector.cpp:689] Core 69: skipped 1024 AICore record slot(s) with start_time=0 (race-window write or recycled-buffer tail). buf seq=0 count=1024
[mono_ns=7259547025951727][T0xe78e946cdca0][WARN] copy_aicore_buffer: [chip_swimlane_collector.cpp:689] Core 23: skipped 1024 AICore record slot(s) with start_time=0 (race-window write or recycled-buffer tail). buf seq=0 count=1024
[mono_ns=7259547026278887][T0xe78e946cdca0][WARN] copy_aicore_buffer: [chip_swimlane_collector.cpp:689] Core 70: skipped 1024 AICore record slot(s) with start_time=0 (race-window write or recycled-buffer tail). buf seq=0 count=1024
[mono_ns=7259547026598077][T0xe78e946cdca0][WARN] copy_aicore_buffer: [chip_swimlane_collector.cpp:689] Core 71: skipped 1024 AICore record slot(s) with start_time=0 (race-window write or recycled-buffer tail). buf seq=0 count=1024
[mono_ns=7259548019017419][T0xe78e956edca0][WARN] copy_aicore_buffer: [chip_swimlane_collector.cpp:689] Core 0: skipped 1024 AICore record slot(s) with start_time=0 (race-window write or recycled-buffer tail). buf seq=0 count=1024
[mono_ns=7259548019363409][T0xe78e956edca0][WARN] copy_aicore_buffer: [chip_swimlane_collector.cpp:689] Core 24: skipped 1024 AICore record slot(s) with start_time=0 (race-window write or recycled-buffer tail). buf seq=0 count=1024
[mono_ns=7259548019683099][T0xe78e956edca0][WARN] copy_aicore_buffer: [chip_swimlane_collector.cpp:689] Core 25: skipped 1024 AICore record slot(s) with start_time=0 (race-window write or recycled-buffer tail). buf seq=0 count=1024
[mono_ns=7259548020009610][T0xe78e956edca0][WARN] copy_aicore_buffer: [chip_swimlane_collector.cpp:689] Core 3: skipped 1024 AICore record slot(s) with start_time=0 (race-window write or recycled-buffer tail). buf seq=0 count=1024
[mono_ns=7259548020330380][T0xe78e956edca0][WARN] copy_aicore_buffer: [chip_swimlane_collector.cpp:689] Core 30: skipped 1024 AICore record slot(s) with start_time=0 (race-window write or recycled-buffer tail). buf seq=0 count=1024
[mono_ns=7259548020644910][T0xe78e956edca0][WARN] copy_aicore_buffer: [chip_swimlane_collector.cpp:689] Core 31: skipped 1024 AICore record slot(s) with start_time=0 (race-window write or recycled-buffer tail). buf seq=0 count=1024
[mono_ns=7259548020959010][T0xe78e956edca0][WARN] copy_aicore_buffer: [chip_swimlane_collector.cpp:689] Core 6: skipped 1024 AICore record slot(s) with start_time=0 (race-window write or recycled-buffer tail). buf seq=0 count=1024
[mono_ns=7259548021282811][T0xe78e956edca0][WARN] copy_aicore_buffer: [chip_swimlane_collector.cpp:689] Core 36: skipped 1024 AICore record slot(s) with start_time=0 (race-window write or recycled-buffer tail). buf seq=0 count=1024
[mono_ns=7259548021636231][T0xe78e956edca0][WARN] copy_aicore_buffer: [chip_swimlane_collector.cpp:689] Core 37: skipped 1024 AICore record slot(s) with start_time=0 (race-window write or recycled-buffer tail). buf seq=0 count=1024
[mono_ns=7259548021949841][T0xe78e956edca0][WARN] copy_aicore_buffer: [chip_swimlane_collector.cpp:689] Core 9: skipped 1024 AICore record slot(s) with start_time=0 (race-window write or recycled-buffer tail). buf seq=0 count=1024
[mono_ns=7259548022273241][T0xe78e956edca0][WARN] copy_aicore_buffer: [chip_swimlane_collector.cpp:689] Core 42: skipped 1024 AICore record slot(s) with start_time=0 (race-window write or recycled-buffer tail). buf seq=0 count=1024
[mono_ns=7259548022588312][T0xe78e956edca0][WARN] copy_aicore_buffer: [chip_swimlane_collector.cpp:689] Core 43: skipped 1024 AICore record slot(s) with start_time=0 (race-window write or recycled-buffer tail). buf seq=0 count=1024
[mono_ns=7259548022902232][T0xe78e956edca0][WARN] copy_aicore_buffer: [chip_swimlane_collector.cpp:689] Core 12: skipped 1024 AICore record slot(s) with start_time=0 (race-window write or recycled-buffer tail). buf seq=0 count=1024
[mono_ns=7259548023223662][T0xe78e956edca0][WARN] copy_aicore_buffer: [chip_swimlane_collector.cpp:689] Core 48: skipped 1024 AICore record slot(s) with start_time=0 (race-window write or recycled-buffer tail). buf seq=0 count=1024
[mono_ns=7259548023538722][T0xe78e956edca0][WARN] copy_aicore_buffer: [chip_swimlane_collector.cpp:689] Core 49: skipped 1024 AICore record slot(s) with start_time=0 (race-window write or recycled-buffer tail). buf seq=0 count=1024
[mono_ns=7259548023852503][T0xe78e956edca0][WARN] copy_aicore_buffer: [chip_swimlane_collector.cpp:689] Core 15: skipped 1024 AICore record slot(s) with start_time=0 (race-window write or recycled-buffer tail). buf seq=0 count=1024
[mono_ns=7259548024195063][T0xe78e956edca0][WARN] copy_aicore_buffer: [chip_swimlane_collector.cpp:689] Core 54: skipped 1024 AICore record slot(s) with start_time=0 (race-window write or recycled-buffer tail). buf seq=0 count=1024
[mono_ns=7259548024508673][T0xe78e956edca0][WARN] copy_aicore_buffer: [chip_swimlane_collector.cpp:689] Core 55: skipped 1024 AICore record slot(s) with start_time=0 (race-window write or recycled-buffer tail). buf seq=0 count=1024
[mono_ns=7259548024822743][T0xe78e956edca0][WARN] copy_aicore_buffer: [chip_swimlane_collector.cpp:689] Core 18: skipped 1024 AICore record slot(s) with start_time=0 (race-window write or recycled-buffer tail). buf seq=0 count=1024
[mono_ns=7259548025146734][T0xe78e956edca0][WARN] copy_aicore_buffer: [chip_swimlane_collector.cpp:689] Core 60: skipped 1024 AICore record slot(s) with start_time=0 (race-window write or recycled-buffer tail). buf seq=0 count=1024
[mono_ns=7259548025461314][T0xe78e956edca0][WARN] copy_aicore_buffer: [chip_swimlane_collector.cpp:689] Core 61: skipped 1024 AICore record slot(s) with start_time=0 (race-window write or recycled-buffer tail). buf seq=0 count=1024
[mono_ns=7259548025775524][T0xe78e956edca0][WARN] copy_aicore_buffer: [chip_swimlane_collector.cpp:689] Core 21: skipped 1024 AICore record slot(s) with start_time=0 (race-window write or recycled-buffer tail). buf seq=0 count=1024
[mono_ns=7259548026096534][T0xe78e956edca0][WARN] copy_aicore_buffer: [chip_swimlane_collector.cpp:689] Core 66: skipped 1024 AICore record slot(s) with start_time=0 (race-window write or recycled-buffer tail). buf seq=0 count=1024
[mono_ns=7259548026410835][T0xe78e956edca0][WARN] copy_aicore_buffer: [chip_swimlane_collector.cpp:689] Core 67: skipped 1024 AICore record slot(s) with start_time=0 (race-window write or recycled-buffer tail). buf seq=0 count=1024
[mono_ns=7259557012370644][T0xe78e2bd8cca0][ERROR] poll_and_collect_loop: [profiler_base.h:1283] DepGen collector idle timeout after 30 seconds — staying alive until execution completes
[mono_ns=7259577141979251][T0xe78e94eddca0][ERROR] poll_and_collect_loop: [profiler_base.h:1283] ChipSwimlane collector idle timeout after 30 seconds — staying alive until execution completes
[mono_ns=7259577144749504][T0xe78e946cdca0][ERROR] poll_and_collect_loop: [profiler_base.h:1283] ChipSwimlane collector idle timeout after 30 seconds — staying alive until execution completes
[mono_ns=7259577566245251][T0xe78ff24a9020][ERROR] sync_stream_pair: [device_runner_base.cpp:1775] aclrtSynchronizeStreamWithTimeout (AICPU) failed: 507018
[mono_ns=7259577566265431][T0xe78ff24a9020][ERROR] sync_stream_pair: [device_runner_base.cpp:1776] ACL error detail: 507018 ACL_ERROR_RT_AICPU_EXCEPTION - an AICPU task raised an exception; several distinct on-device mechanisms all surface as this one generic code
[mono_ns=7259577566269471][T0xe78ff24a9020][ERROR] sync_stream_pair: [device_runner_base.cpp:1776] ACL error hint: do NOT read this as 'deadlock' or 'OOM' on its own -- it is a generic host-side code. Grep the host log for 'orch_error_code=' / 'sched_error_code=' / 'sub_class=' to get the device-classified reason, and read the device log for the detector that fired. See docs/troubleshooting/device-error-codes.md
[mono_ns=7259577566622722][T0xe78ff24a9020][ERROR] sync_stream_pair: [device_runner_base.cpp:1776] ACL recent error message: EE9999: Inner Error!
EE9999[PID: 3654560] 2026-09-10-15:50:24.967.650 (EE9999):  This device does not support cross-server communication drv devId=5 localServerId=1023err:0x702001d[FUNC:ExportToShareableHandleV2][FILE:api_impl.cc][LINE:7120]
        TraceBack (most recent call last):
       rtMemExportToShareableHandleV2 execution failed, reason=driver error:feature not support[FUNC~
[mono_ns=7259577567070042][T0xe78ff24a9020][ERROR] recover_device_or_mark_unusable: [device_runner.cpp:763] AICore error 507018: bounded device drain failed: 507014 (force reset will follow in finalize)
[mono_ns=7259577645587216][T0xe78ff24a9020][TIMING] emit_host_span: [STRACE] v=1 pid=3654560 tid=3654560 inv=8 hid=c58bf58e36d5e59c depth=1 name=chip.run.runner_run ts=7259527017107070 dur=50628473236 
[mono_ns=7259577645670426][T0xe78ff24a9020][ERROR] validate_runtime_impl: [runtime_maker.cpp:945] simpler runtime failed: orch_error_code=0 sched_error_code=100 runtime_status=-100
[mono_ns=7259577645680766][T0xe78ff24a9020][ERROR] validate_runtime_impl: [runtime_maker.cpp:945] error detail: sched_error_code=100 SCHEDULER_TIMEOUT - the scheduler saw no forward progress within its timeout; the sub_class= line below carries the device-classified reason and locators
[mono_ns=7259577645684246][T0xe78ff24a9020][ERROR] validate_runtime_impl: [runtime_maker.cpp:945] error hint: read the sub_class= line below first, then follow the S1-S5 table in the doc; raise SIMPLER_SCHEDULER_TIMEOUT_MS to tell a true deadlock apart from a merely slow kernel. See docs/troubleshooting/device-error-codes.md
[mono_ns=7259577645687076][T0xe78ff24a9020][ERROR] validate_runtime_impl: [runtime_maker.cpp:951] scheduler timeout sub_class=S1:running-stalled (detail=1) completed=1/3 running=1 ready=0 waiting=1 orch_done=1 stuck_task_id=4294967297 stuck_core=24
[mono_ns=7259577645690696][T0xe78ff24a9020][WARN] validate_runtime_impl: [runtime_maker.cpp:967] Skipping tensor copy-back because execution failed
[mono_ns=7259577645696616][T0xe78ff24a9020][TIMING] emit_host_span: [STRACE] v=1 pid=3654560 tid=3654560 inv=8 hid=c58bf58e36d5e59c depth=1 name=chip.run.validate ts=7259577645600216 dur=93620 
[mono_ns=7259577645723406][T0xe78ff24a9020][TIMING] emit_host_span: [STRACE] v=1 pid=3654560 tid=3654560 inv=8 hid=c58bf58e36d5e59c depth=1 name=chip.run.claim_release ts=7259577645720196 dur=770 
[mono_ns=7259577645728766][T0xe78ff24a9020][TIMING] emit_host_span: [STRACE] v=1 pid=3654560 tid=3654560 inv=8 hid=c58bf58e36d5e59c depth=0 name=chip.run ts=7259527013961328 dur=50631765328 run_id=8 dispatch_id=8 slot_id=0 generation=8 run_epoch=8
[mono_ns=7259578145385150][T0xe78e956edca0][ERROR] poll_and_collect_loop: [profiler_base.h:1283] ChipSwimlane collector idle timeout after 30 seconds — staying alive until execution completes
[mono_ns=7259584259644020][T0xe78ff24a9020][WARN] force_reset_device: [device_runner.cpp:923] force_reset_device: aclrtResetDeviceForce(5) established a usable device generation (probe confirmed)
[mono_ns=7259584502082351][T0xe78ff24a9020][WARN] finalize_common_impl: [device_runner_base.cpp:1426] Fatal teardown: force reset/quarantine finished; skipping per-resource RTS destroy/free calls
[mono_ns=7259584502652112][T0xe78ff24a9020][WARN] finalize_common_impl: [device_runner_base.cpp:1571] Fatal teardown: host-side ownership cleared without further device calls
[mono_ns=7259585485832458][T0xe78ff24a9020][WARN] finalize: [device_runner.cpp:1062] DeviceRunner finalized after fatal device failure
