[mono_ns=7259510697430434][T0xe78ff24a9020][TIMING] emit_host_span: [STRACE] v=1 pid=3654548 tid=3654548 inv=1 hid=c58bf58e36d5e59c depth=2 name=chip.run.bind.args ts=7259510694395913 dur=3027221 
[mono_ns=7259510697457034][T0xe78ff24a9020][TIMING] emit_host_span: [STRACE] v=1 pid=3654548 tid=3654548 inv=1 hid=c58bf58e36d5e59c depth=2 name=chip.run.bind.prebuilt ts=7259510697451334 dur=2920 
[mono_ns=7259510697462114][T0xe78ff24a9020][TIMING] emit_host_span: [STRACE] v=1 pid=3654548 tid=3654548 inv=1 hid=c58bf58e36d5e59c depth=1 name=chip.run.bind ts=7259510694195423 dur=3264381 
[mono_ns=7259510816876891][T0xe78ff24a9020][TIMING] emit_host_span: [STRACE] v=1 pid=3654548 tid=3654548 inv=1 hid=c58bf58e36d5e59c depth=1 name=chip.run.runner_run ts=7259510698743895 dur=118120286 
[mono_ns=7259510819579152][T0xe78ff24a9020][TIMING] emit_host_span: [STRACE] v=1 pid=3654548 tid=3654548 inv=1 hid=c58bf58e36d5e59c depth=1 name=chip.run.validate ts=7259510816906321 dur=2657931 
[mono_ns=7259510819603723][T0xe78ff24a9020][TIMING] emit_host_span: [STRACE] v=1 pid=3654548 tid=3654548 inv=1 hid=c58bf58e36d5e59c depth=2 name=chip.run.runner_run.device_wall ts=0 dur=8539039 clk=dev
[mono_ns=7259510819608563][T0xe78ff24a9020][TIMING] emit_host_span: [STRACE] v=1 pid=3654548 tid=3654548 inv=1 hid=c58bf58e36d5e59c depth=3 name=chip.run.runner_run.device_wall.preamble ts=0 dur=192820 clk=dev
[mono_ns=7259510819747853][T0xe78ff24a9020][TIMING] emit_host_span: [STRACE] v=1 pid=3654548 tid=3654548 inv=1 hid=c58bf58e36d5e59c depth=3 name=chip.run.runner_run.device_wall.graph_build ts=47420 dur=8468060 clk=dev
[mono_ns=7259510819752083][T0xe78ff24a9020][TIMING] emit_host_span: [STRACE] v=1 pid=3654548 tid=3654548 inv=1 hid=c58bf58e36d5e59c depth=3 name=chip.run.runner_run.device_wall.config_validate ts=52599 dur=4120 clk=dev
[mono_ns=7259510819757153][T0xe78ff24a9020][TIMING] emit_host_span: [STRACE] v=1 pid=3654548 tid=3654548 inv=1 hid=c58bf58e36d5e59c depth=3 name=chip.run.runner_run.device_wall.arena_wire ts=56760 dur=15100 clk=dev
[mono_ns=7259510819760733][T0xe78ff24a9020][TIMING] emit_host_span: [STRACE] v=1 pid=3654548 tid=3654548 inv=1 hid=c58bf58e36d5e59c depth=3 name=chip.run.runner_run.device_wall.sm_reset ts=71900 dur=20700 clk=dev
[mono_ns=7259510819764133][T0xe78ff24a9020][TIMING] emit_host_span: [STRACE] v=1 pid=3654548 tid=3654548 inv=1 hid=c58bf58e36d5e59c depth=3 name=chip.run.runner_run.device_wall.post_orch ts=8515580 dur=17720 clk=dev
[mono_ns=7259510819767433][T0xe78ff24a9020][TIMING] emit_host_span: [STRACE] v=1 pid=3654548 tid=3654548 inv=1 hid=c58bf58e36d5e59c depth=3 name=chip.run.runner_run.device_wall.orch ts=99040 dur=48140 clk=dev
[mono_ns=7259510819770873][T0xe78ff24a9020][TIMING] emit_host_span: [STRACE] v=1 pid=3654548 tid=3654548 inv=1 hid=c58bf58e36d5e59c depth=3 name=chip.run.runner_run.device_wall.sched ts=194520 dur=8297540 clk=dev
[mono_ns=7259510819777903][T0xe78ff24a9020][TIMING] emit_host_span: [STRACE] v=1 pid=3654548 tid=3654548 inv=1 hid=c58bf58e36d5e59c depth=1 name=chip.run.claim_release ts=7259510819774453 dur=1390 
[mono_ns=7259510819847333][T0xe78ff24a9020][TIMING] emit_host_span: [STRACE] v=1 pid=3654548 tid=3654548 inv=1 hid=c58bf58e36d5e59c depth=0 name=chip.run ts=7259510694093753 dur=125750610 run_id=1 dispatch_id=1 slot_id=0 generation=1 run_epoch=1
[mono_ns=7259510847228126][T0xe78ff24a9020][TIMING] emit_host_span: [STRACE] v=1 pid=3654548 tid=3654548 inv=2 hid=c58bf58e36d5e59c depth=2 name=chip.run.bind.args ts=7259510842536323 dur=4683783 
[mono_ns=7259510847266646][T0xe78ff24a9020][TIMING] emit_host_span: [STRACE] v=1 pid=3654548 tid=3654548 inv=2 hid=c58bf58e36d5e59c depth=2 name=chip.run.bind.prebuilt ts=7259510847258606 dur=5300 
[mono_ns=7259510847272466][T0xe78ff24a9020][TIMING] emit_host_span: [STRACE] v=1 pid=3654548 tid=3654548 inv=2 hid=c58bf58e36d5e59c depth=1 name=chip.run.bind ts=7259510842524063 dur=4745453 
[mono_ns=7259510925476823][T0xe78e956edca0][WARN] copy_aicore_buffer: [chip_swimlane_collector.cpp:689] Core 0: skipped 1024 AICore record slot(s) with start_time=0 (race-window write or recycled-buffer tail). buf seq=0 count=1024
[mono_ns=7259510925865653][T0xe78e956edca0][WARN] copy_aicore_buffer: [chip_swimlane_collector.cpp:689] Core 24: skipped 1024 AICore record slot(s) with start_time=0 (race-window write or recycled-buffer tail). buf seq=0 count=1024
[mono_ns=7259510926215343][T0xe78e956edca0][WARN] copy_aicore_buffer: [chip_swimlane_collector.cpp:689] Core 25: skipped 1024 AICore record slot(s) with start_time=0 (race-window write or recycled-buffer tail). buf seq=0 count=1024
[mono_ns=7259510926369533][T0xe78e946cdca0][WARN] copy_aicore_buffer: [chip_swimlane_collector.cpp:689] Core 2: skipped 1024 AICore record slot(s) with start_time=0 (race-window write or recycled-buffer tail). buf seq=0 count=1024
[mono_ns=7259510926517493][T0xe78e94eddca0][WARN] copy_aicore_buffer: [chip_swimlane_collector.cpp:689] Core 1: skipped 1024 AICore record slot(s) with start_time=0 (race-window write or recycled-buffer tail). buf seq=0 count=1024
[mono_ns=7259510926575083][T0xe78e956edca0][WARN] copy_aicore_buffer: [chip_swimlane_collector.cpp:689] Core 3: skipped 1024 AICore record slot(s) with start_time=0 (race-window write or recycled-buffer tail). buf seq=0 count=1024
[mono_ns=7259510926701713][T0xe78e946cdca0][WARN] copy_aicore_buffer: [chip_swimlane_collector.cpp:689] Core 28: skipped 1022 AICore record slot(s) with start_time=0 (race-window write or recycled-buffer tail). buf seq=0 count=1024
[mono_ns=7259510926827393][T0xe78e94eddca0][WARN] copy_aicore_buffer: [chip_swimlane_collector.cpp:689] Core 26: skipped 1023 AICore record slot(s) with start_time=0 (race-window write or recycled-buffer tail). buf seq=0 count=1024
[mono_ns=7259510926928913][T0xe78e956edca0][WARN] copy_aicore_buffer: [chip_swimlane_collector.cpp:689] Core 30: skipped 1024 AICore record slot(s) with start_time=0 (race-window write or recycled-buffer tail). buf seq=0 count=1024
[mono_ns=7259510926993064][T0xe78e946cdca0][WARN] copy_aicore_buffer: [chip_swimlane_collector.cpp:689] Core 29: skipped 1024 AICore record slot(s) with start_time=0 (race-window write or recycled-buffer tail). buf seq=0 count=1024
[mono_ns=7259510927171574][T0xe78e94eddca0][WARN] copy_aicore_buffer: [chip_swimlane_collector.cpp:689] Core 27: skipped 1024 AICore record slot(s) with start_time=0 (race-window write or recycled-buffer tail). buf seq=0 count=1024
[mono_ns=7259510927275354][T0xe78e956edca0][WARN] copy_aicore_buffer: [chip_swimlane_collector.cpp:689] Core 31: skipped 1024 AICore record slot(s) with start_time=0 (race-window write or recycled-buffer tail). buf seq=0 count=1024
[mono_ns=7259510927335314][T0xe78e946cdca0][WARN] copy_aicore_buffer: [chip_swimlane_collector.cpp:689] Core 5: skipped 1024 AICore record slot(s) with start_time=0 (race-window write or recycled-buffer tail). buf seq=0 count=1024
[mono_ns=7259510927506294][T0xe78e94eddca0][WARN] copy_aicore_buffer: [chip_swimlane_collector.cpp:689] Core 4: skipped 1024 AICore record slot(s) with start_time=0 (race-window write or recycled-buffer tail). buf seq=0 count=1024
[mono_ns=7259510927629464][T0xe78e946cdca0][WARN] copy_aicore_buffer: [chip_swimlane_collector.cpp:689] Core 34: skipped 1024 AICore record slot(s) with start_time=0 (race-window write or recycled-buffer tail). buf seq=0 count=1024
[mono_ns=7259510927705944][T0xe78e956edca0][WARN] copy_aicore_buffer: [chip_swimlane_collector.cpp:689] Core 6: skipped 1024 AICore record slot(s) with start_time=0 (race-window write or recycled-buffer tail). buf seq=0 count=1024
[mono_ns=7259510927819914][T0xe78e94eddca0][WARN] copy_aicore_buffer: [chip_swimlane_collector.cpp:689] Core 32: skipped 1024 AICore record slot(s) with start_time=0 (race-window write or recycled-buffer tail). buf seq=0 count=1024
[mono_ns=7259510927928704][T0xe78e946cdca0][WARN] copy_aicore_buffer: [chip_swimlane_collector.cpp:689] Core 35: skipped 1024 AICore record slot(s) with start_time=0 (race-window write or recycled-buffer tail). buf seq=0 count=1024
[mono_ns=7259510928049474][T0xe78e956edca0][WARN] copy_aicore_buffer: [chip_swimlane_collector.cpp:689] Core 36: skipped 1024 AICore record slot(s) with start_time=0 (race-window write or recycled-buffer tail). buf seq=0 count=1024
[mono_ns=7259510928139584][T0xe78e94eddca0][WARN] copy_aicore_buffer: [chip_swimlane_collector.cpp:689] Core 33: skipped 1024 AICore record slot(s) with start_time=0 (race-window write or recycled-buffer tail). buf seq=0 count=1024
[mono_ns=7259510928238414][T0xe78e946cdca0][WARN] copy_aicore_buffer: [chip_swimlane_collector.cpp:689] Core 8: skipped 1024 AICore record slot(s) with start_time=0 (race-window write or recycled-buffer tail). buf seq=0 count=1024
[mono_ns=7259510928404114][T0xe78e956edca0][WARN] copy_aicore_buffer: [chip_swimlane_collector.cpp:689] Core 37: skipped 1024 AICore record slot(s) with start_time=0 (race-window write or recycled-buffer tail). buf seq=0 count=1024
[mono_ns=7259510928444244][T0xe78e94eddca0][WARN] copy_aicore_buffer: [chip_swimlane_collector.cpp:689] Core 7: skipped 1024 AICore record slot(s) with start_time=0 (race-window write or recycled-buffer tail). buf seq=0 count=1024
[mono_ns=7259510928533314][T0xe78e946cdca0][WARN] copy_aicore_buffer: [chip_swimlane_collector.cpp:689] Core 40: skipped 1024 AICore record slot(s) with start_time=0 (race-window write or recycled-buffer tail). buf seq=0 count=1024
[mono_ns=7259510928732764][T0xe78e956edca0][WARN] copy_aicore_buffer: [chip_swimlane_collector.cpp:689] Core 9: skipped 1024 AICore record slot(s) with start_time=0 (race-window write or recycled-buffer tail). buf seq=0 count=1024
[mono_ns=7259510928750134][T0xe78e94eddca0][WARN] copy_aicore_buffer: [chip_swimlane_collector.cpp:689] Core 38: skipped 1024 AICore record slot(s) with start_time=0 (race-window write or recycled-buffer tail). buf seq=0 count=1024
[mono_ns=7259510928827524][T0xe78e946cdca0][WARN] copy_aicore_buffer: [chip_swimlane_collector.cpp:689] Core 41: skipped 1024 AICore record slot(s) with start_time=0 (race-window write or recycled-buffer tail). buf seq=0 count=1024
[mono_ns=7259510929080135][T0xe78e94eddca0][WARN] copy_aicore_buffer: [chip_swimlane_collector.cpp:689] Core 39: skipped 1024 AICore record slot(s) with start_time=0 (race-window write or recycled-buffer tail). buf seq=0 count=1024
[mono_ns=7259510929087655][T0xe78e956edca0][WARN] copy_aicore_buffer: [chip_swimlane_collector.cpp:689] Core 42: skipped 1024 AICore record slot(s) with start_time=0 (race-window write or recycled-buffer tail). buf seq=0 count=1024
[mono_ns=7259510929244305][T0xe78e946cdca0][WARN] copy_aicore_buffer: [chip_swimlane_collector.cpp:689] Core 11: skipped 1024 AICore record slot(s) with start_time=0 (race-window write or recycled-buffer tail). buf seq=0 count=1024
[mono_ns=7259510929395165][T0xe78e94eddca0][WARN] copy_aicore_buffer: [chip_swimlane_collector.cpp:689] Core 10: skipped 1024 AICore record slot(s) with start_time=0 (race-window write or recycled-buffer tail). buf seq=0 count=1024
[mono_ns=7259510929424595][T0xe78e956edca0][WARN] copy_aicore_buffer: [chip_swimlane_collector.cpp:689] Core 43: skipped 1024 AICore record slot(s) with start_time=0 (race-window write or recycled-buffer tail). buf seq=0 count=1024
[mono_ns=7259510929538605][T0xe78e946cdca0][WARN] copy_aicore_buffer: [chip_swimlane_collector.cpp:689] Core 46: skipped 1024 AICore record slot(s) with start_time=0 (race-window write or recycled-buffer tail). buf seq=0 count=1024
[mono_ns=7259510929706865][T0xe78e94eddca0][WARN] copy_aicore_buffer: [chip_swimlane_collector.cpp:689] Core 44: skipped 1024 AICore record slot(s) with start_time=0 (race-window write or recycled-buffer tail). buf seq=0 count=1024
[mono_ns=7259510929759885][T0xe78e956edca0][WARN] copy_aicore_buffer: [chip_swimlane_collector.cpp:689] Core 12: skipped 1024 AICore record slot(s) with start_time=0 (race-window write or recycled-buffer tail). buf seq=0 count=1024
[mono_ns=7259510929832755][T0xe78e946cdca0][WARN] copy_aicore_buffer: [chip_swimlane_collector.cpp:689] Core 47: skipped 1024 AICore record slot(s) with start_time=0 (race-window write or recycled-buffer tail). buf seq=0 count=1024
[mono_ns=7259510930033865][T0xe78e94eddca0][WARN] copy_aicore_buffer: [chip_swimlane_collector.cpp:689] Core 45: skipped 1024 AICore record slot(s) with start_time=0 (race-window write or recycled-buffer tail). buf seq=0 count=1024
[mono_ns=7259510930126485][T0xe78e956edca0][WARN] copy_aicore_buffer: [chip_swimlane_collector.cpp:689] Core 48: skipped 1024 AICore record slot(s) with start_time=0 (race-window write or recycled-buffer tail). buf seq=0 count=1024
[mono_ns=7259510930147235][T0xe78e946cdca0][WARN] copy_aicore_buffer: [chip_swimlane_collector.cpp:689] Core 14: skipped 1024 AICore record slot(s) with start_time=0 (race-window write or recycled-buffer tail). buf seq=0 count=1024
[mono_ns=7259510930339955][T0xe78e94eddca0][WARN] copy_aicore_buffer: [chip_swimlane_collector.cpp:689] Core 13: skipped 1024 AICore record slot(s) with start_time=0 (race-window write or recycled-buffer tail). buf seq=0 count=1024
[mono_ns=7259510930443595][T0xe78e946cdca0][WARN] copy_aicore_buffer: [chip_swimlane_collector.cpp:689] Core 52: skipped 1024 AICore record slot(s) with start_time=0 (race-window write or recycled-buffer tail). buf seq=0 count=1024
[mono_ns=7259510930460025][T0xe78e956edca0][WARN] copy_aicore_buffer: [chip_swimlane_collector.cpp:689] Core 49: skipped 1024 AICore record slot(s) with start_time=0 (race-window write or recycled-buffer tail). buf seq=0 count=1024
[mono_ns=7259510930640495][T0xe78e94eddca0][WARN] copy_aicore_buffer: [chip_swimlane_collector.cpp:689] Core 50: skipped 1024 AICore record slot(s) with start_time=0 (race-window write or recycled-buffer tail). buf seq=0 count=1024
[mono_ns=7259510930770965][T0xe78e946cdca0][WARN] copy_aicore_buffer: [chip_swimlane_collector.cpp:689] Core 53: skipped 1024 AICore record slot(s) with start_time=0 (race-window write or recycled-buffer tail). buf seq=0 count=1024
[mono_ns=7259510930786725][T0xe78e956edca0][WARN] copy_aicore_buffer: [chip_swimlane_collector.cpp:689] Core 15: skipped 1024 AICore record slot(s) with start_time=0 (race-window write or recycled-buffer tail). buf seq=0 count=1024
[mono_ns=7259510930978755][T0xe78e94eddca0][WARN] copy_aicore_buffer: [chip_swimlane_collector.cpp:689] Core 51: skipped 1024 AICore record slot(s) with start_time=0 (race-window write or recycled-buffer tail). buf seq=0 count=1024
[mono_ns=7259510931097095][T0xe78e946cdca0][WARN] copy_aicore_buffer: [chip_swimlane_collector.cpp:689] Core 17: skipped 1024 AICore record slot(s) with start_time=0 (race-window write or recycled-buffer tail). buf seq=0 count=1024
[mono_ns=7259510931131665][T0xe78e956edca0][WARN] copy_aicore_buffer: [chip_swimlane_collector.cpp:689] Core 54: skipped 1024 AICore record slot(s) with start_time=0 (race-window write or recycled-buffer tail). buf seq=0 count=1024
[mono_ns=7259510931294686][T0xe78e94eddca0][WARN] copy_aicore_buffer: [chip_swimlane_collector.cpp:689] Core 16: skipped 1024 AICore record slot(s) with start_time=0 (race-window write or recycled-buffer tail). buf seq=0 count=1024
[mono_ns=7259510931393506][T0xe78e946cdca0][WARN] copy_aicore_buffer: [chip_swimlane_collector.cpp:689] Core 58: skipped 1024 AICore record slot(s) with start_time=0 (race-window write or recycled-buffer tail). buf seq=0 count=1024
[mono_ns=7259510931464656][T0xe78e956edca0][WARN] copy_aicore_buffer: [chip_swimlane_collector.cpp:689] Core 55: skipped 1024 AICore record slot(s) with start_time=0 (race-window write or recycled-buffer tail). buf seq=0 count=1024
[mono_ns=7259510931596566][T0xe78e94eddca0][WARN] copy_aicore_buffer: [chip_swimlane_collector.cpp:689] Core 56: skipped 1024 AICore record slot(s) with start_time=0 (race-window write or recycled-buffer tail). buf seq=0 count=1024
[mono_ns=7259510931735286][T0xe78e946cdca0][WARN] copy_aicore_buffer: [chip_swimlane_collector.cpp:689] Core 59: skipped 1024 AICore record slot(s) with start_time=0 (race-window write or recycled-buffer tail). buf seq=0 count=1024
[mono_ns=7259510931790356][T0xe78e956edca0][WARN] copy_aicore_buffer: [chip_swimlane_collector.cpp:689] Core 18: skipped 1024 AICore record slot(s) with start_time=0 (race-window write or recycled-buffer tail). buf seq=0 count=1024
[mono_ns=7259510931904526][T0xe78e94eddca0][WARN] copy_aicore_buffer: [chip_swimlane_collector.cpp:689] Core 57: skipped 1024 AICore record slot(s) with start_time=0 (race-window write or recycled-buffer tail). buf seq=0 count=1024
[mono_ns=7259510932121896][T0xe78e956edca0][WARN] copy_aicore_buffer: [chip_swimlane_collector.cpp:689] Core 60: skipped 1024 AICore record slot(s) with start_time=0 (race-window write or recycled-buffer tail). buf seq=0 count=1024
[mono_ns=7259510932180106][T0xe78e946cdca0][WARN] copy_aicore_buffer: [chip_swimlane_collector.cpp:689] Core 20: skipped 1024 AICore record slot(s) with start_time=0 (race-window write or recycled-buffer tail). buf seq=0 count=1024
[mono_ns=7259510932216626][T0xe78e94eddca0][WARN] copy_aicore_buffer: [chip_swimlane_collector.cpp:689] Core 19: skipped 1024 AICore record slot(s) with start_time=0 (race-window write or recycled-buffer tail). buf seq=0 count=1024
[mono_ns=7259510932446116][T0xe78e956edca0][WARN] copy_aicore_buffer: [chip_swimlane_collector.cpp:689] Core 61: skipped 1024 AICore record slot(s) with start_time=0 (race-window write or recycled-buffer tail). buf seq=0 count=1024
[mono_ns=7259510932494206][T0xe78e946cdca0][WARN] copy_aicore_buffer: [chip_swimlane_collector.cpp:689] Core 64: skipped 1024 AICore record slot(s) with start_time=0 (race-window write or recycled-buffer tail). buf seq=0 count=1024
[mono_ns=7259510932607426][T0xe78e94eddca0][WARN] copy_aicore_buffer: [chip_swimlane_collector.cpp:689] Core 62: skipped 1024 AICore record slot(s) with start_time=0 (race-window write or recycled-buffer tail). buf seq=0 count=1024
[mono_ns=7259510932779206][T0xe78e956edca0][WARN] copy_aicore_buffer: [chip_swimlane_collector.cpp:689] Core 21: skipped 1024 AICore record slot(s) with start_time=0 (race-window write or recycled-buffer tail). buf seq=0 count=1024
[mono_ns=7259510932790876][T0xe78e946cdca0][WARN] copy_aicore_buffer: [chip_swimlane_collector.cpp:689] Core 65: skipped 1024 AICore record slot(s) with start_time=0 (race-window write or recycled-buffer tail). buf seq=0 count=1024
[mono_ns=7259510932912086][T0xe78e94eddca0][WARN] copy_aicore_buffer: [chip_swimlane_collector.cpp:689] Core 63: skipped 1024 AICore record slot(s) with start_time=0 (race-window write or recycled-buffer tail). buf seq=0 count=1024
[mono_ns=7259510933116806][T0xe78e946cdca0][WARN] copy_aicore_buffer: [chip_swimlane_collector.cpp:689] Core 23: skipped 1024 AICore record slot(s) with start_time=0 (race-window write or recycled-buffer tail). buf seq=0 count=1024
[mono_ns=7259510933135066][T0xe78e956edca0][WARN] copy_aicore_buffer: [chip_swimlane_collector.cpp:689] Core 66: skipped 1024 AICore record slot(s) with start_time=0 (race-window write or recycled-buffer tail). buf seq=0 count=1024
[mono_ns=7259510933221976][T0xe78e94eddca0][WARN] copy_aicore_buffer: [chip_swimlane_collector.cpp:689] Core 22: skipped 1024 AICore record slot(s) with start_time=0 (race-window write or recycled-buffer tail). buf seq=0 count=1024
[mono_ns=7259510933418257][T0xe78e946cdca0][WARN] copy_aicore_buffer: [chip_swimlane_collector.cpp:689] Core 70: skipped 1024 AICore record slot(s) with start_time=0 (race-window write or recycled-buffer tail). buf seq=0 count=1024
[mono_ns=7259510933468117][T0xe78e956edca0][WARN] copy_aicore_buffer: [chip_swimlane_collector.cpp:689] Core 67: skipped 1024 AICore record slot(s) with start_time=0 (race-window write or recycled-buffer tail). buf seq=0 count=1024
[mono_ns=7259510933603417][T0xe78e94eddca0][WARN] copy_aicore_buffer: [chip_swimlane_collector.cpp:689] Core 68: skipped 1024 AICore record slot(s) with start_time=0 (race-window write or recycled-buffer tail). buf seq=0 count=1024
[mono_ns=7259510933726237][T0xe78e946cdca0][WARN] copy_aicore_buffer: [chip_swimlane_collector.cpp:689] Core 71: skipped 1024 AICore record slot(s) with start_time=0 (race-window write or recycled-buffer tail). buf seq=0 count=1024
[mono_ns=7259510933907107][T0xe78e94eddca0][WARN] copy_aicore_buffer: [chip_swimlane_collector.cpp:689] Core 69: skipped 1024 AICore record slot(s) with start_time=0 (race-window write or recycled-buffer tail). buf seq=0 count=1024
[mono_ns=7259511034884395][T0xe78ff24a9020][TIMING] emit_host_span: [STRACE] v=1 pid=3654548 tid=3654548 inv=2 hid=c58bf58e36d5e59c depth=1 name=chip.run.runner_run ts=7259510906884434 dur=127985311 
[mono_ns=7259511037353106][T0xe78ff24a9020][TIMING] emit_host_span: [STRACE] v=1 pid=3654548 tid=3654548 inv=2 hid=c58bf58e36d5e59c depth=1 name=chip.run.validate ts=7259511034914185 dur=2417591 
[mono_ns=7259511037422226][T0xe78ff24a9020][TIMING] emit_host_span: [STRACE] v=1 pid=3654548 tid=3654548 inv=2 hid=c58bf58e36d5e59c depth=2 name=chip.run.runner_run.device_wall ts=0 dur=14373779 clk=dev
[mono_ns=7259511037427486][T0xe78ff24a9020][TIMING] emit_host_span: [STRACE] v=1 pid=3654548 tid=3654548 inv=2 hid=c58bf58e36d5e59c depth=3 name=chip.run.runner_run.device_wall.preamble ts=0 dur=132440 clk=dev
[mono_ns=7259511037431316][T0xe78ff24a9020][TIMING] emit_host_span: [STRACE] v=1 pid=3654548 tid=3654548 inv=2 hid=c58bf58e36d5e59c depth=3 name=chip.run.runner_run.device_wall.graph_build ts=127799 dur=14234280 clk=dev
[mono_ns=7259511037434776][T0xe78ff24a9020][TIMING] emit_host_span: [STRACE] v=1 pid=3654548 tid=3654548 inv=2 hid=c58bf58e36d5e59c depth=3 name=chip.run.runner_run.device_wall.config_validate ts=127920 dur=1280 clk=dev
[mono_ns=7259511037438206][T0xe78ff24a9020][TIMING] emit_host_span: [STRACE] v=1 pid=3654548 tid=3654548 inv=2 hid=c58bf58e36d5e59c depth=3 name=chip.run.runner_run.device_wall.arena_wire ts=129220 dur=700 clk=dev
[mono_ns=7259511037441406][T0xe78ff24a9020][TIMING] emit_host_span: [STRACE] v=1 pid=3654548 tid=3654548 inv=2 hid=c58bf58e36d5e59c depth=3 name=chip.run.runner_run.device_wall.sm_reset ts=129940 dur=1340 clk=dev
[mono_ns=7259511037444866][T0xe78ff24a9020][TIMING] emit_host_span: [STRACE] v=1 pid=3654548 tid=3654548 inv=2 hid=c58bf58e36d5e59c depth=3 name=chip.run.runner_run.device_wall.post_orch ts=14362099 dur=11500 clk=dev
[mono_ns=7259511037581456][T0xe78ff24a9020][TIMING] emit_host_span: [STRACE] v=1 pid=3654548 tid=3654548 inv=2 hid=c58bf58e36d5e59c depth=3 name=chip.run.runner_run.device_wall.orch ts=131340 dur=4220 clk=dev
[mono_ns=7259511037586086][T0xe78ff24a9020][TIMING] emit_host_span: [STRACE] v=1 pid=3654548 tid=3654548 inv=2 hid=c58bf58e36d5e59c depth=3 name=chip.run.runner_run.device_wall.sched ts=132780 dur=14202500 clk=dev
[mono_ns=7259511037592806][T0xe78ff24a9020][TIMING] emit_host_span: [STRACE] v=1 pid=3654548 tid=3654548 inv=2 hid=c58bf58e36d5e59c depth=1 name=chip.run.claim_release ts=7259511037589686 dur=1180 
[mono_ns=7259511037602036][T0xe78ff24a9020][TIMING] emit_host_span: [STRACE] v=1 pid=3654548 tid=3654548 inv=2 hid=c58bf58e36d5e59c depth=0 name=chip.run ts=7259510842476873 dur=195123063 run_id=2 dispatch_id=2 slot_id=0 generation=2 run_epoch=2
[mono_ns=7259516070242916][T0xe78ff24a9020][TIMING] emit_host_span: [STRACE] v=1 pid=3654548 tid=3654548 inv=3 hid=c58bf58e36d5e59c depth=2 name=chip.run.bind.args ts=7259516068114065 dur=1975951 
[mono_ns=7259516070437906][T0xe78ff24a9020][TIMING] emit_host_span: [STRACE] v=1 pid=3654548 tid=3654548 inv=3 hid=c58bf58e36d5e59c depth=2 name=chip.run.bind.prebuilt ts=7259516070344536 dur=90190 
[mono_ns=7259516070444516][T0xe78ff24a9020][TIMING] emit_host_span: [STRACE] v=1 pid=3654548 tid=3654548 inv=3 hid=c58bf58e36d5e59c depth=1 name=chip.run.bind ts=7259516068086395 dur=2355621 
[mono_ns=7259516425424961][T0xe78ff24a9020][TIMING] emit_host_span: [STRACE] v=1 pid=3654548 tid=3654548 inv=3 hid=c58bf58e36d5e59c depth=1 name=chip.run.runner_run ts=7259516072565147 dur=352842624 
[mono_ns=7259516427397152][T0xe78ff24a9020][TIMING] emit_host_span: [STRACE] v=1 pid=3654548 tid=3654548 inv=3 hid=c58bf58e36d5e59c depth=1 name=chip.run.validate ts=7259516425530511 dur=1859431 
[mono_ns=7259516427416372][T0xe78ff24a9020][TIMING] emit_host_span: [STRACE] v=1 pid=3654548 tid=3654548 inv=3 hid=c58bf58e36d5e59c depth=2 name=chip.run.runner_run.device_wall ts=0 dur=6997840 clk=dev
[mono_ns=7259516427421092][T0xe78ff24a9020][TIMING] emit_host_span: [STRACE] v=1 pid=3654548 tid=3654548 inv=3 hid=c58bf58e36d5e59c depth=3 name=chip.run.runner_run.device_wall.preamble ts=0 dur=6640 clk=dev
[mono_ns=7259516427425052][T0xe78ff24a9020][TIMING] emit_host_span: [STRACE] v=1 pid=3654548 tid=3654548 inv=3 hid=c58bf58e36d5e59c depth=3 name=chip.run.runner_run.device_wall.graph_build ts=1400 dur=6985400 clk=dev
[mono_ns=7259516427431032][T0xe78ff24a9020][TIMING] emit_host_span: [STRACE] v=1 pid=3654548 tid=3654548 inv=3 hid=c58bf58e36d5e59c depth=3 name=chip.run.runner_run.device_wall.config_validate ts=1500 dur=1060 clk=dev
[mono_ns=7259516427434212][T0xe78ff24a9020][TIMING] emit_host_span: [STRACE] v=1 pid=3654548 tid=3654548 inv=3 hid=c58bf58e36d5e59c depth=3 name=chip.run.runner_run.device_wall.arena_wire ts=2580 dur=480 clk=dev
[mono_ns=7259516427437202][T0xe78ff24a9020][TIMING] emit_host_span: [STRACE] v=1 pid=3654548 tid=3654548 inv=3 hid=c58bf58e36d5e59c depth=3 name=chip.run.runner_run.device_wall.sm_reset ts=3080 dur=1160 clk=dev
[mono_ns=7259516427440462][T0xe78ff24a9020][TIMING] emit_host_span: [STRACE] v=1 pid=3654548 tid=3654548 inv=3 hid=c58bf58e36d5e59c depth=3 name=chip.run.runner_run.device_wall.post_orch ts=6986880 dur=10459 clk=dev
[mono_ns=7259516427521942][T0xe78ff24a9020][TIMING] emit_host_span: [STRACE] v=1 pid=3654548 tid=3654548 inv=3 hid=c58bf58e36d5e59c depth=3 name=chip.run.runner_run.device_wall.orch ts=5500 dur=10020 clk=dev
[mono_ns=7259516427525172][T0xe78ff24a9020][TIMING] emit_host_span: [STRACE] v=1 pid=3654548 tid=3654548 inv=3 hid=c58bf58e36d5e59c depth=3 name=chip.run.runner_run.device_wall.sched ts=6960 dur=6971180 clk=dev
[mono_ns=7259516427530762][T0xe78ff24a9020][TIMING] emit_host_span: [STRACE] v=1 pid=3654548 tid=3654548 inv=3 hid=c58bf58e36d5e59c depth=1 name=chip.run.claim_release ts=7259516427527892 dur=1050 
[mono_ns=7259516427535592][T0xe78ff24a9020][TIMING] emit_host_span: [STRACE] v=1 pid=3654548 tid=3654548 inv=3 hid=c58bf58e36d5e59c depth=0 name=chip.run ts=7259516067170264 dur=360363328 run_id=3 dispatch_id=3 slot_id=0 generation=3 run_epoch=3
[mono_ns=7259516639590894][T0xe78ff24a9020][TIMING] emit_host_span: [STRACE] v=1 pid=3654548 tid=3654548 inv=4 hid=c58bf58e36d5e59c depth=2 name=chip.run.bind.args ts=7259516637490103 dur=2090951 
[mono_ns=7259516639613434][T0xe78ff24a9020][TIMING] emit_host_span: [STRACE] v=1 pid=3654548 tid=3654548 inv=4 hid=c58bf58e36d5e59c depth=2 name=chip.run.bind.prebuilt ts=7259516639606584 dur=3060 
[mono_ns=7259516639618494][T0xe78ff24a9020][TIMING] emit_host_span: [STRACE] v=1 pid=3654548 tid=3654548 inv=4 hid=c58bf58e36d5e59c depth=1 name=chip.run.bind ts=7259516637476113 dur=2140021 
[mono_ns=7259516650695370][T0xe78e94eddca0][WARN] copy_aicore_buffer: [chip_swimlane_collector.cpp:689] Core 1: skipped 1024 AICore record slot(s) with start_time=0 (race-window write or recycled-buffer tail). buf seq=0 count=1024
[mono_ns=7259516650809560][T0xe78e956edca0][WARN] copy_aicore_buffer: [chip_swimlane_collector.cpp:689] Core 0: skipped 1024 AICore record slot(s) with start_time=0 (race-window write or recycled-buffer tail). buf seq=0 count=1024
[mono_ns=7259516651045280][T0xe78e946cdca0][WARN] copy_aicore_buffer: [chip_swimlane_collector.cpp:689] Core 2: skipped 1024 AICore record slot(s) with start_time=0 (race-window write or recycled-buffer tail). buf seq=0 count=1024
[mono_ns=7259516651308090][T0xe78e956edca0][WARN] copy_aicore_buffer: [chip_swimlane_collector.cpp:689] Core 24: skipped 1023 AICore record slot(s) with start_time=0 (race-window write or recycled-buffer tail). buf seq=0 count=1024
[mono_ns=7259516651336070][T0xe78e946cdca0][WARN] copy_aicore_buffer: [chip_swimlane_collector.cpp:689] Core 28: skipped 1024 AICore record slot(s) with start_time=0 (race-window write or recycled-buffer tail). buf seq=0 count=1024
[mono_ns=7259516651347830][T0xe78e94eddca0][WARN] copy_aicore_buffer: [chip_swimlane_collector.cpp:689] Core 26: skipped 1022 AICore record slot(s) with start_time=0 (race-window write or recycled-buffer tail). buf seq=0 count=1024
[mono_ns=7259516651615311][T0xe78e946cdca0][WARN] copy_aicore_buffer: [chip_swimlane_collector.cpp:689] Core 29: skipped 1024 AICore record slot(s) with start_time=0 (race-window write or recycled-buffer tail). buf seq=0 count=1024
[mono_ns=7259516651619201][T0xe78e956edca0][WARN] copy_aicore_buffer: [chip_swimlane_collector.cpp:689] Core 25: skipped 1024 AICore record slot(s) with start_time=0 (race-window write or recycled-buffer tail). buf seq=0 count=1024
[mono_ns=7259516651640541][T0xe78e94eddca0][WARN] copy_aicore_buffer: [chip_swimlane_collector.cpp:689] Core 27: skipped 1024 AICore record slot(s) with start_time=0 (race-window write or recycled-buffer tail). buf seq=0 count=1024
[mono_ns=7259516651896671][T0xe78e946cdca0][WARN] copy_aicore_buffer: [chip_swimlane_collector.cpp:689] Core 5: skipped 1024 AICore record slot(s) with start_time=0 (race-window write or recycled-buffer tail). buf seq=0 count=1024
[mono_ns=7259516651955391][T0xe78e94eddca0][WARN] copy_aicore_buffer: [chip_swimlane_collector.cpp:689] Core 4: skipped 1024 AICore record slot(s) with start_time=0 (race-window write or recycled-buffer tail). buf seq=0 count=1024
[mono_ns=7259516651995341][T0xe78e956edca0][WARN] copy_aicore_buffer: [chip_swimlane_collector.cpp:689] Core 3: skipped 1024 AICore record slot(s) with start_time=0 (race-window write or recycled-buffer tail). buf seq=0 count=1024
[mono_ns=7259516652194821][T0xe78e946cdca0][WARN] copy_aicore_buffer: [chip_swimlane_collector.cpp:689] Core 34: skipped 1024 AICore record slot(s) with start_time=0 (race-window write or recycled-buffer tail). buf seq=0 count=1024
[mono_ns=7259516652284911][T0xe78e94eddca0][WARN] copy_aicore_buffer: [chip_swimlane_collector.cpp:689] Core 32: skipped 1024 AICore record slot(s) with start_time=0 (race-window write or recycled-buffer tail). buf seq=0 count=1024
[mono_ns=7259516652334681][T0xe78e956edca0][WARN] copy_aicore_buffer: [chip_swimlane_collector.cpp:689] Core 30: skipped 1024 AICore record slot(s) with start_time=0 (race-window write or recycled-buffer tail). buf seq=0 count=1024
[mono_ns=7259516652475141][T0xe78e946cdca0][WARN] copy_aicore_buffer: [chip_swimlane_collector.cpp:689] Core 35: skipped 1024 AICore record slot(s) with start_time=0 (race-window write or recycled-buffer tail). buf seq=0 count=1024
[mono_ns=7259516652579161][T0xe78e94eddca0][WARN] copy_aicore_buffer: [chip_swimlane_collector.cpp:689] Core 33: skipped 1024 AICore record slot(s) with start_time=0 (race-window write or recycled-buffer tail). buf seq=0 count=1024
[mono_ns=7259516652646041][T0xe78e956edca0][WARN] copy_aicore_buffer: [chip_swimlane_collector.cpp:689] Core 31: skipped 1024 AICore record slot(s) with start_time=0 (race-window write or recycled-buffer tail). buf seq=0 count=1024
[mono_ns=7259516652856931][T0xe78e946cdca0][WARN] copy_aicore_buffer: [chip_swimlane_collector.cpp:689] Core 8: skipped 1024 AICore record slot(s) with start_time=0 (race-window write or recycled-buffer tail). buf seq=0 count=1024
[mono_ns=7259516652870551][T0xe78e94eddca0][WARN] copy_aicore_buffer: [chip_swimlane_collector.cpp:689] Core 7: skipped 1024 AICore record slot(s) with start_time=0 (race-window write or recycled-buffer tail). buf seq=0 count=1024
[mono_ns=7259516652957571][T0xe78e956edca0][WARN] copy_aicore_buffer: [chip_swimlane_collector.cpp:689] Core 6: skipped 1024 AICore record slot(s) with start_time=0 (race-window write or recycled-buffer tail). buf seq=0 count=1024
[mono_ns=7259516653147671][T0xe78e946cdca0][WARN] copy_aicore_buffer: [chip_swimlane_collector.cpp:689] Core 40: skipped 1024 AICore record slot(s) with start_time=0 (race-window write or recycled-buffer tail). buf seq=0 count=1024
[mono_ns=7259516653179641][T0xe78e94eddca0][WARN] copy_aicore_buffer: [chip_swimlane_collector.cpp:689] Core 38: skipped 1024 AICore record slot(s) with start_time=0 (race-window write or recycled-buffer tail). buf seq=0 count=1024
[mono_ns=7259516653278521][T0xe78e956edca0][WARN] copy_aicore_buffer: [chip_swimlane_collector.cpp:689] Core 36: skipped 1024 AICore record slot(s) with start_time=0 (race-window write or recycled-buffer tail). buf seq=0 count=1024
[mono_ns=7259516653427891][T0xe78e946cdca0][WARN] copy_aicore_buffer: [chip_swimlane_collector.cpp:689] Core 41: skipped 1024 AICore record slot(s) with start_time=0 (race-window write or recycled-buffer tail). buf seq=0 count=1024
[mono_ns=7259516653474062][T0xe78e94eddca0][WARN] copy_aicore_buffer: [chip_swimlane_collector.cpp:689] Core 39: skipped 1024 AICore record slot(s) with start_time=0 (race-window write or recycled-buffer tail). buf seq=0 count=1024
[mono_ns=7259516653643332][T0xe78e956edca0][WARN] copy_aicore_buffer: [chip_swimlane_collector.cpp:689] Core 37: skipped 1024 AICore record slot(s) with start_time=0 (race-window write or recycled-buffer tail). buf seq=0 count=1024
[mono_ns=7259516653708572][T0xe78e946cdca0][WARN] copy_aicore_buffer: [chip_swimlane_collector.cpp:689] Core 11: skipped 1024 AICore record slot(s) with start_time=0 (race-window write or recycled-buffer tail). buf seq=0 count=1024
[mono_ns=7259516653766412][T0xe78e94eddca0][WARN] copy_aicore_buffer: [chip_swimlane_collector.cpp:689] Core 10: skipped 1024 AICore record slot(s) with start_time=0 (race-window write or recycled-buffer tail). buf seq=0 count=1024
[mono_ns=7259516653954172][T0xe78e956edca0][WARN] copy_aicore_buffer: [chip_swimlane_collector.cpp:689] Core 9: skipped 1024 AICore record slot(s) with start_time=0 (race-window write or recycled-buffer tail). buf seq=0 count=1024
[mono_ns=7259516654075912][T0xe78e946cdca0][WARN] copy_aicore_buffer: [chip_swimlane_collector.cpp:689] Core 46: skipped 1024 AICore record slot(s) with start_time=0 (race-window write or recycled-buffer tail). buf seq=0 count=1024
[mono_ns=7259516654147222][T0xe78e94eddca0][WARN] copy_aicore_buffer: [chip_swimlane_collector.cpp:689] Core 44: skipped 1024 AICore record slot(s) with start_time=0 (race-window write or recycled-buffer tail). buf seq=0 count=1024
[mono_ns=7259516654407392][T0xe78e946cdca0][WARN] copy_aicore_buffer: [chip_swimlane_collector.cpp:689] Core 47: skipped 1024 AICore record slot(s) with start_time=0 (race-window write or recycled-buffer tail). buf seq=0 count=1024
[mono_ns=7259516654521262][T0xe78e94eddca0][WARN] copy_aicore_buffer: [chip_swimlane_collector.cpp:689] Core 45: skipped 1024 AICore record slot(s) with start_time=0 (race-window write or recycled-buffer tail). buf seq=0 count=1024
[mono_ns=7259516654618482][T0xe78e956edca0][WARN] copy_aicore_buffer: [chip_swimlane_collector.cpp:689] Core 42: skipped 1024 AICore record slot(s) with start_time=0 (race-window write or recycled-buffer tail). buf seq=0 count=1024
[mono_ns=7259516654711322][T0xe78e946cdca0][WARN] copy_aicore_buffer: [chip_swimlane_collector.cpp:689] Core 14: skipped 1024 AICore record slot(s) with start_time=0 (race-window write or recycled-buffer tail). buf seq=0 count=1024
[mono_ns=7259516654833422][T0xe78e94eddca0][WARN] copy_aicore_buffer: [chip_swimlane_collector.cpp:689] Core 13: skipped 1024 AICore record slot(s) with start_time=0 (race-window write or recycled-buffer tail). buf seq=0 count=1024
[mono_ns=7259516655033542][T0xe78e946cdca0][WARN] copy_aicore_buffer: [chip_swimlane_collector.cpp:689] Core 52: skipped 1024 AICore record slot(s) with start_time=0 (race-window write or recycled-buffer tail). buf seq=0 count=1024
[mono_ns=7259516655036212][T0xe78e956edca0][WARN] copy_aicore_buffer: [chip_swimlane_collector.cpp:689] Core 43: skipped 1024 AICore record slot(s) with start_time=0 (race-window write or recycled-buffer tail). buf seq=0 count=1024
[mono_ns=7259516655157922][T0xe78e94eddca0][WARN] copy_aicore_buffer: [chip_swimlane_collector.cpp:689] Core 50: skipped 1024 AICore record slot(s) with start_time=0 (race-window write or recycled-buffer tail). buf seq=0 count=1024
[mono_ns=7259516655332443][T0xe78e946cdca0][WARN] copy_aicore_buffer: [chip_swimlane_collector.cpp:689] Core 53: skipped 1024 AICore record slot(s) with start_time=0 (race-window write or recycled-buffer tail). buf seq=0 count=1024
[mono_ns=7259516655466283][T0xe78e94eddca0][WARN] copy_aicore_buffer: [chip_swimlane_collector.cpp:689] Core 51: skipped 1024 AICore record slot(s) with start_time=0 (race-window write or recycled-buffer tail). buf seq=0 count=1024
[mono_ns=7259516655535733][T0xe78e956edca0][WARN] copy_aicore_buffer: [chip_swimlane_collector.cpp:689] Core 12: skipped 1024 AICore record slot(s) with start_time=0 (race-window write or recycled-buffer tail). buf seq=0 count=1024
[mono_ns=7259516655630583][T0xe78e946cdca0][WARN] copy_aicore_buffer: [chip_swimlane_collector.cpp:689] Core 17: skipped 1024 AICore record slot(s) with start_time=0 (race-window write or recycled-buffer tail). buf seq=0 count=1024
[mono_ns=7259516655769293][T0xe78e94eddca0][WARN] copy_aicore_buffer: [chip_swimlane_collector.cpp:689] Core 16: skipped 1024 AICore record slot(s) with start_time=0 (race-window write or recycled-buffer tail). buf seq=0 count=1024
[mono_ns=7259516655904073][T0xe78e956edca0][WARN] copy_aicore_buffer: [chip_swimlane_collector.cpp:689] Core 48: skipped 1024 AICore record slot(s) with start_time=0 (race-window write or recycled-buffer tail). buf seq=0 count=1024
[mono_ns=7259516655928963][T0xe78e946cdca0][WARN] copy_aicore_buffer: [chip_swimlane_collector.cpp:689] Core 58: skipped 1024 AICore record slot(s) with start_time=0 (race-window write or recycled-buffer tail). buf seq=0 count=1024
[mono_ns=7259516656099803][T0xe78e94eddca0][WARN] copy_aicore_buffer: [chip_swimlane_collector.cpp:689] Core 56: skipped 1024 AICore record slot(s) with start_time=0 (race-window write or recycled-buffer tail). buf seq=0 count=1024
[mono_ns=7259516656290393][T0xe78e956edca0][WARN] copy_aicore_buffer: [chip_swimlane_collector.cpp:689] Core 49: skipped 1024 AICore record slot(s) with start_time=0 (race-window write or recycled-buffer tail). buf seq=0 count=1024
[mono_ns=7259516656332393][T0xe78e946cdca0][WARN] copy_aicore_buffer: [chip_swimlane_collector.cpp:689] Core 59: skipped 1024 AICore record slot(s) with start_time=0 (race-window write or recycled-buffer tail). buf seq=0 count=1024
[mono_ns=7259516656404533][T0xe78e94eddca0][WARN] copy_aicore_buffer: [chip_swimlane_collector.cpp:689] Core 57: skipped 1024 AICore record slot(s) with start_time=0 (race-window write or recycled-buffer tail). buf seq=0 count=1024
[mono_ns=7259516656629663][T0xe78e946cdca0][WARN] copy_aicore_buffer: [chip_swimlane_collector.cpp:689] Core 20: skipped 1024 AICore record slot(s) with start_time=0 (race-window write or recycled-buffer tail). buf seq=0 count=1024
[mono_ns=7259516656684453][T0xe78e956edca0][WARN] copy_aicore_buffer: [chip_swimlane_collector.cpp:689] Core 15: skipped 1024 AICore record slot(s) with start_time=0 (race-window write or recycled-buffer tail). buf seq=0 count=1024
[mono_ns=7259516656709893][T0xe78e94eddca0][WARN] copy_aicore_buffer: [chip_swimlane_collector.cpp:689] Core 19: skipped 1024 AICore record slot(s) with start_time=0 (race-window write or recycled-buffer tail). buf seq=0 count=1024
[mono_ns=7259516656927383][T0xe78e946cdca0][WARN] copy_aicore_buffer: [chip_swimlane_collector.cpp:689] Core 64: skipped 1024 AICore record slot(s) with start_time=0 (race-window write or recycled-buffer tail). buf seq=0 count=1024
[mono_ns=7259516657036353][T0xe78e94eddca0][WARN] copy_aicore_buffer: [chip_swimlane_collector.cpp:689] Core 62: skipped 1024 AICore record slot(s) with start_time=0 (race-window write or recycled-buffer tail). buf seq=0 count=1024
[mono_ns=7259516657143193][T0xe78e956edca0][WARN] copy_aicore_buffer: [chip_swimlane_collector.cpp:689] Core 54: skipped 1024 AICore record slot(s) with start_time=0 (race-window write or recycled-buffer tail). buf seq=0 count=1024
[mono_ns=7259516657263604][T0xe78e946cdca0][WARN] copy_aicore_buffer: [chip_swimlane_collector.cpp:689] Core 65: skipped 1024 AICore record slot(s) with start_time=0 (race-window write or recycled-buffer tail). buf seq=0 count=1024
[mono_ns=7259516657341574][T0xe78e94eddca0][WARN] copy_aicore_buffer: [chip_swimlane_collector.cpp:689] Core 63: skipped 1024 AICore record slot(s) with start_time=0 (race-window write or recycled-buffer tail). buf seq=0 count=1024
[mono_ns=7259516657528004][T0xe78e956edca0][WARN] copy_aicore_buffer: [chip_swimlane_collector.cpp:689] Core 55: skipped 1024 AICore record slot(s) with start_time=0 (race-window write or recycled-buffer tail). buf seq=0 count=1024
[mono_ns=7259516657562724][T0xe78e946cdca0][WARN] copy_aicore_buffer: [chip_swimlane_collector.cpp:689] Core 23: skipped 1024 AICore record slot(s) with start_time=0 (race-window write or recycled-buffer tail). buf seq=0 count=1024
[mono_ns=7259516657646414][T0xe78e94eddca0][WARN] copy_aicore_buffer: [chip_swimlane_collector.cpp:689] Core 22: skipped 1024 AICore record slot(s) with start_time=0 (race-window write or recycled-buffer tail). buf seq=0 count=1024
[mono_ns=7259516657857444][T0xe78e946cdca0][WARN] copy_aicore_buffer: [chip_swimlane_collector.cpp:689] Core 70: skipped 1024 AICore record slot(s) with start_time=0 (race-window write or recycled-buffer tail). buf seq=0 count=1024
[mono_ns=7259516657955154][T0xe78e956edca0][WARN] copy_aicore_buffer: [chip_swimlane_collector.cpp:689] Core 18: skipped 1024 AICore record slot(s) with start_time=0 (race-window write or recycled-buffer tail). buf seq=0 count=1024
[mono_ns=7259516657955984][T0xe78e94eddca0][WARN] copy_aicore_buffer: [chip_swimlane_collector.cpp:689] Core 68: skipped 1024 AICore record slot(s) with start_time=0 (race-window write or recycled-buffer tail). buf seq=0 count=1024
[mono_ns=7259516658209784][T0xe78e946cdca0][WARN] copy_aicore_buffer: [chip_swimlane_collector.cpp:689] Core 71: skipped 1024 AICore record slot(s) with start_time=0 (race-window write or recycled-buffer tail). buf seq=0 count=1024
[mono_ns=7259516658316644][T0xe78e94eddca0][WARN] copy_aicore_buffer: [chip_swimlane_collector.cpp:689] Core 69: skipped 1024 AICore record slot(s) with start_time=0 (race-window write or recycled-buffer tail). buf seq=0 count=1024
[mono_ns=7259516658374774][T0xe78e956edca0][WARN] copy_aicore_buffer: [chip_swimlane_collector.cpp:689] Core 60: skipped 1024 AICore record slot(s) with start_time=0 (race-window write or recycled-buffer tail). buf seq=0 count=1024
[mono_ns=7259516658714494][T0xe78e956edca0][WARN] copy_aicore_buffer: [chip_swimlane_collector.cpp:689] Core 61: skipped 1024 AICore record slot(s) with start_time=0 (race-window write or recycled-buffer tail). buf seq=0 count=1024
[mono_ns=7259516659063194][T0xe78e956edca0][WARN] copy_aicore_buffer: [chip_swimlane_collector.cpp:689] Core 21: skipped 1024 AICore record slot(s) with start_time=0 (race-window write or recycled-buffer tail). buf seq=0 count=1024
[mono_ns=7259516659433525][T0xe78e956edca0][WARN] copy_aicore_buffer: [chip_swimlane_collector.cpp:689] Core 66: skipped 1024 AICore record slot(s) with start_time=0 (race-window write or recycled-buffer tail). buf seq=0 count=1024
[mono_ns=7259516659768185][T0xe78e956edca0][WARN] copy_aicore_buffer: [chip_swimlane_collector.cpp:689] Core 67: skipped 1024 AICore record slot(s) with start_time=0 (race-window write or recycled-buffer tail). buf seq=0 count=1024
[mono_ns=7259516761873969][T0xe78ff24a9020][TIMING] emit_host_span: [STRACE] v=1 pid=3654548 tid=3654548 inv=4 hid=c58bf58e36d5e59c depth=1 name=chip.run.runner_run ts=7259516644500007 dur=117358712 
[mono_ns=7259516763987030][T0xe78ff24a9020][TIMING] emit_host_span: [STRACE] v=1 pid=3654548 tid=3654548 inv=4 hid=c58bf58e36d5e59c depth=1 name=chip.run.validate ts=7259516761890809 dur=2088481 
[mono_ns=7259516764037720][T0xe78ff24a9020][TIMING] emit_host_span: [STRACE] v=1 pid=3654548 tid=3654548 inv=4 hid=c58bf58e36d5e59c depth=2 name=chip.run.runner_run.device_wall ts=0 dur=5643200 clk=dev
[mono_ns=7259516764042630][T0xe78ff24a9020][TIMING] emit_host_span: [STRACE] v=1 pid=3654548 tid=3654548 inv=4 hid=c58bf58e36d5e59c depth=3 name=chip.run.runner_run.device_wall.preamble ts=0 dur=108820 clk=dev
[mono_ns=7259516764046460][T0xe78ff24a9020][TIMING] emit_host_span: [STRACE] v=1 pid=3654548 tid=3654548 inv=4 hid=c58bf58e36d5e59c depth=3 name=chip.run.runner_run.device_wall.graph_build ts=104080 dur=5527300 clk=dev
[mono_ns=7259516764049690][T0xe78ff24a9020][TIMING] emit_host_span: [STRACE] v=1 pid=3654548 tid=3654548 inv=4 hid=c58bf58e36d5e59c depth=3 name=chip.run.runner_run.device_wall.config_validate ts=104179 dur=740 clk=dev
[mono_ns=7259516764112870][T0xe78ff24a9020][TIMING] emit_host_span: [STRACE] v=1 pid=3654548 tid=3654548 inv=4 hid=c58bf58e36d5e59c depth=3 name=chip.run.runner_run.device_wall.arena_wire ts=104940 dur=320 clk=dev
[mono_ns=7259516764116610][T0xe78ff24a9020][TIMING] emit_host_span: [STRACE] v=1 pid=3654548 tid=3654548 inv=4 hid=c58bf58e36d5e59c depth=3 name=chip.run.runner_run.device_wall.sm_reset ts=105280 dur=580 clk=dev
[mono_ns=7259516764120070][T0xe78ff24a9020][TIMING] emit_host_span: [STRACE] v=1 pid=3654548 tid=3654548 inv=4 hid=c58bf58e36d5e59c depth=3 name=chip.run.runner_run.device_wall.post_orch ts=5631480 dur=11640 clk=dev
[mono_ns=7259516764123430][T0xe78ff24a9020][TIMING] emit_host_span: [STRACE] v=1 pid=3654548 tid=3654548 inv=4 hid=c58bf58e36d5e59c depth=3 name=chip.run.runner_run.device_wall.orch ts=105900 dur=3880 clk=dev
[mono_ns=7259516764126460][T0xe78ff24a9020][TIMING] emit_host_span: [STRACE] v=1 pid=3654548 tid=3654548 inv=4 hid=c58bf58e36d5e59c depth=3 name=chip.run.runner_run.device_wall.sched ts=108880 dur=5496920 clk=dev
[mono_ns=7259516764131610][T0xe78ff24a9020][TIMING] emit_host_span: [STRACE] v=1 pid=3654548 tid=3654548 inv=4 hid=c58bf58e36d5e59c depth=1 name=chip.run.claim_release ts=7259516764128980 dur=770 
[mono_ns=7259516764136370][T0xe78ff24a9020][TIMING] emit_host_span: [STRACE] v=1 pid=3654548 tid=3654548 inv=4 hid=c58bf58e36d5e59c depth=0 name=chip.run ts=7259516637402413 dur=126731897 run_id=4 dispatch_id=4 slot_id=0 generation=4 run_epoch=4
[mono_ns=7259521676759980][T0xe78ff24a9020][TIMING] emit_host_span: [STRACE] v=1 pid=3654548 tid=3654548 inv=5 hid=c58bf58e36d5e59c depth=2 name=chip.run.bind.args ts=7259521674104779 dur=2643311 
[mono_ns=7259521676785990][T0xe78ff24a9020][TIMING] emit_host_span: [STRACE] v=1 pid=3654548 tid=3654548 inv=5 hid=c58bf58e36d5e59c depth=2 name=chip.run.bind.prebuilt ts=7259521676778290 dur=4800 
[mono_ns=7259521676790910][T0xe78ff24a9020][TIMING] emit_host_span: [STRACE] v=1 pid=3654548 tid=3654548 inv=5 hid=c58bf58e36d5e59c depth=1 name=chip.run.bind ts=7259521674092849 dur=2695811 
[mono_ns=7259521785880603][T0xe78ff24a9020][TIMING] emit_host_span: [STRACE] v=1 pid=3654548 tid=3654548 inv=5 hid=c58bf58e36d5e59c depth=1 name=chip.run.runner_run ts=7259521677215121 dur=108654222 
[mono_ns=7259521787595794][T0xe78ff24a9020][TIMING] emit_host_span: [STRACE] v=1 pid=3654548 tid=3654548 inv=5 hid=c58bf58e36d5e59c depth=1 name=chip.run.validate ts=7259521785895703 dur=1693321 
[mono_ns=7259521787610964][T0xe78ff24a9020][TIMING] emit_host_span: [STRACE] v=1 pid=3654548 tid=3654548 inv=5 hid=c58bf58e36d5e59c depth=2 name=chip.run.runner_run.device_wall ts=0 dur=3620720 clk=dev
[mono_ns=7259521787615714][T0xe78ff24a9020][TIMING] emit_host_span: [STRACE] v=1 pid=3654548 tid=3654548 inv=5 hid=c58bf58e36d5e59c depth=3 name=chip.run.runner_run.device_wall.preamble ts=0 dur=6300 clk=dev
[mono_ns=7259521787620234][T0xe78ff24a9020][TIMING] emit_host_span: [STRACE] v=1 pid=3654548 tid=3654548 inv=5 hid=c58bf58e36d5e59c depth=3 name=chip.run.runner_run.device_wall.graph_build ts=1579 dur=3607759 clk=dev
[mono_ns=7259521787624524][T0xe78ff24a9020][TIMING] emit_host_span: [STRACE] v=1 pid=3654548 tid=3654548 inv=5 hid=c58bf58e36d5e59c depth=3 name=chip.run.runner_run.device_wall.config_validate ts=1680 dur=760 clk=dev
[mono_ns=7259521787722764][T0xe78ff24a9020][TIMING] emit_host_span: [STRACE] v=1 pid=3654548 tid=3654548 inv=5 hid=c58bf58e36d5e59c depth=3 name=chip.run.runner_run.device_wall.arena_wire ts=2560 dur=459 clk=dev
[mono_ns=7259521787727484][T0xe78ff24a9020][TIMING] emit_host_span: [STRACE] v=1 pid=3654548 tid=3654548 inv=5 hid=c58bf58e36d5e59c depth=3 name=chip.run.runner_run.device_wall.sm_reset ts=3100 dur=840 clk=dev
[mono_ns=7259521787731524][T0xe78ff24a9020][TIMING] emit_host_span: [STRACE] v=1 pid=3654548 tid=3654548 inv=5 hid=c58bf58e36d5e59c depth=3 name=chip.run.runner_run.device_wall.post_orch ts=3609380 dur=11080 clk=dev
[mono_ns=7259521787735054][T0xe78ff24a9020][TIMING] emit_host_span: [STRACE] v=1 pid=3654548 tid=3654548 inv=5 hid=c58bf58e36d5e59c depth=3 name=chip.run.runner_run.device_wall.orch ts=4680 dur=8660 clk=dev
[mono_ns=7259521787737904][T0xe78ff24a9020][TIMING] emit_host_span: [STRACE] v=1 pid=3654548 tid=3654548 inv=5 hid=c58bf58e36d5e59c depth=3 name=chip.run.runner_run.device_wall.sched ts=6380 dur=3595360 clk=dev
[mono_ns=7259521787744464][T0xe78ff24a9020][TIMING] emit_host_span: [STRACE] v=1 pid=3654548 tid=3654548 inv=5 hid=c58bf58e36d5e59c depth=1 name=chip.run.claim_release ts=7259521787741214 dur=1160 
[mono_ns=7259521787750604][T0xe78ff24a9020][TIMING] emit_host_span: [STRACE] v=1 pid=3654548 tid=3654548 inv=5 hid=c58bf58e36d5e59c depth=0 name=chip.run ts=7259521673823009 dur=113925495 run_id=5 dispatch_id=5 slot_id=0 generation=5 run_epoch=5
[mono_ns=7259521803747294][T0xe78ff24a9020][TIMING] emit_host_span: [STRACE] v=1 pid=3654548 tid=3654548 inv=6 hid=c58bf58e36d5e59c depth=2 name=chip.run.bind.args ts=7259521802208783 dur=1531911 
[mono_ns=7259521803764624][T0xe78ff24a9020][TIMING] emit_host_span: [STRACE] v=1 pid=3654548 tid=3654548 inv=6 hid=c58bf58e36d5e59c depth=2 name=chip.run.bind.prebuilt ts=7259521803759064 dur=3020 
[mono_ns=7259521803769454][T0xe78ff24a9020][TIMING] emit_host_span: [STRACE] v=1 pid=3654548 tid=3654548 inv=6 hid=c58bf58e36d5e59c depth=1 name=chip.run.bind ts=7259521802200623 dur=1566611 
[mono_ns=7259521812514089][T0xe78e94eddca0][WARN] copy_aicore_buffer: [chip_swimlane_collector.cpp:689] Core 1: skipped 1024 AICore record slot(s) with start_time=0 (race-window write or recycled-buffer tail). buf seq=0 count=1024
[mono_ns=7259521812521019][T0xe78e956edca0][WARN] copy_aicore_buffer: [chip_swimlane_collector.cpp:689] Core 0: skipped 1024 AICore record slot(s) with start_time=0 (race-window write or recycled-buffer tail). buf seq=0 count=1024
[mono_ns=7259521812598159][T0xe78e946cdca0][WARN] copy_aicore_buffer: [chip_swimlane_collector.cpp:689] Core 2: skipped 1024 AICore record slot(s) with start_time=0 (race-window write or recycled-buffer tail). buf seq=0 count=1024
[mono_ns=7259521812822539][T0xe78e956edca0][WARN] copy_aicore_buffer: [chip_swimlane_collector.cpp:689] Core 24: skipped 1022 AICore record slot(s) with start_time=0 (race-window write or recycled-buffer tail). buf seq=0 count=1024
[mono_ns=7259521812845709][T0xe78e94eddca0][WARN] copy_aicore_buffer: [chip_swimlane_collector.cpp:689] Core 26: skipped 1024 AICore record slot(s) with start_time=0 (race-window write or recycled-buffer tail). buf seq=0 count=1024
[mono_ns=7259521812899149][T0xe78e946cdca0][WARN] copy_aicore_buffer: [chip_swimlane_collector.cpp:689] Core 28: skipped 1023 AICore record slot(s) with start_time=0 (race-window write or recycled-buffer tail). buf seq=0 count=1024
[mono_ns=7259521813174869][T0xe78e956edca0][WARN] copy_aicore_buffer: [chip_swimlane_collector.cpp:689] Core 25: skipped 1024 AICore record slot(s) with start_time=0 (race-window write or recycled-buffer tail). buf seq=0 count=1024
[mono_ns=7259521813204819][T0xe78e946cdca0][WARN] copy_aicore_buffer: [chip_swimlane_collector.cpp:689] Core 29: skipped 1024 AICore record slot(s) with start_time=0 (race-window write or recycled-buffer tail). buf seq=0 count=1024
[mono_ns=7259521813354769][T0xe78e94eddca0][WARN] copy_aicore_buffer: [chip_swimlane_collector.cpp:689] Core 27: skipped 1024 AICore record slot(s) with start_time=0 (race-window write or recycled-buffer tail). buf seq=0 count=1024
[mono_ns=7259521813465189][T0xe78e956edca0][WARN] copy_aicore_buffer: [chip_swimlane_collector.cpp:689] Core 3: skipped 1024 AICore record slot(s) with start_time=0 (race-window write or recycled-buffer tail). buf seq=0 count=1024
[mono_ns=7259521813487059][T0xe78e946cdca0][WARN] copy_aicore_buffer: [chip_swimlane_collector.cpp:689] Core 5: skipped 1024 AICore record slot(s) with start_time=0 (race-window write or recycled-buffer tail). buf seq=0 count=1024
[mono_ns=7259521813665649][T0xe78e94eddca0][WARN] copy_aicore_buffer: [chip_swimlane_collector.cpp:689] Core 4: skipped 1024 AICore record slot(s) with start_time=0 (race-window write or recycled-buffer tail). buf seq=0 count=1024
[mono_ns=7259521813754809][T0xe78e956edca0][WARN] copy_aicore_buffer: [chip_swimlane_collector.cpp:689] Core 30: skipped 1024 AICore record slot(s) with start_time=0 (race-window write or recycled-buffer tail). buf seq=0 count=1024
[mono_ns=7259521813768009][T0xe78e946cdca0][WARN] copy_aicore_buffer: [chip_swimlane_collector.cpp:689] Core 34: skipped 1024 AICore record slot(s) with start_time=0 (race-window write or recycled-buffer tail). buf seq=0 count=1024
[mono_ns=7259521813977050][T0xe78e94eddca0][WARN] copy_aicore_buffer: [chip_swimlane_collector.cpp:689] Core 32: skipped 1024 AICore record slot(s) with start_time=0 (race-window write or recycled-buffer tail). buf seq=0 count=1024
[mono_ns=7259521814095840][T0xe78e946cdca0][WARN] copy_aicore_buffer: [chip_swimlane_collector.cpp:689] Core 35: skipped 1024 AICore record slot(s) with start_time=0 (race-window write or recycled-buffer tail). buf seq=0 count=1024
[mono_ns=7259521814141080][T0xe78e956edca0][WARN] copy_aicore_buffer: [chip_swimlane_collector.cpp:689] Core 31: skipped 1024 AICore record slot(s) with start_time=0 (race-window write or recycled-buffer tail). buf seq=0 count=1024
[mono_ns=7259521814301460][T0xe78e94eddca0][WARN] copy_aicore_buffer: [chip_swimlane_collector.cpp:689] Core 33: skipped 1024 AICore record slot(s) with start_time=0 (race-window write or recycled-buffer tail). buf seq=0 count=1024
[mono_ns=7259521814381120][T0xe78e946cdca0][WARN] copy_aicore_buffer: [chip_swimlane_collector.cpp:689] Core 8: skipped 1024 AICore record slot(s) with start_time=0 (race-window write or recycled-buffer tail). buf seq=0 count=1024
[mono_ns=7259521814432250][T0xe78e956edca0][WARN] copy_aicore_buffer: [chip_swimlane_collector.cpp:689] Core 6: skipped 1024 AICore record slot(s) with start_time=0 (race-window write or recycled-buffer tail). buf seq=0 count=1024
[mono_ns=7259521814611120][T0xe78e94eddca0][WARN] copy_aicore_buffer: [chip_swimlane_collector.cpp:689] Core 7: skipped 1024 AICore record slot(s) with start_time=0 (race-window write or recycled-buffer tail). buf seq=0 count=1024
[mono_ns=7259521814660040][T0xe78e946cdca0][WARN] copy_aicore_buffer: [chip_swimlane_collector.cpp:689] Core 40: skipped 1024 AICore record slot(s) with start_time=0 (race-window write or recycled-buffer tail). buf seq=0 count=1024
[mono_ns=7259521814726980][T0xe78e956edca0][WARN] copy_aicore_buffer: [chip_swimlane_collector.cpp:689] Core 36: skipped 1024 AICore record slot(s) with start_time=0 (race-window write or recycled-buffer tail). buf seq=0 count=1024
[mono_ns=7259521814940540][T0xe78e946cdca0][WARN] copy_aicore_buffer: [chip_swimlane_collector.cpp:689] Core 41: skipped 1024 AICore record slot(s) with start_time=0 (race-window write or recycled-buffer tail). buf seq=0 count=1024
[mono_ns=7259521814964500][T0xe78e94eddca0][WARN] copy_aicore_buffer: [chip_swimlane_collector.cpp:689] Core 38: skipped 1024 AICore record slot(s) with start_time=0 (race-window write or recycled-buffer tail). buf seq=0 count=1024
[mono_ns=7259521815028180][T0xe78e956edca0][WARN] copy_aicore_buffer: [chip_swimlane_collector.cpp:689] Core 37: skipped 1024 AICore record slot(s) with start_time=0 (race-window write or recycled-buffer tail). buf seq=0 count=1024
[mono_ns=7259521815240600][T0xe78e946cdca0][WARN] copy_aicore_buffer: [chip_swimlane_collector.cpp:689] Core 11: skipped 1024 AICore record slot(s) with start_time=0 (race-window write or recycled-buffer tail). buf seq=0 count=1024
[mono_ns=7259521815289820][T0xe78e94eddca0][WARN] copy_aicore_buffer: [chip_swimlane_collector.cpp:689] Core 39: skipped 1024 AICore record slot(s) with start_time=0 (race-window write or recycled-buffer tail). buf seq=0 count=1024
[mono_ns=7259521815316840][T0xe78e956edca0][WARN] copy_aicore_buffer: [chip_swimlane_collector.cpp:689] Core 9: skipped 1024 AICore record slot(s) with start_time=0 (race-window write or recycled-buffer tail). buf seq=0 count=1024
[mono_ns=7259521815526570][T0xe78e946cdca0][WARN] copy_aicore_buffer: [chip_swimlane_collector.cpp:689] Core 46: skipped 1024 AICore record slot(s) with start_time=0 (race-window write or recycled-buffer tail). buf seq=0 count=1024
[mono_ns=7259521815607260][T0xe78e956edca0][WARN] copy_aicore_buffer: [chip_swimlane_collector.cpp:689] Core 42: skipped 1024 AICore record slot(s) with start_time=0 (race-window write or recycled-buffer tail). buf seq=0 count=1024
[mono_ns=7259521815611280][T0xe78e94eddca0][WARN] copy_aicore_buffer: [chip_swimlane_collector.cpp:689] Core 10: skipped 1024 AICore record slot(s) with start_time=0 (race-window write or recycled-buffer tail). buf seq=0 count=1024
[mono_ns=7259521815814971][T0xe78e946cdca0][WARN] copy_aicore_buffer: [chip_swimlane_collector.cpp:689] Core 47: skipped 1024 AICore record slot(s) with start_time=0 (race-window write or recycled-buffer tail). buf seq=0 count=1024
[mono_ns=7259521815897371][T0xe78e956edca0][WARN] copy_aicore_buffer: [chip_swimlane_collector.cpp:689] Core 43: skipped 1024 AICore record slot(s) with start_time=0 (race-window write or recycled-buffer tail). buf seq=0 count=1024
[mono_ns=7259521815925561][T0xe78e94eddca0][WARN] copy_aicore_buffer: [chip_swimlane_collector.cpp:689] Core 44: skipped 1024 AICore record slot(s) with start_time=0 (race-window write or recycled-buffer tail). buf seq=0 count=1024
[mono_ns=7259521816135811][T0xe78e946cdca0][WARN] copy_aicore_buffer: [chip_swimlane_collector.cpp:689] Core 14: skipped 1024 AICore record slot(s) with start_time=0 (race-window write or recycled-buffer tail). buf seq=0 count=1024
[mono_ns=7259521816201251][T0xe78e956edca0][WARN] copy_aicore_buffer: [chip_swimlane_collector.cpp:689] Core 12: skipped 1024 AICore record slot(s) with start_time=0 (race-window write or recycled-buffer tail). buf seq=0 count=1024
[mono_ns=7259521816252081][T0xe78e94eddca0][WARN] copy_aicore_buffer: [chip_swimlane_collector.cpp:689] Core 45: skipped 1024 AICore record slot(s) with start_time=0 (race-window write or recycled-buffer tail). buf seq=0 count=1024
[mono_ns=7259521816477751][T0xe78e946cdca0][WARN] copy_aicore_buffer: [chip_swimlane_collector.cpp:689] Core 52: skipped 1024 AICore record slot(s) with start_time=0 (race-window write or recycled-buffer tail). buf seq=0 count=1024
[mono_ns=7259521816494701][T0xe78e956edca0][WARN] copy_aicore_buffer: [chip_swimlane_collector.cpp:689] Core 48: skipped 1024 AICore record slot(s) with start_time=0 (race-window write or recycled-buffer tail). buf seq=0 count=1024
[mono_ns=7259521816574021][T0xe78e94eddca0][WARN] copy_aicore_buffer: [chip_swimlane_collector.cpp:689] Core 13: skipped 1024 AICore record slot(s) with start_time=0 (race-window write or recycled-buffer tail). buf seq=0 count=1024
[mono_ns=7259521816761301][T0xe78e946cdca0][WARN] copy_aicore_buffer: [chip_swimlane_collector.cpp:689] Core 53: skipped 1024 AICore record slot(s) with start_time=0 (race-window write or recycled-buffer tail). buf seq=0 count=1024
[mono_ns=7259521816785171][T0xe78e956edca0][WARN] copy_aicore_buffer: [chip_swimlane_collector.cpp:689] Core 49: skipped 1024 AICore record slot(s) with start_time=0 (race-window write or recycled-buffer tail). buf seq=0 count=1024
[mono_ns=7259521816887401][T0xe78e94eddca0][WARN] copy_aicore_buffer: [chip_swimlane_collector.cpp:689] Core 50: skipped 1024 AICore record slot(s) with start_time=0 (race-window write or recycled-buffer tail). buf seq=0 count=1024
[mono_ns=7259521817078691][T0xe78e946cdca0][WARN] copy_aicore_buffer: [chip_swimlane_collector.cpp:689] Core 17: skipped 1024 AICore record slot(s) with start_time=0 (race-window write or recycled-buffer tail). buf seq=0 count=1024
[mono_ns=7259521817092691][T0xe78e956edca0][WARN] copy_aicore_buffer: [chip_swimlane_collector.cpp:689] Core 15: skipped 1024 AICore record slot(s) with start_time=0 (race-window write or recycled-buffer tail). buf seq=0 count=1024
[mono_ns=7259521817283191][T0xe78e94eddca0][WARN] copy_aicore_buffer: [chip_swimlane_collector.cpp:689] Core 51: skipped 1024 AICore record slot(s) with start_time=0 (race-window write or recycled-buffer tail). buf seq=0 count=1024
[mono_ns=7259521817362012][T0xe78e946cdca0][WARN] copy_aicore_buffer: [chip_swimlane_collector.cpp:689] Core 58: skipped 1024 AICore record slot(s) with start_time=0 (race-window write or recycled-buffer tail). buf seq=0 count=1024
[mono_ns=7259521817384742][T0xe78e956edca0][WARN] copy_aicore_buffer: [chip_swimlane_collector.cpp:689] Core 54: skipped 1024 AICore record slot(s) with start_time=0 (race-window write or recycled-buffer tail). buf seq=0 count=1024
[mono_ns=7259521817598542][T0xe78e94eddca0][WARN] copy_aicore_buffer: [chip_swimlane_collector.cpp:689] Core 16: skipped 1024 AICore record slot(s) with start_time=0 (race-window write or recycled-buffer tail). buf seq=0 count=1024
[mono_ns=7259521817642632][T0xe78e946cdca0][WARN] copy_aicore_buffer: [chip_swimlane_collector.cpp:689] Core 59: skipped 1024 AICore record slot(s) with start_time=0 (race-window write or recycled-buffer tail). buf seq=0 count=1024
[mono_ns=7259521817676282][T0xe78e956edca0][WARN] copy_aicore_buffer: [chip_swimlane_collector.cpp:689] Core 55: skipped 1024 AICore record slot(s) with start_time=0 (race-window write or recycled-buffer tail). buf seq=0 count=1024
[mono_ns=7259521817914062][T0xe78e94eddca0][WARN] copy_aicore_buffer: [chip_swimlane_collector.cpp:689] Core 56: skipped 1024 AICore record slot(s) with start_time=0 (race-window write or recycled-buffer tail). buf seq=0 count=1024
[mono_ns=7259521817925092][T0xe78e946cdca0][WARN] copy_aicore_buffer: [chip_swimlane_collector.cpp:689] Core 20: skipped 1024 AICore record slot(s) with start_time=0 (race-window write or recycled-buffer tail). buf seq=0 count=1024
[mono_ns=7259521818061222][T0xe78e956edca0][WARN] copy_aicore_buffer: [chip_swimlane_collector.cpp:689] Core 18: skipped 1024 AICore record slot(s) with start_time=0 (race-window write or recycled-buffer tail). buf seq=0 count=1024
[mono_ns=7259521818310482][T0xe78e946cdca0][WARN] copy_aicore_buffer: [chip_swimlane_collector.cpp:689] Core 64: skipped 1024 AICore record slot(s) with start_time=0 (race-window write or recycled-buffer tail). buf seq=0 count=1024
[mono_ns=7259521818349452][T0xe78e956edca0][WARN] copy_aicore_buffer: [chip_swimlane_collector.cpp:689] Core 60: skipped 1024 AICore record slot(s) with start_time=0 (race-window write or recycled-buffer tail). buf seq=0 count=1024
[mono_ns=7259521818454152][T0xe78e94eddca0][WARN] copy_aicore_buffer: [chip_swimlane_collector.cpp:689] Core 57: skipped 1024 AICore record slot(s) with start_time=0 (race-window write or recycled-buffer tail). buf seq=0 count=1024
[mono_ns=7259521818599482][T0xe78e946cdca0][WARN] copy_aicore_buffer: [chip_swimlane_collector.cpp:689] Core 65: skipped 1024 AICore record slot(s) with start_time=0 (race-window write or recycled-buffer tail). buf seq=0 count=1024
[mono_ns=7259521818645812][T0xe78e956edca0][WARN] copy_aicore_buffer: [chip_swimlane_collector.cpp:689] Core 61: skipped 1024 AICore record slot(s) with start_time=0 (race-window write or recycled-buffer tail). buf seq=0 count=1024
[mono_ns=7259521818818152][T0xe78e94eddca0][WARN] copy_aicore_buffer: [chip_swimlane_collector.cpp:689] Core 19: skipped 1024 AICore record slot(s) with start_time=0 (race-window write or recycled-buffer tail). buf seq=0 count=1024
[mono_ns=7259521818944932][T0xe78e946cdca0][WARN] copy_aicore_buffer: [chip_swimlane_collector.cpp:689] Core 23: skipped 1024 AICore record slot(s) with start_time=0 (race-window write or recycled-buffer tail). buf seq=0 count=1024
[mono_ns=7259521818981282][T0xe78e956edca0][WARN] copy_aicore_buffer: [chip_swimlane_collector.cpp:689] Core 21: skipped 1024 AICore record slot(s) with start_time=0 (race-window write or recycled-buffer tail). buf seq=0 count=1024
[mono_ns=7259521819161443][T0xe78e94eddca0][WARN] copy_aicore_buffer: [chip_swimlane_collector.cpp:689] Core 62: skipped 1024 AICore record slot(s) with start_time=0 (race-window write or recycled-buffer tail). buf seq=0 count=1024
[mono_ns=7259521819241843][T0xe78e946cdca0][WARN] copy_aicore_buffer: [chip_swimlane_collector.cpp:689] Core 70: skipped 1024 AICore record slot(s) with start_time=0 (race-window write or recycled-buffer tail). buf seq=0 count=1024
[mono_ns=7259521819286653][T0xe78e956edca0][WARN] copy_aicore_buffer: [chip_swimlane_collector.cpp:689] Core 66: skipped 1024 AICore record slot(s) with start_time=0 (race-window write or recycled-buffer tail). buf seq=0 count=1024
[mono_ns=7259521819478503][T0xe78e94eddca0][WARN] copy_aicore_buffer: [chip_swimlane_collector.cpp:689] Core 63: skipped 1024 AICore record slot(s) with start_time=0 (race-window write or recycled-buffer tail). buf seq=0 count=1024
[mono_ns=7259521819538183][T0xe78e946cdca0][WARN] copy_aicore_buffer: [chip_swimlane_collector.cpp:689] Core 71: skipped 1024 AICore record slot(s) with start_time=0 (race-window write or recycled-buffer tail). buf seq=0 count=1024
[mono_ns=7259521819574023][T0xe78e956edca0][WARN] copy_aicore_buffer: [chip_swimlane_collector.cpp:689] Core 67: skipped 1024 AICore record slot(s) with start_time=0 (race-window write or recycled-buffer tail). buf seq=0 count=1024
[mono_ns=7259521819871083][T0xe78e94eddca0][WARN] copy_aicore_buffer: [chip_swimlane_collector.cpp:689] Core 22: skipped 1024 AICore record slot(s) with start_time=0 (race-window write or recycled-buffer tail). buf seq=0 count=1024
[mono_ns=7259521820206053][T0xe78e94eddca0][WARN] copy_aicore_buffer: [chip_swimlane_collector.cpp:689] Core 68: skipped 1024 AICore record slot(s) with start_time=0 (race-window write or recycled-buffer tail). buf seq=0 count=1024
[mono_ns=7259521820526533][T0xe78e94eddca0][WARN] copy_aicore_buffer: [chip_swimlane_collector.cpp:689] Core 69: skipped 1024 AICore record slot(s) with start_time=0 (race-window write or recycled-buffer tail). buf seq=0 count=1024
[mono_ns=7259521924342663][T0xe78ff24a9020][TIMING] emit_host_span: [STRACE] v=1 pid=3654548 tid=3654548 inv=6 hid=c58bf58e36d5e59c depth=1 name=chip.run.runner_run ts=7259521805175574 dur=119159919 
[mono_ns=7259521925577124][T0xe78ff24a9020][TIMING] emit_host_span: [STRACE] v=1 pid=3654548 tid=3654548 inv=6 hid=c58bf58e36d5e59c depth=1 name=chip.run.validate ts=7259521924357253 dur=1214191 
[mono_ns=7259521925591724][T0xe78ff24a9020][TIMING] emit_host_span: [STRACE] v=1 pid=3654548 tid=3654548 inv=6 hid=c58bf58e36d5e59c depth=2 name=chip.run.runner_run.device_wall ts=0 dur=6608740 clk=dev
[mono_ns=7259521925700914][T0xe78ff24a9020][TIMING] emit_host_span: [STRACE] v=1 pid=3654548 tid=3654548 inv=6 hid=c58bf58e36d5e59c depth=3 name=chip.run.runner_run.device_wall.preamble ts=0 dur=109900 clk=dev
[mono_ns=7259521925705364][T0xe78ff24a9020][TIMING] emit_host_span: [STRACE] v=1 pid=3654548 tid=3654548 inv=6 hid=c58bf58e36d5e59c depth=3 name=chip.run.runner_run.device_wall.graph_build ts=105699 dur=6492020 clk=dev
[mono_ns=7259521925709714][T0xe78ff24a9020][TIMING] emit_host_span: [STRACE] v=1 pid=3654548 tid=3654548 inv=6 hid=c58bf58e36d5e59c depth=3 name=chip.run.runner_run.device_wall.config_validate ts=105800 dur=679 clk=dev
[mono_ns=7259521925713014][T0xe78ff24a9020][TIMING] emit_host_span: [STRACE] v=1 pid=3654548 tid=3654548 inv=6 hid=c58bf58e36d5e59c depth=3 name=chip.run.runner_run.device_wall.arena_wire ts=106520 dur=300 clk=dev
[mono_ns=7259521925717894][T0xe78ff24a9020][TIMING] emit_host_span: [STRACE] v=1 pid=3654548 tid=3654548 inv=6 hid=c58bf58e36d5e59c depth=3 name=chip.run.runner_run.device_wall.sm_reset ts=106860 dur=440 clk=dev
[mono_ns=7259521925721064][T0xe78ff24a9020][TIMING] emit_host_span: [STRACE] v=1 pid=3654548 tid=3654548 inv=6 hid=c58bf58e36d5e59c depth=3 name=chip.run.runner_run.device_wall.post_orch ts=6597780 dur=10840 clk=dev
[mono_ns=7259521925724994][T0xe78ff24a9020][TIMING] emit_host_span: [STRACE] v=1 pid=3654548 tid=3654548 inv=6 hid=c58bf58e36d5e59c depth=3 name=chip.run.runner_run.device_wall.orch ts=107360 dur=3580 clk=dev
[mono_ns=7259521925728264][T0xe78ff24a9020][TIMING] emit_host_span: [STRACE] v=1 pid=3654548 tid=3654548 inv=6 hid=c58bf58e36d5e59c depth=3 name=chip.run.runner_run.device_wall.sched ts=109960 dur=6463680 clk=dev
[mono_ns=7259521925788054][T0xe78ff24a9020][TIMING] emit_host_span: [STRACE] v=1 pid=3654548 tid=3654548 inv=6 hid=c58bf58e36d5e59c depth=1 name=chip.run.claim_release ts=7259521925784914 dur=780 
[mono_ns=7259521925794154][T0xe78ff24a9020][TIMING] emit_host_span: [STRACE] v=1 pid=3654548 tid=3654548 inv=6 hid=c58bf58e36d5e59c depth=0 name=chip.run ts=7259521802166393 dur=123625511 run_id=6 dispatch_id=6 slot_id=0 generation=6 run_epoch=6
[mono_ns=7259526895389734][T0xe78ff24a9020][TIMING] emit_host_span: [STRACE] v=1 pid=3654548 tid=3654548 inv=7 hid=c58bf58e36d5e59c depth=2 name=chip.run.bind.args ts=7259526893572473 dur=1806651 
[mono_ns=7259526895414894][T0xe78ff24a9020][TIMING] emit_host_span: [STRACE] v=1 pid=3654548 tid=3654548 inv=7 hid=c58bf58e36d5e59c depth=2 name=chip.run.bind.prebuilt ts=7259526895407674 dur=4610 
[mono_ns=7259526895419834][T0xe78ff24a9020][TIMING] emit_host_span: [STRACE] v=1 pid=3654548 tid=3654548 inv=7 hid=c58bf58e36d5e59c depth=1 name=chip.run.bind ts=7259526893561813 dur=1855711 
[mono_ns=7259527004308522][T0xe78ff24a9020][TIMING] emit_host_span: [STRACE] v=1 pid=3654548 tid=3654548 inv=7 hid=c58bf58e36d5e59c depth=1 name=chip.run.runner_run ts=7259526895793405 dur=108499597 
[mono_ns=7259527006142043][T0xe78ff24a9020][TIMING] emit_host_span: [STRACE] v=1 pid=3654548 tid=3654548 inv=7 hid=c58bf58e36d5e59c depth=1 name=chip.run.validate ts=7259527004325132 dur=1809911 
[mono_ns=7259527006155963][T0xe78ff24a9020][TIMING] emit_host_span: [STRACE] v=1 pid=3654548 tid=3654548 inv=7 hid=c58bf58e36d5e59c depth=2 name=chip.run.runner_run.device_wall ts=0 dur=4939560 clk=dev
[mono_ns=7259527006215403][T0xe78ff24a9020][TIMING] emit_host_span: [STRACE] v=1 pid=3654548 tid=3654548 inv=7 hid=c58bf58e36d5e59c depth=3 name=chip.run.runner_run.device_wall.preamble ts=0 dur=6300 clk=dev
[mono_ns=7259527006219563][T0xe78ff24a9020][TIMING] emit_host_span: [STRACE] v=1 pid=3654548 tid=3654548 inv=7 hid=c58bf58e36d5e59c depth=3 name=chip.run.runner_run.device_wall.graph_build ts=1180 dur=4927820 clk=dev
[mono_ns=7259527006223943][T0xe78ff24a9020][TIMING] emit_host_span: [STRACE] v=1 pid=3654548 tid=3654548 inv=7 hid=c58bf58e36d5e59c depth=3 name=chip.run.runner_run.device_wall.config_validate ts=1300 dur=799 clk=dev
[mono_ns=7259527006227233][T0xe78ff24a9020][TIMING] emit_host_span: [STRACE] v=1 pid=3654548 tid=3654548 inv=7 hid=c58bf58e36d5e59c depth=3 name=chip.run.runner_run.device_wall.arena_wire ts=2200 dur=620 clk=dev
[mono_ns=7259527006230223][T0xe78ff24a9020][TIMING] emit_host_span: [STRACE] v=1 pid=3654548 tid=3654548 inv=7 hid=c58bf58e36d5e59c depth=3 name=chip.run.runner_run.device_wall.sm_reset ts=2860 dur=1460 clk=dev
[mono_ns=7259527006233163][T0xe78ff24a9020][TIMING] emit_host_span: [STRACE] v=1 pid=3654548 tid=3654548 inv=7 hid=c58bf58e36d5e59c depth=3 name=chip.run.runner_run.device_wall.post_orch ts=4929080 dur=10299 clk=dev
[mono_ns=7259527006236153][T0xe78ff24a9020][TIMING] emit_host_span: [STRACE] v=1 pid=3654548 tid=3654548 inv=7 hid=c58bf58e36d5e59c depth=3 name=chip.run.runner_run.device_wall.orch ts=5300 dur=10180 clk=dev
[mono_ns=7259527006252453][T0xe78ff24a9020][TIMING] emit_host_span: [STRACE] v=1 pid=3654548 tid=3654548 inv=7 hid=c58bf58e36d5e59c depth=3 name=chip.run.runner_run.device_wall.sched ts=7080 dur=4913860 clk=dev
[mono_ns=7259527006257413][T0xe78ff24a9020][TIMING] emit_host_span: [STRACE] v=1 pid=3654548 tid=3654548 inv=7 hid=c58bf58e36d5e59c depth=1 name=chip.run.claim_release ts=7259527006254873 dur=790 
[mono_ns=7259527006262403][T0xe78ff24a9020][TIMING] emit_host_span: [STRACE] v=1 pid=3654548 tid=3654548 inv=7 hid=c58bf58e36d5e59c depth=0 name=chip.run ts=7259526893460633 dur=112799590 run_id=7 dispatch_id=7 slot_id=0 generation=7 run_epoch=7
[mono_ns=7259527015252139][T0xe78ff24a9020][TIMING] emit_host_span: [STRACE] v=1 pid=3654548 tid=3654548 inv=8 hid=c58bf58e36d5e59c depth=2 name=chip.run.bind.args ts=7259527013636008 dur=1609561 
[mono_ns=7259527015272329][T0xe78ff24a9020][TIMING] emit_host_span: [STRACE] v=1 pid=3654548 tid=3654548 inv=8 hid=c58bf58e36d5e59c depth=2 name=chip.run.bind.prebuilt ts=7259527015266419 dur=3070 
[mono_ns=7259527015277199][T0xe78ff24a9020][TIMING] emit_host_span: [STRACE] v=1 pid=3654548 tid=3654548 inv=8 hid=c58bf58e36d5e59c depth=1 name=chip.run.bind ts=7259527013627258 dur=1647911 
[mono_ns=7259547017450500][T0xe78e946cdca0][WARN] copy_aicore_buffer: [chip_swimlane_collector.cpp:689] Core 2: skipped 1024 AICore record slot(s) with start_time=0 (race-window write or recycled-buffer tail). buf seq=0 count=1024
[mono_ns=7259547017579630][T0xe78e94eddca0][WARN] copy_aicore_buffer: [chip_swimlane_collector.cpp:689] Core 1: skipped 1024 AICore record slot(s) with start_time=0 (race-window write or recycled-buffer tail). buf seq=0 count=1024
[mono_ns=7259547017752500][T0xe78e946cdca0][WARN] copy_aicore_buffer: [chip_swimlane_collector.cpp:689] Core 28: skipped 1023 AICore record slot(s) with start_time=0 (race-window write or recycled-buffer tail). buf seq=0 count=1024
[mono_ns=7259547017947480][T0xe78e94eddca0][WARN] copy_aicore_buffer: [chip_swimlane_collector.cpp:689] Core 26: skipped 1024 AICore record slot(s) with start_time=0 (race-window write or recycled-buffer tail). buf seq=0 count=1024
[mono_ns=7259547018043640][T0xe78e946cdca0][WARN] copy_aicore_buffer: [chip_swimlane_collector.cpp:689] Core 29: skipped 1024 AICore record slot(s) with start_time=0 (race-window write or recycled-buffer tail). buf seq=0 count=1024
[mono_ns=7259547018280281][T0xe78e94eddca0][WARN] copy_aicore_buffer: [chip_swimlane_collector.cpp:689] Core 27: skipped 1024 AICore record slot(s) with start_time=0 (race-window write or recycled-buffer tail). buf seq=0 count=1024
[mono_ns=7259547018323331][T0xe78e946cdca0][WARN] copy_aicore_buffer: [chip_swimlane_collector.cpp:689] Core 5: skipped 1024 AICore record slot(s) with start_time=0 (race-window write or recycled-buffer tail). buf seq=0 count=1024
[mono_ns=7259547018595431][T0xe78e94eddca0][WARN] copy_aicore_buffer: [chip_swimlane_collector.cpp:689] Core 4: skipped 1024 AICore record slot(s) with start_time=0 (race-window write or recycled-buffer tail). buf seq=0 count=1024
[mono_ns=7259547018602141][T0xe78e946cdca0][WARN] copy_aicore_buffer: [chip_swimlane_collector.cpp:689] Core 34: skipped 1024 AICore record slot(s) with start_time=0 (race-window write or recycled-buffer tail). buf seq=0 count=1024
[mono_ns=7259547018880311][T0xe78e946cdca0][WARN] copy_aicore_buffer: [chip_swimlane_collector.cpp:689] Core 35: skipped 1024 AICore record slot(s) with start_time=0 (race-window write or recycled-buffer tail). buf seq=0 count=1024
[mono_ns=7259547018914911][T0xe78e94eddca0][WARN] copy_aicore_buffer: [chip_swimlane_collector.cpp:689] Core 32: skipped 1024 AICore record slot(s) with start_time=0 (race-window write or recycled-buffer tail). buf seq=0 count=1024
[mono_ns=7259547019179491][T0xe78e946cdca0][WARN] copy_aicore_buffer: [chip_swimlane_collector.cpp:689] Core 8: skipped 1024 AICore record slot(s) with start_time=0 (race-window write or recycled-buffer tail). buf seq=0 count=1024
[mono_ns=7259547019240181][T0xe78e94eddca0][WARN] copy_aicore_buffer: [chip_swimlane_collector.cpp:689] Core 33: skipped 1024 AICore record slot(s) with start_time=0 (race-window write or recycled-buffer tail). buf seq=0 count=1024
[mono_ns=7259547019458531][T0xe78e946cdca0][WARN] copy_aicore_buffer: [chip_swimlane_collector.cpp:689] Core 40: skipped 1024 AICore record slot(s) with start_time=0 (race-window write or recycled-buffer tail). buf seq=0 count=1024
[mono_ns=7259547019555232][T0xe78e94eddca0][WARN] copy_aicore_buffer: [chip_swimlane_collector.cpp:689] Core 7: skipped 1024 AICore record slot(s) with start_time=0 (race-window write or recycled-buffer tail). buf seq=0 count=1024
[mono_ns=7259547019737782][T0xe78e946cdca0][WARN] copy_aicore_buffer: [chip_swimlane_collector.cpp:689] Core 41: skipped 1024 AICore record slot(s) with start_time=0 (race-window write or recycled-buffer tail). buf seq=0 count=1024
[mono_ns=7259547019899962][T0xe78e94eddca0][WARN] copy_aicore_buffer: [chip_swimlane_collector.cpp:689] Core 38: skipped 1024 AICore record slot(s) with start_time=0 (race-window write or recycled-buffer tail). buf seq=0 count=1024
[mono_ns=7259547020030242][T0xe78e946cdca0][WARN] copy_aicore_buffer: [chip_swimlane_collector.cpp:689] Core 11: skipped 1024 AICore record slot(s) with start_time=0 (race-window write or recycled-buffer tail). buf seq=0 count=1024
[mono_ns=7259547020226792][T0xe78e94eddca0][WARN] copy_aicore_buffer: [chip_swimlane_collector.cpp:689] Core 39: skipped 1024 AICore record slot(s) with start_time=0 (race-window write or recycled-buffer tail). buf seq=0 count=1024
[mono_ns=7259547020330642][T0xe78e946cdca0][WARN] copy_aicore_buffer: [chip_swimlane_collector.cpp:689] Core 46: skipped 1024 AICore record slot(s) with start_time=0 (race-window write or recycled-buffer tail). buf seq=0 count=1024
[mono_ns=7259547020542982][T0xe78e94eddca0][WARN] copy_aicore_buffer: [chip_swimlane_collector.cpp:689] Core 10: skipped 1024 AICore record slot(s) with start_time=0 (race-window write or recycled-buffer tail). buf seq=0 count=1024
[mono_ns=7259547020608562][T0xe78e946cdca0][WARN] copy_aicore_buffer: [chip_swimlane_collector.cpp:689] Core 47: skipped 1024 AICore record slot(s) with start_time=0 (race-window write or recycled-buffer tail). buf seq=0 count=1024
[mono_ns=7259547020857763][T0xe78e94eddca0][WARN] copy_aicore_buffer: [chip_swimlane_collector.cpp:689] Core 44: skipped 1024 AICore record slot(s) with start_time=0 (race-window write or recycled-buffer tail). buf seq=0 count=1024
[mono_ns=7259547020888073][T0xe78e946cdca0][WARN] copy_aicore_buffer: [chip_swimlane_collector.cpp:689] Core 14: skipped 1024 AICore record slot(s) with start_time=0 (race-window write or recycled-buffer tail). buf seq=0 count=1024
[mono_ns=7259547021172993][T0xe78e946cdca0][WARN] copy_aicore_buffer: [chip_swimlane_collector.cpp:689] Core 52: skipped 1024 AICore record slot(s) with start_time=0 (race-window write or recycled-buffer tail). buf seq=0 count=1024
[mono_ns=7259547021180933][T0xe78e94eddca0][WARN] copy_aicore_buffer: [chip_swimlane_collector.cpp:689] Core 45: skipped 1024 AICore record slot(s) with start_time=0 (race-window write or recycled-buffer tail). buf seq=0 count=1024
[mono_ns=7259547021491123][T0xe78e946cdca0][WARN] copy_aicore_buffer: [chip_swimlane_collector.cpp:689] Core 53: skipped 1024 AICore record slot(s) with start_time=0 (race-window write or recycled-buffer tail). buf seq=0 count=1024
[mono_ns=7259547021499423][T0xe78e94eddca0][WARN] copy_aicore_buffer: [chip_swimlane_collector.cpp:689] Core 13: skipped 1024 AICore record slot(s) with start_time=0 (race-window write or recycled-buffer tail). buf seq=0 count=1024
[mono_ns=7259547021768623][T0xe78e946cdca0][WARN] copy_aicore_buffer: [chip_swimlane_collector.cpp:689] Core 17: skipped 1024 AICore record slot(s) with start_time=0 (race-window write or recycled-buffer tail). buf seq=0 count=1024
[mono_ns=7259547021809063][T0xe78e94eddca0][WARN] copy_aicore_buffer: [chip_swimlane_collector.cpp:689] Core 50: skipped 1024 AICore record slot(s) with start_time=0 (race-window write or recycled-buffer tail). buf seq=0 count=1024
[mono_ns=7259547022064774][T0xe78e946cdca0][WARN] copy_aicore_buffer: [chip_swimlane_collector.cpp:689] Core 58: skipped 1024 AICore record slot(s) with start_time=0 (race-window write or recycled-buffer tail). buf seq=0 count=1024
[mono_ns=7259547022136084][T0xe78e94eddca0][WARN] copy_aicore_buffer: [chip_swimlane_collector.cpp:689] Core 51: skipped 1024 AICore record slot(s) with start_time=0 (race-window write or recycled-buffer tail). buf seq=0 count=1024
[mono_ns=7259547022343864][T0xe78e946cdca0][WARN] copy_aicore_buffer: [chip_swimlane_collector.cpp:689] Core 59: skipped 1024 AICore record slot(s) with start_time=0 (race-window write or recycled-buffer tail). buf seq=0 count=1024
[mono_ns=7259547022450414][T0xe78e94eddca0][WARN] copy_aicore_buffer: [chip_swimlane_collector.cpp:689] Core 16: skipped 1024 AICore record slot(s) with start_time=0 (race-window write or recycled-buffer tail). buf seq=0 count=1024
[mono_ns=7259547022649644][T0xe78e946cdca0][WARN] copy_aicore_buffer: [chip_swimlane_collector.cpp:689] Core 20: skipped 1024 AICore record slot(s) with start_time=0 (race-window write or recycled-buffer tail). buf seq=0 count=1024
[mono_ns=7259547022766324][T0xe78e94eddca0][WARN] copy_aicore_buffer: [chip_swimlane_collector.cpp:689] Core 56: skipped 1024 AICore record slot(s) with start_time=0 (race-window write or recycled-buffer tail). buf seq=0 count=1024
[mono_ns=7259547022926954][T0xe78e946cdca0][WARN] copy_aicore_buffer: [chip_swimlane_collector.cpp:689] Core 64: skipped 1024 AICore record slot(s) with start_time=0 (race-window write or recycled-buffer tail). buf seq=0 count=1024
[mono_ns=7259547023098364][T0xe78e94eddca0][WARN] copy_aicore_buffer: [chip_swimlane_collector.cpp:689] Core 57: skipped 1024 AICore record slot(s) with start_time=0 (race-window write or recycled-buffer tail). buf seq=0 count=1024
[mono_ns=7259547023215885][T0xe78e946cdca0][WARN] copy_aicore_buffer: [chip_swimlane_collector.cpp:689] Core 65: skipped 1024 AICore record slot(s) with start_time=0 (race-window write or recycled-buffer tail). buf seq=0 count=1024
[mono_ns=7259547023412065][T0xe78e94eddca0][WARN] copy_aicore_buffer: [chip_swimlane_collector.cpp:689] Core 19: skipped 1024 AICore record slot(s) with start_time=0 (race-window write or recycled-buffer tail). buf seq=0 count=1024
[mono_ns=7259547023494835][T0xe78e946cdca0][WARN] copy_aicore_buffer: [chip_swimlane_collector.cpp:689] Core 23: skipped 1024 AICore record slot(s) with start_time=0 (race-window write or recycled-buffer tail). buf seq=0 count=1024
[mono_ns=7259547023726225][T0xe78e94eddca0][WARN] copy_aicore_buffer: [chip_swimlane_collector.cpp:689] Core 62: skipped 1024 AICore record slot(s) with start_time=0 (race-window write or recycled-buffer tail). buf seq=0 count=1024
[mono_ns=7259547023782875][T0xe78e946cdca0][WARN] copy_aicore_buffer: [chip_swimlane_collector.cpp:689] Core 70: skipped 1024 AICore record slot(s) with start_time=0 (race-window write or recycled-buffer tail). buf seq=0 count=1024
[mono_ns=7259547024073645][T0xe78e946cdca0][WARN] copy_aicore_buffer: [chip_swimlane_collector.cpp:689] Core 71: skipped 1024 AICore record slot(s) with start_time=0 (race-window write or recycled-buffer tail). buf seq=0 count=1024
[mono_ns=7259547024074795][T0xe78e94eddca0][WARN] copy_aicore_buffer: [chip_swimlane_collector.cpp:689] Core 63: skipped 1024 AICore record slot(s) with start_time=0 (race-window write or recycled-buffer tail). buf seq=0 count=1024
[mono_ns=7259547024385955][T0xe78e94eddca0][WARN] copy_aicore_buffer: [chip_swimlane_collector.cpp:689] Core 22: skipped 1024 AICore record slot(s) with start_time=0 (race-window write or recycled-buffer tail). buf seq=0 count=1024
[mono_ns=7259547024700766][T0xe78e94eddca0][WARN] copy_aicore_buffer: [chip_swimlane_collector.cpp:689] Core 68: skipped 1024 AICore record slot(s) with start_time=0 (race-window write or recycled-buffer tail). buf seq=0 count=1024
[mono_ns=7259547025024296][T0xe78e94eddca0][WARN] copy_aicore_buffer: [chip_swimlane_collector.cpp:689] Core 69: skipped 1024 AICore record slot(s) with start_time=0 (race-window write or recycled-buffer tail). buf seq=0 count=1024
[mono_ns=7259548017678648][T0xe78e956edca0][WARN] copy_aicore_buffer: [chip_swimlane_collector.cpp:689] Core 0: skipped 1024 AICore record slot(s) with start_time=0 (race-window write or recycled-buffer tail). buf seq=0 count=1024
[mono_ns=7259548018036478][T0xe78e956edca0][WARN] copy_aicore_buffer: [chip_swimlane_collector.cpp:689] Core 24: skipped 1024 AICore record slot(s) with start_time=0 (race-window write or recycled-buffer tail). buf seq=0 count=1024
[mono_ns=7259548018352758][T0xe78e956edca0][WARN] copy_aicore_buffer: [chip_swimlane_collector.cpp:689] Core 25: skipped 1024 AICore record slot(s) with start_time=0 (race-window write or recycled-buffer tail). buf seq=0 count=1024
[mono_ns=7259548018706498][T0xe78e956edca0][WARN] copy_aicore_buffer: [chip_swimlane_collector.cpp:689] Core 3: skipped 1024 AICore record slot(s) with start_time=0 (race-window write or recycled-buffer tail). buf seq=0 count=1024
[mono_ns=7259548018998519][T0xe78e956edca0][WARN] copy_aicore_buffer: [chip_swimlane_collector.cpp:689] Core 30: skipped 1024 AICore record slot(s) with start_time=0 (race-window write or recycled-buffer tail). buf seq=0 count=1024
[mono_ns=7259548019296009][T0xe78e956edca0][WARN] copy_aicore_buffer: [chip_swimlane_collector.cpp:689] Core 31: skipped 1024 AICore record slot(s) with start_time=0 (race-window write or recycled-buffer tail). buf seq=0 count=1024
[mono_ns=7259548019573749][T0xe78e956edca0][WARN] copy_aicore_buffer: [chip_swimlane_collector.cpp:689] Core 6: skipped 1024 AICore record slot(s) with start_time=0 (race-window write or recycled-buffer tail). buf seq=0 count=1024
[mono_ns=7259548019851889][T0xe78e956edca0][WARN] copy_aicore_buffer: [chip_swimlane_collector.cpp:689] Core 36: skipped 1024 AICore record slot(s) with start_time=0 (race-window write or recycled-buffer tail). buf seq=0 count=1024
[mono_ns=7259548020174220][T0xe78e956edca0][WARN] copy_aicore_buffer: [chip_swimlane_collector.cpp:689] Core 37: skipped 1024 AICore record slot(s) with start_time=0 (race-window write or recycled-buffer tail). buf seq=0 count=1024
[mono_ns=7259548020451320][T0xe78e956edca0][WARN] copy_aicore_buffer: [chip_swimlane_collector.cpp:689] Core 9: skipped 1024 AICore record slot(s) with start_time=0 (race-window write or recycled-buffer tail). buf seq=0 count=1024
[mono_ns=7259548020728450][T0xe78e956edca0][WARN] copy_aicore_buffer: [chip_swimlane_collector.cpp:689] Core 42: skipped 1024 AICore record slot(s) with start_time=0 (race-window write or recycled-buffer tail). buf seq=0 count=1024
[mono_ns=7259548021016420][T0xe78e956edca0][WARN] copy_aicore_buffer: [chip_swimlane_collector.cpp:689] Core 43: skipped 1024 AICore record slot(s) with start_time=0 (race-window write or recycled-buffer tail). buf seq=0 count=1024
[mono_ns=7259548021294061][T0xe78e956edca0][WARN] copy_aicore_buffer: [chip_swimlane_collector.cpp:689] Core 12: skipped 1024 AICore record slot(s) with start_time=0 (race-window write or recycled-buffer tail). buf seq=0 count=1024
[mono_ns=7259548021571381][T0xe78e956edca0][WARN] copy_aicore_buffer: [chip_swimlane_collector.cpp:689] Core 48: skipped 1024 AICore record slot(s) with start_time=0 (race-window write or recycled-buffer tail). buf seq=0 count=1024
[mono_ns=7259548021849231][T0xe78e956edca0][WARN] copy_aicore_buffer: [chip_swimlane_collector.cpp:689] Core 49: skipped 1024 AICore record slot(s) with start_time=0 (race-window write or recycled-buffer tail). buf seq=0 count=1024
[mono_ns=7259548022137831][T0xe78e956edca0][WARN] copy_aicore_buffer: [chip_swimlane_collector.cpp:689] Core 15: skipped 1024 AICore record slot(s) with start_time=0 (race-window write or recycled-buffer tail). buf seq=0 count=1024
[mono_ns=7259548022442711][T0xe78e956edca0][WARN] copy_aicore_buffer: [chip_swimlane_collector.cpp:689] Core 54: skipped 1024 AICore record slot(s) with start_time=0 (race-window write or recycled-buffer tail). buf seq=0 count=1024
[mono_ns=7259548022719272][T0xe78e956edca0][WARN] copy_aicore_buffer: [chip_swimlane_collector.cpp:689] Core 55: skipped 1024 AICore record slot(s) with start_time=0 (race-window write or recycled-buffer tail). buf seq=0 count=1024
[mono_ns=7259548022995822][T0xe78e956edca0][WARN] copy_aicore_buffer: [chip_swimlane_collector.cpp:689] Core 18: skipped 1024 AICore record slot(s) with start_time=0 (race-window write or recycled-buffer tail). buf seq=0 count=1024
[mono_ns=7259548023284002][T0xe78e956edca0][WARN] copy_aicore_buffer: [chip_swimlane_collector.cpp:689] Core 60: skipped 1024 AICore record slot(s) with start_time=0 (race-window write or recycled-buffer tail). buf seq=0 count=1024
[mono_ns=7259548023561962][T0xe78e956edca0][WARN] copy_aicore_buffer: [chip_swimlane_collector.cpp:689] Core 61: skipped 1024 AICore record slot(s) with start_time=0 (race-window write or recycled-buffer tail). buf seq=0 count=1024
[mono_ns=7259548023837743][T0xe78e956edca0][WARN] copy_aicore_buffer: [chip_swimlane_collector.cpp:689] Core 21: skipped 1024 AICore record slot(s) with start_time=0 (race-window write or recycled-buffer tail). buf seq=0 count=1024
[mono_ns=7259548024119363][T0xe78e956edca0][WARN] copy_aicore_buffer: [chip_swimlane_collector.cpp:689] Core 66: skipped 1024 AICore record slot(s) with start_time=0 (race-window write or recycled-buffer tail). buf seq=0 count=1024
[mono_ns=7259548024395203][T0xe78e956edca0][WARN] copy_aicore_buffer: [chip_swimlane_collector.cpp:689] Core 67: skipped 1024 AICore record slot(s) with start_time=0 (race-window write or recycled-buffer tail). buf seq=0 count=1024
[mono_ns=7259557015143107][T0xe78e2bd8cca0][ERROR] poll_and_collect_loop: [profiler_base.h:1283] DepGen collector idle timeout after 30 seconds — staying alive until execution completes
[mono_ns=7259577138903468][T0xe78e946cdca0][ERROR] poll_and_collect_loop: [profiler_base.h:1283] ChipSwimlane collector idle timeout after 30 seconds — staying alive until execution completes
[mono_ns=7259577144108304][T0xe78e94eddca0][ERROR] poll_and_collect_loop: [profiler_base.h:1283] ChipSwimlane collector idle timeout after 30 seconds — staying alive until execution completes
[mono_ns=7259577620924920][T0xe78ff24a9020][ERROR] sync_stream_pair: [device_runner_base.cpp:1775] aclrtSynchronizeStreamWithTimeout (AICPU) failed: 507018
[mono_ns=7259577620945820][T0xe78ff24a9020][ERROR] sync_stream_pair: [device_runner_base.cpp:1776] ACL error detail: 507018 ACL_ERROR_RT_AICPU_EXCEPTION - an AICPU task raised an exception; several distinct on-device mechanisms all surface as this one generic code
[mono_ns=7259577620950100][T0xe78ff24a9020][ERROR] sync_stream_pair: [device_runner_base.cpp:1776] ACL error hint: do NOT read this as 'deadlock' or 'OOM' on its own -- it is a generic host-side code. Grep the host log for 'orch_error_code=' / 'sched_error_code=' / 'sub_class=' to get the device-classified reason, and read the device log for the detector that fired. See docs/troubleshooting/device-error-codes.md
[mono_ns=7259577621303330][T0xe78ff24a9020][ERROR] sync_stream_pair: [device_runner_base.cpp:1776] ACL recent error message: EE9999: Inner Error!
EE9999[PID: 3654548] 2026-09-10-15:50:24.970.675 (EE9999):  This device does not support cross-server communication drv devId=4 localServerId=1023err:0x702001d[FUNC:ExportToShareableHandleV2][FILE:api_impl.cc][LINE:7120]
        TraceBack (most recent call last):
       rtMemExportToShareableHandleV2 execution failed, reason=driver error:feature not support[FUNC~
[mono_ns=7259577621657421][T0xe78ff24a9020][ERROR] recover_device_or_mark_unusable: [device_runner.cpp:763] AICore error 507018: bounded device drain failed: 507014 (force reset will follow in finalize)
[mono_ns=7259577648747189][T0xe78ff24a9020][TIMING] emit_host_span: [STRACE] v=1 pid=3654548 tid=3654548 inv=8 hid=c58bf58e36d5e59c depth=1 name=chip.run.runner_run ts=7259527015731989 dur=50633008450 
[mono_ns=7259577648815540][T0xe78ff24a9020][ERROR] validate_runtime_impl: [runtime_maker.cpp:945] simpler runtime failed: orch_error_code=0 sched_error_code=100 runtime_status=-100
[mono_ns=7259577648826430][T0xe78ff24a9020][ERROR] validate_runtime_impl: [runtime_maker.cpp:945] error detail: sched_error_code=100 SCHEDULER_TIMEOUT - the scheduler saw no forward progress within its timeout; the sub_class= line below carries the device-classified reason and locators
[mono_ns=7259577648829660][T0xe78ff24a9020][ERROR] validate_runtime_impl: [runtime_maker.cpp:945] error hint: read the sub_class= line below first, then follow the S1-S5 table in the doc; raise SIMPLER_SCHEDULER_TIMEOUT_MS to tell a true deadlock apart from a merely slow kernel. See docs/troubleshooting/device-error-codes.md
[mono_ns=7259577648832530][T0xe78ff24a9020][ERROR] validate_runtime_impl: [runtime_maker.cpp:951] scheduler timeout sub_class=S1:running-stalled (detail=1) completed=1/3 running=1 ready=0 waiting=1 orch_done=1 stuck_task_id=4294967297 stuck_core=24
[mono_ns=7259577648835910][T0xe78ff24a9020][WARN] validate_runtime_impl: [runtime_maker.cpp:967] Skipping tensor copy-back because execution failed
[mono_ns=7259577648841800][T0xe78ff24a9020][TIMING] emit_host_span: [STRACE] v=1 pid=3654548 tid=3654548 inv=8 hid=c58bf58e36d5e59c depth=1 name=chip.run.validate ts=7259577648759079 dur=79461 
[mono_ns=7259577648877910][T0xe78ff24a9020][TIMING] emit_host_span: [STRACE] v=1 pid=3654548 tid=3654548 inv=8 hid=c58bf58e36d5e59c depth=1 name=chip.run.claim_release ts=7259577648874730 dur=620 
[mono_ns=7259577648883310][T0xe78ff24a9020][TIMING] emit_host_span: [STRACE] v=1 pid=3654548 tid=3654548 inv=8 hid=c58bf58e36d5e59c depth=0 name=chip.run ts=7259527013577728 dur=50635303422 run_id=8 dispatch_id=8 slot_id=0 generation=8 run_epoch=8
[mono_ns=7259578138114442][T0xe78e956edca0][ERROR] poll_and_collect_loop: [profiler_base.h:1283] ChipSwimlane collector idle timeout after 30 seconds — staying alive until execution completes
[mono_ns=7259584398560165][T0xe78ff24a9020][WARN] force_reset_device: [device_runner.cpp:923] force_reset_device: aclrtResetDeviceForce(4) established a usable device generation (probe confirmed)
[mono_ns=7259584710630625][T0xe78ff24a9020][WARN] finalize_common_impl: [device_runner_base.cpp:1426] Fatal teardown: force reset/quarantine finished; skipping per-resource RTS destroy/free calls
[mono_ns=7259584711109976][T0xe78ff24a9020][WARN] finalize_common_impl: [device_runner_base.cpp:1571] Fatal teardown: host-side ownership cleared without further device calls
[mono_ns=7259585374339073][T0xe78ff24a9020][WARN] finalize: [device_runner.cpp:1062] DeviceRunner finalized after fatal device failure
