[mono_ns=7230551877986949][T0xe00aa010b020][TIMING] emit_host_span: [STRACE] v=1 pid=322980 tid=322980 inv=1 hid=f1743919560684ef depth=2 name=chip.run.bind.args ts=7230551877868079 dur=112620 
[mono_ns=7230551878019668][T0xe00aa010b020][TIMING] emit_host_span: [STRACE] v=1 pid=322980 tid=322980 inv=1 hid=f1743919560684ef depth=2 name=chip.run.bind.prebuilt ts=7230551878013698 dur=3170 
[mono_ns=7230551878026388][T0xe00aa010b020][TIMING] emit_host_span: [STRACE] v=1 pid=322980 tid=322980 inv=1 hid=f1743919560684ef depth=1 name=chip.run.bind ts=7230551877446580 dur=577388 
[mono_ns=7230551995442537][T0xe00aa010b020][TIMING] emit_host_span: [STRACE] v=1 pid=322980 tid=322980 inv=1 hid=f1743919560684ef depth=1 name=chip.run.runner_run ts=7230551878695167 dur=116729940 
[mono_ns=7230551995601387][T0xe00aa010b020][TIMING] emit_host_span: [STRACE] v=1 pid=322980 tid=322980 inv=1 hid=f1743919560684ef depth=1 name=chip.run.validate ts=7230551995463137 dur=133340 
[mono_ns=7230551995613887][T0xe00aa010b020][TIMING] emit_host_span: [STRACE] v=1 pid=322980 tid=322980 inv=1 hid=f1743919560684ef depth=2 name=chip.run.runner_run.device_wall ts=0 dur=7362280 clk=dev
[mono_ns=7230551995618987][T0xe00aa010b020][TIMING] emit_host_span: [STRACE] v=1 pid=322980 tid=322980 inv=1 hid=f1743919560684ef depth=3 name=chip.run.runner_run.device_wall.preamble ts=0 dur=162440 clk=dev
[mono_ns=7230551995623417][T0xe00aa010b020][TIMING] emit_host_span: [STRACE] v=1 pid=322980 tid=322980 inv=1 hid=f1743919560684ef depth=3 name=chip.run.runner_run.device_wall.graph_build ts=37520 dur=7304200 clk=dev
[mono_ns=7230551995627237][T0xe00aa010b020][TIMING] emit_host_span: [STRACE] v=1 pid=322980 tid=322980 inv=1 hid=f1743919560684ef depth=3 name=chip.run.runner_run.device_wall.config_validate ts=41500 dur=3120 clk=dev
[mono_ns=7230551995633237][T0xe00aa010b020][TIMING] emit_host_span: [STRACE] v=1 pid=322980 tid=322980 inv=1 hid=f1743919560684ef depth=3 name=chip.run.runner_run.device_wall.arena_wire ts=44800 dur=11840 clk=dev
[mono_ns=7230551995637587][T0xe00aa010b020][TIMING] emit_host_span: [STRACE] v=1 pid=322980 tid=322980 inv=1 hid=f1743919560684ef depth=3 name=chip.run.runner_run.device_wall.sm_reset ts=56680 dur=17860 clk=dev
[mono_ns=7230551995641867][T0xe00aa010b020][TIMING] emit_host_span: [STRACE] v=1 pid=322980 tid=322980 inv=1 hid=f1743919560684ef depth=3 name=chip.run.runner_run.device_wall.post_orch ts=7341800 dur=17080 clk=dev
[mono_ns=7230551995646767][T0xe00aa010b020][TIMING] emit_host_span: [STRACE] v=1 pid=322980 tid=322980 inv=1 hid=f1743919560684ef depth=3 name=chip.run.runner_run.device_wall.orch ts=79100 dur=44980 clk=dev
[mono_ns=7230551995651047][T0xe00aa010b020][TIMING] emit_host_span: [STRACE] v=1 pid=322980 tid=322980 inv=1 hid=f1743919560684ef depth=3 name=chip.run.runner_run.device_wall.sched ts=164100 dur=7155940 clk=dev
[mono_ns=7230551995657337][T0xe00aa010b020][TIMING] emit_host_span: [STRACE] v=1 pid=322980 tid=322980 inv=1 hid=f1743919560684ef depth=1 name=chip.run.claim_release ts=7230551995654587 dur=940 
[mono_ns=7230551995664287][T0xe00aa010b020][TIMING] emit_host_span: [STRACE] v=1 pid=322980 tid=322980 inv=1 hid=f1743919560684ef depth=0 name=chip.run ts=7230551877416390 dur=118245867 run_id=1 dispatch_id=1 slot_id=0 generation=1 run_epoch=1
[mono_ns=7230552007573625][T0xe00aa010b020][TIMING] emit_host_span: [STRACE] v=1 pid=322980 tid=322980 inv=2 hid=f1743919560684ef depth=2 name=chip.run.bind.args ts=7230552007445165 dur=122120 
[mono_ns=7230552007592465][T0xe00aa010b020][TIMING] emit_host_span: [STRACE] v=1 pid=322980 tid=322980 inv=2 hid=f1743919560684ef depth=2 name=chip.run.bind.prebuilt ts=7230552007586445 dur=3560 
[mono_ns=7230552007597625][T0xe00aa010b020][TIMING] emit_host_span: [STRACE] v=1 pid=322980 tid=322980 inv=2 hid=f1743919560684ef depth=1 name=chip.run.bind ts=7230552007437625 dur=157700 
[mono_ns=7230552067055667][T0xe0095ca3cca0][WARN] copy_aicore_buffer: [chip_swimlane_collector.cpp:689] Core 2: skipped 1024 AICore record slot(s) with start_time=0 (race-window write or recycled-buffer tail). buf seq=0 count=1024
[mono_ns=7230552067068577][T0xe0095d24cca0][WARN] copy_aicore_buffer: [chip_swimlane_collector.cpp:689] Core 1: skipped 1024 AICore record slot(s) with start_time=0 (race-window write or recycled-buffer tail). buf seq=0 count=1024
[mono_ns=7230552067075527][T0xe0095da5cca0][WARN] copy_aicore_buffer: [chip_swimlane_collector.cpp:689] Core 0: skipped 1024 AICore record slot(s) with start_time=0 (race-window write or recycled-buffer tail). buf seq=0 count=1024
[mono_ns=7230552067387597][T0xe0095ca3cca0][WARN] copy_aicore_buffer: [chip_swimlane_collector.cpp:689] Core 28: skipped 1023 AICore record slot(s) with start_time=0 (race-window write or recycled-buffer tail). buf seq=0 count=1024
[mono_ns=7230552067400917][T0xe0095da5cca0][WARN] copy_aicore_buffer: [chip_swimlane_collector.cpp:689] Core 24: skipped 1023 AICore record slot(s) with start_time=0 (race-window write or recycled-buffer tail). buf seq=0 count=1024
[mono_ns=7230552067409917][T0xe0095d24cca0][WARN] copy_aicore_buffer: [chip_swimlane_collector.cpp:689] Core 26: skipped 1023 AICore record slot(s) with start_time=0 (race-window write or recycled-buffer tail). buf seq=0 count=1024
[mono_ns=7230552067717376][T0xe0095ca3cca0][WARN] copy_aicore_buffer: [chip_swimlane_collector.cpp:689] Core 29: skipped 1024 AICore record slot(s) with start_time=0 (race-window write or recycled-buffer tail). buf seq=0 count=1024
[mono_ns=7230552067718696][T0xe0095da5cca0][WARN] copy_aicore_buffer: [chip_swimlane_collector.cpp:689] Core 25: skipped 1024 AICore record slot(s) with start_time=0 (race-window write or recycled-buffer tail). buf seq=0 count=1024
[mono_ns=7230552067739386][T0xe0095d24cca0][WARN] copy_aicore_buffer: [chip_swimlane_collector.cpp:689] Core 27: skipped 1024 AICore record slot(s) with start_time=0 (race-window write or recycled-buffer tail). buf seq=0 count=1024
[mono_ns=7230552068101375][T0xe0095ca3cca0][WARN] copy_aicore_buffer: [chip_swimlane_collector.cpp:689] Core 5: skipped 1024 AICore record slot(s) with start_time=0 (race-window write or recycled-buffer tail). buf seq=0 count=1024
[mono_ns=7230552068119415][T0xe0095d24cca0][WARN] copy_aicore_buffer: [chip_swimlane_collector.cpp:689] Core 4: skipped 1024 AICore record slot(s) with start_time=0 (race-window write or recycled-buffer tail). buf seq=0 count=1024
[mono_ns=7230552068124125][T0xe0095da5cca0][WARN] copy_aicore_buffer: [chip_swimlane_collector.cpp:689] Core 3: skipped 1024 AICore record slot(s) with start_time=0 (race-window write or recycled-buffer tail). buf seq=0 count=1024
[mono_ns=7230552068433854][T0xe0095ca3cca0][WARN] copy_aicore_buffer: [chip_swimlane_collector.cpp:689] Core 34: skipped 1024 AICore record slot(s) with start_time=0 (race-window write or recycled-buffer tail). buf seq=0 count=1024
[mono_ns=7230552068456174][T0xe0095da5cca0][WARN] copy_aicore_buffer: [chip_swimlane_collector.cpp:689] Core 30: skipped 1024 AICore record slot(s) with start_time=0 (race-window write or recycled-buffer tail). buf seq=0 count=1024
[mono_ns=7230552068460404][T0xe0095d24cca0][WARN] copy_aicore_buffer: [chip_swimlane_collector.cpp:689] Core 32: skipped 1024 AICore record slot(s) with start_time=0 (race-window write or recycled-buffer tail). buf seq=0 count=1024
[mono_ns=7230552068758823][T0xe0095ca3cca0][WARN] copy_aicore_buffer: [chip_swimlane_collector.cpp:689] Core 35: skipped 1024 AICore record slot(s) with start_time=0 (race-window write or recycled-buffer tail). buf seq=0 count=1024
[mono_ns=7230552068784513][T0xe0095da5cca0][WARN] copy_aicore_buffer: [chip_swimlane_collector.cpp:689] Core 31: skipped 1024 AICore record slot(s) with start_time=0 (race-window write or recycled-buffer tail). buf seq=0 count=1024
[mono_ns=7230552068797373][T0xe0095d24cca0][WARN] copy_aicore_buffer: [chip_swimlane_collector.cpp:689] Core 33: skipped 1024 AICore record slot(s) with start_time=0 (race-window write or recycled-buffer tail). buf seq=0 count=1024
[mono_ns=7230552069092682][T0xe0095ca3cca0][WARN] copy_aicore_buffer: [chip_swimlane_collector.cpp:689] Core 8: skipped 1024 AICore record slot(s) with start_time=0 (race-window write or recycled-buffer tail). buf seq=0 count=1024
[mono_ns=7230552069117852][T0xe0095da5cca0][WARN] copy_aicore_buffer: [chip_swimlane_collector.cpp:689] Core 6: skipped 1024 AICore record slot(s) with start_time=0 (race-window write or recycled-buffer tail). buf seq=0 count=1024
[mono_ns=7230552069136912][T0xe0095d24cca0][WARN] copy_aicore_buffer: [chip_swimlane_collector.cpp:689] Core 7: skipped 1024 AICore record slot(s) with start_time=0 (race-window write or recycled-buffer tail). buf seq=0 count=1024
[mono_ns=7230552069416841][T0xe0095ca3cca0][WARN] copy_aicore_buffer: [chip_swimlane_collector.cpp:689] Core 40: skipped 1024 AICore record slot(s) with start_time=0 (race-window write or recycled-buffer tail). buf seq=0 count=1024
[mono_ns=7230552069434821][T0xe0095da5cca0][WARN] copy_aicore_buffer: [chip_swimlane_collector.cpp:689] Core 36: skipped 1024 AICore record slot(s) with start_time=0 (race-window write or recycled-buffer tail). buf seq=0 count=1024
[mono_ns=7230552069474261][T0xe0095d24cca0][WARN] copy_aicore_buffer: [chip_swimlane_collector.cpp:689] Core 38: skipped 1024 AICore record slot(s) with start_time=0 (race-window write or recycled-buffer tail). buf seq=0 count=1024
[mono_ns=7230552069742850][T0xe0095ca3cca0][WARN] copy_aicore_buffer: [chip_swimlane_collector.cpp:689] Core 41: skipped 1024 AICore record slot(s) with start_time=0 (race-window write or recycled-buffer tail). buf seq=0 count=1024
[mono_ns=7230552069751210][T0xe0095da5cca0][WARN] copy_aicore_buffer: [chip_swimlane_collector.cpp:689] Core 37: skipped 1024 AICore record slot(s) with start_time=0 (race-window write or recycled-buffer tail). buf seq=0 count=1024
[mono_ns=7230552069808180][T0xe0095d24cca0][WARN] copy_aicore_buffer: [chip_swimlane_collector.cpp:689] Core 39: skipped 1024 AICore record slot(s) with start_time=0 (race-window write or recycled-buffer tail). buf seq=0 count=1024
[mono_ns=7230552070077529][T0xe0095da5cca0][WARN] copy_aicore_buffer: [chip_swimlane_collector.cpp:689] Core 9: skipped 1024 AICore record slot(s) with start_time=0 (race-window write or recycled-buffer tail). buf seq=0 count=1024
[mono_ns=7230552070077569][T0xe0095ca3cca0][WARN] copy_aicore_buffer: [chip_swimlane_collector.cpp:689] Core 11: skipped 1024 AICore record slot(s) with start_time=0 (race-window write or recycled-buffer tail). buf seq=0 count=1024
[mono_ns=7230552070166359][T0xe0095d24cca0][WARN] copy_aicore_buffer: [chip_swimlane_collector.cpp:689] Core 10: skipped 1024 AICore record slot(s) with start_time=0 (race-window write or recycled-buffer tail). buf seq=0 count=1024
[mono_ns=7230552070402549][T0xe0095ca3cca0][WARN] copy_aicore_buffer: [chip_swimlane_collector.cpp:689] Core 46: skipped 1024 AICore record slot(s) with start_time=0 (race-window write or recycled-buffer tail). buf seq=0 count=1024
[mono_ns=7230552070405449][T0xe0095da5cca0][WARN] copy_aicore_buffer: [chip_swimlane_collector.cpp:689] Core 42: skipped 1024 AICore record slot(s) with start_time=0 (race-window write or recycled-buffer tail). buf seq=0 count=1024
[mono_ns=7230552070500608][T0xe0095d24cca0][WARN] copy_aicore_buffer: [chip_swimlane_collector.cpp:689] Core 44: skipped 1024 AICore record slot(s) with start_time=0 (race-window write or recycled-buffer tail). buf seq=0 count=1024
[mono_ns=7230552070725118][T0xe0095da5cca0][WARN] copy_aicore_buffer: [chip_swimlane_collector.cpp:689] Core 43: skipped 1024 AICore record slot(s) with start_time=0 (race-window write or recycled-buffer tail). buf seq=0 count=1024
[mono_ns=7230552070728928][T0xe0095ca3cca0][WARN] copy_aicore_buffer: [chip_swimlane_collector.cpp:689] Core 47: skipped 1024 AICore record slot(s) with start_time=0 (race-window write or recycled-buffer tail). buf seq=0 count=1024
[mono_ns=7230552070835547][T0xe0095d24cca0][WARN] copy_aicore_buffer: [chip_swimlane_collector.cpp:689] Core 45: skipped 1024 AICore record slot(s) with start_time=0 (race-window write or recycled-buffer tail). buf seq=0 count=1024
[mono_ns=7230552071057597][T0xe0095ca3cca0][WARN] copy_aicore_buffer: [chip_swimlane_collector.cpp:689] Core 14: skipped 1024 AICore record slot(s) with start_time=0 (race-window write or recycled-buffer tail). buf seq=0 count=1024
[mono_ns=7230552071059337][T0xe0095da5cca0][WARN] copy_aicore_buffer: [chip_swimlane_collector.cpp:689] Core 12: skipped 1024 AICore record slot(s) with start_time=0 (race-window write or recycled-buffer tail). buf seq=0 count=1024
[mono_ns=7230552071199056][T0xe0095d24cca0][WARN] copy_aicore_buffer: [chip_swimlane_collector.cpp:689] Core 13: skipped 1024 AICore record slot(s) with start_time=0 (race-window write or recycled-buffer tail). buf seq=0 count=1024
[mono_ns=7230552071385306][T0xe0095da5cca0][WARN] copy_aicore_buffer: [chip_swimlane_collector.cpp:689] Core 48: skipped 1024 AICore record slot(s) with start_time=0 (race-window write or recycled-buffer tail). buf seq=0 count=1024
[mono_ns=7230552071386726][T0xe0095ca3cca0][WARN] copy_aicore_buffer: [chip_swimlane_collector.cpp:689] Core 52: skipped 1024 AICore record slot(s) with start_time=0 (race-window write or recycled-buffer tail). buf seq=0 count=1024
[mono_ns=7230552071534806][T0xe0095d24cca0][WARN] copy_aicore_buffer: [chip_swimlane_collector.cpp:689] Core 50: skipped 1024 AICore record slot(s) with start_time=0 (race-window write or recycled-buffer tail). buf seq=0 count=1024
[mono_ns=7230552071707335][T0xe0095ca3cca0][WARN] copy_aicore_buffer: [chip_swimlane_collector.cpp:689] Core 53: skipped 1024 AICore record slot(s) with start_time=0 (race-window write or recycled-buffer tail). buf seq=0 count=1024
[mono_ns=7230552071712655][T0xe0095da5cca0][WARN] copy_aicore_buffer: [chip_swimlane_collector.cpp:689] Core 49: skipped 1024 AICore record slot(s) with start_time=0 (race-window write or recycled-buffer tail). buf seq=0 count=1024
[mono_ns=7230552071877905][T0xe0095d24cca0][WARN] copy_aicore_buffer: [chip_swimlane_collector.cpp:689] Core 51: skipped 1024 AICore record slot(s) with start_time=0 (race-window write or recycled-buffer tail). buf seq=0 count=1024
[mono_ns=7230552072045784][T0xe0095da5cca0][WARN] copy_aicore_buffer: [chip_swimlane_collector.cpp:689] Core 15: skipped 1024 AICore record slot(s) with start_time=0 (race-window write or recycled-buffer tail). buf seq=0 count=1024
[mono_ns=7230552072050534][T0xe0095ca3cca0][WARN] copy_aicore_buffer: [chip_swimlane_collector.cpp:689] Core 17: skipped 1024 AICore record slot(s) with start_time=0 (race-window write or recycled-buffer tail). buf seq=0 count=1024
[mono_ns=7230552072221794][T0xe0095d24cca0][WARN] copy_aicore_buffer: [chip_swimlane_collector.cpp:689] Core 16: skipped 1024 AICore record slot(s) with start_time=0 (race-window write or recycled-buffer tail). buf seq=0 count=1024
[mono_ns=7230552072368413][T0xe0095da5cca0][WARN] copy_aicore_buffer: [chip_swimlane_collector.cpp:689] Core 54: skipped 1024 AICore record slot(s) with start_time=0 (race-window write or recycled-buffer tail). buf seq=0 count=1024
[mono_ns=7230552072375753][T0xe0095ca3cca0][WARN] copy_aicore_buffer: [chip_swimlane_collector.cpp:689] Core 58: skipped 1024 AICore record slot(s) with start_time=0 (race-window write or recycled-buffer tail). buf seq=0 count=1024
[mono_ns=7230552072557803][T0xe0095d24cca0][WARN] copy_aicore_buffer: [chip_swimlane_collector.cpp:689] Core 56: skipped 1024 AICore record slot(s) with start_time=0 (race-window write or recycled-buffer tail). buf seq=0 count=1024
[mono_ns=7230552072689863][T0xe0095da5cca0][WARN] copy_aicore_buffer: [chip_swimlane_collector.cpp:689] Core 55: skipped 1024 AICore record slot(s) with start_time=0 (race-window write or recycled-buffer tail). buf seq=0 count=1024
[mono_ns=7230552072696912][T0xe0095ca3cca0][WARN] copy_aicore_buffer: [chip_swimlane_collector.cpp:689] Core 59: skipped 1024 AICore record slot(s) with start_time=0 (race-window write or recycled-buffer tail). buf seq=0 count=1024
[mono_ns=7230552072894652][T0xe0095d24cca0][WARN] copy_aicore_buffer: [chip_swimlane_collector.cpp:689] Core 57: skipped 1024 AICore record slot(s) with start_time=0 (race-window write or recycled-buffer tail). buf seq=0 count=1024
[mono_ns=7230552073026212][T0xe0095da5cca0][WARN] copy_aicore_buffer: [chip_swimlane_collector.cpp:689] Core 18: skipped 1024 AICore record slot(s) with start_time=0 (race-window write or recycled-buffer tail). buf seq=0 count=1024
[mono_ns=7230552073029602][T0xe0095ca3cca0][WARN] copy_aicore_buffer: [chip_swimlane_collector.cpp:689] Core 20: skipped 1024 AICore record slot(s) with start_time=0 (race-window write or recycled-buffer tail). buf seq=0 count=1024
[mono_ns=7230552073313391][T0xe0095d24cca0][WARN] copy_aicore_buffer: [chip_swimlane_collector.cpp:689] Core 19: skipped 1024 AICore record slot(s) with start_time=0 (race-window write or recycled-buffer tail). buf seq=0 count=1024
[mono_ns=7230552073353661][T0xe0095da5cca0][WARN] copy_aicore_buffer: [chip_swimlane_collector.cpp:689] Core 60: skipped 1024 AICore record slot(s) with start_time=0 (race-window write or recycled-buffer tail). buf seq=0 count=1024
[mono_ns=7230552073354311][T0xe0095ca3cca0][WARN] copy_aicore_buffer: [chip_swimlane_collector.cpp:689] Core 64: skipped 1024 AICore record slot(s) with start_time=0 (race-window write or recycled-buffer tail). buf seq=0 count=1024
[mono_ns=7230552073653590][T0xe0095d24cca0][WARN] copy_aicore_buffer: [chip_swimlane_collector.cpp:689] Core 62: skipped 1024 AICore record slot(s) with start_time=0 (race-window write or recycled-buffer tail). buf seq=0 count=1024
[mono_ns=7230552073677670][T0xe0095ca3cca0][WARN] copy_aicore_buffer: [chip_swimlane_collector.cpp:689] Core 65: skipped 1024 AICore record slot(s) with start_time=0 (race-window write or recycled-buffer tail). buf seq=0 count=1024
[mono_ns=7230552073678170][T0xe0095da5cca0][WARN] copy_aicore_buffer: [chip_swimlane_collector.cpp:689] Core 61: skipped 1024 AICore record slot(s) with start_time=0 (race-window write or recycled-buffer tail). buf seq=0 count=1024
[mono_ns=7230552073989429][T0xe0095d24cca0][WARN] copy_aicore_buffer: [chip_swimlane_collector.cpp:689] Core 63: skipped 1024 AICore record slot(s) with start_time=0 (race-window write or recycled-buffer tail). buf seq=0 count=1024
[mono_ns=7230552074010699][T0xe0095da5cca0][WARN] copy_aicore_buffer: [chip_swimlane_collector.cpp:689] Core 21: skipped 1024 AICore record slot(s) with start_time=0 (race-window write or recycled-buffer tail). buf seq=0 count=1024
[mono_ns=7230552074015359][T0xe0095ca3cca0][WARN] copy_aicore_buffer: [chip_swimlane_collector.cpp:689] Core 23: skipped 1024 AICore record slot(s) with start_time=0 (race-window write or recycled-buffer tail). buf seq=0 count=1024
[mono_ns=7230552074340248][T0xe0095da5cca0][WARN] copy_aicore_buffer: [chip_swimlane_collector.cpp:689] Core 66: skipped 1024 AICore record slot(s) with start_time=0 (race-window write or recycled-buffer tail). buf seq=0 count=1024
[mono_ns=7230552074341898][T0xe0095d24cca0][WARN] copy_aicore_buffer: [chip_swimlane_collector.cpp:689] Core 22: skipped 1024 AICore record slot(s) with start_time=0 (race-window write or recycled-buffer tail). buf seq=0 count=1024
[mono_ns=7230552074346878][T0xe0095ca3cca0][WARN] copy_aicore_buffer: [chip_swimlane_collector.cpp:689] Core 70: skipped 1024 AICore record slot(s) with start_time=0 (race-window write or recycled-buffer tail). buf seq=0 count=1024
[mono_ns=7230552074665217][T0xe0095da5cca0][WARN] copy_aicore_buffer: [chip_swimlane_collector.cpp:689] Core 67: skipped 1024 AICore record slot(s) with start_time=0 (race-window write or recycled-buffer tail). buf seq=0 count=1024
[mono_ns=7230552074681827][T0xe0095ca3cca0][WARN] copy_aicore_buffer: [chip_swimlane_collector.cpp:689] Core 71: skipped 1024 AICore record slot(s) with start_time=0 (race-window write or recycled-buffer tail). buf seq=0 count=1024
[mono_ns=7230552074684587][T0xe0095d24cca0][WARN] copy_aicore_buffer: [chip_swimlane_collector.cpp:689] Core 68: skipped 1024 AICore record slot(s) with start_time=0 (race-window write or recycled-buffer tail). buf seq=0 count=1024
[mono_ns=7230552075028716][T0xe0095d24cca0][WARN] copy_aicore_buffer: [chip_swimlane_collector.cpp:689] Core 69: skipped 1024 AICore record slot(s) with start_time=0 (race-window write or recycled-buffer tail). buf seq=0 count=1024
[mono_ns=7230552175818309][T0xe00aa010b020][TIMING] emit_host_span: [STRACE] v=1 pid=322980 tid=322980 inv=2 hid=f1743919560684ef depth=1 name=chip.run.runner_run ts=7230552061761111 dur=114046928 
[mono_ns=7230552175929869][T0xe00aa010b020][TIMING] emit_host_span: [STRACE] v=1 pid=322980 tid=322980 inv=2 hid=f1743919560684ef depth=1 name=chip.run.validate ts=7230552175840049 dur=86160 
[mono_ns=7230552175940889][T0xe00aa010b020][TIMING] emit_host_span: [STRACE] v=1 pid=322980 tid=322980 inv=2 hid=f1743919560684ef depth=2 name=chip.run.runner_run.device_wall ts=0 dur=3080279 clk=dev
[mono_ns=7230552175945839][T0xe00aa010b020][TIMING] emit_host_span: [STRACE] v=1 pid=322980 tid=322980 inv=2 hid=f1743919560684ef depth=3 name=chip.run.runner_run.device_wall.preamble ts=0 dur=136680 clk=dev
[mono_ns=7230552175951159][T0xe00aa010b020][TIMING] emit_host_span: [STRACE] v=1 pid=322980 tid=322980 inv=2 hid=f1743919560684ef depth=3 name=chip.run.runner_run.device_wall.graph_build ts=132480 dur=2937280 clk=dev
[mono_ns=7230552175954889][T0xe00aa010b020][TIMING] emit_host_span: [STRACE] v=1 pid=322980 tid=322980 inv=2 hid=f1743919560684ef depth=3 name=chip.run.runner_run.device_wall.config_validate ts=132619 dur=1140 clk=dev
[mono_ns=7230552175959329][T0xe00aa010b020][TIMING] emit_host_span: [STRACE] v=1 pid=322980 tid=322980 inv=2 hid=f1743919560684ef depth=3 name=chip.run.runner_run.device_wall.arena_wire ts=133960 dur=760 clk=dev
[mono_ns=7230552175962699][T0xe00aa010b020][TIMING] emit_host_span: [STRACE] v=1 pid=322980 tid=322980 inv=2 hid=f1743919560684ef depth=3 name=chip.run.runner_run.device_wall.sm_reset ts=134960 dur=840 clk=dev
[mono_ns=7230552175967039][T0xe00aa010b020][TIMING] emit_host_span: [STRACE] v=1 pid=322980 tid=322980 inv=2 hid=f1743919560684ef depth=3 name=chip.run.runner_run.device_wall.post_orch ts=3069820 dur=10160 clk=dev
[mono_ns=7230552175970259][T0xe00aa010b020][TIMING] emit_host_span: [STRACE] v=1 pid=322980 tid=322980 inv=2 hid=f1743919560684ef depth=3 name=chip.run.runner_run.device_wall.orch ts=135880 dur=6080 clk=dev
[mono_ns=7230552175974459][T0xe00aa010b020][TIMING] emit_host_span: [STRACE] v=1 pid=322980 tid=322980 inv=2 hid=f1743919560684ef depth=3 name=chip.run.runner_run.device_wall.sched ts=137040 dur=2906100 clk=dev
[mono_ns=7230552175979979][T0xe00aa010b020][TIMING] emit_host_span: [STRACE] v=1 pid=322980 tid=322980 inv=2 hid=f1743919560684ef depth=1 name=chip.run.claim_release ts=7230552175976749 dur=1410 
[mono_ns=7230552175986059][T0xe00aa010b020][TIMING] emit_host_span: [STRACE] v=1 pid=322980 tid=322980 inv=2 hid=f1743919560684ef depth=0 name=chip.run ts=7230552007403316 dur=168580533 run_id=2 dispatch_id=2 slot_id=0 generation=2 run_epoch=2
[mono_ns=7230556972383506][T0xe00aa010b020][TIMING] emit_host_span: [STRACE] v=1 pid=322980 tid=322980 inv=3 hid=f1743919560684ef depth=2 name=chip.run.bind.args ts=7230556972183367 dur=184469 
[mono_ns=7230556972465736][T0xe00aa010b020][TIMING] emit_host_span: [STRACE] v=1 pid=322980 tid=322980 inv=3 hid=f1743919560684ef depth=2 name=chip.run.bind.prebuilt ts=7230556972419326 dur=43480 
[mono_ns=7230556972471006][T0xe00aa010b020][TIMING] emit_host_span: [STRACE] v=1 pid=322980 tid=322980 inv=3 hid=f1743919560684ef depth=1 name=chip.run.bind ts=7230556972165017 dur=303359 
[mono_ns=7230557112998363][T0xe00aa010b020][TIMING] emit_host_span: [STRACE] v=1 pid=322980 tid=322980 inv=3 hid=f1743919560684ef depth=1 name=chip.run.runner_run ts=7230556973272594 dur=139714339 
[mono_ns=7230557113115733][T0xe00aa010b020][TIMING] emit_host_span: [STRACE] v=1 pid=322980 tid=322980 inv=3 hid=f1743919560684ef depth=1 name=chip.run.validate ts=7230557113024363 dur=87180 
[mono_ns=7230557113127563][T0xe00aa010b020][TIMING] emit_host_span: [STRACE] v=1 pid=322980 tid=322980 inv=3 hid=f1743919560684ef depth=2 name=chip.run.runner_run.device_wall ts=0 dur=5235400 clk=dev
[mono_ns=7230557113132073][T0xe00aa010b020][TIMING] emit_host_span: [STRACE] v=1 pid=322980 tid=322980 inv=3 hid=f1743919560684ef depth=3 name=chip.run.runner_run.device_wall.preamble ts=0 dur=6300 clk=dev
[mono_ns=7230557113135843][T0xe00aa010b020][TIMING] emit_host_span: [STRACE] v=1 pid=322980 tid=322980 inv=3 hid=f1743919560684ef depth=3 name=chip.run.runner_run.device_wall.graph_build ts=1180 dur=5223820 clk=dev
[mono_ns=7230557113139093][T0xe00aa010b020][TIMING] emit_host_span: [STRACE] v=1 pid=322980 tid=322980 inv=3 hid=f1743919560684ef depth=3 name=chip.run.runner_run.device_wall.config_validate ts=1280 dur=1020 clk=dev
[mono_ns=7230557113142193][T0xe00aa010b020][TIMING] emit_host_span: [STRACE] v=1 pid=322980 tid=322980 inv=3 hid=f1743919560684ef depth=3 name=chip.run.runner_run.device_wall.arena_wire ts=2340 dur=1120 clk=dev
[mono_ns=7230557113145133][T0xe00aa010b020][TIMING] emit_host_span: [STRACE] v=1 pid=322980 tid=322980 inv=3 hid=f1743919560684ef depth=3 name=chip.run.runner_run.device_wall.sm_reset ts=3660 dur=1280 clk=dev
[mono_ns=7230557113162833][T0xe00aa010b020][TIMING] emit_host_span: [STRACE] v=1 pid=322980 tid=322980 inv=3 hid=f1743919560684ef depth=3 name=chip.run.runner_run.device_wall.post_orch ts=5225060 dur=10000 clk=dev
[mono_ns=7230557113166633][T0xe00aa010b020][TIMING] emit_host_span: [STRACE] v=1 pid=322980 tid=322980 inv=3 hid=f1743919560684ef depth=3 name=chip.run.runner_run.device_wall.orch ts=6040 dur=12979 clk=dev
[mono_ns=7230557113169593][T0xe00aa010b020][TIMING] emit_host_span: [STRACE] v=1 pid=322980 tid=322980 inv=3 hid=f1743919560684ef depth=3 name=chip.run.runner_run.device_wall.sched ts=6700 dur=5210600 clk=dev
[mono_ns=7230557113175043][T0xe00aa010b020][TIMING] emit_host_span: [STRACE] v=1 pid=322980 tid=322980 inv=3 hid=f1743919560684ef depth=1 name=chip.run.claim_release ts=7230557113172133 dur=1050 
[mono_ns=7230557113180113][T0xe00aa010b020][TIMING] emit_host_span: [STRACE] v=1 pid=322980 tid=322980 inv=3 hid=f1743919560684ef depth=0 name=chip.run ts=7230556971646278 dur=141531795 run_id=3 dispatch_id=3 slot_id=0 generation=3 run_epoch=3
[mono_ns=7230557137108351][T0xe00aa010b020][TIMING] emit_host_span: [STRACE] v=1 pid=322980 tid=322980 inv=4 hid=f1743919560684ef depth=2 name=chip.run.bind.args ts=7230557136992271 dur=111350 
[mono_ns=7230557137125701][T0xe00aa010b020][TIMING] emit_host_span: [STRACE] v=1 pid=322980 tid=322980 inv=4 hid=f1743919560684ef depth=2 name=chip.run.bind.prebuilt ts=7230557137118191 dur=4400 
[mono_ns=7230557137159521][T0xe00aa010b020][TIMING] emit_host_span: [STRACE] v=1 pid=322980 tid=322980 inv=4 hid=f1743919560684ef depth=1 name=chip.run.bind ts=7230557136981511 dur=174910 
[mono_ns=7230557140032863][T0xe0095d24cca0][WARN] copy_aicore_buffer: [chip_swimlane_collector.cpp:689] Core 1: skipped 1024 AICore record slot(s) with start_time=0 (race-window write or recycled-buffer tail). buf seq=0 count=1024
[mono_ns=7230557140038313][T0xe0095ca3cca0][WARN] copy_aicore_buffer: [chip_swimlane_collector.cpp:689] Core 2: skipped 1024 AICore record slot(s) with start_time=0 (race-window write or recycled-buffer tail). buf seq=0 count=1024
[mono_ns=7230557140038103][T0xe0095da5cca0][WARN] copy_aicore_buffer: [chip_swimlane_collector.cpp:689] Core 0: skipped 1024 AICore record slot(s) with start_time=0 (race-window write or recycled-buffer tail). buf seq=0 count=1024
[mono_ns=7230557140363993][T0xe0095da5cca0][WARN] copy_aicore_buffer: [chip_swimlane_collector.cpp:689] Core 24: skipped 1024 AICore record slot(s) with start_time=0 (race-window write or recycled-buffer tail). buf seq=0 count=1024
[mono_ns=7230557140382253][T0xe0095d24cca0][WARN] copy_aicore_buffer: [chip_swimlane_collector.cpp:689] Core 26: skipped 1022 AICore record slot(s) with start_time=0 (race-window write or recycled-buffer tail). buf seq=0 count=1024
[mono_ns=7230557140413542][T0xe0095ca3cca0][WARN] copy_aicore_buffer: [chip_swimlane_collector.cpp:689] Core 28: skipped 1023 AICore record slot(s) with start_time=0 (race-window write or recycled-buffer tail). buf seq=0 count=1024
[mono_ns=7230557140680922][T0xe0095da5cca0][WARN] copy_aicore_buffer: [chip_swimlane_collector.cpp:689] Core 25: skipped 1024 AICore record slot(s) with start_time=0 (race-window write or recycled-buffer tail). buf seq=0 count=1024
[mono_ns=7230557140706312][T0xe0095d24cca0][WARN] copy_aicore_buffer: [chip_swimlane_collector.cpp:689] Core 27: skipped 1024 AICore record slot(s) with start_time=0 (race-window write or recycled-buffer tail). buf seq=0 count=1024
[mono_ns=7230557140732322][T0xe0095ca3cca0][WARN] copy_aicore_buffer: [chip_swimlane_collector.cpp:689] Core 29: skipped 1024 AICore record slot(s) with start_time=0 (race-window write or recycled-buffer tail). buf seq=0 count=1024
[mono_ns=7230557141037051][T0xe0095da5cca0][WARN] copy_aicore_buffer: [chip_swimlane_collector.cpp:689] Core 3: skipped 1024 AICore record slot(s) with start_time=0 (race-window write or recycled-buffer tail). buf seq=0 count=1024
[mono_ns=7230557141042161][T0xe0095d24cca0][WARN] copy_aicore_buffer: [chip_swimlane_collector.cpp:689] Core 4: skipped 1024 AICore record slot(s) with start_time=0 (race-window write or recycled-buffer tail). buf seq=0 count=1024
[mono_ns=7230557141052911][T0xe0095ca3cca0][WARN] copy_aicore_buffer: [chip_swimlane_collector.cpp:689] Core 5: skipped 1024 AICore record slot(s) with start_time=0 (race-window write or recycled-buffer tail). buf seq=0 count=1024
[mono_ns=7230557141353420][T0xe0095da5cca0][WARN] copy_aicore_buffer: [chip_swimlane_collector.cpp:689] Core 30: skipped 1024 AICore record slot(s) with start_time=0 (race-window write or recycled-buffer tail). buf seq=0 count=1024
[mono_ns=7230557141365490][T0xe0095ca3cca0][WARN] copy_aicore_buffer: [chip_swimlane_collector.cpp:689] Core 34: skipped 1024 AICore record slot(s) with start_time=0 (race-window write or recycled-buffer tail). buf seq=0 count=1024
[mono_ns=7230557141365730][T0xe0095d24cca0][WARN] copy_aicore_buffer: [chip_swimlane_collector.cpp:689] Core 32: skipped 1024 AICore record slot(s) with start_time=0 (race-window write or recycled-buffer tail). buf seq=0 count=1024
[mono_ns=7230557141666949][T0xe0095da5cca0][WARN] copy_aicore_buffer: [chip_swimlane_collector.cpp:689] Core 31: skipped 1024 AICore record slot(s) with start_time=0 (race-window write or recycled-buffer tail). buf seq=0 count=1024
[mono_ns=7230557141678129][T0xe0095ca3cca0][WARN] copy_aicore_buffer: [chip_swimlane_collector.cpp:689] Core 35: skipped 1024 AICore record slot(s) with start_time=0 (race-window write or recycled-buffer tail). buf seq=0 count=1024
[mono_ns=7230557141720559][T0xe0095d24cca0][WARN] copy_aicore_buffer: [chip_swimlane_collector.cpp:689] Core 33: skipped 1024 AICore record slot(s) with start_time=0 (race-window write or recycled-buffer tail). buf seq=0 count=1024
[mono_ns=7230557141982368][T0xe0095da5cca0][WARN] copy_aicore_buffer: [chip_swimlane_collector.cpp:689] Core 6: skipped 1024 AICore record slot(s) with start_time=0 (race-window write or recycled-buffer tail). buf seq=0 count=1024
[mono_ns=7230557141990528][T0xe0095ca3cca0][WARN] copy_aicore_buffer: [chip_swimlane_collector.cpp:689] Core 8: skipped 1024 AICore record slot(s) with start_time=0 (race-window write or recycled-buffer tail). buf seq=0 count=1024
[mono_ns=7230557142058498][T0xe0095d24cca0][WARN] copy_aicore_buffer: [chip_swimlane_collector.cpp:689] Core 7: skipped 1024 AICore record slot(s) with start_time=0 (race-window write or recycled-buffer tail). buf seq=0 count=1024
[mono_ns=7230557142311468][T0xe0095da5cca0][WARN] copy_aicore_buffer: [chip_swimlane_collector.cpp:689] Core 36: skipped 1024 AICore record slot(s) with start_time=0 (race-window write or recycled-buffer tail). buf seq=0 count=1024
[mono_ns=7230557142317708][T0xe0095ca3cca0][WARN] copy_aicore_buffer: [chip_swimlane_collector.cpp:689] Core 40: skipped 1024 AICore record slot(s) with start_time=0 (race-window write or recycled-buffer tail). buf seq=0 count=1024
[mono_ns=7230557142384187][T0xe0095d24cca0][WARN] copy_aicore_buffer: [chip_swimlane_collector.cpp:689] Core 38: skipped 1024 AICore record slot(s) with start_time=0 (race-window write or recycled-buffer tail). buf seq=0 count=1024
[mono_ns=7230557142628637][T0xe0095da5cca0][WARN] copy_aicore_buffer: [chip_swimlane_collector.cpp:689] Core 37: skipped 1024 AICore record slot(s) with start_time=0 (race-window write or recycled-buffer tail). buf seq=0 count=1024
[mono_ns=7230557142660597][T0xe0095ca3cca0][WARN] copy_aicore_buffer: [chip_swimlane_collector.cpp:689] Core 41: skipped 1024 AICore record slot(s) with start_time=0 (race-window write or recycled-buffer tail). buf seq=0 count=1024
[mono_ns=7230557142708507][T0xe0095d24cca0][WARN] copy_aicore_buffer: [chip_swimlane_collector.cpp:689] Core 39: skipped 1024 AICore record slot(s) with start_time=0 (race-window write or recycled-buffer tail). buf seq=0 count=1024
[mono_ns=7230557142942796][T0xe0095da5cca0][WARN] copy_aicore_buffer: [chip_swimlane_collector.cpp:689] Core 9: skipped 1024 AICore record slot(s) with start_time=0 (race-window write or recycled-buffer tail). buf seq=0 count=1024
[mono_ns=7230557142976686][T0xe0095ca3cca0][WARN] copy_aicore_buffer: [chip_swimlane_collector.cpp:689] Core 11: skipped 1024 AICore record slot(s) with start_time=0 (race-window write or recycled-buffer tail). buf seq=0 count=1024
[mono_ns=7230557143041066][T0xe0095d24cca0][WARN] copy_aicore_buffer: [chip_swimlane_collector.cpp:689] Core 10: skipped 1024 AICore record slot(s) with start_time=0 (race-window write or recycled-buffer tail). buf seq=0 count=1024
[mono_ns=7230557143263615][T0xe0095da5cca0][WARN] copy_aicore_buffer: [chip_swimlane_collector.cpp:689] Core 42: skipped 1024 AICore record slot(s) with start_time=0 (race-window write or recycled-buffer tail). buf seq=0 count=1024
[mono_ns=7230557143318595][T0xe0095ca3cca0][WARN] copy_aicore_buffer: [chip_swimlane_collector.cpp:689] Core 46: skipped 1024 AICore record slot(s) with start_time=0 (race-window write or recycled-buffer tail). buf seq=0 count=1024
[mono_ns=7230557143394355][T0xe0095d24cca0][WARN] copy_aicore_buffer: [chip_swimlane_collector.cpp:689] Core 44: skipped 1024 AICore record slot(s) with start_time=0 (race-window write or recycled-buffer tail). buf seq=0 count=1024
[mono_ns=7230557143580154][T0xe0095da5cca0][WARN] copy_aicore_buffer: [chip_swimlane_collector.cpp:689] Core 43: skipped 1024 AICore record slot(s) with start_time=0 (race-window write or recycled-buffer tail). buf seq=0 count=1024
[mono_ns=7230557143685774][T0xe0095ca3cca0][WARN] copy_aicore_buffer: [chip_swimlane_collector.cpp:689] Core 47: skipped 1024 AICore record slot(s) with start_time=0 (race-window write or recycled-buffer tail). buf seq=0 count=1024
[mono_ns=7230557143736114][T0xe0095d24cca0][WARN] copy_aicore_buffer: [chip_swimlane_collector.cpp:689] Core 45: skipped 1024 AICore record slot(s) with start_time=0 (race-window write or recycled-buffer tail). buf seq=0 count=1024
[mono_ns=7230557143919733][T0xe0095da5cca0][WARN] copy_aicore_buffer: [chip_swimlane_collector.cpp:689] Core 12: skipped 1024 AICore record slot(s) with start_time=0 (race-window write or recycled-buffer tail). buf seq=0 count=1024
[mono_ns=7230557144020483][T0xe0095ca3cca0][WARN] copy_aicore_buffer: [chip_swimlane_collector.cpp:689] Core 14: skipped 1024 AICore record slot(s) with start_time=0 (race-window write or recycled-buffer tail). buf seq=0 count=1024
[mono_ns=7230557144097343][T0xe0095d24cca0][WARN] copy_aicore_buffer: [chip_swimlane_collector.cpp:689] Core 13: skipped 1024 AICore record slot(s) with start_time=0 (race-window write or recycled-buffer tail). buf seq=0 count=1024
[mono_ns=7230557144269132][T0xe0095da5cca0][WARN] copy_aicore_buffer: [chip_swimlane_collector.cpp:689] Core 48: skipped 1024 AICore record slot(s) with start_time=0 (race-window write or recycled-buffer tail). buf seq=0 count=1024
[mono_ns=7230557144370762][T0xe0095ca3cca0][WARN] copy_aicore_buffer: [chip_swimlane_collector.cpp:689] Core 52: skipped 1024 AICore record slot(s) with start_time=0 (race-window write or recycled-buffer tail). buf seq=0 count=1024
[mono_ns=7230557144435012][T0xe0095d24cca0][WARN] copy_aicore_buffer: [chip_swimlane_collector.cpp:689] Core 50: skipped 1024 AICore record slot(s) with start_time=0 (race-window write or recycled-buffer tail). buf seq=0 count=1024
[mono_ns=7230557144592612][T0xe0095da5cca0][WARN] copy_aicore_buffer: [chip_swimlane_collector.cpp:689] Core 49: skipped 1024 AICore record slot(s) with start_time=0 (race-window write or recycled-buffer tail). buf seq=0 count=1024
[mono_ns=7230557144695291][T0xe0095ca3cca0][WARN] copy_aicore_buffer: [chip_swimlane_collector.cpp:689] Core 53: skipped 1024 AICore record slot(s) with start_time=0 (race-window write or recycled-buffer tail). buf seq=0 count=1024
[mono_ns=7230557144768811][T0xe0095d24cca0][WARN] copy_aicore_buffer: [chip_swimlane_collector.cpp:689] Core 51: skipped 1024 AICore record slot(s) with start_time=0 (race-window write or recycled-buffer tail). buf seq=0 count=1024
[mono_ns=7230557144916901][T0xe0095da5cca0][WARN] copy_aicore_buffer: [chip_swimlane_collector.cpp:689] Core 15: skipped 1024 AICore record slot(s) with start_time=0 (race-window write or recycled-buffer tail). buf seq=0 count=1024
[mono_ns=7230557145033681][T0xe0095ca3cca0][WARN] copy_aicore_buffer: [chip_swimlane_collector.cpp:689] Core 17: skipped 1024 AICore record slot(s) with start_time=0 (race-window write or recycled-buffer tail). buf seq=0 count=1024
[mono_ns=7230557145117200][T0xe0095d24cca0][WARN] copy_aicore_buffer: [chip_swimlane_collector.cpp:689] Core 16: skipped 1024 AICore record slot(s) with start_time=0 (race-window write or recycled-buffer tail). buf seq=0 count=1024
[mono_ns=7230557145247020][T0xe0095da5cca0][WARN] copy_aicore_buffer: [chip_swimlane_collector.cpp:689] Core 54: skipped 1024 AICore record slot(s) with start_time=0 (race-window write or recycled-buffer tail). buf seq=0 count=1024
[mono_ns=7230557145359180][T0xe0095ca3cca0][WARN] copy_aicore_buffer: [chip_swimlane_collector.cpp:689] Core 58: skipped 1024 AICore record slot(s) with start_time=0 (race-window write or recycled-buffer tail). buf seq=0 count=1024
[mono_ns=7230557145451959][T0xe0095d24cca0][WARN] copy_aicore_buffer: [chip_swimlane_collector.cpp:689] Core 56: skipped 1024 AICore record slot(s) with start_time=0 (race-window write or recycled-buffer tail). buf seq=0 count=1024
[mono_ns=7230557145569169][T0xe0095da5cca0][WARN] copy_aicore_buffer: [chip_swimlane_collector.cpp:689] Core 55: skipped 1024 AICore record slot(s) with start_time=0 (race-window write or recycled-buffer tail). buf seq=0 count=1024
[mono_ns=7230557145682599][T0xe0095ca3cca0][WARN] copy_aicore_buffer: [chip_swimlane_collector.cpp:689] Core 59: skipped 1024 AICore record slot(s) with start_time=0 (race-window write or recycled-buffer tail). buf seq=0 count=1024
[mono_ns=7230557145786359][T0xe0095d24cca0][WARN] copy_aicore_buffer: [chip_swimlane_collector.cpp:689] Core 57: skipped 1024 AICore record slot(s) with start_time=0 (race-window write or recycled-buffer tail). buf seq=0 count=1024
[mono_ns=7230557145892418][T0xe0095da5cca0][WARN] copy_aicore_buffer: [chip_swimlane_collector.cpp:689] Core 18: skipped 1024 AICore record slot(s) with start_time=0 (race-window write or recycled-buffer tail). buf seq=0 count=1024
[mono_ns=7230557146019358][T0xe0095ca3cca0][WARN] copy_aicore_buffer: [chip_swimlane_collector.cpp:689] Core 20: skipped 1024 AICore record slot(s) with start_time=0 (race-window write or recycled-buffer tail). buf seq=0 count=1024
[mono_ns=7230557146131608][T0xe0095d24cca0][WARN] copy_aicore_buffer: [chip_swimlane_collector.cpp:689] Core 19: skipped 1024 AICore record slot(s) with start_time=0 (race-window write or recycled-buffer tail). buf seq=0 count=1024
[mono_ns=7230557146226867][T0xe0095da5cca0][WARN] copy_aicore_buffer: [chip_swimlane_collector.cpp:689] Core 60: skipped 1024 AICore record slot(s) with start_time=0 (race-window write or recycled-buffer tail). buf seq=0 count=1024
[mono_ns=7230557146342867][T0xe0095ca3cca0][WARN] copy_aicore_buffer: [chip_swimlane_collector.cpp:689] Core 64: skipped 1024 AICore record slot(s) with start_time=0 (race-window write or recycled-buffer tail). buf seq=0 count=1024
[mono_ns=7230557146466167][T0xe0095d24cca0][WARN] copy_aicore_buffer: [chip_swimlane_collector.cpp:689] Core 62: skipped 1024 AICore record slot(s) with start_time=0 (race-window write or recycled-buffer tail). buf seq=0 count=1024
[mono_ns=7230557146550827][T0xe0095da5cca0][WARN] copy_aicore_buffer: [chip_swimlane_collector.cpp:689] Core 61: skipped 1024 AICore record slot(s) with start_time=0 (race-window write or recycled-buffer tail). buf seq=0 count=1024
[mono_ns=7230557146675326][T0xe0095ca3cca0][WARN] copy_aicore_buffer: [chip_swimlane_collector.cpp:689] Core 65: skipped 1024 AICore record slot(s) with start_time=0 (race-window write or recycled-buffer tail). buf seq=0 count=1024
[mono_ns=7230557146799636][T0xe0095d24cca0][WARN] copy_aicore_buffer: [chip_swimlane_collector.cpp:689] Core 63: skipped 1024 AICore record slot(s) with start_time=0 (race-window write or recycled-buffer tail). buf seq=0 count=1024
[mono_ns=7230557146897296][T0xe0095da5cca0][WARN] copy_aicore_buffer: [chip_swimlane_collector.cpp:689] Core 21: skipped 1024 AICore record slot(s) with start_time=0 (race-window write or recycled-buffer tail). buf seq=0 count=1024
[mono_ns=7230557146998335][T0xe0095ca3cca0][WARN] copy_aicore_buffer: [chip_swimlane_collector.cpp:689] Core 23: skipped 1024 AICore record slot(s) with start_time=0 (race-window write or recycled-buffer tail). buf seq=0 count=1024
[mono_ns=7230557147146105][T0xe0095d24cca0][WARN] copy_aicore_buffer: [chip_swimlane_collector.cpp:689] Core 22: skipped 1024 AICore record slot(s) with start_time=0 (race-window write or recycled-buffer tail). buf seq=0 count=1024
[mono_ns=7230557147230395][T0xe0095da5cca0][WARN] copy_aicore_buffer: [chip_swimlane_collector.cpp:689] Core 66: skipped 1024 AICore record slot(s) with start_time=0 (race-window write or recycled-buffer tail). buf seq=0 count=1024
[mono_ns=7230557147334485][T0xe0095ca3cca0][WARN] copy_aicore_buffer: [chip_swimlane_collector.cpp:689] Core 70: skipped 1024 AICore record slot(s) with start_time=0 (race-window write or recycled-buffer tail). buf seq=0 count=1024
[mono_ns=7230557147479794][T0xe0095d24cca0][WARN] copy_aicore_buffer: [chip_swimlane_collector.cpp:689] Core 68: skipped 1024 AICore record slot(s) with start_time=0 (race-window write or recycled-buffer tail). buf seq=0 count=1024
[mono_ns=7230557147554584][T0xe0095da5cca0][WARN] copy_aicore_buffer: [chip_swimlane_collector.cpp:689] Core 67: skipped 1024 AICore record slot(s) with start_time=0 (race-window write or recycled-buffer tail). buf seq=0 count=1024
[mono_ns=7230557147658674][T0xe0095ca3cca0][WARN] copy_aicore_buffer: [chip_swimlane_collector.cpp:689] Core 71: skipped 1024 AICore record slot(s) with start_time=0 (race-window write or recycled-buffer tail). buf seq=0 count=1024
[mono_ns=7230557147842853][T0xe0095d24cca0][WARN] copy_aicore_buffer: [chip_swimlane_collector.cpp:689] Core 69: skipped 1024 AICore record slot(s) with start_time=0 (race-window write or recycled-buffer tail). buf seq=0 count=1024
[mono_ns=7230557248705193][T0xe00aa010b020][TIMING] emit_host_span: [STRACE] v=1 pid=322980 tid=322980 inv=4 hid=f1743919560684ef depth=1 name=chip.run.runner_run ts=7230557138177338 dur=110519975 
[mono_ns=7230557248791743][T0xe00aa010b020][TIMING] emit_host_span: [STRACE] v=1 pid=322980 tid=322980 inv=4 hid=f1743919560684ef depth=1 name=chip.run.validate ts=7230557248715503 dur=72790 
[mono_ns=7230557248800073][T0xe00aa010b020][TIMING] emit_host_span: [STRACE] v=1 pid=322980 tid=322980 inv=4 hid=f1743919560684ef depth=2 name=chip.run.runner_run.device_wall ts=0 dur=1261200 clk=dev
[mono_ns=7230557248804583][T0xe00aa010b020][TIMING] emit_host_span: [STRACE] v=1 pid=322980 tid=322980 inv=4 hid=f1743919560684ef depth=3 name=chip.run.runner_run.device_wall.preamble ts=0 dur=110800 clk=dev
[mono_ns=7230557248808383][T0xe00aa010b020][TIMING] emit_host_span: [STRACE] v=1 pid=322980 tid=322980 inv=4 hid=f1743919560684ef depth=3 name=chip.run.runner_run.device_wall.graph_build ts=106180 dur=1145220 clk=dev
[mono_ns=7230557248832113][T0xe00aa010b020][TIMING] emit_host_span: [STRACE] v=1 pid=322980 tid=322980 inv=4 hid=f1743919560684ef depth=3 name=chip.run.runner_run.device_wall.config_validate ts=106260 dur=679 clk=dev
[mono_ns=7230557248836503][T0xe00aa010b020][TIMING] emit_host_span: [STRACE] v=1 pid=322980 tid=322980 inv=4 hid=f1743919560684ef depth=3 name=chip.run.runner_run.device_wall.arena_wire ts=106979 dur=300 clk=dev
[mono_ns=7230557248839433][T0xe00aa010b020][TIMING] emit_host_span: [STRACE] v=1 pid=322980 tid=322980 inv=4 hid=f1743919560684ef depth=3 name=chip.run.runner_run.device_wall.sm_reset ts=107340 dur=780 clk=dev
[mono_ns=7230557248842613][T0xe00aa010b020][TIMING] emit_host_span: [STRACE] v=1 pid=322980 tid=322980 inv=4 hid=f1743919560684ef depth=3 name=chip.run.runner_run.device_wall.post_orch ts=1251460 dur=9660 clk=dev
[mono_ns=7230557248845783][T0xe00aa010b020][TIMING] emit_host_span: [STRACE] v=1 pid=322980 tid=322980 inv=4 hid=f1743919560684ef depth=3 name=chip.run.runner_run.device_wall.orch ts=108179 dur=5000 clk=dev
[mono_ns=7230557248848843][T0xe00aa010b020][TIMING] emit_host_span: [STRACE] v=1 pid=322980 tid=322980 inv=4 hid=f1743919560684ef depth=3 name=chip.run.runner_run.device_wall.sched ts=111180 dur=1115240 clk=dev
[mono_ns=7230557248853423][T0xe00aa010b020][TIMING] emit_host_span: [STRACE] v=1 pid=322980 tid=322980 inv=4 hid=f1743919560684ef depth=1 name=chip.run.claim_release ts=7230557248851253 dur=390 
[mono_ns=7230557248858363][T0xe00aa010b020][TIMING] emit_host_span: [STRACE] v=1 pid=322980 tid=322980 inv=4 hid=f1743919560684ef depth=0 name=chip.run ts=7230557136939791 dur=111916602 run_id=4 dispatch_id=4 slot_id=0 generation=4 run_epoch=4
[mono_ns=7230562032065518][T0xe00aa010b020][TIMING] emit_host_span: [STRACE] v=1 pid=322980 tid=322980 inv=5 hid=f1743919560684ef depth=2 name=chip.run.bind.args ts=7230562031912738 dur=145970 
[mono_ns=7230562032084218][T0xe00aa010b020][TIMING] emit_host_span: [STRACE] v=1 pid=322980 tid=322980 inv=5 hid=f1743919560684ef depth=2 name=chip.run.bind.prebuilt ts=7230562032076728 dur=4800 
[mono_ns=7230562032089528][T0xe00aa010b020][TIMING] emit_host_span: [STRACE] v=1 pid=322980 tid=322980 inv=5 hid=f1743919560684ef depth=1 name=chip.run.bind ts=7230562031900888 dur=185830 
[mono_ns=7230562136773655][T0xe00aa010b020][TIMING] emit_host_span: [STRACE] v=1 pid=322980 tid=322980 inv=5 hid=f1743919560684ef depth=1 name=chip.run.runner_run ts=7230562032360617 dur=104401388 
[mono_ns=7230562136868224][T0xe00aa010b020][TIMING] emit_host_span: [STRACE] v=1 pid=322980 tid=322980 inv=5 hid=f1743919560684ef depth=1 name=chip.run.validate ts=7230562136785525 dur=79039 
[mono_ns=7230562136877034][T0xe00aa010b020][TIMING] emit_host_span: [STRACE] v=1 pid=322980 tid=322980 inv=5 hid=f1743919560684ef depth=2 name=chip.run.runner_run.device_wall ts=0 dur=6491099 clk=dev
[mono_ns=7230562136882594][T0xe00aa010b020][TIMING] emit_host_span: [STRACE] v=1 pid=322980 tid=322980 inv=5 hid=f1743919560684ef depth=3 name=chip.run.runner_run.device_wall.preamble ts=0 dur=7199 clk=dev
[mono_ns=7230562136925774][T0xe00aa010b020][TIMING] emit_host_span: [STRACE] v=1 pid=322980 tid=322980 inv=5 hid=f1743919560684ef depth=3 name=chip.run.runner_run.device_wall.graph_build ts=1500 dur=6479220 clk=dev
[mono_ns=7230562136929604][T0xe00aa010b020][TIMING] emit_host_span: [STRACE] v=1 pid=322980 tid=322980 inv=5 hid=f1743919560684ef depth=3 name=chip.run.runner_run.device_wall.config_validate ts=1760 dur=919 clk=dev
[mono_ns=7230562136933114][T0xe00aa010b020][TIMING] emit_host_span: [STRACE] v=1 pid=322980 tid=322980 inv=5 hid=f1743919560684ef depth=3 name=chip.run.runner_run.device_wall.arena_wire ts=3040 dur=840 clk=dev
[mono_ns=7230562136936364][T0xe00aa010b020][TIMING] emit_host_span: [STRACE] v=1 pid=322980 tid=322980 inv=5 hid=f1743919560684ef depth=3 name=chip.run.runner_run.device_wall.sm_reset ts=4080 dur=1779 clk=dev
[mono_ns=7230562136939264][T0xe00aa010b020][TIMING] emit_host_span: [STRACE] v=1 pid=322980 tid=322980 inv=5 hid=f1743919560684ef depth=3 name=chip.run.runner_run.device_wall.post_orch ts=6480760 dur=10040 clk=dev
[mono_ns=7230562136942124][T0xe00aa010b020][TIMING] emit_host_span: [STRACE] v=1 pid=322980 tid=322980 inv=5 hid=f1743919560684ef depth=3 name=chip.run.runner_run.device_wall.orch ts=6800 dur=13760 clk=dev
[mono_ns=7230562136944964][T0xe00aa010b020][TIMING] emit_host_span: [STRACE] v=1 pid=322980 tid=322980 inv=5 hid=f1743919560684ef depth=3 name=chip.run.runner_run.device_wall.sched ts=7720 dur=6465500 clk=dev
[mono_ns=7230562136950024][T0xe00aa010b020][TIMING] emit_host_span: [STRACE] v=1 pid=322980 tid=322980 inv=5 hid=f1743919560684ef depth=1 name=chip.run.claim_release ts=7230562136947554 dur=640 
[mono_ns=7230562136966264][T0xe00aa010b020][TIMING] emit_host_span: [STRACE] v=1 pid=322980 tid=322980 inv=5 hid=f1743919560684ef depth=0 name=chip.run ts=7230562031823738 dur=105140156 run_id=5 dispatch_id=5 slot_id=0 generation=5 run_epoch=5
[mono_ns=7230562152072456][T0xe00aa010b020][TIMING] emit_host_span: [STRACE] v=1 pid=322980 tid=322980 inv=6 hid=f1743919560684ef depth=2 name=chip.run.bind.args ts=7230562151955246 dur=112110 
[mono_ns=7230562152087986][T0xe00aa010b020][TIMING] emit_host_span: [STRACE] v=1 pid=322980 tid=322980 inv=6 hid=f1743919560684ef depth=2 name=chip.run.bind.prebuilt ts=7230562152081426 dur=4170 
[mono_ns=7230562152092806][T0xe00aa010b020][TIMING] emit_host_span: [STRACE] v=1 pid=322980 tid=322980 inv=6 hid=f1743919560684ef depth=1 name=chip.run.bind ts=7230562151945796 dur=144530 
[mono_ns=7230562155155498][T0xe0095da5cca0][WARN] copy_aicore_buffer: [chip_swimlane_collector.cpp:689] Core 0: skipped 1024 AICore record slot(s) with start_time=0 (race-window write or recycled-buffer tail). buf seq=0 count=1024
[mono_ns=7230562155157578][T0xe0095ca3cca0][WARN] copy_aicore_buffer: [chip_swimlane_collector.cpp:689] Core 2: skipped 1024 AICore record slot(s) with start_time=0 (race-window write or recycled-buffer tail). buf seq=0 count=1024
[mono_ns=7230562155157908][T0xe0095d24cca0][WARN] copy_aicore_buffer: [chip_swimlane_collector.cpp:689] Core 1: skipped 1024 AICore record slot(s) with start_time=0 (race-window write or recycled-buffer tail). buf seq=0 count=1024
[mono_ns=7230562155483068][T0xe0095ca3cca0][WARN] copy_aicore_buffer: [chip_swimlane_collector.cpp:689] Core 28: skipped 1023 AICore record slot(s) with start_time=0 (race-window write or recycled-buffer tail). buf seq=0 count=1024
[mono_ns=7230562155489588][T0xe0095da5cca0][WARN] copy_aicore_buffer: [chip_swimlane_collector.cpp:689] Core 24: skipped 1023 AICore record slot(s) with start_time=0 (race-window write or recycled-buffer tail). buf seq=0 count=1024
[mono_ns=7230562155492838][T0xe0095d24cca0][WARN] copy_aicore_buffer: [chip_swimlane_collector.cpp:689] Core 26: skipped 1023 AICore record slot(s) with start_time=0 (race-window write or recycled-buffer tail). buf seq=0 count=1024
[mono_ns=7230562155805877][T0xe0095da5cca0][WARN] copy_aicore_buffer: [chip_swimlane_collector.cpp:689] Core 25: skipped 1024 AICore record slot(s) with start_time=0 (race-window write or recycled-buffer tail). buf seq=0 count=1024
[mono_ns=7230562155811707][T0xe0095ca3cca0][WARN] copy_aicore_buffer: [chip_swimlane_collector.cpp:689] Core 29: skipped 1024 AICore record slot(s) with start_time=0 (race-window write or recycled-buffer tail). buf seq=0 count=1024
[mono_ns=7230562155817047][T0xe0095d24cca0][WARN] copy_aicore_buffer: [chip_swimlane_collector.cpp:689] Core 27: skipped 1024 AICore record slot(s) with start_time=0 (race-window write or recycled-buffer tail). buf seq=0 count=1024
[mono_ns=7230562156137696][T0xe0095da5cca0][WARN] copy_aicore_buffer: [chip_swimlane_collector.cpp:689] Core 3: skipped 1024 AICore record slot(s) with start_time=0 (race-window write or recycled-buffer tail). buf seq=0 count=1024
[mono_ns=7230562156141116][T0xe0095ca3cca0][WARN] copy_aicore_buffer: [chip_swimlane_collector.cpp:689] Core 5: skipped 1024 AICore record slot(s) with start_time=0 (race-window write or recycled-buffer tail). buf seq=0 count=1024
[mono_ns=7230562156154086][T0xe0095d24cca0][WARN] copy_aicore_buffer: [chip_swimlane_collector.cpp:689] Core 4: skipped 1024 AICore record slot(s) with start_time=0 (race-window write or recycled-buffer tail). buf seq=0 count=1024
[mono_ns=7230562156451675][T0xe0095ca3cca0][WARN] copy_aicore_buffer: [chip_swimlane_collector.cpp:689] Core 34: skipped 1024 AICore record slot(s) with start_time=0 (race-window write or recycled-buffer tail). buf seq=0 count=1024
[mono_ns=7230562156453005][T0xe0095da5cca0][WARN] copy_aicore_buffer: [chip_swimlane_collector.cpp:689] Core 30: skipped 1024 AICore record slot(s) with start_time=0 (race-window write or recycled-buffer tail). buf seq=0 count=1024
[mono_ns=7230562156520025][T0xe0095d24cca0][WARN] copy_aicore_buffer: [chip_swimlane_collector.cpp:689] Core 32: skipped 1024 AICore record slot(s) with start_time=0 (race-window write or recycled-buffer tail). buf seq=0 count=1024
[mono_ns=7230562156765204][T0xe0095da5cca0][WARN] copy_aicore_buffer: [chip_swimlane_collector.cpp:689] Core 31: skipped 1024 AICore record slot(s) with start_time=0 (race-window write or recycled-buffer tail). buf seq=0 count=1024
[mono_ns=7230562156770004][T0xe0095ca3cca0][WARN] copy_aicore_buffer: [chip_swimlane_collector.cpp:689] Core 35: skipped 1024 AICore record slot(s) with start_time=0 (race-window write or recycled-buffer tail). buf seq=0 count=1024
[mono_ns=7230562156845794][T0xe0095d24cca0][WARN] copy_aicore_buffer: [chip_swimlane_collector.cpp:689] Core 33: skipped 1024 AICore record slot(s) with start_time=0 (race-window write or recycled-buffer tail). buf seq=0 count=1024
[mono_ns=7230562157088734][T0xe0095da5cca0][WARN] copy_aicore_buffer: [chip_swimlane_collector.cpp:689] Core 6: skipped 1024 AICore record slot(s) with start_time=0 (race-window write or recycled-buffer tail). buf seq=0 count=1024
[mono_ns=7230562157091054][T0xe0095ca3cca0][WARN] copy_aicore_buffer: [chip_swimlane_collector.cpp:689] Core 8: skipped 1024 AICore record slot(s) with start_time=0 (race-window write or recycled-buffer tail). buf seq=0 count=1024
[mono_ns=7230562157189613][T0xe0095d24cca0][WARN] copy_aicore_buffer: [chip_swimlane_collector.cpp:689] Core 7: skipped 1024 AICore record slot(s) with start_time=0 (race-window write or recycled-buffer tail). buf seq=0 count=1024
[mono_ns=7230562157436263][T0xe0095da5cca0][WARN] copy_aicore_buffer: [chip_swimlane_collector.cpp:689] Core 36: skipped 1024 AICore record slot(s) with start_time=0 (race-window write or recycled-buffer tail). buf seq=0 count=1024
[mono_ns=7230562157440053][T0xe0095ca3cca0][WARN] copy_aicore_buffer: [chip_swimlane_collector.cpp:689] Core 40: skipped 1024 AICore record slot(s) with start_time=0 (race-window write or recycled-buffer tail). buf seq=0 count=1024
[mono_ns=7230562157517442][T0xe0095d24cca0][WARN] copy_aicore_buffer: [chip_swimlane_collector.cpp:689] Core 38: skipped 1024 AICore record slot(s) with start_time=0 (race-window write or recycled-buffer tail). buf seq=0 count=1024
[mono_ns=7230562157752282][T0xe0095ca3cca0][WARN] copy_aicore_buffer: [chip_swimlane_collector.cpp:689] Core 41: skipped 1024 AICore record slot(s) with start_time=0 (race-window write or recycled-buffer tail). buf seq=0 count=1024
[mono_ns=7230562157752732][T0xe0095da5cca0][WARN] copy_aicore_buffer: [chip_swimlane_collector.cpp:689] Core 37: skipped 1024 AICore record slot(s) with start_time=0 (race-window write or recycled-buffer tail). buf seq=0 count=1024
[mono_ns=7230562157844622][T0xe0095d24cca0][WARN] copy_aicore_buffer: [chip_swimlane_collector.cpp:689] Core 39: skipped 1024 AICore record slot(s) with start_time=0 (race-window write or recycled-buffer tail). buf seq=0 count=1024
[mono_ns=7230562158080711][T0xe0095da5cca0][WARN] copy_aicore_buffer: [chip_swimlane_collector.cpp:689] Core 9: skipped 1024 AICore record slot(s) with start_time=0 (race-window write or recycled-buffer tail). buf seq=0 count=1024
[mono_ns=7230562158084461][T0xe0095ca3cca0][WARN] copy_aicore_buffer: [chip_swimlane_collector.cpp:689] Core 11: skipped 1024 AICore record slot(s) with start_time=0 (race-window write or recycled-buffer tail). buf seq=0 count=1024
[mono_ns=7230562158207611][T0xe0095d24cca0][WARN] copy_aicore_buffer: [chip_swimlane_collector.cpp:689] Core 10: skipped 1024 AICore record slot(s) with start_time=0 (race-window write or recycled-buffer tail). buf seq=0 count=1024
[mono_ns=7230562158400860][T0xe0095da5cca0][WARN] copy_aicore_buffer: [chip_swimlane_collector.cpp:689] Core 42: skipped 1024 AICore record slot(s) with start_time=0 (race-window write or recycled-buffer tail). buf seq=0 count=1024
[mono_ns=7230562158402010][T0xe0095ca3cca0][WARN] copy_aicore_buffer: [chip_swimlane_collector.cpp:689] Core 46: skipped 1024 AICore record slot(s) with start_time=0 (race-window write or recycled-buffer tail). buf seq=0 count=1024
[mono_ns=7230562158538830][T0xe0095d24cca0][WARN] copy_aicore_buffer: [chip_swimlane_collector.cpp:689] Core 44: skipped 1024 AICore record slot(s) with start_time=0 (race-window write or recycled-buffer tail). buf seq=0 count=1024
[mono_ns=7230562158716179][T0xe0095da5cca0][WARN] copy_aicore_buffer: [chip_swimlane_collector.cpp:689] Core 43: skipped 1024 AICore record slot(s) with start_time=0 (race-window write or recycled-buffer tail). buf seq=0 count=1024
[mono_ns=7230562158717449][T0xe0095ca3cca0][WARN] copy_aicore_buffer: [chip_swimlane_collector.cpp:689] Core 47: skipped 1024 AICore record slot(s) with start_time=0 (race-window write or recycled-buffer tail). buf seq=0 count=1024
[mono_ns=7230562158866649][T0xe0095d24cca0][WARN] copy_aicore_buffer: [chip_swimlane_collector.cpp:689] Core 45: skipped 1024 AICore record slot(s) with start_time=0 (race-window write or recycled-buffer tail). buf seq=0 count=1024
[mono_ns=7230562159036149][T0xe0095da5cca0][WARN] copy_aicore_buffer: [chip_swimlane_collector.cpp:689] Core 12: skipped 1024 AICore record slot(s) with start_time=0 (race-window write or recycled-buffer tail). buf seq=0 count=1024
[mono_ns=7230562159092358][T0xe0095ca3cca0][WARN] copy_aicore_buffer: [chip_swimlane_collector.cpp:689] Core 14: skipped 1024 AICore record slot(s) with start_time=0 (race-window write or recycled-buffer tail). buf seq=0 count=1024
[mono_ns=7230562159198348][T0xe0095d24cca0][WARN] copy_aicore_buffer: [chip_swimlane_collector.cpp:689] Core 13: skipped 1024 AICore record slot(s) with start_time=0 (race-window write or recycled-buffer tail). buf seq=0 count=1024
[mono_ns=7230562159352188][T0xe0095da5cca0][WARN] copy_aicore_buffer: [chip_swimlane_collector.cpp:689] Core 48: skipped 1024 AICore record slot(s) with start_time=0 (race-window write or recycled-buffer tail). buf seq=0 count=1024
[mono_ns=7230562159410028][T0xe0095ca3cca0][WARN] copy_aicore_buffer: [chip_swimlane_collector.cpp:689] Core 52: skipped 1024 AICore record slot(s) with start_time=0 (race-window write or recycled-buffer tail). buf seq=0 count=1024
[mono_ns=7230562159524037][T0xe0095d24cca0][WARN] copy_aicore_buffer: [chip_swimlane_collector.cpp:689] Core 50: skipped 1024 AICore record slot(s) with start_time=0 (race-window write or recycled-buffer tail). buf seq=0 count=1024
[mono_ns=7230562159667647][T0xe0095da5cca0][WARN] copy_aicore_buffer: [chip_swimlane_collector.cpp:689] Core 49: skipped 1024 AICore record slot(s) with start_time=0 (race-window write or recycled-buffer tail). buf seq=0 count=1024
[mono_ns=7230562159729397][T0xe0095ca3cca0][WARN] copy_aicore_buffer: [chip_swimlane_collector.cpp:689] Core 53: skipped 1024 AICore record slot(s) with start_time=0 (race-window write or recycled-buffer tail). buf seq=0 count=1024
[mono_ns=7230562159850347][T0xe0095d24cca0][WARN] copy_aicore_buffer: [chip_swimlane_collector.cpp:689] Core 51: skipped 1024 AICore record slot(s) with start_time=0 (race-window write or recycled-buffer tail). buf seq=0 count=1024
[mono_ns=7230562159995986][T0xe0095da5cca0][WARN] copy_aicore_buffer: [chip_swimlane_collector.cpp:689] Core 15: skipped 1024 AICore record slot(s) with start_time=0 (race-window write or recycled-buffer tail). buf seq=0 count=1024
[mono_ns=7230562160060946][T0xe0095ca3cca0][WARN] copy_aicore_buffer: [chip_swimlane_collector.cpp:689] Core 17: skipped 1024 AICore record slot(s) with start_time=0 (race-window write or recycled-buffer tail). buf seq=0 count=1024
[mono_ns=7230562160189376][T0xe0095d24cca0][WARN] copy_aicore_buffer: [chip_swimlane_collector.cpp:689] Core 16: skipped 1024 AICore record slot(s) with start_time=0 (race-window write or recycled-buffer tail). buf seq=0 count=1024
[mono_ns=7230562160324025][T0xe0095da5cca0][WARN] copy_aicore_buffer: [chip_swimlane_collector.cpp:689] Core 54: skipped 1024 AICore record slot(s) with start_time=0 (race-window write or recycled-buffer tail). buf seq=0 count=1024
[mono_ns=7230562160378845][T0xe0095ca3cca0][WARN] copy_aicore_buffer: [chip_swimlane_collector.cpp:689] Core 58: skipped 1024 AICore record slot(s) with start_time=0 (race-window write or recycled-buffer tail). buf seq=0 count=1024
[mono_ns=7230562160515195][T0xe0095d24cca0][WARN] copy_aicore_buffer: [chip_swimlane_collector.cpp:689] Core 56: skipped 1024 AICore record slot(s) with start_time=0 (race-window write or recycled-buffer tail). buf seq=0 count=1024
[mono_ns=7230562160640405][T0xe0095da5cca0][WARN] copy_aicore_buffer: [chip_swimlane_collector.cpp:689] Core 55: skipped 1024 AICore record slot(s) with start_time=0 (race-window write or recycled-buffer tail). buf seq=0 count=1024
[mono_ns=7230562160727014][T0xe0095ca3cca0][WARN] copy_aicore_buffer: [chip_swimlane_collector.cpp:689] Core 59: skipped 1024 AICore record slot(s) with start_time=0 (race-window write or recycled-buffer tail). buf seq=0 count=1024
[mono_ns=7230562160842194][T0xe0095d24cca0][WARN] copy_aicore_buffer: [chip_swimlane_collector.cpp:689] Core 57: skipped 1024 AICore record slot(s) with start_time=0 (race-window write or recycled-buffer tail). buf seq=0 count=1024
[mono_ns=7230562160956624][T0xe0095da5cca0][WARN] copy_aicore_buffer: [chip_swimlane_collector.cpp:689] Core 18: skipped 1024 AICore record slot(s) with start_time=0 (race-window write or recycled-buffer tail). buf seq=0 count=1024
[mono_ns=7230562161058694][T0xe0095ca3cca0][WARN] copy_aicore_buffer: [chip_swimlane_collector.cpp:689] Core 20: skipped 1024 AICore record slot(s) with start_time=0 (race-window write or recycled-buffer tail). buf seq=0 count=1024
[mono_ns=7230562161179003][T0xe0095d24cca0][WARN] copy_aicore_buffer: [chip_swimlane_collector.cpp:689] Core 19: skipped 1024 AICore record slot(s) with start_time=0 (race-window write or recycled-buffer tail). buf seq=0 count=1024
[mono_ns=7230562161281873][T0xe0095da5cca0][WARN] copy_aicore_buffer: [chip_swimlane_collector.cpp:689] Core 60: skipped 1024 AICore record slot(s) with start_time=0 (race-window write or recycled-buffer tail). buf seq=0 count=1024
[mono_ns=7230562161376003][T0xe0095ca3cca0][WARN] copy_aicore_buffer: [chip_swimlane_collector.cpp:689] Core 64: skipped 1024 AICore record slot(s) with start_time=0 (race-window write or recycled-buffer tail). buf seq=0 count=1024
[mono_ns=7230562161505822][T0xe0095d24cca0][WARN] copy_aicore_buffer: [chip_swimlane_collector.cpp:689] Core 62: skipped 1024 AICore record slot(s) with start_time=0 (race-window write or recycled-buffer tail). buf seq=0 count=1024
[mono_ns=7230562161619442][T0xe0095da5cca0][WARN] copy_aicore_buffer: [chip_swimlane_collector.cpp:689] Core 61: skipped 1024 AICore record slot(s) with start_time=0 (race-window write or recycled-buffer tail). buf seq=0 count=1024
[mono_ns=7230562161693912][T0xe0095ca3cca0][WARN] copy_aicore_buffer: [chip_swimlane_collector.cpp:689] Core 65: skipped 1024 AICore record slot(s) with start_time=0 (race-window write or recycled-buffer tail). buf seq=0 count=1024
[mono_ns=7230562161832112][T0xe0095d24cca0][WARN] copy_aicore_buffer: [chip_swimlane_collector.cpp:689] Core 63: skipped 1024 AICore record slot(s) with start_time=0 (race-window write or recycled-buffer tail). buf seq=0 count=1024
[mono_ns=7230562161935681][T0xe0095da5cca0][WARN] copy_aicore_buffer: [chip_swimlane_collector.cpp:689] Core 21: skipped 1024 AICore record slot(s) with start_time=0 (race-window write or recycled-buffer tail). buf seq=0 count=1024
[mono_ns=7230562162019601][T0xe0095ca3cca0][WARN] copy_aicore_buffer: [chip_swimlane_collector.cpp:689] Core 23: skipped 1024 AICore record slot(s) with start_time=0 (race-window write or recycled-buffer tail). buf seq=0 count=1024
[mono_ns=7230562162168831][T0xe0095d24cca0][WARN] copy_aicore_buffer: [chip_swimlane_collector.cpp:689] Core 22: skipped 1024 AICore record slot(s) with start_time=0 (race-window write or recycled-buffer tail). buf seq=0 count=1024
[mono_ns=7230562162264141][T0xe0095da5cca0][WARN] copy_aicore_buffer: [chip_swimlane_collector.cpp:689] Core 66: skipped 1024 AICore record slot(s) with start_time=0 (race-window write or recycled-buffer tail). buf seq=0 count=1024
[mono_ns=7230562162338060][T0xe0095ca3cca0][WARN] copy_aicore_buffer: [chip_swimlane_collector.cpp:689] Core 70: skipped 1024 AICore record slot(s) with start_time=0 (race-window write or recycled-buffer tail). buf seq=0 count=1024
[mono_ns=7230562162508610][T0xe0095d24cca0][WARN] copy_aicore_buffer: [chip_swimlane_collector.cpp:689] Core 68: skipped 1024 AICore record slot(s) with start_time=0 (race-window write or recycled-buffer tail). buf seq=0 count=1024
[mono_ns=7230562162593180][T0xe0095da5cca0][WARN] copy_aicore_buffer: [chip_swimlane_collector.cpp:689] Core 67: skipped 1024 AICore record slot(s) with start_time=0 (race-window write or recycled-buffer tail). buf seq=0 count=1024
[mono_ns=7230562162656270][T0xe0095ca3cca0][WARN] copy_aicore_buffer: [chip_swimlane_collector.cpp:689] Core 71: skipped 1024 AICore record slot(s) with start_time=0 (race-window write or recycled-buffer tail). buf seq=0 count=1024
[mono_ns=7230562162845399][T0xe0095d24cca0][WARN] copy_aicore_buffer: [chip_swimlane_collector.cpp:689] Core 69: skipped 1024 AICore record slot(s) with start_time=0 (race-window write or recycled-buffer tail). buf seq=0 count=1024
[mono_ns=7230562263436286][T0xe00aa010b020][TIMING] emit_host_span: [STRACE] v=1 pid=322980 tid=322980 inv=6 hid=f1743919560684ef depth=1 name=chip.run.runner_run ts=7230562152693625 dur=110737151 
[mono_ns=7230562263520346][T0xe00aa010b020][TIMING] emit_host_span: [STRACE] v=1 pid=322980 tid=322980 inv=6 hid=f1743919560684ef depth=1 name=chip.run.validate ts=7230562263446666 dur=70400 
[mono_ns=7230562263529656][T0xe00aa010b020][TIMING] emit_host_span: [STRACE] v=1 pid=322980 tid=322980 inv=6 hid=f1743919560684ef depth=2 name=chip.run.runner_run.device_wall ts=0 dur=1941300 clk=dev
[mono_ns=7230562263533336][T0xe00aa010b020][TIMING] emit_host_span: [STRACE] v=1 pid=322980 tid=322980 inv=6 hid=f1743919560684ef depth=3 name=chip.run.runner_run.device_wall.preamble ts=0 dur=111080 clk=dev
[mono_ns=7230562263536826][T0xe00aa010b020][TIMING] emit_host_span: [STRACE] v=1 pid=322980 tid=322980 inv=6 hid=f1743919560684ef depth=3 name=chip.run.runner_run.device_wall.graph_build ts=107100 dur=1824200 clk=dev
[mono_ns=7230562263540176][T0xe00aa010b020][TIMING] emit_host_span: [STRACE] v=1 pid=322980 tid=322980 inv=6 hid=f1743919560684ef depth=3 name=chip.run.runner_run.device_wall.config_validate ts=107180 dur=760 clk=dev
[mono_ns=7230562263543646][T0xe00aa010b020][TIMING] emit_host_span: [STRACE] v=1 pid=322980 tid=322980 inv=6 hid=f1743919560684ef depth=3 name=chip.run.runner_run.device_wall.arena_wire ts=107980 dur=620 clk=dev
[mono_ns=7230562263547026][T0xe00aa010b020][TIMING] emit_host_span: [STRACE] v=1 pid=322980 tid=322980 inv=6 hid=f1743919560684ef depth=3 name=chip.run.runner_run.device_wall.sm_reset ts=108640 dur=520 clk=dev
[mono_ns=7230562263550706][T0xe00aa010b020][TIMING] emit_host_span: [STRACE] v=1 pid=322980 tid=322980 inv=6 hid=f1743919560684ef depth=3 name=chip.run.runner_run.device_wall.post_orch ts=1931340 dur=9799 clk=dev
[mono_ns=7230562263579296][T0xe00aa010b020][TIMING] emit_host_span: [STRACE] v=1 pid=322980 tid=322980 inv=6 hid=f1743919560684ef depth=3 name=chip.run.runner_run.device_wall.orch ts=109220 dur=6020 clk=dev
[mono_ns=7230562263582566][T0xe00aa010b020][TIMING] emit_host_span: [STRACE] v=1 pid=322980 tid=322980 inv=6 hid=f1743919560684ef depth=3 name=chip.run.runner_run.device_wall.sched ts=111399 dur=1795860 clk=dev
[mono_ns=7230562263586966][T0xe00aa010b020][TIMING] emit_host_span: [STRACE] v=1 pid=322980 tid=322980 inv=6 hid=f1743919560684ef depth=1 name=chip.run.claim_release ts=7230562263584716 dur=360 
[mono_ns=7230562263591316][T0xe00aa010b020][TIMING] emit_host_span: [STRACE] v=1 pid=322980 tid=322980 inv=6 hid=f1743919560684ef depth=0 name=chip.run ts=7230562151910487 dur=111678889 run_id=6 dispatch_id=6 slot_id=0 generation=6 run_epoch=6
[mono_ns=7230567059900956][T0xe00aa010b020][TIMING] emit_host_span: [STRACE] v=1 pid=322980 tid=322980 inv=7 hid=f1743919560684ef depth=2 name=chip.run.bind.args ts=7230567059754696 dur=138610 
[mono_ns=7230567059927595][T0xe00aa010b020][TIMING] emit_host_span: [STRACE] v=1 pid=322980 tid=322980 inv=7 hid=f1743919560684ef depth=2 name=chip.run.bind.prebuilt ts=7230567059916195 dur=8850 
[mono_ns=7230567059932665][T0xe00aa010b020][TIMING] emit_host_span: [STRACE] v=1 pid=322980 tid=322980 inv=7 hid=f1743919560684ef depth=1 name=chip.run.bind ts=7230567059741966 dur=188329 
[mono_ns=7230567168462770][T0xe00aa010b020][TIMING] emit_host_span: [STRACE] v=1 pid=322980 tid=322980 inv=7 hid=f1743919560684ef depth=1 name=chip.run.runner_run ts=7230567060255245 dur=108196685 
[mono_ns=7230567168591130][T0xe00aa010b020][TIMING] emit_host_span: [STRACE] v=1 pid=322980 tid=322980 inv=7 hid=f1743919560684ef depth=1 name=chip.run.validate ts=7230567168504240 dur=82660 
[mono_ns=7230567168599690][T0xe00aa010b020][TIMING] emit_host_span: [STRACE] v=1 pid=322980 tid=322980 inv=7 hid=f1743919560684ef depth=2 name=chip.run.runner_run.device_wall ts=0 dur=4993639 clk=dev
[mono_ns=7230567168604460][T0xe00aa010b020][TIMING] emit_host_span: [STRACE] v=1 pid=322980 tid=322980 inv=7 hid=f1743919560684ef depth=3 name=chip.run.runner_run.device_wall.preamble ts=0 dur=6060 clk=dev
[mono_ns=7230567168608200][T0xe00aa010b020][TIMING] emit_host_span: [STRACE] v=1 pid=322980 tid=322980 inv=7 hid=f1743919560684ef depth=3 name=chip.run.runner_run.device_wall.graph_build ts=1120 dur=4982160 clk=dev
[mono_ns=7230567168611430][T0xe00aa010b020][TIMING] emit_host_span: [STRACE] v=1 pid=322980 tid=322980 inv=7 hid=f1743919560684ef depth=3 name=chip.run.runner_run.device_wall.config_validate ts=1420 dur=1000 clk=dev
[mono_ns=7230567168615670][T0xe00aa010b020][TIMING] emit_host_span: [STRACE] v=1 pid=322980 tid=322980 inv=7 hid=f1743919560684ef depth=3 name=chip.run.runner_run.device_wall.arena_wire ts=2460 dur=1120 clk=dev
[mono_ns=7230567168619030][T0xe00aa010b020][TIMING] emit_host_span: [STRACE] v=1 pid=322980 tid=322980 inv=7 hid=f1743919560684ef depth=3 name=chip.run.runner_run.device_wall.sm_reset ts=3760 dur=1480 clk=dev
[mono_ns=7230567168621880][T0xe00aa010b020][TIMING] emit_host_span: [STRACE] v=1 pid=322980 tid=322980 inv=7 hid=f1743919560684ef depth=3 name=chip.run.runner_run.device_wall.post_orch ts=4983340 dur=9979 clk=dev
[mono_ns=7230567168638670][T0xe00aa010b020][TIMING] emit_host_span: [STRACE] v=1 pid=322980 tid=322980 inv=7 hid=f1743919560684ef depth=3 name=chip.run.runner_run.device_wall.orch ts=6180 dur=12220 clk=dev
[mono_ns=7230567168641630][T0xe00aa010b020][TIMING] emit_host_span: [STRACE] v=1 pid=322980 tid=322980 inv=7 hid=f1743919560684ef depth=3 name=chip.run.runner_run.device_wall.sched ts=6700 dur=4969120 clk=dev
[mono_ns=7230567168647070][T0xe00aa010b020][TIMING] emit_host_span: [STRACE] v=1 pid=322980 tid=322980 inv=7 hid=f1743919560684ef depth=1 name=chip.run.claim_release ts=7230567168644540 dur=730 
[mono_ns=7230567168651990][T0xe00aa010b020][TIMING] emit_host_span: [STRACE] v=1 pid=322980 tid=322980 inv=7 hid=f1743919560684ef depth=0 name=chip.run ts=7230567059654886 dur=108995094 run_id=7 dispatch_id=7 slot_id=0 generation=7 run_epoch=7
[mono_ns=7230567178398986][T0xe00aa010b020][TIMING] emit_host_span: [STRACE] v=1 pid=322980 tid=322980 inv=8 hid=f1743919560684ef depth=2 name=chip.run.bind.args ts=7230567178292446 dur=101550 
[mono_ns=7230567178414906][T0xe00aa010b020][TIMING] emit_host_span: [STRACE] v=1 pid=322980 tid=322980 inv=8 hid=f1743919560684ef depth=2 name=chip.run.bind.prebuilt ts=7230567178408636 dur=3830 
[mono_ns=7230567178419466][T0xe00aa010b020][TIMING] emit_host_span: [STRACE] v=1 pid=322980 tid=322980 inv=8 hid=f1743919560684ef depth=1 name=chip.run.bind ts=7230567178282546 dur=134620 
[mono_ns=7230567181348529][T0xe0095ca3cca0][WARN] copy_aicore_buffer: [chip_swimlane_collector.cpp:689] Core 2: skipped 1024 AICore record slot(s) with start_time=0 (race-window write or recycled-buffer tail). buf seq=0 count=1024
[mono_ns=7230567181348929][T0xe0095da5cca0][WARN] copy_aicore_buffer: [chip_swimlane_collector.cpp:689] Core 0: skipped 1024 AICore record slot(s) with start_time=0 (race-window write or recycled-buffer tail). buf seq=0 count=1024
[mono_ns=7230567181484248][T0xe0095d24cca0][WARN] copy_aicore_buffer: [chip_swimlane_collector.cpp:689] Core 1: skipped 1024 AICore record slot(s) with start_time=0 (race-window write or recycled-buffer tail). buf seq=0 count=1024
[mono_ns=7230567181673888][T0xe0095da5cca0][WARN] copy_aicore_buffer: [chip_swimlane_collector.cpp:689] Core 24: skipped 1024 AICore record slot(s) with start_time=0 (race-window write or recycled-buffer tail). buf seq=0 count=1024
[mono_ns=7230567181686398][T0xe0095ca3cca0][WARN] copy_aicore_buffer: [chip_swimlane_collector.cpp:689] Core 28: skipped 1022 AICore record slot(s) with start_time=0 (race-window write or recycled-buffer tail). buf seq=0 count=1024
[mono_ns=7230567181824087][T0xe0095d24cca0][WARN] copy_aicore_buffer: [chip_swimlane_collector.cpp:689] Core 26: skipped 1023 AICore record slot(s) with start_time=0 (race-window write or recycled-buffer tail). buf seq=0 count=1024
[mono_ns=7230567181991687][T0xe0095da5cca0][WARN] copy_aicore_buffer: [chip_swimlane_collector.cpp:689] Core 25: skipped 1024 AICore record slot(s) with start_time=0 (race-window write or recycled-buffer tail). buf seq=0 count=1024
[mono_ns=7230567181999267][T0xe0095ca3cca0][WARN] copy_aicore_buffer: [chip_swimlane_collector.cpp:689] Core 29: skipped 1024 AICore record slot(s) with start_time=0 (race-window write or recycled-buffer tail). buf seq=0 count=1024
[mono_ns=7230567182170817][T0xe0095d24cca0][WARN] copy_aicore_buffer: [chip_swimlane_collector.cpp:689] Core 27: skipped 1024 AICore record slot(s) with start_time=0 (race-window write or recycled-buffer tail). buf seq=0 count=1024
[mono_ns=7230567182322296][T0xe0095da5cca0][WARN] copy_aicore_buffer: [chip_swimlane_collector.cpp:689] Core 3: skipped 1024 AICore record slot(s) with start_time=0 (race-window write or recycled-buffer tail). buf seq=0 count=1024
[mono_ns=7230567182360746][T0xe0095ca3cca0][WARN] copy_aicore_buffer: [chip_swimlane_collector.cpp:689] Core 5: skipped 1024 AICore record slot(s) with start_time=0 (race-window write or recycled-buffer tail). buf seq=0 count=1024
[mono_ns=7230567182500666][T0xe0095d24cca0][WARN] copy_aicore_buffer: [chip_swimlane_collector.cpp:689] Core 4: skipped 1024 AICore record slot(s) with start_time=0 (race-window write or recycled-buffer tail). buf seq=0 count=1024
[mono_ns=7230567182639195][T0xe0095da5cca0][WARN] copy_aicore_buffer: [chip_swimlane_collector.cpp:689] Core 30: skipped 1024 AICore record slot(s) with start_time=0 (race-window write or recycled-buffer tail). buf seq=0 count=1024
[mono_ns=7230567182678435][T0xe0095ca3cca0][WARN] copy_aicore_buffer: [chip_swimlane_collector.cpp:689] Core 34: skipped 1024 AICore record slot(s) with start_time=0 (race-window write or recycled-buffer tail). buf seq=0 count=1024
[mono_ns=7230567182826735][T0xe0095d24cca0][WARN] copy_aicore_buffer: [chip_swimlane_collector.cpp:689] Core 32: skipped 1024 AICore record slot(s) with start_time=0 (race-window write or recycled-buffer tail). buf seq=0 count=1024
[mono_ns=7230567182996235][T0xe0095ca3cca0][WARN] copy_aicore_buffer: [chip_swimlane_collector.cpp:689] Core 35: skipped 1024 AICore record slot(s) with start_time=0 (race-window write or recycled-buffer tail). buf seq=0 count=1024
[mono_ns=7230567182999065][T0xe0095da5cca0][WARN] copy_aicore_buffer: [chip_swimlane_collector.cpp:689] Core 31: skipped 1024 AICore record slot(s) with start_time=0 (race-window write or recycled-buffer tail). buf seq=0 count=1024
[mono_ns=7230567183160514][T0xe0095d24cca0][WARN] copy_aicore_buffer: [chip_swimlane_collector.cpp:689] Core 33: skipped 1024 AICore record slot(s) with start_time=0 (race-window write or recycled-buffer tail). buf seq=0 count=1024
[mono_ns=7230567183342674][T0xe0095ca3cca0][WARN] copy_aicore_buffer: [chip_swimlane_collector.cpp:689] Core 8: skipped 1024 AICore record slot(s) with start_time=0 (race-window write or recycled-buffer tail). buf seq=0 count=1024
[mono_ns=7230567183343354][T0xe0095da5cca0][WARN] copy_aicore_buffer: [chip_swimlane_collector.cpp:689] Core 6: skipped 1024 AICore record slot(s) with start_time=0 (race-window write or recycled-buffer tail). buf seq=0 count=1024
[mono_ns=7230567183486863][T0xe0095d24cca0][WARN] copy_aicore_buffer: [chip_swimlane_collector.cpp:689] Core 7: skipped 1024 AICore record slot(s) with start_time=0 (race-window write or recycled-buffer tail). buf seq=0 count=1024
[mono_ns=7230567183657563][T0xe0095da5cca0][WARN] copy_aicore_buffer: [chip_swimlane_collector.cpp:689] Core 36: skipped 1024 AICore record slot(s) with start_time=0 (race-window write or recycled-buffer tail). buf seq=0 count=1024
[mono_ns=7230567183660803][T0xe0095ca3cca0][WARN] copy_aicore_buffer: [chip_swimlane_collector.cpp:689] Core 40: skipped 1024 AICore record slot(s) with start_time=0 (race-window write or recycled-buffer tail). buf seq=0 count=1024
[mono_ns=7230567183814803][T0xe0095d24cca0][WARN] copy_aicore_buffer: [chip_swimlane_collector.cpp:689] Core 38: skipped 1024 AICore record slot(s) with start_time=0 (race-window write or recycled-buffer tail). buf seq=0 count=1024
[mono_ns=7230567183972212][T0xe0095da5cca0][WARN] copy_aicore_buffer: [chip_swimlane_collector.cpp:689] Core 37: skipped 1024 AICore record slot(s) with start_time=0 (race-window write or recycled-buffer tail). buf seq=0 count=1024
[mono_ns=7230567183974672][T0xe0095ca3cca0][WARN] copy_aicore_buffer: [chip_swimlane_collector.cpp:689] Core 41: skipped 1024 AICore record slot(s) with start_time=0 (race-window write or recycled-buffer tail). buf seq=0 count=1024
[mono_ns=7230567184170462][T0xe0095d24cca0][WARN] copy_aicore_buffer: [chip_swimlane_collector.cpp:689] Core 39: skipped 1024 AICore record slot(s) with start_time=0 (race-window write or recycled-buffer tail). buf seq=0 count=1024
[mono_ns=7230567184299461][T0xe0095da5cca0][WARN] copy_aicore_buffer: [chip_swimlane_collector.cpp:689] Core 9: skipped 1024 AICore record slot(s) with start_time=0 (race-window write or recycled-buffer tail). buf seq=0 count=1024
[mono_ns=7230567184302921][T0xe0095ca3cca0][WARN] copy_aicore_buffer: [chip_swimlane_collector.cpp:689] Core 11: skipped 1024 AICore record slot(s) with start_time=0 (race-window write or recycled-buffer tail). buf seq=0 count=1024
[mono_ns=7230567184498681][T0xe0095d24cca0][WARN] copy_aicore_buffer: [chip_swimlane_collector.cpp:689] Core 10: skipped 1024 AICore record slot(s) with start_time=0 (race-window write or recycled-buffer tail). buf seq=0 count=1024
[mono_ns=7230567184615691][T0xe0095da5cca0][WARN] copy_aicore_buffer: [chip_swimlane_collector.cpp:689] Core 42: skipped 1024 AICore record slot(s) with start_time=0 (race-window write or recycled-buffer tail). buf seq=0 count=1024
[mono_ns=7230567184616361][T0xe0095ca3cca0][WARN] copy_aicore_buffer: [chip_swimlane_collector.cpp:689] Core 46: skipped 1024 AICore record slot(s) with start_time=0 (race-window write or recycled-buffer tail). buf seq=0 count=1024
[mono_ns=7230567184826040][T0xe0095d24cca0][WARN] copy_aicore_buffer: [chip_swimlane_collector.cpp:689] Core 44: skipped 1024 AICore record slot(s) with start_time=0 (race-window write or recycled-buffer tail). buf seq=0 count=1024
[mono_ns=7230567184931330][T0xe0095da5cca0][WARN] copy_aicore_buffer: [chip_swimlane_collector.cpp:689] Core 43: skipped 1024 AICore record slot(s) with start_time=0 (race-window write or recycled-buffer tail). buf seq=0 count=1024
[mono_ns=7230567184961860][T0xe0095ca3cca0][WARN] copy_aicore_buffer: [chip_swimlane_collector.cpp:689] Core 47: skipped 1024 AICore record slot(s) with start_time=0 (race-window write or recycled-buffer tail). buf seq=0 count=1024
[mono_ns=7230567185161029][T0xe0095d24cca0][WARN] copy_aicore_buffer: [chip_swimlane_collector.cpp:689] Core 45: skipped 1024 AICore record slot(s) with start_time=0 (race-window write or recycled-buffer tail). buf seq=0 count=1024
[mono_ns=7230567185253529][T0xe0095da5cca0][WARN] copy_aicore_buffer: [chip_swimlane_collector.cpp:689] Core 12: skipped 1024 AICore record slot(s) with start_time=0 (race-window write or recycled-buffer tail). buf seq=0 count=1024
[mono_ns=7230567185290509][T0xe0095ca3cca0][WARN] copy_aicore_buffer: [chip_swimlane_collector.cpp:689] Core 14: skipped 1024 AICore record slot(s) with start_time=0 (race-window write or recycled-buffer tail). buf seq=0 count=1024
[mono_ns=7230567185486018][T0xe0095d24cca0][WARN] copy_aicore_buffer: [chip_swimlane_collector.cpp:689] Core 13: skipped 1024 AICore record slot(s) with start_time=0 (race-window write or recycled-buffer tail). buf seq=0 count=1024
[mono_ns=7230567185568128][T0xe0095da5cca0][WARN] copy_aicore_buffer: [chip_swimlane_collector.cpp:689] Core 48: skipped 1024 AICore record slot(s) with start_time=0 (race-window write or recycled-buffer tail). buf seq=0 count=1024
[mono_ns=7230567185608958][T0xe0095ca3cca0][WARN] copy_aicore_buffer: [chip_swimlane_collector.cpp:689] Core 52: skipped 1024 AICore record slot(s) with start_time=0 (race-window write or recycled-buffer tail). buf seq=0 count=1024
[mono_ns=7230567185810948][T0xe0095d24cca0][WARN] copy_aicore_buffer: [chip_swimlane_collector.cpp:689] Core 50: skipped 1024 AICore record slot(s) with start_time=0 (race-window write or recycled-buffer tail). buf seq=0 count=1024
[mono_ns=7230567185896467][T0xe0095da5cca0][WARN] copy_aicore_buffer: [chip_swimlane_collector.cpp:689] Core 49: skipped 1024 AICore record slot(s) with start_time=0 (race-window write or recycled-buffer tail). buf seq=0 count=1024
[mono_ns=7230567185927657][T0xe0095ca3cca0][WARN] copy_aicore_buffer: [chip_swimlane_collector.cpp:689] Core 53: skipped 1024 AICore record slot(s) with start_time=0 (race-window write or recycled-buffer tail). buf seq=0 count=1024
[mono_ns=7230567186149917][T0xe0095d24cca0][WARN] copy_aicore_buffer: [chip_swimlane_collector.cpp:689] Core 51: skipped 1024 AICore record slot(s) with start_time=0 (race-window write or recycled-buffer tail). buf seq=0 count=1024
[mono_ns=7230567186225257][T0xe0095da5cca0][WARN] copy_aicore_buffer: [chip_swimlane_collector.cpp:689] Core 15: skipped 1024 AICore record slot(s) with start_time=0 (race-window write or recycled-buffer tail). buf seq=0 count=1024
[mono_ns=7230567186254967][T0xe0095ca3cca0][WARN] copy_aicore_buffer: [chip_swimlane_collector.cpp:689] Core 17: skipped 1024 AICore record slot(s) with start_time=0 (race-window write or recycled-buffer tail). buf seq=0 count=1024
[mono_ns=7230567186476806][T0xe0095d24cca0][WARN] copy_aicore_buffer: [chip_swimlane_collector.cpp:689] Core 16: skipped 1024 AICore record slot(s) with start_time=0 (race-window write or recycled-buffer tail). buf seq=0 count=1024
[mono_ns=7230567186541806][T0xe0095da5cca0][WARN] copy_aicore_buffer: [chip_swimlane_collector.cpp:689] Core 54: skipped 1024 AICore record slot(s) with start_time=0 (race-window write or recycled-buffer tail). buf seq=0 count=1024
[mono_ns=7230567186599136][T0xe0095ca3cca0][WARN] copy_aicore_buffer: [chip_swimlane_collector.cpp:689] Core 58: skipped 1024 AICore record slot(s) with start_time=0 (race-window write or recycled-buffer tail). buf seq=0 count=1024
[mono_ns=7230567186802215][T0xe0095d24cca0][WARN] copy_aicore_buffer: [chip_swimlane_collector.cpp:689] Core 56: skipped 1024 AICore record slot(s) with start_time=0 (race-window write or recycled-buffer tail). buf seq=0 count=1024
[mono_ns=7230567186858795][T0xe0095da5cca0][WARN] copy_aicore_buffer: [chip_swimlane_collector.cpp:689] Core 55: skipped 1024 AICore record slot(s) with start_time=0 (race-window write or recycled-buffer tail). buf seq=0 count=1024
[mono_ns=7230567186917875][T0xe0095ca3cca0][WARN] copy_aicore_buffer: [chip_swimlane_collector.cpp:689] Core 59: skipped 1024 AICore record slot(s) with start_time=0 (race-window write or recycled-buffer tail). buf seq=0 count=1024
[mono_ns=7230567187137474][T0xe0095d24cca0][WARN] copy_aicore_buffer: [chip_swimlane_collector.cpp:689] Core 57: skipped 1024 AICore record slot(s) with start_time=0 (race-window write or recycled-buffer tail). buf seq=0 count=1024
[mono_ns=7230567187179234][T0xe0095da5cca0][WARN] copy_aicore_buffer: [chip_swimlane_collector.cpp:689] Core 18: skipped 1024 AICore record slot(s) with start_time=0 (race-window write or recycled-buffer tail). buf seq=0 count=1024
[mono_ns=7230567187245174][T0xe0095ca3cca0][WARN] copy_aicore_buffer: [chip_swimlane_collector.cpp:689] Core 20: skipped 1024 AICore record slot(s) with start_time=0 (race-window write or recycled-buffer tail). buf seq=0 count=1024
[mono_ns=7230567187463034][T0xe0095d24cca0][WARN] copy_aicore_buffer: [chip_swimlane_collector.cpp:689] Core 19: skipped 1024 AICore record slot(s) with start_time=0 (race-window write or recycled-buffer tail). buf seq=0 count=1024
[mono_ns=7230567187524843][T0xe0095da5cca0][WARN] copy_aicore_buffer: [chip_swimlane_collector.cpp:689] Core 60: skipped 1024 AICore record slot(s) with start_time=0 (race-window write or recycled-buffer tail). buf seq=0 count=1024
[mono_ns=7230567187563243][T0xe0095ca3cca0][WARN] copy_aicore_buffer: [chip_swimlane_collector.cpp:689] Core 64: skipped 1024 AICore record slot(s) with start_time=0 (race-window write or recycled-buffer tail). buf seq=0 count=1024
[mono_ns=7230567187789803][T0xe0095d24cca0][WARN] copy_aicore_buffer: [chip_swimlane_collector.cpp:689] Core 62: skipped 1024 AICore record slot(s) with start_time=0 (race-window write or recycled-buffer tail). buf seq=0 count=1024
[mono_ns=7230567187841443][T0xe0095da5cca0][WARN] copy_aicore_buffer: [chip_swimlane_collector.cpp:689] Core 61: skipped 1024 AICore record slot(s) with start_time=0 (race-window write or recycled-buffer tail). buf seq=0 count=1024
[mono_ns=7230567187881733][T0xe0095ca3cca0][WARN] copy_aicore_buffer: [chip_swimlane_collector.cpp:689] Core 65: skipped 1024 AICore record slot(s) with start_time=0 (race-window write or recycled-buffer tail). buf seq=0 count=1024
[mono_ns=7230567188131602][T0xe0095d24cca0][WARN] copy_aicore_buffer: [chip_swimlane_collector.cpp:689] Core 63: skipped 1024 AICore record slot(s) with start_time=0 (race-window write or recycled-buffer tail). buf seq=0 count=1024
[mono_ns=7230567188168652][T0xe0095da5cca0][WARN] copy_aicore_buffer: [chip_swimlane_collector.cpp:689] Core 21: skipped 1024 AICore record slot(s) with start_time=0 (race-window write or recycled-buffer tail). buf seq=0 count=1024
[mono_ns=7230567188215322][T0xe0095ca3cca0][WARN] copy_aicore_buffer: [chip_swimlane_collector.cpp:689] Core 23: skipped 1024 AICore record slot(s) with start_time=0 (race-window write or recycled-buffer tail). buf seq=0 count=1024
[mono_ns=7230567188476491][T0xe0095d24cca0][WARN] copy_aicore_buffer: [chip_swimlane_collector.cpp:689] Core 22: skipped 1024 AICore record slot(s) with start_time=0 (race-window write or recycled-buffer tail). buf seq=0 count=1024
[mono_ns=7230567188481381][T0xe0095da5cca0][WARN] copy_aicore_buffer: [chip_swimlane_collector.cpp:689] Core 66: skipped 1024 AICore record slot(s) with start_time=0 (race-window write or recycled-buffer tail). buf seq=0 count=1024
[mono_ns=7230567188527611][T0xe0095ca3cca0][WARN] copy_aicore_buffer: [chip_swimlane_collector.cpp:689] Core 70: skipped 1024 AICore record slot(s) with start_time=0 (race-window write or recycled-buffer tail). buf seq=0 count=1024
[mono_ns=7230567188794260][T0xe0095da5cca0][WARN] copy_aicore_buffer: [chip_swimlane_collector.cpp:689] Core 67: skipped 1024 AICore record slot(s) with start_time=0 (race-window write or recycled-buffer tail). buf seq=0 count=1024
[mono_ns=7230567188804160][T0xe0095d24cca0][WARN] copy_aicore_buffer: [chip_swimlane_collector.cpp:689] Core 68: skipped 1024 AICore record slot(s) with start_time=0 (race-window write or recycled-buffer tail). buf seq=0 count=1024
[mono_ns=7230567188857730][T0xe0095ca3cca0][WARN] copy_aicore_buffer: [chip_swimlane_collector.cpp:689] Core 71: skipped 1024 AICore record slot(s) with start_time=0 (race-window write or recycled-buffer tail). buf seq=0 count=1024
[mono_ns=7230567189133500][T0xe0095d24cca0][WARN] copy_aicore_buffer: [chip_swimlane_collector.cpp:689] Core 69: skipped 1024 AICore record slot(s) with start_time=0 (race-window write or recycled-buffer tail). buf seq=0 count=1024
[mono_ns=7230567289748244][T0xe00aa010b020][TIMING] emit_host_span: [STRACE] v=1 pid=322980 tid=322980 inv=8 hid=f1743919560684ef depth=1 name=chip.run.runner_run ts=7230567178884125 dur=110858239 
[mono_ns=7230567289837983][T0xe00aa010b020][TIMING] emit_host_span: [STRACE] v=1 pid=322980 tid=322980 inv=8 hid=f1743919560684ef depth=1 name=chip.run.validate ts=7230567289763873 dur=70220 
[mono_ns=7230567289848573][T0xe00aa010b020][TIMING] emit_host_span: [STRACE] v=1 pid=322980 tid=322980 inv=8 hid=f1743919560684ef depth=2 name=chip.run.runner_run.device_wall ts=0 dur=1957300 clk=dev
[mono_ns=7230567289852943][T0xe00aa010b020][TIMING] emit_host_span: [STRACE] v=1 pid=322980 tid=322980 inv=8 hid=f1743919560684ef depth=3 name=chip.run.runner_run.device_wall.preamble ts=0 dur=106340 clk=dev
[mono_ns=7230567289858043][T0xe00aa010b020][TIMING] emit_host_span: [STRACE] v=1 pid=322980 tid=322980 inv=8 hid=f1743919560684ef depth=3 name=chip.run.runner_run.device_wall.graph_build ts=102240 dur=1839120 clk=dev
[mono_ns=7230567289861393][T0xe00aa010b020][TIMING] emit_host_span: [STRACE] v=1 pid=322980 tid=322980 inv=8 hid=f1743919560684ef depth=3 name=chip.run.runner_run.device_wall.config_validate ts=102340 dur=899 clk=dev
[mono_ns=7230567289886643][T0xe00aa010b020][TIMING] emit_host_span: [STRACE] v=1 pid=322980 tid=322980 inv=8 hid=f1743919560684ef depth=3 name=chip.run.runner_run.device_wall.arena_wire ts=103280 dur=500 clk=dev
[mono_ns=7230567289890393][T0xe00aa010b020][TIMING] emit_host_span: [STRACE] v=1 pid=322980 tid=322980 inv=8 hid=f1743919560684ef depth=3 name=chip.run.runner_run.device_wall.sm_reset ts=103820 dur=580 clk=dev
[mono_ns=7230567289894113][T0xe00aa010b020][TIMING] emit_host_span: [STRACE] v=1 pid=322980 tid=322980 inv=8 hid=f1743919560684ef depth=3 name=chip.run.runner_run.device_wall.post_orch ts=1941419 dur=15739 clk=dev
[mono_ns=7230567289897763][T0xe00aa010b020][TIMING] emit_host_span: [STRACE] v=1 pid=322980 tid=322980 inv=8 hid=f1743919560684ef depth=3 name=chip.run.runner_run.device_wall.orch ts=104480 dur=4120 clk=dev
[mono_ns=7230567289901363][T0xe00aa010b020][TIMING] emit_host_span: [STRACE] v=1 pid=322980 tid=322980 inv=8 hid=f1743919560684ef depth=3 name=chip.run.runner_run.device_wall.sched ts=106700 dur=1810659 clk=dev
[mono_ns=7230567289905693][T0xe00aa010b020][TIMING] emit_host_span: [STRACE] v=1 pid=322980 tid=322980 inv=8 hid=f1743919560684ef depth=1 name=chip.run.claim_release ts=7230567289903553 dur=380 
[mono_ns=7230567289910583][T0xe00aa010b020][TIMING] emit_host_span: [STRACE] v=1 pid=322980 tid=322980 inv=8 hid=f1743919560684ef depth=0 name=chip.run ts=7230567178241916 dur=111666727 run_id=8 dispatch_id=8 slot_id=0 generation=8 run_epoch=8
