cmd=/usr/local/python3.12.13/bin/python /opt/pypto-profiling/collectives/a1_alltoallv/harness/all_to_all_v_benchmark.py --ep 4 --peer-bytes 0 --count-pattern uniform --core-num 16 --impl managed-host --rounds 100 --warmup 5 --profile both --swimlane-rounds 8 --platform a2a3 --devices 4,5,6,7 --output-json /opt/pypto-profiling/reports/issue-2521-k3-lane-scaling-2026-09-23/json/p4_l16_managed-host_uniform_0_r1.json --output-dir /opt/pypto-profiling/reports/issue-2521-k3-lane-scaling-2026-09-23/builds/p4_l16_managed-host_uniform_0_r1
rc=-11
----- stdout -----
[a2av-bench] session=timing-slot enter warmup=5 rounds=100

----- stderr -----
[mono_ns=15721500800116133][T0xfd87611db020][TIMING] clock_anchor: [CLOCK_ANCHOR] v=1 pid=302750 mono_ns=15721500800115603 wall_ns=1790176362745710042
[mono_ns=15721500814665231][T0xfd87611db020][TIMING] clock_anchor: [CLOCK_ANCHOR] v=1 pid=302757 mono_ns=15721500814664521 wall_ns=1790176362760259210
[mono_ns=15721500826965498][T0xfd87611db020][TIMING] clock_anchor: [CLOCK_ANCHOR] v=1 pid=302765 mono_ns=15721500826965258 wall_ns=1790176362772559657
[mono_ns=15721500840981086][T0xfd87611db020][TIMING] clock_anchor: [CLOCK_ANCHOR] v=1 pid=302777 mono_ns=15721500840980206 wall_ns=1790176362786575025
[mono_ns=15721501814057555][T0xfd87611db020][TIMING] emit_host_span: [STRACE] v=1 pid=302750 tid=302750 inv=0 hid=0 depth=0 name=chip.prewarm.build ts=15721501732460219 dur=81582786 
[chip_process pid=302750 dev=4] ready
[mono_ns=15721501851395916][T0xfd87611db020][TIMING] emit_host_span: [STRACE] v=1 pid=302757 tid=302757 inv=0 hid=0 depth=0 name=chip.prewarm.build ts=15721501765182217 dur=86196769 
[chip_process pid=302757 dev=5] ready
[mono_ns=15721501879896522][T0xfd87611db020][TIMING] emit_host_span: [STRACE] v=1 pid=302777 tid=302777 inv=0 hid=0 depth=0 name=chip.prewarm.build ts=15721501799048096 dur=80828056 
[mono_ns=15721501883732484][T0xfd87611db020][TIMING] emit_host_span: [STRACE] v=1 pid=302765 tid=302765 inv=0 hid=0 depth=0 name=chip.prewarm.build ts=15721501791138432 dur=92579192 
[chip_process pid=302777 dev=7] ready
[chip_process pid=302765 dev=6] ready
[mono_ns=15721501901962534][T0xfd87611db020][TIMING] clock_anchor: [CLOCK_ANCHOR] v=1 pid=257278 mono_ns=15721501901962064 wall_ns=1790176363847556463
[mono_ns=15721504172813418][T0xfd87611db020][TIMING] emit_host_span: [STRACE] v=1 pid=257278 tid=257278 inv=1 hid=77e199e231e86998 depth=0 name=node.submit ts=15721504172743708 dur=59370 run_id=1 task_slot=0 group_index=0 group_size=1 worker_id=0 role=facade
[mono_ns=15721504172885528][T0xfd85a4a2cca0][TIMING] emit_host_span: [STRACE] v=1 pid=257278 tid=303274 inv=1 hid=77e199e231e86998 depth=0 name=node.frame_submit ts=15721504172857708 dur=15690 run_id=1 task_slot=0 group_index=0 worker_id=0 dispatch_id=1 endpoint_kind=local_mailbox prepare_only=0 role=worker
[mono_ns=15721504172900478][T0xfd85a4a2cca0][TIMING] emit_host_span: [STRACE] v=1 pid=257278 tid=303274 inv=1 hid=77e199e231e86998 depth=0 name=node.dispatch ts=15721504172840938 dur=51740 run_id=1 task_slot=0 group_index=0 worker_id=0 dispatch_id=1 endpoint_kind=local_mailbox prepare_only=0 role=scheduler slot_id=0 generation=1
[mono_ns=15721504172918458][T0xfd85a4a2cca0][TIMING] emit_host_span: [STRACE] v=1 pid=257278 tid=303274 inv=0 hid=0 depth=0 name=node.scheduler_loop ts=15721504172821148 dur=89620 role=scheduler drained=0 dispatched=1 drain_ns=5600 spins=2
[mono_ns=15721504173134658][T0xfd87611db020][TIMING] emit_host_span: [STRACE] v=1 pid=257278 tid=257278 inv=1 hid=77e199e231e86998 depth=0 name=node.submit ts=15721504173096128 dur=33480 run_id=1 task_slot=1 group_index=0 group_size=1 worker_id=1 role=facade
[mono_ns=15721504173157288][T0xfd85a4a2cca0][TIMING] emit_host_span: [STRACE] v=1 pid=257278 tid=303274 inv=1 hid=77e199e231e86998 depth=0 name=node.frame_submit ts=15721504173143518 dur=9910 run_id=1 task_slot=1 group_index=0 worker_id=1 dispatch_id=1 endpoint_kind=local_mailbox prepare_only=0 role=worker
[mono_ns=15721504173167028][T0xfd85a4a2cca0][TIMING] emit_host_span: [STRACE] v=1 pid=257278 tid=303274 inv=1 hid=77e199e231e86998 depth=0 name=node.dispatch ts=15721504173139108 dur=22640 run_id=1 task_slot=1 group_index=0 worker_id=1 dispatch_id=1 endpoint_kind=local_mailbox prepare_only=0 role=scheduler slot_id=0 generation=1
[mono_ns=15721504173175928][T0xfd85a4a2cca0][TIMING] emit_host_span: [STRACE] v=1 pid=257278 tid=303274 inv=0 hid=0 depth=0 name=node.scheduler_loop ts=15721504173101678 dur=69760 role=scheduler drained=0 dispatched=1 drain_ns=930 spins=76
[mono_ns=15721504173372168][T0xfd87611db020][TIMING] emit_host_span: [STRACE] v=1 pid=257278 tid=257278 inv=1 hid=77e199e231e86998 depth=0 name=node.submit ts=15721504173357548 dur=9510 run_id=1 task_slot=2 group_index=0 group_size=1 worker_id=2 role=facade
[mono_ns=15721504173390248][T0xfd85a4a2cca0][TIMING] emit_host_span: [STRACE] v=1 pid=257278 tid=303274 inv=1 hid=77e199e231e86998 depth=0 name=node.frame_submit ts=15721504173376498 dur=10260 run_id=1 task_slot=2 group_index=0 worker_id=2 dispatch_id=1 endpoint_kind=local_mailbox prepare_only=0 role=worker
[mono_ns=15721504173399088][T0xfd85a4a2cca0][TIMING] emit_host_span: [STRACE] v=1 pid=257278 tid=303274 inv=1 hid=77e199e231e86998 depth=0 name=node.dispatch ts=15721504173373448 dur=20700 run_id=1 task_slot=2 group_index=0 worker_id=2 dispatch_id=1 endpoint_kind=local_mailbox prepare_only=0 role=scheduler slot_id=0 generation=1
[mono_ns=15721504173406448][T0xfd85a4a2cca0][TIMING] emit_host_span: [STRACE] v=1 pid=257278 tid=303274 inv=0 hid=0 depth=0 name=node.scheduler_loop ts=15721504173361888 dur=41230 role=scheduler drained=0 dispatched=1 drain_ns=1030 spins=83
[mono_ns=15721504173597968][T0xfd85a4a2cca0][TIMING] emit_host_span: [STRACE] v=1 pid=257278 tid=303274 inv=1 hid=77e199e231e86998 depth=0 name=node.frame_submit ts=15721504173583978 dur=10630 run_id=1 task_slot=3 group_index=0 worker_id=3 dispatch_id=1 endpoint_kind=local_mailbox prepare_only=0 role=worker
[mono_ns=15721504173601598][T0xfd87611db020][TIMING] emit_host_span: [STRACE] v=1 pid=257278 tid=257278 inv=1 hid=77e199e231e86998 depth=0 name=node.submit ts=15721504173544288 dur=30670 run_id=1 task_slot=3 group_index=0 group_size=1 worker_id=3 role=facade
[mono_ns=15721504173606678][T0xfd85a4a2cca0][TIMING] emit_host_span: [STRACE] v=1 pid=257278 tid=303274 inv=1 hid=77e199e231e86998 depth=0 name=node.dispatch ts=15721504173581188 dur=20720 run_id=1 task_slot=3 group_index=0 worker_id=3 dispatch_id=1 endpoint_kind=local_mailbox prepare_only=0 role=scheduler slot_id=0 generation=1
[mono_ns=15721504173613198][T0xfd85a4a2cca0][TIMING] emit_host_span: [STRACE] v=1 pid=257278 tid=303274 inv=0 hid=0 depth=0 name=node.scheduler_loop ts=15721504173570628 dur=39430 role=scheduler drained=0 dispatched=1 drain_ns=1030 spins=73
[mono_ns=15721504173828319][T0xfd87611db020][TIMING] emit_host_span: [STRACE] v=1 pid=257278 tid=257278 inv=1 hid=1a1730be40b0dc70 depth=0 name=node.submit ts=15721504173815329 dur=7640 run_id=1 task_slot=4 group_index=0 group_size=1 worker_id=0 role=facade
[mono_ns=15721504174012939][T0xfd87611db020][TIMING] emit_host_span: [STRACE] v=1 pid=257278 tid=257278 inv=1 hid=1a1730be40b0dc70 depth=0 name=node.submit ts=15721504173988869 dur=9730 run_id=1 task_slot=5 group_index=0 group_size=1 worker_id=1 role=facade
[mono_ns=15721504174176569][T0xfd87611db020][TIMING] emit_host_span: [STRACE] v=1 pid=257278 tid=257278 inv=1 hid=1a1730be40b0dc70 depth=0 name=node.submit ts=15721504174158669 dur=12210 run_id=1 task_slot=6 group_index=0 group_size=1 worker_id=2 role=facade
[mono_ns=15721504174173429][T0xfd87611db020][TIMING] emit_host_span: [STRACE] v=1 pid=302750 tid=302750 inv=1 hid=3f162d4883653656 depth=2 name=chip.run.bind.args ts=15721504174162159 dur=3530 
[mono_ns=15721504174191829][T0xfd87611db020][TIMING] emit_host_span: [STRACE] v=1 pid=302750 tid=302750 inv=1 hid=3f162d4883653656 depth=2 name=chip.run.bind.prebuilt ts=15721504174185229 dur=4150 
[mono_ns=15721504174197329][T0xfd87611db020][TIMING] emit_host_span: [STRACE] v=1 pid=302750 tid=302750 inv=1 hid=3f162d4883653656 depth=1 name=chip.run.bind ts=15721504174068689 dur=126180 
[mono_ns=15721504174201569][T0xfd87611db020][TIMING] emit_host_span: [STRACE] v=1 pid=302750 tid=302750 inv=1 hid=3f162d4883653656 depth=1 name=chip.run.publish_image ts=15721504174199159 dur=320 
[mono_ns=15721504174329319][T0xfd87611db020][TIMING] emit_host_span: [STRACE] v=1 pid=257278 tid=257278 inv=1 hid=1a1730be40b0dc70 depth=0 name=node.submit ts=15721504174318799 dur=5670 run_id=1 task_slot=7 group_index=0 group_size=1 worker_id=3 role=facade
[mono_ns=15721504174414849][T0xfd87611db020][TIMING] emit_host_span: [STRACE] v=1 pid=302757 tid=302757 inv=1 hid=3f162d4883653656 depth=2 name=chip.run.bind.args ts=15721504174404529 dur=2270 
[mono_ns=15721504174437949][T0xfd87611db020][TIMING] emit_host_span: [STRACE] v=1 pid=302757 tid=302757 inv=1 hid=3f162d4883653656 depth=2 name=chip.run.bind.prebuilt ts=15721504174429919 dur=4770 
[mono_ns=15721504174443969][T0xfd87611db020][TIMING] emit_host_span: [STRACE] v=1 pid=302757 tid=302757 inv=1 hid=3f162d4883653656 depth=1 name=chip.run.bind ts=15721504174315019 dur=125300 
[mono_ns=15721504174447939][T0xfd87611db020][TIMING] emit_host_span: [STRACE] v=1 pid=302757 tid=302757 inv=1 hid=3f162d4883653656 depth=1 name=chip.run.publish_image ts=15721504174445459 dur=300 
[mono_ns=15721504174492679][T0xfd87611db020][TIMING] emit_host_span: [STRACE] v=1 pid=257278 tid=257278 inv=1 hid=1fdd2d25d5cac9bf depth=0 name=node.submit ts=15721504174456119 dur=32240 run_id=1 task_slot=8 group_index=0 group_size=1 worker_id=0 role=facade
[mono_ns=15721504174583159][T0xfd87611db020][TIMING] emit_host_span: [STRACE] v=1 pid=302765 tid=302765 inv=1 hid=3f162d4883653656 depth=2 name=chip.run.bind.args ts=15721504174575459 dur=1220 
[mono_ns=15721504174599959][T0xfd87611db020][TIMING] emit_host_span: [STRACE] v=1 pid=302765 tid=302765 inv=1 hid=3f162d4883653656 depth=2 name=chip.run.bind.prebuilt ts=15721504174594989 dur=2240 
[mono_ns=15721504174604779][T0xfd87611db020][TIMING] emit_host_span: [STRACE] v=1 pid=302765 tid=302765 inv=1 hid=3f162d4883653656 depth=1 name=chip.run.bind ts=15721504174492439 dur=110150 
[mono_ns=15721504174608799][T0xfd87611db020][TIMING] emit_host_span: [STRACE] v=1 pid=302765 tid=302765 inv=1 hid=3f162d4883653656 depth=1 name=chip.run.publish_image ts=15721504174606859 dur=110 
[mono_ns=15721504174622189][T0xfd87611db020][TIMING] emit_host_span: [STRACE] v=1 pid=257278 tid=257278 inv=1 hid=1fdd2d25d5cac9bf depth=0 name=node.submit ts=15721504174603089 dur=14680 run_id=1 task_slot=9 group_index=0 group_size=1 worker_id=1 role=facade
[mono_ns=15721504174591049][T0xfd87611db020][TIMING] emit_host_span: [STRACE] v=1 pid=302777 tid=302777 inv=1 hid=3f162d4883653656 depth=2 name=chip.run.bind.args ts=15721504174583099 dur=1630 
[mono_ns=15721504174607989][T0xfd87611db020][TIMING] emit_host_span: [STRACE] v=1 pid=302777 tid=302777 inv=1 hid=3f162d4883653656 depth=2 name=chip.run.bind.prebuilt ts=15721504174602959 dur=2240 
[mono_ns=15721504174612929][T0xfd87611db020][TIMING] emit_host_span: [STRACE] v=1 pid=302777 tid=302777 inv=1 hid=3f162d4883653656 depth=1 name=chip.run.bind ts=15721504174496159 dur=114530 
[mono_ns=15721504174616899][T0xfd87611db020][TIMING] emit_host_span: [STRACE] v=1 pid=302777 tid=302777 inv=1 hid=3f162d4883653656 depth=1 name=chip.run.publish_image ts=15721504174614989 dur=120 
[mono_ns=15721504174758699][T0xfd87611db020][TIMING] emit_host_span: [STRACE] v=1 pid=257278 tid=257278 inv=1 hid=1fdd2d25d5cac9bf depth=0 name=node.submit ts=15721504174729869 dur=17620 run_id=1 task_slot=10 group_index=0 group_size=1 worker_id=2 role=facade
[mono_ns=15721504174900139][T0xfd87611db020][TIMING] emit_host_span: [STRACE] v=1 pid=257278 tid=257278 inv=1 hid=1fdd2d25d5cac9bf depth=0 name=node.submit ts=15721504174879299 dur=16770 run_id=1 task_slot=11 group_index=0 group_size=1 worker_id=3 role=facade
[mono_ns=15721504175236029][T0xfd87611db020][TIMING] emit_host_span: [STRACE] v=1 pid=257278 tid=257278 inv=1 hid=f580a8722d4c697a depth=0 name=node.submit ts=15721504175217479 dur=13560 run_id=1 task_slot=12 group_index=0 group_size=1 worker_id=0 role=facade
[mono_ns=15721504175453050][T0xfd87611db020][TIMING] emit_host_span: [STRACE] v=1 pid=257278 tid=257278 inv=1 hid=f580a8722d4c697a depth=0 name=node.submit ts=15721504175424080 dur=15650 run_id=1 task_slot=13 group_index=0 group_size=1 worker_id=1 role=facade
[mono_ns=15721504175561600][T0xfd87611db020][TIMING] emit_host_span: [STRACE] v=1 pid=302750 tid=302750 inv=1 hid=3f162d4883653656 depth=1 name=chip.run.stage_inputs ts=15721504174204249 dur=1352041 
[mono_ns=15721504175638010][T0xfd87611db020][TIMING] emit_host_span: [STRACE] v=1 pid=257278 tid=257278 inv=1 hid=f580a8722d4c697a depth=0 name=node.submit ts=15721504175619050 dur=13310 run_id=1 task_slot=14 group_index=0 group_size=1 worker_id=2 role=facade
[mono_ns=15721504175712350][T0xfd87611db020][TIMING] emit_host_span: [STRACE] v=1 pid=302765 tid=302765 inv=1 hid=3f162d4883653656 depth=1 name=chip.run.stage_inputs ts=15721504174610509 dur=1096221 
[mono_ns=15721504175746140][T0xfd87611db020][TIMING] emit_host_span: [STRACE] v=1 pid=302777 tid=302777 inv=1 hid=3f162d4883653656 depth=1 name=chip.run.stage_inputs ts=15721504174618849 dur=1122241 
[mono_ns=15721504175804230][T0xfd87611db020][TIMING] emit_host_span: [STRACE] v=1 pid=302757 tid=302757 inv=1 hid=3f162d4883653656 depth=1 name=chip.run.stage_inputs ts=15721504174449609 dur=1349231 
[mono_ns=15721504175819070][T0xfd87611db020][TIMING] emit_host_span: [STRACE] v=1 pid=257278 tid=257278 inv=1 hid=f580a8722d4c697a depth=0 name=node.submit ts=15721504175802690 dur=11820 run_id=1 task_slot=15 group_index=0 group_size=1 worker_id=3 role=facade
[mono_ns=15721504175869290][T0xfd87611db020][TIMING] emit_host_span: [STRACE] v=1 pid=257278 tid=257278 inv=1 hid=0 depth=0 name=node.graph_build ts=15721501904526936 dur=2271321294 run_id=1 role=facade
[mono_ns=15721504176036970][T0xfd87611db020][TIMING] emit_host_span: [STRACE] v=1 pid=302750 tid=302750 inv=1 hid=3f162d4883653656 depth=1 name=chip.run.prepare_execution ts=15721504175568460 dur=464030 
[mono_ns=15721504176222050][T0xfd87611db020][TIMING] emit_host_span: [STRACE] v=1 pid=302765 tid=302765 inv=1 hid=3f162d4883653656 depth=1 name=chip.run.prepare_execution ts=15721504175719110 dur=498250 
[mono_ns=15721504176222890][T0xfd87611db020][TIMING] emit_host_span: [STRACE] v=1 pid=302777 tid=302777 inv=1 hid=3f162d4883653656 depth=1 name=chip.run.prepare_execution ts=15721504175756090 dur=461960 
[mono_ns=15721504176268830][T0xfd87611db020][TIMING] emit_host_span: [STRACE] v=1 pid=302757 tid=302757 inv=1 hid=3f162d4883653656 depth=1 name=chip.run.prepare_execution ts=15721504175810240 dur=453820 
[mono_ns=15721504179943252][T0xfd87611db020][TIMING] emit_host_span: [STRACE] v=1 pid=302750 tid=302750 inv=1 hid=3f162d4883653656 depth=1 name=chip.run.runner_run ts=15721504176046690 dur=3890672 
[mono_ns=15721504179998622][T0xfd87611db020][TIMING] emit_host_span: [STRACE] v=1 pid=302750 tid=302750 inv=1 hid=3f162d4883653656 depth=1 name=chip.run.validate ts=15721504179976552 dur=19050 
[mono_ns=15721504180014832][T0xfd87611db020][TIMING] emit_host_span: [STRACE] v=1 pid=302750 tid=302750 inv=1 hid=3f162d4883653656 depth=2 name=chip.run.runner_run.device_wall ts=0 dur=813480 clk=dev dev_id=4 dev_start_cycle=677596667165352 dev_end_cycle=677596667206026 dev_cnt_hz=50000000
[mono_ns=15721504180019802][T0xfd87611db020][TIMING] emit_host_span: [STRACE] v=1 pid=302750 tid=302750 inv=1 hid=3f162d4883653656 depth=3 name=chip.run.runner_run.device_wall.preamble ts=0 dur=170100 clk=dev
[mono_ns=15721504180025022][T0xfd87611db020][TIMING] emit_host_span: [STRACE] v=1 pid=302750 tid=302750 inv=1 hid=3f162d4883653656 depth=3 name=chip.run.runner_run.device_wall.graph_build ts=39919 dur=751959 clk=dev
[mono_ns=15721504180028602][T0xfd87611db020][TIMING] emit_host_span: [STRACE] v=1 pid=302750 tid=302750 inv=1 hid=3f162d4883653656 depth=3 name=chip.run.runner_run.device_wall.config_validate ts=44620 dur=2760 clk=dev
[mono_ns=15721504180033522][T0xfd87611db020][TIMING] emit_host_span: [STRACE] v=1 pid=302750 tid=302750 inv=1 hid=3f162d4883653656 depth=3 name=chip.run.runner_run.device_wall.arena_wire ts=47420 dur=11460 clk=dev
[mono_ns=15721504180036942][T0xfd87611db020][TIMING] emit_host_span: [STRACE] v=1 pid=302750 tid=302750 inv=1 hid=3f162d4883653656 depth=3 name=chip.run.runner_run.device_wall.sm_reset ts=58920 dur=15200 clk=dev
[mono_ns=15721504180041432][T0xfd87611db020][TIMING] emit_host_span: [STRACE] v=1 pid=302750 tid=302750 inv=1 hid=3f162d4883653656 depth=3 name=chip.run.runner_run.device_wall.post_orch ts=791959 dur=14219 clk=dev
[mono_ns=15721504180044792][T0xfd87611db020][TIMING] emit_host_span: [STRACE] v=1 pid=302750 tid=302750 inv=1 hid=3f162d4883653656 depth=3 name=chip.run.runner_run.device_wall.orch ts=75100 dur=24980 clk=dev
[mono_ns=15721504180048072][T0xfd87611db020][TIMING] emit_host_span: [STRACE] v=1 pid=302750 tid=302750 inv=1 hid=3f162d4883653656 depth=3 name=chip.run.runner_run.device_wall.sched ts=171720 dur=593180 clk=dev
[mono_ns=15721504180054212][T0xfd87611db020][TIMING] emit_host_span: [STRACE] v=1 pid=302750 tid=302750 inv=1 hid=3f162d4883653656 depth=1 name=chip.run.claim_release ts=15721504180052082 dur=380 
[mono_ns=15721504180061132][T0xfd87611db020][TIMING] emit_host_span: [STRACE] v=1 pid=302750 tid=302750 inv=1 hid=3f162d4883653656 depth=0 name=chip.run ts=15721504174033319 dur=6025613 run_id=1 dispatch_id=1 slot_id=0 generation=1 run_epoch=1
[mono_ns=15721504180099252][T0xfd85a4a2cca0][TIMING] emit_host_span: [STRACE] v=1 pid=257278 tid=303274 inv=1 hid=77e199e231e86998 depth=0 name=node.complete ts=15721504180088682 dur=6990 run_id=1 task_slot=0 group_index=0 worker_id=0 dispatch_id=1 endpoint_kind=local_mailbox prepare_only=0 role=worker outcome=0
[mono_ns=15721504180115572][T0xfd85a4a2cca0][TIMING] emit_host_span: [STRACE] v=1 pid=257278 tid=303274 inv=1 hid=1a1730be40b0dc70 depth=0 name=node.frame_submit ts=15721504180111622 dur=720 run_id=1 task_slot=4 group_index=0 worker_id=0 dispatch_id=2 endpoint_kind=local_mailbox prepare_only=0 role=worker
[mono_ns=15721504180122592][T0xfd85a4a2cca0][TIMING] emit_host_span: [STRACE] v=1 pid=257278 tid=303274 inv=1 hid=1a1730be40b0dc70 depth=0 name=node.dispatch ts=15721504180108662 dur=9480 run_id=1 task_slot=4 group_index=0 worker_id=0 dispatch_id=2 endpoint_kind=local_mailbox prepare_only=0 role=scheduler slot_id=0 generation=1
[mono_ns=15721504180129932][T0xfd85a4a2cca0][TIMING] emit_host_span: [STRACE] v=1 pid=257278 tid=303274 inv=0 hid=0 depth=0 name=node.scheduler_loop ts=15721504180083712 dur=42650 role=scheduler drained=1 dispatched=1 drain_ns=23490 spins=3364
[mono_ns=15721504180120822][T0xfd87611db020][TIMING] emit_host_span: [STRACE] v=1 pid=302765 tid=302765 inv=1 hid=3f162d4883653656 depth=1 name=chip.run.runner_run ts=15721504176231870 dur=3882532 
[mono_ns=15721504180130442][T0xfd87611db020][TIMING] emit_host_span: [STRACE] v=1 pid=302757 tid=302757 inv=1 hid=3f162d4883653656 depth=1 name=chip.run.runner_run ts=15721504176276490 dur=3848392 
[mono_ns=15721504180176302][T0xfd87611db020][TIMING] emit_host_span: [STRACE] v=1 pid=302765 tid=302765 inv=1 hid=3f162d4883653656 depth=1 name=chip.run.validate ts=15721504180153882 dur=19140 
[mono_ns=15721504180181752][T0xfd87611db020][TIMING] emit_host_span: [STRACE] v=1 pid=302757 tid=302757 inv=1 hid=3f162d4883653656 depth=1 name=chip.run.validate ts=15721504180161292 dur=17490 
[mono_ns=15721504180184512][T0xfd87611db020][TIMING] emit_host_span: [STRACE] v=1 pid=302765 tid=302765 inv=1 hid=3f162d4883653656 depth=2 name=chip.run.runner_run.device_wall ts=0 dur=840040 clk=dev dev_id=6 dev_start_cycle=677596641582998 dev_end_cycle=677596641625000 dev_cnt_hz=50000000
[mono_ns=15721504180189502][T0xfd87611db020][TIMING] emit_host_span: [STRACE] v=1 pid=302757 tid=302757 inv=1 hid=3f162d4883653656 depth=2 name=chip.run.runner_run.device_wall ts=0 dur=820500 clk=dev dev_id=5 dev_start_cycle=677596654381813 dev_end_cycle=677596654422838 dev_cnt_hz=50000000
[mono_ns=15721504180188642][T0xfd87611db020][TIMING] emit_host_span: [STRACE] v=1 pid=302765 tid=302765 inv=1 hid=3f162d4883653656 depth=3 name=chip.run.runner_run.device_wall.preamble ts=0 dur=168040 clk=dev
[mono_ns=15721504180192122][T0xfd87611db020][TIMING] emit_host_span: [STRACE] v=1 pid=302765 tid=302765 inv=1 hid=3f162d4883653656 depth=3 name=chip.run.runner_run.device_wall.graph_build ts=38620 dur=778960 clk=dev
[mono_ns=15721504180193452][T0xfd87611db020][TIMING] emit_host_span: [STRACE] v=1 pid=302757 tid=302757 inv=1 hid=3f162d4883653656 depth=3 name=chip.run.runner_run.device_wall.preamble ts=0 dur=169760 clk=dev
[mono_ns=15721504180195712][T0xfd87611db020][TIMING] emit_host_span: [STRACE] v=1 pid=302765 tid=302765 inv=1 hid=3f162d4883653656 depth=3 name=chip.run.runner_run.device_wall.config_validate ts=43040 dur=2680 clk=dev
[mono_ns=15721504180199322][T0xfd87611db020][TIMING] emit_host_span: [STRACE] v=1 pid=302757 tid=302757 inv=1 hid=3f162d4883653656 depth=3 name=chip.run.runner_run.device_wall.graph_build ts=40500 dur=756960 clk=dev
[mono_ns=15721504180200762][T0xfd87611db020][TIMING] emit_host_span: [STRACE] v=1 pid=302765 tid=302765 inv=1 hid=3f162d4883653656 depth=3 name=chip.run.runner_run.device_wall.arena_wire ts=45740 dur=10800 clk=dev
[mono_ns=15721504180203222][T0xfd87611db020][TIMING] emit_host_span: [STRACE] v=1 pid=302757 tid=302757 inv=1 hid=3f162d4883653656 depth=3 name=chip.run.runner_run.device_wall.config_validate ts=45380 dur=2300 clk=dev
[mono_ns=15721504180204862][T0xfd87611db020][TIMING] emit_host_span: [STRACE] v=1 pid=302765 tid=302765 inv=1 hid=3f162d4883653656 depth=3 name=chip.run.runner_run.device_wall.sm_reset ts=56580 dur=13740 clk=dev
[mono_ns=15721504180209912][T0xfd87611db020][TIMING] emit_host_span: [STRACE] v=1 pid=302765 tid=302765 inv=1 hid=3f162d4883653656 depth=3 name=chip.run.runner_run.device_wall.post_orch ts=817699 dur=15540 clk=dev
[mono_ns=15721504180207222][T0xfd87611db020][TIMING] emit_host_span: [STRACE] v=1 pid=302757 tid=302757 inv=1 hid=3f162d4883653656 depth=3 name=chip.run.runner_run.device_wall.arena_wire ts=47700 dur=10160 clk=dev
[mono_ns=15721504180211492][T0xfd87611db020][TIMING] emit_host_span: [STRACE] v=1 pid=302757 tid=302757 inv=1 hid=3f162d4883653656 depth=3 name=chip.run.runner_run.device_wall.sm_reset ts=57880 dur=14500 clk=dev
[mono_ns=15721504180213032][T0xfd87611db020][TIMING] emit_host_span: [STRACE] v=1 pid=302765 tid=302765 inv=1 hid=3f162d4883653656 depth=3 name=chip.run.runner_run.device_wall.orch ts=71160 dur=26740 clk=dev
[mono_ns=15721504180214942][T0xfd87611db020][TIMING] emit_host_span: [STRACE] v=1 pid=302757 tid=302757 inv=1 hid=3f162d4883653656 depth=3 name=chip.run.runner_run.device_wall.post_orch ts=797540 dur=15240 clk=dev
[mono_ns=15721504180217272][T0xfd87611db020][TIMING] emit_host_span: [STRACE] v=1 pid=302765 tid=302765 inv=1 hid=3f162d4883653656 depth=3 name=chip.run.runner_run.device_wall.sched ts=169660 dur=620660 clk=dev
[mono_ns=15721504180218702][T0xfd87611db020][TIMING] emit_host_span: [STRACE] v=1 pid=302757 tid=302757 inv=1 hid=3f162d4883653656 depth=3 name=chip.run.runner_run.device_wall.orch ts=73240 dur=25919 clk=dev
[mono_ns=15721504180223622][T0xfd87611db020][TIMING] emit_host_span: [STRACE] v=1 pid=302765 tid=302765 inv=1 hid=3f162d4883653656 depth=1 name=chip.run.claim_release ts=15721504180221212 dur=360 
[mono_ns=15721504180223092][T0xfd87611db020][TIMING] emit_host_span: [STRACE] v=1 pid=302757 tid=302757 inv=1 hid=3f162d4883653656 depth=3 name=chip.run.runner_run.device_wall.sched ts=171239 dur=598820 clk=dev
[mono_ns=15721504180227782][T0xfd87611db020][TIMING] emit_host_span: [STRACE] v=1 pid=302757 tid=302757 inv=1 hid=3f162d4883653656 depth=1 name=chip.run.claim_release ts=15721504180225252 dur=660 
[mono_ns=15721504180229582][T0xfd87611db020][TIMING] emit_host_span: [STRACE] v=1 pid=302765 tid=302765 inv=1 hid=3f162d4883653656 depth=0 name=chip.run ts=15721504174462449 dur=5764823 run_id=1 dispatch_id=1 slot_id=0 generation=1 run_epoch=1
[mono_ns=15721504180234412][T0xfd87611db020][TIMING] emit_host_span: [STRACE] v=1 pid=302757 tid=302757 inv=1 hid=3f162d4883653656 depth=0 name=chip.run ts=15721504174281809 dur=5950513 run_id=1 dispatch_id=1 slot_id=0 generation=1 run_epoch=1
[mono_ns=15721504180263432][T0xfd85a4a2cca0][TIMING] emit_host_span: [STRACE] v=1 pid=257278 tid=303274 inv=1 hid=77e199e231e86998 depth=0 name=node.complete ts=15721504180259892 dur=500 run_id=1 task_slot=2 group_index=0 worker_id=2 dispatch_id=1 endpoint_kind=local_mailbox prepare_only=0 role=worker outcome=0
[mono_ns=15721504180278742][T0xfd85a4a2cca0][TIMING] emit_host_span: [STRACE] v=1 pid=257278 tid=303274 inv=1 hid=1a1730be40b0dc70 depth=0 name=node.frame_submit ts=15721504180272662 dur=3010 run_id=1 task_slot=6 group_index=0 worker_id=2 dispatch_id=2 endpoint_kind=local_mailbox prepare_only=0 role=worker
[mono_ns=15721504180286952][T0xfd85a4a2cca0][TIMING] emit_host_span: [STRACE] v=1 pid=257278 tid=303274 inv=1 hid=1a1730be40b0dc70 depth=0 name=node.dispatch ts=15721504180270212 dur=11770 run_id=1 task_slot=6 group_index=0 worker_id=2 dispatch_id=2 endpoint_kind=local_mailbox prepare_only=0 role=scheduler slot_id=0 generation=1
[mono_ns=15721504180293762][T0xfd85a4a2cca0][TIMING] emit_host_span: [STRACE] v=1 pid=257278 tid=303274 inv=0 hid=0 depth=0 name=node.scheduler_loop ts=15721504180256672 dur=33870 role=scheduler drained=1 dispatched=1 drain_ns=12010 spins=66
[mono_ns=15721504180301372][T0xfd85a4a2cca0][TIMING] emit_host_span: [STRACE] v=1 pid=257278 tid=303274 inv=1 hid=77e199e231e86998 depth=0 name=node.complete ts=15721504180297712 dur=750 run_id=1 task_slot=1 group_index=0 worker_id=1 dispatch_id=1 endpoint_kind=local_mailbox prepare_only=0 role=worker outcome=0
[mono_ns=15721504180314062][T0xfd85a4a2cca0][TIMING] emit_host_span: [STRACE] v=1 pid=257278 tid=303274 inv=1 hid=1a1730be40b0dc70 depth=0 name=node.frame_submit ts=15721504180310342 dur=740 run_id=1 task_slot=5 group_index=0 worker_id=1 dispatch_id=2 endpoint_kind=local_mailbox prepare_only=0 role=worker
[mono_ns=15721504180321702][T0xfd85a4a2cca0][TIMING] emit_host_span: [STRACE] v=1 pid=257278 tid=303274 inv=1 hid=1a1730be40b0dc70 depth=0 name=node.dispatch ts=15721504180307822 dur=9490 run_id=1 task_slot=5 group_index=0 worker_id=1 dispatch_id=2 endpoint_kind=local_mailbox prepare_only=0 role=scheduler slot_id=0 generation=1
[mono_ns=15721504180327342][T0xfd85a4a2cca0][TIMING] emit_host_span: [STRACE] v=1 pid=257278 tid=303274 inv=0 hid=0 depth=0 name=node.scheduler_loop ts=15721504180295362 dur=28930 role=scheduler drained=1 dispatched=1 drain_ns=11120 spins=0
[mono_ns=15721504180400412][T0xfd87611db020][TIMING] emit_host_span: [STRACE] v=1 pid=302750 tid=302750 inv=2 hid=e538b307b977f8f2 depth=2 name=chip.run.bind.args ts=15721504180395682 dur=890 
[mono_ns=15721504180412142][T0xfd87611db020][TIMING] emit_host_span: [STRACE] v=1 pid=302750 tid=302750 inv=2 hid=e538b307b977f8f2 depth=2 name=chip.run.bind.prebuilt ts=15721504180407912 dur=2090 
[mono_ns=15721504180416212][T0xfd87611db020][TIMING] emit_host_span: [STRACE] v=1 pid=302750 tid=302750 inv=2 hid=e538b307b977f8f2 depth=1 name=chip.run.bind ts=15721504180389982 dur=23970 
[mono_ns=15721504180421292][T0xfd87611db020][TIMING] emit_host_span: [STRACE] v=1 pid=302750 tid=302750 inv=2 hid=e538b307b977f8f2 depth=1 name=chip.run.publish_image ts=15721504180419382 dur=120 
[mono_ns=15721504180497712][T0xfd87611db020][TIMING] emit_host_span: [STRACE] v=1 pid=302750 tid=302750 inv=2 hid=e538b307b977f8f2 depth=1 name=chip.run.stage_inputs ts=15721504180423212 dur=71240 
[mono_ns=15721504180561692][T0xfd87611db020][TIMING] emit_host_span: [STRACE] v=1 pid=302750 tid=302750 inv=2 hid=e538b307b977f8f2 depth=1 name=chip.run.prepare_execution ts=15721504180502172 dur=56670 
[mono_ns=15721504180588122][T0xfd87611db020][TIMING] emit_host_span: [STRACE] v=1 pid=302757 tid=302757 inv=2 hid=e538b307b977f8f2 depth=2 name=chip.run.bind.args ts=15721504180583272 dur=830 
[mono_ns=15721504180599192][T0xfd87611db020][TIMING] emit_host_span: [STRACE] v=1 pid=302757 tid=302757 inv=2 hid=e538b307b977f8f2 depth=2 name=chip.run.bind.prebuilt ts=15721504180594732 dur=2270 
[mono_ns=15721504180602912][T0xfd87611db020][TIMING] emit_host_span: [STRACE] v=1 pid=302757 tid=302757 inv=2 hid=e538b307b977f8f2 depth=1 name=chip.run.bind ts=15721504180576532 dur=24230 
[mono_ns=15721504180596272][T0xfd87611db020][TIMING] emit_host_span: [STRACE] v=1 pid=302765 tid=302765 inv=2 hid=e538b307b977f8f2 depth=2 name=chip.run.bind.args ts=15721504180591382 dur=910 
[mono_ns=15721504180606322][T0xfd87611db020][TIMING] emit_host_span: [STRACE] v=1 pid=302757 tid=302757 inv=2 hid=e538b307b977f8f2 depth=1 name=chip.run.publish_image ts=15721504180604392 dur=110 
[mono_ns=15721504180609522][T0xfd87611db020][TIMING] emit_host_span: [STRACE] v=1 pid=302765 tid=302765 inv=2 hid=e538b307b977f8f2 depth=2 name=chip.run.bind.prebuilt ts=15721504180604052 dur=3360 
[mono_ns=15721504180616102][T0xfd87611db020][TIMING] emit_host_span: [STRACE] v=1 pid=302765 tid=302765 inv=2 hid=e538b307b977f8f2 depth=1 name=chip.run.bind ts=15721504180585792 dur=27480 
[mono_ns=15721504180619622][T0xfd87611db020][TIMING] emit_host_span: [STRACE] v=1 pid=302765 tid=302765 inv=2 hid=e538b307b977f8f2 depth=1 name=chip.run.publish_image ts=15721504180617742 dur=90 
[mono_ns=15721504180685862][T0xfd87611db020][TIMING] emit_host_span: [STRACE] v=1 pid=302757 tid=302757 inv=2 hid=e538b307b977f8f2 depth=1 name=chip.run.stage_inputs ts=15721504180609092 dur=73300 
[mono_ns=15721504180694832][T0xfd87611db020][TIMING] emit_host_span: [STRACE] v=1 pid=302765 tid=302765 inv=2 hid=e538b307b977f8f2 depth=1 name=chip.run.stage_inputs ts=15721504180622892 dur=68420 
[mono_ns=15721504180749573][T0xfd87611db020][TIMING] emit_host_span: [STRACE] v=1 pid=302757 tid=302757 inv=2 hid=e538b307b977f8f2 depth=1 name=chip.run.prepare_execution ts=15721504180690262 dur=56421 
[mono_ns=15721504180763953][T0xfd87611db020][TIMING] emit_host_span: [STRACE] v=1 pid=302765 tid=302765 inv=2 hid=e538b307b977f8f2 depth=1 name=chip.run.prepare_execution ts=15721504180699652 dur=61471 
[mono_ns=15721504180780383][T0xfd87611db020][TIMING] emit_host_span: [STRACE] v=1 pid=302750 tid=302750 inv=2 hid=e538b307b977f8f2 depth=1 name=chip.run.runner_run ts=15721504180567342 dur=208801 
[mono_ns=15721504180828083][T0xfd87611db020][TIMING] emit_host_span: [STRACE] v=1 pid=302750 tid=302750 inv=2 hid=e538b307b977f8f2 depth=1 name=chip.run.validate ts=15721504180807653 dur=17540 
[mono_ns=15721504180834843][T0xfd87611db020][TIMING] emit_host_span: [STRACE] v=1 pid=302750 tid=302750 inv=2 hid=e538b307b977f8f2 depth=2 name=chip.run.runner_run.device_wall ts=0 dur=44360 clk=dev dev_id=4 dev_start_cycle=677596667246577 dev_end_cycle=677596667248795 dev_cnt_hz=50000000
[mono_ns=15721504180838813][T0xfd87611db020][TIMING] emit_host_span: [STRACE] v=1 pid=302750 tid=302750 inv=2 hid=e538b307b977f8f2 depth=3 name=chip.run.runner_run.device_wall.preamble ts=0 dur=10980 clk=dev
[mono_ns=15721504180842203][T0xfd87611db020][TIMING] emit_host_span: [STRACE] v=1 pid=302750 tid=302750 inv=2 hid=e538b307b977f8f2 depth=3 name=chip.run.runner_run.device_wall.graph_build ts=2179 dur=31260 clk=dev
[mono_ns=15721504180846113][T0xfd87611db020][TIMING] emit_host_span: [STRACE] v=1 pid=302750 tid=302750 inv=2 hid=e538b307b977f8f2 depth=3 name=chip.run.runner_run.device_wall.config_validate ts=2340 dur=1060 clk=dev
[mono_ns=15721504180850893][T0xfd87611db020][TIMING] emit_host_span: [STRACE] v=1 pid=302750 tid=302750 inv=2 hid=e538b307b977f8f2 depth=3 name=chip.run.runner_run.device_wall.arena_wire ts=3440 dur=480 clk=dev
[mono_ns=15721504180855063][T0xfd87611db020][TIMING] emit_host_span: [STRACE] v=1 pid=302750 tid=302750 inv=2 hid=e538b307b977f8f2 depth=3 name=chip.run.runner_run.device_wall.sm_reset ts=3940 dur=760 clk=dev
[mono_ns=15721504180859713][T0xfd87611db020][TIMING] emit_host_span: [STRACE] v=1 pid=302750 tid=302750 inv=2 hid=e538b307b977f8f2 depth=3 name=chip.run.runner_run.device_wall.post_orch ts=33580 dur=9959 clk=dev
[mono_ns=15721504180863403][T0xfd87611db020][TIMING] emit_host_span: [STRACE] v=1 pid=302750 tid=302750 inv=2 hid=e538b307b977f8f2 depth=3 name=chip.run.runner_run.device_wall.orch ts=4780 dur=4620 clk=dev
[mono_ns=15721504180866503][T0xfd87611db020][TIMING] emit_host_span: [STRACE] v=1 pid=302750 tid=302750 inv=2 hid=e538b307b977f8f2 depth=3 name=chip.run.runner_run.device_wall.sched ts=11140 dur=6360 clk=dev
[mono_ns=15721504180871733][T0xfd87611db020][TIMING] emit_host_span: [STRACE] v=1 pid=302750 tid=302750 inv=2 hid=e538b307b977f8f2 depth=1 name=chip.run.claim_release ts=15721504180869693 dur=270 
[mono_ns=15721504180875793][T0xfd87611db020][TIMING] emit_host_span: [STRACE] v=1 pid=302750 tid=302750 inv=2 hid=e538b307b977f8f2 depth=0 name=chip.run ts=15721504180374592 dur=499301 run_id=1 dispatch_id=2 slot_id=0 generation=1 run_epoch=2
[mono_ns=15721504180902733][T0xfd85a4a2cca0][TIMING] emit_host_span: [STRACE] v=1 pid=257278 tid=303274 inv=1 hid=1a1730be40b0dc70 depth=0 name=node.complete ts=15721504180899463 dur=320 run_id=1 task_slot=4 group_index=0 worker_id=0 dispatch_id=2 endpoint_kind=local_mailbox prepare_only=0 role=worker outcome=0
[mono_ns=15721504180915503][T0xfd85a4a2cca0][TIMING] emit_host_span: [STRACE] v=1 pid=257278 tid=303274 inv=1 hid=1fdd2d25d5cac9bf depth=0 name=node.frame_submit ts=15721504180911733 dur=820 run_id=1 task_slot=8 group_index=0 worker_id=0 dispatch_id=3 endpoint_kind=local_mailbox prepare_only=0 role=worker
[mono_ns=15721504180923773][T0xfd85a4a2cca0][TIMING] emit_host_span: [STRACE] v=1 pid=257278 tid=303274 inv=1 hid=1fdd2d25d5cac9bf depth=0 name=node.dispatch ts=15721504180909323 dur=9560 run_id=1 task_slot=8 group_index=0 worker_id=0 dispatch_id=3 endpoint_kind=local_mailbox prepare_only=0 role=scheduler slot_id=0 generation=1
[mono_ns=15721504180930593][T0xfd85a4a2cca0][TIMING] emit_host_span: [STRACE] v=1 pid=257278 tid=303274 inv=0 hid=0 depth=0 name=node.scheduler_loop ts=15721504180897103 dur=30290 role=scheduler drained=1 dispatched=1 drain_ns=10920 spins=299
[mono_ns=15721504180992383][T0xfd87611db020][TIMING] emit_host_span: [STRACE] v=1 pid=302757 tid=302757 inv=2 hid=e538b307b977f8f2 depth=1 name=chip.run.runner_run ts=15721504180755083 dur=232840 
[mono_ns=15721504180997983][T0xfd87611db020][TIMING] emit_host_span: [STRACE] v=1 pid=302765 tid=302765 inv=2 hid=e538b307b977f8f2 depth=1 name=chip.run.runner_run ts=15721504180769843 dur=224030 
[mono_ns=15721504181049783][T0xfd87611db020][TIMING] emit_host_span: [STRACE] v=1 pid=302757 tid=302757 inv=2 hid=e538b307b977f8f2 depth=1 name=chip.run.validate ts=15721504181029573 dur=17070 
[mono_ns=15721504181056823][T0xfd87611db020][TIMING] emit_host_span: [STRACE] v=1 pid=302757 tid=302757 inv=2 hid=e538b307b977f8f2 depth=2 name=chip.run.runner_run.device_wall ts=0 dur=43739 clk=dev dev_id=5 dev_start_cycle=677596654464154 dev_end_cycle=677596654466341 dev_cnt_hz=50000000
[mono_ns=15721504181056163][T0xfd87611db020][TIMING] emit_host_span: [STRACE] v=1 pid=302765 tid=302765 inv=2 hid=e538b307b977f8f2 depth=1 name=chip.run.validate ts=15721504181036163 dur=17210 
[mono_ns=15721504181061083][T0xfd87611db020][TIMING] emit_host_span: [STRACE] v=1 pid=302757 tid=302757 inv=2 hid=e538b307b977f8f2 depth=3 name=chip.run.runner_run.device_wall.preamble ts=0 dur=10340 clk=dev
[mono_ns=15721504181065603][T0xfd87611db020][TIMING] emit_host_span: [STRACE] v=1 pid=302757 tid=302757 inv=2 hid=e538b307b977f8f2 depth=3 name=chip.run.runner_run.device_wall.graph_build ts=2500 dur=30939 clk=dev
[mono_ns=15721504181064603][T0xfd87611db020][TIMING] emit_host_span: [STRACE] v=1 pid=302765 tid=302765 inv=2 hid=e538b307b977f8f2 depth=2 name=chip.run.runner_run.device_wall ts=0 dur=49520 clk=dev dev_id=6 dev_start_cycle=677596641667947 dev_end_cycle=677596641670423 dev_cnt_hz=50000000
[mono_ns=15721504181070383][T0xfd87611db020][TIMING] emit_host_span: [STRACE] v=1 pid=302765 tid=302765 inv=2 hid=e538b307b977f8f2 depth=3 name=chip.run.runner_run.device_wall.preamble ts=0 dur=11080 clk=dev
[mono_ns=15721504181069123][T0xfd87611db020][TIMING] emit_host_span: [STRACE] v=1 pid=302757 tid=302757 inv=2 hid=e538b307b977f8f2 depth=3 name=chip.run.runner_run.device_wall.config_validate ts=2719 dur=820 clk=dev
[mono_ns=15721504181073253][T0xfd87611db020][TIMING] emit_host_span: [STRACE] v=1 pid=302757 tid=302757 inv=2 hid=e538b307b977f8f2 depth=3 name=chip.run.runner_run.device_wall.arena_wire ts=3599 dur=480 clk=dev
[mono_ns=15721504181074043][T0xfd87611db020][TIMING] emit_host_span: [STRACE] v=1 pid=302765 tid=302765 inv=2 hid=e538b307b977f8f2 depth=3 name=chip.run.runner_run.device_wall.graph_build ts=2120 dur=34919 clk=dev
[mono_ns=15721504181078983][T0xfd87611db020][TIMING] emit_host_span: [STRACE] v=1 pid=302765 tid=302765 inv=2 hid=e538b307b977f8f2 depth=3 name=chip.run.runner_run.device_wall.config_validate ts=2300 dur=1120 clk=dev
[mono_ns=15721504181076483][T0xfd87611db020][TIMING] emit_host_span: [STRACE] v=1 pid=302757 tid=302757 inv=2 hid=e538b307b977f8f2 depth=3 name=chip.run.runner_run.device_wall.sm_reset ts=4140 dur=919 clk=dev
[mono_ns=15721504181081233][T0xfd87611db020][TIMING] emit_host_span: [STRACE] v=1 pid=302757 tid=302757 inv=2 hid=e538b307b977f8f2 depth=3 name=chip.run.runner_run.device_wall.post_orch ts=33559 dur=9420 clk=dev
[mono_ns=15721504181071563][T0xfd87611db020][TIMING] emit_host_span: [STRACE] v=1 pid=302777 tid=302777 inv=1 hid=3f162d4883653656 depth=1 name=chip.run.runner_run ts=15721504176233100 dur=4832843 
[mono_ns=15721504181084083][T0xfd87611db020][TIMING] emit_host_span: [STRACE] v=1 pid=302757 tid=302757 inv=2 hid=e538b307b977f8f2 depth=3 name=chip.run.runner_run.device_wall.orch ts=5140 dur=4019 clk=dev
[mono_ns=15721504181082063][T0xfd87611db020][TIMING] emit_host_span: [STRACE] v=1 pid=302765 tid=302765 inv=2 hid=e538b307b977f8f2 depth=3 name=chip.run.runner_run.device_wall.arena_wire ts=3460 dur=640 clk=dev
[mono_ns=15721504181088103][T0xfd87611db020][TIMING] emit_host_span: [STRACE] v=1 pid=302757 tid=302757 inv=2 hid=e538b307b977f8f2 depth=3 name=chip.run.runner_run.device_wall.sched ts=10440 dur=5859 clk=dev
[mono_ns=15721504181086993][T0xfd87611db020][TIMING] emit_host_span: [STRACE] v=1 pid=302765 tid=302765 inv=2 hid=e538b307b977f8f2 depth=3 name=chip.run.runner_run.device_wall.sm_reset ts=4120 dur=799 clk=dev
[mono_ns=15721504181091783][T0xfd87611db020][TIMING] emit_host_span: [STRACE] v=1 pid=302757 tid=302757 inv=2 hid=e538b307b977f8f2 depth=1 name=chip.run.claim_release ts=15721504181089763 dur=280 
[mono_ns=15721504181090303][T0xfd87611db020][TIMING] emit_host_span: [STRACE] v=1 pid=302765 tid=302765 inv=2 hid=e538b307b977f8f2 depth=3 name=chip.run.runner_run.device_wall.post_orch ts=37120 dur=11620 clk=dev
[mono_ns=15721504181096063][T0xfd87611db020][TIMING] emit_host_span: [STRACE] v=1 pid=302757 tid=302757 inv=2 hid=e538b307b977f8f2 depth=0 name=chip.run ts=15721504180559842 dur=534291 run_id=1 dispatch_id=2 slot_id=0 generation=1 run_epoch=2
[mono_ns=15721504181093253][T0xfd87611db020][TIMING] emit_host_span: [STRACE] v=1 pid=302765 tid=302765 inv=2 hid=e538b307b977f8f2 depth=3 name=chip.run.runner_run.device_wall.orch ts=4960 dur=5140 clk=dev
[mono_ns=15721504181096033][T0xfd87611db020][TIMING] emit_host_span: [STRACE] v=1 pid=302765 tid=302765 inv=2 hid=e538b307b977f8f2 depth=3 name=chip.run.runner_run.device_wall.sched ts=11260 dur=8379 clk=dev
[mono_ns=15721504181100313][T0xfd87611db020][TIMING] emit_host_span: [STRACE] v=1 pid=302765 tid=302765 inv=2 hid=e538b307b977f8f2 depth=1 name=chip.run.claim_release ts=15721504181097743 dur=350 
[mono_ns=15721504181104983][T0xfd87611db020][TIMING] emit_host_span: [STRACE] v=1 pid=302765 tid=302765 inv=2 hid=e538b307b977f8f2 depth=0 name=chip.run ts=15721504180566492 dur=536611 run_id=1 dispatch_id=2 slot_id=0 generation=1 run_epoch=2
[mono_ns=15721504181124253][T0xfd85a4a2cca0][TIMING] emit_host_span: [STRACE] v=1 pid=257278 tid=303274 inv=1 hid=1a1730be40b0dc70 depth=0 name=node.complete ts=15721504181120733 dur=330 run_id=1 task_slot=5 group_index=0 worker_id=1 dispatch_id=2 endpoint_kind=local_mailbox prepare_only=0 role=worker outcome=0
[mono_ns=15721504181126293][T0xfd87611db020][TIMING] emit_host_span: [STRACE] v=1 pid=302777 tid=302777 inv=1 hid=3f162d4883653656 depth=1 name=chip.run.validate ts=15721504181105113 dur=18170 
[mono_ns=15721504181135833][T0xfd87611db020][TIMING] emit_host_span: [STRACE] v=1 pid=302777 tid=302777 inv=1 hid=3f162d4883653656 depth=2 name=chip.run.runner_run.device_wall ts=0 dur=806360 clk=dev dev_id=7 dev_start_cycle=677596628426676 dev_end_cycle=677596628466994 dev_cnt_hz=50000000
[mono_ns=15721504181140113][T0xfd87611db020][TIMING] emit_host_span: [STRACE] v=1 pid=302777 tid=302777 inv=1 hid=3f162d4883653656 depth=3 name=chip.run.runner_run.device_wall.preamble ts=0 dur=165240 clk=dev
[mono_ns=15721504181137313][T0xfd85a4a2cca0][TIMING] emit_host_span: [STRACE] v=1 pid=257278 tid=303274 inv=1 hid=1fdd2d25d5cac9bf depth=0 name=node.frame_submit ts=15721504181133533 dur=820 run_id=1 task_slot=9 group_index=0 worker_id=1 dispatch_id=3 endpoint_kind=local_mailbox prepare_only=0 role=worker
[mono_ns=15721504181144993][T0xfd85a4a2cca0][TIMING] emit_host_span: [STRACE] v=1 pid=257278 tid=303274 inv=1 hid=1fdd2d25d5cac9bf depth=0 name=node.dispatch ts=15721504181131103 dur=9560 run_id=1 task_slot=9 group_index=0 worker_id=1 dispatch_id=3 endpoint_kind=local_mailbox prepare_only=0 role=scheduler slot_id=0 generation=1
[mono_ns=15721504181151743][T0xfd85a4a2cca0][TIMING] emit_host_span: [STRACE] v=1 pid=257278 tid=303274 inv=0 hid=0 depth=0 name=node.scheduler_loop ts=15721504181118063 dur=30580 role=scheduler drained=1 dispatched=1 drain_ns=11670 spins=97
[mono_ns=15721504181145273][T0xfd87611db020][TIMING] emit_host_span: [STRACE] v=1 pid=302777 tid=302777 inv=1 hid=3f162d4883653656 depth=3 name=chip.run.runner_run.device_wall.graph_build ts=36240 dur=748160 clk=dev
[mono_ns=15721504181152313][T0xfd87611db020][TIMING] emit_host_span: [STRACE] v=1 pid=302777 tid=302777 inv=1 hid=3f162d4883653656 depth=3 name=chip.run.runner_run.device_wall.config_validate ts=40620 dur=2380 clk=dev
[mono_ns=15721504181156993][T0xfd87611db020][TIMING] emit_host_span: [STRACE] v=1 pid=302777 tid=302777 inv=1 hid=3f162d4883653656 depth=3 name=chip.run.runner_run.device_wall.arena_wire ts=43019 dur=10100 clk=dev
[mono_ns=15721504181159443][T0xfd85a4a2cca0][TIMING] emit_host_span: [STRACE] v=1 pid=257278 tid=303274 inv=1 hid=1a1730be40b0dc70 depth=0 name=node.complete ts=15721504181156263 dur=330 run_id=1 task_slot=6 group_index=0 worker_id=2 dispatch_id=2 endpoint_kind=local_mailbox prepare_only=0 role=worker outcome=0
[mono_ns=15721504181162053][T0xfd87611db020][TIMING] emit_host_span: [STRACE] v=1 pid=302777 tid=302777 inv=1 hid=3f162d4883653656 depth=3 name=chip.run.runner_run.device_wall.sm_reset ts=53160 dur=14040 clk=dev
[mono_ns=15721504181168433][T0xfd87611db020][TIMING] emit_host_span: [STRACE] v=1 pid=302777 tid=302777 inv=1 hid=3f162d4883653656 depth=3 name=chip.run.runner_run.device_wall.post_orch ts=784520 dur=15040 clk=dev
[mono_ns=15721504181172123][T0xfd87611db020][TIMING] emit_host_span: [STRACE] v=1 pid=302777 tid=302777 inv=1 hid=3f162d4883653656 depth=3 name=chip.run.runner_run.device_wall.orch ts=68020 dur=26840 clk=dev
[mono_ns=15721504181176083][T0xfd87611db020][TIMING] emit_host_span: [STRACE] v=1 pid=302777 tid=302777 inv=1 hid=3f162d4883653656 depth=3 name=chip.run.runner_run.device_wall.sched ts=166980 dur=590620 clk=dev
[mono_ns=15721504181173753][T0xfd85a4a2cca0][TIMING] emit_host_span: [STRACE] v=1 pid=257278 tid=303274 inv=1 hid=1fdd2d25d5cac9bf depth=0 name=node.frame_submit ts=15721504181167833 dur=3000 run_id=1 task_slot=10 group_index=0 worker_id=2 dispatch_id=3 endpoint_kind=local_mailbox prepare_only=0 role=worker
[mono_ns=15721504181180103][T0xfd87611db020][TIMING] emit_host_span: [STRACE] v=1 pid=302777 tid=302777 inv=1 hid=3f162d4883653656 depth=1 name=chip.run.claim_release ts=15721504181178043 dur=330 
[mono_ns=15721504181181333][T0xfd85a4a2cca0][TIMING] emit_host_span: [STRACE] v=1 pid=257278 tid=303274 inv=1 hid=1fdd2d25d5cac9bf depth=0 name=node.dispatch ts=15721504181165493 dur=11500 run_id=1 task_slot=10 group_index=0 worker_id=2 dispatch_id=3 endpoint_kind=local_mailbox prepare_only=0 role=scheduler slot_id=0 generation=1
[mono_ns=15721504181187483][T0xfd87611db020][TIMING] emit_host_span: [STRACE] v=1 pid=302777 tid=302777 inv=1 hid=3f162d4883653656 depth=0 name=chip.run ts=15721504174469129 dur=6716424 run_id=1 dispatch_id=1 slot_id=0 generation=1 run_epoch=1
[mono_ns=15721504181188383][T0xfd85a4a2cca0][TIMING] emit_host_span: [STRACE] v=1 pid=257278 tid=303274 inv=0 hid=0 depth=0 name=node.scheduler_loop ts=15721504181153293 dur=32060 role=scheduler drained=1 dispatched=1 drain_ns=10770 spins=0
[mono_ns=15721504181210563][T0xfd87611db020][TIMING] emit_host_span: [STRACE] v=1 pid=302750 tid=302750 inv=3 hid=a8e136849dc5de99 depth=2 name=chip.run.bind.args ts=15721504181205793 dur=880 
[mono_ns=15721504181215553][T0xfd85a4a2cca0][TIMING] emit_host_span: [STRACE] v=1 pid=257278 tid=303274 inv=1 hid=77e199e231e86998 depth=0 name=node.complete ts=15721504181212283 dur=390 run_id=1 task_slot=3 group_index=0 worker_id=3 dispatch_id=1 endpoint_kind=local_mailbox prepare_only=0 role=worker outcome=0
[mono_ns=15721504181222603][T0xfd87611db020][TIMING] emit_host_span: [STRACE] v=1 pid=302750 tid=302750 inv=3 hid=a8e136849dc5de99 depth=2 name=chip.run.bind.prebuilt ts=15721504181218583 dur=1830 
[mono_ns=15721504181226603][T0xfd87611db020][TIMING] emit_host_span: [STRACE] v=1 pid=302750 tid=302750 inv=3 hid=a8e136849dc5de99 depth=1 name=chip.run.bind ts=15721504181200363 dur=24140 
[mono_ns=15721504181229473][T0xfd85a4a2cca0][TIMING] emit_host_span: [STRACE] v=1 pid=257278 tid=303274 inv=1 hid=1a1730be40b0dc70 depth=0 name=node.frame_submit ts=15721504181224253 dur=2300 run_id=1 task_slot=7 group_index=0 worker_id=3 dispatch_id=2 endpoint_kind=local_mailbox prepare_only=0 role=worker
[mono_ns=15721504181230963][T0xfd87611db020][TIMING] emit_host_span: [STRACE] v=1 pid=302750 tid=302750 inv=3 hid=a8e136849dc5de99 depth=1 name=chip.run.publish_image ts=15721504181228193 dur=100 
[mono_ns=15721504181237033][T0xfd85a4a2cca0][TIMING] emit_host_span: [STRACE] v=1 pid=257278 tid=303274 inv=1 hid=1a1730be40b0dc70 depth=0 name=node.dispatch ts=15721504181221923 dur=10830 run_id=1 task_slot=7 group_index=0 worker_id=3 dispatch_id=2 endpoint_kind=local_mailbox prepare_only=0 role=scheduler slot_id=0 generation=1
[mono_ns=15721504181243403][T0xfd85a4a2cca0][TIMING] emit_host_span: [STRACE] v=1 pid=257278 tid=303274 inv=0 hid=0 depth=0 name=node.scheduler_loop ts=15721504181209133 dur=31250 role=scheduler drained=1 dispatched=1 drain_ns=11300 spins=10
[mono_ns=15721504181281853][T0xfd87611db020][TIMING] emit_host_span: [STRACE] v=1 pid=302750 tid=302750 inv=3 hid=a8e136849dc5de99 depth=1 name=chip.run.stage_inputs ts=15721504181234213 dur=44180 
[mono_ns=15721504181347243][T0xfd87611db020][TIMING] emit_host_span: [STRACE] v=1 pid=302750 tid=302750 inv=3 hid=a8e136849dc5de99 depth=1 name=chip.run.prepare_execution ts=15721504181286003 dur=58430 
[mono_ns=15721504181408623][T0xfd87611db020][TIMING] emit_host_span: [STRACE] v=1 pid=302757 tid=302757 inv=3 hid=a8e136849dc5de99 depth=2 name=chip.run.bind.args ts=15721504181403753 dur=920 
[mono_ns=15721504181419083][T0xfd87611db020][TIMING] emit_host_span: [STRACE] v=1 pid=302757 tid=302757 inv=3 hid=a8e136849dc5de99 depth=2 name=chip.run.bind.prebuilt ts=15721504181415213 dur=1690 
[mono_ns=15721504181422703][T0xfd87611db020][TIMING] emit_host_span: [STRACE] v=1 pid=302757 tid=302757 inv=3 hid=a8e136849dc5de99 depth=1 name=chip.run.bind ts=15721504181397903 dur=22860 
[mono_ns=15721504181425853][T0xfd87611db020][TIMING] emit_host_span: [STRACE] v=1 pid=302757 tid=302757 inv=3 hid=a8e136849dc5de99 depth=1 name=chip.run.publish_image ts=15721504181424073 dur=110 
[mono_ns=15721504181449833][T0xfd87611db020][TIMING] emit_host_span: [STRACE] v=1 pid=302765 tid=302765 inv=3 hid=a8e136849dc5de99 depth=2 name=chip.run.bind.args ts=15721504181445243 dur=830 
[mono_ns=15721504181461533][T0xfd87611db020][TIMING] emit_host_span: [STRACE] v=1 pid=302765 tid=302765 inv=3 hid=a8e136849dc5de99 depth=2 name=chip.run.bind.prebuilt ts=15721504181457373 dur=1840 
[mono_ns=15721504181465303][T0xfd87611db020][TIMING] emit_host_span: [STRACE] v=1 pid=302765 tid=302765 inv=3 hid=a8e136849dc5de99 depth=1 name=chip.run.bind ts=15721504181439313 dur=24050 
[mono_ns=15721504181470873][T0xfd87611db020][TIMING] emit_host_span: [STRACE] v=1 pid=302765 tid=302765 inv=3 hid=a8e136849dc5de99 depth=1 name=chip.run.publish_image ts=15721504181468773 dur=80 
[mono_ns=15721504181478923][T0xfd87611db020][TIMING] emit_host_span: [STRACE] v=1 pid=302757 tid=302757 inv=3 hid=a8e136849dc5de99 depth=1 name=chip.run.stage_inputs ts=15721504181429193 dur=46170 
[mono_ns=15721504181516683][T0xfd87611db020][TIMING] emit_host_span: [STRACE] v=1 pid=302765 tid=302765 inv=3 hid=a8e136849dc5de99 depth=1 name=chip.run.stage_inputs ts=15721504181472843 dur=40780 
[mono_ns=15721504181512623][T0xfd87611db020][TIMING] emit_host_span: [STRACE] v=1 pid=302777 tid=302777 inv=2 hid=e538b307b977f8f2 depth=2 name=chip.run.bind.args ts=15721504181507963 dur=1060 
[mono_ns=15721504181527993][T0xfd87611db020][TIMING] emit_host_span: [STRACE] v=1 pid=302777 tid=302777 inv=2 hid=e538b307b977f8f2 depth=2 name=chip.run.bind.prebuilt ts=15721504181521463 dur=3630 
[mono_ns=15721504181531863][T0xfd87611db020][TIMING] emit_host_span: [STRACE] v=1 pid=302777 tid=302777 inv=2 hid=e538b307b977f8f2 depth=1 name=chip.run.bind ts=15721504181501493 dur=28490 
[mono_ns=15721504181539153][T0xfd87611db020][TIMING] emit_host_span: [STRACE] v=1 pid=302777 tid=302777 inv=2 hid=e538b307b977f8f2 depth=1 name=chip.run.publish_image ts=15721504181537243 dur=60 
[mono_ns=15721504181546793][T0xfd87611db020][TIMING] emit_host_span: [STRACE] v=1 pid=302757 tid=302757 inv=3 hid=a8e136849dc5de99 depth=1 name=chip.run.prepare_execution ts=15721504181482893 dur=60670 
[mono_ns=15721504181587153][T0xfd87611db020][TIMING] emit_host_span: [STRACE] v=1 pid=302765 tid=302765 inv=3 hid=a8e136849dc5de99 depth=1 name=chip.run.prepare_execution ts=15721504181522013 dur=62280 
[mono_ns=15721504181616193][T0xfd87611db020][TIMING] emit_host_span: [STRACE] v=1 pid=302777 tid=302777 inv=2 hid=e538b307b977f8f2 depth=1 name=chip.run.stage_inputs ts=15721504181541333 dur=71480 
[mono_ns=15721504181686393][T0xfd87611db020][TIMING] emit_host_span: [STRACE] v=1 pid=302777 tid=302777 inv=2 hid=e538b307b977f8f2 depth=1 name=chip.run.prepare_execution ts=15721504181622653 dur=60790 
[mono_ns=15721504181925543][T0xfd87611db020][TIMING] emit_host_span: [STRACE] v=1 pid=302777 tid=302777 inv=2 hid=e538b307b977f8f2 depth=1 name=chip.run.runner_run ts=15721504181694403 dur=227020 
[mono_ns=15721504181976383][T0xfd87611db020][TIMING] emit_host_span: [STRACE] v=1 pid=302777 tid=302777 inv=2 hid=e538b307b977f8f2 depth=1 name=chip.run.validate ts=15721504181955353 dur=17700 
[mono_ns=15721504181985353][T0xfd87611db020][TIMING] emit_host_span: [STRACE] v=1 pid=302777 tid=302777 inv=2 hid=e538b307b977f8f2 depth=2 name=chip.run.runner_run.device_wall ts=0 dur=45140 clk=dev dev_id=7 dev_start_cycle=677596628508736 dev_end_cycle=677596628510993 dev_cnt_hz=50000000
[mono_ns=15721504181989153][T0xfd87611db020][TIMING] emit_host_span: [STRACE] v=1 pid=302777 tid=302777 inv=2 hid=e538b307b977f8f2 depth=3 name=chip.run.runner_run.device_wall.preamble ts=0 dur=10440 clk=dev
[mono_ns=15721504181996363][T0xfd87611db020][TIMING] emit_host_span: [STRACE] v=1 pid=302777 tid=302777 inv=2 hid=e538b307b977f8f2 depth=3 name=chip.run.runner_run.device_wall.graph_build ts=2139 dur=30960 clk=dev
[mono_ns=15721504182009553][T0xfd87611db020][TIMING] emit_host_span: [STRACE] v=1 pid=302777 tid=302777 inv=2 hid=e538b307b977f8f2 depth=3 name=chip.run.runner_run.device_wall.config_validate ts=2320 dur=1000 clk=dev
[mono_ns=15721504182013013][T0xfd87611db020][TIMING] emit_host_span: [STRACE] v=1 pid=302777 tid=302777 inv=2 hid=e538b307b977f8f2 depth=3 name=chip.run.runner_run.device_wall.arena_wire ts=3340 dur=580 clk=dev
[mono_ns=15721504182018563][T0xfd87611db020][TIMING] emit_host_span: [STRACE] v=1 pid=302777 tid=302777 inv=2 hid=e538b307b977f8f2 depth=3 name=chip.run.runner_run.device_wall.sm_reset ts=3960 dur=1000 clk=dev
[mono_ns=15721504182025243][T0xfd87611db020][TIMING] emit_host_span: [STRACE] v=1 pid=302777 tid=302777 inv=2 hid=e538b307b977f8f2 depth=3 name=chip.run.runner_run.device_wall.post_orch ts=33220 dur=11140 clk=dev
[mono_ns=15721504182028883][T0xfd87611db020][TIMING] emit_host_span: [STRACE] v=1 pid=302777 tid=302777 inv=2 hid=e538b307b977f8f2 depth=3 name=chip.run.runner_run.device_wall.orch ts=5020 dur=5620 clk=dev
[mono_ns=15721504182034393][T0xfd87611db020][TIMING] emit_host_span: [STRACE] v=1 pid=302777 tid=302777 inv=2 hid=e538b307b977f8f2 depth=3 name=chip.run.runner_run.device_wall.sched ts=10520 dur=6260 clk=dev
[mono_ns=15721504182041423][T0xfd87611db020][TIMING] emit_host_span: [STRACE] v=1 pid=302777 tid=302777 inv=2 hid=e538b307b977f8f2 depth=1 name=chip.run.claim_release ts=15721504182039383 dur=260 
[mono_ns=15721504182047023][T0xfd87611db020][TIMING] emit_host_span: [STRACE] v=1 pid=302777 tid=302777 inv=2 hid=e538b307b977f8f2 depth=0 name=chip.run ts=15721504181482343 dur=562750 run_id=1 dispatch_id=2 slot_id=0 generation=1 run_epoch=2
[mono_ns=15721504182077533][T0xfd85a4a2cca0][TIMING] emit_host_span: [STRACE] v=1 pid=257278 tid=303274 inv=1 hid=1a1730be40b0dc70 depth=0 name=node.complete ts=15721504182074063 dur=310 run_id=1 task_slot=7 group_index=0 worker_id=3 dispatch_id=2 endpoint_kind=local_mailbox prepare_only=0 role=worker outcome=0
[mono_ns=15721504182092713][T0xfd85a4a2cca0][TIMING] emit_host_span: [STRACE] v=1 pid=257278 tid=303274 inv=1 hid=1fdd2d25d5cac9bf depth=0 name=node.frame_submit ts=15721504182086213 dur=3510 run_id=1 task_slot=11 group_index=0 worker_id=3 dispatch_id=3 endpoint_kind=local_mailbox prepare_only=0 role=worker
[mono_ns=15721504182100403][T0xfd85a4a2cca0][TIMING] emit_host_span: [STRACE] v=1 pid=257278 tid=303274 inv=1 hid=1fdd2d25d5cac9bf depth=0 name=node.dispatch ts=15721504182083843 dur=12210 run_id=1 task_slot=11 group_index=0 worker_id=3 dispatch_id=3 endpoint_kind=local_mailbox prepare_only=0 role=scheduler slot_id=0 generation=1
[mono_ns=15721504182107353][T0xfd85a4a2cca0][TIMING] emit_host_span: [STRACE] v=1 pid=257278 tid=303274 inv=0 hid=0 depth=0 name=node.scheduler_loop ts=15721504182070683 dur=33580 role=scheduler drained=1 dispatched=1 drain_ns=11670 spins=437
[mono_ns=15721504182369183][T0xfd87611db020][TIMING] emit_host_span: [STRACE] v=1 pid=302777 tid=302777 inv=3 hid=a8e136849dc5de99 depth=2 name=chip.run.bind.args ts=15721504182364463 dur=920 
[mono_ns=15721504182381363][T0xfd87611db020][TIMING] emit_host_span: [STRACE] v=1 pid=302777 tid=302777 inv=3 hid=a8e136849dc5de99 depth=2 name=chip.run.bind.prebuilt ts=15721504182377483 dur=1670 
[mono_ns=15721504182385323][T0xfd87611db020][TIMING] emit_host_span: [STRACE] v=1 pid=302777 tid=302777 inv=3 hid=a8e136849dc5de99 depth=1 name=chip.run.bind ts=15721504182358223 dur=25120 
[mono_ns=15721504182390723][T0xfd87611db020][TIMING] emit_host_span: [STRACE] v=1 pid=302777 tid=302777 inv=3 hid=a8e136849dc5de99 depth=1 name=chip.run.publish_image ts=15721504182388783 dur=100 
[mono_ns=15721504182442013][T0xfd87611db020][TIMING] emit_host_span: [STRACE] v=1 pid=302777 tid=302777 inv=3 hid=a8e136849dc5de99 depth=1 name=chip.run.stage_inputs ts=15721504182395613 dur=43150 
[mono_ns=15721504182513774][T0xfd87611db020][TIMING] emit_host_span: [STRACE] v=1 pid=302777 tid=302777 inv=3 hid=a8e136849dc5de99 depth=1 name=chip.run.prepare_execution ts=15721504182448803 dur=62291 
[mono_ns=15721504869896643][T0xfd87611db020][ERROR] sync_stream_pair: [device_runner_base.cpp:2504] aclrtSynchronizeStreamWithTimeout (AICPU) failed: 507018
[mono_ns=15721504869908533][T0xfd87611db020][ERROR] sync_stream_pair: [device_runner_base.cpp:2505] ACL error detail: 507018 ACL_ERROR_RT_AICPU_EXCEPTION - an AICPU task raised an exception; several distinct on-device mechanisms all surface as this one generic code
[mono_ns=15721504869911773][T0xfd87611db020][ERROR] sync_stream_pair: [device_runner_base.cpp:2505] ACL error hint: do NOT read this as 'deadlock' or 'OOM' on its own -- it is a generic host-side code. Grep the host log for 'orch_error_code=' / 'sched_error_code=' / 'sub_class=' to get the device-classified reason, and read the device log for the detector that fired. See docs/troubleshooting/device-error-codes.md
[mono_ns=15721504870231963][T0xfd87611db020][ERROR] sync_stream_pair: [device_runner_base.cpp:2505] ACL recent error message: EE9999: Inner Error!
EE9999[PID: 302750] 2026-09-23-15:12:46.110.034 (EE9999):  This device does not support cross-server communication drv devId=4 localServerId=1023err:0x702001d[FUNC:ExportToShareableHandleV2][FILE:api_impl.cc][LINE:7120]
        TraceBack (most recent call last):
       rtMemExportToShareableHandleV2 execution failed, reason=driver error:feature not support[FUNC~
[mono_ns=15721504870246333][T0xfd87611db020][ERROR] wait_run_fence: [device_runner_base.cpp:2643] Run completed its boundaries but the device reports an error executing it: 507018 (device_id=4 block_dim=24 slot=0)
[mono_ns=15721504870261133][T0xfd87611db020][WARN] recover_device_or_mark_unusable: [device_runner.cpp:823] AICore error 507018: device drained, but force-resetting in finalize regardless (drain success does not prove the card is clean)
[mono_ns=15721504870273603][T0xfd87611db020][TIMING] emit_host_span: [STRACE] v=1 pid=302750 tid=302750 inv=3 hid=a8e136849dc5de99 depth=1 name=chip.run.runner_run ts=15721504181352683 dur=688915880 
[mono_ns=15721504870322093][T0xfd87611db020][ERROR] operator(): [device_runner_base.cpp:2755] device fault reported: device_id=4 stream_id=43 task_id=4 error_code=507018 thread_id=302750 (device-level; not attributed to any run)
[mono_ns=15721504870328553][T0xfd87611db020][ERROR] consume_device_fault_notices: [device_runner_base.cpp:2805] device 4: fault channel matched 1 notice(s) to its run streams (first code=507018, generation=0). Admission is refused until a confirmed reset retires this generation; no run's outcome is changed by it.
[mono_ns=15721504870331883][T0xfd87611db020][WARN] simpler_finalize_run: [c_api_shared.cpp:1381] device fault channel matched 1 notice(s) to this runner's run streams while finalizing run_id=1 dispatch_id=3 slot_id=0 generation=1 run_epoch=3; this run's own outcome is unchanged and the device refuses further admission
[mono_ns=15721504870336433][T0xfd87611db020][ERROR] copy_back_run_outputs_impl: [runtime_maker.cpp:1028] simpler runtime failed: orch_error_code=5 sched_error_code=0 runtime_status=-5
[mono_ns=15721504870341443][T0xfd87611db020][ERROR] copy_back_run_outputs_impl: [runtime_maker.cpp:1028] error detail: orch_error_code=5 INVALID_ARGS - an orchestration API rejected its arguments (bad alloc_tensors info, illegal nested scope, unknown task id in set_dependencies, or an CoreTaskArgs carrying an error flag)
[mono_ns=15721504870344783][T0xfd87611db020][ERROR] copy_back_run_outputs_impl: [runtime_maker.cpp:1028] error hint: an orchestration bug, not a capacity problem -- resizing the rings will not help; recheck the arguments of the orchestration API calls listed above. See docs/troubleshooting/device-error-codes.md
[mono_ns=15721504870348003][T0xfd87611db020][WARN] copy_back_run_outputs_impl: [runtime_maker.cpp:1050] Skipping tensor copy-back because execution failed
[mono_ns=15721504870355263][T0xfd87611db020][TIMING] emit_host_span: [STRACE] v=1 pid=302750 tid=302750 inv=3 hid=a8e136849dc5de99 depth=1 name=chip.run.validate ts=15721504870334393 dur=18380 
[mono_ns=15721504870360043][T0xfd87611db020][TIMING] emit_host_span: [STRACE] v=1 pid=302750 tid=302750 inv=3 hid=a8e136849dc5de99 depth=1 name=chip.run.claim_release ts=15721504870357463 dur=560 
[mono_ns=15721504870367383][T0xfd87611db020][TIMING] emit_host_span: [STRACE] v=1 pid=302750 tid=302750 inv=3 hid=a8e136849dc5de99 depth=0 name=chip.run ts=15721504181185533 dur=689179740 run_id=1 dispatch_id=3 slot_id=0 generation=1 run_epoch=3
[mono_ns=15721504870850453][T0xfd85a4a2cca0][TIMING] emit_host_span: [STRACE] v=1 pid=257278 tid=303274 inv=1 hid=1fdd2d25d5cac9bf depth=0 name=node.complete ts=15721504870810483 dur=34270 run_id=1 task_slot=8 group_index=0 worker_id=0 dispatch_id=3 endpoint_kind=local_mailbox prepare_only=0 role=worker outcome=1
[mono_ns=15721504870880893][T0xfd85a4a2cca0][TIMING] emit_host_span: [STRACE] v=1 pid=257278 tid=303274 inv=0 hid=0 depth=0 name=node.scheduler_loop ts=15721504870794243 dur=81970 role=scheduler drained=1 dispatched=0 drain_ns=78390 spins=372710
[mono_ns=15721505061081951][T0xfd87611db020][ERROR] sync_stream_pair: [device_runner_base.cpp:2504] aclrtSynchronizeStreamWithTimeout (AICPU) failed: 507018
[mono_ns=15721505061106001][T0xfd87611db020][ERROR] sync_stream_pair: [device_runner_base.cpp:2505] ACL error detail: 507018 ACL_ERROR_RT_AICPU_EXCEPTION - an AICPU task raised an exception; several distinct on-device mechanisms all surface as this one generic code
[mono_ns=15721505061109941][T0xfd87611db020][ERROR] sync_stream_pair: [device_runner_base.cpp:2505] ACL error hint: do NOT read this as 'deadlock' or 'OOM' on its own -- it is a generic host-side code. Grep the host log for 'orch_error_code=' / 'sched_error_code=' / 'sub_class=' to get the device-classified reason, and read the device log for the detector that fired. See docs/troubleshooting/device-error-codes.md
[mono_ns=15721505061792691][T0xfd87611db020][ERROR] sync_stream_pair: [device_runner_base.cpp:2505] ACL recent error message: EE9999: Inner Error!
EE9999[PID: 302777] 2026-09-23-15:12:46.110.556 (EE9999):  This device does not support cross-server communication drv devId=7 localServerId=1023err:0x702001d[FUNC:ExportToShareableHandleV2][FILE:api_impl.cc][LINE:7120]
        TraceBack (most recent call last):
       rtMemExportToShareableHandleV2 execution failed, reason=driver error:feature not support[FUNC~
[mono_ns=15721505061813191][T0xfd87611db020][ERROR] wait_run_fence: [device_runner_base.cpp:2643] Run completed its boundaries but the device reports an error executing it: 507018 (device_id=7 block_dim=24 slot=0)
[mono_ns=15721505061901631][T0xfd87611db020][WARN] recover_device_or_mark_unusable: [device_runner.cpp:823] AICore error 507018: device drained, but force-resetting in finalize regardless (drain success does not prove the card is clean)
[mono_ns=15721505061934291][T0xfd87611db020][TIMING] emit_host_span: [STRACE] v=1 pid=302777 tid=302777 inv=3 hid=a8e136849dc5de99 depth=1 name=chip.run.runner_run ts=15721504182521624 dur=879405907 
[mono_ns=15721505062071442][T0xfd87611db020][ERROR] operator(): [device_runner_base.cpp:2755] device fault reported: device_id=7 stream_id=43 task_id=4 error_code=507018 thread_id=302777 (device-level; not attributed to any run)
[mono_ns=15721505062081502][T0xfd87611db020][ERROR] consume_device_fault_notices: [device_runner_base.cpp:2805] device 7: fault channel matched 1 notice(s) to its run streams (first code=507018, generation=0). Admission is refused until a confirmed reset retires this generation; no run's outcome is changed by it.
[mono_ns=15721505062084892][T0xfd87611db020][WARN] simpler_finalize_run: [c_api_shared.cpp:1381] device fault channel matched 1 notice(s) to this runner's run streams while finalizing run_id=1 dispatch_id=3 slot_id=0 generation=1 run_epoch=3; this run's own outcome is unchanged and the device refuses further admission
[mono_ns=15721505062091202][T0xfd87611db020][ERROR] copy_back_run_outputs_impl: [runtime_maker.cpp:1028] simpler runtime failed: orch_error_code=5 sched_error_code=0 runtime_status=-5
[mono_ns=15721505062098052][T0xfd87611db020][ERROR] copy_back_run_outputs_impl: [runtime_maker.cpp:1028] error detail: orch_error_code=5 INVALID_ARGS - an orchestration API rejected its arguments (bad alloc_tensors info, illegal nested scope, unknown task id in set_dependencies, or an CoreTaskArgs carrying an error flag)
[mono_ns=15721505062106762][T0xfd87611db020][ERROR] copy_back_run_outputs_impl: [runtime_maker.cpp:1028] error hint: an orchestration bug, not a capacity problem -- resizing the rings will not help; recheck the arguments of the orchestration API calls listed above. See docs/troubleshooting/device-error-codes.md
[mono_ns=15721505062110182][T0xfd87611db020][WARN] copy_back_run_outputs_impl: [runtime_maker.cpp:1050] Skipping tensor copy-back because execution failed
[mono_ns=15721505062117322][T0xfd87611db020][TIMING] emit_host_span: [STRACE] v=1 pid=302777 tid=302777 inv=3 hid=a8e136849dc5de99 depth=1 name=chip.run.validate ts=15721505062088612 dur=25240 
[mono_ns=15721505062129942][T0xfd87611db020][TIMING] emit_host_span: [STRACE] v=1 pid=302777 tid=302777 inv=3 hid=a8e136849dc5de99 depth=1 name=chip.run.claim_release ts=15721505062125082 dur=2660 
[mono_ns=15721505062141622][T0xfd87611db020][TIMING] emit_host_span: [STRACE] v=1 pid=302777 tid=302777 inv=3 hid=a8e136849dc5de99 depth=0 name=chip.run ts=15721504182342223 dur=879796909 run_id=1 dispatch_id=3 slot_id=0 generation=1 run_epoch=3
[mono_ns=15721505063018192][T0xfd85a4a2cca0][TIMING] emit_host_span: [STRACE] v=1 pid=257278 tid=303274 inv=1 hid=1fdd2d25d5cac9bf depth=0 name=node.complete ts=15721505062994222 dur=20090 run_id=1 task_slot=11 group_index=0 worker_id=3 dispatch_id=3 endpoint_kind=local_mailbox prepare_only=0 role=worker outcome=1
[mono_ns=15721505063038502][T0xfd85a4a2cca0][TIMING] emit_host_span: [STRACE] v=1 pid=257278 tid=303274 inv=0 hid=0 depth=0 name=node.scheduler_loop ts=15721505062986442 dur=48110 role=scheduler drained=1 dispatched=0 drain_ns=45620 spins=103592
[mono_ns=15721505118534434][T0xfd87611db020][ERROR] sync_stream_pair: [device_runner_base.cpp:2504] aclrtSynchronizeStreamWithTimeout (AICPU) failed: 507018
[mono_ns=15721505118561114][T0xfd87611db020][ERROR] sync_stream_pair: [device_runner_base.cpp:2505] ACL error detail: 507018 ACL_ERROR_RT_AICPU_EXCEPTION - an AICPU task raised an exception; several distinct on-device mechanisms all surface as this one generic code
[mono_ns=15721505118564584][T0xfd87611db020][ERROR] sync_stream_pair: [device_runner_base.cpp:2505] ACL error hint: do NOT read this as 'deadlock' or 'OOM' on its own -- it is a generic host-side code. Grep the host log for 'orch_error_code=' / 'sched_error_code=' / 'sub_class=' to get the device-classified reason, and read the device log for the detector that fired. See docs/troubleshooting/device-error-codes.md
[mono_ns=15721505119195024][T0xfd87611db020][ERROR] sync_stream_pair: [device_runner_base.cpp:2505] ACL recent error message: EE9999: Inner Error!
EE9999[PID: 302765] 2026-09-23-15:12:46.110.436 (EE9999):  This device does not support cross-server communication drv devId=6 localServerId=1023err:0x702001d[FUNC:ExportToShareableHandleV2][FILE:api_impl.cc][LINE:7120]
        TraceBack (most recent call last):
       rtMemExportToShareableHandleV2 execution failed, reason=driver error:feature not support[FUNC~
[mono_ns=15721505119215404][T0xfd87611db020][ERROR] wait_run_fence: [device_runner_base.cpp:2643] Run completed its boundaries but the device reports an error executing it: 507018 (device_id=6 block_dim=24 slot=0)
[mono_ns=15721505119312754][T0xfd87611db020][WARN] recover_device_or_mark_unusable: [device_runner.cpp:823] AICore error 507018: device drained, but force-resetting in finalize regardless (drain success does not prove the card is clean)
[mono_ns=15721505119340334][T0xfd87611db020][TIMING] emit_host_span: [STRACE] v=1 pid=302765 tid=302765 inv=3 hid=a8e136849dc5de99 depth=1 name=chip.run.runner_run ts=15721504181594073 dur=937740581 
[mono_ns=15721505119474334][T0xfd87611db020][ERROR] operator(): [device_runner_base.cpp:2755] device fault reported: device_id=6 stream_id=43 task_id=4 error_code=507018 thread_id=302765 (device-level; not attributed to any run)
[mono_ns=15721505119485384][T0xfd87611db020][ERROR] consume_device_fault_notices: [device_runner_base.cpp:2805] device 6: fault channel matched 1 notice(s) to its run streams (first code=507018, generation=0). Admission is refused until a confirmed reset retires this generation; no run's outcome is changed by it.
[mono_ns=15721505119488644][T0xfd87611db020][WARN] simpler_finalize_run: [c_api_shared.cpp:1381] device fault channel matched 1 notice(s) to this runner's run streams while finalizing run_id=1 dispatch_id=3 slot_id=0 generation=1 run_epoch=3; this run's own outcome is unchanged and the device refuses further admission
[mono_ns=15721505119493844][T0xfd87611db020][ERROR] copy_back_run_outputs_impl: [runtime_maker.cpp:1028] simpler runtime failed: orch_error_code=5 sched_error_code=0 runtime_status=-5
[mono_ns=15721505119499784][T0xfd87611db020][ERROR] copy_back_run_outputs_impl: [runtime_maker.cpp:1028] error detail: orch_error_code=5 INVALID_ARGS - an orchestration API rejected its arguments (bad alloc_tensors info, illegal nested scope, unknown task id in set_dependencies, or an CoreTaskArgs carrying an error flag)
[mono_ns=15721505119508374][T0xfd87611db020][ERROR] copy_back_run_outputs_impl: [runtime_maker.cpp:1028] error hint: an orchestration bug, not a capacity problem -- resizing the rings will not help; recheck the arguments of the orchestration API calls listed above. See docs/troubleshooting/device-error-codes.md
[mono_ns=15721505119511324][T0xfd87611db020][WARN] copy_back_run_outputs_impl: [runtime_maker.cpp:1050] Skipping tensor copy-back because execution failed
[mono_ns=15721505119516344][T0xfd87611db020][TIMING] emit_host_span: [STRACE] v=1 pid=302765 tid=302765 inv=3 hid=a8e136849dc5de99 depth=1 name=chip.run.validate ts=15721505119491784 dur=21970 
[mono_ns=15721505119524584][T0xfd87611db020][TIMING] emit_host_span: [STRACE] v=1 pid=302765 tid=302765 inv=3 hid=a8e136849dc5de99 depth=1 name=chip.run.claim_release ts=15721505119519894 dur=2750 
[mono_ns=15721505119537324][T0xfd87611db020][TIMING] emit_host_span: [STRACE] v=1 pid=302765 tid=302765 inv=3 hid=a8e136849dc5de99 depth=0 name=chip.run ts=15721504181421863 dur=938112541 run_id=1 dispatch_id=3 slot_id=0 generation=1 run_epoch=3
[mono_ns=15721505120303575][T0xfd85a4a2cca0][TIMING] emit_host_span: [STRACE] v=1 pid=257278 tid=303274 inv=1 hid=1fdd2d25d5cac9bf depth=0 name=node.complete ts=15721505120297285 dur=2290 run_id=1 task_slot=10 group_index=0 worker_id=2 dispatch_id=3 endpoint_kind=local_mailbox prepare_only=0 role=worker outcome=1
[mono_ns=15721505120322735][T0xfd85a4a2cca0][TIMING] emit_host_span: [STRACE] v=1 pid=257278 tid=303274 inv=0 hid=0 depth=0 name=node.scheduler_loop ts=15721505120291195 dur=27220 role=scheduler drained=1 dispatched=0 drain_ns=24910 spins=30021
[mono_ns=15721505133237392][T0xfd87611db020][ERROR] sync_stream_pair: [device_runner_base.cpp:2504] aclrtSynchronizeStreamWithTimeout (AICPU) failed: 507018
[mono_ns=15721505133258012][T0xfd87611db020][ERROR] sync_stream_pair: [device_runner_base.cpp:2505] ACL error detail: 507018 ACL_ERROR_RT_AICPU_EXCEPTION - an AICPU task raised an exception; several distinct on-device mechanisms all surface as this one generic code
[mono_ns=15721505133261722][T0xfd87611db020][ERROR] sync_stream_pair: [device_runner_base.cpp:2505] ACL error hint: do NOT read this as 'deadlock' or 'OOM' on its own -- it is a generic host-side code. Grep the host log for 'orch_error_code=' / 'sched_error_code=' / 'sub_class=' to get the device-classified reason, and read the device log for the detector that fired. See docs/troubleshooting/device-error-codes.md
[mono_ns=15721505133509462][T0xfd87611db020][ERROR] sync_stream_pair: [device_runner_base.cpp:2505] ACL recent error message: EE9999: Inner Error!
EE9999[PID: 302757] 2026-09-23-15:12:46.110.218 (EE9999):  This device does not support cross-server communication drv devId=5 localServerId=1023err:0x702001d[FUNC:ExportToShareableHandleV2][FILE:api_impl.cc][LINE:7120]
        TraceBack (most recent call last):
       rtMemExportToShareableHandleV2 execution failed, reason=driver error:feature not support[FUNC~
[mono_ns=15721505133523182][T0xfd87611db020][ERROR] wait_run_fence: [device_runner_base.cpp:2643] Run completed its boundaries but the device reports an error executing it: 507018 (device_id=5 block_dim=24 slot=0)
[mono_ns=15721505133539582][T0xfd87611db020][WARN] recover_device_or_mark_unusable: [device_runner.cpp:823] AICore error 507018: device drained, but force-resetting in finalize regardless (drain success does not prove the card is clean)
[mono_ns=15721505133554072][T0xfd87611db020][TIMING] emit_host_span: [STRACE] v=1 pid=302757 tid=302757 inv=3 hid=a8e136849dc5de99 depth=1 name=chip.run.runner_run ts=15721504181552303 dur=951996619 
[mono_ns=15721505133620872][T0xfd87611db020][ERROR] operator(): [device_runner_base.cpp:2755] device fault reported: device_id=5 stream_id=43 task_id=4 error_code=507018 thread_id=302757 (device-level; not attributed to any run)
[mono_ns=15721505133626612][T0xfd87611db020][ERROR] consume_device_fault_notices: [device_runner_base.cpp:2805] device 5: fault channel matched 1 notice(s) to its run streams (first code=507018, generation=0). Admission is refused until a confirmed reset retires this generation; no run's outcome is changed by it.
[mono_ns=15721505133629552][T0xfd87611db020][WARN] simpler_finalize_run: [c_api_shared.cpp:1381] device fault channel matched 1 notice(s) to this runner's run streams while finalizing run_id=1 dispatch_id=3 slot_id=0 generation=1 run_epoch=3; this run's own outcome is unchanged and the device refuses further admission
[mono_ns=15721505133634852][T0xfd87611db020][ERROR] copy_back_run_outputs_impl: [runtime_maker.cpp:1028] simpler runtime failed: orch_error_code=5 sched_error_code=0 runtime_status=-5
[mono_ns=15721505133638862][T0xfd87611db020][ERROR] copy_back_run_outputs_impl: [runtime_maker.cpp:1028] error detail: orch_error_code=5 INVALID_ARGS - an orchestration API rejected its arguments (bad alloc_tensors info, illegal nested scope, unknown task id in set_dependencies, or an CoreTaskArgs carrying an error flag)
[mono_ns=15721505133642282][T0xfd87611db020][ERROR] copy_back_run_outputs_impl: [runtime_maker.cpp:1028] error hint: an orchestration bug, not a capacity problem -- resizing the rings will not help; recheck the arguments of the orchestration API calls listed above. See docs/troubleshooting/device-error-codes.md
[mono_ns=15721505133644842][T0xfd87611db020][WARN] copy_back_run_outputs_impl: [runtime_maker.cpp:1050] Skipping tensor copy-back because execution failed
[mono_ns=15721505133651192][T0xfd87611db020][TIMING] emit_host_span: [STRACE] v=1 pid=302757 tid=302757 inv=3 hid=a8e136849dc5de99 depth=1 name=chip.run.validate ts=15721505133632022 dur=16440 
[mono_ns=15721505133657362][T0xfd87611db020][TIMING] emit_host_span: [STRACE] v=1 pid=302757 tid=302757 inv=3 hid=a8e136849dc5de99 depth=1 name=chip.run.claim_release ts=15721505133654612 dur=610 
[mono_ns=15721505133664272][T0xfd87611db020][TIMING] emit_host_span: [STRACE] v=1 pid=302757 tid=302757 inv=3 hid=a8e136849dc5de99 depth=0 name=chip.run ts=15721504181382953 dur=952279099 run_id=1 dispatch_id=3 slot_id=0 generation=1 run_epoch=3
[mono_ns=15721505134179322][T0xfd85a4a2cca0][TIMING] emit_host_span: [STRACE] v=1 pid=257278 tid=303274 inv=1 hid=1fdd2d25d5cac9bf depth=0 name=node.complete ts=15721505134174532 dur=1530 run_id=1 task_slot=9 group_index=0 worker_id=1 dispatch_id=3 endpoint_kind=local_mailbox prepare_only=0 role=worker outcome=1
[mono_ns=15721505134203092][T0xfd85a4a2cca0][TIMING] emit_host_span: [STRACE] v=1 pid=257278 tid=303274 inv=0 hid=0 depth=0 name=node.scheduler_loop ts=15721505134170632 dur=29030 role=scheduler drained=1 dispatched=0 drain_ns=28860 spins=7457
[mono_ns=15721505134871023][T0xfd87611db020][TIMING] emit_host_span: [STRACE] v=1 pid=257278 tid=257278 inv=1 hid=0 depth=0 name=node.post_fence_retirement ts=15721505134190322 dur=672861 run_id=1 slot_id=0 generation=1 role=facade
[mono_ns=15721507139406470][T0xfd87611db020][WARN] force_reset_device: [device_runner.cpp:987] force_reset_device: aclrtResetDeviceForce(5) established a usable device generation (probe confirmed)
[mono_ns=15721507139456210][T0xfd87611db020][WARN] retire_device_generation_after_confirmed_reset: [device_runner_base.cpp:2717] device 5: confirmed reset retired the suspect generation; fault notices reported before it are no longer this device's (generation is now 1)
[mono_ns=15721507147045014][T0xfd87611db020][WARN] force_reset_device: [device_runner.cpp:987] force_reset_device: aclrtResetDeviceForce(4) established a usable device generation (probe confirmed)
[mono_ns=15721507147133384][T0xfd87611db020][WARN] retire_device_generation_after_confirmed_reset: [device_runner_base.cpp:2717] device 4: confirmed reset retired the suspect generation; fault notices reported before it are no longer this device's (generation is now 1)
[mono_ns=15721507337821002][T0xfd87611db020][WARN] finalize_common_impl: [device_runner_base.cpp:1888] Fatal teardown: force reset/quarantine finished; skipping per-resource RTS destroy/free calls
[mono_ns=15721507338306762][T0xfd87611db020][WARN] finalize_common_impl: [device_runner_base.cpp:2167] Fatal teardown: host-side ownership cleared without further device calls
[mono_ns=15721507364677827][T0xfd87611db020][WARN] finalize_common_impl: [device_runner_base.cpp:1888] Fatal teardown: force reset/quarantine finished; skipping per-resource RTS destroy/free calls
[mono_ns=15721507365239848][T0xfd87611db020][WARN] finalize_common_impl: [device_runner_base.cpp:2167] Fatal teardown: host-side ownership cleared without further device calls
[mono_ns=15721507500387035][T0xfd87611db020][WARN] force_reset_device: [device_runner.cpp:987] force_reset_device: aclrtResetDeviceForce(6) established a usable device generation (probe confirmed)
[mono_ns=15721507500433565][T0xfd87611db020][WARN] retire_device_generation_after_confirmed_reset: [device_runner_base.cpp:2717] device 6: confirmed reset retired the suspect generation; fault notices reported before it are no longer this device's (generation is now 1)
[mono_ns=15721507512613601][T0xfd87611db020][WARN] force_reset_device: [device_runner.cpp:987] force_reset_device: aclrtResetDeviceForce(7) established a usable device generation (probe confirmed)
[mono_ns=15721507512663372][T0xfd87611db020][WARN] retire_device_generation_after_confirmed_reset: [device_runner_base.cpp:2717] device 7: confirmed reset retired the suspect generation; fault notices reported before it are no longer this device's (generation is now 1)
[mono_ns=15721507550258293][T0xfd87611db020][WARN] finalize: [device_runner.cpp:1159] DeviceRunner finalized after fatal device failure
[mono_ns=15721507725250322][T0xfd87611db020][WARN] finalize_common_impl: [device_runner_base.cpp:1888] Fatal teardown: force reset/quarantine finished; skipping per-resource RTS destroy/free calls
[mono_ns=15721507725615002][T0xfd87611db020][WARN] finalize_common_impl: [device_runner_base.cpp:2167] Fatal teardown: host-side ownership cleared without further device calls
[mono_ns=15721507798686384][T0xfd87611db020][WARN] finalize_common_impl: [device_runner_base.cpp:1888] Fatal teardown: force reset/quarantine finished; skipping per-resource RTS destroy/free calls
[mono_ns=15721507799101784][T0xfd87611db020][WARN] finalize_common_impl: [device_runner_base.cpp:2167] Fatal teardown: host-side ownership cleared without further device calls
[mono_ns=15721508022665251][T0xfd87611db020][WARN] finalize: [device_runner.cpp:1159] DeviceRunner finalized after fatal device failure
[mono_ns=15721508166917713][T0xfd87611db020][WARN] finalize: [device_runner.cpp:1159] DeviceRunner finalized after fatal device failure
[mono_ns=15721508493692269][T0xfd87611db020][WARN] finalize: [device_runner.cpp:1159] DeviceRunner finalized after fatal device failure
Traceback (most recent call last):
  File "/opt/pypto-profiling/collectives/a1_alltoallv/harness/all_to_all_v_benchmark.py", line 998, in _timed_session
    runtime.run(compiled, inputs, send_counts, outputs, recv_out, config=run_config)
  File "/opt/pypto/python/pypto/runtime/distributed_runner.py", line 3342, in run
    return self.submit(compiled, *args, config=config).result()
           ^^^^^^^^^^^^^^^^^^^^^^^^^^^^^^^^^^^^^^^^^^^^^^^^^^^^
  File "/opt/pypto/python/pypto/runtime/distributed_runner.py", line 234, in result
    raise error
  File "/opt/pypto/python/pypto/runtime/distributed_runner.py", line 197, in result
    native_handle.result(timeout=remaining)
  File "/opt/pypto/runtime/python/simpler/worker.py", line 4428, in result
    self.wait(timeout)
  File "/opt/pypto/runtime/python/simpler/worker.py", line 4419, in wait
    raise published_error
  File "/opt/pypto/runtime/python/simpler/worker.py", line 4373, in wait
    completed = self._worker._wait_run_handle(run_id, remaining)
                ^^^^^^^^^^^^^^^^^^^^^^^^^^^^^^^^^^^^^^^^^^^^^^^^
  File "/opt/pypto/runtime/python/simpler/worker.py", line 11613, in _wait_run_handle
    self._orch._wait_run(run_id)
  File "/opt/pypto/runtime/python/simpler/orchestrator.py", line 840, in _wait_run
    self._o._wait_run(run_id)
RuntimeError: LocalMailboxEndpoint child failed (worker_id=0, code=1): chip_process dev=4: chip run: RuntimeError: chip run lane is poisoned: finalize_native_run failed with code -5 (run_id=1 slot=0 generation=1 dispatch_id=3 run_epoch=3)

During handling of the above exception, another exception occurred:

Traceback (most recent call last):
  File "/opt/pypto-profiling/collectives/a1_alltoallv/harness/all_to_all_v_benchmark.py", line 1220, in <module>
    raise SystemExit(main())
                     ^^^^^^
  File "/opt/pypto-profiling/collectives/a1_alltoallv/harness/all_to_all_v_benchmark.py", line 1209, in main
    doc = run_benchmark(args, shape)
          ^^^^^^^^^^^^^^^^^^^^^^^^^^
  File "/opt/pypto-profiling/collectives/a1_alltoallv/harness/all_to_all_v_benchmark.py", line 1067, in run_benchmark
    host_slots, slot_rank = _timed_session(
                            ^^^^^^^^^^^^^^^
  File "/opt/pypto-profiling/collectives/a1_alltoallv/harness/all_to_all_v_benchmark.py", line 993, in _timed_session
    with compiled.prepare(
         ^^^^^^^^^^^^^^^^^
  File "/opt/pypto/python/pypto/runtime/distributed_runner.py", line 3286, in __exit__
    self.close()
  File "/opt/pypto/python/pypto/runtime/distributed_runner.py", line 3277, in close
    raise first_error
  File "/opt/pypto/python/pypto/runtime/distributed_runner.py", line 3263, in close
    self._w.close()
  File "/opt/pypto/runtime/python/simpler/worker.py", line 12167, in close
    raise result
  File "/opt/pypto/runtime/python/simpler/worker.py", line 12089, in close
    self._teardown_ready_tree()
  File "/opt/pypto/runtime/python/simpler/worker.py", line 12502, in _teardown_ready_tree
    self._teardown_worker_tree(startup_abort=False)
  File "/opt/pypto/runtime/python/simpler/worker.py", line 12385, in _teardown_worker_tree
    raise journal_err
  File "/opt/pypto/runtime/python/simpler/worker.py", line 3909, in drive
    cleanup_fn()
  File "/opt/pypto/runtime/python/simpler/worker.py", line 10285, in _release_all_live_domains
    _raise_first(_release, list(live_domains.values())[::-1])
  File "/opt/pypto/runtime/python/simpler/worker.py", line 1107, in _raise_first
    raise first_error
  File "/opt/pypto/runtime/python/simpler/worker.py", line 1102, in _raise_first
    step(item)
  File "/opt/pypto/runtime/python/simpler/worker.py", line 10280, in _release
    self._release_domain_now(handle)
  File "/opt/pypto/runtime/python/simpler/worker.py", line 9281, in _release_domain_now
    raise result.error
  File "/opt/pypto/runtime/python/simpler/worker.py", line 1339, in invoke
    result.value = operation()
                   ^^^^^^^^^^^
  File "/opt/pypto/runtime/python/simpler/worker.py", line 9265, in release_claim
    self._release_domain_claimed(handle)
  File "/opt/pypto/runtime/python/simpler/worker.py", line 9326, in _release_domain_claimed
    _run_with_owned_shared_memory(
  File "/opt/pypto/runtime/python/simpler/worker.py", line 1643, in _run_with_owned_shared_memory
    raise result.error
  File "/opt/pypto/runtime/python/simpler/worker.py", line 1339, in invoke
    result.value = operation()
                   ^^^^^^^^^^^
  File "/opt/pypto/runtime/python/simpler/worker.py", line 1636, in run_lifecycle
    raise operation_error
  File "/opt/pypto/runtime/python/simpler/worker.py", line 1623, in run_lifecycle
    value = operation(owner)
            ^^^^^^^^^^^^^^^^
  File "/opt/pypto/runtime/python/simpler/worker.py", line 9314, in release
    self._dispatch_control_domain(
  File "/opt/pypto/runtime/python/simpler/worker.py", line 9367, in _dispatch_control_domain
    raise RuntimeError(
RuntimeError: release_domain(allocation_id=0) failed on 4/4 chips; first error chip=0: control_release_domain: child process pid=302750 exited before mailbox completion (exit_status=0)
/usr/local/python3.12.13/lib/python3.12/multiprocessing/resource_tracker.py:279: UserWarning: resource_tracker: There appear to be 4 leaked shared_memory objects to clean up at shutdown
  warnings.warn('resource_tracker: There appear to be %d '

