cmd=/usr/local/python3.12.13/bin/python /opt/pypto-profiling/collectives/a1_alltoallv/harness/all_to_all_v_benchmark.py --ep 4 --peer-bytes 16384 --count-pattern uniform --core-num 16 --impl managed-host --rounds 100 --warmup 5 --profile both --swimlane-rounds 8 --platform a2a3 --devices 4,5,6,7 --output-json /opt/pypto-profiling/reports/issue-2521-k3-lane-scaling-2026-09-23/json/p4_l16_managed-host_uniform_16384_r0.json --output-dir /opt/pypto-profiling/reports/issue-2521-k3-lane-scaling-2026-09-23/builds/p4_l16_managed-host_uniform_16384_r0
rc=-11
----- stdout -----
[a2av-bench] session=timing-slot enter warmup=5 rounds=100

----- stderr -----
[mono_ns=15723035933706362][T0xec9c231c9020][TIMING] clock_anchor: [CLOCK_ANCHOR] v=1 pid=3141233 mono_ns=15723035933705712 wall_ns=1790177897879300301
[mono_ns=15723035946861044][T0xec9c231c9020][TIMING] clock_anchor: [CLOCK_ANCHOR] v=1 pid=3141245 mono_ns=15723035946860094 wall_ns=1790177897892454913
[mono_ns=15723035956043275][T0xec9c231c9020][TIMING] clock_anchor: [CLOCK_ANCHOR] v=1 pid=3141257 mono_ns=15723035956042835 wall_ns=1790177897901637214
[mono_ns=15723035966302597][T0xec9c231c9020][TIMING] clock_anchor: [CLOCK_ANCHOR] v=1 pid=3141275 mono_ns=15723035966301767 wall_ns=1790177897911896286
[mono_ns=15723036961450595][T0xec9c231c9020][TIMING] emit_host_span: [STRACE] v=1 pid=3141233 tid=3141233 inv=0 hid=0 depth=0 name=chip.prewarm.build ts=15723036880431113 dur=81005222 
[chip_process pid=3141233 dev=4] ready
[mono_ns=15723037003017051][T0xec9c231c9020][TIMING] emit_host_span: [STRACE] v=1 pid=3141245 tid=3141245 inv=0 hid=0 depth=0 name=chip.prewarm.build ts=15723036923277329 dur=79707472 
[mono_ns=15723037019529034][T0xec9c231c9020][TIMING] emit_host_span: [STRACE] v=1 pid=3141275 tid=3141275 inv=0 hid=0 depth=0 name=chip.prewarm.build ts=15723036933992051 dur=85517623 
[chip_process pid=3141245 dev=5] ready
[mono_ns=15723037033261216][T0xec9c231c9020][TIMING] emit_host_span: [STRACE] v=1 pid=3141257 tid=3141257 inv=0 hid=0 depth=0 name=chip.prewarm.build ts=15723036949064103 dur=84177123 
[chip_process pid=3141275 dev=7] ready
[chip_process pid=3141257 dev=6] ready
[mono_ns=15723037053658879][T0xec9c231c9020][TIMING] clock_anchor: [CLOCK_ANCHOR] v=1 pid=3099872 mono_ns=15723037053658459 wall_ns=1790177898999252838
[mono_ns=15723039431316195][T0xec9c231c9020][TIMING] emit_host_span: [STRACE] v=1 pid=3099872 tid=3099872 inv=1 hid=b8c7853a9074d75e depth=0 name=node.submit ts=15723039431260265 dur=45220 run_id=1 task_slot=0 group_index=0 group_size=1 worker_id=0 role=facade
[mono_ns=15723039431391965][T0xec9a6682cca0][TIMING] emit_host_span: [STRACE] v=1 pid=3099872 tid=3142119 inv=1 hid=b8c7853a9074d75e depth=0 name=node.frame_submit ts=15723039431355255 dur=22500 run_id=1 task_slot=0 group_index=0 worker_id=0 dispatch_id=1 endpoint_kind=local_mailbox prepare_only=0 role=worker
[mono_ns=15723039431408695][T0xec9a6682cca0][TIMING] emit_host_span: [STRACE] v=1 pid=3099872 tid=3142119 inv=1 hid=b8c7853a9074d75e depth=0 name=node.dispatch ts=15723039431336015 dur=64000 run_id=1 task_slot=0 group_index=0 worker_id=0 dispatch_id=1 endpoint_kind=local_mailbox prepare_only=0 role=scheduler slot_id=0 generation=1
[mono_ns=15723039431422425][T0xec9a6682cca0][TIMING] emit_host_span: [STRACE] v=1 pid=3099872 tid=3142119 inv=0 hid=0 depth=0 name=node.scheduler_loop ts=15723039431316815 dur=99140 role=scheduler drained=0 dispatched=1 drain_ns=4340 spins=2
[mono_ns=15723039431603225][T0xec9c231c9020][TIMING] emit_host_span: [STRACE] v=1 pid=3099872 tid=3099872 inv=1 hid=b8c7853a9074d75e depth=0 name=node.submit ts=15723039431571265 dur=26540 run_id=1 task_slot=1 group_index=0 group_size=1 worker_id=1 role=facade
[mono_ns=15723039431627525][T0xec9a6682cca0][TIMING] emit_host_span: [STRACE] v=1 pid=3099872 tid=3142119 inv=1 hid=b8c7853a9074d75e depth=0 name=node.frame_submit ts=15723039431609755 dur=12760 run_id=1 task_slot=1 group_index=0 worker_id=1 dispatch_id=1 endpoint_kind=local_mailbox prepare_only=0 role=worker
[mono_ns=15723039431637495][T0xec9a6682cca0][TIMING] emit_host_span: [STRACE] v=1 pid=3099872 tid=3142119 inv=1 hid=b8c7853a9074d75e depth=0 name=node.dispatch ts=15723039431605945 dur=26280 run_id=1 task_slot=1 group_index=0 worker_id=1 dispatch_id=1 endpoint_kind=local_mailbox prepare_only=0 role=scheduler slot_id=0 generation=1
[mono_ns=15723039431645745][T0xec9a6682cca0][TIMING] emit_host_span: [STRACE] v=1 pid=3099872 tid=3142119 inv=0 hid=0 depth=0 name=node.scheduler_loop ts=15723039431575855 dur=65990 role=scheduler drained=0 dispatched=1 drain_ns=770 spins=71
[mono_ns=15723039431824535][T0xec9c231c9020][TIMING] emit_host_span: [STRACE] v=1 pid=3099872 tid=3099872 inv=1 hid=b8c7853a9074d75e depth=0 name=node.submit ts=15723039431809715 dur=9550 run_id=1 task_slot=2 group_index=0 group_size=1 worker_id=2 role=facade
[mono_ns=15723039431844485][T0xec9a6682cca0][TIMING] emit_host_span: [STRACE] v=1 pid=3099872 tid=3142119 inv=1 hid=b8c7853a9074d75e depth=0 name=node.frame_submit ts=15723039431829125 dur=11770 run_id=1 task_slot=2 group_index=0 worker_id=2 dispatch_id=1 endpoint_kind=local_mailbox prepare_only=0 role=worker
[mono_ns=15723039431853385][T0xec9a6682cca0][TIMING] emit_host_span: [STRACE] v=1 pid=3099872 tid=3142119 inv=1 hid=b8c7853a9074d75e depth=0 name=node.dispatch ts=15723039431826275 dur=22100 run_id=1 task_slot=2 group_index=0 worker_id=2 dispatch_id=1 endpoint_kind=local_mailbox prepare_only=0 role=scheduler slot_id=0 generation=1
[mono_ns=15723039431860955][T0xec9a6682cca0][TIMING] emit_host_span: [STRACE] v=1 pid=3099872 tid=3142119 inv=0 hid=0 depth=0 name=node.scheduler_loop ts=15723039431814435 dur=43040 role=scheduler drained=0 dispatched=1 drain_ns=820 spins=82
[mono_ns=15723039432034445][T0xec9c231c9020][TIMING] emit_host_span: [STRACE] v=1 pid=3099872 tid=3099872 inv=1 hid=b8c7853a9074d75e depth=0 name=node.submit ts=15723039431990525 dur=21600 run_id=1 task_slot=3 group_index=0 group_size=1 worker_id=3 role=facade
[mono_ns=15723039432042185][T0xec9a6682cca0][TIMING] emit_host_span: [STRACE] v=1 pid=3099872 tid=3142119 inv=1 hid=b8c7853a9074d75e depth=0 name=node.frame_submit ts=15723039432028445 dur=10240 run_id=1 task_slot=3 group_index=0 worker_id=3 dispatch_id=1 endpoint_kind=local_mailbox prepare_only=0 role=worker
[mono_ns=15723039432050005][T0xec9a6682cca0][TIMING] emit_host_span: [STRACE] v=1 pid=3099872 tid=3142119 inv=1 hid=b8c7853a9074d75e depth=0 name=node.dispatch ts=15723039432025345 dur=19050 run_id=1 task_slot=3 group_index=0 worker_id=3 dispatch_id=1 endpoint_kind=local_mailbox prepare_only=0 role=scheduler slot_id=0 generation=1
[mono_ns=15723039432057355][T0xec9a6682cca0][TIMING] emit_host_span: [STRACE] v=1 pid=3099872 tid=3142119 inv=0 hid=0 depth=0 name=node.scheduler_loop ts=15723039431995035 dur=59040 role=scheduler drained=0 dispatched=1 drain_ns=770 spins=67
[mono_ns=15723039432260695][T0xec9c231c9020][TIMING] emit_host_span: [STRACE] v=1 pid=3099872 tid=3099872 inv=1 hid=4c0c4c363cb9f820 depth=0 name=node.submit ts=15723039432243895 dur=11590 run_id=1 task_slot=4 group_index=0 group_size=1 worker_id=0 role=facade
[mono_ns=15723039432432755][T0xec9c231c9020][TIMING] emit_host_span: [STRACE] v=1 pid=3099872 tid=3099872 inv=1 hid=4c0c4c363cb9f820 depth=0 name=node.submit ts=15723039432413215 dur=14270 run_id=1 task_slot=5 group_index=0 group_size=1 worker_id=1 role=facade
[mono_ns=15723039432647895][T0xec9c231c9020][TIMING] emit_host_span: [STRACE] v=1 pid=3099872 tid=3099872 inv=1 hid=4c0c4c363cb9f820 depth=0 name=node.submit ts=15723039432628935 dur=13970 run_id=1 task_slot=6 group_index=0 group_size=1 worker_id=2 role=facade
[mono_ns=15723039432784045][T0xec9c231c9020][TIMING] emit_host_span: [STRACE] v=1 pid=3141233 tid=3141233 inv=1 hid=e5af950bd18dc306 depth=2 name=chip.run.bind.args ts=15723039432774655 dur=2230 
[mono_ns=15723039432802625][T0xec9c231c9020][TIMING] emit_host_span: [STRACE] v=1 pid=3141233 tid=3141233 inv=1 hid=e5af950bd18dc306 depth=2 name=chip.run.bind.prebuilt ts=15723039432794645 dur=5490 
[mono_ns=15723039432807875][T0xec9c231c9020][TIMING] emit_host_span: [STRACE] v=1 pid=3141233 tid=3141233 inv=1 hid=e5af950bd18dc306 depth=1 name=chip.run.bind ts=15723039432720195 dur=84860 
[mono_ns=15723039432811745][T0xec9c231c9020][TIMING] emit_host_span: [STRACE] v=1 pid=3141233 tid=3141233 inv=1 hid=e5af950bd18dc306 depth=1 name=chip.run.publish_image ts=15723039432809375 dur=280 
[mono_ns=15723039432800195][T0xec9c231c9020][TIMING] emit_host_span: [STRACE] v=1 pid=3099872 tid=3099872 inv=1 hid=4c0c4c363cb9f820 depth=0 name=node.submit ts=15723039432786335 dur=8770 run_id=1 task_slot=7 group_index=0 group_size=1 worker_id=3 role=facade
[mono_ns=15723039432945805][T0xec9c231c9020][TIMING] emit_host_span: [STRACE] v=1 pid=3141233 tid=3141233 inv=1 hid=e5af950bd18dc306 depth=1 name=chip.run.stage_inputs ts=15723039432814595 dur=127560 
[mono_ns=15723039432991395][T0xec9c231c9020][TIMING] emit_host_span: [STRACE] v=1 pid=3099872 tid=3099872 inv=1 hid=c1065c184d65ebfb depth=0 name=node.submit ts=15723039432950435 dur=36480 run_id=1 task_slot=8 group_index=0 group_size=1 worker_id=0 role=facade
[mono_ns=15723039433146285][T0xec9c231c9020][TIMING] emit_host_span: [STRACE] v=1 pid=3099872 tid=3099872 inv=1 hid=c1065c184d65ebfb depth=0 name=node.submit ts=15723039433120435 dur=21030 run_id=1 task_slot=9 group_index=0 group_size=1 worker_id=1 role=facade
[mono_ns=15723039433276875][T0xec9c231c9020][TIMING] emit_host_span: [STRACE] v=1 pid=3099872 tid=3099872 inv=1 hid=c1065c184d65ebfb depth=0 name=node.submit ts=15723039433252985 dur=16100 run_id=1 task_slot=10 group_index=0 group_size=1 worker_id=2 role=facade
[mono_ns=15723039433402385][T0xec9c231c9020][TIMING] emit_host_span: [STRACE] v=1 pid=3099872 tid=3099872 inv=1 hid=c1065c184d65ebfb depth=0 name=node.submit ts=15723039433387905 dur=10000 run_id=1 task_slot=11 group_index=0 group_size=1 worker_id=3 role=facade
[mono_ns=15723039433413005][T0xec9c231c9020][TIMING] emit_host_span: [STRACE] v=1 pid=3141233 tid=3141233 inv=1 hid=e5af950bd18dc306 depth=1 name=chip.run.prepare_execution ts=15723039432951135 dur=457890 
[mono_ns=15723039433569545][T0xec9c231c9020][TIMING] emit_host_span: [STRACE] v=1 pid=3141245 tid=3141245 inv=1 hid=e5af950bd18dc306 depth=2 name=chip.run.bind.args ts=15723039433557165 dur=2730 
[mono_ns=15723039433572885][T0xec9c231c9020][TIMING] emit_host_span: [STRACE] v=1 pid=3141257 tid=3141257 inv=1 hid=e5af950bd18dc306 depth=2 name=chip.run.bind.args ts=15723039433563405 dur=1720 
[mono_ns=15723039433593295][T0xec9c231c9020][TIMING] emit_host_span: [STRACE] v=1 pid=3141245 tid=3141245 inv=1 hid=e5af950bd18dc306 depth=2 name=chip.run.bind.prebuilt ts=15723039433583685 dur=6420 
[mono_ns=15723039433568935][T0xec9c231c9020][TIMING] emit_host_span: [STRACE] v=1 pid=3141275 tid=3141275 inv=1 hid=e5af950bd18dc306 depth=2 name=chip.run.bind.args ts=15723039433558795 dur=1770 
[mono_ns=15723039433600165][T0xec9c231c9020][TIMING] emit_host_span: [STRACE] v=1 pid=3141245 tid=3141245 inv=1 hid=e5af950bd18dc306 depth=1 name=chip.run.bind ts=15723039433531145 dur=65950 
[mono_ns=15723039433594995][T0xec9c231c9020][TIMING] emit_host_span: [STRACE] v=1 pid=3141257 tid=3141257 inv=1 hid=e5af950bd18dc306 depth=2 name=chip.run.bind.prebuilt ts=15723039433587445 dur=4170 
[mono_ns=15723039433604465][T0xec9c231c9020][TIMING] emit_host_span: [STRACE] v=1 pid=3141245 tid=3141245 inv=1 hid=e5af950bd18dc306 depth=1 name=chip.run.publish_image ts=15723039433601895 dur=380 
[mono_ns=15723039433600405][T0xec9c231c9020][TIMING] emit_host_span: [STRACE] v=1 pid=3141257 tid=3141257 inv=1 hid=e5af950bd18dc306 depth=1 name=chip.run.bind ts=15723039433531995 dur=65960 
[mono_ns=15723039433593035][T0xec9c231c9020][TIMING] emit_host_span: [STRACE] v=1 pid=3141275 tid=3141275 inv=1 hid=e5af950bd18dc306 depth=2 name=chip.run.bind.prebuilt ts=15723039433584755 dur=5500 
[mono_ns=15723039433598495][T0xec9c231c9020][TIMING] emit_host_span: [STRACE] v=1 pid=3141275 tid=3141275 inv=1 hid=e5af950bd18dc306 depth=1 name=chip.run.bind ts=15723039433531715 dur=64140 
[mono_ns=15723039433605135][T0xec9c231c9020][TIMING] emit_host_span: [STRACE] v=1 pid=3141257 tid=3141257 inv=1 hid=e5af950bd18dc306 depth=1 name=chip.run.publish_image ts=15723039433602725 dur=230 
[mono_ns=15723039433603225][T0xec9c231c9020][TIMING] emit_host_span: [STRACE] v=1 pid=3141275 tid=3141275 inv=1 hid=e5af950bd18dc306 depth=1 name=chip.run.publish_image ts=15723039433600805 dur=290 
[mono_ns=15723039433715385][T0xec9c231c9020][TIMING] emit_host_span: [STRACE] v=1 pid=3141275 tid=3141275 inv=1 hid=e5af950bd18dc306 depth=1 name=chip.run.stage_inputs ts=15723039433605695 dur=105570 
[mono_ns=15723039433718245][T0xec9c231c9020][TIMING] emit_host_span: [STRACE] v=1 pid=3141245 tid=3141245 inv=1 hid=e5af950bd18dc306 depth=1 name=chip.run.stage_inputs ts=15723039433606075 dur=108330 
[mono_ns=15723039433728025][T0xec9c231c9020][TIMING] emit_host_span: [STRACE] v=1 pid=3099872 tid=3099872 inv=1 hid=1cc6273f18463e30 depth=0 name=node.submit ts=15723039433708025 dur=14390 run_id=1 task_slot=12 group_index=0 group_size=1 worker_id=0 role=facade
[mono_ns=15723039433719065][T0xec9c231c9020][TIMING] emit_host_span: [STRACE] v=1 pid=3141257 tid=3141257 inv=1 hid=e5af950bd18dc306 depth=1 name=chip.run.stage_inputs ts=15723039433607685 dur=107800 
[mono_ns=15723039433935635][T0xec9c231c9020][TIMING] emit_host_span: [STRACE] v=1 pid=3099872 tid=3099872 inv=1 hid=1cc6273f18463e30 depth=0 name=node.submit ts=15723039433909285 dur=7180 run_id=1 task_slot=13 group_index=0 group_size=1 worker_id=1 role=facade
[mono_ns=15723039434132135][T0xec9c231c9020][TIMING] emit_host_span: [STRACE] v=1 pid=3099872 tid=3099872 inv=1 hid=1cc6273f18463e30 depth=0 name=node.submit ts=15723039434114215 dur=9200 run_id=1 task_slot=14 group_index=0 group_size=1 worker_id=2 role=facade
[mono_ns=15723039434217795][T0xec9c231c9020][TIMING] emit_host_span: [STRACE] v=1 pid=3141245 tid=3141245 inv=1 hid=e5af950bd18dc306 depth=1 name=chip.run.prepare_execution ts=15723039433723235 dur=488640 
[mono_ns=15723039434228965][T0xec9c231c9020][TIMING] emit_host_span: [STRACE] v=1 pid=3141275 tid=3141275 inv=1 hid=e5af950bd18dc306 depth=1 name=chip.run.prepare_execution ts=15723039433720485 dur=502530 
[mono_ns=15723039434248605][T0xec9c231c9020][TIMING] emit_host_span: [STRACE] v=1 pid=3141257 tid=3141257 inv=1 hid=e5af950bd18dc306 depth=1 name=chip.run.prepare_execution ts=15723039433728985 dur=512830 
[mono_ns=15723039434306475][T0xec9c231c9020][TIMING] emit_host_span: [STRACE] v=1 pid=3099872 tid=3099872 inv=1 hid=1cc6273f18463e30 depth=0 name=node.submit ts=15723039434291025 dur=7100 run_id=1 task_slot=15 group_index=0 group_size=1 worker_id=3 role=facade
[mono_ns=15723039434353655][T0xec9c231c9020][TIMING] emit_host_span: [STRACE] v=1 pid=3099872 tid=3099872 inv=1 hid=0 depth=0 name=node.graph_build ts=15723037056222919 dur=2378115676 run_id=1 role=facade
[mono_ns=15723039435363346][T0xec9c231c9020][TIMING] emit_host_span: [STRACE] v=1 pid=3141233 tid=3141233 inv=1 hid=e5af950bd18dc306 depth=1 name=chip.run.runner_run ts=15723039433421725 dur=1935411 
[mono_ns=15723039435419486][T0xec9c231c9020][TIMING] emit_host_span: [STRACE] v=1 pid=3141233 tid=3141233 inv=1 hid=e5af950bd18dc306 depth=1 name=chip.run.validate ts=15723039435396256 dur=19650 
[mono_ns=15723039435427416][T0xec9c231c9020][TIMING] emit_host_span: [STRACE] v=1 pid=3141233 tid=3141233 inv=1 hid=e5af950bd18dc306 depth=2 name=chip.run.runner_run.device_wall ts=0 dur=271400 clk=dev dev_id=4 dev_start_cycle=677673430374137 dev_end_cycle=677673430387707 dev_cnt_hz=50000000
[mono_ns=15723039435432646][T0xec9c231c9020][TIMING] emit_host_span: [STRACE] v=1 pid=3141233 tid=3141233 inv=1 hid=e5af950bd18dc306 depth=3 name=chip.run.runner_run.device_wall.preamble ts=0 dur=178700 clk=dev
[mono_ns=15723039435437986][T0xec9c231c9020][TIMING] emit_host_span: [STRACE] v=1 pid=3141233 tid=3141233 inv=1 hid=e5af950bd18dc306 depth=3 name=chip.run.runner_run.device_wall.graph_build ts=41879 dur=206739 clk=dev
[mono_ns=15723039435441656][T0xec9c231c9020][TIMING] emit_host_span: [STRACE] v=1 pid=3141233 tid=3141233 inv=1 hid=e5af950bd18dc306 depth=3 name=chip.run.runner_run.device_wall.config_validate ts=46279 dur=2580 clk=dev
[mono_ns=15723039435446486][T0xec9c231c9020][TIMING] emit_host_span: [STRACE] v=1 pid=3141233 tid=3141233 inv=1 hid=e5af950bd18dc306 depth=3 name=chip.run.runner_run.device_wall.arena_wire ts=48900 dur=10440 clk=dev
[mono_ns=15723039435449446][T0xec9c231c9020][TIMING] emit_host_span: [STRACE] v=1 pid=3141233 tid=3141233 inv=1 hid=e5af950bd18dc306 depth=3 name=chip.run.runner_run.device_wall.sm_reset ts=59500 dur=14559 clk=dev
[mono_ns=15723039435454786][T0xec9c231c9020][TIMING] emit_host_span: [STRACE] v=1 pid=3141233 tid=3141233 inv=1 hid=e5af950bd18dc306 depth=3 name=chip.run.runner_run.device_wall.post_orch ts=248699 dur=16260 clk=dev
[mono_ns=15723039435458256][T0xec9c231c9020][TIMING] emit_host_span: [STRACE] v=1 pid=3141233 tid=3141233 inv=1 hid=e5af950bd18dc306 depth=3 name=chip.run.runner_run.device_wall.orch ts=75020 dur=25860 clk=dev
[mono_ns=15723039435461476][T0xec9c231c9020][TIMING] emit_host_span: [STRACE] v=1 pid=3141233 tid=3141233 inv=1 hid=e5af950bd18dc306 depth=3 name=chip.run.runner_run.device_wall.sched ts=180140 dur=41839 clk=dev
[mono_ns=15723039435467666][T0xec9c231c9020][TIMING] emit_host_span: [STRACE] v=1 pid=3141233 tid=3141233 inv=1 hid=e5af950bd18dc306 depth=1 name=chip.run.claim_release ts=15723039435465566 dur=310 
[mono_ns=15723039435472366][T0xec9c231c9020][TIMING] emit_host_span: [STRACE] v=1 pid=3141233 tid=3141233 inv=1 hid=e5af950bd18dc306 depth=0 name=chip.run ts=15723039432676335 dur=2793991 run_id=1 dispatch_id=1 slot_id=0 generation=1 run_epoch=1
[mono_ns=15723039435514726][T0xec9a6682cca0][TIMING] emit_host_span: [STRACE] v=1 pid=3099872 tid=3142119 inv=1 hid=b8c7853a9074d75e depth=0 name=node.complete ts=15723039435500196 dur=10940 run_id=1 task_slot=0 group_index=0 worker_id=0 dispatch_id=1 endpoint_kind=local_mailbox prepare_only=0 role=worker outcome=0
[mono_ns=15723039435531766][T0xec9a6682cca0][TIMING] emit_host_span: [STRACE] v=1 pid=3099872 tid=3142119 inv=1 hid=4c0c4c363cb9f820 depth=0 name=node.frame_submit ts=15723039435527336 dur=1170 run_id=1 task_slot=4 group_index=0 worker_id=0 dispatch_id=2 endpoint_kind=local_mailbox prepare_only=0 role=worker
[mono_ns=15723039435540116][T0xec9a6682cca0][TIMING] emit_host_span: [STRACE] v=1 pid=3099872 tid=3142119 inv=1 hid=4c0c4c363cb9f820 depth=0 name=node.dispatch ts=15723039435524416 dur=11190 run_id=1 task_slot=4 group_index=0 worker_id=0 dispatch_id=2 endpoint_kind=local_mailbox prepare_only=0 role=scheduler slot_id=0 generation=1
[mono_ns=15723039435547456][T0xec9a6682cca0][TIMING] emit_host_span: [STRACE] v=1 pid=3099872 tid=3142119 inv=0 hid=0 depth=0 name=node.scheduler_loop ts=15723039435494826 dur=49140 role=scheduler drained=1 dispatched=1 drain_ns=28180 spins=1782
[mono_ns=15723039435825616][T0xec9c231c9020][TIMING] emit_host_span: [STRACE] v=1 pid=3141233 tid=3141233 inv=2 hid=df7950a722e3a174 depth=2 name=chip.run.bind.args ts=15723039435820666 dur=890 
[mono_ns=15723039435837036][T0xec9c231c9020][TIMING] emit_host_span: [STRACE] v=1 pid=3141233 tid=3141233 inv=2 hid=df7950a722e3a174 depth=2 name=chip.run.bind.prebuilt ts=15723039435832386 dur=2490 
[mono_ns=15723039435842746][T0xec9c231c9020][TIMING] emit_host_span: [STRACE] v=1 pid=3141233 tid=3141233 inv=2 hid=df7950a722e3a174 depth=1 name=chip.run.bind ts=15723039435814056 dur=26780 
[mono_ns=15723039435847156][T0xec9c231c9020][TIMING] emit_host_span: [STRACE] v=1 pid=3141233 tid=3141233 inv=2 hid=df7950a722e3a174 depth=1 name=chip.run.publish_image ts=15723039435844696 dur=100 
[mono_ns=15723039435923486][T0xec9c231c9020][TIMING] emit_host_span: [STRACE] v=1 pid=3141233 tid=3141233 inv=2 hid=df7950a722e3a174 depth=1 name=chip.run.stage_inputs ts=15723039435850186 dur=70010 
[mono_ns=15723039435991846][T0xec9c231c9020][TIMING] emit_host_span: [STRACE] v=1 pid=3141233 tid=3141233 inv=2 hid=df7950a722e3a174 depth=1 name=chip.run.prepare_execution ts=15723039435927956 dur=60850 
[mono_ns=15723039436210086][T0xec9c231c9020][TIMING] emit_host_span: [STRACE] v=1 pid=3141233 tid=3141233 inv=2 hid=df7950a722e3a174 depth=1 name=chip.run.runner_run ts=15723039435997586 dur=208410 
[mono_ns=15723039436259346][T0xec9c231c9020][TIMING] emit_host_span: [STRACE] v=1 pid=3141233 tid=3141233 inv=2 hid=df7950a722e3a174 depth=1 name=chip.run.validate ts=15723039436238526 dur=18030 
[mono_ns=15723039436266376][T0xec9c231c9020][TIMING] emit_host_span: [STRACE] v=1 pid=3141233 tid=3141233 inv=2 hid=df7950a722e3a174 depth=2 name=chip.run.runner_run.device_wall ts=0 dur=47460 clk=dev dev_id=4 dev_start_cycle=677673430429246 dev_end_cycle=677673430431619 dev_cnt_hz=50000000
[mono_ns=15723039436270136][T0xec9c231c9020][TIMING] emit_host_span: [STRACE] v=1 pid=3141233 tid=3141233 inv=2 hid=df7950a722e3a174 depth=3 name=chip.run.runner_run.device_wall.preamble ts=0 dur=10780 clk=dev
[mono_ns=15723039436276096][T0xec9c231c9020][TIMING] emit_host_span: [STRACE] v=1 pid=3141233 tid=3141233 inv=2 hid=df7950a722e3a174 depth=3 name=chip.run.runner_run.device_wall.graph_build ts=2460 dur=33340 clk=dev
[mono_ns=15723039436279346][T0xec9c231c9020][TIMING] emit_host_span: [STRACE] v=1 pid=3141233 tid=3141233 inv=2 hid=df7950a722e3a174 depth=3 name=chip.run.runner_run.device_wall.config_validate ts=2580 dur=840 clk=dev
[mono_ns=15723039436283616][T0xec9c231c9020][TIMING] emit_host_span: [STRACE] v=1 pid=3141233 tid=3141233 inv=2 hid=df7950a722e3a174 depth=3 name=chip.run.runner_run.device_wall.arena_wire ts=3460 dur=620 clk=dev
[mono_ns=15723039436288316][T0xec9c231c9020][TIMING] emit_host_span: [STRACE] v=1 pid=3141233 tid=3141233 inv=2 hid=df7950a722e3a174 depth=3 name=chip.run.runner_run.device_wall.sm_reset ts=4120 dur=760 clk=dev
[mono_ns=15723039436291706][T0xec9c231c9020][TIMING] emit_host_span: [STRACE] v=1 pid=3141233 tid=3141233 inv=2 hid=df7950a722e3a174 depth=3 name=chip.run.runner_run.device_wall.post_orch ts=35860 dur=10879 clk=dev
[mono_ns=15723039436294736][T0xec9c231c9020][TIMING] emit_host_span: [STRACE] v=1 pid=3141233 tid=3141233 inv=2 hid=df7950a722e3a174 depth=3 name=chip.run.runner_run.device_wall.orch ts=4940 dur=4439 clk=dev
[mono_ns=15723039436298556][T0xec9c231c9020][TIMING] emit_host_span: [STRACE] v=1 pid=3141233 tid=3141233 inv=2 hid=df7950a722e3a174 depth=3 name=chip.run.runner_run.device_wall.sched ts=10860 dur=8219 clk=dev
[mono_ns=15723039436303886][T0xec9c231c9020][TIMING] emit_host_span: [STRACE] v=1 pid=3141233 tid=3141233 inv=2 hid=df7950a722e3a174 depth=1 name=chip.run.claim_release ts=15723039436301886 dur=250 
[mono_ns=15723039436308426][T0xec9c231c9020][TIMING] emit_host_span: [STRACE] v=1 pid=3141233 tid=3141233 inv=2 hid=df7950a722e3a174 depth=0 name=chip.run ts=15723039435799416 dur=506580 run_id=1 dispatch_id=2 slot_id=0 generation=1 run_epoch=2
[mono_ns=15723039436335696][T0xec9a6682cca0][TIMING] emit_host_span: [STRACE] v=1 pid=3099872 tid=3142119 inv=1 hid=4c0c4c363cb9f820 depth=0 name=node.complete ts=15723039436331886 dur=440 run_id=1 task_slot=4 group_index=0 worker_id=0 dispatch_id=2 endpoint_kind=local_mailbox prepare_only=0 role=worker outcome=0
[mono_ns=15723039436348946][T0xec9a6682cca0][TIMING] emit_host_span: [STRACE] v=1 pid=3099872 tid=3142119 inv=1 hid=c1065c184d65ebfb depth=0 name=node.frame_submit ts=15723039436345086 dur=850 run_id=1 task_slot=8 group_index=0 worker_id=0 dispatch_id=3 endpoint_kind=local_mailbox prepare_only=0 role=worker
[mono_ns=15723039436357516][T0xec9a6682cca0][TIMING] emit_host_span: [STRACE] v=1 pid=3099872 tid=3142119 inv=1 hid=c1065c184d65ebfb depth=0 name=node.dispatch ts=15723039436342646 dur=10430 run_id=1 task_slot=8 group_index=0 worker_id=0 dispatch_id=3 endpoint_kind=local_mailbox prepare_only=0 role=scheduler slot_id=0 generation=1
[mono_ns=15723039436364856][T0xec9a6682cca0][TIMING] emit_host_span: [STRACE] v=1 pid=3099872 tid=3142119 inv=0 hid=0 depth=0 name=node.scheduler_loop ts=15723039436329226 dur=32260 role=scheduler drained=1 dispatched=1 drain_ns=12110 spins=402
[mono_ns=15723039436603806][T0xec9c231c9020][TIMING] emit_host_span: [STRACE] v=1 pid=3141233 tid=3141233 inv=3 hid=9f165840f7213623 depth=2 name=chip.run.bind.args ts=15723039436599006 dur=910 
[mono_ns=15723039436614766][T0xec9c231c9020][TIMING] emit_host_span: [STRACE] v=1 pid=3141233 tid=3141233 inv=3 hid=9f165840f7213623 depth=2 name=chip.run.bind.prebuilt ts=15723039436610736 dur=1850 
[mono_ns=15723039436620476][T0xec9c231c9020][TIMING] emit_host_span: [STRACE] v=1 pid=3141233 tid=3141233 inv=3 hid=9f165840f7213623 depth=1 name=chip.run.bind ts=15723039436593486 dur=25010 
[mono_ns=15723039436624366][T0xec9c231c9020][TIMING] emit_host_span: [STRACE] v=1 pid=3141233 tid=3141233 inv=3 hid=9f165840f7213623 depth=1 name=chip.run.publish_image ts=15723039436622556 dur=70 
[mono_ns=15723039436672346][T0xec9c231c9020][TIMING] emit_host_span: [STRACE] v=1 pid=3141233 tid=3141233 inv=3 hid=9f165840f7213623 depth=1 name=chip.run.stage_inputs ts=15723039436626616 dur=42700 
[mono_ns=15723039436739436][T0xec9c231c9020][TIMING] emit_host_span: [STRACE] v=1 pid=3141233 tid=3141233 inv=3 hid=9f165840f7213623 depth=1 name=chip.run.prepare_execution ts=15723039436676646 dur=60020 
[mono_ns=15723039437557736][T0xec9c231c9020][TIMING] emit_host_span: [STRACE] v=1 pid=3141245 tid=3141245 inv=1 hid=e5af950bd18dc306 depth=1 name=chip.run.runner_run ts=15723039434226505 dur=3322621 
[mono_ns=15723039437614376][T0xec9c231c9020][TIMING] emit_host_span: [STRACE] v=1 pid=3141245 tid=3141245 inv=1 hid=e5af950bd18dc306 depth=1 name=chip.run.validate ts=15723039437591456 dur=19530 
[mono_ns=15723039437622246][T0xec9c231c9020][TIMING] emit_host_span: [STRACE] v=1 pid=3141245 tid=3141245 inv=1 hid=e5af950bd18dc306 depth=2 name=chip.run.runner_run.device_wall ts=0 dur=278419 clk=dev dev_id=5 dev_start_cycle=677673417689946 dev_end_cycle=677673417703867 dev_cnt_hz=50000000
[mono_ns=15723039437628086][T0xec9c231c9020][TIMING] emit_host_span: [STRACE] v=1 pid=3141245 tid=3141245 inv=1 hid=e5af950bd18dc306 depth=3 name=chip.run.runner_run.device_wall.preamble ts=0 dur=186140 clk=dev
[mono_ns=15723039437632776][T0xec9c231c9020][TIMING] emit_host_span: [STRACE] v=1 pid=3141245 tid=3141245 inv=1 hid=e5af950bd18dc306 depth=3 name=chip.run.runner_run.device_wall.graph_build ts=55099 dur=201640 clk=dev
[mono_ns=15723039437636396][T0xec9c231c9020][TIMING] emit_host_span: [STRACE] v=1 pid=3141245 tid=3141245 inv=1 hid=e5af950bd18dc306 depth=3 name=chip.run.runner_run.device_wall.config_validate ts=59379 dur=2240 clk=dev
[mono_ns=15723039437639896][T0xec9c231c9020][TIMING] emit_host_span: [STRACE] v=1 pid=3141245 tid=3141245 inv=1 hid=e5af950bd18dc306 depth=3 name=chip.run.runner_run.device_wall.arena_wire ts=61640 dur=10600 clk=dev
[mono_ns=15723039437643996][T0xec9c231c9020][TIMING] emit_host_span: [STRACE] v=1 pid=3141245 tid=3141245 inv=1 hid=e5af950bd18dc306 depth=3 name=chip.run.runner_run.device_wall.sm_reset ts=72280 dur=14980 clk=dev
[mono_ns=15723039437646976][T0xec9c231c9020][TIMING] emit_host_span: [STRACE] v=1 pid=3141245 tid=3141245 inv=1 hid=e5af950bd18dc306 depth=3 name=chip.run.runner_run.device_wall.post_orch ts=256820 dur=14960 clk=dev
[mono_ns=15723039437651006][T0xec9c231c9020][TIMING] emit_host_span: [STRACE] v=1 pid=3141245 tid=3141245 inv=1 hid=e5af950bd18dc306 depth=3 name=chip.run.runner_run.device_wall.orch ts=87920 dur=25340 clk=dev
[mono_ns=15723039437654256][T0xec9c231c9020][TIMING] emit_host_span: [STRACE] v=1 pid=3141245 tid=3141245 inv=1 hid=e5af950bd18dc306 depth=3 name=chip.run.runner_run.device_wall.sched ts=187579 dur=41760 clk=dev
[mono_ns=15723039437660216][T0xec9c231c9020][TIMING] emit_host_span: [STRACE] v=1 pid=3141245 tid=3141245 inv=1 hid=e5af950bd18dc306 depth=1 name=chip.run.claim_release ts=15723039437657506 dur=460 
[mono_ns=15723039437666336][T0xec9c231c9020][TIMING] emit_host_span: [STRACE] v=1 pid=3141245 tid=3141245 inv=1 hid=e5af950bd18dc306 depth=0 name=chip.run ts=15723039433489665 dur=4174471 run_id=1 dispatch_id=1 slot_id=0 generation=1 run_epoch=1
[mono_ns=15723039437703936][T0xec9a6682cca0][TIMING] emit_host_span: [STRACE] v=1 pid=3099872 tid=3142119 inv=1 hid=b8c7853a9074d75e depth=0 name=node.complete ts=15723039437700306 dur=390 run_id=1 task_slot=1 group_index=0 worker_id=1 dispatch_id=1 endpoint_kind=local_mailbox prepare_only=0 role=worker outcome=0
[mono_ns=15723039437718316][T0xec9a6682cca0][TIMING] emit_host_span: [STRACE] v=1 pid=3099872 tid=3142119 inv=1 hid=4c0c4c363cb9f820 depth=0 name=node.frame_submit ts=15723039437713706 dur=1540 run_id=1 task_slot=5 group_index=0 worker_id=1 dispatch_id=2 endpoint_kind=local_mailbox prepare_only=0 role=worker
[mono_ns=15723039437726286][T0xec9a6682cca0][TIMING] emit_host_span: [STRACE] v=1 pid=3099872 tid=3142119 inv=1 hid=4c0c4c363cb9f820 depth=0 name=node.dispatch ts=15723039437711306 dur=10610 run_id=1 task_slot=5 group_index=0 worker_id=1 dispatch_id=2 endpoint_kind=local_mailbox prepare_only=0 role=scheduler slot_id=0 generation=1
[mono_ns=15723039437733376][T0xec9a6682cca0][TIMING] emit_host_span: [STRACE] v=1 pid=3099872 tid=3142119 inv=0 hid=0 depth=0 name=node.scheduler_loop ts=15723039437697296 dur=32790 role=scheduler drained=1 dispatched=1 drain_ns=12610 spins=687
[mono_ns=15723039438068036][T0xec9c231c9020][TIMING] emit_host_span: [STRACE] v=1 pid=3141245 tid=3141245 inv=2 hid=df7950a722e3a174 depth=2 name=chip.run.bind.args ts=15723039438063186 dur=1000 
[mono_ns=15723039438080646][T0xec9c231c9020][TIMING] emit_host_span: [STRACE] v=1 pid=3141245 tid=3141245 inv=2 hid=df7950a722e3a174 depth=2 name=chip.run.bind.prebuilt ts=15723039438075206 dur=3210 
[mono_ns=15723039438084626][T0xec9c231c9020][TIMING] emit_host_span: [STRACE] v=1 pid=3141245 tid=3141245 inv=2 hid=df7950a722e3a174 depth=1 name=chip.run.bind ts=15723039438056346 dur=26230 
[mono_ns=15723039438088016][T0xec9c231c9020][TIMING] emit_host_span: [STRACE] v=1 pid=3141245 tid=3141245 inv=2 hid=df7950a722e3a174 depth=1 name=chip.run.publish_image ts=15723039438086166 dur=90 
[mono_ns=15723039438175606][T0xec9c231c9020][TIMING] emit_host_span: [STRACE] v=1 pid=3141245 tid=3141245 inv=2 hid=df7950a722e3a174 depth=1 name=chip.run.stage_inputs ts=15723039438089746 dur=81720 
[mono_ns=15723039438249706][T0xec9c231c9020][TIMING] emit_host_span: [STRACE] v=1 pid=3141245 tid=3141245 inv=2 hid=df7950a722e3a174 depth=1 name=chip.run.prepare_execution ts=15723039438179936 dur=65650 
[mono_ns=15723039438487096][T0xec9c231c9020][TIMING] emit_host_span: [STRACE] v=1 pid=3141245 tid=3141245 inv=2 hid=df7950a722e3a174 depth=1 name=chip.run.runner_run ts=15723039438255256 dur=226750 
[mono_ns=15723039438537416][T0xec9c231c9020][TIMING] emit_host_span: [STRACE] v=1 pid=3141245 tid=3141245 inv=2 hid=df7950a722e3a174 depth=1 name=chip.run.validate ts=15723039438514566 dur=20040 
[mono_ns=15723039438544146][T0xec9c231c9020][TIMING] emit_host_span: [STRACE] v=1 pid=3141245 tid=3141245 inv=2 hid=df7950a722e3a174 depth=2 name=chip.run.runner_run.device_wall ts=0 dur=45220 clk=dev dev_id=5 dev_start_cycle=677673417749648 dev_end_cycle=677673417751909 dev_cnt_hz=50000000
[mono_ns=15723039438547566][T0xec9c231c9020][TIMING] emit_host_span: [STRACE] v=1 pid=3141245 tid=3141245 inv=2 hid=df7950a722e3a174 depth=3 name=chip.run.runner_run.device_wall.preamble ts=0 dur=10360 clk=dev
[mono_ns=15723039438552026][T0xec9c231c9020][TIMING] emit_host_span: [STRACE] v=1 pid=3141245 tid=3141245 inv=2 hid=df7950a722e3a174 depth=3 name=chip.run.runner_run.device_wall.graph_build ts=2400 dur=32700 clk=dev
[mono_ns=15723039438555196][T0xec9c231c9020][TIMING] emit_host_span: [STRACE] v=1 pid=3141245 tid=3141245 inv=2 hid=df7950a722e3a174 depth=3 name=chip.run.runner_run.device_wall.config_validate ts=2540 dur=820 clk=dev
[mono_ns=15723039438559296][T0xec9c231c9020][TIMING] emit_host_span: [STRACE] v=1 pid=3141245 tid=3141245 inv=2 hid=df7950a722e3a174 depth=3 name=chip.run.runner_run.device_wall.arena_wire ts=3380 dur=600 clk=dev
[mono_ns=15723039438562976][T0xec9c231c9020][TIMING] emit_host_span: [STRACE] v=1 pid=3141245 tid=3141245 inv=2 hid=df7950a722e3a174 depth=3 name=chip.run.runner_run.device_wall.sm_reset ts=4000 dur=760 clk=dev
[mono_ns=15723039438567146][T0xec9c231c9020][TIMING] emit_host_span: [STRACE] v=1 pid=3141245 tid=3141245 inv=2 hid=df7950a722e3a174 depth=3 name=chip.run.runner_run.device_wall.post_orch ts=35200 dur=9300 clk=dev
[mono_ns=15723039438570596][T0xec9c231c9020][TIMING] emit_host_span: [STRACE] v=1 pid=3141245 tid=3141245 inv=2 hid=df7950a722e3a174 depth=3 name=chip.run.runner_run.device_wall.orch ts=4800 dur=5420 clk=dev
[mono_ns=15723039438573496][T0xec9c231c9020][TIMING] emit_host_span: [STRACE] v=1 pid=3141245 tid=3141245 inv=2 hid=df7950a722e3a174 depth=3 name=chip.run.runner_run.device_wall.sched ts=10440 dur=8320 clk=dev
[mono_ns=15723039438556316][T0xec9c231c9020][TIMING] emit_host_span: [STRACE] v=1 pid=3141257 tid=3141257 inv=1 hid=e5af950bd18dc306 depth=1 name=chip.run.runner_run ts=15723039434261925 dur=4285771 
[mono_ns=15723039438577016][T0xec9c231c9020][TIMING] emit_host_span: [STRACE] v=1 pid=3141245 tid=3141245 inv=2 hid=df7950a722e3a174 depth=1 name=chip.run.claim_release ts=15723039438575036 dur=300 
[mono_ns=15723039438582826][T0xec9c231c9020][TIMING] emit_host_span: [STRACE] v=1 pid=3141245 tid=3141245 inv=2 hid=df7950a722e3a174 depth=0 name=chip.run ts=15723039438036046 dur=544700 run_id=1 dispatch_id=2 slot_id=0 generation=1 run_epoch=2
[mono_ns=15723039438573856][T0xec9c231c9020][TIMING] emit_host_span: [STRACE] v=1 pid=3141275 tid=3141275 inv=1 hid=e5af950bd18dc306 depth=1 name=chip.run.runner_run ts=15723039434242025 dur=4325061 
[mono_ns=15723039438613506][T0xec9a6682cca0][TIMING] emit_host_span: [STRACE] v=1 pid=3099872 tid=3142119 inv=1 hid=4c0c4c363cb9f820 depth=0 name=node.complete ts=15723039438609616 dur=360 run_id=1 task_slot=5 group_index=0 worker_id=1 dispatch_id=2 endpoint_kind=local_mailbox prepare_only=0 role=worker outcome=0
[mono_ns=15723039438628276][T0xec9a6682cca0][TIMING] emit_host_span: [STRACE] v=1 pid=3099872 tid=3142119 inv=1 hid=c1065c184d65ebfb depth=0 name=node.frame_submit ts=15723039438623606 dur=1640 run_id=1 task_slot=9 group_index=0 worker_id=1 dispatch_id=3 endpoint_kind=local_mailbox prepare_only=0 role=worker
[mono_ns=15723039438620866][T0xec9c231c9020][TIMING] emit_host_span: [STRACE] v=1 pid=3141257 tid=3141257 inv=1 hid=e5af950bd18dc306 depth=1 name=chip.run.validate ts=15723039438596966 dur=20390 
[mono_ns=15723039438634506][T0xec9c231c9020][TIMING] emit_host_span: [STRACE] v=1 pid=3141257 tid=3141257 inv=1 hid=e5af950bd18dc306 depth=2 name=chip.run.runner_run.device_wall ts=0 dur=267320 clk=dev dev_id=6 dev_start_cycle=677673404943740 dev_end_cycle=677673404957106 dev_cnt_hz=50000000
[mono_ns=15723039438636826][T0xec9a6682cca0][TIMING] emit_host_span: [STRACE] v=1 pid=3099872 tid=3142119 inv=1 hid=c1065c184d65ebfb depth=0 name=node.dispatch ts=15723039438621226 dur=11160 run_id=1 task_slot=9 group_index=0 worker_id=1 dispatch_id=3 endpoint_kind=local_mailbox prepare_only=0 role=scheduler slot_id=0 generation=1
[mono_ns=15723039438640036][T0xec9c231c9020][TIMING] emit_host_span: [STRACE] v=1 pid=3141257 tid=3141257 inv=1 hid=e5af950bd18dc306 depth=3 name=chip.run.runner_run.device_wall.preamble ts=0 dur=176579 clk=dev
[mono_ns=15723039438643786][T0xec9a6682cca0][TIMING] emit_host_span: [STRACE] v=1 pid=3099872 tid=3142119 inv=0 hid=0 depth=0 name=node.scheduler_loop ts=15723039438606616 dur=33900 role=scheduler drained=1 dispatched=1 drain_ns=13160 spins=452
[mono_ns=15723039438636696][T0xec9c231c9020][TIMING] emit_host_span: [STRACE] v=1 pid=3141275 tid=3141275 inv=1 hid=e5af950bd18dc306 depth=1 name=chip.run.validate ts=15723039438612946 dur=20170 
[mono_ns=15723039438648706][T0xec9c231c9020][TIMING] emit_host_span: [STRACE] v=1 pid=3141275 tid=3141275 inv=1 hid=e5af950bd18dc306 depth=2 name=chip.run.runner_run.device_wall ts=0 dur=256660 clk=dev dev_id=7 dev_start_cycle=677673391740091 dev_end_cycle=677673391752924 dev_cnt_hz=50000000
[mono_ns=15723039438653916][T0xec9c231c9020][TIMING] emit_host_span: [STRACE] v=1 pid=3141275 tid=3141275 inv=1 hid=e5af950bd18dc306 depth=3 name=chip.run.runner_run.device_wall.preamble ts=0 dur=161540 clk=dev
[mono_ns=15723039438648066][T0xec9c231c9020][TIMING] emit_host_span: [STRACE] v=1 pid=3141257 tid=3141257 inv=1 hid=e5af950bd18dc306 depth=3 name=chip.run.runner_run.device_wall.graph_build ts=40519 dur=205020 clk=dev
[mono_ns=15723039438659256][T0xec9c231c9020][TIMING] emit_host_span: [STRACE] v=1 pid=3141257 tid=3141257 inv=1 hid=e5af950bd18dc306 depth=3 name=chip.run.runner_run.device_wall.config_validate ts=45100 dur=2320 clk=dev
[mono_ns=15723039438663476][T0xec9c231c9020][TIMING] emit_host_span: [STRACE] v=1 pid=3141257 tid=3141257 inv=1 hid=e5af950bd18dc306 depth=3 name=chip.run.runner_run.device_wall.arena_wire ts=47460 dur=10520 clk=dev
[mono_ns=15723039438661256][T0xec9c231c9020][TIMING] emit_host_span: [STRACE] v=1 pid=3141275 tid=3141275 inv=1 hid=e5af950bd18dc306 depth=3 name=chip.run.runner_run.device_wall.graph_build ts=38160 dur=194300 clk=dev
[mono_ns=15723039438670366][T0xec9c231c9020][TIMING] emit_host_span: [STRACE] v=1 pid=3141275 tid=3141275 inv=1 hid=e5af950bd18dc306 depth=3 name=chip.run.runner_run.device_wall.config_validate ts=43139 dur=2760 clk=dev
[mono_ns=15723039438674386][T0xec9c231c9020][TIMING] emit_host_span: [STRACE] v=1 pid=3141275 tid=3141275 inv=1 hid=e5af950bd18dc306 depth=3 name=chip.run.runner_run.device_wall.arena_wire ts=45920 dur=10640 clk=dev
[mono_ns=15723039438669276][T0xec9c231c9020][TIMING] emit_host_span: [STRACE] v=1 pid=3141257 tid=3141257 inv=1 hid=e5af950bd18dc306 depth=3 name=chip.run.runner_run.device_wall.sm_reset ts=58140 dur=14340 clk=dev
[mono_ns=15723039438678856][T0xec9c231c9020][TIMING] emit_host_span: [STRACE] v=1 pid=3141275 tid=3141275 inv=1 hid=e5af950bd18dc306 depth=3 name=chip.run.runner_run.device_wall.sm_reset ts=56600 dur=14480 clk=dev
[mono_ns=15723039438682876][T0xec9c231c9020][TIMING] emit_host_span: [STRACE] v=1 pid=3141275 tid=3141275 inv=1 hid=e5af950bd18dc306 depth=3 name=chip.run.runner_run.device_wall.post_orch ts=232560 dur=16820 clk=dev
[mono_ns=15723039438679886][T0xec9c231c9020][TIMING] emit_host_span: [STRACE] v=1 pid=3141257 tid=3141257 inv=1 hid=e5af950bd18dc306 depth=3 name=chip.run.runner_run.device_wall.post_orch ts=245640 dur=14820 clk=dev
[mono_ns=15723039438687016][T0xec9c231c9020][TIMING] emit_host_span: [STRACE] v=1 pid=3141275 tid=3141275 inv=1 hid=e5af950bd18dc306 depth=3 name=chip.run.runner_run.device_wall.orch ts=71880 dur=25680 clk=dev
[mono_ns=15723039438683586][T0xec9c231c9020][TIMING] emit_host_span: [STRACE] v=1 pid=3141257 tid=3141257 inv=1 hid=e5af950bd18dc306 depth=3 name=chip.run.runner_run.device_wall.orch ts=73420 dur=27640 clk=dev
[mono_ns=15723039438691106][T0xec9c231c9020][TIMING] emit_host_span: [STRACE] v=1 pid=3141275 tid=3141275 inv=1 hid=e5af950bd18dc306 depth=3 name=chip.run.runner_run.device_wall.sched ts=163079 dur=41000 clk=dev
[mono_ns=15723039438695226][T0xec9c231c9020][TIMING] emit_host_span: [STRACE] v=1 pid=3141275 tid=3141275 inv=1 hid=e5af950bd18dc306 depth=1 name=chip.run.claim_release ts=15723039438693236 dur=290 
[mono_ns=15723039438688026][T0xec9c231c9020][TIMING] emit_host_span: [STRACE] v=1 pid=3141257 tid=3141257 inv=1 hid=e5af950bd18dc306 depth=3 name=chip.run.runner_run.device_wall.sched ts=177960 dur=40980 clk=dev
[mono_ns=15723039438693266][T0xec9c231c9020][TIMING] emit_host_span: [STRACE] v=1 pid=3141257 tid=3141257 inv=1 hid=e5af950bd18dc306 depth=1 name=chip.run.claim_release ts=15723039438690976 dur=260 
[mono_ns=15723039438699286][T0xec9c231c9020][TIMING] emit_host_span: [STRACE] v=1 pid=3141257 tid=3141257 inv=1 hid=e5af950bd18dc306 depth=0 name=chip.run ts=15723039433483405 dur=5213801 run_id=1 dispatch_id=1 slot_id=0 generation=1 run_epoch=1
[mono_ns=15723039438702126][T0xec9c231c9020][TIMING] emit_host_span: [STRACE] v=1 pid=3141275 tid=3141275 inv=1 hid=e5af950bd18dc306 depth=0 name=chip.run ts=15723039433483985 dur=5216081 run_id=1 dispatch_id=1 slot_id=0 generation=1 run_epoch=1
[mono_ns=15723039438737446][T0xec9a6682cca0][TIMING] emit_host_span: [STRACE] v=1 pid=3099872 tid=3142119 inv=1 hid=b8c7853a9074d75e depth=0 name=node.complete ts=15723039438734076 dur=310 run_id=1 task_slot=3 group_index=0 worker_id=3 dispatch_id=1 endpoint_kind=local_mailbox prepare_only=0 role=worker outcome=0
[mono_ns=15723039438751176][T0xec9a6682cca0][TIMING] emit_host_span: [STRACE] v=1 pid=3099872 tid=3142119 inv=1 hid=4c0c4c363cb9f820 depth=0 name=node.frame_submit ts=15723039438746686 dur=1340 run_id=1 task_slot=7 group_index=0 worker_id=3 dispatch_id=2 endpoint_kind=local_mailbox prepare_only=0 role=worker
[mono_ns=15723039438758966][T0xec9a6682cca0][TIMING] emit_host_span: [STRACE] v=1 pid=3099872 tid=3142119 inv=1 hid=4c0c4c363cb9f820 depth=0 name=node.dispatch ts=15723039438744416 dur=10140 run_id=1 task_slot=7 group_index=0 worker_id=3 dispatch_id=2 endpoint_kind=local_mailbox prepare_only=0 role=scheduler slot_id=0 generation=1
[mono_ns=15723039438765726][T0xec9a6682cca0][TIMING] emit_host_span: [STRACE] v=1 pid=3099872 tid=3142119 inv=0 hid=0 depth=0 name=node.scheduler_loop ts=15723039438731106 dur=31410 role=scheduler drained=1 dispatched=1 drain_ns=11710 spins=45
[mono_ns=15723039438773976][T0xec9a6682cca0][TIMING] emit_host_span: [STRACE] v=1 pid=3099872 tid=3142119 inv=1 hid=b8c7853a9074d75e depth=0 name=node.complete ts=15723039438770736 dur=330 run_id=1 task_slot=2 group_index=0 worker_id=2 dispatch_id=1 endpoint_kind=local_mailbox prepare_only=0 role=worker outcome=0
[mono_ns=15723039438787366][T0xec9a6682cca0][TIMING] emit_host_span: [STRACE] v=1 pid=3099872 tid=3142119 inv=1 hid=4c0c4c363cb9f820 depth=0 name=node.frame_submit ts=15723039438783026 dur=1410 run_id=1 task_slot=6 group_index=0 worker_id=2 dispatch_id=2 endpoint_kind=local_mailbox prepare_only=0 role=worker
[mono_ns=15723039438795736][T0xec9a6682cca0][TIMING] emit_host_span: [STRACE] v=1 pid=3099872 tid=3142119 inv=1 hid=4c0c4c363cb9f820 depth=0 name=node.dispatch ts=15723039438780726 dur=10630 run_id=1 task_slot=6 group_index=0 worker_id=2 dispatch_id=2 endpoint_kind=local_mailbox prepare_only=0 role=scheduler slot_id=0 generation=1
[mono_ns=15723039438802376][T0xec9a6682cca0][TIMING] emit_host_span: [STRACE] v=1 pid=3099872 tid=3142119 inv=0 hid=0 depth=0 name=node.scheduler_loop ts=15723039438768046 dur=31330 role=scheduler drained=1 dispatched=1 drain_ns=11240 spins=0
[mono_ns=15723039438933136][T0xec9c231c9020][TIMING] emit_host_span: [STRACE] v=1 pid=3141245 tid=3141245 inv=3 hid=9f165840f7213623 depth=2 name=chip.run.bind.args ts=15723039438927936 dur=840 
[mono_ns=15723039438943516][T0xec9c231c9020][TIMING] emit_host_span: [STRACE] v=1 pid=3141245 tid=3141245 inv=3 hid=9f165840f7213623 depth=2 name=chip.run.bind.prebuilt ts=15723039438939596 dur=1690 
[mono_ns=15723039438947486][T0xec9c231c9020][TIMING] emit_host_span: [STRACE] v=1 pid=3141245 tid=3141245 inv=3 hid=9f165840f7213623 depth=1 name=chip.run.bind ts=15723039438921826 dur=23410 
[mono_ns=15723039438951976][T0xec9c231c9020][TIMING] emit_host_span: [STRACE] v=1 pid=3141245 tid=3141245 inv=3 hid=9f165840f7213623 depth=1 name=chip.run.publish_image ts=15723039438949246 dur=90 
[mono_ns=15723039439008276][T0xec9c231c9020][TIMING] emit_host_span: [STRACE] v=1 pid=3141245 tid=3141245 inv=3 hid=9f165840f7213623 depth=1 name=chip.run.stage_inputs ts=15723039438955046 dur=42030 
[mono_ns=15723039439063746][T0xec9c231c9020][TIMING] emit_host_span: [STRACE] v=1 pid=3141275 tid=3141275 inv=2 hid=df7950a722e3a174 depth=2 name=chip.run.bind.args ts=15723039439058676 dur=1120 
[mono_ns=15723039439077596][T0xec9c231c9020][TIMING] emit_host_span: [STRACE] v=1 pid=3141245 tid=3141245 inv=3 hid=9f165840f7213623 depth=1 name=chip.run.prepare_execution ts=15723039439012116 dur=62380 
[mono_ns=15723039439080206][T0xec9c231c9020][TIMING] emit_host_span: [STRACE] v=1 pid=3141275 tid=3141275 inv=2 hid=df7950a722e3a174 depth=2 name=chip.run.bind.prebuilt ts=15723039439075086 dur=2860 
[mono_ns=15723039439084946][T0xec9c231c9020][TIMING] emit_host_span: [STRACE] v=1 pid=3141275 tid=3141275 inv=2 hid=df7950a722e3a174 depth=1 name=chip.run.bind ts=15723039439052586 dur=30230 
[mono_ns=15723039439088836][T0xec9c231c9020][TIMING] emit_host_span: [STRACE] v=1 pid=3141275 tid=3141275 inv=2 hid=df7950a722e3a174 depth=1 name=chip.run.publish_image ts=15723039439086846 dur=110 
[mono_ns=15723039439103406][T0xec9c231c9020][TIMING] emit_host_span: [STRACE] v=1 pid=3141257 tid=3141257 inv=2 hid=df7950a722e3a174 depth=2 name=chip.run.bind.args ts=15723039439097716 dur=960 
[mono_ns=15723039439121886][T0xec9c231c9020][TIMING] emit_host_span: [STRACE] v=1 pid=3141257 tid=3141257 inv=2 hid=df7950a722e3a174 depth=2 name=chip.run.bind.prebuilt ts=15723039439116386 dur=3250 
[mono_ns=15723039439126956][T0xec9c231c9020][TIMING] emit_host_span: [STRACE] v=1 pid=3141257 tid=3141257 inv=2 hid=df7950a722e3a174 depth=1 name=chip.run.bind ts=15723039439090516 dur=34500 
[mono_ns=15723039439137896][T0xec9c231c9020][TIMING] emit_host_span: [STRACE] v=1 pid=3141257 tid=3141257 inv=2 hid=df7950a722e3a174 depth=1 name=chip.run.publish_image ts=15723039439135926 dur=120 
[mono_ns=15723039439166166][T0xec9c231c9020][TIMING] emit_host_span: [STRACE] v=1 pid=3141275 tid=3141275 inv=2 hid=df7950a722e3a174 depth=1 name=chip.run.stage_inputs ts=15723039439091726 dur=70330 
[mono_ns=15723039439213876][T0xec9c231c9020][TIMING] emit_host_span: [STRACE] v=1 pid=3141257 tid=3141257 inv=2 hid=df7950a722e3a174 depth=1 name=chip.run.stage_inputs ts=15723039439140106 dur=70120 
[mono_ns=15723039439243876][T0xec9c231c9020][TIMING] emit_host_span: [STRACE] v=1 pid=3141275 tid=3141275 inv=2 hid=df7950a722e3a174 depth=1 name=chip.run.prepare_execution ts=15723039439175456 dur=65550 
[mono_ns=15723039439295836][T0xec9c231c9020][TIMING] emit_host_span: [STRACE] v=1 pid=3141257 tid=3141257 inv=2 hid=df7950a722e3a174 depth=1 name=chip.run.prepare_execution ts=15723039439223376 dur=69360 
[mono_ns=15723039439482246][T0xec9c231c9020][TIMING] emit_host_span: [STRACE] v=1 pid=3141275 tid=3141275 inv=2 hid=df7950a722e3a174 depth=1 name=chip.run.runner_run ts=15723039439253976 dur=223390 
[mono_ns=15723039439536046][T0xec9c231c9020][TIMING] emit_host_span: [STRACE] v=1 pid=3141275 tid=3141275 inv=2 hid=df7950a722e3a174 depth=1 name=chip.run.validate ts=15723039439514416 dur=18780 
[mono_ns=15723039439534436][T0xec9c231c9020][TIMING] emit_host_span: [STRACE] v=1 pid=3141257 tid=3141257 inv=2 hid=df7950a722e3a174 depth=1 name=chip.run.runner_run ts=15723039439306736 dur=223020 
[mono_ns=15723039439547276][T0xec9c231c9020][TIMING] emit_host_span: [STRACE] v=1 pid=3141275 tid=3141275 inv=2 hid=df7950a722e3a174 depth=2 name=chip.run.runner_run.device_wall ts=0 dur=45920 clk=dev dev_id=7 dev_start_cycle=677673391797349 dev_end_cycle=677673391799645 dev_cnt_hz=50000000
[mono_ns=15723039439551956][T0xec9c231c9020][TIMING] emit_host_span: [STRACE] v=1 pid=3141275 tid=3141275 inv=2 hid=df7950a722e3a174 depth=3 name=chip.run.runner_run.device_wall.preamble ts=0 dur=10660 clk=dev
[mono_ns=15723039439556546][T0xec9c231c9020][TIMING] emit_host_span: [STRACE] v=1 pid=3141275 tid=3141275 inv=2 hid=df7950a722e3a174 depth=3 name=chip.run.runner_run.device_wall.graph_build ts=2360 dur=31019 clk=dev
[mono_ns=15723039439566206][T0xec9c231c9020][TIMING] emit_host_span: [STRACE] v=1 pid=3141275 tid=3141275 inv=2 hid=df7950a722e3a174 depth=3 name=chip.run.runner_run.device_wall.config_validate ts=2560 dur=720 clk=dev
[mono_ns=15723039439570126][T0xec9c231c9020][TIMING] emit_host_span: [STRACE] v=1 pid=3141275 tid=3141275 inv=2 hid=df7950a722e3a174 depth=3 name=chip.run.runner_run.device_wall.arena_wire ts=3300 dur=399 clk=dev
[mono_ns=15723039439574756][T0xec9c231c9020][TIMING] emit_host_span: [STRACE] v=1 pid=3141275 tid=3141275 inv=2 hid=df7950a722e3a174 depth=3 name=chip.run.runner_run.device_wall.sm_reset ts=3760 dur=780 clk=dev
[mono_ns=15723039439582946][T0xec9c231c9020][TIMING] emit_host_span: [STRACE] v=1 pid=3141275 tid=3141275 inv=2 hid=df7950a722e3a174 depth=3 name=chip.run.runner_run.device_wall.post_orch ts=33500 dur=11680 clk=dev
[mono_ns=15723039439586736][T0xec9c231c9020][TIMING] emit_host_span: [STRACE] v=1 pid=3141275 tid=3141275 inv=2 hid=df7950a722e3a174 depth=3 name=chip.run.runner_run.device_wall.orch ts=4640 dur=4680 clk=dev
[mono_ns=15723039439590466][T0xec9c231c9020][TIMING] emit_host_span: [STRACE] v=1 pid=3141275 tid=3141275 inv=2 hid=df7950a722e3a174 depth=3 name=chip.run.runner_run.device_wall.sched ts=10800 dur=5380 clk=dev
[mono_ns=15723039439588166][T0xec9c231c9020][TIMING] emit_host_span: [STRACE] v=1 pid=3141257 tid=3141257 inv=2 hid=df7950a722e3a174 depth=1 name=chip.run.validate ts=15723039439567636 dur=17470 
[mono_ns=15723039439600226][T0xec9c231c9020][TIMING] emit_host_span: [STRACE] v=1 pid=3141257 tid=3141257 inv=2 hid=df7950a722e3a174 depth=2 name=chip.run.runner_run.device_wall ts=0 dur=44280 clk=dev dev_id=6 dev_start_cycle=677673405005600 dev_end_cycle=677673405007814 dev_cnt_hz=50000000
[mono_ns=15723039439604626][T0xec9c231c9020][TIMING] emit_host_span: [STRACE] v=1 pid=3141257 tid=3141257 inv=2 hid=df7950a722e3a174 depth=3 name=chip.run.runner_run.device_wall.preamble ts=0 dur=10640 clk=dev
[mono_ns=15723039439597536][T0xec9c231c9020][TIMING] emit_host_span: [STRACE] v=1 pid=3141275 tid=3141275 inv=2 hid=df7950a722e3a174 depth=1 name=chip.run.claim_release ts=15723039439595506 dur=230 
[mono_ns=15723039439608226][T0xec9c231c9020][TIMING] emit_host_span: [STRACE] v=1 pid=3141275 tid=3141275 inv=2 hid=df7950a722e3a174 depth=0 name=chip.run ts=15723039439031626 dur=574610 run_id=1 dispatch_id=2 slot_id=0 generation=1 run_epoch=2
[mono_ns=15723039439610036][T0xec9c231c9020][TIMING] emit_host_span: [STRACE] v=1 pid=3141257 tid=3141257 inv=2 hid=df7950a722e3a174 depth=3 name=chip.run.runner_run.device_wall.graph_build ts=2840 dur=31080 clk=dev
[mono_ns=15723039439620626][T0xec9c231c9020][TIMING] emit_host_span: [STRACE] v=1 pid=3141257 tid=3141257 inv=2 hid=df7950a722e3a174 depth=3 name=chip.run.runner_run.device_wall.config_validate ts=3020 dur=640 clk=dev
[mono_ns=15723039439624616][T0xec9c231c9020][TIMING] emit_host_span: [STRACE] v=1 pid=3141257 tid=3141257 inv=2 hid=df7950a722e3a174 depth=3 name=chip.run.runner_run.device_wall.arena_wire ts=3740 dur=399 clk=dev
[mono_ns=15723039439628906][T0xec9c231c9020][TIMING] emit_host_span: [STRACE] v=1 pid=3141257 tid=3141257 inv=2 hid=df7950a722e3a174 depth=3 name=chip.run.runner_run.device_wall.sm_reset ts=4220 dur=720 clk=dev
[mono_ns=15723039439639726][T0xec9a6682cca0][TIMING] emit_host_span: [STRACE] v=1 pid=3099872 tid=3142119 inv=1 hid=4c0c4c363cb9f820 depth=0 name=node.complete ts=15723039439636136 dur=340 run_id=1 task_slot=7 group_index=0 worker_id=3 dispatch_id=2 endpoint_kind=local_mailbox prepare_only=0 role=worker outcome=0
[mono_ns=15723039439635126][T0xec9c231c9020][TIMING] emit_host_span: [STRACE] v=1 pid=3141257 tid=3141257 inv=2 hid=df7950a722e3a174 depth=3 name=chip.run.runner_run.device_wall.post_orch ts=34020 dur=9520 clk=dev
[mono_ns=15723039439644486][T0xec9c231c9020][TIMING] emit_host_span: [STRACE] v=1 pid=3141257 tid=3141257 inv=2 hid=df7950a722e3a174 depth=3 name=chip.run.runner_run.device_wall.orch ts=5000 dur=4899 clk=dev
[mono_ns=15723039439648086][T0xec9c231c9020][TIMING] emit_host_span: [STRACE] v=1 pid=3141257 tid=3141257 inv=2 hid=df7950a722e3a174 depth=3 name=chip.run.runner_run.device_wall.sched ts=10760 dur=6020 clk=dev
[mono_ns=15723039439653106][T0xec9a6682cca0][TIMING] emit_host_span: [STRACE] v=1 pid=3099872 tid=3142119 inv=1 hid=c1065c184d65ebfb depth=0 name=node.frame_submit ts=15723039439648456 dur=1650 run_id=1 task_slot=11 group_index=0 worker_id=3 dispatch_id=3 endpoint_kind=local_mailbox prepare_only=0 role=worker
[mono_ns=15723039439653146][T0xec9c231c9020][TIMING] emit_host_span: [STRACE] v=1 pid=3141257 tid=3141257 inv=2 hid=df7950a722e3a174 depth=1 name=chip.run.claim_release ts=15723039439650986 dur=290 
[mono_ns=15723039439661036][T0xec9a6682cca0][TIMING] emit_host_span: [STRACE] v=1 pid=3099872 tid=3142119 inv=1 hid=c1065c184d65ebfb depth=0 name=node.dispatch ts=15723039439645936 dur=10680 run_id=1 task_slot=11 group_index=0 worker_id=3 dispatch_id=3 endpoint_kind=local_mailbox prepare_only=0 role=scheduler slot_id=0 generation=1
[mono_ns=15723039439658576][T0xec9c231c9020][TIMING] emit_host_span: [STRACE] v=1 pid=3141257 tid=3141257 inv=2 hid=df7950a722e3a174 depth=0 name=chip.run ts=15723039439066846 dur=589790 run_id=1 dispatch_id=2 slot_id=0 generation=1 run_epoch=2
[mono_ns=15723039439665846][T0xec9a6682cca0][TIMING] emit_host_span: [STRACE] v=1 pid=3099872 tid=3142119 inv=0 hid=0 depth=0 name=node.scheduler_loop ts=15723039439632906 dur=29930 role=scheduler drained=1 dispatched=1 drain_ns=11480 spins=427
[mono_ns=15723039439692696][T0xec9a6682cca0][TIMING] emit_host_span: [STRACE] v=1 pid=3099872 tid=3142119 inv=1 hid=4c0c4c363cb9f820 depth=0 name=node.complete ts=15723039439689336 dur=300 run_id=1 task_slot=6 group_index=0 worker_id=2 dispatch_id=2 endpoint_kind=local_mailbox prepare_only=0 role=worker outcome=0
[mono_ns=15723039439705926][T0xec9a6682cca0][TIMING] emit_host_span: [STRACE] v=1 pid=3099872 tid=3142119 inv=1 hid=c1065c184d65ebfb depth=0 name=node.frame_submit ts=15723039439701266 dur=1660 run_id=1 task_slot=10 group_index=0 worker_id=2 dispatch_id=3 endpoint_kind=local_mailbox prepare_only=0 role=worker
[mono_ns=15723039439714136][T0xec9a6682cca0][TIMING] emit_host_span: [STRACE] v=1 pid=3099872 tid=3142119 inv=1 hid=c1065c184d65ebfb depth=0 name=node.dispatch ts=15723039439698896 dur=10910 run_id=1 task_slot=10 group_index=0 worker_id=2 dispatch_id=3 endpoint_kind=local_mailbox prepare_only=0 role=scheduler slot_id=0 generation=1
[mono_ns=15723039439720896][T0xec9a6682cca0][TIMING] emit_host_span: [STRACE] v=1 pid=3099872 tid=3142119 inv=0 hid=0 depth=0 name=node.scheduler_loop ts=15723039439686576 dur=31380 role=scheduler drained=1 dispatched=1 drain_ns=10920 spins=9
[mono_ns=15723039439934316][T0xec9c231c9020][TIMING] emit_host_span: [STRACE] v=1 pid=3141275 tid=3141275 inv=3 hid=9f165840f7213623 depth=2 name=chip.run.bind.args ts=15723039439929456 dur=770 
[mono_ns=15723039439949906][T0xec9c231c9020][TIMING] emit_host_span: [STRACE] v=1 pid=3141275 tid=3141275 inv=3 hid=9f165840f7213623 depth=2 name=chip.run.bind.prebuilt ts=15723039439945606 dur=2020 
[mono_ns=15723039439954646][T0xec9c231c9020][TIMING] emit_host_span: [STRACE] v=1 pid=3141275 tid=3141275 inv=3 hid=9f165840f7213623 depth=1 name=chip.run.bind ts=15723039439923496 dur=29060 
[mono_ns=15723039439959936][T0xec9c231c9020][TIMING] emit_host_span: [STRACE] v=1 pid=3141275 tid=3141275 inv=3 hid=9f165840f7213623 depth=1 name=chip.run.publish_image ts=15723039439957986 dur=110 
[mono_ns=15723039440018586][T0xec9c231c9020][TIMING] emit_host_span: [STRACE] v=1 pid=3141275 tid=3141275 inv=3 hid=9f165840f7213623 depth=1 name=chip.run.stage_inputs ts=15723039439967206 dur=48120 
[mono_ns=15723039440029036][T0xec9c231c9020][TIMING] emit_host_span: [STRACE] v=1 pid=3141257 tid=3141257 inv=3 hid=9f165840f7213623 depth=2 name=chip.run.bind.args ts=15723039440022656 dur=890 
[mono_ns=15723039440044506][T0xec9c231c9020][TIMING] emit_host_span: [STRACE] v=1 pid=3141257 tid=3141257 inv=3 hid=9f165840f7213623 depth=2 name=chip.run.bind.prebuilt ts=15723039440040136 dur=2060 
[mono_ns=15723039440049876][T0xec9c231c9020][TIMING] emit_host_span: [STRACE] v=1 pid=3141257 tid=3141257 inv=3 hid=9f165840f7213623 depth=1 name=chip.run.bind ts=15723039440016586 dur=31150 
[mono_ns=15723039440057296][T0xec9c231c9020][TIMING] emit_host_span: [STRACE] v=1 pid=3141257 tid=3141257 inv=3 hid=9f165840f7213623 depth=1 name=chip.run.publish_image ts=15723039440055196 dur=130 
[mono_ns=15723039440093556][T0xec9c231c9020][TIMING] emit_host_span: [STRACE] v=1 pid=3141275 tid=3141275 inv=3 hid=9f165840f7213623 depth=1 name=chip.run.prepare_execution ts=15723039440027376 dur=63420 
[mono_ns=15723039440110676][T0xec9c231c9020][TIMING] emit_host_span: [STRACE] v=1 pid=3141257 tid=3141257 inv=3 hid=9f165840f7213623 depth=1 name=chip.run.stage_inputs ts=15723039440065506 dur=41490 
[mono_ns=15723039440188736][T0xec9c231c9020][TIMING] emit_host_span: [STRACE] v=1 pid=3141257 tid=3141257 inv=3 hid=9f165840f7213623 depth=1 name=chip.run.prepare_execution ts=15723039440120376 dur=65220 
[mono_ns=15723040100545936][T0xec9c231c9020][ERROR] sync_stream_pair: [device_runner_base.cpp:2504] aclrtSynchronizeStreamWithTimeout (AICPU) failed: 507018
[mono_ns=15723040100565666][T0xec9c231c9020][ERROR] sync_stream_pair: [device_runner_base.cpp:2505] ACL error detail: 507018 ACL_ERROR_RT_AICPU_EXCEPTION - an AICPU task raised an exception; several distinct on-device mechanisms all surface as this one generic code
[mono_ns=15723040100570316][T0xec9c231c9020][ERROR] sync_stream_pair: [device_runner_base.cpp:2505] ACL error hint: do NOT read this as 'deadlock' or 'OOM' on its own -- it is a generic host-side code. Grep the host log for 'orch_error_code=' / 'sched_error_code=' / 'sub_class=' to get the device-classified reason, and read the device log for the detector that fired. See docs/troubleshooting/device-error-codes.md
[mono_ns=15723040100894556][T0xec9c231c9020][ERROR] sync_stream_pair: [device_runner_base.cpp:2505] ACL recent error message: EE9999: Inner Error!
EE9999[PID: 3141233] 2026-09-23-15:38:21.268.629 (EE9999):  This device does not support cross-server communication drv devId=4 localServerId=1023err:0x702001d[FUNC:ExportToShareableHandleV2][FILE:api_impl.cc][LINE:7120]
        TraceBack (most recent call last):
       rtMemExportToShareableHandleV2 execution failed, reason=driver error:feature not support[FUN~
[mono_ns=15723040100908636][T0xec9c231c9020][ERROR] wait_run_fence: [device_runner_base.cpp:2643] Run completed its boundaries but the device reports an error executing it: 507018 (device_id=4 block_dim=24 slot=0)
[mono_ns=15723040100922436][T0xec9c231c9020][WARN] recover_device_or_mark_unusable: [device_runner.cpp:823] AICore error 507018: device drained, but force-resetting in finalize regardless (drain success does not prove the card is clean)
[mono_ns=15723040100935366][T0xec9c231c9020][TIMING] emit_host_span: [STRACE] v=1 pid=3141233 tid=3141233 inv=3 hid=9f165840f7213623 depth=1 name=chip.run.runner_run ts=15723039436745016 dur=664185270 
[mono_ns=15723040100985676][T0xec9c231c9020][ERROR] operator(): [device_runner_base.cpp:2755] device fault reported: device_id=4 stream_id=43 task_id=4 error_code=507018 thread_id=3141233 (device-level; not attributed to any run)
[mono_ns=15723040100993266][T0xec9c231c9020][ERROR] consume_device_fault_notices: [device_runner_base.cpp:2805] device 4: fault channel matched 1 notice(s) to its run streams (first code=507018, generation=0). Admission is refused until a confirmed reset retires this generation; no run's outcome is changed by it.
[mono_ns=15723040101012296][T0xec9c231c9020][WARN] simpler_finalize_run: [c_api_shared.cpp:1381] device fault channel matched 1 notice(s) to this runner's run streams while finalizing run_id=1 dispatch_id=3 slot_id=0 generation=1 run_epoch=3; this run's own outcome is unchanged and the device refuses further admission
[mono_ns=15723040101019646][T0xec9c231c9020][ERROR] copy_back_run_outputs_impl: [runtime_maker.cpp:1028] simpler runtime failed: orch_error_code=5 sched_error_code=0 runtime_status=-5
[mono_ns=15723040101023906][T0xec9c231c9020][ERROR] copy_back_run_outputs_impl: [runtime_maker.cpp:1028] error detail: orch_error_code=5 INVALID_ARGS - an orchestration API rejected its arguments (bad alloc_tensors info, illegal nested scope, unknown task id in set_dependencies, or an CoreTaskArgs carrying an error flag)
[mono_ns=15723040101028656][T0xec9c231c9020][ERROR] copy_back_run_outputs_impl: [runtime_maker.cpp:1028] error hint: an orchestration bug, not a capacity problem -- resizing the rings will not help; recheck the arguments of the orchestration API calls listed above. See docs/troubleshooting/device-error-codes.md
[mono_ns=15723040101031466][T0xec9c231c9020][WARN] copy_back_run_outputs_impl: [runtime_maker.cpp:1050] Skipping tensor copy-back because execution failed
[mono_ns=15723040101036046][T0xec9c231c9020][TIMING] emit_host_span: [STRACE] v=1 pid=3141233 tid=3141233 inv=3 hid=9f165840f7213623 depth=1 name=chip.run.validate ts=15723040101016886 dur=16660 
[mono_ns=15723040101042986][T0xec9c231c9020][TIMING] emit_host_span: [STRACE] v=1 pid=3141233 tid=3141233 inv=3 hid=9f165840f7213623 depth=1 name=chip.run.claim_release ts=15723040101040216 dur=520 
[mono_ns=15723040101047866][T0xec9c231c9020][TIMING] emit_host_span: [STRACE] v=1 pid=3141233 tid=3141233 inv=3 hid=9f165840f7213623 depth=0 name=chip.run ts=15723039436579656 dur=664466190 run_id=1 dispatch_id=3 slot_id=0 generation=1 run_epoch=3
[mono_ns=15723040101611266][T0xec9a6682cca0][TIMING] emit_host_span: [STRACE] v=1 pid=3099872 tid=3142119 inv=1 hid=c1065c184d65ebfb depth=0 name=node.complete ts=15723040101560196 dur=41190 run_id=1 task_slot=8 group_index=0 worker_id=0 dispatch_id=3 endpoint_kind=local_mailbox prepare_only=0 role=worker outcome=1
[mono_ns=15723040101644076][T0xec9a6682cca0][TIMING] emit_host_span: [STRACE] v=1 pid=3099872 tid=3142119 inv=0 hid=0 depth=0 name=node.scheduler_loop ts=15723040101536596 dur=101810 role=scheduler drained=1 dispatched=0 drain_ns=98870 spins=359814
[mono_ns=15723040203294531][T0xec9c231c9020][ERROR] sync_stream_pair: [device_runner_base.cpp:2504] aclrtSynchronizeStreamWithTimeout (AICPU) failed: 507018
[mono_ns=15723040203356211][T0xec9c231c9020][ERROR] sync_stream_pair: [device_runner_base.cpp:2505] ACL error detail: 507018 ACL_ERROR_RT_AICPU_EXCEPTION - an AICPU task raised an exception; several distinct on-device mechanisms all surface as this one generic code
[mono_ns=15723040203371311][T0xec9c231c9020][ERROR] sync_stream_pair: [device_runner_base.cpp:2505] ACL error hint: do NOT read this as 'deadlock' or 'OOM' on its own -- it is a generic host-side code. Grep the host log for 'orch_error_code=' / 'sched_error_code=' / 'sub_class=' to get the device-classified reason, and read the device log for the detector that fired. See docs/troubleshooting/device-error-codes.md
[mono_ns=15723040203881331][T0xec9c231c9020][ERROR] sync_stream_pair: [device_runner_base.cpp:2505] ACL recent error message: EE9999: Inner Error!
EE9999[PID: 3141275] 2026-09-23-15:38:21.269.124 (EE9999):  This device does not support cross-server communication drv devId=7 localServerId=1023err:0x702001d[FUNC:ExportToShareableHandleV2][FILE:api_impl.cc][LINE:7120]
        TraceBack (most recent call last):
       rtMemExportToShareableHandleV2 execution failed, reason=driver error:feature not support[FUN~
[mono_ns=15723040203899701][T0xec9c231c9020][ERROR] wait_run_fence: [device_runner_base.cpp:2643] Run completed its boundaries but the device reports an error executing it: 507018 (device_id=7 block_dim=24 slot=0)
[mono_ns=15723040203924481][T0xec9c231c9020][WARN] recover_device_or_mark_unusable: [device_runner.cpp:823] AICore error 507018: device drained, but force-resetting in finalize regardless (drain success does not prove the card is clean)
[mono_ns=15723040203946461][T0xec9c231c9020][TIMING] emit_host_span: [STRACE] v=1 pid=3141275 tid=3141275 inv=3 hid=9f165840f7213623 depth=1 name=chip.run.runner_run ts=15723039440103736 dur=763835395 
[mono_ns=15723040204034271][T0xec9c231c9020][ERROR] operator(): [device_runner_base.cpp:2755] device fault reported: device_id=7 stream_id=43 task_id=4 error_code=507018 thread_id=3141275 (device-level; not attributed to any run)
[mono_ns=15723040204046301][T0xec9c231c9020][ERROR] consume_device_fault_notices: [device_runner_base.cpp:2805] device 7: fault channel matched 1 notice(s) to its run streams (first code=507018, generation=0). Admission is refused until a confirmed reset retires this generation; no run's outcome is changed by it.
[mono_ns=15723040204070091][T0xec9c231c9020][WARN] simpler_finalize_run: [c_api_shared.cpp:1381] device fault channel matched 1 notice(s) to this runner's run streams while finalizing run_id=1 dispatch_id=3 slot_id=0 generation=1 run_epoch=3; this run's own outcome is unchanged and the device refuses further admission
[mono_ns=15723040204076371][T0xec9c231c9020][ERROR] copy_back_run_outputs_impl: [runtime_maker.cpp:1028] simpler runtime failed: orch_error_code=5 sched_error_code=0 runtime_status=-5
[mono_ns=15723040204081301][T0xec9c231c9020][ERROR] copy_back_run_outputs_impl: [runtime_maker.cpp:1028] error detail: orch_error_code=5 INVALID_ARGS - an orchestration API rejected its arguments (bad alloc_tensors info, illegal nested scope, unknown task id in set_dependencies, or an CoreTaskArgs carrying an error flag)
[mono_ns=15723040204090171][T0xec9c231c9020][ERROR] copy_back_run_outputs_impl: [runtime_maker.cpp:1028] error hint: an orchestration bug, not a capacity problem -- resizing the rings will not help; recheck the arguments of the orchestration API calls listed above. See docs/troubleshooting/device-error-codes.md
[mono_ns=15723040204093371][T0xec9c231c9020][WARN] copy_back_run_outputs_impl: [runtime_maker.cpp:1050] Skipping tensor copy-back because execution failed
[mono_ns=15723040204100301][T0xec9c231c9020][TIMING] emit_host_span: [STRACE] v=1 pid=3141275 tid=3141275 inv=3 hid=9f165840f7213623 depth=1 name=chip.run.validate ts=15723040204073471 dur=24070 
[mono_ns=15723040204110041][T0xec9c231c9020][TIMING] emit_host_span: [STRACE] v=1 pid=3141275 tid=3141275 inv=3 hid=9f165840f7213623 depth=1 name=chip.run.claim_release ts=15723040204106661 dur=1050 
[mono_ns=15723040204121621][T0xec9c231c9020][TIMING] emit_host_span: [STRACE] v=1 pid=3141275 tid=3141275 inv=3 hid=9f165840f7213623 depth=0 name=chip.run ts=15723039439905216 dur=764214235 run_id=1 dispatch_id=3 slot_id=0 generation=1 run_epoch=3
[mono_ns=15723040205158012][T0xec9a6682cca0][TIMING] emit_host_span: [STRACE] v=1 pid=3099872 tid=3142119 inv=1 hid=c1065c184d65ebfb depth=0 name=node.complete ts=15723040205144672 dur=8490 run_id=1 task_slot=11 group_index=0 worker_id=3 dispatch_id=3 endpoint_kind=local_mailbox prepare_only=0 role=worker outcome=1
[mono_ns=15723040205178102][T0xec9a6682cca0][TIMING] emit_host_span: [STRACE] v=1 pid=3099872 tid=3142119 inv=0 hid=0 depth=0 name=node.scheduler_loop ts=15723040205136912 dur=36870 role=scheduler drained=1 dispatched=0 drain_ns=34930 spins=56258
[mono_ns=15723040263509060][T0xec9c231c9020][ERROR] sync_stream_pair: [device_runner_base.cpp:2504] aclrtSynchronizeStreamWithTimeout (AICPU) failed: 507018
[mono_ns=15723040263530190][T0xec9c231c9020][ERROR] sync_stream_pair: [device_runner_base.cpp:2505] ACL error detail: 507018 ACL_ERROR_RT_AICPU_EXCEPTION - an AICPU task raised an exception; several distinct on-device mechanisms all surface as this one generic code
[mono_ns=15723040263533410][T0xec9c231c9020][ERROR] sync_stream_pair: [device_runner_base.cpp:2505] ACL error hint: do NOT read this as 'deadlock' or 'OOM' on its own -- it is a generic host-side code. Grep the host log for 'orch_error_code=' / 'sched_error_code=' / 'sub_class=' to get the device-classified reason, and read the device log for the detector that fired. See docs/troubleshooting/device-error-codes.md
[mono_ns=15723040263777140][T0xec9c231c9020][ERROR] sync_stream_pair: [device_runner_base.cpp:2505] ACL recent error message: EE9999: Inner Error!
EE9999[PID: 3141245] 2026-09-23-15:38:21.268.641 (EE9999):  This device does not support cross-server communication drv devId=5 localServerId=1023err:0x702001d[FUNC:ExportToShareableHandleV2][FILE:api_impl.cc][LINE:7120]
        TraceBack (most recent call last):
       rtMemExportToShareableHandleV2 execution failed, reason=driver error:feature not support[FUN~
[mono_ns=15723040263791400][T0xec9c231c9020][ERROR] wait_run_fence: [device_runner_base.cpp:2643] Run completed its boundaries but the device reports an error executing it: 507018 (device_id=5 block_dim=24 slot=0)
[mono_ns=15723040263808960][T0xec9c231c9020][WARN] recover_device_or_mark_unusable: [device_runner.cpp:823] AICore error 507018: device drained, but force-resetting in finalize regardless (drain success does not prove the card is clean)
[mono_ns=15723040263824320][T0xec9c231c9020][TIMING] emit_host_span: [STRACE] v=1 pid=3141245 tid=3141245 inv=3 hid=9f165840f7213623 depth=1 name=chip.run.runner_run ts=15723039439082876 dur=824735894 
[mono_ns=15723040263874320][T0xec9c231c9020][ERROR] operator(): [device_runner_base.cpp:2755] device fault reported: device_id=5 stream_id=43 task_id=4 error_code=507018 thread_id=3141245 (device-level; not attributed to any run)
[mono_ns=15723040263879830][T0xec9c231c9020][ERROR] consume_device_fault_notices: [device_runner_base.cpp:2805] device 5: fault channel matched 1 notice(s) to its run streams (first code=507018, generation=0). Admission is refused until a confirmed reset retires this generation; no run's outcome is changed by it.
[mono_ns=15723040263882960][T0xec9c231c9020][WARN] simpler_finalize_run: [c_api_shared.cpp:1381] device fault channel matched 1 notice(s) to this runner's run streams while finalizing run_id=1 dispatch_id=3 slot_id=0 generation=1 run_epoch=3; this run's own outcome is unchanged and the device refuses further admission
[mono_ns=15723040263888330][T0xec9c231c9020][ERROR] copy_back_run_outputs_impl: [runtime_maker.cpp:1028] simpler runtime failed: orch_error_code=5 sched_error_code=0 runtime_status=-5
[mono_ns=15723040263892790][T0xec9c231c9020][ERROR] copy_back_run_outputs_impl: [runtime_maker.cpp:1028] error detail: orch_error_code=5 INVALID_ARGS - an orchestration API rejected its arguments (bad alloc_tensors info, illegal nested scope, unknown task id in set_dependencies, or an CoreTaskArgs carrying an error flag)
[mono_ns=15723040263895690][T0xec9c231c9020][ERROR] copy_back_run_outputs_impl: [runtime_maker.cpp:1028] error hint: an orchestration bug, not a capacity problem -- resizing the rings will not help; recheck the arguments of the orchestration API calls listed above. See docs/troubleshooting/device-error-codes.md
[mono_ns=15723040263897750][T0xec9c231c9020][WARN] copy_back_run_outputs_impl: [runtime_maker.cpp:1050] Skipping tensor copy-back because execution failed
[mono_ns=15723040263902850][T0xec9c231c9020][TIMING] emit_host_span: [STRACE] v=1 pid=3141245 tid=3141245 inv=3 hid=9f165840f7213623 depth=1 name=chip.run.validate ts=15723040263885300 dur=15310 
[mono_ns=15723040263909031][T0xec9c231c9020][TIMING] emit_host_span: [STRACE] v=1 pid=3141245 tid=3141245 inv=3 hid=9f165840f7213623 depth=1 name=chip.run.claim_release ts=15723040263906051 dur=820 
[mono_ns=15723040263915861][T0xec9c231c9020][TIMING] emit_host_span: [STRACE] v=1 pid=3141245 tid=3141245 inv=3 hid=9f165840f7213623 depth=0 name=chip.run ts=15723039438904756 dur=825008305 run_id=1 dispatch_id=3 slot_id=0 generation=1 run_epoch=3
[mono_ns=15723040264520851][T0xec9a6682cca0][TIMING] emit_host_span: [STRACE] v=1 pid=3099872 tid=3142119 inv=1 hid=c1065c184d65ebfb depth=0 name=node.complete ts=15723040264514681 dur=2420 run_id=1 task_slot=9 group_index=0 worker_id=1 dispatch_id=3 endpoint_kind=local_mailbox prepare_only=0 role=worker outcome=1
[mono_ns=15723040264538021][T0xec9a6682cca0][TIMING] emit_host_span: [STRACE] v=1 pid=3099872 tid=3142119 inv=0 hid=0 depth=0 name=node.scheduler_loop ts=15723040264509211 dur=24830 role=scheduler drained=1 dispatched=0 drain_ns=23340 spins=28502
[mono_ns=15723040286365204][T0xec9c231c9020][ERROR] sync_stream_pair: [device_runner_base.cpp:2504] aclrtSynchronizeStreamWithTimeout (AICPU) failed: 507018
[mono_ns=15723040286427224][T0xec9c231c9020][ERROR] sync_stream_pair: [device_runner_base.cpp:2505] ACL error detail: 507018 ACL_ERROR_RT_AICPU_EXCEPTION - an AICPU task raised an exception; several distinct on-device mechanisms all surface as this one generic code
[mono_ns=15723040286441434][T0xec9c231c9020][ERROR] sync_stream_pair: [device_runner_base.cpp:2505] ACL error hint: do NOT read this as 'deadlock' or 'OOM' on its own -- it is a generic host-side code. Grep the host log for 'orch_error_code=' / 'sched_error_code=' / 'sub_class=' to get the device-classified reason, and read the device log for the detector that fired. See docs/troubleshooting/device-error-codes.md
[mono_ns=15723040286876914][T0xec9c231c9020][ERROR] sync_stream_pair: [device_runner_base.cpp:2505] ACL recent error message: EE9999: Inner Error!
EE9999[PID: 3141257] 2026-09-23-15:38:21.268.700 (EE9999):  This device does not support cross-server communication drv devId=6 localServerId=1023err:0x702001d[FUNC:ExportToShareableHandleV2][FILE:api_impl.cc][LINE:7120]
        TraceBack (most recent call last):
       rtMemExportToShareableHandleV2 execution failed, reason=driver error:feature not support[FUN~
[mono_ns=15723040286895754][T0xec9c231c9020][ERROR] wait_run_fence: [device_runner_base.cpp:2643] Run completed its boundaries but the device reports an error executing it: 507018 (device_id=6 block_dim=24 slot=0)
[mono_ns=15723040286921874][T0xec9c231c9020][WARN] recover_device_or_mark_unusable: [device_runner.cpp:823] AICore error 507018: device drained, but force-resetting in finalize regardless (drain success does not prove the card is clean)
[mono_ns=15723040286938564][T0xec9c231c9020][TIMING] emit_host_span: [STRACE] v=1 pid=3141257 tid=3141257 inv=3 hid=9f165840f7213623 depth=1 name=chip.run.runner_run ts=15723039440200266 dur=846732828 
[mono_ns=15723040287023624][T0xec9c231c9020][ERROR] operator(): [device_runner_base.cpp:2755] device fault reported: device_id=6 stream_id=43 task_id=4 error_code=507018 thread_id=3141257 (device-level; not attributed to any run)
[mono_ns=15723040287034244][T0xec9c231c9020][ERROR] consume_device_fault_notices: [device_runner_base.cpp:2805] device 6: fault channel matched 1 notice(s) to its run streams (first code=507018, generation=0). Admission is refused until a confirmed reset retires this generation; no run's outcome is changed by it.
[mono_ns=15723040287065454][T0xec9c231c9020][WARN] simpler_finalize_run: [c_api_shared.cpp:1381] device fault channel matched 1 notice(s) to this runner's run streams while finalizing run_id=1 dispatch_id=3 slot_id=0 generation=1 run_epoch=3; this run's own outcome is unchanged and the device refuses further admission
[mono_ns=15723040287071214][T0xec9c231c9020][ERROR] copy_back_run_outputs_impl: [runtime_maker.cpp:1028] simpler runtime failed: orch_error_code=5 sched_error_code=0 runtime_status=-5
[mono_ns=15723040287074764][T0xec9c231c9020][ERROR] copy_back_run_outputs_impl: [runtime_maker.cpp:1028] error detail: orch_error_code=5 INVALID_ARGS - an orchestration API rejected its arguments (bad alloc_tensors info, illegal nested scope, unknown task id in set_dependencies, or an CoreTaskArgs carrying an error flag)
[mono_ns=15723040287080224][T0xec9c231c9020][ERROR] copy_back_run_outputs_impl: [runtime_maker.cpp:1028] error hint: an orchestration bug, not a capacity problem -- resizing the rings will not help; recheck the arguments of the orchestration API calls listed above. See docs/troubleshooting/device-error-codes.md
[mono_ns=15723040287087324][T0xec9c231c9020][WARN] copy_back_run_outputs_impl: [runtime_maker.cpp:1050] Skipping tensor copy-back because execution failed
[mono_ns=15723040287092854][T0xec9c231c9020][TIMING] emit_host_span: [STRACE] v=1 pid=3141257 tid=3141257 inv=3 hid=9f165840f7213623 depth=1 name=chip.run.validate ts=15723040287068524 dur=21690 
[mono_ns=15723040287098664][T0xec9c231c9020][TIMING] emit_host_span: [STRACE] v=1 pid=3141257 tid=3141257 inv=3 hid=9f165840f7213623 depth=1 name=chip.run.claim_release ts=15723040287095854 dur=890 
[mono_ns=15723040287109634][T0xec9c231c9020][TIMING] emit_host_span: [STRACE] v=1 pid=3141257 tid=3141257 inv=3 hid=9f165840f7213623 depth=0 name=chip.run ts=15723039439986706 dur=847120578 run_id=1 dispatch_id=3 slot_id=0 generation=1 run_epoch=3
[mono_ns=15723040287838824][T0xec9a6682cca0][TIMING] emit_host_span: [STRACE] v=1 pid=3099872 tid=3142119 inv=1 hid=c1065c184d65ebfb depth=0 name=node.complete ts=15723040287833574 dur=1570 run_id=1 task_slot=10 group_index=0 worker_id=2 dispatch_id=3 endpoint_kind=local_mailbox prepare_only=0 role=worker outcome=1
[mono_ns=15723040287860124][T0xec9a6682cca0][TIMING] emit_host_span: [STRACE] v=1 pid=3099872 tid=3142119 inv=0 hid=0 depth=0 name=node.scheduler_loop ts=15723040287828564 dur=27890 role=scheduler drained=1 dispatched=0 drain_ns=27740 spins=11402
[mono_ns=15723040288527654][T0xec9c231c9020][TIMING] emit_host_span: [STRACE] v=1 pid=3099872 tid=3099872 inv=1 hid=0 depth=0 name=node.post_fence_retirement ts=15723040287850174 dur=669350 run_id=1 slot_id=0 generation=1 role=facade
[mono_ns=15723042283138437][T0xec9c231c9020][WARN] force_reset_device: [device_runner.cpp:987] force_reset_device: aclrtResetDeviceForce(6) established a usable device generation (probe confirmed)
[mono_ns=15723042283170687][T0xec9c231c9020][WARN] retire_device_generation_after_confirmed_reset: [device_runner_base.cpp:2717] device 6: confirmed reset retired the suspect generation; fault notices reported before it are no longer this device's (generation is now 1)
[mono_ns=15723042343247976][T0xec9c231c9020][WARN] force_reset_device: [device_runner.cpp:987] force_reset_device: aclrtResetDeviceForce(4) established a usable device generation (probe confirmed)
[mono_ns=15723042343273116][T0xec9c231c9020][WARN] retire_device_generation_after_confirmed_reset: [device_runner_base.cpp:2717] device 4: confirmed reset retired the suspect generation; fault notices reported before it are no longer this device's (generation is now 1)
[mono_ns=15723042537560346][T0xec9c231c9020][WARN] finalize_common_impl: [device_runner_base.cpp:1888] Fatal teardown: force reset/quarantine finished; skipping per-resource RTS destroy/free calls
[mono_ns=15723042537825636][T0xec9c231c9020][WARN] finalize_common_impl: [device_runner_base.cpp:2167] Fatal teardown: host-side ownership cleared without further device calls
[mono_ns=15723042571588521][T0xec9c231c9020][WARN] force_reset_device: [device_runner.cpp:987] force_reset_device: aclrtResetDeviceForce(5) established a usable device generation (probe confirmed)
[mono_ns=15723042571619121][T0xec9c231c9020][WARN] retire_device_generation_after_confirmed_reset: [device_runner_base.cpp:2717] device 5: confirmed reset retired the suspect generation; fault notices reported before it are no longer this device's (generation is now 1)
[mono_ns=15723042593298684][T0xec9c231c9020][WARN] finalize_common_impl: [device_runner_base.cpp:1888] Fatal teardown: force reset/quarantine finished; skipping per-resource RTS destroy/free calls
[mono_ns=15723042593606634][T0xec9c231c9020][WARN] finalize_common_impl: [device_runner_base.cpp:2167] Fatal teardown: host-side ownership cleared without further device calls
[mono_ns=15723042634891170][T0xec9c231c9020][WARN] force_reset_device: [device_runner.cpp:987] force_reset_device: aclrtResetDeviceForce(7) established a usable device generation (probe confirmed)
[mono_ns=15723042634924410][T0xec9c231c9020][WARN] retire_device_generation_after_confirmed_reset: [device_runner_base.cpp:2717] device 7: confirmed reset retired the suspect generation; fault notices reported before it are no longer this device's (generation is now 1)
[mono_ns=15723042692486679][T0xec9c231c9020][WARN] finalize: [device_runner.cpp:1159] DeviceRunner finalized after fatal device failure
[mono_ns=15723042806882797][T0xec9c231c9020][WARN] finalize_common_impl: [device_runner_base.cpp:1888] Fatal teardown: force reset/quarantine finished; skipping per-resource RTS destroy/free calls
[mono_ns=15723042807167537][T0xec9c231c9020][WARN] finalize_common_impl: [device_runner_base.cpp:2167] Fatal teardown: host-side ownership cleared without further device calls
[mono_ns=15723042845889913][T0xec9c231c9020][WARN] finalize_common_impl: [device_runner_base.cpp:1888] Fatal teardown: force reset/quarantine finished; skipping per-resource RTS destroy/free calls
[mono_ns=15723042846109123][T0xec9c231c9020][WARN] finalize_common_impl: [device_runner_base.cpp:2167] Fatal teardown: host-side ownership cleared without further device calls
[mono_ns=15723043198626586][T0xec9c231c9020][WARN] finalize: [device_runner.cpp:1159] DeviceRunner finalized after fatal device failure
[mono_ns=15723043308959983][T0xec9c231c9020][WARN] finalize: [device_runner.cpp:1159] DeviceRunner finalized after fatal device failure
[mono_ns=15723043622330201][T0xec9c231c9020][WARN] finalize: [device_runner.cpp:1159] DeviceRunner finalized after fatal device failure
Traceback (most recent call last):
  File "/opt/pypto-profiling/collectives/a1_alltoallv/harness/all_to_all_v_benchmark.py", line 998, in _timed_session
    runtime.run(compiled, inputs, send_counts, outputs, recv_out, config=run_config)
  File "/opt/pypto/python/pypto/runtime/distributed_runner.py", line 3342, in run
    return self.submit(compiled, *args, config=config).result()
           ^^^^^^^^^^^^^^^^^^^^^^^^^^^^^^^^^^^^^^^^^^^^^^^^^^^^
  File "/opt/pypto/python/pypto/runtime/distributed_runner.py", line 234, in result
    raise error
  File "/opt/pypto/python/pypto/runtime/distributed_runner.py", line 197, in result
    native_handle.result(timeout=remaining)
  File "/opt/pypto/runtime/python/simpler/worker.py", line 4428, in result
    self.wait(timeout)
  File "/opt/pypto/runtime/python/simpler/worker.py", line 4419, in wait
    raise published_error
  File "/opt/pypto/runtime/python/simpler/worker.py", line 4373, in wait
    completed = self._worker._wait_run_handle(run_id, remaining)
                ^^^^^^^^^^^^^^^^^^^^^^^^^^^^^^^^^^^^^^^^^^^^^^^^
  File "/opt/pypto/runtime/python/simpler/worker.py", line 11613, in _wait_run_handle
    self._orch._wait_run(run_id)
  File "/opt/pypto/runtime/python/simpler/orchestrator.py", line 840, in _wait_run
    self._o._wait_run(run_id)
RuntimeError: LocalMailboxEndpoint child failed (worker_id=0, code=1): chip_process dev=4: chip run: RuntimeError: chip run lane is poisoned: finalize_native_run failed with code -5 (run_id=1 slot=0 generation=1 dispatch_id=3 run_epoch=3)

During handling of the above exception, another exception occurred:

Traceback (most recent call last):
  File "/opt/pypto-profiling/collectives/a1_alltoallv/harness/all_to_all_v_benchmark.py", line 1220, in <module>
    raise SystemExit(main())
                     ^^^^^^
  File "/opt/pypto-profiling/collectives/a1_alltoallv/harness/all_to_all_v_benchmark.py", line 1209, in main
    doc = run_benchmark(args, shape)
          ^^^^^^^^^^^^^^^^^^^^^^^^^^
  File "/opt/pypto-profiling/collectives/a1_alltoallv/harness/all_to_all_v_benchmark.py", line 1067, in run_benchmark
    host_slots, slot_rank = _timed_session(
                            ^^^^^^^^^^^^^^^
  File "/opt/pypto-profiling/collectives/a1_alltoallv/harness/all_to_all_v_benchmark.py", line 993, in _timed_session
    with compiled.prepare(
         ^^^^^^^^^^^^^^^^^
  File "/opt/pypto/python/pypto/runtime/distributed_runner.py", line 3286, in __exit__
    self.close()
  File "/opt/pypto/python/pypto/runtime/distributed_runner.py", line 3277, in close
    raise first_error
  File "/opt/pypto/python/pypto/runtime/distributed_runner.py", line 3263, in close
    self._w.close()
  File "/opt/pypto/runtime/python/simpler/worker.py", line 12167, in close
    raise result
  File "/opt/pypto/runtime/python/simpler/worker.py", line 12089, in close
    self._teardown_ready_tree()
  File "/opt/pypto/runtime/python/simpler/worker.py", line 12502, in _teardown_ready_tree
    self._teardown_worker_tree(startup_abort=False)
  File "/opt/pypto/runtime/python/simpler/worker.py", line 12385, in _teardown_worker_tree
    raise journal_err
  File "/opt/pypto/runtime/python/simpler/worker.py", line 3909, in drive
    cleanup_fn()
  File "/opt/pypto/runtime/python/simpler/worker.py", line 10285, in _release_all_live_domains
    _raise_first(_release, list(live_domains.values())[::-1])
  File "/opt/pypto/runtime/python/simpler/worker.py", line 1107, in _raise_first
    raise first_error
  File "/opt/pypto/runtime/python/simpler/worker.py", line 1102, in _raise_first
    step(item)
  File "/opt/pypto/runtime/python/simpler/worker.py", line 10280, in _release
    self._release_domain_now(handle)
  File "/opt/pypto/runtime/python/simpler/worker.py", line 9281, in _release_domain_now
    raise result.error
  File "/opt/pypto/runtime/python/simpler/worker.py", line 1339, in invoke
    result.value = operation()
                   ^^^^^^^^^^^
  File "/opt/pypto/runtime/python/simpler/worker.py", line 9265, in release_claim
    self._release_domain_claimed(handle)
  File "/opt/pypto/runtime/python/simpler/worker.py", line 9326, in _release_domain_claimed
    _run_with_owned_shared_memory(
  File "/opt/pypto/runtime/python/simpler/worker.py", line 1643, in _run_with_owned_shared_memory
    raise result.error
  File "/opt/pypto/runtime/python/simpler/worker.py", line 1339, in invoke
    result.value = operation()
                   ^^^^^^^^^^^
  File "/opt/pypto/runtime/python/simpler/worker.py", line 1636, in run_lifecycle
    raise operation_error
  File "/opt/pypto/runtime/python/simpler/worker.py", line 1623, in run_lifecycle
    value = operation(owner)
            ^^^^^^^^^^^^^^^^
  File "/opt/pypto/runtime/python/simpler/worker.py", line 9314, in release
    self._dispatch_control_domain(
  File "/opt/pypto/runtime/python/simpler/worker.py", line 9367, in _dispatch_control_domain
    raise RuntimeError(
RuntimeError: release_domain(allocation_id=0) failed on 4/4 chips; first error chip=0: control_release_domain: child process pid=3141233 exited before mailbox completion (exit_status=0)
/usr/local/python3.12.13/lib/python3.12/multiprocessing/resource_tracker.py:279: UserWarning: resource_tracker: There appear to be 4 leaked shared_memory objects to clean up at shutdown
  warnings.warn('resource_tracker: There appear to be %d '

