cmd=/usr/local/python3.12.13/bin/python /opt/pypto-profiling/collectives/a1_alltoallv/harness/all_to_all_v_benchmark.py --ep 4 --peer-bytes 1048576 --count-pattern uniform --core-num 16 --impl managed-host --rounds 100 --warmup 5 --profile both --swimlane-rounds 8 --platform a2a3 --devices 4,5,6,7 --output-json /opt/pypto-profiling/reports/issue-2521-k3-lane-scaling-2026-09-23/json/p4_l16_managed-host_uniform_1048576_r1.json --output-dir /opt/pypto-profiling/reports/issue-2521-k3-lane-scaling-2026-09-23/builds/p4_l16_managed-host_uniform_1048576_r1
rc=-11
----- stdout -----
[a2av-bench] session=timing-slot enter warmup=5 rounds=100

----- stderr -----
[mono_ns=15728833599738551][T0xe6d3bd05b020][TIMING] clock_anchor: [CLOCK_ANCHOR] v=1 pid=3689379 mono_ns=15728833599737971 wall_ns=1790183695545332430
[mono_ns=15728833614686463][T0xe6d3bd05b020][TIMING] clock_anchor: [CLOCK_ANCHOR] v=1 pid=3689382 mono_ns=15728833614685913 wall_ns=1790183695560280412
[mono_ns=15728833626468836][T0xe6d3bd05b020][TIMING] clock_anchor: [CLOCK_ANCHOR] v=1 pid=3689385 mono_ns=15728833626468316 wall_ns=1790183695572062985
[mono_ns=15728833639623509][T0xe6d3bd05b020][TIMING] clock_anchor: [CLOCK_ANCHOR] v=1 pid=3689391 mono_ns=15728833639623079 wall_ns=1790183695585217678
[mono_ns=15728834639688433][T0xe6d3bd05b020][TIMING] emit_host_span: [STRACE] v=1 pid=3689379 tid=3689379 inv=0 hid=0 depth=0 name=chip.prewarm.build ts=15728834554052170 dur=85623143 
[chip_process pid=3689379 dev=4] ready
[mono_ns=15728834683137309][T0xe6d3bd05b020][TIMING] emit_host_span: [STRACE] v=1 pid=3689385 tid=3689385 inv=0 hid=0 depth=0 name=chip.prewarm.build ts=15728834604153492 dur=78961637 
[mono_ns=15728834686984647][T0xe6d3bd05b020][TIMING] emit_host_span: [STRACE] v=1 pid=3689382 tid=3689382 inv=0 hid=0 depth=0 name=chip.prewarm.build ts=15728834603825783 dur=83143274 
[chip_process pid=3689385 dev=6] ready
[chip_process pid=3689382 dev=5] ready
[mono_ns=15728834719501530][T0xe6d3bd05b020][TIMING] emit_host_span: [STRACE] v=1 pid=3689391 tid=3689391 inv=0 hid=0 depth=0 name=chip.prewarm.build ts=15728834622265052 dur=97214848 
[chip_process pid=3689391 dev=7] ready
[mono_ns=15728834739961008][T0xe6d3bd05b020][TIMING] clock_anchor: [CLOCK_ANCHOR] v=1 pid=3678344 mono_ns=15728834739960498 wall_ns=1790183696685554857
[mono_ns=15728837161710327][T0xe6d3bd05b020][TIMING] emit_host_span: [STRACE] v=1 pid=3678344 tid=3678344 inv=1 hid=5c8db61bf71151b depth=0 name=node.submit ts=15728837161642237 dur=55620 run_id=1 task_slot=0 group_index=0 group_size=1 worker_id=0 role=facade
[mono_ns=15728837161778377][T0xe6d20142cca0][TIMING] emit_host_span: [STRACE] v=1 pid=3678344 tid=3690141 inv=1 hid=5c8db61bf71151b depth=0 name=node.frame_submit ts=15728837161746817 dur=17990 run_id=1 task_slot=0 group_index=0 worker_id=0 dispatch_id=1 endpoint_kind=local_mailbox prepare_only=0 role=worker
[mono_ns=15728837161793257][T0xe6d20142cca0][TIMING] emit_host_span: [STRACE] v=1 pid=3678344 tid=3690141 inv=1 hid=5c8db61bf71151b depth=0 name=node.dispatch ts=15728837161728917 dur=56810 run_id=1 task_slot=0 group_index=0 worker_id=0 dispatch_id=1 endpoint_kind=local_mailbox prepare_only=0 role=scheduler slot_id=0 generation=1
[mono_ns=15728837161806267][T0xe6d20142cca0][TIMING] emit_host_span: [STRACE] v=1 pid=3678344 tid=3690141 inv=0 hid=0 depth=0 name=node.scheduler_loop ts=15728837161709927 dur=89820 role=scheduler drained=0 dispatched=1 drain_ns=4690 spins=2
[mono_ns=15728837162029917][T0xe6d3bd05b020][TIMING] emit_host_span: [STRACE] v=1 pid=3678344 tid=3678344 inv=1 hid=5c8db61bf71151b depth=0 name=node.submit ts=15728837161986987 dur=37440 run_id=1 task_slot=1 group_index=0 group_size=1 worker_id=1 role=facade
[mono_ns=15728837162050827][T0xe6d20142cca0][TIMING] emit_host_span: [STRACE] v=1 pid=3678344 tid=3690141 inv=1 hid=5c8db61bf71151b depth=0 name=node.frame_submit ts=15728837162034757 dur=11050 run_id=1 task_slot=1 group_index=0 worker_id=1 dispatch_id=1 endpoint_kind=local_mailbox prepare_only=0 role=worker
[mono_ns=15728837162060667][T0xe6d20142cca0][TIMING] emit_host_span: [STRACE] v=1 pid=3678344 tid=3690141 inv=1 hid=5c8db61bf71151b depth=0 name=node.dispatch ts=15728837162031347 dur=23930 run_id=1 task_slot=1 group_index=0 worker_id=1 dispatch_id=1 endpoint_kind=local_mailbox prepare_only=0 role=scheduler slot_id=0 generation=1
[mono_ns=15728837162068547][T0xe6d20142cca0][TIMING] emit_host_span: [STRACE] v=1 pid=3678344 tid=3690141 inv=0 hid=0 depth=0 name=node.scheduler_loop ts=15728837161992137 dur=72860 role=scheduler drained=0 dispatched=1 drain_ns=690 spins=91
[mono_ns=15728837162250757][T0xe6d3bd05b020][TIMING] emit_host_span: [STRACE] v=1 pid=3678344 tid=3678344 inv=1 hid=5c8db61bf71151b depth=0 name=node.submit ts=15728837162235387 dur=9400 run_id=1 task_slot=2 group_index=0 group_size=1 worker_id=2 role=facade
[mono_ns=15728837162266817][T0xe6d20142cca0][TIMING] emit_host_span: [STRACE] v=1 pid=3678344 tid=3690141 inv=1 hid=5c8db61bf71151b depth=0 name=node.frame_submit ts=15728837162254057 dur=9220 run_id=1 task_slot=2 group_index=0 worker_id=2 dispatch_id=1 endpoint_kind=local_mailbox prepare_only=0 role=worker
[mono_ns=15728837162275967][T0xe6d20142cca0][TIMING] emit_host_span: [STRACE] v=1 pid=3678344 tid=3690141 inv=1 hid=5c8db61bf71151b depth=0 name=node.dispatch ts=15728837162251007 dur=19890 run_id=1 task_slot=2 group_index=0 worker_id=2 dispatch_id=1 endpoint_kind=local_mailbox prepare_only=0 role=scheduler slot_id=0 generation=1
[mono_ns=15728837162283577][T0xe6d20142cca0][TIMING] emit_host_span: [STRACE] v=1 pid=3678344 tid=3690141 inv=0 hid=0 depth=0 name=node.scheduler_loop ts=15728837162239757 dur=40320 role=scheduler drained=0 dispatched=1 drain_ns=740 spins=84
[mono_ns=15728837162479387][T0xe6d3bd05b020][TIMING] emit_host_span: [STRACE] v=1 pid=3678344 tid=3678344 inv=1 hid=5c8db61bf71151b depth=0 name=node.submit ts=15728837162437547 dur=20820 run_id=1 task_slot=3 group_index=0 group_size=1 worker_id=3 role=facade
[mono_ns=15728837162480017][T0xe6d20142cca0][TIMING] emit_host_span: [STRACE] v=1 pid=3678344 tid=3690141 inv=1 hid=5c8db61bf71151b depth=0 name=node.frame_submit ts=15728837162467187 dur=9270 run_id=1 task_slot=3 group_index=0 worker_id=3 dispatch_id=1 endpoint_kind=local_mailbox prepare_only=0 role=worker
[mono_ns=15728837162489727][T0xe6d20142cca0][TIMING] emit_host_span: [STRACE] v=1 pid=3678344 tid=3690141 inv=1 hid=5c8db61bf71151b depth=0 name=node.dispatch ts=15728837162464267 dur=20420 run_id=1 task_slot=3 group_index=0 worker_id=3 dispatch_id=1 endpoint_kind=local_mailbox prepare_only=0 role=scheduler slot_id=0 generation=1
[mono_ns=15728837162496957][T0xe6d20142cca0][TIMING] emit_host_span: [STRACE] v=1 pid=3678344 tid=3690141 inv=0 hid=0 depth=0 name=node.scheduler_loop ts=15728837162446947 dur=46750 role=scheduler drained=0 dispatched=1 drain_ns=770 spins=82
[mono_ns=15728837162772606][T0xe6d3bd05b020][TIMING] emit_host_span: [STRACE] v=1 pid=3678344 tid=3678344 inv=1 hid=95276041238881bc depth=0 name=node.submit ts=15728837162754497 dur=12709 run_id=1 task_slot=4 group_index=0 group_size=1 worker_id=0 role=facade
[mono_ns=15728837162946276][T0xe6d3bd05b020][TIMING] emit_host_span: [STRACE] v=1 pid=3678344 tid=3678344 inv=1 hid=95276041238881bc depth=0 name=node.submit ts=15728837162930816 dur=10170 run_id=1 task_slot=5 group_index=0 group_size=1 worker_id=1 role=facade
[mono_ns=15728837162985756][T0xe6d3bd05b020][TIMING] emit_host_span: [STRACE] v=1 pid=3689379 tid=3689379 inv=1 hid=56c499ad067b96a1 depth=2 name=chip.run.bind.args ts=15728837162976536 dur=2600 
[mono_ns=15728837163015276][T0xe6d3bd05b020][TIMING] emit_host_span: [STRACE] v=1 pid=3689379 tid=3689379 inv=1 hid=56c499ad067b96a1 depth=2 name=chip.run.bind.prebuilt ts=15728837162997746 dur=14880 
[mono_ns=15728837163019986][T0xe6d3bd05b020][TIMING] emit_host_span: [STRACE] v=1 pid=3689379 tid=3689379 inv=1 hid=56c499ad067b96a1 depth=1 name=chip.run.bind ts=15728837162849606 dur=167830 
[mono_ns=15728837163023986][T0xe6d3bd05b020][TIMING] emit_host_span: [STRACE] v=1 pid=3689379 tid=3689379 inv=1 hid=56c499ad067b96a1 depth=1 name=chip.run.publish_image ts=15728837163021486 dur=480 
[mono_ns=15728837163129566][T0xe6d3bd05b020][TIMING] emit_host_span: [STRACE] v=1 pid=3678344 tid=3678344 inv=1 hid=95276041238881bc depth=0 name=node.submit ts=15728837163115866 dur=8660 run_id=1 task_slot=6 group_index=0 group_size=1 worker_id=2 role=facade
[mono_ns=15728837163281996][T0xe6d3bd05b020][TIMING] emit_host_span: [STRACE] v=1 pid=3678344 tid=3678344 inv=1 hid=95276041238881bc depth=0 name=node.submit ts=15728837163266916 dur=10510 run_id=1 task_slot=7 group_index=0 group_size=1 worker_id=3 role=facade
[mono_ns=15728837163447906][T0xe6d3bd05b020][TIMING] emit_host_span: [STRACE] v=1 pid=3678344 tid=3678344 inv=1 hid=8f8a6b4b21a18c71 depth=0 name=node.submit ts=15728837163416586 dur=23510 run_id=1 task_slot=8 group_index=0 group_size=1 worker_id=0 role=facade
[mono_ns=15728837163590256][T0xe6d3bd05b020][TIMING] emit_host_span: [STRACE] v=1 pid=3678344 tid=3678344 inv=1 hid=8f8a6b4b21a18c71 depth=0 name=node.submit ts=15728837163567766 dur=17820 run_id=1 task_slot=9 group_index=0 group_size=1 worker_id=1 role=facade
[mono_ns=15728837163729036][T0xe6d3bd05b020][TIMING] emit_host_span: [STRACE] v=1 pid=3678344 tid=3678344 inv=1 hid=8f8a6b4b21a18c71 depth=0 name=node.submit ts=15728837163710386 dur=14300 run_id=1 task_slot=10 group_index=0 group_size=1 worker_id=2 role=facade
[mono_ns=15728837163836646][T0xe6d3bd05b020][TIMING] emit_host_span: [STRACE] v=1 pid=3689391 tid=3689391 inv=1 hid=56c499ad067b96a1 depth=2 name=chip.run.bind.args ts=15728837163830266 dur=1270 
[mono_ns=15728837163852996][T0xe6d3bd05b020][TIMING] emit_host_span: [STRACE] v=1 pid=3689391 tid=3689391 inv=1 hid=56c499ad067b96a1 depth=2 name=chip.run.bind.prebuilt ts=15728837163848386 dur=1690 
[mono_ns=15728837163858656][T0xe6d3bd05b020][TIMING] emit_host_span: [STRACE] v=1 pid=3689391 tid=3689391 inv=1 hid=56c499ad067b96a1 depth=1 name=chip.run.bind ts=15728837163717416 dur=138040 
[mono_ns=15728837163862986][T0xe6d3bd05b020][TIMING] emit_host_span: [STRACE] v=1 pid=3689391 tid=3689391 inv=1 hid=56c499ad067b96a1 depth=1 name=chip.run.publish_image ts=15728837163860816 dur=120 
[mono_ns=15728837163876876][T0xe6d3bd05b020][TIMING] emit_host_span: [STRACE] v=1 pid=3678344 tid=3678344 inv=1 hid=8f8a6b4b21a18c71 depth=0 name=node.submit ts=15728837163849726 dur=20590 run_id=1 task_slot=11 group_index=0 group_size=1 worker_id=3 role=facade
[mono_ns=15728837163817176][T0xe6d3bd05b020][TIMING] emit_host_span: [STRACE] v=1 pid=3689382 tid=3689382 inv=1 hid=56c499ad067b96a1 depth=2 name=chip.run.bind.args ts=15728837163807286 dur=2180 
[mono_ns=15728837163837786][T0xe6d3bd05b020][TIMING] emit_host_span: [STRACE] v=1 pid=3689382 tid=3689382 inv=1 hid=56c499ad067b96a1 depth=2 name=chip.run.bind.prebuilt ts=15728837163831356 dur=3700 
[mono_ns=15728837163843326][T0xe6d3bd05b020][TIMING] emit_host_span: [STRACE] v=1 pid=3689382 tid=3689382 inv=1 hid=56c499ad067b96a1 depth=1 name=chip.run.bind ts=15728837163717436 dur=123250 
[mono_ns=15728837163847806][T0xe6d3bd05b020][TIMING] emit_host_span: [STRACE] v=1 pid=3689382 tid=3689382 inv=1 hid=56c499ad067b96a1 depth=1 name=chip.run.publish_image ts=15728837163845456 dur=260 
[mono_ns=15728837163891966][T0xe6d3bd05b020][TIMING] emit_host_span: [STRACE] v=1 pid=3689385 tid=3689385 inv=1 hid=56c499ad067b96a1 depth=2 name=chip.run.bind.args ts=15728837163879816 dur=2690 
[mono_ns=15728837163914466][T0xe6d3bd05b020][TIMING] emit_host_span: [STRACE] v=1 pid=3689385 tid=3689385 inv=1 hid=56c499ad067b96a1 depth=2 name=chip.run.bind.prebuilt ts=15728837163907596 dur=3920 
[mono_ns=15728837163920666][T0xe6d3bd05b020][TIMING] emit_host_span: [STRACE] v=1 pid=3689385 tid=3689385 inv=1 hid=56c499ad067b96a1 depth=1 name=chip.run.bind ts=15728837163770146 dur=147190 
[mono_ns=15728837163926386][T0xe6d3bd05b020][TIMING] emit_host_span: [STRACE] v=1 pid=3689385 tid=3689385 inv=1 hid=56c499ad067b96a1 depth=1 name=chip.run.publish_image ts=15728837163923946 dur=270 
[mono_ns=15728837164205576][T0xe6d3bd05b020][TIMING] emit_host_span: [STRACE] v=1 pid=3678344 tid=3678344 inv=1 hid=4a49687dcff641ab depth=0 name=node.submit ts=15728837164184446 dur=11730 run_id=1 task_slot=12 group_index=0 group_size=1 worker_id=0 role=facade
[mono_ns=15728837164211656][T0xe6d3bd05b020][TIMING] emit_host_span: [STRACE] v=1 pid=3689379 tid=3689379 inv=1 hid=56c499ad067b96a1 depth=1 name=chip.run.stage_inputs ts=15728837163025696 dur=1179980 
[mono_ns=15728837164421596][T0xe6d3bd05b020][TIMING] emit_host_span: [STRACE] v=1 pid=3678344 tid=3678344 inv=1 hid=4a49687dcff641ab depth=0 name=node.submit ts=15728837164392876 dur=9850 run_id=1 task_slot=13 group_index=0 group_size=1 worker_id=1 role=facade
[mono_ns=15728837164606586][T0xe6d3bd05b020][TIMING] emit_host_span: [STRACE] v=1 pid=3678344 tid=3678344 inv=1 hid=4a49687dcff641ab depth=0 name=node.submit ts=15728837164589716 dur=11870 run_id=1 task_slot=14 group_index=0 group_size=1 worker_id=2 role=facade
[mono_ns=15728837164676635][T0xe6d3bd05b020][TIMING] emit_host_span: [STRACE] v=1 pid=3689379 tid=3689379 inv=1 hid=56c499ad067b96a1 depth=1 name=chip.run.prepare_execution ts=15728837164218316 dur=454019 
[mono_ns=15728837164778075][T0xe6d3bd05b020][TIMING] emit_host_span: [STRACE] v=1 pid=3678344 tid=3678344 inv=1 hid=4a49687dcff641ab depth=0 name=node.submit ts=15728837164766595 dur=6710 run_id=1 task_slot=15 group_index=0 group_size=1 worker_id=3 role=facade
[mono_ns=15728837164837685][T0xe6d3bd05b020][TIMING] emit_host_span: [STRACE] v=1 pid=3678344 tid=3678344 inv=1 hid=0 depth=0 name=node.graph_build ts=15728834742492817 dur=2422315198 run_id=1 role=facade
[mono_ns=15728837165055645][T0xe6d3bd05b020][TIMING] emit_host_span: [STRACE] v=1 pid=3689382 tid=3689382 inv=1 hid=56c499ad067b96a1 depth=1 name=chip.run.stage_inputs ts=15728837163849876 dur=1200839 
[mono_ns=15728837165241665][T0xe6d3bd05b020][TIMING] emit_host_span: [STRACE] v=1 pid=3689391 tid=3689391 inv=1 hid=56c499ad067b96a1 depth=1 name=chip.run.stage_inputs ts=15728837163864886 dur=1372029 
[mono_ns=15728837165388145][T0xe6d3bd05b020][TIMING] emit_host_span: [STRACE] v=1 pid=3689385 tid=3689385 inv=1 hid=56c499ad067b96a1 depth=1 name=chip.run.stage_inputs ts=15728837163928396 dur=1454189 
[mono_ns=15728837165598945][T0xe6d3bd05b020][TIMING] emit_host_span: [STRACE] v=1 pid=3689382 tid=3689382 inv=1 hid=56c499ad067b96a1 depth=1 name=chip.run.prepare_execution ts=15728837165062075 dur=531690 
[mono_ns=15728837165693885][T0xe6d3bd05b020][TIMING] emit_host_span: [STRACE] v=1 pid=3689391 tid=3689391 inv=1 hid=56c499ad067b96a1 depth=1 name=chip.run.prepare_execution ts=15728837165254355 dur=435150 
[mono_ns=15728837165927105][T0xe6d3bd05b020][TIMING] emit_host_span: [STRACE] v=1 pid=3689385 tid=3689385 inv=1 hid=56c499ad067b96a1 depth=1 name=chip.run.prepare_execution ts=15728837165398675 dur=523110 
[mono_ns=15728837166700374][T0xe6d3bd05b020][TIMING] emit_host_span: [STRACE] v=1 pid=3689379 tid=3689379 inv=1 hid=56c499ad067b96a1 depth=1 name=chip.run.runner_run ts=15728837164685875 dur=2008289 
[mono_ns=15728837166755154][T0xe6d3bd05b020][TIMING] emit_host_span: [STRACE] v=1 pid=3689379 tid=3689379 inv=1 hid=56c499ad067b96a1 depth=1 name=chip.run.validate ts=15728837166733004 dur=19080 
[mono_ns=15728837166763194][T0xe6d3bd05b020][TIMING] emit_host_span: [STRACE] v=1 pid=3689379 tid=3689379 inv=1 hid=56c499ad067b96a1 depth=2 name=chip.run.runner_run.device_wall ts=0 dur=399560 clk=dev dev_id=4 dev_start_cycle=677963317820148 dev_end_cycle=677963317840126 dev_cnt_hz=50000000
[mono_ns=15728837166767984][T0xe6d3bd05b020][TIMING] emit_host_span: [STRACE] v=1 pid=3689379 tid=3689379 inv=1 hid=56c499ad067b96a1 depth=3 name=chip.run.runner_run.device_wall.preamble ts=0 dur=161140 clk=dev
[mono_ns=15728837166771914][T0xe6d3bd05b020][TIMING] emit_host_span: [STRACE] v=1 pid=3689379 tid=3689379 inv=1 hid=56c499ad067b96a1 depth=3 name=chip.run.runner_run.device_wall.graph_build ts=38440 dur=339900 clk=dev
[mono_ns=15728837166775454][T0xe6d3bd05b020][TIMING] emit_host_span: [STRACE] v=1 pid=3689379 tid=3689379 inv=1 hid=56c499ad067b96a1 depth=3 name=chip.run.runner_run.device_wall.config_validate ts=42800 dur=2460 clk=dev
[mono_ns=15728837166778794][T0xe6d3bd05b020][TIMING] emit_host_span: [STRACE] v=1 pid=3689379 tid=3689379 inv=1 hid=56c499ad067b96a1 depth=3 name=chip.run.runner_run.device_wall.arena_wire ts=45280 dur=10020 clk=dev
[mono_ns=15728837166782064][T0xe6d3bd05b020][TIMING] emit_host_span: [STRACE] v=1 pid=3689379 tid=3689379 inv=1 hid=56c499ad067b96a1 depth=3 name=chip.run.runner_run.device_wall.sm_reset ts=55500 dur=13200 clk=dev
[mono_ns=15728837166786074][T0xe6d3bd05b020][TIMING] emit_host_span: [STRACE] v=1 pid=3689379 tid=3689379 inv=1 hid=56c499ad067b96a1 depth=3 name=chip.run.runner_run.device_wall.post_orch ts=378440 dur=14580 clk=dev
[mono_ns=15728837166789404][T0xe6d3bd05b020][TIMING] emit_host_span: [STRACE] v=1 pid=3689379 tid=3689379 inv=1 hid=56c499ad067b96a1 depth=3 name=chip.run.runner_run.device_wall.orch ts=69640 dur=24740 clk=dev
[mono_ns=15728837166792904][T0xe6d3bd05b020][TIMING] emit_host_span: [STRACE] v=1 pid=3689379 tid=3689379 inv=1 hid=56c499ad067b96a1 depth=3 name=chip.run.runner_run.device_wall.sched ts=162480 dur=189100 clk=dev
[mono_ns=15728837166797544][T0xe6d3bd05b020][TIMING] emit_host_span: [STRACE] v=1 pid=3689379 tid=3689379 inv=1 hid=56c499ad067b96a1 depth=1 name=chip.run.claim_release ts=15728837166795274 dur=530 
[mono_ns=15728837166802554][T0xe6d3bd05b020][TIMING] emit_host_span: [STRACE] v=1 pid=3689379 tid=3689379 inv=1 hid=56c499ad067b96a1 depth=0 name=chip.run ts=15728837162815126 dur=3985348 run_id=1 dispatch_id=1 slot_id=0 generation=1 run_epoch=1
[mono_ns=15728837166840864][T0xe6d20142cca0][TIMING] emit_host_span: [STRACE] v=1 pid=3678344 tid=3690141 inv=1 hid=5c8db61bf71151b depth=0 name=node.complete ts=15728837166831224 dur=5920 run_id=1 task_slot=0 group_index=0 worker_id=0 dispatch_id=1 endpoint_kind=local_mailbox prepare_only=0 role=worker outcome=0
[mono_ns=15728837166858294][T0xe6d20142cca0][TIMING] emit_host_span: [STRACE] v=1 pid=3678344 tid=3690141 inv=1 hid=95276041238881bc depth=0 name=node.frame_submit ts=15728837166853874 dur=1070 run_id=1 task_slot=4 group_index=0 worker_id=0 dispatch_id=2 endpoint_kind=local_mailbox prepare_only=0 role=worker
[mono_ns=15728837166866654][T0xe6d20142cca0][TIMING] emit_host_span: [STRACE] v=1 pid=3678344 tid=3690141 inv=1 hid=95276041238881bc depth=0 name=node.dispatch ts=15728837166851054 dur=11060 run_id=1 task_slot=4 group_index=0 worker_id=0 dispatch_id=2 endpoint_kind=local_mailbox prepare_only=0 role=scheduler slot_id=0 generation=1
[mono_ns=15728837166873714][T0xe6d20142cca0][TIMING] emit_host_span: [STRACE] v=1 pid=3678344 tid=3690141 inv=0 hid=0 depth=0 name=node.scheduler_loop ts=15728837166826144 dur=43550 role=scheduler drained=1 dispatched=1 drain_ns=23360 spins=2224
[mono_ns=15728837167163474][T0xe6d3bd05b020][TIMING] emit_host_span: [STRACE] v=1 pid=3689379 tid=3689379 inv=2 hid=2ebeed13bd6a8d06 depth=2 name=chip.run.bind.args ts=15728837167158454 dur=760 
[mono_ns=15728837167175534][T0xe6d3bd05b020][TIMING] emit_host_span: [STRACE] v=1 pid=3689379 tid=3689379 inv=2 hid=2ebeed13bd6a8d06 depth=2 name=chip.run.bind.prebuilt ts=15728837167171104 dur=2170 
[mono_ns=15728837167179404][T0xe6d3bd05b020][TIMING] emit_host_span: [STRACE] v=1 pid=3689379 tid=3689379 inv=2 hid=2ebeed13bd6a8d06 depth=1 name=chip.run.bind ts=15728837167152264 dur=25150 
[mono_ns=15728837167185094][T0xe6d3bd05b020][TIMING] emit_host_span: [STRACE] v=1 pid=3689379 tid=3689379 inv=2 hid=2ebeed13bd6a8d06 depth=1 name=chip.run.publish_image ts=15728837167182444 dur=110 
[mono_ns=15728837167261994][T0xe6d3bd05b020][TIMING] emit_host_span: [STRACE] v=1 pid=3689379 tid=3689379 inv=2 hid=2ebeed13bd6a8d06 depth=1 name=chip.run.stage_inputs ts=15728837167188304 dur=70590 
[mono_ns=15728837167327414][T0xe6d3bd05b020][TIMING] emit_host_span: [STRACE] v=1 pid=3689379 tid=3689379 inv=2 hid=2ebeed13bd6a8d06 depth=1 name=chip.run.prepare_execution ts=15728837167266194 dur=58510 
[mono_ns=15728837167535714][T0xe6d3bd05b020][TIMING] emit_host_span: [STRACE] v=1 pid=3689379 tid=3689379 inv=2 hid=2ebeed13bd6a8d06 depth=1 name=chip.run.runner_run ts=15728837167333064 dur=198260 
[mono_ns=15728837167581364][T0xe6d3bd05b020][TIMING] emit_host_span: [STRACE] v=1 pid=3689379 tid=3689379 inv=2 hid=2ebeed13bd6a8d06 depth=1 name=chip.run.validate ts=15728837167562184 dur=16610 
[mono_ns=15728837167588744][T0xe6d3bd05b020][TIMING] emit_host_span: [STRACE] v=1 pid=3689379 tid=3689379 inv=2 hid=2ebeed13bd6a8d06 depth=2 name=chip.run.runner_run.device_wall ts=0 dur=46340 clk=dev dev_id=4 dev_start_cycle=677963317880682 dev_end_cycle=677963317882999 dev_cnt_hz=50000000
[mono_ns=15728837167593964][T0xe6d3bd05b020][TIMING] emit_host_span: [STRACE] v=1 pid=3689379 tid=3689379 inv=2 hid=2ebeed13bd6a8d06 depth=3 name=chip.run.runner_run.device_wall.preamble ts=0 dur=10580 clk=dev
[mono_ns=15728837167597744][T0xe6d3bd05b020][TIMING] emit_host_span: [STRACE] v=1 pid=3689379 tid=3689379 inv=2 hid=2ebeed13bd6a8d06 depth=3 name=chip.run.runner_run.device_wall.graph_build ts=1839 dur=34180 clk=dev
[mono_ns=15728837167601364][T0xe6d3bd05b020][TIMING] emit_host_span: [STRACE] v=1 pid=3689379 tid=3689379 inv=2 hid=2ebeed13bd6a8d06 depth=3 name=chip.run.runner_run.device_wall.config_validate ts=1980 dur=1040 clk=dev
[mono_ns=15728837167604764][T0xe6d3bd05b020][TIMING] emit_host_span: [STRACE] v=1 pid=3689379 tid=3689379 inv=2 hid=2ebeed13bd6a8d06 depth=3 name=chip.run.runner_run.device_wall.arena_wire ts=3040 dur=640 clk=dev
[mono_ns=15728837167608314][T0xe6d3bd05b020][TIMING] emit_host_span: [STRACE] v=1 pid=3689379 tid=3689379 inv=2 hid=2ebeed13bd6a8d06 depth=3 name=chip.run.runner_run.device_wall.sm_reset ts=3700 dur=840 clk=dev
[mono_ns=15728837167611454][T0xe6d3bd05b020][TIMING] emit_host_span: [STRACE] v=1 pid=3689379 tid=3689379 inv=2 hid=2ebeed13bd6a8d06 depth=3 name=chip.run.runner_run.device_wall.post_orch ts=36140 dur=9459 clk=dev
[mono_ns=15728837167614574][T0xe6d3bd05b020][TIMING] emit_host_span: [STRACE] v=1 pid=3689379 tid=3689379 inv=2 hid=2ebeed13bd6a8d06 depth=3 name=chip.run.runner_run.device_wall.orch ts=4600 dur=5360 clk=dev
[mono_ns=15728837167617624][T0xe6d3bd05b020][TIMING] emit_host_span: [STRACE] v=1 pid=3689379 tid=3689379 inv=2 hid=2ebeed13bd6a8d06 depth=3 name=chip.run.runner_run.device_wall.sched ts=10740 dur=8460 clk=dev
[mono_ns=15728837167623164][T0xe6d3bd05b020][TIMING] emit_host_span: [STRACE] v=1 pid=3689379 tid=3689379 inv=2 hid=2ebeed13bd6a8d06 depth=1 name=chip.run.claim_release ts=15728837167621024 dur=300 
[mono_ns=15728837167627954][T0xe6d3bd05b020][TIMING] emit_host_span: [STRACE] v=1 pid=3689379 tid=3689379 inv=2 hid=2ebeed13bd6a8d06 depth=0 name=chip.run ts=15728837167136454 dur=489110 run_id=1 dispatch_id=2 slot_id=0 generation=1 run_epoch=2
[mono_ns=15728837167656204][T0xe6d20142cca0][TIMING] emit_host_span: [STRACE] v=1 pid=3678344 tid=3690141 inv=1 hid=95276041238881bc depth=0 name=node.complete ts=15728837167652094 dur=720 run_id=1 task_slot=4 group_index=0 worker_id=0 dispatch_id=2 endpoint_kind=local_mailbox prepare_only=0 role=worker outcome=0
[mono_ns=15728837167669794][T0xe6d20142cca0][TIMING] emit_host_span: [STRACE] v=1 pid=3678344 tid=3690141 inv=1 hid=8f8a6b4b21a18c71 depth=0 name=node.frame_submit ts=15728837167665904 dur=830 run_id=1 task_slot=8 group_index=0 worker_id=0 dispatch_id=3 endpoint_kind=local_mailbox prepare_only=0 role=worker
[mono_ns=15728837167677804][T0xe6d20142cca0][TIMING] emit_host_span: [STRACE] v=1 pid=3678344 tid=3690141 inv=1 hid=8f8a6b4b21a18c71 depth=0 name=node.dispatch ts=15728837167663444 dur=9880 run_id=1 task_slot=8 group_index=0 worker_id=0 dispatch_id=3 endpoint_kind=local_mailbox prepare_only=0 role=scheduler slot_id=0 generation=1
[mono_ns=15728837167684924][T0xe6d20142cca0][TIMING] emit_host_span: [STRACE] v=1 pid=3678344 tid=3690141 inv=0 hid=0 depth=0 name=node.scheduler_loop ts=15728837167649444 dur=32140 role=scheduler drained=1 dispatched=1 drain_ns=12670 spins=399
[mono_ns=15728837167951934][T0xe6d3bd05b020][TIMING] emit_host_span: [STRACE] v=1 pid=3689379 tid=3689379 inv=3 hid=9125460159d7690c depth=2 name=chip.run.bind.args ts=15728837167947384 dur=850 
[mono_ns=15728837167963384][T0xe6d3bd05b020][TIMING] emit_host_span: [STRACE] v=1 pid=3689379 tid=3689379 inv=3 hid=9125460159d7690c depth=2 name=chip.run.bind.prebuilt ts=15728837167959124 dur=2130 
[mono_ns=15728837167966924][T0xe6d3bd05b020][TIMING] emit_host_span: [STRACE] v=1 pid=3689379 tid=3689379 inv=3 hid=9125460159d7690c depth=1 name=chip.run.bind ts=15728837167941424 dur=23680 
[mono_ns=15728837167971994][T0xe6d3bd05b020][TIMING] emit_host_span: [STRACE] v=1 pid=3689379 tid=3689379 inv=3 hid=9125460159d7690c depth=1 name=chip.run.publish_image ts=15728837167970114 dur=100 
[mono_ns=15728837168026204][T0xe6d3bd05b020][TIMING] emit_host_span: [STRACE] v=1 pid=3689379 tid=3689379 inv=3 hid=9125460159d7690c depth=1 name=chip.run.stage_inputs ts=15728837167973924 dur=49100 
[mono_ns=15728837168097484][T0xe6d3bd05b020][TIMING] emit_host_span: [STRACE] v=1 pid=3689379 tid=3689379 inv=3 hid=9125460159d7690c depth=1 name=chip.run.prepare_execution ts=15728837168031074 dur=63490 
[mono_ns=15728837169382773][T0xe6d3bd05b020][TIMING] emit_host_span: [STRACE] v=1 pid=3689382 tid=3689382 inv=1 hid=56c499ad067b96a1 depth=1 name=chip.run.runner_run ts=15728837165608905 dur=3767268 
[mono_ns=15728837169435683][T0xe6d3bd05b020][TIMING] emit_host_span: [STRACE] v=1 pid=3689382 tid=3689382 inv=1 hid=56c499ad067b96a1 depth=1 name=chip.run.validate ts=15728837169413453 dur=18600 
[mono_ns=15728837169443603][T0xe6d3bd05b020][TIMING] emit_host_span: [STRACE] v=1 pid=3689382 tid=3689382 inv=1 hid=56c499ad067b96a1 depth=2 name=chip.run.runner_run.device_wall ts=0 dur=415640 clk=dev dev_id=5 dev_start_cycle=677963305160534 dev_end_cycle=677963305181316 dev_cnt_hz=50000000
[mono_ns=15728837169447693][T0xe6d3bd05b020][TIMING] emit_host_span: [STRACE] v=1 pid=3689382 tid=3689382 inv=1 hid=56c499ad067b96a1 depth=3 name=chip.run.runner_run.device_wall.preamble ts=0 dur=174300 clk=dev
[mono_ns=15728837169454253][T0xe6d3bd05b020][TIMING] emit_host_span: [STRACE] v=1 pid=3689382 tid=3689382 inv=1 hid=56c499ad067b96a1 depth=3 name=chip.run.runner_run.device_wall.graph_build ts=41080 dur=352360 clk=dev
[mono_ns=15728837169457853][T0xe6d3bd05b020][TIMING] emit_host_span: [STRACE] v=1 pid=3689382 tid=3689382 inv=1 hid=56c499ad067b96a1 depth=3 name=chip.run.runner_run.device_wall.config_validate ts=46300 dur=2700 clk=dev
[mono_ns=15728837169462703][T0xe6d3bd05b020][TIMING] emit_host_span: [STRACE] v=1 pid=3689382 tid=3689382 inv=1 hid=56c499ad067b96a1 depth=3 name=chip.run.runner_run.device_wall.arena_wire ts=49040 dur=11160 clk=dev
[mono_ns=15728837169466403][T0xe6d3bd05b020][TIMING] emit_host_span: [STRACE] v=1 pid=3689382 tid=3689382 inv=1 hid=56c499ad067b96a1 depth=3 name=chip.run.runner_run.device_wall.sm_reset ts=60240 dur=15379 clk=dev
[mono_ns=15728837169469513][T0xe6d3bd05b020][TIMING] emit_host_span: [STRACE] v=1 pid=3689382 tid=3689382 inv=1 hid=56c499ad067b96a1 depth=3 name=chip.run.runner_run.device_wall.post_orch ts=393520 dur=15400 clk=dev
[mono_ns=15728837169474183][T0xe6d3bd05b020][TIMING] emit_host_span: [STRACE] v=1 pid=3689382 tid=3689382 inv=1 hid=56c499ad067b96a1 depth=3 name=chip.run.runner_run.device_wall.orch ts=76600 dur=27520 clk=dev
[mono_ns=15728837169477803][T0xe6d3bd05b020][TIMING] emit_host_span: [STRACE] v=1 pid=3689382 tid=3689382 inv=1 hid=56c499ad067b96a1 depth=3 name=chip.run.runner_run.device_wall.sched ts=175620 dur=191540 clk=dev
[mono_ns=15728837169483083][T0xe6d3bd05b020][TIMING] emit_host_span: [STRACE] v=1 pid=3689382 tid=3689382 inv=1 hid=56c499ad067b96a1 depth=1 name=chip.run.claim_release ts=15728837169480773 dur=380 
[mono_ns=15728837169489873][T0xe6d3bd05b020][TIMING] emit_host_span: [STRACE] v=1 pid=3689382 tid=3689382 inv=1 hid=56c499ad067b96a1 depth=0 name=chip.run ts=15728837163692536 dur=5794557 run_id=1 dispatch_id=1 slot_id=0 generation=1 run_epoch=1
[mono_ns=15728837169525103][T0xe6d20142cca0][TIMING] emit_host_span: [STRACE] v=1 pid=3678344 tid=3690141 inv=1 hid=5c8db61bf71151b depth=0 name=node.complete ts=15728837169521053 dur=360 run_id=1 task_slot=1 group_index=0 worker_id=1 dispatch_id=1 endpoint_kind=local_mailbox prepare_only=0 role=worker outcome=0
[mono_ns=15728837169538623][T0xe6d20142cca0][TIMING] emit_host_span: [STRACE] v=1 pid=3678344 tid=3690141 inv=1 hid=95276041238881bc depth=0 name=node.frame_submit ts=15728837169534683 dur=770 run_id=1 task_slot=5 group_index=0 worker_id=1 dispatch_id=2 endpoint_kind=local_mailbox prepare_only=0 role=worker
[mono_ns=15728837169546713][T0xe6d20142cca0][TIMING] emit_host_span: [STRACE] v=1 pid=3678344 tid=3690141 inv=1 hid=95276041238881bc depth=0 name=node.dispatch ts=15728837169532313 dur=9990 run_id=1 task_slot=5 group_index=0 worker_id=1 dispatch_id=2 endpoint_kind=local_mailbox prepare_only=0 role=scheduler slot_id=0 generation=1
[mono_ns=15728837169554463][T0xe6d20142cca0][TIMING] emit_host_span: [STRACE] v=1 pid=3678344 tid=3690141 inv=0 hid=0 depth=0 name=node.scheduler_loop ts=15728837169518383 dur=32260 role=scheduler drained=1 dispatched=1 drain_ns=12560 spins=953
[mono_ns=15728837169874533][T0xe6d3bd05b020][TIMING] emit_host_span: [STRACE] v=1 pid=3689382 tid=3689382 inv=2 hid=2ebeed13bd6a8d06 depth=2 name=chip.run.bind.args ts=15728837169868983 dur=1170 
[mono_ns=15728837169887493][T0xe6d3bd05b020][TIMING] emit_host_span: [STRACE] v=1 pid=3689382 tid=3689382 inv=2 hid=2ebeed13bd6a8d06 depth=2 name=chip.run.bind.prebuilt ts=15728837169882613 dur=2770 
[mono_ns=15728837169891853][T0xe6d3bd05b020][TIMING] emit_host_span: [STRACE] v=1 pid=3689382 tid=3689382 inv=2 hid=2ebeed13bd6a8d06 depth=1 name=chip.run.bind ts=15728837169861723 dur=27680 
[mono_ns=15728837169896233][T0xe6d3bd05b020][TIMING] emit_host_span: [STRACE] v=1 pid=3689382 tid=3689382 inv=2 hid=2ebeed13bd6a8d06 depth=1 name=chip.run.publish_image ts=15728837169894203 dur=180 
[mono_ns=15728837169971123][T0xe6d3bd05b020][TIMING] emit_host_span: [STRACE] v=1 pid=3689382 tid=3689382 inv=2 hid=2ebeed13bd6a8d06 depth=1 name=chip.run.stage_inputs ts=15728837169899793 dur=67810 
[mono_ns=15728837170042953][T0xe6d3bd05b020][TIMING] emit_host_span: [STRACE] v=1 pid=3689382 tid=3689382 inv=2 hid=2ebeed13bd6a8d06 depth=1 name=chip.run.prepare_execution ts=15728837169975833 dur=63820 
[mono_ns=15728837170257732][T0xe6d3bd05b020][TIMING] emit_host_span: [STRACE] v=1 pid=3689382 tid=3689382 inv=2 hid=2ebeed13bd6a8d06 depth=1 name=chip.run.runner_run ts=15728837170048953 dur=204619 
[mono_ns=15728837170304102][T0xe6d3bd05b020][TIMING] emit_host_span: [STRACE] v=1 pid=3689382 tid=3689382 inv=2 hid=2ebeed13bd6a8d06 depth=1 name=chip.run.validate ts=15728837170284652 dur=16450 
[mono_ns=15728837170311612][T0xe6d3bd05b020][TIMING] emit_host_span: [STRACE] v=1 pid=3689382 tid=3689382 inv=2 hid=2ebeed13bd6a8d06 depth=2 name=chip.run.runner_run.device_wall ts=0 dur=47040 clk=dev dev_id=5 dev_start_cycle=677963305223726 dev_end_cycle=677963305226078 dev_cnt_hz=50000000
[mono_ns=15728837170316212][T0xe6d3bd05b020][TIMING] emit_host_span: [STRACE] v=1 pid=3689382 tid=3689382 inv=2 hid=2ebeed13bd6a8d06 depth=3 name=chip.run.runner_run.device_wall.preamble ts=0 dur=10680 clk=dev
[mono_ns=15728837170321162][T0xe6d3bd05b020][TIMING] emit_host_span: [STRACE] v=1 pid=3689382 tid=3689382 inv=2 hid=2ebeed13bd6a8d06 depth=3 name=chip.run.runner_run.device_wall.graph_build ts=2660 dur=33500 clk=dev
[mono_ns=15728837170324912][T0xe6d3bd05b020][TIMING] emit_host_span: [STRACE] v=1 pid=3689382 tid=3689382 inv=2 hid=2ebeed13bd6a8d06 depth=3 name=chip.run.runner_run.device_wall.config_validate ts=2800 dur=1000 clk=dev
[mono_ns=15728837170329722][T0xe6d3bd05b020][TIMING] emit_host_span: [STRACE] v=1 pid=3689382 tid=3689382 inv=2 hid=2ebeed13bd6a8d06 depth=3 name=chip.run.runner_run.device_wall.arena_wire ts=3840 dur=459 clk=dev
[mono_ns=15728837170332892][T0xe6d3bd05b020][TIMING] emit_host_span: [STRACE] v=1 pid=3689382 tid=3689382 inv=2 hid=2ebeed13bd6a8d06 depth=3 name=chip.run.runner_run.device_wall.sm_reset ts=4340 dur=780 clk=dev
[mono_ns=15728837170338322][T0xe6d3bd05b020][TIMING] emit_host_span: [STRACE] v=1 pid=3689382 tid=3689382 inv=2 hid=2ebeed13bd6a8d06 depth=3 name=chip.run.runner_run.device_wall.post_orch ts=36300 dur=9959 clk=dev
[mono_ns=15728837170341632][T0xe6d3bd05b020][TIMING] emit_host_span: [STRACE] v=1 pid=3689382 tid=3689382 inv=2 hid=2ebeed13bd6a8d06 depth=3 name=chip.run.runner_run.device_wall.orch ts=5160 dur=4780 clk=dev
[mono_ns=15728837170345222][T0xe6d3bd05b020][TIMING] emit_host_span: [STRACE] v=1 pid=3689382 tid=3689382 inv=2 hid=2ebeed13bd6a8d06 depth=3 name=chip.run.runner_run.device_wall.sched ts=10740 dur=7680 clk=dev
[mono_ns=15728837170350692][T0xe6d3bd05b020][TIMING] emit_host_span: [STRACE] v=1 pid=3689382 tid=3689382 inv=2 hid=2ebeed13bd6a8d06 depth=1 name=chip.run.claim_release ts=15728837170348562 dur=320 
[mono_ns=15728837170355352][T0xe6d3bd05b020][TIMING] emit_host_span: [STRACE] v=1 pid=3689382 tid=3689382 inv=2 hid=2ebeed13bd6a8d06 depth=0 name=chip.run ts=15728837169844843 dur=508549 run_id=1 dispatch_id=2 slot_id=0 generation=1 run_epoch=2
[mono_ns=15728837170384582][T0xe6d20142cca0][TIMING] emit_host_span: [STRACE] v=1 pid=3678344 tid=3690141 inv=1 hid=95276041238881bc depth=0 name=node.complete ts=15728837170380532 dur=400 run_id=1 task_slot=5 group_index=0 worker_id=1 dispatch_id=2 endpoint_kind=local_mailbox prepare_only=0 role=worker outcome=0
[mono_ns=15728837170398332][T0xe6d20142cca0][TIMING] emit_host_span: [STRACE] v=1 pid=3678344 tid=3690141 inv=1 hid=8f8a6b4b21a18c71 depth=0 name=node.frame_submit ts=15728837170394082 dur=1060 run_id=1 task_slot=9 group_index=0 worker_id=1 dispatch_id=3 endpoint_kind=local_mailbox prepare_only=0 role=worker
[mono_ns=15728837170406372][T0xe6d20142cca0][TIMING] emit_host_span: [STRACE] v=1 pid=3678344 tid=3690141 inv=1 hid=8f8a6b4b21a18c71 depth=0 name=node.dispatch ts=15728837170391762 dur=10160 run_id=1 task_slot=9 group_index=0 worker_id=1 dispatch_id=3 endpoint_kind=local_mailbox prepare_only=0 role=scheduler slot_id=0 generation=1
[mono_ns=15728837170413522][T0xe6d20142cca0][TIMING] emit_host_span: [STRACE] v=1 pid=3678344 tid=3690141 inv=0 hid=0 depth=0 name=node.scheduler_loop ts=15728837170377902 dur=32270 role=scheduler drained=1 dispatched=1 drain_ns=12520 spins=427
[mono_ns=15728837170553552][T0xe6d3bd05b020][TIMING] emit_host_span: [STRACE] v=1 pid=3689385 tid=3689385 inv=1 hid=56c499ad067b96a1 depth=1 name=chip.run.runner_run ts=15728837165939765 dur=4607187 
[mono_ns=15728837170561502][T0xe6d3bd05b020][TIMING] emit_host_span: [STRACE] v=1 pid=3689391 tid=3689391 inv=1 hid=56c499ad067b96a1 depth=1 name=chip.run.runner_run ts=15728837165701625 dur=4854497 
[mono_ns=15728837170618732][T0xe6d3bd05b020][TIMING] emit_host_span: [STRACE] v=1 pid=3689391 tid=3689391 inv=1 hid=56c499ad067b96a1 depth=1 name=chip.run.validate ts=15728837170596512 dur=19160 
[mono_ns=15728837170618282][T0xe6d3bd05b020][TIMING] emit_host_span: [STRACE] v=1 pid=3689385 tid=3689385 inv=1 hid=56c499ad067b96a1 depth=1 name=chip.run.validate ts=15728837170594092 dur=20780 
[mono_ns=15728837170625802][T0xe6d3bd05b020][TIMING] emit_host_span: [STRACE] v=1 pid=3689391 tid=3689391 inv=1 hid=56c499ad067b96a1 depth=2 name=chip.run.runner_run.device_wall ts=0 dur=430920 clk=dev dev_id=7 dev_start_cycle=677963279216789 dev_end_cycle=677963279238335 dev_cnt_hz=50000000
[mono_ns=15728837170630062][T0xe6d3bd05b020][TIMING] emit_host_span: [STRACE] v=1 pid=3689385 tid=3689385 inv=1 hid=56c499ad067b96a1 depth=2 name=chip.run.runner_run.device_wall ts=0 dur=404400 clk=dev dev_id=6 dev_start_cycle=677963292422446 dev_end_cycle=677963292442666 dev_cnt_hz=50000000
[mono_ns=15728837170631132][T0xe6d3bd05b020][TIMING] emit_host_span: [STRACE] v=1 pid=3689391 tid=3689391 inv=1 hid=56c499ad067b96a1 depth=3 name=chip.run.runner_run.device_wall.preamble ts=0 dur=190619 clk=dev
[mono_ns=15728837170634772][T0xe6d3bd05b020][TIMING] emit_host_span: [STRACE] v=1 pid=3689391 tid=3689391 inv=1 hid=56c499ad067b96a1 depth=3 name=chip.run.runner_run.device_wall.graph_build ts=40120 dur=369640 clk=dev
[mono_ns=15728837170638052][T0xe6d3bd05b020][TIMING] emit_host_span: [STRACE] v=1 pid=3689391 tid=3689391 inv=1 hid=56c499ad067b96a1 depth=3 name=chip.run.runner_run.device_wall.config_validate ts=44620 dur=2719 clk=dev
[mono_ns=15728837170635912][T0xe6d3bd05b020][TIMING] emit_host_span: [STRACE] v=1 pid=3689385 tid=3689385 inv=1 hid=56c499ad067b96a1 depth=3 name=chip.run.runner_run.device_wall.preamble ts=0 dur=160359 clk=dev
[mono_ns=15728837170641012][T0xe6d3bd05b020][TIMING] emit_host_span: [STRACE] v=1 pid=3689391 tid=3689391 inv=1 hid=56c499ad067b96a1 depth=3 name=chip.run.runner_run.device_wall.arena_wire ts=47379 dur=10900 clk=dev
[mono_ns=15728837170645232][T0xe6d3bd05b020][TIMING] emit_host_span: [STRACE] v=1 pid=3689391 tid=3689391 inv=1 hid=56c499ad067b96a1 depth=3 name=chip.run.runner_run.device_wall.sm_reset ts=58320 dur=14719 clk=dev
[mono_ns=15728837170648652][T0xe6d3bd05b020][TIMING] emit_host_span: [STRACE] v=1 pid=3689391 tid=3689391 inv=1 hid=56c499ad067b96a1 depth=3 name=chip.run.runner_run.device_wall.post_orch ts=409840 dur=14500 clk=dev
[mono_ns=15728837170652972][T0xe6d3bd05b020][TIMING] emit_host_span: [STRACE] v=1 pid=3689391 tid=3689391 inv=1 hid=56c499ad067b96a1 depth=3 name=chip.run.runner_run.device_wall.orch ts=74200 dur=24460 clk=dev
[mono_ns=15728837170642772][T0xe6d3bd05b020][TIMING] emit_host_span: [STRACE] v=1 pid=3689385 tid=3689385 inv=1 hid=56c499ad067b96a1 depth=3 name=chip.run.runner_run.device_wall.graph_build ts=38800 dur=343740 clk=dev
[mono_ns=15728837170651212][T0xe6d3bd05b020][TIMING] emit_host_span: [STRACE] v=1 pid=3689385 tid=3689385 inv=1 hid=56c499ad067b96a1 depth=3 name=chip.run.runner_run.device_wall.config_validate ts=42900 dur=2540 clk=dev
[mono_ns=15728837170655012][T0xe6d3bd05b020][TIMING] emit_host_span: [STRACE] v=1 pid=3689385 tid=3689385 inv=1 hid=56c499ad067b96a1 depth=3 name=chip.run.runner_run.device_wall.arena_wire ts=45460 dur=10500 clk=dev
[mono_ns=15728837170655862][T0xe6d3bd05b020][TIMING] emit_host_span: [STRACE] v=1 pid=3689391 tid=3689391 inv=1 hid=56c499ad067b96a1 depth=3 name=chip.run.runner_run.device_wall.sched ts=192340 dur=189780 clk=dev
[mono_ns=15728837170660652][T0xe6d3bd05b020][TIMING] emit_host_span: [STRACE] v=1 pid=3689391 tid=3689391 inv=1 hid=56c499ad067b96a1 depth=1 name=chip.run.claim_release ts=15728837170658562 dur=290 
[mono_ns=15728837170658952][T0xe6d3bd05b020][TIMING] emit_host_span: [STRACE] v=1 pid=3689385 tid=3689385 inv=1 hid=56c499ad067b96a1 depth=3 name=chip.run.runner_run.device_wall.sm_reset ts=56000 dur=14120 clk=dev
[mono_ns=15728837170666262][T0xe6d3bd05b020][TIMING] emit_host_span: [STRACE] v=1 pid=3689391 tid=3689391 inv=1 hid=56c499ad067b96a1 depth=0 name=chip.run ts=15728837163685486 dur=6978816 run_id=1 dispatch_id=1 slot_id=0 generation=1 run_epoch=1
[mono_ns=15728837170665382][T0xe6d3bd05b020][TIMING] emit_host_span: [STRACE] v=1 pid=3689385 tid=3689385 inv=1 hid=56c499ad067b96a1 depth=3 name=chip.run.runner_run.device_wall.post_orch ts=382599 dur=15040 clk=dev
[mono_ns=15728837170673372][T0xe6d3bd05b020][TIMING] emit_host_span: [STRACE] v=1 pid=3689385 tid=3689385 inv=1 hid=56c499ad067b96a1 depth=3 name=chip.run.runner_run.device_wall.orch ts=71200 dur=26000 clk=dev
[mono_ns=15728837170677232][T0xe6d3bd05b020][TIMING] emit_host_span: [STRACE] v=1 pid=3689385 tid=3689385 inv=1 hid=56c499ad067b96a1 depth=3 name=chip.run.runner_run.device_wall.sched ts=161820 dur=194019 clk=dev
[mono_ns=15728837170678342][T0xe6d3bd05b020][TIMING] emit_host_span: [STRACE] v=1 pid=3689382 tid=3689382 inv=3 hid=9125460159d7690c depth=2 name=chip.run.bind.args ts=15728837170673412 dur=850 
[mono_ns=15728837170689682][T0xe6d3bd05b020][TIMING] emit_host_span: [STRACE] v=1 pid=3689382 tid=3689382 inv=3 hid=9125460159d7690c depth=2 name=chip.run.bind.prebuilt ts=15728837170685502 dur=1910 
[mono_ns=15728837170683562][T0xe6d3bd05b020][TIMING] emit_host_span: [STRACE] v=1 pid=3689385 tid=3689385 inv=1 hid=56c499ad067b96a1 depth=1 name=chip.run.claim_release ts=15728837170681602 dur=230 
[mono_ns=15728837170694192][T0xe6d3bd05b020][TIMING] emit_host_span: [STRACE] v=1 pid=3689385 tid=3689385 inv=1 hid=56c499ad067b96a1 depth=0 name=chip.run ts=15728837163720446 dur=6971616 run_id=1 dispatch_id=1 slot_id=0 generation=1 run_epoch=1
[mono_ns=15728837170693482][T0xe6d3bd05b020][TIMING] emit_host_span: [STRACE] v=1 pid=3689382 tid=3689382 inv=3 hid=9125460159d7690c depth=1 name=chip.run.bind ts=15728837170667312 dur=24240 
[mono_ns=15728837170699742][T0xe6d3bd05b020][TIMING] emit_host_span: [STRACE] v=1 pid=3689382 tid=3689382 inv=3 hid=9125460159d7690c depth=1 name=chip.run.publish_image ts=15728837170696952 dur=130 
[mono_ns=15728837170695762][T0xe6d20142cca0][TIMING] emit_host_span: [STRACE] v=1 pid=3678344 tid=3690141 inv=1 hid=5c8db61bf71151b depth=0 name=node.complete ts=15728837170691732 dur=510 run_id=1 task_slot=3 group_index=0 worker_id=3 dispatch_id=1 endpoint_kind=local_mailbox prepare_only=0 role=worker outcome=0
[mono_ns=15728837170709322][T0xe6d20142cca0][TIMING] emit_host_span: [STRACE] v=1 pid=3678344 tid=3690141 inv=1 hid=95276041238881bc depth=0 name=node.frame_submit ts=15728837170704712 dur=1640 run_id=1 task_slot=7 group_index=0 worker_id=3 dispatch_id=2 endpoint_kind=local_mailbox prepare_only=0 role=worker
[mono_ns=15728837170717312][T0xe6d20142cca0][TIMING] emit_host_span: [STRACE] v=1 pid=3678344 tid=3690141 inv=1 hid=95276041238881bc depth=0 name=node.dispatch ts=15728837170702452 dur=10530 run_id=1 task_slot=7 group_index=0 worker_id=3 dispatch_id=2 endpoint_kind=local_mailbox prepare_only=0 role=scheduler slot_id=0 generation=1
[mono_ns=15728837170722722][T0xe6d20142cca0][TIMING] emit_host_span: [STRACE] v=1 pid=3678344 tid=3690141 inv=0 hid=0 depth=0 name=node.scheduler_loop ts=15728837170688512 dur=30640 role=scheduler drained=1 dispatched=1 drain_ns=12440 spins=145
[mono_ns=15728837170732262][T0xe6d20142cca0][TIMING] emit_host_span: [STRACE] v=1 pid=3678344 tid=3690141 inv=1 hid=5c8db61bf71151b depth=0 name=node.complete ts=15728837170728962 dur=320 run_id=1 task_slot=2 group_index=0 worker_id=2 dispatch_id=1 endpoint_kind=local_mailbox prepare_only=0 role=worker outcome=0
[mono_ns=15728837170742662][T0xe6d3bd05b020][TIMING] emit_host_span: [STRACE] v=1 pid=3689382 tid=3689382 inv=3 hid=9125460159d7690c depth=1 name=chip.run.stage_inputs ts=15728837170701252 dur=38270 
[mono_ns=15728837170745172][T0xe6d20142cca0][TIMING] emit_host_span: [STRACE] v=1 pid=3678344 tid=3690141 inv=1 hid=95276041238881bc depth=0 name=node.frame_submit ts=15728837170740962 dur=1260 run_id=1 task_slot=6 group_index=0 worker_id=2 dispatch_id=2 endpoint_kind=local_mailbox prepare_only=0 role=worker
[mono_ns=15728837170753282][T0xe6d20142cca0][TIMING] emit_host_span: [STRACE] v=1 pid=3678344 tid=3690141 inv=1 hid=95276041238881bc depth=0 name=node.dispatch ts=15728837170738742 dur=10130 run_id=1 task_slot=6 group_index=0 worker_id=2 dispatch_id=2 endpoint_kind=local_mailbox prepare_only=0 role=scheduler slot_id=0 generation=1
[mono_ns=15728837170758012][T0xe6d20142cca0][TIMING] emit_host_span: [STRACE] v=1 pid=3678344 tid=3690141 inv=0 hid=0 depth=0 name=node.scheduler_loop ts=15728837170726202 dur=28930 role=scheduler drained=1 dispatched=1 drain_ns=11150 spins=0
[mono_ns=15728837170804542][T0xe6d3bd05b020][TIMING] emit_host_span: [STRACE] v=1 pid=3689382 tid=3689382 inv=3 hid=9125460159d7690c depth=1 name=chip.run.prepare_execution ts=15728837170747032 dur=54670 
[mono_ns=15728837171014902][T0xe6d3bd05b020][TIMING] emit_host_span: [STRACE] v=1 pid=3689391 tid=3689391 inv=2 hid=2ebeed13bd6a8d06 depth=2 name=chip.run.bind.args ts=15728837171010132 dur=880 
[mono_ns=15728837171026412][T0xe6d3bd05b020][TIMING] emit_host_span: [STRACE] v=1 pid=3689391 tid=3689391 inv=2 hid=2ebeed13bd6a8d06 depth=2 name=chip.run.bind.prebuilt ts=15728837171021672 dur=2530 
[mono_ns=15728837171030902][T0xe6d3bd05b020][TIMING] emit_host_span: [STRACE] v=1 pid=3689391 tid=3689391 inv=2 hid=2ebeed13bd6a8d06 depth=1 name=chip.run.bind ts=15728837170995982 dur=32840 
[mono_ns=15728837171034442][T0xe6d3bd05b020][TIMING] emit_host_span: [STRACE] v=1 pid=3689391 tid=3689391 inv=2 hid=2ebeed13bd6a8d06 depth=1 name=chip.run.publish_image ts=15728837171032472 dur=110 
[mono_ns=15728837171066622][T0xe6d3bd05b020][TIMING] emit_host_span: [STRACE] v=1 pid=3689385 tid=3689385 inv=2 hid=2ebeed13bd6a8d06 depth=2 name=chip.run.bind.args ts=15728837171061502 dur=830 
[mono_ns=15728837171082592][T0xe6d3bd05b020][TIMING] emit_host_span: [STRACE] v=1 pid=3689385 tid=3689385 inv=2 hid=2ebeed13bd6a8d06 depth=2 name=chip.run.bind.prebuilt ts=15728837171077742 dur=2600 
[mono_ns=15728837171087222][T0xe6d3bd05b020][TIMING] emit_host_span: [STRACE] v=1 pid=3689385 tid=3689385 inv=2 hid=2ebeed13bd6a8d06 depth=1 name=chip.run.bind ts=15728837171054852 dur=30410 
[mono_ns=15728837171093572][T0xe6d3bd05b020][TIMING] emit_host_span: [STRACE] v=1 pid=3689385 tid=3689385 inv=2 hid=2ebeed13bd6a8d06 depth=1 name=chip.run.publish_image ts=15728837171091672 dur=110 
[mono_ns=15728837171101802][T0xe6d3bd05b020][TIMING] emit_host_span: [STRACE] v=1 pid=3689391 tid=3689391 inv=2 hid=2ebeed13bd6a8d06 depth=1 name=chip.run.stage_inputs ts=15728837171035902 dur=62730 
[mono_ns=15728837171166302][T0xe6d3bd05b020][TIMING] emit_host_span: [STRACE] v=1 pid=3689391 tid=3689391 inv=2 hid=2ebeed13bd6a8d06 depth=1 name=chip.run.prepare_execution ts=15728837171105872 dur=57550 
[mono_ns=15728837171177232][T0xe6d3bd05b020][TIMING] emit_host_span: [STRACE] v=1 pid=3689385 tid=3689385 inv=2 hid=2ebeed13bd6a8d06 depth=1 name=chip.run.stage_inputs ts=15728837171100082 dur=73320 
[mono_ns=15728837171250342][T0xe6d3bd05b020][TIMING] emit_host_span: [STRACE] v=1 pid=3689385 tid=3689385 inv=2 hid=2ebeed13bd6a8d06 depth=1 name=chip.run.prepare_execution ts=15728837171185282 dur=62000 
[mono_ns=15728837171379902][T0xe6d3bd05b020][TIMING] emit_host_span: [STRACE] v=1 pid=3689391 tid=3689391 inv=2 hid=2ebeed13bd6a8d06 depth=1 name=chip.run.runner_run ts=15728837171171662 dur=204420 
[mono_ns=15728837171425332][T0xe6d3bd05b020][TIMING] emit_host_span: [STRACE] v=1 pid=3689391 tid=3689391 inv=2 hid=2ebeed13bd6a8d06 depth=1 name=chip.run.validate ts=15728837171405562 dur=17010 
[mono_ns=15728837171432152][T0xe6d3bd05b020][TIMING] emit_host_span: [STRACE] v=1 pid=3689391 tid=3689391 inv=2 hid=2ebeed13bd6a8d06 depth=2 name=chip.run.runner_run.device_wall ts=0 dur=43440 clk=dev dev_id=7 dev_start_cycle=677963279277579 dev_end_cycle=677963279279751 dev_cnt_hz=50000000
[mono_ns=15728837171435502][T0xe6d3bd05b020][TIMING] emit_host_span: [STRACE] v=1 pid=3689391 tid=3689391 inv=2 hid=2ebeed13bd6a8d06 depth=3 name=chip.run.runner_run.device_wall.preamble ts=0 dur=10180 clk=dev
[mono_ns=15728837171440082][T0xe6d3bd05b020][TIMING] emit_host_span: [STRACE] v=1 pid=3689391 tid=3689391 inv=2 hid=2ebeed13bd6a8d06 depth=3 name=chip.run.runner_run.device_wall.graph_build ts=2540 dur=30460 clk=dev
[mono_ns=15728837171443632][T0xe6d3bd05b020][TIMING] emit_host_span: [STRACE] v=1 pid=3689391 tid=3689391 inv=2 hid=2ebeed13bd6a8d06 depth=3 name=chip.run.runner_run.device_wall.config_validate ts=2660 dur=700 clk=dev
[mono_ns=15728837171447862][T0xe6d3bd05b020][TIMING] emit_host_span: [STRACE] v=1 pid=3689391 tid=3689391 inv=2 hid=2ebeed13bd6a8d06 depth=3 name=chip.run.runner_run.device_wall.arena_wire ts=3400 dur=440 clk=dev
[mono_ns=15728837171450702][T0xe6d3bd05b020][TIMING] emit_host_span: [STRACE] v=1 pid=3689391 tid=3689391 inv=2 hid=2ebeed13bd6a8d06 depth=3 name=chip.run.runner_run.device_wall.sm_reset ts=3900 dur=840 clk=dev
[mono_ns=15728837171455592][T0xe6d3bd05b020][TIMING] emit_host_span: [STRACE] v=1 pid=3689391 tid=3689391 inv=2 hid=2ebeed13bd6a8d06 depth=3 name=chip.run.runner_run.device_wall.post_orch ts=33100 dur=9740 clk=dev
[mono_ns=15728837171458872][T0xe6d3bd05b020][TIMING] emit_host_span: [STRACE] v=1 pid=3689391 tid=3689391 inv=2 hid=2ebeed13bd6a8d06 depth=3 name=chip.run.runner_run.device_wall.orch ts=4780 dur=4899 clk=dev
[mono_ns=15728837171462432][T0xe6d3bd05b020][TIMING] emit_host_span: [STRACE] v=1 pid=3689391 tid=3689391 inv=2 hid=2ebeed13bd6a8d06 depth=3 name=chip.run.runner_run.device_wall.sched ts=10260 dur=6020 clk=dev
[mono_ns=15728837171467382][T0xe6d3bd05b020][TIMING] emit_host_span: [STRACE] v=1 pid=3689391 tid=3689391 inv=2 hid=2ebeed13bd6a8d06 depth=1 name=chip.run.claim_release ts=15728837171465152 dur=240 
[mono_ns=15728837171472252][T0xe6d3bd05b020][TIMING] emit_host_span: [STRACE] v=1 pid=3689391 tid=3689391 inv=2 hid=2ebeed13bd6a8d06 depth=0 name=chip.run ts=15728837170979472 dur=490870 run_id=1 dispatch_id=2 slot_id=0 generation=1 run_epoch=2
[mono_ns=15728837171485192][T0xe6d3bd05b020][TIMING] emit_host_span: [STRACE] v=1 pid=3689385 tid=3689385 inv=2 hid=2ebeed13bd6a8d06 depth=1 name=chip.run.runner_run ts=15728837171260382 dur=220060 
[mono_ns=15728837171501352][T0xe6d20142cca0][TIMING] emit_host_span: [STRACE] v=1 pid=3678344 tid=3690141 inv=1 hid=95276041238881bc depth=0 name=node.complete ts=15728837171497292 dur=330 run_id=1 task_slot=7 group_index=0 worker_id=3 dispatch_id=2 endpoint_kind=local_mailbox prepare_only=0 role=worker outcome=0
[mono_ns=15728837171516502][T0xe6d20142cca0][TIMING] emit_host_span: [STRACE] v=1 pid=3678344 tid=3690141 inv=1 hid=8f8a6b4b21a18c71 depth=0 name=node.frame_submit ts=15728837171510682 dur=2820 run_id=1 task_slot=11 group_index=0 worker_id=3 dispatch_id=3 endpoint_kind=local_mailbox prepare_only=0 role=worker
[mono_ns=15728837171524542][T0xe6d20142cca0][TIMING] emit_host_span: [STRACE] v=1 pid=3678344 tid=3690141 inv=1 hid=8f8a6b4b21a18c71 depth=0 name=node.dispatch ts=15728837171508212 dur=11780 run_id=1 task_slot=11 group_index=0 worker_id=3 dispatch_id=3 endpoint_kind=local_mailbox prepare_only=0 role=scheduler slot_id=0 generation=1
[mono_ns=15728837171529312][T0xe6d20142cca0][TIMING] emit_host_span: [STRACE] v=1 pid=3678344 tid=3690141 inv=0 hid=0 depth=0 name=node.scheduler_loop ts=15728837171493602 dur=32720 role=scheduler drained=1 dispatched=1 drain_ns=13020 spins=370
[mono_ns=15728837171537632][T0xe6d3bd05b020][TIMING] emit_host_span: [STRACE] v=1 pid=3689385 tid=3689385 inv=2 hid=2ebeed13bd6a8d06 depth=1 name=chip.run.validate ts=15728837171517292 dur=17470 
[mono_ns=15728837171548702][T0xe6d3bd05b020][TIMING] emit_host_span: [STRACE] v=1 pid=3689385 tid=3689385 inv=2 hid=2ebeed13bd6a8d06 depth=2 name=chip.run.runner_run.device_wall ts=0 dur=43580 clk=dev dev_id=6 dev_start_cycle=677963292488377 dev_end_cycle=677963292490556 dev_cnt_hz=50000000
[mono_ns=15728837171553152][T0xe6d3bd05b020][TIMING] emit_host_span: [STRACE] v=1 pid=3689385 tid=3689385 inv=2 hid=2ebeed13bd6a8d06 depth=3 name=chip.run.runner_run.device_wall.preamble ts=0 dur=9920 clk=dev
[mono_ns=15728837171557842][T0xe6d3bd05b020][TIMING] emit_host_span: [STRACE] v=1 pid=3689385 tid=3689385 inv=2 hid=2ebeed13bd6a8d06 depth=3 name=chip.run.runner_run.device_wall.graph_build ts=2099 dur=31080 clk=dev
[mono_ns=15728837171566032][T0xe6d3bd05b020][TIMING] emit_host_span: [STRACE] v=1 pid=3689385 tid=3689385 inv=2 hid=2ebeed13bd6a8d06 depth=3 name=chip.run.runner_run.device_wall.config_validate ts=2240 dur=980 clk=dev
[mono_ns=15728837171569772][T0xe6d3bd05b020][TIMING] emit_host_span: [STRACE] v=1 pid=3689385 tid=3689385 inv=2 hid=2ebeed13bd6a8d06 depth=3 name=chip.run.runner_run.device_wall.arena_wire ts=3239 dur=580 clk=dev
[mono_ns=15728837171573622][T0xe6d3bd05b020][TIMING] emit_host_span: [STRACE] v=1 pid=3689385 tid=3689385 inv=2 hid=2ebeed13bd6a8d06 depth=3 name=chip.run.runner_run.device_wall.sm_reset ts=3840 dur=1020 clk=dev
[mono_ns=15728837171579542][T0xe6d3bd05b020][TIMING] emit_host_span: [STRACE] v=1 pid=3689385 tid=3689385 inv=2 hid=2ebeed13bd6a8d06 depth=3 name=chip.run.runner_run.device_wall.post_orch ts=33280 dur=9520 clk=dev
[mono_ns=15728837171587422][T0xe6d3bd05b020][TIMING] emit_host_span: [STRACE] v=1 pid=3689385 tid=3689385 inv=2 hid=2ebeed13bd6a8d06 depth=3 name=chip.run.runner_run.device_wall.orch ts=4899 dur=5699 clk=dev
[mono_ns=15728837171591182][T0xe6d3bd05b020][TIMING] emit_host_span: [STRACE] v=1 pid=3689385 tid=3689385 inv=2 hid=2ebeed13bd6a8d06 depth=3 name=chip.run.runner_run.device_wall.sched ts=10080 dur=6160 clk=dev
[mono_ns=15728837171596322][T0xe6d3bd05b020][TIMING] emit_host_span: [STRACE] v=1 pid=3689385 tid=3689385 inv=2 hid=2ebeed13bd6a8d06 depth=1 name=chip.run.claim_release ts=15728837171594232 dur=240 
[mono_ns=15728837171603142][T0xe6d3bd05b020][TIMING] emit_host_span: [STRACE] v=1 pid=3689385 tid=3689385 inv=2 hid=2ebeed13bd6a8d06 depth=0 name=chip.run ts=15728837171035532 dur=565670 run_id=1 dispatch_id=2 slot_id=0 generation=1 run_epoch=2
[mono_ns=15728837171637692][T0xe6d20142cca0][TIMING] emit_host_span: [STRACE] v=1 pid=3678344 tid=3690141 inv=1 hid=95276041238881bc depth=0 name=node.complete ts=15728837171634102 dur=470 run_id=1 task_slot=6 group_index=0 worker_id=2 dispatch_id=2 endpoint_kind=local_mailbox prepare_only=0 role=worker outcome=0
[mono_ns=15728837171651332][T0xe6d20142cca0][TIMING] emit_host_span: [STRACE] v=1 pid=3678344 tid=3690141 inv=1 hid=8f8a6b4b21a18c71 depth=0 name=node.frame_submit ts=15728837171646572 dur=1800 run_id=1 task_slot=10 group_index=0 worker_id=2 dispatch_id=3 endpoint_kind=local_mailbox prepare_only=0 role=worker
[mono_ns=15728837171659322][T0xe6d20142cca0][TIMING] emit_host_span: [STRACE] v=1 pid=3678344 tid=3690141 inv=1 hid=8f8a6b4b21a18c71 depth=0 name=node.dispatch ts=15728837171644152 dur=10820 run_id=1 task_slot=10 group_index=0 worker_id=2 dispatch_id=3 endpoint_kind=local_mailbox prepare_only=0 role=scheduler slot_id=0 generation=1
[mono_ns=15728837171666042][T0xe6d20142cca0][TIMING] emit_host_span: [STRACE] v=1 pid=3678344 tid=3690141 inv=0 hid=0 depth=0 name=node.scheduler_loop ts=15728837171631412 dur=31550 role=scheduler drained=1 dispatched=1 drain_ns=11300 spins=53
[mono_ns=15728837171795422][T0xe6d3bd05b020][TIMING] emit_host_span: [STRACE] v=1 pid=3689391 tid=3689391 inv=3 hid=9125460159d7690c depth=2 name=chip.run.bind.args ts=15728837171790602 dur=790 
[mono_ns=15728837171805912][T0xe6d3bd05b020][TIMING] emit_host_span: [STRACE] v=1 pid=3689391 tid=3689391 inv=3 hid=9125460159d7690c depth=2 name=chip.run.bind.prebuilt ts=15728837171802162 dur=1640 
[mono_ns=15728837171809412][T0xe6d3bd05b020][TIMING] emit_host_span: [STRACE] v=1 pid=3689391 tid=3689391 inv=3 hid=9125460159d7690c depth=1 name=chip.run.bind ts=15728837171784652 dur=22930 
[mono_ns=15728837171813342][T0xe6d3bd05b020][TIMING] emit_host_span: [STRACE] v=1 pid=3689391 tid=3689391 inv=3 hid=9125460159d7690c depth=1 name=chip.run.publish_image ts=15728837171810812 dur=110 
[mono_ns=15728837171857412][T0xe6d3bd05b020][TIMING] emit_host_span: [STRACE] v=1 pid=3689391 tid=3689391 inv=3 hid=9125460159d7690c depth=1 name=chip.run.stage_inputs ts=15728837171816082 dur=38130 
[mono_ns=15728837171919842][T0xe6d3bd05b020][TIMING] emit_host_span: [STRACE] v=1 pid=3689391 tid=3689391 inv=3 hid=9125460159d7690c depth=1 name=chip.run.prepare_execution ts=15728837171861282 dur=55560 
[mono_ns=15728837171957722][T0xe6d3bd05b020][TIMING] emit_host_span: [STRACE] v=1 pid=3689385 tid=3689385 inv=3 hid=9125460159d7690c depth=2 name=chip.run.bind.args ts=15728837171952972 dur=780 
[mono_ns=15728837171972742][T0xe6d3bd05b020][TIMING] emit_host_span: [STRACE] v=1 pid=3689385 tid=3689385 inv=3 hid=9125460159d7690c depth=2 name=chip.run.bind.prebuilt ts=15728837171968682 dur=1980 
[mono_ns=15728837171977112][T0xe6d3bd05b020][TIMING] emit_host_span: [STRACE] v=1 pid=3689385 tid=3689385 inv=3 hid=9125460159d7690c depth=1 name=chip.run.bind ts=15728837171947292 dur=28020 
[mono_ns=15728837171984022][T0xe6d3bd05b020][TIMING] emit_host_span: [STRACE] v=1 pid=3689385 tid=3689385 inv=3 hid=9125460159d7690c depth=1 name=chip.run.publish_image ts=15728837171981452 dur=110 
[mono_ns=15728837172043592][T0xe6d3bd05b020][TIMING] emit_host_span: [STRACE] v=1 pid=3689385 tid=3689385 inv=3 hid=9125460159d7690c depth=1 name=chip.run.stage_inputs ts=15728837171990552 dur=49700 
[mono_ns=15728837172116591][T0xe6d3bd05b020][TIMING] emit_host_span: [STRACE] v=1 pid=3689385 tid=3689385 inv=3 hid=9125460159d7690c depth=1 name=chip.run.prepare_execution ts=15728837172051212 dur=62339 
[mono_ns=15728837677807010][T0xe6d3bd05b020][ERROR] sync_stream_pair: [device_runner_base.cpp:2504] aclrtSynchronizeStreamWithTimeout (AICPU) failed: 507018
[mono_ns=15728837677825310][T0xe6d3bd05b020][ERROR] sync_stream_pair: [device_runner_base.cpp:2505] ACL error detail: 507018 ACL_ERROR_RT_AICPU_EXCEPTION - an AICPU task raised an exception; several distinct on-device mechanisms all surface as this one generic code
[mono_ns=15728837677829470][T0xe6d3bd05b020][ERROR] sync_stream_pair: [device_runner_base.cpp:2505] ACL error hint: do NOT read this as 'deadlock' or 'OOM' on its own -- it is a generic host-side code. Grep the host log for 'orch_error_code=' / 'sched_error_code=' / 'sub_class=' to get the device-classified reason, and read the device log for the detector that fired. See docs/troubleshooting/device-error-codes.md
[mono_ns=15728837678174350][T0xe6d3bd05b020][ERROR] sync_stream_pair: [device_runner_base.cpp:2505] ACL recent error message: EE9999: Inner Error!
EE9999[PID: 3689379] 2026-09-23-17:14:58.949.087 (EE9999):  This device does not support cross-server communication drv devId=4 localServerId=1023err:0x702001d[FUNC:ExportToShareableHandleV2][FILE:api_impl.cc][LINE:7120]
        TraceBack (most recent call last):
       rtMemExportToShareableHandleV2 execution failed, reason=driver error:feature not support[FUN~
[mono_ns=15728837678189960][T0xe6d3bd05b020][ERROR] wait_run_fence: [device_runner_base.cpp:2643] Run completed its boundaries but the device reports an error executing it: 507018 (device_id=4 block_dim=24 slot=0)
[mono_ns=15728837678208740][T0xe6d3bd05b020][WARN] recover_device_or_mark_unusable: [device_runner.cpp:823] AICore error 507018: device drained, but force-resetting in finalize regardless (drain success does not prove the card is clean)
[mono_ns=15728837678220480][T0xe6d3bd05b020][TIMING] emit_host_span: [STRACE] v=1 pid=3689379 tid=3689379 inv=3 hid=9125460159d7690c depth=1 name=chip.run.runner_run ts=15728837168103194 dur=510113066 
[mono_ns=15728837678277030][T0xe6d3bd05b020][ERROR] operator(): [device_runner_base.cpp:2755] device fault reported: device_id=4 stream_id=43 task_id=4 error_code=507018 thread_id=3689379 (device-level; not attributed to any run)
[mono_ns=15728837678283690][T0xe6d3bd05b020][ERROR] consume_device_fault_notices: [device_runner_base.cpp:2805] device 4: fault channel matched 1 notice(s) to its run streams (first code=507018, generation=0). Admission is refused until a confirmed reset retires this generation; no run's outcome is changed by it.
[mono_ns=15728837678288570][T0xe6d3bd05b020][WARN] simpler_finalize_run: [c_api_shared.cpp:1381] device fault channel matched 1 notice(s) to this runner's run streams while finalizing run_id=1 dispatch_id=3 slot_id=0 generation=1 run_epoch=3; this run's own outcome is unchanged and the device refuses further admission
[mono_ns=15728837678295190][T0xe6d3bd05b020][ERROR] copy_back_run_outputs_impl: [runtime_maker.cpp:1028] simpler runtime failed: orch_error_code=5 sched_error_code=0 runtime_status=-5
[mono_ns=15728837678298520][T0xe6d3bd05b020][ERROR] copy_back_run_outputs_impl: [runtime_maker.cpp:1028] error detail: orch_error_code=5 INVALID_ARGS - an orchestration API rejected its arguments (bad alloc_tensors info, illegal nested scope, unknown task id in set_dependencies, or an CoreTaskArgs carrying an error flag)
[mono_ns=15728837678303369][T0xe6d3bd05b020][ERROR] copy_back_run_outputs_impl: [runtime_maker.cpp:1028] error hint: an orchestration bug, not a capacity problem -- resizing the rings will not help; recheck the arguments of the orchestration API calls listed above. See docs/troubleshooting/device-error-codes.md
[mono_ns=15728837678306199][T0xe6d3bd05b020][WARN] copy_back_run_outputs_impl: [runtime_maker.cpp:1050] Skipping tensor copy-back because execution failed
[mono_ns=15728837678311469][T0xe6d3bd05b020][TIMING] emit_host_span: [STRACE] v=1 pid=3689379 tid=3689379 inv=3 hid=9125460159d7690c depth=1 name=chip.run.validate ts=15728837678293080 dur=15959 
[mono_ns=15728837678317589][T0xe6d3bd05b020][TIMING] emit_host_span: [STRACE] v=1 pid=3689379 tid=3689379 inv=3 hid=9125460159d7690c depth=1 name=chip.run.claim_release ts=15728837678315199 dur=520 
[mono_ns=15728837678323109][T0xe6d3bd05b020][TIMING] emit_host_span: [STRACE] v=1 pid=3689379 tid=3689379 inv=3 hid=9125460159d7690c depth=0 name=chip.run ts=15728837167926484 dur=510394625 run_id=1 dispatch_id=3 slot_id=0 generation=1 run_epoch=3
[mono_ns=15728837678856149][T0xe6d20142cca0][TIMING] emit_host_span: [STRACE] v=1 pid=3678344 tid=3690141 inv=1 hid=8f8a6b4b21a18c71 depth=0 name=node.complete ts=15728837678813369 dur=36670 run_id=1 task_slot=8 group_index=0 worker_id=0 dispatch_id=3 endpoint_kind=local_mailbox prepare_only=0 role=worker outcome=1
[mono_ns=15728837678885959][T0xe6d20142cca0][TIMING] emit_host_span: [STRACE] v=1 pid=3678344 tid=3690141 inv=0 hid=0 depth=0 name=node.scheduler_loop ts=15728837678799009 dur=82440 role=scheduler drained=1 dispatched=0 drain_ns=80280 spins=275137
[mono_ns=15728837947581515][T0xe6d3bd05b020][ERROR] sync_stream_pair: [device_runner_base.cpp:2504] aclrtSynchronizeStreamWithTimeout (AICPU) failed: 507018
[mono_ns=15728837947606955][T0xe6d3bd05b020][ERROR] sync_stream_pair: [device_runner_base.cpp:2505] ACL error detail: 507018 ACL_ERROR_RT_AICPU_EXCEPTION - an AICPU task raised an exception; several distinct on-device mechanisms all surface as this one generic code
[mono_ns=15728837947611545][T0xe6d3bd05b020][ERROR] sync_stream_pair: [device_runner_base.cpp:2505] ACL error hint: do NOT read this as 'deadlock' or 'OOM' on its own -- it is a generic host-side code. Grep the host log for 'orch_error_code=' / 'sched_error_code=' / 'sub_class=' to get the device-classified reason, and read the device log for the detector that fired. See docs/troubleshooting/device-error-codes.md
[mono_ns=15728837948066835][T0xe6d3bd05b020][ERROR] sync_stream_pair: [device_runner_base.cpp:2505] ACL recent error message: EE9999: Inner Error!
EE9999[PID: 3689391] 2026-09-23-17:14:58.949.733 (EE9999):  This device does not support cross-server communication drv devId=7 localServerId=1023err:0x702001d[FUNC:ExportToShareableHandleV2][FILE:api_impl.cc][LINE:7120]
        TraceBack (most recent call last):
       rtMemExportToShareableHandleV2 execution failed, reason=driver error:feature not support[FUN~
[mono_ns=15728837948081545][T0xe6d3bd05b020][ERROR] wait_run_fence: [device_runner_base.cpp:2643] Run completed its boundaries but the device reports an error executing it: 507018 (device_id=7 block_dim=24 slot=0)
[mono_ns=15728837948101625][T0xe6d3bd05b020][WARN] recover_device_or_mark_unusable: [device_runner.cpp:823] AICore error 507018: device drained, but force-resetting in finalize regardless (drain success does not prove the card is clean)
[mono_ns=15728837948117225][T0xe6d3bd05b020][TIMING] emit_host_span: [STRACE] v=1 pid=3689391 tid=3689391 inv=3 hid=9125460159d7690c depth=1 name=chip.run.runner_run ts=15728837171925112 dur=776186613 
[mono_ns=15728837948199904][T0xe6d3bd05b020][ERROR] operator(): [device_runner_base.cpp:2755] device fault reported: device_id=7 stream_id=43 task_id=4 error_code=507018 thread_id=3689391 (device-level; not attributed to any run)
[mono_ns=15728837948205654][T0xe6d3bd05b020][ERROR] consume_device_fault_notices: [device_runner_base.cpp:2805] device 7: fault channel matched 1 notice(s) to its run streams (first code=507018, generation=0). Admission is refused until a confirmed reset retires this generation; no run's outcome is changed by it.
[mono_ns=15728837948211044][T0xe6d3bd05b020][WARN] simpler_finalize_run: [c_api_shared.cpp:1381] device fault channel matched 1 notice(s) to this runner's run streams while finalizing run_id=1 dispatch_id=3 slot_id=0 generation=1 run_epoch=3; this run's own outcome is unchanged and the device refuses further admission
[mono_ns=15728837948218154][T0xe6d3bd05b020][ERROR] copy_back_run_outputs_impl: [runtime_maker.cpp:1028] simpler runtime failed: orch_error_code=5 sched_error_code=0 runtime_status=-5
[mono_ns=15728837948222594][T0xe6d3bd05b020][ERROR] copy_back_run_outputs_impl: [runtime_maker.cpp:1028] error detail: orch_error_code=5 INVALID_ARGS - an orchestration API rejected its arguments (bad alloc_tensors info, illegal nested scope, unknown task id in set_dependencies, or an CoreTaskArgs carrying an error flag)
[mono_ns=15728837948226974][T0xe6d3bd05b020][ERROR] copy_back_run_outputs_impl: [runtime_maker.cpp:1028] error hint: an orchestration bug, not a capacity problem -- resizing the rings will not help; recheck the arguments of the orchestration API calls listed above. See docs/troubleshooting/device-error-codes.md
[mono_ns=15728837948229624][T0xe6d3bd05b020][WARN] copy_back_run_outputs_impl: [runtime_maker.cpp:1050] Skipping tensor copy-back because execution failed
[mono_ns=15728837948235174][T0xe6d3bd05b020][TIMING] emit_host_span: [STRACE] v=1 pid=3689391 tid=3689391 inv=3 hid=9125460159d7690c depth=1 name=chip.run.validate ts=15728837948215314 dur=16880 
[mono_ns=15728837948241194][T0xe6d3bd05b020][TIMING] emit_host_span: [STRACE] v=1 pid=3689391 tid=3689391 inv=3 hid=9125460159d7690c depth=1 name=chip.run.claim_release ts=15728837948238484 dur=540 
[mono_ns=15728837948247814][T0xe6d3bd05b020][TIMING] emit_host_span: [STRACE] v=1 pid=3689391 tid=3689391 inv=3 hid=9125460159d7690c depth=0 name=chip.run ts=15728837171771362 dur=776473712 run_id=1 dispatch_id=3 slot_id=0 generation=1 run_epoch=3
[mono_ns=15728837949075284][T0xe6d20142cca0][TIMING] emit_host_span: [STRACE] v=1 pid=3678344 tid=3690141 inv=1 hid=8f8a6b4b21a18c71 depth=0 name=node.complete ts=15728837949054984 dur=15540 run_id=1 task_slot=11 group_index=0 worker_id=3 dispatch_id=3 endpoint_kind=local_mailbox prepare_only=0 role=worker outcome=1
[mono_ns=15728837949100104][T0xe6d20142cca0][TIMING] emit_host_span: [STRACE] v=1 pid=3678344 tid=3690141 inv=0 hid=0 depth=0 name=node.scheduler_loop ts=15728837949042814 dur=53250 role=scheduler drained=1 dispatched=0 drain_ns=50860 spins=144254
[mono_ns=15728837964039106][T0xe6d3bd05b020][ERROR] sync_stream_pair: [device_runner_base.cpp:2504] aclrtSynchronizeStreamWithTimeout (AICPU) failed: 507018
[mono_ns=15728837964057836][T0xe6d3bd05b020][ERROR] sync_stream_pair: [device_runner_base.cpp:2505] ACL error detail: 507018 ACL_ERROR_RT_AICPU_EXCEPTION - an AICPU task raised an exception; several distinct on-device mechanisms all surface as this one generic code
[mono_ns=15728837964062426][T0xe6d3bd05b020][ERROR] sync_stream_pair: [device_runner_base.cpp:2505] ACL error hint: do NOT read this as 'deadlock' or 'OOM' on its own -- it is a generic host-side code. Grep the host log for 'orch_error_code=' / 'sched_error_code=' / 'sub_class=' to get the device-classified reason, and read the device log for the detector that fired. See docs/troubleshooting/device-error-codes.md
[mono_ns=15728837964392186][T0xe6d3bd05b020][ERROR] sync_stream_pair: [device_runner_base.cpp:2505] ACL recent error message: EE9999: Inner Error!
EE9999[PID: 3689385] 2026-09-23-17:14:58.949.705 (EE9999):  This device does not support cross-server communication drv devId=6 localServerId=1023err:0x702001d[FUNC:ExportToShareableHandleV2][FILE:api_impl.cc][LINE:7120]
        TraceBack (most recent call last):
       rtMemExportToShareableHandleV2 execution failed, reason=driver error:feature not support[FUN~
[mono_ns=15728837964407176][T0xe6d3bd05b020][ERROR] wait_run_fence: [device_runner_base.cpp:2643] Run completed its boundaries but the device reports an error executing it: 507018 (device_id=6 block_dim=24 slot=0)
[mono_ns=15728837964426926][T0xe6d3bd05b020][WARN] recover_device_or_mark_unusable: [device_runner.cpp:823] AICore error 507018: device drained, but force-resetting in finalize regardless (drain success does not prove the card is clean)
[mono_ns=15728837964438186][T0xe6d3bd05b020][TIMING] emit_host_span: [STRACE] v=1 pid=3689385 tid=3689385 inv=3 hid=9125460159d7690c depth=1 name=chip.run.runner_run ts=15728837172126671 dur=792307615 
[mono_ns=15728837964505916][T0xe6d3bd05b020][ERROR] operator(): [device_runner_base.cpp:2755] device fault reported: device_id=6 stream_id=43 task_id=4 error_code=507018 thread_id=3689385 (device-level; not attributed to any run)
[mono_ns=15728837964512776][T0xe6d3bd05b020][ERROR] consume_device_fault_notices: [device_runner_base.cpp:2805] device 6: fault channel matched 1 notice(s) to its run streams (first code=507018, generation=0). Admission is refused until a confirmed reset retires this generation; no run's outcome is changed by it.
[mono_ns=15728837964519036][T0xe6d3bd05b020][WARN] simpler_finalize_run: [c_api_shared.cpp:1381] device fault channel matched 1 notice(s) to this runner's run streams while finalizing run_id=1 dispatch_id=3 slot_id=0 generation=1 run_epoch=3; this run's own outcome is unchanged and the device refuses further admission
[mono_ns=15728837964524696][T0xe6d3bd05b020][ERROR] copy_back_run_outputs_impl: [runtime_maker.cpp:1028] simpler runtime failed: orch_error_code=5 sched_error_code=0 runtime_status=-5
[mono_ns=15728837964527646][T0xe6d3bd05b020][ERROR] copy_back_run_outputs_impl: [runtime_maker.cpp:1028] error detail: orch_error_code=5 INVALID_ARGS - an orchestration API rejected its arguments (bad alloc_tensors info, illegal nested scope, unknown task id in set_dependencies, or an CoreTaskArgs carrying an error flag)
[mono_ns=15728837964531016][T0xe6d3bd05b020][ERROR] copy_back_run_outputs_impl: [runtime_maker.cpp:1028] error hint: an orchestration bug, not a capacity problem -- resizing the rings will not help; recheck the arguments of the orchestration API calls listed above. See docs/troubleshooting/device-error-codes.md
[mono_ns=15728837964534746][T0xe6d3bd05b020][WARN] copy_back_run_outputs_impl: [runtime_maker.cpp:1050] Skipping tensor copy-back because execution failed
[mono_ns=15728837964539756][T0xe6d3bd05b020][TIMING] emit_host_span: [STRACE] v=1 pid=3689385 tid=3689385 inv=3 hid=9125460159d7690c depth=1 name=chip.run.validate ts=15728837964523026 dur=14280 
[mono_ns=15728837964545976][T0xe6d3bd05b020][TIMING] emit_host_span: [STRACE] v=1 pid=3689385 tid=3689385 inv=3 hid=9125460159d7690c depth=1 name=chip.run.claim_release ts=15728837964542616 dur=540 
[mono_ns=15728837964553416][T0xe6d3bd05b020][TIMING] emit_host_span: [STRACE] v=1 pid=3689385 tid=3689385 inv=3 hid=9125460159d7690c depth=0 name=chip.run ts=15728837171928282 dur=792622904 run_id=1 dispatch_id=3 slot_id=0 generation=1 run_epoch=3
[mono_ns=15728837965013775][T0xe6d20142cca0][TIMING] emit_host_span: [STRACE] v=1 pid=3678344 tid=3690141 inv=1 hid=8f8a6b4b21a18c71 depth=0 name=node.complete ts=15728837964996825 dur=2490 run_id=1 task_slot=10 group_index=0 worker_id=2 dispatch_id=3 endpoint_kind=local_mailbox prepare_only=0 role=worker outcome=1
[mono_ns=15728837965034395][T0xe6d20142cca0][TIMING] emit_host_span: [STRACE] v=1 pid=3678344 tid=3690141 inv=0 hid=0 depth=0 name=node.scheduler_loop ts=15728837964991325 dur=38820 role=scheduler drained=1 dispatched=0 drain_ns=36880 spins=8280
[mono_ns=15728837972542731][T0xe6d3bd05b020][ERROR] sync_stream_pair: [device_runner_base.cpp:2504] aclrtSynchronizeStreamWithTimeout (AICPU) failed: 507018
[mono_ns=15728837972573531][T0xe6d3bd05b020][ERROR] sync_stream_pair: [device_runner_base.cpp:2505] ACL error detail: 507018 ACL_ERROR_RT_AICPU_EXCEPTION - an AICPU task raised an exception; several distinct on-device mechanisms all surface as this one generic code
[mono_ns=15728837972577411][T0xe6d3bd05b020][ERROR] sync_stream_pair: [device_runner_base.cpp:2505] ACL error hint: do NOT read this as 'deadlock' or 'OOM' on its own -- it is a generic host-side code. Grep the host log for 'orch_error_code=' / 'sched_error_code=' / 'sub_class=' to get the device-classified reason, and read the device log for the detector that fired. See docs/troubleshooting/device-error-codes.md
[mono_ns=15728837972889261][T0xe6d3bd05b020][ERROR] sync_stream_pair: [device_runner_base.cpp:2505] ACL recent error message: EE9999: Inner Error!
EE9999[PID: 3689382] 2026-09-23-17:14:58.949.239 (EE9999):  This device does not support cross-server communication drv devId=5 localServerId=1023err:0x702001d[FUNC:ExportToShareableHandleV2][FILE:api_impl.cc][LINE:7120]
        TraceBack (most recent call last):
       rtMemExportToShareableHandleV2 execution failed, reason=driver error:feature not support[FUN~
[mono_ns=15728837972903261][T0xe6d3bd05b020][ERROR] wait_run_fence: [device_runner_base.cpp:2643] Run completed its boundaries but the device reports an error executing it: 507018 (device_id=5 block_dim=24 slot=0)
[mono_ns=15728837972925631][T0xe6d3bd05b020][WARN] recover_device_or_mark_unusable: [device_runner.cpp:823] AICore error 507018: device drained, but force-resetting in finalize regardless (drain success does not prove the card is clean)
[mono_ns=15728837972938081][T0xe6d3bd05b020][TIMING] emit_host_span: [STRACE] v=1 pid=3689382 tid=3689382 inv=3 hid=9125460159d7690c depth=1 name=chip.run.runner_run ts=15728837170810422 dur=802122239 
[mono_ns=15728837973037561][T0xe6d3bd05b020][ERROR] operator(): [device_runner_base.cpp:2755] device fault reported: device_id=5 stream_id=43 task_id=4 error_code=507018 thread_id=3689382 (device-level; not attributed to any run)
[mono_ns=15728837973044011][T0xe6d3bd05b020][ERROR] consume_device_fault_notices: [device_runner_base.cpp:2805] device 5: fault channel matched 1 notice(s) to its run streams (first code=507018, generation=0). Admission is refused until a confirmed reset retires this generation; no run's outcome is changed by it.
[mono_ns=15728837973048181][T0xe6d3bd05b020][WARN] simpler_finalize_run: [c_api_shared.cpp:1381] device fault channel matched 1 notice(s) to this runner's run streams while finalizing run_id=1 dispatch_id=3 slot_id=0 generation=1 run_epoch=3; this run's own outcome is unchanged and the device refuses further admission
[mono_ns=15728837973052701][T0xe6d3bd05b020][ERROR] copy_back_run_outputs_impl: [runtime_maker.cpp:1028] simpler runtime failed: orch_error_code=5 sched_error_code=0 runtime_status=-5
[mono_ns=15728837973056461][T0xe6d3bd05b020][ERROR] copy_back_run_outputs_impl: [runtime_maker.cpp:1028] error detail: orch_error_code=5 INVALID_ARGS - an orchestration API rejected its arguments (bad alloc_tensors info, illegal nested scope, unknown task id in set_dependencies, or an CoreTaskArgs carrying an error flag)
[mono_ns=15728837973059781][T0xe6d3bd05b020][ERROR] copy_back_run_outputs_impl: [runtime_maker.cpp:1028] error hint: an orchestration bug, not a capacity problem -- resizing the rings will not help; recheck the arguments of the orchestration API calls listed above. See docs/troubleshooting/device-error-codes.md
[mono_ns=15728837973062031][T0xe6d3bd05b020][WARN] copy_back_run_outputs_impl: [runtime_maker.cpp:1050] Skipping tensor copy-back because execution failed
[mono_ns=15728837973066911][T0xe6d3bd05b020][TIMING] emit_host_span: [STRACE] v=1 pid=3689382 tid=3689382 inv=3 hid=9125460159d7690c depth=1 name=chip.run.validate ts=15728837973050691 dur=13710 
[mono_ns=15728837973073481][T0xe6d3bd05b020][TIMING] emit_host_span: [STRACE] v=1 pid=3689382 tid=3689382 inv=3 hid=9125460159d7690c depth=1 name=chip.run.claim_release ts=15728837973070221 dur=1210 
[mono_ns=15728837973079241][T0xe6d3bd05b020][TIMING] emit_host_span: [STRACE] v=1 pid=3689382 tid=3689382 inv=3 hid=9125460159d7690c depth=0 name=chip.run ts=15728837170652702 dur=802424559 run_id=1 dispatch_id=3 slot_id=0 generation=1 run_epoch=3
[mono_ns=15728837973627691][T0xe6d20142cca0][TIMING] emit_host_span: [STRACE] v=1 pid=3678344 tid=3690141 inv=1 hid=8f8a6b4b21a18c71 depth=0 name=node.complete ts=15728837973622581 dur=1430 run_id=1 task_slot=9 group_index=0 worker_id=1 dispatch_id=3 endpoint_kind=local_mailbox prepare_only=0 role=worker outcome=1
[mono_ns=15728837973649771][T0xe6d20142cca0][TIMING] emit_host_span: [STRACE] v=1 pid=3678344 tid=3690141 inv=0 hid=0 depth=0 name=node.scheduler_loop ts=15728837973617771 dur=28400 role=scheduler drained=1 dispatched=0 drain_ns=28240 spins=4511
[mono_ns=15728837974324150][T0xe6d3bd05b020][TIMING] emit_host_span: [STRACE] v=1 pid=3678344 tid=3678344 inv=1 hid=0 depth=0 name=node.post_fence_retirement ts=15728837973640591 dur=676079 run_id=1 slot_id=0 generation=1 role=facade
[mono_ns=15728839943459909][T0xe6d3bd05b020][WARN] force_reset_device: [device_runner.cpp:987] force_reset_device: aclrtResetDeviceForce(5) established a usable device generation (probe confirmed)
[mono_ns=15728839943495919][T0xe6d3bd05b020][WARN] retire_device_generation_after_confirmed_reset: [device_runner_base.cpp:2717] device 5: confirmed reset retired the suspect generation; fault notices reported before it are no longer this device's (generation is now 1)
[mono_ns=15728839947407667][T0xe6d3bd05b020][WARN] force_reset_device: [device_runner.cpp:987] force_reset_device: aclrtResetDeviceForce(6) established a usable device generation (probe confirmed)
[mono_ns=15728839947426897][T0xe6d3bd05b020][WARN] retire_device_generation_after_confirmed_reset: [device_runner_base.cpp:2717] device 6: confirmed reset retired the suspect generation; fault notices reported before it are no longer this device's (generation is now 1)
[mono_ns=15728839963411209][T0xe6d3bd05b020][WARN] force_reset_device: [device_runner.cpp:987] force_reset_device: aclrtResetDeviceForce(7) established a usable device generation (probe confirmed)
[mono_ns=15728839963436699][T0xe6d3bd05b020][WARN] retire_device_generation_after_confirmed_reset: [device_runner_base.cpp:2717] device 7: confirmed reset retired the suspect generation; fault notices reported before it are no longer this device's (generation is now 1)
[mono_ns=15728840015706091][T0xe6d3bd05b020][WARN] force_reset_device: [device_runner.cpp:987] force_reset_device: aclrtResetDeviceForce(4) established a usable device generation (probe confirmed)
[mono_ns=15728840015733011][T0xe6d3bd05b020][WARN] retire_device_generation_after_confirmed_reset: [device_runner_base.cpp:2717] device 4: confirmed reset retired the suspect generation; fault notices reported before it are no longer this device's (generation is now 1)
[mono_ns=15728840156961476][T0xe6d3bd05b020][WARN] finalize_common_impl: [device_runner_base.cpp:1888] Fatal teardown: force reset/quarantine finished; skipping per-resource RTS destroy/free calls
[mono_ns=15728840157289786][T0xe6d3bd05b020][WARN] finalize_common_impl: [device_runner_base.cpp:2167] Fatal teardown: host-side ownership cleared without further device calls
[mono_ns=15728840159539305][T0xe6d3bd05b020][WARN] finalize_common_impl: [device_runner_base.cpp:1888] Fatal teardown: force reset/quarantine finished; skipping per-resource RTS destroy/free calls
[mono_ns=15728840159675965][T0xe6d3bd05b020][WARN] finalize_common_impl: [device_runner_base.cpp:2167] Fatal teardown: host-side ownership cleared without further device calls
[mono_ns=15728840164115332][T0xe6d3bd05b020][WARN] finalize_common_impl: [device_runner_base.cpp:1888] Fatal teardown: force reset/quarantine finished; skipping per-resource RTS destroy/free calls
[mono_ns=15728840164246022][T0xe6d3bd05b020][WARN] finalize_common_impl: [device_runner_base.cpp:2167] Fatal teardown: host-side ownership cleared without further device calls
[mono_ns=15728840214573556][T0xe6d3bd05b020][WARN] finalize_common_impl: [device_runner_base.cpp:1888] Fatal teardown: force reset/quarantine finished; skipping per-resource RTS destroy/free calls
[mono_ns=15728840214841605][T0xe6d3bd05b020][WARN] finalize_common_impl: [device_runner_base.cpp:2167] Fatal teardown: host-side ownership cleared without further device calls
[mono_ns=15728840283326369][T0xe6d3bd05b020][WARN] finalize: [device_runner.cpp:1159] DeviceRunner finalized after fatal device failure
[mono_ns=15728840356393181][T0xe6d3bd05b020][WARN] finalize: [device_runner.cpp:1159] DeviceRunner finalized after fatal device failure
[mono_ns=15728840845494361][T0xe6d3bd05b020][WARN] finalize: [device_runner.cpp:1159] DeviceRunner finalized after fatal device failure
[mono_ns=15728840956865942][T0xe6d3bd05b020][WARN] finalize: [device_runner.cpp:1159] DeviceRunner finalized after fatal device failure
Traceback (most recent call last):
  File "/opt/pypto-profiling/collectives/a1_alltoallv/harness/all_to_all_v_benchmark.py", line 998, in _timed_session
    runtime.run(compiled, inputs, send_counts, outputs, recv_out, config=run_config)
  File "/opt/pypto/python/pypto/runtime/distributed_runner.py", line 3342, in run
    return self.submit(compiled, *args, config=config).result()
           ^^^^^^^^^^^^^^^^^^^^^^^^^^^^^^^^^^^^^^^^^^^^^^^^^^^^
  File "/opt/pypto/python/pypto/runtime/distributed_runner.py", line 234, in result
    raise error
  File "/opt/pypto/python/pypto/runtime/distributed_runner.py", line 197, in result
    native_handle.result(timeout=remaining)
  File "/opt/pypto/runtime/python/simpler/worker.py", line 4428, in result
    self.wait(timeout)
  File "/opt/pypto/runtime/python/simpler/worker.py", line 4419, in wait
    raise published_error
  File "/opt/pypto/runtime/python/simpler/worker.py", line 4373, in wait
    completed = self._worker._wait_run_handle(run_id, remaining)
                ^^^^^^^^^^^^^^^^^^^^^^^^^^^^^^^^^^^^^^^^^^^^^^^^
  File "/opt/pypto/runtime/python/simpler/worker.py", line 11613, in _wait_run_handle
    self._orch._wait_run(run_id)
  File "/opt/pypto/runtime/python/simpler/orchestrator.py", line 840, in _wait_run
    self._o._wait_run(run_id)
RuntimeError: LocalMailboxEndpoint child failed (worker_id=0, code=1): chip_process dev=4: chip run: RuntimeError: chip run lane is poisoned: finalize_native_run failed with code -5 (run_id=1 slot=0 generation=1 dispatch_id=3 run_epoch=3)

During handling of the above exception, another exception occurred:

Traceback (most recent call last):
  File "/opt/pypto-profiling/collectives/a1_alltoallv/harness/all_to_all_v_benchmark.py", line 1220, in <module>
    raise SystemExit(main())
                     ^^^^^^
  File "/opt/pypto-profiling/collectives/a1_alltoallv/harness/all_to_all_v_benchmark.py", line 1209, in main
    doc = run_benchmark(args, shape)
          ^^^^^^^^^^^^^^^^^^^^^^^^^^
  File "/opt/pypto-profiling/collectives/a1_alltoallv/harness/all_to_all_v_benchmark.py", line 1067, in run_benchmark
    host_slots, slot_rank = _timed_session(
                            ^^^^^^^^^^^^^^^
  File "/opt/pypto-profiling/collectives/a1_alltoallv/harness/all_to_all_v_benchmark.py", line 993, in _timed_session
    with compiled.prepare(
         ^^^^^^^^^^^^^^^^^
  File "/opt/pypto/python/pypto/runtime/distributed_runner.py", line 3286, in __exit__
    self.close()
  File "/opt/pypto/python/pypto/runtime/distributed_runner.py", line 3277, in close
    raise first_error
  File "/opt/pypto/python/pypto/runtime/distributed_runner.py", line 3263, in close
    self._w.close()
  File "/opt/pypto/runtime/python/simpler/worker.py", line 12167, in close
    raise result
  File "/opt/pypto/runtime/python/simpler/worker.py", line 12089, in close
    self._teardown_ready_tree()
  File "/opt/pypto/runtime/python/simpler/worker.py", line 12502, in _teardown_ready_tree
    self._teardown_worker_tree(startup_abort=False)
  File "/opt/pypto/runtime/python/simpler/worker.py", line 12385, in _teardown_worker_tree
    raise journal_err
  File "/opt/pypto/runtime/python/simpler/worker.py", line 3909, in drive
    cleanup_fn()
  File "/opt/pypto/runtime/python/simpler/worker.py", line 10285, in _release_all_live_domains
    _raise_first(_release, list(live_domains.values())[::-1])
  File "/opt/pypto/runtime/python/simpler/worker.py", line 1107, in _raise_first
    raise first_error
  File "/opt/pypto/runtime/python/simpler/worker.py", line 1102, in _raise_first
    step(item)
  File "/opt/pypto/runtime/python/simpler/worker.py", line 10280, in _release
    self._release_domain_now(handle)
  File "/opt/pypto/runtime/python/simpler/worker.py", line 9281, in _release_domain_now
    raise result.error
  File "/opt/pypto/runtime/python/simpler/worker.py", line 1339, in invoke
    result.value = operation()
                   ^^^^^^^^^^^
  File "/opt/pypto/runtime/python/simpler/worker.py", line 9265, in release_claim
    self._release_domain_claimed(handle)
  File "/opt/pypto/runtime/python/simpler/worker.py", line 9326, in _release_domain_claimed
    _run_with_owned_shared_memory(
  File "/opt/pypto/runtime/python/simpler/worker.py", line 1643, in _run_with_owned_shared_memory
    raise result.error
  File "/opt/pypto/runtime/python/simpler/worker.py", line 1339, in invoke
    result.value = operation()
                   ^^^^^^^^^^^
  File "/opt/pypto/runtime/python/simpler/worker.py", line 1636, in run_lifecycle
    raise operation_error
  File "/opt/pypto/runtime/python/simpler/worker.py", line 1623, in run_lifecycle
    value = operation(owner)
            ^^^^^^^^^^^^^^^^
  File "/opt/pypto/runtime/python/simpler/worker.py", line 9314, in release
    self._dispatch_control_domain(
  File "/opt/pypto/runtime/python/simpler/worker.py", line 9367, in _dispatch_control_domain
    raise RuntimeError(
RuntimeError: release_domain(allocation_id=0) failed on 4/4 chips; first error chip=3: control_release_domain: child process pid=3689391 exited before mailbox completion (exit_status=0)
/usr/local/python3.12.13/lib/python3.12/multiprocessing/resource_tracker.py:279: UserWarning: resource_tracker: There appear to be 4 leaked shared_memory objects to clean up at shutdown
  warnings.warn('resource_tracker: There appear to be %d '

