cmd=/usr/local/python3.12.13/bin/python /opt/pypto-profiling/collectives/a1_alltoallv/harness/all_to_all_v_benchmark.py --ep 4 --peer-bytes 262144 --count-pattern uniform --core-num 16 --impl managed-host --rounds 100 --warmup 5 --profile both --swimlane-rounds 8 --platform a2a3 --devices 4,5,6,7 --output-json /opt/pypto-profiling/reports/issue-2521-k3-lane-scaling-2026-09-23/json/p4_l16_managed-host_uniform_262144_r0.json --output-dir /opt/pypto-profiling/reports/issue-2521-k3-lane-scaling-2026-09-23/builds/p4_l16_managed-host_uniform_262144_r0
rc=-11
----- stdout -----
[a2av-bench] session=timing-slot enter warmup=5 rounds=100

----- stderr -----
[mono_ns=15725027309332333][T0xebb1cec57020][TIMING] clock_anchor: [CLOCK_ANCHOR] v=1 pid=886958 mono_ns=15725027309331713 wall_ns=1790179889254926072
[mono_ns=15725027321731682][T0xebb1cec57020][TIMING] clock_anchor: [CLOCK_ANCHOR] v=1 pid=886963 mono_ns=15725027321731342 wall_ns=1790179889267325851
[mono_ns=15725027333855771][T0xebb1cec57020][TIMING] clock_anchor: [CLOCK_ANCHOR] v=1 pid=886974 mono_ns=15725027333855351 wall_ns=1790179889279449710
[mono_ns=15725027346227190][T0xebb1cec57020][TIMING] clock_anchor: [CLOCK_ANCHOR] v=1 pid=886984 mono_ns=15725027346226790 wall_ns=1790179889291821169
[mono_ns=15725028351609882][T0xebb1cec57020][TIMING] emit_host_span: [STRACE] v=1 pid=886958 tid=886958 inv=0 hid=0 depth=0 name=chip.prewarm.build ts=15725028270261563 dur=81334609 
[mono_ns=15725028359492997][T0xebb1cec57020][TIMING] emit_host_span: [STRACE] v=1 pid=886963 tid=886963 inv=0 hid=0 depth=0 name=chip.prewarm.build ts=15725028272320590 dur=87150577 
[chip_process pid=886958 dev=4] ready
[chip_process pid=886963 dev=5] ready
[mono_ns=15725028385241309][T0xebb1cec57020][TIMING] emit_host_span: [STRACE] v=1 pid=886974 tid=886974 inv=0 hid=0 depth=0 name=chip.prewarm.build ts=15725028303998951 dur=81226668 
[mono_ns=15725028398043600][T0xebb1cec57020][TIMING] emit_host_span: [STRACE] v=1 pid=886984 tid=886984 inv=0 hid=0 depth=0 name=chip.prewarm.build ts=15725028314620614 dur=83400736 
[chip_process pid=886974 dev=6] ready
[chip_process pid=886984 dev=7] ready
[mono_ns=15725028418085704][T0xebb1cec57020][TIMING] clock_anchor: [CLOCK_ANCHOR] v=1 pid=867677 mono_ns=15725028418085284 wall_ns=1790179890363679653
[mono_ns=15725030789984487][T0xebb1cec57020][TIMING] emit_host_span: [STRACE] v=1 pid=867677 tid=867677 inv=1 hid=a02e9fd5d5aae584 depth=0 name=node.submit ts=15725030789912127 dur=59050 run_id=1 task_slot=0 group_index=0 group_size=1 worker_id=0 role=facade
[mono_ns=15725030790083548][T0xebb01242cca0][TIMING] emit_host_span: [STRACE] v=1 pid=867677 tid=887194 inv=1 hid=a02e9fd5d5aae584 depth=0 name=node.frame_submit ts=15725030790049928 dur=20950 run_id=1 task_slot=0 group_index=0 worker_id=0 dispatch_id=1 endpoint_kind=local_mailbox prepare_only=0 role=worker
[mono_ns=15725030790100798][T0xebb01242cca0][TIMING] emit_host_span: [STRACE] v=1 pid=867677 tid=887194 inv=1 hid=a02e9fd5d5aae584 depth=0 name=node.dispatch ts=15725030790030847 dur=62041 run_id=1 task_slot=0 group_index=0 worker_id=0 dispatch_id=1 endpoint_kind=local_mailbox prepare_only=0 role=scheduler slot_id=0 generation=1
[mono_ns=15725030790117348][T0xebb01242cca0][TIMING] emit_host_span: [STRACE] v=1 pid=867677 tid=887194 inv=0 hid=0 depth=0 name=node.scheduler_loop ts=15725030789997417 dur=111881 role=scheduler drained=0 dispatched=1 drain_ns=18290 spins=2
[mono_ns=15725030790277668][T0xebb1cec57020][TIMING] emit_host_span: [STRACE] v=1 pid=867677 tid=867677 inv=1 hid=a02e9fd5d5aae584 depth=0 name=node.submit ts=15725030790248528 dur=23730 run_id=1 task_slot=1 group_index=0 group_size=1 worker_id=1 role=facade
[mono_ns=15725030790317408][T0xebb01242cca0][TIMING] emit_host_span: [STRACE] v=1 pid=867677 tid=887194 inv=1 hid=a02e9fd5d5aae584 depth=0 name=node.frame_submit ts=15725030790301268 dur=12280 run_id=1 task_slot=1 group_index=0 worker_id=1 dispatch_id=1 endpoint_kind=local_mailbox prepare_only=0 role=worker
[mono_ns=15725030790327988][T0xebb01242cca0][TIMING] emit_host_span: [STRACE] v=1 pid=867677 tid=887194 inv=1 hid=a02e9fd5d5aae584 depth=0 name=node.dispatch ts=15725030790297428 dur=25310 run_id=1 task_slot=1 group_index=0 worker_id=1 dispatch_id=1 endpoint_kind=local_mailbox prepare_only=0 role=scheduler slot_id=0 generation=1
[mono_ns=15725030790334168][T0xebb01242cca0][TIMING] emit_host_span: [STRACE] v=1 pid=867677 tid=887194 inv=0 hid=0 depth=0 name=node.scheduler_loop ts=15725030790254808 dur=75800 role=scheduler drained=0 dispatched=1 drain_ns=930 spins=59
[mono_ns=15725030790535989][T0xebb1cec57020][TIMING] emit_host_span: [STRACE] v=1 pid=867677 tid=867677 inv=1 hid=a02e9fd5d5aae584 depth=0 name=node.submit ts=15725030790517609 dur=12550 run_id=1 task_slot=2 group_index=0 group_size=1 worker_id=2 role=facade
[mono_ns=15725030790576019][T0xebb01242cca0][TIMING] emit_host_span: [STRACE] v=1 pid=867677 tid=887194 inv=1 hid=a02e9fd5d5aae584 depth=0 name=node.frame_submit ts=15725030790562379 dur=10030 run_id=1 task_slot=2 group_index=0 worker_id=2 dispatch_id=1 endpoint_kind=local_mailbox prepare_only=0 role=worker
[mono_ns=15725030790585229][T0xebb01242cca0][TIMING] emit_host_span: [STRACE] v=1 pid=867677 tid=887194 inv=1 hid=a02e9fd5d5aae584 depth=0 name=node.dispatch ts=15725030790559369 dur=20800 run_id=1 task_slot=2 group_index=0 worker_id=2 dispatch_id=1 endpoint_kind=local_mailbox prepare_only=0 role=scheduler slot_id=0 generation=1
[mono_ns=15725030790590729][T0xebb01242cca0][TIMING] emit_host_span: [STRACE] v=1 pid=867677 tid=887194 inv=0 hid=0 depth=0 name=node.scheduler_loop ts=15725030790522949 dur=64550 role=scheduler drained=0 dispatched=1 drain_ns=710 spins=96
[mono_ns=15725030790747210][T0xebb1cec57020][TIMING] emit_host_span: [STRACE] v=1 pid=867677 tid=867677 inv=1 hid=a02e9fd5d5aae584 depth=0 name=node.submit ts=15725030790706300 dur=20070 run_id=1 task_slot=3 group_index=0 group_size=1 worker_id=3 role=facade
[mono_ns=15725030790770000][T0xebb01242cca0][TIMING] emit_host_span: [STRACE] v=1 pid=867677 tid=887194 inv=1 hid=a02e9fd5d5aae584 depth=0 name=node.frame_submit ts=15725030790756900 dur=9570 run_id=1 task_slot=3 group_index=0 worker_id=3 dispatch_id=1 endpoint_kind=local_mailbox prepare_only=0 role=worker
[mono_ns=15725030790779090][T0xebb01242cca0][TIMING] emit_host_span: [STRACE] v=1 pid=867677 tid=887194 inv=1 hid=a02e9fd5d5aae584 depth=0 name=node.dispatch ts=15725030790754030 dur=20270 run_id=1 task_slot=3 group_index=0 worker_id=3 dispatch_id=1 endpoint_kind=local_mailbox prepare_only=0 role=scheduler slot_id=0 generation=1
[mono_ns=15725030790785720][T0xebb01242cca0][TIMING] emit_host_span: [STRACE] v=1 pid=867677 tid=887194 inv=0 hid=0 depth=0 name=node.scheduler_loop ts=15725030790720090 dur=62570 role=scheduler drained=0 dispatched=1 drain_ns=750 spins=65
[mono_ns=15725030790976870][T0xebb1cec57020][TIMING] emit_host_span: [STRACE] v=1 pid=867677 tid=867677 inv=1 hid=49871d21000fa5ac depth=0 name=node.submit ts=15725030790964150 dur=7650 run_id=1 task_slot=4 group_index=0 group_size=1 worker_id=0 role=facade
[mono_ns=15725030791163331][T0xebb1cec57020][TIMING] emit_host_span: [STRACE] v=1 pid=867677 tid=867677 inv=1 hid=49871d21000fa5ac depth=0 name=node.submit ts=15725030791146531 dur=11800 run_id=1 task_slot=5 group_index=0 group_size=1 worker_id=1 role=facade
[mono_ns=15725030791343112][T0xebb1cec57020][TIMING] emit_host_span: [STRACE] v=1 pid=867677 tid=867677 inv=1 hid=49871d21000fa5ac depth=0 name=node.submit ts=15725030791328972 dur=9090 run_id=1 task_slot=6 group_index=0 group_size=1 worker_id=2 role=facade
[mono_ns=15725030791497092][T0xebb1cec57020][TIMING] emit_host_span: [STRACE] v=1 pid=867677 tid=867677 inv=1 hid=49871d21000fa5ac depth=0 name=node.submit ts=15725030791484002 dur=8390 run_id=1 task_slot=7 group_index=0 group_size=1 worker_id=3 role=facade
[mono_ns=15725030791477342][T0xebb1cec57020][TIMING] emit_host_span: [STRACE] v=1 pid=886958 tid=886958 inv=1 hid=2c5f439869ca1c03 depth=2 name=chip.run.bind.args ts=15725030791467032 dur=2280 
[mono_ns=15725030791499352][T0xebb1cec57020][TIMING] emit_host_span: [STRACE] v=1 pid=886958 tid=886958 inv=1 hid=2c5f439869ca1c03 depth=2 name=chip.run.bind.prebuilt ts=15725030791492752 dur=4250 
[mono_ns=15725030791504632][T0xebb1cec57020][TIMING] emit_host_span: [STRACE] v=1 pid=886958 tid=886958 inv=1 hid=2c5f439869ca1c03 depth=1 name=chip.run.bind ts=15725030791374572 dur=127600 
[mono_ns=15725030791509502][T0xebb1cec57020][TIMING] emit_host_span: [STRACE] v=1 pid=886958 tid=886958 inv=1 hid=2c5f439869ca1c03 depth=1 name=chip.run.publish_image ts=15725030791506812 dur=540 
[mono_ns=15725030791705933][T0xebb1cec57020][TIMING] emit_host_span: [STRACE] v=1 pid=867677 tid=867677 inv=1 hid=a06f4e6c28edd446 depth=0 name=node.submit ts=15725030791653783 dur=47390 run_id=1 task_slot=8 group_index=0 group_size=1 worker_id=0 role=facade
[mono_ns=15725030791795313][T0xebb1cec57020][TIMING] emit_host_span: [STRACE] v=1 pid=886963 tid=886963 inv=1 hid=2c5f439869ca1c03 depth=2 name=chip.run.bind.args ts=15725030791785943 dur=1480 
[mono_ns=15725030791815203][T0xebb1cec57020][TIMING] emit_host_span: [STRACE] v=1 pid=886963 tid=886963 inv=1 hid=2c5f439869ca1c03 depth=2 name=chip.run.bind.prebuilt ts=15725030791809363 dur=2510 
[mono_ns=15725030791820303][T0xebb1cec57020][TIMING] emit_host_span: [STRACE] v=1 pid=886963 tid=886963 inv=1 hid=2c5f439869ca1c03 depth=1 name=chip.run.bind ts=15725030791692103 dur=125850 
[mono_ns=15725030791824943][T0xebb1cec57020][TIMING] emit_host_span: [STRACE] v=1 pid=886963 tid=886963 inv=1 hid=2c5f439869ca1c03 depth=1 name=chip.run.publish_image ts=15725030791822703 dur=260 
[mono_ns=15725030791860113][T0xebb1cec57020][TIMING] emit_host_span: [STRACE] v=1 pid=867677 tid=867677 inv=1 hid=a06f4e6c28edd446 depth=0 name=node.submit ts=15725030791832973 dur=22770 run_id=1 task_slot=9 group_index=0 group_size=1 worker_id=1 role=facade
[mono_ns=15725030791902513][T0xebb1cec57020][TIMING] emit_host_span: [STRACE] v=1 pid=886974 tid=886974 inv=1 hid=2c5f439869ca1c03 depth=2 name=chip.run.bind.args ts=15725030791894273 dur=1380 
[mono_ns=15725030791922133][T0xebb1cec57020][TIMING] emit_host_span: [STRACE] v=1 pid=886974 tid=886974 inv=1 hid=2c5f439869ca1c03 depth=2 name=chip.run.bind.prebuilt ts=15725030791916933 dur=2510 
[mono_ns=15725030791927203][T0xebb1cec57020][TIMING] emit_host_span: [STRACE] v=1 pid=886974 tid=886974 inv=1 hid=2c5f439869ca1c03 depth=1 name=chip.run.bind ts=15725030791808423 dur=116380 
[mono_ns=15725030791932153][T0xebb1cec57020][TIMING] emit_host_span: [STRACE] v=1 pid=886974 tid=886974 inv=1 hid=2c5f439869ca1c03 depth=1 name=chip.run.publish_image ts=15725030791930123 dur=100 
[mono_ns=15725030791938764][T0xebb1cec57020][TIMING] emit_host_span: [STRACE] v=1 pid=886958 tid=886958 inv=1 hid=2c5f439869ca1c03 depth=1 name=chip.run.stage_inputs ts=15725030791511942 dur=422692 
[mono_ns=15725030791995184][T0xebb1cec57020][TIMING] emit_host_span: [STRACE] v=1 pid=867677 tid=867677 inv=1 hid=a06f4e6c28edd446 depth=0 name=node.submit ts=15725030791972424 dur=18540 run_id=1 task_slot=10 group_index=0 group_size=1 worker_id=2 role=facade
[mono_ns=15725030792113954][T0xebb1cec57020][TIMING] emit_host_span: [STRACE] v=1 pid=886984 tid=886984 inv=1 hid=2c5f439869ca1c03 depth=2 name=chip.run.bind.args ts=15725030792104814 dur=1380 
[mono_ns=15725030792132944][T0xebb1cec57020][TIMING] emit_host_span: [STRACE] v=1 pid=886984 tid=886984 inv=1 hid=2c5f439869ca1c03 depth=2 name=chip.run.bind.prebuilt ts=15725030792128024 dur=2220 
[mono_ns=15725030792137944][T0xebb1cec57020][TIMING] emit_host_span: [STRACE] v=1 pid=886984 tid=886984 inv=1 hid=2c5f439869ca1c03 depth=1 name=chip.run.bind ts=15725030791996224 dur=139400 
[mono_ns=15725030792143664][T0xebb1cec57020][TIMING] emit_host_span: [STRACE] v=1 pid=886984 tid=886984 inv=1 hid=2c5f439869ca1c03 depth=1 name=chip.run.publish_image ts=15725030792141314 dur=240 
[mono_ns=15725030792159504][T0xebb1cec57020][TIMING] emit_host_span: [STRACE] v=1 pid=867677 tid=867677 inv=1 hid=a06f4e6c28edd446 depth=0 name=node.submit ts=15725030792122764 dur=27290 run_id=1 task_slot=11 group_index=0 group_size=1 worker_id=3 role=facade
[mono_ns=15725030792260665][T0xebb1cec57020][TIMING] emit_host_span: [STRACE] v=1 pid=886963 tid=886963 inv=1 hid=2c5f439869ca1c03 depth=1 name=chip.run.stage_inputs ts=15725030791827263 dur=428702 
[mono_ns=15725030792374905][T0xebb1cec57020][TIMING] emit_host_span: [STRACE] v=1 pid=886974 tid=886974 inv=1 hid=2c5f439869ca1c03 depth=1 name=chip.run.stage_inputs ts=15725030791933904 dur=435461 
[mono_ns=15725030792409135][T0xebb1cec57020][TIMING] emit_host_span: [STRACE] v=1 pid=886958 tid=886958 inv=1 hid=2c5f439869ca1c03 depth=1 name=chip.run.prepare_execution ts=15725030791944414 dur=460511 
[mono_ns=15725030792465405][T0xebb1cec57020][TIMING] emit_host_span: [STRACE] v=1 pid=867677 tid=867677 inv=1 hid=e472c679d55df2a0 depth=0 name=node.submit ts=15725030792442995 dur=17180 run_id=1 task_slot=12 group_index=0 group_size=1 worker_id=0 role=facade
[mono_ns=15725030792600456][T0xebb1cec57020][TIMING] emit_host_span: [STRACE] v=1 pid=886984 tid=886984 inv=1 hid=2c5f439869ca1c03 depth=1 name=chip.run.stage_inputs ts=15725030792145724 dur=450322 
[mono_ns=15725030792672306][T0xebb1cec57020][TIMING] emit_host_span: [STRACE] v=1 pid=867677 tid=867677 inv=1 hid=e472c679d55df2a0 depth=0 name=node.submit ts=15725030792647596 dur=6740 run_id=1 task_slot=13 group_index=0 group_size=1 worker_id=1 role=facade
[mono_ns=15725030792799006][T0xebb1cec57020][TIMING] emit_host_span: [STRACE] v=1 pid=886963 tid=886963 inv=1 hid=2c5f439869ca1c03 depth=1 name=chip.run.prepare_execution ts=15725030792269945 dur=524031 
[mono_ns=15725030792858536][T0xebb1cec57020][TIMING] emit_host_span: [STRACE] v=1 pid=867677 tid=867677 inv=1 hid=e472c679d55df2a0 depth=0 name=node.submit ts=15725030792834656 dur=16530 run_id=1 task_slot=14 group_index=0 group_size=1 worker_id=2 role=facade
[mono_ns=15725030792863306][T0xebb1cec57020][TIMING] emit_host_span: [STRACE] v=1 pid=886974 tid=886974 inv=1 hid=2c5f439869ca1c03 depth=1 name=chip.run.prepare_execution ts=15725030792384195 dur=474231 
[mono_ns=15725030793050197][T0xebb1cec57020][TIMING] emit_host_span: [STRACE] v=1 pid=867677 tid=867677 inv=1 hid=e472c679d55df2a0 depth=0 name=node.submit ts=15725030793033397 dur=9200 run_id=1 task_slot=15 group_index=0 group_size=1 worker_id=3 role=facade
[mono_ns=15725030793105057][T0xebb1cec57020][TIMING] emit_host_span: [STRACE] v=1 pid=867677 tid=867677 inv=1 hid=0 depth=0 name=node.graph_build ts=15725028420642222 dur=2372439145 run_id=1 role=facade
[mono_ns=15725030793152267][T0xebb1cec57020][TIMING] emit_host_span: [STRACE] v=1 pid=886984 tid=886984 inv=1 hid=2c5f439869ca1c03 depth=1 name=chip.run.prepare_execution ts=15725030792609406 dur=537851 
[mono_ns=15725030794380031][T0xebb1cec57020][TIMING] emit_host_span: [STRACE] v=1 pid=886958 tid=886958 inv=1 hid=2c5f439869ca1c03 depth=1 name=chip.run.runner_run ts=15725030792418175 dur=1956136 
[mono_ns=15725030794434751][T0xebb1cec57020][TIMING] emit_host_span: [STRACE] v=1 pid=886958 tid=886958 inv=1 hid=2c5f439869ca1c03 depth=1 name=chip.run.validate ts=15725030794413541 dur=17710 
[mono_ns=15725030794443261][T0xebb1cec57020][TIMING] emit_host_span: [STRACE] v=1 pid=886958 tid=886958 inv=1 hid=2c5f439869ca1c03 depth=2 name=chip.run.runner_run.device_wall ts=0 dur=298300 clk=dev dev_id=4 dev_start_cycle=677772998423982 dev_end_cycle=677772998438897 dev_cnt_hz=50000000
[mono_ns=15725030794448111][T0xebb1cec57020][TIMING] emit_host_span: [STRACE] v=1 pid=886958 tid=886958 inv=1 hid=2c5f439869ca1c03 depth=3 name=chip.run.runner_run.device_wall.preamble ts=0 dur=172840 clk=dev
[mono_ns=15725030794453802][T0xebb1cec57020][TIMING] emit_host_span: [STRACE] v=1 pid=886958 tid=886958 inv=1 hid=2c5f439869ca1c03 depth=3 name=chip.run.runner_run.device_wall.graph_build ts=39120 dur=237299 clk=dev
[mono_ns=15725030794457252][T0xebb1cec57020][TIMING] emit_host_span: [STRACE] v=1 pid=886958 tid=886958 inv=1 hid=2c5f439869ca1c03 depth=3 name=chip.run.runner_run.device_wall.config_validate ts=43380 dur=2500 clk=dev
[mono_ns=15725030794462442][T0xebb1cec57020][TIMING] emit_host_span: [STRACE] v=1 pid=886958 tid=886958 inv=1 hid=2c5f439869ca1c03 depth=3 name=chip.run.runner_run.device_wall.arena_wire ts=45940 dur=10160 clk=dev
[mono_ns=15725030794466872][T0xebb1cec57020][TIMING] emit_host_span: [STRACE] v=1 pid=886958 tid=886958 inv=1 hid=2c5f439869ca1c03 depth=3 name=chip.run.runner_run.device_wall.sm_reset ts=56140 dur=13660 clk=dev
[mono_ns=15725030794471682][T0xebb1cec57020][TIMING] emit_host_span: [STRACE] v=1 pid=886958 tid=886958 inv=1 hid=2c5f439869ca1c03 depth=3 name=chip.run.runner_run.device_wall.post_orch ts=276500 dur=15360 clk=dev
[mono_ns=15725030794475092][T0xebb1cec57020][TIMING] emit_host_span: [STRACE] v=1 pid=886958 tid=886958 inv=1 hid=2c5f439869ca1c03 depth=3 name=chip.run.runner_run.device_wall.orch ts=70740 dur=25959 clk=dev
[mono_ns=15725030794478292][T0xebb1cec57020][TIMING] emit_host_span: [STRACE] v=1 pid=886958 tid=886958 inv=1 hid=2c5f439869ca1c03 depth=3 name=chip.run.runner_run.device_wall.sched ts=174400 dur=75179 clk=dev
[mono_ns=15725030794484522][T0xebb1cec57020][TIMING] emit_host_span: [STRACE] v=1 pid=886958 tid=886958 inv=1 hid=2c5f439869ca1c03 depth=1 name=chip.run.claim_release ts=15725030794482062 dur=270 
[mono_ns=15725030794489952][T0xebb1cec57020][TIMING] emit_host_span: [STRACE] v=1 pid=886958 tid=886958 inv=1 hid=2c5f439869ca1c03 depth=0 name=chip.run ts=15725030791338322 dur=3149520 run_id=1 dispatch_id=1 slot_id=0 generation=1 run_epoch=1
[mono_ns=15725030794531662][T0xebb01242cca0][TIMING] emit_host_span: [STRACE] v=1 pid=867677 tid=887194 inv=1 hid=a02e9fd5d5aae584 depth=0 name=node.complete ts=15725030794522222 dur=5290 run_id=1 task_slot=0 group_index=0 worker_id=0 dispatch_id=1 endpoint_kind=local_mailbox prepare_only=0 role=worker outcome=0
[mono_ns=15725030794548462][T0xebb01242cca0][TIMING] emit_host_span: [STRACE] v=1 pid=867677 tid=887194 inv=1 hid=49871d21000fa5ac depth=0 name=node.frame_submit ts=15725030794544402 dur=800 run_id=1 task_slot=4 group_index=0 worker_id=0 dispatch_id=2 endpoint_kind=local_mailbox prepare_only=0 role=worker
[mono_ns=15725030794556692][T0xebb01242cca0][TIMING] emit_host_span: [STRACE] v=1 pid=867677 tid=887194 inv=1 hid=49871d21000fa5ac depth=0 name=node.dispatch ts=15725030794541692 dur=10470 run_id=1 task_slot=4 group_index=0 worker_id=0 dispatch_id=2 endpoint_kind=local_mailbox prepare_only=0 role=scheduler slot_id=0 generation=1
[mono_ns=15725030794563852][T0xebb01242cca0][TIMING] emit_host_span: [STRACE] v=1 pid=867677 tid=887194 inv=0 hid=0 depth=0 name=node.scheduler_loop ts=15725030794516322 dur=43510 role=scheduler drained=1 dispatched=1 drain_ns=23840 spins=1915
[mono_ns=15725030794827843][T0xebb1cec57020][TIMING] emit_host_span: [STRACE] v=1 pid=886958 tid=886958 inv=2 hid=fa8a9725725ad7a5 depth=2 name=chip.run.bind.args ts=15725030794822633 dur=950 
[mono_ns=15725030794839993][T0xebb1cec57020][TIMING] emit_host_span: [STRACE] v=1 pid=886958 tid=886958 inv=2 hid=fa8a9725725ad7a5 depth=2 name=chip.run.bind.prebuilt ts=15725030794835323 dur=2570 
[mono_ns=15725030794843713][T0xebb1cec57020][TIMING] emit_host_span: [STRACE] v=1 pid=886958 tid=886958 inv=2 hid=fa8a9725725ad7a5 depth=1 name=chip.run.bind ts=15725030794816903 dur=24930 
[mono_ns=15725030794848313][T0xebb1cec57020][TIMING] emit_host_span: [STRACE] v=1 pid=886958 tid=886958 inv=2 hid=fa8a9725725ad7a5 depth=1 name=chip.run.publish_image ts=15725030794846283 dur=270 
[mono_ns=15725030794926763][T0xebb1cec57020][TIMING] emit_host_span: [STRACE] v=1 pid=886958 tid=886958 inv=2 hid=fa8a9725725ad7a5 depth=1 name=chip.run.stage_inputs ts=15725030794851683 dur=71540 
[mono_ns=15725030794993913][T0xebb1cec57020][TIMING] emit_host_span: [STRACE] v=1 pid=886958 tid=886958 inv=2 hid=fa8a9725725ad7a5 depth=1 name=chip.run.prepare_execution ts=15725030794931243 dur=59400 
[mono_ns=15725030795223474][T0xebb1cec57020][TIMING] emit_host_span: [STRACE] v=1 pid=886958 tid=886958 inv=2 hid=fa8a9725725ad7a5 depth=1 name=chip.run.runner_run ts=15725030794999913 dur=219161 
[mono_ns=15725030795270164][T0xebb1cec57020][TIMING] emit_host_span: [STRACE] v=1 pid=886958 tid=886958 inv=2 hid=fa8a9725725ad7a5 depth=1 name=chip.run.validate ts=15725030795251194 dur=16150 
[mono_ns=15725030795277494][T0xebb1cec57020][TIMING] emit_host_span: [STRACE] v=1 pid=886958 tid=886958 inv=2 hid=fa8a9725725ad7a5 depth=2 name=chip.run.runner_run.device_wall ts=0 dur=46480 clk=dev dev_id=4 dev_start_cycle=677772998479829 dev_end_cycle=677772998482153 dev_cnt_hz=50000000
[mono_ns=15725030795282394][T0xebb1cec57020][TIMING] emit_host_span: [STRACE] v=1 pid=886958 tid=886958 inv=2 hid=fa8a9725725ad7a5 depth=3 name=chip.run.runner_run.device_wall.preamble ts=0 dur=10540 clk=dev
[mono_ns=15725030795285754][T0xebb1cec57020][TIMING] emit_host_span: [STRACE] v=1 pid=886958 tid=886958 inv=2 hid=fa8a9725725ad7a5 depth=3 name=chip.run.runner_run.device_wall.graph_build ts=2960 dur=31319 clk=dev
[mono_ns=15725030795289174][T0xebb1cec57020][TIMING] emit_host_span: [STRACE] v=1 pid=886958 tid=886958 inv=2 hid=fa8a9725725ad7a5 depth=3 name=chip.run.runner_run.device_wall.config_validate ts=3159 dur=780 clk=dev
[mono_ns=15725030795294034][T0xebb1cec57020][TIMING] emit_host_span: [STRACE] v=1 pid=886958 tid=886958 inv=2 hid=fa8a9725725ad7a5 depth=3 name=chip.run.runner_run.device_wall.arena_wire ts=3980 dur=520 clk=dev
[mono_ns=15725030795297744][T0xebb1cec57020][TIMING] emit_host_span: [STRACE] v=1 pid=886958 tid=886958 inv=2 hid=fa8a9725725ad7a5 depth=3 name=chip.run.runner_run.device_wall.sm_reset ts=4540 dur=820 clk=dev
[mono_ns=15725030795301364][T0xebb1cec57020][TIMING] emit_host_span: [STRACE] v=1 pid=886958 tid=886958 inv=2 hid=fa8a9725725ad7a5 depth=3 name=chip.run.runner_run.device_wall.post_orch ts=34380 dur=11320 clk=dev
[mono_ns=15725030795305694][T0xebb1cec57020][TIMING] emit_host_span: [STRACE] v=1 pid=886958 tid=886958 inv=2 hid=fa8a9725725ad7a5 depth=3 name=chip.run.runner_run.device_wall.orch ts=5400 dur=4320 clk=dev
[mono_ns=15725030795309074][T0xebb1cec57020][TIMING] emit_host_span: [STRACE] v=1 pid=886958 tid=886958 inv=2 hid=fa8a9725725ad7a5 depth=3 name=chip.run.runner_run.device_wall.sched ts=10740 dur=6479 clk=dev
[mono_ns=15725030795312804][T0xebb1cec57020][TIMING] emit_host_span: [STRACE] v=1 pid=886958 tid=886958 inv=2 hid=fa8a9725725ad7a5 depth=1 name=chip.run.claim_release ts=15725030795310834 dur=240 
[mono_ns=15725030795317354][T0xebb1cec57020][TIMING] emit_host_span: [STRACE] v=1 pid=886958 tid=886958 inv=2 hid=fa8a9725725ad7a5 depth=0 name=chip.run ts=15725030794801203 dur=514311 run_id=1 dispatch_id=2 slot_id=0 generation=1 run_epoch=2
[mono_ns=15725030795345654][T0xebb01242cca0][TIMING] emit_host_span: [STRACE] v=1 pid=867677 tid=887194 inv=1 hid=49871d21000fa5ac depth=0 name=node.complete ts=15725030795341774 dur=420 run_id=1 task_slot=4 group_index=0 worker_id=0 dispatch_id=2 endpoint_kind=local_mailbox prepare_only=0 role=worker outcome=0
[mono_ns=15725030795360404][T0xebb01242cca0][TIMING] emit_host_span: [STRACE] v=1 pid=867677 tid=887194 inv=1 hid=a06f4e6c28edd446 depth=0 name=node.frame_submit ts=15725030795356134 dur=960 run_id=1 task_slot=8 group_index=0 worker_id=0 dispatch_id=3 endpoint_kind=local_mailbox prepare_only=0 role=worker
[mono_ns=15725030795366394][T0xebb01242cca0][TIMING] emit_host_span: [STRACE] v=1 pid=867677 tid=887194 inv=1 hid=a06f4e6c28edd446 depth=0 name=node.dispatch ts=15725030795353614 dur=8500 run_id=1 task_slot=8 group_index=0 worker_id=0 dispatch_id=3 endpoint_kind=local_mailbox prepare_only=0 role=scheduler slot_id=0 generation=1
[mono_ns=15725030795372524][T0xebb01242cca0][TIMING] emit_host_span: [STRACE] v=1 pid=867677 tid=887194 inv=0 hid=0 depth=0 name=node.scheduler_loop ts=15725030795339194 dur=30110 role=scheduler drained=1 dispatched=1 drain_ns=13080 spins=399
[mono_ns=15725030795621795][T0xebb1cec57020][TIMING] emit_host_span: [STRACE] v=1 pid=886958 tid=886958 inv=3 hid=2c1725e2dc933e2 depth=2 name=chip.run.bind.args ts=15725030795616575 dur=890 
[mono_ns=15725030795633115][T0xebb1cec57020][TIMING] emit_host_span: [STRACE] v=1 pid=886958 tid=886958 inv=3 hid=2c1725e2dc933e2 depth=2 name=chip.run.bind.prebuilt ts=15725030795629125 dur=1880 
[mono_ns=15725030795636845][T0xebb1cec57020][TIMING] emit_host_span: [STRACE] v=1 pid=886958 tid=886958 inv=3 hid=2c1725e2dc933e2 depth=1 name=chip.run.bind ts=15725030795610915 dur=24000 
[mono_ns=15725030795642245][T0xebb1cec57020][TIMING] emit_host_span: [STRACE] v=1 pid=886958 tid=886958 inv=3 hid=2c1725e2dc933e2 depth=1 name=chip.run.publish_image ts=15725030795640295 dur=60 
[mono_ns=15725030795693495][T0xebb1cec57020][TIMING] emit_host_span: [STRACE] v=1 pid=886958 tid=886958 inv=3 hid=2c1725e2dc933e2 depth=1 name=chip.run.stage_inputs ts=15725030795643695 dur=46720 
[mono_ns=15725030795762676][T0xebb1cec57020][TIMING] emit_host_span: [STRACE] v=1 pid=886958 tid=886958 inv=3 hid=2c1725e2dc933e2 depth=1 name=chip.run.prepare_execution ts=15725030795698225 dur=61491 
[mono_ns=15725030796731239][T0xebb1cec57020][TIMING] emit_host_span: [STRACE] v=1 pid=886974 tid=886974 inv=1 hid=2c5f439869ca1c03 depth=1 name=chip.run.runner_run ts=15725030792875356 dur=3848733 
[mono_ns=15725030796731949][T0xebb1cec57020][TIMING] emit_host_span: [STRACE] v=1 pid=886963 tid=886963 inv=1 hid=2c5f439869ca1c03 depth=1 name=chip.run.runner_run ts=15725030792812496 dur=3913103 
[mono_ns=15725030796796699][T0xebb1cec57020][TIMING] emit_host_span: [STRACE] v=1 pid=886963 tid=886963 inv=1 hid=2c5f439869ca1c03 depth=1 name=chip.run.validate ts=15725030796773159 dur=20200 
[mono_ns=15725030796796249][T0xebb1cec57020][TIMING] emit_host_span: [STRACE] v=1 pid=886974 tid=886974 inv=1 hid=2c5f439869ca1c03 depth=1 name=chip.run.validate ts=15725030796773319 dur=19770 
[mono_ns=15725030796809049][T0xebb1cec57020][TIMING] emit_host_span: [STRACE] v=1 pid=886963 tid=886963 inv=1 hid=2c5f439869ca1c03 depth=2 name=chip.run.runner_run.device_wall ts=0 dur=310400 clk=dev dev_id=5 dev_start_cycle=677772985748255 dev_end_cycle=677772985763775 dev_cnt_hz=50000000
[mono_ns=15725030796807069][T0xebb1cec57020][TIMING] emit_host_span: [STRACE] v=1 pid=886974 tid=886974 inv=1 hid=2c5f439869ca1c03 depth=2 name=chip.run.runner_run.device_wall ts=0 dur=295640 clk=dev dev_id=6 dev_start_cycle=677772972951887 dev_end_cycle=677772972966669 dev_cnt_hz=50000000
[mono_ns=15725030796813509][T0xebb1cec57020][TIMING] emit_host_span: [STRACE] v=1 pid=886963 tid=886963 inv=1 hid=2c5f439869ca1c03 depth=3 name=chip.run.runner_run.device_wall.preamble ts=0 dur=182399 clk=dev
[mono_ns=15725030796811679][T0xebb1cec57020][TIMING] emit_host_span: [STRACE] v=1 pid=886974 tid=886974 inv=1 hid=2c5f439869ca1c03 depth=3 name=chip.run.runner_run.device_wall.preamble ts=0 dur=170700 clk=dev
[mono_ns=15725030796818279][T0xebb1cec57020][TIMING] emit_host_span: [STRACE] v=1 pid=886963 tid=886963 inv=1 hid=2c5f439869ca1c03 depth=3 name=chip.run.runner_run.device_wall.graph_build ts=38680 dur=250200 clk=dev
[mono_ns=15725030796815859][T0xebb1cec57020][TIMING] emit_host_span: [STRACE] v=1 pid=886974 tid=886974 inv=1 hid=2c5f439869ca1c03 depth=3 name=chip.run.runner_run.device_wall.graph_build ts=36839 dur=237020 clk=dev
[mono_ns=15725030796822239][T0xebb1cec57020][TIMING] emit_host_span: [STRACE] v=1 pid=886963 tid=886963 inv=1 hid=2c5f439869ca1c03 depth=3 name=chip.run.runner_run.device_wall.config_validate ts=42680 dur=2380 clk=dev
[mono_ns=15725030796820659][T0xebb1cec57020][TIMING] emit_host_span: [STRACE] v=1 pid=886974 tid=886974 inv=1 hid=2c5f439869ca1c03 depth=3 name=chip.run.runner_run.device_wall.config_validate ts=41640 dur=2700 clk=dev
[mono_ns=15725030796824429][T0xebb1cec57020][TIMING] emit_host_span: [STRACE] v=1 pid=886974 tid=886974 inv=1 hid=2c5f439869ca1c03 depth=3 name=chip.run.runner_run.device_wall.arena_wire ts=44379 dur=10780 clk=dev
[mono_ns=15725030796827069][T0xebb1cec57020][TIMING] emit_host_span: [STRACE] v=1 pid=886963 tid=886963 inv=1 hid=2c5f439869ca1c03 depth=3 name=chip.run.runner_run.device_wall.arena_wire ts=45100 dur=9500 clk=dev
[mono_ns=15725030796828509][T0xebb1cec57020][TIMING] emit_host_span: [STRACE] v=1 pid=886974 tid=886974 inv=1 hid=2c5f439869ca1c03 depth=3 name=chip.run.runner_run.device_wall.sm_reset ts=55340 dur=14280 clk=dev
[mono_ns=15725030796830799][T0xebb1cec57020][TIMING] emit_host_span: [STRACE] v=1 pid=886963 tid=886963 inv=1 hid=2c5f439869ca1c03 depth=3 name=chip.run.runner_run.device_wall.sm_reset ts=54640 dur=13080 clk=dev
[mono_ns=15725030796832289][T0xebb1cec57020][TIMING] emit_host_span: [STRACE] v=1 pid=886974 tid=886974 inv=1 hid=2c5f439869ca1c03 depth=3 name=chip.run.runner_run.device_wall.post_orch ts=273940 dur=15120 clk=dev
[mono_ns=15725030796834529][T0xebb1cec57020][TIMING] emit_host_span: [STRACE] v=1 pid=886963 tid=886963 inv=1 hid=2c5f439869ca1c03 depth=3 name=chip.run.runner_run.device_wall.post_orch ts=288960 dur=14879 clk=dev
[mono_ns=15725030796836349][T0xebb1cec57020][TIMING] emit_host_span: [STRACE] v=1 pid=886974 tid=886974 inv=1 hid=2c5f439869ca1c03 depth=3 name=chip.run.runner_run.device_wall.orch ts=70580 dur=27200 clk=dev
[mono_ns=15725030796838299][T0xebb1cec57020][TIMING] emit_host_span: [STRACE] v=1 pid=886963 tid=886963 inv=1 hid=2c5f439869ca1c03 depth=3 name=chip.run.runner_run.device_wall.orch ts=68940 dur=27920 clk=dev
[mono_ns=15725030796840219][T0xebb1cec57020][TIMING] emit_host_span: [STRACE] v=1 pid=886974 tid=886974 inv=1 hid=2c5f439869ca1c03 depth=3 name=chip.run.runner_run.device_wall.sched ts=171980 dur=75320 clk=dev
[mono_ns=15725030796845479][T0xebb1cec57020][TIMING] emit_host_span: [STRACE] v=1 pid=886974 tid=886974 inv=1 hid=2c5f439869ca1c03 depth=1 name=chip.run.claim_release ts=15725030796843409 dur=270 
[mono_ns=15725030796842299][T0xebb1cec57020][TIMING] emit_host_span: [STRACE] v=1 pid=886963 tid=886963 inv=1 hid=2c5f439869ca1c03 depth=3 name=chip.run.runner_run.device_wall.sched ts=183840 dur=76119 clk=dev
[mono_ns=15725030796850909][T0xebb1cec57020][TIMING] emit_host_span: [STRACE] v=1 pid=886974 tid=886974 inv=1 hid=2c5f439869ca1c03 depth=0 name=chip.run ts=15725030791773913 dur=5075086 run_id=1 dispatch_id=1 slot_id=0 generation=1 run_epoch=1
[mono_ns=15725030796848879][T0xebb1cec57020][TIMING] emit_host_span: [STRACE] v=1 pid=886963 tid=886963 inv=1 hid=2c5f439869ca1c03 depth=1 name=chip.run.claim_release ts=15725030796846269 dur=680 
[mono_ns=15725030796856059][T0xebb1cec57020][TIMING] emit_host_span: [STRACE] v=1 pid=886963 tid=886963 inv=1 hid=2c5f439869ca1c03 depth=0 name=chip.run ts=15725030791644563 dur=5209516 run_id=1 dispatch_id=1 slot_id=0 generation=1 run_epoch=1
[mono_ns=15725030796886729][T0xebb01242cca0][TIMING] emit_host_span: [STRACE] v=1 pid=867677 tid=887194 inv=1 hid=a02e9fd5d5aae584 depth=0 name=node.complete ts=15725030796882919 dur=400 run_id=1 task_slot=2 group_index=0 worker_id=2 dispatch_id=1 endpoint_kind=local_mailbox prepare_only=0 role=worker outcome=0
[mono_ns=15725030796900929][T0xebb01242cca0][TIMING] emit_host_span: [STRACE] v=1 pid=867677 tid=887194 inv=1 hid=49871d21000fa5ac depth=0 name=node.frame_submit ts=15725030796896439 dur=1490 run_id=1 task_slot=6 group_index=0 worker_id=2 dispatch_id=2 endpoint_kind=local_mailbox prepare_only=0 role=worker
[mono_ns=15725030796908929][T0xebb01242cca0][TIMING] emit_host_span: [STRACE] v=1 pid=867677 tid=887194 inv=1 hid=49871d21000fa5ac depth=0 name=node.dispatch ts=15725030796894019 dur=10240 run_id=1 task_slot=6 group_index=0 worker_id=2 dispatch_id=2 endpoint_kind=local_mailbox prepare_only=0 role=scheduler slot_id=0 generation=1
[mono_ns=15725030796914279][T0xebb01242cca0][TIMING] emit_host_span: [STRACE] v=1 pid=867677 tid=887194 inv=0 hid=0 depth=0 name=node.scheduler_loop ts=15725030796879889 dur=31040 role=scheduler drained=1 dispatched=1 drain_ns=12650 spins=785
[mono_ns=15725030796924009][T0xebb01242cca0][TIMING] emit_host_span: [STRACE] v=1 pid=867677 tid=887194 inv=1 hid=a02e9fd5d5aae584 depth=0 name=node.complete ts=15725030796920669 dur=310 run_id=1 task_slot=1 group_index=0 worker_id=1 dispatch_id=1 endpoint_kind=local_mailbox prepare_only=0 role=worker outcome=0
[mono_ns=15725030796937559][T0xebb01242cca0][TIMING] emit_host_span: [STRACE] v=1 pid=867677 tid=887194 inv=1 hid=49871d21000fa5ac depth=0 name=node.frame_submit ts=15725030796932059 dur=1760 run_id=1 task_slot=5 group_index=0 worker_id=1 dispatch_id=2 endpoint_kind=local_mailbox prepare_only=0 role=worker
[mono_ns=15725030796945479][T0xebb01242cca0][TIMING] emit_host_span: [STRACE] v=1 pid=867677 tid=887194 inv=1 hid=49871d21000fa5ac depth=0 name=node.dispatch ts=15725030796929779 dur=11310 run_id=1 task_slot=5 group_index=0 worker_id=1 dispatch_id=2 endpoint_kind=local_mailbox prepare_only=0 role=scheduler slot_id=0 generation=1
[mono_ns=15725030796950719][T0xebb01242cca0][TIMING] emit_host_span: [STRACE] v=1 pid=867677 tid=887194 inv=0 hid=0 depth=0 name=node.scheduler_loop ts=15725030796917879 dur=29930 role=scheduler drained=1 dispatched=1 drain_ns=10560 spins=0
[mono_ns=15725030797219150][T0xebb1cec57020][TIMING] emit_host_span: [STRACE] v=1 pid=886974 tid=886974 inv=2 hid=fa8a9725725ad7a5 depth=2 name=chip.run.bind.args ts=15725030797214340 dur=920 
[mono_ns=15725030797237500][T0xebb1cec57020][TIMING] emit_host_span: [STRACE] v=1 pid=886974 tid=886974 inv=2 hid=fa8a9725725ad7a5 depth=2 name=chip.run.bind.prebuilt ts=15725030797231930 dur=3250 
[mono_ns=15725030797242780][T0xebb1cec57020][TIMING] emit_host_span: [STRACE] v=1 pid=886974 tid=886974 inv=2 hid=fa8a9725725ad7a5 depth=1 name=chip.run.bind ts=15725030797207300 dur=33460 
[mono_ns=15725030797249870][T0xebb1cec57020][TIMING] emit_host_span: [STRACE] v=1 pid=886974 tid=886974 inv=2 hid=fa8a9725725ad7a5 depth=1 name=chip.run.publish_image ts=15725030797247870 dur=160 
[mono_ns=15725030797250530][T0xebb1cec57020][TIMING] emit_host_span: [STRACE] v=1 pid=886963 tid=886963 inv=2 hid=fa8a9725725ad7a5 depth=2 name=chip.run.bind.args ts=15725030797245770 dur=680 
[mono_ns=15725030797267320][T0xebb1cec57020][TIMING] emit_host_span: [STRACE] v=1 pid=886963 tid=886963 inv=2 hid=fa8a9725725ad7a5 depth=2 name=chip.run.bind.prebuilt ts=15725030797261740 dur=3210 
[mono_ns=15725030797273140][T0xebb1cec57020][TIMING] emit_host_span: [STRACE] v=1 pid=886963 tid=886963 inv=2 hid=fa8a9725725ad7a5 depth=1 name=chip.run.bind ts=15725030797240170 dur=29970 
[mono_ns=15725030797282841][T0xebb1cec57020][TIMING] emit_host_span: [STRACE] v=1 pid=886963 tid=886963 inv=2 hid=fa8a9725725ad7a5 depth=1 name=chip.run.publish_image ts=15725030797280810 dur=100 
[mono_ns=15725030797341091][T0xebb1cec57020][TIMING] emit_host_span: [STRACE] v=1 pid=886974 tid=886974 inv=2 hid=fa8a9725725ad7a5 depth=1 name=chip.run.stage_inputs ts=15725030797255550 dur=82171 
[mono_ns=15725030797367681][T0xebb1cec57020][TIMING] emit_host_span: [STRACE] v=1 pid=886963 tid=886963 inv=2 hid=fa8a9725725ad7a5 depth=1 name=chip.run.stage_inputs ts=15725030797285341 dur=78930 
[mono_ns=15725030797416271][T0xebb1cec57020][TIMING] emit_host_span: [STRACE] v=1 pid=886974 tid=886974 inv=2 hid=fa8a9725725ad7a5 depth=1 name=chip.run.prepare_execution ts=15725030797349301 dur=64020 
[mono_ns=15725030797442471][T0xebb1cec57020][TIMING] emit_host_span: [STRACE] v=1 pid=886963 tid=886963 inv=2 hid=fa8a9725725ad7a5 depth=1 name=chip.run.prepare_execution ts=15725030797375891 dur=63240 
[mono_ns=15725030797652482][T0xebb1cec57020][TIMING] emit_host_span: [STRACE] v=1 pid=886974 tid=886974 inv=2 hid=fa8a9725725ad7a5 depth=1 name=chip.run.runner_run ts=15725030797426011 dur=221741 
[mono_ns=15725030797684292][T0xebb1cec57020][TIMING] emit_host_span: [STRACE] v=1 pid=886963 tid=886963 inv=2 hid=fa8a9725725ad7a5 depth=1 name=chip.run.runner_run ts=15725030797452751 dur=226391 
[mono_ns=15725030797711832][T0xebb1cec57020][TIMING] emit_host_span: [STRACE] v=1 pid=886974 tid=886974 inv=2 hid=fa8a9725725ad7a5 depth=1 name=chip.run.validate ts=15725030797688872 dur=20010 
[mono_ns=15725030797722232][T0xebb1cec57020][TIMING] emit_host_span: [STRACE] v=1 pid=886974 tid=886974 inv=2 hid=fa8a9725725ad7a5 depth=2 name=chip.run.runner_run.device_wall ts=0 dur=45860 clk=dev dev_id=6 dev_start_cycle=677772973012011 dev_end_cycle=677772973014304 dev_cnt_hz=50000000
[mono_ns=15725030797726482][T0xebb1cec57020][TIMING] emit_host_span: [STRACE] v=1 pid=886974 tid=886974 inv=2 hid=fa8a9725725ad7a5 depth=3 name=chip.run.runner_run.device_wall.preamble ts=0 dur=10180 clk=dev
[mono_ns=15725030797730812][T0xebb1cec57020][TIMING] emit_host_span: [STRACE] v=1 pid=886974 tid=886974 inv=2 hid=fa8a9725725ad7a5 depth=3 name=chip.run.runner_run.device_wall.graph_build ts=2440 dur=31380 clk=dev
[mono_ns=15725030797735682][T0xebb1cec57020][TIMING] emit_host_span: [STRACE] v=1 pid=886974 tid=886974 inv=2 hid=fa8a9725725ad7a5 depth=3 name=chip.run.runner_run.device_wall.config_validate ts=2680 dur=880 clk=dev
[mono_ns=15725030797741232][T0xebb1cec57020][TIMING] emit_host_span: [STRACE] v=1 pid=886974 tid=886974 inv=2 hid=fa8a9725725ad7a5 depth=3 name=chip.run.runner_run.device_wall.arena_wire ts=3620 dur=679 clk=dev
[mono_ns=15725030797748642][T0xebb1cec57020][TIMING] emit_host_span: [STRACE] v=1 pid=886974 tid=886974 inv=2 hid=fa8a9725725ad7a5 depth=3 name=chip.run.runner_run.device_wall.sm_reset ts=4359 dur=1040 clk=dev
[mono_ns=15725030797752392][T0xebb1cec57020][TIMING] emit_host_span: [STRACE] v=1 pid=886974 tid=886974 inv=2 hid=fa8a9725725ad7a5 depth=3 name=chip.run.runner_run.device_wall.post_orch ts=33900 dur=11219 clk=dev
[mono_ns=15725030797742062][T0xebb1cec57020][TIMING] emit_host_span: [STRACE] v=1 pid=886963 tid=886963 inv=2 hid=fa8a9725725ad7a5 depth=1 name=chip.run.validate ts=15725030797719742 dur=19260 
[mono_ns=15725030797754372][T0xebb1cec57020][TIMING] emit_host_span: [STRACE] v=1 pid=886963 tid=886963 inv=2 hid=fa8a9725725ad7a5 depth=2 name=chip.run.runner_run.device_wall ts=0 dur=45680 clk=dev dev_id=5 dev_start_cycle=677772985809638 dev_end_cycle=677772985811922 dev_cnt_hz=50000000
[mono_ns=15725030797758582][T0xebb1cec57020][TIMING] emit_host_span: [STRACE] v=1 pid=886963 tid=886963 inv=2 hid=fa8a9725725ad7a5 depth=3 name=chip.run.runner_run.device_wall.preamble ts=0 dur=9459 clk=dev
[mono_ns=15725030797762682][T0xebb1cec57020][TIMING] emit_host_span: [STRACE] v=1 pid=886963 tid=886963 inv=2 hid=fa8a9725725ad7a5 depth=3 name=chip.run.runner_run.device_wall.graph_build ts=2520 dur=32500 clk=dev
[mono_ns=15725030797757262][T0xebb1cec57020][TIMING] emit_host_span: [STRACE] v=1 pid=886974 tid=886974 inv=2 hid=fa8a9725725ad7a5 depth=3 name=chip.run.runner_run.device_wall.orch ts=5439 dur=5540 clk=dev
[mono_ns=15725030797767522][T0xebb1cec57020][TIMING] emit_host_span: [STRACE] v=1 pid=886963 tid=886963 inv=2 hid=fa8a9725725ad7a5 depth=3 name=chip.run.runner_run.device_wall.config_validate ts=2680 dur=1000 clk=dev
[mono_ns=15725030797765022][T0xebb1cec57020][TIMING] emit_host_span: [STRACE] v=1 pid=886974 tid=886974 inv=2 hid=fa8a9725725ad7a5 depth=3 name=chip.run.runner_run.device_wall.sched ts=10280 dur=6240 clk=dev
[mono_ns=15725030797769332][T0xebb1cec57020][TIMING] emit_host_span: [STRACE] v=1 pid=886974 tid=886974 inv=2 hid=fa8a9725725ad7a5 depth=1 name=chip.run.claim_release ts=15725030797767422 dur=230 
[mono_ns=15725030797771952][T0xebb1cec57020][TIMING] emit_host_span: [STRACE] v=1 pid=886963 tid=886963 inv=2 hid=fa8a9725725ad7a5 depth=3 name=chip.run.runner_run.device_wall.arena_wire ts=3700 dur=600 clk=dev
[mono_ns=15725030797774402][T0xebb1cec57020][TIMING] emit_host_span: [STRACE] v=1 pid=886974 tid=886974 inv=2 hid=fa8a9725725ad7a5 depth=0 name=chip.run ts=15725030797186880 dur=585542 run_id=1 dispatch_id=2 slot_id=0 generation=1 run_epoch=2
[mono_ns=15725030797778352][T0xebb1cec57020][TIMING] emit_host_span: [STRACE] v=1 pid=886963 tid=886963 inv=2 hid=fa8a9725725ad7a5 depth=3 name=chip.run.runner_run.device_wall.sm_reset ts=4340 dur=960 clk=dev
[mono_ns=15725030797787002][T0xebb1cec57020][TIMING] emit_host_span: [STRACE] v=1 pid=886963 tid=886963 inv=2 hid=fa8a9725725ad7a5 depth=3 name=chip.run.runner_run.device_wall.post_orch ts=35160 dur=9780 clk=dev
[mono_ns=15725030797790752][T0xebb1cec57020][TIMING] emit_host_span: [STRACE] v=1 pid=886963 tid=886963 inv=2 hid=fa8a9725725ad7a5 depth=3 name=chip.run.runner_run.device_wall.orch ts=5360 dur=4540 clk=dev
[mono_ns=15725030797794712][T0xebb1cec57020][TIMING] emit_host_span: [STRACE] v=1 pid=886963 tid=886963 inv=2 hid=fa8a9725725ad7a5 depth=3 name=chip.run.runner_run.device_wall.sched ts=9600 dur=8399 clk=dev
[mono_ns=15725030797809232][T0xebb01242cca0][TIMING] emit_host_span: [STRACE] v=1 pid=867677 tid=887194 inv=1 hid=49871d21000fa5ac depth=0 name=node.complete ts=15725030797805732 dur=300 run_id=1 task_slot=6 group_index=0 worker_id=2 dispatch_id=2 endpoint_kind=local_mailbox prepare_only=0 role=worker outcome=0
[mono_ns=15725030797802732][T0xebb1cec57020][TIMING] emit_host_span: [STRACE] v=1 pid=886963 tid=886963 inv=2 hid=fa8a9725725ad7a5 depth=1 name=chip.run.claim_release ts=15725030797800752 dur=210 
[mono_ns=15725030797813632][T0xebb1cec57020][TIMING] emit_host_span: [STRACE] v=1 pid=886963 tid=886963 inv=2 hid=fa8a9725725ad7a5 depth=0 name=chip.run ts=15725030797219390 dur=592032 run_id=1 dispatch_id=2 slot_id=0 generation=1 run_epoch=2
[mono_ns=15725030797823262][T0xebb01242cca0][TIMING] emit_host_span: [STRACE] v=1 pid=867677 tid=887194 inv=1 hid=a06f4e6c28edd446 depth=0 name=node.frame_submit ts=15725030797818672 dur=1540 run_id=1 task_slot=10 group_index=0 worker_id=2 dispatch_id=3 endpoint_kind=local_mailbox prepare_only=0 role=worker
[mono_ns=15725030797831262][T0xebb01242cca0][TIMING] emit_host_span: [STRACE] v=1 pid=867677 tid=887194 inv=1 hid=a06f4e6c28edd446 depth=0 name=node.dispatch ts=15725030797816312 dur=10460 run_id=1 task_slot=10 group_index=0 worker_id=2 dispatch_id=3 endpoint_kind=local_mailbox prepare_only=0 role=scheduler slot_id=0 generation=1
[mono_ns=15725030797837132][T0xebb01242cca0][TIMING] emit_host_span: [STRACE] v=1 pid=867677 tid=887194 inv=0 hid=0 depth=0 name=node.scheduler_loop ts=15725030797802782 dur=31230 role=scheduler drained=1 dispatched=1 drain_ns=12080 spins=442
[mono_ns=15725030797846422][T0xebb01242cca0][TIMING] emit_host_span: [STRACE] v=1 pid=867677 tid=887194 inv=1 hid=49871d21000fa5ac depth=0 name=node.complete ts=15725030797843122 dur=340 run_id=1 task_slot=5 group_index=0 worker_id=1 dispatch_id=2 endpoint_kind=local_mailbox prepare_only=0 role=worker outcome=0
[mono_ns=15725030797861892][T0xebb01242cca0][TIMING] emit_host_span: [STRACE] v=1 pid=867677 tid=887194 inv=1 hid=a06f4e6c28edd446 depth=0 name=node.frame_submit ts=15725030797855392 dur=3030 run_id=1 task_slot=9 group_index=0 worker_id=1 dispatch_id=3 endpoint_kind=local_mailbox prepare_only=0 role=worker
[mono_ns=15725030797869732][T0xebb01242cca0][TIMING] emit_host_span: [STRACE] v=1 pid=867677 tid=887194 inv=1 hid=a06f4e6c28edd446 depth=0 name=node.dispatch ts=15725030797853082 dur=12190 run_id=1 task_slot=9 group_index=0 worker_id=1 dispatch_id=3 endpoint_kind=local_mailbox prepare_only=0 role=scheduler slot_id=0 generation=1
[mono_ns=15725030797876372][T0xebb01242cca0][TIMING] emit_host_span: [STRACE] v=1 pid=867677 tid=887194 inv=0 hid=0 depth=0 name=node.scheduler_loop ts=15725030797840372 dur=33050 role=scheduler drained=1 dispatched=1 drain_ns=11320 spins=0
[mono_ns=15725030797908792][T0xebb1cec57020][TIMING] emit_host_span: [STRACE] v=1 pid=886984 tid=886984 inv=1 hid=2c5f439869ca1c03 depth=1 name=chip.run.runner_run ts=15725030793165167 dur=4736845 
[mono_ns=15725030797971883][T0xebb1cec57020][TIMING] emit_host_span: [STRACE] v=1 pid=886984 tid=886984 inv=1 hid=2c5f439869ca1c03 depth=1 name=chip.run.validate ts=15725030797947893 dur=20410 
[mono_ns=15725030797983113][T0xebb1cec57020][TIMING] emit_host_span: [STRACE] v=1 pid=886984 tid=886984 inv=1 hid=2c5f439869ca1c03 depth=2 name=chip.run.runner_run.device_wall ts=0 dur=296520 clk=dev dev_id=7 dev_start_cycle=677772959805302 dev_end_cycle=677772959820128 dev_cnt_hz=50000000
[mono_ns=15725030797987633][T0xebb1cec57020][TIMING] emit_host_span: [STRACE] v=1 pid=886984 tid=886984 inv=1 hid=2c5f439869ca1c03 depth=3 name=chip.run.runner_run.device_wall.preamble ts=0 dur=169660 clk=dev
[mono_ns=15725030797995653][T0xebb1cec57020][TIMING] emit_host_span: [STRACE] v=1 pid=886984 tid=886984 inv=1 hid=2c5f439869ca1c03 depth=3 name=chip.run.runner_run.device_wall.graph_build ts=38540 dur=236060 clk=dev
[mono_ns=15725030798014303][T0xebb1cec57020][TIMING] emit_host_span: [STRACE] v=1 pid=886984 tid=886984 inv=1 hid=2c5f439869ca1c03 depth=3 name=chip.run.runner_run.device_wall.config_validate ts=42760 dur=2160 clk=dev
[mono_ns=15725030798019553][T0xebb1cec57020][TIMING] emit_host_span: [STRACE] v=1 pid=886984 tid=886984 inv=1 hid=2c5f439869ca1c03 depth=3 name=chip.run.runner_run.device_wall.arena_wire ts=44940 dur=10760 clk=dev
[mono_ns=15725030798086203][T0xebb01242cca0][TIMING] emit_host_span: [STRACE] v=1 pid=867677 tid=887194 inv=1 hid=a02e9fd5d5aae584 depth=0 name=node.complete ts=15725030798082393 dur=360 run_id=1 task_slot=3 group_index=0 worker_id=3 dispatch_id=1 endpoint_kind=local_mailbox prepare_only=0 role=worker outcome=0
[mono_ns=15725030798099613][T0xebb01242cca0][TIMING] emit_host_span: [STRACE] v=1 pid=867677 tid=887194 inv=1 hid=49871d21000fa5ac depth=0 name=node.frame_submit ts=15725030798095183 dur=1460 run_id=1 task_slot=7 group_index=0 worker_id=3 dispatch_id=2 endpoint_kind=local_mailbox prepare_only=0 role=worker
[mono_ns=15725030798105353][T0xebb01242cca0][TIMING] emit_host_span: [STRACE] v=1 pid=867677 tid=887194 inv=1 hid=49871d21000fa5ac depth=0 name=node.dispatch ts=15725030798092903 dur=8280 run_id=1 task_slot=7 group_index=0 worker_id=3 dispatch_id=2 endpoint_kind=local_mailbox prepare_only=0 role=scheduler slot_id=0 generation=1
[mono_ns=15725030798026053][T0xebb1cec57020][TIMING] emit_host_span: [STRACE] v=1 pid=886984 tid=886984 inv=1 hid=2c5f439869ca1c03 depth=3 name=chip.run.runner_run.device_wall.sm_reset ts=55739 dur=14780 clk=dev
[mono_ns=15725030798109843][T0xebb01242cca0][TIMING] emit_host_span: [STRACE] v=1 pid=867677 tid=887194 inv=0 hid=0 depth=0 name=node.scheduler_loop ts=15725030798079203 dur=27640 role=scheduler drained=1 dispatched=1 drain_ns=12160 spins=102
[mono_ns=15725030798034253][T0xebb1cec57020][TIMING] emit_host_span: [STRACE] v=1 pid=886984 tid=886984 inv=1 hid=2c5f439869ca1c03 depth=3 name=chip.run.runner_run.device_wall.post_orch ts=274700 dur=15120 clk=dev
[mono_ns=15725030798038303][T0xebb1cec57020][TIMING] emit_host_span: [STRACE] v=1 pid=886984 tid=886984 inv=1 hid=2c5f439869ca1c03 depth=3 name=chip.run.runner_run.device_wall.orch ts=71520 dur=25200 clk=dev
[mono_ns=15725030798042023][T0xebb1cec57020][TIMING] emit_host_span: [STRACE] v=1 pid=886984 tid=886984 inv=1 hid=2c5f439869ca1c03 depth=3 name=chip.run.runner_run.device_wall.sched ts=171239 dur=75400 clk=dev
[mono_ns=15725030798046143][T0xebb1cec57020][TIMING] emit_host_span: [STRACE] v=1 pid=886984 tid=886984 inv=1 hid=2c5f439869ca1c03 depth=1 name=chip.run.claim_release ts=15725030798044043 dur=390 
[mono_ns=15725030798052303][T0xebb1cec57020][TIMING] emit_host_span: [STRACE] v=1 pid=886984 tid=886984 inv=1 hid=2c5f439869ca1c03 depth=0 name=chip.run ts=15725030791949594 dur=6100729 run_id=1 dispatch_id=1 slot_id=0 generation=1 run_epoch=1
[mono_ns=15725030798122343][T0xebb1cec57020][TIMING] emit_host_span: [STRACE] v=1 pid=886974 tid=886974 inv=3 hid=2c1725e2dc933e2 depth=2 name=chip.run.bind.args ts=15725030798117633 dur=540 
[mono_ns=15725030798137083][T0xebb1cec57020][TIMING] emit_host_span: [STRACE] v=1 pid=886974 tid=886974 inv=3 hid=2c1725e2dc933e2 depth=2 name=chip.run.bind.prebuilt ts=15725030798133343 dur=1420 
[mono_ns=15725030798141653][T0xebb1cec57020][TIMING] emit_host_span: [STRACE] v=1 pid=886974 tid=886974 inv=3 hid=2c1725e2dc933e2 depth=1 name=chip.run.bind ts=15725030798112663 dur=27220 
[mono_ns=15725030798148423][T0xebb1cec57020][TIMING] emit_host_span: [STRACE] v=1 pid=886974 tid=886974 inv=3 hid=2c1725e2dc933e2 depth=1 name=chip.run.publish_image ts=15725030798146643 dur=90 
[mono_ns=15725030798169903][T0xebb1cec57020][TIMING] emit_host_span: [STRACE] v=1 pid=886963 tid=886963 inv=3 hid=2c1725e2dc933e2 depth=2 name=chip.run.bind.args ts=15725030798165183 dur=690 
[mono_ns=15725030798185293][T0xebb1cec57020][TIMING] emit_host_span: [STRACE] v=1 pid=886963 tid=886963 inv=3 hid=2c1725e2dc933e2 depth=2 name=chip.run.bind.prebuilt ts=15725030798181363 dur=1470 
[mono_ns=15725030798190043][T0xebb1cec57020][TIMING] emit_host_span: [STRACE] v=1 pid=886963 tid=886963 inv=3 hid=2c1725e2dc933e2 depth=1 name=chip.run.bind ts=15725030798159253 dur=28850 
[mono_ns=15725030798194023][T0xebb1cec57020][TIMING] emit_host_span: [STRACE] v=1 pid=886963 tid=886963 inv=3 hid=2c1725e2dc933e2 depth=1 name=chip.run.publish_image ts=15725030798192193 dur=70 
[mono_ns=15725030798207073][T0xebb1cec57020][TIMING] emit_host_span: [STRACE] v=1 pid=886974 tid=886974 inv=3 hid=2c1725e2dc933e2 depth=1 name=chip.run.stage_inputs ts=15725030798154603 dur=47930 
[mono_ns=15725030798249264][T0xebb1cec57020][TIMING] emit_host_span: [STRACE] v=1 pid=886963 tid=886963 inv=3 hid=2c1725e2dc933e2 depth=1 name=chip.run.stage_inputs ts=15725030798200123 dur=45541 
[mono_ns=15725030798282264][T0xebb1cec57020][TIMING] emit_host_span: [STRACE] v=1 pid=886974 tid=886974 inv=3 hid=2c1725e2dc933e2 depth=1 name=chip.run.prepare_execution ts=15725030798215283 dur=64091 
[mono_ns=15725030798321334][T0xebb1cec57020][TIMING] emit_host_span: [STRACE] v=1 pid=886963 tid=886963 inv=3 hid=2c1725e2dc933e2 depth=1 name=chip.run.prepare_execution ts=15725030798257454 dur=61060 
[mono_ns=15725030798396474][T0xebb1cec57020][TIMING] emit_host_span: [STRACE] v=1 pid=886984 tid=886984 inv=2 hid=fa8a9725725ad7a5 depth=2 name=chip.run.bind.args ts=15725030798391834 dur=710 
[mono_ns=15725030798411534][T0xebb1cec57020][TIMING] emit_host_span: [STRACE] v=1 pid=886984 tid=886984 inv=2 hid=fa8a9725725ad7a5 depth=2 name=chip.run.bind.prebuilt ts=15725030798407104 dur=2090 
[mono_ns=15725030798417414][T0xebb1cec57020][TIMING] emit_host_span: [STRACE] v=1 pid=886984 tid=886984 inv=2 hid=fa8a9725725ad7a5 depth=1 name=chip.run.bind ts=15725030798385934 dur=28310 
[mono_ns=15725030798421114][T0xebb1cec57020][TIMING] emit_host_span: [STRACE] v=1 pid=886984 tid=886984 inv=2 hid=fa8a9725725ad7a5 depth=1 name=chip.run.publish_image ts=15725030798419134 dur=110 
[mono_ns=15725030798507954][T0xebb1cec57020][TIMING] emit_host_span: [STRACE] v=1 pid=886984 tid=886984 inv=2 hid=fa8a9725725ad7a5 depth=1 name=chip.run.stage_inputs ts=15725030798425484 dur=78910 
[mono_ns=15725030798581145][T0xebb1cec57020][TIMING] emit_host_span: [STRACE] v=1 pid=886984 tid=886984 inv=2 hid=fa8a9725725ad7a5 depth=1 name=chip.run.prepare_execution ts=15725030798515834 dur=61891 
[mono_ns=15725030798819825][T0xebb1cec57020][TIMING] emit_host_span: [STRACE] v=1 pid=886984 tid=886984 inv=2 hid=fa8a9725725ad7a5 depth=1 name=chip.run.runner_run ts=15725030798590655 dur=224350 
[mono_ns=15725030798875216][T0xebb1cec57020][TIMING] emit_host_span: [STRACE] v=1 pid=886984 tid=886984 inv=2 hid=fa8a9725725ad7a5 depth=1 name=chip.run.validate ts=15725030798854175 dur=18171 
[mono_ns=15725030798886336][T0xebb1cec57020][TIMING] emit_host_span: [STRACE] v=1 pid=886984 tid=886984 inv=2 hid=fa8a9725725ad7a5 depth=2 name=chip.run.runner_run.device_wall ts=0 dur=42540 clk=dev dev_id=7 dev_start_cycle=677772959864815 dev_end_cycle=677772959866942 dev_cnt_hz=50000000
[mono_ns=15725030798890866][T0xebb1cec57020][TIMING] emit_host_span: [STRACE] v=1 pid=886984 tid=886984 inv=2 hid=fa8a9725725ad7a5 depth=3 name=chip.run.runner_run.device_wall.preamble ts=0 dur=10680 clk=dev
[mono_ns=15725030798895756][T0xebb1cec57020][TIMING] emit_host_span: [STRACE] v=1 pid=886984 tid=886984 inv=2 hid=fa8a9725725ad7a5 depth=3 name=chip.run.runner_run.device_wall.graph_build ts=2600 dur=29759 clk=dev
[mono_ns=15725030798903836][T0xebb1cec57020][TIMING] emit_host_span: [STRACE] v=1 pid=886984 tid=886984 inv=2 hid=fa8a9725725ad7a5 depth=3 name=chip.run.runner_run.device_wall.config_validate ts=2800 dur=899 clk=dev
[mono_ns=15725030798907506][T0xebb1cec57020][TIMING] emit_host_span: [STRACE] v=1 pid=886984 tid=886984 inv=2 hid=fa8a9725725ad7a5 depth=3 name=chip.run.runner_run.device_wall.arena_wire ts=3760 dur=500 clk=dev
[mono_ns=15725030798912556][T0xebb1cec57020][TIMING] emit_host_span: [STRACE] v=1 pid=886984 tid=886984 inv=2 hid=fa8a9725725ad7a5 depth=3 name=chip.run.runner_run.device_wall.sm_reset ts=4279 dur=919 clk=dev
[mono_ns=15725030798920526][T0xebb1cec57020][TIMING] emit_host_span: [STRACE] v=1 pid=886984 tid=886984 inv=2 hid=fa8a9725725ad7a5 depth=3 name=chip.run.runner_run.device_wall.post_orch ts=32439 dur=9400 clk=dev
[mono_ns=15725030798924066][T0xebb1cec57020][TIMING] emit_host_span: [STRACE] v=1 pid=886984 tid=886984 inv=2 hid=fa8a9725725ad7a5 depth=3 name=chip.run.runner_run.device_wall.orch ts=5260 dur=4260 clk=dev
[mono_ns=15725030798928446][T0xebb1cec57020][TIMING] emit_host_span: [STRACE] v=1 pid=886984 tid=886984 inv=2 hid=fa8a9725725ad7a5 depth=3 name=chip.run.runner_run.device_wall.sched ts=10800 dur=5660 clk=dev
[mono_ns=15725030798937666][T0xebb1cec57020][TIMING] emit_host_span: [STRACE] v=1 pid=886984 tid=886984 inv=2 hid=fa8a9725725ad7a5 depth=1 name=chip.run.claim_release ts=15725030798935126 dur=250 
[mono_ns=15725030798943756][T0xebb1cec57020][TIMING] emit_host_span: [STRACE] v=1 pid=886984 tid=886984 inv=2 hid=fa8a9725725ad7a5 depth=0 name=chip.run ts=15725030798366284 dur=575522 run_id=1 dispatch_id=2 slot_id=0 generation=1 run_epoch=2
[mono_ns=15725030798976926][T0xebb01242cca0][TIMING] emit_host_span: [STRACE] v=1 pid=867677 tid=887194 inv=1 hid=49871d21000fa5ac depth=0 name=node.complete ts=15725030798973466 dur=290 run_id=1 task_slot=7 group_index=0 worker_id=3 dispatch_id=2 endpoint_kind=local_mailbox prepare_only=0 role=worker outcome=0
[mono_ns=15725030798990556][T0xebb01242cca0][TIMING] emit_host_span: [STRACE] v=1 pid=867677 tid=887194 inv=1 hid=a06f4e6c28edd446 depth=0 name=node.frame_submit ts=15725030798985246 dur=2340 run_id=1 task_slot=11 group_index=0 worker_id=3 dispatch_id=3 endpoint_kind=local_mailbox prepare_only=0 role=worker
[mono_ns=15725030798998726][T0xebb01242cca0][TIMING] emit_host_span: [STRACE] v=1 pid=867677 tid=887194 inv=1 hid=a06f4e6c28edd446 depth=0 name=node.dispatch ts=15725030798982986 dur=10900 run_id=1 task_slot=11 group_index=0 worker_id=3 dispatch_id=3 endpoint_kind=local_mailbox prepare_only=0 role=scheduler slot_id=0 generation=1
[mono_ns=15725030799014106][T0xebb01242cca0][TIMING] emit_host_span: [STRACE] v=1 pid=867677 tid=887194 inv=0 hid=0 depth=0 name=node.scheduler_loop ts=15725030798970646 dur=40270 role=scheduler drained=1 dispatched=1 drain_ns=10870 spins=453
[mono_ns=15725030799307247][T0xebb1cec57020][TIMING] emit_host_span: [STRACE] v=1 pid=886984 tid=886984 inv=3 hid=2c1725e2dc933e2 depth=2 name=chip.run.bind.args ts=15725030799302037 dur=560 
[mono_ns=15725030799327977][T0xebb1cec57020][TIMING] emit_host_span: [STRACE] v=1 pid=886984 tid=886984 inv=3 hid=2c1725e2dc933e2 depth=2 name=chip.run.bind.prebuilt ts=15725030799324257 dur=1570 
[mono_ns=15725030799332727][T0xebb1cec57020][TIMING] emit_host_span: [STRACE] v=1 pid=886984 tid=886984 inv=3 hid=2c1725e2dc933e2 depth=1 name=chip.run.bind ts=15725030799297217 dur=33580 
[mono_ns=15725030799336567][T0xebb1cec57020][TIMING] emit_host_span: [STRACE] v=1 pid=886984 tid=886984 inv=3 hid=2c1725e2dc933e2 depth=1 name=chip.run.publish_image ts=15725030799334817 dur=70 
[mono_ns=15725030799386887][T0xebb1cec57020][TIMING] emit_host_span: [STRACE] v=1 pid=886984 tid=886984 inv=3 hid=2c1725e2dc933e2 depth=1 name=chip.run.stage_inputs ts=15725030799338027 dur=45580 
[mono_ns=15725030799460807][T0xebb1cec57020][TIMING] emit_host_span: [STRACE] v=1 pid=886984 tid=886984 inv=3 hid=2c1725e2dc933e2 depth=1 name=chip.run.prepare_execution ts=15725030799394617 dur=63020 
[mono_ns=15725031414202090][T0xebb1cec57020][ERROR] sync_stream_pair: [device_runner_base.cpp:2504] aclrtSynchronizeStreamWithTimeout (AICPU) failed: 507018
[mono_ns=15725031414223480][T0xebb1cec57020][ERROR] sync_stream_pair: [device_runner_base.cpp:2505] ACL error detail: 507018 ACL_ERROR_RT_AICPU_EXCEPTION - an AICPU task raised an exception; several distinct on-device mechanisms all surface as this one generic code
[mono_ns=15725031414226930][T0xebb1cec57020][ERROR] sync_stream_pair: [device_runner_base.cpp:2505] ACL error hint: do NOT read this as 'deadlock' or 'OOM' on its own -- it is a generic host-side code. Grep the host log for 'orch_error_code=' / 'sched_error_code=' / 'sub_class=' to get the device-classified reason, and read the device log for the detector that fired. See docs/troubleshooting/device-error-codes.md
[mono_ns=15725031414621972][T0xebb1cec57020][ERROR] sync_stream_pair: [device_runner_base.cpp:2505] ACL recent error message: EE9999: Inner Error!
EE9999[PID: 886958] 2026-09-23-16:11:32.627.748 (EE9999):  This device does not support cross-server communication drv devId=4 localServerId=1023err:0x702001d[FUNC:ExportToShareableHandleV2][FILE:api_impl.cc][LINE:7120]
        TraceBack (most recent call last):
       rtMemExportToShareableHandleV2 execution failed, reason=driver error:feature not support[FUNC~
[mono_ns=15725031414637492][T0xebb1cec57020][ERROR] wait_run_fence: [device_runner_base.cpp:2643] Run completed its boundaries but the device reports an error executing it: 507018 (device_id=4 block_dim=24 slot=0)
[mono_ns=15725031414658532][T0xebb1cec57020][WARN] recover_device_or_mark_unusable: [device_runner.cpp:823] AICore error 507018: device drained, but force-resetting in finalize regardless (drain success does not prove the card is clean)
[mono_ns=15725031414673752][T0xebb1cec57020][TIMING] emit_host_span: [STRACE] v=1 pid=886958 tid=886958 inv=3 hid=2c1725e2dc933e2 depth=1 name=chip.run.runner_run ts=15725030795768376 dur=618899846 
[mono_ns=15725031414718972][T0xebb1cec57020][ERROR] operator(): [device_runner_base.cpp:2755] device fault reported: device_id=4 stream_id=43 task_id=4 error_code=507018 thread_id=886958 (device-level; not attributed to any run)
[mono_ns=15725031414725272][T0xebb1cec57020][ERROR] consume_device_fault_notices: [device_runner_base.cpp:2805] device 4: fault channel matched 1 notice(s) to its run streams (first code=507018, generation=0). Admission is refused until a confirmed reset retires this generation; no run's outcome is changed by it.
[mono_ns=15725031414729052][T0xebb1cec57020][WARN] simpler_finalize_run: [c_api_shared.cpp:1381] device fault channel matched 1 notice(s) to this runner's run streams while finalizing run_id=1 dispatch_id=3 slot_id=0 generation=1 run_epoch=3; this run's own outcome is unchanged and the device refuses further admission
[mono_ns=15725031414735252][T0xebb1cec57020][ERROR] copy_back_run_outputs_impl: [runtime_maker.cpp:1028] simpler runtime failed: orch_error_code=5 sched_error_code=0 runtime_status=-5
[mono_ns=15725031414740112][T0xebb1cec57020][ERROR] copy_back_run_outputs_impl: [runtime_maker.cpp:1028] error detail: orch_error_code=5 INVALID_ARGS - an orchestration API rejected its arguments (bad alloc_tensors info, illegal nested scope, unknown task id in set_dependencies, or an CoreTaskArgs carrying an error flag)
[mono_ns=15725031414743532][T0xebb1cec57020][ERROR] copy_back_run_outputs_impl: [runtime_maker.cpp:1028] error hint: an orchestration bug, not a capacity problem -- resizing the rings will not help; recheck the arguments of the orchestration API calls listed above. See docs/troubleshooting/device-error-codes.md
[mono_ns=15725031414745712][T0xebb1cec57020][WARN] copy_back_run_outputs_impl: [runtime_maker.cpp:1050] Skipping tensor copy-back because execution failed
[mono_ns=15725031414752612][T0xebb1cec57020][TIMING] emit_host_span: [STRACE] v=1 pid=886958 tid=886958 inv=3 hid=2c1725e2dc933e2 depth=1 name=chip.run.validate ts=15725031414732242 dur=17980 
[mono_ns=15725031414759702][T0xebb1cec57020][TIMING] emit_host_span: [STRACE] v=1 pid=886958 tid=886958 inv=3 hid=2c1725e2dc933e2 depth=1 name=chip.run.claim_release ts=15725031414756442 dur=920 
[mono_ns=15725031414765332][T0xebb1cec57020][TIMING] emit_host_span: [STRACE] v=1 pid=886958 tid=886958 inv=3 hid=2c1725e2dc933e2 depth=0 name=chip.run ts=15725030795597185 dur=619166027 run_id=1 dispatch_id=3 slot_id=0 generation=1 run_epoch=3
[mono_ns=15725031415409274][T0xebb01242cca0][TIMING] emit_host_span: [STRACE] v=1 pid=867677 tid=887194 inv=1 hid=a06f4e6c28edd446 depth=0 name=node.complete ts=15725031415359504 dur=42450 run_id=1 task_slot=8 group_index=0 worker_id=0 dispatch_id=3 endpoint_kind=local_mailbox prepare_only=0 role=worker outcome=1
[mono_ns=15725031415450194][T0xebb01242cca0][TIMING] emit_host_span: [STRACE] v=1 pid=867677 tid=887194 inv=0 hid=0 depth=0 name=node.scheduler_loop ts=15725031415333564 dur=110800 role=scheduler drained=1 dispatched=0 drain_ns=108200 spins=331338
[mono_ns=15725031592703587][T0xebb1cec57020][ERROR] sync_stream_pair: [device_runner_base.cpp:2504] aclrtSynchronizeStreamWithTimeout (AICPU) failed: 507018
[mono_ns=15725031592719487][T0xebb1cec57020][ERROR] sync_stream_pair: [device_runner_base.cpp:2505] ACL error detail: 507018 ACL_ERROR_RT_AICPU_EXCEPTION - an AICPU task raised an exception; several distinct on-device mechanisms all surface as this one generic code
[mono_ns=15725031592723327][T0xebb1cec57020][ERROR] sync_stream_pair: [device_runner_base.cpp:2505] ACL error hint: do NOT read this as 'deadlock' or 'OOM' on its own -- it is a generic host-side code. Grep the host log for 'orch_error_code=' / 'sched_error_code=' / 'sub_class=' to get the device-classified reason, and read the device log for the detector that fired. See docs/troubleshooting/device-error-codes.md
[mono_ns=15725031593090188][T0xebb1cec57020][ERROR] sync_stream_pair: [device_runner_base.cpp:2505] ACL recent error message: EE9999: Inner Error!
EE9999[PID: 886984] 2026-09-23-16:11:32.626.251 (EE9999):  This device does not support cross-server communication drv devId=7 localServerId=1023err:0x702001d[FUNC:ExportToShareableHandleV2][FILE:api_impl.cc][LINE:7120]
        TraceBack (most recent call last):
       rtMemExportToShareableHandleV2 execution failed, reason=driver error:feature not support[FUNC~
[mono_ns=15725031593108058][T0xebb1cec57020][ERROR] wait_run_fence: [device_runner_base.cpp:2643] Run completed its boundaries but the device reports an error executing it: 507018 (device_id=7 block_dim=24 slot=0)
[mono_ns=15725031593128328][T0xebb1cec57020][WARN] recover_device_or_mark_unusable: [device_runner.cpp:823] AICore error 507018: device drained, but force-resetting in finalize regardless (drain success does not prove the card is clean)
[mono_ns=15725031593142058][T0xebb1cec57020][TIMING] emit_host_span: [STRACE] v=1 pid=886984 tid=886984 inv=3 hid=2c1725e2dc933e2 depth=1 name=chip.run.runner_run ts=15725030799471637 dur=793666251 
[mono_ns=15725031593200499][T0xebb1cec57020][ERROR] operator(): [device_runner_base.cpp:2755] device fault reported: device_id=7 stream_id=43 task_id=4 error_code=507018 thread_id=886984 (device-level; not attributed to any run)
[mono_ns=15725031593210199][T0xebb1cec57020][ERROR] consume_device_fault_notices: [device_runner_base.cpp:2805] device 7: fault channel matched 1 notice(s) to its run streams (first code=507018, generation=0). Admission is refused until a confirmed reset retires this generation; no run's outcome is changed by it.
[mono_ns=15725031593214409][T0xebb1cec57020][WARN] simpler_finalize_run: [c_api_shared.cpp:1381] device fault channel matched 1 notice(s) to this runner's run streams while finalizing run_id=1 dispatch_id=3 slot_id=0 generation=1 run_epoch=3; this run's own outcome is unchanged and the device refuses further admission
[mono_ns=15725031593219289][T0xebb1cec57020][ERROR] copy_back_run_outputs_impl: [runtime_maker.cpp:1028] simpler runtime failed: orch_error_code=5 sched_error_code=0 runtime_status=-5
[mono_ns=15725031593227599][T0xebb1cec57020][ERROR] copy_back_run_outputs_impl: [runtime_maker.cpp:1028] error detail: orch_error_code=5 INVALID_ARGS - an orchestration API rejected its arguments (bad alloc_tensors info, illegal nested scope, unknown task id in set_dependencies, or an CoreTaskArgs carrying an error flag)
[mono_ns=15725031593231399][T0xebb1cec57020][ERROR] copy_back_run_outputs_impl: [runtime_maker.cpp:1028] error hint: an orchestration bug, not a capacity problem -- resizing the rings will not help; recheck the arguments of the orchestration API calls listed above. See docs/troubleshooting/device-error-codes.md
[mono_ns=15725031593234469][T0xebb1cec57020][WARN] copy_back_run_outputs_impl: [runtime_maker.cpp:1050] Skipping tensor copy-back because execution failed
[mono_ns=15725031593241689][T0xebb1cec57020][TIMING] emit_host_span: [STRACE] v=1 pid=886984 tid=886984 inv=3 hid=2c1725e2dc933e2 depth=1 name=chip.run.validate ts=15725031593217439 dur=21690 
[mono_ns=15725031593250709][T0xebb1cec57020][TIMING] emit_host_span: [STRACE] v=1 pid=886984 tid=886984 inv=3 hid=2c1725e2dc933e2 depth=1 name=chip.run.claim_release ts=15725031593248319 dur=460 
[mono_ns=15725031593256289][T0xebb1cec57020][TIMING] emit_host_span: [STRACE] v=1 pid=886984 tid=886984 inv=3 hid=2c1725e2dc933e2 depth=0 name=chip.run ts=15725030799278607 dur=793975542 run_id=1 dispatch_id=3 slot_id=0 generation=1 run_epoch=3
[mono_ns=15725031593766840][T0xebb01242cca0][TIMING] emit_host_span: [STRACE] v=1 pid=867677 tid=887194 inv=1 hid=a06f4e6c28edd446 depth=0 name=node.complete ts=15725031593738610 dur=22770 run_id=1 task_slot=11 group_index=0 worker_id=3 dispatch_id=3 endpoint_kind=local_mailbox prepare_only=0 role=worker outcome=1
[mono_ns=15725031593802101][T0xebb01242cca0][TIMING] emit_host_span: [STRACE] v=1 pid=867677 tid=887194 inv=0 hid=0 depth=0 name=node.scheduler_loop ts=15725031593722540 dur=73501 role=scheduler drained=1 dispatched=0 drain_ns=69180 spins=95867
[mono_ns=15725031644599402][T0xebb1cec57020][ERROR] sync_stream_pair: [device_runner_base.cpp:2504] aclrtSynchronizeStreamWithTimeout (AICPU) failed: 507018
[mono_ns=15725031644619782][T0xebb1cec57020][ERROR] sync_stream_pair: [device_runner_base.cpp:2505] ACL error detail: 507018 ACL_ERROR_RT_AICPU_EXCEPTION - an AICPU task raised an exception; several distinct on-device mechanisms all surface as this one generic code
[mono_ns=15725031644623322][T0xebb1cec57020][ERROR] sync_stream_pair: [device_runner_base.cpp:2505] ACL error hint: do NOT read this as 'deadlock' or 'OOM' on its own -- it is a generic host-side code. Grep the host log for 'orch_error_code=' / 'sched_error_code=' / 'sub_class=' to get the device-classified reason, and read the device log for the detector that fired. See docs/troubleshooting/device-error-codes.md
[mono_ns=15725031644972543][T0xebb1cec57020][ERROR] sync_stream_pair: [device_runner_base.cpp:2505] ACL recent error message: EE9999: Inner Error!
EE9999[PID: 886963] 2026-09-23-16:11:32.625.878 (EE9999):  This device does not support cross-server communication drv devId=5 localServerId=1023err:0x702001d[FUNC:ExportToShareableHandleV2][FILE:api_impl.cc][LINE:7120]
        TraceBack (most recent call last):
       rtMemExportToShareableHandleV2 execution failed, reason=driver error:feature not support[FUNC~
[mono_ns=15725031644991913][T0xebb1cec57020][ERROR] wait_run_fence: [device_runner_base.cpp:2643] Run completed its boundaries but the device reports an error executing it: 507018 (device_id=5 block_dim=24 slot=0)
[mono_ns=15725031645099073][T0xebb1cec57020][WARN] recover_device_or_mark_unusable: [device_runner.cpp:823] AICore error 507018: device drained, but force-resetting in finalize regardless (drain success does not prove the card is clean)
[mono_ns=15725031645130644][T0xebb1cec57020][TIMING] emit_host_span: [STRACE] v=1 pid=886963 tid=886963 inv=3 hid=2c1725e2dc933e2 depth=1 name=chip.run.runner_run ts=15725030798332964 dur=846791890 
[mono_ns=15725031645293544][T0xebb1cec57020][ERROR] operator(): [device_runner_base.cpp:2755] device fault reported: device_id=5 stream_id=43 task_id=4 error_code=507018 thread_id=886963 (device-level; not attributed to any run)
[mono_ns=15725031645305244][T0xebb1cec57020][ERROR] consume_device_fault_notices: [device_runner_base.cpp:2805] device 5: fault channel matched 1 notice(s) to its run streams (first code=507018, generation=0). Admission is refused until a confirmed reset retires this generation; no run's outcome is changed by it.
[mono_ns=15725031645308674][T0xebb1cec57020][WARN] simpler_finalize_run: [c_api_shared.cpp:1381] device fault channel matched 1 notice(s) to this runner's run streams while finalizing run_id=1 dispatch_id=3 slot_id=0 generation=1 run_epoch=3; this run's own outcome is unchanged and the device refuses further admission
[mono_ns=15725031645313584][T0xebb1cec57020][ERROR] copy_back_run_outputs_impl: [runtime_maker.cpp:1028] simpler runtime failed: orch_error_code=5 sched_error_code=0 runtime_status=-5
[mono_ns=15725031645318954][T0xebb1cec57020][ERROR] copy_back_run_outputs_impl: [runtime_maker.cpp:1028] error detail: orch_error_code=5 INVALID_ARGS - an orchestration API rejected its arguments (bad alloc_tensors info, illegal nested scope, unknown task id in set_dependencies, or an CoreTaskArgs carrying an error flag)
[mono_ns=15725031645324094][T0xebb1cec57020][ERROR] copy_back_run_outputs_impl: [runtime_maker.cpp:1028] error hint: an orchestration bug, not a capacity problem -- resizing the rings will not help; recheck the arguments of the orchestration API calls listed above. See docs/troubleshooting/device-error-codes.md
[mono_ns=15725031645332554][T0xebb1cec57020][WARN] copy_back_run_outputs_impl: [runtime_maker.cpp:1050] Skipping tensor copy-back because execution failed
[mono_ns=15725031645338134][T0xebb1cec57020][TIMING] emit_host_span: [STRACE] v=1 pid=886963 tid=886963 inv=3 hid=2c1725e2dc933e2 depth=1 name=chip.run.validate ts=15725031645311704 dur=23440 
[mono_ns=15725031645345044][T0xebb1cec57020][TIMING] emit_host_span: [STRACE] v=1 pid=886963 tid=886963 inv=3 hid=2c1725e2dc933e2 depth=1 name=chip.run.claim_release ts=15725031645342524 dur=500 
[mono_ns=15725031645360874][T0xebb1cec57020][TIMING] emit_host_span: [STRACE] v=1 pid=886963 tid=886963 inv=3 hid=2c1725e2dc933e2 depth=0 name=chip.run ts=15725030798140143 dur=847218401 run_id=1 dispatch_id=3 slot_id=0 generation=1 run_epoch=3
[mono_ns=15725031646218477][T0xebb01242cca0][TIMING] emit_host_span: [STRACE] v=1 pid=867677 tid=887194 inv=1 hid=a06f4e6c28edd446 depth=0 name=node.complete ts=15725031646212697 dur=1990 run_id=1 task_slot=9 group_index=0 worker_id=1 dispatch_id=3 endpoint_kind=local_mailbox prepare_only=0 role=worker outcome=1
[mono_ns=15725031646236967][T0xebb01242cca0][TIMING] emit_host_span: [STRACE] v=1 pid=867677 tid=887194 inv=0 hid=0 depth=0 name=node.scheduler_loop ts=15725031646206227 dur=27100 role=scheduler drained=1 dispatched=0 drain_ns=25540 spins=27974
[mono_ns=15725031646387008][T0xebb1cec57020][ERROR] sync_stream_pair: [device_runner_base.cpp:2504] aclrtSynchronizeStreamWithTimeout (AICPU) failed: 507018
[mono_ns=15725031646415228][T0xebb1cec57020][ERROR] sync_stream_pair: [device_runner_base.cpp:2505] ACL error detail: 507018 ACL_ERROR_RT_AICPU_EXCEPTION - an AICPU task raised an exception; several distinct on-device mechanisms all surface as this one generic code
[mono_ns=15725031646420028][T0xebb1cec57020][ERROR] sync_stream_pair: [device_runner_base.cpp:2505] ACL error hint: do NOT read this as 'deadlock' or 'OOM' on its own -- it is a generic host-side code. Grep the host log for 'orch_error_code=' / 'sched_error_code=' / 'sub_class=' to get the device-classified reason, and read the device log for the detector that fired. See docs/troubleshooting/device-error-codes.md
[mono_ns=15725031647112440][T0xebb1cec57020][ERROR] sync_stream_pair: [device_runner_base.cpp:2505] ACL recent error message: EE9999: Inner Error!
EE9999[PID: 886974] 2026-09-23-16:11:32.625.878 (EE9999):  This device does not support cross-server communication drv devId=6 localServerId=1023err:0x702001d[FUNC:ExportToShareableHandleV2][FILE:api_impl.cc][LINE:7120]
        TraceBack (most recent call last):
       rtMemExportToShareableHandleV2 execution failed, reason=driver error:feature not support[FUNC~
[mono_ns=15725031647131190][T0xebb1cec57020][ERROR] wait_run_fence: [device_runner_base.cpp:2643] Run completed its boundaries but the device reports an error executing it: 507018 (device_id=6 block_dim=24 slot=0)
[mono_ns=15725031647262320][T0xebb1cec57020][WARN] recover_device_or_mark_unusable: [device_runner.cpp:823] AICore error 507018: device drained, but force-resetting in finalize regardless (drain success does not prove the card is clean)
[mono_ns=15725031647305630][T0xebb1cec57020][TIMING] emit_host_span: [STRACE] v=1 pid=886974 tid=886974 inv=3 hid=2c1725e2dc933e2 depth=1 name=chip.run.runner_run ts=15725030798292134 dur=849005516 
[mono_ns=15725031647410161][T0xebb1cec57020][ERROR] operator(): [device_runner_base.cpp:2755] device fault reported: device_id=6 stream_id=43 task_id=4 error_code=507018 thread_id=886974 (device-level; not attributed to any run)
[mono_ns=15725031647420691][T0xebb1cec57020][ERROR] consume_device_fault_notices: [device_runner_base.cpp:2805] device 6: fault channel matched 1 notice(s) to its run streams (first code=507018, generation=0). Admission is refused until a confirmed reset retires this generation; no run's outcome is changed by it.
[mono_ns=15725031647425391][T0xebb1cec57020][WARN] simpler_finalize_run: [c_api_shared.cpp:1381] device fault channel matched 1 notice(s) to this runner's run streams while finalizing run_id=1 dispatch_id=3 slot_id=0 generation=1 run_epoch=3; this run's own outcome is unchanged and the device refuses further admission
[mono_ns=15725031647438181][T0xebb1cec57020][ERROR] copy_back_run_outputs_impl: [runtime_maker.cpp:1028] simpler runtime failed: orch_error_code=5 sched_error_code=0 runtime_status=-5
[mono_ns=15725031647446991][T0xebb1cec57020][ERROR] copy_back_run_outputs_impl: [runtime_maker.cpp:1028] error detail: orch_error_code=5 INVALID_ARGS - an orchestration API rejected its arguments (bad alloc_tensors info, illegal nested scope, unknown task id in set_dependencies, or an CoreTaskArgs carrying an error flag)
[mono_ns=15725031647451511][T0xebb1cec57020][ERROR] copy_back_run_outputs_impl: [runtime_maker.cpp:1028] error hint: an orchestration bug, not a capacity problem -- resizing the rings will not help; recheck the arguments of the orchestration API calls listed above. See docs/troubleshooting/device-error-codes.md
[mono_ns=15725031647456171][T0xebb1cec57020][WARN] copy_back_run_outputs_impl: [runtime_maker.cpp:1050] Skipping tensor copy-back because execution failed
[mono_ns=15725031647465731][T0xebb1cec57020][TIMING] emit_host_span: [STRACE] v=1 pid=886974 tid=886974 inv=3 hid=2c1725e2dc933e2 depth=1 name=chip.run.validate ts=15725031647433751 dur=29480 
[mono_ns=15725031647476251][T0xebb1cec57020][TIMING] emit_host_span: [STRACE] v=1 pid=886974 tid=886974 inv=3 hid=2c1725e2dc933e2 depth=1 name=chip.run.claim_release ts=15725031647473021 dur=1190 
[mono_ns=15725031647489291][T0xebb1cec57020][TIMING] emit_host_span: [STRACE] v=1 pid=886974 tid=886974 inv=3 hid=2c1725e2dc933e2 depth=0 name=chip.run ts=15725030798094033 dur=849393168 run_id=1 dispatch_id=3 slot_id=0 generation=1 run_epoch=3
[mono_ns=15725031648457274][T0xebb01242cca0][TIMING] emit_host_span: [STRACE] v=1 pid=867677 tid=887194 inv=1 hid=a06f4e6c28edd446 depth=0 name=node.complete ts=15725031648452534 dur=1310 run_id=1 task_slot=10 group_index=0 worker_id=2 dispatch_id=3 endpoint_kind=local_mailbox prepare_only=0 role=worker outcome=1
[mono_ns=15725031648482574][T0xebb01242cca0][TIMING] emit_host_span: [STRACE] v=1 pid=867677 tid=887194 inv=0 hid=0 depth=0 name=node.scheduler_loop ts=15725031648446904 dur=32120 role=scheduler drained=1 dispatched=0 drain_ns=31960 spins=1172
[mono_ns=15725031649441037][T0xebb1cec57020][TIMING] emit_host_span: [STRACE] v=1 pid=867677 tid=867677 inv=1 hid=0 depth=0 name=node.post_fence_retirement ts=15725031648468384 dur=961623 run_id=1 slot_id=0 generation=1 role=facade
[mono_ns=15725033596590425][T0xebb1cec57020][WARN] force_reset_device: [device_runner.cpp:987] force_reset_device: aclrtResetDeviceForce(4) established a usable device generation (probe confirmed)
[mono_ns=15725033596625035][T0xebb1cec57020][WARN] retire_device_generation_after_confirmed_reset: [device_runner_base.cpp:2717] device 4: confirmed reset retired the suspect generation; fault notices reported before it are no longer this device's (generation is now 1)
[mono_ns=15725033611674393][T0xebb1cec57020][WARN] force_reset_device: [device_runner.cpp:987] force_reset_device: aclrtResetDeviceForce(6) established a usable device generation (probe confirmed)
[mono_ns=15725033611760893][T0xebb1cec57020][WARN] retire_device_generation_after_confirmed_reset: [device_runner_base.cpp:2717] device 6: confirmed reset retired the suspect generation; fault notices reported before it are no longer this device's (generation is now 1)
[mono_ns=15725033706139993][T0xebb1cec57020][WARN] force_reset_device: [device_runner.cpp:987] force_reset_device: aclrtResetDeviceForce(5) established a usable device generation (probe confirmed)
[mono_ns=15725033706188213][T0xebb1cec57020][WARN] retire_device_generation_after_confirmed_reset: [device_runner_base.cpp:2717] device 5: confirmed reset retired the suspect generation; fault notices reported before it are no longer this device's (generation is now 1)
[mono_ns=15725033744684085][T0xebb1cec57020][WARN] force_reset_device: [device_runner.cpp:987] force_reset_device: aclrtResetDeviceForce(7) established a usable device generation (probe confirmed)
[mono_ns=15725033744755615][T0xebb1cec57020][WARN] retire_device_generation_after_confirmed_reset: [device_runner_base.cpp:2717] device 7: confirmed reset retired the suspect generation; fault notices reported before it are no longer this device's (generation is now 1)
[mono_ns=15725033822893813][T0xebb1cec57020][WARN] finalize_common_impl: [device_runner_base.cpp:1888] Fatal teardown: force reset/quarantine finished; skipping per-resource RTS destroy/free calls
[mono_ns=15725033823313014][T0xebb1cec57020][WARN] finalize_common_impl: [device_runner_base.cpp:2167] Fatal teardown: host-side ownership cleared without further device calls
[mono_ns=15725033897707290][T0xebb1cec57020][WARN] finalize_common_impl: [device_runner_base.cpp:1888] Fatal teardown: force reset/quarantine finished; skipping per-resource RTS destroy/free calls
[mono_ns=15725033897956771][T0xebb1cec57020][WARN] finalize_common_impl: [device_runner_base.cpp:2167] Fatal teardown: host-side ownership cleared without further device calls
[mono_ns=15725033913902381][T0xebb1cec57020][WARN] finalize: [device_runner.cpp:1159] DeviceRunner finalized after fatal device failure
[mono_ns=15725033919290648][T0xebb1cec57020][WARN] finalize_common_impl: [device_runner_base.cpp:1888] Fatal teardown: force reset/quarantine finished; skipping per-resource RTS destroy/free calls
[mono_ns=15725033919625500][T0xebb1cec57020][WARN] finalize_common_impl: [device_runner_base.cpp:2167] Fatal teardown: host-side ownership cleared without further device calls
[mono_ns=15725033926283971][T0xebb1cec57020][WARN] finalize_common_impl: [device_runner_base.cpp:1888] Fatal teardown: force reset/quarantine finished; skipping per-resource RTS destroy/free calls
[mono_ns=15725033926667972][T0xebb1cec57020][WARN] finalize_common_impl: [device_runner_base.cpp:2167] Fatal teardown: host-side ownership cleared without further device calls
[mono_ns=15725034392790029][T0xebb1cec57020][WARN] finalize: [device_runner.cpp:1159] DeviceRunner finalized after fatal device failure
[mono_ns=15725034551172111][T0xebb1cec57020][WARN] finalize: [device_runner.cpp:1159] DeviceRunner finalized after fatal device failure
[mono_ns=15725034907541100][T0xebb1cec57020][WARN] finalize: [device_runner.cpp:1159] DeviceRunner finalized after fatal device failure
Traceback (most recent call last):
  File "/opt/pypto-profiling/collectives/a1_alltoallv/harness/all_to_all_v_benchmark.py", line 998, in _timed_session
    runtime.run(compiled, inputs, send_counts, outputs, recv_out, config=run_config)
  File "/opt/pypto/python/pypto/runtime/distributed_runner.py", line 3342, in run
    return self.submit(compiled, *args, config=config).result()
           ^^^^^^^^^^^^^^^^^^^^^^^^^^^^^^^^^^^^^^^^^^^^^^^^^^^^
  File "/opt/pypto/python/pypto/runtime/distributed_runner.py", line 234, in result
    raise error
  File "/opt/pypto/python/pypto/runtime/distributed_runner.py", line 197, in result
    native_handle.result(timeout=remaining)
  File "/opt/pypto/runtime/python/simpler/worker.py", line 4428, in result
    self.wait(timeout)
  File "/opt/pypto/runtime/python/simpler/worker.py", line 4419, in wait
    raise published_error
  File "/opt/pypto/runtime/python/simpler/worker.py", line 4373, in wait
    completed = self._worker._wait_run_handle(run_id, remaining)
                ^^^^^^^^^^^^^^^^^^^^^^^^^^^^^^^^^^^^^^^^^^^^^^^^
  File "/opt/pypto/runtime/python/simpler/worker.py", line 11613, in _wait_run_handle
    self._orch._wait_run(run_id)
  File "/opt/pypto/runtime/python/simpler/orchestrator.py", line 840, in _wait_run
    self._o._wait_run(run_id)
RuntimeError: LocalMailboxEndpoint child failed (worker_id=0, code=1): chip_process dev=4: chip run: RuntimeError: chip run lane is poisoned: finalize_native_run failed with code -5 (run_id=1 slot=0 generation=1 dispatch_id=3 run_epoch=3)

During handling of the above exception, another exception occurred:

Traceback (most recent call last):
  File "/opt/pypto-profiling/collectives/a1_alltoallv/harness/all_to_all_v_benchmark.py", line 1220, in <module>
    raise SystemExit(main())
                     ^^^^^^
  File "/opt/pypto-profiling/collectives/a1_alltoallv/harness/all_to_all_v_benchmark.py", line 1209, in main
    doc = run_benchmark(args, shape)
          ^^^^^^^^^^^^^^^^^^^^^^^^^^
  File "/opt/pypto-profiling/collectives/a1_alltoallv/harness/all_to_all_v_benchmark.py", line 1067, in run_benchmark
    host_slots, slot_rank = _timed_session(
                            ^^^^^^^^^^^^^^^
  File "/opt/pypto-profiling/collectives/a1_alltoallv/harness/all_to_all_v_benchmark.py", line 993, in _timed_session
    with compiled.prepare(
         ^^^^^^^^^^^^^^^^^
  File "/opt/pypto/python/pypto/runtime/distributed_runner.py", line 3286, in __exit__
    self.close()
  File "/opt/pypto/python/pypto/runtime/distributed_runner.py", line 3277, in close
    raise first_error
  File "/opt/pypto/python/pypto/runtime/distributed_runner.py", line 3263, in close
    self._w.close()
  File "/opt/pypto/runtime/python/simpler/worker.py", line 12167, in close
    raise result
  File "/opt/pypto/runtime/python/simpler/worker.py", line 12089, in close
    self._teardown_ready_tree()
  File "/opt/pypto/runtime/python/simpler/worker.py", line 12502, in _teardown_ready_tree
    self._teardown_worker_tree(startup_abort=False)
  File "/opt/pypto/runtime/python/simpler/worker.py", line 12385, in _teardown_worker_tree
    raise journal_err
  File "/opt/pypto/runtime/python/simpler/worker.py", line 3909, in drive
    cleanup_fn()
  File "/opt/pypto/runtime/python/simpler/worker.py", line 10285, in _release_all_live_domains
    _raise_first(_release, list(live_domains.values())[::-1])
  File "/opt/pypto/runtime/python/simpler/worker.py", line 1107, in _raise_first
    raise first_error
  File "/opt/pypto/runtime/python/simpler/worker.py", line 1102, in _raise_first
    step(item)
  File "/opt/pypto/runtime/python/simpler/worker.py", line 10280, in _release
    self._release_domain_now(handle)
  File "/opt/pypto/runtime/python/simpler/worker.py", line 9281, in _release_domain_now
    raise result.error
  File "/opt/pypto/runtime/python/simpler/worker.py", line 1339, in invoke
    result.value = operation()
                   ^^^^^^^^^^^
  File "/opt/pypto/runtime/python/simpler/worker.py", line 9265, in release_claim
    self._release_domain_claimed(handle)
  File "/opt/pypto/runtime/python/simpler/worker.py", line 9326, in _release_domain_claimed
    _run_with_owned_shared_memory(
  File "/opt/pypto/runtime/python/simpler/worker.py", line 1643, in _run_with_owned_shared_memory
    raise result.error
  File "/opt/pypto/runtime/python/simpler/worker.py", line 1339, in invoke
    result.value = operation()
                   ^^^^^^^^^^^
  File "/opt/pypto/runtime/python/simpler/worker.py", line 1636, in run_lifecycle
    raise operation_error
  File "/opt/pypto/runtime/python/simpler/worker.py", line 1623, in run_lifecycle
    value = operation(owner)
            ^^^^^^^^^^^^^^^^
  File "/opt/pypto/runtime/python/simpler/worker.py", line 9314, in release
    self._dispatch_control_domain(
  File "/opt/pypto/runtime/python/simpler/worker.py", line 9367, in _dispatch_control_domain
    raise RuntimeError(
RuntimeError: release_domain(allocation_id=0) failed on 4/4 chips; first error chip=0: control_release_domain: child process pid=886958 exited before mailbox completion (exit_status=0)
/usr/local/python3.12.13/lib/python3.12/multiprocessing/resource_tracker.py:279: UserWarning: resource_tracker: There appear to be 4 leaked shared_memory objects to clean up at shutdown
  warnings.warn('resource_tracker: There appear to be %d '

