cmd=/usr/local/python3.12.13/bin/python /opt/pypto-profiling/collectives/a1_alltoallv/harness/all_to_all_v_benchmark.py --ep 4 --peer-bytes 0 --count-pattern uniform --core-num 16 --impl managed-host --rounds 100 --warmup 5 --profile both --swimlane-rounds 8 --platform a2a3 --devices 4,5,6,7 --output-json /opt/pypto-profiling/reports/issue-2521-k3-lane-scaling-2026-09-23/json/p4_l16_managed-host_uniform_0_r0.json --output-dir /opt/pypto-profiling/reports/issue-2521-k3-lane-scaling-2026-09-23/builds/p4_l16_managed-host_uniform_0_r0
rc=-11
----- stdout -----
[a2av-bench] session=timing-slot enter warmup=5 rounds=100

----- stderr -----
[mono_ns=15719436350722322][T0xe17242f8b020][TIMING] clock_anchor: [CLOCK_ANCHOR] v=1 pid=939757 mono_ns=15719436350721582 wall_ns=1790174298296316251
[mono_ns=15719436364100230][T0xe17242f8b020][TIMING] clock_anchor: [CLOCK_ANCHOR] v=1 pid=939783 mono_ns=15719436364100040 wall_ns=1790174298309694399
[mono_ns=15719436378078201][T0xe17242f8b020][TIMING] clock_anchor: [CLOCK_ANCHOR] v=1 pid=939795 mono_ns=15719436378077511 wall_ns=1790174298323671990
[mono_ns=15719436393381566][T0xe17242f8b020][TIMING] clock_anchor: [CLOCK_ANCHOR] v=1 pid=939819 mono_ns=15719436393380756 wall_ns=1790174298338975495
[mono_ns=15719437410481729][T0xe17242f8b020][TIMING] emit_host_span: [STRACE] v=1 pid=939757 tid=939757 inv=0 hid=0 depth=0 name=chip.prewarm.build ts=15719437323553206 dur=86911353 
[mono_ns=15719437419148375][T0xe17242f8b020][TIMING] emit_host_span: [STRACE] v=1 pid=939795 tid=939795 inv=0 hid=0 depth=0 name=chip.prewarm.build ts=15719437340827156 dur=78307769 
[chip_process pid=939757 dev=4] ready
[mono_ns=15719437433437246][T0xe17242f8b020][TIMING] emit_host_span: [STRACE] v=1 pid=939783 tid=939783 inv=0 hid=0 depth=0 name=chip.prewarm.build ts=15719437346775744 dur=86639212 
[chip_process pid=939795 dev=6] ready
[chip_process pid=939783 dev=5] ready
[mono_ns=15719437459369752][T0xe17242f8b020][TIMING] emit_host_span: [STRACE] v=1 pid=939819 tid=939819 inv=0 hid=0 depth=0 name=chip.prewarm.build ts=15719437375141086 dur=84214056 
[chip_process pid=939819 dev=7] ready
[mono_ns=15719437477364864][T0xe17242f8b020][TIMING] clock_anchor: [CLOCK_ANCHOR] v=1 pid=906937 mono_ns=15719437477364044 wall_ns=1790174299422958793
[mono_ns=15719439760792084][T0xe17242f8b020][TIMING] emit_host_span: [STRACE] v=1 pid=906937 tid=906937 inv=1 hid=fd58faa279022e5d depth=0 name=node.submit ts=15719439760718403 dur=60781 run_id=1 task_slot=0 group_index=0 group_size=1 worker_id=0 role=facade
[mono_ns=15719439760874474][T0xe1708682cca0][TIMING] emit_host_span: [STRACE] v=1 pid=906937 tid=943807 inv=1 hid=fd58faa279022e5d depth=0 name=node.frame_submit ts=15719439760841784 dur=19680 run_id=1 task_slot=0 group_index=0 worker_id=0 dispatch_id=1 endpoint_kind=local_mailbox prepare_only=0 role=worker
[mono_ns=15719439760889814][T0xe1708682cca0][TIMING] emit_host_span: [STRACE] v=1 pid=906937 tid=943807 inv=1 hid=fd58faa279022e5d depth=0 name=node.dispatch ts=15719439760823014 dur=58930 run_id=1 task_slot=0 group_index=0 worker_id=0 dispatch_id=1 endpoint_kind=local_mailbox prepare_only=0 role=scheduler slot_id=0 generation=1
[mono_ns=15719439760906474][T0xe1708682cca0][TIMING] emit_host_span: [STRACE] v=1 pid=906937 tid=943807 inv=0 hid=0 depth=0 name=node.scheduler_loop ts=15719439760800794 dur=97180 role=scheduler drained=0 dispatched=1 drain_ns=4890 spins=2
[mono_ns=15719439761076844][T0xe17242f8b020][TIMING] emit_host_span: [STRACE] v=1 pid=906937 tid=906937 inv=1 hid=fd58faa279022e5d depth=0 name=node.submit ts=15719439761044924 dur=26460 run_id=1 task_slot=1 group_index=0 group_size=1 worker_id=1 role=facade
[mono_ns=15719439761114865][T0xe1708682cca0][TIMING] emit_host_span: [STRACE] v=1 pid=906937 tid=943807 inv=1 hid=fd58faa279022e5d depth=0 name=node.frame_submit ts=15719439761096144 dur=14740 run_id=1 task_slot=1 group_index=0 worker_id=1 dispatch_id=1 endpoint_kind=local_mailbox prepare_only=0 role=worker
[mono_ns=15719439761125825][T0xe1708682cca0][TIMING] emit_host_span: [STRACE] v=1 pid=906937 tid=943807 inv=1 hid=fd58faa279022e5d depth=0 name=node.dispatch ts=15719439761092244 dur=27231 run_id=1 task_slot=1 group_index=0 worker_id=1 dispatch_id=1 endpoint_kind=local_mailbox prepare_only=0 role=scheduler slot_id=0 generation=1
[mono_ns=15719439761134125][T0xe1708682cca0][TIMING] emit_host_span: [STRACE] v=1 pid=906937 tid=943807 inv=0 hid=0 depth=0 name=node.scheduler_loop ts=15719439761052644 dur=77631 role=scheduler drained=0 dispatched=1 drain_ns=660 spins=67
[mono_ns=15719439761306725][T0xe17242f8b020][TIMING] emit_host_span: [STRACE] v=1 pid=906937 tid=906937 inv=1 hid=fd58faa279022e5d depth=0 name=node.submit ts=15719439761291605 dur=9570 run_id=1 task_slot=2 group_index=0 group_size=1 worker_id=2 role=facade
[mono_ns=15719439761325945][T0xe1708682cca0][TIMING] emit_host_span: [STRACE] v=1 pid=906937 tid=943807 inv=1 hid=fd58faa279022e5d depth=0 name=node.frame_submit ts=15719439761311165 dur=11230 run_id=1 task_slot=2 group_index=0 worker_id=2 dispatch_id=1 endpoint_kind=local_mailbox prepare_only=0 role=worker
[mono_ns=15719439761334775][T0xe1708682cca0][TIMING] emit_host_span: [STRACE] v=1 pid=906937 tid=943807 inv=1 hid=fd58faa279022e5d depth=0 name=node.dispatch ts=15719439761308115 dur=21730 run_id=1 task_slot=2 group_index=0 worker_id=2 dispatch_id=1 endpoint_kind=local_mailbox prepare_only=0 role=scheduler slot_id=0 generation=1
[mono_ns=15719439761342375][T0xe1708682cca0][TIMING] emit_host_span: [STRACE] v=1 pid=906937 tid=943807 inv=0 hid=0 depth=0 name=node.scheduler_loop ts=15719439761296255 dur=42370 role=scheduler drained=0 dispatched=1 drain_ns=710 spins=82
[mono_ns=15719439761517546][T0xe17242f8b020][TIMING] emit_host_span: [STRACE] v=1 pid=906937 tid=906937 inv=1 hid=fd58faa279022e5d depth=0 name=node.submit ts=15719439761483206 dur=16790 run_id=1 task_slot=3 group_index=0 group_size=1 worker_id=3 role=facade
[mono_ns=15719439761523206][T0xe1708682cca0][TIMING] emit_host_span: [STRACE] v=1 pid=906937 tid=943807 inv=1 hid=fd58faa279022e5d depth=0 name=node.frame_submit ts=15719439761510166 dur=9580 run_id=1 task_slot=3 group_index=0 worker_id=3 dispatch_id=1 endpoint_kind=local_mailbox prepare_only=0 role=worker
[mono_ns=15719439761530566][T0xe1708682cca0][TIMING] emit_host_span: [STRACE] v=1 pid=906937 tid=943807 inv=1 hid=fd58faa279022e5d depth=0 name=node.dispatch ts=15719439761507236 dur=18500 run_id=1 task_slot=3 group_index=0 worker_id=3 dispatch_id=1 endpoint_kind=local_mailbox prepare_only=0 role=scheduler slot_id=0 generation=1
[mono_ns=15719439761538396][T0xe1708682cca0][TIMING] emit_host_span: [STRACE] v=1 pid=906937 tid=943807 inv=0 hid=0 depth=0 name=node.scheduler_loop ts=15719439761495296 dur=39840 role=scheduler drained=0 dispatched=1 drain_ns=760 spins=74
[mono_ns=15719439761732386][T0xe17242f8b020][TIMING] emit_host_span: [STRACE] v=1 pid=906937 tid=906937 inv=1 hid=287224a725b97b98 depth=0 name=node.submit ts=15719439761719536 dur=7540 run_id=1 task_slot=4 group_index=0 group_size=1 worker_id=0 role=facade
[mono_ns=15719439761904687][T0xe17242f8b020][TIMING] emit_host_span: [STRACE] v=1 pid=906937 tid=906937 inv=1 hid=287224a725b97b98 depth=0 name=node.submit ts=15719439761889637 dur=9690 run_id=1 task_slot=5 group_index=0 group_size=1 worker_id=1 role=facade
[mono_ns=15719439762071337][T0xe17242f8b020][TIMING] emit_host_span: [STRACE] v=1 pid=906937 tid=906937 inv=1 hid=287224a725b97b98 depth=0 name=node.submit ts=15719439762060137 dur=6290 run_id=1 task_slot=6 group_index=0 group_size=1 worker_id=2 role=facade
[mono_ns=15719439762227428][T0xe17242f8b020][TIMING] emit_host_span: [STRACE] v=1 pid=906937 tid=906937 inv=1 hid=287224a725b97b98 depth=0 name=node.submit ts=15719439762217118 dur=5740 run_id=1 task_slot=7 group_index=0 group_size=1 worker_id=3 role=facade
[mono_ns=15719439762323828][T0xe17242f8b020][TIMING] emit_host_span: [STRACE] v=1 pid=939757 tid=939757 inv=1 hid=56559627600314ae depth=2 name=chip.run.bind.args ts=15719439762313578 dur=2230 
[mono_ns=15719439762329108][T0xe17242f8b020][TIMING] emit_host_span: [STRACE] v=1 pid=939783 tid=939783 inv=1 hid=56559627600314ae depth=2 name=chip.run.bind.args ts=15719439762321378 dur=1360 
[mono_ns=15719439762347448][T0xe17242f8b020][TIMING] emit_host_span: [STRACE] v=1 pid=939783 tid=939783 inv=1 hid=56559627600314ae depth=2 name=chip.run.bind.prebuilt ts=15719439762342378 dur=1890 
[mono_ns=15719439762346318][T0xe17242f8b020][TIMING] emit_host_span: [STRACE] v=1 pid=939757 tid=939757 inv=1 hid=56559627600314ae depth=2 name=chip.run.bind.prebuilt ts=15719439762339208 dur=3830 
[mono_ns=15719439762353008][T0xe17242f8b020][TIMING] emit_host_span: [STRACE] v=1 pid=939783 tid=939783 inv=1 hid=56559627600314ae depth=1 name=chip.run.bind ts=15719439762222738 dur=127420 
[mono_ns=15719439762351818][T0xe17242f8b020][TIMING] emit_host_span: [STRACE] v=1 pid=939757 tid=939757 inv=1 hid=56559627600314ae depth=1 name=chip.run.bind ts=15719439762222868 dur=126300 
[mono_ns=15719439762357418][T0xe17242f8b020][TIMING] emit_host_span: [STRACE] v=1 pid=939783 tid=939783 inv=1 hid=56559627600314ae depth=1 name=chip.run.publish_image ts=15719439762355458 dur=110 
[mono_ns=15719439762356368][T0xe17242f8b020][TIMING] emit_host_span: [STRACE] v=1 pid=939757 tid=939757 inv=1 hid=56559627600314ae depth=1 name=chip.run.publish_image ts=15719439762353948 dur=300 
[mono_ns=15719439762416988][T0xe17242f8b020][TIMING] emit_host_span: [STRACE] v=1 pid=906937 tid=906937 inv=1 hid=909f69f1295a0d8e depth=0 name=node.submit ts=15719439762373748 dur=37870 run_id=1 task_slot=8 group_index=0 group_size=1 worker_id=0 role=facade
[mono_ns=15719439762405078][T0xe17242f8b020][TIMING] emit_host_span: [STRACE] v=1 pid=939795 tid=939795 inv=1 hid=56559627600314ae depth=2 name=chip.run.bind.args ts=15719439762398878 dur=1190 
[mono_ns=15719439762422158][T0xe17242f8b020][TIMING] emit_host_span: [STRACE] v=1 pid=939795 tid=939795 inv=1 hid=56559627600314ae depth=2 name=chip.run.bind.prebuilt ts=15719439762417548 dur=2050 
[mono_ns=15719439762427418][T0xe17242f8b020][TIMING] emit_host_span: [STRACE] v=1 pid=939795 tid=939795 inv=1 hid=56559627600314ae depth=1 name=chip.run.bind ts=15719439762317078 dur=107850 
[mono_ns=15719439762431848][T0xe17242f8b020][TIMING] emit_host_span: [STRACE] v=1 pid=939795 tid=939795 inv=1 hid=56559627600314ae depth=1 name=chip.run.publish_image ts=15719439762429838 dur=90 
[mono_ns=15719439762558469][T0xe17242f8b020][TIMING] emit_host_span: [STRACE] v=1 pid=906937 tid=906937 inv=1 hid=909f69f1295a0d8e depth=0 name=node.submit ts=15719439762535529 dur=18670 run_id=1 task_slot=9 group_index=0 group_size=1 worker_id=1 role=facade
[mono_ns=15719439762714679][T0xe17242f8b020][TIMING] emit_host_span: [STRACE] v=1 pid=906937 tid=906937 inv=1 hid=909f69f1295a0d8e depth=0 name=node.submit ts=15719439762683049 dur=20500 run_id=1 task_slot=10 group_index=0 group_size=1 worker_id=2 role=facade
[mono_ns=15719439762740739][T0xe17242f8b020][TIMING] emit_host_span: [STRACE] v=1 pid=939819 tid=939819 inv=1 hid=56559627600314ae depth=2 name=chip.run.bind.args ts=15719439762730229 dur=2460 
[mono_ns=15719439762759129][T0xe17242f8b020][TIMING] emit_host_span: [STRACE] v=1 pid=939819 tid=939819 inv=1 hid=56559627600314ae depth=2 name=chip.run.bind.prebuilt ts=15719439762752739 dur=3780 
[mono_ns=15719439762765499][T0xe17242f8b020][TIMING] emit_host_span: [STRACE] v=1 pid=939819 tid=939819 inv=1 hid=56559627600314ae depth=1 name=chip.run.bind ts=15719439762639699 dur=122540 
[mono_ns=15719439762769599][T0xe17242f8b020][TIMING] emit_host_span: [STRACE] v=1 pid=939819 tid=939819 inv=1 hid=56559627600314ae depth=1 name=chip.run.publish_image ts=15719439762767359 dur=240 
[mono_ns=15719439762859420][T0xe17242f8b020][TIMING] emit_host_span: [STRACE] v=1 pid=906937 tid=906937 inv=1 hid=909f69f1295a0d8e depth=0 name=node.submit ts=15719439762835020 dur=20160 run_id=1 task_slot=11 group_index=0 group_size=1 worker_id=3 role=facade
[mono_ns=15719439763149350][T0xe17242f8b020][TIMING] emit_host_span: [STRACE] v=1 pid=906937 tid=906937 inv=1 hid=d4674d55c9811c94 depth=0 name=node.submit ts=15719439763127840 dur=16450 run_id=1 task_slot=12 group_index=0 group_size=1 worker_id=0 role=facade
[mono_ns=15719439763359751][T0xe17242f8b020][TIMING] emit_host_span: [STRACE] v=1 pid=906937 tid=906937 inv=1 hid=d4674d55c9811c94 depth=0 name=node.submit ts=15719439763329201 dur=10640 run_id=1 task_slot=13 group_index=0 group_size=1 worker_id=1 role=facade
[mono_ns=15719439763537762][T0xe17242f8b020][TIMING] emit_host_span: [STRACE] v=1 pid=906937 tid=906937 inv=1 hid=d4674d55c9811c94 depth=0 name=node.submit ts=15719439763526062 dur=7000 run_id=1 task_slot=14 group_index=0 group_size=1 worker_id=2 role=facade
[mono_ns=15719439763707142][T0xe17242f8b020][TIMING] emit_host_span: [STRACE] v=1 pid=906937 tid=906937 inv=1 hid=d4674d55c9811c94 depth=0 name=node.submit ts=15719439763694992 dur=6650 run_id=1 task_slot=15 group_index=0 group_size=1 worker_id=3 role=facade
[mono_ns=15719439763755002][T0xe17242f8b020][TIMING] emit_host_span: [STRACE] v=1 pid=906937 tid=906937 inv=1 hid=0 depth=0 name=node.graph_build ts=15719437480103772 dur=2283635330 run_id=1 role=facade
[mono_ns=15719439763803772][T0xe17242f8b020][TIMING] emit_host_span: [STRACE] v=1 pid=939795 tid=939795 inv=1 hid=56559627600314ae depth=1 name=chip.run.stage_inputs ts=15719439762434018 dur=1364164 
[mono_ns=15719439763831482][T0xe17242f8b020][TIMING] emit_host_span: [STRACE] v=1 pid=939819 tid=939819 inv=1 hid=56559627600314ae depth=1 name=chip.run.stage_inputs ts=15719439762771289 dur=1055203 
[mono_ns=15719439763848252][T0xe17242f8b020][TIMING] emit_host_span: [STRACE] v=1 pid=939783 tid=939783 inv=1 hid=56559627600314ae depth=1 name=chip.run.stage_inputs ts=15719439762359978 dur=1482204 
[mono_ns=15719439763888423][T0xe17242f8b020][TIMING] emit_host_span: [STRACE] v=1 pid=939757 tid=939757 inv=1 hid=56559627600314ae depth=1 name=chip.run.stage_inputs ts=15719439762358548 dur=1522675 
[mono_ns=15719439764323504][T0xe17242f8b020][TIMING] emit_host_span: [STRACE] v=1 pid=939819 tid=939819 inv=1 hid=56559627600314ae depth=1 name=chip.run.prepare_execution ts=15719439763840462 dur=478392 
[mono_ns=15719439764347864][T0xe17242f8b020][TIMING] emit_host_span: [STRACE] v=1 pid=939795 tid=939795 inv=1 hid=56559627600314ae depth=1 name=chip.run.prepare_execution ts=15719439763814362 dur=528282 
[mono_ns=15719439764351824][T0xe17242f8b020][TIMING] emit_host_span: [STRACE] v=1 pid=939783 tid=939783 inv=1 hid=56559627600314ae depth=1 name=chip.run.prepare_execution ts=15719439763857422 dur=488112 
[mono_ns=15719439764356004][T0xe17242f8b020][TIMING] emit_host_span: [STRACE] v=1 pid=939757 tid=939757 inv=1 hid=56559627600314ae depth=1 name=chip.run.prepare_execution ts=15719439763899533 dur=452111 
[mono_ns=15719439769834450][T0xe17242f8b020][TIMING] emit_host_span: [STRACE] v=1 pid=939819 tid=939819 inv=1 hid=56559627600314ae depth=1 name=chip.run.runner_run ts=15719439764335934 dur=5492716 
[mono_ns=15719439769843730][T0xe17242f8b020][TIMING] emit_host_span: [STRACE] v=1 pid=939757 tid=939757 inv=1 hid=56559627600314ae depth=1 name=chip.run.runner_run ts=15719439764367504 dur=5469476 
[mono_ns=15719439769884740][T0xe17242f8b020][TIMING] emit_host_span: [STRACE] v=1 pid=939795 tid=939795 inv=1 hid=56559627600314ae depth=1 name=chip.run.runner_run ts=15719439764359784 dur=5520086 
[mono_ns=15719439769895240][T0xe17242f8b020][TIMING] emit_host_span: [STRACE] v=1 pid=939819 tid=939819 inv=1 hid=56559627600314ae depth=1 name=chip.run.validate ts=15719439769872190 dur=20010 
[mono_ns=15719439769905710][T0xe17242f8b020][TIMING] emit_host_span: [STRACE] v=1 pid=939819 tid=939819 inv=1 hid=56559627600314ae depth=2 name=chip.run.runner_run.device_wall ts=0 dur=803140 clk=dev dev_id=7 dev_start_cycle=677493407283300 dev_end_cycle=677493407323457 dev_cnt_hz=50000000
[mono_ns=15719439769909830][T0xe17242f8b020][TIMING] emit_host_span: [STRACE] v=1 pid=939819 tid=939819 inv=1 hid=56559627600314ae depth=3 name=chip.run.runner_run.device_wall.preamble ts=0 dur=163360 clk=dev
[mono_ns=15719439769900800][T0xe17242f8b020][TIMING] emit_host_span: [STRACE] v=1 pid=939757 tid=939757 inv=1 hid=56559627600314ae depth=1 name=chip.run.validate ts=15719439769878980 dur=18690 
[mono_ns=15719439769913180][T0xe17242f8b020][TIMING] emit_host_span: [STRACE] v=1 pid=939819 tid=939819 inv=1 hid=56559627600314ae depth=3 name=chip.run.runner_run.device_wall.graph_build ts=39560 dur=740640 clk=dev
[mono_ns=15719439769912560][T0xe17242f8b020][TIMING] emit_host_span: [STRACE] v=1 pid=939757 tid=939757 inv=1 hid=56559627600314ae depth=2 name=chip.run.runner_run.device_wall ts=0 dur=817600 clk=dev dev_id=4 dev_start_cycle=677493446078632 dev_end_cycle=677493446119512 dev_cnt_hz=50000000
[mono_ns=15719439769917190][T0xe17242f8b020][TIMING] emit_host_span: [STRACE] v=1 pid=939819 tid=939819 inv=1 hid=56559627600314ae depth=3 name=chip.run.runner_run.device_wall.config_validate ts=45380 dur=3040 clk=dev
[mono_ns=15719439769917440][T0xe17242f8b020][TIMING] emit_host_span: [STRACE] v=1 pid=939757 tid=939757 inv=1 hid=56559627600314ae depth=3 name=chip.run.runner_run.device_wall.preamble ts=0 dur=171299 clk=dev
[mono_ns=15719439769920440][T0xe17242f8b020][TIMING] emit_host_span: [STRACE] v=1 pid=939819 tid=939819 inv=1 hid=56559627600314ae depth=3 name=chip.run.runner_run.device_wall.arena_wire ts=48480 dur=11280 clk=dev
[mono_ns=15719439769921770][T0xe17242f8b020][TIMING] emit_host_span: [STRACE] v=1 pid=939757 tid=939757 inv=1 hid=56559627600314ae depth=3 name=chip.run.runner_run.device_wall.graph_build ts=40980 dur=753220 clk=dev
[mono_ns=15719439769923270][T0xe17242f8b020][TIMING] emit_host_span: [STRACE] v=1 pid=939819 tid=939819 inv=1 hid=56559627600314ae depth=3 name=chip.run.runner_run.device_wall.sm_reset ts=59780 dur=14900 clk=dev
[mono_ns=15719439769926360][T0xe17242f8b020][TIMING] emit_host_span: [STRACE] v=1 pid=939757 tid=939757 inv=1 hid=56559627600314ae depth=3 name=chip.run.runner_run.device_wall.config_validate ts=46100 dur=1980 clk=dev
[mono_ns=15719439769926710][T0xe17242f8b020][TIMING] emit_host_span: [STRACE] v=1 pid=939819 tid=939819 inv=1 hid=56559627600314ae depth=3 name=chip.run.runner_run.device_wall.post_orch ts=780300 dur=16000 clk=dev
[mono_ns=15719439769931810][T0xe17242f8b020][TIMING] emit_host_span: [STRACE] v=1 pid=939757 tid=939757 inv=1 hid=56559627600314ae depth=3 name=chip.run.runner_run.device_wall.arena_wire ts=48120 dur=11879 clk=dev
[mono_ns=15719439769929910][T0xe17242f8b020][TIMING] emit_host_span: [STRACE] v=1 pid=939819 tid=939819 inv=1 hid=56559627600314ae depth=3 name=chip.run.runner_run.device_wall.orch ts=75600 dur=26960 clk=dev
[mono_ns=15719439769933400][T0xe17242f8b020][TIMING] emit_host_span: [STRACE] v=1 pid=939819 tid=939819 inv=1 hid=56559627600314ae depth=3 name=chip.run.runner_run.device_wall.sched ts=164880 dur=587780 clk=dev
[mono_ns=15719439769937920][T0xe17242f8b020][TIMING] emit_host_span: [STRACE] v=1 pid=939795 tid=939795 inv=1 hid=56559627600314ae depth=1 name=chip.run.validate ts=15719439769917660 dur=17280 
[mono_ns=15719439769936060][T0xe17242f8b020][TIMING] emit_host_span: [STRACE] v=1 pid=939757 tid=939757 inv=1 hid=56559627600314ae depth=3 name=chip.run.runner_run.device_wall.sm_reset ts=60040 dur=12900 clk=dev
[mono_ns=15719439769948170][T0xe17242f8b020][TIMING] emit_host_span: [STRACE] v=1 pid=939795 tid=939795 inv=1 hid=56559627600314ae depth=2 name=chip.run.runner_run.device_wall ts=0 dur=836100 clk=dev dev_id=6 dev_start_cycle=677493420490629 dev_end_cycle=677493420532434 dev_cnt_hz=50000000
[mono_ns=15719439769937950][T0xe17242f8b020][TIMING] emit_host_span: [STRACE] v=1 pid=939819 tid=939819 inv=1 hid=56559627600314ae depth=1 name=chip.run.claim_release ts=15719439769935690 dur=310 
[mono_ns=15719439769940120][T0xe17242f8b020][TIMING] emit_host_span: [STRACE] v=1 pid=939757 tid=939757 inv=1 hid=56559627600314ae depth=3 name=chip.run.runner_run.device_wall.post_orch ts=794300 dur=16820 clk=dev
[mono_ns=15719439769952660][T0xe17242f8b020][TIMING] emit_host_span: [STRACE] v=1 pid=939795 tid=939795 inv=1 hid=56559627600314ae depth=3 name=chip.run.runner_run.device_wall.preamble ts=0 dur=165579 clk=dev
[mono_ns=15719439769942410][T0xe17242f8b020][TIMING] emit_host_span: [STRACE] v=1 pid=939819 tid=939819 inv=1 hid=56559627600314ae depth=0 name=chip.run ts=15719439762607209 dur=7333201 run_id=1 dispatch_id=1 slot_id=0 generation=1 run_epoch=1
[mono_ns=15719439769957020][T0xe17242f8b020][TIMING] emit_host_span: [STRACE] v=1 pid=939795 tid=939795 inv=1 hid=56559627600314ae depth=3 name=chip.run.runner_run.device_wall.graph_build ts=40840 dur=773140 clk=dev
[mono_ns=15719439769943250][T0xe17242f8b020][TIMING] emit_host_span: [STRACE] v=1 pid=939757 tid=939757 inv=1 hid=56559627600314ae depth=3 name=chip.run.runner_run.device_wall.orch ts=73860 dur=25500 clk=dev
[mono_ns=15719439769961550][T0xe17242f8b020][TIMING] emit_host_span: [STRACE] v=1 pid=939795 tid=939795 inv=1 hid=56559627600314ae depth=3 name=chip.run.runner_run.device_wall.config_validate ts=46100 dur=3180 clk=dev
[mono_ns=15719439769948310][T0xe17242f8b020][TIMING] emit_host_span: [STRACE] v=1 pid=939757 tid=939757 inv=1 hid=56559627600314ae depth=3 name=chip.run.runner_run.device_wall.sched ts=172859 dur=595040 clk=dev
[mono_ns=15719439769966450][T0xe17242f8b020][TIMING] emit_host_span: [STRACE] v=1 pid=939795 tid=939795 inv=1 hid=56559627600314ae depth=3 name=chip.run.runner_run.device_wall.arena_wire ts=49300 dur=12480 clk=dev
[mono_ns=15719439769953690][T0xe17242f8b020][TIMING] emit_host_span: [STRACE] v=1 pid=939757 tid=939757 inv=1 hid=56559627600314ae depth=1 name=chip.run.claim_release ts=15719439769951460 dur=320 
[mono_ns=15719439769959860][T0xe17242f8b020][TIMING] emit_host_span: [STRACE] v=1 pid=939757 tid=939757 inv=1 hid=56559627600314ae depth=0 name=chip.run ts=15719439762171398 dur=7786442 run_id=1 dispatch_id=1 slot_id=0 generation=1 run_epoch=1
[mono_ns=15719439769970770][T0xe17242f8b020][TIMING] emit_host_span: [STRACE] v=1 pid=939795 tid=939795 inv=1 hid=56559627600314ae depth=3 name=chip.run.runner_run.device_wall.sm_reset ts=61820 dur=14860 clk=dev
[mono_ns=15719439769973750][T0xe17242f8b020][TIMING] emit_host_span: [STRACE] v=1 pid=939795 tid=939795 inv=1 hid=56559627600314ae depth=3 name=chip.run.runner_run.device_wall.post_orch ts=814060 dur=14719 clk=dev
[mono_ns=15719439769976820][T0xe17242f8b020][TIMING] emit_host_span: [STRACE] v=1 pid=939795 tid=939795 inv=1 hid=56559627600314ae depth=3 name=chip.run.runner_run.device_wall.orch ts=77580 dur=30660 clk=dev
[mono_ns=15719439769980960][T0xe17242f8b020][TIMING] emit_host_span: [STRACE] v=1 pid=939795 tid=939795 inv=1 hid=56559627600314ae depth=3 name=chip.run.runner_run.device_wall.sched ts=167280 dur=619300 clk=dev
[mono_ns=15719439769986050][T0xe17242f8b020][TIMING] emit_host_span: [STRACE] v=1 pid=939795 tid=939795 inv=1 hid=56559627600314ae depth=1 name=chip.run.claim_release ts=15719439769984100 dur=260 
[mono_ns=15719439769983310][T0xe1708682cca0][TIMING] emit_host_span: [STRACE] v=1 pid=906937 tid=943807 inv=1 hid=fd58faa279022e5d depth=0 name=node.complete ts=15719439769972710 dur=6530 run_id=1 task_slot=3 group_index=0 worker_id=3 dispatch_id=1 endpoint_kind=local_mailbox prepare_only=0 role=worker outcome=0
[mono_ns=15719439769992560][T0xe17242f8b020][TIMING] emit_host_span: [STRACE] v=1 pid=939795 tid=939795 inv=1 hid=56559627600314ae depth=0 name=chip.run ts=15719439762288938 dur=7701742 run_id=1 dispatch_id=1 slot_id=0 generation=1 run_epoch=1
[mono_ns=15719439770000020][T0xe1708682cca0][TIMING] emit_host_span: [STRACE] v=1 pid=906937 tid=943807 inv=1 hid=287224a725b97b98 depth=0 name=node.frame_submit ts=15719439769995770 dur=970 run_id=1 task_slot=7 group_index=0 worker_id=3 dispatch_id=2 endpoint_kind=local_mailbox prepare_only=0 role=worker
[mono_ns=15719439770017750][T0xe1708682cca0][TIMING] emit_host_span: [STRACE] v=1 pid=906937 tid=943807 inv=1 hid=287224a725b97b98 depth=0 name=node.dispatch ts=15719439769993040 dur=19770 run_id=1 task_slot=7 group_index=0 worker_id=3 dispatch_id=2 endpoint_kind=local_mailbox prepare_only=0 role=scheduler slot_id=0 generation=1
[mono_ns=15719439770024050][T0xe1708682cca0][TIMING] emit_host_span: [STRACE] v=1 pid=906937 tid=943807 inv=0 hid=0 depth=0 name=node.scheduler_loop ts=15719439769966340 dur=54030 role=scheduler drained=1 dispatched=1 drain_ns=24920 spins=4388
[mono_ns=15719439770032870][T0xe1708682cca0][TIMING] emit_host_span: [STRACE] v=1 pid=906937 tid=943807 inv=1 hid=fd58faa279022e5d depth=0 name=node.complete ts=15719439770028660 dur=500 run_id=1 task_slot=0 group_index=0 worker_id=0 dispatch_id=1 endpoint_kind=local_mailbox prepare_only=0 role=worker outcome=0
[mono_ns=15719439770075131][T0xe17242f8b020][TIMING] emit_host_span: [STRACE] v=1 pid=939783 tid=939783 inv=1 hid=56559627600314ae depth=1 name=chip.run.runner_run ts=15719439764364044 dur=5704567 
[mono_ns=15719439770040760][T0xe1708682cca0][TIMING] emit_host_span: [STRACE] v=1 pid=906937 tid=943807 inv=1 hid=fd58faa279022e5d depth=0 name=node.complete ts=15719439770037340 dur=390 run_id=1 task_slot=2 group_index=0 worker_id=2 dispatch_id=1 endpoint_kind=local_mailbox prepare_only=0 role=worker outcome=0
[mono_ns=15719439770054701][T0xe1708682cca0][TIMING] emit_host_span: [STRACE] v=1 pid=906937 tid=943807 inv=1 hid=287224a725b97b98 depth=0 name=node.frame_submit ts=15719439770050091 dur=1640 run_id=1 task_slot=4 group_index=0 worker_id=0 dispatch_id=2 endpoint_kind=local_mailbox prepare_only=0 role=worker
[mono_ns=15719439770060881][T0xe1708682cca0][TIMING] emit_host_span: [STRACE] v=1 pid=906937 tid=943807 inv=1 hid=287224a725b97b98 depth=0 name=node.dispatch ts=15719439770047801 dur=8860 run_id=1 task_slot=4 group_index=0 worker_id=0 dispatch_id=2 endpoint_kind=local_mailbox prepare_only=0 role=scheduler slot_id=0 generation=1
[mono_ns=15719439770069791][T0xe1708682cca0][TIMING] emit_host_span: [STRACE] v=1 pid=906937 tid=943807 inv=1 hid=287224a725b97b98 depth=0 name=node.frame_submit ts=15719439770065731 dur=1230 run_id=1 task_slot=6 group_index=0 worker_id=2 dispatch_id=2 endpoint_kind=local_mailbox prepare_only=0 role=worker
[mono_ns=15719439770075871][T0xe1708682cca0][TIMING] emit_host_span: [STRACE] v=1 pid=906937 tid=943807 inv=1 hid=287224a725b97b98 depth=0 name=node.dispatch ts=15719439770063561 dur=8160 run_id=1 task_slot=6 group_index=0 worker_id=2 dispatch_id=2 endpoint_kind=local_mailbox prepare_only=0 role=scheduler slot_id=0 generation=1
[mono_ns=15719439770081141][T0xe1708682cca0][TIMING] emit_host_span: [STRACE] v=1 pid=906937 tid=943807 inv=0 hid=0 depth=0 name=node.scheduler_loop ts=15719439770026000 dur=52061 role=scheduler drained=2 dispatched=2 drain_ns=20381 spins=0
[mono_ns=15719439770130221][T0xe17242f8b020][TIMING] emit_host_span: [STRACE] v=1 pid=939783 tid=939783 inv=1 hid=56559627600314ae depth=1 name=chip.run.validate ts=15719439770110271 dur=16730 
[mono_ns=15719439770141161][T0xe17242f8b020][TIMING] emit_host_span: [STRACE] v=1 pid=939783 tid=939783 inv=1 hid=56559627600314ae depth=2 name=chip.run.runner_run.device_wall ts=0 dur=801780 clk=dev dev_id=5 dev_start_cycle=677493433297734 dev_end_cycle=677493433337823 dev_cnt_hz=50000000
[mono_ns=15719439770145681][T0xe17242f8b020][TIMING] emit_host_span: [STRACE] v=1 pid=939783 tid=939783 inv=1 hid=56559627600314ae depth=3 name=chip.run.runner_run.device_wall.preamble ts=0 dur=160420 clk=dev
[mono_ns=15719439770149961][T0xe17242f8b020][TIMING] emit_host_span: [STRACE] v=1 pid=939783 tid=939783 inv=1 hid=56559627600314ae depth=3 name=chip.run.runner_run.device_wall.graph_build ts=38880 dur=739940 clk=dev
[mono_ns=15719439770153841][T0xe17242f8b020][TIMING] emit_host_span: [STRACE] v=1 pid=939783 tid=939783 inv=1 hid=56559627600314ae depth=3 name=chip.run.runner_run.device_wall.config_validate ts=44020 dur=2440 clk=dev
[mono_ns=15719439770158971][T0xe17242f8b020][TIMING] emit_host_span: [STRACE] v=1 pid=939783 tid=939783 inv=1 hid=56559627600314ae depth=3 name=chip.run.runner_run.device_wall.arena_wire ts=46500 dur=11420 clk=dev
[mono_ns=15719439770164381][T0xe17242f8b020][TIMING] emit_host_span: [STRACE] v=1 pid=939783 tid=939783 inv=1 hid=56559627600314ae depth=3 name=chip.run.runner_run.device_wall.sm_reset ts=57960 dur=14280 clk=dev
[mono_ns=15719439770172271][T0xe17242f8b020][TIMING] emit_host_span: [STRACE] v=1 pid=939783 tid=939783 inv=1 hid=56559627600314ae depth=3 name=chip.run.runner_run.device_wall.post_orch ts=778900 dur=15659 clk=dev
[mono_ns=15719439770176631][T0xe17242f8b020][TIMING] emit_host_span: [STRACE] v=1 pid=939783 tid=939783 inv=1 hid=56559627600314ae depth=3 name=chip.run.runner_run.device_wall.orch ts=73040 dur=27240 clk=dev
[mono_ns=15719439770180241][T0xe17242f8b020][TIMING] emit_host_span: [STRACE] v=1 pid=939783 tid=939783 inv=1 hid=56559627600314ae depth=3 name=chip.run.runner_run.device_wall.sched ts=161700 dur=591400 clk=dev
[mono_ns=15719439770187371][T0xe17242f8b020][TIMING] emit_host_span: [STRACE] v=1 pid=939783 tid=939783 inv=1 hid=56559627600314ae depth=1 name=chip.run.claim_release ts=15719439770185421 dur=240 
[mono_ns=15719439770197531][T0xe17242f8b020][TIMING] emit_host_span: [STRACE] v=1 pid=939783 tid=939783 inv=1 hid=56559627600314ae depth=0 name=chip.run ts=15719439762171058 dur=8024453 run_id=1 dispatch_id=1 slot_id=0 generation=1 run_epoch=1
[mono_ns=15719439770232651][T0xe1708682cca0][TIMING] emit_host_span: [STRACE] v=1 pid=906937 tid=943807 inv=1 hid=fd58faa279022e5d depth=0 name=node.complete ts=15719439770229101 dur=360 run_id=1 task_slot=1 group_index=0 worker_id=1 dispatch_id=1 endpoint_kind=local_mailbox prepare_only=0 role=worker outcome=0
[mono_ns=15719439770245851][T0xe1708682cca0][TIMING] emit_host_span: [STRACE] v=1 pid=906937 tid=943807 inv=1 hid=287224a725b97b98 depth=0 name=node.frame_submit ts=15719439770241541 dur=1300 run_id=1 task_slot=5 group_index=0 worker_id=1 dispatch_id=2 endpoint_kind=local_mailbox prepare_only=0 role=worker
[mono_ns=15719439770252191][T0xe1708682cca0][TIMING] emit_host_span: [STRACE] v=1 pid=906937 tid=943807 inv=1 hid=287224a725b97b98 depth=0 name=node.dispatch ts=15719439770239231 dur=8770 run_id=1 task_slot=5 group_index=0 worker_id=1 dispatch_id=2 endpoint_kind=local_mailbox prepare_only=0 role=scheduler slot_id=0 generation=1
[mono_ns=15719439770259251][T0xe1708682cca0][TIMING] emit_host_span: [STRACE] v=1 pid=906937 tid=943807 inv=0 hid=0 depth=0 name=node.scheduler_loop ts=15719439770226521 dur=29390 role=scheduler drained=1 dispatched=1 drain_ns=11400 spins=76
[mono_ns=15719439770288831][T0xe17242f8b020][TIMING] emit_host_span: [STRACE] v=1 pid=939819 tid=939819 inv=2 hid=2d47f267fd26b7a4 depth=2 name=chip.run.bind.args ts=15719439770283371 dur=1050 
[mono_ns=15719439770303391][T0xe17242f8b020][TIMING] emit_host_span: [STRACE] v=1 pid=939819 tid=939819 inv=2 hid=2d47f267fd26b7a4 depth=2 name=chip.run.bind.prebuilt ts=15719439770298161 dur=3020 
[mono_ns=15719439770307531][T0xe17242f8b020][TIMING] emit_host_span: [STRACE] v=1 pid=939819 tid=939819 inv=2 hid=2d47f267fd26b7a4 depth=1 name=chip.run.bind ts=15719439770276821 dur=28720 
[mono_ns=15719439770312851][T0xe17242f8b020][TIMING] emit_host_span: [STRACE] v=1 pid=939819 tid=939819 inv=2 hid=2d47f267fd26b7a4 depth=1 name=chip.run.publish_image ts=15719439770310941 dur=90 
[mono_ns=15719439770361361][T0xe17242f8b020][TIMING] emit_host_span: [STRACE] v=1 pid=939795 tid=939795 inv=2 hid=2d47f267fd26b7a4 depth=2 name=chip.run.bind.args ts=15719439770356401 dur=1090 
[mono_ns=15719439770361461][T0xe17242f8b020][TIMING] emit_host_span: [STRACE] v=1 pid=939757 tid=939757 inv=2 hid=2d47f267fd26b7a4 depth=2 name=chip.run.bind.args ts=15719439770356411 dur=1120 
[mono_ns=15719439770377351][T0xe17242f8b020][TIMING] emit_host_span: [STRACE] v=1 pid=939795 tid=939795 inv=2 hid=2d47f267fd26b7a4 depth=2 name=chip.run.bind.prebuilt ts=15719439770372041 dur=3110 
[mono_ns=15719439770377081][T0xe17242f8b020][TIMING] emit_host_span: [STRACE] v=1 pid=939757 tid=939757 inv=2 hid=2d47f267fd26b7a4 depth=2 name=chip.run.bind.prebuilt ts=15719439770373141 dur=1830 
[mono_ns=15719439770381751][T0xe17242f8b020][TIMING] emit_host_span: [STRACE] v=1 pid=939795 tid=939795 inv=2 hid=2d47f267fd26b7a4 depth=1 name=chip.run.bind ts=15719439770349681 dur=30180 
[mono_ns=15719439770382771][T0xe17242f8b020][TIMING] emit_host_span: [STRACE] v=1 pid=939757 tid=939757 inv=2 hid=2d47f267fd26b7a4 depth=1 name=chip.run.bind ts=15719439770349661 dur=30150 
[mono_ns=15719439770386121][T0xe17242f8b020][TIMING] emit_host_span: [STRACE] v=1 pid=939795 tid=939795 inv=2 hid=2d47f267fd26b7a4 depth=1 name=chip.run.publish_image ts=15719439770384261 dur=110 
[mono_ns=15719439770387111][T0xe17242f8b020][TIMING] emit_host_span: [STRACE] v=1 pid=939757 tid=939757 inv=2 hid=2d47f267fd26b7a4 depth=1 name=chip.run.publish_image ts=15719439770385291 dur=80 
[mono_ns=15719439770392882][T0xe17242f8b020][TIMING] emit_host_span: [STRACE] v=1 pid=939819 tid=939819 inv=2 hid=2d47f267fd26b7a4 depth=1 name=chip.run.stage_inputs ts=15719439770318401 dur=71331 
[mono_ns=15719439770465572][T0xe17242f8b020][TIMING] emit_host_span: [STRACE] v=1 pid=939819 tid=939819 inv=2 hid=2d47f267fd26b7a4 depth=1 name=chip.run.prepare_execution ts=15719439770399812 dur=62820 
[mono_ns=15719439770463492][T0xe17242f8b020][TIMING] emit_host_span: [STRACE] v=1 pid=939757 tid=939757 inv=2 hid=2d47f267fd26b7a4 depth=1 name=chip.run.stage_inputs ts=15719439770390142 dur=70050 
[mono_ns=15719439770463502][T0xe17242f8b020][TIMING] emit_host_span: [STRACE] v=1 pid=939795 tid=939795 inv=2 hid=2d47f267fd26b7a4 depth=1 name=chip.run.stage_inputs ts=15719439770389402 dur=70620 
[mono_ns=15719439770531242][T0xe17242f8b020][TIMING] emit_host_span: [STRACE] v=1 pid=939783 tid=939783 inv=2 hid=2d47f267fd26b7a4 depth=2 name=chip.run.bind.args ts=15719439770526652 dur=800 
[mono_ns=15719439770539882][T0xe17242f8b020][TIMING] emit_host_span: [STRACE] v=1 pid=939795 tid=939795 inv=2 hid=2d47f267fd26b7a4 depth=1 name=chip.run.prepare_execution ts=15719439770471572 dur=65350 
[mono_ns=15719439770546562][T0xe17242f8b020][TIMING] emit_host_span: [STRACE] v=1 pid=939783 tid=939783 inv=2 hid=2d47f267fd26b7a4 depth=2 name=chip.run.bind.prebuilt ts=15719439770541622 dur=2730 
[mono_ns=15719439770540782][T0xe17242f8b020][TIMING] emit_host_span: [STRACE] v=1 pid=939757 tid=939757 inv=2 hid=2d47f267fd26b7a4 depth=1 name=chip.run.prepare_execution ts=15719439770471852 dur=65960 
[mono_ns=15719439770551242][T0xe17242f8b020][TIMING] emit_host_span: [STRACE] v=1 pid=939783 tid=939783 inv=2 hid=2d47f267fd26b7a4 depth=1 name=chip.run.bind ts=15719439770520232 dur=28860 
[mono_ns=15719439770555152][T0xe17242f8b020][TIMING] emit_host_span: [STRACE] v=1 pid=939783 tid=939783 inv=2 hid=2d47f267fd26b7a4 depth=1 name=chip.run.publish_image ts=15719439770553162 dur=110 
[mono_ns=15719439770629312][T0xe17242f8b020][TIMING] emit_host_span: [STRACE] v=1 pid=939783 tid=939783 inv=2 hid=2d47f267fd26b7a4 depth=1 name=chip.run.stage_inputs ts=15719439770557682 dur=67310 
[mono_ns=15719439770689622][T0xe17242f8b020][TIMING] emit_host_span: [STRACE] v=1 pid=939819 tid=939819 inv=2 hid=2d47f267fd26b7a4 depth=1 name=chip.run.runner_run ts=15719439770473752 dur=211490 
[mono_ns=15719439770703422][T0xe17242f8b020][TIMING] emit_host_span: [STRACE] v=1 pid=939783 tid=939783 inv=2 hid=2d47f267fd26b7a4 depth=1 name=chip.run.prepare_execution ts=15719439770637262 dur=62930 
[mono_ns=15719439770742143][T0xe17242f8b020][TIMING] emit_host_span: [STRACE] v=1 pid=939819 tid=939819 inv=2 hid=2d47f267fd26b7a4 depth=1 name=chip.run.validate ts=15719439770720762 dur=18771 
[mono_ns=15719439770751613][T0xe17242f8b020][TIMING] emit_host_span: [STRACE] v=1 pid=939819 tid=939819 inv=2 hid=2d47f267fd26b7a4 depth=2 name=chip.run.runner_run.device_wall ts=0 dur=48660 clk=dev dev_id=7 dev_start_cycle=677493407364884 dev_end_cycle=677493407367317 dev_cnt_hz=50000000
[mono_ns=15719439770755733][T0xe17242f8b020][TIMING] emit_host_span: [STRACE] v=1 pid=939819 tid=939819 inv=2 hid=2d47f267fd26b7a4 depth=3 name=chip.run.runner_run.device_wall.preamble ts=0 dur=11320 clk=dev
[mono_ns=15719439770759173][T0xe17242f8b020][TIMING] emit_host_span: [STRACE] v=1 pid=939819 tid=939819 inv=2 hid=2d47f267fd26b7a4 depth=3 name=chip.run.runner_run.device_wall.graph_build ts=2160 dur=34600 clk=dev
[mono_ns=15719439770764163][T0xe17242f8b020][TIMING] emit_host_span: [STRACE] v=1 pid=939819 tid=939819 inv=2 hid=2d47f267fd26b7a4 depth=3 name=chip.run.runner_run.device_wall.config_validate ts=2300 dur=1120 clk=dev
[mono_ns=15719439770772283][T0xe17242f8b020][TIMING] emit_host_span: [STRACE] v=1 pid=939819 tid=939819 inv=2 hid=2d47f267fd26b7a4 depth=3 name=chip.run.runner_run.device_wall.arena_wire ts=3440 dur=640 clk=dev
[mono_ns=15719439770775843][T0xe17242f8b020][TIMING] emit_host_span: [STRACE] v=1 pid=939819 tid=939819 inv=2 hid=2d47f267fd26b7a4 depth=3 name=chip.run.runner_run.device_wall.sm_reset ts=4120 dur=980 clk=dev
[mono_ns=15719439770779283][T0xe17242f8b020][TIMING] emit_host_span: [STRACE] v=1 pid=939819 tid=939819 inv=2 hid=2d47f267fd26b7a4 depth=3 name=chip.run.runner_run.device_wall.post_orch ts=36839 dur=10920 clk=dev
[mono_ns=15719439770773783][T0xe17242f8b020][TIMING] emit_host_span: [STRACE] v=1 pid=939795 tid=939795 inv=2 hid=2d47f267fd26b7a4 depth=1 name=chip.run.runner_run ts=15719439770549252 dur=220241 
[mono_ns=15719439770784033][T0xe17242f8b020][TIMING] emit_host_span: [STRACE] v=1 pid=939819 tid=939819 inv=2 hid=2d47f267fd26b7a4 depth=3 name=chip.run.runner_run.device_wall.orch ts=5140 dur=4420 clk=dev
[mono_ns=15719439770791013][T0xe17242f8b020][TIMING] emit_host_span: [STRACE] v=1 pid=939819 tid=939819 inv=2 hid=2d47f267fd26b7a4 depth=3 name=chip.run.runner_run.device_wall.sched ts=11480 dur=8420 clk=dev
[mono_ns=15719439770795203][T0xe17242f8b020][TIMING] emit_host_span: [STRACE] v=1 pid=939819 tid=939819 inv=2 hid=2d47f267fd26b7a4 depth=1 name=chip.run.claim_release ts=15719439770793273 dur=250 
[mono_ns=15719439770799573][T0xe17242f8b020][TIMING] emit_host_span: [STRACE] v=1 pid=939819 tid=939819 inv=2 hid=2d47f267fd26b7a4 depth=0 name=chip.run ts=15719439770260891 dur=536802 run_id=1 dispatch_id=2 slot_id=0 generation=1 run_epoch=2
[mono_ns=15719439770788923][T0xe17242f8b020][TIMING] emit_host_span: [STRACE] v=1 pid=939757 tid=939757 inv=2 hid=2d47f267fd26b7a4 depth=1 name=chip.run.runner_run ts=15719439770550302 dur=234491 
[mono_ns=15719439770826243][T0xe1708682cca0][TIMING] emit_host_span: [STRACE] v=1 pid=906937 tid=943807 inv=1 hid=287224a725b97b98 depth=0 name=node.complete ts=15719439770822743 dur=350 run_id=1 task_slot=7 group_index=0 worker_id=3 dispatch_id=2 endpoint_kind=local_mailbox prepare_only=0 role=worker outcome=0
[mono_ns=15719439770822703][T0xe17242f8b020][TIMING] emit_host_span: [STRACE] v=1 pid=939795 tid=939795 inv=2 hid=2d47f267fd26b7a4 depth=1 name=chip.run.validate ts=15719439770803173 dur=16750 
[mono_ns=15719439770839003][T0xe1708682cca0][TIMING] emit_host_span: [STRACE] v=1 pid=906937 tid=943807 inv=1 hid=909f69f1295a0d8e depth=0 name=node.frame_submit ts=15719439770835123 dur=880 run_id=1 task_slot=11 group_index=0 worker_id=3 dispatch_id=3 endpoint_kind=local_mailbox prepare_only=0 role=worker
[mono_ns=15719439770833213][T0xe17242f8b020][TIMING] emit_host_span: [STRACE] v=1 pid=939795 tid=939795 inv=2 hid=2d47f267fd26b7a4 depth=2 name=chip.run.runner_run.device_wall ts=0 dur=45280 clk=dev dev_id=6 dev_start_cycle=677493420575362 dev_end_cycle=677493420577626 dev_cnt_hz=50000000
[mono_ns=15719439770844753][T0xe1708682cca0][TIMING] emit_host_span: [STRACE] v=1 pid=906937 tid=943807 inv=1 hid=909f69f1295a0d8e depth=0 name=node.dispatch ts=15719439770832703 dur=7840 run_id=1 task_slot=11 group_index=0 worker_id=3 dispatch_id=3 endpoint_kind=local_mailbox prepare_only=0 role=scheduler slot_id=0 generation=1
[mono_ns=15719439770838293][T0xe17242f8b020][TIMING] emit_host_span: [STRACE] v=1 pid=939795 tid=939795 inv=2 hid=2d47f267fd26b7a4 depth=3 name=chip.run.runner_run.device_wall.preamble ts=0 dur=10040 clk=dev
[mono_ns=15719439770850003][T0xe1708682cca0][TIMING] emit_host_span: [STRACE] v=1 pid=906937 tid=943807 inv=0 hid=0 depth=0 name=node.scheduler_loop ts=15719439770819803 dur=27030 role=scheduler drained=1 dispatched=1 drain_ns=11350 spins=283
[mono_ns=15719439770838083][T0xe17242f8b020][TIMING] emit_host_span: [STRACE] v=1 pid=939757 tid=939757 inv=2 hid=2d47f267fd26b7a4 depth=1 name=chip.run.validate ts=15719439770818773 dur=16370 
[mono_ns=15719439770842223][T0xe17242f8b020][TIMING] emit_host_span: [STRACE] v=1 pid=939795 tid=939795 inv=2 hid=2d47f267fd26b7a4 depth=3 name=chip.run.runner_run.device_wall.graph_build ts=2520 dur=32439 clk=dev
[mono_ns=15719439770846703][T0xe17242f8b020][TIMING] emit_host_span: [STRACE] v=1 pid=939795 tid=939795 inv=2 hid=2d47f267fd26b7a4 depth=3 name=chip.run.runner_run.device_wall.config_validate ts=2640 dur=1240 clk=dev
[mono_ns=15719439770849823][T0xe17242f8b020][TIMING] emit_host_span: [STRACE] v=1 pid=939757 tid=939757 inv=2 hid=2d47f267fd26b7a4 depth=2 name=chip.run.runner_run.device_wall ts=0 dur=47300 clk=dev dev_id=4 dev_start_cycle=677493446165607 dev_end_cycle=677493446167972 dev_cnt_hz=50000000
[mono_ns=15719439770850073][T0xe17242f8b020][TIMING] emit_host_span: [STRACE] v=1 pid=939795 tid=939795 inv=2 hid=2d47f267fd26b7a4 depth=3 name=chip.run.runner_run.device_wall.arena_wire ts=3920 dur=540 clk=dev
[mono_ns=15719439770855313][T0xe17242f8b020][TIMING] emit_host_span: [STRACE] v=1 pid=939757 tid=939757 inv=2 hid=2d47f267fd26b7a4 depth=3 name=chip.run.runner_run.device_wall.preamble ts=0 dur=9880 clk=dev
[mono_ns=15719439770853843][T0xe17242f8b020][TIMING] emit_host_span: [STRACE] v=1 pid=939795 tid=939795 inv=2 hid=2d47f267fd26b7a4 depth=3 name=chip.run.runner_run.device_wall.sm_reset ts=4500 dur=760 clk=dev
[mono_ns=15719439770857503][T0xe17242f8b020][TIMING] emit_host_span: [STRACE] v=1 pid=939795 tid=939795 inv=2 hid=2d47f267fd26b7a4 depth=3 name=chip.run.runner_run.device_wall.post_orch ts=35060 dur=9459 clk=dev
[mono_ns=15719439770858953][T0xe17242f8b020][TIMING] emit_host_span: [STRACE] v=1 pid=939757 tid=939757 inv=2 hid=2d47f267fd26b7a4 depth=3 name=chip.run.runner_run.device_wall.graph_build ts=2380 dur=33220 clk=dev
[mono_ns=15719439770860393][T0xe17242f8b020][TIMING] emit_host_span: [STRACE] v=1 pid=939795 tid=939795 inv=2 hid=2d47f267fd26b7a4 depth=3 name=chip.run.runner_run.device_wall.orch ts=5320 dur=5660 clk=dev
[mono_ns=15719439770863363][T0xe17242f8b020][TIMING] emit_host_span: [STRACE] v=1 pid=939757 tid=939757 inv=2 hid=2d47f267fd26b7a4 depth=3 name=chip.run.runner_run.device_wall.config_validate ts=2560 dur=760 clk=dev
[mono_ns=15719439770864013][T0xe17242f8b020][TIMING] emit_host_span: [STRACE] v=1 pid=939795 tid=939795 inv=2 hid=2d47f267fd26b7a4 depth=3 name=chip.run.runner_run.device_wall.sched ts=10100 dur=8540 clk=dev
[mono_ns=15719439770867923][T0xe17242f8b020][TIMING] emit_host_span: [STRACE] v=1 pid=939757 tid=939757 inv=2 hid=2d47f267fd26b7a4 depth=3 name=chip.run.runner_run.device_wall.arena_wire ts=3360 dur=420 clk=dev
[mono_ns=15719439770868613][T0xe17242f8b020][TIMING] emit_host_span: [STRACE] v=1 pid=939795 tid=939795 inv=2 hid=2d47f267fd26b7a4 depth=1 name=chip.run.claim_release ts=15719439770866573 dur=350 
[mono_ns=15719439770871943][T0xe17242f8b020][TIMING] emit_host_span: [STRACE] v=1 pid=939757 tid=939757 inv=2 hid=2d47f267fd26b7a4 depth=3 name=chip.run.runner_run.device_wall.sm_reset ts=3800 dur=760 clk=dev
[mono_ns=15719439770875063][T0xe17242f8b020][TIMING] emit_host_span: [STRACE] v=1 pid=939795 tid=939795 inv=2 hid=2d47f267fd26b7a4 depth=0 name=chip.run ts=15719439770328411 dur=544692 run_id=1 dispatch_id=2 slot_id=0 generation=1 run_epoch=2
[mono_ns=15719439770876273][T0xe17242f8b020][TIMING] emit_host_span: [STRACE] v=1 pid=939757 tid=939757 inv=2 hid=2d47f267fd26b7a4 depth=3 name=chip.run.runner_run.device_wall.post_orch ts=35720 dur=10840 clk=dev
[mono_ns=15719439770880513][T0xe17242f8b020][TIMING] emit_host_span: [STRACE] v=1 pid=939757 tid=939757 inv=2 hid=2d47f267fd26b7a4 depth=3 name=chip.run.runner_run.device_wall.orch ts=4600 dur=4680 clk=dev
[mono_ns=15719439770884883][T0xe17242f8b020][TIMING] emit_host_span: [STRACE] v=1 pid=939757 tid=939757 inv=2 hid=2d47f267fd26b7a4 depth=3 name=chip.run.runner_run.device_wall.sched ts=9979 dur=8460 clk=dev
[mono_ns=15719439770889983][T0xe17242f8b020][TIMING] emit_host_span: [STRACE] v=1 pid=939757 tid=939757 inv=2 hid=2d47f267fd26b7a4 depth=1 name=chip.run.claim_release ts=15719439770888013 dur=250 
[mono_ns=15719439770897993][T0xe17242f8b020][TIMING] emit_host_span: [STRACE] v=1 pid=939757 tid=939757 inv=2 hid=2d47f267fd26b7a4 depth=0 name=chip.run ts=15719439770328461 dur=567102 run_id=1 dispatch_id=2 slot_id=0 generation=1 run_epoch=2
[mono_ns=15719439770907543][T0xe1708682cca0][TIMING] emit_host_span: [STRACE] v=1 pid=906937 tid=943807 inv=1 hid=287224a725b97b98 depth=0 name=node.complete ts=15719439770904233 dur=340 run_id=1 task_slot=6 group_index=0 worker_id=2 dispatch_id=2 endpoint_kind=local_mailbox prepare_only=0 role=worker outcome=0
[mono_ns=15719439770920543][T0xe1708682cca0][TIMING] emit_host_span: [STRACE] v=1 pid=906937 tid=943807 inv=1 hid=909f69f1295a0d8e depth=0 name=node.frame_submit ts=15719439770915963 dur=1660 run_id=1 task_slot=10 group_index=0 worker_id=2 dispatch_id=3 endpoint_kind=local_mailbox prepare_only=0 role=worker
[mono_ns=15719439770928683][T0xe1708682cca0][TIMING] emit_host_span: [STRACE] v=1 pid=906937 tid=943807 inv=1 hid=909f69f1295a0d8e depth=0 name=node.dispatch ts=15719439770913603 dur=10200 run_id=1 task_slot=10 group_index=0 worker_id=2 dispatch_id=3 endpoint_kind=local_mailbox prepare_only=0 role=scheduler slot_id=0 generation=1
[mono_ns=15719439770933513][T0xe1708682cca0][TIMING] emit_host_span: [STRACE] v=1 pid=906937 tid=943807 inv=0 hid=0 depth=0 name=node.scheduler_loop ts=15719439770901473 dur=29060 role=scheduler drained=1 dispatched=1 drain_ns=10730 spins=26
[mono_ns=15719439770936013][T0xe17242f8b020][TIMING] emit_host_span: [STRACE] v=1 pid=939783 tid=939783 inv=2 hid=2d47f267fd26b7a4 depth=1 name=chip.run.runner_run ts=15719439770713072 dur=218231 
[mono_ns=15719439770944813][T0xe1708682cca0][TIMING] emit_host_span: [STRACE] v=1 pid=906937 tid=943807 inv=1 hid=287224a725b97b98 depth=0 name=node.complete ts=15719439770941543 dur=320 run_id=1 task_slot=4 group_index=0 worker_id=0 dispatch_id=2 endpoint_kind=local_mailbox prepare_only=0 role=worker outcome=0
[mono_ns=15719439770958543][T0xe1708682cca0][TIMING] emit_host_span: [STRACE] v=1 pid=906937 tid=943807 inv=1 hid=909f69f1295a0d8e depth=0 name=node.frame_submit ts=15719439770953513 dur=2030 run_id=1 task_slot=8 group_index=0 worker_id=0 dispatch_id=3 endpoint_kind=local_mailbox prepare_only=0 role=worker
[mono_ns=15719439770966183][T0xe1708682cca0][TIMING] emit_host_span: [STRACE] v=1 pid=906937 tid=943807 inv=1 hid=909f69f1295a0d8e depth=0 name=node.dispatch ts=15719439770951213 dur=10690 run_id=1 task_slot=8 group_index=0 worker_id=0 dispatch_id=3 endpoint_kind=local_mailbox prepare_only=0 role=scheduler slot_id=0 generation=1
[mono_ns=15719439770971013][T0xe1708682cca0][TIMING] emit_host_span: [STRACE] v=1 pid=906937 tid=943807 inv=0 hid=0 depth=0 name=node.scheduler_loop ts=15719439770936713 dur=31440 role=scheduler drained=1 dispatched=1 drain_ns=13120 spins=0
[mono_ns=15719439770985703][T0xe17242f8b020][TIMING] emit_host_span: [STRACE] v=1 pid=939783 tid=939783 inv=2 hid=2d47f267fd26b7a4 depth=1 name=chip.run.validate ts=15719439770966023 dur=16740 
[mono_ns=15719439770996243][T0xe17242f8b020][TIMING] emit_host_span: [STRACE] v=1 pid=939783 tid=939783 inv=2 hid=2d47f267fd26b7a4 depth=2 name=chip.run.runner_run.device_wall ts=0 dur=46080 clk=dev dev_id=5 dev_start_cycle=677493433379714 dev_end_cycle=677493433382018 dev_cnt_hz=50000000
[mono_ns=15719439771007583][T0xe17242f8b020][TIMING] emit_host_span: [STRACE] v=1 pid=939783 tid=939783 inv=2 hid=2d47f267fd26b7a4 depth=3 name=chip.run.runner_run.device_wall.preamble ts=0 dur=10120 clk=dev
[mono_ns=15719439771011823][T0xe17242f8b020][TIMING] emit_host_span: [STRACE] v=1 pid=939783 tid=939783 inv=2 hid=2d47f267fd26b7a4 depth=3 name=chip.run.runner_run.device_wall.graph_build ts=2040 dur=31479 clk=dev
[mono_ns=15719439771015853][T0xe17242f8b020][TIMING] emit_host_span: [STRACE] v=1 pid=939783 tid=939783 inv=2 hid=2d47f267fd26b7a4 depth=3 name=chip.run.runner_run.device_wall.config_validate ts=2200 dur=1180 clk=dev
[mono_ns=15719439771020273][T0xe17242f8b020][TIMING] emit_host_span: [STRACE] v=1 pid=939783 tid=939783 inv=2 hid=2d47f267fd26b7a4 depth=3 name=chip.run.runner_run.device_wall.arena_wire ts=3400 dur=720 clk=dev
[mono_ns=15719439771025093][T0xe17242f8b020][TIMING] emit_host_span: [STRACE] v=1 pid=939783 tid=939783 inv=2 hid=2d47f267fd26b7a4 depth=3 name=chip.run.runner_run.device_wall.sm_reset ts=4160 dur=799 clk=dev
[mono_ns=15719439771033633][T0xe17242f8b020][TIMING] emit_host_span: [STRACE] v=1 pid=939783 tid=939783 inv=2 hid=2d47f267fd26b7a4 depth=3 name=chip.run.runner_run.device_wall.post_orch ts=33820 dur=11440 clk=dev
[mono_ns=15719439771037433][T0xe17242f8b020][TIMING] emit_host_span: [STRACE] v=1 pid=939783 tid=939783 inv=2 hid=2d47f267fd26b7a4 depth=3 name=chip.run.runner_run.device_wall.orch ts=5000 dur=5720 clk=dev
[mono_ns=15719439771041043][T0xe17242f8b020][TIMING] emit_host_span: [STRACE] v=1 pid=939783 tid=939783 inv=2 hid=2d47f267fd26b7a4 depth=3 name=chip.run.runner_run.device_wall.sched ts=10200 dur=6420 clk=dev
[mono_ns=15719439771046083][T0xe17242f8b020][TIMING] emit_host_span: [STRACE] v=1 pid=939783 tid=939783 inv=2 hid=2d47f267fd26b7a4 depth=1 name=chip.run.claim_release ts=15719439771044103 dur=230 
[mono_ns=15719439771055683][T0xe17242f8b020][TIMING] emit_host_span: [STRACE] v=1 pid=939783 tid=939783 inv=2 hid=2d47f267fd26b7a4 depth=0 name=chip.run ts=15719439770498842 dur=554891 run_id=1 dispatch_id=2 slot_id=0 generation=1 run_epoch=2
[mono_ns=15719439771087414][T0xe1708682cca0][TIMING] emit_host_span: [STRACE] v=1 pid=906937 tid=943807 inv=1 hid=287224a725b97b98 depth=0 name=node.complete ts=15719439771083884 dur=390 run_id=1 task_slot=5 group_index=0 worker_id=1 dispatch_id=2 endpoint_kind=local_mailbox prepare_only=0 role=worker outcome=0
[mono_ns=15719439771100734][T0xe1708682cca0][TIMING] emit_host_span: [STRACE] v=1 pid=906937 tid=943807 inv=1 hid=909f69f1295a0d8e depth=0 name=node.frame_submit ts=15719439771096214 dur=1550 run_id=1 task_slot=9 group_index=0 worker_id=1 dispatch_id=3 endpoint_kind=local_mailbox prepare_only=0 role=worker
[mono_ns=15719439771106414][T0xe1708682cca0][TIMING] emit_host_span: [STRACE] v=1 pid=906937 tid=943807 inv=1 hid=909f69f1295a0d8e depth=0 name=node.dispatch ts=15719439771093884 dur=8430 run_id=1 task_slot=9 group_index=0 worker_id=1 dispatch_id=3 endpoint_kind=local_mailbox prepare_only=0 role=scheduler slot_id=0 generation=1
[mono_ns=15719439771113844][T0xe1708682cca0][TIMING] emit_host_span: [STRACE] v=1 pid=906937 tid=943807 inv=0 hid=0 depth=0 name=node.scheduler_loop ts=15719439771081164 dur=29510 role=scheduler drained=1 dispatched=1 drain_ns=11380 spins=54
[mono_ns=15719439771107774][T0xe17242f8b020][TIMING] emit_host_span: [STRACE] v=1 pid=939819 tid=939819 inv=3 hid=6e42b915bd947e2b depth=2 name=chip.run.bind.args ts=15719439771102824 dur=1120 
[mono_ns=15719439771121704][T0xe17242f8b020][TIMING] emit_host_span: [STRACE] v=1 pid=939819 tid=939819 inv=3 hid=6e42b915bd947e2b depth=2 name=chip.run.bind.prebuilt ts=15719439771116944 dur=1750 
[mono_ns=15719439771125624][T0xe17242f8b020][TIMING] emit_host_span: [STRACE] v=1 pid=939819 tid=939819 inv=3 hid=6e42b915bd947e2b depth=1 name=chip.run.bind ts=15719439771096984 dur=26690 
[mono_ns=15719439771133354][T0xe17242f8b020][TIMING] emit_host_span: [STRACE] v=1 pid=939819 tid=939819 inv=3 hid=6e42b915bd947e2b depth=1 name=chip.run.publish_image ts=15719439771131524 dur=80 
[mono_ns=15719439771181554][T0xe17242f8b020][TIMING] emit_host_span: [STRACE] v=1 pid=939819 tid=939819 inv=3 hid=6e42b915bd947e2b depth=1 name=chip.run.stage_inputs ts=15719439771135534 dur=42780 
[mono_ns=15719439771218174][T0xe17242f8b020][TIMING] emit_host_span: [STRACE] v=1 pid=939795 tid=939795 inv=3 hid=6e42b915bd947e2b depth=2 name=chip.run.bind.args ts=15719439771213314 dur=830 
[mono_ns=15719439771232344][T0xe17242f8b020][TIMING] emit_host_span: [STRACE] v=1 pid=939795 tid=939795 inv=3 hid=6e42b915bd947e2b depth=2 name=chip.run.bind.prebuilt ts=15719439771228464 dur=1810 
[mono_ns=15719439771237464][T0xe17242f8b020][TIMING] emit_host_span: [STRACE] v=1 pid=939795 tid=939795 inv=3 hid=6e42b915bd947e2b depth=1 name=chip.run.bind ts=15719439771207504 dur=27950 
[mono_ns=15719439771240964][T0xe17242f8b020][TIMING] emit_host_span: [STRACE] v=1 pid=939795 tid=939795 inv=3 hid=6e42b915bd947e2b depth=1 name=chip.run.publish_image ts=15719439771239064 dur=100 
[mono_ns=15719439771241544][T0xe17242f8b020][TIMING] emit_host_span: [STRACE] v=1 pid=939757 tid=939757 inv=3 hid=6e42b915bd947e2b depth=2 name=chip.run.bind.args ts=15719439771237004 dur=700 
[mono_ns=15719439771256274][T0xe17242f8b020][TIMING] emit_host_span: [STRACE] v=1 pid=939757 tid=939757 inv=3 hid=6e42b915bd947e2b depth=2 name=chip.run.bind.prebuilt ts=15719439771252574 dur=1490 
[mono_ns=15719439771249944][T0xe17242f8b020][TIMING] emit_host_span: [STRACE] v=1 pid=939819 tid=939819 inv=3 hid=6e42b915bd947e2b depth=1 name=chip.run.prepare_execution ts=15719439771188034 dur=58970 
[mono_ns=15719439771261164][T0xe17242f8b020][TIMING] emit_host_span: [STRACE] v=1 pid=939757 tid=939757 inv=3 hid=6e42b915bd947e2b depth=1 name=chip.run.bind ts=15719439771232364 dur=26670 
[mono_ns=15719439771267044][T0xe17242f8b020][TIMING] emit_host_span: [STRACE] v=1 pid=939757 tid=939757 inv=3 hid=6e42b915bd947e2b depth=1 name=chip.run.publish_image ts=15719439771265134 dur=80 
[mono_ns=15719439771285884][T0xe17242f8b020][TIMING] emit_host_span: [STRACE] v=1 pid=939795 tid=939795 inv=3 hid=6e42b915bd947e2b depth=1 name=chip.run.stage_inputs ts=15719439771243394 dur=39410 
[mono_ns=15719439771310314][T0xe17242f8b020][TIMING] emit_host_span: [STRACE] v=1 pid=939757 tid=939757 inv=3 hid=6e42b915bd947e2b depth=1 name=chip.run.stage_inputs ts=15719439771271354 dur=35990 
[mono_ns=15719439771360024][T0xe17242f8b020][TIMING] emit_host_span: [STRACE] v=1 pid=939795 tid=939795 inv=3 hid=6e42b915bd947e2b depth=1 name=chip.run.prepare_execution ts=15719439771293264 dur=63490 
[mono_ns=15719439771378094][T0xe17242f8b020][TIMING] emit_host_span: [STRACE] v=1 pid=939757 tid=939757 inv=3 hid=6e42b915bd947e2b depth=1 name=chip.run.prepare_execution ts=15719439771318224 dur=57040 
[mono_ns=15719439771382014][T0xe17242f8b020][TIMING] emit_host_span: [STRACE] v=1 pid=939783 tid=939783 inv=3 hid=6e42b915bd947e2b depth=2 name=chip.run.bind.args ts=15719439771376984 dur=830 
[mono_ns=15719439771397054][T0xe17242f8b020][TIMING] emit_host_span: [STRACE] v=1 pid=939783 tid=939783 inv=3 hid=6e42b915bd947e2b depth=2 name=chip.run.bind.prebuilt ts=15719439771393014 dur=1880 
[mono_ns=15719439771401814][T0xe17242f8b020][TIMING] emit_host_span: [STRACE] v=1 pid=939783 tid=939783 inv=3 hid=6e42b915bd947e2b depth=1 name=chip.run.bind ts=15719439771371194 dur=28360 
[mono_ns=15719439771408084][T0xe17242f8b020][TIMING] emit_host_span: [STRACE] v=1 pid=939783 tid=939783 inv=3 hid=6e42b915bd947e2b depth=1 name=chip.run.publish_image ts=15719439771406144 dur=110 
[mono_ns=15719439771457275][T0xe17242f8b020][TIMING] emit_host_span: [STRACE] v=1 pid=939783 tid=939783 inv=3 hid=6e42b915bd947e2b depth=1 name=chip.run.stage_inputs ts=15719439771414374 dur=39241 
[mono_ns=15719439771532485][T0xe17242f8b020][TIMING] emit_host_span: [STRACE] v=1 pid=939783 tid=939783 inv=3 hid=6e42b915bd947e2b depth=1 name=chip.run.prepare_execution ts=15719439771464215 dur=65370 
[mono_ns=15719440446789940][T0xe17242f8b020][ERROR] sync_stream_pair: [device_runner_base.cpp:2504] aclrtSynchronizeStreamWithTimeout (AICPU) failed: 507018
[mono_ns=15719440446806180][T0xe17242f8b020][ERROR] sync_stream_pair: [device_runner_base.cpp:2505] ACL error detail: 507018 ACL_ERROR_RT_AICPU_EXCEPTION - an AICPU task raised an exception; several distinct on-device mechanisms all surface as this one generic code
[mono_ns=15719440446810100][T0xe17242f8b020][ERROR] sync_stream_pair: [device_runner_base.cpp:2505] ACL error hint: do NOT read this as 'deadlock' or 'OOM' on its own -- it is a generic host-side code. Grep the host log for 'orch_error_code=' / 'sched_error_code=' / 'sub_class=' to get the device-classified reason, and read the device log for the detector that fired. See docs/troubleshooting/device-error-codes.md
[mono_ns=15719440447267372][T0xe17242f8b020][ERROR] sync_stream_pair: [device_runner_base.cpp:2505] ACL recent error message: EE9999: Inner Error!
EE9999[PID: 939757] 2026-09-23-14:38:21.697.070 (EE9999):  This device does not support cross-server communication drv devId=4 localServerId=1023err:0x702001d[FUNC:ExportToShareableHandleV2][FILE:api_impl.cc][LINE:7120]
        TraceBack (most recent call last):
       rtMemExportToShareableHandleV2 execution failed, reason=driver error:feature not support[FUNC~
[mono_ns=15719440447288582][T0xe17242f8b020][ERROR] wait_run_fence: [device_runner_base.cpp:2643] Run completed its boundaries but the device reports an error executing it: 507018 (device_id=4 block_dim=24 slot=0)
[mono_ns=15719440447310612][T0xe17242f8b020][WARN] recover_device_or_mark_unusable: [device_runner.cpp:823] AICore error 507018: device drained, but force-resetting in finalize regardless (drain success does not prove the card is clean)
[mono_ns=15719440447326782][T0xe17242f8b020][TIMING] emit_host_span: [STRACE] v=1 pid=939757 tid=939757 inv=3 hid=6e42b915bd947e2b depth=1 name=chip.run.runner_run ts=15719439771387324 dur=675933298 
[mono_ns=15719440447382212][T0xe17242f8b020][ERROR] operator(): [device_runner_base.cpp:2755] device fault reported: device_id=4 stream_id=43 task_id=4 error_code=507018 thread_id=939757 (device-level; not attributed to any run)
[mono_ns=15719440447389292][T0xe17242f8b020][ERROR] consume_device_fault_notices: [device_runner_base.cpp:2805] device 4: fault channel matched 1 notice(s) to its run streams (first code=507018, generation=0). Admission is refused until a confirmed reset retires this generation; no run's outcome is changed by it.
[mono_ns=15719440447392602][T0xe17242f8b020][WARN] simpler_finalize_run: [c_api_shared.cpp:1381] device fault channel matched 1 notice(s) to this runner's run streams while finalizing run_id=1 dispatch_id=3 slot_id=0 generation=1 run_epoch=3; this run's own outcome is unchanged and the device refuses further admission
[mono_ns=15719440447398822][T0xe17242f8b020][ERROR] copy_back_run_outputs_impl: [runtime_maker.cpp:1028] simpler runtime failed: orch_error_code=5 sched_error_code=0 runtime_status=-5
[mono_ns=15719440447403722][T0xe17242f8b020][ERROR] copy_back_run_outputs_impl: [runtime_maker.cpp:1028] error detail: orch_error_code=5 INVALID_ARGS - an orchestration API rejected its arguments (bad alloc_tensors info, illegal nested scope, unknown task id in set_dependencies, or an CoreTaskArgs carrying an error flag)
[mono_ns=15719440447407182][T0xe17242f8b020][ERROR] copy_back_run_outputs_impl: [runtime_maker.cpp:1028] error hint: an orchestration bug, not a capacity problem -- resizing the rings will not help; recheck the arguments of the orchestration API calls listed above. See docs/troubleshooting/device-error-codes.md
[mono_ns=15719440447410892][T0xe17242f8b020][WARN] copy_back_run_outputs_impl: [runtime_maker.cpp:1050] Skipping tensor copy-back because execution failed
[mono_ns=15719440447417502][T0xe17242f8b020][TIMING] emit_host_span: [STRACE] v=1 pid=939757 tid=939757 inv=3 hid=6e42b915bd947e2b depth=1 name=chip.run.validate ts=15719440447395962 dur=19130 
[mono_ns=15719440447422312][T0xe17242f8b020][TIMING] emit_host_span: [STRACE] v=1 pid=939757 tid=939757 inv=3 hid=6e42b915bd947e2b depth=1 name=chip.run.claim_release ts=15719440447419632 dur=750 
[mono_ns=15719440447429142][T0xe17242f8b020][TIMING] emit_host_span: [STRACE] v=1 pid=939757 tid=939757 inv=3 hid=6e42b915bd947e2b depth=0 name=chip.run ts=15719439771216954 dur=676210138 run_id=1 dispatch_id=3 slot_id=0 generation=1 run_epoch=3
[mono_ns=15719440448020154][T0xe1708682cca0][TIMING] emit_host_span: [STRACE] v=1 pid=906937 tid=943807 inv=1 hid=909f69f1295a0d8e depth=0 name=node.complete ts=15719440447966864 dur=44260 run_id=1 task_slot=8 group_index=0 worker_id=0 dispatch_id=3 endpoint_kind=local_mailbox prepare_only=0 role=worker outcome=1
[mono_ns=15719440448052754][T0xe1708682cca0][TIMING] emit_host_span: [STRACE] v=1 pid=906937 tid=943807 inv=0 hid=0 depth=0 name=node.scheduler_loop ts=15719440447943714 dur=103200 role=scheduler drained=1 dispatched=0 drain_ns=101440 spins=364555
[mono_ns=15719440655702998][T0xe17242f8b020][ERROR] sync_stream_pair: [device_runner_base.cpp:2504] aclrtSynchronizeStreamWithTimeout (AICPU) failed: 507018
[mono_ns=15719440655723988][T0xe17242f8b020][ERROR] sync_stream_pair: [device_runner_base.cpp:2505] ACL error detail: 507018 ACL_ERROR_RT_AICPU_EXCEPTION - an AICPU task raised an exception; several distinct on-device mechanisms all surface as this one generic code
[mono_ns=15719440655728638][T0xe17242f8b020][ERROR] sync_stream_pair: [device_runner_base.cpp:2505] ACL error hint: do NOT read this as 'deadlock' or 'OOM' on its own -- it is a generic host-side code. Grep the host log for 'orch_error_code=' / 'sched_error_code=' / 'sub_class=' to get the device-classified reason, and read the device log for the detector that fired. See docs/troubleshooting/device-error-codes.md
[mono_ns=15719440656256940][T0xe17242f8b020][ERROR] sync_stream_pair: [device_runner_base.cpp:2505] ACL recent error message: EE9999: Inner Error!
EE9999[PID: 939783] 2026-09-23-14:38:21.697.336 (EE9999):  This device does not support cross-server communication drv devId=5 localServerId=1023err:0x702001d[FUNC:ExportToShareableHandleV2][FILE:api_impl.cc][LINE:7120]
        TraceBack (most recent call last):
       rtMemExportToShareableHandleV2 execution failed, reason=driver error:feature not support[FUNC~
[mono_ns=15719440656275670][T0xe17242f8b020][ERROR] wait_run_fence: [device_runner_base.cpp:2643] Run completed its boundaries but the device reports an error executing it: 507018 (device_id=5 block_dim=24 slot=0)
[mono_ns=15719440656342310][T0xe17242f8b020][WARN] recover_device_or_mark_unusable: [device_runner.cpp:823] AICore error 507018: device drained, but force-resetting in finalize regardless (drain success does not prove the card is clean)
[mono_ns=15719440656375050][T0xe17242f8b020][TIMING] emit_host_span: [STRACE] v=1 pid=939783 tid=939783 inv=3 hid=6e42b915bd947e2b depth=1 name=chip.run.runner_run ts=15719439771542515 dur=884825785 
[mono_ns=15719440656472760][T0xe17242f8b020][ERROR] operator(): [device_runner_base.cpp:2755] device fault reported: device_id=5 stream_id=43 task_id=4 error_code=507018 thread_id=939783 (device-level; not attributed to any run)
[mono_ns=15719440656482850][T0xe17242f8b020][ERROR] consume_device_fault_notices: [device_runner_base.cpp:2805] device 5: fault channel matched 1 notice(s) to its run streams (first code=507018, generation=0). Admission is refused until a confirmed reset retires this generation; no run's outcome is changed by it.
[mono_ns=15719440656486520][T0xe17242f8b020][WARN] simpler_finalize_run: [c_api_shared.cpp:1381] device fault channel matched 1 notice(s) to this runner's run streams while finalizing run_id=1 dispatch_id=3 slot_id=0 generation=1 run_epoch=3; this run's own outcome is unchanged and the device refuses further admission
[mono_ns=15719440656494030][T0xe17242f8b020][ERROR] copy_back_run_outputs_impl: [runtime_maker.cpp:1028] simpler runtime failed: orch_error_code=5 sched_error_code=0 runtime_status=-5
[mono_ns=15719440656502420][T0xe17242f8b020][ERROR] copy_back_run_outputs_impl: [runtime_maker.cpp:1028] error detail: orch_error_code=5 INVALID_ARGS - an orchestration API rejected its arguments (bad alloc_tensors info, illegal nested scope, unknown task id in set_dependencies, or an CoreTaskArgs carrying an error flag)
[mono_ns=15719440656506640][T0xe17242f8b020][ERROR] copy_back_run_outputs_impl: [runtime_maker.cpp:1028] error hint: an orchestration bug, not a capacity problem -- resizing the rings will not help; recheck the arguments of the orchestration API calls listed above. See docs/troubleshooting/device-error-codes.md
[mono_ns=15719440656509970][T0xe17242f8b020][WARN] copy_back_run_outputs_impl: [runtime_maker.cpp:1050] Skipping tensor copy-back because execution failed
[mono_ns=15719440656517990][T0xe17242f8b020][TIMING] emit_host_span: [STRACE] v=1 pid=939783 tid=939783 inv=3 hid=6e42b915bd947e2b depth=1 name=chip.run.validate ts=15719440656490020 dur=25360 
[mono_ns=15719440656527450][T0xe17242f8b020][TIMING] emit_host_span: [STRACE] v=1 pid=939783 tid=939783 inv=3 hid=6e42b915bd947e2b depth=1 name=chip.run.claim_release ts=15719440656524800 dur=570 
[mono_ns=15719440656536081][T0xe17242f8b020][TIMING] emit_host_span: [STRACE] v=1 pid=939783 tid=939783 inv=3 hid=6e42b915bd947e2b depth=0 name=chip.run ts=15719439771351704 dur=885182017 run_id=1 dispatch_id=3 slot_id=0 generation=1 run_epoch=3
[mono_ns=15719440657280213][T0xe1708682cca0][TIMING] emit_host_span: [STRACE] v=1 pid=906937 tid=943807 inv=1 hid=909f69f1295a0d8e depth=0 name=node.complete ts=15719440657263003 dur=11350 run_id=1 task_slot=9 group_index=0 worker_id=1 dispatch_id=3 endpoint_kind=local_mailbox prepare_only=0 role=worker outcome=1
[mono_ns=15719440657305493][T0xe1708682cca0][TIMING] emit_host_span: [STRACE] v=1 pid=906937 tid=943807 inv=0 hid=0 depth=0 name=node.scheduler_loop ts=15719440657252123 dur=47890 role=scheduler drained=1 dispatched=0 drain_ns=46230 spins=111863
[mono_ns=15719440679090316][T0xe17242f8b020][ERROR] sync_stream_pair: [device_runner_base.cpp:2504] aclrtSynchronizeStreamWithTimeout (AICPU) failed: 507018
[mono_ns=15719440679109926][T0xe17242f8b020][ERROR] sync_stream_pair: [device_runner_base.cpp:2505] ACL error detail: 507018 ACL_ERROR_RT_AICPU_EXCEPTION - an AICPU task raised an exception; several distinct on-device mechanisms all surface as this one generic code
[mono_ns=15719440679113346][T0xe17242f8b020][ERROR] sync_stream_pair: [device_runner_base.cpp:2505] ACL error hint: do NOT read this as 'deadlock' or 'OOM' on its own -- it is a generic host-side code. Grep the host log for 'orch_error_code=' / 'sched_error_code=' / 'sub_class=' to get the device-classified reason, and read the device log for the detector that fired. See docs/troubleshooting/device-error-codes.md
[mono_ns=15719440679428477][T0xe17242f8b020][ERROR] sync_stream_pair: [device_runner_base.cpp:2505] ACL recent error message: EE9999: Inner Error!
EE9999[PID: 939819] 2026-09-23-14:38:21.697.522 (EE9999):  This device does not support cross-server communication drv devId=7 localServerId=1023err:0x702001d[FUNC:ExportToShareableHandleV2][FILE:api_impl.cc][LINE:7120]
        TraceBack (most recent call last):
       rtMemExportToShareableHandleV2 execution failed, reason=driver error:feature not support[FUNC~
[mono_ns=15719440679445787][T0xe17242f8b020][ERROR] wait_run_fence: [device_runner_base.cpp:2643] Run completed its boundaries but the device reports an error executing it: 507018 (device_id=7 block_dim=24 slot=0)
[mono_ns=15719440679460287][T0xe17242f8b020][WARN] recover_device_or_mark_unusable: [device_runner.cpp:823] AICore error 507018: device drained, but force-resetting in finalize regardless (drain success does not prove the card is clean)
[mono_ns=15719440679477997][T0xe17242f8b020][TIMING] emit_host_span: [STRACE] v=1 pid=939819 tid=939819 inv=3 hid=6e42b915bd947e2b depth=1 name=chip.run.runner_run ts=15719439771258574 dur=908213343 
[mono_ns=15719440679538877][T0xe17242f8b020][ERROR] operator(): [device_runner_base.cpp:2755] device fault reported: device_id=7 stream_id=43 task_id=4 error_code=507018 thread_id=939819 (device-level; not attributed to any run)
[mono_ns=15719440679548087][T0xe17242f8b020][ERROR] consume_device_fault_notices: [device_runner_base.cpp:2805] device 7: fault channel matched 1 notice(s) to its run streams (first code=507018, generation=0). Admission is refused until a confirmed reset retires this generation; no run's outcome is changed by it.
[mono_ns=15719440679551377][T0xe17242f8b020][WARN] simpler_finalize_run: [c_api_shared.cpp:1381] device fault channel matched 1 notice(s) to this runner's run streams while finalizing run_id=1 dispatch_id=3 slot_id=0 generation=1 run_epoch=3; this run's own outcome is unchanged and the device refuses further admission
[mono_ns=15719440679556998][T0xe17242f8b020][ERROR] copy_back_run_outputs_impl: [runtime_maker.cpp:1028] simpler runtime failed: orch_error_code=5 sched_error_code=0 runtime_status=-5
[mono_ns=15719440679564948][T0xe17242f8b020][ERROR] copy_back_run_outputs_impl: [runtime_maker.cpp:1028] error detail: orch_error_code=5 INVALID_ARGS - an orchestration API rejected its arguments (bad alloc_tensors info, illegal nested scope, unknown task id in set_dependencies, or an CoreTaskArgs carrying an error flag)
[mono_ns=15719440679568818][T0xe17242f8b020][ERROR] copy_back_run_outputs_impl: [runtime_maker.cpp:1028] error hint: an orchestration bug, not a capacity problem -- resizing the rings will not help; recheck the arguments of the orchestration API calls listed above. See docs/troubleshooting/device-error-codes.md
[mono_ns=15719440679572208][T0xe17242f8b020][WARN] copy_back_run_outputs_impl: [runtime_maker.cpp:1050] Skipping tensor copy-back because execution failed
[mono_ns=15719440679577838][T0xe17242f8b020][TIMING] emit_host_span: [STRACE] v=1 pid=939819 tid=939819 inv=3 hid=6e42b915bd947e2b depth=1 name=chip.run.validate ts=15719440679554447 dur=20811 
[mono_ns=15719440679586748][T0xe17242f8b020][TIMING] emit_host_span: [STRACE] v=1 pid=939819 tid=939819 inv=3 hid=6e42b915bd947e2b depth=1 name=chip.run.claim_release ts=15719440679583808 dur=810 
[mono_ns=15719440679592758][T0xe17242f8b020][TIMING] emit_host_span: [STRACE] v=1 pid=939819 tid=939819 inv=3 hid=6e42b915bd947e2b depth=0 name=chip.run ts=15719439771082324 dur=908508224 run_id=1 dispatch_id=3 slot_id=0 generation=1 run_epoch=3
[mono_ns=15719440680155889][T0xe1708682cca0][TIMING] emit_host_span: [STRACE] v=1 pid=906937 tid=943807 inv=1 hid=909f69f1295a0d8e depth=0 name=node.complete ts=15719440680148629 dur=2630 run_id=1 task_slot=11 group_index=0 worker_id=3 dispatch_id=3 endpoint_kind=local_mailbox prepare_only=0 role=worker outcome=1
[mono_ns=15719440680174569][T0xe1708682cca0][TIMING] emit_host_span: [STRACE] v=1 pid=906937 tid=943807 inv=0 hid=0 depth=0 name=node.scheduler_loop ts=15719440680141289 dur=29260 role=scheduler drained=1 dispatched=0 drain_ns=27630 spins=12206
[mono_ns=15719440722400132][T0xe17242f8b020][ERROR] sync_stream_pair: [device_runner_base.cpp:2504] aclrtSynchronizeStreamWithTimeout (AICPU) failed: 507018
[mono_ns=15719440722418782][T0xe17242f8b020][ERROR] sync_stream_pair: [device_runner_base.cpp:2505] ACL error detail: 507018 ACL_ERROR_RT_AICPU_EXCEPTION - an AICPU task raised an exception; several distinct on-device mechanisms all surface as this one generic code
[mono_ns=15719440722422142][T0xe17242f8b020][ERROR] sync_stream_pair: [device_runner_base.cpp:2505] ACL error hint: do NOT read this as 'deadlock' or 'OOM' on its own -- it is a generic host-side code. Grep the host log for 'orch_error_code=' / 'sched_error_code=' / 'sub_class=' to get the device-classified reason, and read the device log for the detector that fired. See docs/troubleshooting/device-error-codes.md
[mono_ns=15719440722897884][T0xe17242f8b020][ERROR] sync_stream_pair: [device_runner_base.cpp:2505] ACL recent error message: EE9999: Inner Error!
EE9999[PID: 939795] 2026-09-23-14:38:21.697.479 (EE9999):  This device does not support cross-server communication drv devId=6 localServerId=1023err:0x702001d[FUNC:ExportToShareableHandleV2][FILE:api_impl.cc][LINE:7120]
        TraceBack (most recent call last):
       rtMemExportToShareableHandleV2 execution failed, reason=driver error:feature not support[FUNC~
[mono_ns=15719440722913254][T0xe17242f8b020][ERROR] wait_run_fence: [device_runner_base.cpp:2643] Run completed its boundaries but the device reports an error executing it: 507018 (device_id=6 block_dim=24 slot=0)
[mono_ns=15719440722944344][T0xe17242f8b020][WARN] recover_device_or_mark_unusable: [device_runner.cpp:823] AICore error 507018: device drained, but force-resetting in finalize regardless (drain success does not prove the card is clean)
[mono_ns=15719440722957664][T0xe17242f8b020][TIMING] emit_host_span: [STRACE] v=1 pid=939795 tid=939795 inv=3 hid=6e42b915bd947e2b depth=1 name=chip.run.runner_run ts=15719439771369934 dur=951583580 
[mono_ns=15719440723110554][T0xe17242f8b020][ERROR] operator(): [device_runner_base.cpp:2755] device fault reported: device_id=6 stream_id=43 task_id=4 error_code=507018 thread_id=939795 (device-level; not attributed to any run)
[mono_ns=15719440723118884][T0xe17242f8b020][ERROR] consume_device_fault_notices: [device_runner_base.cpp:2805] device 6: fault channel matched 1 notice(s) to its run streams (first code=507018, generation=0). Admission is refused until a confirmed reset retires this generation; no run's outcome is changed by it.
[mono_ns=15719440723122194][T0xe17242f8b020][WARN] simpler_finalize_run: [c_api_shared.cpp:1381] device fault channel matched 1 notice(s) to this runner's run streams while finalizing run_id=1 dispatch_id=3 slot_id=0 generation=1 run_epoch=3; this run's own outcome is unchanged and the device refuses further admission
[mono_ns=15719440723126704][T0xe17242f8b020][ERROR] copy_back_run_outputs_impl: [runtime_maker.cpp:1028] simpler runtime failed: orch_error_code=5 sched_error_code=0 runtime_status=-5
[mono_ns=15719440723131244][T0xe17242f8b020][ERROR] copy_back_run_outputs_impl: [runtime_maker.cpp:1028] error detail: orch_error_code=5 INVALID_ARGS - an orchestration API rejected its arguments (bad alloc_tensors info, illegal nested scope, unknown task id in set_dependencies, or an CoreTaskArgs carrying an error flag)
[mono_ns=15719440723135644][T0xe17242f8b020][ERROR] copy_back_run_outputs_impl: [runtime_maker.cpp:1028] error hint: an orchestration bug, not a capacity problem -- resizing the rings will not help; recheck the arguments of the orchestration API calls listed above. See docs/troubleshooting/device-error-codes.md
[mono_ns=15719440723137724][T0xe17242f8b020][WARN] copy_back_run_outputs_impl: [runtime_maker.cpp:1050] Skipping tensor copy-back because execution failed
[mono_ns=15719440723143234][T0xe17242f8b020][TIMING] emit_host_span: [STRACE] v=1 pid=939795 tid=939795 inv=3 hid=6e42b915bd947e2b depth=1 name=chip.run.validate ts=15719440723124804 dur=15710 
[mono_ns=15719440723149834][T0xe17242f8b020][TIMING] emit_host_span: [STRACE] v=1 pid=939795 tid=939795 inv=3 hid=6e42b915bd947e2b depth=1 name=chip.run.claim_release ts=15719440723147224 dur=460 
[mono_ns=15719440723155644][T0xe17242f8b020][TIMING] emit_host_span: [STRACE] v=1 pid=939795 tid=939795 inv=3 hid=6e42b915bd947e2b depth=0 name=chip.run ts=15719439771187434 dur=951965930 run_id=1 dispatch_id=3 slot_id=0 generation=1 run_epoch=3
[mono_ns=15719440723615136][T0xe1708682cca0][TIMING] emit_host_span: [STRACE] v=1 pid=906937 tid=943807 inv=1 hid=909f69f1295a0d8e depth=0 name=node.complete ts=15719440723608376 dur=2340 run_id=1 task_slot=10 group_index=0 worker_id=2 dispatch_id=3 endpoint_kind=local_mailbox prepare_only=0 role=worker outcome=1
[mono_ns=15719440723638926][T0xe1708682cca0][TIMING] emit_host_span: [STRACE] v=1 pid=906937 tid=943807 inv=0 hid=0 depth=0 name=node.scheduler_loop ts=15719440723600266 dur=34500 role=scheduler drained=1 dispatched=0 drain_ns=34200 spins=23123
[mono_ns=15719440724346288][T0xe17242f8b020][TIMING] emit_host_span: [STRACE] v=1 pid=906937 tid=906937 inv=1 hid=0 depth=0 name=node.post_fence_retirement ts=15719440723628576 dur=708352 run_id=1 slot_id=0 generation=1 role=facade
[mono_ns=15719442681286620][T0xe17242f8b020][WARN] force_reset_device: [device_runner.cpp:987] force_reset_device: aclrtResetDeviceForce(4) established a usable device generation (probe confirmed)
[mono_ns=15719442681334090][T0xe17242f8b020][WARN] retire_device_generation_after_confirmed_reset: [device_runner_base.cpp:2717] device 4: confirmed reset retired the suspect generation; fault notices reported before it are no longer this device's (generation is now 1)
[mono_ns=15719442870962262][T0xe17242f8b020][WARN] finalize_common_impl: [device_runner_base.cpp:1888] Fatal teardown: force reset/quarantine finished; skipping per-resource RTS destroy/free calls
[mono_ns=15719442871360723][T0xe17242f8b020][WARN] finalize_common_impl: [device_runner_base.cpp:2167] Fatal teardown: host-side ownership cleared without further device calls
[mono_ns=15719442934121396][T0xe17242f8b020][WARN] force_reset_device: [device_runner.cpp:987] force_reset_device: aclrtResetDeviceForce(7) established a usable device generation (probe confirmed)
[mono_ns=15719442934161776][T0xe17242f8b020][WARN] retire_device_generation_after_confirmed_reset: [device_runner_base.cpp:2717] device 7: confirmed reset retired the suspect generation; fault notices reported before it are no longer this device's (generation is now 1)
[mono_ns=15719443054318395][T0xe17242f8b020][WARN] force_reset_device: [device_runner.cpp:987] force_reset_device: aclrtResetDeviceForce(6) established a usable device generation (probe confirmed)
[mono_ns=15719443054368855][T0xe17242f8b020][WARN] retire_device_generation_after_confirmed_reset: [device_runner_base.cpp:2717] device 6: confirmed reset retired the suspect generation; fault notices reported before it are no longer this device's (generation is now 1)
[mono_ns=15719443063449372][T0xe17242f8b020][WARN] force_reset_device: [device_runner.cpp:987] force_reset_device: aclrtResetDeviceForce(5) established a usable device generation (probe confirmed)
[mono_ns=15719443063491822][T0xe17242f8b020][WARN] retire_device_generation_after_confirmed_reset: [device_runner_base.cpp:2717] device 5: confirmed reset retired the suspect generation; fault notices reported before it are no longer this device's (generation is now 1)
[mono_ns=15719443241743550][T0xe17242f8b020][WARN] finalize_common_impl: [device_runner_base.cpp:1888] Fatal teardown: force reset/quarantine finished; skipping per-resource RTS destroy/free calls
[mono_ns=15719443242092241][T0xe17242f8b020][WARN] finalize_common_impl: [device_runner_base.cpp:2167] Fatal teardown: host-side ownership cleared without further device calls
[mono_ns=15719443259668402][T0xe17242f8b020][WARN] finalize_common_impl: [device_runner_base.cpp:1888] Fatal teardown: force reset/quarantine finished; skipping per-resource RTS destroy/free calls
[mono_ns=15719443260018823][T0xe17242f8b020][WARN] finalize_common_impl: [device_runner_base.cpp:2167] Fatal teardown: host-side ownership cleared without further device calls
[mono_ns=15719443260170544][T0xe17242f8b020][WARN] finalize_common_impl: [device_runner_base.cpp:1888] Fatal teardown: force reset/quarantine finished; skipping per-resource RTS destroy/free calls
[mono_ns=15719443260355744][T0xe17242f8b020][WARN] finalize_common_impl: [device_runner_base.cpp:2167] Fatal teardown: host-side ownership cleared without further device calls
[mono_ns=15719443283615602][T0xe17242f8b020][WARN] finalize: [device_runner.cpp:1159] DeviceRunner finalized after fatal device failure
[mono_ns=15719443332264123][T0xe17242f8b020][WARN] finalize: [device_runner.cpp:1159] DeviceRunner finalized after fatal device failure
[mono_ns=15719443859883127][T0xe17242f8b020][WARN] finalize: [device_runner.cpp:1159] DeviceRunner finalized after fatal device failure
[mono_ns=15719443938644136][T0xe17242f8b020][WARN] finalize: [device_runner.cpp:1159] DeviceRunner finalized after fatal device failure
Traceback (most recent call last):
  File "/opt/pypto-profiling/collectives/a1_alltoallv/harness/all_to_all_v_benchmark.py", line 998, in _timed_session
    runtime.run(compiled, inputs, send_counts, outputs, recv_out, config=run_config)
  File "/opt/pypto/python/pypto/runtime/distributed_runner.py", line 3342, in run
    return self.submit(compiled, *args, config=config).result()
           ^^^^^^^^^^^^^^^^^^^^^^^^^^^^^^^^^^^^^^^^^^^^^^^^^^^^
  File "/opt/pypto/python/pypto/runtime/distributed_runner.py", line 234, in result
    raise error
  File "/opt/pypto/python/pypto/runtime/distributed_runner.py", line 197, in result
    native_handle.result(timeout=remaining)
  File "/opt/pypto/runtime/python/simpler/worker.py", line 4428, in result
    self.wait(timeout)
  File "/opt/pypto/runtime/python/simpler/worker.py", line 4419, in wait
    raise published_error
  File "/opt/pypto/runtime/python/simpler/worker.py", line 4373, in wait
    completed = self._worker._wait_run_handle(run_id, remaining)
                ^^^^^^^^^^^^^^^^^^^^^^^^^^^^^^^^^^^^^^^^^^^^^^^^
  File "/opt/pypto/runtime/python/simpler/worker.py", line 11613, in _wait_run_handle
    self._orch._wait_run(run_id)
  File "/opt/pypto/runtime/python/simpler/orchestrator.py", line 840, in _wait_run
    self._o._wait_run(run_id)
RuntimeError: LocalMailboxEndpoint child failed (worker_id=0, code=1): chip_process dev=4: chip run: RuntimeError: chip run lane is poisoned: finalize_native_run failed with code -5 (run_id=1 slot=0 generation=1 dispatch_id=3 run_epoch=3)

During handling of the above exception, another exception occurred:

Traceback (most recent call last):
  File "/opt/pypto-profiling/collectives/a1_alltoallv/harness/all_to_all_v_benchmark.py", line 1220, in <module>
    raise SystemExit(main())
                     ^^^^^^
  File "/opt/pypto-profiling/collectives/a1_alltoallv/harness/all_to_all_v_benchmark.py", line 1209, in main
    doc = run_benchmark(args, shape)
          ^^^^^^^^^^^^^^^^^^^^^^^^^^
  File "/opt/pypto-profiling/collectives/a1_alltoallv/harness/all_to_all_v_benchmark.py", line 1067, in run_benchmark
    host_slots, slot_rank = _timed_session(
                            ^^^^^^^^^^^^^^^
  File "/opt/pypto-profiling/collectives/a1_alltoallv/harness/all_to_all_v_benchmark.py", line 993, in _timed_session
    with compiled.prepare(
         ^^^^^^^^^^^^^^^^^
  File "/opt/pypto/python/pypto/runtime/distributed_runner.py", line 3286, in __exit__
    self.close()
  File "/opt/pypto/python/pypto/runtime/distributed_runner.py", line 3277, in close
    raise first_error
  File "/opt/pypto/python/pypto/runtime/distributed_runner.py", line 3263, in close
    self._w.close()
  File "/opt/pypto/runtime/python/simpler/worker.py", line 12167, in close
    raise result
  File "/opt/pypto/runtime/python/simpler/worker.py", line 12089, in close
    self._teardown_ready_tree()
  File "/opt/pypto/runtime/python/simpler/worker.py", line 12502, in _teardown_ready_tree
    self._teardown_worker_tree(startup_abort=False)
  File "/opt/pypto/runtime/python/simpler/worker.py", line 12385, in _teardown_worker_tree
    raise journal_err
  File "/opt/pypto/runtime/python/simpler/worker.py", line 3909, in drive
    cleanup_fn()
  File "/opt/pypto/runtime/python/simpler/worker.py", line 10285, in _release_all_live_domains
    _raise_first(_release, list(live_domains.values())[::-1])
  File "/opt/pypto/runtime/python/simpler/worker.py", line 1107, in _raise_first
    raise first_error
  File "/opt/pypto/runtime/python/simpler/worker.py", line 1102, in _raise_first
    step(item)
  File "/opt/pypto/runtime/python/simpler/worker.py", line 10280, in _release
    self._release_domain_now(handle)
  File "/opt/pypto/runtime/python/simpler/worker.py", line 9281, in _release_domain_now
    raise result.error
  File "/opt/pypto/runtime/python/simpler/worker.py", line 1339, in invoke
    result.value = operation()
                   ^^^^^^^^^^^
  File "/opt/pypto/runtime/python/simpler/worker.py", line 9265, in release_claim
    self._release_domain_claimed(handle)
  File "/opt/pypto/runtime/python/simpler/worker.py", line 9326, in _release_domain_claimed
    _run_with_owned_shared_memory(
  File "/opt/pypto/runtime/python/simpler/worker.py", line 1643, in _run_with_owned_shared_memory
    raise result.error
  File "/opt/pypto/runtime/python/simpler/worker.py", line 1339, in invoke
    result.value = operation()
                   ^^^^^^^^^^^
  File "/opt/pypto/runtime/python/simpler/worker.py", line 1636, in run_lifecycle
    raise operation_error
  File "/opt/pypto/runtime/python/simpler/worker.py", line 1623, in run_lifecycle
    value = operation(owner)
            ^^^^^^^^^^^^^^^^
  File "/opt/pypto/runtime/python/simpler/worker.py", line 9314, in release
    self._dispatch_control_domain(
  File "/opt/pypto/runtime/python/simpler/worker.py", line 9367, in _dispatch_control_domain
    raise RuntimeError(
RuntimeError: release_domain(allocation_id=0) failed on 4/4 chips; first error chip=3: control_release_domain: child process pid=939819 exited before mailbox completion (exit_status=0)
/usr/local/python3.12.13/lib/python3.12/multiprocessing/resource_tracker.py:279: UserWarning: resource_tracker: There appear to be 4 leaked shared_memory objects to clean up at shutdown
  warnings.warn('resource_tracker: There appear to be %d '

