===== WEIRD RECHECK RESUME EP8 2026-09-11T13:31:36Z =====
[pre-heal] rc=0
[resume] keeping 21 OK tags from /opt/pypto-profiling/reports/issue-2521-a1-alltoallv-weird-recheck-2026-09-11/summary.json

=== p8_managed-l2_uniform_0 SKIP (resume OK) ===

=== p8_managed-l2_uniform_24576 devices=0,1,2,3,4,5,6,7 attempts=6 ===
  FAIL attempt=1/6 rc=1
37651263666081 dur=470 
[mono_ns=7337651263648241][T0xf10d508bb020][TIMING] emit_host_span: [STRACE] v=1 pid=942764 tid=942764 inv=1 hid=a34e5821d2c54dd5 depth=1 name=chip.run.claim_release ts=7337651263646031 dur=400 
[mono_ns=7337651263651061][T0xf10d508bb020][TIMING] emit_host_span: [STRACE] v=1 pid=942777 tid=942777 inv=1 hid=a34e5821d2c54dd5 depth=0 name=chip.run ts=7337651258471871 dur=5177050 run_id=1 dispatch_id=1 slot_id=0 generation=1 run_epoch=1
[mono_ns=7337651263639931][T0xf10d508bb020][TIMING] emit_host_span: [STRACE] v=1 pid=942797 tid=942797 inv=1 hid=a34e5821d2c54dd5 depth=1 name=chip.run.claim_release ts=7337651263637771 dur=340 
[mono_ns=7337651263693011][T0xf10d508bb020][TIMING] emit_host_span: [STRACE] v=1 pid=942771 tid=942771 inv=1 hid=a34e5821d2c54dd5 depth=0 name=chip.run ts=7337651258520221 dur=5170250 run_id=1 dispatch_id=1 slot_id=0 generation=1 run_epoch=1
[mono_ns=7337651263653121][T0xf10d508bb020][TIMING] emit_host_span: [STRACE] v=1 pid=942764 tid=942764 inv=1 hid=a34e5821d2c54dd5 depth=0 name=chip.run ts=7337651257502797 dur=6148314 run_id=1 dispatch_id=1 slot_id=0 generation=1 run_epoch=1
[mono_ns=7337651263645551][T0xf10d508bb020][TIMING] emit_host_span: [STRACE] v=1 pid=942797 tid=942797 inv=1 hid=a34e5821d2c54dd5 depth=0 name=chip.run ts=7337651257622508 dur=6021033 run_id=1 dispatch_id=1 slot_id=0 generation=1 run_epoch=1
[mono_ns=7337651263983632][T0xf10d508bb020][TIMING] emit_host_span: [STRACE] v=1 pid=935507 tid=935507 inv=1 hid=0 depth=0 name=node.post_fence_retirement ts=7337651263743881 dur=232571 run_id=1 slot_id=0 generation=1 role=facade
Traceback (most recent call last):
  File "/opt/pypto-profiling/collectives/a1_alltoallv/harness/all_to_all_v_benchmark.py", line 1202, in <module>
    raise SystemExit(main())
  File "/opt/pypto-profiling/collectives/a1_alltoallv/harness/all_to_all_v_benchmark.py", line 1191, in main
    doc = run_benchmark(args, shape)
  File "/opt/pypto-profiling/collectives/a1_alltoallv/harness/all_to_all_v_benchmark.py", line 1049, in run_benchmark
    host_slots, slot_rank = _timed_session(
  File "/opt/pypto-profiling/collectives/a1_alltoallv/harness/all_to_all_v_benchmark.py", line 982, in _timed_session
    check_correctness(shape, inputs, send_counts, outputs, recv_out)
  File "/opt/pypto-profiling/collectives/a1_alltoallv/harness/all_to_all_v_benchmark.py", line 874, in check_correctness
    raise AssertionError(
AssertionError: rank=3 src=3: recv_counts=0 != clamped send_counts=1

  [heal] EP4 smoke on 0,1,2,3 ...
  [heal] rc=0 OK
  [cooldown] sleeping 40s before retry
  FAIL attempt=2/6 rc=-11
, line 9232, in release_claim
    self._release_domain_claimed(handle)
  File "/opt/pypto/runtime/python/simpler/worker.py", line 9293, in _release_domain_claimed
    _run_with_owned_shared_memory(
  File "/opt/pypto/runtime/python/simpler/worker.py", line 1643, in _run_with_owned_shared_memory
    raise result.error
  File "/opt/pypto/runtime/python/simpler/worker.py", line 1339, in invoke
    result.value = operation()
  File "/opt/pypto/runtime/python/simpler/worker.py", line 1636, in run_lifecycle
    raise operation_error
  File "/opt/pypto/runtime/python/simpler/worker.py", line 1623, in run_lifecycle
    value = operation(owner)
  File "/opt/pypto/runtime/python/simpler/worker.py", line 9281, in release
    self._dispatch_control_domain(
  File "/opt/pypto/runtime/python/simpler/worker.py", line 9334, in _dispatch_control_domain
    raise RuntimeError(
RuntimeError: release_domain(allocation_id=0) failed on 8/8 chips; first error chip=0: control_release_domain failed on child: chip_process dev=0 ctrl=8: RuntimeError: comm_release_domain_windows failed with code -1
[mono_ns=7338030132208183][T0xff293a17b020][WARN] comm_destroy: [comm_hccl.cpp:1747] [comm rank 0] comm_destroy: final barrier failed during departure wait for rank 4; releasing local state anyway
[mono_ns=7338030269318706][T0xff293a17b020][WARN] comm_destroy: [comm_hccl.cpp:1800] [comm rank 6] comm_destroy: final release failed during release wait for rank 6
[mono_ns=7338030326185906][T0xff293a17b020][WARN] comm_destroy: [comm_hccl.cpp:1800] [comm rank 5] comm_destroy: final release failed during release wait for rank 5
[mono_ns=7338030369538757][T0xff293a17b020][WARN] comm_destroy: [comm_hccl.cpp:1800] [comm rank 2] comm_destroy: final release failed during release wait for rank 2
[mono_ns=7338030373882946][T0xff293a17b020][WARN] comm_destroy: [comm_hccl.cpp:1800] [comm rank 1] comm_destroy: final release failed during release wait for rank 1
[mono_ns=7338030461175710][T0xff293a17b020][WARN] comm_destroy: [comm_hccl.cpp:1800] [comm rank 3] comm_destroy: final release failed during release wait for rank 3
[mono_ns=7338030476410117][T0xff293a17b020][WARN] comm_destroy: [comm_hccl.cpp:1800] [comm rank 7] comm_destroy: final release failed during release wait for rank 7
/usr/lib/python3.10/multiprocessing/resource_tracker.py:224: UserWarning: resource_tracker: There appear to be 8 leaked shared_memory objects to clean up at shutdown
  warnings.warn('resource_tracker: There appear to be %d '

  [heal] EP4 smoke on 0,1,2,3 ...
  [heal] rc=0 OK
  [cooldown] sleeping 40s before retry
  FAIL attempt=3/6 rc=-11
 close
    raise result
  File "/opt/pypto/runtime/python/simpler/worker.py", line 12056, in close
    self._teardown_ready_tree()
  File "/opt/pypto/runtime/python/simpler/worker.py", line 12469, in _teardown_ready_tree
    self._teardown_worker_tree(startup_abort=False)
  File "/opt/pypto/runtime/python/simpler/worker.py", line 12352, in _teardown_worker_tree
    raise journal_err
  File "/opt/pypto/runtime/python/simpler/worker.py", line 3882, in drive
    cleanup_fn()
  File "/opt/pypto/runtime/python/simpler/worker.py", line 10252, in _release_all_live_domains
    _raise_first(_release, list(live_domains.values())[::-1])
  File "/opt/pypto/runtime/python/simpler/worker.py", line 1107, in _raise_first
    raise first_error
  File "/opt/pypto/runtime/python/simpler/worker.py", line 1102, in _raise_first
    step(item)
  File "/opt/pypto/runtime/python/simpler/worker.py", line 10247, in _release
    self._release_domain_now(handle)
  File "/opt/pypto/runtime/python/simpler/worker.py", line 9248, in _release_domain_now
    raise result.error
  File "/opt/pypto/runtime/python/simpler/worker.py", line 1339, in invoke
    result.value = operation()
  File "/opt/pypto/runtime/python/simpler/worker.py", line 9232, in release_claim
    self._release_domain_claimed(handle)
  File "/opt/pypto/runtime/python/simpler/worker.py", line 9293, in _release_domain_claimed
    _run_with_owned_shared_memory(
  File "/opt/pypto/runtime/python/simpler/worker.py", line 1643, in _run_with_owned_shared_memory
    raise result.error
  File "/opt/pypto/runtime/python/simpler/worker.py", line 1339, in invoke
    result.value = operation()
  File "/opt/pypto/runtime/python/simpler/worker.py", line 1636, in run_lifecycle
    raise operation_error
  File "/opt/pypto/runtime/python/simpler/worker.py", line 1623, in run_lifecycle
    value = operation(owner)
  File "/opt/pypto/runtime/python/simpler/worker.py", line 9281, in release
    self._dispatch_control_domain(
  File "/opt/pypto/runtime/python/simpler/worker.py", line 9334, in _dispatch_control_domain
    raise RuntimeError(
RuntimeError: release_domain(allocation_id=0) failed on 8/8 chips; first error chip=7: control_release_domain: child process pid=1126132 exited before mailbox completion (exit_status=0)
/usr/lib/python3.10/multiprocessing/resource_tracker.py:224: UserWarning: resource_tracker: There appear to be 8 leaked shared_memory objects to clean up at shutdown
  warnings.warn('resource_tracker: There appear to be %d '

  [heal] EP4 smoke on 0,1,2,3 ...
  [heal] rc=0 OK
  [cooldown] sleeping 40s before retry
  FAIL attempt=4/6 rc=-11
 close
    raise result
  File "/opt/pypto/runtime/python/simpler/worker.py", line 12056, in close
    self._teardown_ready_tree()
  File "/opt/pypto/runtime/python/simpler/worker.py", line 12469, in _teardown_ready_tree
    self._teardown_worker_tree(startup_abort=False)
  File "/opt/pypto/runtime/python/simpler/worker.py", line 12352, in _teardown_worker_tree
    raise journal_err
  File "/opt/pypto/runtime/python/simpler/worker.py", line 3882, in drive
    cleanup_fn()
  File "/opt/pypto/runtime/python/simpler/worker.py", line 10252, in _release_all_live_domains
    _raise_first(_release, list(live_domains.values())[::-1])
  File "/opt/pypto/runtime/python/simpler/worker.py", line 1107, in _raise_first
    raise first_error
  File "/opt/pypto/runtime/python/simpler/worker.py", line 1102, in _raise_first
    step(item)
  File "/opt/pypto/runtime/python/simpler/worker.py", line 10247, in _release
    self._release_domain_now(handle)
  File "/opt/pypto/runtime/python/simpler/worker.py", line 9248, in _release_domain_now
    raise result.error
  File "/opt/pypto/runtime/python/simpler/worker.py", line 1339, in invoke
    result.value = operation()
  File "/opt/pypto/runtime/python/simpler/worker.py", line 9232, in release_claim
    self._release_domain_claimed(handle)
  File "/opt/pypto/runtime/python/simpler/worker.py", line 9293, in _release_domain_claimed
    _run_with_owned_shared_memory(
  File "/opt/pypto/runtime/python/simpler/worker.py", line 1643, in _run_with_owned_shared_memory
    raise result.error
  File "/opt/pypto/runtime/python/simpler/worker.py", line 1339, in invoke
    result.value = operation()
  File "/opt/pypto/runtime/python/simpler/worker.py", line 1636, in run_lifecycle
    raise operation_error
  File "/opt/pypto/runtime/python/simpler/worker.py", line 1623, in run_lifecycle
    value = operation(owner)
  File "/opt/pypto/runtime/python/simpler/worker.py", line 9281, in release
    self._dispatch_control_domain(
  File "/opt/pypto/runtime/python/simpler/worker.py", line 9334, in _dispatch_control_domain
    raise RuntimeError(
RuntimeError: release_domain(allocation_id=0) failed on 8/8 chips; first error chip=3: control_release_domain: child process pid=1177452 exited before mailbox completion (exit_status=0)
/usr/lib/python3.10/multiprocessing/resource_tracker.py:224: UserWarning: resource_tracker: There appear to be 8 leaked shared_memory objects to clean up at shutdown
  warnings.warn('resource_tracker: There appear to be %d '

  [heal] EP4 smoke on 0,1,2,3 ...
  [heal] rc=0 OK
  [cooldown] sleeping 40s before retry
  FAIL attempt=5/6 rc=-11
 close
    raise result
  File "/opt/pypto/runtime/python/simpler/worker.py", line 12056, in close
    self._teardown_ready_tree()
  File "/opt/pypto/runtime/python/simpler/worker.py", line 12469, in _teardown_ready_tree
    self._teardown_worker_tree(startup_abort=False)
  File "/opt/pypto/runtime/python/simpler/worker.py", line 12352, in _teardown_worker_tree
    raise journal_err
  File "/opt/pypto/runtime/python/simpler/worker.py", line 3882, in drive
    cleanup_fn()
  File "/opt/pypto/runtime/python/simpler/worker.py", line 10252, in _release_all_live_domains
    _raise_first(_release, list(live_domains.values())[::-1])
  File "/opt/pypto/runtime/python/simpler/worker.py", line 1107, in _raise_first
    raise first_error
  File "/opt/pypto/runtime/python/simpler/worker.py", line 1102, in _raise_first
    step(item)
  File "/opt/pypto/runtime/python/simpler/worker.py", line 10247, in _release
    self._release_domain_now(handle)
  File "/opt/pypto/runtime/python/simpler/worker.py", line 9248, in _release_domain_now
    raise result.error
  File "/opt/pypto/runtime/python/simpler/worker.py", line 1339, in invoke
    result.value = operation()
  File "/opt/pypto/runtime/python/simpler/worker.py", line 9232, in release_claim
    self._release_domain_claimed(handle)
  File "/opt/pypto/runtime/python/simpler/worker.py", line 9293, in _release_domain_claimed
    _run_with_owned_shared_memory(
  File "/opt/pypto/runtime/python/simpler/worker.py", line 1643, in _run_with_owned_shared_memory
    raise result.error
  File "/opt/pypto/runtime/python/simpler/worker.py", line 1339, in invoke
    result.value = operation()
  File "/opt/pypto/runtime/python/simpler/worker.py", line 1636, in run_lifecycle
    raise operation_error
  File "/opt/pypto/runtime/python/simpler/worker.py", line 1623, in run_lifecycle
    value = operation(owner)
  File "/opt/pypto/runtime/python/simpler/worker.py", line 9281, in release
    self._dispatch_control_domain(
  File "/opt/pypto/runtime/python/simpler/worker.py", line 9334, in _dispatch_control_domain
    raise RuntimeError(
RuntimeError: release_domain(allocation_id=0) failed on 8/8 chips; first error chip=1: control_release_domain: child process pid=1226136 exited before mailbox completion (exit_status=0)
/usr/lib/python3.10/multiprocessing/resource_tracker.py:224: UserWarning: resource_tracker: There appear to be 8 leaked shared_memory objects to clean up at shutdown
  warnings.warn('resource_tracker: There appear to be %d '

  [heal] EP4 smoke on 0,1,2,3 ...
  [heal] rc=0 OK
  [cooldown] sleeping 40s before retry
  FAIL attempt=6/6 rc=-11
 close
    raise result
  File "/opt/pypto/runtime/python/simpler/worker.py", line 12056, in close
    self._teardown_ready_tree()
  File "/opt/pypto/runtime/python/simpler/worker.py", line 12469, in _teardown_ready_tree
    self._teardown_worker_tree(startup_abort=False)
  File "/opt/pypto/runtime/python/simpler/worker.py", line 12352, in _teardown_worker_tree
    raise journal_err
  File "/opt/pypto/runtime/python/simpler/worker.py", line 3882, in drive
    cleanup_fn()
  File "/opt/pypto/runtime/python/simpler/worker.py", line 10252, in _release_all_live_domains
    _raise_first(_release, list(live_domains.values())[::-1])
  File "/opt/pypto/runtime/python/simpler/worker.py", line 1107, in _raise_first
    raise first_error
  File "/opt/pypto/runtime/python/simpler/worker.py", line 1102, in _raise_first
    step(item)
  File "/opt/pypto/runtime/python/simpler/worker.py", line 10247, in _release
    self._release_domain_now(handle)
  File "/opt/pypto/runtime/python/simpler/worker.py", line 9248, in _release_domain_now
    raise result.error
  File "/opt/pypto/runtime/python/simpler/worker.py", line 1339, in invoke
    result.value = operation()
  File "/opt/pypto/runtime/python/simpler/worker.py", line 9232, in release_claim
    self._release_domain_claimed(handle)
  File "/opt/pypto/runtime/python/simpler/worker.py", line 9293, in _release_domain_claimed
    _run_with_owned_shared_memory(
  File "/opt/pypto/runtime/python/simpler/worker.py", line 1643, in _run_with_owned_shared_memory
    raise result.error
  File "/opt/pypto/runtime/python/simpler/worker.py", line 1339, in invoke
    result.value = operation()
  File "/opt/pypto/runtime/python/simpler/worker.py", line 1636, in run_lifecycle
    raise operation_error
  File "/opt/pypto/runtime/python/simpler/worker.py", line 1623, in run_lifecycle
    value = operation(owner)
  File "/opt/pypto/runtime/python/simpler/worker.py", line 9281, in release
    self._dispatch_control_domain(
  File "/opt/pypto/runtime/python/simpler/worker.py", line 9334, in _dispatch_control_domain
    raise RuntimeError(
RuntimeError: release_domain(allocation_id=0) failed on 8/8 chips; first error chip=4: control_release_domain: child process pid=1274515 exited before mailbox completion (exit_status=0)
/usr/lib/python3.10/multiprocessing/resource_tracker.py:224: UserWarning: resource_tracker: There appear to be 8 leaked shared_memory objects to clean up at shutdown
  warnings.warn('resource_tracker: There appear to be %d '


=== p8_managed-l2_uniform_24960 devices=0,1,2,3,4,5,6,7 attempts=6 ===
  FAIL attempt=1/6 rc=-11
 close
    raise result
  File "/opt/pypto/runtime/python/simpler/worker.py", line 12056, in close
    self._teardown_ready_tree()
  File "/opt/pypto/runtime/python/simpler/worker.py", line 12469, in _teardown_ready_tree
    self._teardown_worker_tree(startup_abort=False)
  File "/opt/pypto/runtime/python/simpler/worker.py", line 12352, in _teardown_worker_tree
    raise journal_err
  File "/opt/pypto/runtime/python/simpler/worker.py", line 3882, in drive
    cleanup_fn()
  File "/opt/pypto/runtime/python/simpler/worker.py", line 10252, in _release_all_live_domains
    _raise_first(_release, list(live_domains.values())[::-1])
  File "/opt/pypto/runtime/python/simpler/worker.py", line 1107, in _raise_first
    raise first_error
  File "/opt/pypto/runtime/python/simpler/worker.py", line 1102, in _raise_first
    step(item)
  File "/opt/pypto/runtime/python/simpler/worker.py", line 10247, in _release
    self._release_domain_now(handle)
  File "/opt/pypto/runtime/python/simpler/worker.py", line 9248, in _release_domain_now
    raise result.error
  File "/opt/pypto/runtime/python/simpler/worker.py", line 1339, in invoke
    result.value = operation()
  File "/opt/pypto/runtime/python/simpler/worker.py", line 9232, in release_claim
    self._release_domain_claimed(handle)
  File "/opt/pypto/runtime/python/simpler/worker.py", line 9293, in _release_domain_claimed
    _run_with_owned_shared_memory(
  File "/opt/pypto/runtime/python/simpler/worker.py", line 1643, in _run_with_owned_shared_memory
    raise result.error
  File "/opt/pypto/runtime/python/simpler/worker.py", line 1339, in invoke
    result.value = operation()
  File "/opt/pypto/runtime/python/simpler/worker.py", line 1636, in run_lifecycle
    raise operation_error
  File "/opt/pypto/runtime/python/simpler/worker.py", line 1623, in run_lifecycle
    value = operation(owner)
  File "/opt/pypto/runtime/python/simpler/worker.py", line 9281, in release
    self._dispatch_control_domain(
  File "/opt/pypto/runtime/python/simpler/worker.py", line 9334, in _dispatch_control_domain
    raise RuntimeError(
RuntimeError: release_domain(allocation_id=0) failed on 8/8 chips; first error chip=1: control_release_domain: child process pid=1305033 exited before mailbox completion (exit_status=0)
/usr/lib/python3.10/multiprocessing/resource_tracker.py:224: UserWarning: resource_tracker: There appear to be 8 leaked shared_memory objects to clean up at shutdown
  warnings.warn('resource_tracker: There appear to be %d '

  [heal] EP4 smoke on 0,1,2,3 ...
  [heal] rc=0 OK
  [cooldown] sleeping 40s before retry
  FAIL attempt=2/6 rc=-11
, line 9232, in release_claim
    self._release_domain_claimed(handle)
  File "/opt/pypto/runtime/python/simpler/worker.py", line 9293, in _release_domain_claimed
    _run_with_owned_shared_memory(
  File "/opt/pypto/runtime/python/simpler/worker.py", line 1643, in _run_with_owned_shared_memory
    raise result.error
  File "/opt/pypto/runtime/python/simpler/worker.py", line 1339, in invoke
    result.value = operation()
  File "/opt/pypto/runtime/python/simpler/worker.py", line 1636, in run_lifecycle
    raise operation_error
  File "/opt/pypto/runtime/python/simpler/worker.py", line 1623, in run_lifecycle
    value = operation(owner)
  File "/opt/pypto/runtime/python/simpler/worker.py", line 9281, in release
    self._dispatch_control_domain(
  File "/opt/pypto/runtime/python/simpler/worker.py", line 9334, in _dispatch_control_domain
    raise RuntimeError(
RuntimeError: release_domain(allocation_id=0) failed on 8/8 chips; first error chip=5: control_release_domain failed on child: chip_process dev=5 ctrl=8: RuntimeError: comm_release_domain_windows failed with code -1
[mono_ns=7339028456204768][T0xee51c0a5b020][WARN] comm_destroy: [comm_hccl.cpp:1747] [comm rank 0] comm_destroy: final barrier failed during departure wait for rank 3; releasing local state anyway
[mono_ns=7339028571454373][T0xee51c0a5b020][WARN] comm_destroy: [comm_hccl.cpp:1800] [comm rank 2] comm_destroy: final release failed during release wait for rank 2
[mono_ns=7339028658770513][T0xee51c0a5b020][WARN] comm_destroy: [comm_hccl.cpp:1800] [comm rank 5] comm_destroy: final release failed during release wait for rank 5
[mono_ns=7339028669826856][T0xee51c0a5b020][WARN] comm_destroy: [comm_hccl.cpp:1800] [comm rank 7] comm_destroy: final release failed during release wait for rank 7
[mono_ns=7339028738246795][T0xee51c0a5b020][WARN] comm_destroy: [comm_hccl.cpp:1800] [comm rank 6] comm_destroy: final release failed during release wait for rank 6
[mono_ns=7339028781823645][T0xee51c0a5b020][WARN] comm_destroy: [comm_hccl.cpp:1800] [comm rank 1] comm_destroy: final release failed during release wait for rank 1
[mono_ns=7339028785179101][T0xee51c0a5b020][WARN] comm_destroy: [comm_hccl.cpp:1800] [comm rank 4] comm_destroy: final release failed during release wait for rank 4
/usr/lib/python3.10/multiprocessing/resource_tracker.py:224: UserWarning: resource_tracker: There appear to be 8 leaked shared_memory objects to clean up at shutdown
  warnings.warn('resource_tracker: There appear to be %d '

  [heal] EP4 smoke on 0,1,2,3 ...
  [heal] rc=1 FAIL
339174790148258][T0xe14e8580b020][WARN] comm_destroy: [comm_hccl.cpp:1747] [comm rank 0] comm_destroy: final barrier failed during arrival wait for rank 2; releasing local state anyway
[mono_ns=7339174790066207][T0xe14e8580b020][WARN] comm_destroy: [comm_hccl.cpp:1747] [comm rank 3] comm_destroy: final barrier failed during arrival wait for rank 2; releasing local state anyway
[mono_ns=7339174807721984][T0xe14e8580b020][WARN] comm_destroy: [comm_hccl.cpp:1747] [comm rank 1] comm_destroy: final barrier failed during arrival wait for rank 2; releasing local state anyway
/usr/lib/python3.10/multiprocessing/resource_tracker.py:224: UserWarning: resource_tracker: There appear to be 3 leaked shared_memory objects to clean up at shutdown
  warnings.warn('resource_tracker: There appear to be %d '

  [cooldown] sleeping 40s before retry
  FAIL attempt=3/6 rc=1
ror chip=3: control_comm_init failed on child: chip_process dev=3 ctrl=9: RuntimeError: comm_init failed

During handling of the above exception, another exception occurred:

Traceback (most recent call last):
  File "/opt/pypto-profiling/collectives/a1_alltoallv/harness/all_to_all_v_benchmark.py", line 1202, in <module>
    raise SystemExit(main())
  File "/opt/pypto-profiling/collectives/a1_alltoallv/harness/all_to_all_v_benchmark.py", line 1191, in main
    doc = run_benchmark(args, shape)
  File "/opt/pypto-profiling/collectives/a1_alltoallv/harness/all_to_all_v_benchmark.py", line 1049, in run_benchmark
    host_slots, slot_rank = _timed_session(
  File "/opt/pypto-profiling/collectives/a1_alltoallv/harness/all_to_all_v_benchmark.py", line 975, in _timed_session
    with compiled.prepare(
  File "/opt/pypto/python/pypto/runtime/distributed_runner.py", line 3057, in __exit__
    self.close()
  File "/opt/pypto/python/pypto/runtime/distributed_runner.py", line 3048, in close
    raise first_error
  File "/opt/pypto/python/pypto/runtime/distributed_runner.py", line 3034, in close
    self._w.close()
  File "/opt/pypto/runtime/python/simpler/worker.py", line 12134, in close
    raise result
  File "/opt/pypto/runtime/python/simpler/worker.py", line 12056, in close
    self._teardown_ready_tree()
  File "/opt/pypto/runtime/python/simpler/worker.py", line 12469, in _teardown_ready_tree
    self._teardown_worker_tree(startup_abort=False)
  File "/opt/pypto/runtime/python/simpler/worker.py", line 12466, in _teardown_worker_tree
    raise errors[0]
  File "/opt/pypto/runtime/python/simpler/worker.py", line 12325, in _step
    fn()
  File "/opt/pypto/runtime/python/simpler/worker.py", line 12451, in <lambda>
    _step(lambda: self._reclaim_child_groups(reap_deadline))
  File "/opt/pypto/runtime/python/simpler/worker.py", line 12302, in _reclaim_child_groups
    raise reap_error
  File "/opt/pypto/runtime/python/simpler/worker.py", line 12267, in _reclaim_child_groups
    self._reap_child_groups(groups, deadline)
  File "/opt/pypto/runtime/python/simpler/worker.py", line 12233, in _reap_child_groups
    raise errors[0]
TimeoutError: child process(es) [1541272, 1541308, 1541392, 1541409, 1541427, 1541447] did not exit within the close budget
/usr/lib/python3.10/multiprocessing/resource_tracker.py:224: UserWarning: resource_tracker: There appear to be 6 leaked shared_memory objects to clean up at shutdown
  warnings.warn('resource_tracker: There appear to be %d '

  [heal] EP4 smoke on 0,1,2,3 ...
