[mono_ns=7252905757626958][T0xf337382cb020][TIMING] emit_host_span: [STRACE] v=1 pid=2008039 tid=2008039 inv=1 hid=fe2003bfef4e0f07 depth=2 name=chip.run.bind.args ts=7252905757323537 dur=296791 
[mono_ns=7252905757649598][T0xf337382cb020][TIMING] emit_host_span: [STRACE] v=1 pid=2008039 tid=2008039 inv=1 hid=fe2003bfef4e0f07 depth=2 name=chip.run.bind.prebuilt ts=7252905757643908 dur=2840 
[mono_ns=7252905757654948][T0xf337382cb020][TIMING] emit_host_span: [STRACE] v=1 pid=2008039 tid=2008039 inv=1 hid=fe2003bfef4e0f07 depth=1 name=chip.run.bind ts=7252905757233147 dur=419451 
[mono_ns=7252905873251534][T0xf337382cb020][TIMING] emit_host_span: [STRACE] v=1 pid=2008039 tid=2008039 inv=1 hid=fe2003bfef4e0f07 depth=1 name=chip.run.runner_run ts=7252905758751553 dur=114484901 
[mono_ns=7252905873611635][T0xf337382cb020][TIMING] emit_host_span: [STRACE] v=1 pid=2008039 tid=2008039 inv=1 hid=fe2003bfef4e0f07 depth=1 name=chip.run.validate ts=7252905873269954 dur=336511 
[mono_ns=7252905873620175][T0xf337382cb020][TIMING] emit_host_span: [STRACE] v=1 pid=2008039 tid=2008039 inv=1 hid=fe2003bfef4e0f07 depth=2 name=chip.run.runner_run.device_wall ts=0 dur=3649940 clk=dev
[mono_ns=7252905873625006][T0xf337382cb020][TIMING] emit_host_span: [STRACE] v=1 pid=2008039 tid=2008039 inv=1 hid=fe2003bfef4e0f07 depth=3 name=chip.run.runner_run.device_wall.preamble ts=0 dur=168359 clk=dev
[mono_ns=7252905873629886][T0xf337382cb020][TIMING] emit_host_span: [STRACE] v=1 pid=2008039 tid=2008039 inv=1 hid=fe2003bfef4e0f07 depth=3 name=chip.run.runner_run.device_wall.graph_build ts=40440 dur=3587560 clk=dev
[mono_ns=7252905873633196][T0xf337382cb020][TIMING] emit_host_span: [STRACE] v=1 pid=2008039 tid=2008039 inv=1 hid=fe2003bfef4e0f07 depth=3 name=chip.run.runner_run.device_wall.config_validate ts=44540 dur=4220 clk=dev
[mono_ns=7252905873636316][T0xf337382cb020][TIMING] emit_host_span: [STRACE] v=1 pid=2008039 tid=2008039 inv=1 hid=fe2003bfef4e0f07 depth=3 name=chip.run.runner_run.device_wall.arena_wire ts=48779 dur=13360 clk=dev
[mono_ns=7252905873639276][T0xf337382cb020][TIMING] emit_host_span: [STRACE] v=1 pid=2008039 tid=2008039 inv=1 hid=fe2003bfef4e0f07 depth=3 name=chip.run.runner_run.device_wall.sm_reset ts=62180 dur=19740 clk=dev
[mono_ns=7252905873648116][T0xf337382cb020][TIMING] emit_host_span: [STRACE] v=1 pid=2008039 tid=2008039 inv=1 hid=fe2003bfef4e0f07 depth=3 name=chip.run.runner_run.device_wall.post_orch ts=3628060 dur=17740 clk=dev
[mono_ns=7252905873651076][T0xf337382cb020][TIMING] emit_host_span: [STRACE] v=1 pid=2008039 tid=2008039 inv=1 hid=fe2003bfef4e0f07 depth=3 name=chip.run.runner_run.device_wall.orch ts=86840 dur=46060 clk=dev
[mono_ns=7252905873653966][T0xf337382cb020][TIMING] emit_host_span: [STRACE] v=1 pid=2008039 tid=2008039 inv=1 hid=fe2003bfef4e0f07 depth=3 name=chip.run.runner_run.device_wall.sched ts=170299 dur=3434680 clk=dev
[mono_ns=7252905873659156][T0xf337382cb020][TIMING] emit_host_span: [STRACE] v=1 pid=2008039 tid=2008039 inv=1 hid=fe2003bfef4e0f07 depth=1 name=chip.run.claim_release ts=7252905873656646 dur=750 
[mono_ns=7252905873665246][T0xf337382cb020][TIMING] emit_host_span: [STRACE] v=1 pid=2008039 tid=2008039 inv=1 hid=fe2003bfef4e0f07 depth=0 name=chip.run ts=7252905757148886 dur=116514340 run_id=1 dispatch_id=1 slot_id=0 generation=1 run_epoch=1
[mono_ns=7252905883185273][T0xf337382cb020][TIMING] emit_host_span: [STRACE] v=1 pid=2008039 tid=2008039 inv=2 hid=fe2003bfef4e0f07 depth=2 name=chip.run.bind.args ts=7252905882869642 dur=309841 
[mono_ns=7252905883200053][T0xf337382cb020][TIMING] emit_host_span: [STRACE] v=1 pid=2008039 tid=2008039 inv=2 hid=fe2003bfef4e0f07 depth=2 name=chip.run.bind.prebuilt ts=7252905883195033 dur=2650 
[mono_ns=7252905883209463][T0xf337382cb020][TIMING] emit_host_span: [STRACE] v=1 pid=2008039 tid=2008039 inv=2 hid=fe2003bfef4e0f07 depth=1 name=chip.run.bind ts=7252905882863002 dur=344321 
[mono_ns=7252905947602217][T0xf335f484bca0][WARN] copy_aicore_buffer: [chip_swimlane_collector.cpp:689] Core 0: skipped 1024 AICore record slot(s) with start_time=0 (race-window write or recycled-buffer tail). buf seq=0 count=1024
[mono_ns=7252905947603827][T0xf335db6faca0][WARN] copy_aicore_buffer: [chip_swimlane_collector.cpp:689] Core 2: skipped 1024 AICore record slot(s) with start_time=0 (race-window write or recycled-buffer tail). buf seq=0 count=1024
[mono_ns=7252905947610087][T0xf335dbf0aca0][WARN] copy_aicore_buffer: [chip_swimlane_collector.cpp:689] Core 1: skipped 1024 AICore record slot(s) with start_time=0 (race-window write or recycled-buffer tail). buf seq=0 count=1024
[mono_ns=7252905947931089][T0xf335f484bca0][WARN] copy_aicore_buffer: [chip_swimlane_collector.cpp:689] Core 24: skipped 1022 AICore record slot(s) with start_time=0 (race-window write or recycled-buffer tail). buf seq=0 count=1024
[mono_ns=7252905947932359][T0xf335dbf0aca0][WARN] copy_aicore_buffer: [chip_swimlane_collector.cpp:689] Core 26: skipped 1024 AICore record slot(s) with start_time=0 (race-window write or recycled-buffer tail). buf seq=0 count=1024
[mono_ns=7252905947933189][T0xf335db6faca0][WARN] copy_aicore_buffer: [chip_swimlane_collector.cpp:689] Core 28: skipped 1023 AICore record slot(s) with start_time=0 (race-window write or recycled-buffer tail). buf seq=0 count=1024
[mono_ns=7252905948265010][T0xf335db6faca0][WARN] copy_aicore_buffer: [chip_swimlane_collector.cpp:689] Core 29: skipped 1024 AICore record slot(s) with start_time=0 (race-window write or recycled-buffer tail). buf seq=0 count=1024
[mono_ns=7252905948270440][T0xf335f484bca0][WARN] copy_aicore_buffer: [chip_swimlane_collector.cpp:689] Core 25: skipped 1024 AICore record slot(s) with start_time=0 (race-window write or recycled-buffer tail). buf seq=0 count=1024
[mono_ns=7252905948278250][T0xf335dbf0aca0][WARN] copy_aicore_buffer: [chip_swimlane_collector.cpp:689] Core 27: skipped 1024 AICore record slot(s) with start_time=0 (race-window write or recycled-buffer tail). buf seq=0 count=1024
[mono_ns=7252905948695342][T0xf335dbf0aca0][WARN] copy_aicore_buffer: [chip_swimlane_collector.cpp:689] Core 4: skipped 1024 AICore record slot(s) with start_time=0 (race-window write or recycled-buffer tail). buf seq=0 count=1024
[mono_ns=7252905948699902][T0xf335f484bca0][WARN] copy_aicore_buffer: [chip_swimlane_collector.cpp:689] Core 3: skipped 1024 AICore record slot(s) with start_time=0 (race-window write or recycled-buffer tail). buf seq=0 count=1024
[mono_ns=7252905948701802][T0xf335db6faca0][WARN] copy_aicore_buffer: [chip_swimlane_collector.cpp:689] Core 5: skipped 1024 AICore record slot(s) with start_time=0 (race-window write or recycled-buffer tail). buf seq=0 count=1024
[mono_ns=7252905949033953][T0xf335dbf0aca0][WARN] copy_aicore_buffer: [chip_swimlane_collector.cpp:689] Core 32: skipped 1024 AICore record slot(s) with start_time=0 (race-window write or recycled-buffer tail). buf seq=0 count=1024
[mono_ns=7252905949065053][T0xf335f484bca0][WARN] copy_aicore_buffer: [chip_swimlane_collector.cpp:689] Core 30: skipped 1024 AICore record slot(s) with start_time=0 (race-window write or recycled-buffer tail). buf seq=0 count=1024
[mono_ns=7252905949076033][T0xf335db6faca0][WARN] copy_aicore_buffer: [chip_swimlane_collector.cpp:689] Core 34: skipped 1024 AICore record slot(s) with start_time=0 (race-window write or recycled-buffer tail). buf seq=0 count=1024
[mono_ns=7252905949367644][T0xf335dbf0aca0][WARN] copy_aicore_buffer: [chip_swimlane_collector.cpp:689] Core 33: skipped 1024 AICore record slot(s) with start_time=0 (race-window write or recycled-buffer tail). buf seq=0 count=1024
[mono_ns=7252905949387694][T0xf335f484bca0][WARN] copy_aicore_buffer: [chip_swimlane_collector.cpp:689] Core 31: skipped 1024 AICore record slot(s) with start_time=0 (race-window write or recycled-buffer tail). buf seq=0 count=1024
[mono_ns=7252905949398034][T0xf335db6faca0][WARN] copy_aicore_buffer: [chip_swimlane_collector.cpp:689] Core 35: skipped 1024 AICore record slot(s) with start_time=0 (race-window write or recycled-buffer tail). buf seq=0 count=1024
[mono_ns=7252905949705266][T0xf335dbf0aca0][WARN] copy_aicore_buffer: [chip_swimlane_collector.cpp:689] Core 7: skipped 1024 AICore record slot(s) with start_time=0 (race-window write or recycled-buffer tail). buf seq=0 count=1024
[mono_ns=7252905949712166][T0xf335f484bca0][WARN] copy_aicore_buffer: [chip_swimlane_collector.cpp:689] Core 6: skipped 1024 AICore record slot(s) with start_time=0 (race-window write or recycled-buffer tail). buf seq=0 count=1024
[mono_ns=7252905949718246][T0xf335db6faca0][WARN] copy_aicore_buffer: [chip_swimlane_collector.cpp:689] Core 8: skipped 1024 AICore record slot(s) with start_time=0 (race-window write or recycled-buffer tail). buf seq=0 count=1024
[mono_ns=7252905950045727][T0xf335dbf0aca0][WARN] copy_aicore_buffer: [chip_swimlane_collector.cpp:689] Core 38: skipped 1024 AICore record slot(s) with start_time=0 (race-window write or recycled-buffer tail). buf seq=0 count=1024
[mono_ns=7252905950046267][T0xf335f484bca0][WARN] copy_aicore_buffer: [chip_swimlane_collector.cpp:689] Core 36: skipped 1024 AICore record slot(s) with start_time=0 (race-window write or recycled-buffer tail). buf seq=0 count=1024
[mono_ns=7252905950061367][T0xf335db6faca0][WARN] copy_aicore_buffer: [chip_swimlane_collector.cpp:689] Core 40: skipped 1024 AICore record slot(s) with start_time=0 (race-window write or recycled-buffer tail). buf seq=0 count=1024
[mono_ns=7252905950374978][T0xf335dbf0aca0][WARN] copy_aicore_buffer: [chip_swimlane_collector.cpp:689] Core 39: skipped 1024 AICore record slot(s) with start_time=0 (race-window write or recycled-buffer tail). buf seq=0 count=1024
[mono_ns=7252905950381668][T0xf335f484bca0][WARN] copy_aicore_buffer: [chip_swimlane_collector.cpp:689] Core 37: skipped 1024 AICore record slot(s) with start_time=0 (race-window write or recycled-buffer tail). buf seq=0 count=1024
[mono_ns=7252905950393718][T0xf335db6faca0][WARN] copy_aicore_buffer: [chip_swimlane_collector.cpp:689] Core 41: skipped 1024 AICore record slot(s) with start_time=0 (race-window write or recycled-buffer tail). buf seq=0 count=1024
[mono_ns=7252905950697209][T0xf335dbf0aca0][WARN] copy_aicore_buffer: [chip_swimlane_collector.cpp:689] Core 10: skipped 1024 AICore record slot(s) with start_time=0 (race-window write or recycled-buffer tail). buf seq=0 count=1024
[mono_ns=7252905950706769][T0xf335f484bca0][WARN] copy_aicore_buffer: [chip_swimlane_collector.cpp:689] Core 9: skipped 1024 AICore record slot(s) with start_time=0 (race-window write or recycled-buffer tail). buf seq=0 count=1024
[mono_ns=7252905950714680][T0xf335db6faca0][WARN] copy_aicore_buffer: [chip_swimlane_collector.cpp:689] Core 11: skipped 1024 AICore record slot(s) with start_time=0 (race-window write or recycled-buffer tail). buf seq=0 count=1024
[mono_ns=7252905951028671][T0xf335dbf0aca0][WARN] copy_aicore_buffer: [chip_swimlane_collector.cpp:689] Core 44: skipped 1024 AICore record slot(s) with start_time=0 (race-window write or recycled-buffer tail). buf seq=0 count=1024
[mono_ns=7252905951041101][T0xf335f484bca0][WARN] copy_aicore_buffer: [chip_swimlane_collector.cpp:689] Core 42: skipped 1024 AICore record slot(s) with start_time=0 (race-window write or recycled-buffer tail). buf seq=0 count=1024
[mono_ns=7252905951054051][T0xf335db6faca0][WARN] copy_aicore_buffer: [chip_swimlane_collector.cpp:689] Core 46: skipped 1024 AICore record slot(s) with start_time=0 (race-window write or recycled-buffer tail). buf seq=0 count=1024
[mono_ns=7252905951352832][T0xf335dbf0aca0][WARN] copy_aicore_buffer: [chip_swimlane_collector.cpp:689] Core 45: skipped 1024 AICore record slot(s) with start_time=0 (race-window write or recycled-buffer tail). buf seq=0 count=1024
[mono_ns=7252905951364632][T0xf335f484bca0][WARN] copy_aicore_buffer: [chip_swimlane_collector.cpp:689] Core 43: skipped 1024 AICore record slot(s) with start_time=0 (race-window write or recycled-buffer tail). buf seq=0 count=1024
[mono_ns=7252905951374302][T0xf335db6faca0][WARN] copy_aicore_buffer: [chip_swimlane_collector.cpp:689] Core 47: skipped 1024 AICore record slot(s) with start_time=0 (race-window write or recycled-buffer tail). buf seq=0 count=1024
[mono_ns=7252905951682323][T0xf335dbf0aca0][WARN] copy_aicore_buffer: [chip_swimlane_collector.cpp:689] Core 13: skipped 1024 AICore record slot(s) with start_time=0 (race-window write or recycled-buffer tail). buf seq=0 count=1024
[mono_ns=7252905951693503][T0xf335f484bca0][WARN] copy_aicore_buffer: [chip_swimlane_collector.cpp:689] Core 12: skipped 1024 AICore record slot(s) with start_time=0 (race-window write or recycled-buffer tail). buf seq=0 count=1024
[mono_ns=7252905951698023][T0xf335db6faca0][WARN] copy_aicore_buffer: [chip_swimlane_collector.cpp:689] Core 14: skipped 1024 AICore record slot(s) with start_time=0 (race-window write or recycled-buffer tail). buf seq=0 count=1024
[mono_ns=7252905952018065][T0xf335dbf0aca0][WARN] copy_aicore_buffer: [chip_swimlane_collector.cpp:689] Core 50: skipped 1024 AICore record slot(s) with start_time=0 (race-window write or recycled-buffer tail). buf seq=0 count=1024
[mono_ns=7252905952030495][T0xf335f484bca0][WARN] copy_aicore_buffer: [chip_swimlane_collector.cpp:689] Core 48: skipped 1024 AICore record slot(s) with start_time=0 (race-window write or recycled-buffer tail). buf seq=0 count=1024
[mono_ns=7252905952034465][T0xf335db6faca0][WARN] copy_aicore_buffer: [chip_swimlane_collector.cpp:689] Core 52: skipped 1024 AICore record slot(s) with start_time=0 (race-window write or recycled-buffer tail). buf seq=0 count=1024
[mono_ns=7252905952350956][T0xf335dbf0aca0][WARN] copy_aicore_buffer: [chip_swimlane_collector.cpp:689] Core 51: skipped 1024 AICore record slot(s) with start_time=0 (race-window write or recycled-buffer tail). buf seq=0 count=1024
[mono_ns=7252905952357196][T0xf335f484bca0][WARN] copy_aicore_buffer: [chip_swimlane_collector.cpp:689] Core 49: skipped 1024 AICore record slot(s) with start_time=0 (race-window write or recycled-buffer tail). buf seq=0 count=1024
[mono_ns=7252905952362526][T0xf335db6faca0][WARN] copy_aicore_buffer: [chip_swimlane_collector.cpp:689] Core 53: skipped 1024 AICore record slot(s) with start_time=0 (race-window write or recycled-buffer tail). buf seq=0 count=1024
[mono_ns=7252905952678997][T0xf335dbf0aca0][WARN] copy_aicore_buffer: [chip_swimlane_collector.cpp:689] Core 16: skipped 1024 AICore record slot(s) with start_time=0 (race-window write or recycled-buffer tail). buf seq=0 count=1024
[mono_ns=7252905952686607][T0xf335f484bca0][WARN] copy_aicore_buffer: [chip_swimlane_collector.cpp:689] Core 15: skipped 1024 AICore record slot(s) with start_time=0 (race-window write or recycled-buffer tail). buf seq=0 count=1024
[mono_ns=7252905952697217][T0xf335db6faca0][WARN] copy_aicore_buffer: [chip_swimlane_collector.cpp:689] Core 17: skipped 1024 AICore record slot(s) with start_time=0 (race-window write or recycled-buffer tail). buf seq=0 count=1024
[mono_ns=7252905953018969][T0xf335f484bca0][WARN] copy_aicore_buffer: [chip_swimlane_collector.cpp:689] Core 54: skipped 1024 AICore record slot(s) with start_time=0 (race-window write or recycled-buffer tail). buf seq=0 count=1024
[mono_ns=7252905953018919][T0xf335dbf0aca0][WARN] copy_aicore_buffer: [chip_swimlane_collector.cpp:689] Core 56: skipped 1024 AICore record slot(s) with start_time=0 (race-window write or recycled-buffer tail). buf seq=0 count=1024
[mono_ns=7252905953033589][T0xf335db6faca0][WARN] copy_aicore_buffer: [chip_swimlane_collector.cpp:689] Core 58: skipped 1024 AICore record slot(s) with start_time=0 (race-window write or recycled-buffer tail). buf seq=0 count=1024
[mono_ns=7252905953343280][T0xf335dbf0aca0][WARN] copy_aicore_buffer: [chip_swimlane_collector.cpp:689] Core 57: skipped 1024 AICore record slot(s) with start_time=0 (race-window write or recycled-buffer tail). buf seq=0 count=1024
[mono_ns=7252905953352780][T0xf335f484bca0][WARN] copy_aicore_buffer: [chip_swimlane_collector.cpp:689] Core 55: skipped 1024 AICore record slot(s) with start_time=0 (race-window write or recycled-buffer tail). buf seq=0 count=1024
[mono_ns=7252905953360170][T0xf335db6faca0][WARN] copy_aicore_buffer: [chip_swimlane_collector.cpp:689] Core 59: skipped 1024 AICore record slot(s) with start_time=0 (race-window write or recycled-buffer tail). buf seq=0 count=1024
[mono_ns=7252905953667231][T0xf335dbf0aca0][WARN] copy_aicore_buffer: [chip_swimlane_collector.cpp:689] Core 19: skipped 1024 AICore record slot(s) with start_time=0 (race-window write or recycled-buffer tail). buf seq=0 count=1024
[mono_ns=7252905953677051][T0xf335f484bca0][WARN] copy_aicore_buffer: [chip_swimlane_collector.cpp:689] Core 18: skipped 1024 AICore record slot(s) with start_time=0 (race-window write or recycled-buffer tail). buf seq=0 count=1024
[mono_ns=7252905953683341][T0xf335db6faca0][WARN] copy_aicore_buffer: [chip_swimlane_collector.cpp:689] Core 20: skipped 1024 AICore record slot(s) with start_time=0 (race-window write or recycled-buffer tail). buf seq=0 count=1024
[mono_ns=7252905953991502][T0xf335dbf0aca0][WARN] copy_aicore_buffer: [chip_swimlane_collector.cpp:689] Core 62: skipped 1024 AICore record slot(s) with start_time=0 (race-window write or recycled-buffer tail). buf seq=0 count=1024
[mono_ns=7252905954013423][T0xf335f484bca0][WARN] copy_aicore_buffer: [chip_swimlane_collector.cpp:689] Core 60: skipped 1024 AICore record slot(s) with start_time=0 (race-window write or recycled-buffer tail). buf seq=0 count=1024
[mono_ns=7252905954018203][T0xf335db6faca0][WARN] copy_aicore_buffer: [chip_swimlane_collector.cpp:689] Core 64: skipped 1024 AICore record slot(s) with start_time=0 (race-window write or recycled-buffer tail). buf seq=0 count=1024
[mono_ns=7252905954321424][T0xf335dbf0aca0][WARN] copy_aicore_buffer: [chip_swimlane_collector.cpp:689] Core 63: skipped 1024 AICore record slot(s) with start_time=0 (race-window write or recycled-buffer tail). buf seq=0 count=1024
[mono_ns=7252905954333884][T0xf335f484bca0][WARN] copy_aicore_buffer: [chip_swimlane_collector.cpp:689] Core 61: skipped 1024 AICore record slot(s) with start_time=0 (race-window write or recycled-buffer tail). buf seq=0 count=1024
[mono_ns=7252905954341264][T0xf335db6faca0][WARN] copy_aicore_buffer: [chip_swimlane_collector.cpp:689] Core 65: skipped 1024 AICore record slot(s) with start_time=0 (race-window write or recycled-buffer tail). buf seq=0 count=1024
[mono_ns=7252905954647685][T0xf335dbf0aca0][WARN] copy_aicore_buffer: [chip_swimlane_collector.cpp:689] Core 22: skipped 1024 AICore record slot(s) with start_time=0 (race-window write or recycled-buffer tail). buf seq=0 count=1024
[mono_ns=7252905954655135][T0xf335f484bca0][WARN] copy_aicore_buffer: [chip_swimlane_collector.cpp:689] Core 21: skipped 1024 AICore record slot(s) with start_time=0 (race-window write or recycled-buffer tail). buf seq=0 count=1024
[mono_ns=7252905954663315][T0xf335db6faca0][WARN] copy_aicore_buffer: [chip_swimlane_collector.cpp:689] Core 23: skipped 1024 AICore record slot(s) with start_time=0 (race-window write or recycled-buffer tail). buf seq=0 count=1024
[mono_ns=7252905954975476][T0xf335dbf0aca0][WARN] copy_aicore_buffer: [chip_swimlane_collector.cpp:689] Core 68: skipped 1024 AICore record slot(s) with start_time=0 (race-window write or recycled-buffer tail). buf seq=0 count=1024
[mono_ns=7252905954982356][T0xf335f484bca0][WARN] copy_aicore_buffer: [chip_swimlane_collector.cpp:689] Core 66: skipped 1024 AICore record slot(s) with start_time=0 (race-window write or recycled-buffer tail). buf seq=0 count=1024
[mono_ns=7252905954990686][T0xf335db6faca0][WARN] copy_aicore_buffer: [chip_swimlane_collector.cpp:689] Core 70: skipped 1024 AICore record slot(s) with start_time=0 (race-window write or recycled-buffer tail). buf seq=0 count=1024
[mono_ns=7252905955309148][T0xf335dbf0aca0][WARN] copy_aicore_buffer: [chip_swimlane_collector.cpp:689] Core 69: skipped 1024 AICore record slot(s) with start_time=0 (race-window write or recycled-buffer tail). buf seq=0 count=1024
[mono_ns=7252905955319428][T0xf335f484bca0][WARN] copy_aicore_buffer: [chip_swimlane_collector.cpp:689] Core 67: skipped 1024 AICore record slot(s) with start_time=0 (race-window write or recycled-buffer tail). buf seq=0 count=1024
[mono_ns=7252905955328758][T0xf335db6faca0][WARN] copy_aicore_buffer: [chip_swimlane_collector.cpp:689] Core 71: skipped 1024 AICore record slot(s) with start_time=0 (race-window write or recycled-buffer tail). buf seq=0 count=1024
[mono_ns=7252906055821604][T0xf337382cb020][TIMING] emit_host_span: [STRACE] v=1 pid=2008039 tid=2008039 inv=2 hid=fe2003bfef4e0f07 depth=1 name=chip.run.runner_run ts=7252905936881685 dur=118934469 
[mono_ns=7252906056120725][T0xf337382cb020][TIMING] emit_host_span: [STRACE] v=1 pid=2008039 tid=2008039 inv=2 hid=fe2003bfef4e0f07 depth=1 name=chip.run.validate ts=7252906055829444 dur=287601 
[mono_ns=7252906056129875][T0xf337382cb020][TIMING] emit_host_span: [STRACE] v=1 pid=2008039 tid=2008039 inv=2 hid=fe2003bfef4e0f07 depth=2 name=chip.run.runner_run.device_wall ts=0 dur=8457539 clk=dev
[mono_ns=7252906056134285][T0xf337382cb020][TIMING] emit_host_span: [STRACE] v=1 pid=2008039 tid=2008039 inv=2 hid=fe2003bfef4e0f07 depth=3 name=chip.run.runner_run.device_wall.preamble ts=0 dur=137200 clk=dev
[mono_ns=7252906056137905][T0xf337382cb020][TIMING] emit_host_span: [STRACE] v=1 pid=2008039 tid=2008039 inv=2 hid=fe2003bfef4e0f07 depth=3 name=chip.run.runner_run.device_wall.graph_build ts=132299 dur=8315320 clk=dev
[mono_ns=7252906056145565][T0xf337382cb020][TIMING] emit_host_span: [STRACE] v=1 pid=2008039 tid=2008039 inv=2 hid=fe2003bfef4e0f07 depth=3 name=chip.run.runner_run.device_wall.config_validate ts=132540 dur=1060 clk=dev
[mono_ns=7252906056148655][T0xf337382cb020][TIMING] emit_host_span: [STRACE] v=1 pid=2008039 tid=2008039 inv=2 hid=fe2003bfef4e0f07 depth=3 name=chip.run.runner_run.device_wall.arena_wire ts=133660 dur=679 clk=dev
[mono_ns=7252906056151685][T0xf337382cb020][TIMING] emit_host_span: [STRACE] v=1 pid=2008039 tid=2008039 inv=2 hid=fe2003bfef4e0f07 depth=3 name=chip.run.runner_run.device_wall.sm_reset ts=134399 dur=980 clk=dev
[mono_ns=7252906056154715][T0xf337382cb020][TIMING] emit_host_span: [STRACE] v=1 pid=2008039 tid=2008039 inv=2 hid=fe2003bfef4e0f07 depth=3 name=chip.run.runner_run.device_wall.post_orch ts=8447680 dur=9320 clk=dev
[mono_ns=7252906056158265][T0xf337382cb020][TIMING] emit_host_span: [STRACE] v=1 pid=2008039 tid=2008039 inv=2 hid=fe2003bfef4e0f07 depth=3 name=chip.run.runner_run.device_wall.orch ts=135420 dur=5340 clk=dev
[mono_ns=7252906056161265][T0xf337382cb020][TIMING] emit_host_span: [STRACE] v=1 pid=2008039 tid=2008039 inv=2 hid=fe2003bfef4e0f07 depth=3 name=chip.run.runner_run.device_wall.sched ts=137279 dur=8282440 clk=dev
[mono_ns=7252906056165505][T0xf337382cb020][TIMING] emit_host_span: [STRACE] v=1 pid=2008039 tid=2008039 inv=2 hid=fe2003bfef4e0f07 depth=1 name=chip.run.claim_release ts=7252906056163335 dur=300 
[mono_ns=7252906056169765][T0xf337382cb020][TIMING] emit_host_span: [STRACE] v=1 pid=2008039 tid=2008039 inv=2 hid=fe2003bfef4e0f07 depth=0 name=chip.run ts=7252905882832902 dur=173334813 run_id=2 dispatch_id=2 slot_id=0 generation=2 run_epoch=2
