[mono_ns=7252905758306201][T0xf337382cb020][TIMING] emit_host_span: [STRACE] v=1 pid=2008054 tid=2008054 inv=1 hid=fe2003bfef4e0f07 depth=2 name=chip.run.bind.args ts=7252905757976199 dur=321252 
[mono_ns=7252905758359381][T0xf337382cb020][TIMING] emit_host_span: [STRACE] v=1 pid=2008054 tid=2008054 inv=1 hid=fe2003bfef4e0f07 depth=2 name=chip.run.bind.prebuilt ts=7252905758351281 dur=4990 
[mono_ns=7252905758364691][T0xf337382cb020][TIMING] emit_host_span: [STRACE] v=1 pid=2008054 tid=2008054 inv=1 hid=fe2003bfef4e0f07 depth=1 name=chip.run.bind ts=7252905757865429 dur=496732 
[mono_ns=7252905875187932][T0xf337382cb020][TIMING] emit_host_span: [STRACE] v=1 pid=2008054 tid=2008054 inv=1 hid=fe2003bfef4e0f07 depth=1 name=chip.run.runner_run ts=7252905759588736 dur=115587976 
[mono_ns=7252905875522093][T0xf337382cb020][TIMING] emit_host_span: [STRACE] v=1 pid=2008054 tid=2008054 inv=1 hid=fe2003bfef4e0f07 depth=1 name=chip.run.validate ts=7252905875201432 dur=315971 
[mono_ns=7252905875534413][T0xf337382cb020][TIMING] emit_host_span: [STRACE] v=1 pid=2008054 tid=2008054 inv=1 hid=fe2003bfef4e0f07 depth=2 name=chip.run.runner_run.device_wall ts=0 dur=2325500 clk=dev
[mono_ns=7252905875540463][T0xf337382cb020][TIMING] emit_host_span: [STRACE] v=1 pid=2008054 tid=2008054 inv=1 hid=fe2003bfef4e0f07 depth=3 name=chip.run.runner_run.device_wall.preamble ts=0 dur=187400 clk=dev
[mono_ns=7252905875544603][T0xf337382cb020][TIMING] emit_host_span: [STRACE] v=1 pid=2008054 tid=2008054 inv=1 hid=fe2003bfef4e0f07 depth=3 name=chip.run.runner_run.device_wall.graph_build ts=49820 dur=2254680 clk=dev
[mono_ns=7252905875548873][T0xf337382cb020][TIMING] emit_host_span: [STRACE] v=1 pid=2008054 tid=2008054 inv=1 hid=fe2003bfef4e0f07 depth=3 name=chip.run.runner_run.device_wall.config_validate ts=53839 dur=3679 clk=dev
[mono_ns=7252905875552793][T0xf337382cb020][TIMING] emit_host_span: [STRACE] v=1 pid=2008054 tid=2008054 inv=1 hid=fe2003bfef4e0f07 depth=3 name=chip.run.runner_run.device_wall.arena_wire ts=57559 dur=12660 clk=dev
[mono_ns=7252905875556693][T0xf337382cb020][TIMING] emit_host_span: [STRACE] v=1 pid=2008054 tid=2008054 inv=1 hid=fe2003bfef4e0f07 depth=3 name=chip.run.runner_run.device_wall.sm_reset ts=70240 dur=18960 clk=dev
[mono_ns=7252905875598723][T0xf337382cb020][TIMING] emit_host_span: [STRACE] v=1 pid=2008054 tid=2008054 inv=1 hid=fe2003bfef4e0f07 depth=3 name=chip.run.runner_run.device_wall.post_orch ts=2304560 dur=16900 clk=dev
[mono_ns=7252905875602343][T0xf337382cb020][TIMING] emit_host_span: [STRACE] v=1 pid=2008054 tid=2008054 inv=1 hid=fe2003bfef4e0f07 depth=3 name=chip.run.runner_run.device_wall.orch ts=93960 dur=45060 clk=dev
[mono_ns=7252905875605983][T0xf337382cb020][TIMING] emit_host_span: [STRACE] v=1 pid=2008054 tid=2008054 inv=1 hid=fe2003bfef4e0f07 depth=3 name=chip.run.runner_run.device_wall.sched ts=189100 dur=2093240 clk=dev
[mono_ns=7252905875611163][T0xf337382cb020][TIMING] emit_host_span: [STRACE] v=1 pid=2008054 tid=2008054 inv=1 hid=fe2003bfef4e0f07 depth=1 name=chip.run.claim_release ts=7252905875608723 dur=630 
[mono_ns=7252905875617233][T0xf337382cb020][TIMING] emit_host_span: [STRACE] v=1 pid=2008054 tid=2008054 inv=1 hid=fe2003bfef4e0f07 depth=0 name=chip.run ts=7252905757761919 dur=117853214 run_id=1 dispatch_id=1 slot_id=0 generation=1 run_epoch=1
[mono_ns=7252905883901536][T0xf337382cb020][TIMING] emit_host_span: [STRACE] v=1 pid=2008054 tid=2008054 inv=2 hid=fe2003bfef4e0f07 depth=2 name=chip.run.bind.args ts=7252905883587535 dur=308331 
[mono_ns=7252905883920596][T0xf337382cb020][TIMING] emit_host_span: [STRACE] v=1 pid=2008054 tid=2008054 inv=2 hid=fe2003bfef4e0f07 depth=2 name=chip.run.bind.prebuilt ts=7252905883914556 dur=3680 
[mono_ns=7252905883976356][T0xf337382cb020][TIMING] emit_host_span: [STRACE] v=1 pid=2008054 tid=2008054 inv=2 hid=fe2003bfef4e0f07 depth=1 name=chip.run.bind ts=7252905883577635 dur=395801 
[mono_ns=7252905947577247][T0xf335f484bca0][WARN] copy_aicore_buffer: [chip_swimlane_collector.cpp:689] Core 0: skipped 1024 AICore record slot(s) with start_time=0 (race-window write or recycled-buffer tail). buf seq=0 count=1024
[mono_ns=7252905947598057][T0xf335dbf0aca0][WARN] copy_aicore_buffer: [chip_swimlane_collector.cpp:689] Core 1: skipped 1024 AICore record slot(s) with start_time=0 (race-window write or recycled-buffer tail). buf seq=0 count=1024
[mono_ns=7252905947617427][T0xf335db6faca0][WARN] copy_aicore_buffer: [chip_swimlane_collector.cpp:689] Core 2: skipped 1024 AICore record slot(s) with start_time=0 (race-window write or recycled-buffer tail). buf seq=0 count=1024
[mono_ns=7252905947923258][T0xf335f484bca0][WARN] copy_aicore_buffer: [chip_swimlane_collector.cpp:689] Core 24: skipped 1024 AICore record slot(s) with start_time=0 (race-window write or recycled-buffer tail). buf seq=0 count=1024
[mono_ns=7252905947943009][T0xf335dbf0aca0][WARN] copy_aicore_buffer: [chip_swimlane_collector.cpp:689] Core 26: skipped 1022 AICore record slot(s) with start_time=0 (race-window write or recycled-buffer tail). buf seq=0 count=1024
[mono_ns=7252905947952779][T0xf335db6faca0][WARN] copy_aicore_buffer: [chip_swimlane_collector.cpp:689] Core 28: skipped 1023 AICore record slot(s) with start_time=0 (race-window write or recycled-buffer tail). buf seq=0 count=1024
[mono_ns=7252905948268970][T0xf335f484bca0][WARN] copy_aicore_buffer: [chip_swimlane_collector.cpp:689] Core 25: skipped 1024 AICore record slot(s) with start_time=0 (race-window write or recycled-buffer tail). buf seq=0 count=1024
[mono_ns=7252905948286470][T0xf335dbf0aca0][WARN] copy_aicore_buffer: [chip_swimlane_collector.cpp:689] Core 27: skipped 1024 AICore record slot(s) with start_time=0 (race-window write or recycled-buffer tail). buf seq=0 count=1024
[mono_ns=7252905948293840][T0xf335db6faca0][WARN] copy_aicore_buffer: [chip_swimlane_collector.cpp:689] Core 29: skipped 1024 AICore record slot(s) with start_time=0 (race-window write or recycled-buffer tail). buf seq=0 count=1024
[mono_ns=7252905948695532][T0xf335db6faca0][WARN] copy_aicore_buffer: [chip_swimlane_collector.cpp:689] Core 5: skipped 1024 AICore record slot(s) with start_time=0 (race-window write or recycled-buffer tail). buf seq=0 count=1024
[mono_ns=7252905948712282][T0xf335dbf0aca0][WARN] copy_aicore_buffer: [chip_swimlane_collector.cpp:689] Core 4: skipped 1024 AICore record slot(s) with start_time=0 (race-window write or recycled-buffer tail). buf seq=0 count=1024
[mono_ns=7252905948731072][T0xf335f484bca0][WARN] copy_aicore_buffer: [chip_swimlane_collector.cpp:689] Core 3: skipped 1024 AICore record slot(s) with start_time=0 (race-window write or recycled-buffer tail). buf seq=0 count=1024
[mono_ns=7252905949032943][T0xf335db6faca0][WARN] copy_aicore_buffer: [chip_swimlane_collector.cpp:689] Core 34: skipped 1024 AICore record slot(s) with start_time=0 (race-window write or recycled-buffer tail). buf seq=0 count=1024
[mono_ns=7252905949051623][T0xf335dbf0aca0][WARN] copy_aicore_buffer: [chip_swimlane_collector.cpp:689] Core 32: skipped 1024 AICore record slot(s) with start_time=0 (race-window write or recycled-buffer tail). buf seq=0 count=1024
[mono_ns=7252905949074973][T0xf335f484bca0][WARN] copy_aicore_buffer: [chip_swimlane_collector.cpp:689] Core 30: skipped 1024 AICore record slot(s) with start_time=0 (race-window write or recycled-buffer tail). buf seq=0 count=1024
[mono_ns=7252905949355084][T0xf335db6faca0][WARN] copy_aicore_buffer: [chip_swimlane_collector.cpp:689] Core 35: skipped 1024 AICore record slot(s) with start_time=0 (race-window write or recycled-buffer tail). buf seq=0 count=1024
[mono_ns=7252905949376154][T0xf335dbf0aca0][WARN] copy_aicore_buffer: [chip_swimlane_collector.cpp:689] Core 33: skipped 1024 AICore record slot(s) with start_time=0 (race-window write or recycled-buffer tail). buf seq=0 count=1024
[mono_ns=7252905949483925][T0xf335f484bca0][WARN] copy_aicore_buffer: [chip_swimlane_collector.cpp:689] Core 31: skipped 1024 AICore record slot(s) with start_time=0 (race-window write or recycled-buffer tail). buf seq=0 count=1024
[mono_ns=7252905949678545][T0xf335db6faca0][WARN] copy_aicore_buffer: [chip_swimlane_collector.cpp:689] Core 8: skipped 1024 AICore record slot(s) with start_time=0 (race-window write or recycled-buffer tail). buf seq=0 count=1024
[mono_ns=7252905949702066][T0xf335dbf0aca0][WARN] copy_aicore_buffer: [chip_swimlane_collector.cpp:689] Core 7: skipped 1024 AICore record slot(s) with start_time=0 (race-window write or recycled-buffer tail). buf seq=0 count=1024
[mono_ns=7252905949805996][T0xf335f484bca0][WARN] copy_aicore_buffer: [chip_swimlane_collector.cpp:689] Core 6: skipped 1024 AICore record slot(s) with start_time=0 (race-window write or recycled-buffer tail). buf seq=0 count=1024
[mono_ns=7252905950013067][T0xf335db6faca0][WARN] copy_aicore_buffer: [chip_swimlane_collector.cpp:689] Core 40: skipped 1024 AICore record slot(s) with start_time=0 (race-window write or recycled-buffer tail). buf seq=0 count=1024
[mono_ns=7252905950036787][T0xf335dbf0aca0][WARN] copy_aicore_buffer: [chip_swimlane_collector.cpp:689] Core 38: skipped 1024 AICore record slot(s) with start_time=0 (race-window write or recycled-buffer tail). buf seq=0 count=1024
[mono_ns=7252905950141577][T0xf335f484bca0][WARN] copy_aicore_buffer: [chip_swimlane_collector.cpp:689] Core 36: skipped 1024 AICore record slot(s) with start_time=0 (race-window write or recycled-buffer tail). buf seq=0 count=1024
[mono_ns=7252905950340608][T0xf335db6faca0][WARN] copy_aicore_buffer: [chip_swimlane_collector.cpp:689] Core 41: skipped 1024 AICore record slot(s) with start_time=0 (race-window write or recycled-buffer tail). buf seq=0 count=1024
[mono_ns=7252905950368188][T0xf335dbf0aca0][WARN] copy_aicore_buffer: [chip_swimlane_collector.cpp:689] Core 39: skipped 1024 AICore record slot(s) with start_time=0 (race-window write or recycled-buffer tail). buf seq=0 count=1024
[mono_ns=7252905950462789][T0xf335f484bca0][WARN] copy_aicore_buffer: [chip_swimlane_collector.cpp:689] Core 37: skipped 1024 AICore record slot(s) with start_time=0 (race-window write or recycled-buffer tail). buf seq=0 count=1024
[mono_ns=7252905950661119][T0xf335db6faca0][WARN] copy_aicore_buffer: [chip_swimlane_collector.cpp:689] Core 11: skipped 1024 AICore record slot(s) with start_time=0 (race-window write or recycled-buffer tail). buf seq=0 count=1024
[mono_ns=7252905950690169][T0xf335dbf0aca0][WARN] copy_aicore_buffer: [chip_swimlane_collector.cpp:689] Core 10: skipped 1024 AICore record slot(s) with start_time=0 (race-window write or recycled-buffer tail). buf seq=0 count=1024
[mono_ns=7252905950783330][T0xf335f484bca0][WARN] copy_aicore_buffer: [chip_swimlane_collector.cpp:689] Core 9: skipped 1024 AICore record slot(s) with start_time=0 (race-window write or recycled-buffer tail). buf seq=0 count=1024
[mono_ns=7252905950981221][T0xf335db6faca0][WARN] copy_aicore_buffer: [chip_swimlane_collector.cpp:689] Core 46: skipped 1024 AICore record slot(s) with start_time=0 (race-window write or recycled-buffer tail). buf seq=0 count=1024
[mono_ns=7252905951020981][T0xf335dbf0aca0][WARN] copy_aicore_buffer: [chip_swimlane_collector.cpp:689] Core 44: skipped 1024 AICore record slot(s) with start_time=0 (race-window write or recycled-buffer tail). buf seq=0 count=1024
[mono_ns=7252905951134241][T0xf335f484bca0][WARN] copy_aicore_buffer: [chip_swimlane_collector.cpp:689] Core 42: skipped 1024 AICore record slot(s) with start_time=0 (race-window write or recycled-buffer tail). buf seq=0 count=1024
[mono_ns=7252905951312122][T0xf335db6faca0][WARN] copy_aicore_buffer: [chip_swimlane_collector.cpp:689] Core 47: skipped 1024 AICore record slot(s) with start_time=0 (race-window write or recycled-buffer tail). buf seq=0 count=1024
[mono_ns=7252905951342512][T0xf335dbf0aca0][WARN] copy_aicore_buffer: [chip_swimlane_collector.cpp:689] Core 45: skipped 1024 AICore record slot(s) with start_time=0 (race-window write or recycled-buffer tail). buf seq=0 count=1024
[mono_ns=7252905951457462][T0xf335f484bca0][WARN] copy_aicore_buffer: [chip_swimlane_collector.cpp:689] Core 43: skipped 1024 AICore record slot(s) with start_time=0 (race-window write or recycled-buffer tail). buf seq=0 count=1024
[mono_ns=7252905951633843][T0xf335db6faca0][WARN] copy_aicore_buffer: [chip_swimlane_collector.cpp:689] Core 14: skipped 1024 AICore record slot(s) with start_time=0 (race-window write or recycled-buffer tail). buf seq=0 count=1024
[mono_ns=7252905951664303][T0xf335dbf0aca0][WARN] copy_aicore_buffer: [chip_swimlane_collector.cpp:689] Core 13: skipped 1024 AICore record slot(s) with start_time=0 (race-window write or recycled-buffer tail). buf seq=0 count=1024
[mono_ns=7252905951783814][T0xf335f484bca0][WARN] copy_aicore_buffer: [chip_swimlane_collector.cpp:689] Core 12: skipped 1024 AICore record slot(s) with start_time=0 (race-window write or recycled-buffer tail). buf seq=0 count=1024
[mono_ns=7252905951954254][T0xf335db6faca0][WARN] copy_aicore_buffer: [chip_swimlane_collector.cpp:689] Core 52: skipped 1024 AICore record slot(s) with start_time=0 (race-window write or recycled-buffer tail). buf seq=0 count=1024
[mono_ns=7252905952026965][T0xf335dbf0aca0][WARN] copy_aicore_buffer: [chip_swimlane_collector.cpp:689] Core 50: skipped 1024 AICore record slot(s) with start_time=0 (race-window write or recycled-buffer tail). buf seq=0 count=1024
[mono_ns=7252905952117785][T0xf335f484bca0][WARN] copy_aicore_buffer: [chip_swimlane_collector.cpp:689] Core 48: skipped 1024 AICore record slot(s) with start_time=0 (race-window write or recycled-buffer tail). buf seq=0 count=1024
[mono_ns=7252905952288976][T0xf335db6faca0][WARN] copy_aicore_buffer: [chip_swimlane_collector.cpp:689] Core 53: skipped 1024 AICore record slot(s) with start_time=0 (race-window write or recycled-buffer tail). buf seq=0 count=1024
[mono_ns=7252905952353256][T0xf335dbf0aca0][WARN] copy_aicore_buffer: [chip_swimlane_collector.cpp:689] Core 51: skipped 1024 AICore record slot(s) with start_time=0 (race-window write or recycled-buffer tail). buf seq=0 count=1024
[mono_ns=7252905952443156][T0xf335f484bca0][WARN] copy_aicore_buffer: [chip_swimlane_collector.cpp:689] Core 49: skipped 1024 AICore record slot(s) with start_time=0 (race-window write or recycled-buffer tail). buf seq=0 count=1024
[mono_ns=7252905952610327][T0xf335db6faca0][WARN] copy_aicore_buffer: [chip_swimlane_collector.cpp:689] Core 17: skipped 1024 AICore record slot(s) with start_time=0 (race-window write or recycled-buffer tail). buf seq=0 count=1024
[mono_ns=7252905952675687][T0xf335dbf0aca0][WARN] copy_aicore_buffer: [chip_swimlane_collector.cpp:689] Core 16: skipped 1024 AICore record slot(s) with start_time=0 (race-window write or recycled-buffer tail). buf seq=0 count=1024
[mono_ns=7252905952765098][T0xf335f484bca0][WARN] copy_aicore_buffer: [chip_swimlane_collector.cpp:689] Core 15: skipped 1024 AICore record slot(s) with start_time=0 (race-window write or recycled-buffer tail). buf seq=0 count=1024
[mono_ns=7252905952942238][T0xf335db6faca0][WARN] copy_aicore_buffer: [chip_swimlane_collector.cpp:689] Core 58: skipped 1024 AICore record slot(s) with start_time=0 (race-window write or recycled-buffer tail). buf seq=0 count=1024
[mono_ns=7252905952997779][T0xf335dbf0aca0][WARN] copy_aicore_buffer: [chip_swimlane_collector.cpp:689] Core 56: skipped 1024 AICore record slot(s) with start_time=0 (race-window write or recycled-buffer tail). buf seq=0 count=1024
[mono_ns=7252905953095259][T0xf335f484bca0][WARN] copy_aicore_buffer: [chip_swimlane_collector.cpp:689] Core 54: skipped 1024 AICore record slot(s) with start_time=0 (race-window write or recycled-buffer tail). buf seq=0 count=1024
[mono_ns=7252905953273960][T0xf335db6faca0][WARN] copy_aicore_buffer: [chip_swimlane_collector.cpp:689] Core 59: skipped 1024 AICore record slot(s) with start_time=0 (race-window write or recycled-buffer tail). buf seq=0 count=1024
[mono_ns=7252905953331090][T0xf335dbf0aca0][WARN] copy_aicore_buffer: [chip_swimlane_collector.cpp:689] Core 57: skipped 1024 AICore record slot(s) with start_time=0 (race-window write or recycled-buffer tail). buf seq=0 count=1024
[mono_ns=7252905953418630][T0xf335f484bca0][WARN] copy_aicore_buffer: [chip_swimlane_collector.cpp:689] Core 55: skipped 1024 AICore record slot(s) with start_time=0 (race-window write or recycled-buffer tail). buf seq=0 count=1024
[mono_ns=7252905953596761][T0xf335db6faca0][WARN] copy_aicore_buffer: [chip_swimlane_collector.cpp:689] Core 20: skipped 1024 AICore record slot(s) with start_time=0 (race-window write or recycled-buffer tail). buf seq=0 count=1024
[mono_ns=7252905953653551][T0xf335dbf0aca0][WARN] copy_aicore_buffer: [chip_swimlane_collector.cpp:689] Core 19: skipped 1024 AICore record slot(s) with start_time=0 (race-window write or recycled-buffer tail). buf seq=0 count=1024
[mono_ns=7252905953750521][T0xf335f484bca0][WARN] copy_aicore_buffer: [chip_swimlane_collector.cpp:689] Core 18: skipped 1024 AICore record slot(s) with start_time=0 (race-window write or recycled-buffer tail). buf seq=0 count=1024
[mono_ns=7252905953922032][T0xf335db6faca0][WARN] copy_aicore_buffer: [chip_swimlane_collector.cpp:689] Core 64: skipped 1024 AICore record slot(s) with start_time=0 (race-window write or recycled-buffer tail). buf seq=0 count=1024
[mono_ns=7252905953975892][T0xf335dbf0aca0][WARN] copy_aicore_buffer: [chip_swimlane_collector.cpp:689] Core 62: skipped 1024 AICore record slot(s) with start_time=0 (race-window write or recycled-buffer tail). buf seq=0 count=1024
[mono_ns=7252905954080763][T0xf335f484bca0][WARN] copy_aicore_buffer: [chip_swimlane_collector.cpp:689] Core 60: skipped 1024 AICore record slot(s) with start_time=0 (race-window write or recycled-buffer tail). buf seq=0 count=1024
[mono_ns=7252905954253563][T0xf335db6faca0][WARN] copy_aicore_buffer: [chip_swimlane_collector.cpp:689] Core 65: skipped 1024 AICore record slot(s) with start_time=0 (race-window write or recycled-buffer tail). buf seq=0 count=1024
[mono_ns=7252905954304424][T0xf335dbf0aca0][WARN] copy_aicore_buffer: [chip_swimlane_collector.cpp:689] Core 63: skipped 1024 AICore record slot(s) with start_time=0 (race-window write or recycled-buffer tail). buf seq=0 count=1024
[mono_ns=7252905954403284][T0xf335f484bca0][WARN] copy_aicore_buffer: [chip_swimlane_collector.cpp:689] Core 61: skipped 1024 AICore record slot(s) with start_time=0 (race-window write or recycled-buffer tail). buf seq=0 count=1024
[mono_ns=7252905954599955][T0xf335db6faca0][WARN] copy_aicore_buffer: [chip_swimlane_collector.cpp:689] Core 23: skipped 1024 AICore record slot(s) with start_time=0 (race-window write or recycled-buffer tail). buf seq=0 count=1024
[mono_ns=7252905954627145][T0xf335dbf0aca0][WARN] copy_aicore_buffer: [chip_swimlane_collector.cpp:689] Core 22: skipped 1024 AICore record slot(s) with start_time=0 (race-window write or recycled-buffer tail). buf seq=0 count=1024
[mono_ns=7252905954727785][T0xf335f484bca0][WARN] copy_aicore_buffer: [chip_swimlane_collector.cpp:689] Core 21: skipped 1024 AICore record slot(s) with start_time=0 (race-window write or recycled-buffer tail). buf seq=0 count=1024
[mono_ns=7252905954925746][T0xf335db6faca0][WARN] copy_aicore_buffer: [chip_swimlane_collector.cpp:689] Core 70: skipped 1024 AICore record slot(s) with start_time=0 (race-window write or recycled-buffer tail). buf seq=0 count=1024
[mono_ns=7252905954951976][T0xf335dbf0aca0][WARN] copy_aicore_buffer: [chip_swimlane_collector.cpp:689] Core 68: skipped 1024 AICore record slot(s) with start_time=0 (race-window write or recycled-buffer tail). buf seq=0 count=1024
[mono_ns=7252905955059957][T0xf335f484bca0][WARN] copy_aicore_buffer: [chip_swimlane_collector.cpp:689] Core 66: skipped 1024 AICore record slot(s) with start_time=0 (race-window write or recycled-buffer tail). buf seq=0 count=1024
[mono_ns=7252905955255787][T0xf335db6faca0][WARN] copy_aicore_buffer: [chip_swimlane_collector.cpp:689] Core 71: skipped 1024 AICore record slot(s) with start_time=0 (race-window write or recycled-buffer tail). buf seq=0 count=1024
[mono_ns=7252905955284948][T0xf335dbf0aca0][WARN] copy_aicore_buffer: [chip_swimlane_collector.cpp:689] Core 69: skipped 1024 AICore record slot(s) with start_time=0 (race-window write or recycled-buffer tail). buf seq=0 count=1024
[mono_ns=7252905955400328][T0xf335f484bca0][WARN] copy_aicore_buffer: [chip_swimlane_collector.cpp:689] Core 67: skipped 1024 AICore record slot(s) with start_time=0 (race-window write or recycled-buffer tail). buf seq=0 count=1024
[mono_ns=7252906055943564][T0xf337382cb020][TIMING] emit_host_span: [STRACE] v=1 pid=2008054 tid=2008054 inv=2 hid=fe2003bfef4e0f07 depth=1 name=chip.run.runner_run ts=7252905939974947 dur=115959617 
[mono_ns=7252906056232766][T0xf337382cb020][TIMING] emit_host_span: [STRACE] v=1 pid=2008054 tid=2008054 inv=2 hid=fe2003bfef4e0f07 depth=1 name=chip.run.validate ts=7252906055952034 dur=276972 
[mono_ns=7252906056240806][T0xf337382cb020][TIMING] emit_host_span: [STRACE] v=1 pid=2008054 tid=2008054 inv=2 hid=fe2003bfef4e0f07 depth=2 name=chip.run.runner_run.device_wall ts=0 dur=5637900 clk=dev
[mono_ns=7252906056245426][T0xf337382cb020][TIMING] emit_host_span: [STRACE] v=1 pid=2008054 tid=2008054 inv=2 hid=fe2003bfef4e0f07 depth=3 name=chip.run.runner_run.device_wall.preamble ts=0 dur=136460 clk=dev
[mono_ns=7252906056249096][T0xf337382cb020][TIMING] emit_host_span: [STRACE] v=1 pid=2008054 tid=2008054 inv=2 hid=fe2003bfef4e0f07 depth=3 name=chip.run.runner_run.device_wall.graph_build ts=131560 dur=5497140 clk=dev
[mono_ns=7252906056280526][T0xf337382cb020][TIMING] emit_host_span: [STRACE] v=1 pid=2008054 tid=2008054 inv=2 hid=fe2003bfef4e0f07 depth=3 name=chip.run.runner_run.device_wall.config_validate ts=131740 dur=1240 clk=dev
[mono_ns=7252906056284316][T0xf337382cb020][TIMING] emit_host_span: [STRACE] v=1 pid=2008054 tid=2008054 inv=2 hid=fe2003bfef4e0f07 depth=3 name=chip.run.runner_run.device_wall.arena_wire ts=133020 dur=480 clk=dev
[mono_ns=7252906056287836][T0xf337382cb020][TIMING] emit_host_span: [STRACE] v=1 pid=2008054 tid=2008054 inv=2 hid=fe2003bfef4e0f07 depth=3 name=chip.run.runner_run.device_wall.sm_reset ts=133520 dur=1240 clk=dev
[mono_ns=7252906056291276][T0xf337382cb020][TIMING] emit_host_span: [STRACE] v=1 pid=2008054 tid=2008054 inv=2 hid=fe2003bfef4e0f07 depth=3 name=chip.run.runner_run.device_wall.post_orch ts=5628760 dur=9040 clk=dev
[mono_ns=7252906056295276][T0xf337382cb020][TIMING] emit_host_span: [STRACE] v=1 pid=2008054 tid=2008054 inv=2 hid=fe2003bfef4e0f07 depth=3 name=chip.run.runner_run.device_wall.orch ts=134820 dur=4439 clk=dev
[mono_ns=7252906056298396][T0xf337382cb020][TIMING] emit_host_span: [STRACE] v=1 pid=2008054 tid=2008054 inv=2 hid=fe2003bfef4e0f07 depth=3 name=chip.run.runner_run.device_wall.sched ts=136660 dur=5466000 clk=dev
[mono_ns=7252906056302776][T0xf337382cb020][TIMING] emit_host_span: [STRACE] v=1 pid=2008054 tid=2008054 inv=2 hid=fe2003bfef4e0f07 depth=1 name=chip.run.claim_release ts=7252906056300356 dur=450 
[mono_ns=7252906056308046][T0xf337382cb020][TIMING] emit_host_span: [STRACE] v=1 pid=2008054 tid=2008054 inv=2 hid=fe2003bfef4e0f07 depth=0 name=chip.run ts=7252905883543885 dur=172762021 run_id=2 dispatch_id=2 slot_id=0 generation=2 run_epoch=2
