===== OPEN ITEMS START 2026-09-11T06:58:42Z =====
===== PHASE1 L2 patterns @24960 (no uniform re-run) =====
[resume] keeping 13 OK tags from /opt/pypto-profiling/reports/issue-2521-a1-alltoallv-ep8-gapfill-2026-09-10/summary.json

=== p8_managed-l2_zero_24960 devices=0,1,2,3,4,5,6,7 attempts=5 ===
  OK attempt=1 metric=aicore_gang_span  kernel_p50=15.235  slot_p50=10519.24005150795  egress=0.0

=== p8_managed-l2_single-hot_24960 devices=0,1,2,3,4,5,6,7 attempts=5 ===
  FAIL attempt=1/5 rc=-11
, line 9232, in release_claim
    self._release_domain_claimed(handle)
  File "/opt/pypto/runtime/python/simpler/worker.py", line 9293, in _release_domain_claimed
    _run_with_owned_shared_memory(
  File "/opt/pypto/runtime/python/simpler/worker.py", line 1643, in _run_with_owned_shared_memory
    raise result.error
  File "/opt/pypto/runtime/python/simpler/worker.py", line 1339, in invoke
    result.value = operation()
  File "/opt/pypto/runtime/python/simpler/worker.py", line 1636, in run_lifecycle
    raise operation_error
  File "/opt/pypto/runtime/python/simpler/worker.py", line 1623, in run_lifecycle
    value = operation(owner)
  File "/opt/pypto/runtime/python/simpler/worker.py", line 9281, in release
    self._dispatch_control_domain(
  File "/opt/pypto/runtime/python/simpler/worker.py", line 9334, in _dispatch_control_domain
    raise RuntimeError(
RuntimeError: release_domain(allocation_id=0) failed on 8/8 chips; first error chip=1: control_release_domain failed on child: chip_process dev=1 ctrl=8: RuntimeError: comm_release_domain_windows failed with code -1
[mono_ns=7314409182961376][T0xe3e14096b020][WARN] comm_destroy: [comm_hccl.cpp:1747] [comm rank 0] comm_destroy: final barrier failed during departure wait for rank 5; releasing local state anyway
[mono_ns=7314409304390887][T0xe3e14096b020][WARN] comm_destroy: [comm_hccl.cpp:1800] [comm rank 2] comm_destroy: final release failed during release wait for rank 2
[mono_ns=7314409375064314][T0xe3e14096b020][WARN] comm_destroy: [comm_hccl.cpp:1800] [comm rank 3] comm_destroy: final release failed during release wait for rank 3
[mono_ns=7314409425047734][T0xe3e14096b020][WARN] comm_destroy: [comm_hccl.cpp:1800] [comm rank 6] comm_destroy: final release failed during release wait for rank 6
[mono_ns=7314409448858741][T0xe3e14096b020][WARN] comm_destroy: [comm_hccl.cpp:1800] [comm rank 1] comm_destroy: final release failed during release wait for rank 1
[mono_ns=7314409474956152][T0xe3e14096b020][WARN] comm_destroy: [comm_hccl.cpp:1800] [comm rank 7] comm_destroy: final release failed during release wait for rank 7
[mono_ns=7314409492317860][T0xe3e14096b020][WARN] comm_destroy: [comm_hccl.cpp:1800] [comm rank 4] comm_destroy: final release failed during release wait for rank 4
/usr/lib/python3.10/multiprocessing/resource_tracker.py:224: UserWarning: resource_tracker: There appear to be 8 leaked shared_memory objects to clean up at shutdown
  warnings.warn('resource_tracker: There appear to be %d '

  [heal] EP4 smoke on 0,1,2,3 ...
  [heal] rc=0 OK
  [cooldown] sleeping 35s before retry
  FAIL attempt=2/5 rc=-11
, line 9232, in release_claim
    self._release_domain_claimed(handle)
  File "/opt/pypto/runtime/python/simpler/worker.py", line 9293, in _release_domain_claimed
    _run_with_owned_shared_memory(
  File "/opt/pypto/runtime/python/simpler/worker.py", line 1643, in _run_with_owned_shared_memory
    raise result.error
  File "/opt/pypto/runtime/python/simpler/worker.py", line 1339, in invoke
    result.value = operation()
  File "/opt/pypto/runtime/python/simpler/worker.py", line 1636, in run_lifecycle
    raise operation_error
  File "/opt/pypto/runtime/python/simpler/worker.py", line 1623, in run_lifecycle
    value = operation(owner)
  File "/opt/pypto/runtime/python/simpler/worker.py", line 9281, in release
    self._dispatch_control_domain(
  File "/opt/pypto/runtime/python/simpler/worker.py", line 9334, in _dispatch_control_domain
    raise RuntimeError(
RuntimeError: release_domain(allocation_id=0) failed on 8/8 chips; first error chip=2: control_release_domain failed on child: chip_process dev=2 ctrl=8: RuntimeError: comm_release_domain_windows failed with code -1
[mono_ns=7314771036247834][T0xf28822afb020][WARN] comm_destroy: [comm_hccl.cpp:1747] [comm rank 0] comm_destroy: final barrier failed during departure wait for rank 6; releasing local state anyway
[mono_ns=7314771210609581][T0xf28822afb020][WARN] comm_destroy: [comm_hccl.cpp:1800] [comm rank 7] comm_destroy: final release failed during release wait for rank 7
[mono_ns=7314771228052236][T0xf28822afb020][WARN] comm_destroy: [comm_hccl.cpp:1800] [comm rank 2] comm_destroy: final release failed during release wait for rank 2
[mono_ns=7314771276578181][T0xf28822afb020][WARN] comm_destroy: [comm_hccl.cpp:1800] [comm rank 4] comm_destroy: final release failed during release wait for rank 4
[mono_ns=7314771293367904][T0xf28822afb020][WARN] comm_destroy: [comm_hccl.cpp:1800] [comm rank 5] comm_destroy: final release failed during release wait for rank 5
[mono_ns=7314771302899788][T0xf28822afb020][WARN] comm_destroy: [comm_hccl.cpp:1800] [comm rank 1] comm_destroy: final release failed during release wait for rank 1
[mono_ns=7314771326662409][T0xf28822afb020][WARN] comm_destroy: [comm_hccl.cpp:1800] [comm rank 3] comm_destroy: final release failed during release wait for rank 3
/usr/lib/python3.10/multiprocessing/resource_tracker.py:224: UserWarning: resource_tracker: There appear to be 8 leaked shared_memory objects to clean up at shutdown
  warnings.warn('resource_tracker: There appear to be %d '

  [heal] EP4 smoke on 0,1,2,3 ...
  [heal] rc=0 OK
  [cooldown] sleeping 35s before retry
  FAIL attempt=3/5 rc=-11
untime/python/simpler/worker.py", line 9232, in release_claim
    self._release_domain_claimed(handle)
  File "/opt/pypto/runtime/python/simpler/worker.py", line 9293, in _release_domain_claimed
    _run_with_owned_shared_memory(
  File "/opt/pypto/runtime/python/simpler/worker.py", line 1643, in _run_with_owned_shared_memory
    raise result.error
  File "/opt/pypto/runtime/python/simpler/worker.py", line 1339, in invoke
    result.value = operation()
  File "/opt/pypto/runtime/python/simpler/worker.py", line 1636, in run_lifecycle
    raise operation_error
  File "/opt/pypto/runtime/python/simpler/worker.py", line 1623, in run_lifecycle
    value = operation(owner)
  File "/opt/pypto/runtime/python/simpler/worker.py", line 9281, in release
    self._dispatch_control_domain(
  File "/opt/pypto/runtime/python/simpler/worker.py", line 9334, in _dispatch_control_domain
    raise RuntimeError(
RuntimeError: release_domain(allocation_id=0) failed on 8/8 chips; first error chip=7: control_release_domain failed on child: chip_process dev=7 ctrl=8: RuntimeError: comm_release_domain_windows failed with code -1
[mono_ns=7315147753925459][T0xedaab95ab020][WARN] comm_destroy: [comm_hccl.cpp:1800] [comm rank 6] comm_destroy: final release failed during release wait for rank 6
[mono_ns=7315147788608471][T0xedaab95ab020][WARN] comm_destroy: [comm_hccl.cpp:1800] [comm rank 5] comm_destroy: final release failed during release wait for rank 5
[mono_ns=7315147810812822][T0xedaab95ab020][WARN] comm_destroy: [comm_hccl.cpp:1800] [comm rank 4] comm_destroy: final release failed during release wait for rank 4
[mono_ns=7315147825703343][T0xedaab95ab020][WARN] comm_destroy: [comm_hccl.cpp:1800] [comm rank 1] comm_destroy: final release failed during release wait for rank 1
[mono_ns=7315147836916839][T0xedaab95ab020][WARN] comm_destroy: [comm_hccl.cpp:1800] [comm rank 3] comm_destroy: final release failed during release wait for rank 3
[mono_ns=7315147849209530][T0xedaab95ab020][WARN] comm_destroy: [comm_hccl.cpp:1800] [comm rank 2] comm_destroy: final release failed during release wait for rank 2
[mono_ns=7315147899333635][T0xedaab95ab020][WARN] comm_destroy: [comm_hccl.cpp:1800] [comm rank 7] comm_destroy: final release failed during release wait for rank 7
/usr/lib/python3.10/multiprocessing/resource_tracker.py:224: UserWarning: resource_tracker: There appear to be 8 leaked shared_memory objects to clean up at shutdown
  warnings.warn('resource_tracker: There appear to be %d '

  [heal] EP4 smoke on 0,1,2,3 ...
  [heal] rc=0 OK
  [cooldown] sleeping 35s before retry
  FAIL attempt=4/5 rc=-11
, line 9232, in release_claim
    self._release_domain_claimed(handle)
  File "/opt/pypto/runtime/python/simpler/worker.py", line 9293, in _release_domain_claimed
    _run_with_owned_shared_memory(
  File "/opt/pypto/runtime/python/simpler/worker.py", line 1643, in _run_with_owned_shared_memory
    raise result.error
  File "/opt/pypto/runtime/python/simpler/worker.py", line 1339, in invoke
    result.value = operation()
  File "/opt/pypto/runtime/python/simpler/worker.py", line 1636, in run_lifecycle
    raise operation_error
  File "/opt/pypto/runtime/python/simpler/worker.py", line 1623, in run_lifecycle
    value = operation(owner)
  File "/opt/pypto/runtime/python/simpler/worker.py", line 9281, in release
    self._dispatch_control_domain(
  File "/opt/pypto/runtime/python/simpler/worker.py", line 9334, in _dispatch_control_domain
    raise RuntimeError(
RuntimeError: release_domain(allocation_id=0) failed on 8/8 chips; first error chip=1: control_release_domain failed on child: chip_process dev=1 ctrl=8: RuntimeError: comm_release_domain_windows failed with code -1
[mono_ns=7315525372635953][T0xf60ee96fb020][WARN] comm_destroy: [comm_hccl.cpp:1747] [comm rank 0] comm_destroy: final barrier failed during departure wait for rank 5; releasing local state anyway
[mono_ns=7315525536471316][T0xf60ee96fb020][WARN] comm_destroy: [comm_hccl.cpp:1800] [comm rank 6] comm_destroy: final release failed during release wait for rank 6
[mono_ns=7315525549158848][T0xf60ee96fb020][WARN] comm_destroy: [comm_hccl.cpp:1800] [comm rank 2] comm_destroy: final release failed during release wait for rank 2
[mono_ns=7315525578602040][T0xf60ee96fb020][WARN] comm_destroy: [comm_hccl.cpp:1800] [comm rank 3] comm_destroy: final release failed during release wait for rank 3
[mono_ns=7315525592205266][T0xf60ee96fb020][WARN] comm_destroy: [comm_hccl.cpp:1800] [comm rank 4] comm_destroy: final release failed during release wait for rank 4
[mono_ns=7315525670703516][T0xf60ee96fb020][WARN] comm_destroy: [comm_hccl.cpp:1800] [comm rank 7] comm_destroy: final release failed during release wait for rank 7
[mono_ns=7315525674987417][T0xf60ee96fb020][WARN] comm_destroy: [comm_hccl.cpp:1800] [comm rank 1] comm_destroy: final release failed during release wait for rank 1
/usr/lib/python3.10/multiprocessing/resource_tracker.py:224: UserWarning: resource_tracker: There appear to be 8 leaked shared_memory objects to clean up at shutdown
  warnings.warn('resource_tracker: There appear to be %d '

  [heal] EP4 smoke on 0,1,2,3 ...
  [heal] rc=0 OK
  [cooldown] sleeping 35s before retry
  OK attempt=5 metric=aicore_gang_span  kernel_p50=88.67  slot_p50=10743.80287900567  egress=1.3419805773043447

=== p8_managed-l2_self-only_24960 devices=0,1,2,3,4,5,6,7 attempts=5 ===
  FAIL attempt=1/5 rc=-11
, line 9232, in release_claim
    self._release_domain_claimed(handle)
  File "/opt/pypto/runtime/python/simpler/worker.py", line 9293, in _release_domain_claimed
    _run_with_owned_shared_memory(
  File "/opt/pypto/runtime/python/simpler/worker.py", line 1643, in _run_with_owned_shared_memory
    raise result.error
  File "/opt/pypto/runtime/python/simpler/worker.py", line 1339, in invoke
    result.value = operation()
  File "/opt/pypto/runtime/python/simpler/worker.py", line 1636, in run_lifecycle
    raise operation_error
  File "/opt/pypto/runtime/python/simpler/worker.py", line 1623, in run_lifecycle
    value = operation(owner)
  File "/opt/pypto/runtime/python/simpler/worker.py", line 9281, in release
    self._dispatch_control_domain(
  File "/opt/pypto/runtime/python/simpler/worker.py", line 9334, in _dispatch_control_domain
    raise RuntimeError(
RuntimeError: release_domain(allocation_id=0) failed on 8/8 chips; first error chip=0: control_release_domain failed on child: chip_process dev=0 ctrl=8: RuntimeError: comm_release_domain_windows failed with code -1
[mono_ns=7315994432220788][T0xfa2b60f77020][WARN] comm_destroy: [comm_hccl.cpp:1747] [comm rank 0] comm_destroy: final barrier failed during departure wait for rank 5; releasing local state anyway
[mono_ns=7315994490130932][T0xfa2b60f77020][WARN] comm_destroy: [comm_hccl.cpp:1800] [comm rank 4] comm_destroy: final release failed during release wait for rank 4
[mono_ns=7315994522098170][T0xfa2b60f77020][WARN] comm_destroy: [comm_hccl.cpp:1800] [comm rank 1] comm_destroy: final release failed during release wait for rank 1
[mono_ns=7315994533530330][T0xfa2b60f77020][WARN] comm_destroy: [comm_hccl.cpp:1800] [comm rank 6] comm_destroy: final release failed during release wait for rank 6
[mono_ns=7315994564947064][T0xfa2b60f77020][WARN] comm_destroy: [comm_hccl.cpp:1800] [comm rank 2] comm_destroy: final release failed during release wait for rank 2
[mono_ns=7315994565056915][T0xfa2b60f77020][WARN] comm_destroy: [comm_hccl.cpp:1800] [comm rank 3] comm_destroy: final release failed during release wait for rank 3
[mono_ns=7315994615020377][T0xfa2b60f77020][WARN] comm_destroy: [comm_hccl.cpp:1800] [comm rank 7] comm_destroy: final release failed during release wait for rank 7
/usr/lib/python3.10/multiprocessing/resource_tracker.py:224: UserWarning: resource_tracker: There appear to be 8 leaked shared_memory objects to clean up at shutdown
  warnings.warn('resource_tracker: There appear to be %d '

  [heal] EP4 smoke on 0,1,2,3 ...
  [heal] rc=0 OK
  [cooldown] sleeping 35s before retry
  FAIL attempt=2/5 rc=-11
untime/python/simpler/worker.py", line 9232, in release_claim
    self._release_domain_claimed(handle)
  File "/opt/pypto/runtime/python/simpler/worker.py", line 9293, in _release_domain_claimed
    _run_with_owned_shared_memory(
  File "/opt/pypto/runtime/python/simpler/worker.py", line 1643, in _run_with_owned_shared_memory
    raise result.error
  File "/opt/pypto/runtime/python/simpler/worker.py", line 1339, in invoke
    result.value = operation()
  File "/opt/pypto/runtime/python/simpler/worker.py", line 1636, in run_lifecycle
    raise operation_error
  File "/opt/pypto/runtime/python/simpler/worker.py", line 1623, in run_lifecycle
    value = operation(owner)
  File "/opt/pypto/runtime/python/simpler/worker.py", line 9281, in release
    self._dispatch_control_domain(
  File "/opt/pypto/runtime/python/simpler/worker.py", line 9334, in _dispatch_control_domain
    raise RuntimeError(
RuntimeError: release_domain(allocation_id=0) failed on 8/8 chips; first error chip=5: control_release_domain failed on child: chip_process dev=5 ctrl=8: RuntimeError: comm_release_domain_windows failed with code -1
[mono_ns=7316372844878260][T0xe73fb1ffb020][WARN] comm_destroy: [comm_hccl.cpp:1800] [comm rank 7] comm_destroy: final release failed during release wait for rank 7
[mono_ns=7316372868437967][T0xe73fb1ffb020][WARN] comm_destroy: [comm_hccl.cpp:1800] [comm rank 2] comm_destroy: final release failed during release wait for rank 2
[mono_ns=7316372911360138][T0xe73fb1ffb020][WARN] comm_destroy: [comm_hccl.cpp:1800] [comm rank 6] comm_destroy: final release failed during release wait for rank 6
[mono_ns=7316372922831350][T0xe73fb1ffb020][WARN] comm_destroy: [comm_hccl.cpp:1800] [comm rank 4] comm_destroy: final release failed during release wait for rank 4
[mono_ns=7316372926398489][T0xe73fb1ffb020][WARN] comm_destroy: [comm_hccl.cpp:1800] [comm rank 3] comm_destroy: final release failed during release wait for rank 3
[mono_ns=7316372928878162][T0xe73fb1ffb020][WARN] comm_destroy: [comm_hccl.cpp:1800] [comm rank 1] comm_destroy: final release failed during release wait for rank 1
[mono_ns=7316372960589253][T0xe73fb1ffb020][WARN] comm_destroy: [comm_hccl.cpp:1800] [comm rank 5] comm_destroy: final release failed during release wait for rank 5
/usr/lib/python3.10/multiprocessing/resource_tracker.py:224: UserWarning: resource_tracker: There appear to be 8 leaked shared_memory objects to clean up at shutdown
  warnings.warn('resource_tracker: There appear to be %d '

  [heal] EP4 smoke on 0,1,2,3 ...
  [heal] rc=0 OK
  [cooldown] sleeping 35s before retry
  FAIL attempt=3/5 rc=-11
, line 9232, in release_claim
    self._release_domain_claimed(handle)
  File "/opt/pypto/runtime/python/simpler/worker.py", line 9293, in _release_domain_claimed
    _run_with_owned_shared_memory(
  File "/opt/pypto/runtime/python/simpler/worker.py", line 1643, in _run_with_owned_shared_memory
    raise result.error
  File "/opt/pypto/runtime/python/simpler/worker.py", line 1339, in invoke
    result.value = operation()
  File "/opt/pypto/runtime/python/simpler/worker.py", line 1636, in run_lifecycle
    raise operation_error
  File "/opt/pypto/runtime/python/simpler/worker.py", line 1623, in run_lifecycle
    value = operation(owner)
  File "/opt/pypto/runtime/python/simpler/worker.py", line 9281, in release
    self._dispatch_control_domain(
  File "/opt/pypto/runtime/python/simpler/worker.py", line 9334, in _dispatch_control_domain
    raise RuntimeError(
RuntimeError: release_domain(allocation_id=0) failed on 8/8 chips; first error chip=2: control_release_domain failed on child: chip_process dev=2 ctrl=8: RuntimeError: comm_release_domain_windows failed with code -1
[mono_ns=7316748812845656][T0xf3338ea9b020][WARN] comm_destroy: [comm_hccl.cpp:1747] [comm rank 0] comm_destroy: final barrier failed during departure wait for rank 7; releasing local state anyway
[mono_ns=7316748949118620][T0xf3338ea9b020][WARN] comm_destroy: [comm_hccl.cpp:1800] [comm rank 6] comm_destroy: final release failed during release wait for rank 6
[mono_ns=7316748950164299][T0xf3338ea9b020][WARN] comm_destroy: [comm_hccl.cpp:1800] [comm rank 2] comm_destroy: final release failed during release wait for rank 2
[mono_ns=7316748950249339][T0xf3338ea9b020][WARN] comm_destroy: [comm_hccl.cpp:1800] [comm rank 1] comm_destroy: final release failed during release wait for rank 1
[mono_ns=7316748973932415][T0xf3338ea9b020][WARN] comm_destroy: [comm_hccl.cpp:1800] [comm rank 4] comm_destroy: final release failed during release wait for rank 4
[mono_ns=7316749005909878][T0xf3338ea9b020][WARN] comm_destroy: [comm_hccl.cpp:1800] [comm rank 3] comm_destroy: final release failed during release wait for rank 3
[mono_ns=7316749162490668][T0xf3338ea9b020][WARN] comm_destroy: [comm_hccl.cpp:1800] [comm rank 5] comm_destroy: final release failed during release wait for rank 5
/usr/lib/python3.10/multiprocessing/resource_tracker.py:224: UserWarning: resource_tracker: There appear to be 8 leaked shared_memory objects to clean up at shutdown
  warnings.warn('resource_tracker: There appear to be %d '

  [heal] EP4 smoke on 0,1,2,3 ...
  [heal] rc=0 OK
  [cooldown] sleeping 35s before retry
  FAIL attempt=4/5 rc=-11
, line 9232, in release_claim
    self._release_domain_claimed(handle)
  File "/opt/pypto/runtime/python/simpler/worker.py", line 9293, in _release_domain_claimed
    _run_with_owned_shared_memory(
  File "/opt/pypto/runtime/python/simpler/worker.py", line 1643, in _run_with_owned_shared_memory
    raise result.error
  File "/opt/pypto/runtime/python/simpler/worker.py", line 1339, in invoke
    result.value = operation()
  File "/opt/pypto/runtime/python/simpler/worker.py", line 1636, in run_lifecycle
    raise operation_error
  File "/opt/pypto/runtime/python/simpler/worker.py", line 1623, in run_lifecycle
    value = operation(owner)
  File "/opt/pypto/runtime/python/simpler/worker.py", line 9281, in release
    self._dispatch_control_domain(
  File "/opt/pypto/runtime/python/simpler/worker.py", line 9334, in _dispatch_control_domain
    raise RuntimeError(
RuntimeError: release_domain(allocation_id=0) failed on 8/8 chips; first error chip=2: control_release_domain failed on child: chip_process dev=2 ctrl=8: RuntimeError: comm_release_domain_windows failed with code -1
[mono_ns=7317124240740021][T0xe2fa9965b020][WARN] comm_destroy: [comm_hccl.cpp:1747] [comm rank 0] comm_destroy: final barrier failed during departure wait for rank 3; releasing local state anyway
[mono_ns=7317124368499192][T0xe2fa9965b020][WARN] comm_destroy: [comm_hccl.cpp:1800] [comm rank 2] comm_destroy: final release failed during release wait for rank 2
[mono_ns=7317124404090368][T0xe2fa9965b020][WARN] comm_destroy: [comm_hccl.cpp:1800] [comm rank 6] comm_destroy: final release failed during release wait for rank 6
[mono_ns=7317124408235427][T0xe2fa9965b020][WARN] comm_destroy: [comm_hccl.cpp:1800] [comm rank 5] comm_destroy: final release failed during release wait for rank 5
[mono_ns=7317124448250722][T0xe2fa9965b020][WARN] comm_destroy: [comm_hccl.cpp:1800] [comm rank 7] comm_destroy: final release failed during release wait for rank 7
[mono_ns=7317124508406299][T0xe2fa9965b020][WARN] comm_destroy: [comm_hccl.cpp:1800] [comm rank 1] comm_destroy: final release failed during release wait for rank 1
[mono_ns=7317124558952827][T0xe2fa9965b020][WARN] comm_destroy: [comm_hccl.cpp:1800] [comm rank 4] comm_destroy: final release failed during release wait for rank 4
/usr/lib/python3.10/multiprocessing/resource_tracker.py:224: UserWarning: resource_tracker: There appear to be 8 leaked shared_memory objects to clean up at shutdown
  warnings.warn('resource_tracker: There appear to be %d '

  [heal] EP4 smoke on 0,1,2,3 ...
  [heal] rc=0 OK
  [cooldown] sleeping 35s before retry
  OK attempt=5 metric=aicore_gang_span  kernel_p50=42.575  slot_p50=10366.395581513643  egress=0.0

=== p8_managed-l2_mixed_24960 devices=0,1,2,3,4,5,6,7 attempts=5 ===
  FAIL attempt=1/5 rc=-11
, line 9232, in release_claim
    self._release_domain_claimed(handle)
  File "/opt/pypto/runtime/python/simpler/worker.py", line 9293, in _release_domain_claimed
    _run_with_owned_shared_memory(
  File "/opt/pypto/runtime/python/simpler/worker.py", line 1643, in _run_with_owned_shared_memory
    raise result.error
  File "/opt/pypto/runtime/python/simpler/worker.py", line 1339, in invoke
    result.value = operation()
  File "/opt/pypto/runtime/python/simpler/worker.py", line 1636, in run_lifecycle
    raise operation_error
  File "/opt/pypto/runtime/python/simpler/worker.py", line 1623, in run_lifecycle
    value = operation(owner)
  File "/opt/pypto/runtime/python/simpler/worker.py", line 9281, in release
    self._dispatch_control_domain(
  File "/opt/pypto/runtime/python/simpler/worker.py", line 9334, in _dispatch_control_domain
    raise RuntimeError(
RuntimeError: release_domain(allocation_id=0) failed on 8/8 chips; first error chip=6: control_release_domain failed on child: chip_process dev=6 ctrl=8: RuntimeError: comm_release_domain_windows failed with code -1
[mono_ns=7317590659321616][T0xfdae4031b020][WARN] comm_destroy: [comm_hccl.cpp:1747] [comm rank 0] comm_destroy: final barrier failed during departure wait for rank 5; releasing local state anyway
[mono_ns=7317590781251611][T0xfdae4031b020][WARN] comm_destroy: [comm_hccl.cpp:1800] [comm rank 6] comm_destroy: final release failed during release wait for rank 6
[mono_ns=7317590784987544][T0xfdae4031b020][WARN] comm_destroy: [comm_hccl.cpp:1800] [comm rank 3] comm_destroy: final release failed during release wait for rank 3
[mono_ns=7317590803646917][T0xfdae4031b020][WARN] comm_destroy: [comm_hccl.cpp:1800] [comm rank 2] comm_destroy: final release failed during release wait for rank 2
[mono_ns=7317590832557996][T0xfdae4031b020][WARN] comm_destroy: [comm_hccl.cpp:1800] [comm rank 4] comm_destroy: final release failed during release wait for rank 4
[mono_ns=7317590872524592][T0xfdae4031b020][WARN] comm_destroy: [comm_hccl.cpp:1800] [comm rank 1] comm_destroy: final release failed during release wait for rank 1
[mono_ns=7317590970496996][T0xfdae4031b020][WARN] comm_destroy: [comm_hccl.cpp:1800] [comm rank 7] comm_destroy: final release failed during release wait for rank 7
/usr/lib/python3.10/multiprocessing/resource_tracker.py:224: UserWarning: resource_tracker: There appear to be 8 leaked shared_memory objects to clean up at shutdown
  warnings.warn('resource_tracker: There appear to be %d '

  [heal] EP4 smoke on 0,1,2,3 ...
  [heal] rc=0 OK
  [cooldown] sleeping 35s before retry
  OK attempt=2 metric=aicore_gang_span  kernel_p50=244.015  slot_p50=12057.376559823751  egress=2.054289285659172

=== p8_managed-l2_asymmetric_24960 devices=0,1,2,3,4,5,6,7 attempts=5 ===
  OK attempt=1 metric=aicore_gang_span  kernel_p50=318.03  slot_p50=11027.23041549325  egress=2.1983580258563746

=== p8_managed-l2_random_24960 devices=0,1,2,3,4,5,6,7 attempts=5 ===
  OK attempt=1 metric=aicore_gang_span  kernel_p50=287.96000000000004  slot_p50=11186.827439814806  egress=2.1033781719739184

Wrote /opt/pypto-profiling/reports/issue-2521-a1-alltoallv-ep8-gapfill-2026-09-10/summary.json
n_ok=19 n_fail=0
===== PHASE2 HOST large uniform 49152…1MiB =====
[resume] keeping 19 OK tags from /opt/pypto-profiling/reports/issue-2521-a1-alltoallv-ep8-gapfill-2026-09-10/summary.json

=== p8_managed-host_uniform_49152 devices=0,1,2,3,4,5,6,7 attempts=5 ===
  FAIL attempt=1/5 rc=1
2a80b35b020][TIMING] emit_host_span: [STRACE] v=1 pid=1534005 tid=1534005 inv=4 hid=6b2d880e538d73a3 depth=3 name=chip.run.runner_run.device_wall.orch ts=3199 dur=3980 clk=dev
[mono_ns=7317942588343155][T0xf2a80b35b020][TIMING] emit_host_span: [STRACE] v=1 pid=1534005 tid=1534005 inv=4 hid=6b2d880e538d73a3 depth=3 name=chip.run.runner_run.device_wall.sched ts=5960 dur=30820 clk=dev
[mono_ns=7317942588347265][T0xf2a80b35b020][TIMING] emit_host_span: [STRACE] v=1 pid=1534005 tid=1534005 inv=4 hid=6b2d880e538d73a3 depth=1 name=chip.run.claim_release ts=7317942588345175 dur=290 
[mono_ns=7317942588351845][T0xf2a80b35b020][TIMING] emit_host_span: [STRACE] v=1 pid=1534005 tid=1534005 inv=4 hid=6b2d880e538d73a3 depth=0 name=chip.run ts=7317942587414781 dur=935144 run_id=1 dispatch_id=4 slot_id=0 generation=1 run_epoch=4
[mono_ns=7317942588382015][T0xf2a6ade2cca0][TIMING] emit_host_span: [STRACE] v=1 pid=1525573 tid=1534541 inv=1 hid=828c4cf89491464 depth=0 name=node.complete ts=7317942588378675 dur=300 run_id=1 task_slot=31 group_index=0 worker_id=7 dispatch_id=4 endpoint_kind=local_mailbox prepare_only=0 role=worker outcome=0
[mono_ns=7317942588394405][T0xf2a6ade2cca0][TIMING] emit_host_span: [STRACE] v=1 pid=1525573 tid=1534541 inv=0 hid=0 depth=0 name=node.scheduler_loop ts=7317942588375375 dur=15850 role=scheduler drained=1 dispatched=0 drain_ns=15700 spins=22
[mono_ns=7317942588615916][T0xf2a80b35b020][TIMING] emit_host_span: [STRACE] v=1 pid=1525573 tid=1525573 inv=1 hid=0 depth=0 name=node.post_fence_retirement ts=7317942588387915 dur=223091 run_id=1 slot_id=0 generation=1 role=facade
Traceback (most recent call last):
  File "/opt/pypto-profiling/collectives/a1_alltoallv/harness/all_to_all_v_benchmark.py", line 1202, in <module>
    raise SystemExit(main())
  File "/opt/pypto-profiling/collectives/a1_alltoallv/harness/all_to_all_v_benchmark.py", line 1191, in main
    doc = run_benchmark(args, shape)
  File "/opt/pypto-profiling/collectives/a1_alltoallv/harness/all_to_all_v_benchmark.py", line 1049, in run_benchmark
    host_slots, slot_rank = _timed_session(
  File "/opt/pypto-profiling/collectives/a1_alltoallv/harness/all_to_all_v_benchmark.py", line 982, in _timed_session
    check_correctness(shape, inputs, send_counts, outputs, recv_out)
  File "/opt/pypto-profiling/collectives/a1_alltoallv/harness/all_to_all_v_benchmark.py", line 874, in check_correctness
    raise AssertionError(
AssertionError: rank=1 src=6: recv_counts=0 != clamped send_counts=1

  [heal] EP4 smoke on 0,1,2,3 ...
  [heal] rc=0 OK
  [cooldown] sleeping 35s before retry
  OK attempt=2 metric=timing_slot  kernel_p50=6814.0714429318905  slot_p50=6814.0714429318905  egress=0.3823787473751893

=== p8_managed-host_uniform_65536 devices=0,1,2,3,4,5,6,7 attempts=5 ===
  FAIL attempt=1/5 rc=1
n: [STRACE] v=1 pid=1648249 tid=1648249 inv=4 hid=7084eb471d3afab5 depth=3 name=chip.run.runner_run.device_wall.sched ts=5180 dur=37900 clk=dev
[mono_ns=7318235174919533][T0xf9a5d632b020][TIMING] emit_host_span: [STRACE] v=1 pid=1648249 tid=1648249 inv=4 hid=7084eb471d3afab5 depth=1 name=chip.run.claim_release ts=7318235174917393 dur=340 
[mono_ns=7318235174924603][T0xf9a5d632b020][TIMING] emit_host_span: [STRACE] v=1 pid=1648249 tid=1648249 inv=4 hid=7084eb471d3afab5 depth=0 name=chip.run ts=7318235173926779 dur=995824 run_id=1 dispatch_id=4 slot_id=0 generation=1 run_epoch=4
[mono_ns=7318235174930133][T0xf9a478e2cca0][TIMING] emit_host_span: [STRACE] v=1 pid=1640929 tid=1651946 inv=0 hid=0 depth=0 name=node.scheduler_loop ts=7318235174911493 dur=15580 role=scheduler drained=1 dispatched=0 drain_ns=13310 spins=14
[mono_ns=7318235174953033][T0xf9a478e2cca0][TIMING] emit_host_span: [STRACE] v=1 pid=1640929 tid=1651946 inv=1 hid=be02d728dcc1964 depth=0 name=node.complete ts=7318235174949863 dur=270 run_id=1 task_slot=28 group_index=0 worker_id=4 dispatch_id=4 endpoint_kind=local_mailbox prepare_only=0 role=worker outcome=0
[mono_ns=7318235174966823][T0xf9a478e2cca0][TIMING] emit_host_span: [STRACE] v=1 pid=1640929 tid=1651946 inv=0 hid=0 depth=0 name=node.scheduler_loop ts=7318235174946993 dur=16800 role=scheduler drained=1 dispatched=0 drain_ns=16660 spins=4
[mono_ns=7318235175165764][T0xf9a5d632b020][TIMING] emit_host_span: [STRACE] v=1 pid=1640929 tid=1640929 inv=1 hid=0 depth=0 name=node.post_fence_retirement ts=7318235174959903 dur=198891 run_id=1 slot_id=0 generation=1 role=facade
Traceback (most recent call last):
  File "/opt/pypto-profiling/collectives/a1_alltoallv/harness/all_to_all_v_benchmark.py", line 1202, in <module>
    raise SystemExit(main())
  File "/opt/pypto-profiling/collectives/a1_alltoallv/harness/all_to_all_v_benchmark.py", line 1191, in main
    doc = run_benchmark(args, shape)
  File "/opt/pypto-profiling/collectives/a1_alltoallv/harness/all_to_all_v_benchmark.py", line 1049, in run_benchmark
    host_slots, slot_rank = _timed_session(
  File "/opt/pypto-profiling/collectives/a1_alltoallv/harness/all_to_all_v_benchmark.py", line 982, in _timed_session
    check_correctness(shape, inputs, send_counts, outputs, recv_out)
  File "/opt/pypto-profiling/collectives/a1_alltoallv/harness/all_to_all_v_benchmark.py", line 874, in check_correctness
    raise AssertionError(
AssertionError: rank=6 src=5: recv_counts=0 != clamped send_counts=1

  [heal] EP4 smoke on 0,1,2,3 ...
  [heal] rc=0 OK
  [cooldown] sleeping 35s before retry
  FAIL attempt=2/5 rc=-11
, line 9232, in release_claim
    self._release_domain_claimed(handle)
  File "/opt/pypto/runtime/python/simpler/worker.py", line 9293, in _release_domain_claimed
    _run_with_owned_shared_memory(
  File "/opt/pypto/runtime/python/simpler/worker.py", line 1643, in _run_with_owned_shared_memory
    raise result.error
  File "/opt/pypto/runtime/python/simpler/worker.py", line 1339, in invoke
    result.value = operation()
  File "/opt/pypto/runtime/python/simpler/worker.py", line 1636, in run_lifecycle
    raise operation_error
  File "/opt/pypto/runtime/python/simpler/worker.py", line 1623, in run_lifecycle
    value = operation(owner)
  File "/opt/pypto/runtime/python/simpler/worker.py", line 9281, in release
    self._dispatch_control_domain(
  File "/opt/pypto/runtime/python/simpler/worker.py", line 9334, in _dispatch_control_domain
    raise RuntimeError(
RuntimeError: release_domain(allocation_id=0) failed on 8/8 chips; first error chip=0: control_release_domain failed on child: chip_process dev=0 ctrl=8: RuntimeError: comm_release_domain_windows failed with code -1
[mono_ns=7318614089232808][T0xe3b1e2edb020][WARN] comm_destroy: [comm_hccl.cpp:1747] [comm rank 0] comm_destroy: final barrier failed during departure wait for rank 6; releasing local state anyway
[mono_ns=7318614265233878][T0xe3b1e2edb020][WARN] comm_destroy: [comm_hccl.cpp:1800] [comm rank 1] comm_destroy: final release failed during release wait for rank 1
[mono_ns=7318614278512723][T0xe3b1e2edb020][WARN] comm_destroy: [comm_hccl.cpp:1800] [comm rank 5] comm_destroy: final release failed during release wait for rank 5
[mono_ns=7318614298914908][T0xe3b1e2edb020][WARN] comm_destroy: [comm_hccl.cpp:1800] [comm rank 7] comm_destroy: final release failed during release wait for rank 7
[mono_ns=7318614319598374][T0xe3b1e2edb020][WARN] comm_destroy: [comm_hccl.cpp:1800] [comm rank 2] comm_destroy: final release failed during release wait for rank 2
[mono_ns=7318614332420317][T0xe3b1e2edb020][WARN] comm_destroy: [comm_hccl.cpp:1800] [comm rank 4] comm_destroy: final release failed during release wait for rank 4
[mono_ns=7318614421749238][T0xe3b1e2edb020][WARN] comm_destroy: [comm_hccl.cpp:1800] [comm rank 3] comm_destroy: final release failed during release wait for rank 3
/usr/lib/python3.10/multiprocessing/resource_tracker.py:224: UserWarning: resource_tracker: There appear to be 8 leaked shared_memory objects to clean up at shutdown
  warnings.warn('resource_tracker: There appear to be %d '

  [heal] EP4 smoke on 0,1,2,3 ...
  [heal] rc=0 OK
  [cooldown] sleeping 35s before retry
  FAIL attempt=3/5 rc=-11
 close
    raise result
  File "/opt/pypto/runtime/python/simpler/worker.py", line 12056, in close
    self._teardown_ready_tree()
  File "/opt/pypto/runtime/python/simpler/worker.py", line 12469, in _teardown_ready_tree
    self._teardown_worker_tree(startup_abort=False)
  File "/opt/pypto/runtime/python/simpler/worker.py", line 12352, in _teardown_worker_tree
    raise journal_err
  File "/opt/pypto/runtime/python/simpler/worker.py", line 3882, in drive
    cleanup_fn()
  File "/opt/pypto/runtime/python/simpler/worker.py", line 10252, in _release_all_live_domains
    _raise_first(_release, list(live_domains.values())[::-1])
  File "/opt/pypto/runtime/python/simpler/worker.py", line 1107, in _raise_first
    raise first_error
  File "/opt/pypto/runtime/python/simpler/worker.py", line 1102, in _raise_first
    step(item)
  File "/opt/pypto/runtime/python/simpler/worker.py", line 10247, in _release
    self._release_domain_now(handle)
  File "/opt/pypto/runtime/python/simpler/worker.py", line 9248, in _release_domain_now
    raise result.error
  File "/opt/pypto/runtime/python/simpler/worker.py", line 1339, in invoke
    result.value = operation()
  File "/opt/pypto/runtime/python/simpler/worker.py", line 9232, in release_claim
    self._release_domain_claimed(handle)
  File "/opt/pypto/runtime/python/simpler/worker.py", line 9293, in _release_domain_claimed
    _run_with_owned_shared_memory(
  File "/opt/pypto/runtime/python/simpler/worker.py", line 1643, in _run_with_owned_shared_memory
    raise result.error
  File "/opt/pypto/runtime/python/simpler/worker.py", line 1339, in invoke
    result.value = operation()
  File "/opt/pypto/runtime/python/simpler/worker.py", line 1636, in run_lifecycle
    raise operation_error
  File "/opt/pypto/runtime/python/simpler/worker.py", line 1623, in run_lifecycle
    value = operation(owner)
  File "/opt/pypto/runtime/python/simpler/worker.py", line 9281, in release
    self._dispatch_control_domain(
  File "/opt/pypto/runtime/python/simpler/worker.py", line 9334, in _dispatch_control_domain
    raise RuntimeError(
RuntimeError: release_domain(allocation_id=0) failed on 8/8 chips; first error chip=6: control_release_domain: child process pid=1818955 exited before mailbox completion (exit_status=0)
/usr/lib/python3.10/multiprocessing/resource_tracker.py:224: UserWarning: resource_tracker: There appear to be 8 leaked shared_memory objects to clean up at shutdown
  warnings.warn('resource_tracker: There appear to be %d '

  [heal] EP4 smoke on 0,1,2,3 ...
  [heal] rc=0 OK
  [cooldown] sleeping 35s before retry
  FAIL attempt=4/5 rc=-11
 close
    raise result
  File "/opt/pypto/runtime/python/simpler/worker.py", line 12056, in close
    self._teardown_ready_tree()
  File "/opt/pypto/runtime/python/simpler/worker.py", line 12469, in _teardown_ready_tree
    self._teardown_worker_tree(startup_abort=False)
  File "/opt/pypto/runtime/python/simpler/worker.py", line 12352, in _teardown_worker_tree
    raise journal_err
  File "/opt/pypto/runtime/python/simpler/worker.py", line 3882, in drive
    cleanup_fn()
  File "/opt/pypto/runtime/python/simpler/worker.py", line 10252, in _release_all_live_domains
    _raise_first(_release, list(live_domains.values())[::-1])
  File "/opt/pypto/runtime/python/simpler/worker.py", line 1107, in _raise_first
    raise first_error
  File "/opt/pypto/runtime/python/simpler/worker.py", line 1102, in _raise_first
    step(item)
  File "/opt/pypto/runtime/python/simpler/worker.py", line 10247, in _release
    self._release_domain_now(handle)
  File "/opt/pypto/runtime/python/simpler/worker.py", line 9248, in _release_domain_now
    raise result.error
  File "/opt/pypto/runtime/python/simpler/worker.py", line 1339, in invoke
    result.value = operation()
  File "/opt/pypto/runtime/python/simpler/worker.py", line 9232, in release_claim
    self._release_domain_claimed(handle)
  File "/opt/pypto/runtime/python/simpler/worker.py", line 9293, in _release_domain_claimed
    _run_with_owned_shared_memory(
  File "/opt/pypto/runtime/python/simpler/worker.py", line 1643, in _run_with_owned_shared_memory
    raise result.error
  File "/opt/pypto/runtime/python/simpler/worker.py", line 1339, in invoke
    result.value = operation()
  File "/opt/pypto/runtime/python/simpler/worker.py", line 1636, in run_lifecycle
    raise operation_error
  File "/opt/pypto/runtime/python/simpler/worker.py", line 1623, in run_lifecycle
    value = operation(owner)
  File "/opt/pypto/runtime/python/simpler/worker.py", line 9281, in release
    self._dispatch_control_domain(
  File "/opt/pypto/runtime/python/simpler/worker.py", line 9334, in _dispatch_control_domain
    raise RuntimeError(
RuntimeError: release_domain(allocation_id=0) failed on 8/8 chips; first error chip=1: control_release_domain: child process pid=1867503 exited before mailbox completion (exit_status=0)
/usr/lib/python3.10/multiprocessing/resource_tracker.py:224: UserWarning: resource_tracker: There appear to be 8 leaked shared_memory objects to clean up at shutdown
  warnings.warn('resource_tracker: There appear to be %d '

  [heal] EP4 smoke on 0,1,2,3 ...
  [heal] rc=0 OK
  [cooldown] sleeping 35s before retry
  FAIL attempt=5/5 rc=-11
, line 9232, in release_claim
    self._release_domain_claimed(handle)
  File "/opt/pypto/runtime/python/simpler/worker.py", line 9293, in _release_domain_claimed
    _run_with_owned_shared_memory(
  File "/opt/pypto/runtime/python/simpler/worker.py", line 1643, in _run_with_owned_shared_memory
    raise result.error
  File "/opt/pypto/runtime/python/simpler/worker.py", line 1339, in invoke
    result.value = operation()
  File "/opt/pypto/runtime/python/simpler/worker.py", line 1636, in run_lifecycle
    raise operation_error
  File "/opt/pypto/runtime/python/simpler/worker.py", line 1623, in run_lifecycle
    value = operation(owner)
  File "/opt/pypto/runtime/python/simpler/worker.py", line 9281, in release
    self._dispatch_control_domain(
  File "/opt/pypto/runtime/python/simpler/worker.py", line 9334, in _dispatch_control_domain
    raise RuntimeError(
RuntimeError: release_domain(allocation_id=0) failed on 8/8 chips; first error chip=3: control_release_domain failed on child: chip_process dev=3 ctrl=8: RuntimeError: comm_release_domain_windows failed with code -1
[mono_ns=7319256284757970][T0xeaa50b86b020][WARN] comm_destroy: [comm_hccl.cpp:1747] [comm rank 0] comm_destroy: final barrier failed during departure wait for rank 4; releasing local state anyway
[mono_ns=7319256429198002][T0xeaa50b86b020][WARN] comm_destroy: [comm_hccl.cpp:1800] [comm rank 7] comm_destroy: final release failed during release wait for rank 7
[mono_ns=7319256429575463][T0xeaa50b86b020][WARN] comm_destroy: [comm_hccl.cpp:1800] [comm rank 6] comm_destroy: final release failed during release wait for rank 6
[mono_ns=7319256504923873][T0xeaa50b86b020][WARN] comm_destroy: [comm_hccl.cpp:1800] [comm rank 1] comm_destroy: final release failed during release wait for rank 1
[mono_ns=7319256524320115][T0xeaa50b86b020][WARN] comm_destroy: [comm_hccl.cpp:1800] [comm rank 2] comm_destroy: final release failed during release wait for rank 2
[mono_ns=7319256553975050][T0xeaa50b86b020][WARN] comm_destroy: [comm_hccl.cpp:1800] [comm rank 5] comm_destroy: final release failed during release wait for rank 5
[mono_ns=7319256554213311][T0xeaa50b86b020][WARN] comm_destroy: [comm_hccl.cpp:1800] [comm rank 3] comm_destroy: final release failed during release wait for rank 3
/usr/lib/python3.10/multiprocessing/resource_tracker.py:224: UserWarning: resource_tracker: There appear to be 8 leaked shared_memory objects to clean up at shutdown
  warnings.warn('resource_tracker: There appear to be %d '


=== p8_managed-host_uniform_131072 devices=0,1,2,3,4,5,6,7 attempts=5 ===
  OK attempt=1 metric=timing_slot  kernel_p50=8055.174257606268  slot_p50=8055.174257606268  egress=0.8632796385028421

=== p8_managed-host_uniform_262144 devices=0,1,2,3,4,5,6,7 attempts=5 ===
  OK attempt=1 metric=timing_slot  kernel_p50=11211.197823286057  slot_p50=11211.197823286057  egress=1.297220869581451

=== p8_managed-host_uniform_524288 devices=0,1,2,3,4,5,6,7 attempts=5 ===
  OK attempt=1 metric=timing_slot  kernel_p50=17766.165547072887  slot_p50=17766.165547072887  egress=1.6464914961653603

=== p8_managed-host_uniform_1048576 devices=0,1,2,3,4,5,6,7 attempts=5 ===
  OK attempt=1 metric=timing_slot  kernel_p50=29966.70315042138  slot_p50=29966.70315042138  egress=1.9492763234127113

Wrote /opt/pypto-profiling/reports/issue-2521-a1-alltoallv-ep8-gapfill-2026-09-10/summary.json
n_ok=24 n_fail=1
===== PHASE3 HOST remaining patterns @24960 =====
[resume] keeping 24 OK tags from /opt/pypto-profiling/reports/issue-2521-a1-alltoallv-ep8-gapfill-2026-09-10/summary.json

=== p8_managed-host_self-only_24960 devices=0,1,2,3,4,5,6,7 attempts=5 ===
  FAIL attempt=1/5 rc=-11
, line 9232, in release_claim
    self._release_domain_claimed(handle)
  File "/opt/pypto/runtime/python/simpler/worker.py", line 9293, in _release_domain_claimed
    _run_with_owned_shared_memory(
  File "/opt/pypto/runtime/python/simpler/worker.py", line 1643, in _run_with_owned_shared_memory
    raise result.error
  File "/opt/pypto/runtime/python/simpler/worker.py", line 1339, in invoke
    result.value = operation()
  File "/opt/pypto/runtime/python/simpler/worker.py", line 1636, in run_lifecycle
    raise operation_error
  File "/opt/pypto/runtime/python/simpler/worker.py", line 1623, in run_lifecycle
    value = operation(owner)
  File "/opt/pypto/runtime/python/simpler/worker.py", line 9281, in release
    self._dispatch_control_domain(
  File "/opt/pypto/runtime/python/simpler/worker.py", line 9334, in _dispatch_control_domain
    raise RuntimeError(
RuntimeError: release_domain(allocation_id=0) failed on 8/8 chips; first error chip=3: control_release_domain failed on child: chip_process dev=3 ctrl=8: RuntimeError: comm_release_domain_windows failed with code -1
[mono_ns=7320525922972582][T0xeab0733fb020][WARN] comm_destroy: [comm_hccl.cpp:1747] [comm rank 0] comm_destroy: final barrier failed during departure wait for rank 5; releasing local state anyway
[mono_ns=7320526017838047][T0xeab0733fb020][WARN] comm_destroy: [comm_hccl.cpp:1800] [comm rank 2] comm_destroy: final release failed during release wait for rank 2
[mono_ns=7320526026044352][T0xeab0733fb020][WARN] comm_destroy: [comm_hccl.cpp:1800] [comm rank 3] comm_destroy: final release failed during release wait for rank 3
[mono_ns=7320526091675252][T0xeab0733fb020][WARN] comm_destroy: [comm_hccl.cpp:1800] [comm rank 1] comm_destroy: final release failed during release wait for rank 1
[mono_ns=7320526117882444][T0xeab0733fb020][WARN] comm_destroy: [comm_hccl.cpp:1800] [comm rank 6] comm_destroy: final release failed during release wait for rank 6
[mono_ns=7320526158065345][T0xeab0733fb020][WARN] comm_destroy: [comm_hccl.cpp:1800] [comm rank 7] comm_destroy: final release failed during release wait for rank 7
[mono_ns=7320526218556663][T0xeab0733fb020][WARN] comm_destroy: [comm_hccl.cpp:1800] [comm rank 4] comm_destroy: final release failed during release wait for rank 4
/usr/lib/python3.10/multiprocessing/resource_tracker.py:224: UserWarning: resource_tracker: There appear to be 8 leaked shared_memory objects to clean up at shutdown
  warnings.warn('resource_tracker: There appear to be %d '

  [heal] EP4 smoke on 0,1,2,3 ...
  [heal] rc=0 OK
  [cooldown] sleeping 35s before retry
  FAIL attempt=2/5 rc=-11
, line 9232, in release_claim
    self._release_domain_claimed(handle)
  File "/opt/pypto/runtime/python/simpler/worker.py", line 9293, in _release_domain_claimed
    _run_with_owned_shared_memory(
  File "/opt/pypto/runtime/python/simpler/worker.py", line 1643, in _run_with_owned_shared_memory
    raise result.error
  File "/opt/pypto/runtime/python/simpler/worker.py", line 1339, in invoke
    result.value = operation()
  File "/opt/pypto/runtime/python/simpler/worker.py", line 1636, in run_lifecycle
    raise operation_error
  File "/opt/pypto/runtime/python/simpler/worker.py", line 1623, in run_lifecycle
    value = operation(owner)
  File "/opt/pypto/runtime/python/simpler/worker.py", line 9281, in release
    self._dispatch_control_domain(
  File "/opt/pypto/runtime/python/simpler/worker.py", line 9334, in _dispatch_control_domain
    raise RuntimeError(
RuntimeError: release_domain(allocation_id=0) failed on 8/8 chips; first error chip=6: control_release_domain failed on child: chip_process dev=6 ctrl=8: RuntimeError: comm_release_domain_windows failed with code -1
[mono_ns=7320903188057128][T0xe6e2d84cb020][WARN] comm_destroy: [comm_hccl.cpp:1747] [comm rank 0] comm_destroy: final barrier failed during departure wait for rank 7; releasing local state anyway
[mono_ns=7320903316349985][T0xe6e2d84cb020][WARN] comm_destroy: [comm_hccl.cpp:1800] [comm rank 3] comm_destroy: final release failed during release wait for rank 3
[mono_ns=7320903337961681][T0xe6e2d84cb020][WARN] comm_destroy: [comm_hccl.cpp:1800] [comm rank 2] comm_destroy: final release failed during release wait for rank 2
[mono_ns=7320903353589953][T0xe6e2d84cb020][WARN] comm_destroy: [comm_hccl.cpp:1800] [comm rank 4] comm_destroy: final release failed during release wait for rank 4
[mono_ns=7320903473396060][T0xe6e2d84cb020][WARN] comm_destroy: [comm_hccl.cpp:1800] [comm rank 6] comm_destroy: final release failed during release wait for rank 6
[mono_ns=7320903489572779][T0xe6e2d84cb020][WARN] comm_destroy: [comm_hccl.cpp:1800] [comm rank 5] comm_destroy: final release failed during release wait for rank 5
[mono_ns=7320903517218891][T0xe6e2d84cb020][WARN] comm_destroy: [comm_hccl.cpp:1800] [comm rank 1] comm_destroy: final release failed during release wait for rank 1
/usr/lib/python3.10/multiprocessing/resource_tracker.py:224: UserWarning: resource_tracker: There appear to be 8 leaked shared_memory objects to clean up at shutdown
  warnings.warn('resource_tracker: There appear to be %d '

  [heal] EP4 smoke on 0,1,2,3 ...
  [heal] rc=0 OK
  [cooldown] sleeping 35s before retry
  FAIL attempt=3/5 rc=-11
, line 9232, in release_claim
    self._release_domain_claimed(handle)
  File "/opt/pypto/runtime/python/simpler/worker.py", line 9293, in _release_domain_claimed
    _run_with_owned_shared_memory(
  File "/opt/pypto/runtime/python/simpler/worker.py", line 1643, in _run_with_owned_shared_memory
    raise result.error
  File "/opt/pypto/runtime/python/simpler/worker.py", line 1339, in invoke
    result.value = operation()
  File "/opt/pypto/runtime/python/simpler/worker.py", line 1636, in run_lifecycle
    raise operation_error
  File "/opt/pypto/runtime/python/simpler/worker.py", line 1623, in run_lifecycle
    value = operation(owner)
  File "/opt/pypto/runtime/python/simpler/worker.py", line 9281, in release
    self._dispatch_control_domain(
  File "/opt/pypto/runtime/python/simpler/worker.py", line 9334, in _dispatch_control_domain
    raise RuntimeError(
RuntimeError: release_domain(allocation_id=0) failed on 8/8 chips; first error chip=4: control_release_domain failed on child: chip_process dev=4 ctrl=8: RuntimeError: comm_release_domain_windows failed with code -1
[mono_ns=7321280106446461][T0xf9c86391b020][WARN] comm_destroy: [comm_hccl.cpp:1747] [comm rank 0] comm_destroy: final barrier failed during departure wait for rank 6; releasing local state anyway
[mono_ns=7321280234528461][T0xf9c86391b020][WARN] comm_destroy: [comm_hccl.cpp:1800] [comm rank 4] comm_destroy: final release failed during release wait for rank 4
[mono_ns=7321280239927696][T0xf9c86391b020][WARN] comm_destroy: [comm_hccl.cpp:1800] [comm rank 3] comm_destroy: final release failed during release wait for rank 3
[mono_ns=7321280239927736][T0xf9c86391b020][WARN] comm_destroy: [comm_hccl.cpp:1800] [comm rank 2] comm_destroy: final release failed during release wait for rank 2
[mono_ns=7321280282336163][T0xf9c86391b020][WARN] comm_destroy: [comm_hccl.cpp:1800] [comm rank 1] comm_destroy: final release failed during release wait for rank 1
[mono_ns=7321280297256563][T0xf9c86391b020][WARN] comm_destroy: [comm_hccl.cpp:1800] [comm rank 5] comm_destroy: final release failed during release wait for rank 5
[mono_ns=7321280382444071][T0xf9c86391b020][WARN] comm_destroy: [comm_hccl.cpp:1800] [comm rank 7] comm_destroy: final release failed during release wait for rank 7
/usr/lib/python3.10/multiprocessing/resource_tracker.py:224: UserWarning: resource_tracker: There appear to be 8 leaked shared_memory objects to clean up at shutdown
  warnings.warn('resource_tracker: There appear to be %d '

  [heal] EP4 smoke on 0,1,2,3 ...
  [heal] rc=0 OK
  [cooldown] sleeping 35s before retry
  FAIL attempt=4/5 rc=-11
, line 9232, in release_claim
    self._release_domain_claimed(handle)
  File "/opt/pypto/runtime/python/simpler/worker.py", line 9293, in _release_domain_claimed
    _run_with_owned_shared_memory(
  File "/opt/pypto/runtime/python/simpler/worker.py", line 1643, in _run_with_owned_shared_memory
    raise result.error
  File "/opt/pypto/runtime/python/simpler/worker.py", line 1339, in invoke
    result.value = operation()
  File "/opt/pypto/runtime/python/simpler/worker.py", line 1636, in run_lifecycle
    raise operation_error
  File "/opt/pypto/runtime/python/simpler/worker.py", line 1623, in run_lifecycle
    value = operation(owner)
  File "/opt/pypto/runtime/python/simpler/worker.py", line 9281, in release
    self._dispatch_control_domain(
  File "/opt/pypto/runtime/python/simpler/worker.py", line 9334, in _dispatch_control_domain
    raise RuntimeError(
RuntimeError: release_domain(allocation_id=0) failed on 8/8 chips; first error chip=0: control_release_domain failed on child: chip_process dev=0 ctrl=8: RuntimeError: comm_release_domain_windows failed with code -1
[mono_ns=7321655501083338][T0xf2c93829b020][WARN] comm_destroy: [comm_hccl.cpp:1747] [comm rank 0] comm_destroy: final barrier failed during departure wait for rank 2; releasing local state anyway
[mono_ns=7321655637266243][T0xf2c93829b020][WARN] comm_destroy: [comm_hccl.cpp:1800] [comm rank 3] comm_destroy: final release failed during release wait for rank 3
[mono_ns=7321655647212974][T0xf2c93829b020][WARN] comm_destroy: [comm_hccl.cpp:1800] [comm rank 7] comm_destroy: final release failed during release wait for rank 7
[mono_ns=7321655703237629][T0xf2c93829b020][WARN] comm_destroy: [comm_hccl.cpp:1800] [comm rank 1] comm_destroy: final release failed during release wait for rank 1
[mono_ns=7321655709285208][T0xf2c93829b020][WARN] comm_destroy: [comm_hccl.cpp:1800] [comm rank 6] comm_destroy: final release failed during release wait for rank 6
[mono_ns=7321655723970657][T0xf2c93829b020][WARN] comm_destroy: [comm_hccl.cpp:1800] [comm rank 5] comm_destroy: final release failed during release wait for rank 5
[mono_ns=7321655778132907][T0xf2c93829b020][WARN] comm_destroy: [comm_hccl.cpp:1800] [comm rank 4] comm_destroy: final release failed during release wait for rank 4
/usr/lib/python3.10/multiprocessing/resource_tracker.py:224: UserWarning: resource_tracker: There appear to be 8 leaked shared_memory objects to clean up at shutdown
  warnings.warn('resource_tracker: There appear to be %d '

  [heal] EP4 smoke on 0,1,2,3 ...
  [heal] rc=0 OK
  [cooldown] sleeping 35s before retry
  FAIL attempt=5/5 rc=1
6b4e7020][TIMING] emit_host_span: [STRACE] v=1 pid=2974553 tid=2974553 inv=4 hid=654488882a003ec5 depth=3 name=chip.run.runner_run.device_wall.orch ts=3060 dur=5340 clk=dev
[mono_ns=7321728869237425][T0xee356b4e7020][TIMING] emit_host_span: [STRACE] v=1 pid=2974553 tid=2974553 inv=4 hid=654488882a003ec5 depth=3 name=chip.run.runner_run.device_wall.sched ts=5100 dur=996060 clk=dev
[mono_ns=7321728869247605][T0xee356b4e7020][TIMING] emit_host_span: [STRACE] v=1 pid=2974553 tid=2974553 inv=4 hid=654488882a003ec5 depth=1 name=chip.run.claim_release ts=7321728869245025 dur=420 
[mono_ns=7321728869253445][T0xee356b4e7020][TIMING] emit_host_span: [STRACE] v=1 pid=2974553 tid=2974553 inv=4 hid=654488882a003ec5 depth=0 name=chip.run ts=7321728864408417 dur=4842478 run_id=1 dispatch_id=4 slot_id=0 generation=1 run_epoch=4
[mono_ns=7321728869286015][T0xee340de2cca0][TIMING] emit_host_span: [STRACE] v=1 pid=2970153 tid=2975229 inv=1 hid=6e9a5cfd3e2b5763 depth=0 name=node.complete ts=7321728869282575 dur=280 run_id=1 task_slot=26 group_index=0 worker_id=2 dispatch_id=4 endpoint_kind=local_mailbox prepare_only=0 role=worker outcome=0
[mono_ns=7321728869301295][T0xee340de2cca0][TIMING] emit_host_span: [STRACE] v=1 pid=2970153 tid=2975229 inv=0 hid=0 depth=0 name=node.scheduler_loop ts=7321728869279545 dur=17930 role=scheduler drained=1 dispatched=0 drain_ns=17780 spins=28
[mono_ns=7321728869514947][T0xee356b4e7020][TIMING] emit_host_span: [STRACE] v=1 pid=2970153 tid=2970153 inv=1 hid=0 depth=0 name=node.post_fence_retirement ts=7321728869293375 dur=214832 run_id=1 slot_id=0 generation=1 role=facade
Traceback (most recent call last):
  File "/opt/pypto-profiling/collectives/a1_alltoallv/harness/all_to_all_v_benchmark.py", line 1202, in <module>
    raise SystemExit(main())
  File "/opt/pypto-profiling/collectives/a1_alltoallv/harness/all_to_all_v_benchmark.py", line 1191, in main
    doc = run_benchmark(args, shape)
  File "/opt/pypto-profiling/collectives/a1_alltoallv/harness/all_to_all_v_benchmark.py", line 1049, in run_benchmark
    host_slots, slot_rank = _timed_session(
  File "/opt/pypto-profiling/collectives/a1_alltoallv/harness/all_to_all_v_benchmark.py", line 982, in _timed_session
    check_correctness(shape, inputs, send_counts, outputs, recv_out)
  File "/opt/pypto-profiling/collectives/a1_alltoallv/harness/all_to_all_v_benchmark.py", line 874, in check_correctness
    raise AssertionError(
AssertionError: rank=3 src=3: recv_counts=0 != clamped send_counts=6


=== p8_managed-host_mixed_24960 devices=0,1,2,3,4,5,6,7 attempts=5 ===
  OK attempt=1 metric=timing_slot  kernel_p50=12859.729118645191  slot_p50=12859.729118645191  egress=0.03755232545642504

=== p8_managed-host_asymmetric_24960 devices=0,1,2,3,4,5,6,7 attempts=5 ===
  FAIL attempt=1/5 rc=-11
, line 9232, in release_claim
    self._release_domain_claimed(handle)
  File "/opt/pypto/runtime/python/simpler/worker.py", line 9293, in _release_domain_claimed
    _run_with_owned_shared_memory(
  File "/opt/pypto/runtime/python/simpler/worker.py", line 1643, in _run_with_owned_shared_memory
    raise result.error
  File "/opt/pypto/runtime/python/simpler/worker.py", line 1339, in invoke
    result.value = operation()
  File "/opt/pypto/runtime/python/simpler/worker.py", line 1636, in run_lifecycle
    raise operation_error
  File "/opt/pypto/runtime/python/simpler/worker.py", line 1623, in run_lifecycle
    value = operation(owner)
  File "/opt/pypto/runtime/python/simpler/worker.py", line 9281, in release
    self._dispatch_control_domain(
  File "/opt/pypto/runtime/python/simpler/worker.py", line 9334, in _dispatch_control_domain
    raise RuntimeError(
RuntimeError: release_domain(allocation_id=0) failed on 8/8 chips; first error chip=0: control_release_domain failed on child: chip_process dev=0 ctrl=8: RuntimeError: comm_release_domain_windows failed with code -1
[mono_ns=7322293247861826][T0xfc0d68a9b020][WARN] comm_destroy: [comm_hccl.cpp:1747] [comm rank 0] comm_destroy: final barrier failed during departure wait for rank 6; releasing local state anyway
[mono_ns=7322293346495561][T0xfc0d68a9b020][WARN] comm_destroy: [comm_hccl.cpp:1800] [comm rank 7] comm_destroy: final release failed during release wait for rank 7
[mono_ns=7322293461918520][T0xfc0d68a9b020][WARN] comm_destroy: [comm_hccl.cpp:1800] [comm rank 1] comm_destroy: final release failed during release wait for rank 1
[mono_ns=7322293464359726][T0xfc0d68a9b020][WARN] comm_destroy: [comm_hccl.cpp:1800] [comm rank 4] comm_destroy: final release failed during release wait for rank 4
[mono_ns=7322293491401121][T0xfc0d68a9b020][WARN] comm_destroy: [comm_hccl.cpp:1800] [comm rank 5] comm_destroy: final release failed during release wait for rank 5
[mono_ns=7322293533296178][T0xfc0d68a9b020][WARN] comm_destroy: [comm_hccl.cpp:1800] [comm rank 2] comm_destroy: final release failed during release wait for rank 2
[mono_ns=7322293533485539][T0xfc0d68a9b020][WARN] comm_destroy: [comm_hccl.cpp:1800] [comm rank 3] comm_destroy: final release failed during release wait for rank 3
/usr/lib/python3.10/multiprocessing/resource_tracker.py:224: UserWarning: resource_tracker: There appear to be 8 leaked shared_memory objects to clean up at shutdown
  warnings.warn('resource_tracker: There appear to be %d '

  [heal] EP4 smoke on 0,1,2,3 ...
  [heal] rc=0 OK
  [cooldown] sleeping 35s before retry
  FAIL attempt=2/5 rc=-11
, line 9232, in release_claim
    self._release_domain_claimed(handle)
  File "/opt/pypto/runtime/python/simpler/worker.py", line 9293, in _release_domain_claimed
    _run_with_owned_shared_memory(
  File "/opt/pypto/runtime/python/simpler/worker.py", line 1643, in _run_with_owned_shared_memory
    raise result.error
  File "/opt/pypto/runtime/python/simpler/worker.py", line 1339, in invoke
    result.value = operation()
  File "/opt/pypto/runtime/python/simpler/worker.py", line 1636, in run_lifecycle
    raise operation_error
  File "/opt/pypto/runtime/python/simpler/worker.py", line 1623, in run_lifecycle
    value = operation(owner)
  File "/opt/pypto/runtime/python/simpler/worker.py", line 9281, in release
    self._dispatch_control_domain(
  File "/opt/pypto/runtime/python/simpler/worker.py", line 9334, in _dispatch_control_domain
    raise RuntimeError(
RuntimeError: release_domain(allocation_id=0) failed on 8/8 chips; first error chip=6: control_release_domain failed on child: chip_process dev=6 ctrl=8: RuntimeError: comm_release_domain_windows failed with code -1
[mono_ns=7322668310589882][T0xe8207448b020][WARN] comm_destroy: [comm_hccl.cpp:1747] [comm rank 0] comm_destroy: final barrier failed during departure wait for rank 1; releasing local state anyway
[mono_ns=7322668507263723][T0xe8207448b020][WARN] comm_destroy: [comm_hccl.cpp:1800] [comm rank 5] comm_destroy: final release failed during release wait for rank 5
[mono_ns=7322668574606596][T0xe8207448b020][WARN] comm_destroy: [comm_hccl.cpp:1800] [comm rank 7] comm_destroy: final release failed during release wait for rank 7
[mono_ns=7322668582456017][T0xe8207448b020][WARN] comm_destroy: [comm_hccl.cpp:1800] [comm rank 3] comm_destroy: final release failed during release wait for rank 3
[mono_ns=7322668619942543][T0xe8207448b020][WARN] comm_destroy: [comm_hccl.cpp:1800] [comm rank 6] comm_destroy: final release failed during release wait for rank 6
[mono_ns=7322668652556627][T0xe8207448b020][WARN] comm_destroy: [comm_hccl.cpp:1800] [comm rank 4] comm_destroy: final release failed during release wait for rank 4
[mono_ns=7322668674837924][T0xe8207448b020][WARN] comm_destroy: [comm_hccl.cpp:1800] [comm rank 2] comm_destroy: final release failed during release wait for rank 2
/usr/lib/python3.10/multiprocessing/resource_tracker.py:224: UserWarning: resource_tracker: There appear to be 8 leaked shared_memory objects to clean up at shutdown
  warnings.warn('resource_tracker: There appear to be %d '

  [heal] EP4 smoke on 0,1,2,3 ...
  [heal] rc=0 OK
  [cooldown] sleeping 35s before retry
  FAIL attempt=3/5 rc=-11
, line 9232, in release_claim
    self._release_domain_claimed(handle)
  File "/opt/pypto/runtime/python/simpler/worker.py", line 9293, in _release_domain_claimed
    _run_with_owned_shared_memory(
  File "/opt/pypto/runtime/python/simpler/worker.py", line 1643, in _run_with_owned_shared_memory
    raise result.error
  File "/opt/pypto/runtime/python/simpler/worker.py", line 1339, in invoke
    result.value = operation()
  File "/opt/pypto/runtime/python/simpler/worker.py", line 1636, in run_lifecycle
    raise operation_error
  File "/opt/pypto/runtime/python/simpler/worker.py", line 1623, in run_lifecycle
    value = operation(owner)
  File "/opt/pypto/runtime/python/simpler/worker.py", line 9281, in release
    self._dispatch_control_domain(
  File "/opt/pypto/runtime/python/simpler/worker.py", line 9334, in _dispatch_control_domain
    raise RuntimeError(
RuntimeError: release_domain(allocation_id=0) failed on 8/8 chips; first error chip=6: control_release_domain failed on child: chip_process dev=6 ctrl=8: RuntimeError: comm_release_domain_windows failed with code -1
[mono_ns=7323042823102138][T0xfea9296ab020][WARN] comm_destroy: [comm_hccl.cpp:1747] [comm rank 0] comm_destroy: final barrier failed during departure wait for rank 4; releasing local state anyway
[mono_ns=7323042933927892][T0xfea9296ab020][WARN] comm_destroy: [comm_hccl.cpp:1800] [comm rank 5] comm_destroy: final release failed during release wait for rank 5
[mono_ns=7323043004650227][T0xfea9296ab020][WARN] comm_destroy: [comm_hccl.cpp:1800] [comm rank 6] comm_destroy: final release failed during release wait for rank 6
[mono_ns=7323043052391594][T0xfea9296ab020][WARN] comm_destroy: [comm_hccl.cpp:1800] [comm rank 2] comm_destroy: final release failed during release wait for rank 2
[mono_ns=7323043084530931][T0xfea9296ab020][WARN] comm_destroy: [comm_hccl.cpp:1800] [comm rank 1] comm_destroy: final release failed during release wait for rank 1
[mono_ns=7323043097831257][T0xfea9296ab020][WARN] comm_destroy: [comm_hccl.cpp:1800] [comm rank 7] comm_destroy: final release failed during release wait for rank 7
[mono_ns=7323043139749167][T0xfea9296ab020][WARN] comm_destroy: [comm_hccl.cpp:1800] [comm rank 3] comm_destroy: final release failed during release wait for rank 3
/usr/lib/python3.10/multiprocessing/resource_tracker.py:224: UserWarning: resource_tracker: There appear to be 8 leaked shared_memory objects to clean up at shutdown
  warnings.warn('resource_tracker: There appear to be %d '

  [heal] EP4 smoke on 0,1,2,3 ...
  [heal] rc=0 OK
  [cooldown] sleeping 35s before retry
  OK attempt=4 metric=timing_slot  kernel_p50=12366.074603050947  slot_p50=12366.074603050947  egress=0.05557118331656045

=== p8_managed-host_random_24960 devices=0,1,2,3,4,5,6,7 attempts=5 ===
  OK attempt=1 metric=timing_slot  kernel_p50=12445.664964616299  slot_p50=12445.664964616299  egress=0.03658706401551706

Wrote /opt/pypto-profiling/reports/issue-2521-a1-alltoallv-ep8-gapfill-2026-09-10/summary.json
n_ok=27 n_fail=1
===== OPEN ITEMS DONE 2026-09-11T09:37:20Z =====
