
=== p8_managed-l2_uniform_32768 devices=0,1,2,3,4,5,6,7 attempts=4 ===
  OK attempt=1 metric=aicore_gang_span  kernel_p50=608.72  slot_p50=4034.1061539947987  egress=3.0085119202542883

=== p8_managed-l2_uniform_49152 devices=0,1,2,3,4,5,6,7 attempts=4 ===
  FAIL attempt=1/4 rc=1
me=node.complete ts=7252091923149704 dur=270 run_id=1 task_slot=2 group_index=0 worker_id=2 dispatch_id=1 endpoint_kind=local_mailbox prepare_only=0 role=worker outcome=0
[mono_ns=7252091923090364][T0xf38fff76b020][TIMING] emit_host_span: [STRACE] v=1 pid=1708643 tid=1708643 inv=1 hid=2e8e960a9b608ef3 depth=3 name=chip.run.runner_run.device_wall.sched ts=187440 dur=8224459 clk=dev
[mono_ns=7252091923160264][T0xf38ea222cca0][TIMING] emit_host_span: [STRACE] v=1 pid=1700454 tid=1708785 inv=1 hid=50b590682672cac0 depth=0 name=node.complete ts=7252091923157144 dur=310 run_id=1 task_slot=6 group_index=0 worker_id=6 dispatch_id=1 endpoint_kind=local_mailbox prepare_only=0 role=worker outcome=0
[mono_ns=7252091923094434][T0xf38fff76b020][TIMING] emit_host_span: [STRACE] v=1 pid=1708643 tid=1708643 inv=1 hid=2e8e960a9b608ef3 depth=1 name=chip.run.claim_release ts=7252091923092374 dur=330 
[mono_ns=7252091923177664][T0xf38ea222cca0][TIMING] emit_host_span: [STRACE] v=1 pid=1700454 tid=1708785 inv=0 hid=0 depth=0 name=node.scheduler_loop ts=7252091923139644 dur=34610 role=scheduler drained=3 dispatched=0 drain_ns=34430 spins=0
[mono_ns=7252091923098914][T0xf38fff76b020][TIMING] emit_host_span: [STRACE] v=1 pid=1708643 tid=1708643 inv=1 hid=2e8e960a9b608ef3 depth=0 name=chip.run ts=7252091910635196 dur=12461788 run_id=1 dispatch_id=1 slot_id=0 generation=1 run_epoch=1
[mono_ns=7252091923422355][T0xf38fff76b020][TIMING] emit_host_span: [STRACE] v=1 pid=1700454 tid=1700454 inv=1 hid=0 depth=0 name=node.post_fence_retirement ts=7252091923170224 dur=245111 run_id=1 slot_id=0 generation=1 role=facade
Traceback (most recent call last):
  File "/opt/pypto-profiling/collectives/a1_alltoallv/harness/all_to_all_v_benchmark.py", line 1202, in <module>
    raise SystemExit(main())
  File "/opt/pypto-profiling/collectives/a1_alltoallv/harness/all_to_all_v_benchmark.py", line 1191, in main
    doc = run_benchmark(args, shape)
  File "/opt/pypto-profiling/collectives/a1_alltoallv/harness/all_to_all_v_benchmark.py", line 1049, in run_benchmark
    host_slots, slot_rank = _timed_session(
  File "/opt/pypto-profiling/collectives/a1_alltoallv/harness/all_to_all_v_benchmark.py", line 982, in _timed_session
    check_correctness(shape, inputs, send_counts, outputs, recv_out)
  File "/opt/pypto-profiling/collectives/a1_alltoallv/harness/all_to_all_v_benchmark.py", line 874, in check_correctness
    raise AssertionError(
AssertionError: rank=1 src=3: recv_counts=0 != clamped send_counts=1

  [heal] EP4 smoke on 0,1,2,3 ...
  [heal] rc=0 OK
  [cooldown] sleeping 25s before retry
  FAIL attempt=2/4 rc=-11
, line 9232, in release_claim
    self._release_domain_claimed(handle)
  File "/opt/pypto/runtime/python/simpler/worker.py", line 9293, in _release_domain_claimed
    _run_with_owned_shared_memory(
  File "/opt/pypto/runtime/python/simpler/worker.py", line 1643, in _run_with_owned_shared_memory
    raise result.error
  File "/opt/pypto/runtime/python/simpler/worker.py", line 1339, in invoke
    result.value = operation()
  File "/opt/pypto/runtime/python/simpler/worker.py", line 1636, in run_lifecycle
    raise operation_error
  File "/opt/pypto/runtime/python/simpler/worker.py", line 1623, in run_lifecycle
    value = operation(owner)
  File "/opt/pypto/runtime/python/simpler/worker.py", line 9281, in release
    self._dispatch_control_domain(
  File "/opt/pypto/runtime/python/simpler/worker.py", line 9334, in _dispatch_control_domain
    raise RuntimeError(
RuntimeError: release_domain(allocation_id=0) failed on 8/8 chips; first error chip=0: control_release_domain failed on child: chip_process dev=0 ctrl=8: RuntimeError: comm_release_domain_windows failed with code -1
[mono_ns=7252451900911328][T0xfa5a41c3b020][WARN] comm_destroy: [comm_hccl.cpp:1747] [comm rank 0] comm_destroy: final barrier failed during departure wait for rank 6; releasing local state anyway
[mono_ns=7252452027870994][T0xfa5a41c3b020][WARN] comm_destroy: [comm_hccl.cpp:1800] [comm rank 4] comm_destroy: final release failed during release wait for rank 4
[mono_ns=7252452059246707][T0xfa5a41c3b020][WARN] comm_destroy: [comm_hccl.cpp:1800] [comm rank 2] comm_destroy: final release failed during release wait for rank 2
[mono_ns=7252452105166722][T0xfa5a41c3b020][WARN] comm_destroy: [comm_hccl.cpp:1800] [comm rank 3] comm_destroy: final release failed during release wait for rank 3
[mono_ns=7252452173495568][T0xfa5a41c3b020][WARN] comm_destroy: [comm_hccl.cpp:1800] [comm rank 7] comm_destroy: final release failed during release wait for rank 7
[mono_ns=7252452175325665][T0xfa5a41c3b020][WARN] comm_destroy: [comm_hccl.cpp:1800] [comm rank 1] comm_destroy: final release failed during release wait for rank 1
[mono_ns=7252452186393735][T0xfa5a41c3b020][WARN] comm_destroy: [comm_hccl.cpp:1800] [comm rank 5] comm_destroy: final release failed during release wait for rank 5
/usr/lib/python3.10/multiprocessing/resource_tracker.py:224: UserWarning: resource_tracker: There appear to be 8 leaked shared_memory objects to clean up at shutdown
  warnings.warn('resource_tracker: There appear to be %d '

  [heal] EP4 smoke on 0,1,2,3 ...
  [heal] rc=0 OK
  [cooldown] sleeping 25s before retry
  FAIL attempt=3/4 rc=1
490393318 dur=330 run_id=1 task_slot=0 group_index=0 worker_id=0 dispatch_id=1 endpoint_kind=local_mailbox prepare_only=0 role=worker outcome=0
[mono_ns=7252509490349718][T0xf37ec18ab020][TIMING] emit_host_span: [STRACE] v=1 pid=1866384 tid=1866384 inv=1 hid=2e8e960a9b608ef3 depth=1 name=chip.run.claim_release ts=7252509490347578 dur=360 
[mono_ns=7252509490407788][T0xf37d6442cca0][TIMING] emit_host_span: [STRACE] v=1 pid=1859952 tid=1866583 inv=0 hid=0 depth=0 name=node.scheduler_loop ts=7252509490390698 dur=13740 role=scheduler drained=1 dispatched=0 drain_ns=11400 spins=0
[mono_ns=7252509490354008][T0xf37ec18ab020][TIMING] emit_host_span: [STRACE] v=1 pid=1866384 tid=1866384 inv=1 hid=2e8e960a9b608ef3 depth=0 name=chip.run ts=7252509482222438 dur=8129540 run_id=1 dispatch_id=1 slot_id=0 generation=1 run_epoch=1
[mono_ns=7252509490415078][T0xf37d6442cca0][TIMING] emit_host_span: [STRACE] v=1 pid=1859952 tid=1866583 inv=1 hid=50b590682672cac0 depth=0 name=node.complete ts=7252509490411928 dur=350 run_id=1 task_slot=1 group_index=0 worker_id=1 dispatch_id=1 endpoint_kind=local_mailbox prepare_only=0 role=worker outcome=0
[mono_ns=7252509490426708][T0xf37d6442cca0][TIMING] emit_host_span: [STRACE] v=1 pid=1859952 tid=1866583 inv=0 hid=0 depth=0 name=node.scheduler_loop ts=7252509490409468 dur=14170 role=scheduler drained=1 dispatched=0 drain_ns=14030 spins=0
[mono_ns=7252509490616449][T0xf37ec18ab020][TIMING] emit_host_span: [STRACE] v=1 pid=1859952 tid=1859952 inv=1 hid=0 depth=0 name=node.post_fence_retirement ts=7252509490420028 dur=190201 run_id=1 slot_id=0 generation=1 role=facade
Traceback (most recent call last):
  File "/opt/pypto-profiling/collectives/a1_alltoallv/harness/all_to_all_v_benchmark.py", line 1202, in <module>
    raise SystemExit(main())
  File "/opt/pypto-profiling/collectives/a1_alltoallv/harness/all_to_all_v_benchmark.py", line 1191, in main
    doc = run_benchmark(args, shape)
  File "/opt/pypto-profiling/collectives/a1_alltoallv/harness/all_to_all_v_benchmark.py", line 1049, in run_benchmark
    host_slots, slot_rank = _timed_session(
  File "/opt/pypto-profiling/collectives/a1_alltoallv/harness/all_to_all_v_benchmark.py", line 982, in _timed_session
    check_correctness(shape, inputs, send_counts, outputs, recv_out)
  File "/opt/pypto-profiling/collectives/a1_alltoallv/harness/all_to_all_v_benchmark.py", line 874, in check_correctness
    raise AssertionError(
AssertionError: rank=2 src=1: recv_counts=0 != clamped send_counts=1

  [heal] EP4 smoke on 0,1,2,3 ...
  [heal] rc=0 OK
  [cooldown] sleeping 25s before retry
  FAIL attempt=4/4 rc=-11
, line 9232, in release_claim
    self._release_domain_claimed(handle)
  File "/opt/pypto/runtime/python/simpler/worker.py", line 9293, in _release_domain_claimed
    _run_with_owned_shared_memory(
  File "/opt/pypto/runtime/python/simpler/worker.py", line 1643, in _run_with_owned_shared_memory
    raise result.error
  File "/opt/pypto/runtime/python/simpler/worker.py", line 1339, in invoke
    result.value = operation()
  File "/opt/pypto/runtime/python/simpler/worker.py", line 1636, in run_lifecycle
    raise operation_error
  File "/opt/pypto/runtime/python/simpler/worker.py", line 1623, in run_lifecycle
    value = operation(owner)
  File "/opt/pypto/runtime/python/simpler/worker.py", line 9281, in release
    self._dispatch_control_domain(
  File "/opt/pypto/runtime/python/simpler/worker.py", line 9334, in _dispatch_control_domain
    raise RuntimeError(
RuntimeError: release_domain(allocation_id=0) failed on 8/8 chips; first error chip=3: control_release_domain failed on child: chip_process dev=3 ctrl=8: RuntimeError: comm_release_domain_windows failed with code -1
[mono_ns=7252872089280755][T0xfb768d5fb020][WARN] comm_destroy: [comm_hccl.cpp:1747] [comm rank 0] comm_destroy: final barrier failed during departure wait for rank 4; releasing local state anyway
[mono_ns=7252872205295300][T0xfb768d5fb020][WARN] comm_destroy: [comm_hccl.cpp:1800] [comm rank 3] comm_destroy: final release failed during release wait for rank 3
[mono_ns=7252872223286571][T0xfb768d5fb020][WARN] comm_destroy: [comm_hccl.cpp:1800] [comm rank 2] comm_destroy: final release failed during release wait for rank 2
[mono_ns=7252872245742179][T0xfb768d5fb020][WARN] comm_destroy: [comm_hccl.cpp:1800] [comm rank 1] comm_destroy: final release failed during release wait for rank 1
[mono_ns=7252872275305395][T0xfb768d5fb020][WARN] comm_destroy: [comm_hccl.cpp:1800] [comm rank 5] comm_destroy: final release failed during release wait for rank 5
[mono_ns=7252872304659510][T0xfb768d5fb020][WARN] comm_destroy: [comm_hccl.cpp:1800] [comm rank 6] comm_destroy: final release failed during release wait for rank 6
[mono_ns=7252872354873788][T0xfb768d5fb020][WARN] comm_destroy: [comm_hccl.cpp:1800] [comm rank 7] comm_destroy: final release failed during release wait for rank 7
/usr/lib/python3.10/multiprocessing/resource_tracker.py:224: UserWarning: resource_tracker: There appear to be 8 leaked shared_memory objects to clean up at shutdown
  warnings.warn('resource_tracker: There appear to be %d '


=== p8_managed-l2_uniform_65536 devices=0,1,2,3,4,5,6,7 attempts=4 ===
