===== LAST GAPS START 2026-09-11T09:58:53Z =====
[heal] rc=0
===== HOST uniform 65536 =====
[resume] keeping 27 OK tags from /opt/pypto-profiling/reports/issue-2521-a1-alltoallv-ep8-gapfill-2026-09-10/summary.json

=== p8_managed-host_uniform_65536 devices=0,1,2,3,4,5,6,7 attempts=6 ===
  OK attempt=1 metric=timing_slot  kernel_p50=6586.388684809208  slot_p50=6586.388684809208  egress=0.5475935268670397

Wrote /opt/pypto-profiling/reports/issue-2521-a1-alltoallv-ep8-gapfill-2026-09-10/summary.json
n_ok=28 n_fail=0
===== HOST self-only @24960 =====
[resume] keeping 28 OK tags from /opt/pypto-profiling/reports/issue-2521-a1-alltoallv-ep8-gapfill-2026-09-10/summary.json

=== p8_managed-host_self-only_24960 devices=0,1,2,3,4,5,6,7 attempts=6 ===
  FAIL attempt=1/6 rc=-11
, line 9232, in release_claim
    self._release_domain_claimed(handle)
  File "/opt/pypto/runtime/python/simpler/worker.py", line 9293, in _release_domain_claimed
    _run_with_owned_shared_memory(
  File "/opt/pypto/runtime/python/simpler/worker.py", line 1643, in _run_with_owned_shared_memory
    raise result.error
  File "/opt/pypto/runtime/python/simpler/worker.py", line 1339, in invoke
    result.value = operation()
  File "/opt/pypto/runtime/python/simpler/worker.py", line 1636, in run_lifecycle
    raise operation_error
  File "/opt/pypto/runtime/python/simpler/worker.py", line 1623, in run_lifecycle
    value = operation(owner)
  File "/opt/pypto/runtime/python/simpler/worker.py", line 9281, in release
    self._dispatch_control_domain(
  File "/opt/pypto/runtime/python/simpler/worker.py", line 9334, in _dispatch_control_domain
    raise RuntimeError(
RuntimeError: release_domain(allocation_id=0) failed on 8/8 chips; first error chip=0: control_release_domain failed on child: chip_process dev=0 ctrl=8: RuntimeError: comm_release_domain_windows failed with code -1
[mono_ns=7325383509711885][T0xe0242a07b020][WARN] comm_destroy: [comm_hccl.cpp:1747] [comm rank 0] comm_destroy: final barrier failed during departure wait for rank 3; releasing local state anyway
[mono_ns=7325383583131008][T0xe0242a07b020][WARN] comm_destroy: [comm_hccl.cpp:1800] [comm rank 2] comm_destroy: final release failed during release wait for rank 2
[mono_ns=7325383629957086][T0xe0242a07b020][WARN] comm_destroy: [comm_hccl.cpp:1800] [comm rank 4] comm_destroy: final release failed during release wait for rank 4
[mono_ns=7325383678995108][T0xe0242a07b020][WARN] comm_destroy: [comm_hccl.cpp:1800] [comm rank 5] comm_destroy: final release failed during release wait for rank 5
[mono_ns=7325383718838415][T0xe0242a07b020][WARN] comm_destroy: [comm_hccl.cpp:1800] [comm rank 1] comm_destroy: final release failed during release wait for rank 1
[mono_ns=7325383755603726][T0xe0242a07b020][WARN] comm_destroy: [comm_hccl.cpp:1800] [comm rank 7] comm_destroy: final release failed during release wait for rank 7
[mono_ns=7325383808279484][T0xe0242a07b020][WARN] comm_destroy: [comm_hccl.cpp:1800] [comm rank 6] comm_destroy: final release failed during release wait for rank 6
/usr/lib/python3.10/multiprocessing/resource_tracker.py:224: UserWarning: resource_tracker: There appear to be 8 leaked shared_memory objects to clean up at shutdown
  warnings.warn('resource_tracker: There appear to be %d '

  [heal] EP4 smoke on 0,1,2,3 ...
  [heal] rc=0 OK
  [cooldown] sleeping 40s before retry
  OK attempt=2 metric=timing_slot  kernel_p50=12127.43017822504  slot_p50=12127.43017822504  egress=0.0

Wrote /opt/pypto-profiling/reports/issue-2521-a1-alltoallv-ep8-gapfill-2026-09-10/summary.json
n_ok=29 n_fail=0
===== LAST GAPS DONE 2026-09-11T10:12:40Z =====
