[mono_ns=7232752681467517][T0xf6698626b020][TIMING] emit_host_span: [STRACE] v=1 pid=1200870 tid=1200870 inv=1 hid=e9c1dec2c6b43a7e depth=2 name=chip.run.bind.args ts=7232752681311234 dur=148653 
[mono_ns=7232752681486477][T0xf6698626b020][TIMING] emit_host_span: [STRACE] v=1 pid=1200870 tid=1200870 inv=1 hid=e9c1dec2c6b43a7e depth=2 name=chip.run.bind.prebuilt ts=7232752681479287 dur=4550 
[mono_ns=7232752681493497][T0xf6698626b020][TIMING] emit_host_span: [STRACE] v=1 pid=1200870 tid=1200870 inv=1 hid=e9c1dec2c6b43a7e depth=1 name=chip.run.bind ts=7232752680864928 dur=624469 
[mono_ns=7232752796421807][T0xf6698626b020][TIMING] emit_host_span: [STRACE] v=1 pid=1200870 tid=1200870 inv=1 hid=e9c1dec2c6b43a7e depth=1 name=chip.run.runner_run ts=7232752682167727 dur=114242300 
[mono_ns=7232752796590859][T0xf6698626b020][TIMING] emit_host_span: [STRACE] v=1 pid=1200870 tid=1200870 inv=1 hid=e9c1dec2c6b43a7e depth=1 name=chip.run.validate ts=7232752796433367 dur=153022 
[mono_ns=7232752796600049][T0xf6698626b020][TIMING] emit_host_span: [STRACE] v=1 pid=1200870 tid=1200870 inv=1 hid=e9c1dec2c6b43a7e depth=2 name=chip.run.runner_run.device_wall ts=0 dur=3351439 clk=dev
[mono_ns=7232752796604559][T0xf6698626b020][TIMING] emit_host_span: [STRACE] v=1 pid=1200870 tid=1200870 inv=1 hid=e9c1dec2c6b43a7e depth=3 name=chip.run.runner_run.device_wall.preamble ts=0 dur=160000 clk=dev
[mono_ns=7232752796608260][T0xf6698626b020][TIMING] emit_host_span: [STRACE] v=1 pid=1200870 tid=1200870 inv=1 hid=e9c1dec2c6b43a7e depth=3 name=chip.run.runner_run.device_wall.graph_build ts=38820 dur=3293560 clk=dev
[mono_ns=7232752796611600][T0xf6698626b020][TIMING] emit_host_span: [STRACE] v=1 pid=1200870 tid=1200870 inv=1 hid=e9c1dec2c6b43a7e depth=3 name=chip.run.runner_run.device_wall.config_validate ts=42960 dur=3280 clk=dev
[mono_ns=7232752796615080][T0xf6698626b020][TIMING] emit_host_span: [STRACE] v=1 pid=1200870 tid=1200870 inv=1 hid=e9c1dec2c6b43a7e depth=3 name=chip.run.runner_run.device_wall.arena_wire ts=46279 dur=12639 clk=dev
[mono_ns=7232752796618580][T0xf6698626b020][TIMING] emit_host_span: [STRACE] v=1 pid=1200870 tid=1200870 inv=1 hid=e9c1dec2c6b43a7e depth=3 name=chip.run.runner_run.device_wall.sm_reset ts=58960 dur=19760 clk=dev
[mono_ns=7232752796623100][T0xf6698626b020][TIMING] emit_host_span: [STRACE] v=1 pid=1200870 tid=1200870 inv=1 hid=e9c1dec2c6b43a7e depth=3 name=chip.run.runner_run.device_wall.post_orch ts=3332560 dur=14760 clk=dev
[mono_ns=7232752796626420][T0xf6698626b020][TIMING] emit_host_span: [STRACE] v=1 pid=1200870 tid=1200870 inv=1 hid=e9c1dec2c6b43a7e depth=3 name=chip.run.runner_run.device_wall.orch ts=83980 dur=65320 clk=dev
[mono_ns=7232752796629850][T0xf6698626b020][TIMING] emit_host_span: [STRACE] v=1 pid=1200870 tid=1200870 inv=1 hid=e9c1dec2c6b43a7e depth=3 name=chip.run.runner_run.device_wall.sched ts=162000 dur=3147399 clk=dev
[mono_ns=7232752796635590][T0xf6698626b020][TIMING] emit_host_span: [STRACE] v=1 pid=1200870 tid=1200870 inv=1 hid=e9c1dec2c6b43a7e depth=1 name=chip.run.claim_release ts=7232752796633020 dur=720 
[mono_ns=7232752796641570][T0xf6698626b020][TIMING] emit_host_span: [STRACE] v=1 pid=1200870 tid=1200870 inv=1 hid=e9c1dec2c6b43a7e depth=0 name=chip.run ts=7232752680831467 dur=115808113 run_id=1 dispatch_id=1 slot_id=0 generation=1 run_epoch=1
[mono_ns=7232752806791853][T0xf6698626b020][TIMING] emit_host_span: [STRACE] v=1 pid=1200870 tid=1200870 inv=2 hid=e9c1dec2c6b43a7e depth=2 name=chip.run.bind.args ts=7232752806633890 dur=152213 
[mono_ns=7232752806808263][T0xf6698626b020][TIMING] emit_host_span: [STRACE] v=1 pid=1200870 tid=1200870 inv=2 hid=e9c1dec2c6b43a7e depth=2 name=chip.run.bind.prebuilt ts=7232752806801823 dur=4090 
[mono_ns=7232752806812793][T0xf6698626b020][TIMING] emit_host_span: [STRACE] v=1 pid=1200870 tid=1200870 inv=2 hid=e9c1dec2c6b43a7e depth=1 name=chip.run.bind ts=7232752806623690 dur=186923 
[mono_ns=7232752867768230][T0xf668297aaca0][WARN] copy_aicore_buffer: [chip_swimlane_collector.cpp:689] Core 1: skipped 1024 AICore record slot(s) with start_time=0 (race-window write or recycled-buffer tail). buf seq=0 count=1024
[mono_ns=7232752867773810][T0xf66829fbaca0][WARN] copy_aicore_buffer: [chip_swimlane_collector.cpp:689] Core 0: skipped 1024 AICore record slot(s) with start_time=0 (race-window write or recycled-buffer tail). buf seq=0 count=1024
[mono_ns=7232752867772930][T0xf66828f9aca0][WARN] copy_aicore_buffer: [chip_swimlane_collector.cpp:689] Core 2: skipped 1024 AICore record slot(s) with start_time=0 (race-window write or recycled-buffer tail). buf seq=0 count=1024
[mono_ns=7232752868119776][T0xf668297aaca0][WARN] copy_aicore_buffer: [chip_swimlane_collector.cpp:689] Core 26: skipped 1024 AICore record slot(s) with start_time=0 (race-window write or recycled-buffer tail). buf seq=0 count=1024
[mono_ns=7232752868131766][T0xf66829fbaca0][WARN] copy_aicore_buffer: [chip_swimlane_collector.cpp:689] Core 24: skipped 1021 AICore record slot(s) with start_time=0 (race-window write or recycled-buffer tail). buf seq=0 count=1024
[mono_ns=7232752868157056][T0xf66828f9aca0][WARN] copy_aicore_buffer: [chip_swimlane_collector.cpp:689] Core 28: skipped 1024 AICore record slot(s) with start_time=0 (race-window write or recycled-buffer tail). buf seq=0 count=1024
[mono_ns=7232752868442241][T0xf668297aaca0][WARN] copy_aicore_buffer: [chip_swimlane_collector.cpp:689] Core 27: skipped 1024 AICore record slot(s) with start_time=0 (race-window write or recycled-buffer tail). buf seq=0 count=1024
[mono_ns=7232752868463671][T0xf66829fbaca0][WARN] copy_aicore_buffer: [chip_swimlane_collector.cpp:689] Core 25: skipped 1024 AICore record slot(s) with start_time=0 (race-window write or recycled-buffer tail). buf seq=0 count=1024
[mono_ns=7232752868482111][T0xf66828f9aca0][WARN] copy_aicore_buffer: [chip_swimlane_collector.cpp:689] Core 29: skipped 1024 AICore record slot(s) with start_time=0 (race-window write or recycled-buffer tail). buf seq=0 count=1024
[mono_ns=7232752868866907][T0xf66828f9aca0][WARN] copy_aicore_buffer: [chip_swimlane_collector.cpp:689] Core 5: skipped 1024 AICore record slot(s) with start_time=0 (race-window write or recycled-buffer tail). buf seq=0 count=1024
[mono_ns=7232752868874687][T0xf668297aaca0][WARN] copy_aicore_buffer: [chip_swimlane_collector.cpp:689] Core 4: skipped 1024 AICore record slot(s) with start_time=0 (race-window write or recycled-buffer tail). buf seq=0 count=1024
[mono_ns=7232752868879427][T0xf66829fbaca0][WARN] copy_aicore_buffer: [chip_swimlane_collector.cpp:689] Core 3: skipped 1024 AICore record slot(s) with start_time=0 (race-window write or recycled-buffer tail). buf seq=0 count=1024
[mono_ns=7232752869217282][T0xf66828f9aca0][WARN] copy_aicore_buffer: [chip_swimlane_collector.cpp:689] Core 34: skipped 1024 AICore record slot(s) with start_time=0 (race-window write or recycled-buffer tail). buf seq=0 count=1024
[mono_ns=7232752869236453][T0xf668297aaca0][WARN] copy_aicore_buffer: [chip_swimlane_collector.cpp:689] Core 32: skipped 1024 AICore record slot(s) with start_time=0 (race-window write or recycled-buffer tail). buf seq=0 count=1024
[mono_ns=7232752869251323][T0xf66829fbaca0][WARN] copy_aicore_buffer: [chip_swimlane_collector.cpp:689] Core 30: skipped 1024 AICore record slot(s) with start_time=0 (race-window write or recycled-buffer tail). buf seq=0 count=1024
[mono_ns=7232752869544297][T0xf66828f9aca0][WARN] copy_aicore_buffer: [chip_swimlane_collector.cpp:689] Core 35: skipped 1024 AICore record slot(s) with start_time=0 (race-window write or recycled-buffer tail). buf seq=0 count=1024
[mono_ns=7232752869567987][T0xf668297aaca0][WARN] copy_aicore_buffer: [chip_swimlane_collector.cpp:689] Core 33: skipped 1024 AICore record slot(s) with start_time=0 (race-window write or recycled-buffer tail). buf seq=0 count=1024
[mono_ns=7232752869593198][T0xf66829fbaca0][WARN] copy_aicore_buffer: [chip_swimlane_collector.cpp:689] Core 31: skipped 1024 AICore record slot(s) with start_time=0 (race-window write or recycled-buffer tail). buf seq=0 count=1024
[mono_ns=7232752869878042][T0xf66828f9aca0][WARN] copy_aicore_buffer: [chip_swimlane_collector.cpp:689] Core 8: skipped 1024 AICore record slot(s) with start_time=0 (race-window write or recycled-buffer tail). buf seq=0 count=1024
[mono_ns=7232752869901783][T0xf668297aaca0][WARN] copy_aicore_buffer: [chip_swimlane_collector.cpp:689] Core 7: skipped 1024 AICore record slot(s) with start_time=0 (race-window write or recycled-buffer tail). buf seq=0 count=1024
[mono_ns=7232752869933673][T0xf66829fbaca0][WARN] copy_aicore_buffer: [chip_swimlane_collector.cpp:689] Core 6: skipped 1024 AICore record slot(s) with start_time=0 (race-window write or recycled-buffer tail). buf seq=0 count=1024
[mono_ns=7232752870215347][T0xf66828f9aca0][WARN] copy_aicore_buffer: [chip_swimlane_collector.cpp:689] Core 40: skipped 1024 AICore record slot(s) with start_time=0 (race-window write or recycled-buffer tail). buf seq=0 count=1024
[mono_ns=7232752870240188][T0xf668297aaca0][WARN] copy_aicore_buffer: [chip_swimlane_collector.cpp:689] Core 38: skipped 1024 AICore record slot(s) with start_time=0 (race-window write or recycled-buffer tail). buf seq=0 count=1024
[mono_ns=7232752870293298][T0xf66829fbaca0][WARN] copy_aicore_buffer: [chip_swimlane_collector.cpp:689] Core 36: skipped 1024 AICore record slot(s) with start_time=0 (race-window write or recycled-buffer tail). buf seq=0 count=1024
[mono_ns=7232752870546812][T0xf66828f9aca0][WARN] copy_aicore_buffer: [chip_swimlane_collector.cpp:689] Core 41: skipped 1024 AICore record slot(s) with start_time=0 (race-window write or recycled-buffer tail). buf seq=0 count=1024
[mono_ns=7232752870566983][T0xf668297aaca0][WARN] copy_aicore_buffer: [chip_swimlane_collector.cpp:689] Core 39: skipped 1024 AICore record slot(s) with start_time=0 (race-window write or recycled-buffer tail). buf seq=0 count=1024
[mono_ns=7232752870627063][T0xf66829fbaca0][WARN] copy_aicore_buffer: [chip_swimlane_collector.cpp:689] Core 37: skipped 1024 AICore record slot(s) with start_time=0 (race-window write or recycled-buffer tail). buf seq=0 count=1024
[mono_ns=7232752870878267][T0xf66828f9aca0][WARN] copy_aicore_buffer: [chip_swimlane_collector.cpp:689] Core 11: skipped 1024 AICore record slot(s) with start_time=0 (race-window write or recycled-buffer tail). buf seq=0 count=1024
[mono_ns=7232752870889687][T0xf668297aaca0][WARN] copy_aicore_buffer: [chip_swimlane_collector.cpp:689] Core 10: skipped 1024 AICore record slot(s) with start_time=0 (race-window write or recycled-buffer tail). buf seq=0 count=1024
[mono_ns=7232752870964119][T0xf66829fbaca0][WARN] copy_aicore_buffer: [chip_swimlane_collector.cpp:689] Core 9: skipped 1024 AICore record slot(s) with start_time=0 (race-window write or recycled-buffer tail). buf seq=0 count=1024
[mono_ns=7232752871214212][T0xf66828f9aca0][WARN] copy_aicore_buffer: [chip_swimlane_collector.cpp:689] Core 46: skipped 1024 AICore record slot(s) with start_time=0 (race-window write or recycled-buffer tail). buf seq=0 count=1024
[mono_ns=7232752871225682][T0xf668297aaca0][WARN] copy_aicore_buffer: [chip_swimlane_collector.cpp:689] Core 44: skipped 1024 AICore record slot(s) with start_time=0 (race-window write or recycled-buffer tail). buf seq=0 count=1024
[mono_ns=7232752871320254][T0xf66829fbaca0][WARN] copy_aicore_buffer: [chip_swimlane_collector.cpp:689] Core 42: skipped 1024 AICore record slot(s) with start_time=0 (race-window write or recycled-buffer tail). buf seq=0 count=1024
[mono_ns=7232752871542347][T0xf66828f9aca0][WARN] copy_aicore_buffer: [chip_swimlane_collector.cpp:689] Core 47: skipped 1024 AICore record slot(s) with start_time=0 (race-window write or recycled-buffer tail). buf seq=0 count=1024
[mono_ns=7232752871552717][T0xf668297aaca0][WARN] copy_aicore_buffer: [chip_swimlane_collector.cpp:689] Core 45: skipped 1024 AICore record slot(s) with start_time=0 (race-window write or recycled-buffer tail). buf seq=0 count=1024
[mono_ns=7232752871667709][T0xf66829fbaca0][WARN] copy_aicore_buffer: [chip_swimlane_collector.cpp:689] Core 43: skipped 1024 AICore record slot(s) with start_time=0 (race-window write or recycled-buffer tail). buf seq=0 count=1024
[mono_ns=7232752871873922][T0xf66828f9aca0][WARN] copy_aicore_buffer: [chip_swimlane_collector.cpp:689] Core 14: skipped 1024 AICore record slot(s) with start_time=0 (race-window write or recycled-buffer tail). buf seq=0 count=1024
[mono_ns=7232752871889472][T0xf668297aaca0][WARN] copy_aicore_buffer: [chip_swimlane_collector.cpp:689] Core 13: skipped 1024 AICore record slot(s) with start_time=0 (race-window write or recycled-buffer tail). buf seq=0 count=1024
[mono_ns=7232752872017354][T0xf66829fbaca0][WARN] copy_aicore_buffer: [chip_swimlane_collector.cpp:689] Core 12: skipped 1024 AICore record slot(s) with start_time=0 (race-window write or recycled-buffer tail). buf seq=0 count=1024
[mono_ns=7232752872216737][T0xf668297aaca0][WARN] copy_aicore_buffer: [chip_swimlane_collector.cpp:689] Core 50: skipped 1024 AICore record slot(s) with start_time=0 (race-window write or recycled-buffer tail). buf seq=0 count=1024
[mono_ns=7232752872237478][T0xf66828f9aca0][WARN] copy_aicore_buffer: [chip_swimlane_collector.cpp:689] Core 52: skipped 1024 AICore record slot(s) with start_time=0 (race-window write or recycled-buffer tail). buf seq=0 count=1024
[mono_ns=7232752872361390][T0xf66829fbaca0][WARN] copy_aicore_buffer: [chip_swimlane_collector.cpp:689] Core 48: skipped 1024 AICore record slot(s) with start_time=0 (race-window write or recycled-buffer tail). buf seq=0 count=1024
[mono_ns=7232752872545612][T0xf668297aaca0][WARN] copy_aicore_buffer: [chip_swimlane_collector.cpp:689] Core 51: skipped 1024 AICore record slot(s) with start_time=0 (race-window write or recycled-buffer tail). buf seq=0 count=1024
[mono_ns=7232752872562353][T0xf66828f9aca0][WARN] copy_aicore_buffer: [chip_swimlane_collector.cpp:689] Core 53: skipped 1024 AICore record slot(s) with start_time=0 (race-window write or recycled-buffer tail). buf seq=0 count=1024
[mono_ns=7232752872706735][T0xf66829fbaca0][WARN] copy_aicore_buffer: [chip_swimlane_collector.cpp:689] Core 49: skipped 1024 AICore record slot(s) with start_time=0 (race-window write or recycled-buffer tail). buf seq=0 count=1024
[mono_ns=7232752872888507][T0xf66828f9aca0][WARN] copy_aicore_buffer: [chip_swimlane_collector.cpp:689] Core 17: skipped 1024 AICore record slot(s) with start_time=0 (race-window write or recycled-buffer tail). buf seq=0 count=1024
[mono_ns=7232752872919068][T0xf668297aaca0][WARN] copy_aicore_buffer: [chip_swimlane_collector.cpp:689] Core 16: skipped 1024 AICore record slot(s) with start_time=0 (race-window write or recycled-buffer tail). buf seq=0 count=1024
[mono_ns=7232752873062030][T0xf66829fbaca0][WARN] copy_aicore_buffer: [chip_swimlane_collector.cpp:689] Core 15: skipped 1024 AICore record slot(s) with start_time=0 (race-window write or recycled-buffer tail). buf seq=0 count=1024
[mono_ns=7232752873235683][T0xf66828f9aca0][WARN] copy_aicore_buffer: [chip_swimlane_collector.cpp:689] Core 58: skipped 1024 AICore record slot(s) with start_time=0 (race-window write or recycled-buffer tail). buf seq=0 count=1024
[mono_ns=7232752873257803][T0xf668297aaca0][WARN] copy_aicore_buffer: [chip_swimlane_collector.cpp:689] Core 56: skipped 1024 AICore record slot(s) with start_time=0 (race-window write or recycled-buffer tail). buf seq=0 count=1024
[mono_ns=7232752873402845][T0xf66829fbaca0][WARN] copy_aicore_buffer: [chip_swimlane_collector.cpp:689] Core 54: skipped 1024 AICore record slot(s) with start_time=0 (race-window write or recycled-buffer tail). buf seq=0 count=1024
[mono_ns=7232752873565398][T0xf66828f9aca0][WARN] copy_aicore_buffer: [chip_swimlane_collector.cpp:689] Core 59: skipped 1024 AICore record slot(s) with start_time=0 (race-window write or recycled-buffer tail). buf seq=0 count=1024
[mono_ns=7232752873588798][T0xf668297aaca0][WARN] copy_aicore_buffer: [chip_swimlane_collector.cpp:689] Core 57: skipped 1024 AICore record slot(s) with start_time=0 (race-window write or recycled-buffer tail). buf seq=0 count=1024
[mono_ns=7232752873745430][T0xf66829fbaca0][WARN] copy_aicore_buffer: [chip_swimlane_collector.cpp:689] Core 55: skipped 1024 AICore record slot(s) with start_time=0 (race-window write or recycled-buffer tail). buf seq=0 count=1024
[mono_ns=7232752873899553][T0xf66828f9aca0][WARN] copy_aicore_buffer: [chip_swimlane_collector.cpp:689] Core 20: skipped 1024 AICore record slot(s) with start_time=0 (race-window write or recycled-buffer tail). buf seq=0 count=1024
[mono_ns=7232752873918673][T0xf668297aaca0][WARN] copy_aicore_buffer: [chip_swimlane_collector.cpp:689] Core 19: skipped 1024 AICore record slot(s) with start_time=0 (race-window write or recycled-buffer tail). buf seq=0 count=1024
[mono_ns=7232752874102076][T0xf66829fbaca0][WARN] copy_aicore_buffer: [chip_swimlane_collector.cpp:689] Core 18: skipped 1024 AICore record slot(s) with start_time=0 (race-window write or recycled-buffer tail). buf seq=0 count=1024
[mono_ns=7232752874239888][T0xf66828f9aca0][WARN] copy_aicore_buffer: [chip_swimlane_collector.cpp:689] Core 64: skipped 1024 AICore record slot(s) with start_time=0 (race-window write or recycled-buffer tail). buf seq=0 count=1024
[mono_ns=7232752874251378][T0xf668297aaca0][WARN] copy_aicore_buffer: [chip_swimlane_collector.cpp:689] Core 62: skipped 1024 AICore record slot(s) with start_time=0 (race-window write or recycled-buffer tail). buf seq=0 count=1024
[mono_ns=7232752874443681][T0xf66829fbaca0][WARN] copy_aicore_buffer: [chip_swimlane_collector.cpp:689] Core 60: skipped 1024 AICore record slot(s) with start_time=0 (race-window write or recycled-buffer tail). buf seq=0 count=1024
[mono_ns=7232752874573323][T0xf66828f9aca0][WARN] copy_aicore_buffer: [chip_swimlane_collector.cpp:689] Core 65: skipped 1024 AICore record slot(s) with start_time=0 (race-window write or recycled-buffer tail). buf seq=0 count=1024
[mono_ns=7232752874587383][T0xf668297aaca0][WARN] copy_aicore_buffer: [chip_swimlane_collector.cpp:689] Core 63: skipped 1024 AICore record slot(s) with start_time=0 (race-window write or recycled-buffer tail). buf seq=0 count=1024
[mono_ns=7232752874790436][T0xf66829fbaca0][WARN] copy_aicore_buffer: [chip_swimlane_collector.cpp:689] Core 61: skipped 1024 AICore record slot(s) with start_time=0 (race-window write or recycled-buffer tail). buf seq=0 count=1024
[mono_ns=7232752874905728][T0xf66828f9aca0][WARN] copy_aicore_buffer: [chip_swimlane_collector.cpp:689] Core 23: skipped 1024 AICore record slot(s) with start_time=0 (race-window write or recycled-buffer tail). buf seq=0 count=1024
[mono_ns=7232752874918368][T0xf668297aaca0][WARN] copy_aicore_buffer: [chip_swimlane_collector.cpp:689] Core 22: skipped 1024 AICore record slot(s) with start_time=0 (race-window write or recycled-buffer tail). buf seq=0 count=1024
[mono_ns=7232752875158732][T0xf66829fbaca0][WARN] copy_aicore_buffer: [chip_swimlane_collector.cpp:689] Core 21: skipped 1024 AICore record slot(s) with start_time=0 (race-window write or recycled-buffer tail). buf seq=0 count=1024
[mono_ns=7232752875252963][T0xf66828f9aca0][WARN] copy_aicore_buffer: [chip_swimlane_collector.cpp:689] Core 70: skipped 1024 AICore record slot(s) with start_time=0 (race-window write or recycled-buffer tail). buf seq=0 count=1024
[mono_ns=7232752875265043][T0xf668297aaca0][WARN] copy_aicore_buffer: [chip_swimlane_collector.cpp:689] Core 68: skipped 1024 AICore record slot(s) with start_time=0 (race-window write or recycled-buffer tail). buf seq=0 count=1024
[mono_ns=7232752875502617][T0xf66829fbaca0][WARN] copy_aicore_buffer: [chip_swimlane_collector.cpp:689] Core 66: skipped 1024 AICore record slot(s) with start_time=0 (race-window write or recycled-buffer tail). buf seq=0 count=1024
[mono_ns=7232752875583038][T0xf66828f9aca0][WARN] copy_aicore_buffer: [chip_swimlane_collector.cpp:689] Core 71: skipped 1024 AICore record slot(s) with start_time=0 (race-window write or recycled-buffer tail). buf seq=0 count=1024
[mono_ns=7232752875592288][T0xf668297aaca0][WARN] copy_aicore_buffer: [chip_swimlane_collector.cpp:689] Core 69: skipped 1024 AICore record slot(s) with start_time=0 (race-window write or recycled-buffer tail). buf seq=0 count=1024
[mono_ns=7232752875840282][T0xf66829fbaca0][WARN] copy_aicore_buffer: [chip_swimlane_collector.cpp:689] Core 67: skipped 1024 AICore record slot(s) with start_time=0 (race-window write or recycled-buffer tail). buf seq=0 count=1024
[mono_ns=7232752976324234][T0xf6698626b020][TIMING] emit_host_span: [STRACE] v=1 pid=1200870 tid=1200870 inv=2 hid=e9c1dec2c6b43a7e depth=1 name=chip.run.runner_run ts=7232752863944173 dur=112372381 
[mono_ns=7232752976436246][T0xf6698626b020][TIMING] emit_host_span: [STRACE] v=1 pid=1200870 tid=1200870 inv=2 hid=e9c1dec2c6b43a7e depth=1 name=chip.run.validate ts=7232752976332554 dur=99692 
[mono_ns=7232752976443896][T0xf6698626b020][TIMING] emit_host_span: [STRACE] v=1 pid=1200870 tid=1200870 inv=2 hid=e9c1dec2c6b43a7e depth=2 name=chip.run.runner_run.device_wall ts=0 dur=1804960 clk=dev
[mono_ns=7232752976448606][T0xf6698626b020][TIMING] emit_host_span: [STRACE] v=1 pid=1200870 tid=1200870 inv=2 hid=e9c1dec2c6b43a7e depth=3 name=chip.run.runner_run.device_wall.preamble ts=0 dur=138560 clk=dev
[mono_ns=7232752976452386][T0xf6698626b020][TIMING] emit_host_span: [STRACE] v=1 pid=1200870 tid=1200870 inv=2 hid=e9c1dec2c6b43a7e depth=3 name=chip.run.runner_run.device_wall.graph_build ts=133780 dur=1661940 clk=dev
[mono_ns=7232752976455816][T0xf6698626b020][TIMING] emit_host_span: [STRACE] v=1 pid=1200870 tid=1200870 inv=2 hid=e9c1dec2c6b43a7e depth=3 name=chip.run.runner_run.device_wall.config_validate ts=134019 dur=880 clk=dev
[mono_ns=7232752976458926][T0xf6698626b020][TIMING] emit_host_span: [STRACE] v=1 pid=1200870 tid=1200870 inv=2 hid=e9c1dec2c6b43a7e depth=3 name=chip.run.runner_run.device_wall.arena_wire ts=134960 dur=640 clk=dev
[mono_ns=7232752976462146][T0xf6698626b020][TIMING] emit_host_span: [STRACE] v=1 pid=1200870 tid=1200870 inv=2 hid=e9c1dec2c6b43a7e depth=3 name=chip.run.runner_run.device_wall.sm_reset ts=135640 dur=1160 clk=dev
[mono_ns=7232752976465806][T0xf6698626b020][TIMING] emit_host_span: [STRACE] v=1 pid=1200870 tid=1200870 inv=2 hid=e9c1dec2c6b43a7e depth=3 name=chip.run.runner_run.device_wall.post_orch ts=1795780 dur=8960 clk=dev
[mono_ns=7232752976468856][T0xf6698626b020][TIMING] emit_host_span: [STRACE] v=1 pid=1200870 tid=1200870 inv=2 hid=e9c1dec2c6b43a7e depth=3 name=chip.run.runner_run.device_wall.orch ts=136840 dur=5640 clk=dev
[mono_ns=7232752976471886][T0xf6698626b020][TIMING] emit_host_span: [STRACE] v=1 pid=1200870 tid=1200870 inv=2 hid=e9c1dec2c6b43a7e depth=3 name=chip.run.runner_run.device_wall.sched ts=138640 dur=1630780 clk=dev
[mono_ns=7232752976476096][T0xf6698626b020][TIMING] emit_host_span: [STRACE] v=1 pid=1200870 tid=1200870 inv=2 hid=e9c1dec2c6b43a7e depth=1 name=chip.run.claim_release ts=7232752976473926 dur=380 
[mono_ns=7232752976480186][T0xf6698626b020][TIMING] emit_host_span: [STRACE] v=1 pid=1200870 tid=1200870 inv=2 hid=e9c1dec2c6b43a7e depth=0 name=chip.run ts=7232752806592630 dur=169885506 run_id=2 dispatch_id=2 slot_id=0 generation=2 run_epoch=2
[mono_ns=7232757828532793][T0xf6698626b020][TIMING] emit_host_span: [STRACE] v=1 pid=1200870 tid=1200870 inv=3 hid=e9c1dec2c6b43a7e depth=2 name=chip.run.bind.args ts=7232757828222519 dur=272174 
[mono_ns=7232757828648685][T0xf6698626b020][TIMING] emit_host_span: [STRACE] v=1 pid=1200870 tid=1200870 inv=3 hid=e9c1dec2c6b43a7e depth=2 name=chip.run.bind.prebuilt ts=7232757828627455 dur=18140 
[mono_ns=7232757828685166][T0xf6698626b020][TIMING] emit_host_span: [STRACE] v=1 pid=1200870 tid=1200870 inv=3 hid=e9c1dec2c6b43a7e depth=1 name=chip.run.bind ts=7232757828214689 dur=468057 
[mono_ns=7232758051812364][T0xf6698626b020][TIMING] emit_host_span: [STRACE] v=1 pid=1200870 tid=1200870 inv=3 hid=e9c1dec2c6b43a7e depth=1 name=chip.run.runner_run ts=7232757830478933 dur=221315481 
[mono_ns=7232758051972817][T0xf6698626b020][TIMING] emit_host_span: [STRACE] v=1 pid=1200870 tid=1200870 inv=3 hid=e9c1dec2c6b43a7e depth=1 name=chip.run.validate ts=7232758051829684 dur=138052 
[mono_ns=7232758051986417][T0xf6698626b020][TIMING] emit_host_span: [STRACE] v=1 pid=1200870 tid=1200870 inv=3 hid=e9c1dec2c6b43a7e depth=2 name=chip.run.runner_run.device_wall ts=0 dur=3123180 clk=dev
[mono_ns=7232758051991237][T0xf6698626b020][TIMING] emit_host_span: [STRACE] v=1 pid=1200870 tid=1200870 inv=3 hid=e9c1dec2c6b43a7e depth=3 name=chip.run.runner_run.device_wall.preamble ts=0 dur=6939 clk=dev
[mono_ns=7232758051995817][T0xf6698626b020][TIMING] emit_host_span: [STRACE] v=1 pid=1200870 tid=1200870 inv=3 hid=e9c1dec2c6b43a7e depth=3 name=chip.run.runner_run.device_wall.graph_build ts=1920 dur=3111500 clk=dev
[mono_ns=7232758051999927][T0xf6698626b020][TIMING] emit_host_span: [STRACE] v=1 pid=1200870 tid=1200870 inv=3 hid=e9c1dec2c6b43a7e depth=3 name=chip.run.runner_run.device_wall.config_validate ts=2020 dur=1080 clk=dev
[mono_ns=7232758052020037][T0xf6698626b020][TIMING] emit_host_span: [STRACE] v=1 pid=1200870 tid=1200870 inv=3 hid=e9c1dec2c6b43a7e depth=3 name=chip.run.runner_run.device_wall.arena_wire ts=3120 dur=700 clk=dev
[mono_ns=7232758052062608][T0xf6698626b020][TIMING] emit_host_span: [STRACE] v=1 pid=1200870 tid=1200870 inv=3 hid=e9c1dec2c6b43a7e depth=3 name=chip.run.runner_run.device_wall.sm_reset ts=3860 dur=1200 clk=dev
[mono_ns=7232758052068088][T0xf6698626b020][TIMING] emit_host_span: [STRACE] v=1 pid=1200870 tid=1200870 inv=3 hid=e9c1dec2c6b43a7e depth=3 name=chip.run.runner_run.device_wall.post_orch ts=3113480 dur=9260 clk=dev
[mono_ns=7232758052073258][T0xf6698626b020][TIMING] emit_host_span: [STRACE] v=1 pid=1200870 tid=1200870 inv=3 hid=e9c1dec2c6b43a7e depth=3 name=chip.run.runner_run.device_wall.orch ts=6000 dur=10660 clk=dev
[mono_ns=7232758052078598][T0xf6698626b020][TIMING] emit_host_span: [STRACE] v=1 pid=1200870 tid=1200870 inv=3 hid=e9c1dec2c6b43a7e depth=3 name=chip.run.runner_run.device_wall.sched ts=7380 dur=3097640 clk=dev
[mono_ns=7232758052087818][T0xf6698626b020][TIMING] emit_host_span: [STRACE] v=1 pid=1200870 tid=1200870 inv=3 hid=e9c1dec2c6b43a7e depth=1 name=chip.run.claim_release ts=7232758052084918 dur=990 
[mono_ns=7232758052097868][T0xf6698626b020][TIMING] emit_host_span: [STRACE] v=1 pid=1200870 tid=1200870 inv=3 hid=e9c1dec2c6b43a7e depth=0 name=chip.run ts=7232757827374036 dur=224721632 run_id=3 dispatch_id=3 slot_id=0 generation=3 run_epoch=3
[mono_ns=7232758065691322][T0xf6698626b020][TIMING] emit_host_span: [STRACE] v=1 pid=1200870 tid=1200870 inv=4 hid=e9c1dec2c6b43a7e depth=2 name=chip.run.bind.args ts=7232758065534979 dur=150383 
[mono_ns=7232758065710302][T0xf6698626b020][TIMING] emit_host_span: [STRACE] v=1 pid=1200870 tid=1200870 inv=4 hid=e9c1dec2c6b43a7e depth=2 name=chip.run.bind.prebuilt ts=7232758065703342 dur=4430 
[mono_ns=7232758065743183][T0xf6698626b020][TIMING] emit_host_span: [STRACE] v=1 pid=1200870 tid=1200870 inv=4 hid=e9c1dec2c6b43a7e depth=1 name=chip.run.bind ts=7232758065522289 dur=217943 
[mono_ns=7232758069976266][T0xf66829fbaca0][WARN] copy_aicore_buffer: [chip_swimlane_collector.cpp:689] Core 0: skipped 1024 AICore record slot(s) with start_time=0 (race-window write or recycled-buffer tail). buf seq=0 count=1024
[mono_ns=7232758069990726][T0xf668297aaca0][WARN] copy_aicore_buffer: [chip_swimlane_collector.cpp:689] Core 1: skipped 1024 AICore record slot(s) with start_time=0 (race-window write or recycled-buffer tail). buf seq=0 count=1024
[mono_ns=7232758069993526][T0xf66828f9aca0][WARN] copy_aicore_buffer: [chip_swimlane_collector.cpp:689] Core 2: skipped 1024 AICore record slot(s) with start_time=0 (race-window write or recycled-buffer tail). buf seq=0 count=1024
[mono_ns=7232758070319221][T0xf668297aaca0][WARN] copy_aicore_buffer: [chip_swimlane_collector.cpp:689] Core 26: skipped 1023 AICore record slot(s) with start_time=0 (race-window write or recycled-buffer tail). buf seq=0 count=1024
[mono_ns=7232758070326111][T0xf66828f9aca0][WARN] copy_aicore_buffer: [chip_swimlane_collector.cpp:689] Core 28: skipped 1024 AICore record slot(s) with start_time=0 (race-window write or recycled-buffer tail). buf seq=0 count=1024
[mono_ns=7232758070340651][T0xf66829fbaca0][WARN] copy_aicore_buffer: [chip_swimlane_collector.cpp:689] Core 24: skipped 1022 AICore record slot(s) with start_time=0 (race-window write or recycled-buffer tail). buf seq=0 count=1024
[mono_ns=7232758070636006][T0xf668297aaca0][WARN] copy_aicore_buffer: [chip_swimlane_collector.cpp:689] Core 27: skipped 1024 AICore record slot(s) with start_time=0 (race-window write or recycled-buffer tail). buf seq=0 count=1024
[mono_ns=7232758070641436][T0xf66828f9aca0][WARN] copy_aicore_buffer: [chip_swimlane_collector.cpp:689] Core 29: skipped 1024 AICore record slot(s) with start_time=0 (race-window write or recycled-buffer tail). buf seq=0 count=1024
[mono_ns=7232758070673036][T0xf66829fbaca0][WARN] copy_aicore_buffer: [chip_swimlane_collector.cpp:689] Core 25: skipped 1024 AICore record slot(s) with start_time=0 (race-window write or recycled-buffer tail). buf seq=0 count=1024
[mono_ns=7232758070950610][T0xf668297aaca0][WARN] copy_aicore_buffer: [chip_swimlane_collector.cpp:689] Core 4: skipped 1024 AICore record slot(s) with start_time=0 (race-window write or recycled-buffer tail). buf seq=0 count=1024
[mono_ns=7232758070955041][T0xf66828f9aca0][WARN] copy_aicore_buffer: [chip_swimlane_collector.cpp:689] Core 5: skipped 1024 AICore record slot(s) with start_time=0 (race-window write or recycled-buffer tail). buf seq=0 count=1024
[mono_ns=7232758070999231][T0xf66829fbaca0][WARN] copy_aicore_buffer: [chip_swimlane_collector.cpp:689] Core 3: skipped 1024 AICore record slot(s) with start_time=0 (race-window write or recycled-buffer tail). buf seq=0 count=1024
[mono_ns=7232758071272305][T0xf668297aaca0][WARN] copy_aicore_buffer: [chip_swimlane_collector.cpp:689] Core 32: skipped 1024 AICore record slot(s) with start_time=0 (race-window write or recycled-buffer tail). buf seq=0 count=1024
[mono_ns=7232758071284705][T0xf66828f9aca0][WARN] copy_aicore_buffer: [chip_swimlane_collector.cpp:689] Core 34: skipped 1024 AICore record slot(s) with start_time=0 (race-window write or recycled-buffer tail). buf seq=0 count=1024
[mono_ns=7232758071333236][T0xf66829fbaca0][WARN] copy_aicore_buffer: [chip_swimlane_collector.cpp:689] Core 30: skipped 1024 AICore record slot(s) with start_time=0 (race-window write or recycled-buffer tail). buf seq=0 count=1024
[mono_ns=7232758071585080][T0xf668297aaca0][WARN] copy_aicore_buffer: [chip_swimlane_collector.cpp:689] Core 33: skipped 1024 AICore record slot(s) with start_time=0 (race-window write or recycled-buffer tail). buf seq=0 count=1024
[mono_ns=7232758071601990][T0xf66828f9aca0][WARN] copy_aicore_buffer: [chip_swimlane_collector.cpp:689] Core 35: skipped 1024 AICore record slot(s) with start_time=0 (race-window write or recycled-buffer tail). buf seq=0 count=1024
[mono_ns=7232758071657591][T0xf66829fbaca0][WARN] copy_aicore_buffer: [chip_swimlane_collector.cpp:689] Core 31: skipped 1024 AICore record slot(s) with start_time=0 (race-window write or recycled-buffer tail). buf seq=0 count=1024
[mono_ns=7232758071900005][T0xf668297aaca0][WARN] copy_aicore_buffer: [chip_swimlane_collector.cpp:689] Core 7: skipped 1024 AICore record slot(s) with start_time=0 (race-window write or recycled-buffer tail). buf seq=0 count=1024
[mono_ns=7232758071917275][T0xf66828f9aca0][WARN] copy_aicore_buffer: [chip_swimlane_collector.cpp:689] Core 8: skipped 1024 AICore record slot(s) with start_time=0 (race-window write or recycled-buffer tail). buf seq=0 count=1024
[mono_ns=7232758071983336][T0xf66829fbaca0][WARN] copy_aicore_buffer: [chip_swimlane_collector.cpp:689] Core 6: skipped 1024 AICore record slot(s) with start_time=0 (race-window write or recycled-buffer tail). buf seq=0 count=1024
[mono_ns=7232758072221939][T0xf668297aaca0][WARN] copy_aicore_buffer: [chip_swimlane_collector.cpp:689] Core 38: skipped 1024 AICore record slot(s) with start_time=0 (race-window write or recycled-buffer tail). buf seq=0 count=1024
[mono_ns=7232758072241660][T0xf66828f9aca0][WARN] copy_aicore_buffer: [chip_swimlane_collector.cpp:689] Core 40: skipped 1024 AICore record slot(s) with start_time=0 (race-window write or recycled-buffer tail). buf seq=0 count=1024
[mono_ns=7232758072319871][T0xf66829fbaca0][WARN] copy_aicore_buffer: [chip_swimlane_collector.cpp:689] Core 36: skipped 1024 AICore record slot(s) with start_time=0 (race-window write or recycled-buffer tail). buf seq=0 count=1024
[mono_ns=7232758072547154][T0xf668297aaca0][WARN] copy_aicore_buffer: [chip_swimlane_collector.cpp:689] Core 39: skipped 1024 AICore record slot(s) with start_time=0 (race-window write or recycled-buffer tail). buf seq=0 count=1024
[mono_ns=7232758072553834][T0xf66828f9aca0][WARN] copy_aicore_buffer: [chip_swimlane_collector.cpp:689] Core 41: skipped 1024 AICore record slot(s) with start_time=0 (race-window write or recycled-buffer tail). buf seq=0 count=1024
[mono_ns=7232758072645136][T0xf66829fbaca0][WARN] copy_aicore_buffer: [chip_swimlane_collector.cpp:689] Core 37: skipped 1024 AICore record slot(s) with start_time=0 (race-window write or recycled-buffer tail). buf seq=0 count=1024
[mono_ns=7232758072860719][T0xf668297aaca0][WARN] copy_aicore_buffer: [chip_swimlane_collector.cpp:689] Core 10: skipped 1024 AICore record slot(s) with start_time=0 (race-window write or recycled-buffer tail). buf seq=0 count=1024
[mono_ns=7232758072868139][T0xf66828f9aca0][WARN] copy_aicore_buffer: [chip_swimlane_collector.cpp:689] Core 11: skipped 1024 AICore record slot(s) with start_time=0 (race-window write or recycled-buffer tail). buf seq=0 count=1024
[mono_ns=7232758072970471][T0xf66829fbaca0][WARN] copy_aicore_buffer: [chip_swimlane_collector.cpp:689] Core 9: skipped 1024 AICore record slot(s) with start_time=0 (race-window write or recycled-buffer tail). buf seq=0 count=1024
[mono_ns=7232758073206104][T0xf66828f9aca0][WARN] copy_aicore_buffer: [chip_swimlane_collector.cpp:689] Core 46: skipped 1024 AICore record slot(s) with start_time=0 (race-window write or recycled-buffer tail). buf seq=0 count=1024
[mono_ns=7232758073215584][T0xf668297aaca0][WARN] copy_aicore_buffer: [chip_swimlane_collector.cpp:689] Core 44: skipped 1024 AICore record slot(s) with start_time=0 (race-window write or recycled-buffer tail). buf seq=0 count=1024
[mono_ns=7232758073332176][T0xf66829fbaca0][WARN] copy_aicore_buffer: [chip_swimlane_collector.cpp:689] Core 42: skipped 1024 AICore record slot(s) with start_time=0 (race-window write or recycled-buffer tail). buf seq=0 count=1024
[mono_ns=7232758073579660][T0xf66828f9aca0][WARN] copy_aicore_buffer: [chip_swimlane_collector.cpp:689] Core 47: skipped 1024 AICore record slot(s) with start_time=0 (race-window write or recycled-buffer tail). buf seq=0 count=1024
[mono_ns=7232758073589690][T0xf668297aaca0][WARN] copy_aicore_buffer: [chip_swimlane_collector.cpp:689] Core 45: skipped 1024 AICore record slot(s) with start_time=0 (race-window write or recycled-buffer tail). buf seq=0 count=1024
[mono_ns=7232758073683511][T0xf66829fbaca0][WARN] copy_aicore_buffer: [chip_swimlane_collector.cpp:689] Core 43: skipped 1024 AICore record slot(s) with start_time=0 (race-window write or recycled-buffer tail). buf seq=0 count=1024
[mono_ns=7232758073917515][T0xf66828f9aca0][WARN] copy_aicore_buffer: [chip_swimlane_collector.cpp:689] Core 14: skipped 1024 AICore record slot(s) with start_time=0 (race-window write or recycled-buffer tail). buf seq=0 count=1024
[mono_ns=7232758073928495][T0xf668297aaca0][WARN] copy_aicore_buffer: [chip_swimlane_collector.cpp:689] Core 13: skipped 1024 AICore record slot(s) with start_time=0 (race-window write or recycled-buffer tail). buf seq=0 count=1024
[mono_ns=7232758074035987][T0xf66829fbaca0][WARN] copy_aicore_buffer: [chip_swimlane_collector.cpp:689] Core 12: skipped 1024 AICore record slot(s) with start_time=0 (race-window write or recycled-buffer tail). buf seq=0 count=1024
[mono_ns=7232758074289240][T0xf668297aaca0][WARN] copy_aicore_buffer: [chip_swimlane_collector.cpp:689] Core 50: skipped 1024 AICore record slot(s) with start_time=0 (race-window write or recycled-buffer tail). buf seq=0 count=1024
[mono_ns=7232758074311601][T0xf66828f9aca0][WARN] copy_aicore_buffer: [chip_swimlane_collector.cpp:689] Core 52: skipped 1024 AICore record slot(s) with start_time=0 (race-window write or recycled-buffer tail). buf seq=0 count=1024
[mono_ns=7232758074378012][T0xf66829fbaca0][WARN] copy_aicore_buffer: [chip_swimlane_collector.cpp:689] Core 48: skipped 1024 AICore record slot(s) with start_time=0 (race-window write or recycled-buffer tail). buf seq=0 count=1024
[mono_ns=7232758074623875][T0xf668297aaca0][WARN] copy_aicore_buffer: [chip_swimlane_collector.cpp:689] Core 51: skipped 1024 AICore record slot(s) with start_time=0 (race-window write or recycled-buffer tail). buf seq=0 count=1024
[mono_ns=7232758074648296][T0xf66828f9aca0][WARN] copy_aicore_buffer: [chip_swimlane_collector.cpp:689] Core 53: skipped 1024 AICore record slot(s) with start_time=0 (race-window write or recycled-buffer tail). buf seq=0 count=1024
[mono_ns=7232758074719707][T0xf66829fbaca0][WARN] copy_aicore_buffer: [chip_swimlane_collector.cpp:689] Core 49: skipped 1024 AICore record slot(s) with start_time=0 (race-window write or recycled-buffer tail). buf seq=0 count=1024
[mono_ns=7232758074950060][T0xf668297aaca0][WARN] copy_aicore_buffer: [chip_swimlane_collector.cpp:689] Core 16: skipped 1024 AICore record slot(s) with start_time=0 (race-window write or recycled-buffer tail). buf seq=0 count=1024
[mono_ns=7232758074973691][T0xf66828f9aca0][WARN] copy_aicore_buffer: [chip_swimlane_collector.cpp:689] Core 17: skipped 1024 AICore record slot(s) with start_time=0 (race-window write or recycled-buffer tail). buf seq=0 count=1024
[mono_ns=7232758075070442][T0xf66829fbaca0][WARN] copy_aicore_buffer: [chip_swimlane_collector.cpp:689] Core 15: skipped 1024 AICore record slot(s) with start_time=0 (race-window write or recycled-buffer tail). buf seq=0 count=1024
[mono_ns=7232758075283985][T0xf668297aaca0][WARN] copy_aicore_buffer: [chip_swimlane_collector.cpp:689] Core 56: skipped 1024 AICore record slot(s) with start_time=0 (race-window write or recycled-buffer tail). buf seq=0 count=1024
[mono_ns=7232758075307216][T0xf66828f9aca0][WARN] copy_aicore_buffer: [chip_swimlane_collector.cpp:689] Core 58: skipped 1024 AICore record slot(s) with start_time=0 (race-window write or recycled-buffer tail). buf seq=0 count=1024
[mono_ns=7232758075410377][T0xf66829fbaca0][WARN] copy_aicore_buffer: [chip_swimlane_collector.cpp:689] Core 54: skipped 1024 AICore record slot(s) with start_time=0 (race-window write or recycled-buffer tail). buf seq=0 count=1024
[mono_ns=7232758075614050][T0xf668297aaca0][WARN] copy_aicore_buffer: [chip_swimlane_collector.cpp:689] Core 57: skipped 1024 AICore record slot(s) with start_time=0 (race-window write or recycled-buffer tail). buf seq=0 count=1024
[mono_ns=7232758075630300][T0xf66828f9aca0][WARN] copy_aicore_buffer: [chip_swimlane_collector.cpp:689] Core 59: skipped 1024 AICore record slot(s) with start_time=0 (race-window write or recycled-buffer tail). buf seq=0 count=1024
[mono_ns=7232758075749742][T0xf66829fbaca0][WARN] copy_aicore_buffer: [chip_swimlane_collector.cpp:689] Core 55: skipped 1024 AICore record slot(s) with start_time=0 (race-window write or recycled-buffer tail). buf seq=0 count=1024
[mono_ns=7232758075954565][T0xf668297aaca0][WARN] copy_aicore_buffer: [chip_swimlane_collector.cpp:689] Core 19: skipped 1024 AICore record slot(s) with start_time=0 (race-window write or recycled-buffer tail). buf seq=0 count=1024
[mono_ns=7232758075978296][T0xf66828f9aca0][WARN] copy_aicore_buffer: [chip_swimlane_collector.cpp:689] Core 20: skipped 1024 AICore record slot(s) with start_time=0 (race-window write or recycled-buffer tail). buf seq=0 count=1024
[mono_ns=7232758076107528][T0xf66829fbaca0][WARN] copy_aicore_buffer: [chip_swimlane_collector.cpp:689] Core 18: skipped 1024 AICore record slot(s) with start_time=0 (race-window write or recycled-buffer tail). buf seq=0 count=1024
[mono_ns=7232758076304551][T0xf668297aaca0][WARN] copy_aicore_buffer: [chip_swimlane_collector.cpp:689] Core 62: skipped 1024 AICore record slot(s) with start_time=0 (race-window write or recycled-buffer tail). buf seq=0 count=1024
[mono_ns=7232758076312851][T0xf66828f9aca0][WARN] copy_aicore_buffer: [chip_swimlane_collector.cpp:689] Core 64: skipped 1024 AICore record slot(s) with start_time=0 (race-window write or recycled-buffer tail). buf seq=0 count=1024
[mono_ns=7232758076451613][T0xf66829fbaca0][WARN] copy_aicore_buffer: [chip_swimlane_collector.cpp:689] Core 60: skipped 1024 AICore record slot(s) with start_time=0 (race-window write or recycled-buffer tail). buf seq=0 count=1024
[mono_ns=7232758076639306][T0xf668297aaca0][WARN] copy_aicore_buffer: [chip_swimlane_collector.cpp:689] Core 63: skipped 1024 AICore record slot(s) with start_time=0 (race-window write or recycled-buffer tail). buf seq=0 count=1024
[mono_ns=7232758076646476][T0xf66828f9aca0][WARN] copy_aicore_buffer: [chip_swimlane_collector.cpp:689] Core 65: skipped 1024 AICore record slot(s) with start_time=0 (race-window write or recycled-buffer tail). buf seq=0 count=1024
[mono_ns=7232758076799958][T0xf66829fbaca0][WARN] copy_aicore_buffer: [chip_swimlane_collector.cpp:689] Core 61: skipped 1024 AICore record slot(s) with start_time=0 (race-window write or recycled-buffer tail). buf seq=0 count=1024
[mono_ns=7232758076977801][T0xf66828f9aca0][WARN] copy_aicore_buffer: [chip_swimlane_collector.cpp:689] Core 23: skipped 1024 AICore record slot(s) with start_time=0 (race-window write or recycled-buffer tail). buf seq=0 count=1024
[mono_ns=7232758076982331][T0xf668297aaca0][WARN] copy_aicore_buffer: [chip_swimlane_collector.cpp:689] Core 22: skipped 1024 AICore record slot(s) with start_time=0 (race-window write or recycled-buffer tail). buf seq=0 count=1024
[mono_ns=7232758077162213][T0xf66829fbaca0][WARN] copy_aicore_buffer: [chip_swimlane_collector.cpp:689] Core 21: skipped 1024 AICore record slot(s) with start_time=0 (race-window write or recycled-buffer tail). buf seq=0 count=1024
[mono_ns=7232758077321656][T0xf66828f9aca0][WARN] copy_aicore_buffer: [chip_swimlane_collector.cpp:689] Core 70: skipped 1024 AICore record slot(s) with start_time=0 (race-window write or recycled-buffer tail). buf seq=0 count=1024
[mono_ns=7232758077332016][T0xf668297aaca0][WARN] copy_aicore_buffer: [chip_swimlane_collector.cpp:689] Core 68: skipped 1024 AICore record slot(s) with start_time=0 (race-window write or recycled-buffer tail). buf seq=0 count=1024
[mono_ns=7232758077501818][T0xf66829fbaca0][WARN] copy_aicore_buffer: [chip_swimlane_collector.cpp:689] Core 66: skipped 1024 AICore record slot(s) with start_time=0 (race-window write or recycled-buffer tail). buf seq=0 count=1024
[mono_ns=7232758077651391][T0xf66828f9aca0][WARN] copy_aicore_buffer: [chip_swimlane_collector.cpp:689] Core 71: skipped 1024 AICore record slot(s) with start_time=0 (race-window write or recycled-buffer tail). buf seq=0 count=1024
[mono_ns=7232758077683331][T0xf668297aaca0][WARN] copy_aicore_buffer: [chip_swimlane_collector.cpp:689] Core 69: skipped 1024 AICore record slot(s) with start_time=0 (race-window write or recycled-buffer tail). buf seq=0 count=1024
[mono_ns=7232758077841834][T0xf66829fbaca0][WARN] copy_aicore_buffer: [chip_swimlane_collector.cpp:689] Core 67: skipped 1024 AICore record slot(s) with start_time=0 (race-window write or recycled-buffer tail). buf seq=0 count=1024
[mono_ns=7232758178787154][T0xf6698626b020][TIMING] emit_host_span: [STRACE] v=1 pid=1200870 tid=1200870 inv=4 hid=e9c1dec2c6b43a7e depth=1 name=chip.run.runner_run ts=7232758067255695 dur=111524369 
[mono_ns=7232758178897326][T0xf6698626b020][TIMING] emit_host_span: [STRACE] v=1 pid=1200870 tid=1200870 inv=4 hid=e9c1dec2c6b43a7e depth=1 name=chip.run.validate ts=7232758178800194 dur=93331 
[mono_ns=7232758178908616][T0xf6698626b020][TIMING] emit_host_span: [STRACE] v=1 pid=1200870 tid=1200870 inv=4 hid=e9c1dec2c6b43a7e depth=2 name=chip.run.runner_run.device_wall ts=0 dur=2118960 clk=dev
[mono_ns=7232758178913276][T0xf6698626b020][TIMING] emit_host_span: [STRACE] v=1 pid=1200870 tid=1200870 inv=4 hid=e9c1dec2c6b43a7e depth=3 name=chip.run.runner_run.device_wall.preamble ts=0 dur=111399 clk=dev
[mono_ns=7232758178950496][T0xf6698626b020][TIMING] emit_host_span: [STRACE] v=1 pid=1200870 tid=1200870 inv=4 hid=e9c1dec2c6b43a7e depth=3 name=chip.run.runner_run.device_wall.graph_build ts=106260 dur=2003000 clk=dev
[mono_ns=7232758178955286][T0xf6698626b020][TIMING] emit_host_span: [STRACE] v=1 pid=1200870 tid=1200870 inv=4 hid=e9c1dec2c6b43a7e depth=3 name=chip.run.runner_run.device_wall.config_validate ts=106340 dur=780 clk=dev
[mono_ns=7232758178959566][T0xf6698626b020][TIMING] emit_host_span: [STRACE] v=1 pid=1200870 tid=1200870 inv=4 hid=e9c1dec2c6b43a7e depth=3 name=chip.run.runner_run.device_wall.arena_wire ts=107140 dur=480 clk=dev
[mono_ns=7232758178963547][T0xf6698626b020][TIMING] emit_host_span: [STRACE] v=1 pid=1200870 tid=1200870 inv=4 hid=e9c1dec2c6b43a7e depth=3 name=chip.run.runner_run.device_wall.sm_reset ts=107660 dur=700 clk=dev
[mono_ns=7232758178966947][T0xf6698626b020][TIMING] emit_host_span: [STRACE] v=1 pid=1200870 tid=1200870 inv=4 hid=e9c1dec2c6b43a7e depth=3 name=chip.run.runner_run.device_wall.post_orch ts=2109300 dur=9520 clk=dev
[mono_ns=7232758178970937][T0xf6698626b020][TIMING] emit_host_span: [STRACE] v=1 pid=1200870 tid=1200870 inv=4 hid=e9c1dec2c6b43a7e depth=3 name=chip.run.runner_run.device_wall.orch ts=108400 dur=7620 clk=dev
[mono_ns=7232758178973907][T0xf6698626b020][TIMING] emit_host_span: [STRACE] v=1 pid=1200870 tid=1200870 inv=4 hid=e9c1dec2c6b43a7e depth=3 name=chip.run.runner_run.device_wall.sched ts=111540 dur=1973080 clk=dev
[mono_ns=7232758178977987][T0xf6698626b020][TIMING] emit_host_span: [STRACE] v=1 pid=1200870 tid=1200870 inv=4 hid=e9c1dec2c6b43a7e depth=1 name=chip.run.claim_release ts=7232758178975827 dur=310 
[mono_ns=7232758178998557][T0xf6698626b020][TIMING] emit_host_span: [STRACE] v=1 pid=1200870 tid=1200870 inv=4 hid=e9c1dec2c6b43a7e depth=0 name=chip.run ts=7232758065470728 dur=113525359 run_id=4 dispatch_id=4 slot_id=0 generation=4 run_epoch=4
[mono_ns=7232762988339041][T0xf6698626b020][TIMING] emit_host_span: [STRACE] v=1 pid=1200870 tid=1200870 inv=5 hid=e9c1dec2c6b43a7e depth=2 name=chip.run.bind.args ts=7232762988030907 dur=298714 
[mono_ns=7232762988367542][T0xf6698626b020][TIMING] emit_host_span: [STRACE] v=1 pid=1200870 tid=1200870 inv=5 hid=e9c1dec2c6b43a7e depth=2 name=chip.run.bind.prebuilt ts=7232762988357732 dur=6920 
[mono_ns=7232762988373632][T0xf6698626b020][TIMING] emit_host_span: [STRACE] v=1 pid=1200870 tid=1200870 inv=5 hid=e9c1dec2c6b43a7e depth=1 name=chip.run.bind ts=7232762988017247 dur=353845 
[mono_ns=7232763096978007][T0xf6698626b020][TIMING] emit_host_span: [STRACE] v=1 pid=1200870 tid=1200870 inv=5 hid=e9c1dec2c6b43a7e depth=1 name=chip.run.runner_run ts=7232762988763558 dur=108198919 
[mono_ns=7232763097151700][T0xf6698626b020][TIMING] emit_host_span: [STRACE] v=1 pid=1200870 tid=1200870 inv=5 hid=e9c1dec2c6b43a7e depth=1 name=chip.run.validate ts=7232763096997708 dur=149192 
[mono_ns=7232763097163140][T0xf6698626b020][TIMING] emit_host_span: [STRACE] v=1 pid=1200870 tid=1200870 inv=5 hid=e9c1dec2c6b43a7e depth=2 name=chip.run.runner_run.device_wall ts=0 dur=8113620 clk=dev
[mono_ns=7232763097168380][T0xf6698626b020][TIMING] emit_host_span: [STRACE] v=1 pid=1200870 tid=1200870 inv=5 hid=e9c1dec2c6b43a7e depth=3 name=chip.run.runner_run.device_wall.preamble ts=0 dur=5859 clk=dev
[mono_ns=7232763097229641][T0xf6698626b020][TIMING] emit_host_span: [STRACE] v=1 pid=1200870 tid=1200870 inv=5 hid=e9c1dec2c6b43a7e depth=3 name=chip.run.runner_run.device_wall.graph_build ts=1619 dur=8102379 clk=dev
[mono_ns=7232763097233801][T0xf6698626b020][TIMING] emit_host_span: [STRACE] v=1 pid=1200870 tid=1200870 inv=5 hid=e9c1dec2c6b43a7e depth=3 name=chip.run.runner_run.device_wall.config_validate ts=1720 dur=919 clk=dev
[mono_ns=7232763097237571][T0xf6698626b020][TIMING] emit_host_span: [STRACE] v=1 pid=1200870 tid=1200870 inv=5 hid=e9c1dec2c6b43a7e depth=3 name=chip.run.runner_run.device_wall.arena_wire ts=2680 dur=480 clk=dev
[mono_ns=7232763097240571][T0xf6698626b020][TIMING] emit_host_span: [STRACE] v=1 pid=1200870 tid=1200870 inv=5 hid=e9c1dec2c6b43a7e depth=3 name=chip.run.runner_run.device_wall.sm_reset ts=3180 dur=560 clk=dev
[mono_ns=7232763097245271][T0xf6698626b020][TIMING] emit_host_span: [STRACE] v=1 pid=1200870 tid=1200870 inv=5 hid=e9c1dec2c6b43a7e depth=3 name=chip.run.runner_run.device_wall.post_orch ts=8104040 dur=9420 clk=dev
[mono_ns=7232763097248801][T0xf6698626b020][TIMING] emit_host_span: [STRACE] v=1 pid=1200870 tid=1200870 inv=5 hid=e9c1dec2c6b43a7e depth=3 name=chip.run.runner_run.device_wall.orch ts=4500 dur=7240 clk=dev
[mono_ns=7232763097251702][T0xf6698626b020][TIMING] emit_host_span: [STRACE] v=1 pid=1200870 tid=1200870 inv=5 hid=e9c1dec2c6b43a7e depth=3 name=chip.run.runner_run.device_wall.sched ts=5920 dur=8090360 clk=dev
[mono_ns=7232763097286522][T0xf6698626b020][TIMING] emit_host_span: [STRACE] v=1 pid=1200870 tid=1200870 inv=5 hid=e9c1dec2c6b43a7e depth=1 name=chip.run.claim_release ts=7232763097283682 dur=540 
[mono_ns=7232763097292692][T0xf6698626b020][TIMING] emit_host_span: [STRACE] v=1 pid=1200870 tid=1200870 inv=5 hid=e9c1dec2c6b43a7e depth=0 name=chip.run ts=7232762987888275 dur=109402307 run_id=5 dispatch_id=5 slot_id=0 generation=5 run_epoch=5
[mono_ns=7232788194780588][T0xf668297aaca0][ERROR] poll_and_collect_loop: [profiler_base.h:1283] ChipSwimlane collector idle timeout after 30 seconds — staying alive until execution completes
[mono_ns=7232788195013341][T0xf66828f9aca0][ERROR] poll_and_collect_loop: [profiler_base.h:1283] ChipSwimlane collector idle timeout after 30 seconds — staying alive until execution completes
[mono_ns=7232788195199444][T0xf66829fbaca0][ERROR] poll_and_collect_loop: [profiler_base.h:1283] ChipSwimlane collector idle timeout after 30 seconds — staying alive until execution completes
[mono_ns=7232793106992897][T0xf667bf57cca0][ERROR] poll_and_collect_loop: [profiler_base.h:1283] DepGen collector idle timeout after 30 seconds — staying alive until execution completes
[mono_ns=7232932843378636][T0xf6698626b020][ERROR] file_barrier: [comm_hccl.cpp:218] [comm rank 3] file_barrier('alloc_0_release') timed out after 120s waiting for rank 4
[mono_ns=7232932843408606][T0xf6698626b020][WARN] comm_release_domain_windows: [comm_hccl.cpp:1520] [comm rank 3] release_domain: barrier timed out; releasing local state anyway
[mono_ns=7233058281175741][T0xf6698626b020][WARN] comm_destroy: [comm_hccl.cpp:1800] [comm rank 3] comm_destroy: final release failed during release wait for rank 3
