[mono_ns=7232752684085356][T0xf6698626b020][TIMING] emit_host_span: [STRACE] v=1 pid=1200884 tid=1200884 inv=1 hid=e9c1dec2c6b43a7e depth=2 name=chip.run.bind.args ts=7232752683915224 dur=163122 
[mono_ns=7232752684104767][T0xf6698626b020][TIMING] emit_host_span: [STRACE] v=1 pid=1200884 tid=1200884 inv=1 hid=e9c1dec2c6b43a7e depth=2 name=chip.run.bind.prebuilt ts=7232752684099686 dur=2470 
[mono_ns=7232752684110177][T0xf6698626b020][TIMING] emit_host_span: [STRACE] v=1 pid=1200884 tid=1200884 inv=1 hid=e9c1dec2c6b43a7e depth=1 name=chip.run.bind ts=7232752683482577 dur=625230 
[mono_ns=7232752799762737][T0xf6698626b020][TIMING] emit_host_span: [STRACE] v=1 pid=1200884 tid=1200884 inv=1 hid=e9c1dec2c6b43a7e depth=1 name=chip.run.runner_run ts=7232752684735686 dur=115013541 
[mono_ns=7232752799955280][T0xf6698626b020][TIMING] emit_host_span: [STRACE] v=1 pid=1200884 tid=1200884 inv=1 hid=e9c1dec2c6b43a7e depth=1 name=chip.run.validate ts=7232752799782367 dur=168473 
[mono_ns=7232752799968240][T0xf6698626b020][TIMING] emit_host_span: [STRACE] v=1 pid=1200884 tid=1200884 inv=1 hid=e9c1dec2c6b43a7e depth=2 name=chip.run.runner_run.device_wall ts=0 dur=1006160 clk=dev
[mono_ns=7232752799972950][T0xf6698626b020][TIMING] emit_host_span: [STRACE] v=1 pid=1200884 tid=1200884 inv=1 hid=e9c1dec2c6b43a7e depth=3 name=chip.run.runner_run.device_wall.preamble ts=0 dur=162720 clk=dev
[mono_ns=7232752799977750][T0xf6698626b020][TIMING] emit_host_span: [STRACE] v=1 pid=1200884 tid=1200884 inv=1 hid=e9c1dec2c6b43a7e depth=3 name=chip.run.runner_run.device_wall.graph_build ts=38900 dur=948500 clk=dev
[mono_ns=7232752799982610][T0xf6698626b020][TIMING] emit_host_span: [STRACE] v=1 pid=1200884 tid=1200884 inv=1 hid=e9c1dec2c6b43a7e depth=3 name=chip.run.runner_run.device_wall.config_validate ts=42800 dur=2960 clk=dev
[mono_ns=7232752799990150][T0xf6698626b020][TIMING] emit_host_span: [STRACE] v=1 pid=1200884 tid=1200884 inv=1 hid=e9c1dec2c6b43a7e depth=3 name=chip.run.runner_run.device_wall.arena_wire ts=45960 dur=12120 clk=dev
[mono_ns=7232752799994721][T0xf6698626b020][TIMING] emit_host_span: [STRACE] v=1 pid=1200884 tid=1200884 inv=1 hid=e9c1dec2c6b43a7e depth=3 name=chip.run.runner_run.device_wall.sm_reset ts=58100 dur=18200 clk=dev
[mono_ns=7232752799999251][T0xf6698626b020][TIMING] emit_host_span: [STRACE] v=1 pid=1200884 tid=1200884 inv=1 hid=e9c1dec2c6b43a7e depth=3 name=chip.run.runner_run.device_wall.post_orch ts=987520 dur=15160 clk=dev
[mono_ns=7232752800024631][T0xf6698626b020][TIMING] emit_host_span: [STRACE] v=1 pid=1200884 tid=1200884 inv=1 hid=e9c1dec2c6b43a7e depth=3 name=chip.run.runner_run.device_wall.orch ts=80660 dur=46760 clk=dev
[mono_ns=7232752800028481][T0xf6698626b020][TIMING] emit_host_span: [STRACE] v=1 pid=1200884 tid=1200884 inv=1 hid=e9c1dec2c6b43a7e depth=3 name=chip.run.runner_run.device_wall.sched ts=164760 dur=800100 clk=dev
[mono_ns=7232752800034641][T0xf6698626b020][TIMING] emit_host_span: [STRACE] v=1 pid=1200884 tid=1200884 inv=1 hid=e9c1dec2c6b43a7e depth=1 name=chip.run.claim_release ts=7232752800032431 dur=410 
[mono_ns=7232752800039661][T0xf6698626b020][TIMING] emit_host_span: [STRACE] v=1 pid=1200884 tid=1200884 inv=1 hid=e9c1dec2c6b43a7e depth=0 name=chip.run ts=7232752683454277 dur=116583374 run_id=1 dispatch_id=1 slot_id=0 generation=1 run_epoch=1
[mono_ns=7232752809376462][T0xf6698626b020][TIMING] emit_host_span: [STRACE] v=1 pid=1200884 tid=1200884 inv=2 hid=e9c1dec2c6b43a7e depth=2 name=chip.run.bind.args ts=7232752809227039 dur=143503 
[mono_ns=7232752809397432][T0xf6698626b020][TIMING] emit_host_span: [STRACE] v=1 pid=1200884 tid=1200884 inv=2 hid=e9c1dec2c6b43a7e depth=2 name=chip.run.bind.prebuilt ts=7232752809392292 dur=2810 
[mono_ns=7232752809403702][T0xf6698626b020][TIMING] emit_host_span: [STRACE] v=1 pid=1200884 tid=1200884 inv=2 hid=e9c1dec2c6b43a7e depth=1 name=chip.run.bind ts=7232752809219939 dur=181613 
[mono_ns=7232752867750870][T0xf66829fbaca0][WARN] copy_aicore_buffer: [chip_swimlane_collector.cpp:689] Core 0: skipped 1024 AICore record slot(s) with start_time=0 (race-window write or recycled-buffer tail). buf seq=0 count=1024
[mono_ns=7232752867764240][T0xf668297aaca0][WARN] copy_aicore_buffer: [chip_swimlane_collector.cpp:689] Core 1: skipped 1024 AICore record slot(s) with start_time=0 (race-window write or recycled-buffer tail). buf seq=0 count=1024
[mono_ns=7232752867773810][T0xf66828f9aca0][WARN] copy_aicore_buffer: [chip_swimlane_collector.cpp:689] Core 2: skipped 1024 AICore record slot(s) with start_time=0 (race-window write or recycled-buffer tail). buf seq=0 count=1024
[mono_ns=7232752868122536][T0xf66829fbaca0][WARN] copy_aicore_buffer: [chip_swimlane_collector.cpp:689] Core 24: skipped 1023 AICore record slot(s) with start_time=0 (race-window write or recycled-buffer tail). buf seq=0 count=1024
[mono_ns=7232752868140296][T0xf668297aaca0][WARN] copy_aicore_buffer: [chip_swimlane_collector.cpp:689] Core 26: skipped 1023 AICore record slot(s) with start_time=0 (race-window write or recycled-buffer tail). buf seq=0 count=1024
[mono_ns=7232752868148666][T0xf66828f9aca0][WARN] copy_aicore_buffer: [chip_swimlane_collector.cpp:689] Core 28: skipped 1023 AICore record slot(s) with start_time=0 (race-window write or recycled-buffer tail). buf seq=0 count=1024
[mono_ns=7232752868451431][T0xf66829fbaca0][WARN] copy_aicore_buffer: [chip_swimlane_collector.cpp:689] Core 25: skipped 1024 AICore record slot(s) with start_time=0 (race-window write or recycled-buffer tail). buf seq=0 count=1024
[mono_ns=7232752868473241][T0xf668297aaca0][WARN] copy_aicore_buffer: [chip_swimlane_collector.cpp:689] Core 27: skipped 1024 AICore record slot(s) with start_time=0 (race-window write or recycled-buffer tail). buf seq=0 count=1024
[mono_ns=7232752868485351][T0xf66828f9aca0][WARN] copy_aicore_buffer: [chip_swimlane_collector.cpp:689] Core 29: skipped 1024 AICore record slot(s) with start_time=0 (race-window write or recycled-buffer tail). buf seq=0 count=1024
[mono_ns=7232752868918758][T0xf66829fbaca0][WARN] copy_aicore_buffer: [chip_swimlane_collector.cpp:689] Core 3: skipped 1024 AICore record slot(s) with start_time=0 (race-window write or recycled-buffer tail). buf seq=0 count=1024
[mono_ns=7232752868925848][T0xf66828f9aca0][WARN] copy_aicore_buffer: [chip_swimlane_collector.cpp:689] Core 5: skipped 1024 AICore record slot(s) with start_time=0 (race-window write or recycled-buffer tail). buf seq=0 count=1024
[mono_ns=7232752868927018][T0xf668297aaca0][WARN] copy_aicore_buffer: [chip_swimlane_collector.cpp:689] Core 4: skipped 1024 AICore record slot(s) with start_time=0 (race-window write or recycled-buffer tail). buf seq=0 count=1024
[mono_ns=7232752869262143][T0xf66829fbaca0][WARN] copy_aicore_buffer: [chip_swimlane_collector.cpp:689] Core 30: skipped 1024 AICore record slot(s) with start_time=0 (race-window write or recycled-buffer tail). buf seq=0 count=1024
[mono_ns=7232752869298333][T0xf66828f9aca0][WARN] copy_aicore_buffer: [chip_swimlane_collector.cpp:689] Core 34: skipped 1024 AICore record slot(s) with start_time=0 (race-window write or recycled-buffer tail). buf seq=0 count=1024
[mono_ns=7232752869329124][T0xf668297aaca0][WARN] copy_aicore_buffer: [chip_swimlane_collector.cpp:689] Core 32: skipped 1024 AICore record slot(s) with start_time=0 (race-window write or recycled-buffer tail). buf seq=0 count=1024
[mono_ns=7232752869615268][T0xf66829fbaca0][WARN] copy_aicore_buffer: [chip_swimlane_collector.cpp:689] Core 31: skipped 1024 AICore record slot(s) with start_time=0 (race-window write or recycled-buffer tail). buf seq=0 count=1024
[mono_ns=7232752869657039][T0xf66828f9aca0][WARN] copy_aicore_buffer: [chip_swimlane_collector.cpp:689] Core 35: skipped 1024 AICore record slot(s) with start_time=0 (race-window write or recycled-buffer tail). buf seq=0 count=1024
[mono_ns=7232752869679279][T0xf668297aaca0][WARN] copy_aicore_buffer: [chip_swimlane_collector.cpp:689] Core 33: skipped 1024 AICore record slot(s) with start_time=0 (race-window write or recycled-buffer tail). buf seq=0 count=1024
[mono_ns=7232752869958843][T0xf66829fbaca0][WARN] copy_aicore_buffer: [chip_swimlane_collector.cpp:689] Core 6: skipped 1024 AICore record slot(s) with start_time=0 (race-window write or recycled-buffer tail). buf seq=0 count=1024
[mono_ns=7232752870027204][T0xf66828f9aca0][WARN] copy_aicore_buffer: [chip_swimlane_collector.cpp:689] Core 8: skipped 1024 AICore record slot(s) with start_time=0 (race-window write or recycled-buffer tail). buf seq=0 count=1024
[mono_ns=7232752870044545][T0xf668297aaca0][WARN] copy_aicore_buffer: [chip_swimlane_collector.cpp:689] Core 7: skipped 1024 AICore record slot(s) with start_time=0 (race-window write or recycled-buffer tail). buf seq=0 count=1024
[mono_ns=7232752870314559][T0xf66829fbaca0][WARN] copy_aicore_buffer: [chip_swimlane_collector.cpp:689] Core 36: skipped 1024 AICore record slot(s) with start_time=0 (race-window write or recycled-buffer tail). buf seq=0 count=1024
[mono_ns=7232752870372600][T0xf66828f9aca0][WARN] copy_aicore_buffer: [chip_swimlane_collector.cpp:689] Core 40: skipped 1024 AICore record slot(s) with start_time=0 (race-window write or recycled-buffer tail). buf seq=0 count=1024
[mono_ns=7232752870393630][T0xf668297aaca0][WARN] copy_aicore_buffer: [chip_swimlane_collector.cpp:689] Core 38: skipped 1024 AICore record slot(s) with start_time=0 (race-window write or recycled-buffer tail). buf seq=0 count=1024
[mono_ns=7232752870651934][T0xf66829fbaca0][WARN] copy_aicore_buffer: [chip_swimlane_collector.cpp:689] Core 37: skipped 1024 AICore record slot(s) with start_time=0 (race-window write or recycled-buffer tail). buf seq=0 count=1024
[mono_ns=7232752870716695][T0xf66828f9aca0][WARN] copy_aicore_buffer: [chip_swimlane_collector.cpp:689] Core 41: skipped 1024 AICore record slot(s) with start_time=0 (race-window write or recycled-buffer tail). buf seq=0 count=1024
[mono_ns=7232752870751105][T0xf668297aaca0][WARN] copy_aicore_buffer: [chip_swimlane_collector.cpp:689] Core 39: skipped 1024 AICore record slot(s) with start_time=0 (race-window write or recycled-buffer tail). buf seq=0 count=1024
[mono_ns=7232752870979409][T0xf66829fbaca0][WARN] copy_aicore_buffer: [chip_swimlane_collector.cpp:689] Core 9: skipped 1024 AICore record slot(s) with start_time=0 (race-window write or recycled-buffer tail). buf seq=0 count=1024
[mono_ns=7232752871068020][T0xf66828f9aca0][WARN] copy_aicore_buffer: [chip_swimlane_collector.cpp:689] Core 11: skipped 1024 AICore record slot(s) with start_time=0 (race-window write or recycled-buffer tail). buf seq=0 count=1024
[mono_ns=7232752871117851][T0xf668297aaca0][WARN] copy_aicore_buffer: [chip_swimlane_collector.cpp:689] Core 10: skipped 1024 AICore record slot(s) with start_time=0 (race-window write or recycled-buffer tail). buf seq=0 count=1024
[mono_ns=7232752871326644][T0xf66829fbaca0][WARN] copy_aicore_buffer: [chip_swimlane_collector.cpp:689] Core 42: skipped 1024 AICore record slot(s) with start_time=0 (race-window write or recycled-buffer tail). buf seq=0 count=1024
[mono_ns=7232752871412295][T0xf66828f9aca0][WARN] copy_aicore_buffer: [chip_swimlane_collector.cpp:689] Core 46: skipped 1024 AICore record slot(s) with start_time=0 (race-window write or recycled-buffer tail). buf seq=0 count=1024
[mono_ns=7232752871472726][T0xf668297aaca0][WARN] copy_aicore_buffer: [chip_swimlane_collector.cpp:689] Core 44: skipped 1024 AICore record slot(s) with start_time=0 (race-window write or recycled-buffer tail). buf seq=0 count=1024
[mono_ns=7232752871661379][T0xf66829fbaca0][WARN] copy_aicore_buffer: [chip_swimlane_collector.cpp:689] Core 43: skipped 1024 AICore record slot(s) with start_time=0 (race-window write or recycled-buffer tail). buf seq=0 count=1024
[mono_ns=7232752871766911][T0xf66828f9aca0][WARN] copy_aicore_buffer: [chip_swimlane_collector.cpp:689] Core 47: skipped 1024 AICore record slot(s) with start_time=0 (race-window write or recycled-buffer tail). buf seq=0 count=1024
[mono_ns=7232752871820041][T0xf668297aaca0][WARN] copy_aicore_buffer: [chip_swimlane_collector.cpp:689] Core 45: skipped 1024 AICore record slot(s) with start_time=0 (race-window write or recycled-buffer tail). buf seq=0 count=1024
[mono_ns=7232752872008074][T0xf66829fbaca0][WARN] copy_aicore_buffer: [chip_swimlane_collector.cpp:689] Core 12: skipped 1024 AICore record slot(s) with start_time=0 (race-window write or recycled-buffer tail). buf seq=0 count=1024
[mono_ns=7232752872122956][T0xf66828f9aca0][WARN] copy_aicore_buffer: [chip_swimlane_collector.cpp:689] Core 14: skipped 1024 AICore record slot(s) with start_time=0 (race-window write or recycled-buffer tail). buf seq=0 count=1024
[mono_ns=7232752872164817][T0xf668297aaca0][WARN] copy_aicore_buffer: [chip_swimlane_collector.cpp:689] Core 13: skipped 1024 AICore record slot(s) with start_time=0 (race-window write or recycled-buffer tail). buf seq=0 count=1024
[mono_ns=7232752872351219][T0xf66829fbaca0][WARN] copy_aicore_buffer: [chip_swimlane_collector.cpp:689] Core 48: skipped 1024 AICore record slot(s) with start_time=0 (race-window write or recycled-buffer tail). buf seq=0 count=1024
[mono_ns=7232752872472051][T0xf66828f9aca0][WARN] copy_aicore_buffer: [chip_swimlane_collector.cpp:689] Core 52: skipped 1024 AICore record slot(s) with start_time=0 (race-window write or recycled-buffer tail). buf seq=0 count=1024
[mono_ns=7232752872514382][T0xf668297aaca0][WARN] copy_aicore_buffer: [chip_swimlane_collector.cpp:689] Core 50: skipped 1024 AICore record slot(s) with start_time=0 (race-window write or recycled-buffer tail). buf seq=0 count=1024
[mono_ns=7232752872693145][T0xf66829fbaca0][WARN] copy_aicore_buffer: [chip_swimlane_collector.cpp:689] Core 49: skipped 1024 AICore record slot(s) with start_time=0 (race-window write or recycled-buffer tail). buf seq=0 count=1024
[mono_ns=7232752872820156][T0xf66828f9aca0][WARN] copy_aicore_buffer: [chip_swimlane_collector.cpp:689] Core 53: skipped 1024 AICore record slot(s) with start_time=0 (race-window write or recycled-buffer tail). buf seq=0 count=1024
[mono_ns=7232752872861097][T0xf668297aaca0][WARN] copy_aicore_buffer: [chip_swimlane_collector.cpp:689] Core 51: skipped 1024 AICore record slot(s) with start_time=0 (race-window write or recycled-buffer tail). buf seq=0 count=1024
[mono_ns=7232752873045270][T0xf66829fbaca0][WARN] copy_aicore_buffer: [chip_swimlane_collector.cpp:689] Core 15: skipped 1024 AICore record slot(s) with start_time=0 (race-window write or recycled-buffer tail). buf seq=0 count=1024
[mono_ns=7232752873191962][T0xf66828f9aca0][WARN] copy_aicore_buffer: [chip_swimlane_collector.cpp:689] Core 17: skipped 1024 AICore record slot(s) with start_time=0 (race-window write or recycled-buffer tail). buf seq=0 count=1024
[mono_ns=7232752873217132][T0xf668297aaca0][WARN] copy_aicore_buffer: [chip_swimlane_collector.cpp:689] Core 16: skipped 1024 AICore record slot(s) with start_time=0 (race-window write or recycled-buffer tail). buf seq=0 count=1024
[mono_ns=7232752873387275][T0xf66829fbaca0][WARN] copy_aicore_buffer: [chip_swimlane_collector.cpp:689] Core 54: skipped 1024 AICore record slot(s) with start_time=0 (race-window write or recycled-buffer tail). buf seq=0 count=1024
[mono_ns=7232752873552927][T0xf66828f9aca0][WARN] copy_aicore_buffer: [chip_swimlane_collector.cpp:689] Core 58: skipped 1024 AICore record slot(s) with start_time=0 (race-window write or recycled-buffer tail). buf seq=0 count=1024
[mono_ns=7232752873569618][T0xf668297aaca0][WARN] copy_aicore_buffer: [chip_swimlane_collector.cpp:689] Core 56: skipped 1024 AICore record slot(s) with start_time=0 (race-window write or recycled-buffer tail). buf seq=0 count=1024
[mono_ns=7232752873729310][T0xf66829fbaca0][WARN] copy_aicore_buffer: [chip_swimlane_collector.cpp:689] Core 55: skipped 1024 AICore record slot(s) with start_time=0 (race-window write or recycled-buffer tail). buf seq=0 count=1024
[mono_ns=7232752873912193][T0xf66828f9aca0][WARN] copy_aicore_buffer: [chip_swimlane_collector.cpp:689] Core 59: skipped 1024 AICore record slot(s) with start_time=0 (race-window write or recycled-buffer tail). buf seq=0 count=1024
[mono_ns=7232752873936863][T0xf668297aaca0][WARN] copy_aicore_buffer: [chip_swimlane_collector.cpp:689] Core 57: skipped 1024 AICore record slot(s) with start_time=0 (race-window write or recycled-buffer tail). buf seq=0 count=1024
[mono_ns=7232752874078165][T0xf66829fbaca0][WARN] copy_aicore_buffer: [chip_swimlane_collector.cpp:689] Core 18: skipped 1024 AICore record slot(s) with start_time=0 (race-window write or recycled-buffer tail). buf seq=0 count=1024
[mono_ns=7232752874275458][T0xf66828f9aca0][WARN] copy_aicore_buffer: [chip_swimlane_collector.cpp:689] Core 20: skipped 1024 AICore record slot(s) with start_time=0 (race-window write or recycled-buffer tail). buf seq=0 count=1024
[mono_ns=7232752874300009][T0xf668297aaca0][WARN] copy_aicore_buffer: [chip_swimlane_collector.cpp:689] Core 19: skipped 1024 AICore record slot(s) with start_time=0 (race-window write or recycled-buffer tail). buf seq=0 count=1024
[mono_ns=7232752874414850][T0xf66829fbaca0][WARN] copy_aicore_buffer: [chip_swimlane_collector.cpp:689] Core 60: skipped 1024 AICore record slot(s) with start_time=0 (race-window write or recycled-buffer tail). buf seq=0 count=1024
[mono_ns=7232752874624214][T0xf66828f9aca0][WARN] copy_aicore_buffer: [chip_swimlane_collector.cpp:689] Core 64: skipped 1024 AICore record slot(s) with start_time=0 (race-window write or recycled-buffer tail). buf seq=0 count=1024
[mono_ns=7232752874645284][T0xf668297aaca0][WARN] copy_aicore_buffer: [chip_swimlane_collector.cpp:689] Core 62: skipped 1024 AICore record slot(s) with start_time=0 (race-window write or recycled-buffer tail). buf seq=0 count=1024
[mono_ns=7232752874754046][T0xf66829fbaca0][WARN] copy_aicore_buffer: [chip_swimlane_collector.cpp:689] Core 61: skipped 1024 AICore record slot(s) with start_time=0 (race-window write or recycled-buffer tail). buf seq=0 count=1024
[mono_ns=7232752874967609][T0xf66828f9aca0][WARN] copy_aicore_buffer: [chip_swimlane_collector.cpp:689] Core 65: skipped 1024 AICore record slot(s) with start_time=0 (race-window write or recycled-buffer tail). buf seq=0 count=1024
[mono_ns=7232752874995439][T0xf668297aaca0][WARN] copy_aicore_buffer: [chip_swimlane_collector.cpp:689] Core 63: skipped 1024 AICore record slot(s) with start_time=0 (race-window write or recycled-buffer tail). buf seq=0 count=1024
[mono_ns=7232752875109411][T0xf66829fbaca0][WARN] copy_aicore_buffer: [chip_swimlane_collector.cpp:689] Core 21: skipped 1024 AICore record slot(s) with start_time=0 (race-window write or recycled-buffer tail). buf seq=0 count=1024
[mono_ns=7232752875337334][T0xf66828f9aca0][WARN] copy_aicore_buffer: [chip_swimlane_collector.cpp:689] Core 23: skipped 1024 AICore record slot(s) with start_time=0 (race-window write or recycled-buffer tail). buf seq=0 count=1024
[mono_ns=7232752875371115][T0xf668297aaca0][WARN] copy_aicore_buffer: [chip_swimlane_collector.cpp:689] Core 22: skipped 1024 AICore record slot(s) with start_time=0 (race-window write or recycled-buffer tail). buf seq=0 count=1024
[mono_ns=7232752875445456][T0xf66829fbaca0][WARN] copy_aicore_buffer: [chip_swimlane_collector.cpp:689] Core 66: skipped 1024 AICore record slot(s) with start_time=0 (race-window write or recycled-buffer tail). buf seq=0 count=1024
[mono_ns=7232752875682820][T0xf66828f9aca0][WARN] copy_aicore_buffer: [chip_swimlane_collector.cpp:689] Core 70: skipped 1024 AICore record slot(s) with start_time=0 (race-window write or recycled-buffer tail). buf seq=0 count=1024
[mono_ns=7232752875712230][T0xf668297aaca0][WARN] copy_aicore_buffer: [chip_swimlane_collector.cpp:689] Core 68: skipped 1024 AICore record slot(s) with start_time=0 (race-window write or recycled-buffer tail). buf seq=0 count=1024
[mono_ns=7232752875782601][T0xf66829fbaca0][WARN] copy_aicore_buffer: [chip_swimlane_collector.cpp:689] Core 67: skipped 1024 AICore record slot(s) with start_time=0 (race-window write or recycled-buffer tail). buf seq=0 count=1024
[mono_ns=7232752876046345][T0xf66828f9aca0][WARN] copy_aicore_buffer: [chip_swimlane_collector.cpp:689] Core 71: skipped 1024 AICore record slot(s) with start_time=0 (race-window write or recycled-buffer tail). buf seq=0 count=1024
[mono_ns=7232752876073595][T0xf668297aaca0][WARN] copy_aicore_buffer: [chip_swimlane_collector.cpp:689] Core 69: skipped 1024 AICore record slot(s) with start_time=0 (race-window write or recycled-buffer tail). buf seq=0 count=1024
[mono_ns=7232752976644659][T0xf6698626b020][TIMING] emit_host_span: [STRACE] v=1 pid=1200884 tid=1200884 inv=2 hid=e9c1dec2c6b43a7e depth=1 name=chip.run.runner_run ts=7232752865394395 dur=111242654 
[mono_ns=7232752976761811][T0xf6698626b020][TIMING] emit_host_span: [STRACE] v=1 pid=1200884 tid=1200884 inv=2 hid=e9c1dec2c6b43a7e depth=1 name=chip.run.validate ts=7232752976659529 dur=98242 
[mono_ns=7232752976773691][T0xf6698626b020][TIMING] emit_host_span: [STRACE] v=1 pid=1200884 tid=1200884 inv=2 hid=e9c1dec2c6b43a7e depth=2 name=chip.run.runner_run.device_wall ts=0 dur=494380 clk=dev
[mono_ns=7232752976778911][T0xf6698626b020][TIMING] emit_host_span: [STRACE] v=1 pid=1200884 tid=1200884 inv=2 hid=e9c1dec2c6b43a7e depth=3 name=chip.run.runner_run.device_wall.preamble ts=0 dur=140920 clk=dev
[mono_ns=7232752976783821][T0xf6698626b020][TIMING] emit_host_span: [STRACE] v=1 pid=1200884 tid=1200884 inv=2 hid=e9c1dec2c6b43a7e depth=3 name=chip.run.runner_run.device_wall.graph_build ts=134480 dur=350380 clk=dev
[mono_ns=7232752976788991][T0xf6698626b020][TIMING] emit_host_span: [STRACE] v=1 pid=1200884 tid=1200884 inv=2 hid=e9c1dec2c6b43a7e depth=3 name=chip.run.runner_run.device_wall.config_validate ts=134740 dur=860 clk=dev
[mono_ns=7232752976793901][T0xf6698626b020][TIMING] emit_host_span: [STRACE] v=1 pid=1200884 tid=1200884 inv=2 hid=e9c1dec2c6b43a7e depth=3 name=chip.run.runner_run.device_wall.arena_wire ts=135640 dur=1080 clk=dev
[mono_ns=7232752976799491][T0xf6698626b020][TIMING] emit_host_span: [STRACE] v=1 pid=1200884 tid=1200884 inv=2 hid=e9c1dec2c6b43a7e depth=3 name=chip.run.runner_run.device_wall.sm_reset ts=136740 dur=1400 clk=dev
[mono_ns=7232752976804681][T0xf6698626b020][TIMING] emit_host_span: [STRACE] v=1 pid=1200884 tid=1200884 inv=2 hid=e9c1dec2c6b43a7e depth=3 name=chip.run.runner_run.device_wall.post_orch ts=485020 dur=8960 clk=dev
[mono_ns=7232752976808991][T0xf6698626b020][TIMING] emit_host_span: [STRACE] v=1 pid=1200884 tid=1200884 inv=2 hid=e9c1dec2c6b43a7e depth=3 name=chip.run.runner_run.device_wall.orch ts=138200 dur=5540 clk=dev
[mono_ns=7232752976813531][T0xf6698626b020][TIMING] emit_host_span: [STRACE] v=1 pid=1200884 tid=1200884 inv=2 hid=e9c1dec2c6b43a7e depth=3 name=chip.run.runner_run.device_wall.sched ts=141100 dur=315860 clk=dev
[mono_ns=7232752976821392][T0xf6698626b020][TIMING] emit_host_span: [STRACE] v=1 pid=1200884 tid=1200884 inv=2 hid=e9c1dec2c6b43a7e depth=1 name=chip.run.claim_release ts=7232752976819231 dur=340 
[mono_ns=7232752976832312][T0xf6698626b020][TIMING] emit_host_span: [STRACE] v=1 pid=1200884 tid=1200884 inv=2 hid=e9c1dec2c6b43a7e depth=0 name=chip.run ts=7232752809184089 dur=167645963 run_id=2 dispatch_id=2 slot_id=0 generation=2 run_epoch=2
[mono_ns=7232757829012721][T0xf6698626b020][TIMING] emit_host_span: [STRACE] v=1 pid=1200884 tid=1200884 inv=3 hid=e9c1dec2c6b43a7e depth=2 name=chip.run.bind.args ts=7232757828703506 dur=272034 
[mono_ns=7232757829108162][T0xf6698626b020][TIMING] emit_host_span: [STRACE] v=1 pid=1200884 tid=1200884 inv=3 hid=e9c1dec2c6b43a7e depth=2 name=chip.run.bind.prebuilt ts=7232757829078262 dur=26510 
[mono_ns=7232757829136002][T0xf6698626b020][TIMING] emit_host_span: [STRACE] v=1 pid=1200884 tid=1200884 inv=3 hid=e9c1dec2c6b43a7e depth=1 name=chip.run.bind ts=7232757828690336 dur=443016 
[mono_ns=7232758038304622][T0xf6698626b020][TIMING] emit_host_span: [STRACE] v=1 pid=1200884 tid=1200884 inv=3 hid=e9c1dec2c6b43a7e depth=1 name=chip.run.runner_run ts=7232757830555294 dur=207738628 
[mono_ns=7232758038448124][T0xf6698626b020][TIMING] emit_host_span: [STRACE] v=1 pid=1200884 tid=1200884 inv=3 hid=e9c1dec2c6b43a7e depth=1 name=chip.run.validate ts=7232758038320122 dur=123002 
[mono_ns=7232758038459394][T0xf6698626b020][TIMING] emit_host_span: [STRACE] v=1 pid=1200884 tid=1200884 inv=3 hid=e9c1dec2c6b43a7e depth=2 name=chip.run.runner_run.device_wall ts=0 dur=3159220 clk=dev
[mono_ns=7232758038464044][T0xf6698626b020][TIMING] emit_host_span: [STRACE] v=1 pid=1200884 tid=1200884 inv=3 hid=e9c1dec2c6b43a7e depth=3 name=chip.run.runner_run.device_wall.preamble ts=0 dur=7600 clk=dev
[mono_ns=7232758038468254][T0xf6698626b020][TIMING] emit_host_span: [STRACE] v=1 pid=1200884 tid=1200884 inv=3 hid=e9c1dec2c6b43a7e depth=3 name=chip.run.runner_run.device_wall.graph_build ts=1500 dur=3148580 clk=dev
[mono_ns=7232758038471845][T0xf6698626b020][TIMING] emit_host_span: [STRACE] v=1 pid=1200884 tid=1200884 inv=3 hid=e9c1dec2c6b43a7e depth=3 name=chip.run.runner_run.device_wall.config_validate ts=1619 dur=880 clk=dev
[mono_ns=7232758038475555][T0xf6698626b020][TIMING] emit_host_span: [STRACE] v=1 pid=1200884 tid=1200884 inv=3 hid=e9c1dec2c6b43a7e depth=3 name=chip.run.runner_run.device_wall.arena_wire ts=2540 dur=980 clk=dev
[mono_ns=7232758038508915][T0xf6698626b020][TIMING] emit_host_span: [STRACE] v=1 pid=1200884 tid=1200884 inv=3 hid=e9c1dec2c6b43a7e depth=3 name=chip.run.runner_run.device_wall.sm_reset ts=3540 dur=1359 clk=dev
[mono_ns=7232758038512045][T0xf6698626b020][TIMING] emit_host_span: [STRACE] v=1 pid=1200884 tid=1200884 inv=3 hid=e9c1dec2c6b43a7e depth=3 name=chip.run.runner_run.device_wall.post_orch ts=3150140 dur=8900 clk=dev
[mono_ns=7232758038515045][T0xf6698626b020][TIMING] emit_host_span: [STRACE] v=1 pid=1200884 tid=1200884 inv=3 hid=e9c1dec2c6b43a7e depth=3 name=chip.run.runner_run.device_wall.orch ts=5740 dur=12160 clk=dev
[mono_ns=7232758038518765][T0xf6698626b020][TIMING] emit_host_span: [STRACE] v=1 pid=1200884 tid=1200884 inv=3 hid=e9c1dec2c6b43a7e depth=3 name=chip.run.runner_run.device_wall.sched ts=7720 dur=3133720 clk=dev
[mono_ns=7232758038525815][T0xf6698626b020][TIMING] emit_host_span: [STRACE] v=1 pid=1200884 tid=1200884 inv=3 hid=e9c1dec2c6b43a7e depth=1 name=chip.run.claim_release ts=7232758038523485 dur=540 
[mono_ns=7232758038531175][T0xf6698626b020][TIMING] emit_host_span: [STRACE] v=1 pid=1200884 tid=1200884 inv=3 hid=e9c1dec2c6b43a7e depth=0 name=chip.run ts=7232757828030366 dur=210498839 run_id=3 dispatch_id=3 slot_id=0 generation=3 run_epoch=3
[mono_ns=7232758067302476][T0xf6698626b020][TIMING] emit_host_span: [STRACE] v=1 pid=1200884 tid=1200884 inv=4 hid=e9c1dec2c6b43a7e depth=2 name=chip.run.bind.args ts=7232758067163504 dur=133792 
[mono_ns=7232758067320896][T0xf6698626b020][TIMING] emit_host_span: [STRACE] v=1 pid=1200884 tid=1200884 inv=4 hid=e9c1dec2c6b43a7e depth=2 name=chip.run.bind.prebuilt ts=7232758067313926 dur=4620 
[mono_ns=7232758067354657][T0xf6698626b020][TIMING] emit_host_span: [STRACE] v=1 pid=1200884 tid=1200884 inv=4 hid=e9c1dec2c6b43a7e depth=1 name=chip.run.bind ts=7232758067151694 dur=200293 
[mono_ns=7232758070113008][T0xf668297aaca0][WARN] copy_aicore_buffer: [chip_swimlane_collector.cpp:689] Core 1: skipped 1024 AICore record slot(s) with start_time=0 (race-window write or recycled-buffer tail). buf seq=0 count=1024
[mono_ns=7232758070210699][T0xf66828f9aca0][WARN] copy_aicore_buffer: [chip_swimlane_collector.cpp:689] Core 2: skipped 1024 AICore record slot(s) with start_time=0 (race-window write or recycled-buffer tail). buf seq=0 count=1024
[mono_ns=7232758070244580][T0xf66829fbaca0][WARN] copy_aicore_buffer: [chip_swimlane_collector.cpp:689] Core 0: skipped 1024 AICore record slot(s) with start_time=0 (race-window write or recycled-buffer tail). buf seq=0 count=1024
[mono_ns=7232758070490864][T0xf668297aaca0][WARN] copy_aicore_buffer: [chip_swimlane_collector.cpp:689] Core 26: skipped 1022 AICore record slot(s) with start_time=0 (race-window write or recycled-buffer tail). buf seq=0 count=1024
[mono_ns=7232758070551684][T0xf66828f9aca0][WARN] copy_aicore_buffer: [chip_swimlane_collector.cpp:689] Core 28: skipped 1023 AICore record slot(s) with start_time=0 (race-window write or recycled-buffer tail). buf seq=0 count=1024
[mono_ns=7232758070576885][T0xf66829fbaca0][WARN] copy_aicore_buffer: [chip_swimlane_collector.cpp:689] Core 24: skipped 1024 AICore record slot(s) with start_time=0 (race-window write or recycled-buffer tail). buf seq=0 count=1024
[mono_ns=7232758070821919][T0xf668297aaca0][WARN] copy_aicore_buffer: [chip_swimlane_collector.cpp:689] Core 27: skipped 1024 AICore record slot(s) with start_time=0 (race-window write or recycled-buffer tail). buf seq=0 count=1024
[mono_ns=7232758070884029][T0xf66828f9aca0][WARN] copy_aicore_buffer: [chip_swimlane_collector.cpp:689] Core 29: skipped 1024 AICore record slot(s) with start_time=0 (race-window write or recycled-buffer tail). buf seq=0 count=1024
[mono_ns=7232758070935870][T0xf66829fbaca0][WARN] copy_aicore_buffer: [chip_swimlane_collector.cpp:689] Core 25: skipped 1024 AICore record slot(s) with start_time=0 (race-window write or recycled-buffer tail). buf seq=0 count=1024
[mono_ns=7232758071165844][T0xf668297aaca0][WARN] copy_aicore_buffer: [chip_swimlane_collector.cpp:689] Core 4: skipped 1024 AICore record slot(s) with start_time=0 (race-window write or recycled-buffer tail). buf seq=0 count=1024
[mono_ns=7232758071228985][T0xf66828f9aca0][WARN] copy_aicore_buffer: [chip_swimlane_collector.cpp:689] Core 5: skipped 1024 AICore record slot(s) with start_time=0 (race-window write or recycled-buffer tail). buf seq=0 count=1024
[mono_ns=7232758071267955][T0xf66829fbaca0][WARN] copy_aicore_buffer: [chip_swimlane_collector.cpp:689] Core 3: skipped 1024 AICore record slot(s) with start_time=0 (race-window write or recycled-buffer tail). buf seq=0 count=1024
[mono_ns=7232758071496229][T0xf668297aaca0][WARN] copy_aicore_buffer: [chip_swimlane_collector.cpp:689] Core 32: skipped 1024 AICore record slot(s) with start_time=0 (race-window write or recycled-buffer tail). buf seq=0 count=1024
[mono_ns=7232758071560310][T0xf66828f9aca0][WARN] copy_aicore_buffer: [chip_swimlane_collector.cpp:689] Core 34: skipped 1024 AICore record slot(s) with start_time=0 (race-window write or recycled-buffer tail). buf seq=0 count=1024
[mono_ns=7232758071587600][T0xf66829fbaca0][WARN] copy_aicore_buffer: [chip_swimlane_collector.cpp:689] Core 30: skipped 1024 AICore record slot(s) with start_time=0 (race-window write or recycled-buffer tail). buf seq=0 count=1024
[mono_ns=7232758071826904][T0xf668297aaca0][WARN] copy_aicore_buffer: [chip_swimlane_collector.cpp:689] Core 33: skipped 1024 AICore record slot(s) with start_time=0 (race-window write or recycled-buffer tail). buf seq=0 count=1024
[mono_ns=7232758071902475][T0xf66829fbaca0][WARN] copy_aicore_buffer: [chip_swimlane_collector.cpp:689] Core 31: skipped 1024 AICore record slot(s) with start_time=0 (race-window write or recycled-buffer tail). buf seq=0 count=1024
[mono_ns=7232758071905705][T0xf66828f9aca0][WARN] copy_aicore_buffer: [chip_swimlane_collector.cpp:689] Core 35: skipped 1024 AICore record slot(s) with start_time=0 (race-window write or recycled-buffer tail). buf seq=0 count=1024
[mono_ns=7232758072165829][T0xf668297aaca0][WARN] copy_aicore_buffer: [chip_swimlane_collector.cpp:689] Core 7: skipped 1024 AICore record slot(s) with start_time=0 (race-window write or recycled-buffer tail). buf seq=0 count=1024
[mono_ns=7232758072231560][T0xf66829fbaca0][WARN] copy_aicore_buffer: [chip_swimlane_collector.cpp:689] Core 6: skipped 1024 AICore record slot(s) with start_time=0 (race-window write or recycled-buffer tail). buf seq=0 count=1024
[mono_ns=7232758072244160][T0xf66828f9aca0][WARN] copy_aicore_buffer: [chip_swimlane_collector.cpp:689] Core 8: skipped 1024 AICore record slot(s) with start_time=0 (race-window write or recycled-buffer tail). buf seq=0 count=1024
[mono_ns=7232758072495384][T0xf668297aaca0][WARN] copy_aicore_buffer: [chip_swimlane_collector.cpp:689] Core 38: skipped 1024 AICore record slot(s) with start_time=0 (race-window write or recycled-buffer tail). buf seq=0 count=1024
[mono_ns=7232758072548444][T0xf66829fbaca0][WARN] copy_aicore_buffer: [chip_swimlane_collector.cpp:689] Core 36: skipped 1024 AICore record slot(s) with start_time=0 (race-window write or recycled-buffer tail). buf seq=0 count=1024
[mono_ns=7232758072570765][T0xf66828f9aca0][WARN] copy_aicore_buffer: [chip_swimlane_collector.cpp:689] Core 40: skipped 1024 AICore record slot(s) with start_time=0 (race-window write or recycled-buffer tail). buf seq=0 count=1024
[mono_ns=7232758072847049][T0xf668297aaca0][WARN] copy_aicore_buffer: [chip_swimlane_collector.cpp:689] Core 39: skipped 1024 AICore record slot(s) with start_time=0 (race-window write or recycled-buffer tail). buf seq=0 count=1024
[mono_ns=7232758072865759][T0xf66829fbaca0][WARN] copy_aicore_buffer: [chip_swimlane_collector.cpp:689] Core 37: skipped 1024 AICore record slot(s) with start_time=0 (race-window write or recycled-buffer tail). buf seq=0 count=1024
[mono_ns=7232758072901830][T0xf66828f9aca0][WARN] copy_aicore_buffer: [chip_swimlane_collector.cpp:689] Core 41: skipped 1024 AICore record slot(s) with start_time=0 (race-window write or recycled-buffer tail). buf seq=0 count=1024
[mono_ns=7232758073185654][T0xf668297aaca0][WARN] copy_aicore_buffer: [chip_swimlane_collector.cpp:689] Core 10: skipped 1024 AICore record slot(s) with start_time=0 (race-window write or recycled-buffer tail). buf seq=0 count=1024
[mono_ns=7232758073195334][T0xf66829fbaca0][WARN] copy_aicore_buffer: [chip_swimlane_collector.cpp:689] Core 9: skipped 1024 AICore record slot(s) with start_time=0 (race-window write or recycled-buffer tail). buf seq=0 count=1024
[mono_ns=7232758073240895][T0xf66828f9aca0][WARN] copy_aicore_buffer: [chip_swimlane_collector.cpp:689] Core 11: skipped 1024 AICore record slot(s) with start_time=0 (race-window write or recycled-buffer tail). buf seq=0 count=1024
[mono_ns=7232758073527029][T0xf66829fbaca0][WARN] copy_aicore_buffer: [chip_swimlane_collector.cpp:689] Core 42: skipped 1024 AICore record slot(s) with start_time=0 (race-window write or recycled-buffer tail). buf seq=0 count=1024
[mono_ns=7232758073528519][T0xf668297aaca0][WARN] copy_aicore_buffer: [chip_swimlane_collector.cpp:689] Core 44: skipped 1024 AICore record slot(s) with start_time=0 (race-window write or recycled-buffer tail). buf seq=0 count=1024
[mono_ns=7232758073603730][T0xf66828f9aca0][WARN] copy_aicore_buffer: [chip_swimlane_collector.cpp:689] Core 46: skipped 1024 AICore record slot(s) with start_time=0 (race-window write or recycled-buffer tail). buf seq=0 count=1024
[mono_ns=7232758073914785][T0xf668297aaca0][WARN] copy_aicore_buffer: [chip_swimlane_collector.cpp:689] Core 45: skipped 1024 AICore record slot(s) with start_time=0 (race-window write or recycled-buffer tail). buf seq=0 count=1024
[mono_ns=7232758073928295][T0xf66829fbaca0][WARN] copy_aicore_buffer: [chip_swimlane_collector.cpp:689] Core 43: skipped 1024 AICore record slot(s) with start_time=0 (race-window write or recycled-buffer tail). buf seq=0 count=1024
[mono_ns=7232758073982046][T0xf66828f9aca0][WARN] copy_aicore_buffer: [chip_swimlane_collector.cpp:689] Core 47: skipped 1024 AICore record slot(s) with start_time=0 (race-window write or recycled-buffer tail). buf seq=0 count=1024
[mono_ns=7232758074279320][T0xf668297aaca0][WARN] copy_aicore_buffer: [chip_swimlane_collector.cpp:689] Core 13: skipped 1024 AICore record slot(s) with start_time=0 (race-window write or recycled-buffer tail). buf seq=0 count=1024
[mono_ns=7232758074295060][T0xf66829fbaca0][WARN] copy_aicore_buffer: [chip_swimlane_collector.cpp:689] Core 12: skipped 1024 AICore record slot(s) with start_time=0 (race-window write or recycled-buffer tail). buf seq=0 count=1024
[mono_ns=7232758074335461][T0xf66828f9aca0][WARN] copy_aicore_buffer: [chip_swimlane_collector.cpp:689] Core 14: skipped 1024 AICore record slot(s) with start_time=0 (race-window write or recycled-buffer tail). buf seq=0 count=1024
[mono_ns=7232758074656656][T0xf66829fbaca0][WARN] copy_aicore_buffer: [chip_swimlane_collector.cpp:689] Core 48: skipped 1024 AICore record slot(s) with start_time=0 (race-window write or recycled-buffer tail). buf seq=0 count=1024
[mono_ns=7232758074677266][T0xf66828f9aca0][WARN] copy_aicore_buffer: [chip_swimlane_collector.cpp:689] Core 52: skipped 1024 AICore record slot(s) with start_time=0 (race-window write or recycled-buffer tail). buf seq=0 count=1024
[mono_ns=7232758074686816][T0xf668297aaca0][WARN] copy_aicore_buffer: [chip_swimlane_collector.cpp:689] Core 50: skipped 1024 AICore record slot(s) with start_time=0 (race-window write or recycled-buffer tail). buf seq=0 count=1024
[mono_ns=7232758074993661][T0xf66829fbaca0][WARN] copy_aicore_buffer: [chip_swimlane_collector.cpp:689] Core 49: skipped 1024 AICore record slot(s) with start_time=0 (race-window write or recycled-buffer tail). buf seq=0 count=1024
[mono_ns=7232758075034102][T0xf66828f9aca0][WARN] copy_aicore_buffer: [chip_swimlane_collector.cpp:689] Core 53: skipped 1024 AICore record slot(s) with start_time=0 (race-window write or recycled-buffer tail). buf seq=0 count=1024
[mono_ns=7232758075050632][T0xf668297aaca0][WARN] copy_aicore_buffer: [chip_swimlane_collector.cpp:689] Core 51: skipped 1024 AICore record slot(s) with start_time=0 (race-window write or recycled-buffer tail). buf seq=0 count=1024
[mono_ns=7232758075329446][T0xf66829fbaca0][WARN] copy_aicore_buffer: [chip_swimlane_collector.cpp:689] Core 15: skipped 1024 AICore record slot(s) with start_time=0 (race-window write or recycled-buffer tail). buf seq=0 count=1024
[mono_ns=7232758075379077][T0xf66828f9aca0][WARN] copy_aicore_buffer: [chip_swimlane_collector.cpp:689] Core 17: skipped 1024 AICore record slot(s) with start_time=0 (race-window write or recycled-buffer tail). buf seq=0 count=1024
[mono_ns=7232758075438248][T0xf668297aaca0][WARN] copy_aicore_buffer: [chip_swimlane_collector.cpp:689] Core 16: skipped 1024 AICore record slot(s) with start_time=0 (race-window write or recycled-buffer tail). buf seq=0 count=1024
[mono_ns=7232758075672151][T0xf66829fbaca0][WARN] copy_aicore_buffer: [chip_swimlane_collector.cpp:689] Core 54: skipped 1024 AICore record slot(s) with start_time=0 (race-window write or recycled-buffer tail). buf seq=0 count=1024
[mono_ns=7232758075725032][T0xf66828f9aca0][WARN] copy_aicore_buffer: [chip_swimlane_collector.cpp:689] Core 58: skipped 1024 AICore record slot(s) with start_time=0 (race-window write or recycled-buffer tail). buf seq=0 count=1024
[mono_ns=7232758075782813][T0xf668297aaca0][WARN] copy_aicore_buffer: [chip_swimlane_collector.cpp:689] Core 56: skipped 1024 AICore record slot(s) with start_time=0 (race-window write or recycled-buffer tail). buf seq=0 count=1024
[mono_ns=7232758076016586][T0xf66829fbaca0][WARN] copy_aicore_buffer: [chip_swimlane_collector.cpp:689] Core 55: skipped 1024 AICore record slot(s) with start_time=0 (race-window write or recycled-buffer tail). buf seq=0 count=1024
[mono_ns=7232758076082297][T0xf66828f9aca0][WARN] copy_aicore_buffer: [chip_swimlane_collector.cpp:689] Core 59: skipped 1024 AICore record slot(s) with start_time=0 (race-window write or recycled-buffer tail). buf seq=0 count=1024
[mono_ns=7232758076140228][T0xf668297aaca0][WARN] copy_aicore_buffer: [chip_swimlane_collector.cpp:689] Core 57: skipped 1024 AICore record slot(s) with start_time=0 (race-window write or recycled-buffer tail). buf seq=0 count=1024
[mono_ns=7232758076351821][T0xf66829fbaca0][WARN] copy_aicore_buffer: [chip_swimlane_collector.cpp:689] Core 18: skipped 1024 AICore record slot(s) with start_time=0 (race-window write or recycled-buffer tail). buf seq=0 count=1024
[mono_ns=7232758076446413][T0xf66828f9aca0][WARN] copy_aicore_buffer: [chip_swimlane_collector.cpp:689] Core 20: skipped 1024 AICore record slot(s) with start_time=0 (race-window write or recycled-buffer tail). buf seq=0 count=1024
[mono_ns=7232758076484263][T0xf668297aaca0][WARN] copy_aicore_buffer: [chip_swimlane_collector.cpp:689] Core 19: skipped 1024 AICore record slot(s) with start_time=0 (race-window write or recycled-buffer tail). buf seq=0 count=1024
[mono_ns=7232758076694206][T0xf66829fbaca0][WARN] copy_aicore_buffer: [chip_swimlane_collector.cpp:689] Core 60: skipped 1024 AICore record slot(s) with start_time=0 (race-window write or recycled-buffer tail). buf seq=0 count=1024
[mono_ns=7232758076804668][T0xf66828f9aca0][WARN] copy_aicore_buffer: [chip_swimlane_collector.cpp:689] Core 64: skipped 1024 AICore record slot(s) with start_time=0 (race-window write or recycled-buffer tail). buf seq=0 count=1024
[mono_ns=7232758076829988][T0xf668297aaca0][WARN] copy_aicore_buffer: [chip_swimlane_collector.cpp:689] Core 62: skipped 1024 AICore record slot(s) with start_time=0 (race-window write or recycled-buffer tail). buf seq=0 count=1024
[mono_ns=7232758077037782][T0xf66829fbaca0][WARN] copy_aicore_buffer: [chip_swimlane_collector.cpp:689] Core 61: skipped 1024 AICore record slot(s) with start_time=0 (race-window write or recycled-buffer tail). buf seq=0 count=1024
[mono_ns=7232758077169363][T0xf66828f9aca0][WARN] copy_aicore_buffer: [chip_swimlane_collector.cpp:689] Core 65: skipped 1024 AICore record slot(s) with start_time=0 (race-window write or recycled-buffer tail). buf seq=0 count=1024
[mono_ns=7232758077187294][T0xf668297aaca0][WARN] copy_aicore_buffer: [chip_swimlane_collector.cpp:689] Core 63: skipped 1024 AICore record slot(s) with start_time=0 (race-window write or recycled-buffer tail). buf seq=0 count=1024
[mono_ns=7232758077387687][T0xf66829fbaca0][WARN] copy_aicore_buffer: [chip_swimlane_collector.cpp:689] Core 21: skipped 1024 AICore record slot(s) with start_time=0 (race-window write or recycled-buffer tail). buf seq=0 count=1024
[mono_ns=7232758077516889][T0xf66828f9aca0][WARN] copy_aicore_buffer: [chip_swimlane_collector.cpp:689] Core 23: skipped 1024 AICore record slot(s) with start_time=0 (race-window write or recycled-buffer tail). buf seq=0 count=1024
[mono_ns=7232758077529509][T0xf668297aaca0][WARN] copy_aicore_buffer: [chip_swimlane_collector.cpp:689] Core 22: skipped 1024 AICore record slot(s) with start_time=0 (race-window write or recycled-buffer tail). buf seq=0 count=1024
[mono_ns=7232758077716772][T0xf66829fbaca0][WARN] copy_aicore_buffer: [chip_swimlane_collector.cpp:689] Core 66: skipped 1024 AICore record slot(s) with start_time=0 (race-window write or recycled-buffer tail). buf seq=0 count=1024
[mono_ns=7232758077860894][T0xf66828f9aca0][WARN] copy_aicore_buffer: [chip_swimlane_collector.cpp:689] Core 70: skipped 1024 AICore record slot(s) with start_time=0 (race-window write or recycled-buffer tail). buf seq=0 count=1024
[mono_ns=7232758077878294][T0xf668297aaca0][WARN] copy_aicore_buffer: [chip_swimlane_collector.cpp:689] Core 68: skipped 1024 AICore record slot(s) with start_time=0 (race-window write or recycled-buffer tail). buf seq=0 count=1024
[mono_ns=7232758078055647][T0xf66829fbaca0][WARN] copy_aicore_buffer: [chip_swimlane_collector.cpp:689] Core 67: skipped 1024 AICore record slot(s) with start_time=0 (race-window write or recycled-buffer tail). buf seq=0 count=1024
[mono_ns=7232758078252160][T0xf668297aaca0][WARN] copy_aicore_buffer: [chip_swimlane_collector.cpp:689] Core 69: skipped 1024 AICore record slot(s) with start_time=0 (race-window write or recycled-buffer tail). buf seq=0 count=1024
[mono_ns=7232758078256690][T0xf66828f9aca0][WARN] copy_aicore_buffer: [chip_swimlane_collector.cpp:689] Core 71: skipped 1024 AICore record slot(s) with start_time=0 (race-window write or recycled-buffer tail). buf seq=0 count=1024
[mono_ns=7232758179180260][T0xf6698626b020][TIMING] emit_host_span: [STRACE] v=1 pid=1200884 tid=1200884 inv=4 hid=e9c1dec2c6b43a7e depth=1 name=chip.run.runner_run ts=7232758068937350 dur=110237010 
[mono_ns=7232758179286961][T0xf6698626b020][TIMING] emit_host_span: [STRACE] v=1 pid=1200884 tid=1200884 inv=4 hid=e9c1dec2c6b43a7e depth=1 name=chip.run.validate ts=7232758179191770 dur=91951 
[mono_ns=7232758179297492][T0xf6698626b020][TIMING] emit_host_span: [STRACE] v=1 pid=1200884 tid=1200884 inv=4 hid=e9c1dec2c6b43a7e depth=2 name=chip.run.runner_run.device_wall ts=0 dur=457180 clk=dev
[mono_ns=7232758179302002][T0xf6698626b020][TIMING] emit_host_span: [STRACE] v=1 pid=1200884 tid=1200884 inv=4 hid=e9c1dec2c6b43a7e depth=3 name=chip.run.runner_run.device_wall.preamble ts=0 dur=110800 clk=dev
[mono_ns=7232758179338982][T0xf6698626b020][TIMING] emit_host_span: [STRACE] v=1 pid=1200884 tid=1200884 inv=4 hid=e9c1dec2c6b43a7e depth=3 name=chip.run.runner_run.device_wall.graph_build ts=106020 dur=342020 clk=dev
[mono_ns=7232758179343322][T0xf6698626b020][TIMING] emit_host_span: [STRACE] v=1 pid=1200884 tid=1200884 inv=4 hid=e9c1dec2c6b43a7e depth=3 name=chip.run.runner_run.device_wall.config_validate ts=106119 dur=799 clk=dev
[mono_ns=7232758179347392][T0xf6698626b020][TIMING] emit_host_span: [STRACE] v=1 pid=1200884 tid=1200884 inv=4 hid=e9c1dec2c6b43a7e depth=3 name=chip.run.runner_run.device_wall.arena_wire ts=106960 dur=520 clk=dev
[mono_ns=7232758179352192][T0xf6698626b020][TIMING] emit_host_span: [STRACE] v=1 pid=1200884 tid=1200884 inv=4 hid=e9c1dec2c6b43a7e depth=3 name=chip.run.runner_run.device_wall.sm_reset ts=107520 dur=860 clk=dev
[mono_ns=7232758179355482][T0xf6698626b020][TIMING] emit_host_span: [STRACE] v=1 pid=1200884 tid=1200884 inv=4 hid=e9c1dec2c6b43a7e depth=3 name=chip.run.runner_run.device_wall.post_orch ts=448140 dur=8900 clk=dev
[mono_ns=7232758179359192][T0xf6698626b020][TIMING] emit_host_span: [STRACE] v=1 pid=1200884 tid=1200884 inv=4 hid=e9c1dec2c6b43a7e depth=3 name=chip.run.runner_run.device_wall.orch ts=108420 dur=4320 clk=dev
[mono_ns=7232758179362062][T0xf6698626b020][TIMING] emit_host_span: [STRACE] v=1 pid=1200884 tid=1200884 inv=4 hid=e9c1dec2c6b43a7e depth=3 name=chip.run.runner_run.device_wall.sched ts=110900 dur=311800 clk=dev
[mono_ns=7232758179366083][T0xf6698626b020][TIMING] emit_host_span: [STRACE] v=1 pid=1200884 tid=1200884 inv=4 hid=e9c1dec2c6b43a7e depth=1 name=chip.run.claim_release ts=7232758179363833 dur=370 
[mono_ns=7232758179385843][T0xf6698626b020][TIMING] emit_host_span: [STRACE] v=1 pid=1200884 tid=1200884 inv=4 hid=e9c1dec2c6b43a7e depth=0 name=chip.run ts=7232758067107523 dur=112276060 run_id=4 dispatch_id=4 slot_id=0 generation=4 run_epoch=4
[mono_ns=7232762990171849][T0xf6698626b020][TIMING] emit_host_span: [STRACE] v=1 pid=1200884 tid=1200884 inv=5 hid=e9c1dec2c6b43a7e depth=2 name=chip.run.bind.args ts=7232762989974966 dur=189073 
[mono_ns=7232762990198429][T0xf6698626b020][TIMING] emit_host_span: [STRACE] v=1 pid=1200884 tid=1200884 inv=5 hid=e9c1dec2c6b43a7e depth=2 name=chip.run.bind.prebuilt ts=7232762990189579 dur=6220 
[mono_ns=7232762990203869][T0xf6698626b020][TIMING] emit_host_span: [STRACE] v=1 pid=1200884 tid=1200884 inv=5 hid=e9c1dec2c6b43a7e depth=1 name=chip.run.bind ts=7232762989962356 dur=238913 
[mono_ns=7232763098834815][T0xf6698626b020][TIMING] emit_host_span: [STRACE] v=1 pid=1200884 tid=1200884 inv=5 hid=e9c1dec2c6b43a7e depth=1 name=chip.run.runner_run ts=7232762990543514 dur=108279671 
[mono_ns=7232763098962457][T0xf6698626b020][TIMING] emit_host_span: [STRACE] v=1 pid=1200884 tid=1200884 inv=5 hid=e9c1dec2c6b43a7e depth=1 name=chip.run.validate ts=7232763098847175 dur=111552 
[mono_ns=7232763098974257][T0xf6698626b020][TIMING] emit_host_span: [STRACE] v=1 pid=1200884 tid=1200884 inv=5 hid=e9c1dec2c6b43a7e depth=2 name=chip.run.runner_run.device_wall ts=0 dur=6331480 clk=dev
[mono_ns=7232763098978687][T0xf6698626b020][TIMING] emit_host_span: [STRACE] v=1 pid=1200884 tid=1200884 inv=5 hid=e9c1dec2c6b43a7e depth=3 name=chip.run.runner_run.device_wall.preamble ts=0 dur=8379 clk=dev
[mono_ns=7232763099034398][T0xf6698626b020][TIMING] emit_host_span: [STRACE] v=1 pid=1200884 tid=1200884 inv=5 hid=e9c1dec2c6b43a7e depth=3 name=chip.run.runner_run.device_wall.graph_build ts=2480 dur=6319620 clk=dev
[mono_ns=7232763099038408][T0xf6698626b020][TIMING] emit_host_span: [STRACE] v=1 pid=1200884 tid=1200884 inv=5 hid=e9c1dec2c6b43a7e depth=3 name=chip.run.runner_run.device_wall.config_validate ts=2760 dur=860 clk=dev
[mono_ns=7232763099041788][T0xf6698626b020][TIMING] emit_host_span: [STRACE] v=1 pid=1200884 tid=1200884 inv=5 hid=e9c1dec2c6b43a7e depth=3 name=chip.run.runner_run.device_wall.arena_wire ts=3660 dur=899 clk=dev
[mono_ns=7232763099045518][T0xf6698626b020][TIMING] emit_host_span: [STRACE] v=1 pid=1200884 tid=1200884 inv=5 hid=e9c1dec2c6b43a7e depth=3 name=chip.run.runner_run.device_wall.sm_reset ts=4580 dur=1100 clk=dev
[mono_ns=7232763099048868][T0xf6698626b020][TIMING] emit_host_span: [STRACE] v=1 pid=1200884 tid=1200884 inv=5 hid=e9c1dec2c6b43a7e depth=3 name=chip.run.runner_run.device_wall.post_orch ts=6322200 dur=9220 clk=dev
[mono_ns=7232763099053158][T0xf6698626b020][TIMING] emit_host_span: [STRACE] v=1 pid=1200884 tid=1200884 inv=5 hid=e9c1dec2c6b43a7e depth=3 name=chip.run.runner_run.device_wall.orch ts=6620 dur=13700 clk=dev
[mono_ns=7232763099056738][T0xf6698626b020][TIMING] emit_host_span: [STRACE] v=1 pid=1200884 tid=1200884 inv=5 hid=e9c1dec2c6b43a7e depth=3 name=chip.run.runner_run.device_wall.sched ts=8500 dur=6305759 clk=dev
[mono_ns=7232763099084429][T0xf6698626b020][TIMING] emit_host_span: [STRACE] v=1 pid=1200884 tid=1200884 inv=5 hid=e9c1dec2c6b43a7e depth=1 name=chip.run.claim_release ts=7232763099081909 dur=410 
[mono_ns=7232763099089069][T0xf6698626b020][TIMING] emit_host_span: [STRACE] v=1 pid=1200884 tid=1200884 inv=5 hid=e9c1dec2c6b43a7e depth=0 name=chip.run ts=7232762989849834 dur=109237215 run_id=5 dispatch_id=5 slot_id=0 generation=5 run_epoch=5
[mono_ns=7232788196802427][T0xf668297aaca0][ERROR] poll_and_collect_loop: [profiler_base.h:1283] ChipSwimlane collector idle timeout after 30 seconds — staying alive until execution completes
[mono_ns=7232788197662209][T0xf66829fbaca0][ERROR] poll_and_collect_loop: [profiler_base.h:1283] ChipSwimlane collector idle timeout after 30 seconds — staying alive until execution completes
[mono_ns=7232788197987594][T0xf66828f9aca0][ERROR] poll_and_collect_loop: [profiler_base.h:1283] ChipSwimlane collector idle timeout after 30 seconds — staying alive until execution completes
[mono_ns=7232793108030212][T0xf667bf57cca0][ERROR] poll_and_collect_loop: [profiler_base.h:1283] DepGen collector idle timeout after 30 seconds — staying alive until execution completes
[mono_ns=7232932822534897][T0xf6698626b020][ERROR] file_barrier: [comm_hccl.cpp:218] [comm rank 6] file_barrier('alloc_0_release') timed out after 120s waiting for rank 4
[mono_ns=7232932822648389][T0xf6698626b020][WARN] comm_release_domain_windows: [comm_hccl.cpp:1520] [comm rank 6] release_domain: barrier timed out; releasing local state anyway
[mono_ns=7233058218432209][T0xf6698626b020][WARN] comm_destroy: [comm_hccl.cpp:1800] [comm rank 6] comm_destroy: final release failed during release wait for rank 6
