[mono_ns=7232752683954414][T0xf6698626b020][TIMING] emit_host_span: [STRACE] v=1 pid=1200890 tid=1200890 inv=1 hid=e9c1dec2c6b43a7e depth=2 name=chip.run.bind.args ts=7232752683797872 dur=149512 
[mono_ns=7232752683974125][T0xf6698626b020][TIMING] emit_host_span: [STRACE] v=1 pid=1200890 tid=1200890 inv=1 hid=e9c1dec2c6b43a7e depth=2 name=chip.run.bind.prebuilt ts=7232752683968644 dur=2860 
[mono_ns=7232752683979615][T0xf6698626b020][TIMING] emit_host_span: [STRACE] v=1 pid=1200890 tid=1200890 inv=1 hid=e9c1dec2c6b43a7e depth=1 name=chip.run.bind ts=7232752681204043 dur=2772982 
[mono_ns=7232752800168483][T0xf6698626b020][TIMING] emit_host_span: [STRACE] v=1 pid=1200890 tid=1200890 inv=1 hid=e9c1dec2c6b43a7e depth=1 name=chip.run.runner_run ts=7232752684670685 dur=115488448 
[mono_ns=7232752800331116][T0xf6698626b020][TIMING] emit_host_span: [STRACE] v=1 pid=1200890 tid=1200890 inv=1 hid=e9c1dec2c6b43a7e depth=1 name=chip.run.validate ts=7232752800185173 dur=141823 
[mono_ns=7232752800342266][T0xf6698626b020][TIMING] emit_host_span: [STRACE] v=1 pid=1200890 tid=1200890 inv=1 hid=e9c1dec2c6b43a7e depth=2 name=chip.run.runner_run.device_wall ts=0 dur=1061480 clk=dev
[mono_ns=7232752800346916][T0xf6698626b020][TIMING] emit_host_span: [STRACE] v=1 pid=1200890 tid=1200890 inv=1 hid=e9c1dec2c6b43a7e depth=3 name=chip.run.runner_run.device_wall.preamble ts=0 dur=177020 clk=dev
[mono_ns=7232752800351426][T0xf6698626b020][TIMING] emit_host_span: [STRACE] v=1 pid=1200890 tid=1200890 inv=1 hid=e9c1dec2c6b43a7e depth=3 name=chip.run.runner_run.device_wall.graph_build ts=39680 dur=1001079 clk=dev
[mono_ns=7232752800356356][T0xf6698626b020][TIMING] emit_host_span: [STRACE] v=1 pid=1200890 tid=1200890 inv=1 hid=e9c1dec2c6b43a7e depth=3 name=chip.run.runner_run.device_wall.config_validate ts=43699 dur=3520 clk=dev
[mono_ns=7232752800361066][T0xf6698626b020][TIMING] emit_host_span: [STRACE] v=1 pid=1200890 tid=1200890 inv=1 hid=e9c1dec2c6b43a7e depth=3 name=chip.run.runner_run.device_wall.arena_wire ts=47260 dur=12959 clk=dev
[mono_ns=7232752800365326][T0xf6698626b020][TIMING] emit_host_span: [STRACE] v=1 pid=1200890 tid=1200890 inv=1 hid=e9c1dec2c6b43a7e depth=3 name=chip.run.runner_run.device_wall.sm_reset ts=60280 dur=19120 clk=dev
[mono_ns=7232752800370186][T0xf6698626b020][TIMING] emit_host_span: [STRACE] v=1 pid=1200890 tid=1200890 inv=1 hid=e9c1dec2c6b43a7e depth=3 name=chip.run.runner_run.device_wall.post_orch ts=1040839 dur=16480 clk=dev
[mono_ns=7232752800374986][T0xf6698626b020][TIMING] emit_host_span: [STRACE] v=1 pid=1200890 tid=1200890 inv=1 hid=e9c1dec2c6b43a7e depth=3 name=chip.run.runner_run.device_wall.orch ts=84020 dur=41900 clk=dev
[mono_ns=7232752800379756][T0xf6698626b020][TIMING] emit_host_span: [STRACE] v=1 pid=1200890 tid=1200890 inv=1 hid=e9c1dec2c6b43a7e depth=3 name=chip.run.runner_run.device_wall.sched ts=178880 dur=839980 clk=dev
[mono_ns=7232752800386276][T0xf6698626b020][TIMING] emit_host_span: [STRACE] v=1 pid=1200890 tid=1200890 inv=1 hid=e9c1dec2c6b43a7e depth=1 name=chip.run.claim_release ts=7232752800383696 dur=770 
[mono_ns=7232752800396507][T0xf6698626b020][TIMING] emit_host_span: [STRACE] v=1 pid=1200890 tid=1200890 inv=1 hid=e9c1dec2c6b43a7e depth=0 name=chip.run ts=7232752681174072 dur=119220185 run_id=1 dispatch_id=1 slot_id=0 generation=1 run_epoch=1
[mono_ns=7232752810079652][T0xf6698626b020][TIMING] emit_host_span: [STRACE] v=1 pid=1200890 tid=1200890 inv=2 hid=e9c1dec2c6b43a7e depth=2 name=chip.run.bind.args ts=7232752809913320 dur=160242 
[mono_ns=7232752810105113][T0xf6698626b020][TIMING] emit_host_span: [STRACE] v=1 pid=1200890 tid=1200890 inv=2 hid=e9c1dec2c6b43a7e depth=2 name=chip.run.bind.prebuilt ts=7232752810098093 dur=4530 
[mono_ns=7232752810111343][T0xf6698626b020][TIMING] emit_host_span: [STRACE] v=1 pid=1200890 tid=1200890 inv=2 hid=e9c1dec2c6b43a7e depth=1 name=chip.run.bind ts=7232752809906640 dur=202593 
[mono_ns=7232752867767270][T0xf66829fbaca0][WARN] copy_aicore_buffer: [chip_swimlane_collector.cpp:689] Core 0: skipped 1024 AICore record slot(s) with start_time=0 (race-window write or recycled-buffer tail). buf seq=0 count=1024
[mono_ns=7232752867776531][T0xf66828f9aca0][WARN] copy_aicore_buffer: [chip_swimlane_collector.cpp:689] Core 2: skipped 1024 AICore record slot(s) with start_time=0 (race-window write or recycled-buffer tail). buf seq=0 count=1024
[mono_ns=7232752867828381][T0xf668297aaca0][WARN] copy_aicore_buffer: [chip_swimlane_collector.cpp:689] Core 1: skipped 1024 AICore record slot(s) with start_time=0 (race-window write or recycled-buffer tail). buf seq=0 count=1024
[mono_ns=7232752868134276][T0xf66828f9aca0][WARN] copy_aicore_buffer: [chip_swimlane_collector.cpp:689] Core 28: skipped 1024 AICore record slot(s) with start_time=0 (race-window write or recycled-buffer tail). buf seq=0 count=1024
[mono_ns=7232752868141456][T0xf66829fbaca0][WARN] copy_aicore_buffer: [chip_swimlane_collector.cpp:689] Core 24: skipped 1022 AICore record slot(s) with start_time=0 (race-window write or recycled-buffer tail). buf seq=0 count=1024
[mono_ns=7232752868217207][T0xf668297aaca0][WARN] copy_aicore_buffer: [chip_swimlane_collector.cpp:689] Core 26: skipped 1023 AICore record slot(s) with start_time=0 (race-window write or recycled-buffer tail). buf seq=0 count=1024
[mono_ns=7232752868473571][T0xf66828f9aca0][WARN] copy_aicore_buffer: [chip_swimlane_collector.cpp:689] Core 29: skipped 1024 AICore record slot(s) with start_time=0 (race-window write or recycled-buffer tail). buf seq=0 count=1024
[mono_ns=7232752868488471][T0xf66829fbaca0][WARN] copy_aicore_buffer: [chip_swimlane_collector.cpp:689] Core 25: skipped 1024 AICore record slot(s) with start_time=0 (race-window write or recycled-buffer tail). buf seq=0 count=1024
[mono_ns=7232752868547862][T0xf668297aaca0][WARN] copy_aicore_buffer: [chip_swimlane_collector.cpp:689] Core 27: skipped 1024 AICore record slot(s) with start_time=0 (race-window write or recycled-buffer tail). buf seq=0 count=1024
[mono_ns=7232752868851527][T0xf66829fbaca0][WARN] copy_aicore_buffer: [chip_swimlane_collector.cpp:689] Core 3: skipped 1024 AICore record slot(s) with start_time=0 (race-window write or recycled-buffer tail). buf seq=0 count=1024
[mono_ns=7232752868853677][T0xf66828f9aca0][WARN] copy_aicore_buffer: [chip_swimlane_collector.cpp:689] Core 5: skipped 1024 AICore record slot(s) with start_time=0 (race-window write or recycled-buffer tail). buf seq=0 count=1024
[mono_ns=7232752868890817][T0xf668297aaca0][WARN] copy_aicore_buffer: [chip_swimlane_collector.cpp:689] Core 4: skipped 1024 AICore record slot(s) with start_time=0 (race-window write or recycled-buffer tail). buf seq=0 count=1024
[mono_ns=7232752869206192][T0xf66828f9aca0][WARN] copy_aicore_buffer: [chip_swimlane_collector.cpp:689] Core 34: skipped 1024 AICore record slot(s) with start_time=0 (race-window write or recycled-buffer tail). buf seq=0 count=1024
[mono_ns=7232752869216302][T0xf66829fbaca0][WARN] copy_aicore_buffer: [chip_swimlane_collector.cpp:689] Core 30: skipped 1024 AICore record slot(s) with start_time=0 (race-window write or recycled-buffer tail). buf seq=0 count=1024
[mono_ns=7232752869233942][T0xf668297aaca0][WARN] copy_aicore_buffer: [chip_swimlane_collector.cpp:689] Core 32: skipped 1024 AICore record slot(s) with start_time=0 (race-window write or recycled-buffer tail). buf seq=0 count=1024
[mono_ns=7232752869545557][T0xf66828f9aca0][WARN] copy_aicore_buffer: [chip_swimlane_collector.cpp:689] Core 35: skipped 1024 AICore record slot(s) with start_time=0 (race-window write or recycled-buffer tail). buf seq=0 count=1024
[mono_ns=7232752869549757][T0xf66829fbaca0][WARN] copy_aicore_buffer: [chip_swimlane_collector.cpp:689] Core 31: skipped 1024 AICore record slot(s) with start_time=0 (race-window write or recycled-buffer tail). buf seq=0 count=1024
[mono_ns=7232752869561117][T0xf668297aaca0][WARN] copy_aicore_buffer: [chip_swimlane_collector.cpp:689] Core 33: skipped 1024 AICore record slot(s) with start_time=0 (race-window write or recycled-buffer tail). buf seq=0 count=1024
[mono_ns=7232752869884622][T0xf668297aaca0][WARN] copy_aicore_buffer: [chip_swimlane_collector.cpp:689] Core 7: skipped 1024 AICore record slot(s) with start_time=0 (race-window write or recycled-buffer tail). buf seq=0 count=1024
[mono_ns=7232752869884482][T0xf66829fbaca0][WARN] copy_aicore_buffer: [chip_swimlane_collector.cpp:689] Core 6: skipped 1024 AICore record slot(s) with start_time=0 (race-window write or recycled-buffer tail). buf seq=0 count=1024
[mono_ns=7232752869888142][T0xf66828f9aca0][WARN] copy_aicore_buffer: [chip_swimlane_collector.cpp:689] Core 8: skipped 1024 AICore record slot(s) with start_time=0 (race-window write or recycled-buffer tail). buf seq=0 count=1024
[mono_ns=7232752870231657][T0xf66829fbaca0][WARN] copy_aicore_buffer: [chip_swimlane_collector.cpp:689] Core 36: skipped 1024 AICore record slot(s) with start_time=0 (race-window write or recycled-buffer tail). buf seq=0 count=1024
[mono_ns=7232752870234678][T0xf66828f9aca0][WARN] copy_aicore_buffer: [chip_swimlane_collector.cpp:689] Core 40: skipped 1024 AICore record slot(s) with start_time=0 (race-window write or recycled-buffer tail). buf seq=0 count=1024
[mono_ns=7232752870234108][T0xf668297aaca0][WARN] copy_aicore_buffer: [chip_swimlane_collector.cpp:689] Core 38: skipped 1024 AICore record slot(s) with start_time=0 (race-window write or recycled-buffer tail). buf seq=0 count=1024
[mono_ns=7232752870570233][T0xf668297aaca0][WARN] copy_aicore_buffer: [chip_swimlane_collector.cpp:689] Core 39: skipped 1024 AICore record slot(s) with start_time=0 (race-window write or recycled-buffer tail). buf seq=0 count=1024
[mono_ns=7232752870571593][T0xf66829fbaca0][WARN] copy_aicore_buffer: [chip_swimlane_collector.cpp:689] Core 37: skipped 1024 AICore record slot(s) with start_time=0 (race-window write or recycled-buffer tail). buf seq=0 count=1024
[mono_ns=7232752870573793][T0xf66828f9aca0][WARN] copy_aicore_buffer: [chip_swimlane_collector.cpp:689] Core 41: skipped 1024 AICore record slot(s) with start_time=0 (race-window write or recycled-buffer tail). buf seq=0 count=1024
[mono_ns=7232752870903198][T0xf668297aaca0][WARN] copy_aicore_buffer: [chip_swimlane_collector.cpp:689] Core 10: skipped 1024 AICore record slot(s) with start_time=0 (race-window write or recycled-buffer tail). buf seq=0 count=1024
[mono_ns=7232752870909088][T0xf66829fbaca0][WARN] copy_aicore_buffer: [chip_swimlane_collector.cpp:689] Core 9: skipped 1024 AICore record slot(s) with start_time=0 (race-window write or recycled-buffer tail). buf seq=0 count=1024
[mono_ns=7232752870916888][T0xf66828f9aca0][WARN] copy_aicore_buffer: [chip_swimlane_collector.cpp:689] Core 11: skipped 1024 AICore record slot(s) with start_time=0 (race-window write or recycled-buffer tail). buf seq=0 count=1024
[mono_ns=7232752871251143][T0xf668297aaca0][WARN] copy_aicore_buffer: [chip_swimlane_collector.cpp:689] Core 44: skipped 1024 AICore record slot(s) with start_time=0 (race-window write or recycled-buffer tail). buf seq=0 count=1024
[mono_ns=7232752871256853][T0xf66828f9aca0][WARN] copy_aicore_buffer: [chip_swimlane_collector.cpp:689] Core 46: skipped 1024 AICore record slot(s) with start_time=0 (race-window write or recycled-buffer tail). buf seq=0 count=1024
[mono_ns=7232752871258343][T0xf66829fbaca0][WARN] copy_aicore_buffer: [chip_swimlane_collector.cpp:689] Core 42: skipped 1024 AICore record slot(s) with start_time=0 (race-window write or recycled-buffer tail). buf seq=0 count=1024
[mono_ns=7232752871580098][T0xf668297aaca0][WARN] copy_aicore_buffer: [chip_swimlane_collector.cpp:689] Core 45: skipped 1024 AICore record slot(s) with start_time=0 (race-window write or recycled-buffer tail). buf seq=0 count=1024
[mono_ns=7232752871592318][T0xf66828f9aca0][WARN] copy_aicore_buffer: [chip_swimlane_collector.cpp:689] Core 47: skipped 1024 AICore record slot(s) with start_time=0 (race-window write or recycled-buffer tail). buf seq=0 count=1024
[mono_ns=7232752871598768][T0xf66829fbaca0][WARN] copy_aicore_buffer: [chip_swimlane_collector.cpp:689] Core 43: skipped 1024 AICore record slot(s) with start_time=0 (race-window write or recycled-buffer tail). buf seq=0 count=1024
[mono_ns=7232752871906083][T0xf668297aaca0][WARN] copy_aicore_buffer: [chip_swimlane_collector.cpp:689] Core 13: skipped 1024 AICore record slot(s) with start_time=0 (race-window write or recycled-buffer tail). buf seq=0 count=1024
[mono_ns=7232752871925273][T0xf66828f9aca0][WARN] copy_aicore_buffer: [chip_swimlane_collector.cpp:689] Core 14: skipped 1024 AICore record slot(s) with start_time=0 (race-window write or recycled-buffer tail). buf seq=0 count=1024
[mono_ns=7232752871929693][T0xf66829fbaca0][WARN] copy_aicore_buffer: [chip_swimlane_collector.cpp:689] Core 12: skipped 1024 AICore record slot(s) with start_time=0 (race-window write or recycled-buffer tail). buf seq=0 count=1024
[mono_ns=7232752872238058][T0xf668297aaca0][WARN] copy_aicore_buffer: [chip_swimlane_collector.cpp:689] Core 50: skipped 1024 AICore record slot(s) with start_time=0 (race-window write or recycled-buffer tail). buf seq=0 count=1024
[mono_ns=7232752872265648][T0xf66828f9aca0][WARN] copy_aicore_buffer: [chip_swimlane_collector.cpp:689] Core 52: skipped 1024 AICore record slot(s) with start_time=0 (race-window write or recycled-buffer tail). buf seq=0 count=1024
[mono_ns=7232752872267588][T0xf66829fbaca0][WARN] copy_aicore_buffer: [chip_swimlane_collector.cpp:689] Core 48: skipped 1024 AICore record slot(s) with start_time=0 (race-window write or recycled-buffer tail). buf seq=0 count=1024
[mono_ns=7232752872564553][T0xf668297aaca0][WARN] copy_aicore_buffer: [chip_swimlane_collector.cpp:689] Core 51: skipped 1024 AICore record slot(s) with start_time=0 (race-window write or recycled-buffer tail). buf seq=0 count=1024
[mono_ns=7232752872603503][T0xf66829fbaca0][WARN] copy_aicore_buffer: [chip_swimlane_collector.cpp:689] Core 49: skipped 1024 AICore record slot(s) with start_time=0 (race-window write or recycled-buffer tail). buf seq=0 count=1024
[mono_ns=7232752872607023][T0xf66828f9aca0][WARN] copy_aicore_buffer: [chip_swimlane_collector.cpp:689] Core 53: skipped 1024 AICore record slot(s) with start_time=0 (race-window write or recycled-buffer tail). buf seq=0 count=1024
[mono_ns=7232752872891828][T0xf668297aaca0][WARN] copy_aicore_buffer: [chip_swimlane_collector.cpp:689] Core 16: skipped 1024 AICore record slot(s) with start_time=0 (race-window write or recycled-buffer tail). buf seq=0 count=1024
[mono_ns=7232752872941528][T0xf66828f9aca0][WARN] copy_aicore_buffer: [chip_swimlane_collector.cpp:689] Core 17: skipped 1024 AICore record slot(s) with start_time=0 (race-window write or recycled-buffer tail). buf seq=0 count=1024
[mono_ns=7232752872943618][T0xf66829fbaca0][WARN] copy_aicore_buffer: [chip_swimlane_collector.cpp:689] Core 15: skipped 1024 AICore record slot(s) with start_time=0 (race-window write or recycled-buffer tail). buf seq=0 count=1024
[mono_ns=7232752873223503][T0xf668297aaca0][WARN] copy_aicore_buffer: [chip_swimlane_collector.cpp:689] Core 56: skipped 1024 AICore record slot(s) with start_time=0 (race-window write or recycled-buffer tail). buf seq=0 count=1024
[mono_ns=7232752873291914][T0xf66828f9aca0][WARN] copy_aicore_buffer: [chip_swimlane_collector.cpp:689] Core 58: skipped 1024 AICore record slot(s) with start_time=0 (race-window write or recycled-buffer tail). buf seq=0 count=1024
[mono_ns=7232752873294524][T0xf66829fbaca0][WARN] copy_aicore_buffer: [chip_swimlane_collector.cpp:689] Core 54: skipped 1024 AICore record slot(s) with start_time=0 (race-window write or recycled-buffer tail). buf seq=0 count=1024
[mono_ns=7232752873550437][T0xf668297aaca0][WARN] copy_aicore_buffer: [chip_swimlane_collector.cpp:689] Core 57: skipped 1024 AICore record slot(s) with start_time=0 (race-window write or recycled-buffer tail). buf seq=0 count=1024
[mono_ns=7232752873629959][T0xf66829fbaca0][WARN] copy_aicore_buffer: [chip_swimlane_collector.cpp:689] Core 55: skipped 1024 AICore record slot(s) with start_time=0 (race-window write or recycled-buffer tail). buf seq=0 count=1024
[mono_ns=7232752873632589][T0xf66828f9aca0][WARN] copy_aicore_buffer: [chip_swimlane_collector.cpp:689] Core 59: skipped 1024 AICore record slot(s) with start_time=0 (race-window write or recycled-buffer tail). buf seq=0 count=1024
[mono_ns=7232752873877212][T0xf668297aaca0][WARN] copy_aicore_buffer: [chip_swimlane_collector.cpp:689] Core 19: skipped 1024 AICore record slot(s) with start_time=0 (race-window write or recycled-buffer tail). buf seq=0 count=1024
[mono_ns=7232752873966704][T0xf66828f9aca0][WARN] copy_aicore_buffer: [chip_swimlane_collector.cpp:689] Core 20: skipped 1024 AICore record slot(s) with start_time=0 (race-window write or recycled-buffer tail). buf seq=0 count=1024
[mono_ns=7232752873969484][T0xf66829fbaca0][WARN] copy_aicore_buffer: [chip_swimlane_collector.cpp:689] Core 18: skipped 1024 AICore record slot(s) with start_time=0 (race-window write or recycled-buffer tail). buf seq=0 count=1024
[mono_ns=7232752874214527][T0xf668297aaca0][WARN] copy_aicore_buffer: [chip_swimlane_collector.cpp:689] Core 62: skipped 1024 AICore record slot(s) with start_time=0 (race-window write or recycled-buffer tail). buf seq=0 count=1024
[mono_ns=7232752874317759][T0xf66828f9aca0][WARN] copy_aicore_buffer: [chip_swimlane_collector.cpp:689] Core 64: skipped 1024 AICore record slot(s) with start_time=0 (race-window write or recycled-buffer tail). buf seq=0 count=1024
[mono_ns=7232752874405510][T0xf66829fbaca0][WARN] copy_aicore_buffer: [chip_swimlane_collector.cpp:689] Core 60: skipped 1024 AICore record slot(s) with start_time=0 (race-window write or recycled-buffer tail). buf seq=0 count=1024
[mono_ns=7232752874542062][T0xf668297aaca0][WARN] copy_aicore_buffer: [chip_swimlane_collector.cpp:689] Core 63: skipped 1024 AICore record slot(s) with start_time=0 (race-window write or recycled-buffer tail). buf seq=0 count=1024
[mono_ns=7232752874655784][T0xf66828f9aca0][WARN] copy_aicore_buffer: [chip_swimlane_collector.cpp:689] Core 65: skipped 1024 AICore record slot(s) with start_time=0 (race-window write or recycled-buffer tail). buf seq=0 count=1024
[mono_ns=7232752874745325][T0xf66829fbaca0][WARN] copy_aicore_buffer: [chip_swimlane_collector.cpp:689] Core 61: skipped 1024 AICore record slot(s) with start_time=0 (race-window write or recycled-buffer tail). buf seq=0 count=1024
[mono_ns=7232752874869937][T0xf668297aaca0][WARN] copy_aicore_buffer: [chip_swimlane_collector.cpp:689] Core 22: skipped 1024 AICore record slot(s) with start_time=0 (race-window write or recycled-buffer tail). buf seq=0 count=1024
[mono_ns=7232752874993079][T0xf66828f9aca0][WARN] copy_aicore_buffer: [chip_swimlane_collector.cpp:689] Core 23: skipped 1024 AICore record slot(s) with start_time=0 (race-window write or recycled-buffer tail). buf seq=0 count=1024
[mono_ns=7232752875094791][T0xf66829fbaca0][WARN] copy_aicore_buffer: [chip_swimlane_collector.cpp:689] Core 21: skipped 1024 AICore record slot(s) with start_time=0 (race-window write or recycled-buffer tail). buf seq=0 count=1024
[mono_ns=7232752875201552][T0xf668297aaca0][WARN] copy_aicore_buffer: [chip_swimlane_collector.cpp:689] Core 68: skipped 1024 AICore record slot(s) with start_time=0 (race-window write or recycled-buffer tail). buf seq=0 count=1024
[mono_ns=7232752875348044][T0xf66828f9aca0][WARN] copy_aicore_buffer: [chip_swimlane_collector.cpp:689] Core 70: skipped 1024 AICore record slot(s) with start_time=0 (race-window write or recycled-buffer tail). buf seq=0 count=1024
[mono_ns=7232752875432716][T0xf66829fbaca0][WARN] copy_aicore_buffer: [chip_swimlane_collector.cpp:689] Core 66: skipped 1024 AICore record slot(s) with start_time=0 (race-window write or recycled-buffer tail). buf seq=0 count=1024
[mono_ns=7232752875529567][T0xf668297aaca0][WARN] copy_aicore_buffer: [chip_swimlane_collector.cpp:689] Core 69: skipped 1024 AICore record slot(s) with start_time=0 (race-window write or recycled-buffer tail). buf seq=0 count=1024
[mono_ns=7232752875683180][T0xf66828f9aca0][WARN] copy_aicore_buffer: [chip_swimlane_collector.cpp:689] Core 71: skipped 1024 AICore record slot(s) with start_time=0 (race-window write or recycled-buffer tail). buf seq=0 count=1024
[mono_ns=7232752875769011][T0xf66829fbaca0][WARN] copy_aicore_buffer: [chip_swimlane_collector.cpp:689] Core 67: skipped 1024 AICore record slot(s) with start_time=0 (race-window write or recycled-buffer tail). buf seq=0 count=1024
[mono_ns=7232752976418155][T0xf6698626b020][TIMING] emit_host_span: [STRACE] v=1 pid=1200890 tid=1200890 inv=2 hid=e9c1dec2c6b43a7e depth=1 name=chip.run.runner_run ts=7232752864321509 dur=112087276 
[mono_ns=7232752976540287][T0xf6698626b020][TIMING] emit_host_span: [STRACE] v=1 pid=1200890 tid=1200890 inv=2 hid=e9c1dec2c6b43a7e depth=1 name=chip.run.validate ts=7232752976431066 dur=104921 
[mono_ns=7232752976552127][T0xf6698626b020][TIMING] emit_host_span: [STRACE] v=1 pid=1200890 tid=1200890 inv=2 hid=e9c1dec2c6b43a7e depth=2 name=chip.run.runner_run.device_wall ts=0 dur=1456620 clk=dev
[mono_ns=7232752976556798][T0xf6698626b020][TIMING] emit_host_span: [STRACE] v=1 pid=1200890 tid=1200890 inv=2 hid=e9c1dec2c6b43a7e depth=3 name=chip.run.runner_run.device_wall.preamble ts=0 dur=137160 clk=dev
[mono_ns=7232752976561228][T0xf6698626b020][TIMING] emit_host_span: [STRACE] v=1 pid=1200890 tid=1200890 inv=2 hid=e9c1dec2c6b43a7e depth=3 name=chip.run.runner_run.device_wall.graph_build ts=132619 dur=1313560 clk=dev
[mono_ns=7232752976565918][T0xf6698626b020][TIMING] emit_host_span: [STRACE] v=1 pid=1200890 tid=1200890 inv=2 hid=e9c1dec2c6b43a7e depth=3 name=chip.run.runner_run.device_wall.config_validate ts=132820 dur=960 clk=dev
[mono_ns=7232752976569978][T0xf6698626b020][TIMING] emit_host_span: [STRACE] v=1 pid=1200890 tid=1200890 inv=2 hid=e9c1dec2c6b43a7e depth=3 name=chip.run.runner_run.device_wall.arena_wire ts=133820 dur=459 clk=dev
[mono_ns=7232752976574238][T0xf6698626b020][TIMING] emit_host_span: [STRACE] v=1 pid=1200890 tid=1200890 inv=2 hid=e9c1dec2c6b43a7e depth=3 name=chip.run.runner_run.device_wall.sm_reset ts=134300 dur=919 clk=dev
[mono_ns=7232752976578088][T0xf6698626b020][TIMING] emit_host_span: [STRACE] v=1 pid=1200890 tid=1200890 inv=2 hid=e9c1dec2c6b43a7e depth=3 name=chip.run.runner_run.device_wall.post_orch ts=1446220 dur=10200 clk=dev
[mono_ns=7232752976582668][T0xf6698626b020][TIMING] emit_host_span: [STRACE] v=1 pid=1200890 tid=1200890 inv=2 hid=e9c1dec2c6b43a7e depth=3 name=chip.run.runner_run.device_wall.orch ts=135260 dur=4460 clk=dev
[mono_ns=7232752976586518][T0xf6698626b020][TIMING] emit_host_span: [STRACE] v=1 pid=1200890 tid=1200890 inv=2 hid=e9c1dec2c6b43a7e depth=3 name=chip.run.runner_run.device_wall.sched ts=138020 dur=1281840 clk=dev
[mono_ns=7232752976591388][T0xf6698626b020][TIMING] emit_host_span: [STRACE] v=1 pid=1200890 tid=1200890 inv=2 hid=e9c1dec2c6b43a7e depth=1 name=chip.run.claim_release ts=7232752976588888 dur=310 
[mono_ns=7232752976597368][T0xf6698626b020][TIMING] emit_host_span: [STRACE] v=1 pid=1200890 tid=1200890 inv=2 hid=e9c1dec2c6b43a7e depth=0 name=chip.run ts=7232752809864179 dur=166730869 run_id=2 dispatch_id=2 slot_id=0 generation=2 run_epoch=2
[mono_ns=7232757825389956][T0xf6698626b020][TIMING] emit_host_span: [STRACE] v=1 pid=1200890 tid=1200890 inv=3 hid=e9c1dec2c6b43a7e depth=2 name=chip.run.bind.args ts=7232757825128293 dur=241343 
[mono_ns=7232757825464288][T0xf6698626b020][TIMING] emit_host_span: [STRACE] v=1 pid=1200890 tid=1200890 inv=3 hid=e9c1dec2c6b43a7e depth=2 name=chip.run.bind.prebuilt ts=7232757825443477 dur=17650 
[mono_ns=7232757825490218][T0xf6698626b020][TIMING] emit_host_span: [STRACE] v=1 pid=1200890 tid=1200890 inv=3 hid=e9c1dec2c6b43a7e depth=1 name=chip.run.bind ts=7232757825113602 dur=373866 
[mono_ns=7232757977725586][T0xf6698626b020][TIMING] emit_host_span: [STRACE] v=1 pid=1200890 tid=1200890 inv=3 hid=e9c1dec2c6b43a7e depth=1 name=chip.run.runner_run ts=7232757826512873 dur=151196822 
[mono_ns=7232757977878178][T0xf6698626b020][TIMING] emit_host_span: [STRACE] v=1 pid=1200890 tid=1200890 inv=3 hid=e9c1dec2c6b43a7e depth=1 name=chip.run.validate ts=7232757977741066 dur=131692 
[mono_ns=7232757977889838][T0xf6698626b020][TIMING] emit_host_span: [STRACE] v=1 pid=1200890 tid=1200890 inv=3 hid=e9c1dec2c6b43a7e depth=2 name=chip.run.runner_run.device_wall ts=0 dur=7475360 clk=dev
[mono_ns=7232757977894788][T0xf6698626b020][TIMING] emit_host_span: [STRACE] v=1 pid=1200890 tid=1200890 inv=3 hid=e9c1dec2c6b43a7e depth=3 name=chip.run.runner_run.device_wall.preamble ts=0 dur=8020 clk=dev
[mono_ns=7232757977900088][T0xf6698626b020][TIMING] emit_host_span: [STRACE] v=1 pid=1200890 tid=1200890 inv=3 hid=e9c1dec2c6b43a7e depth=3 name=chip.run.runner_run.device_wall.graph_build ts=1900 dur=7462860 clk=dev
[mono_ns=7232757977903538][T0xf6698626b020][TIMING] emit_host_span: [STRACE] v=1 pid=1200890 tid=1200890 inv=3 hid=e9c1dec2c6b43a7e depth=3 name=chip.run.runner_run.device_wall.config_validate ts=1980 dur=799 clk=dev
[mono_ns=7232757977907728][T0xf6698626b020][TIMING] emit_host_span: [STRACE] v=1 pid=1200890 tid=1200890 inv=3 hid=e9c1dec2c6b43a7e depth=3 name=chip.run.runner_run.device_wall.arena_wire ts=2820 dur=820 clk=dev
[mono_ns=7232757977930309][T0xf6698626b020][TIMING] emit_host_span: [STRACE] v=1 pid=1200890 tid=1200890 inv=3 hid=e9c1dec2c6b43a7e depth=3 name=chip.run.runner_run.device_wall.sm_reset ts=3660 dur=1280 clk=dev
[mono_ns=7232757977934139][T0xf6698626b020][TIMING] emit_host_span: [STRACE] v=1 pid=1200890 tid=1200890 inv=3 hid=e9c1dec2c6b43a7e depth=3 name=chip.run.runner_run.device_wall.post_orch ts=7464860 dur=10320 clk=dev
[mono_ns=7232757977937749][T0xf6698626b020][TIMING] emit_host_span: [STRACE] v=1 pid=1200890 tid=1200890 inv=3 hid=e9c1dec2c6b43a7e depth=3 name=chip.run.runner_run.device_wall.orch ts=6000 dur=11180 clk=dev
[mono_ns=7232757977941379][T0xf6698626b020][TIMING] emit_host_span: [STRACE] v=1 pid=1200890 tid=1200890 inv=3 hid=e9c1dec2c6b43a7e depth=3 name=chip.run.runner_run.device_wall.sched ts=8480 dur=7448720 clk=dev
[mono_ns=7232757977947509][T0xf6698626b020][TIMING] emit_host_span: [STRACE] v=1 pid=1200890 tid=1200890 inv=3 hid=e9c1dec2c6b43a7e depth=1 name=chip.run.claim_release ts=7232757977945139 dur=560 
[mono_ns=7232757977954139][T0xf6698626b020][TIMING] emit_host_span: [STRACE] v=1 pid=1200890 tid=1200890 inv=3 hid=e9c1dec2c6b43a7e depth=0 name=chip.run ts=7232757824656545 dur=153295624 run_id=3 dispatch_id=3 slot_id=0 generation=3 run_epoch=3
[mono_ns=7232758067877374][T0xf6698626b020][TIMING] emit_host_span: [STRACE] v=1 pid=1200890 tid=1200890 inv=4 hid=e9c1dec2c6b43a7e depth=2 name=chip.run.bind.args ts=7232758067705282 dur=166172 
[mono_ns=7232758067897505][T0xf6698626b020][TIMING] emit_host_span: [STRACE] v=1 pid=1200890 tid=1200890 inv=4 hid=e9c1dec2c6b43a7e depth=2 name=chip.run.bind.prebuilt ts=7232758067892585 dur=2430 
[mono_ns=7232758067931025][T0xf6698626b020][TIMING] emit_host_span: [STRACE] v=1 pid=1200890 tid=1200890 inv=4 hid=e9c1dec2c6b43a7e depth=1 name=chip.run.bind ts=7232758067698482 dur=229533 
[mono_ns=7232758070074557][T0xf668297aaca0][WARN] copy_aicore_buffer: [chip_swimlane_collector.cpp:689] Core 1: skipped 1024 AICore record slot(s) with start_time=0 (race-window write or recycled-buffer tail). buf seq=0 count=1024
[mono_ns=7232758070140958][T0xf66829fbaca0][WARN] copy_aicore_buffer: [chip_swimlane_collector.cpp:689] Core 0: skipped 1024 AICore record slot(s) with start_time=0 (race-window write or recycled-buffer tail). buf seq=0 count=1024
[mono_ns=7232758070216159][T0xf66828f9aca0][WARN] copy_aicore_buffer: [chip_swimlane_collector.cpp:689] Core 2: skipped 1024 AICore record slot(s) with start_time=0 (race-window write or recycled-buffer tail). buf seq=0 count=1024
[mono_ns=7232758070477793][T0xf66829fbaca0][WARN] copy_aicore_buffer: [chip_swimlane_collector.cpp:689] Core 24: skipped 1024 AICore record slot(s) with start_time=0 (race-window write or recycled-buffer tail). buf seq=0 count=1024
[mono_ns=7232758070480363][T0xf668297aaca0][WARN] copy_aicore_buffer: [chip_swimlane_collector.cpp:689] Core 26: skipped 1023 AICore record slot(s) with start_time=0 (race-window write or recycled-buffer tail). buf seq=0 count=1024
[mono_ns=7232758070606845][T0xf66828f9aca0][WARN] copy_aicore_buffer: [chip_swimlane_collector.cpp:689] Core 28: skipped 1022 AICore record slot(s) with start_time=0 (race-window write or recycled-buffer tail). buf seq=0 count=1024
[mono_ns=7232758070798208][T0xf668297aaca0][WARN] copy_aicore_buffer: [chip_swimlane_collector.cpp:689] Core 27: skipped 1024 AICore record slot(s) with start_time=0 (race-window write or recycled-buffer tail). buf seq=0 count=1024
[mono_ns=7232758070807398][T0xf66829fbaca0][WARN] copy_aicore_buffer: [chip_swimlane_collector.cpp:689] Core 25: skipped 1024 AICore record slot(s) with start_time=0 (race-window write or recycled-buffer tail). buf seq=0 count=1024
[mono_ns=7232758070975781][T0xf66828f9aca0][WARN] copy_aicore_buffer: [chip_swimlane_collector.cpp:689] Core 29: skipped 1024 AICore record slot(s) with start_time=0 (race-window write or recycled-buffer tail). buf seq=0 count=1024
[mono_ns=7232758071126583][T0xf668297aaca0][WARN] copy_aicore_buffer: [chip_swimlane_collector.cpp:689] Core 4: skipped 1024 AICore record slot(s) with start_time=0 (race-window write or recycled-buffer tail). buf seq=0 count=1024
[mono_ns=7232758071146863][T0xf66829fbaca0][WARN] copy_aicore_buffer: [chip_swimlane_collector.cpp:689] Core 3: skipped 1024 AICore record slot(s) with start_time=0 (race-window write or recycled-buffer tail). buf seq=0 count=1024
[mono_ns=7232758071318786][T0xf66828f9aca0][WARN] copy_aicore_buffer: [chip_swimlane_collector.cpp:689] Core 5: skipped 1024 AICore record slot(s) with start_time=0 (race-window write or recycled-buffer tail). buf seq=0 count=1024
[mono_ns=7232758071447038][T0xf668297aaca0][WARN] copy_aicore_buffer: [chip_swimlane_collector.cpp:689] Core 32: skipped 1024 AICore record slot(s) with start_time=0 (race-window write or recycled-buffer tail). buf seq=0 count=1024
[mono_ns=7232758071473448][T0xf66829fbaca0][WARN] copy_aicore_buffer: [chip_swimlane_collector.cpp:689] Core 30: skipped 1024 AICore record slot(s) with start_time=0 (race-window write or recycled-buffer tail). buf seq=0 count=1024
[mono_ns=7232758071648031][T0xf66828f9aca0][WARN] copy_aicore_buffer: [chip_swimlane_collector.cpp:689] Core 34: skipped 1024 AICore record slot(s) with start_time=0 (race-window write or recycled-buffer tail). buf seq=0 count=1024
[mono_ns=7232758071771303][T0xf668297aaca0][WARN] copy_aicore_buffer: [chip_swimlane_collector.cpp:689] Core 33: skipped 1024 AICore record slot(s) with start_time=0 (race-window write or recycled-buffer tail). buf seq=0 count=1024
[mono_ns=7232758071829584][T0xf66829fbaca0][WARN] copy_aicore_buffer: [chip_swimlane_collector.cpp:689] Core 31: skipped 1024 AICore record slot(s) with start_time=0 (race-window write or recycled-buffer tail). buf seq=0 count=1024
[mono_ns=7232758071978086][T0xf66828f9aca0][WARN] copy_aicore_buffer: [chip_swimlane_collector.cpp:689] Core 35: skipped 1024 AICore record slot(s) with start_time=0 (race-window write or recycled-buffer tail). buf seq=0 count=1024
[mono_ns=7232758072097758][T0xf668297aaca0][WARN] copy_aicore_buffer: [chip_swimlane_collector.cpp:689] Core 7: skipped 1024 AICore record slot(s) with start_time=0 (race-window write or recycled-buffer tail). buf seq=0 count=1024
[mono_ns=7232758072170699][T0xf66829fbaca0][WARN] copy_aicore_buffer: [chip_swimlane_collector.cpp:689] Core 6: skipped 1024 AICore record slot(s) with start_time=0 (race-window write or recycled-buffer tail). buf seq=0 count=1024
[mono_ns=7232758072318531][T0xf66828f9aca0][WARN] copy_aicore_buffer: [chip_swimlane_collector.cpp:689] Core 8: skipped 1024 AICore record slot(s) with start_time=0 (race-window write or recycled-buffer tail). buf seq=0 count=1024
[mono_ns=7232758072415522][T0xf668297aaca0][WARN] copy_aicore_buffer: [chip_swimlane_collector.cpp:689] Core 38: skipped 1024 AICore record slot(s) with start_time=0 (race-window write or recycled-buffer tail). buf seq=0 count=1024
[mono_ns=7232758072500484][T0xf66829fbaca0][WARN] copy_aicore_buffer: [chip_swimlane_collector.cpp:689] Core 36: skipped 1024 AICore record slot(s) with start_time=0 (race-window write or recycled-buffer tail). buf seq=0 count=1024
[mono_ns=7232758072648636][T0xf66828f9aca0][WARN] copy_aicore_buffer: [chip_swimlane_collector.cpp:689] Core 40: skipped 1024 AICore record slot(s) with start_time=0 (race-window write or recycled-buffer tail). buf seq=0 count=1024
[mono_ns=7232758072741007][T0xf668297aaca0][WARN] copy_aicore_buffer: [chip_swimlane_collector.cpp:689] Core 39: skipped 1024 AICore record slot(s) with start_time=0 (race-window write or recycled-buffer tail). buf seq=0 count=1024
[mono_ns=7232758072830819][T0xf66829fbaca0][WARN] copy_aicore_buffer: [chip_swimlane_collector.cpp:689] Core 37: skipped 1024 AICore record slot(s) with start_time=0 (race-window write or recycled-buffer tail). buf seq=0 count=1024
[mono_ns=7232758072977291][T0xf66828f9aca0][WARN] copy_aicore_buffer: [chip_swimlane_collector.cpp:689] Core 41: skipped 1024 AICore record slot(s) with start_time=0 (race-window write or recycled-buffer tail). buf seq=0 count=1024
[mono_ns=7232758073064352][T0xf668297aaca0][WARN] copy_aicore_buffer: [chip_swimlane_collector.cpp:689] Core 10: skipped 1024 AICore record slot(s) with start_time=0 (race-window write or recycled-buffer tail). buf seq=0 count=1024
[mono_ns=7232758073168284][T0xf66829fbaca0][WARN] copy_aicore_buffer: [chip_swimlane_collector.cpp:689] Core 9: skipped 1024 AICore record slot(s) with start_time=0 (race-window write or recycled-buffer tail). buf seq=0 count=1024
[mono_ns=7232758073314726][T0xf66828f9aca0][WARN] copy_aicore_buffer: [chip_swimlane_collector.cpp:689] Core 11: skipped 1024 AICore record slot(s) with start_time=0 (race-window write or recycled-buffer tail). buf seq=0 count=1024
[mono_ns=7232758073395627][T0xf668297aaca0][WARN] copy_aicore_buffer: [chip_swimlane_collector.cpp:689] Core 44: skipped 1024 AICore record slot(s) with start_time=0 (race-window write or recycled-buffer tail). buf seq=0 count=1024
[mono_ns=7232758073499029][T0xf66829fbaca0][WARN] copy_aicore_buffer: [chip_swimlane_collector.cpp:689] Core 42: skipped 1024 AICore record slot(s) with start_time=0 (race-window write or recycled-buffer tail). buf seq=0 count=1024
[mono_ns=7232758073656251][T0xf66828f9aca0][WARN] copy_aicore_buffer: [chip_swimlane_collector.cpp:689] Core 46: skipped 1024 AICore record slot(s) with start_time=0 (race-window write or recycled-buffer tail). buf seq=0 count=1024
[mono_ns=7232758073742582][T0xf668297aaca0][WARN] copy_aicore_buffer: [chip_swimlane_collector.cpp:689] Core 45: skipped 1024 AICore record slot(s) with start_time=0 (race-window write or recycled-buffer tail). buf seq=0 count=1024
[mono_ns=7232758073852314][T0xf66829fbaca0][WARN] copy_aicore_buffer: [chip_swimlane_collector.cpp:689] Core 43: skipped 1024 AICore record slot(s) with start_time=0 (race-window write or recycled-buffer tail). buf seq=0 count=1024
[mono_ns=7232758074020696][T0xf66828f9aca0][WARN] copy_aicore_buffer: [chip_swimlane_collector.cpp:689] Core 47: skipped 1024 AICore record slot(s) with start_time=0 (race-window write or recycled-buffer tail). buf seq=0 count=1024
[mono_ns=7232758074080047][T0xf668297aaca0][WARN] copy_aicore_buffer: [chip_swimlane_collector.cpp:689] Core 13: skipped 1024 AICore record slot(s) with start_time=0 (race-window write or recycled-buffer tail). buf seq=0 count=1024
[mono_ns=7232758074200269][T0xf66829fbaca0][WARN] copy_aicore_buffer: [chip_swimlane_collector.cpp:689] Core 12: skipped 1024 AICore record slot(s) with start_time=0 (race-window write or recycled-buffer tail). buf seq=0 count=1024
[mono_ns=7232758074356881][T0xf66828f9aca0][WARN] copy_aicore_buffer: [chip_swimlane_collector.cpp:689] Core 14: skipped 1024 AICore record slot(s) with start_time=0 (race-window write or recycled-buffer tail). buf seq=0 count=1024
[mono_ns=7232758074426772][T0xf668297aaca0][WARN] copy_aicore_buffer: [chip_swimlane_collector.cpp:689] Core 50: skipped 1024 AICore record slot(s) with start_time=0 (race-window write or recycled-buffer tail). buf seq=0 count=1024
[mono_ns=7232758074539364][T0xf66829fbaca0][WARN] copy_aicore_buffer: [chip_swimlane_collector.cpp:689] Core 48: skipped 1024 AICore record slot(s) with start_time=0 (race-window write or recycled-buffer tail). buf seq=0 count=1024
[mono_ns=7232758074691506][T0xf66828f9aca0][WARN] copy_aicore_buffer: [chip_swimlane_collector.cpp:689] Core 52: skipped 1024 AICore record slot(s) with start_time=0 (race-window write or recycled-buffer tail). buf seq=0 count=1024
[mono_ns=7232758074750747][T0xf668297aaca0][WARN] copy_aicore_buffer: [chip_swimlane_collector.cpp:689] Core 51: skipped 1024 AICore record slot(s) with start_time=0 (race-window write or recycled-buffer tail). buf seq=0 count=1024
[mono_ns=7232758074877239][T0xf66829fbaca0][WARN] copy_aicore_buffer: [chip_swimlane_collector.cpp:689] Core 49: skipped 1024 AICore record slot(s) with start_time=0 (race-window write or recycled-buffer tail). buf seq=0 count=1024
[mono_ns=7232758075038262][T0xf66828f9aca0][WARN] copy_aicore_buffer: [chip_swimlane_collector.cpp:689] Core 53: skipped 1024 AICore record slot(s) with start_time=0 (race-window write or recycled-buffer tail). buf seq=0 count=1024
[mono_ns=7232758075085422][T0xf668297aaca0][WARN] copy_aicore_buffer: [chip_swimlane_collector.cpp:689] Core 16: skipped 1024 AICore record slot(s) with start_time=0 (race-window write or recycled-buffer tail). buf seq=0 count=1024
[mono_ns=7232758075222544][T0xf66829fbaca0][WARN] copy_aicore_buffer: [chip_swimlane_collector.cpp:689] Core 15: skipped 1024 AICore record slot(s) with start_time=0 (race-window write or recycled-buffer tail). buf seq=0 count=1024
[mono_ns=7232758075401977][T0xf66828f9aca0][WARN] copy_aicore_buffer: [chip_swimlane_collector.cpp:689] Core 17: skipped 1024 AICore record slot(s) with start_time=0 (race-window write or recycled-buffer tail). buf seq=0 count=1024
[mono_ns=7232758075424787][T0xf668297aaca0][WARN] copy_aicore_buffer: [chip_swimlane_collector.cpp:689] Core 56: skipped 1024 AICore record slot(s) with start_time=0 (race-window write or recycled-buffer tail). buf seq=0 count=1024
[mono_ns=7232758075557189][T0xf66829fbaca0][WARN] copy_aicore_buffer: [chip_swimlane_collector.cpp:689] Core 54: skipped 1024 AICore record slot(s) with start_time=0 (race-window write or recycled-buffer tail). buf seq=0 count=1024
[mono_ns=7232758075730652][T0xf66828f9aca0][WARN] copy_aicore_buffer: [chip_swimlane_collector.cpp:689] Core 58: skipped 1024 AICore record slot(s) with start_time=0 (race-window write or recycled-buffer tail). buf seq=0 count=1024
[mono_ns=7232758075747902][T0xf668297aaca0][WARN] copy_aicore_buffer: [chip_swimlane_collector.cpp:689] Core 57: skipped 1024 AICore record slot(s) with start_time=0 (race-window write or recycled-buffer tail). buf seq=0 count=1024
[mono_ns=7232758075890854][T0xf66829fbaca0][WARN] copy_aicore_buffer: [chip_swimlane_collector.cpp:689] Core 55: skipped 1024 AICore record slot(s) with start_time=0 (race-window write or recycled-buffer tail). buf seq=0 count=1024
[mono_ns=7232758076072127][T0xf66828f9aca0][WARN] copy_aicore_buffer: [chip_swimlane_collector.cpp:689] Core 59: skipped 1024 AICore record slot(s) with start_time=0 (race-window write or recycled-buffer tail). buf seq=0 count=1024
[mono_ns=7232758076077647][T0xf668297aaca0][WARN] copy_aicore_buffer: [chip_swimlane_collector.cpp:689] Core 19: skipped 1024 AICore record slot(s) with start_time=0 (race-window write or recycled-buffer tail). buf seq=0 count=1024
[mono_ns=7232758076251550][T0xf66829fbaca0][WARN] copy_aicore_buffer: [chip_swimlane_collector.cpp:689] Core 18: skipped 1024 AICore record slot(s) with start_time=0 (race-window write or recycled-buffer tail). buf seq=0 count=1024
[mono_ns=7232758076401982][T0xf668297aaca0][WARN] copy_aicore_buffer: [chip_swimlane_collector.cpp:689] Core 62: skipped 1024 AICore record slot(s) with start_time=0 (race-window write or recycled-buffer tail). buf seq=0 count=1024
[mono_ns=7232758076409402][T0xf66828f9aca0][WARN] copy_aicore_buffer: [chip_swimlane_collector.cpp:689] Core 20: skipped 1024 AICore record slot(s) with start_time=0 (race-window write or recycled-buffer tail). buf seq=0 count=1024
[mono_ns=7232758076589725][T0xf66829fbaca0][WARN] copy_aicore_buffer: [chip_swimlane_collector.cpp:689] Core 60: skipped 1024 AICore record slot(s) with start_time=0 (race-window write or recycled-buffer tail). buf seq=0 count=1024
[mono_ns=7232758076723327][T0xf668297aaca0][WARN] copy_aicore_buffer: [chip_swimlane_collector.cpp:689] Core 63: skipped 1024 AICore record slot(s) with start_time=0 (race-window write or recycled-buffer tail). buf seq=0 count=1024
[mono_ns=7232758076741907][T0xf66828f9aca0][WARN] copy_aicore_buffer: [chip_swimlane_collector.cpp:689] Core 64: skipped 1024 AICore record slot(s) with start_time=0 (race-window write or recycled-buffer tail). buf seq=0 count=1024
[mono_ns=7232758076927190][T0xf66829fbaca0][WARN] copy_aicore_buffer: [chip_swimlane_collector.cpp:689] Core 61: skipped 1024 AICore record slot(s) with start_time=0 (race-window write or recycled-buffer tail). buf seq=0 count=1024
[mono_ns=7232758077053002][T0xf668297aaca0][WARN] copy_aicore_buffer: [chip_swimlane_collector.cpp:689] Core 22: skipped 1024 AICore record slot(s) with start_time=0 (race-window write or recycled-buffer tail). buf seq=0 count=1024
[mono_ns=7232758077098052][T0xf66828f9aca0][WARN] copy_aicore_buffer: [chip_swimlane_collector.cpp:689] Core 65: skipped 1024 AICore record slot(s) with start_time=0 (race-window write or recycled-buffer tail). buf seq=0 count=1024
[mono_ns=7232758077275775][T0xf66829fbaca0][WARN] copy_aicore_buffer: [chip_swimlane_collector.cpp:689] Core 21: skipped 1024 AICore record slot(s) with start_time=0 (race-window write or recycled-buffer tail). buf seq=0 count=1024
[mono_ns=7232758077376487][T0xf668297aaca0][WARN] copy_aicore_buffer: [chip_swimlane_collector.cpp:689] Core 68: skipped 1024 AICore record slot(s) with start_time=0 (race-window write or recycled-buffer tail). buf seq=0 count=1024
[mono_ns=7232758077437718][T0xf66828f9aca0][WARN] copy_aicore_buffer: [chip_swimlane_collector.cpp:689] Core 23: skipped 1024 AICore record slot(s) with start_time=0 (race-window write or recycled-buffer tail). buf seq=0 count=1024
[mono_ns=7232758077614640][T0xf66829fbaca0][WARN] copy_aicore_buffer: [chip_swimlane_collector.cpp:689] Core 66: skipped 1024 AICore record slot(s) with start_time=0 (race-window write or recycled-buffer tail). buf seq=0 count=1024
[mono_ns=7232758077699221][T0xf668297aaca0][WARN] copy_aicore_buffer: [chip_swimlane_collector.cpp:689] Core 69: skipped 1024 AICore record slot(s) with start_time=0 (race-window write or recycled-buffer tail). buf seq=0 count=1024
[mono_ns=7232758077775973][T0xf66828f9aca0][WARN] copy_aicore_buffer: [chip_swimlane_collector.cpp:689] Core 70: skipped 1024 AICore record slot(s) with start_time=0 (race-window write or recycled-buffer tail). buf seq=0 count=1024
[mono_ns=7232758077972736][T0xf66829fbaca0][WARN] copy_aicore_buffer: [chip_swimlane_collector.cpp:689] Core 67: skipped 1024 AICore record slot(s) with start_time=0 (race-window write or recycled-buffer tail). buf seq=0 count=1024
[mono_ns=7232758078120878][T0xf66828f9aca0][WARN] copy_aicore_buffer: [chip_swimlane_collector.cpp:689] Core 71: skipped 1024 AICore record slot(s) with start_time=0 (race-window write or recycled-buffer tail). buf seq=0 count=1024
[mono_ns=7232758178970257][T0xf6698626b020][TIMING] emit_host_span: [STRACE] v=1 pid=1200890 tid=1200890 inv=4 hid=e9c1dec2c6b43a7e depth=1 name=chip.run.runner_run ts=7232758068688127 dur=110276920 
[mono_ns=7232758179103399][T0xf6698626b020][TIMING] emit_host_span: [STRACE] v=1 pid=1200890 tid=1200890 inv=4 hid=e9c1dec2c6b43a7e depth=1 name=chip.run.validate ts=7232758178981977 dur=117962 
[mono_ns=7232758179114839][T0xf6698626b020][TIMING] emit_host_span: [STRACE] v=1 pid=1200890 tid=1200890 inv=4 hid=e9c1dec2c6b43a7e depth=2 name=chip.run.runner_run.device_wall ts=0 dur=738140 clk=dev
[mono_ns=7232758179119309][T0xf6698626b020][TIMING] emit_host_span: [STRACE] v=1 pid=1200890 tid=1200890 inv=4 hid=e9c1dec2c6b43a7e depth=3 name=chip.run.runner_run.device_wall.preamble ts=0 dur=109040 clk=dev
[mono_ns=7232758179148819][T0xf6698626b020][TIMING] emit_host_span: [STRACE] v=1 pid=1200890 tid=1200890 inv=4 hid=e9c1dec2c6b43a7e depth=3 name=chip.run.runner_run.device_wall.graph_build ts=104660 dur=624000 clk=dev
[mono_ns=7232758179153719][T0xf6698626b020][TIMING] emit_host_span: [STRACE] v=1 pid=1200890 tid=1200890 inv=4 hid=e9c1dec2c6b43a7e depth=3 name=chip.run.runner_run.device_wall.config_validate ts=104780 dur=880 clk=dev
[mono_ns=7232758179157989][T0xf6698626b020][TIMING] emit_host_span: [STRACE] v=1 pid=1200890 tid=1200890 inv=4 hid=e9c1dec2c6b43a7e depth=3 name=chip.run.runner_run.device_wall.arena_wire ts=105699 dur=520 clk=dev
[mono_ns=7232758179161719][T0xf6698626b020][TIMING] emit_host_span: [STRACE] v=1 pid=1200890 tid=1200890 inv=4 hid=e9c1dec2c6b43a7e depth=3 name=chip.run.runner_run.device_wall.sm_reset ts=106240 dur=540 clk=dev
[mono_ns=7232758179165390][T0xf6698626b020][TIMING] emit_host_span: [STRACE] v=1 pid=1200890 tid=1200890 inv=4 hid=e9c1dec2c6b43a7e depth=3 name=chip.run.runner_run.device_wall.post_orch ts=728760 dur=9300 clk=dev
[mono_ns=7232758179168230][T0xf6698626b020][TIMING] emit_host_span: [STRACE] v=1 pid=1200890 tid=1200890 inv=4 hid=e9c1dec2c6b43a7e depth=3 name=chip.run.runner_run.device_wall.orch ts=106820 dur=4860 clk=dev
[mono_ns=7232758179171010][T0xf6698626b020][TIMING] emit_host_span: [STRACE] v=1 pid=1200890 tid=1200890 inv=4 hid=e9c1dec2c6b43a7e depth=3 name=chip.run.runner_run.device_wall.sched ts=109640 dur=594140 clk=dev
[mono_ns=7232758179175030][T0xf6698626b020][TIMING] emit_host_span: [STRACE] v=1 pid=1200890 tid=1200890 inv=4 hid=e9c1dec2c6b43a7e depth=1 name=chip.run.claim_release ts=7232758179172880 dur=400 
[mono_ns=7232758179193160][T0xf6698626b020][TIMING] emit_host_span: [STRACE] v=1 pid=1200890 tid=1200890 inv=4 hid=e9c1dec2c6b43a7e depth=0 name=chip.run ts=7232758067658651 dur=111532289 run_id=4 dispatch_id=4 slot_id=0 generation=4 run_epoch=4
[mono_ns=7232762990638526][T0xf6698626b020][TIMING] emit_host_span: [STRACE] v=1 pid=1200890 tid=1200890 inv=5 hid=e9c1dec2c6b43a7e depth=2 name=chip.run.bind.args ts=7232762990464373 dur=167552 
[mono_ns=7232762990661766][T0xf6698626b020][TIMING] emit_host_span: [STRACE] v=1 pid=1200890 tid=1200890 inv=5 hid=e9c1dec2c6b43a7e depth=2 name=chip.run.bind.prebuilt ts=7232762990654976 dur=3440 
[mono_ns=7232762990666596][T0xf6698626b020][TIMING] emit_host_span: [STRACE] v=1 pid=1200890 tid=1200890 inv=5 hid=e9c1dec2c6b43a7e depth=1 name=chip.run.bind ts=7232762990457163 dur=207223 
[mono_ns=7232763099035138][T0xf6698626b020][TIMING] emit_host_span: [STRACE] v=1 pid=1200890 tid=1200890 inv=5 hid=e9c1dec2c6b43a7e depth=1 name=chip.run.runner_run ts=7232762990950320 dur=108074568 
[mono_ns=7232763099188350][T0xf6698626b020][TIMING] emit_host_span: [STRACE] v=1 pid=1200890 tid=1200890 inv=5 hid=e9c1dec2c6b43a7e depth=1 name=chip.run.validate ts=7232763099057928 dur=125972 
[mono_ns=7232763099200091][T0xf6698626b020][TIMING] emit_host_span: [STRACE] v=1 pid=1200890 tid=1200890 inv=5 hid=e9c1dec2c6b43a7e depth=2 name=chip.run.runner_run.device_wall ts=0 dur=5943760 clk=dev
[mono_ns=7232763099205281][T0xf6698626b020][TIMING] emit_host_span: [STRACE] v=1 pid=1200890 tid=1200890 inv=5 hid=e9c1dec2c6b43a7e depth=3 name=chip.run.runner_run.device_wall.preamble ts=0 dur=6460 clk=dev
[mono_ns=7232763099250901][T0xf6698626b020][TIMING] emit_host_span: [STRACE] v=1 pid=1200890 tid=1200890 inv=5 hid=e9c1dec2c6b43a7e depth=3 name=chip.run.runner_run.device_wall.graph_build ts=1779 dur=5931040 clk=dev
[mono_ns=7232763099254521][T0xf6698626b020][TIMING] emit_host_span: [STRACE] v=1 pid=1200890 tid=1200890 inv=5 hid=e9c1dec2c6b43a7e depth=3 name=chip.run.runner_run.device_wall.config_validate ts=1859 dur=760 clk=dev
[mono_ns=7232763099257491][T0xf6698626b020][TIMING] emit_host_span: [STRACE] v=1 pid=1200890 tid=1200890 inv=5 hid=e9c1dec2c6b43a7e depth=3 name=chip.run.runner_run.device_wall.arena_wire ts=2780 dur=919 clk=dev
[mono_ns=7232763099261061][T0xf6698626b020][TIMING] emit_host_span: [STRACE] v=1 pid=1200890 tid=1200890 inv=5 hid=e9c1dec2c6b43a7e depth=3 name=chip.run.runner_run.device_wall.sm_reset ts=3740 dur=940 clk=dev
[mono_ns=7232763099263951][T0xf6698626b020][TIMING] emit_host_span: [STRACE] v=1 pid=1200890 tid=1200890 inv=5 hid=e9c1dec2c6b43a7e depth=3 name=chip.run.runner_run.device_wall.post_orch ts=5932840 dur=10780 clk=dev
[mono_ns=7232763099267472][T0xf6698626b020][TIMING] emit_host_span: [STRACE] v=1 pid=1200890 tid=1200890 inv=5 hid=e9c1dec2c6b43a7e depth=3 name=chip.run.runner_run.device_wall.orch ts=5460 dur=8660 clk=dev
[mono_ns=7232763099270962][T0xf6698626b020][TIMING] emit_host_span: [STRACE] v=1 pid=1200890 tid=1200890 inv=5 hid=e9c1dec2c6b43a7e depth=3 name=chip.run.runner_run.device_wall.sched ts=7060 dur=5918139 clk=dev
[mono_ns=7232763099289612][T0xf6698626b020][TIMING] emit_host_span: [STRACE] v=1 pid=1200890 tid=1200890 inv=5 hid=e9c1dec2c6b43a7e depth=1 name=chip.run.claim_release ts=7232763099287002 dur=490 
[mono_ns=7232763099294382][T0xf6698626b020][TIMING] emit_host_span: [STRACE] v=1 pid=1200890 tid=1200890 inv=5 hid=e9c1dec2c6b43a7e depth=0 name=chip.run ts=7232762990373362 dur=108918430 run_id=5 dispatch_id=5 slot_id=0 generation=5 run_epoch=5
[mono_ns=7232788196179778][T0xf66828f9aca0][ERROR] poll_and_collect_loop: [profiler_base.h:1283] ChipSwimlane collector idle timeout after 30 seconds — staying alive until execution completes
[mono_ns=7232788196157488][T0xf66829fbaca0][ERROR] poll_and_collect_loop: [profiler_base.h:1283] ChipSwimlane collector idle timeout after 30 seconds — staying alive until execution completes
[mono_ns=7232788197602449][T0xf668297aaca0][ERROR] poll_and_collect_loop: [profiler_base.h:1283] ChipSwimlane collector idle timeout after 30 seconds — staying alive until execution completes
[mono_ns=7232793110154003][T0xf667bf57cca0][ERROR] poll_and_collect_loop: [profiler_base.h:1283] DepGen collector idle timeout after 30 seconds — staying alive until execution completes
[mono_ns=7232932841908318][T0xf6698626b020][ERROR] file_barrier: [comm_hccl.cpp:218] [comm rank 7] file_barrier('alloc_0_release') timed out after 120s waiting for rank 4
[mono_ns=7232932841972068][T0xf6698626b020][WARN] comm_release_domain_windows: [comm_hccl.cpp:1520] [comm rank 7] release_domain: barrier timed out; releasing local state anyway
[mono_ns=7233058127047221][T0xf6698626b020][WARN] comm_destroy: [comm_hccl.cpp:1800] [comm rank 7] comm_destroy: final release failed during release wait for rank 7
