[mono_ns=7232752684093386][T0xf6698626b020][TIMING] emit_host_span: [STRACE] v=1 pid=1200878 tid=1200878 inv=1 hid=e9c1dec2c6b43a7e depth=2 name=chip.run.bind.args ts=7232752683936234 dur=149352 
[mono_ns=7232752684120027][T0xf6698626b020][TIMING] emit_host_span: [STRACE] v=1 pid=1200878 tid=1200878 inv=1 hid=e9c1dec2c6b43a7e depth=2 name=chip.run.bind.prebuilt ts=7232752684113907 dur=3390 
[mono_ns=7232752684125297][T0xf6698626b020][TIMING] emit_host_span: [STRACE] v=1 pid=1200878 tid=1200878 inv=1 hid=e9c1dec2c6b43a7e depth=1 name=chip.run.bind ts=7232752683511448 dur=611459 
[mono_ns=7232752800894194][T0xf6698626b020][TIMING] emit_host_span: [STRACE] v=1 pid=1200878 tid=1200878 inv=1 hid=e9c1dec2c6b43a7e depth=1 name=chip.run.runner_run ts=7232752684825247 dur=116059067 
[mono_ns=7232752801058267][T0xf6698626b020][TIMING] emit_host_span: [STRACE] v=1 pid=1200878 tid=1200878 inv=1 hid=e9c1dec2c6b43a7e depth=1 name=chip.run.validate ts=7232752800909224 dur=144162 
[mono_ns=7232752801070967][T0xf6698626b020][TIMING] emit_host_span: [STRACE] v=1 pid=1200878 tid=1200878 inv=1 hid=e9c1dec2c6b43a7e depth=2 name=chip.run.runner_run.device_wall ts=0 dur=540420 clk=dev
[mono_ns=7232752801075567][T0xf6698626b020][TIMING] emit_host_span: [STRACE] v=1 pid=1200878 tid=1200878 inv=1 hid=e9c1dec2c6b43a7e depth=3 name=chip.run.runner_run.device_wall.preamble ts=0 dur=161140 clk=dev
[mono_ns=7232752801080297][T0xf6698626b020][TIMING] emit_host_span: [STRACE] v=1 pid=1200878 tid=1200878 inv=1 hid=e9c1dec2c6b43a7e depth=3 name=chip.run.runner_run.device_wall.graph_build ts=35760 dur=484400 clk=dev
[mono_ns=7232752801084607][T0xf6698626b020][TIMING] emit_host_span: [STRACE] v=1 pid=1200878 tid=1200878 inv=1 hid=e9c1dec2c6b43a7e depth=3 name=chip.run.runner_run.device_wall.config_validate ts=39760 dur=3520 clk=dev
[mono_ns=7232752801087977][T0xf6698626b020][TIMING] emit_host_span: [STRACE] v=1 pid=1200878 tid=1200878 inv=1 hid=e9c1dec2c6b43a7e depth=3 name=chip.run.runner_run.device_wall.arena_wire ts=43320 dur=12040 clk=dev
[mono_ns=7232752801093177][T0xf6698626b020][TIMING] emit_host_span: [STRACE] v=1 pid=1200878 tid=1200878 inv=1 hid=e9c1dec2c6b43a7e depth=3 name=chip.run.runner_run.device_wall.sm_reset ts=55699 dur=18460 clk=dev
[mono_ns=7232752801100577][T0xf6698626b020][TIMING] emit_host_span: [STRACE] v=1 pid=1200878 tid=1200878 inv=1 hid=e9c1dec2c6b43a7e depth=3 name=chip.run.runner_run.device_wall.post_orch ts=520240 dur=16379 clk=dev
[mono_ns=7232752801105007][T0xf6698626b020][TIMING] emit_host_span: [STRACE] v=1 pid=1200878 tid=1200878 inv=1 hid=e9c1dec2c6b43a7e depth=3 name=chip.run.runner_run.device_wall.orch ts=79020 dur=43580 clk=dev
[mono_ns=7232752801109247][T0xf6698626b020][TIMING] emit_host_span: [STRACE] v=1 pid=1200878 tid=1200878 inv=1 hid=e9c1dec2c6b43a7e depth=3 name=chip.run.runner_run.device_wall.sched ts=162780 dur=335840 clk=dev
[mono_ns=7232752801115297][T0xf6698626b020][TIMING] emit_host_span: [STRACE] v=1 pid=1200878 tid=1200878 inv=1 hid=e9c1dec2c6b43a7e depth=1 name=chip.run.claim_release ts=7232752801112607 dur=900 
[mono_ns=7232752801122337][T0xf6698626b020][TIMING] emit_host_span: [STRACE] v=1 pid=1200878 tid=1200878 inv=1 hid=e9c1dec2c6b43a7e depth=0 name=chip.run ts=7232752683482407 dur=117637470 run_id=1 dispatch_id=1 slot_id=0 generation=1 run_epoch=1
[mono_ns=7232752808521559][T0xf6698626b020][TIMING] emit_host_span: [STRACE] v=1 pid=1200878 tid=1200878 inv=2 hid=e9c1dec2c6b43a7e depth=2 name=chip.run.bind.args ts=7232752808379577 dur=136282 
[mono_ns=7232752808540449][T0xf6698626b020][TIMING] emit_host_span: [STRACE] v=1 pid=1200878 tid=1200878 inv=2 hid=e9c1dec2c6b43a7e depth=2 name=chip.run.bind.prebuilt ts=7232752808534979 dur=3110 
[mono_ns=7232752808546689][T0xf6698626b020][TIMING] emit_host_span: [STRACE] v=1 pid=1200878 tid=1200878 inv=2 hid=e9c1dec2c6b43a7e depth=1 name=chip.run.bind ts=7232752808371647 dur=172362 
[mono_ns=7232752867786051][T0xf66828f9aca0][WARN] copy_aicore_buffer: [chip_swimlane_collector.cpp:689] Core 2: skipped 1024 AICore record slot(s) with start_time=0 (race-window write or recycled-buffer tail). buf seq=0 count=1024
[mono_ns=7232752867799321][T0xf668297aaca0][WARN] copy_aicore_buffer: [chip_swimlane_collector.cpp:689] Core 1: skipped 1024 AICore record slot(s) with start_time=0 (race-window write or recycled-buffer tail). buf seq=0 count=1024
[mono_ns=7232752867816601][T0xf66829fbaca0][WARN] copy_aicore_buffer: [chip_swimlane_collector.cpp:689] Core 0: skipped 1024 AICore record slot(s) with start_time=0 (race-window write or recycled-buffer tail). buf seq=0 count=1024
[mono_ns=7232752868153046][T0xf66828f9aca0][WARN] copy_aicore_buffer: [chip_swimlane_collector.cpp:689] Core 28: skipped 1023 AICore record slot(s) with start_time=0 (race-window write or recycled-buffer tail). buf seq=0 count=1024
[mono_ns=7232752868161236][T0xf668297aaca0][WARN] copy_aicore_buffer: [chip_swimlane_collector.cpp:689] Core 26: skipped 1022 AICore record slot(s) with start_time=0 (race-window write or recycled-buffer tail). buf seq=0 count=1024
[mono_ns=7232752868170876][T0xf66829fbaca0][WARN] copy_aicore_buffer: [chip_swimlane_collector.cpp:689] Core 24: skipped 1024 AICore record slot(s) with start_time=0 (race-window write or recycled-buffer tail). buf seq=0 count=1024
[mono_ns=7232752868491221][T0xf66828f9aca0][WARN] copy_aicore_buffer: [chip_swimlane_collector.cpp:689] Core 29: skipped 1024 AICore record slot(s) with start_time=0 (race-window write or recycled-buffer tail). buf seq=0 count=1024
[mono_ns=7232752868499981][T0xf668297aaca0][WARN] copy_aicore_buffer: [chip_swimlane_collector.cpp:689] Core 27: skipped 1024 AICore record slot(s) with start_time=0 (race-window write or recycled-buffer tail). buf seq=0 count=1024
[mono_ns=7232752868508382][T0xf66829fbaca0][WARN] copy_aicore_buffer: [chip_swimlane_collector.cpp:689] Core 25: skipped 1024 AICore record slot(s) with start_time=0 (race-window write or recycled-buffer tail). buf seq=0 count=1024
[mono_ns=7232752868950398][T0xf66828f9aca0][WARN] copy_aicore_buffer: [chip_swimlane_collector.cpp:689] Core 5: skipped 1024 AICore record slot(s) with start_time=0 (race-window write or recycled-buffer tail). buf seq=0 count=1024
[mono_ns=7232752868951838][T0xf66829fbaca0][WARN] copy_aicore_buffer: [chip_swimlane_collector.cpp:689] Core 3: skipped 1024 AICore record slot(s) with start_time=0 (race-window write or recycled-buffer tail). buf seq=0 count=1024
[mono_ns=7232752868957918][T0xf668297aaca0][WARN] copy_aicore_buffer: [chip_swimlane_collector.cpp:689] Core 4: skipped 1024 AICore record slot(s) with start_time=0 (race-window write or recycled-buffer tail). buf seq=0 count=1024
[mono_ns=7232752869319124][T0xf66829fbaca0][WARN] copy_aicore_buffer: [chip_swimlane_collector.cpp:689] Core 30: skipped 1024 AICore record slot(s) with start_time=0 (race-window write or recycled-buffer tail). buf seq=0 count=1024
[mono_ns=7232752869326174][T0xf66828f9aca0][WARN] copy_aicore_buffer: [chip_swimlane_collector.cpp:689] Core 34: skipped 1024 AICore record slot(s) with start_time=0 (race-window write or recycled-buffer tail). buf seq=0 count=1024
[mono_ns=7232752869340994][T0xf668297aaca0][WARN] copy_aicore_buffer: [chip_swimlane_collector.cpp:689] Core 32: skipped 1024 AICore record slot(s) with start_time=0 (race-window write or recycled-buffer tail). buf seq=0 count=1024
[mono_ns=7232752869676049][T0xf66829fbaca0][WARN] copy_aicore_buffer: [chip_swimlane_collector.cpp:689] Core 31: skipped 1024 AICore record slot(s) with start_time=0 (race-window write or recycled-buffer tail). buf seq=0 count=1024
[mono_ns=7232752869688879][T0xf66828f9aca0][WARN] copy_aicore_buffer: [chip_swimlane_collector.cpp:689] Core 35: skipped 1024 AICore record slot(s) with start_time=0 (race-window write or recycled-buffer tail). buf seq=0 count=1024
[mono_ns=7232752869712290][T0xf668297aaca0][WARN] copy_aicore_buffer: [chip_swimlane_collector.cpp:689] Core 33: skipped 1024 AICore record slot(s) with start_time=0 (race-window write or recycled-buffer tail). buf seq=0 count=1024
[mono_ns=7232752870037635][T0xf66829fbaca0][WARN] copy_aicore_buffer: [chip_swimlane_collector.cpp:689] Core 6: skipped 1024 AICore record slot(s) with start_time=0 (race-window write or recycled-buffer tail). buf seq=0 count=1024
[mono_ns=7232752870043675][T0xf66828f9aca0][WARN] copy_aicore_buffer: [chip_swimlane_collector.cpp:689] Core 8: skipped 1024 AICore record slot(s) with start_time=0 (race-window write or recycled-buffer tail). buf seq=0 count=1024
[mono_ns=7232752870063795][T0xf668297aaca0][WARN] copy_aicore_buffer: [chip_swimlane_collector.cpp:689] Core 7: skipped 1024 AICore record slot(s) with start_time=0 (race-window write or recycled-buffer tail). buf seq=0 count=1024
[mono_ns=7232752870390580][T0xf66829fbaca0][WARN] copy_aicore_buffer: [chip_swimlane_collector.cpp:689] Core 36: skipped 1024 AICore record slot(s) with start_time=0 (race-window write or recycled-buffer tail). buf seq=0 count=1024
[mono_ns=7232752870403100][T0xf66828f9aca0][WARN] copy_aicore_buffer: [chip_swimlane_collector.cpp:689] Core 40: skipped 1024 AICore record slot(s) with start_time=0 (race-window write or recycled-buffer tail). buf seq=0 count=1024
[mono_ns=7232752870413900][T0xf668297aaca0][WARN] copy_aicore_buffer: [chip_swimlane_collector.cpp:689] Core 38: skipped 1024 AICore record slot(s) with start_time=0 (race-window write or recycled-buffer tail). buf seq=0 count=1024
[mono_ns=7232752870739735][T0xf66829fbaca0][WARN] copy_aicore_buffer: [chip_swimlane_collector.cpp:689] Core 37: skipped 1024 AICore record slot(s) with start_time=0 (race-window write or recycled-buffer tail). buf seq=0 count=1024
[mono_ns=7232752870756525][T0xf66828f9aca0][WARN] copy_aicore_buffer: [chip_swimlane_collector.cpp:689] Core 41: skipped 1024 AICore record slot(s) with start_time=0 (race-window write or recycled-buffer tail). buf seq=0 count=1024
[mono_ns=7232752870762445][T0xf668297aaca0][WARN] copy_aicore_buffer: [chip_swimlane_collector.cpp:689] Core 39: skipped 1024 AICore record slot(s) with start_time=0 (race-window write or recycled-buffer tail). buf seq=0 count=1024
[mono_ns=7232752871093460][T0xf66829fbaca0][WARN] copy_aicore_buffer: [chip_swimlane_collector.cpp:689] Core 9: skipped 1024 AICore record slot(s) with start_time=0 (race-window write or recycled-buffer tail). buf seq=0 count=1024
[mono_ns=7232752871109431][T0xf66828f9aca0][WARN] copy_aicore_buffer: [chip_swimlane_collector.cpp:689] Core 11: skipped 1024 AICore record slot(s) with start_time=0 (race-window write or recycled-buffer tail). buf seq=0 count=1024
[mono_ns=7232752871124721][T0xf668297aaca0][WARN] copy_aicore_buffer: [chip_swimlane_collector.cpp:689] Core 10: skipped 1024 AICore record slot(s) with start_time=0 (race-window write or recycled-buffer tail). buf seq=0 count=1024
[mono_ns=7232752871431826][T0xf66829fbaca0][WARN] copy_aicore_buffer: [chip_swimlane_collector.cpp:689] Core 42: skipped 1024 AICore record slot(s) with start_time=0 (race-window write or recycled-buffer tail). buf seq=0 count=1024
[mono_ns=7232752871444616][T0xf66828f9aca0][WARN] copy_aicore_buffer: [chip_swimlane_collector.cpp:689] Core 46: skipped 1024 AICore record slot(s) with start_time=0 (race-window write or recycled-buffer tail). buf seq=0 count=1024
[mono_ns=7232752871476106][T0xf668297aaca0][WARN] copy_aicore_buffer: [chip_swimlane_collector.cpp:689] Core 44: skipped 1024 AICore record slot(s) with start_time=0 (race-window write or recycled-buffer tail). buf seq=0 count=1024
[mono_ns=7232752871787211][T0xf66828f9aca0][WARN] copy_aicore_buffer: [chip_swimlane_collector.cpp:689] Core 47: skipped 1024 AICore record slot(s) with start_time=0 (race-window write or recycled-buffer tail). buf seq=0 count=1024
[mono_ns=7232752871799741][T0xf66829fbaca0][WARN] copy_aicore_buffer: [chip_swimlane_collector.cpp:689] Core 43: skipped 1024 AICore record slot(s) with start_time=0 (race-window write or recycled-buffer tail). buf seq=0 count=1024
[mono_ns=7232752871826591][T0xf668297aaca0][WARN] copy_aicore_buffer: [chip_swimlane_collector.cpp:689] Core 45: skipped 1024 AICore record slot(s) with start_time=0 (race-window write or recycled-buffer tail). buf seq=0 count=1024
[mono_ns=7232752872139886][T0xf66828f9aca0][WARN] copy_aicore_buffer: [chip_swimlane_collector.cpp:689] Core 14: skipped 1024 AICore record slot(s) with start_time=0 (race-window write or recycled-buffer tail). buf seq=0 count=1024
[mono_ns=7232752872149206][T0xf66829fbaca0][WARN] copy_aicore_buffer: [chip_swimlane_collector.cpp:689] Core 12: skipped 1024 AICore record slot(s) with start_time=0 (race-window write or recycled-buffer tail). buf seq=0 count=1024
[mono_ns=7232752872175807][T0xf668297aaca0][WARN] copy_aicore_buffer: [chip_swimlane_collector.cpp:689] Core 13: skipped 1024 AICore record slot(s) with start_time=0 (race-window write or recycled-buffer tail). buf seq=0 count=1024
[mono_ns=7232752872482881][T0xf66828f9aca0][WARN] copy_aicore_buffer: [chip_swimlane_collector.cpp:689] Core 52: skipped 1024 AICore record slot(s) with start_time=0 (race-window write or recycled-buffer tail). buf seq=0 count=1024
[mono_ns=7232752872493172][T0xf66829fbaca0][WARN] copy_aicore_buffer: [chip_swimlane_collector.cpp:689] Core 48: skipped 1024 AICore record slot(s) with start_time=0 (race-window write or recycled-buffer tail). buf seq=0 count=1024
[mono_ns=7232752872532982][T0xf668297aaca0][WARN] copy_aicore_buffer: [chip_swimlane_collector.cpp:689] Core 50: skipped 1024 AICore record slot(s) with start_time=0 (race-window write or recycled-buffer tail). buf seq=0 count=1024
[mono_ns=7232752872827127][T0xf66828f9aca0][WARN] copy_aicore_buffer: [chip_swimlane_collector.cpp:689] Core 53: skipped 1024 AICore record slot(s) with start_time=0 (race-window write or recycled-buffer tail). buf seq=0 count=1024
[mono_ns=7232752872849737][T0xf66829fbaca0][WARN] copy_aicore_buffer: [chip_swimlane_collector.cpp:689] Core 49: skipped 1024 AICore record slot(s) with start_time=0 (race-window write or recycled-buffer tail). buf seq=0 count=1024
[mono_ns=7232752872882387][T0xf668297aaca0][WARN] copy_aicore_buffer: [chip_swimlane_collector.cpp:689] Core 51: skipped 1024 AICore record slot(s) with start_time=0 (race-window write or recycled-buffer tail). buf seq=0 count=1024
[mono_ns=7232752873181032][T0xf66828f9aca0][WARN] copy_aicore_buffer: [chip_swimlane_collector.cpp:689] Core 17: skipped 1024 AICore record slot(s) with start_time=0 (race-window write or recycled-buffer tail). buf seq=0 count=1024
[mono_ns=7232752873203972][T0xf66829fbaca0][WARN] copy_aicore_buffer: [chip_swimlane_collector.cpp:689] Core 15: skipped 1024 AICore record slot(s) with start_time=0 (race-window write or recycled-buffer tail). buf seq=0 count=1024
[mono_ns=7232752873244673][T0xf668297aaca0][WARN] copy_aicore_buffer: [chip_swimlane_collector.cpp:689] Core 16: skipped 1024 AICore record slot(s) with start_time=0 (race-window write or recycled-buffer tail). buf seq=0 count=1024
[mono_ns=7232752873528817][T0xf66828f9aca0][WARN] copy_aicore_buffer: [chip_swimlane_collector.cpp:689] Core 58: skipped 1024 AICore record slot(s) with start_time=0 (race-window write or recycled-buffer tail). buf seq=0 count=1024
[mono_ns=7232752873547937][T0xf66829fbaca0][WARN] copy_aicore_buffer: [chip_swimlane_collector.cpp:689] Core 54: skipped 1024 AICore record slot(s) with start_time=0 (race-window write or recycled-buffer tail). buf seq=0 count=1024
[mono_ns=7232752873593138][T0xf668297aaca0][WARN] copy_aicore_buffer: [chip_swimlane_collector.cpp:689] Core 56: skipped 1024 AICore record slot(s) with start_time=0 (race-window write or recycled-buffer tail). buf seq=0 count=1024
[mono_ns=7232752873878182][T0xf66828f9aca0][WARN] copy_aicore_buffer: [chip_swimlane_collector.cpp:689] Core 59: skipped 1024 AICore record slot(s) with start_time=0 (race-window write or recycled-buffer tail). buf seq=0 count=1024
[mono_ns=7232752873886882][T0xf66829fbaca0][WARN] copy_aicore_buffer: [chip_swimlane_collector.cpp:689] Core 55: skipped 1024 AICore record slot(s) with start_time=0 (race-window write or recycled-buffer tail). buf seq=0 count=1024
[mono_ns=7232752873938943][T0xf668297aaca0][WARN] copy_aicore_buffer: [chip_swimlane_collector.cpp:689] Core 57: skipped 1024 AICore record slot(s) with start_time=0 (race-window write or recycled-buffer tail). buf seq=0 count=1024
[mono_ns=7232752874228978][T0xf66828f9aca0][WARN] copy_aicore_buffer: [chip_swimlane_collector.cpp:689] Core 20: skipped 1024 AICore record slot(s) with start_time=0 (race-window write or recycled-buffer tail). buf seq=0 count=1024
[mono_ns=7232752874236068][T0xf66829fbaca0][WARN] copy_aicore_buffer: [chip_swimlane_collector.cpp:689] Core 18: skipped 1024 AICore record slot(s) with start_time=0 (race-window write or recycled-buffer tail). buf seq=0 count=1024
[mono_ns=7232752874291599][T0xf668297aaca0][WARN] copy_aicore_buffer: [chip_swimlane_collector.cpp:689] Core 19: skipped 1024 AICore record slot(s) with start_time=0 (race-window write or recycled-buffer tail). buf seq=0 count=1024
[mono_ns=7232752874578743][T0xf66828f9aca0][WARN] copy_aicore_buffer: [chip_swimlane_collector.cpp:689] Core 64: skipped 1024 AICore record slot(s) with start_time=0 (race-window write or recycled-buffer tail). buf seq=0 count=1024
[mono_ns=7232752874593503][T0xf66829fbaca0][WARN] copy_aicore_buffer: [chip_swimlane_collector.cpp:689] Core 60: skipped 1024 AICore record slot(s) with start_time=0 (race-window write or recycled-buffer tail). buf seq=0 count=1024
[mono_ns=7232752874632934][T0xf668297aaca0][WARN] copy_aicore_buffer: [chip_swimlane_collector.cpp:689] Core 62: skipped 1024 AICore record slot(s) with start_time=0 (race-window write or recycled-buffer tail). buf seq=0 count=1024
[mono_ns=7232752874928908][T0xf66828f9aca0][WARN] copy_aicore_buffer: [chip_swimlane_collector.cpp:689] Core 65: skipped 1024 AICore record slot(s) with start_time=0 (race-window write or recycled-buffer tail). buf seq=0 count=1024
[mono_ns=7232752874940398][T0xf66829fbaca0][WARN] copy_aicore_buffer: [chip_swimlane_collector.cpp:689] Core 61: skipped 1024 AICore record slot(s) with start_time=0 (race-window write or recycled-buffer tail). buf seq=0 count=1024
[mono_ns=7232752874974669][T0xf668297aaca0][WARN] copy_aicore_buffer: [chip_swimlane_collector.cpp:689] Core 63: skipped 1024 AICore record slot(s) with start_time=0 (race-window write or recycled-buffer tail). buf seq=0 count=1024
[mono_ns=7232752875278353][T0xf66828f9aca0][WARN] copy_aicore_buffer: [chip_swimlane_collector.cpp:689] Core 23: skipped 1024 AICore record slot(s) with start_time=0 (race-window write or recycled-buffer tail). buf seq=0 count=1024
[mono_ns=7232752875302024][T0xf66829fbaca0][WARN] copy_aicore_buffer: [chip_swimlane_collector.cpp:689] Core 21: skipped 1024 AICore record slot(s) with start_time=0 (race-window write or recycled-buffer tail). buf seq=0 count=1024
[mono_ns=7232752875332214][T0xf668297aaca0][WARN] copy_aicore_buffer: [chip_swimlane_collector.cpp:689] Core 22: skipped 1024 AICore record slot(s) with start_time=0 (race-window write or recycled-buffer tail). buf seq=0 count=1024
[mono_ns=7232752875622329][T0xf66828f9aca0][WARN] copy_aicore_buffer: [chip_swimlane_collector.cpp:689] Core 70: skipped 1024 AICore record slot(s) with start_time=0 (race-window write or recycled-buffer tail). buf seq=0 count=1024
[mono_ns=7232752875665849][T0xf66829fbaca0][WARN] copy_aicore_buffer: [chip_swimlane_collector.cpp:689] Core 66: skipped 1024 AICore record slot(s) with start_time=0 (race-window write or recycled-buffer tail). buf seq=0 count=1024
[mono_ns=7232752875669699][T0xf668297aaca0][WARN] copy_aicore_buffer: [chip_swimlane_collector.cpp:689] Core 68: skipped 1024 AICore record slot(s) with start_time=0 (race-window write or recycled-buffer tail). buf seq=0 count=1024
[mono_ns=7232752875964354][T0xf66828f9aca0][WARN] copy_aicore_buffer: [chip_swimlane_collector.cpp:689] Core 71: skipped 1024 AICore record slot(s) with start_time=0 (race-window write or recycled-buffer tail). buf seq=0 count=1024
[mono_ns=7232752876008094][T0xf668297aaca0][WARN] copy_aicore_buffer: [chip_swimlane_collector.cpp:689] Core 69: skipped 1024 AICore record slot(s) with start_time=0 (race-window write or recycled-buffer tail). buf seq=0 count=1024
[mono_ns=7232752876015315][T0xf66829fbaca0][WARN] copy_aicore_buffer: [chip_swimlane_collector.cpp:689] Core 67: skipped 1024 AICore record slot(s) with start_time=0 (race-window write or recycled-buffer tail). buf seq=0 count=1024
[mono_ns=7232752976558968][T0xf6698626b020][TIMING] emit_host_span: [STRACE] v=1 pid=1200878 tid=1200878 inv=2 hid=e9c1dec2c6b43a7e depth=1 name=chip.run.runner_run ts=7232752863623588 dur=112928629 
[mono_ns=7232752976664719][T0xf6698626b020][TIMING] emit_host_span: [STRACE] v=1 pid=1200878 tid=1200878 inv=2 hid=e9c1dec2c6b43a7e depth=1 name=chip.run.validate ts=7232752976571938 dur=89081 
[mono_ns=7232752976676239][T0xf6698626b020][TIMING] emit_host_span: [STRACE] v=1 pid=1200878 tid=1200878 inv=2 hid=e9c1dec2c6b43a7e depth=2 name=chip.run.runner_run.device_wall ts=0 dur=2299340 clk=dev
[mono_ns=7232752976680899][T0xf6698626b020][TIMING] emit_host_span: [STRACE] v=1 pid=1200878 tid=1200878 inv=2 hid=e9c1dec2c6b43a7e depth=3 name=chip.run.runner_run.device_wall.preamble ts=0 dur=135140 clk=dev
[mono_ns=7232752976685669][T0xf6698626b020][TIMING] emit_host_span: [STRACE] v=1 pid=1200878 tid=1200878 inv=2 hid=e9c1dec2c6b43a7e depth=3 name=chip.run.runner_run.device_wall.graph_build ts=129560 dur=2159980 clk=dev
[mono_ns=7232752976691610][T0xf6698626b020][TIMING] emit_host_span: [STRACE] v=1 pid=1200878 tid=1200878 inv=2 hid=e9c1dec2c6b43a7e depth=3 name=chip.run.runner_run.device_wall.config_validate ts=129700 dur=940 clk=dev
[mono_ns=7232752976697440][T0xf6698626b020][TIMING] emit_host_span: [STRACE] v=1 pid=1200878 tid=1200878 inv=2 hid=e9c1dec2c6b43a7e depth=3 name=chip.run.runner_run.device_wall.arena_wire ts=130660 dur=560 clk=dev
[mono_ns=7232752976701960][T0xf6698626b020][TIMING] emit_host_span: [STRACE] v=1 pid=1200878 tid=1200878 inv=2 hid=e9c1dec2c6b43a7e depth=3 name=chip.run.runner_run.device_wall.sm_reset ts=131260 dur=1040 clk=dev
[mono_ns=7232752976708640][T0xf6698626b020][TIMING] emit_host_span: [STRACE] v=1 pid=1200878 tid=1200878 inv=2 hid=e9c1dec2c6b43a7e depth=3 name=chip.run.runner_run.device_wall.post_orch ts=2289680 dur=9480 clk=dev
[mono_ns=7232752976714830][T0xf6698626b020][TIMING] emit_host_span: [STRACE] v=1 pid=1200878 tid=1200878 inv=2 hid=e9c1dec2c6b43a7e depth=3 name=chip.run.runner_run.device_wall.orch ts=132380 dur=4480 clk=dev
[mono_ns=7232752976723940][T0xf6698626b020][TIMING] emit_host_span: [STRACE] v=1 pid=1200878 tid=1200878 inv=2 hid=e9c1dec2c6b43a7e depth=3 name=chip.run.runner_run.device_wall.sched ts=135380 dur=2128040 clk=dev
[mono_ns=7232752976729890][T0xf6698626b020][TIMING] emit_host_span: [STRACE] v=1 pid=1200878 tid=1200878 inv=2 hid=e9c1dec2c6b43a7e depth=1 name=chip.run.claim_release ts=7232752976727290 dur=640 
[mono_ns=7232752976735410][T0xf6698626b020][TIMING] emit_host_span: [STRACE] v=1 pid=1200878 tid=1200878 inv=2 hid=e9c1dec2c6b43a7e depth=0 name=chip.run ts=7232752808343846 dur=168389624 run_id=2 dispatch_id=2 slot_id=0 generation=2 run_epoch=2
[mono_ns=7232757832303340][T0xf6698626b020][TIMING] emit_host_span: [STRACE] v=1 pid=1200878 tid=1200878 inv=3 hid=e9c1dec2c6b43a7e depth=2 name=chip.run.bind.args ts=7232757831944854 dur=324745 
[mono_ns=7232757832410031][T0xf6698626b020][TIMING] emit_host_span: [STRACE] v=1 pid=1200878 tid=1200878 inv=3 hid=e9c1dec2c6b43a7e depth=2 name=chip.run.bind.prebuilt ts=7232757832377131 dur=29540 
[mono_ns=7232757832431442][T0xf6698626b020][TIMING] emit_host_span: [STRACE] v=1 pid=1200878 tid=1200878 inv=3 hid=e9c1dec2c6b43a7e depth=1 name=chip.run.bind ts=7232757831931804 dur=497088 
[mono_ns=7232758060297781][T0xf6698626b020][TIMING] emit_host_span: [STRACE] v=1 pid=1200878 tid=1200878 inv=3 hid=e9c1dec2c6b43a7e depth=1 name=chip.run.runner_run ts=7232757833552009 dur=226729572 
[mono_ns=7232758060450223][T0xf6698626b020][TIMING] emit_host_span: [STRACE] v=1 pid=1200878 tid=1200878 inv=3 hid=e9c1dec2c6b43a7e depth=1 name=chip.run.validate ts=7232758060313261 dur=131922 
[mono_ns=7232758060462554][T0xf6698626b020][TIMING] emit_host_span: [STRACE] v=1 pid=1200878 tid=1200878 inv=3 hid=e9c1dec2c6b43a7e depth=2 name=chip.run.runner_run.device_wall ts=0 dur=401320 clk=dev
[mono_ns=7232758060466924][T0xf6698626b020][TIMING] emit_host_span: [STRACE] v=1 pid=1200878 tid=1200878 inv=3 hid=e9c1dec2c6b43a7e depth=3 name=chip.run.runner_run.device_wall.preamble ts=0 dur=6540 clk=dev
[mono_ns=7232758060471244][T0xf6698626b020][TIMING] emit_host_span: [STRACE] v=1 pid=1200878 tid=1200878 inv=3 hid=e9c1dec2c6b43a7e depth=3 name=chip.run.runner_run.device_wall.graph_build ts=1619 dur=388740 clk=dev
[mono_ns=7232758060475414][T0xf6698626b020][TIMING] emit_host_span: [STRACE] v=1 pid=1200878 tid=1200878 inv=3 hid=e9c1dec2c6b43a7e depth=3 name=chip.run.runner_run.device_wall.config_validate ts=1960 dur=1160 clk=dev
[mono_ns=7232758060479384][T0xf6698626b020][TIMING] emit_host_span: [STRACE] v=1 pid=1200878 tid=1200878 inv=3 hid=e9c1dec2c6b43a7e depth=3 name=chip.run.runner_run.device_wall.arena_wire ts=3140 dur=760 clk=dev
[mono_ns=7232758060503684][T0xf6698626b020][TIMING] emit_host_span: [STRACE] v=1 pid=1200878 tid=1200878 inv=3 hid=e9c1dec2c6b43a7e depth=3 name=chip.run.runner_run.device_wall.sm_reset ts=3920 dur=1799 clk=dev
[mono_ns=7232758060507614][T0xf6698626b020][TIMING] emit_host_span: [STRACE] v=1 pid=1200878 tid=1200878 inv=3 hid=e9c1dec2c6b43a7e depth=3 name=chip.run.runner_run.device_wall.post_orch ts=390420 dur=10740 clk=dev
[mono_ns=7232758060510714][T0xf6698626b020][TIMING] emit_host_span: [STRACE] v=1 pid=1200878 tid=1200878 inv=3 hid=e9c1dec2c6b43a7e depth=3 name=chip.run.runner_run.device_wall.orch ts=6560 dur=11580 clk=dev
[mono_ns=7232758060514314][T0xf6698626b020][TIMING] emit_host_span: [STRACE] v=1 pid=1200878 tid=1200878 inv=3 hid=e9c1dec2c6b43a7e depth=3 name=chip.run.runner_run.device_wall.sched ts=7020 dur=375100 clk=dev
[mono_ns=7232758060520334][T0xf6698626b020][TIMING] emit_host_span: [STRACE] v=1 pid=1200878 tid=1200878 inv=3 hid=e9c1dec2c6b43a7e depth=1 name=chip.run.claim_release ts=7232758060517934 dur=650 
[mono_ns=7232758060525794][T0xf6698626b020][TIMING] emit_host_span: [STRACE] v=1 pid=1200878 tid=1200878 inv=3 hid=e9c1dec2c6b43a7e depth=0 name=chip.run ts=7232757831129002 dur=229394702 run_id=3 dispatch_id=3 slot_id=0 generation=3 run_epoch=3
[mono_ns=7232758066901600][T0xf6698626b020][TIMING] emit_host_span: [STRACE] v=1 pid=1200878 tid=1200878 inv=4 hid=e9c1dec2c6b43a7e depth=2 name=chip.run.bind.args ts=7232758066754208 dur=140792 
[mono_ns=7232758066922850][T0xf6698626b020][TIMING] emit_host_span: [STRACE] v=1 pid=1200878 tid=1200878 inv=4 hid=e9c1dec2c6b43a7e depth=2 name=chip.run.bind.prebuilt ts=7232758066916690 dur=3620 
[mono_ns=7232758066968051][T0xf6698626b020][TIMING] emit_host_span: [STRACE] v=1 pid=1200878 tid=1200878 inv=4 hid=e9c1dec2c6b43a7e depth=1 name=chip.run.bind ts=7232758066742097 dur=222994 
[mono_ns=7232758070028547][T0xf668297aaca0][WARN] copy_aicore_buffer: [chip_swimlane_collector.cpp:689] Core 1: skipped 1024 AICore record slot(s) with start_time=0 (race-window write or recycled-buffer tail). buf seq=0 count=1024
[mono_ns=7232758070034407][T0xf66828f9aca0][WARN] copy_aicore_buffer: [chip_swimlane_collector.cpp:689] Core 2: skipped 1024 AICore record slot(s) with start_time=0 (race-window write or recycled-buffer tail). buf seq=0 count=1024
[mono_ns=7232758070059637][T0xf66829fbaca0][WARN] copy_aicore_buffer: [chip_swimlane_collector.cpp:689] Core 0: skipped 1024 AICore record slot(s) with start_time=0 (race-window write or recycled-buffer tail). buf seq=0 count=1024
[mono_ns=7232758070376582][T0xf66828f9aca0][WARN] copy_aicore_buffer: [chip_swimlane_collector.cpp:689] Core 28: skipped 1023 AICore record slot(s) with start_time=0 (race-window write or recycled-buffer tail). buf seq=0 count=1024
[mono_ns=7232758070386452][T0xf66829fbaca0][WARN] copy_aicore_buffer: [chip_swimlane_collector.cpp:689] Core 24: skipped 1024 AICore record slot(s) with start_time=0 (race-window write or recycled-buffer tail). buf seq=0 count=1024
[mono_ns=7232758070405002][T0xf668297aaca0][WARN] copy_aicore_buffer: [chip_swimlane_collector.cpp:689] Core 26: skipped 1022 AICore record slot(s) with start_time=0 (race-window write or recycled-buffer tail). buf seq=0 count=1024
[mono_ns=7232758070706147][T0xf66828f9aca0][WARN] copy_aicore_buffer: [chip_swimlane_collector.cpp:689] Core 29: skipped 1024 AICore record slot(s) with start_time=0 (race-window write or recycled-buffer tail). buf seq=0 count=1024
[mono_ns=7232758070713927][T0xf66829fbaca0][WARN] copy_aicore_buffer: [chip_swimlane_collector.cpp:689] Core 25: skipped 1024 AICore record slot(s) with start_time=0 (race-window write or recycled-buffer tail). buf seq=0 count=1024
[mono_ns=7232758070787478][T0xf668297aaca0][WARN] copy_aicore_buffer: [chip_swimlane_collector.cpp:689] Core 27: skipped 1024 AICore record slot(s) with start_time=0 (race-window write or recycled-buffer tail). buf seq=0 count=1024
[mono_ns=7232758071041432][T0xf66828f9aca0][WARN] copy_aicore_buffer: [chip_swimlane_collector.cpp:689] Core 5: skipped 1024 AICore record slot(s) with start_time=0 (race-window write or recycled-buffer tail). buf seq=0 count=1024
[mono_ns=7232758071052192][T0xf66829fbaca0][WARN] copy_aicore_buffer: [chip_swimlane_collector.cpp:689] Core 3: skipped 1024 AICore record slot(s) with start_time=0 (race-window write or recycled-buffer tail). buf seq=0 count=1024
[mono_ns=7232758071124003][T0xf668297aaca0][WARN] copy_aicore_buffer: [chip_swimlane_collector.cpp:689] Core 4: skipped 1024 AICore record slot(s) with start_time=0 (race-window write or recycled-buffer tail). buf seq=0 count=1024
[mono_ns=7232758071369167][T0xf66828f9aca0][WARN] copy_aicore_buffer: [chip_swimlane_collector.cpp:689] Core 34: skipped 1024 AICore record slot(s) with start_time=0 (race-window write or recycled-buffer tail). buf seq=0 count=1024
[mono_ns=7232758071374787][T0xf66829fbaca0][WARN] copy_aicore_buffer: [chip_swimlane_collector.cpp:689] Core 30: skipped 1024 AICore record slot(s) with start_time=0 (race-window write or recycled-buffer tail). buf seq=0 count=1024
[mono_ns=7232758071454528][T0xf668297aaca0][WARN] copy_aicore_buffer: [chip_swimlane_collector.cpp:689] Core 32: skipped 1024 AICore record slot(s) with start_time=0 (race-window write or recycled-buffer tail). buf seq=0 count=1024
[mono_ns=7232758071695532][T0xf66828f9aca0][WARN] copy_aicore_buffer: [chip_swimlane_collector.cpp:689] Core 35: skipped 1024 AICore record slot(s) with start_time=0 (race-window write or recycled-buffer tail). buf seq=0 count=1024
[mono_ns=7232758071740552][T0xf66829fbaca0][WARN] copy_aicore_buffer: [chip_swimlane_collector.cpp:689] Core 31: skipped 1024 AICore record slot(s) with start_time=0 (race-window write or recycled-buffer tail). buf seq=0 count=1024
[mono_ns=7232758071782083][T0xf668297aaca0][WARN] copy_aicore_buffer: [chip_swimlane_collector.cpp:689] Core 33: skipped 1024 AICore record slot(s) with start_time=0 (race-window write or recycled-buffer tail). buf seq=0 count=1024
[mono_ns=7232758072032547][T0xf66828f9aca0][WARN] copy_aicore_buffer: [chip_swimlane_collector.cpp:689] Core 8: skipped 1024 AICore record slot(s) with start_time=0 (race-window write or recycled-buffer tail). buf seq=0 count=1024
[mono_ns=7232758072080177][T0xf66829fbaca0][WARN] copy_aicore_buffer: [chip_swimlane_collector.cpp:689] Core 6: skipped 1024 AICore record slot(s) with start_time=0 (race-window write or recycled-buffer tail). buf seq=0 count=1024
[mono_ns=7232758072121378][T0xf668297aaca0][WARN] copy_aicore_buffer: [chip_swimlane_collector.cpp:689] Core 7: skipped 1024 AICore record slot(s) with start_time=0 (race-window write or recycled-buffer tail). buf seq=0 count=1024
[mono_ns=7232758072359162][T0xf66828f9aca0][WARN] copy_aicore_buffer: [chip_swimlane_collector.cpp:689] Core 40: skipped 1024 AICore record slot(s) with start_time=0 (race-window write or recycled-buffer tail). buf seq=0 count=1024
[mono_ns=7232758072410162][T0xf66829fbaca0][WARN] copy_aicore_buffer: [chip_swimlane_collector.cpp:689] Core 36: skipped 1024 AICore record slot(s) with start_time=0 (race-window write or recycled-buffer tail). buf seq=0 count=1024
[mono_ns=7232758072448683][T0xf668297aaca0][WARN] copy_aicore_buffer: [chip_swimlane_collector.cpp:689] Core 38: skipped 1024 AICore record slot(s) with start_time=0 (race-window write or recycled-buffer tail). buf seq=0 count=1024
[mono_ns=7232758072709447][T0xf66828f9aca0][WARN] copy_aicore_buffer: [chip_swimlane_collector.cpp:689] Core 41: skipped 1024 AICore record slot(s) with start_time=0 (race-window write or recycled-buffer tail). buf seq=0 count=1024
[mono_ns=7232758072737507][T0xf66829fbaca0][WARN] copy_aicore_buffer: [chip_swimlane_collector.cpp:689] Core 37: skipped 1024 AICore record slot(s) with start_time=0 (race-window write or recycled-buffer tail). buf seq=0 count=1024
[mono_ns=7232758072777208][T0xf668297aaca0][WARN] copy_aicore_buffer: [chip_swimlane_collector.cpp:689] Core 39: skipped 1024 AICore record slot(s) with start_time=0 (race-window write or recycled-buffer tail). buf seq=0 count=1024
[mono_ns=7232758073041032][T0xf66828f9aca0][WARN] copy_aicore_buffer: [chip_swimlane_collector.cpp:689] Core 11: skipped 1024 AICore record slot(s) with start_time=0 (race-window write or recycled-buffer tail). buf seq=0 count=1024
[mono_ns=7232758073072902][T0xf66829fbaca0][WARN] copy_aicore_buffer: [chip_swimlane_collector.cpp:689] Core 9: skipped 1024 AICore record slot(s) with start_time=0 (race-window write or recycled-buffer tail). buf seq=0 count=1024
[mono_ns=7232758073114063][T0xf668297aaca0][WARN] copy_aicore_buffer: [chip_swimlane_collector.cpp:689] Core 10: skipped 1024 AICore record slot(s) with start_time=0 (race-window write or recycled-buffer tail). buf seq=0 count=1024
[mono_ns=7232758073379397][T0xf66828f9aca0][WARN] copy_aicore_buffer: [chip_swimlane_collector.cpp:689] Core 46: skipped 1024 AICore record slot(s) with start_time=0 (race-window write or recycled-buffer tail). buf seq=0 count=1024
[mono_ns=7232758073412807][T0xf66829fbaca0][WARN] copy_aicore_buffer: [chip_swimlane_collector.cpp:689] Core 42: skipped 1024 AICore record slot(s) with start_time=0 (race-window write or recycled-buffer tail). buf seq=0 count=1024
[mono_ns=7232758073466988][T0xf668297aaca0][WARN] copy_aicore_buffer: [chip_swimlane_collector.cpp:689] Core 44: skipped 1024 AICore record slot(s) with start_time=0 (race-window write or recycled-buffer tail). buf seq=0 count=1024
[mono_ns=7232758073768073][T0xf66828f9aca0][WARN] copy_aicore_buffer: [chip_swimlane_collector.cpp:689] Core 47: skipped 1024 AICore record slot(s) with start_time=0 (race-window write or recycled-buffer tail). buf seq=0 count=1024
[mono_ns=7232758073783183][T0xf66829fbaca0][WARN] copy_aicore_buffer: [chip_swimlane_collector.cpp:689] Core 43: skipped 1024 AICore record slot(s) with start_time=0 (race-window write or recycled-buffer tail). buf seq=0 count=1024
[mono_ns=7232758073819943][T0xf668297aaca0][WARN] copy_aicore_buffer: [chip_swimlane_collector.cpp:689] Core 45: skipped 1024 AICore record slot(s) with start_time=0 (race-window write or recycled-buffer tail). buf seq=0 count=1024
[mono_ns=7232758074119288][T0xf66828f9aca0][WARN] copy_aicore_buffer: [chip_swimlane_collector.cpp:689] Core 14: skipped 1024 AICore record slot(s) with start_time=0 (race-window write or recycled-buffer tail). buf seq=0 count=1024
[mono_ns=7232758074128088][T0xf66829fbaca0][WARN] copy_aicore_buffer: [chip_swimlane_collector.cpp:689] Core 12: skipped 1024 AICore record slot(s) with start_time=0 (race-window write or recycled-buffer tail). buf seq=0 count=1024
[mono_ns=7232758074171749][T0xf668297aaca0][WARN] copy_aicore_buffer: [chip_swimlane_collector.cpp:689] Core 13: skipped 1024 AICore record slot(s) with start_time=0 (race-window write or recycled-buffer tail). buf seq=0 count=1024
[mono_ns=7232758074497904][T0xf66829fbaca0][WARN] copy_aicore_buffer: [chip_swimlane_collector.cpp:689] Core 48: skipped 1024 AICore record slot(s) with start_time=0 (race-window write or recycled-buffer tail). buf seq=0 count=1024
[mono_ns=7232758074508594][T0xf66828f9aca0][WARN] copy_aicore_buffer: [chip_swimlane_collector.cpp:689] Core 52: skipped 1024 AICore record slot(s) with start_time=0 (race-window write or recycled-buffer tail). buf seq=0 count=1024
[mono_ns=7232758074520374][T0xf668297aaca0][WARN] copy_aicore_buffer: [chip_swimlane_collector.cpp:689] Core 50: skipped 1024 AICore record slot(s) with start_time=0 (race-window write or recycled-buffer tail). buf seq=0 count=1024
[mono_ns=7232758074842229][T0xf66829fbaca0][WARN] copy_aicore_buffer: [chip_swimlane_collector.cpp:689] Core 49: skipped 1024 AICore record slot(s) with start_time=0 (race-window write or recycled-buffer tail). buf seq=0 count=1024
[mono_ns=7232758074851469][T0xf66828f9aca0][WARN] copy_aicore_buffer: [chip_swimlane_collector.cpp:689] Core 53: skipped 1024 AICore record slot(s) with start_time=0 (race-window write or recycled-buffer tail). buf seq=0 count=1024
[mono_ns=7232758074862659][T0xf668297aaca0][WARN] copy_aicore_buffer: [chip_swimlane_collector.cpp:689] Core 51: skipped 1024 AICore record slot(s) with start_time=0 (race-window write or recycled-buffer tail). buf seq=0 count=1024
[mono_ns=7232758075200304][T0xf66829fbaca0][WARN] copy_aicore_buffer: [chip_swimlane_collector.cpp:689] Core 15: skipped 1024 AICore record slot(s) with start_time=0 (race-window write or recycled-buffer tail). buf seq=0 count=1024
[mono_ns=7232758075232935][T0xf66828f9aca0][WARN] copy_aicore_buffer: [chip_swimlane_collector.cpp:689] Core 17: skipped 1024 AICore record slot(s) with start_time=0 (race-window write or recycled-buffer tail). buf seq=0 count=1024
[mono_ns=7232758075270835][T0xf668297aaca0][WARN] copy_aicore_buffer: [chip_swimlane_collector.cpp:689] Core 16: skipped 1024 AICore record slot(s) with start_time=0 (race-window write or recycled-buffer tail). buf seq=0 count=1024
[mono_ns=7232758075546329][T0xf66829fbaca0][WARN] copy_aicore_buffer: [chip_swimlane_collector.cpp:689] Core 54: skipped 1024 AICore record slot(s) with start_time=0 (race-window write or recycled-buffer tail). buf seq=0 count=1024
[mono_ns=7232758075577680][T0xf66828f9aca0][WARN] copy_aicore_buffer: [chip_swimlane_collector.cpp:689] Core 58: skipped 1024 AICore record slot(s) with start_time=0 (race-window write or recycled-buffer tail). buf seq=0 count=1024
[mono_ns=7232758075610420][T0xf668297aaca0][WARN] copy_aicore_buffer: [chip_swimlane_collector.cpp:689] Core 56: skipped 1024 AICore record slot(s) with start_time=0 (race-window write or recycled-buffer tail). buf seq=0 count=1024
[mono_ns=7232758075909755][T0xf66829fbaca0][WARN] copy_aicore_buffer: [chip_swimlane_collector.cpp:689] Core 55: skipped 1024 AICore record slot(s) with start_time=0 (race-window write or recycled-buffer tail). buf seq=0 count=1024
[mono_ns=7232758075918855][T0xf66828f9aca0][WARN] copy_aicore_buffer: [chip_swimlane_collector.cpp:689] Core 59: skipped 1024 AICore record slot(s) with start_time=0 (race-window write or recycled-buffer tail). buf seq=0 count=1024
[mono_ns=7232758075953755][T0xf668297aaca0][WARN] copy_aicore_buffer: [chip_swimlane_collector.cpp:689] Core 57: skipped 1024 AICore record slot(s) with start_time=0 (race-window write or recycled-buffer tail). buf seq=0 count=1024
[mono_ns=7232758076263980][T0xf66829fbaca0][WARN] copy_aicore_buffer: [chip_swimlane_collector.cpp:689] Core 18: skipped 1024 AICore record slot(s) with start_time=0 (race-window write or recycled-buffer tail). buf seq=0 count=1024
[mono_ns=7232758076331161][T0xf668297aaca0][WARN] copy_aicore_buffer: [chip_swimlane_collector.cpp:689] Core 19: skipped 1024 AICore record slot(s) with start_time=0 (race-window write or recycled-buffer tail). buf seq=0 count=1024
[mono_ns=7232758076334421][T0xf66828f9aca0][WARN] copy_aicore_buffer: [chip_swimlane_collector.cpp:689] Core 20: skipped 1024 AICore record slot(s) with start_time=0 (race-window write or recycled-buffer tail). buf seq=0 count=1024
[mono_ns=7232758076613485][T0xf66829fbaca0][WARN] copy_aicore_buffer: [chip_swimlane_collector.cpp:689] Core 60: skipped 1024 AICore record slot(s) with start_time=0 (race-window write or recycled-buffer tail). buf seq=0 count=1024
[mono_ns=7232758076668076][T0xf66828f9aca0][WARN] copy_aicore_buffer: [chip_swimlane_collector.cpp:689] Core 64: skipped 1024 AICore record slot(s) with start_time=0 (race-window write or recycled-buffer tail). buf seq=0 count=1024
[mono_ns=7232758076677746][T0xf668297aaca0][WARN] copy_aicore_buffer: [chip_swimlane_collector.cpp:689] Core 62: skipped 1024 AICore record slot(s) with start_time=0 (race-window write or recycled-buffer tail). buf seq=0 count=1024
[mono_ns=7232758076957310][T0xf66829fbaca0][WARN] copy_aicore_buffer: [chip_swimlane_collector.cpp:689] Core 61: skipped 1024 AICore record slot(s) with start_time=0 (race-window write or recycled-buffer tail). buf seq=0 count=1024
[mono_ns=7232758077016971][T0xf66828f9aca0][WARN] copy_aicore_buffer: [chip_swimlane_collector.cpp:689] Core 65: skipped 1024 AICore record slot(s) with start_time=0 (race-window write or recycled-buffer tail). buf seq=0 count=1024
[mono_ns=7232758077027921][T0xf668297aaca0][WARN] copy_aicore_buffer: [chip_swimlane_collector.cpp:689] Core 63: skipped 1024 AICore record slot(s) with start_time=0 (race-window write or recycled-buffer tail). buf seq=0 count=1024
[mono_ns=7232758077332416][T0xf66829fbaca0][WARN] copy_aicore_buffer: [chip_swimlane_collector.cpp:689] Core 21: skipped 1024 AICore record slot(s) with start_time=0 (race-window write or recycled-buffer tail). buf seq=0 count=1024
[mono_ns=7232758077360436][T0xf66828f9aca0][WARN] copy_aicore_buffer: [chip_swimlane_collector.cpp:689] Core 23: skipped 1024 AICore record slot(s) with start_time=0 (race-window write or recycled-buffer tail). buf seq=0 count=1024
[mono_ns=7232758077370507][T0xf668297aaca0][WARN] copy_aicore_buffer: [chip_swimlane_collector.cpp:689] Core 22: skipped 1024 AICore record slot(s) with start_time=0 (race-window write or recycled-buffer tail). buf seq=0 count=1024
[mono_ns=7232758077676031][T0xf66829fbaca0][WARN] copy_aicore_buffer: [chip_swimlane_collector.cpp:689] Core 66: skipped 1024 AICore record slot(s) with start_time=0 (race-window write or recycled-buffer tail). buf seq=0 count=1024
[mono_ns=7232758077705582][T0xf66828f9aca0][WARN] copy_aicore_buffer: [chip_swimlane_collector.cpp:689] Core 70: skipped 1024 AICore record slot(s) with start_time=0 (race-window write or recycled-buffer tail). buf seq=0 count=1024
[mono_ns=7232758077719822][T0xf668297aaca0][WARN] copy_aicore_buffer: [chip_swimlane_collector.cpp:689] Core 68: skipped 1024 AICore record slot(s) with start_time=0 (race-window write or recycled-buffer tail). buf seq=0 count=1024
[mono_ns=7232758078029506][T0xf66829fbaca0][WARN] copy_aicore_buffer: [chip_swimlane_collector.cpp:689] Core 67: skipped 1024 AICore record slot(s) with start_time=0 (race-window write or recycled-buffer tail). buf seq=0 count=1024
[mono_ns=7232758078089397][T0xf66828f9aca0][WARN] copy_aicore_buffer: [chip_swimlane_collector.cpp:689] Core 71: skipped 1024 AICore record slot(s) with start_time=0 (race-window write or recycled-buffer tail). buf seq=0 count=1024
[mono_ns=7232758078104767][T0xf668297aaca0][WARN] copy_aicore_buffer: [chip_swimlane_collector.cpp:689] Core 69: skipped 1024 AICore record slot(s) with start_time=0 (race-window write or recycled-buffer tail). buf seq=0 count=1024
[mono_ns=7232758179154489][T0xf6698626b020][TIMING] emit_host_span: [STRACE] v=1 pid=1200878 tid=1200878 inv=4 hid=e9c1dec2c6b43a7e depth=1 name=chip.run.runner_run ts=7232758068717457 dur=110430042 
[mono_ns=7232758179258451][T0xf6698626b020][TIMING] emit_host_span: [STRACE] v=1 pid=1200878 tid=1200878 inv=4 hid=e9c1dec2c6b43a7e depth=1 name=chip.run.validate ts=7232758179161899 dur=92952 
[mono_ns=7232758179265271][T0xf6698626b020][TIMING] emit_host_span: [STRACE] v=1 pid=1200878 tid=1200878 inv=4 hid=e9c1dec2c6b43a7e depth=2 name=chip.run.runner_run.device_wall ts=0 dur=668300 clk=dev
[mono_ns=7232758179269951][T0xf6698626b020][TIMING] emit_host_span: [STRACE] v=1 pid=1200878 tid=1200878 inv=4 hid=e9c1dec2c6b43a7e depth=3 name=chip.run.runner_run.device_wall.preamble ts=0 dur=110320 clk=dev
[mono_ns=7232758179304282][T0xf6698626b020][TIMING] emit_host_span: [STRACE] v=1 pid=1200878 tid=1200878 inv=4 hid=e9c1dec2c6b43a7e depth=3 name=chip.run.runner_run.device_wall.graph_build ts=106060 dur=551839 clk=dev
[mono_ns=7232758179307482][T0xf6698626b020][TIMING] emit_host_span: [STRACE] v=1 pid=1200878 tid=1200878 inv=4 hid=e9c1dec2c6b43a7e depth=3 name=chip.run.runner_run.device_wall.config_validate ts=106180 dur=700 clk=dev
[mono_ns=7232758179310462][T0xf6698626b020][TIMING] emit_host_span: [STRACE] v=1 pid=1200878 tid=1200878 inv=4 hid=e9c1dec2c6b43a7e depth=3 name=chip.run.runner_run.device_wall.arena_wire ts=106899 dur=380 clk=dev
[mono_ns=7232758179313542][T0xf6698626b020][TIMING] emit_host_span: [STRACE] v=1 pid=1200878 tid=1200878 inv=4 hid=e9c1dec2c6b43a7e depth=3 name=chip.run.runner_run.device_wall.sm_reset ts=107300 dur=679 clk=dev
[mono_ns=7232758179316452][T0xf6698626b020][TIMING] emit_host_span: [STRACE] v=1 pid=1200878 tid=1200878 inv=4 hid=e9c1dec2c6b43a7e depth=3 name=chip.run.runner_run.device_wall.post_orch ts=657959 dur=10200 clk=dev
[mono_ns=7232758179319452][T0xf6698626b020][TIMING] emit_host_span: [STRACE] v=1 pid=1200878 tid=1200878 inv=4 hid=e9c1dec2c6b43a7e depth=3 name=chip.run.runner_run.device_wall.orch ts=108020 dur=4279 clk=dev
[mono_ns=7232758179322292][T0xf6698626b020][TIMING] emit_host_span: [STRACE] v=1 pid=1200878 tid=1200878 inv=4 hid=e9c1dec2c6b43a7e depth=3 name=chip.run.runner_run.device_wall.sched ts=110420 dur=523700 clk=dev
[mono_ns=7232758179326112][T0xf6698626b020][TIMING] emit_host_span: [STRACE] v=1 pid=1200878 tid=1200878 inv=4 hid=e9c1dec2c6b43a7e depth=1 name=chip.run.claim_release ts=7232758179324032 dur=350 
[mono_ns=7232758179354522][T0xf6698626b020][TIMING] emit_host_span: [STRACE] v=1 pid=1200878 tid=1200878 inv=4 hid=e9c1dec2c6b43a7e depth=0 name=chip.run ts=7232758066691797 dur=112659605 run_id=4 dispatch_id=4 slot_id=0 generation=4 run_epoch=4
[mono_ns=7232762995850503][T0xf6698626b020][TIMING] emit_host_span: [STRACE] v=1 pid=1200878 tid=1200878 inv=5 hid=e9c1dec2c6b43a7e depth=2 name=chip.run.bind.args ts=7232762995659340 dur=182753 
[mono_ns=7232762995869823][T0xf6698626b020][TIMING] emit_host_span: [STRACE] v=1 pid=1200878 tid=1200878 inv=5 hid=e9c1dec2c6b43a7e depth=2 name=chip.run.bind.prebuilt ts=7232762995863623 dur=3450 
[mono_ns=7232762995875394][T0xf6698626b020][TIMING] emit_host_span: [STRACE] v=1 pid=1200878 tid=1200878 inv=5 hid=e9c1dec2c6b43a7e depth=1 name=chip.run.bind ts=7232762995648450 dur=224383 
[mono_ns=7232763103703718][T0xf6698626b020][TIMING] emit_host_span: [STRACE] v=1 pid=1200878 tid=1200878 inv=5 hid=e9c1dec2c6b43a7e depth=1 name=chip.run.runner_run ts=7232762996461742 dur=107231365 
[mono_ns=7232763103848380][T0xf6698626b020][TIMING] emit_host_span: [STRACE] v=1 pid=1200878 tid=1200878 inv=5 hid=e9c1dec2c6b43a7e depth=1 name=chip.run.validate ts=7232763103721198 dur=122872 
[mono_ns=7232763103860630][T0xf6698626b020][TIMING] emit_host_span: [STRACE] v=1 pid=1200878 tid=1200878 inv=5 hid=e9c1dec2c6b43a7e depth=2 name=chip.run.runner_run.device_wall ts=0 dur=402400 clk=dev
[mono_ns=7232763103865140][T0xf6698626b020][TIMING] emit_host_span: [STRACE] v=1 pid=1200878 tid=1200878 inv=5 hid=e9c1dec2c6b43a7e depth=3 name=chip.run.runner_run.device_wall.preamble ts=0 dur=6780 clk=dev
[mono_ns=7232763103904761][T0xf6698626b020][TIMING] emit_host_span: [STRACE] v=1 pid=1200878 tid=1200878 inv=5 hid=e9c1dec2c6b43a7e depth=3 name=chip.run.runner_run.device_wall.graph_build ts=1740 dur=390180 clk=dev
[mono_ns=7232763103908021][T0xf6698626b020][TIMING] emit_host_span: [STRACE] v=1 pid=1200878 tid=1200878 inv=5 hid=e9c1dec2c6b43a7e depth=3 name=chip.run.runner_run.device_wall.config_validate ts=2040 dur=1280 clk=dev
[mono_ns=7232763103911481][T0xf6698626b020][TIMING] emit_host_span: [STRACE] v=1 pid=1200878 tid=1200878 inv=5 hid=e9c1dec2c6b43a7e depth=3 name=chip.run.runner_run.device_wall.arena_wire ts=3520 dur=940 clk=dev
[mono_ns=7232763103914451][T0xf6698626b020][TIMING] emit_host_span: [STRACE] v=1 pid=1200878 tid=1200878 inv=5 hid=e9c1dec2c6b43a7e depth=3 name=chip.run.runner_run.device_wall.sm_reset ts=4480 dur=1500 clk=dev
[mono_ns=7232763103917411][T0xf6698626b020][TIMING] emit_host_span: [STRACE] v=1 pid=1200878 tid=1200878 inv=5 hid=e9c1dec2c6b43a7e depth=3 name=chip.run.runner_run.device_wall.post_orch ts=391960 dur=10340 clk=dev
[mono_ns=7232763103921321][T0xf6698626b020][TIMING] emit_host_span: [STRACE] v=1 pid=1200878 tid=1200878 inv=5 hid=e9c1dec2c6b43a7e depth=3 name=chip.run.runner_run.device_wall.orch ts=6820 dur=11280 clk=dev
[mono_ns=7232763103924341][T0xf6698626b020][TIMING] emit_host_span: [STRACE] v=1 pid=1200878 tid=1200878 inv=5 hid=e9c1dec2c6b43a7e depth=3 name=chip.run.runner_run.device_wall.sched ts=7359 dur=376560 clk=dev
[mono_ns=7232763103948351][T0xf6698626b020][TIMING] emit_host_span: [STRACE] v=1 pid=1200878 tid=1200878 inv=5 hid=e9c1dec2c6b43a7e depth=1 name=chip.run.claim_release ts=7232763103944941 dur=820 
[mono_ns=7232763103954031][T0xf6698626b020][TIMING] emit_host_span: [STRACE] v=1 pid=1200878 tid=1200878 inv=5 hid=e9c1dec2c6b43a7e depth=0 name=chip.run ts=7232762995437147 dur=108514734 run_id=5 dispatch_id=5 slot_id=0 generation=5 run_epoch=5
[mono_ns=7232788195658050][T0xf66828f9aca0][ERROR] poll_and_collect_loop: [profiler_base.h:1283] ChipSwimlane collector idle timeout after 30 seconds — staying alive until execution completes
[mono_ns=7232788196298090][T0xf668297aaca0][ERROR] poll_and_collect_loop: [profiler_base.h:1283] ChipSwimlane collector idle timeout after 30 seconds — staying alive until execution completes
[mono_ns=7232788196475152][T0xf66829fbaca0][ERROR] poll_and_collect_loop: [profiler_base.h:1283] ChipSwimlane collector idle timeout after 30 seconds — staying alive until execution completes
[mono_ns=7232793114211581][T0xf667bf57cca0][ERROR] poll_and_collect_loop: [profiler_base.h:1283] DepGen collector idle timeout after 30 seconds — staying alive until execution completes
[mono_ns=7232932824356240][T0xf6698626b020][ERROR] file_barrier: [comm_hccl.cpp:218] [comm rank 5] file_barrier('alloc_0_release') timed out after 120s waiting for rank 4
[mono_ns=7232932824425401][T0xf6698626b020][WARN] comm_release_domain_windows: [comm_hccl.cpp:1520] [comm rank 5] release_domain: barrier timed out; releasing local state anyway
[mono_ns=7233058258219108][T0xf6698626b020][WARN] comm_destroy: [comm_hccl.cpp:1800] [comm rank 5] comm_destroy: final release failed during release wait for rank 5
