[mono_ns=7228553186636433][T0xe61ee18d9020][TIMING] emit_host_span: [STRACE] v=1 pid=3713532 tid=3713532 inv=1 hid=6e59d6c91bcbcc2a depth=2 name=chip.run.bind.args ts=7228553186506633 dur=121360 
[mono_ns=7228553186661803][T0xe61ee18d9020][TIMING] emit_host_span: [STRACE] v=1 pid=3713532 tid=3713532 inv=1 hid=6e59d6c91bcbcc2a depth=2 name=chip.run.bind.prebuilt ts=7228553186653063 dur=6000 
[mono_ns=7228553186669543][T0xe61ee18d9020][TIMING] emit_host_span: [STRACE] v=1 pid=3713532 tid=3713532 inv=1 hid=6e59d6c91bcbcc2a depth=1 name=chip.run.bind ts=7228553186063261 dur=602312 
[mono_ns=7228553303706226][T0xe61ee18d9020][TIMING] emit_host_span: [STRACE] v=1 pid=3713532 tid=3713532 inv=1 hid=6e59d6c91bcbcc2a depth=1 name=chip.run.runner_run ts=7228553187442256 dur=116253290 
[mono_ns=7228553303832146][T0xe61ee18d9020][TIMING] emit_host_span: [STRACE] v=1 pid=3713532 tid=3713532 inv=1 hid=6e59d6c91bcbcc2a depth=1 name=chip.run.validate ts=7228553303722526 dur=105200 
[mono_ns=7228553303846176][T0xe61ee18d9020][TIMING] emit_host_span: [STRACE] v=1 pid=3713532 tid=3713532 inv=1 hid=6e59d6c91bcbcc2a depth=2 name=chip.run.runner_run.device_wall ts=0 dur=328760 clk=dev
[mono_ns=7228553303851226][T0xe61ee18d9020][TIMING] emit_host_span: [STRACE] v=1 pid=3713532 tid=3713532 inv=1 hid=6e59d6c91bcbcc2a depth=3 name=chip.run.runner_run.device_wall.preamble ts=0 dur=146940 clk=dev
[mono_ns=7228553303856396][T0xe61ee18d9020][TIMING] emit_host_span: [STRACE] v=1 pid=3713532 tid=3713532 inv=1 hid=6e59d6c91bcbcc2a depth=3 name=chip.run.runner_run.device_wall.graph_build ts=38780 dur=269580 clk=dev
[mono_ns=7228553303861866][T0xe61ee18d9020][TIMING] emit_host_span: [STRACE] v=1 pid=3713532 tid=3713532 inv=1 hid=6e59d6c91bcbcc2a depth=3 name=chip.run.runner_run.device_wall.config_validate ts=43019 dur=3740 clk=dev
[mono_ns=7228553303866897][T0xe61ee18d9020][TIMING] emit_host_span: [STRACE] v=1 pid=3713532 tid=3713532 inv=1 hid=6e59d6c91bcbcc2a depth=3 name=chip.run.runner_run.device_wall.arena_wire ts=46879 dur=12760 clk=dev
[mono_ns=7228553303873467][T0xe61ee18d9020][TIMING] emit_host_span: [STRACE] v=1 pid=3713532 tid=3713532 inv=1 hid=6e59d6c91bcbcc2a depth=3 name=chip.run.runner_run.device_wall.sm_reset ts=59680 dur=18760 clk=dev
[mono_ns=7228553303882117][T0xe61ee18d9020][TIMING] emit_host_span: [STRACE] v=1 pid=3713532 tid=3713532 inv=1 hid=6e59d6c91bcbcc2a depth=3 name=chip.run.runner_run.device_wall.post_orch ts=308440 dur=16320 clk=dev
[mono_ns=7228553303886247][T0xe61ee18d9020][TIMING] emit_host_span: [STRACE] v=1 pid=3713532 tid=3713532 inv=1 hid=6e59d6c91bcbcc2a depth=3 name=chip.run.runner_run.device_wall.orch ts=83360 dur=44120 clk=dev
[mono_ns=7228553303891067][T0xe61ee18d9020][TIMING] emit_host_span: [STRACE] v=1 pid=3713532 tid=3713532 inv=1 hid=6e59d6c91bcbcc2a depth=3 name=chip.run.runner_run.device_wall.sched ts=148680 dur=137100 clk=dev
[mono_ns=7228553303897157][T0xe61ee18d9020][TIMING] emit_host_span: [STRACE] v=1 pid=3713532 tid=3713532 inv=1 hid=6e59d6c91bcbcc2a depth=1 name=chip.run.claim_release ts=7228553303894797 dur=600 
[mono_ns=7228553303903727][T0xe61ee18d9020][TIMING] emit_host_span: [STRACE] v=1 pid=3713532 tid=3713532 inv=1 hid=6e59d6c91bcbcc2a depth=0 name=chip.run ts=7228553186017151 dur=117884546 run_id=1 dispatch_id=1 slot_id=0 generation=1 run_epoch=1
[mono_ns=7228553313033968][T0xe61ee18d9020][TIMING] emit_host_span: [STRACE] v=1 pid=3713532 tid=3713532 inv=2 hid=6e59d6c91bcbcc2a depth=2 name=chip.run.bind.args ts=7228553312895558 dur=132460 
[mono_ns=7228553313052098][T0xe61ee18d9020][TIMING] emit_host_span: [STRACE] v=1 pid=3713532 tid=3713532 inv=2 hid=6e59d6c91bcbcc2a depth=2 name=chip.run.bind.prebuilt ts=7228553313046178 dur=3650 
[mono_ns=7228553313056818][T0xe61ee18d9020][TIMING] emit_host_span: [STRACE] v=1 pid=3713532 tid=3713532 inv=2 hid=6e59d6c91bcbcc2a depth=1 name=chip.run.bind ts=7228553312887078 dur=167620 
[mono_ns=7228553373491146][T0xe61d845a9ca0][WARN] copy_aicore_buffer: [chip_swimlane_collector.cpp:689] Core 2: skipped 1024 AICore record slot(s) with start_time=0 (race-window write or recycled-buffer tail). buf seq=0 count=1024
[mono_ns=7228553373508736][T0xe61d84db9ca0][WARN] copy_aicore_buffer: [chip_swimlane_collector.cpp:689] Core 1: skipped 1024 AICore record slot(s) with start_time=0 (race-window write or recycled-buffer tail). buf seq=0 count=1024
[mono_ns=7228553373511756][T0xe61d90f1bca0][WARN] copy_aicore_buffer: [chip_swimlane_collector.cpp:689] Core 0: skipped 1024 AICore record slot(s) with start_time=0 (race-window write or recycled-buffer tail). buf seq=0 count=1024
[mono_ns=7228553373836917][T0xe61d845a9ca0][WARN] copy_aicore_buffer: [chip_swimlane_collector.cpp:689] Core 28: skipped 1024 AICore record slot(s) with start_time=0 (race-window write or recycled-buffer tail). buf seq=0 count=1024
[mono_ns=7228553373850057][T0xe61d84db9ca0][WARN] copy_aicore_buffer: [chip_swimlane_collector.cpp:689] Core 26: skipped 1023 AICore record slot(s) with start_time=0 (race-window write or recycled-buffer tail). buf seq=0 count=1024
[mono_ns=7228553373865207][T0xe61d90f1bca0][WARN] copy_aicore_buffer: [chip_swimlane_collector.cpp:689] Core 24: skipped 1022 AICore record slot(s) with start_time=0 (race-window write or recycled-buffer tail). buf seq=0 count=1024
[mono_ns=7228553374189368][T0xe61d845a9ca0][WARN] copy_aicore_buffer: [chip_swimlane_collector.cpp:689] Core 29: skipped 1024 AICore record slot(s) with start_time=0 (race-window write or recycled-buffer tail). buf seq=0 count=1024
[mono_ns=7228553374208218][T0xe61d84db9ca0][WARN] copy_aicore_buffer: [chip_swimlane_collector.cpp:689] Core 27: skipped 1024 AICore record slot(s) with start_time=0 (race-window write or recycled-buffer tail). buf seq=0 count=1024
[mono_ns=7228553374214978][T0xe61d90f1bca0][WARN] copy_aicore_buffer: [chip_swimlane_collector.cpp:689] Core 25: skipped 1024 AICore record slot(s) with start_time=0 (race-window write or recycled-buffer tail). buf seq=0 count=1024
[mono_ns=7228553374540260][T0xe61d845a9ca0][WARN] copy_aicore_buffer: [chip_swimlane_collector.cpp:689] Core 5: skipped 1024 AICore record slot(s) with start_time=0 (race-window write or recycled-buffer tail). buf seq=0 count=1024
[mono_ns=7228553374595380][T0xe61d90f1bca0][WARN] copy_aicore_buffer: [chip_swimlane_collector.cpp:689] Core 3: skipped 1024 AICore record slot(s) with start_time=0 (race-window write or recycled-buffer tail). buf seq=0 count=1024
[mono_ns=7228553374597620][T0xe61d84db9ca0][WARN] copy_aicore_buffer: [chip_swimlane_collector.cpp:689] Core 4: skipped 1024 AICore record slot(s) with start_time=0 (race-window write or recycled-buffer tail). buf seq=0 count=1024
[mono_ns=7228553374878671][T0xe61d845a9ca0][WARN] copy_aicore_buffer: [chip_swimlane_collector.cpp:689] Core 34: skipped 1024 AICore record slot(s) with start_time=0 (race-window write or recycled-buffer tail). buf seq=0 count=1024
[mono_ns=7228553374941401][T0xe61d84db9ca0][WARN] copy_aicore_buffer: [chip_swimlane_collector.cpp:689] Core 32: skipped 1024 AICore record slot(s) with start_time=0 (race-window write or recycled-buffer tail). buf seq=0 count=1024
[mono_ns=7228553374946071][T0xe61d90f1bca0][WARN] copy_aicore_buffer: [chip_swimlane_collector.cpp:689] Core 30: skipped 1024 AICore record slot(s) with start_time=0 (race-window write or recycled-buffer tail). buf seq=0 count=1024
[mono_ns=7228553375219262][T0xe61d845a9ca0][WARN] copy_aicore_buffer: [chip_swimlane_collector.cpp:689] Core 35: skipped 1024 AICore record slot(s) with start_time=0 (race-window write or recycled-buffer tail). buf seq=0 count=1024
[mono_ns=7228553375291392][T0xe61d90f1bca0][WARN] copy_aicore_buffer: [chip_swimlane_collector.cpp:689] Core 31: skipped 1024 AICore record slot(s) with start_time=0 (race-window write or recycled-buffer tail). buf seq=0 count=1024
[mono_ns=7228553375299312][T0xe61d84db9ca0][WARN] copy_aicore_buffer: [chip_swimlane_collector.cpp:689] Core 33: skipped 1024 AICore record slot(s) with start_time=0 (race-window write or recycled-buffer tail). buf seq=0 count=1024
[mono_ns=7228553375551323][T0xe61d845a9ca0][WARN] copy_aicore_buffer: [chip_swimlane_collector.cpp:689] Core 8: skipped 1024 AICore record slot(s) with start_time=0 (race-window write or recycled-buffer tail). buf seq=0 count=1024
[mono_ns=7228553375633423][T0xe61d90f1bca0][WARN] copy_aicore_buffer: [chip_swimlane_collector.cpp:689] Core 6: skipped 1024 AICore record slot(s) with start_time=0 (race-window write or recycled-buffer tail). buf seq=0 count=1024
[mono_ns=7228553375635353][T0xe61d84db9ca0][WARN] copy_aicore_buffer: [chip_swimlane_collector.cpp:689] Core 7: skipped 1024 AICore record slot(s) with start_time=0 (race-window write or recycled-buffer tail). buf seq=0 count=1024
[mono_ns=7228553375882804][T0xe61d845a9ca0][WARN] copy_aicore_buffer: [chip_swimlane_collector.cpp:689] Core 40: skipped 1024 AICore record slot(s) with start_time=0 (race-window write or recycled-buffer tail). buf seq=0 count=1024
[mono_ns=7228553375972054][T0xe61d84db9ca0][WARN] copy_aicore_buffer: [chip_swimlane_collector.cpp:689] Core 38: skipped 1024 AICore record slot(s) with start_time=0 (race-window write or recycled-buffer tail). buf seq=0 count=1024
[mono_ns=7228553375978914][T0xe61d90f1bca0][WARN] copy_aicore_buffer: [chip_swimlane_collector.cpp:689] Core 36: skipped 1024 AICore record slot(s) with start_time=0 (race-window write or recycled-buffer tail). buf seq=0 count=1024
[mono_ns=7228553376227215][T0xe61d845a9ca0][WARN] copy_aicore_buffer: [chip_swimlane_collector.cpp:689] Core 41: skipped 1024 AICore record slot(s) with start_time=0 (race-window write or recycled-buffer tail). buf seq=0 count=1024
[mono_ns=7228553376323336][T0xe61d84db9ca0][WARN] copy_aicore_buffer: [chip_swimlane_collector.cpp:689] Core 39: skipped 1024 AICore record slot(s) with start_time=0 (race-window write or recycled-buffer tail). buf seq=0 count=1024
[mono_ns=7228553376324566][T0xe61d90f1bca0][WARN] copy_aicore_buffer: [chip_swimlane_collector.cpp:689] Core 37: skipped 1024 AICore record slot(s) with start_time=0 (race-window write or recycled-buffer tail). buf seq=0 count=1024
[mono_ns=7228553376559806][T0xe61d845a9ca0][WARN] copy_aicore_buffer: [chip_swimlane_collector.cpp:689] Core 11: skipped 1024 AICore record slot(s) with start_time=0 (race-window write or recycled-buffer tail). buf seq=0 count=1024
[mono_ns=7228553376664387][T0xe61d90f1bca0][WARN] copy_aicore_buffer: [chip_swimlane_collector.cpp:689] Core 9: skipped 1024 AICore record slot(s) with start_time=0 (race-window write or recycled-buffer tail). buf seq=0 count=1024
[mono_ns=7228553376669177][T0xe61d84db9ca0][WARN] copy_aicore_buffer: [chip_swimlane_collector.cpp:689] Core 10: skipped 1024 AICore record slot(s) with start_time=0 (race-window write or recycled-buffer tail). buf seq=0 count=1024
[mono_ns=7228553376894678][T0xe61d845a9ca0][WARN] copy_aicore_buffer: [chip_swimlane_collector.cpp:689] Core 46: skipped 1024 AICore record slot(s) with start_time=0 (race-window write or recycled-buffer tail). buf seq=0 count=1024
[mono_ns=7228553377018258][T0xe61d84db9ca0][WARN] copy_aicore_buffer: [chip_swimlane_collector.cpp:689] Core 44: skipped 1024 AICore record slot(s) with start_time=0 (race-window write or recycled-buffer tail). buf seq=0 count=1024
[mono_ns=7228553377189709][T0xe61d90f1bca0][WARN] copy_aicore_buffer: [chip_swimlane_collector.cpp:689] Core 42: skipped 1024 AICore record slot(s) with start_time=0 (race-window write or recycled-buffer tail). buf seq=0 count=1024
[mono_ns=7228553377258119][T0xe61d845a9ca0][WARN] copy_aicore_buffer: [chip_swimlane_collector.cpp:689] Core 47: skipped 1024 AICore record slot(s) with start_time=0 (race-window write or recycled-buffer tail). buf seq=0 count=1024
[mono_ns=7228553377359019][T0xe61d84db9ca0][WARN] copy_aicore_buffer: [chip_swimlane_collector.cpp:689] Core 45: skipped 1024 AICore record slot(s) with start_time=0 (race-window write or recycled-buffer tail). buf seq=0 count=1024
[mono_ns=7228553377533070][T0xe61d90f1bca0][WARN] copy_aicore_buffer: [chip_swimlane_collector.cpp:689] Core 43: skipped 1024 AICore record slot(s) with start_time=0 (race-window write or recycled-buffer tail). buf seq=0 count=1024
[mono_ns=7228553377592180][T0xe61d845a9ca0][WARN] copy_aicore_buffer: [chip_swimlane_collector.cpp:689] Core 14: skipped 1024 AICore record slot(s) with start_time=0 (race-window write or recycled-buffer tail). buf seq=0 count=1024
[mono_ns=7228553377698760][T0xe61d84db9ca0][WARN] copy_aicore_buffer: [chip_swimlane_collector.cpp:689] Core 13: skipped 1024 AICore record slot(s) with start_time=0 (race-window write or recycled-buffer tail). buf seq=0 count=1024
[mono_ns=7228553377873011][T0xe61d90f1bca0][WARN] copy_aicore_buffer: [chip_swimlane_collector.cpp:689] Core 12: skipped 1024 AICore record slot(s) with start_time=0 (race-window write or recycled-buffer tail). buf seq=0 count=1024
[mono_ns=7228553377923931][T0xe61d845a9ca0][WARN] copy_aicore_buffer: [chip_swimlane_collector.cpp:689] Core 52: skipped 1024 AICore record slot(s) with start_time=0 (race-window write or recycled-buffer tail). buf seq=0 count=1024
[mono_ns=7228553378068102][T0xe61d84db9ca0][WARN] copy_aicore_buffer: [chip_swimlane_collector.cpp:689] Core 50: skipped 1024 AICore record slot(s) with start_time=0 (race-window write or recycled-buffer tail). buf seq=0 count=1024
[mono_ns=7228553378233892][T0xe61d90f1bca0][WARN] copy_aicore_buffer: [chip_swimlane_collector.cpp:689] Core 48: skipped 1024 AICore record slot(s) with start_time=0 (race-window write or recycled-buffer tail). buf seq=0 count=1024
[mono_ns=7228553378265892][T0xe61d845a9ca0][WARN] copy_aicore_buffer: [chip_swimlane_collector.cpp:689] Core 53: skipped 1024 AICore record slot(s) with start_time=0 (race-window write or recycled-buffer tail). buf seq=0 count=1024
[mono_ns=7228553378410083][T0xe61d84db9ca0][WARN] copy_aicore_buffer: [chip_swimlane_collector.cpp:689] Core 51: skipped 1024 AICore record slot(s) with start_time=0 (race-window write or recycled-buffer tail). buf seq=0 count=1024
[mono_ns=7228553378575733][T0xe61d90f1bca0][WARN] copy_aicore_buffer: [chip_swimlane_collector.cpp:689] Core 49: skipped 1024 AICore record slot(s) with start_time=0 (race-window write or recycled-buffer tail). buf seq=0 count=1024
[mono_ns=7228553378599143][T0xe61d845a9ca0][WARN] copy_aicore_buffer: [chip_swimlane_collector.cpp:689] Core 17: skipped 1024 AICore record slot(s) with start_time=0 (race-window write or recycled-buffer tail). buf seq=0 count=1024
[mono_ns=7228553378752924][T0xe61d84db9ca0][WARN] copy_aicore_buffer: [chip_swimlane_collector.cpp:689] Core 16: skipped 1024 AICore record slot(s) with start_time=0 (race-window write or recycled-buffer tail). buf seq=0 count=1024
[mono_ns=7228553378919835][T0xe61d90f1bca0][WARN] copy_aicore_buffer: [chip_swimlane_collector.cpp:689] Core 15: skipped 1024 AICore record slot(s) with start_time=0 (race-window write or recycled-buffer tail). buf seq=0 count=1024
[mono_ns=7228553378931175][T0xe61d845a9ca0][WARN] copy_aicore_buffer: [chip_swimlane_collector.cpp:689] Core 58: skipped 1024 AICore record slot(s) with start_time=0 (race-window write or recycled-buffer tail). buf seq=0 count=1024
[mono_ns=7228553379101345][T0xe61d84db9ca0][WARN] copy_aicore_buffer: [chip_swimlane_collector.cpp:689] Core 56: skipped 1024 AICore record slot(s) with start_time=0 (race-window write or recycled-buffer tail). buf seq=0 count=1024
[mono_ns=7228553379270006][T0xe61d845a9ca0][WARN] copy_aicore_buffer: [chip_swimlane_collector.cpp:689] Core 59: skipped 1024 AICore record slot(s) with start_time=0 (race-window write or recycled-buffer tail). buf seq=0 count=1024
[mono_ns=7228553379270846][T0xe61d90f1bca0][WARN] copy_aicore_buffer: [chip_swimlane_collector.cpp:689] Core 54: skipped 1024 AICore record slot(s) with start_time=0 (race-window write or recycled-buffer tail). buf seq=0 count=1024
[mono_ns=7228553379443026][T0xe61d84db9ca0][WARN] copy_aicore_buffer: [chip_swimlane_collector.cpp:689] Core 57: skipped 1024 AICore record slot(s) with start_time=0 (race-window write or recycled-buffer tail). buf seq=0 count=1024
[mono_ns=7228553379607827][T0xe61d845a9ca0][WARN] copy_aicore_buffer: [chip_swimlane_collector.cpp:689] Core 20: skipped 1024 AICore record slot(s) with start_time=0 (race-window write or recycled-buffer tail). buf seq=0 count=1024
[mono_ns=7228553379611897][T0xe61d90f1bca0][WARN] copy_aicore_buffer: [chip_swimlane_collector.cpp:689] Core 55: skipped 1024 AICore record slot(s) with start_time=0 (race-window write or recycled-buffer tail). buf seq=0 count=1024
[mono_ns=7228553379781518][T0xe61d84db9ca0][WARN] copy_aicore_buffer: [chip_swimlane_collector.cpp:689] Core 19: skipped 1024 AICore record slot(s) with start_time=0 (race-window write or recycled-buffer tail). buf seq=0 count=1024
[mono_ns=7228553379944138][T0xe61d845a9ca0][WARN] copy_aicore_buffer: [chip_swimlane_collector.cpp:689] Core 64: skipped 1024 AICore record slot(s) with start_time=0 (race-window write or recycled-buffer tail). buf seq=0 count=1024
[mono_ns=7228553379956258][T0xe61d90f1bca0][WARN] copy_aicore_buffer: [chip_swimlane_collector.cpp:689] Core 18: skipped 1024 AICore record slot(s) with start_time=0 (race-window write or recycled-buffer tail). buf seq=0 count=1024
[mono_ns=7228553380131749][T0xe61d84db9ca0][WARN] copy_aicore_buffer: [chip_swimlane_collector.cpp:689] Core 62: skipped 1024 AICore record slot(s) with start_time=0 (race-window write or recycled-buffer tail). buf seq=0 count=1024
[mono_ns=7228553380285729][T0xe61d845a9ca0][WARN] copy_aicore_buffer: [chip_swimlane_collector.cpp:689] Core 65: skipped 1024 AICore record slot(s) with start_time=0 (race-window write or recycled-buffer tail). buf seq=0 count=1024
[mono_ns=7228553380297189][T0xe61d90f1bca0][WARN] copy_aicore_buffer: [chip_swimlane_collector.cpp:689] Core 60: skipped 1024 AICore record slot(s) with start_time=0 (race-window write or recycled-buffer tail). buf seq=0 count=1024
[mono_ns=7228553380472130][T0xe61d84db9ca0][WARN] copy_aicore_buffer: [chip_swimlane_collector.cpp:689] Core 63: skipped 1024 AICore record slot(s) with start_time=0 (race-window write or recycled-buffer tail). buf seq=0 count=1024
[mono_ns=7228553380620650][T0xe61d845a9ca0][WARN] copy_aicore_buffer: [chip_swimlane_collector.cpp:689] Core 23: skipped 1024 AICore record slot(s) with start_time=0 (race-window write or recycled-buffer tail). buf seq=0 count=1024
[mono_ns=7228553380636611][T0xe61d90f1bca0][WARN] copy_aicore_buffer: [chip_swimlane_collector.cpp:689] Core 61: skipped 1024 AICore record slot(s) with start_time=0 (race-window write or recycled-buffer tail). buf seq=0 count=1024
[mono_ns=7228553380815271][T0xe61d84db9ca0][WARN] copy_aicore_buffer: [chip_swimlane_collector.cpp:689] Core 22: skipped 1024 AICore record slot(s) with start_time=0 (race-window write or recycled-buffer tail). buf seq=0 count=1024
[mono_ns=7228553380955132][T0xe61d845a9ca0][WARN] copy_aicore_buffer: [chip_swimlane_collector.cpp:689] Core 70: skipped 1024 AICore record slot(s) with start_time=0 (race-window write or recycled-buffer tail). buf seq=0 count=1024
[mono_ns=7228553380973172][T0xe61d90f1bca0][WARN] copy_aicore_buffer: [chip_swimlane_collector.cpp:689] Core 21: skipped 1024 AICore record slot(s) with start_time=0 (race-window write or recycled-buffer tail). buf seq=0 count=1024
[mono_ns=7228553381162912][T0xe61d84db9ca0][WARN] copy_aicore_buffer: [chip_swimlane_collector.cpp:689] Core 68: skipped 1024 AICore record slot(s) with start_time=0 (race-window write or recycled-buffer tail). buf seq=0 count=1024
[mono_ns=7228553381295703][T0xe61d845a9ca0][WARN] copy_aicore_buffer: [chip_swimlane_collector.cpp:689] Core 71: skipped 1024 AICore record slot(s) with start_time=0 (race-window write or recycled-buffer tail). buf seq=0 count=1024
[mono_ns=7228553381321683][T0xe61d90f1bca0][WARN] copy_aicore_buffer: [chip_swimlane_collector.cpp:689] Core 66: skipped 1024 AICore record slot(s) with start_time=0 (race-window write or recycled-buffer tail). buf seq=0 count=1024
[mono_ns=7228553381506383][T0xe61d84db9ca0][WARN] copy_aicore_buffer: [chip_swimlane_collector.cpp:689] Core 69: skipped 1024 AICore record slot(s) with start_time=0 (race-window write or recycled-buffer tail). buf seq=0 count=1024
[mono_ns=7228553381661934][T0xe61d90f1bca0][WARN] copy_aicore_buffer: [chip_swimlane_collector.cpp:689] Core 67: skipped 1024 AICore record slot(s) with start_time=0 (race-window write or recycled-buffer tail). buf seq=0 count=1024
[mono_ns=7228553482404430][T0xe61ee18d9020][TIMING] emit_host_span: [STRACE] v=1 pid=3713532 tid=3713532 inv=2 hid=6e59d6c91bcbcc2a depth=1 name=chip.run.runner_run ts=7228553366642302 dur=115749738 
[mono_ns=7228553482518551][T0xe61ee18d9020][TIMING] emit_host_span: [STRACE] v=1 pid=3713532 tid=3713532 inv=2 hid=6e59d6c91bcbcc2a depth=1 name=chip.run.validate ts=7228553482421551 dur=92230 
[mono_ns=7228553482531281][T0xe61ee18d9020][TIMING] emit_host_span: [STRACE] v=1 pid=3713532 tid=3713532 inv=2 hid=6e59d6c91bcbcc2a depth=2 name=chip.run.runner_run.device_wall ts=0 dur=5094480 clk=dev
[mono_ns=7228553482535861][T0xe61ee18d9020][TIMING] emit_host_span: [STRACE] v=1 pid=3713532 tid=3713532 inv=2 hid=6e59d6c91bcbcc2a depth=3 name=chip.run.runner_run.device_wall.preamble ts=0 dur=132820 clk=dev
[mono_ns=7228553482540661][T0xe61ee18d9020][TIMING] emit_host_span: [STRACE] v=1 pid=3713532 tid=3713532 inv=2 hid=6e59d6c91bcbcc2a depth=3 name=chip.run.runner_run.device_wall.graph_build ts=127780 dur=4956340 clk=dev
[mono_ns=7228553482545611][T0xe61ee18d9020][TIMING] emit_host_span: [STRACE] v=1 pid=3713532 tid=3713532 inv=2 hid=6e59d6c91bcbcc2a depth=3 name=chip.run.runner_run.device_wall.config_validate ts=128199 dur=1100 clk=dev
[mono_ns=7228553482550721][T0xe61ee18d9020][TIMING] emit_host_span: [STRACE] v=1 pid=3713532 tid=3713532 inv=2 hid=6e59d6c91bcbcc2a depth=3 name=chip.run.runner_run.device_wall.arena_wire ts=129359 dur=940 clk=dev
[mono_ns=7228553482556781][T0xe61ee18d9020][TIMING] emit_host_span: [STRACE] v=1 pid=3713532 tid=3713532 inv=2 hid=6e59d6c91bcbcc2a depth=3 name=chip.run.runner_run.device_wall.sm_reset ts=130340 dur=2460 clk=dev
[mono_ns=7228553482562841][T0xe61ee18d9020][TIMING] emit_host_span: [STRACE] v=1 pid=3713532 tid=3713532 inv=2 hid=6e59d6c91bcbcc2a depth=3 name=chip.run.runner_run.device_wall.post_orch ts=5084179 dur=10100 clk=dev
[mono_ns=7228553482567391][T0xe61ee18d9020][TIMING] emit_host_span: [STRACE] v=1 pid=3713532 tid=3713532 inv=2 hid=6e59d6c91bcbcc2a depth=3 name=chip.run.runner_run.device_wall.orch ts=132880 dur=5140 clk=dev
[mono_ns=7228553482572021][T0xe61ee18d9020][TIMING] emit_host_span: [STRACE] v=1 pid=3713532 tid=3713532 inv=2 hid=6e59d6c91bcbcc2a depth=3 name=chip.run.runner_run.device_wall.sched ts=133079 dur=4924600 clk=dev
[mono_ns=7228553482578491][T0xe61ee18d9020][TIMING] emit_host_span: [STRACE] v=1 pid=3713532 tid=3713532 inv=2 hid=6e59d6c91bcbcc2a depth=1 name=chip.run.claim_release ts=7228553482576171 dur=570 
[mono_ns=7228553482589051][T0xe61ee18d9020][TIMING] emit_host_span: [STRACE] v=1 pid=3713532 tid=3713532 inv=2 hid=6e59d6c91bcbcc2a depth=0 name=chip.run ts=7228553312858347 dur=169728614 run_id=2 dispatch_id=2 slot_id=0 generation=2 run_epoch=2
[mono_ns=7228558281260956][T0xe61ee18d9020][TIMING] emit_host_span: [STRACE] v=1 pid=3713532 tid=3713532 inv=3 hid=6e59d6c91bcbcc2a depth=2 name=chip.run.bind.args ts=7228558281062776 dur=188570 
[mono_ns=7228558281358077][T0xe61ee18d9020][TIMING] emit_host_span: [STRACE] v=1 pid=3713532 tid=3713532 inv=3 hid=6e59d6c91bcbcc2a depth=2 name=chip.run.bind.prebuilt ts=7228558281319567 dur=34780 
[mono_ns=7228558281364457][T0xe61ee18d9020][TIMING] emit_host_span: [STRACE] v=1 pid=3713532 tid=3713532 inv=3 hid=6e59d6c91bcbcc2a depth=1 name=chip.run.bind ts=7228558281024166 dur=337851 
[mono_ns=7228558391044996][T0xe61ee18d9020][TIMING] emit_host_span: [STRACE] v=1 pid=3713532 tid=3713532 inv=3 hid=6e59d6c91bcbcc2a depth=1 name=chip.run.runner_run ts=7228558282302960 dur=108730656 
[mono_ns=7228558391152276][T0xe61ee18d9020][TIMING] emit_host_span: [STRACE] v=1 pid=3713532 tid=3713532 inv=3 hid=6e59d6c91bcbcc2a depth=1 name=chip.run.validate ts=7228558391058146 dur=89840 
[mono_ns=7228558391168467][T0xe61ee18d9020][TIMING] emit_host_span: [STRACE] v=1 pid=3713532 tid=3713532 inv=3 hid=6e59d6c91bcbcc2a depth=2 name=chip.run.runner_run.device_wall ts=0 dur=6785240 clk=dev
[mono_ns=7228558391173467][T0xe61ee18d9020][TIMING] emit_host_span: [STRACE] v=1 pid=3713532 tid=3713532 inv=3 hid=6e59d6c91bcbcc2a depth=3 name=chip.run.runner_run.device_wall.preamble ts=0 dur=6540 clk=dev
[mono_ns=7228558391177987][T0xe61ee18d9020][TIMING] emit_host_span: [STRACE] v=1 pid=3713532 tid=3713532 inv=3 hid=6e59d6c91bcbcc2a depth=3 name=chip.run.runner_run.device_wall.graph_build ts=1420 dur=6772360 clk=dev
[mono_ns=7228558391181547][T0xe61ee18d9020][TIMING] emit_host_span: [STRACE] v=1 pid=3713532 tid=3713532 inv=3 hid=6e59d6c91bcbcc2a depth=3 name=chip.run.runner_run.device_wall.config_validate ts=1540 dur=780 clk=dev
[mono_ns=7228558391185947][T0xe61ee18d9020][TIMING] emit_host_span: [STRACE] v=1 pid=3713532 tid=3713532 inv=3 hid=6e59d6c91bcbcc2a depth=3 name=chip.run.runner_run.device_wall.arena_wire ts=2360 dur=1120 clk=dev
[mono_ns=7228558391191127][T0xe61ee18d9020][TIMING] emit_host_span: [STRACE] v=1 pid=3713532 tid=3713532 inv=3 hid=6e59d6c91bcbcc2a depth=3 name=chip.run.runner_run.device_wall.sm_reset ts=3500 dur=2120 clk=dev
[mono_ns=7228558391194717][T0xe61ee18d9020][TIMING] emit_host_span: [STRACE] v=1 pid=3713532 tid=3713532 inv=3 hid=6e59d6c91bcbcc2a depth=3 name=chip.run.runner_run.device_wall.post_orch ts=6773860 dur=11160 clk=dev
[mono_ns=7228558391197947][T0xe61ee18d9020][TIMING] emit_host_span: [STRACE] v=1 pid=3713532 tid=3713532 inv=3 hid=6e59d6c91bcbcc2a depth=3 name=chip.run.runner_run.device_wall.orch ts=6700 dur=9459 clk=dev
[mono_ns=7228558391225237][T0xe61ee18d9020][TIMING] emit_host_span: [STRACE] v=1 pid=3713532 tid=3713532 inv=3 hid=6e59d6c91bcbcc2a depth=3 name=chip.run.runner_run.device_wall.sched ts=6700 dur=6759040 clk=dev
[mono_ns=7228558391231797][T0xe61ee18d9020][TIMING] emit_host_span: [STRACE] v=1 pid=3713532 tid=3713532 inv=3 hid=6e59d6c91bcbcc2a depth=1 name=chip.run.claim_release ts=7228558391229627 dur=340 
[mono_ns=7228558391237887][T0xe61ee18d9020][TIMING] emit_host_span: [STRACE] v=1 pid=3713532 tid=3713532 inv=3 hid=6e59d6c91bcbcc2a depth=0 name=chip.run ts=7228558280620994 dur=110614873 run_id=3 dispatch_id=3 slot_id=0 generation=3 run_epoch=3
[mono_ns=7228558488265632][T0xe61ee18d9020][TIMING] emit_host_span: [STRACE] v=1 pid=3713532 tid=3713532 inv=4 hid=6e59d6c91bcbcc2a depth=2 name=chip.run.bind.args ts=7228558487925081 dur=333331 
[mono_ns=7228558488284462][T0xe61ee18d9020][TIMING] emit_host_span: [STRACE] v=1 pid=3713532 tid=3713532 inv=4 hid=6e59d6c91bcbcc2a depth=2 name=chip.run.bind.prebuilt ts=7228558488277952 dur=3850 
[mono_ns=7228558488289132][T0xe61ee18d9020][TIMING] emit_host_span: [STRACE] v=1 pid=3713532 tid=3713532 inv=4 hid=6e59d6c91bcbcc2a depth=1 name=chip.run.bind ts=7228558487913921 dur=373171 
[mono_ns=7228558489725947][T0xe61d90f1bca0][WARN] copy_aicore_buffer: [chip_swimlane_collector.cpp:689] Core 0: skipped 1024 AICore record slot(s) with start_time=0 (race-window write or recycled-buffer tail). buf seq=0 count=1024
[mono_ns=7228558489768428][T0xe61d84db9ca0][WARN] copy_aicore_buffer: [chip_swimlane_collector.cpp:689] Core 1: skipped 1024 AICore record slot(s) with start_time=0 (race-window write or recycled-buffer tail). buf seq=0 count=1024
[mono_ns=7228558489960318][T0xe61d845a9ca0][WARN] copy_aicore_buffer: [chip_swimlane_collector.cpp:689] Core 2: skipped 1024 AICore record slot(s) with start_time=0 (race-window write or recycled-buffer tail). buf seq=0 count=1024
[mono_ns=7228558490156429][T0xe61d90f1bca0][WARN] copy_aicore_buffer: [chip_swimlane_collector.cpp:689] Core 24: skipped 1023 AICore record slot(s) with start_time=0 (race-window write or recycled-buffer tail). buf seq=0 count=1024
[mono_ns=7228558490191459][T0xe61d84db9ca0][WARN] copy_aicore_buffer: [chip_swimlane_collector.cpp:689] Core 26: skipped 1024 AICore record slot(s) with start_time=0 (race-window write or recycled-buffer tail). buf seq=0 count=1024
[mono_ns=7228558490338480][T0xe61d845a9ca0][WARN] copy_aicore_buffer: [chip_swimlane_collector.cpp:689] Core 28: skipped 1022 AICore record slot(s) with start_time=0 (race-window write or recycled-buffer tail). buf seq=0 count=1024
[mono_ns=7228558490488980][T0xe61d90f1bca0][WARN] copy_aicore_buffer: [chip_swimlane_collector.cpp:689] Core 25: skipped 1024 AICore record slot(s) with start_time=0 (race-window write or recycled-buffer tail). buf seq=0 count=1024
[mono_ns=7228558490525410][T0xe61d84db9ca0][WARN] copy_aicore_buffer: [chip_swimlane_collector.cpp:689] Core 27: skipped 1024 AICore record slot(s) with start_time=0 (race-window write or recycled-buffer tail). buf seq=0 count=1024
[mono_ns=7228558490662981][T0xe61d845a9ca0][WARN] copy_aicore_buffer: [chip_swimlane_collector.cpp:689] Core 29: skipped 1024 AICore record slot(s) with start_time=0 (race-window write or recycled-buffer tail). buf seq=0 count=1024
[mono_ns=7228558490820111][T0xe61d90f1bca0][WARN] copy_aicore_buffer: [chip_swimlane_collector.cpp:689] Core 3: skipped 1024 AICore record slot(s) with start_time=0 (race-window write or recycled-buffer tail). buf seq=0 count=1024
[mono_ns=7228558490855181][T0xe61d84db9ca0][WARN] copy_aicore_buffer: [chip_swimlane_collector.cpp:689] Core 4: skipped 1024 AICore record slot(s) with start_time=0 (race-window write or recycled-buffer tail). buf seq=0 count=1024
[mono_ns=7228558491030722][T0xe61d845a9ca0][WARN] copy_aicore_buffer: [chip_swimlane_collector.cpp:689] Core 5: skipped 1024 AICore record slot(s) with start_time=0 (race-window write or recycled-buffer tail). buf seq=0 count=1024
[mono_ns=7228558491159282][T0xe61d90f1bca0][WARN] copy_aicore_buffer: [chip_swimlane_collector.cpp:689] Core 30: skipped 1024 AICore record slot(s) with start_time=0 (race-window write or recycled-buffer tail). buf seq=0 count=1024
[mono_ns=7228558491193482][T0xe61d84db9ca0][WARN] copy_aicore_buffer: [chip_swimlane_collector.cpp:689] Core 32: skipped 1024 AICore record slot(s) with start_time=0 (race-window write or recycled-buffer tail). buf seq=0 count=1024
[mono_ns=7228558491353723][T0xe61d845a9ca0][WARN] copy_aicore_buffer: [chip_swimlane_collector.cpp:689] Core 34: skipped 1024 AICore record slot(s) with start_time=0 (race-window write or recycled-buffer tail). buf seq=0 count=1024
[mono_ns=7228558491489603][T0xe61d90f1bca0][WARN] copy_aicore_buffer: [chip_swimlane_collector.cpp:689] Core 31: skipped 1024 AICore record slot(s) with start_time=0 (race-window write or recycled-buffer tail). buf seq=0 count=1024
[mono_ns=7228558491523444][T0xe61d84db9ca0][WARN] copy_aicore_buffer: [chip_swimlane_collector.cpp:689] Core 33: skipped 1024 AICore record slot(s) with start_time=0 (race-window write or recycled-buffer tail). buf seq=0 count=1024
[mono_ns=7228558491675084][T0xe61d845a9ca0][WARN] copy_aicore_buffer: [chip_swimlane_collector.cpp:689] Core 35: skipped 1024 AICore record slot(s) with start_time=0 (race-window write or recycled-buffer tail). buf seq=0 count=1024
[mono_ns=7228558491819025][T0xe61d90f1bca0][WARN] copy_aicore_buffer: [chip_swimlane_collector.cpp:689] Core 6: skipped 1024 AICore record slot(s) with start_time=0 (race-window write or recycled-buffer tail). buf seq=0 count=1024
[mono_ns=7228558491866535][T0xe61d84db9ca0][WARN] copy_aicore_buffer: [chip_swimlane_collector.cpp:689] Core 7: skipped 1024 AICore record slot(s) with start_time=0 (race-window write or recycled-buffer tail). buf seq=0 count=1024
[mono_ns=7228558491996545][T0xe61d845a9ca0][WARN] copy_aicore_buffer: [chip_swimlane_collector.cpp:689] Core 8: skipped 1024 AICore record slot(s) with start_time=0 (race-window write or recycled-buffer tail). buf seq=0 count=1024
[mono_ns=7228558492155056][T0xe61d90f1bca0][WARN] copy_aicore_buffer: [chip_swimlane_collector.cpp:689] Core 36: skipped 1024 AICore record slot(s) with start_time=0 (race-window write or recycled-buffer tail). buf seq=0 count=1024
[mono_ns=7228558492204706][T0xe61d84db9ca0][WARN] copy_aicore_buffer: [chip_swimlane_collector.cpp:689] Core 38: skipped 1024 AICore record slot(s) with start_time=0 (race-window write or recycled-buffer tail). buf seq=0 count=1024
[mono_ns=7228558492321776][T0xe61d845a9ca0][WARN] copy_aicore_buffer: [chip_swimlane_collector.cpp:689] Core 40: skipped 1024 AICore record slot(s) with start_time=0 (race-window write or recycled-buffer tail). buf seq=0 count=1024
[mono_ns=7228558492486847][T0xe61d90f1bca0][WARN] copy_aicore_buffer: [chip_swimlane_collector.cpp:689] Core 37: skipped 1024 AICore record slot(s) with start_time=0 (race-window write or recycled-buffer tail). buf seq=0 count=1024
[mono_ns=7228558492534517][T0xe61d84db9ca0][WARN] copy_aicore_buffer: [chip_swimlane_collector.cpp:689] Core 39: skipped 1024 AICore record slot(s) with start_time=0 (race-window write or recycled-buffer tail). buf seq=0 count=1024
[mono_ns=7228558492643897][T0xe61d845a9ca0][WARN] copy_aicore_buffer: [chip_swimlane_collector.cpp:689] Core 41: skipped 1024 AICore record slot(s) with start_time=0 (race-window write or recycled-buffer tail). buf seq=0 count=1024
[mono_ns=7228558492829668][T0xe61d90f1bca0][WARN] copy_aicore_buffer: [chip_swimlane_collector.cpp:689] Core 9: skipped 1024 AICore record slot(s) with start_time=0 (race-window write or recycled-buffer tail). buf seq=0 count=1024
[mono_ns=7228558492867068][T0xe61d84db9ca0][WARN] copy_aicore_buffer: [chip_swimlane_collector.cpp:689] Core 10: skipped 1024 AICore record slot(s) with start_time=0 (race-window write or recycled-buffer tail). buf seq=0 count=1024
[mono_ns=7228558492965269][T0xe61d845a9ca0][WARN] copy_aicore_buffer: [chip_swimlane_collector.cpp:689] Core 11: skipped 1024 AICore record slot(s) with start_time=0 (race-window write or recycled-buffer tail). buf seq=0 count=1024
[mono_ns=7228558493175649][T0xe61d90f1bca0][WARN] copy_aicore_buffer: [chip_swimlane_collector.cpp:689] Core 42: skipped 1024 AICore record slot(s) with start_time=0 (race-window write or recycled-buffer tail). buf seq=0 count=1024
[mono_ns=7228558493211709][T0xe61d84db9ca0][WARN] copy_aicore_buffer: [chip_swimlane_collector.cpp:689] Core 44: skipped 1024 AICore record slot(s) with start_time=0 (race-window write or recycled-buffer tail). buf seq=0 count=1024
[mono_ns=7228558493309910][T0xe61d845a9ca0][WARN] copy_aicore_buffer: [chip_swimlane_collector.cpp:689] Core 46: skipped 1024 AICore record slot(s) with start_time=0 (race-window write or recycled-buffer tail). buf seq=0 count=1024
[mono_ns=7228558493506270][T0xe61d90f1bca0][WARN] copy_aicore_buffer: [chip_swimlane_collector.cpp:689] Core 43: skipped 1024 AICore record slot(s) with start_time=0 (race-window write or recycled-buffer tail). buf seq=0 count=1024
[mono_ns=7228558493577591][T0xe61d84db9ca0][WARN] copy_aicore_buffer: [chip_swimlane_collector.cpp:689] Core 45: skipped 1024 AICore record slot(s) with start_time=0 (race-window write or recycled-buffer tail). buf seq=0 count=1024
[mono_ns=7228558493656961][T0xe61d845a9ca0][WARN] copy_aicore_buffer: [chip_swimlane_collector.cpp:689] Core 47: skipped 1024 AICore record slot(s) with start_time=0 (race-window write or recycled-buffer tail). buf seq=0 count=1024
[mono_ns=7228558493837252][T0xe61d90f1bca0][WARN] copy_aicore_buffer: [chip_swimlane_collector.cpp:689] Core 12: skipped 1024 AICore record slot(s) with start_time=0 (race-window write or recycled-buffer tail). buf seq=0 count=1024
[mono_ns=7228558493931882][T0xe61d84db9ca0][WARN] copy_aicore_buffer: [chip_swimlane_collector.cpp:689] Core 13: skipped 1024 AICore record slot(s) with start_time=0 (race-window write or recycled-buffer tail). buf seq=0 count=1024
[mono_ns=7228558493990082][T0xe61d845a9ca0][WARN] copy_aicore_buffer: [chip_swimlane_collector.cpp:689] Core 14: skipped 1024 AICore record slot(s) with start_time=0 (race-window write or recycled-buffer tail). buf seq=0 count=1024
[mono_ns=7228558494177223][T0xe61d90f1bca0][WARN] copy_aicore_buffer: [chip_swimlane_collector.cpp:689] Core 48: skipped 1024 AICore record slot(s) with start_time=0 (race-window write or recycled-buffer tail). buf seq=0 count=1024
[mono_ns=7228558494287693][T0xe61d84db9ca0][WARN] copy_aicore_buffer: [chip_swimlane_collector.cpp:689] Core 50: skipped 1024 AICore record slot(s) with start_time=0 (race-window write or recycled-buffer tail). buf seq=0 count=1024
[mono_ns=7228558494330943][T0xe61d845a9ca0][WARN] copy_aicore_buffer: [chip_swimlane_collector.cpp:689] Core 52: skipped 1024 AICore record slot(s) with start_time=0 (race-window write or recycled-buffer tail). buf seq=0 count=1024
[mono_ns=7228558494532374][T0xe61d90f1bca0][WARN] copy_aicore_buffer: [chip_swimlane_collector.cpp:689] Core 49: skipped 1024 AICore record slot(s) with start_time=0 (race-window write or recycled-buffer tail). buf seq=0 count=1024
[mono_ns=7228558494641564][T0xe61d84db9ca0][WARN] copy_aicore_buffer: [chip_swimlane_collector.cpp:689] Core 51: skipped 1024 AICore record slot(s) with start_time=0 (race-window write or recycled-buffer tail). buf seq=0 count=1024
[mono_ns=7228558494661844][T0xe61d845a9ca0][WARN] copy_aicore_buffer: [chip_swimlane_collector.cpp:689] Core 53: skipped 1024 AICore record slot(s) with start_time=0 (race-window write or recycled-buffer tail). buf seq=0 count=1024
[mono_ns=7228558494864775][T0xe61d90f1bca0][WARN] copy_aicore_buffer: [chip_swimlane_collector.cpp:689] Core 15: skipped 1024 AICore record slot(s) with start_time=0 (race-window write or recycled-buffer tail). buf seq=0 count=1024
[mono_ns=7228558494981016][T0xe61d84db9ca0][WARN] copy_aicore_buffer: [chip_swimlane_collector.cpp:689] Core 16: skipped 1024 AICore record slot(s) with start_time=0 (race-window write or recycled-buffer tail). buf seq=0 count=1024
[mono_ns=7228558494991376][T0xe61d845a9ca0][WARN] copy_aicore_buffer: [chip_swimlane_collector.cpp:689] Core 17: skipped 1024 AICore record slot(s) with start_time=0 (race-window write or recycled-buffer tail). buf seq=0 count=1024
[mono_ns=7228558495234686][T0xe61d90f1bca0][WARN] copy_aicore_buffer: [chip_swimlane_collector.cpp:689] Core 54: skipped 1024 AICore record slot(s) with start_time=0 (race-window write or recycled-buffer tail). buf seq=0 count=1024
[mono_ns=7228558495333577][T0xe61d84db9ca0][WARN] copy_aicore_buffer: [chip_swimlane_collector.cpp:689] Core 56: skipped 1024 AICore record slot(s) with start_time=0 (race-window write or recycled-buffer tail). buf seq=0 count=1024
[mono_ns=7228558495386197][T0xe61d845a9ca0][WARN] copy_aicore_buffer: [chip_swimlane_collector.cpp:689] Core 58: skipped 1024 AICore record slot(s) with start_time=0 (race-window write or recycled-buffer tail). buf seq=0 count=1024
[mono_ns=7228558495577318][T0xe61d90f1bca0][WARN] copy_aicore_buffer: [chip_swimlane_collector.cpp:689] Core 55: skipped 1024 AICore record slot(s) with start_time=0 (race-window write or recycled-buffer tail). buf seq=0 count=1024
[mono_ns=7228558495676698][T0xe61d84db9ca0][WARN] copy_aicore_buffer: [chip_swimlane_collector.cpp:689] Core 57: skipped 1024 AICore record slot(s) with start_time=0 (race-window write or recycled-buffer tail). buf seq=0 count=1024
[mono_ns=7228558495717878][T0xe61d845a9ca0][WARN] copy_aicore_buffer: [chip_swimlane_collector.cpp:689] Core 59: skipped 1024 AICore record slot(s) with start_time=0 (race-window write or recycled-buffer tail). buf seq=0 count=1024
[mono_ns=7228558495915989][T0xe61d90f1bca0][WARN] copy_aicore_buffer: [chip_swimlane_collector.cpp:689] Core 18: skipped 1024 AICore record slot(s) with start_time=0 (race-window write or recycled-buffer tail). buf seq=0 count=1024
[mono_ns=7228558496024149][T0xe61d84db9ca0][WARN] copy_aicore_buffer: [chip_swimlane_collector.cpp:689] Core 19: skipped 1024 AICore record slot(s) with start_time=0 (race-window write or recycled-buffer tail). buf seq=0 count=1024
[mono_ns=7228558496062949][T0xe61d845a9ca0][WARN] copy_aicore_buffer: [chip_swimlane_collector.cpp:689] Core 20: skipped 1024 AICore record slot(s) with start_time=0 (race-window write or recycled-buffer tail). buf seq=0 count=1024
[mono_ns=7228558496268690][T0xe61d90f1bca0][WARN] copy_aicore_buffer: [chip_swimlane_collector.cpp:689] Core 60: skipped 1024 AICore record slot(s) with start_time=0 (race-window write or recycled-buffer tail). buf seq=0 count=1024
[mono_ns=7228558496375120][T0xe61d84db9ca0][WARN] copy_aicore_buffer: [chip_swimlane_collector.cpp:689] Core 62: skipped 1024 AICore record slot(s) with start_time=0 (race-window write or recycled-buffer tail). buf seq=0 count=1024
[mono_ns=7228558496394620][T0xe61d845a9ca0][WARN] copy_aicore_buffer: [chip_swimlane_collector.cpp:689] Core 64: skipped 1024 AICore record slot(s) with start_time=0 (race-window write or recycled-buffer tail). buf seq=0 count=1024
[mono_ns=7228558496609881][T0xe61d90f1bca0][WARN] copy_aicore_buffer: [chip_swimlane_collector.cpp:689] Core 61: skipped 1024 AICore record slot(s) with start_time=0 (race-window write or recycled-buffer tail). buf seq=0 count=1024
[mono_ns=7228558496714542][T0xe61d84db9ca0][WARN] copy_aicore_buffer: [chip_swimlane_collector.cpp:689] Core 63: skipped 1024 AICore record slot(s) with start_time=0 (race-window write or recycled-buffer tail). buf seq=0 count=1024
[mono_ns=7228558496726742][T0xe61d845a9ca0][WARN] copy_aicore_buffer: [chip_swimlane_collector.cpp:689] Core 65: skipped 1024 AICore record slot(s) with start_time=0 (race-window write or recycled-buffer tail). buf seq=0 count=1024
[mono_ns=7228558496949922][T0xe61d90f1bca0][WARN] copy_aicore_buffer: [chip_swimlane_collector.cpp:689] Core 21: skipped 1024 AICore record slot(s) with start_time=0 (race-window write or recycled-buffer tail). buf seq=0 count=1024
[mono_ns=7228558497065733][T0xe61d84db9ca0][WARN] copy_aicore_buffer: [chip_swimlane_collector.cpp:689] Core 22: skipped 1024 AICore record slot(s) with start_time=0 (race-window write or recycled-buffer tail). buf seq=0 count=1024
[mono_ns=7228558497088823][T0xe61d845a9ca0][WARN] copy_aicore_buffer: [chip_swimlane_collector.cpp:689] Core 23: skipped 1024 AICore record slot(s) with start_time=0 (race-window write or recycled-buffer tail). buf seq=0 count=1024
[mono_ns=7228558497295054][T0xe61d90f1bca0][WARN] copy_aicore_buffer: [chip_swimlane_collector.cpp:689] Core 66: skipped 1024 AICore record slot(s) with start_time=0 (race-window write or recycled-buffer tail). buf seq=0 count=1024
[mono_ns=7228558497405774][T0xe61d84db9ca0][WARN] copy_aicore_buffer: [chip_swimlane_collector.cpp:689] Core 68: skipped 1024 AICore record slot(s) with start_time=0 (race-window write or recycled-buffer tail). buf seq=0 count=1024
[mono_ns=7228558497419084][T0xe61d845a9ca0][WARN] copy_aicore_buffer: [chip_swimlane_collector.cpp:689] Core 70: skipped 1024 AICore record slot(s) with start_time=0 (race-window write or recycled-buffer tail). buf seq=0 count=1024
[mono_ns=7228558497635135][T0xe61d90f1bca0][WARN] copy_aicore_buffer: [chip_swimlane_collector.cpp:689] Core 67: skipped 1024 AICore record slot(s) with start_time=0 (race-window write or recycled-buffer tail). buf seq=0 count=1024
[mono_ns=7228558497745975][T0xe61d84db9ca0][WARN] copy_aicore_buffer: [chip_swimlane_collector.cpp:689] Core 69: skipped 1024 AICore record slot(s) with start_time=0 (race-window write or recycled-buffer tail). buf seq=0 count=1024
[mono_ns=7228558497746935][T0xe61d845a9ca0][WARN] copy_aicore_buffer: [chip_swimlane_collector.cpp:689] Core 71: skipped 1024 AICore record slot(s) with start_time=0 (race-window write or recycled-buffer tail). buf seq=0 count=1024
[mono_ns=7228558598341733][T0xe61ee18d9020][TIMING] emit_host_span: [STRACE] v=1 pid=3713532 tid=3713532 inv=4 hid=6e59d6c91bcbcc2a depth=1 name=chip.run.runner_run ts=7228558488930255 dur=109404968 
[mono_ns=7228558598438634][T0xe61ee18d9020][TIMING] emit_host_span: [STRACE] v=1 pid=3713532 tid=3713532 inv=4 hid=6e59d6c91bcbcc2a depth=1 name=chip.run.validate ts=7228558598353693 dur=81661 
[mono_ns=7228558598450004][T0xe61ee18d9020][TIMING] emit_host_span: [STRACE] v=1 pid=3713532 tid=3713532 inv=4 hid=6e59d6c91bcbcc2a depth=2 name=chip.run.runner_run.device_wall ts=0 dur=254380 clk=dev
[mono_ns=7228558598454634][T0xe61ee18d9020][TIMING] emit_host_span: [STRACE] v=1 pid=3713532 tid=3713532 inv=4 hid=6e59d6c91bcbcc2a depth=3 name=chip.run.runner_run.device_wall.preamble ts=0 dur=110640 clk=dev
[mono_ns=7228558598459024][T0xe61ee18d9020][TIMING] emit_host_span: [STRACE] v=1 pid=3713532 tid=3713532 inv=4 hid=6e59d6c91bcbcc2a depth=3 name=chip.run.runner_run.device_wall.graph_build ts=106640 dur=137220 clk=dev
[mono_ns=7228558598462154][T0xe61ee18d9020][TIMING] emit_host_span: [STRACE] v=1 pid=3713532 tid=3713532 inv=4 hid=6e59d6c91bcbcc2a depth=3 name=chip.run.runner_run.device_wall.config_validate ts=106740 dur=720 clk=dev
[mono_ns=7228558598466374][T0xe61ee18d9020][TIMING] emit_host_span: [STRACE] v=1 pid=3713532 tid=3713532 inv=4 hid=6e59d6c91bcbcc2a depth=3 name=chip.run.runner_run.device_wall.arena_wire ts=107500 dur=380 clk=dev
[mono_ns=7228558598499544][T0xe61ee18d9020][TIMING] emit_host_span: [STRACE] v=1 pid=3713532 tid=3713532 inv=4 hid=6e59d6c91bcbcc2a depth=3 name=chip.run.runner_run.device_wall.sm_reset ts=107899 dur=899 clk=dev
[mono_ns=7228558598503564][T0xe61ee18d9020][TIMING] emit_host_span: [STRACE] v=1 pid=3713532 tid=3713532 inv=4 hid=6e59d6c91bcbcc2a depth=3 name=chip.run.runner_run.device_wall.post_orch ts=243900 dur=10320 clk=dev
[mono_ns=7228558598507354][T0xe61ee18d9020][TIMING] emit_host_span: [STRACE] v=1 pid=3713532 tid=3713532 inv=4 hid=6e59d6c91bcbcc2a depth=3 name=chip.run.runner_run.device_wall.orch ts=108839 dur=4180 clk=dev
[mono_ns=7228558598511104][T0xe61ee18d9020][TIMING] emit_host_span: [STRACE] v=1 pid=3713532 tid=3713532 inv=4 hid=6e59d6c91bcbcc2a depth=3 name=chip.run.runner_run.device_wall.sched ts=110780 dur=108440 clk=dev
[mono_ns=7228558598516834][T0xe61ee18d9020][TIMING] emit_host_span: [STRACE] v=1 pid=3713532 tid=3713532 inv=4 hid=6e59d6c91bcbcc2a depth=1 name=chip.run.claim_release ts=7228558598514624 dur=440 
[mono_ns=7228558598522164][T0xe61ee18d9020][TIMING] emit_host_span: [STRACE] v=1 pid=3713532 tid=3713532 inv=4 hid=6e59d6c91bcbcc2a depth=0 name=chip.run ts=7228558487873091 dur=110647063 run_id=4 dispatch_id=4 slot_id=0 generation=4 run_epoch=4
[mono_ns=7228563409642157][T0xe61ee18d9020][TIMING] emit_host_span: [STRACE] v=1 pid=3713532 tid=3713532 inv=5 hid=6e59d6c91bcbcc2a depth=2 name=chip.run.bind.args ts=7228563409460446 dur=172771 
[mono_ns=7228563409675907][T0xe61ee18d9020][TIMING] emit_host_span: [STRACE] v=1 pid=3713532 tid=3713532 inv=5 hid=6e59d6c91bcbcc2a depth=2 name=chip.run.bind.prebuilt ts=7228563409663547 dur=9890 
[mono_ns=7228563409723457][T0xe61ee18d9020][TIMING] emit_host_span: [STRACE] v=1 pid=3713532 tid=3713532 inv=5 hid=6e59d6c91bcbcc2a depth=1 name=chip.run.bind ts=7228563409444536 dur=275701 
[mono_ns=7228563518414595][T0xe61ee18d9020][TIMING] emit_host_span: [STRACE] v=1 pid=3713532 tid=3713532 inv=5 hid=6e59d6c91bcbcc2a depth=1 name=chip.run.runner_run ts=7228563410105628 dur=108293937 
[mono_ns=7228563518535415][T0xe61ee18d9020][TIMING] emit_host_span: [STRACE] v=1 pid=3713532 tid=3713532 inv=5 hid=6e59d6c91bcbcc2a depth=1 name=chip.run.validate ts=7228563518431175 dur=99830 
[mono_ns=7228563518547006][T0xe61ee18d9020][TIMING] emit_host_span: [STRACE] v=1 pid=3713532 tid=3713532 inv=5 hid=6e59d6c91bcbcc2a depth=2 name=chip.run.runner_run.device_wall ts=0 dur=3774180 clk=dev
[mono_ns=7228563518551506][T0xe61ee18d9020][TIMING] emit_host_span: [STRACE] v=1 pid=3713532 tid=3713532 inv=5 hid=6e59d6c91bcbcc2a depth=3 name=chip.run.runner_run.device_wall.preamble ts=0 dur=8740 clk=dev
[mono_ns=7228563518555856][T0xe61ee18d9020][TIMING] emit_host_span: [STRACE] v=1 pid=3713532 tid=3713532 inv=5 hid=6e59d6c91bcbcc2a depth=3 name=chip.run.runner_run.device_wall.graph_build ts=1400 dur=3761880 clk=dev
[mono_ns=7228563518559146][T0xe61ee18d9020][TIMING] emit_host_span: [STRACE] v=1 pid=3713532 tid=3713532 inv=5 hid=6e59d6c91bcbcc2a depth=3 name=chip.run.runner_run.device_wall.config_validate ts=1579 dur=1120 clk=dev
[mono_ns=7228563518564056][T0xe61ee18d9020][TIMING] emit_host_span: [STRACE] v=1 pid=3713532 tid=3713532 inv=5 hid=6e59d6c91bcbcc2a depth=3 name=chip.run.runner_run.device_wall.arena_wire ts=2719 dur=679 clk=dev
[mono_ns=7228563518613096][T0xe61ee18d9020][TIMING] emit_host_span: [STRACE] v=1 pid=3713532 tid=3713532 inv=5 hid=6e59d6c91bcbcc2a depth=3 name=chip.run.runner_run.device_wall.sm_reset ts=3440 dur=1020 clk=dev
[mono_ns=7228563518616986][T0xe61ee18d9020][TIMING] emit_host_span: [STRACE] v=1 pid=3713532 tid=3713532 inv=5 hid=6e59d6c91bcbcc2a depth=3 name=chip.run.runner_run.device_wall.post_orch ts=3763320 dur=10560 clk=dev
[mono_ns=7228563518620796][T0xe61ee18d9020][TIMING] emit_host_span: [STRACE] v=1 pid=3713532 tid=3713532 inv=5 hid=6e59d6c91bcbcc2a depth=3 name=chip.run.runner_run.device_wall.orch ts=5200 dur=8080 clk=dev
[mono_ns=7228563518623656][T0xe61ee18d9020][TIMING] emit_host_span: [STRACE] v=1 pid=3713532 tid=3713532 inv=5 hid=6e59d6c91bcbcc2a depth=3 name=chip.run.runner_run.device_wall.sched ts=9000 dur=3746720 clk=dev
[mono_ns=7228563518629756][T0xe61ee18d9020][TIMING] emit_host_span: [STRACE] v=1 pid=3713532 tid=3713532 inv=5 hid=6e59d6c91bcbcc2a depth=1 name=chip.run.claim_release ts=7228563518627346 dur=500 
[mono_ns=7228563518635686][T0xe61ee18d9020][TIMING] emit_host_span: [STRACE] v=1 pid=3713532 tid=3713532 inv=5 hid=6e59d6c91bcbcc2a depth=0 name=chip.run ts=7228563409330186 dur=109303470 run_id=5 dispatch_id=5 slot_id=0 generation=5 run_epoch=5
[mono_ns=7228563529010272][T0xe61ee18d9020][TIMING] emit_host_span: [STRACE] v=1 pid=3713532 tid=3713532 inv=6 hid=6e59d6c91bcbcc2a depth=2 name=chip.run.bind.args ts=7228563528878341 dur=115751 
[mono_ns=7228563529057272][T0xe61ee18d9020][TIMING] emit_host_span: [STRACE] v=1 pid=3713532 tid=3713532 inv=6 hid=6e59d6c91bcbcc2a depth=2 name=chip.run.bind.prebuilt ts=7228563529049122 dur=5020 
[mono_ns=7228563529062192][T0xe61ee18d9020][TIMING] emit_host_span: [STRACE] v=1 pid=3713532 tid=3713532 inv=6 hid=6e59d6c91bcbcc2a depth=1 name=chip.run.bind ts=7228563528866361 dur=193661 
[mono_ns=7228563530389757][T0xe61d84db9ca0][WARN] copy_aicore_buffer: [chip_swimlane_collector.cpp:689] Core 1: skipped 1024 AICore record slot(s) with start_time=0 (race-window write or recycled-buffer tail). buf seq=0 count=1024
[mono_ns=7228563530393347][T0xe61d90f1bca0][WARN] copy_aicore_buffer: [chip_swimlane_collector.cpp:689] Core 0: skipped 1024 AICore record slot(s) with start_time=0 (race-window write or recycled-buffer tail). buf seq=0 count=1024
[mono_ns=7228563530596227][T0xe61d845a9ca0][WARN] copy_aicore_buffer: [chip_swimlane_collector.cpp:689] Core 2: skipped 1024 AICore record slot(s) with start_time=0 (race-window write or recycled-buffer tail). buf seq=0 count=1024
[mono_ns=7228563530727998][T0xe61d90f1bca0][WARN] copy_aicore_buffer: [chip_swimlane_collector.cpp:689] Core 24: skipped 1022 AICore record slot(s) with start_time=0 (race-window write or recycled-buffer tail). buf seq=0 count=1024
[mono_ns=7228563530734778][T0xe61d84db9ca0][WARN] copy_aicore_buffer: [chip_swimlane_collector.cpp:689] Core 26: skipped 1024 AICore record slot(s) with start_time=0 (race-window write or recycled-buffer tail). buf seq=0 count=1024
[mono_ns=7228563530922729][T0xe61d845a9ca0][WARN] copy_aicore_buffer: [chip_swimlane_collector.cpp:689] Core 28: skipped 1023 AICore record slot(s) with start_time=0 (race-window write or recycled-buffer tail). buf seq=0 count=1024
[mono_ns=7228563531068129][T0xe61d90f1bca0][WARN] copy_aicore_buffer: [chip_swimlane_collector.cpp:689] Core 25: skipped 1024 AICore record slot(s) with start_time=0 (race-window write or recycled-buffer tail). buf seq=0 count=1024
[mono_ns=7228563531074249][T0xe61d84db9ca0][WARN] copy_aicore_buffer: [chip_swimlane_collector.cpp:689] Core 27: skipped 1024 AICore record slot(s) with start_time=0 (race-window write or recycled-buffer tail). buf seq=0 count=1024
[mono_ns=7228563531286550][T0xe61d845a9ca0][WARN] copy_aicore_buffer: [chip_swimlane_collector.cpp:689] Core 29: skipped 1024 AICore record slot(s) with start_time=0 (race-window write or recycled-buffer tail). buf seq=0 count=1024
[mono_ns=7228563531393980][T0xe61d90f1bca0][WARN] copy_aicore_buffer: [chip_swimlane_collector.cpp:689] Core 3: skipped 1024 AICore record slot(s) with start_time=0 (race-window write or recycled-buffer tail). buf seq=0 count=1024
[mono_ns=7228563531398900][T0xe61d84db9ca0][WARN] copy_aicore_buffer: [chip_swimlane_collector.cpp:689] Core 4: skipped 1024 AICore record slot(s) with start_time=0 (race-window write or recycled-buffer tail). buf seq=0 count=1024
[mono_ns=7228563531605811][T0xe61d845a9ca0][WARN] copy_aicore_buffer: [chip_swimlane_collector.cpp:689] Core 5: skipped 1024 AICore record slot(s) with start_time=0 (race-window write or recycled-buffer tail). buf seq=0 count=1024
[mono_ns=7228563531717361][T0xe61d90f1bca0][WARN] copy_aicore_buffer: [chip_swimlane_collector.cpp:689] Core 30: skipped 1024 AICore record slot(s) with start_time=0 (race-window write or recycled-buffer tail). buf seq=0 count=1024
[mono_ns=7228563531723091][T0xe61d84db9ca0][WARN] copy_aicore_buffer: [chip_swimlane_collector.cpp:689] Core 32: skipped 1024 AICore record slot(s) with start_time=0 (race-window write or recycled-buffer tail). buf seq=0 count=1024
[mono_ns=7228563531935522][T0xe61d845a9ca0][WARN] copy_aicore_buffer: [chip_swimlane_collector.cpp:689] Core 34: skipped 1024 AICore record slot(s) with start_time=0 (race-window write or recycled-buffer tail). buf seq=0 count=1024
[mono_ns=7228563532051513][T0xe61d90f1bca0][WARN] copy_aicore_buffer: [chip_swimlane_collector.cpp:689] Core 31: skipped 1024 AICore record slot(s) with start_time=0 (race-window write or recycled-buffer tail). buf seq=0 count=1024
[mono_ns=7228563532095633][T0xe61d84db9ca0][WARN] copy_aicore_buffer: [chip_swimlane_collector.cpp:689] Core 33: skipped 1024 AICore record slot(s) with start_time=0 (race-window write or recycled-buffer tail). buf seq=0 count=1024
[mono_ns=7228563532264703][T0xe61d845a9ca0][WARN] copy_aicore_buffer: [chip_swimlane_collector.cpp:689] Core 35: skipped 1024 AICore record slot(s) with start_time=0 (race-window write or recycled-buffer tail). buf seq=0 count=1024
[mono_ns=7228563532378704][T0xe61d90f1bca0][WARN] copy_aicore_buffer: [chip_swimlane_collector.cpp:689] Core 6: skipped 1024 AICore record slot(s) with start_time=0 (race-window write or recycled-buffer tail). buf seq=0 count=1024
[mono_ns=7228563532422084][T0xe61d84db9ca0][WARN] copy_aicore_buffer: [chip_swimlane_collector.cpp:689] Core 7: skipped 1024 AICore record slot(s) with start_time=0 (race-window write or recycled-buffer tail). buf seq=0 count=1024
[mono_ns=7228563532587724][T0xe61d845a9ca0][WARN] copy_aicore_buffer: [chip_swimlane_collector.cpp:689] Core 8: skipped 1024 AICore record slot(s) with start_time=0 (race-window write or recycled-buffer tail). buf seq=0 count=1024
[mono_ns=7228563532703855][T0xe61d90f1bca0][WARN] copy_aicore_buffer: [chip_swimlane_collector.cpp:689] Core 36: skipped 1024 AICore record slot(s) with start_time=0 (race-window write or recycled-buffer tail). buf seq=0 count=1024
[mono_ns=7228563532747925][T0xe61d84db9ca0][WARN] copy_aicore_buffer: [chip_swimlane_collector.cpp:689] Core 38: skipped 1024 AICore record slot(s) with start_time=0 (race-window write or recycled-buffer tail). buf seq=0 count=1024
[mono_ns=7228563532910796][T0xe61d845a9ca0][WARN] copy_aicore_buffer: [chip_swimlane_collector.cpp:689] Core 40: skipped 1024 AICore record slot(s) with start_time=0 (race-window write or recycled-buffer tail). buf seq=0 count=1024
[mono_ns=7228563533057186][T0xe61d90f1bca0][WARN] copy_aicore_buffer: [chip_swimlane_collector.cpp:689] Core 37: skipped 1024 AICore record slot(s) with start_time=0 (race-window write or recycled-buffer tail). buf seq=0 count=1024
[mono_ns=7228563533087006][T0xe61d84db9ca0][WARN] copy_aicore_buffer: [chip_swimlane_collector.cpp:689] Core 39: skipped 1024 AICore record slot(s) with start_time=0 (race-window write or recycled-buffer tail). buf seq=0 count=1024
[mono_ns=7228563533246297][T0xe61d845a9ca0][WARN] copy_aicore_buffer: [chip_swimlane_collector.cpp:689] Core 41: skipped 1024 AICore record slot(s) with start_time=0 (race-window write or recycled-buffer tail). buf seq=0 count=1024
[mono_ns=7228563533384077][T0xe61d90f1bca0][WARN] copy_aicore_buffer: [chip_swimlane_collector.cpp:689] Core 9: skipped 1024 AICore record slot(s) with start_time=0 (race-window write or recycled-buffer tail). buf seq=0 count=1024
[mono_ns=7228563533412637][T0xe61d84db9ca0][WARN] copy_aicore_buffer: [chip_swimlane_collector.cpp:689] Core 10: skipped 1024 AICore record slot(s) with start_time=0 (race-window write or recycled-buffer tail). buf seq=0 count=1024
[mono_ns=7228563533570608][T0xe61d845a9ca0][WARN] copy_aicore_buffer: [chip_swimlane_collector.cpp:689] Core 11: skipped 1024 AICore record slot(s) with start_time=0 (race-window write or recycled-buffer tail). buf seq=0 count=1024
[mono_ns=7228563533710438][T0xe61d90f1bca0][WARN] copy_aicore_buffer: [chip_swimlane_collector.cpp:689] Core 42: skipped 1024 AICore record slot(s) with start_time=0 (race-window write or recycled-buffer tail). buf seq=0 count=1024
[mono_ns=7228563533774729][T0xe61d84db9ca0][WARN] copy_aicore_buffer: [chip_swimlane_collector.cpp:689] Core 44: skipped 1024 AICore record slot(s) with start_time=0 (race-window write or recycled-buffer tail). buf seq=0 count=1024
[mono_ns=7228563533893159][T0xe61d845a9ca0][WARN] copy_aicore_buffer: [chip_swimlane_collector.cpp:689] Core 46: skipped 1024 AICore record slot(s) with start_time=0 (race-window write or recycled-buffer tail). buf seq=0 count=1024
[mono_ns=7228563534044019][T0xe61d90f1bca0][WARN] copy_aicore_buffer: [chip_swimlane_collector.cpp:689] Core 43: skipped 1024 AICore record slot(s) with start_time=0 (race-window write or recycled-buffer tail). buf seq=0 count=1024
[mono_ns=7228563534111760][T0xe61d84db9ca0][WARN] copy_aicore_buffer: [chip_swimlane_collector.cpp:689] Core 45: skipped 1024 AICore record slot(s) with start_time=0 (race-window write or recycled-buffer tail). buf seq=0 count=1024
[mono_ns=7228563534218970][T0xe61d845a9ca0][WARN] copy_aicore_buffer: [chip_swimlane_collector.cpp:689] Core 47: skipped 1024 AICore record slot(s) with start_time=0 (race-window write or recycled-buffer tail). buf seq=0 count=1024
[mono_ns=7228563534369401][T0xe61d90f1bca0][WARN] copy_aicore_buffer: [chip_swimlane_collector.cpp:689] Core 12: skipped 1024 AICore record slot(s) with start_time=0 (race-window write or recycled-buffer tail). buf seq=0 count=1024
[mono_ns=7228563534443381][T0xe61d84db9ca0][WARN] copy_aicore_buffer: [chip_swimlane_collector.cpp:689] Core 13: skipped 1024 AICore record slot(s) with start_time=0 (race-window write or recycled-buffer tail). buf seq=0 count=1024
[mono_ns=7228563534541351][T0xe61d845a9ca0][WARN] copy_aicore_buffer: [chip_swimlane_collector.cpp:689] Core 14: skipped 1024 AICore record slot(s) with start_time=0 (race-window write or recycled-buffer tail). buf seq=0 count=1024
[mono_ns=7228563534727802][T0xe61d90f1bca0][WARN] copy_aicore_buffer: [chip_swimlane_collector.cpp:689] Core 48: skipped 1024 AICore record slot(s) with start_time=0 (race-window write or recycled-buffer tail). buf seq=0 count=1024
[mono_ns=7228563534769162][T0xe61d84db9ca0][WARN] copy_aicore_buffer: [chip_swimlane_collector.cpp:689] Core 50: skipped 1024 AICore record slot(s) with start_time=0 (race-window write or recycled-buffer tail). buf seq=0 count=1024
[mono_ns=7228563534864432][T0xe61d845a9ca0][WARN] copy_aicore_buffer: [chip_swimlane_collector.cpp:689] Core 52: skipped 1024 AICore record slot(s) with start_time=0 (race-window write or recycled-buffer tail). buf seq=0 count=1024
[mono_ns=7228563535065013][T0xe61d90f1bca0][WARN] copy_aicore_buffer: [chip_swimlane_collector.cpp:689] Core 49: skipped 1024 AICore record slot(s) with start_time=0 (race-window write or recycled-buffer tail). buf seq=0 count=1024
[mono_ns=7228563535108953][T0xe61d84db9ca0][WARN] copy_aicore_buffer: [chip_swimlane_collector.cpp:689] Core 51: skipped 1024 AICore record slot(s) with start_time=0 (race-window write or recycled-buffer tail). buf seq=0 count=1024
[mono_ns=7228563535197453][T0xe61d845a9ca0][WARN] copy_aicore_buffer: [chip_swimlane_collector.cpp:689] Core 53: skipped 1024 AICore record slot(s) with start_time=0 (race-window write or recycled-buffer tail). buf seq=0 count=1024
[mono_ns=7228563535390664][T0xe61d90f1bca0][WARN] copy_aicore_buffer: [chip_swimlane_collector.cpp:689] Core 15: skipped 1024 AICore record slot(s) with start_time=0 (race-window write or recycled-buffer tail). buf seq=0 count=1024
[mono_ns=7228563535434664][T0xe61d84db9ca0][WARN] copy_aicore_buffer: [chip_swimlane_collector.cpp:689] Core 16: skipped 1024 AICore record slot(s) with start_time=0 (race-window write or recycled-buffer tail). buf seq=0 count=1024
[mono_ns=7228563535533665][T0xe61d845a9ca0][WARN] copy_aicore_buffer: [chip_swimlane_collector.cpp:689] Core 17: skipped 1024 AICore record slot(s) with start_time=0 (race-window write or recycled-buffer tail). buf seq=0 count=1024
[mono_ns=7228563535715635][T0xe61d90f1bca0][WARN] copy_aicore_buffer: [chip_swimlane_collector.cpp:689] Core 54: skipped 1024 AICore record slot(s) with start_time=0 (race-window write or recycled-buffer tail). buf seq=0 count=1024
[mono_ns=7228563535759595][T0xe61d84db9ca0][WARN] copy_aicore_buffer: [chip_swimlane_collector.cpp:689] Core 56: skipped 1024 AICore record slot(s) with start_time=0 (race-window write or recycled-buffer tail). buf seq=0 count=1024
[mono_ns=7228563535855216][T0xe61d845a9ca0][WARN] copy_aicore_buffer: [chip_swimlane_collector.cpp:689] Core 58: skipped 1024 AICore record slot(s) with start_time=0 (race-window write or recycled-buffer tail). buf seq=0 count=1024
[mono_ns=7228563536049206][T0xe61d90f1bca0][WARN] copy_aicore_buffer: [chip_swimlane_collector.cpp:689] Core 55: skipped 1024 AICore record slot(s) with start_time=0 (race-window write or recycled-buffer tail). buf seq=0 count=1024
[mono_ns=7228563536094877][T0xe61d84db9ca0][WARN] copy_aicore_buffer: [chip_swimlane_collector.cpp:689] Core 57: skipped 1024 AICore record slot(s) with start_time=0 (race-window write or recycled-buffer tail). buf seq=0 count=1024
[mono_ns=7228563536184207][T0xe61d845a9ca0][WARN] copy_aicore_buffer: [chip_swimlane_collector.cpp:689] Core 59: skipped 1024 AICore record slot(s) with start_time=0 (race-window write or recycled-buffer tail). buf seq=0 count=1024
[mono_ns=7228563536373618][T0xe61d90f1bca0][WARN] copy_aicore_buffer: [chip_swimlane_collector.cpp:689] Core 18: skipped 1024 AICore record slot(s) with start_time=0 (race-window write or recycled-buffer tail). buf seq=0 count=1024
[mono_ns=7228563536430528][T0xe61d84db9ca0][WARN] copy_aicore_buffer: [chip_swimlane_collector.cpp:689] Core 19: skipped 1024 AICore record slot(s) with start_time=0 (race-window write or recycled-buffer tail). buf seq=0 count=1024
[mono_ns=7228563536507158][T0xe61d845a9ca0][WARN] copy_aicore_buffer: [chip_swimlane_collector.cpp:689] Core 20: skipped 1024 AICore record slot(s) with start_time=0 (race-window write or recycled-buffer tail). buf seq=0 count=1024
[mono_ns=7228563536698529][T0xe61d90f1bca0][WARN] copy_aicore_buffer: [chip_swimlane_collector.cpp:689] Core 60: skipped 1024 AICore record slot(s) with start_time=0 (race-window write or recycled-buffer tail). buf seq=0 count=1024
[mono_ns=7228563536757119][T0xe61d84db9ca0][WARN] copy_aicore_buffer: [chip_swimlane_collector.cpp:689] Core 62: skipped 1024 AICore record slot(s) with start_time=0 (race-window write or recycled-buffer tail). buf seq=0 count=1024
[mono_ns=7228563536829359][T0xe61d845a9ca0][WARN] copy_aicore_buffer: [chip_swimlane_collector.cpp:689] Core 64: skipped 1024 AICore record slot(s) with start_time=0 (race-window write or recycled-buffer tail). buf seq=0 count=1024
[mono_ns=7228563537034670][T0xe61d90f1bca0][WARN] copy_aicore_buffer: [chip_swimlane_collector.cpp:689] Core 61: skipped 1024 AICore record slot(s) with start_time=0 (race-window write or recycled-buffer tail). buf seq=0 count=1024
[mono_ns=7228563537090630][T0xe61d84db9ca0][WARN] copy_aicore_buffer: [chip_swimlane_collector.cpp:689] Core 63: skipped 1024 AICore record slot(s) with start_time=0 (race-window write or recycled-buffer tail). buf seq=0 count=1024
[mono_ns=7228563537191340][T0xe61d845a9ca0][WARN] copy_aicore_buffer: [chip_swimlane_collector.cpp:689] Core 65: skipped 1024 AICore record slot(s) with start_time=0 (race-window write or recycled-buffer tail). buf seq=0 count=1024
[mono_ns=7228563537360721][T0xe61d90f1bca0][WARN] copy_aicore_buffer: [chip_swimlane_collector.cpp:689] Core 21: skipped 1024 AICore record slot(s) with start_time=0 (race-window write or recycled-buffer tail). buf seq=0 count=1024
[mono_ns=7228563537416471][T0xe61d84db9ca0][WARN] copy_aicore_buffer: [chip_swimlane_collector.cpp:689] Core 22: skipped 1024 AICore record slot(s) with start_time=0 (race-window write or recycled-buffer tail). buf seq=0 count=1024
[mono_ns=7228563537514492][T0xe61d845a9ca0][WARN] copy_aicore_buffer: [chip_swimlane_collector.cpp:689] Core 23: skipped 1024 AICore record slot(s) with start_time=0 (race-window write or recycled-buffer tail). buf seq=0 count=1024
[mono_ns=7228563537686472][T0xe61d90f1bca0][WARN] copy_aicore_buffer: [chip_swimlane_collector.cpp:689] Core 66: skipped 1024 AICore record slot(s) with start_time=0 (race-window write or recycled-buffer tail). buf seq=0 count=1024
[mono_ns=7228563537743122][T0xe61d84db9ca0][WARN] copy_aicore_buffer: [chip_swimlane_collector.cpp:689] Core 68: skipped 1024 AICore record slot(s) with start_time=0 (race-window write or recycled-buffer tail). buf seq=0 count=1024
[mono_ns=7228563537836113][T0xe61d845a9ca0][WARN] copy_aicore_buffer: [chip_swimlane_collector.cpp:689] Core 70: skipped 1024 AICore record slot(s) with start_time=0 (race-window write or recycled-buffer tail). buf seq=0 count=1024
[mono_ns=7228563538026013][T0xe61d90f1bca0][WARN] copy_aicore_buffer: [chip_swimlane_collector.cpp:689] Core 67: skipped 1024 AICore record slot(s) with start_time=0 (race-window write or recycled-buffer tail). buf seq=0 count=1024
[mono_ns=7228563538108184][T0xe61d84db9ca0][WARN] copy_aicore_buffer: [chip_swimlane_collector.cpp:689] Core 69: skipped 1024 AICore record slot(s) with start_time=0 (race-window write or recycled-buffer tail). buf seq=0 count=1024
[mono_ns=7228563538179534][T0xe61d845a9ca0][WARN] copy_aicore_buffer: [chip_swimlane_collector.cpp:689] Core 71: skipped 1024 AICore record slot(s) with start_time=0 (race-window write or recycled-buffer tail). buf seq=0 count=1024
[mono_ns=7228563638847954][T0xe61ee18d9020][TIMING] emit_host_span: [STRACE] v=1 pid=3713532 tid=3713532 inv=6 hid=6e59d6c91bcbcc2a depth=1 name=chip.run.runner_run ts=7228563529601944 dur=109234160 
[mono_ns=7228563638949555][T0xe61ee18d9020][TIMING] emit_host_span: [STRACE] v=1 pid=3713532 tid=3713532 inv=6 hid=6e59d6c91bcbcc2a depth=1 name=chip.run.validate ts=7228563638857884 dur=87641 
[mono_ns=7228563638956815][T0xe61ee18d9020][TIMING] emit_host_span: [STRACE] v=1 pid=3713532 tid=3713532 inv=6 hid=6e59d6c91bcbcc2a depth=2 name=chip.run.runner_run.device_wall ts=0 dur=248500 clk=dev
[mono_ns=7228563638960775][T0xe61ee18d9020][TIMING] emit_host_span: [STRACE] v=1 pid=3713532 tid=3713532 inv=6 hid=6e59d6c91bcbcc2a depth=3 name=chip.run.runner_run.device_wall.preamble ts=0 dur=108339 clk=dev
[mono_ns=7228563638993485][T0xe61ee18d9020][TIMING] emit_host_span: [STRACE] v=1 pid=3713532 tid=3713532 inv=6 hid=6e59d6c91bcbcc2a depth=3 name=chip.run.runner_run.device_wall.graph_build ts=104440 dur=133040 clk=dev
[mono_ns=7228563638997485][T0xe61ee18d9020][TIMING] emit_host_span: [STRACE] v=1 pid=3713532 tid=3713532 inv=6 hid=6e59d6c91bcbcc2a depth=3 name=chip.run.runner_run.device_wall.config_validate ts=104520 dur=740 clk=dev
[mono_ns=7228563639018915][T0xe61ee18d9020][TIMING] emit_host_span: [STRACE] v=1 pid=3713532 tid=3713532 inv=6 hid=6e59d6c91bcbcc2a depth=3 name=chip.run.runner_run.device_wall.arena_wire ts=105300 dur=360 clk=dev
[mono_ns=7228563639022345][T0xe61ee18d9020][TIMING] emit_host_span: [STRACE] v=1 pid=3713532 tid=3713532 inv=6 hid=6e59d6c91bcbcc2a depth=3 name=chip.run.runner_run.device_wall.sm_reset ts=105680 dur=620 clk=dev
[mono_ns=7228563639025345][T0xe61ee18d9020][TIMING] emit_host_span: [STRACE] v=1 pid=3713532 tid=3713532 inv=6 hid=6e59d6c91bcbcc2a depth=3 name=chip.run.runner_run.device_wall.post_orch ts=237560 dur=10800 clk=dev
[mono_ns=7228563639028255][T0xe61ee18d9020][TIMING] emit_host_span: [STRACE] v=1 pid=3713532 tid=3713532 inv=6 hid=6e59d6c91bcbcc2a depth=3 name=chip.run.runner_run.device_wall.orch ts=106340 dur=3480 clk=dev
[mono_ns=7228563639031095][T0xe61ee18d9020][TIMING] emit_host_span: [STRACE] v=1 pid=3713532 tid=3713532 inv=6 hid=6e59d6c91bcbcc2a depth=3 name=chip.run.runner_run.device_wall.sched ts=108440 dur=105400 clk=dev
[mono_ns=7228563639035645][T0xe61ee18d9020][TIMING] emit_host_span: [STRACE] v=1 pid=3713532 tid=3713532 inv=6 hid=6e59d6c91bcbcc2a depth=1 name=chip.run.claim_release ts=7228563639033375 dur=460 
[mono_ns=7228563639054255][T0xe61ee18d9020][TIMING] emit_host_span: [STRACE] v=1 pid=3713532 tid=3713532 inv=6 hid=6e59d6c91bcbcc2a depth=0 name=chip.run ts=7228563528822561 dur=110229384 run_id=6 dispatch_id=6 slot_id=0 generation=6 run_epoch=6
[mono_ns=7228568448415304][T0xe61ee18d9020][TIMING] emit_host_span: [STRACE] v=1 pid=3713532 tid=3713532 inv=7 hid=6e59d6c91bcbcc2a depth=2 name=chip.run.bind.args ts=7228568448242123 dur=162901 
[mono_ns=7228568448448804][T0xe61ee18d9020][TIMING] emit_host_span: [STRACE] v=1 pid=3713532 tid=3713532 inv=7 hid=6e59d6c91bcbcc2a depth=2 name=chip.run.bind.prebuilt ts=7228568448437314 dur=8680 
[mono_ns=7228568448454504][T0xe61ee18d9020][TIMING] emit_host_span: [STRACE] v=1 pid=3713532 tid=3713532 inv=7 hid=6e59d6c91bcbcc2a depth=1 name=chip.run.bind ts=7228568448225713 dur=226141 
[mono_ns=7228568557247035][T0xe61ee18d9020][TIMING] emit_host_span: [STRACE] v=1 pid=3713532 tid=3713532 inv=7 hid=6e59d6c91bcbcc2a depth=1 name=chip.run.runner_run ts=7228568448794925 dur=108435880 
[mono_ns=7228568557363625][T0xe61ee18d9020][TIMING] emit_host_span: [STRACE] v=1 pid=3713532 tid=3713532 inv=7 hid=6e59d6c91bcbcc2a depth=1 name=chip.run.validate ts=7228568557265135 dur=94320 
[mono_ns=7228568557375625][T0xe61ee18d9020][TIMING] emit_host_span: [STRACE] v=1 pid=3713532 tid=3713532 inv=7 hid=6e59d6c91bcbcc2a depth=2 name=chip.run.runner_run.device_wall ts=0 dur=3238060 clk=dev
[mono_ns=7228568557429995][T0xe61ee18d9020][TIMING] emit_host_span: [STRACE] v=1 pid=3713532 tid=3713532 inv=7 hid=6e59d6c91bcbcc2a depth=3 name=chip.run.runner_run.device_wall.preamble ts=0 dur=6580 clk=dev
[mono_ns=7228568557434975][T0xe61ee18d9020][TIMING] emit_host_span: [STRACE] v=1 pid=3713532 tid=3713532 inv=7 hid=6e59d6c91bcbcc2a depth=3 name=chip.run.runner_run.device_wall.graph_build ts=2000 dur=3225580 clk=dev
[mono_ns=7228568557439465][T0xe61ee18d9020][TIMING] emit_host_span: [STRACE] v=1 pid=3713532 tid=3713532 inv=7 hid=6e59d6c91bcbcc2a depth=3 name=chip.run.runner_run.device_wall.config_validate ts=2120 dur=919 clk=dev
[mono_ns=7228568557444155][T0xe61ee18d9020][TIMING] emit_host_span: [STRACE] v=1 pid=3713532 tid=3713532 inv=7 hid=6e59d6c91bcbcc2a depth=3 name=chip.run.runner_run.device_wall.arena_wire ts=3060 dur=500 clk=dev
[mono_ns=7228568557447445][T0xe61ee18d9020][TIMING] emit_host_span: [STRACE] v=1 pid=3713532 tid=3713532 inv=7 hid=6e59d6c91bcbcc2a depth=3 name=chip.run.runner_run.device_wall.sm_reset ts=3599 dur=1500 clk=dev
[mono_ns=7228568557451245][T0xe61ee18d9020][TIMING] emit_host_span: [STRACE] v=1 pid=3713532 tid=3713532 inv=7 hid=6e59d6c91bcbcc2a depth=3 name=chip.run.runner_run.device_wall.post_orch ts=3227640 dur=10200 clk=dev
[mono_ns=7228568557454985][T0xe61ee18d9020][TIMING] emit_host_span: [STRACE] v=1 pid=3713532 tid=3713532 inv=7 hid=6e59d6c91bcbcc2a depth=3 name=chip.run.runner_run.device_wall.orch ts=5939 dur=8760 clk=dev
[mono_ns=7228568557458825][T0xe61ee18d9020][TIMING] emit_host_span: [STRACE] v=1 pid=3713532 tid=3713532 inv=7 hid=6e59d6c91bcbcc2a depth=3 name=chip.run.runner_run.device_wall.sched ts=6700 dur=3213020 clk=dev
[mono_ns=7228568557485056][T0xe61ee18d9020][TIMING] emit_host_span: [STRACE] v=1 pid=3713532 tid=3713532 inv=7 hid=6e59d6c91bcbcc2a depth=1 name=chip.run.claim_release ts=7228568557482186 dur=520 
[mono_ns=7228568557491296][T0xe61ee18d9020][TIMING] emit_host_span: [STRACE] v=1 pid=3713532 tid=3713532 inv=7 hid=6e59d6c91bcbcc2a depth=0 name=chip.run ts=7228568448103813 dur=109385363 run_id=7 dispatch_id=7 slot_id=0 generation=7 run_epoch=7
[mono_ns=7228568594945557][T0xe61ee18d9020][TIMING] emit_host_span: [STRACE] v=1 pid=3713532 tid=3713532 inv=8 hid=6e59d6c91bcbcc2a depth=2 name=chip.run.bind.args ts=7228568594817976 dur=120621 
[mono_ns=7228568594964587][T0xe61ee18d9020][TIMING] emit_host_span: [STRACE] v=1 pid=3713532 tid=3713532 inv=8 hid=6e59d6c91bcbcc2a depth=2 name=chip.run.bind.prebuilt ts=7228568594957447 dur=4760 
[mono_ns=7228568594969807][T0xe61ee18d9020][TIMING] emit_host_span: [STRACE] v=1 pid=3713532 tid=3713532 inv=8 hid=6e59d6c91bcbcc2a depth=1 name=chip.run.bind ts=7228568594805306 dur=162311 
[mono_ns=7228568596191711][T0xe61d90f1bca0][WARN] copy_aicore_buffer: [chip_swimlane_collector.cpp:689] Core 0: skipped 1024 AICore record slot(s) with start_time=0 (race-window write or recycled-buffer tail). buf seq=0 count=1024
[mono_ns=7228568596198311][T0xe61d84db9ca0][WARN] copy_aicore_buffer: [chip_swimlane_collector.cpp:689] Core 1: skipped 1024 AICore record slot(s) with start_time=0 (race-window write or recycled-buffer tail). buf seq=0 count=1024
[mono_ns=7228568596255411][T0xe61d845a9ca0][WARN] copy_aicore_buffer: [chip_swimlane_collector.cpp:689] Core 2: skipped 1024 AICore record slot(s) with start_time=0 (race-window write or recycled-buffer tail). buf seq=0 count=1024
[mono_ns=7228568596532522][T0xe61d90f1bca0][WARN] copy_aicore_buffer: [chip_swimlane_collector.cpp:689] Core 24: skipped 1024 AICore record slot(s) with start_time=0 (race-window write or recycled-buffer tail). buf seq=0 count=1024
[mono_ns=7228568596566572][T0xe61d84db9ca0][WARN] copy_aicore_buffer: [chip_swimlane_collector.cpp:689] Core 26: skipped 1023 AICore record slot(s) with start_time=0 (race-window write or recycled-buffer tail). buf seq=0 count=1024
[mono_ns=7228568596622853][T0xe61d845a9ca0][WARN] copy_aicore_buffer: [chip_swimlane_collector.cpp:689] Core 28: skipped 1022 AICore record slot(s) with start_time=0 (race-window write or recycled-buffer tail). buf seq=0 count=1024
[mono_ns=7228568596862903][T0xe61d90f1bca0][WARN] copy_aicore_buffer: [chip_swimlane_collector.cpp:689] Core 25: skipped 1024 AICore record slot(s) with start_time=0 (race-window write or recycled-buffer tail). buf seq=0 count=1024
[mono_ns=7228568596900564][T0xe61d84db9ca0][WARN] copy_aicore_buffer: [chip_swimlane_collector.cpp:689] Core 27: skipped 1024 AICore record slot(s) with start_time=0 (race-window write or recycled-buffer tail). buf seq=0 count=1024
[mono_ns=7228568596948604][T0xe61d845a9ca0][WARN] copy_aicore_buffer: [chip_swimlane_collector.cpp:689] Core 29: skipped 1024 AICore record slot(s) with start_time=0 (race-window write or recycled-buffer tail). buf seq=0 count=1024
[mono_ns=7228568597203155][T0xe61d90f1bca0][WARN] copy_aicore_buffer: [chip_swimlane_collector.cpp:689] Core 3: skipped 1024 AICore record slot(s) with start_time=0 (race-window write or recycled-buffer tail). buf seq=0 count=1024
[mono_ns=7228568597247465][T0xe61d84db9ca0][WARN] copy_aicore_buffer: [chip_swimlane_collector.cpp:689] Core 4: skipped 1024 AICore record slot(s) with start_time=0 (race-window write or recycled-buffer tail). buf seq=0 count=1024
[mono_ns=7228568597285835][T0xe61d845a9ca0][WARN] copy_aicore_buffer: [chip_swimlane_collector.cpp:689] Core 5: skipped 1024 AICore record slot(s) with start_time=0 (race-window write or recycled-buffer tail). buf seq=0 count=1024
[mono_ns=7228568597533986][T0xe61d90f1bca0][WARN] copy_aicore_buffer: [chip_swimlane_collector.cpp:689] Core 30: skipped 1024 AICore record slot(s) with start_time=0 (race-window write or recycled-buffer tail). buf seq=0 count=1024
[mono_ns=7228568597593086][T0xe61d84db9ca0][WARN] copy_aicore_buffer: [chip_swimlane_collector.cpp:689] Core 32: skipped 1024 AICore record slot(s) with start_time=0 (race-window write or recycled-buffer tail). buf seq=0 count=1024
[mono_ns=7228568597607946][T0xe61d845a9ca0][WARN] copy_aicore_buffer: [chip_swimlane_collector.cpp:689] Core 34: skipped 1024 AICore record slot(s) with start_time=0 (race-window write or recycled-buffer tail). buf seq=0 count=1024
[mono_ns=7228568597861737][T0xe61d90f1bca0][WARN] copy_aicore_buffer: [chip_swimlane_collector.cpp:689] Core 31: skipped 1024 AICore record slot(s) with start_time=0 (race-window write or recycled-buffer tail). buf seq=0 count=1024
[mono_ns=7228568597923037][T0xe61d84db9ca0][WARN] copy_aicore_buffer: [chip_swimlane_collector.cpp:689] Core 33: skipped 1024 AICore record slot(s) with start_time=0 (race-window write or recycled-buffer tail). buf seq=0 count=1024
[mono_ns=7228568597925667][T0xe61d845a9ca0][WARN] copy_aicore_buffer: [chip_swimlane_collector.cpp:689] Core 35: skipped 1024 AICore record slot(s) with start_time=0 (race-window write or recycled-buffer tail). buf seq=0 count=1024
[mono_ns=7228568598196228][T0xe61d90f1bca0][WARN] copy_aicore_buffer: [chip_swimlane_collector.cpp:689] Core 6: skipped 1024 AICore record slot(s) with start_time=0 (race-window write or recycled-buffer tail). buf seq=0 count=1024
[mono_ns=7228568598276478][T0xe61d84db9ca0][WARN] copy_aicore_buffer: [chip_swimlane_collector.cpp:689] Core 7: skipped 1024 AICore record slot(s) with start_time=0 (race-window write or recycled-buffer tail). buf seq=0 count=1024
[mono_ns=7228568598298088][T0xe61d845a9ca0][WARN] copy_aicore_buffer: [chip_swimlane_collector.cpp:689] Core 8: skipped 1024 AICore record slot(s) with start_time=0 (race-window write or recycled-buffer tail). buf seq=0 count=1024
[mono_ns=7228568598525249][T0xe61d90f1bca0][WARN] copy_aicore_buffer: [chip_swimlane_collector.cpp:689] Core 36: skipped 1024 AICore record slot(s) with start_time=0 (race-window write or recycled-buffer tail). buf seq=0 count=1024
[mono_ns=7228568598605699][T0xe61d84db9ca0][WARN] copy_aicore_buffer: [chip_swimlane_collector.cpp:689] Core 38: skipped 1024 AICore record slot(s) with start_time=0 (race-window write or recycled-buffer tail). buf seq=0 count=1024
[mono_ns=7228568598619740][T0xe61d845a9ca0][WARN] copy_aicore_buffer: [chip_swimlane_collector.cpp:689] Core 40: skipped 1024 AICore record slot(s) with start_time=0 (race-window write or recycled-buffer tail). buf seq=0 count=1024
[mono_ns=7228568598853070][T0xe61d90f1bca0][WARN] copy_aicore_buffer: [chip_swimlane_collector.cpp:689] Core 37: skipped 1024 AICore record slot(s) with start_time=0 (race-window write or recycled-buffer tail). buf seq=0 count=1024
[mono_ns=7228568598934891][T0xe61d84db9ca0][WARN] copy_aicore_buffer: [chip_swimlane_collector.cpp:689] Core 39: skipped 1024 AICore record slot(s) with start_time=0 (race-window write or recycled-buffer tail). buf seq=0 count=1024
[mono_ns=7228568598936111][T0xe61d845a9ca0][WARN] copy_aicore_buffer: [chip_swimlane_collector.cpp:689] Core 41: skipped 1024 AICore record slot(s) with start_time=0 (race-window write or recycled-buffer tail). buf seq=0 count=1024
[mono_ns=7228568599196502][T0xe61d90f1bca0][WARN] copy_aicore_buffer: [chip_swimlane_collector.cpp:689] Core 9: skipped 1024 AICore record slot(s) with start_time=0 (race-window write or recycled-buffer tail). buf seq=0 count=1024
[mono_ns=7228568599277842][T0xe61d845a9ca0][WARN] copy_aicore_buffer: [chip_swimlane_collector.cpp:689] Core 11: skipped 1024 AICore record slot(s) with start_time=0 (race-window write or recycled-buffer tail). buf seq=0 count=1024
[mono_ns=7228568599317002][T0xe61d84db9ca0][WARN] copy_aicore_buffer: [chip_swimlane_collector.cpp:689] Core 10: skipped 1024 AICore record slot(s) with start_time=0 (race-window write or recycled-buffer tail). buf seq=0 count=1024
[mono_ns=7228568599525583][T0xe61d90f1bca0][WARN] copy_aicore_buffer: [chip_swimlane_collector.cpp:689] Core 42: skipped 1024 AICore record slot(s) with start_time=0 (race-window write or recycled-buffer tail). buf seq=0 count=1024
[mono_ns=7228568599599573][T0xe61d845a9ca0][WARN] copy_aicore_buffer: [chip_swimlane_collector.cpp:689] Core 46: skipped 1024 AICore record slot(s) with start_time=0 (race-window write or recycled-buffer tail). buf seq=0 count=1024
[mono_ns=7228568599646763][T0xe61d84db9ca0][WARN] copy_aicore_buffer: [chip_swimlane_collector.cpp:689] Core 44: skipped 1024 AICore record slot(s) with start_time=0 (race-window write or recycled-buffer tail). buf seq=0 count=1024
[mono_ns=7228568599853804][T0xe61d90f1bca0][WARN] copy_aicore_buffer: [chip_swimlane_collector.cpp:689] Core 43: skipped 1024 AICore record slot(s) with start_time=0 (race-window write or recycled-buffer tail). buf seq=0 count=1024
[mono_ns=7228568599920194][T0xe61d845a9ca0][WARN] copy_aicore_buffer: [chip_swimlane_collector.cpp:689] Core 47: skipped 1024 AICore record slot(s) with start_time=0 (race-window write or recycled-buffer tail). buf seq=0 count=1024
[mono_ns=7228568599976824][T0xe61d84db9ca0][WARN] copy_aicore_buffer: [chip_swimlane_collector.cpp:689] Core 45: skipped 1024 AICore record slot(s) with start_time=0 (race-window write or recycled-buffer tail). buf seq=0 count=1024
[mono_ns=7228568600207485][T0xe61d90f1bca0][WARN] copy_aicore_buffer: [chip_swimlane_collector.cpp:689] Core 12: skipped 1024 AICore record slot(s) with start_time=0 (race-window write or recycled-buffer tail). buf seq=0 count=1024
[mono_ns=7228568600319515][T0xe61d84db9ca0][WARN] copy_aicore_buffer: [chip_swimlane_collector.cpp:689] Core 13: skipped 1024 AICore record slot(s) with start_time=0 (race-window write or recycled-buffer tail). buf seq=0 count=1024
[mono_ns=7228568600321675][T0xe61d845a9ca0][WARN] copy_aicore_buffer: [chip_swimlane_collector.cpp:689] Core 14: skipped 1024 AICore record slot(s) with start_time=0 (race-window write or recycled-buffer tail). buf seq=0 count=1024
[mono_ns=7228568600537216][T0xe61d90f1bca0][WARN] copy_aicore_buffer: [chip_swimlane_collector.cpp:689] Core 48: skipped 1024 AICore record slot(s) with start_time=0 (race-window write or recycled-buffer tail). buf seq=0 count=1024
[mono_ns=7228568600641487][T0xe61d845a9ca0][WARN] copy_aicore_buffer: [chip_swimlane_collector.cpp:689] Core 52: skipped 1024 AICore record slot(s) with start_time=0 (race-window write or recycled-buffer tail). buf seq=0 count=1024
[mono_ns=7228568600651087][T0xe61d84db9ca0][WARN] copy_aicore_buffer: [chip_swimlane_collector.cpp:689] Core 50: skipped 1024 AICore record slot(s) with start_time=0 (race-window write or recycled-buffer tail). buf seq=0 count=1024
[mono_ns=7228568600867377][T0xe61d90f1bca0][WARN] copy_aicore_buffer: [chip_swimlane_collector.cpp:689] Core 49: skipped 1024 AICore record slot(s) with start_time=0 (race-window write or recycled-buffer tail). buf seq=0 count=1024
[mono_ns=7228568600963098][T0xe61d845a9ca0][WARN] copy_aicore_buffer: [chip_swimlane_collector.cpp:689] Core 53: skipped 1024 AICore record slot(s) with start_time=0 (race-window write or recycled-buffer tail). buf seq=0 count=1024
[mono_ns=7228568601024338][T0xe61d84db9ca0][WARN] copy_aicore_buffer: [chip_swimlane_collector.cpp:689] Core 51: skipped 1024 AICore record slot(s) with start_time=0 (race-window write or recycled-buffer tail). buf seq=0 count=1024
[mono_ns=7228568601206179][T0xe61d90f1bca0][WARN] copy_aicore_buffer: [chip_swimlane_collector.cpp:689] Core 15: skipped 1024 AICore record slot(s) with start_time=0 (race-window write or recycled-buffer tail). buf seq=0 count=1024
[mono_ns=7228568601299859][T0xe61d845a9ca0][WARN] copy_aicore_buffer: [chip_swimlane_collector.cpp:689] Core 17: skipped 1024 AICore record slot(s) with start_time=0 (race-window write or recycled-buffer tail). buf seq=0 count=1024
[mono_ns=7228568601355689][T0xe61d84db9ca0][WARN] copy_aicore_buffer: [chip_swimlane_collector.cpp:689] Core 16: skipped 1024 AICore record slot(s) with start_time=0 (race-window write or recycled-buffer tail). buf seq=0 count=1024
[mono_ns=7228568601535090][T0xe61d90f1bca0][WARN] copy_aicore_buffer: [chip_swimlane_collector.cpp:689] Core 54: skipped 1024 AICore record slot(s) with start_time=0 (race-window write or recycled-buffer tail). buf seq=0 count=1024
[mono_ns=7228568601623770][T0xe61d845a9ca0][WARN] copy_aicore_buffer: [chip_swimlane_collector.cpp:689] Core 58: skipped 1024 AICore record slot(s) with start_time=0 (race-window write or recycled-buffer tail). buf seq=0 count=1024
[mono_ns=7228568601685950][T0xe61d84db9ca0][WARN] copy_aicore_buffer: [chip_swimlane_collector.cpp:689] Core 56: skipped 1024 AICore record slot(s) with start_time=0 (race-window write or recycled-buffer tail). buf seq=0 count=1024
[mono_ns=7228568601898121][T0xe61d90f1bca0][WARN] copy_aicore_buffer: [chip_swimlane_collector.cpp:689] Core 55: skipped 1024 AICore record slot(s) with start_time=0 (race-window write or recycled-buffer tail). buf seq=0 count=1024
[mono_ns=7228568601946091][T0xe61d845a9ca0][WARN] copy_aicore_buffer: [chip_swimlane_collector.cpp:689] Core 59: skipped 1024 AICore record slot(s) with start_time=0 (race-window write or recycled-buffer tail). buf seq=0 count=1024
[mono_ns=7228568602026911][T0xe61d84db9ca0][WARN] copy_aicore_buffer: [chip_swimlane_collector.cpp:689] Core 57: skipped 1024 AICore record slot(s) with start_time=0 (race-window write or recycled-buffer tail). buf seq=0 count=1024
[mono_ns=7228568602240002][T0xe61d90f1bca0][WARN] copy_aicore_buffer: [chip_swimlane_collector.cpp:689] Core 18: skipped 1024 AICore record slot(s) with start_time=0 (race-window write or recycled-buffer tail). buf seq=0 count=1024
[mono_ns=7228568602273332][T0xe61d845a9ca0][WARN] copy_aicore_buffer: [chip_swimlane_collector.cpp:689] Core 20: skipped 1024 AICore record slot(s) with start_time=0 (race-window write or recycled-buffer tail). buf seq=0 count=1024
[mono_ns=7228568602358033][T0xe61d84db9ca0][WARN] copy_aicore_buffer: [chip_swimlane_collector.cpp:689] Core 19: skipped 1024 AICore record slot(s) with start_time=0 (race-window write or recycled-buffer tail). buf seq=0 count=1024
[mono_ns=7228568602570203][T0xe61d90f1bca0][WARN] copy_aicore_buffer: [chip_swimlane_collector.cpp:689] Core 60: skipped 1024 AICore record slot(s) with start_time=0 (race-window write or recycled-buffer tail). buf seq=0 count=1024
[mono_ns=7228568602595253][T0xe61d845a9ca0][WARN] copy_aicore_buffer: [chip_swimlane_collector.cpp:689] Core 64: skipped 1024 AICore record slot(s) with start_time=0 (race-window write or recycled-buffer tail). buf seq=0 count=1024
[mono_ns=7228568602729744][T0xe61d84db9ca0][WARN] copy_aicore_buffer: [chip_swimlane_collector.cpp:689] Core 62: skipped 1024 AICore record slot(s) with start_time=0 (race-window write or recycled-buffer tail). buf seq=0 count=1024
[mono_ns=7228568602899065][T0xe61d90f1bca0][WARN] copy_aicore_buffer: [chip_swimlane_collector.cpp:689] Core 61: skipped 1024 AICore record slot(s) with start_time=0 (race-window write or recycled-buffer tail). buf seq=0 count=1024
[mono_ns=7228568602916185][T0xe61d845a9ca0][WARN] copy_aicore_buffer: [chip_swimlane_collector.cpp:689] Core 65: skipped 1024 AICore record slot(s) with start_time=0 (race-window write or recycled-buffer tail). buf seq=0 count=1024
[mono_ns=7228568603074405][T0xe61d84db9ca0][WARN] copy_aicore_buffer: [chip_swimlane_collector.cpp:689] Core 63: skipped 1024 AICore record slot(s) with start_time=0 (race-window write or recycled-buffer tail). buf seq=0 count=1024
[mono_ns=7228568603246226][T0xe61d90f1bca0][WARN] copy_aicore_buffer: [chip_swimlane_collector.cpp:689] Core 21: skipped 1024 AICore record slot(s) with start_time=0 (race-window write or recycled-buffer tail). buf seq=0 count=1024
[mono_ns=7228568603248246][T0xe61d845a9ca0][WARN] copy_aicore_buffer: [chip_swimlane_collector.cpp:689] Core 23: skipped 1024 AICore record slot(s) with start_time=0 (race-window write or recycled-buffer tail). buf seq=0 count=1024
[mono_ns=7228568603404016][T0xe61d84db9ca0][WARN] copy_aicore_buffer: [chip_swimlane_collector.cpp:689] Core 22: skipped 1024 AICore record slot(s) with start_time=0 (race-window write or recycled-buffer tail). buf seq=0 count=1024
[mono_ns=7228568603575017][T0xe61d90f1bca0][WARN] copy_aicore_buffer: [chip_swimlane_collector.cpp:689] Core 66: skipped 1024 AICore record slot(s) with start_time=0 (race-window write or recycled-buffer tail). buf seq=0 count=1024
[mono_ns=7228568603603397][T0xe61d845a9ca0][WARN] copy_aicore_buffer: [chip_swimlane_collector.cpp:689] Core 70: skipped 1024 AICore record slot(s) with start_time=0 (race-window write or recycled-buffer tail). buf seq=0 count=1024
[mono_ns=7228568603735177][T0xe61d84db9ca0][WARN] copy_aicore_buffer: [chip_swimlane_collector.cpp:689] Core 68: skipped 1024 AICore record slot(s) with start_time=0 (race-window write or recycled-buffer tail). buf seq=0 count=1024
[mono_ns=7228568603903878][T0xe61d90f1bca0][WARN] copy_aicore_buffer: [chip_swimlane_collector.cpp:689] Core 67: skipped 1024 AICore record slot(s) with start_time=0 (race-window write or recycled-buffer tail). buf seq=0 count=1024
[mono_ns=7228568603924818][T0xe61d845a9ca0][WARN] copy_aicore_buffer: [chip_swimlane_collector.cpp:689] Core 71: skipped 1024 AICore record slot(s) with start_time=0 (race-window write or recycled-buffer tail). buf seq=0 count=1024
[mono_ns=7228568604074939][T0xe61d84db9ca0][WARN] copy_aicore_buffer: [chip_swimlane_collector.cpp:689] Core 69: skipped 1024 AICore record slot(s) with start_time=0 (race-window write or recycled-buffer tail). buf seq=0 count=1024
[mono_ns=7228568704788611][T0xe61ee18d9020][TIMING] emit_host_span: [STRACE] v=1 pid=3713532 tid=3713532 inv=8 hid=6e59d6c91bcbcc2a depth=1 name=chip.run.runner_run ts=7228568595397298 dur=109380703 
[mono_ns=7228568704904772][T0xe61ee18d9020][TIMING] emit_host_span: [STRACE] v=1 pid=3713532 tid=3713532 inv=8 hid=6e59d6c91bcbcc2a depth=1 name=chip.run.validate ts=7228568704813721 dur=86811 
[mono_ns=7228568704916752][T0xe61ee18d9020][TIMING] emit_host_span: [STRACE] v=1 pid=3713532 tid=3713532 inv=8 hid=6e59d6c91bcbcc2a depth=2 name=chip.run.runner_run.device_wall ts=0 dur=248980 clk=dev
[mono_ns=7228568704921382][T0xe61ee18d9020][TIMING] emit_host_span: [STRACE] v=1 pid=3713532 tid=3713532 inv=8 hid=6e59d6c91bcbcc2a depth=3 name=chip.run.runner_run.device_wall.preamble ts=0 dur=108240 clk=dev
[mono_ns=7228568704926152][T0xe61ee18d9020][TIMING] emit_host_span: [STRACE] v=1 pid=3713532 tid=3713532 inv=8 hid=6e59d6c91bcbcc2a depth=3 name=chip.run.runner_run.device_wall.graph_build ts=104480 dur=133520 clk=dev
[mono_ns=7228568704929722][T0xe61ee18d9020][TIMING] emit_host_span: [STRACE] v=1 pid=3713532 tid=3713532 inv=8 hid=6e59d6c91bcbcc2a depth=3 name=chip.run.runner_run.device_wall.config_validate ts=104580 dur=700 clk=dev
[mono_ns=7228568704934182][T0xe61ee18d9020][TIMING] emit_host_span: [STRACE] v=1 pid=3713532 tid=3713532 inv=8 hid=6e59d6c91bcbcc2a depth=3 name=chip.run.runner_run.device_wall.arena_wire ts=105300 dur=360 clk=dev
[mono_ns=7228568704938472][T0xe61ee18d9020][TIMING] emit_host_span: [STRACE] v=1 pid=3713532 tid=3713532 inv=8 hid=6e59d6c91bcbcc2a depth=3 name=chip.run.runner_run.device_wall.sm_reset ts=105699 dur=660 clk=dev
[mono_ns=7228568704979992][T0xe61ee18d9020][TIMING] emit_host_span: [STRACE] v=1 pid=3713532 tid=3713532 inv=8 hid=6e59d6c91bcbcc2a depth=3 name=chip.run.runner_run.device_wall.post_orch ts=238060 dur=10800 clk=dev
[mono_ns=7228568704984402][T0xe61ee18d9020][TIMING] emit_host_span: [STRACE] v=1 pid=3713532 tid=3713532 inv=8 hid=6e59d6c91bcbcc2a depth=3 name=chip.run.runner_run.device_wall.orch ts=106420 dur=3639 clk=dev
[mono_ns=7228568704988402][T0xe61ee18d9020][TIMING] emit_host_span: [STRACE] v=1 pid=3713532 tid=3713532 inv=8 hid=6e59d6c91bcbcc2a depth=3 name=chip.run.runner_run.device_wall.sched ts=108400 dur=105820 clk=dev
[mono_ns=7228568704993572][T0xe61ee18d9020][TIMING] emit_host_span: [STRACE] v=1 pid=3713532 tid=3713532 inv=8 hid=6e59d6c91bcbcc2a depth=1 name=chip.run.claim_release ts=7228568704991382 dur=260 
[mono_ns=7228568704998912][T0xe61ee18d9020][TIMING] emit_host_span: [STRACE] v=1 pid=3713532 tid=3713532 inv=8 hid=6e59d6c91bcbcc2a depth=0 name=chip.run ts=7228568594756466 dur=110240436 run_id=8 dispatch_id=8 slot_id=0 generation=8 run_epoch=8
[mono_ns=7228573521218647][T0xe61ee18d9020][TIMING] emit_host_span: [STRACE] v=1 pid=3713532 tid=3713532 inv=9 hid=6e59d6c91bcbcc2a depth=2 name=chip.run.bind.args ts=7228573521039486 dur=170491 
[mono_ns=7228573521246787][T0xe61ee18d9020][TIMING] emit_host_span: [STRACE] v=1 pid=3713532 tid=3713532 inv=9 hid=6e59d6c91bcbcc2a depth=2 name=chip.run.bind.prebuilt ts=7228573521239587 dur=4800 
[mono_ns=7228573521252267][T0xe61ee18d9020][TIMING] emit_host_span: [STRACE] v=1 pid=3713532 tid=3713532 inv=9 hid=6e59d6c91bcbcc2a depth=1 name=chip.run.bind ts=7228573521024186 dur=225461 
[mono_ns=7228598722303237][T0xe61d84db9ca0][ERROR] poll_and_collect_loop: [profiler_base.h:1283] ChipSwimlane collector idle timeout after 30 seconds — staying alive until execution completes
[mono_ns=7228598723033199][T0xe61d90f1bca0][ERROR] poll_and_collect_loop: [profiler_base.h:1283] ChipSwimlane collector idle timeout after 30 seconds — staying alive until execution completes
[mono_ns=7228598723114200][T0xe61d845a9ca0][ERROR] poll_and_collect_loop: [profiler_base.h:1283] ChipSwimlane collector idle timeout after 30 seconds — staying alive until execution completes
[mono_ns=7228603643678220][T0xe61d1ad6cca0][ERROR] poll_and_collect_loop: [profiler_base.h:1283] DepGen collector idle timeout after 30 seconds — staying alive until execution completes
[mono_ns=7228629342508557][T0xe61ee18d9020][ERROR] sync_stream_pair: [device_runner_base.cpp:1775] aclrtSynchronizeStreamWithTimeout (AICPU) failed: 507018
[mono_ns=7228629342538667][T0xe61ee18d9020][ERROR] sync_stream_pair: [device_runner_base.cpp:1776] ACL error detail: 507018 ACL_ERROR_RT_AICPU_EXCEPTION - an AICPU task raised an exception; several distinct on-device mechanisms all surface as this one generic code
[mono_ns=7228629342543077][T0xe61ee18d9020][ERROR] sync_stream_pair: [device_runner_base.cpp:1776] ACL error hint: do NOT read this as 'deadlock' or 'OOM' on its own -- it is a generic host-side code. Grep the host log for 'orch_error_code=' / 'sched_error_code=' / 'sub_class=' to get the device-classified reason, and read the device log for the detector that fired. See docs/troubleshooting/device-error-codes.md
[mono_ns=7228629342968148][T0xe61ee18d9020][ERROR] sync_stream_pair: [device_runner_base.cpp:1776] ACL recent error message: EE9999: Inner Error!
EE9999[PID: 3713532] 2026-09-10-07:14:27.491.623 (EE9999):  This device does not support cross-server communication drv devId=7 localServerId=1023err:0x702001d[FUNC:ExportToShareableHandleV2][FILE:api_impl.cc][LINE:7120]
        TraceBack (most recent call last):
       rtMemExportToShareableHandleV2 execution failed, reason=driver error:feature not support[FUNC~
[mono_ns=7228629343400660][T0xe61ee18d9020][ERROR] recover_device_or_mark_unusable: [device_runner.cpp:763] AICore error 507018: bounded device drain failed: 507014 (force reset will follow in finalize)
[mono_ns=7228629343424020][T0xe61ee18d9020][TIMING] emit_host_span: [STRACE] v=1 pid=3713532 tid=3713532 inv=9 hid=6e59d6c91bcbcc2a depth=1 name=chip.run.runner_run ts=7228573521581548 dur=55821836112 
[mono_ns=7228629343507020][T0xe61ee18d9020][ERROR] validate_runtime_impl: [runtime_maker.cpp:945] simpler runtime failed: orch_error_code=0 sched_error_code=100 runtime_status=-100
[mono_ns=7228629343518170][T0xe61ee18d9020][ERROR] validate_runtime_impl: [runtime_maker.cpp:945] error detail: sched_error_code=100 SCHEDULER_TIMEOUT - the scheduler saw no forward progress within its timeout; the sub_class= line below carries the device-classified reason and locators
[mono_ns=7228629343521550][T0xe61ee18d9020][ERROR] validate_runtime_impl: [runtime_maker.cpp:945] error hint: read the sub_class= line below first, then follow the S1-S5 table in the doc; raise SIMPLER_SCHEDULER_TIMEOUT_MS to tell a true deadlock apart from a merely slow kernel. See docs/troubleshooting/device-error-codes.md
[mono_ns=7228629343524800][T0xe61ee18d9020][ERROR] validate_runtime_impl: [runtime_maker.cpp:951] scheduler timeout sub_class=S1:running-stalled (detail=1) completed=1/3 running=1 ready=0 waiting=1 orch_done=1 stuck_task_id=4294967297 stuck_core=24
[mono_ns=7228629343527870][T0xe61ee18d9020][WARN] validate_runtime_impl: [runtime_maker.cpp:967] Skipping tensor copy-back because execution failed
[mono_ns=7228629343535020][T0xe61ee18d9020][TIMING] emit_host_span: [STRACE] v=1 pid=3713532 tid=3713532 inv=9 hid=6e59d6c91bcbcc2a depth=1 name=chip.run.validate ts=7228629343427910 dur=103920 
[mono_ns=7228629343558711][T0xe61ee18d9020][TIMING] emit_host_span: [STRACE] v=1 pid=3713532 tid=3713532 inv=9 hid=6e59d6c91bcbcc2a depth=1 name=chip.run.claim_release ts=7228629343555651 dur=590 
[mono_ns=7228629343566261][T0xe61ee18d9020][TIMING] emit_host_span: [STRACE] v=1 pid=3713532 tid=3713532 inv=9 hid=6e59d6c91bcbcc2a depth=0 name=chip.run ts=7228573520945176 dur=55822618505 run_id=9 dispatch_id=9 slot_id=0 generation=9 run_epoch=9
[mono_ns=7228749377969819][T0xe61ee18d9020][WARN] comm_destroy: [comm_hccl.cpp:1747] [comm rank 7] comm_destroy: final barrier failed during arrival wait for rank 0; releasing local state anyway
[mono_ns=7228751824317331][T0xe61ee18d9020][WARN] force_reset_device: [device_runner.cpp:923] force_reset_device: aclrtResetDeviceForce(7) established a usable device generation (probe confirmed)
[mono_ns=7228752124950408][T0xe61ee18d9020][WARN] finalize_common_impl: [device_runner_base.cpp:1426] Fatal teardown: force reset/quarantine finished; skipping per-resource RTS destroy/free calls
[mono_ns=7228752125415060][T0xe61ee18d9020][WARN] finalize_common_impl: [device_runner_base.cpp:1571] Fatal teardown: host-side ownership cleared without further device calls
[mono_ns=7228752195823987][T0xe61ee18d9020][WARN] finalize: [device_runner.cpp:1062] DeviceRunner finalized after fatal device failure
