[mono_ns=7228553184813217][T0xe61ee18d9020][TIMING] emit_host_span: [STRACE] v=1 pid=3713511 tid=3713511 inv=1 hid=6e59d6c91bcbcc2a depth=2 name=chip.run.bind.args ts=7228553184697847 dur=108240 
[mono_ns=7228553184831627][T0xe61ee18d9020][TIMING] emit_host_span: [STRACE] v=1 pid=3713511 tid=3713511 inv=1 hid=6e59d6c91bcbcc2a depth=2 name=chip.run.bind.prebuilt ts=7228553184825837 dur=3220 
[mono_ns=7228553184837047][T0xe61ee18d9020][TIMING] emit_host_span: [STRACE] v=1 pid=3713511 tid=3713511 inv=1 hid=6e59d6c91bcbcc2a depth=1 name=chip.run.bind ts=7228553184270895 dur=563672 
[mono_ns=7228553300650865][T0xe61ee18d9020][TIMING] emit_host_span: [STRACE] v=1 pid=3713511 tid=3713511 inv=1 hid=6e59d6c91bcbcc2a depth=1 name=chip.run.runner_run ts=7228553185560150 dur=115078945 
[mono_ns=7228553300771836][T0xe61ee18d9020][TIMING] emit_host_span: [STRACE] v=1 pid=3713511 tid=3713511 inv=1 hid=6e59d6c91bcbcc2a depth=1 name=chip.run.validate ts=7228553300664745 dur=103121 
[mono_ns=7228553300782286][T0xe61ee18d9020][TIMING] emit_host_span: [STRACE] v=1 pid=3713511 tid=3713511 inv=1 hid=6e59d6c91bcbcc2a depth=2 name=chip.run.runner_run.device_wall ts=0 dur=2922660 clk=dev
[mono_ns=7228553300787016][T0xe61ee18d9020][TIMING] emit_host_span: [STRACE] v=1 pid=3713511 tid=3713511 inv=1 hid=6e59d6c91bcbcc2a depth=3 name=chip.run.runner_run.device_wall.preamble ts=0 dur=159839 clk=dev
[mono_ns=7228553300792126][T0xe61ee18d9020][TIMING] emit_host_span: [STRACE] v=1 pid=3713511 tid=3713511 inv=1 hid=6e59d6c91bcbcc2a depth=3 name=chip.run.runner_run.device_wall.graph_build ts=35900 dur=2867160 clk=dev
[mono_ns=7228553300795806][T0xe61ee18d9020][TIMING] emit_host_span: [STRACE] v=1 pid=3713511 tid=3713511 inv=1 hid=6e59d6c91bcbcc2a depth=3 name=chip.run.runner_run.device_wall.config_validate ts=40060 dur=3239 clk=dev
[mono_ns=7228553300799446][T0xe61ee18d9020][TIMING] emit_host_span: [STRACE] v=1 pid=3713511 tid=3713511 inv=1 hid=6e59d6c91bcbcc2a depth=3 name=chip.run.runner_run.device_wall.arena_wire ts=43340 dur=11860 clk=dev
[mono_ns=7228553300802836][T0xe61ee18d9020][TIMING] emit_host_span: [STRACE] v=1 pid=3713511 tid=3713511 inv=1 hid=6e59d6c91bcbcc2a depth=3 name=chip.run.runner_run.device_wall.sm_reset ts=55240 dur=17180 clk=dev
[mono_ns=7228553300806266][T0xe61ee18d9020][TIMING] emit_host_span: [STRACE] v=1 pid=3713511 tid=3713511 inv=1 hid=6e59d6c91bcbcc2a depth=3 name=chip.run.runner_run.device_wall.post_orch ts=2903240 dur=15800 clk=dev
[mono_ns=7228553300809566][T0xe61ee18d9020][TIMING] emit_host_span: [STRACE] v=1 pid=3713511 tid=3713511 inv=1 hid=6e59d6c91bcbcc2a depth=3 name=chip.run.runner_run.device_wall.orch ts=77200 dur=46080 clk=dev
[mono_ns=7228553300812846][T0xe61ee18d9020][TIMING] emit_host_span: [STRACE] v=1 pid=3713511 tid=3713511 inv=1 hid=6e59d6c91bcbcc2a depth=3 name=chip.run.runner_run.device_wall.sched ts=161640 dur=2720060 clk=dev
[mono_ns=7228553300818826][T0xe61ee18d9020][TIMING] emit_host_span: [STRACE] v=1 pid=3713511 tid=3713511 inv=1 hid=6e59d6c91bcbcc2a depth=1 name=chip.run.claim_release ts=7228553300816056 dur=740 
[mono_ns=7228553300825146][T0xe61ee18d9020][TIMING] emit_host_span: [STRACE] v=1 pid=3713511 tid=3713511 inv=1 hid=6e59d6c91bcbcc2a depth=0 name=chip.run ts=7228553184240265 dur=116582721 run_id=1 dispatch_id=1 slot_id=0 generation=1 run_epoch=1
[mono_ns=7228553309855827][T0xe61ee18d9020][TIMING] emit_host_span: [STRACE] v=1 pid=3713511 tid=3713511 inv=2 hid=6e59d6c91bcbcc2a depth=2 name=chip.run.bind.args ts=7228553309747087 dur=102840 
[mono_ns=7228553309872767][T0xe61ee18d9020][TIMING] emit_host_span: [STRACE] v=1 pid=3713511 tid=3713511 inv=2 hid=6e59d6c91bcbcc2a depth=2 name=chip.run.bind.prebuilt ts=7228553309865707 dur=4670 
[mono_ns=7228553309878157][T0xe61ee18d9020][TIMING] emit_host_span: [STRACE] v=1 pid=3713511 tid=3713511 inv=2 hid=6e59d6c91bcbcc2a depth=1 name=chip.run.bind ts=7228553309736187 dur=139540 
[mono_ns=7228553373484436][T0xe61d90f1bca0][WARN] copy_aicore_buffer: [chip_swimlane_collector.cpp:689] Core 0: skipped 1024 AICore record slot(s) with start_time=0 (race-window write or recycled-buffer tail). buf seq=0 count=1024
[mono_ns=7228553373484756][T0xe61d845a9ca0][WARN] copy_aicore_buffer: [chip_swimlane_collector.cpp:689] Core 2: skipped 1024 AICore record slot(s) with start_time=0 (race-window write or recycled-buffer tail). buf seq=0 count=1024
[mono_ns=7228553373590076][T0xe61d84db9ca0][WARN] copy_aicore_buffer: [chip_swimlane_collector.cpp:689] Core 1: skipped 1024 AICore record slot(s) with start_time=0 (race-window write or recycled-buffer tail). buf seq=0 count=1024
[mono_ns=7228553373822167][T0xe61d90f1bca0][WARN] copy_aicore_buffer: [chip_swimlane_collector.cpp:689] Core 24: skipped 1022 AICore record slot(s) with start_time=0 (race-window write or recycled-buffer tail). buf seq=0 count=1024
[mono_ns=7228553373824427][T0xe61d845a9ca0][WARN] copy_aicore_buffer: [chip_swimlane_collector.cpp:689] Core 28: skipped 1024 AICore record slot(s) with start_time=0 (race-window write or recycled-buffer tail). buf seq=0 count=1024
[mono_ns=7228553373937767][T0xe61d84db9ca0][WARN] copy_aicore_buffer: [chip_swimlane_collector.cpp:689] Core 26: skipped 1023 AICore record slot(s) with start_time=0 (race-window write or recycled-buffer tail). buf seq=0 count=1024
[mono_ns=7228553374172998][T0xe61d845a9ca0][WARN] copy_aicore_buffer: [chip_swimlane_collector.cpp:689] Core 29: skipped 1024 AICore record slot(s) with start_time=0 (race-window write or recycled-buffer tail). buf seq=0 count=1024
[mono_ns=7228553374178648][T0xe61d90f1bca0][WARN] copy_aicore_buffer: [chip_swimlane_collector.cpp:689] Core 25: skipped 1024 AICore record slot(s) with start_time=0 (race-window write or recycled-buffer tail). buf seq=0 count=1024
[mono_ns=7228553374295899][T0xe61d84db9ca0][WARN] copy_aicore_buffer: [chip_swimlane_collector.cpp:689] Core 27: skipped 1024 AICore record slot(s) with start_time=0 (race-window write or recycled-buffer tail). buf seq=0 count=1024
[mono_ns=7228553374526129][T0xe61d845a9ca0][WARN] copy_aicore_buffer: [chip_swimlane_collector.cpp:689] Core 5: skipped 1024 AICore record slot(s) with start_time=0 (race-window write or recycled-buffer tail). buf seq=0 count=1024
[mono_ns=7228553374552490][T0xe61d90f1bca0][WARN] copy_aicore_buffer: [chip_swimlane_collector.cpp:689] Core 3: skipped 1024 AICore record slot(s) with start_time=0 (race-window write or recycled-buffer tail). buf seq=0 count=1024
[mono_ns=7228553374664140][T0xe61d84db9ca0][WARN] copy_aicore_buffer: [chip_swimlane_collector.cpp:689] Core 4: skipped 1024 AICore record slot(s) with start_time=0 (race-window write or recycled-buffer tail). buf seq=0 count=1024
[mono_ns=7228553374870601][T0xe61d845a9ca0][WARN] copy_aicore_buffer: [chip_swimlane_collector.cpp:689] Core 34: skipped 1024 AICore record slot(s) with start_time=0 (race-window write or recycled-buffer tail). buf seq=0 count=1024
[mono_ns=7228553374888701][T0xe61d90f1bca0][WARN] copy_aicore_buffer: [chip_swimlane_collector.cpp:689] Core 30: skipped 1024 AICore record slot(s) with start_time=0 (race-window write or recycled-buffer tail). buf seq=0 count=1024
[mono_ns=7228553375017001][T0xe61d84db9ca0][WARN] copy_aicore_buffer: [chip_swimlane_collector.cpp:689] Core 32: skipped 1024 AICore record slot(s) with start_time=0 (race-window write or recycled-buffer tail). buf seq=0 count=1024
[mono_ns=7228553375215862][T0xe61d845a9ca0][WARN] copy_aicore_buffer: [chip_swimlane_collector.cpp:689] Core 35: skipped 1024 AICore record slot(s) with start_time=0 (race-window write or recycled-buffer tail). buf seq=0 count=1024
[mono_ns=7228553375231152][T0xe61d90f1bca0][WARN] copy_aicore_buffer: [chip_swimlane_collector.cpp:689] Core 31: skipped 1024 AICore record slot(s) with start_time=0 (race-window write or recycled-buffer tail). buf seq=0 count=1024
[mono_ns=7228553375363132][T0xe61d84db9ca0][WARN] copy_aicore_buffer: [chip_swimlane_collector.cpp:689] Core 33: skipped 1024 AICore record slot(s) with start_time=0 (race-window write or recycled-buffer tail). buf seq=0 count=1024
[mono_ns=7228553375553703][T0xe61d845a9ca0][WARN] copy_aicore_buffer: [chip_swimlane_collector.cpp:689] Core 8: skipped 1024 AICore record slot(s) with start_time=0 (race-window write or recycled-buffer tail). buf seq=0 count=1024
[mono_ns=7228553375565963][T0xe61d90f1bca0][WARN] copy_aicore_buffer: [chip_swimlane_collector.cpp:689] Core 6: skipped 1024 AICore record slot(s) with start_time=0 (race-window write or recycled-buffer tail). buf seq=0 count=1024
[mono_ns=7228553375705864][T0xe61d84db9ca0][WARN] copy_aicore_buffer: [chip_swimlane_collector.cpp:689] Core 7: skipped 1024 AICore record slot(s) with start_time=0 (race-window write or recycled-buffer tail). buf seq=0 count=1024
[mono_ns=7228553375889384][T0xe61d845a9ca0][WARN] copy_aicore_buffer: [chip_swimlane_collector.cpp:689] Core 40: skipped 1024 AICore record slot(s) with start_time=0 (race-window write or recycled-buffer tail). buf seq=0 count=1024
[mono_ns=7228553375897784][T0xe61d90f1bca0][WARN] copy_aicore_buffer: [chip_swimlane_collector.cpp:689] Core 36: skipped 1024 AICore record slot(s) with start_time=0 (race-window write or recycled-buffer tail). buf seq=0 count=1024
[mono_ns=7228553376055635][T0xe61d84db9ca0][WARN] copy_aicore_buffer: [chip_swimlane_collector.cpp:689] Core 38: skipped 1024 AICore record slot(s) with start_time=0 (race-window write or recycled-buffer tail). buf seq=0 count=1024
[mono_ns=7228553376235295][T0xe61d845a9ca0][WARN] copy_aicore_buffer: [chip_swimlane_collector.cpp:689] Core 41: skipped 1024 AICore record slot(s) with start_time=0 (race-window write or recycled-buffer tail). buf seq=0 count=1024
[mono_ns=7228553376245375][T0xe61d90f1bca0][WARN] copy_aicore_buffer: [chip_swimlane_collector.cpp:689] Core 37: skipped 1024 AICore record slot(s) with start_time=0 (race-window write or recycled-buffer tail). buf seq=0 count=1024
[mono_ns=7228553376402996][T0xe61d84db9ca0][WARN] copy_aicore_buffer: [chip_swimlane_collector.cpp:689] Core 39: skipped 1024 AICore record slot(s) with start_time=0 (race-window write or recycled-buffer tail). buf seq=0 count=1024
[mono_ns=7228553376570957][T0xe61d845a9ca0][WARN] copy_aicore_buffer: [chip_swimlane_collector.cpp:689] Core 11: skipped 1024 AICore record slot(s) with start_time=0 (race-window write or recycled-buffer tail). buf seq=0 count=1024
[mono_ns=7228553376579377][T0xe61d90f1bca0][WARN] copy_aicore_buffer: [chip_swimlane_collector.cpp:689] Core 9: skipped 1024 AICore record slot(s) with start_time=0 (race-window write or recycled-buffer tail). buf seq=0 count=1024
[mono_ns=7228553376743627][T0xe61d84db9ca0][WARN] copy_aicore_buffer: [chip_swimlane_collector.cpp:689] Core 10: skipped 1024 AICore record slot(s) with start_time=0 (race-window write or recycled-buffer tail). buf seq=0 count=1024
[mono_ns=7228553376907518][T0xe61d845a9ca0][WARN] copy_aicore_buffer: [chip_swimlane_collector.cpp:689] Core 46: skipped 1024 AICore record slot(s) with start_time=0 (race-window write or recycled-buffer tail). buf seq=0 count=1024
[mono_ns=7228553376916058][T0xe61d90f1bca0][WARN] copy_aicore_buffer: [chip_swimlane_collector.cpp:689] Core 42: skipped 1024 AICore record slot(s) with start_time=0 (race-window write or recycled-buffer tail). buf seq=0 count=1024
[mono_ns=7228553377096238][T0xe61d84db9ca0][WARN] copy_aicore_buffer: [chip_swimlane_collector.cpp:689] Core 44: skipped 1024 AICore record slot(s) with start_time=0 (race-window write or recycled-buffer tail). buf seq=0 count=1024
[mono_ns=7228553377253829][T0xe61d845a9ca0][WARN] copy_aicore_buffer: [chip_swimlane_collector.cpp:689] Core 47: skipped 1024 AICore record slot(s) with start_time=0 (race-window write or recycled-buffer tail). buf seq=0 count=1024
[mono_ns=7228553377262669][T0xe61d90f1bca0][WARN] copy_aicore_buffer: [chip_swimlane_collector.cpp:689] Core 43: skipped 1024 AICore record slot(s) with start_time=0 (race-window write or recycled-buffer tail). buf seq=0 count=1024
[mono_ns=7228553377440630][T0xe61d84db9ca0][WARN] copy_aicore_buffer: [chip_swimlane_collector.cpp:689] Core 45: skipped 1024 AICore record slot(s) with start_time=0 (race-window write or recycled-buffer tail). buf seq=0 count=1024
[mono_ns=7228553377589420][T0xe61d845a9ca0][WARN] copy_aicore_buffer: [chip_swimlane_collector.cpp:689] Core 14: skipped 1024 AICore record slot(s) with start_time=0 (race-window write or recycled-buffer tail). buf seq=0 count=1024
[mono_ns=7228553377598280][T0xe61d90f1bca0][WARN] copy_aicore_buffer: [chip_swimlane_collector.cpp:689] Core 12: skipped 1024 AICore record slot(s) with start_time=0 (race-window write or recycled-buffer tail). buf seq=0 count=1024
[mono_ns=7228553377783261][T0xe61d84db9ca0][WARN] copy_aicore_buffer: [chip_swimlane_collector.cpp:689] Core 13: skipped 1024 AICore record slot(s) with start_time=0 (race-window write or recycled-buffer tail). buf seq=0 count=1024
[mono_ns=7228553377925151][T0xe61d845a9ca0][WARN] copy_aicore_buffer: [chip_swimlane_collector.cpp:689] Core 52: skipped 1024 AICore record slot(s) with start_time=0 (race-window write or recycled-buffer tail). buf seq=0 count=1024
[mono_ns=7228553377933701][T0xe61d90f1bca0][WARN] copy_aicore_buffer: [chip_swimlane_collector.cpp:689] Core 48: skipped 1024 AICore record slot(s) with start_time=0 (race-window write or recycled-buffer tail). buf seq=0 count=1024
[mono_ns=7228553378145672][T0xe61d84db9ca0][WARN] copy_aicore_buffer: [chip_swimlane_collector.cpp:689] Core 50: skipped 1024 AICore record slot(s) with start_time=0 (race-window write or recycled-buffer tail). buf seq=0 count=1024
[mono_ns=7228553378275132][T0xe61d845a9ca0][WARN] copy_aicore_buffer: [chip_swimlane_collector.cpp:689] Core 53: skipped 1024 AICore record slot(s) with start_time=0 (race-window write or recycled-buffer tail). buf seq=0 count=1024
[mono_ns=7228553378277362][T0xe61d90f1bca0][WARN] copy_aicore_buffer: [chip_swimlane_collector.cpp:689] Core 49: skipped 1024 AICore record slot(s) with start_time=0 (race-window write or recycled-buffer tail). buf seq=0 count=1024
[mono_ns=7228553378494823][T0xe61d84db9ca0][WARN] copy_aicore_buffer: [chip_swimlane_collector.cpp:689] Core 51: skipped 1024 AICore record slot(s) with start_time=0 (race-window write or recycled-buffer tail). buf seq=0 count=1024
[mono_ns=7228553378609034][T0xe61d845a9ca0][WARN] copy_aicore_buffer: [chip_swimlane_collector.cpp:689] Core 17: skipped 1024 AICore record slot(s) with start_time=0 (race-window write or recycled-buffer tail). buf seq=0 count=1024
[mono_ns=7228553378618024][T0xe61d90f1bca0][WARN] copy_aicore_buffer: [chip_swimlane_collector.cpp:689] Core 15: skipped 1024 AICore record slot(s) with start_time=0 (race-window write or recycled-buffer tail). buf seq=0 count=1024
[mono_ns=7228553378839724][T0xe61d84db9ca0][WARN] copy_aicore_buffer: [chip_swimlane_collector.cpp:689] Core 16: skipped 1024 AICore record slot(s) with start_time=0 (race-window write or recycled-buffer tail). buf seq=0 count=1024
[mono_ns=7228553378942955][T0xe61d845a9ca0][WARN] copy_aicore_buffer: [chip_swimlane_collector.cpp:689] Core 58: skipped 1024 AICore record slot(s) with start_time=0 (race-window write or recycled-buffer tail). buf seq=0 count=1024
[mono_ns=7228553378949965][T0xe61d90f1bca0][WARN] copy_aicore_buffer: [chip_swimlane_collector.cpp:689] Core 54: skipped 1024 AICore record slot(s) with start_time=0 (race-window write or recycled-buffer tail). buf seq=0 count=1024
[mono_ns=7228553379196816][T0xe61d84db9ca0][WARN] copy_aicore_buffer: [chip_swimlane_collector.cpp:689] Core 56: skipped 1024 AICore record slot(s) with start_time=0 (race-window write or recycled-buffer tail). buf seq=0 count=1024
[mono_ns=7228553379285556][T0xe61d845a9ca0][WARN] copy_aicore_buffer: [chip_swimlane_collector.cpp:689] Core 59: skipped 1024 AICore record slot(s) with start_time=0 (race-window write or recycled-buffer tail). buf seq=0 count=1024
[mono_ns=7228553379294746][T0xe61d90f1bca0][WARN] copy_aicore_buffer: [chip_swimlane_collector.cpp:689] Core 55: skipped 1024 AICore record slot(s) with start_time=0 (race-window write or recycled-buffer tail). buf seq=0 count=1024
[mono_ns=7228553379540427][T0xe61d84db9ca0][WARN] copy_aicore_buffer: [chip_swimlane_collector.cpp:689] Core 57: skipped 1024 AICore record slot(s) with start_time=0 (race-window write or recycled-buffer tail). buf seq=0 count=1024
[mono_ns=7228553379621467][T0xe61d845a9ca0][WARN] copy_aicore_buffer: [chip_swimlane_collector.cpp:689] Core 20: skipped 1024 AICore record slot(s) with start_time=0 (race-window write or recycled-buffer tail). buf seq=0 count=1024
[mono_ns=7228553379628597][T0xe61d90f1bca0][WARN] copy_aicore_buffer: [chip_swimlane_collector.cpp:689] Core 18: skipped 1024 AICore record slot(s) with start_time=0 (race-window write or recycled-buffer tail). buf seq=0 count=1024
[mono_ns=7228553379884198][T0xe61d84db9ca0][WARN] copy_aicore_buffer: [chip_swimlane_collector.cpp:689] Core 19: skipped 1024 AICore record slot(s) with start_time=0 (race-window write or recycled-buffer tail). buf seq=0 count=1024
[mono_ns=7228553379960208][T0xe61d845a9ca0][WARN] copy_aicore_buffer: [chip_swimlane_collector.cpp:689] Core 64: skipped 1024 AICore record slot(s) with start_time=0 (race-window write or recycled-buffer tail). buf seq=0 count=1024
[mono_ns=7228553379964358][T0xe61d90f1bca0][WARN] copy_aicore_buffer: [chip_swimlane_collector.cpp:689] Core 60: skipped 1024 AICore record slot(s) with start_time=0 (race-window write or recycled-buffer tail). buf seq=0 count=1024
[mono_ns=7228553380230609][T0xe61d84db9ca0][WARN] copy_aicore_buffer: [chip_swimlane_collector.cpp:689] Core 62: skipped 1024 AICore record slot(s) with start_time=0 (race-window write or recycled-buffer tail). buf seq=0 count=1024
[mono_ns=7228553380300889][T0xe61d845a9ca0][WARN] copy_aicore_buffer: [chip_swimlane_collector.cpp:689] Core 65: skipped 1024 AICore record slot(s) with start_time=0 (race-window write or recycled-buffer tail). buf seq=0 count=1024
[mono_ns=7228553380309079][T0xe61d90f1bca0][WARN] copy_aicore_buffer: [chip_swimlane_collector.cpp:689] Core 61: skipped 1024 AICore record slot(s) with start_time=0 (race-window write or recycled-buffer tail). buf seq=0 count=1024
[mono_ns=7228553380572610][T0xe61d84db9ca0][WARN] copy_aicore_buffer: [chip_swimlane_collector.cpp:689] Core 63: skipped 1024 AICore record slot(s) with start_time=0 (race-window write or recycled-buffer tail). buf seq=0 count=1024
[mono_ns=7228553380635430][T0xe61d845a9ca0][WARN] copy_aicore_buffer: [chip_swimlane_collector.cpp:689] Core 23: skipped 1024 AICore record slot(s) with start_time=0 (race-window write or recycled-buffer tail). buf seq=0 count=1024
[mono_ns=7228553380643871][T0xe61d90f1bca0][WARN] copy_aicore_buffer: [chip_swimlane_collector.cpp:689] Core 21: skipped 1024 AICore record slot(s) with start_time=0 (race-window write or recycled-buffer tail). buf seq=0 count=1024
[mono_ns=7228553380913811][T0xe61d84db9ca0][WARN] copy_aicore_buffer: [chip_swimlane_collector.cpp:689] Core 22: skipped 1024 AICore record slot(s) with start_time=0 (race-window write or recycled-buffer tail). buf seq=0 count=1024
[mono_ns=7228553380971512][T0xe61d845a9ca0][WARN] copy_aicore_buffer: [chip_swimlane_collector.cpp:689] Core 70: skipped 1024 AICore record slot(s) with start_time=0 (race-window write or recycled-buffer tail). buf seq=0 count=1024
[mono_ns=7228553380979672][T0xe61d90f1bca0][WARN] copy_aicore_buffer: [chip_swimlane_collector.cpp:689] Core 66: skipped 1024 AICore record slot(s) with start_time=0 (race-window write or recycled-buffer tail). buf seq=0 count=1024
[mono_ns=7228553381262733][T0xe61d84db9ca0][WARN] copy_aicore_buffer: [chip_swimlane_collector.cpp:689] Core 68: skipped 1024 AICore record slot(s) with start_time=0 (race-window write or recycled-buffer tail). buf seq=0 count=1024
[mono_ns=7228553381315903][T0xe61d845a9ca0][WARN] copy_aicore_buffer: [chip_swimlane_collector.cpp:689] Core 71: skipped 1024 AICore record slot(s) with start_time=0 (race-window write or recycled-buffer tail). buf seq=0 count=1024
[mono_ns=7228553381325073][T0xe61d90f1bca0][WARN] copy_aicore_buffer: [chip_swimlane_collector.cpp:689] Core 67: skipped 1024 AICore record slot(s) with start_time=0 (race-window write or recycled-buffer tail). buf seq=0 count=1024
[mono_ns=7228553381603244][T0xe61d84db9ca0][WARN] copy_aicore_buffer: [chip_swimlane_collector.cpp:689] Core 69: skipped 1024 AICore record slot(s) with start_time=0 (race-window write or recycled-buffer tail). buf seq=0 count=1024
[mono_ns=7228553482243440][T0xe61ee18d9020][TIMING] emit_host_span: [STRACE] v=1 pid=3713511 tid=3713511 inv=2 hid=6e59d6c91bcbcc2a depth=1 name=chip.run.runner_run ts=7228553363165530 dur=119070240 
[mono_ns=7228553482333040][T0xe61ee18d9020][TIMING] emit_host_span: [STRACE] v=1 pid=3713511 tid=3713511 inv=2 hid=6e59d6c91bcbcc2a depth=1 name=chip.run.validate ts=7228553482254780 dur=74870 
[mono_ns=7228553482342720][T0xe61ee18d9020][TIMING] emit_host_span: [STRACE] v=1 pid=3713511 tid=3713511 inv=2 hid=6e59d6c91bcbcc2a depth=2 name=chip.run.runner_run.device_wall ts=0 dur=8353580 clk=dev
[mono_ns=7228553482347880][T0xe61ee18d9020][TIMING] emit_host_span: [STRACE] v=1 pid=3713511 tid=3713511 inv=2 hid=6e59d6c91bcbcc2a depth=3 name=chip.run.runner_run.device_wall.preamble ts=0 dur=136560 clk=dev
[mono_ns=7228553482351680][T0xe61ee18d9020][TIMING] emit_host_span: [STRACE] v=1 pid=3713511 tid=3713511 inv=2 hid=6e59d6c91bcbcc2a depth=3 name=chip.run.runner_run.device_wall.graph_build ts=131960 dur=8210959 clk=dev
[mono_ns=7228553482355390][T0xe61ee18d9020][TIMING] emit_host_span: [STRACE] v=1 pid=3713511 tid=3713511 inv=2 hid=6e59d6c91bcbcc2a depth=3 name=chip.run.runner_run.device_wall.config_validate ts=132100 dur=1000 clk=dev
[mono_ns=7228553482358810][T0xe61ee18d9020][TIMING] emit_host_span: [STRACE] v=1 pid=3713511 tid=3713511 inv=2 hid=6e59d6c91bcbcc2a depth=3 name=chip.run.runner_run.device_wall.arena_wire ts=133120 dur=1020 clk=dev
[mono_ns=7228553482362240][T0xe61ee18d9020][TIMING] emit_host_span: [STRACE] v=1 pid=3713511 tid=3713511 inv=2 hid=6e59d6c91bcbcc2a depth=3 name=chip.run.runner_run.device_wall.sm_reset ts=134180 dur=1480 clk=dev
[mono_ns=7228553482365650][T0xe61ee18d9020][TIMING] emit_host_span: [STRACE] v=1 pid=3713511 tid=3713511 inv=2 hid=6e59d6c91bcbcc2a depth=3 name=chip.run.runner_run.device_wall.post_orch ts=8342980 dur=10480 clk=dev
[mono_ns=7228553482369210][T0xe61ee18d9020][TIMING] emit_host_span: [STRACE] v=1 pid=3713511 tid=3713511 inv=2 hid=6e59d6c91bcbcc2a depth=3 name=chip.run.runner_run.device_wall.orch ts=135700 dur=4880 clk=dev
[mono_ns=7228553482372570][T0xe61ee18d9020][TIMING] emit_host_span: [STRACE] v=1 pid=3713511 tid=3713511 inv=2 hid=6e59d6c91bcbcc2a depth=3 name=chip.run.runner_run.device_wall.sched ts=136780 dur=8179840 clk=dev
[mono_ns=7228553482377170][T0xe61ee18d9020][TIMING] emit_host_span: [STRACE] v=1 pid=3713511 tid=3713511 inv=2 hid=6e59d6c91bcbcc2a depth=1 name=chip.run.claim_release ts=7228553482375080 dur=310 
[mono_ns=7228553482381740][T0xe61ee18d9020][TIMING] emit_host_span: [STRACE] v=1 pid=3713511 tid=3713511 inv=2 hid=6e59d6c91bcbcc2a depth=0 name=chip.run ts=7228553309697997 dur=172681733 run_id=2 dispatch_id=2 slot_id=0 generation=2 run_epoch=2
[mono_ns=7228558285272090][T0xe61ee18d9020][TIMING] emit_host_span: [STRACE] v=1 pid=3713511 tid=3713511 inv=3 hid=6e59d6c91bcbcc2a depth=2 name=chip.run.bind.args ts=7228558285009699 dur=228301 
[mono_ns=7228558285448001][T0xe61ee18d9020][TIMING] emit_host_span: [STRACE] v=1 pid=3713511 tid=3713511 inv=3 hid=6e59d6c91bcbcc2a depth=2 name=chip.run.bind.prebuilt ts=7228558285358131 dur=85840 
[mono_ns=7228558285458891][T0xe61ee18d9020][TIMING] emit_host_span: [STRACE] v=1 pid=3713511 tid=3713511 inv=3 hid=6e59d6c91bcbcc2a depth=1 name=chip.run.bind ts=7228558284952509 dur=503932 
[mono_ns=7228558479742853][T0xe61ee18d9020][TIMING] emit_host_span: [STRACE] v=1 pid=3713511 tid=3713511 inv=3 hid=6e59d6c91bcbcc2a depth=1 name=chip.run.runner_run ts=7228558286855446 dur=192869457 
[mono_ns=7228558479865913][T0xe61ee18d9020][TIMING] emit_host_span: [STRACE] v=1 pid=3713511 tid=3713511 inv=3 hid=6e59d6c91bcbcc2a depth=1 name=chip.run.validate ts=7228558479758913 dur=102350 
[mono_ns=7228558479879103][T0xe61ee18d9020][TIMING] emit_host_span: [STRACE] v=1 pid=3713511 tid=3713511 inv=3 hid=6e59d6c91bcbcc2a depth=2 name=chip.run.runner_run.device_wall ts=0 dur=1887040 clk=dev
[mono_ns=7228558479884133][T0xe61ee18d9020][TIMING] emit_host_span: [STRACE] v=1 pid=3713511 tid=3713511 inv=3 hid=6e59d6c91bcbcc2a depth=3 name=chip.run.runner_run.device_wall.preamble ts=0 dur=7300 clk=dev
[mono_ns=7228558479889803][T0xe61ee18d9020][TIMING] emit_host_span: [STRACE] v=1 pid=3713511 tid=3713511 inv=3 hid=6e59d6c91bcbcc2a depth=3 name=chip.run.runner_run.device_wall.graph_build ts=1960 dur=1873420 clk=dev
[mono_ns=7228558479893183][T0xe61ee18d9020][TIMING] emit_host_span: [STRACE] v=1 pid=3713511 tid=3713511 inv=3 hid=6e59d6c91bcbcc2a depth=3 name=chip.run.runner_run.device_wall.config_validate ts=2440 dur=1500 clk=dev
[mono_ns=7228558479897483][T0xe61ee18d9020][TIMING] emit_host_span: [STRACE] v=1 pid=3713511 tid=3713511 inv=3 hid=6e59d6c91bcbcc2a depth=3 name=chip.run.runner_run.device_wall.arena_wire ts=4100 dur=919 clk=dev
[mono_ns=7228558479901653][T0xe61ee18d9020][TIMING] emit_host_span: [STRACE] v=1 pid=3713511 tid=3713511 inv=3 hid=6e59d6c91bcbcc2a depth=3 name=chip.run.runner_run.device_wall.sm_reset ts=5040 dur=2099 clk=dev
[mono_ns=7228558479904823][T0xe61ee18d9020][TIMING] emit_host_span: [STRACE] v=1 pid=3713511 tid=3713511 inv=3 hid=6e59d6c91bcbcc2a depth=3 name=chip.run.runner_run.device_wall.post_orch ts=1875460 dur=11020 clk=dev
[mono_ns=7228558479908023][T0xe61ee18d9020][TIMING] emit_host_span: [STRACE] v=1 pid=3713511 tid=3713511 inv=3 hid=6e59d6c91bcbcc2a depth=3 name=chip.run.runner_run.device_wall.orch ts=8300 dur=11680 clk=dev
[mono_ns=7228558479937784][T0xe61ee18d9020][TIMING] emit_host_span: [STRACE] v=1 pid=3713511 tid=3713511 inv=3 hid=6e59d6c91bcbcc2a depth=3 name=chip.run.runner_run.device_wall.sched ts=7819 dur=1859320 clk=dev
[mono_ns=7228558479945064][T0xe61ee18d9020][TIMING] emit_host_span: [STRACE] v=1 pid=3713511 tid=3713511 inv=3 hid=6e59d6c91bcbcc2a depth=1 name=chip.run.claim_release ts=7228558479942494 dur=630 
[mono_ns=7228558479955434][T0xe61ee18d9020][TIMING] emit_host_span: [STRACE] v=1 pid=3713511 tid=3713511 inv=3 hid=6e59d6c91bcbcc2a depth=0 name=chip.run ts=7228558284256097 dur=195697217 run_id=3 dispatch_id=3 slot_id=0 generation=3 run_epoch=3
[mono_ns=7228558485881704][T0xe61ee18d9020][TIMING] emit_host_span: [STRACE] v=1 pid=3713511 tid=3713511 inv=4 hid=6e59d6c91bcbcc2a depth=2 name=chip.run.bind.args ts=7228558485766514 dur=109490 
[mono_ns=7228558485899404][T0xe61ee18d9020][TIMING] emit_host_span: [STRACE] v=1 pid=3713511 tid=3713511 inv=4 hid=6e59d6c91bcbcc2a depth=2 name=chip.run.bind.prebuilt ts=7228558485893424 dur=3640 
[mono_ns=7228558485903994][T0xe61ee18d9020][TIMING] emit_host_span: [STRACE] v=1 pid=3713511 tid=3713511 inv=4 hid=6e59d6c91bcbcc2a depth=1 name=chip.run.bind ts=7228558485757324 dur=144550 
[mono_ns=7228558489735647][T0xe61d845a9ca0][WARN] copy_aicore_buffer: [chip_swimlane_collector.cpp:689] Core 2: skipped 1024 AICore record slot(s) with start_time=0 (race-window write or recycled-buffer tail). buf seq=0 count=1024
[mono_ns=7228558489850608][T0xe61d90f1bca0][WARN] copy_aicore_buffer: [chip_swimlane_collector.cpp:689] Core 0: skipped 1024 AICore record slot(s) with start_time=0 (race-window write or recycled-buffer tail). buf seq=0 count=1024
[mono_ns=7228558490017388][T0xe61d84db9ca0][WARN] copy_aicore_buffer: [chip_swimlane_collector.cpp:689] Core 1: skipped 1024 AICore record slot(s) with start_time=0 (race-window write or recycled-buffer tail). buf seq=0 count=1024
[mono_ns=7228558490169219][T0xe61d845a9ca0][WARN] copy_aicore_buffer: [chip_swimlane_collector.cpp:689] Core 28: skipped 1021 AICore record slot(s) with start_time=0 (race-window write or recycled-buffer tail). buf seq=0 count=1024
[mono_ns=7228558490238549][T0xe61d90f1bca0][WARN] copy_aicore_buffer: [chip_swimlane_collector.cpp:689] Core 24: skipped 1024 AICore record slot(s) with start_time=0 (race-window write or recycled-buffer tail). buf seq=0 count=1024
[mono_ns=7228558490360920][T0xe61d84db9ca0][WARN] copy_aicore_buffer: [chip_swimlane_collector.cpp:689] Core 26: skipped 1024 AICore record slot(s) with start_time=0 (race-window write or recycled-buffer tail). buf seq=0 count=1024
[mono_ns=7228558490493850][T0xe61d845a9ca0][WARN] copy_aicore_buffer: [chip_swimlane_collector.cpp:689] Core 29: skipped 1024 AICore record slot(s) with start_time=0 (race-window write or recycled-buffer tail). buf seq=0 count=1024
[mono_ns=7228558490564050][T0xe61d90f1bca0][WARN] copy_aicore_buffer: [chip_swimlane_collector.cpp:689] Core 25: skipped 1024 AICore record slot(s) with start_time=0 (race-window write or recycled-buffer tail). buf seq=0 count=1024
[mono_ns=7228558490689951][T0xe61d84db9ca0][WARN] copy_aicore_buffer: [chip_swimlane_collector.cpp:689] Core 27: skipped 1024 AICore record slot(s) with start_time=0 (race-window write or recycled-buffer tail). buf seq=0 count=1024
[mono_ns=7228558490817981][T0xe61d845a9ca0][WARN] copy_aicore_buffer: [chip_swimlane_collector.cpp:689] Core 5: skipped 1024 AICore record slot(s) with start_time=0 (race-window write or recycled-buffer tail). buf seq=0 count=1024
[mono_ns=7228558490888161][T0xe61d90f1bca0][WARN] copy_aicore_buffer: [chip_swimlane_collector.cpp:689] Core 3: skipped 1024 AICore record slot(s) with start_time=0 (race-window write or recycled-buffer tail). buf seq=0 count=1024
[mono_ns=7228558491061692][T0xe61d84db9ca0][WARN] copy_aicore_buffer: [chip_swimlane_collector.cpp:689] Core 4: skipped 1024 AICore record slot(s) with start_time=0 (race-window write or recycled-buffer tail). buf seq=0 count=1024
[mono_ns=7228558491155072][T0xe61d845a9ca0][WARN] copy_aicore_buffer: [chip_swimlane_collector.cpp:689] Core 34: skipped 1024 AICore record slot(s) with start_time=0 (race-window write or recycled-buffer tail). buf seq=0 count=1024
[mono_ns=7228558491225243][T0xe61d90f1bca0][WARN] copy_aicore_buffer: [chip_swimlane_collector.cpp:689] Core 30: skipped 1024 AICore record slot(s) with start_time=0 (race-window write or recycled-buffer tail). buf seq=0 count=1024
[mono_ns=7228558491392073][T0xe61d84db9ca0][WARN] copy_aicore_buffer: [chip_swimlane_collector.cpp:689] Core 32: skipped 1024 AICore record slot(s) with start_time=0 (race-window write or recycled-buffer tail). buf seq=0 count=1024
[mono_ns=7228558491479023][T0xe61d845a9ca0][WARN] copy_aicore_buffer: [chip_swimlane_collector.cpp:689] Core 35: skipped 1024 AICore record slot(s) with start_time=0 (race-window write or recycled-buffer tail). buf seq=0 count=1024
[mono_ns=7228558491548684][T0xe61d90f1bca0][WARN] copy_aicore_buffer: [chip_swimlane_collector.cpp:689] Core 31: skipped 1024 AICore record slot(s) with start_time=0 (race-window write or recycled-buffer tail). buf seq=0 count=1024
[mono_ns=7228558491722634][T0xe61d84db9ca0][WARN] copy_aicore_buffer: [chip_swimlane_collector.cpp:689] Core 33: skipped 1024 AICore record slot(s) with start_time=0 (race-window write or recycled-buffer tail). buf seq=0 count=1024
[mono_ns=7228558491803345][T0xe61d845a9ca0][WARN] copy_aicore_buffer: [chip_swimlane_collector.cpp:689] Core 8: skipped 1024 AICore record slot(s) with start_time=0 (race-window write or recycled-buffer tail). buf seq=0 count=1024
[mono_ns=7228558491871125][T0xe61d90f1bca0][WARN] copy_aicore_buffer: [chip_swimlane_collector.cpp:689] Core 6: skipped 1024 AICore record slot(s) with start_time=0 (race-window write or recycled-buffer tail). buf seq=0 count=1024
[mono_ns=7228558492056225][T0xe61d84db9ca0][WARN] copy_aicore_buffer: [chip_swimlane_collector.cpp:689] Core 7: skipped 1024 AICore record slot(s) with start_time=0 (race-window write or recycled-buffer tail). buf seq=0 count=1024
[mono_ns=7228558492132956][T0xe61d845a9ca0][WARN] copy_aicore_buffer: [chip_swimlane_collector.cpp:689] Core 40: skipped 1024 AICore record slot(s) with start_time=0 (race-window write or recycled-buffer tail). buf seq=0 count=1024
[mono_ns=7228558492205286][T0xe61d90f1bca0][WARN] copy_aicore_buffer: [chip_swimlane_collector.cpp:689] Core 36: skipped 1024 AICore record slot(s) with start_time=0 (race-window write or recycled-buffer tail). buf seq=0 count=1024
[mono_ns=7228558492389277][T0xe61d84db9ca0][WARN] copy_aicore_buffer: [chip_swimlane_collector.cpp:689] Core 38: skipped 1024 AICore record slot(s) with start_time=0 (race-window write or recycled-buffer tail). buf seq=0 count=1024
[mono_ns=7228558492461127][T0xe61d845a9ca0][WARN] copy_aicore_buffer: [chip_swimlane_collector.cpp:689] Core 41: skipped 1024 AICore record slot(s) with start_time=0 (race-window write or recycled-buffer tail). buf seq=0 count=1024
[mono_ns=7228558492530497][T0xe61d90f1bca0][WARN] copy_aicore_buffer: [chip_swimlane_collector.cpp:689] Core 37: skipped 1024 AICore record slot(s) with start_time=0 (race-window write or recycled-buffer tail). buf seq=0 count=1024
[mono_ns=7228558492720058][T0xe61d84db9ca0][WARN] copy_aicore_buffer: [chip_swimlane_collector.cpp:689] Core 39: skipped 1024 AICore record slot(s) with start_time=0 (race-window write or recycled-buffer tail). buf seq=0 count=1024
[mono_ns=7228558492783428][T0xe61d845a9ca0][WARN] copy_aicore_buffer: [chip_swimlane_collector.cpp:689] Core 11: skipped 1024 AICore record slot(s) with start_time=0 (race-window write or recycled-buffer tail). buf seq=0 count=1024
[mono_ns=7228558492853278][T0xe61d90f1bca0][WARN] copy_aicore_buffer: [chip_swimlane_collector.cpp:689] Core 9: skipped 1024 AICore record slot(s) with start_time=0 (race-window write or recycled-buffer tail). buf seq=0 count=1024
[mono_ns=7228558493058929][T0xe61d84db9ca0][WARN] copy_aicore_buffer: [chip_swimlane_collector.cpp:689] Core 10: skipped 1024 AICore record slot(s) with start_time=0 (race-window write or recycled-buffer tail). buf seq=0 count=1024
[mono_ns=7228558493124059][T0xe61d845a9ca0][WARN] copy_aicore_buffer: [chip_swimlane_collector.cpp:689] Core 46: skipped 1024 AICore record slot(s) with start_time=0 (race-window write or recycled-buffer tail). buf seq=0 count=1024
[mono_ns=7228558493182129][T0xe61d90f1bca0][WARN] copy_aicore_buffer: [chip_swimlane_collector.cpp:689] Core 42: skipped 1024 AICore record slot(s) with start_time=0 (race-window write or recycled-buffer tail). buf seq=0 count=1024
[mono_ns=7228558493390480][T0xe61d84db9ca0][WARN] copy_aicore_buffer: [chip_swimlane_collector.cpp:689] Core 44: skipped 1024 AICore record slot(s) with start_time=0 (race-window write or recycled-buffer tail). buf seq=0 count=1024
[mono_ns=7228558493489820][T0xe61d845a9ca0][WARN] copy_aicore_buffer: [chip_swimlane_collector.cpp:689] Core 47: skipped 1024 AICore record slot(s) with start_time=0 (race-window write or recycled-buffer tail). buf seq=0 count=1024
[mono_ns=7228558493510090][T0xe61d90f1bca0][WARN] copy_aicore_buffer: [chip_swimlane_collector.cpp:689] Core 43: skipped 1024 AICore record slot(s) with start_time=0 (race-window write or recycled-buffer tail). buf seq=0 count=1024
[mono_ns=7228558493736881][T0xe61d84db9ca0][WARN] copy_aicore_buffer: [chip_swimlane_collector.cpp:689] Core 45: skipped 1024 AICore record slot(s) with start_time=0 (race-window write or recycled-buffer tail). buf seq=0 count=1024
[mono_ns=7228558493833402][T0xe61d845a9ca0][WARN] copy_aicore_buffer: [chip_swimlane_collector.cpp:689] Core 14: skipped 1024 AICore record slot(s) with start_time=0 (race-window write or recycled-buffer tail). buf seq=0 count=1024
[mono_ns=7228558493834352][T0xe61d90f1bca0][WARN] copy_aicore_buffer: [chip_swimlane_collector.cpp:689] Core 12: skipped 1024 AICore record slot(s) with start_time=0 (race-window write or recycled-buffer tail). buf seq=0 count=1024
[mono_ns=7228558494100483][T0xe61d84db9ca0][WARN] copy_aicore_buffer: [chip_swimlane_collector.cpp:689] Core 13: skipped 1024 AICore record slot(s) with start_time=0 (race-window write or recycled-buffer tail). buf seq=0 count=1024
[mono_ns=7228558494164123][T0xe61d90f1bca0][WARN] copy_aicore_buffer: [chip_swimlane_collector.cpp:689] Core 48: skipped 1024 AICore record slot(s) with start_time=0 (race-window write or recycled-buffer tail). buf seq=0 count=1024
[mono_ns=7228558494178633][T0xe61d845a9ca0][WARN] copy_aicore_buffer: [chip_swimlane_collector.cpp:689] Core 52: skipped 1024 AICore record slot(s) with start_time=0 (race-window write or recycled-buffer tail). buf seq=0 count=1024
[mono_ns=7228558494448364][T0xe61d84db9ca0][WARN] copy_aicore_buffer: [chip_swimlane_collector.cpp:689] Core 50: skipped 1024 AICore record slot(s) with start_time=0 (race-window write or recycled-buffer tail). buf seq=0 count=1024
[mono_ns=7228558494489594][T0xe61d90f1bca0][WARN] copy_aicore_buffer: [chip_swimlane_collector.cpp:689] Core 49: skipped 1024 AICore record slot(s) with start_time=0 (race-window write or recycled-buffer tail). buf seq=0 count=1024
[mono_ns=7228558494514384][T0xe61d845a9ca0][WARN] copy_aicore_buffer: [chip_swimlane_collector.cpp:689] Core 53: skipped 1024 AICore record slot(s) with start_time=0 (race-window write or recycled-buffer tail). buf seq=0 count=1024
[mono_ns=7228558494796235][T0xe61d84db9ca0][WARN] copy_aicore_buffer: [chip_swimlane_collector.cpp:689] Core 51: skipped 1024 AICore record slot(s) with start_time=0 (race-window write or recycled-buffer tail). buf seq=0 count=1024
[mono_ns=7228558494825305][T0xe61d90f1bca0][WARN] copy_aicore_buffer: [chip_swimlane_collector.cpp:689] Core 15: skipped 1024 AICore record slot(s) with start_time=0 (race-window write or recycled-buffer tail). buf seq=0 count=1024
[mono_ns=7228558494849505][T0xe61d845a9ca0][WARN] copy_aicore_buffer: [chip_swimlane_collector.cpp:689] Core 17: skipped 1024 AICore record slot(s) with start_time=0 (race-window write or recycled-buffer tail). buf seq=0 count=1024
[mono_ns=7228558495151086][T0xe61d84db9ca0][WARN] copy_aicore_buffer: [chip_swimlane_collector.cpp:689] Core 16: skipped 1024 AICore record slot(s) with start_time=0 (race-window write or recycled-buffer tail). buf seq=0 count=1024
[mono_ns=7228558495178076][T0xe61d90f1bca0][WARN] copy_aicore_buffer: [chip_swimlane_collector.cpp:689] Core 54: skipped 1024 AICore record slot(s) with start_time=0 (race-window write or recycled-buffer tail). buf seq=0 count=1024
[mono_ns=7228558495191776][T0xe61d845a9ca0][WARN] copy_aicore_buffer: [chip_swimlane_collector.cpp:689] Core 58: skipped 1024 AICore record slot(s) with start_time=0 (race-window write or recycled-buffer tail). buf seq=0 count=1024
[mono_ns=7228558495496907][T0xe61d84db9ca0][WARN] copy_aicore_buffer: [chip_swimlane_collector.cpp:689] Core 56: skipped 1024 AICore record slot(s) with start_time=0 (race-window write or recycled-buffer tail). buf seq=0 count=1024
[mono_ns=7228558495515717][T0xe61d90f1bca0][WARN] copy_aicore_buffer: [chip_swimlane_collector.cpp:689] Core 55: skipped 1024 AICore record slot(s) with start_time=0 (race-window write or recycled-buffer tail). buf seq=0 count=1024
[mono_ns=7228558495528377][T0xe61d845a9ca0][WARN] copy_aicore_buffer: [chip_swimlane_collector.cpp:689] Core 59: skipped 1024 AICore record slot(s) with start_time=0 (race-window write or recycled-buffer tail). buf seq=0 count=1024
[mono_ns=7228558495838999][T0xe61d84db9ca0][WARN] copy_aicore_buffer: [chip_swimlane_collector.cpp:689] Core 57: skipped 1024 AICore record slot(s) with start_time=0 (race-window write or recycled-buffer tail). buf seq=0 count=1024
[mono_ns=7228558495848959][T0xe61d90f1bca0][WARN] copy_aicore_buffer: [chip_swimlane_collector.cpp:689] Core 18: skipped 1024 AICore record slot(s) with start_time=0 (race-window write or recycled-buffer tail). buf seq=0 count=1024
[mono_ns=7228558495865829][T0xe61d845a9ca0][WARN] copy_aicore_buffer: [chip_swimlane_collector.cpp:689] Core 20: skipped 1024 AICore record slot(s) with start_time=0 (race-window write or recycled-buffer tail). buf seq=0 count=1024
[mono_ns=7228558496193840][T0xe61d84db9ca0][WARN] copy_aicore_buffer: [chip_swimlane_collector.cpp:689] Core 19: skipped 1024 AICore record slot(s) with start_time=0 (race-window write or recycled-buffer tail). buf seq=0 count=1024
[mono_ns=7228558496194880][T0xe61d90f1bca0][WARN] copy_aicore_buffer: [chip_swimlane_collector.cpp:689] Core 60: skipped 1024 AICore record slot(s) with start_time=0 (race-window write or recycled-buffer tail). buf seq=0 count=1024
[mono_ns=7228558496209640][T0xe61d845a9ca0][WARN] copy_aicore_buffer: [chip_swimlane_collector.cpp:689] Core 64: skipped 1024 AICore record slot(s) with start_time=0 (race-window write or recycled-buffer tail). buf seq=0 count=1024
[mono_ns=7228558496537021][T0xe61d90f1bca0][WARN] copy_aicore_buffer: [chip_swimlane_collector.cpp:689] Core 61: skipped 1024 AICore record slot(s) with start_time=0 (race-window write or recycled-buffer tail). buf seq=0 count=1024
[mono_ns=7228558496563491][T0xe61d84db9ca0][WARN] copy_aicore_buffer: [chip_swimlane_collector.cpp:689] Core 62: skipped 1024 AICore record slot(s) with start_time=0 (race-window write or recycled-buffer tail). buf seq=0 count=1024
[mono_ns=7228558496569151][T0xe61d845a9ca0][WARN] copy_aicore_buffer: [chip_swimlane_collector.cpp:689] Core 65: skipped 1024 AICore record slot(s) with start_time=0 (race-window write or recycled-buffer tail). buf seq=0 count=1024
[mono_ns=7228558496868162][T0xe61d90f1bca0][WARN] copy_aicore_buffer: [chip_swimlane_collector.cpp:689] Core 21: skipped 1024 AICore record slot(s) with start_time=0 (race-window write or recycled-buffer tail). buf seq=0 count=1024
[mono_ns=7228558496922912][T0xe61d84db9ca0][WARN] copy_aicore_buffer: [chip_swimlane_collector.cpp:689] Core 63: skipped 1024 AICore record slot(s) with start_time=0 (race-window write or recycled-buffer tail). buf seq=0 count=1024
[mono_ns=7228558496928142][T0xe61d845a9ca0][WARN] copy_aicore_buffer: [chip_swimlane_collector.cpp:689] Core 23: skipped 1024 AICore record slot(s) with start_time=0 (race-window write or recycled-buffer tail). buf seq=0 count=1024
[mono_ns=7228558497214373][T0xe61d90f1bca0][WARN] copy_aicore_buffer: [chip_swimlane_collector.cpp:689] Core 66: skipped 1024 AICore record slot(s) with start_time=0 (race-window write or recycled-buffer tail). buf seq=0 count=1024
[mono_ns=7228558497294114][T0xe61d84db9ca0][WARN] copy_aicore_buffer: [chip_swimlane_collector.cpp:689] Core 22: skipped 1024 AICore record slot(s) with start_time=0 (race-window write or recycled-buffer tail). buf seq=0 count=1024
[mono_ns=7228558497299924][T0xe61d845a9ca0][WARN] copy_aicore_buffer: [chip_swimlane_collector.cpp:689] Core 70: skipped 1024 AICore record slot(s) with start_time=0 (race-window write or recycled-buffer tail). buf seq=0 count=1024
[mono_ns=7228558497551194][T0xe61d90f1bca0][WARN] copy_aicore_buffer: [chip_swimlane_collector.cpp:689] Core 67: skipped 1024 AICore record slot(s) with start_time=0 (race-window write or recycled-buffer tail). buf seq=0 count=1024
[mono_ns=7228558497653645][T0xe61d845a9ca0][WARN] copy_aicore_buffer: [chip_swimlane_collector.cpp:689] Core 71: skipped 1024 AICore record slot(s) with start_time=0 (race-window write or recycled-buffer tail). buf seq=0 count=1024
[mono_ns=7228558497657525][T0xe61d84db9ca0][WARN] copy_aicore_buffer: [chip_swimlane_collector.cpp:689] Core 68: skipped 1024 AICore record slot(s) with start_time=0 (race-window write or recycled-buffer tail). buf seq=0 count=1024
[mono_ns=7228558498048556][T0xe61d84db9ca0][WARN] copy_aicore_buffer: [chip_swimlane_collector.cpp:689] Core 69: skipped 1024 AICore record slot(s) with start_time=0 (race-window write or recycled-buffer tail). buf seq=0 count=1024
[mono_ns=7228558598974205][T0xe61ee18d9020][TIMING] emit_host_span: [STRACE] v=1 pid=3713511 tid=3713511 inv=4 hid=6e59d6c91bcbcc2a depth=1 name=chip.run.runner_run ts=7228558487575350 dur=111391355 
[mono_ns=7228558599083196][T0xe61ee18d9020][TIMING] emit_host_span: [STRACE] v=1 pid=3713511 tid=3713511 inv=4 hid=6e59d6c91bcbcc2a depth=1 name=chip.run.validate ts=7228558598987285 dur=92071 
[mono_ns=7228558599093876][T0xe61ee18d9020][TIMING] emit_host_span: [STRACE] v=1 pid=3713511 tid=3713511 inv=4 hid=6e59d6c91bcbcc2a depth=2 name=chip.run.runner_run.device_wall ts=0 dur=1604260 clk=dev
[mono_ns=7228558599098316][T0xe61ee18d9020][TIMING] emit_host_span: [STRACE] v=1 pid=3713511 tid=3713511 inv=4 hid=6e59d6c91bcbcc2a depth=3 name=chip.run.runner_run.device_wall.preamble ts=0 dur=109740 clk=dev
[mono_ns=7228558599102416][T0xe61ee18d9020][TIMING] emit_host_span: [STRACE] v=1 pid=3713511 tid=3713511 inv=4 hid=6e59d6c91bcbcc2a depth=3 name=chip.run.runner_run.device_wall.graph_build ts=105560 dur=1488180 clk=dev
[mono_ns=7228558599106346][T0xe61ee18d9020][TIMING] emit_host_span: [STRACE] v=1 pid=3713511 tid=3713511 inv=4 hid=6e59d6c91bcbcc2a depth=3 name=chip.run.runner_run.device_wall.config_validate ts=105680 dur=760 clk=dev
[mono_ns=7228558599111006][T0xe61ee18d9020][TIMING] emit_host_span: [STRACE] v=1 pid=3713511 tid=3713511 inv=4 hid=6e59d6c91bcbcc2a depth=3 name=chip.run.runner_run.device_wall.arena_wire ts=106460 dur=420 clk=dev
[mono_ns=7228558599146976][T0xe61ee18d9020][TIMING] emit_host_span: [STRACE] v=1 pid=3713511 tid=3713511 inv=4 hid=6e59d6c91bcbcc2a depth=3 name=chip.run.runner_run.device_wall.sm_reset ts=106899 dur=700 clk=dev
[mono_ns=7228558599150806][T0xe61ee18d9020][TIMING] emit_host_span: [STRACE] v=1 pid=3713511 tid=3713511 inv=4 hid=6e59d6c91bcbcc2a depth=3 name=chip.run.runner_run.device_wall.post_orch ts=1593760 dur=10340 clk=dev
[mono_ns=7228558599153696][T0xe61ee18d9020][TIMING] emit_host_span: [STRACE] v=1 pid=3713511 tid=3713511 inv=4 hid=6e59d6c91bcbcc2a depth=3 name=chip.run.runner_run.device_wall.orch ts=107660 dur=4060 clk=dev
[mono_ns=7228558599156536][T0xe61ee18d9020][TIMING] emit_host_span: [STRACE] v=1 pid=3713511 tid=3713511 inv=4 hid=6e59d6c91bcbcc2a depth=3 name=chip.run.runner_run.device_wall.sched ts=109920 dur=1458580 clk=dev
[mono_ns=7228558599160216][T0xe61ee18d9020][TIMING] emit_host_span: [STRACE] v=1 pid=3713511 tid=3713511 inv=4 hid=6e59d6c91bcbcc2a depth=1 name=chip.run.claim_release ts=7228558599158166 dur=280 
[mono_ns=7228558599164186][T0xe61ee18d9020][TIMING] emit_host_span: [STRACE] v=1 pid=3713511 tid=3713511 inv=4 hid=6e59d6c91bcbcc2a depth=0 name=chip.run ts=7228558485712894 dur=113449282 run_id=4 dispatch_id=4 slot_id=0 generation=4 run_epoch=4
[mono_ns=7228563398633189][T0xe61ee18d9020][TIMING] emit_host_span: [STRACE] v=1 pid=3713511 tid=3713511 inv=5 hid=6e59d6c91bcbcc2a depth=2 name=chip.run.bind.args ts=7228563398449898 dur=173921 
[mono_ns=7228563398662509][T0xe61ee18d9020][TIMING] emit_host_span: [STRACE] v=1 pid=3713511 tid=3713511 inv=5 hid=6e59d6c91bcbcc2a depth=2 name=chip.run.bind.prebuilt ts=7228563398650789 dur=8930 
[mono_ns=7228563398700219][T0xe61ee18d9020][TIMING] emit_host_span: [STRACE] v=1 pid=3713511 tid=3713511 inv=5 hid=6e59d6c91bcbcc2a depth=1 name=chip.run.bind ts=7228563398438018 dur=259511 
[mono_ns=7228563507652958][T0xe61ee18d9020][TIMING] emit_host_span: [STRACE] v=1 pid=3713511 tid=3713511 inv=5 hid=6e59d6c91bcbcc2a depth=1 name=chip.run.runner_run ts=7228563399084620 dur=108552008 
[mono_ns=7228563507776718][T0xe61ee18d9020][TIMING] emit_host_span: [STRACE] v=1 pid=3713511 tid=3713511 inv=5 hid=6e59d6c91bcbcc2a depth=1 name=chip.run.validate ts=7228563507669728 dur=102760 
[mono_ns=7228563507789328][T0xe61ee18d9020][TIMING] emit_host_span: [STRACE] v=1 pid=3713511 tid=3713511 inv=5 hid=6e59d6c91bcbcc2a depth=2 name=chip.run.runner_run.device_wall ts=0 dur=14806200 clk=dev
[mono_ns=7228563507794318][T0xe61ee18d9020][TIMING] emit_host_span: [STRACE] v=1 pid=3713511 tid=3713511 inv=5 hid=6e59d6c91bcbcc2a depth=3 name=chip.run.runner_run.device_wall.preamble ts=0 dur=6040 clk=dev
[mono_ns=7228563507798508][T0xe61ee18d9020][TIMING] emit_host_span: [STRACE] v=1 pid=3713511 tid=3713511 inv=5 hid=6e59d6c91bcbcc2a depth=3 name=chip.run.runner_run.device_wall.graph_build ts=1220 dur=14794320 clk=dev
[mono_ns=7228563507802278][T0xe61ee18d9020][TIMING] emit_host_span: [STRACE] v=1 pid=3713511 tid=3713511 inv=5 hid=6e59d6c91bcbcc2a depth=3 name=chip.run.runner_run.device_wall.config_validate ts=1500 dur=1080 clk=dev
[mono_ns=7228563507805368][T0xe61ee18d9020][TIMING] emit_host_span: [STRACE] v=1 pid=3713511 tid=3713511 inv=5 hid=6e59d6c91bcbcc2a depth=3 name=chip.run.runner_run.device_wall.arena_wire ts=2600 dur=1400 clk=dev
[mono_ns=7228563507871008][T0xe61ee18d9020][TIMING] emit_host_span: [STRACE] v=1 pid=3713511 tid=3713511 inv=5 hid=6e59d6c91bcbcc2a depth=3 name=chip.run.runner_run.device_wall.sm_reset ts=4040 dur=2139 clk=dev
[mono_ns=7228563507874618][T0xe61ee18d9020][TIMING] emit_host_span: [STRACE] v=1 pid=3713511 tid=3713511 inv=5 hid=6e59d6c91bcbcc2a depth=3 name=chip.run.runner_run.device_wall.post_orch ts=14795580 dur=10360 clk=dev
[mono_ns=7228563507879018][T0xe61ee18d9020][TIMING] emit_host_span: [STRACE] v=1 pid=3713511 tid=3713511 inv=5 hid=6e59d6c91bcbcc2a depth=3 name=chip.run.runner_run.device_wall.orch ts=6939 dur=9340 clk=dev
[mono_ns=7228563507881948][T0xe61ee18d9020][TIMING] emit_host_span: [STRACE] v=1 pid=3713511 tid=3713511 inv=5 hid=6e59d6c91bcbcc2a depth=3 name=chip.run.runner_run.device_wall.sched ts=6340 dur=14780700 clk=dev
[mono_ns=7228563507887808][T0xe61ee18d9020][TIMING] emit_host_span: [STRACE] v=1 pid=3713511 tid=3713511 inv=5 hid=6e59d6c91bcbcc2a depth=1 name=chip.run.claim_release ts=7228563507885298 dur=740 
[mono_ns=7228563507892788][T0xe61ee18d9020][TIMING] emit_host_span: [STRACE] v=1 pid=3713511 tid=3713511 inv=5 hid=6e59d6c91bcbcc2a depth=0 name=chip.run ts=7228563398320597 dur=109570221 run_id=5 dispatch_id=5 slot_id=0 generation=5 run_epoch=5
[mono_ns=7228563526875855][T0xe61ee18d9020][TIMING] emit_host_span: [STRACE] v=1 pid=3713511 tid=3713511 inv=6 hid=6e59d6c91bcbcc2a depth=2 name=chip.run.bind.args ts=7228563526753874 dur=116410 
[mono_ns=7228563526926475][T0xe61ee18d9020][TIMING] emit_host_span: [STRACE] v=1 pid=3713511 tid=3713511 inv=6 hid=6e59d6c91bcbcc2a depth=2 name=chip.run.bind.prebuilt ts=7228563526918905 dur=3220 
[mono_ns=7228563526931625][T0xe61ee18d9020][TIMING] emit_host_span: [STRACE] v=1 pid=3713511 tid=3713511 inv=6 hid=6e59d6c91bcbcc2a depth=1 name=chip.run.bind ts=7228563526745394 dur=183901 
[mono_ns=7228563530406407][T0xe61d845a9ca0][WARN] copy_aicore_buffer: [chip_swimlane_collector.cpp:689] Core 2: skipped 1024 AICore record slot(s) with start_time=0 (race-window write or recycled-buffer tail). buf seq=0 count=1024
[mono_ns=7228563530512157][T0xe61d90f1bca0][WARN] copy_aicore_buffer: [chip_swimlane_collector.cpp:689] Core 0: skipped 1024 AICore record slot(s) with start_time=0 (race-window write or recycled-buffer tail). buf seq=0 count=1024
[mono_ns=7228563530520237][T0xe61d84db9ca0][WARN] copy_aicore_buffer: [chip_swimlane_collector.cpp:689] Core 1: skipped 1024 AICore record slot(s) with start_time=0 (race-window write or recycled-buffer tail). buf seq=0 count=1024
[mono_ns=7228563530768678][T0xe61d845a9ca0][WARN] copy_aicore_buffer: [chip_swimlane_collector.cpp:689] Core 28: skipped 1023 AICore record slot(s) with start_time=0 (race-window write or recycled-buffer tail). buf seq=0 count=1024
[mono_ns=7228563530844258][T0xe61d90f1bca0][WARN] copy_aicore_buffer: [chip_swimlane_collector.cpp:689] Core 24: skipped 1024 AICore record slot(s) with start_time=0 (race-window write or recycled-buffer tail). buf seq=0 count=1024
[mono_ns=7228563530858568][T0xe61d84db9ca0][WARN] copy_aicore_buffer: [chip_swimlane_collector.cpp:689] Core 26: skipped 1022 AICore record slot(s) with start_time=0 (race-window write or recycled-buffer tail). buf seq=0 count=1024
[mono_ns=7228563531107759][T0xe61d845a9ca0][WARN] copy_aicore_buffer: [chip_swimlane_collector.cpp:689] Core 29: skipped 1024 AICore record slot(s) with start_time=0 (race-window write or recycled-buffer tail). buf seq=0 count=1024
[mono_ns=7228563531179329][T0xe61d90f1bca0][WARN] copy_aicore_buffer: [chip_swimlane_collector.cpp:689] Core 25: skipped 1024 AICore record slot(s) with start_time=0 (race-window write or recycled-buffer tail). buf seq=0 count=1024
[mono_ns=7228563531250970][T0xe61d84db9ca0][WARN] copy_aicore_buffer: [chip_swimlane_collector.cpp:689] Core 27: skipped 1024 AICore record slot(s) with start_time=0 (race-window write or recycled-buffer tail). buf seq=0 count=1024
[mono_ns=7228563531432620][T0xe61d845a9ca0][WARN] copy_aicore_buffer: [chip_swimlane_collector.cpp:689] Core 5: skipped 1024 AICore record slot(s) with start_time=0 (race-window write or recycled-buffer tail). buf seq=0 count=1024
[mono_ns=7228563531504471][T0xe61d90f1bca0][WARN] copy_aicore_buffer: [chip_swimlane_collector.cpp:689] Core 3: skipped 1024 AICore record slot(s) with start_time=0 (race-window write or recycled-buffer tail). buf seq=0 count=1024
[mono_ns=7228563531581751][T0xe61d84db9ca0][WARN] copy_aicore_buffer: [chip_swimlane_collector.cpp:689] Core 4: skipped 1024 AICore record slot(s) with start_time=0 (race-window write or recycled-buffer tail). buf seq=0 count=1024
[mono_ns=7228563531755601][T0xe61d845a9ca0][WARN] copy_aicore_buffer: [chip_swimlane_collector.cpp:689] Core 34: skipped 1024 AICore record slot(s) with start_time=0 (race-window write or recycled-buffer tail). buf seq=0 count=1024
[mono_ns=7228563531828272][T0xe61d90f1bca0][WARN] copy_aicore_buffer: [chip_swimlane_collector.cpp:689] Core 30: skipped 1024 AICore record slot(s) with start_time=0 (race-window write or recycled-buffer tail). buf seq=0 count=1024
[mono_ns=7228563531911672][T0xe61d84db9ca0][WARN] copy_aicore_buffer: [chip_swimlane_collector.cpp:689] Core 32: skipped 1024 AICore record slot(s) with start_time=0 (race-window write or recycled-buffer tail). buf seq=0 count=1024
[mono_ns=7228563532094933][T0xe61d845a9ca0][WARN] copy_aicore_buffer: [chip_swimlane_collector.cpp:689] Core 35: skipped 1024 AICore record slot(s) with start_time=0 (race-window write or recycled-buffer tail). buf seq=0 count=1024
[mono_ns=7228563532167283][T0xe61d90f1bca0][WARN] copy_aicore_buffer: [chip_swimlane_collector.cpp:689] Core 31: skipped 1024 AICore record slot(s) with start_time=0 (race-window write or recycled-buffer tail). buf seq=0 count=1024
[mono_ns=7228563532249323][T0xe61d84db9ca0][WARN] copy_aicore_buffer: [chip_swimlane_collector.cpp:689] Core 33: skipped 1024 AICore record slot(s) with start_time=0 (race-window write or recycled-buffer tail). buf seq=0 count=1024
[mono_ns=7228563532419214][T0xe61d845a9ca0][WARN] copy_aicore_buffer: [chip_swimlane_collector.cpp:689] Core 8: skipped 1024 AICore record slot(s) with start_time=0 (race-window write or recycled-buffer tail). buf seq=0 count=1024
[mono_ns=7228563532490434][T0xe61d90f1bca0][WARN] copy_aicore_buffer: [chip_swimlane_collector.cpp:689] Core 6: skipped 1024 AICore record slot(s) with start_time=0 (race-window write or recycled-buffer tail). buf seq=0 count=1024
[mono_ns=7228563532579674][T0xe61d84db9ca0][WARN] copy_aicore_buffer: [chip_swimlane_collector.cpp:689] Core 7: skipped 1024 AICore record slot(s) with start_time=0 (race-window write or recycled-buffer tail). buf seq=0 count=1024
[mono_ns=7228563532741275][T0xe61d845a9ca0][WARN] copy_aicore_buffer: [chip_swimlane_collector.cpp:689] Core 40: skipped 1024 AICore record slot(s) with start_time=0 (race-window write or recycled-buffer tail). buf seq=0 count=1024
[mono_ns=7228563532813465][T0xe61d90f1bca0][WARN] copy_aicore_buffer: [chip_swimlane_collector.cpp:689] Core 36: skipped 1024 AICore record slot(s) with start_time=0 (race-window write or recycled-buffer tail). buf seq=0 count=1024
[mono_ns=7228563532910276][T0xe61d84db9ca0][WARN] copy_aicore_buffer: [chip_swimlane_collector.cpp:689] Core 38: skipped 1024 AICore record slot(s) with start_time=0 (race-window write or recycled-buffer tail). buf seq=0 count=1024
[mono_ns=7228563533086336][T0xe61d845a9ca0][WARN] copy_aicore_buffer: [chip_swimlane_collector.cpp:689] Core 41: skipped 1024 AICore record slot(s) with start_time=0 (race-window write or recycled-buffer tail). buf seq=0 count=1024
[mono_ns=7228563533141296][T0xe61d90f1bca0][WARN] copy_aicore_buffer: [chip_swimlane_collector.cpp:689] Core 37: skipped 1024 AICore record slot(s) with start_time=0 (race-window write or recycled-buffer tail). buf seq=0 count=1024
[mono_ns=7228563533249097][T0xe61d84db9ca0][WARN] copy_aicore_buffer: [chip_swimlane_collector.cpp:689] Core 39: skipped 1024 AICore record slot(s) with start_time=0 (race-window write or recycled-buffer tail). buf seq=0 count=1024
[mono_ns=7228563533409227][T0xe61d845a9ca0][WARN] copy_aicore_buffer: [chip_swimlane_collector.cpp:689] Core 11: skipped 1024 AICore record slot(s) with start_time=0 (race-window write or recycled-buffer tail). buf seq=0 count=1024
[mono_ns=7228563533464137][T0xe61d90f1bca0][WARN] copy_aicore_buffer: [chip_swimlane_collector.cpp:689] Core 9: skipped 1024 AICore record slot(s) with start_time=0 (race-window write or recycled-buffer tail). buf seq=0 count=1024
[mono_ns=7228563533579048][T0xe61d84db9ca0][WARN] copy_aicore_buffer: [chip_swimlane_collector.cpp:689] Core 10: skipped 1024 AICore record slot(s) with start_time=0 (race-window write or recycled-buffer tail). buf seq=0 count=1024
[mono_ns=7228563533731488][T0xe61d845a9ca0][WARN] copy_aicore_buffer: [chip_swimlane_collector.cpp:689] Core 46: skipped 1024 AICore record slot(s) with start_time=0 (race-window write or recycled-buffer tail). buf seq=0 count=1024
[mono_ns=7228563533790529][T0xe61d90f1bca0][WARN] copy_aicore_buffer: [chip_swimlane_collector.cpp:689] Core 42: skipped 1024 AICore record slot(s) with start_time=0 (race-window write or recycled-buffer tail). buf seq=0 count=1024
[mono_ns=7228563533909309][T0xe61d84db9ca0][WARN] copy_aicore_buffer: [chip_swimlane_collector.cpp:689] Core 44: skipped 1024 AICore record slot(s) with start_time=0 (race-window write or recycled-buffer tail). buf seq=0 count=1024
[mono_ns=7228563534066580][T0xe61d845a9ca0][WARN] copy_aicore_buffer: [chip_swimlane_collector.cpp:689] Core 47: skipped 1024 AICore record slot(s) with start_time=0 (race-window write or recycled-buffer tail). buf seq=0 count=1024
[mono_ns=7228563534122320][T0xe61d90f1bca0][WARN] copy_aicore_buffer: [chip_swimlane_collector.cpp:689] Core 43: skipped 1024 AICore record slot(s) with start_time=0 (race-window write or recycled-buffer tail). buf seq=0 count=1024
[mono_ns=7228563534244070][T0xe61d84db9ca0][WARN] copy_aicore_buffer: [chip_swimlane_collector.cpp:689] Core 45: skipped 1024 AICore record slot(s) with start_time=0 (race-window write or recycled-buffer tail). buf seq=0 count=1024
[mono_ns=7228563534390591][T0xe61d845a9ca0][WARN] copy_aicore_buffer: [chip_swimlane_collector.cpp:689] Core 14: skipped 1024 AICore record slot(s) with start_time=0 (race-window write or recycled-buffer tail). buf seq=0 count=1024
[mono_ns=7228563534446421][T0xe61d90f1bca0][WARN] copy_aicore_buffer: [chip_swimlane_collector.cpp:689] Core 12: skipped 1024 AICore record slot(s) with start_time=0 (race-window write or recycled-buffer tail). buf seq=0 count=1024
[mono_ns=7228563534574031][T0xe61d84db9ca0][WARN] copy_aicore_buffer: [chip_swimlane_collector.cpp:689] Core 13: skipped 1024 AICore record slot(s) with start_time=0 (race-window write or recycled-buffer tail). buf seq=0 count=1024
[mono_ns=7228563534716522][T0xe61d845a9ca0][WARN] copy_aicore_buffer: [chip_swimlane_collector.cpp:689] Core 52: skipped 1024 AICore record slot(s) with start_time=0 (race-window write or recycled-buffer tail). buf seq=0 count=1024
[mono_ns=7228563534770412][T0xe61d90f1bca0][WARN] copy_aicore_buffer: [chip_swimlane_collector.cpp:689] Core 48: skipped 1024 AICore record slot(s) with start_time=0 (race-window write or recycled-buffer tail). buf seq=0 count=1024
[mono_ns=7228563534903612][T0xe61d84db9ca0][WARN] copy_aicore_buffer: [chip_swimlane_collector.cpp:689] Core 50: skipped 1024 AICore record slot(s) with start_time=0 (race-window write or recycled-buffer tail). buf seq=0 count=1024
[mono_ns=7228563535049633][T0xe61d845a9ca0][WARN] copy_aicore_buffer: [chip_swimlane_collector.cpp:689] Core 53: skipped 1024 AICore record slot(s) with start_time=0 (race-window write or recycled-buffer tail). buf seq=0 count=1024
[mono_ns=7228563535102923][T0xe61d90f1bca0][WARN] copy_aicore_buffer: [chip_swimlane_collector.cpp:689] Core 49: skipped 1024 AICore record slot(s) with start_time=0 (race-window write or recycled-buffer tail). buf seq=0 count=1024
[mono_ns=7228563535242284][T0xe61d84db9ca0][WARN] copy_aicore_buffer: [chip_swimlane_collector.cpp:689] Core 51: skipped 1024 AICore record slot(s) with start_time=0 (race-window write or recycled-buffer tail). buf seq=0 count=1024
[mono_ns=7228563535372164][T0xe61d845a9ca0][WARN] copy_aicore_buffer: [chip_swimlane_collector.cpp:689] Core 17: skipped 1024 AICore record slot(s) with start_time=0 (race-window write or recycled-buffer tail). buf seq=0 count=1024
[mono_ns=7228563535425344][T0xe61d90f1bca0][WARN] copy_aicore_buffer: [chip_swimlane_collector.cpp:689] Core 15: skipped 1024 AICore record slot(s) with start_time=0 (race-window write or recycled-buffer tail). buf seq=0 count=1024
[mono_ns=7228563535572395][T0xe61d84db9ca0][WARN] copy_aicore_buffer: [chip_swimlane_collector.cpp:689] Core 16: skipped 1024 AICore record slot(s) with start_time=0 (race-window write or recycled-buffer tail). buf seq=0 count=1024
[mono_ns=7228563535695315][T0xe61d845a9ca0][WARN] copy_aicore_buffer: [chip_swimlane_collector.cpp:689] Core 58: skipped 1024 AICore record slot(s) with start_time=0 (race-window write or recycled-buffer tail). buf seq=0 count=1024
[mono_ns=7228563535748545][T0xe61d90f1bca0][WARN] copy_aicore_buffer: [chip_swimlane_collector.cpp:689] Core 54: skipped 1024 AICore record slot(s) with start_time=0 (race-window write or recycled-buffer tail). buf seq=0 count=1024
[mono_ns=7228563535900526][T0xe61d84db9ca0][WARN] copy_aicore_buffer: [chip_swimlane_collector.cpp:689] Core 56: skipped 1024 AICore record slot(s) with start_time=0 (race-window write or recycled-buffer tail). buf seq=0 count=1024
[mono_ns=7228563536023156][T0xe61d845a9ca0][WARN] copy_aicore_buffer: [chip_swimlane_collector.cpp:689] Core 59: skipped 1024 AICore record slot(s) with start_time=0 (race-window write or recycled-buffer tail). buf seq=0 count=1024
[mono_ns=7228563536077547][T0xe61d90f1bca0][WARN] copy_aicore_buffer: [chip_swimlane_collector.cpp:689] Core 55: skipped 1024 AICore record slot(s) with start_time=0 (race-window write or recycled-buffer tail). buf seq=0 count=1024
[mono_ns=7228563536233497][T0xe61d84db9ca0][WARN] copy_aicore_buffer: [chip_swimlane_collector.cpp:689] Core 57: skipped 1024 AICore record slot(s) with start_time=0 (race-window write or recycled-buffer tail). buf seq=0 count=1024
[mono_ns=7228563536346477][T0xe61d845a9ca0][WARN] copy_aicore_buffer: [chip_swimlane_collector.cpp:689] Core 20: skipped 1024 AICore record slot(s) with start_time=0 (race-window write or recycled-buffer tail). buf seq=0 count=1024
[mono_ns=7228563536400978][T0xe61d90f1bca0][WARN] copy_aicore_buffer: [chip_swimlane_collector.cpp:689] Core 18: skipped 1024 AICore record slot(s) with start_time=0 (race-window write or recycled-buffer tail). buf seq=0 count=1024
[mono_ns=7228563536563168][T0xe61d84db9ca0][WARN] copy_aicore_buffer: [chip_swimlane_collector.cpp:689] Core 19: skipped 1024 AICore record slot(s) with start_time=0 (race-window write or recycled-buffer tail). buf seq=0 count=1024
[mono_ns=7228563536668929][T0xe61d845a9ca0][WARN] copy_aicore_buffer: [chip_swimlane_collector.cpp:689] Core 64: skipped 1024 AICore record slot(s) with start_time=0 (race-window write or recycled-buffer tail). buf seq=0 count=1024
[mono_ns=7228563536726039][T0xe61d90f1bca0][WARN] copy_aicore_buffer: [chip_swimlane_collector.cpp:689] Core 60: skipped 1024 AICore record slot(s) with start_time=0 (race-window write or recycled-buffer tail). buf seq=0 count=1024
[mono_ns=7228563536891489][T0xe61d84db9ca0][WARN] copy_aicore_buffer: [chip_swimlane_collector.cpp:689] Core 62: skipped 1024 AICore record slot(s) with start_time=0 (race-window write or recycled-buffer tail). buf seq=0 count=1024
[mono_ns=7228563536991870][T0xe61d845a9ca0][WARN] copy_aicore_buffer: [chip_swimlane_collector.cpp:689] Core 65: skipped 1024 AICore record slot(s) with start_time=0 (race-window write or recycled-buffer tail). buf seq=0 count=1024
[mono_ns=7228563537059780][T0xe61d90f1bca0][WARN] copy_aicore_buffer: [chip_swimlane_collector.cpp:689] Core 61: skipped 1024 AICore record slot(s) with start_time=0 (race-window write or recycled-buffer tail). buf seq=0 count=1024
[mono_ns=7228563537271341][T0xe61d84db9ca0][WARN] copy_aicore_buffer: [chip_swimlane_collector.cpp:689] Core 63: skipped 1024 AICore record slot(s) with start_time=0 (race-window write or recycled-buffer tail). buf seq=0 count=1024
[mono_ns=7228563537326341][T0xe61d845a9ca0][WARN] copy_aicore_buffer: [chip_swimlane_collector.cpp:689] Core 23: skipped 1024 AICore record slot(s) with start_time=0 (race-window write or recycled-buffer tail). buf seq=0 count=1024
[mono_ns=7228563537384141][T0xe61d90f1bca0][WARN] copy_aicore_buffer: [chip_swimlane_collector.cpp:689] Core 21: skipped 1024 AICore record slot(s) with start_time=0 (race-window write or recycled-buffer tail). buf seq=0 count=1024
[mono_ns=7228563537604252][T0xe61d84db9ca0][WARN] copy_aicore_buffer: [chip_swimlane_collector.cpp:689] Core 22: skipped 1024 AICore record slot(s) with start_time=0 (race-window write or recycled-buffer tail). buf seq=0 count=1024
[mono_ns=7228563537650692][T0xe61d845a9ca0][WARN] copy_aicore_buffer: [chip_swimlane_collector.cpp:689] Core 70: skipped 1024 AICore record slot(s) with start_time=0 (race-window write or recycled-buffer tail). buf seq=0 count=1024
[mono_ns=7228563537707072][T0xe61d90f1bca0][WARN] copy_aicore_buffer: [chip_swimlane_collector.cpp:689] Core 66: skipped 1024 AICore record slot(s) with start_time=0 (race-window write or recycled-buffer tail). buf seq=0 count=1024
[mono_ns=7228563537932063][T0xe61d84db9ca0][WARN] copy_aicore_buffer: [chip_swimlane_collector.cpp:689] Core 68: skipped 1024 AICore record slot(s) with start_time=0 (race-window write or recycled-buffer tail). buf seq=0 count=1024
[mono_ns=7228563537998523][T0xe61d845a9ca0][WARN] copy_aicore_buffer: [chip_swimlane_collector.cpp:689] Core 71: skipped 1024 AICore record slot(s) with start_time=0 (race-window write or recycled-buffer tail). buf seq=0 count=1024
[mono_ns=7228563538040143][T0xe61d90f1bca0][WARN] copy_aicore_buffer: [chip_swimlane_collector.cpp:689] Core 67: skipped 1024 AICore record slot(s) with start_time=0 (race-window write or recycled-buffer tail). buf seq=0 count=1024
[mono_ns=7228563538287564][T0xe61d84db9ca0][WARN] copy_aicore_buffer: [chip_swimlane_collector.cpp:689] Core 69: skipped 1024 AICore record slot(s) with start_time=0 (race-window write or recycled-buffer tail). buf seq=0 count=1024
[mono_ns=7228563639012575][T0xe61ee18d9020][TIMING] emit_host_span: [STRACE] v=1 pid=3713511 tid=3713511 inv=6 hid=6e59d6c91bcbcc2a depth=1 name=chip.run.runner_run ts=7228563527678727 dur=111313148 
[mono_ns=7228563639109495][T0xe61ee18d9020][TIMING] emit_host_span: [STRACE] v=1 pid=3713511 tid=3713511 inv=6 hid=6e59d6c91bcbcc2a depth=1 name=chip.run.validate ts=7228563639026015 dur=79840 
[mono_ns=7228563639120225][T0xe61ee18d9020][TIMING] emit_host_span: [STRACE] v=1 pid=3713511 tid=3713511 inv=6 hid=6e59d6c91bcbcc2a depth=2 name=chip.run.runner_run.device_wall ts=0 dur=2167360 clk=dev
[mono_ns=7228563639124925][T0xe61ee18d9020][TIMING] emit_host_span: [STRACE] v=1 pid=3713511 tid=3713511 inv=6 hid=6e59d6c91bcbcc2a depth=3 name=chip.run.runner_run.device_wall.preamble ts=0 dur=109720 clk=dev
[mono_ns=7228563639159495][T0xe61ee18d9020][TIMING] emit_host_span: [STRACE] v=1 pid=3713511 tid=3713511 inv=6 hid=6e59d6c91bcbcc2a depth=3 name=chip.run.runner_run.device_wall.graph_build ts=105380 dur=2051020 clk=dev
[mono_ns=7228563639163185][T0xe61ee18d9020][TIMING] emit_host_span: [STRACE] v=1 pid=3713511 tid=3713511 inv=6 hid=6e59d6c91bcbcc2a depth=3 name=chip.run.runner_run.device_wall.config_validate ts=105500 dur=880 clk=dev
[mono_ns=7228563639166685][T0xe61ee18d9020][TIMING] emit_host_span: [STRACE] v=1 pid=3713511 tid=3713511 inv=6 hid=6e59d6c91bcbcc2a depth=3 name=chip.run.runner_run.device_wall.arena_wire ts=106399 dur=520 clk=dev
[mono_ns=7228563639171035][T0xe61ee18d9020][TIMING] emit_host_span: [STRACE] v=1 pid=3713511 tid=3713511 inv=6 hid=6e59d6c91bcbcc2a depth=3 name=chip.run.runner_run.device_wall.sm_reset ts=106940 dur=679 clk=dev
[mono_ns=7228563639174525][T0xe61ee18d9020][TIMING] emit_host_span: [STRACE] v=1 pid=3713511 tid=3713511 inv=6 hid=6e59d6c91bcbcc2a depth=3 name=chip.run.runner_run.device_wall.post_orch ts=2156440 dur=10800 clk=dev
[mono_ns=7228563639178015][T0xe61ee18d9020][TIMING] emit_host_span: [STRACE] v=1 pid=3713511 tid=3713511 inv=6 hid=6e59d6c91bcbcc2a depth=3 name=chip.run.runner_run.device_wall.orch ts=107660 dur=3440 clk=dev
[mono_ns=7228563639181435][T0xe61ee18d9020][TIMING] emit_host_span: [STRACE] v=1 pid=3713511 tid=3713511 inv=6 hid=6e59d6c91bcbcc2a depth=3 name=chip.run.runner_run.device_wall.sched ts=109760 dur=2023100 clk=dev
[mono_ns=7228563639185625][T0xe61ee18d9020][TIMING] emit_host_span: [STRACE] v=1 pid=3713511 tid=3713511 inv=6 hid=6e59d6c91bcbcc2a depth=1 name=chip.run.claim_release ts=7228563639183395 dur=510 
[mono_ns=7228563639203626][T0xe61ee18d9020][TIMING] emit_host_span: [STRACE] v=1 pid=3713511 tid=3713511 inv=6 hid=6e59d6c91bcbcc2a depth=0 name=chip.run ts=7228563526701874 dur=112499402 run_id=6 dispatch_id=6 slot_id=0 generation=6 run_epoch=6
[mono_ns=7228568445979716][T0xe61ee18d9020][TIMING] emit_host_span: [STRACE] v=1 pid=3713511 tid=3713511 inv=7 hid=6e59d6c91bcbcc2a depth=2 name=chip.run.bind.args ts=7228568445824165 dur=146241 
[mono_ns=7228568446022096][T0xe61ee18d9020][TIMING] emit_host_span: [STRACE] v=1 pid=3713511 tid=3713511 inv=7 hid=6e59d6c91bcbcc2a depth=2 name=chip.run.bind.prebuilt ts=7228568445995496 dur=23560 
[mono_ns=7228568446027116][T0xe61ee18d9020][TIMING] emit_host_span: [STRACE] v=1 pid=3713511 tid=3713511 inv=7 hid=6e59d6c91bcbcc2a depth=1 name=chip.run.bind ts=7228568445812275 dur=212691 
[mono_ns=7228568554771096][T0xe61ee18d9020][TIMING] emit_host_span: [STRACE] v=1 pid=3713511 tid=3713511 inv=7 hid=6e59d6c91bcbcc2a depth=1 name=chip.run.runner_run ts=7228568446354697 dur=108402799 
[mono_ns=7228568554886676][T0xe61ee18d9020][TIMING] emit_host_span: [STRACE] v=1 pid=3713511 tid=3713511 inv=7 hid=6e59d6c91bcbcc2a depth=1 name=chip.run.validate ts=7228568554787036 dur=94230 
[mono_ns=7228568554897806][T0xe61ee18d9020][TIMING] emit_host_span: [STRACE] v=1 pid=3713511 tid=3713511 inv=7 hid=6e59d6c91bcbcc2a depth=2 name=chip.run.runner_run.device_wall ts=0 dur=5689180 clk=dev
[mono_ns=7228568554952847][T0xe61ee18d9020][TIMING] emit_host_span: [STRACE] v=1 pid=3713511 tid=3713511 inv=7 hid=6e59d6c91bcbcc2a depth=3 name=chip.run.runner_run.device_wall.preamble ts=0 dur=7659 clk=dev
[mono_ns=7228568554957737][T0xe61ee18d9020][TIMING] emit_host_span: [STRACE] v=1 pid=3713511 tid=3713511 inv=7 hid=6e59d6c91bcbcc2a depth=3 name=chip.run.runner_run.device_wall.graph_build ts=1779 dur=5676120 clk=dev
[mono_ns=7228568554961597][T0xe61ee18d9020][TIMING] emit_host_span: [STRACE] v=1 pid=3713511 tid=3713511 inv=7 hid=6e59d6c91bcbcc2a depth=3 name=chip.run.runner_run.device_wall.config_validate ts=2060 dur=1160 clk=dev
[mono_ns=7228568554965247][T0xe61ee18d9020][TIMING] emit_host_span: [STRACE] v=1 pid=3713511 tid=3713511 inv=7 hid=6e59d6c91bcbcc2a depth=3 name=chip.run.runner_run.device_wall.arena_wire ts=3239 dur=1560 clk=dev
[mono_ns=7228568554969037][T0xe61ee18d9020][TIMING] emit_host_span: [STRACE] v=1 pid=3713511 tid=3713511 inv=7 hid=6e59d6c91bcbcc2a depth=3 name=chip.run.runner_run.device_wall.sm_reset ts=5000 dur=2460 clk=dev
[mono_ns=7228568554972487][T0xe61ee18d9020][TIMING] emit_host_span: [STRACE] v=1 pid=3713511 tid=3713511 inv=7 hid=6e59d6c91bcbcc2a depth=3 name=chip.run.runner_run.device_wall.post_orch ts=5677960 dur=10860 clk=dev
[mono_ns=7228568554976447][T0xe61ee18d9020][TIMING] emit_host_span: [STRACE] v=1 pid=3713511 tid=3713511 inv=7 hid=6e59d6c91bcbcc2a depth=3 name=chip.run.runner_run.device_wall.orch ts=8379 dur=11219 clk=dev
[mono_ns=7228568554979737][T0xe61ee18d9020][TIMING] emit_host_span: [STRACE] v=1 pid=3713511 tid=3713511 inv=7 hid=6e59d6c91bcbcc2a depth=3 name=chip.run.runner_run.device_wall.sched ts=8219 dur=5661340 clk=dev
[mono_ns=7228568555013407][T0xe61ee18d9020][TIMING] emit_host_span: [STRACE] v=1 pid=3713511 tid=3713511 inv=7 hid=6e59d6c91bcbcc2a depth=1 name=chip.run.claim_release ts=7228568555000047 dur=11030 
[mono_ns=7228568555019107][T0xe61ee18d9020][TIMING] emit_host_span: [STRACE] v=1 pid=3713511 tid=3713511 inv=7 hid=6e59d6c91bcbcc2a depth=0 name=chip.run ts=7228568445704185 dur=109312722 run_id=7 dispatch_id=7 slot_id=0 generation=7 run_epoch=7
[mono_ns=7228568592856959][T0xe61ee18d9020][TIMING] emit_host_span: [STRACE] v=1 pid=3713511 tid=3713511 inv=8 hid=6e59d6c91bcbcc2a depth=2 name=chip.run.bind.args ts=7228568592729179 dur=121610 
[mono_ns=7228568592874669][T0xe61ee18d9020][TIMING] emit_host_span: [STRACE] v=1 pid=3713511 tid=3713511 inv=8 hid=6e59d6c91bcbcc2a depth=2 name=chip.run.bind.prebuilt ts=7228568592869469 dur=2700 
[mono_ns=7228568592879509][T0xe61ee18d9020][TIMING] emit_host_span: [STRACE] v=1 pid=3713511 tid=3713511 inv=8 hid=6e59d6c91bcbcc2a depth=1 name=chip.run.bind ts=7228568592721019 dur=156390 
[mono_ns=7228568596245641][T0xe61d845a9ca0][WARN] copy_aicore_buffer: [chip_swimlane_collector.cpp:689] Core 2: skipped 1024 AICore record slot(s) with start_time=0 (race-window write or recycled-buffer tail). buf seq=0 count=1024
[mono_ns=7228568596250871][T0xe61d90f1bca0][WARN] copy_aicore_buffer: [chip_swimlane_collector.cpp:689] Core 0: skipped 1024 AICore record slot(s) with start_time=0 (race-window write or recycled-buffer tail). buf seq=0 count=1024
[mono_ns=7228568596387802][T0xe61d84db9ca0][WARN] copy_aicore_buffer: [chip_swimlane_collector.cpp:689] Core 1: skipped 1024 AICore record slot(s) with start_time=0 (race-window write or recycled-buffer tail). buf seq=0 count=1024
[mono_ns=7228568596581812][T0xe61d845a9ca0][WARN] copy_aicore_buffer: [chip_swimlane_collector.cpp:689] Core 28: skipped 1023 AICore record slot(s) with start_time=0 (race-window write or recycled-buffer tail). buf seq=0 count=1024
[mono_ns=7228568596615753][T0xe61d90f1bca0][WARN] copy_aicore_buffer: [chip_swimlane_collector.cpp:689] Core 24: skipped 1022 AICore record slot(s) with start_time=0 (race-window write or recycled-buffer tail). buf seq=0 count=1024
[mono_ns=7228568596776203][T0xe61d84db9ca0][WARN] copy_aicore_buffer: [chip_swimlane_collector.cpp:689] Core 26: skipped 1024 AICore record slot(s) with start_time=0 (race-window write or recycled-buffer tail). buf seq=0 count=1024
[mono_ns=7228568596906094][T0xe61d845a9ca0][WARN] copy_aicore_buffer: [chip_swimlane_collector.cpp:689] Core 29: skipped 1024 AICore record slot(s) with start_time=0 (race-window write or recycled-buffer tail). buf seq=0 count=1024
[mono_ns=7228568596941434][T0xe61d90f1bca0][WARN] copy_aicore_buffer: [chip_swimlane_collector.cpp:689] Core 25: skipped 1024 AICore record slot(s) with start_time=0 (race-window write or recycled-buffer tail). buf seq=0 count=1024
[mono_ns=7228568597124894][T0xe61d84db9ca0][WARN] copy_aicore_buffer: [chip_swimlane_collector.cpp:689] Core 27: skipped 1024 AICore record slot(s) with start_time=0 (race-window write or recycled-buffer tail). buf seq=0 count=1024
[mono_ns=7228568597241075][T0xe61d845a9ca0][WARN] copy_aicore_buffer: [chip_swimlane_collector.cpp:689] Core 5: skipped 1024 AICore record slot(s) with start_time=0 (race-window write or recycled-buffer tail). buf seq=0 count=1024
[mono_ns=7228568597276635][T0xe61d90f1bca0][WARN] copy_aicore_buffer: [chip_swimlane_collector.cpp:689] Core 3: skipped 1024 AICore record slot(s) with start_time=0 (race-window write or recycled-buffer tail). buf seq=0 count=1024
[mono_ns=7228568597454895][T0xe61d84db9ca0][WARN] copy_aicore_buffer: [chip_swimlane_collector.cpp:689] Core 4: skipped 1024 AICore record slot(s) with start_time=0 (race-window write or recycled-buffer tail). buf seq=0 count=1024
[mono_ns=7228568597564016][T0xe61d845a9ca0][WARN] copy_aicore_buffer: [chip_swimlane_collector.cpp:689] Core 34: skipped 1024 AICore record slot(s) with start_time=0 (race-window write or recycled-buffer tail). buf seq=0 count=1024
[mono_ns=7228568597600806][T0xe61d90f1bca0][WARN] copy_aicore_buffer: [chip_swimlane_collector.cpp:689] Core 30: skipped 1024 AICore record slot(s) with start_time=0 (race-window write or recycled-buffer tail). buf seq=0 count=1024
[mono_ns=7228568597785857][T0xe61d84db9ca0][WARN] copy_aicore_buffer: [chip_swimlane_collector.cpp:689] Core 32: skipped 1024 AICore record slot(s) with start_time=0 (race-window write or recycled-buffer tail). buf seq=0 count=1024
[mono_ns=7228568597886737][T0xe61d845a9ca0][WARN] copy_aicore_buffer: [chip_swimlane_collector.cpp:689] Core 35: skipped 1024 AICore record slot(s) with start_time=0 (race-window write or recycled-buffer tail). buf seq=0 count=1024
[mono_ns=7228568597923937][T0xe61d90f1bca0][WARN] copy_aicore_buffer: [chip_swimlane_collector.cpp:689] Core 31: skipped 1024 AICore record slot(s) with start_time=0 (race-window write or recycled-buffer tail). buf seq=0 count=1024
[mono_ns=7228568598143178][T0xe61d84db9ca0][WARN] copy_aicore_buffer: [chip_swimlane_collector.cpp:689] Core 33: skipped 1024 AICore record slot(s) with start_time=0 (race-window write or recycled-buffer tail). buf seq=0 count=1024
[mono_ns=7228568598224478][T0xe61d845a9ca0][WARN] copy_aicore_buffer: [chip_swimlane_collector.cpp:689] Core 8: skipped 1024 AICore record slot(s) with start_time=0 (race-window write or recycled-buffer tail). buf seq=0 count=1024
[mono_ns=7228568598251698][T0xe61d90f1bca0][WARN] copy_aicore_buffer: [chip_swimlane_collector.cpp:689] Core 6: skipped 1024 AICore record slot(s) with start_time=0 (race-window write or recycled-buffer tail). buf seq=0 count=1024
[mono_ns=7228568598521729][T0xe61d84db9ca0][WARN] copy_aicore_buffer: [chip_swimlane_collector.cpp:689] Core 7: skipped 1024 AICore record slot(s) with start_time=0 (race-window write or recycled-buffer tail). buf seq=0 count=1024
[mono_ns=7228568598547979][T0xe61d845a9ca0][WARN] copy_aicore_buffer: [chip_swimlane_collector.cpp:689] Core 40: skipped 1024 AICore record slot(s) with start_time=0 (race-window write or recycled-buffer tail). buf seq=0 count=1024
[mono_ns=7228568598576719][T0xe61d90f1bca0][WARN] copy_aicore_buffer: [chip_swimlane_collector.cpp:689] Core 36: skipped 1024 AICore record slot(s) with start_time=0 (race-window write or recycled-buffer tail). buf seq=0 count=1024
[mono_ns=7228568598851970][T0xe61d84db9ca0][WARN] copy_aicore_buffer: [chip_swimlane_collector.cpp:689] Core 38: skipped 1024 AICore record slot(s) with start_time=0 (race-window write or recycled-buffer tail). buf seq=0 count=1024
[mono_ns=7228568598870100][T0xe61d845a9ca0][WARN] copy_aicore_buffer: [chip_swimlane_collector.cpp:689] Core 41: skipped 1024 AICore record slot(s) with start_time=0 (race-window write or recycled-buffer tail). buf seq=0 count=1024
[mono_ns=7228568598901111][T0xe61d90f1bca0][WARN] copy_aicore_buffer: [chip_swimlane_collector.cpp:689] Core 37: skipped 1024 AICore record slot(s) with start_time=0 (race-window write or recycled-buffer tail). buf seq=0 count=1024
[mono_ns=7228568599192072][T0xe61d84db9ca0][WARN] copy_aicore_buffer: [chip_swimlane_collector.cpp:689] Core 39: skipped 1024 AICore record slot(s) with start_time=0 (race-window write or recycled-buffer tail). buf seq=0 count=1024
[mono_ns=7228568599202792][T0xe61d845a9ca0][WARN] copy_aicore_buffer: [chip_swimlane_collector.cpp:689] Core 11: skipped 1024 AICore record slot(s) with start_time=0 (race-window write or recycled-buffer tail). buf seq=0 count=1024
[mono_ns=7228568599239322][T0xe61d90f1bca0][WARN] copy_aicore_buffer: [chip_swimlane_collector.cpp:689] Core 9: skipped 1024 AICore record slot(s) with start_time=0 (race-window write or recycled-buffer tail). buf seq=0 count=1024
[mono_ns=7228568599522863][T0xe61d84db9ca0][WARN] copy_aicore_buffer: [chip_swimlane_collector.cpp:689] Core 10: skipped 1024 AICore record slot(s) with start_time=0 (race-window write or recycled-buffer tail). buf seq=0 count=1024
[mono_ns=7228568599526433][T0xe61d845a9ca0][WARN] copy_aicore_buffer: [chip_swimlane_collector.cpp:689] Core 46: skipped 1024 AICore record slot(s) with start_time=0 (race-window write or recycled-buffer tail). buf seq=0 count=1024
[mono_ns=7228568599563253][T0xe61d90f1bca0][WARN] copy_aicore_buffer: [chip_swimlane_collector.cpp:689] Core 42: skipped 1024 AICore record slot(s) with start_time=0 (race-window write or recycled-buffer tail). buf seq=0 count=1024
[mono_ns=7228568599850544][T0xe61d845a9ca0][WARN] copy_aicore_buffer: [chip_swimlane_collector.cpp:689] Core 47: skipped 1024 AICore record slot(s) with start_time=0 (race-window write or recycled-buffer tail). buf seq=0 count=1024
[mono_ns=7228568599857314][T0xe61d84db9ca0][WARN] copy_aicore_buffer: [chip_swimlane_collector.cpp:689] Core 44: skipped 1024 AICore record slot(s) with start_time=0 (race-window write or recycled-buffer tail). buf seq=0 count=1024
[mono_ns=7228568599887754][T0xe61d90f1bca0][WARN] copy_aicore_buffer: [chip_swimlane_collector.cpp:689] Core 43: skipped 1024 AICore record slot(s) with start_time=0 (race-window write or recycled-buffer tail). buf seq=0 count=1024
[mono_ns=7228568600184285][T0xe61d845a9ca0][WARN] copy_aicore_buffer: [chip_swimlane_collector.cpp:689] Core 14: skipped 1024 AICore record slot(s) with start_time=0 (race-window write or recycled-buffer tail). buf seq=0 count=1024
[mono_ns=7228568600196935][T0xe61d84db9ca0][WARN] copy_aicore_buffer: [chip_swimlane_collector.cpp:689] Core 45: skipped 1024 AICore record slot(s) with start_time=0 (race-window write or recycled-buffer tail). buf seq=0 count=1024
[mono_ns=7228568600222505][T0xe61d90f1bca0][WARN] copy_aicore_buffer: [chip_swimlane_collector.cpp:689] Core 12: skipped 1024 AICore record slot(s) with start_time=0 (race-window write or recycled-buffer tail). buf seq=0 count=1024
[mono_ns=7228568600505886][T0xe61d845a9ca0][WARN] copy_aicore_buffer: [chip_swimlane_collector.cpp:689] Core 52: skipped 1024 AICore record slot(s) with start_time=0 (race-window write or recycled-buffer tail). buf seq=0 count=1024
[mono_ns=7228568600523126][T0xe61d84db9ca0][WARN] copy_aicore_buffer: [chip_swimlane_collector.cpp:689] Core 13: skipped 1024 AICore record slot(s) with start_time=0 (race-window write or recycled-buffer tail). buf seq=0 count=1024
[mono_ns=7228568600545296][T0xe61d90f1bca0][WARN] copy_aicore_buffer: [chip_swimlane_collector.cpp:689] Core 48: skipped 1024 AICore record slot(s) with start_time=0 (race-window write or recycled-buffer tail). buf seq=0 count=1024
[mono_ns=7228568600827137][T0xe61d845a9ca0][WARN] copy_aicore_buffer: [chip_swimlane_collector.cpp:689] Core 53: skipped 1024 AICore record slot(s) with start_time=0 (race-window write or recycled-buffer tail). buf seq=0 count=1024
[mono_ns=7228568600852387][T0xe61d84db9ca0][WARN] copy_aicore_buffer: [chip_swimlane_collector.cpp:689] Core 50: skipped 1024 AICore record slot(s) with start_time=0 (race-window write or recycled-buffer tail). buf seq=0 count=1024
[mono_ns=7228568600869997][T0xe61d90f1bca0][WARN] copy_aicore_buffer: [chip_swimlane_collector.cpp:689] Core 49: skipped 1024 AICore record slot(s) with start_time=0 (race-window write or recycled-buffer tail). buf seq=0 count=1024
[mono_ns=7228568601156888][T0xe61d845a9ca0][WARN] copy_aicore_buffer: [chip_swimlane_collector.cpp:689] Core 17: skipped 1024 AICore record slot(s) with start_time=0 (race-window write or recycled-buffer tail). buf seq=0 count=1024
[mono_ns=7228568601187249][T0xe61d84db9ca0][WARN] copy_aicore_buffer: [chip_swimlane_collector.cpp:689] Core 51: skipped 1024 AICore record slot(s) with start_time=0 (race-window write or recycled-buffer tail). buf seq=0 count=1024
[mono_ns=7228568601207679][T0xe61d90f1bca0][WARN] copy_aicore_buffer: [chip_swimlane_collector.cpp:689] Core 15: skipped 1024 AICore record slot(s) with start_time=0 (race-window write or recycled-buffer tail). buf seq=0 count=1024
[mono_ns=7228568601480490][T0xe61d845a9ca0][WARN] copy_aicore_buffer: [chip_swimlane_collector.cpp:689] Core 58: skipped 1024 AICore record slot(s) with start_time=0 (race-window write or recycled-buffer tail). buf seq=0 count=1024
[mono_ns=7228568601516900][T0xe61d84db9ca0][WARN] copy_aicore_buffer: [chip_swimlane_collector.cpp:689] Core 16: skipped 1024 AICore record slot(s) with start_time=0 (race-window write or recycled-buffer tail). buf seq=0 count=1024
[mono_ns=7228568601531110][T0xe61d90f1bca0][WARN] copy_aicore_buffer: [chip_swimlane_collector.cpp:689] Core 54: skipped 1024 AICore record slot(s) with start_time=0 (race-window write or recycled-buffer tail). buf seq=0 count=1024
[mono_ns=7228568601803761][T0xe61d845a9ca0][WARN] copy_aicore_buffer: [chip_swimlane_collector.cpp:689] Core 59: skipped 1024 AICore record slot(s) with start_time=0 (race-window write or recycled-buffer tail). buf seq=0 count=1024
[mono_ns=7228568601888601][T0xe61d84db9ca0][WARN] copy_aicore_buffer: [chip_swimlane_collector.cpp:689] Core 56: skipped 1024 AICore record slot(s) with start_time=0 (race-window write or recycled-buffer tail). buf seq=0 count=1024
[mono_ns=7228568601890601][T0xe61d90f1bca0][WARN] copy_aicore_buffer: [chip_swimlane_collector.cpp:689] Core 55: skipped 1024 AICore record slot(s) with start_time=0 (race-window write or recycled-buffer tail). buf seq=0 count=1024
[mono_ns=7228568602135442][T0xe61d845a9ca0][WARN] copy_aicore_buffer: [chip_swimlane_collector.cpp:689] Core 20: skipped 1024 AICore record slot(s) with start_time=0 (race-window write or recycled-buffer tail). buf seq=0 count=1024
[mono_ns=7228568602225992][T0xe61d90f1bca0][WARN] copy_aicore_buffer: [chip_swimlane_collector.cpp:689] Core 18: skipped 1024 AICore record slot(s) with start_time=0 (race-window write or recycled-buffer tail). buf seq=0 count=1024
[mono_ns=7228568602227302][T0xe61d84db9ca0][WARN] copy_aicore_buffer: [chip_swimlane_collector.cpp:689] Core 57: skipped 1024 AICore record slot(s) with start_time=0 (race-window write or recycled-buffer tail). buf seq=0 count=1024
[mono_ns=7228568602458773][T0xe61d845a9ca0][WARN] copy_aicore_buffer: [chip_swimlane_collector.cpp:689] Core 64: skipped 1024 AICore record slot(s) with start_time=0 (race-window write or recycled-buffer tail). buf seq=0 count=1024
[mono_ns=7228568602552063][T0xe61d90f1bca0][WARN] copy_aicore_buffer: [chip_swimlane_collector.cpp:689] Core 60: skipped 1024 AICore record slot(s) with start_time=0 (race-window write or recycled-buffer tail). buf seq=0 count=1024
[mono_ns=7228568602554453][T0xe61d84db9ca0][WARN] copy_aicore_buffer: [chip_swimlane_collector.cpp:689] Core 19: skipped 1024 AICore record slot(s) with start_time=0 (race-window write or recycled-buffer tail). buf seq=0 count=1024
[mono_ns=7228568602785554][T0xe61d845a9ca0][WARN] copy_aicore_buffer: [chip_swimlane_collector.cpp:689] Core 65: skipped 1024 AICore record slot(s) with start_time=0 (race-window write or recycled-buffer tail). buf seq=0 count=1024
[mono_ns=7228568602876544][T0xe61d90f1bca0][WARN] copy_aicore_buffer: [chip_swimlane_collector.cpp:689] Core 61: skipped 1024 AICore record slot(s) with start_time=0 (race-window write or recycled-buffer tail). buf seq=0 count=1024
[mono_ns=7228568602879974][T0xe61d84db9ca0][WARN] copy_aicore_buffer: [chip_swimlane_collector.cpp:689] Core 62: skipped 1024 AICore record slot(s) with start_time=0 (race-window write or recycled-buffer tail). buf seq=0 count=1024
[mono_ns=7228568603120355][T0xe61d845a9ca0][WARN] copy_aicore_buffer: [chip_swimlane_collector.cpp:689] Core 23: skipped 1024 AICore record slot(s) with start_time=0 (race-window write or recycled-buffer tail). buf seq=0 count=1024
[mono_ns=7228568603214526][T0xe61d90f1bca0][WARN] copy_aicore_buffer: [chip_swimlane_collector.cpp:689] Core 21: skipped 1024 AICore record slot(s) with start_time=0 (race-window write or recycled-buffer tail). buf seq=0 count=1024
[mono_ns=7228568603219296][T0xe61d84db9ca0][WARN] copy_aicore_buffer: [chip_swimlane_collector.cpp:689] Core 63: skipped 1024 AICore record slot(s) with start_time=0 (race-window write or recycled-buffer tail). buf seq=0 count=1024
[mono_ns=7228568603442736][T0xe61d845a9ca0][WARN] copy_aicore_buffer: [chip_swimlane_collector.cpp:689] Core 70: skipped 1024 AICore record slot(s) with start_time=0 (race-window write or recycled-buffer tail). buf seq=0 count=1024
[mono_ns=7228568603540087][T0xe61d90f1bca0][WARN] copy_aicore_buffer: [chip_swimlane_collector.cpp:689] Core 66: skipped 1024 AICore record slot(s) with start_time=0 (race-window write or recycled-buffer tail). buf seq=0 count=1024
[mono_ns=7228568603579517][T0xe61d84db9ca0][WARN] copy_aicore_buffer: [chip_swimlane_collector.cpp:689] Core 22: skipped 1024 AICore record slot(s) with start_time=0 (race-window write or recycled-buffer tail). buf seq=0 count=1024
[mono_ns=7228568603766368][T0xe61d845a9ca0][WARN] copy_aicore_buffer: [chip_swimlane_collector.cpp:689] Core 71: skipped 1024 AICore record slot(s) with start_time=0 (race-window write or recycled-buffer tail). buf seq=0 count=1024
[mono_ns=7228568603876828][T0xe61d90f1bca0][WARN] copy_aicore_buffer: [chip_swimlane_collector.cpp:689] Core 67: skipped 1024 AICore record slot(s) with start_time=0 (race-window write or recycled-buffer tail). buf seq=0 count=1024
[mono_ns=7228568603909768][T0xe61d84db9ca0][WARN] copy_aicore_buffer: [chip_swimlane_collector.cpp:689] Core 68: skipped 1024 AICore record slot(s) with start_time=0 (race-window write or recycled-buffer tail). buf seq=0 count=1024
[mono_ns=7228568604245169][T0xe61d84db9ca0][WARN] copy_aicore_buffer: [chip_swimlane_collector.cpp:689] Core 69: skipped 1024 AICore record slot(s) with start_time=0 (race-window write or recycled-buffer tail). buf seq=0 count=1024
[mono_ns=7228568704948342][T0xe61ee18d9020][TIMING] emit_host_span: [STRACE] v=1 pid=3713511 tid=3713511 inv=8 hid=6e59d6c91bcbcc2a depth=1 name=chip.run.runner_run ts=7228568593416901 dur=111520681 
[mono_ns=7228568705065852][T0xe61ee18d9020][TIMING] emit_host_span: [STRACE] v=1 pid=3713511 tid=3713511 inv=8 hid=6e59d6c91bcbcc2a depth=1 name=chip.run.validate ts=7228568704964282 dur=97440 
[mono_ns=7228568705077512][T0xe61ee18d9020][TIMING] emit_host_span: [STRACE] v=1 pid=3713511 tid=3713511 inv=8 hid=6e59d6c91bcbcc2a depth=2 name=chip.run.runner_run.device_wall ts=0 dur=2224940 clk=dev
[mono_ns=7228568705082022][T0xe61ee18d9020][TIMING] emit_host_span: [STRACE] v=1 pid=3713511 tid=3713511 inv=8 hid=6e59d6c91bcbcc2a depth=3 name=chip.run.runner_run.device_wall.preamble ts=0 dur=108860 clk=dev
[mono_ns=7228568705086362][T0xe61ee18d9020][TIMING] emit_host_span: [STRACE] v=1 pid=3713511 tid=3713511 inv=8 hid=6e59d6c91bcbcc2a depth=3 name=chip.run.runner_run.device_wall.graph_build ts=104900 dur=2110420 clk=dev
[mono_ns=7228568705089762][T0xe61ee18d9020][TIMING] emit_host_span: [STRACE] v=1 pid=3713511 tid=3713511 inv=8 hid=6e59d6c91bcbcc2a depth=3 name=chip.run.runner_run.device_wall.config_validate ts=105000 dur=720 clk=dev
[mono_ns=7228568705093212][T0xe61ee18d9020][TIMING] emit_host_span: [STRACE] v=1 pid=3713511 tid=3713511 inv=8 hid=6e59d6c91bcbcc2a depth=3 name=chip.run.runner_run.device_wall.arena_wire ts=105740 dur=339 clk=dev
[mono_ns=7228568705097422][T0xe61ee18d9020][TIMING] emit_host_span: [STRACE] v=1 pid=3713511 tid=3713511 inv=8 hid=6e59d6c91bcbcc2a depth=3 name=chip.run.runner_run.device_wall.sm_reset ts=106100 dur=880 clk=dev
[mono_ns=7228568705137162][T0xe61ee18d9020][TIMING] emit_host_span: [STRACE] v=1 pid=3713511 tid=3713511 inv=8 hid=6e59d6c91bcbcc2a depth=3 name=chip.run.runner_run.device_wall.post_orch ts=2215360 dur=9440 clk=dev
[mono_ns=7228568705141332][T0xe61ee18d9020][TIMING] emit_host_span: [STRACE] v=1 pid=3713511 tid=3713511 inv=8 hid=6e59d6c91bcbcc2a depth=3 name=chip.run.runner_run.device_wall.orch ts=107020 dur=3880 clk=dev
[mono_ns=7228568705144952][T0xe61ee18d9020][TIMING] emit_host_span: [STRACE] v=1 pid=3713511 tid=3713511 inv=8 hid=6e59d6c91bcbcc2a depth=3 name=chip.run.runner_run.device_wall.sched ts=108960 dur=2082060 clk=dev
[mono_ns=7228568705149772][T0xe61ee18d9020][TIMING] emit_host_span: [STRACE] v=1 pid=3713511 tid=3713511 inv=8 hid=6e59d6c91bcbcc2a depth=1 name=chip.run.claim_release ts=7228568705147692 dur=320 
[mono_ns=7228568705155492][T0xe61ee18d9020][TIMING] emit_host_span: [STRACE] v=1 pid=3713511 tid=3713511 inv=8 hid=6e59d6c91bcbcc2a depth=0 name=chip.run ts=7228568592673239 dur=112480223 run_id=8 dispatch_id=8 slot_id=0 generation=8 run_epoch=8
[mono_ns=7228573521726889][T0xe61ee18d9020][TIMING] emit_host_span: [STRACE] v=1 pid=3713511 tid=3713511 inv=9 hid=6e59d6c91bcbcc2a depth=2 name=chip.run.bind.args ts=7228573521594888 dur=125721 
[mono_ns=7228573521744179][T0xe61ee18d9020][TIMING] emit_host_span: [STRACE] v=1 pid=3713511 tid=3713511 inv=9 hid=6e59d6c91bcbcc2a depth=2 name=chip.run.bind.prebuilt ts=7228573521738979 dur=2660 
[mono_ns=7228573521749769][T0xe61ee18d9020][TIMING] emit_host_span: [STRACE] v=1 pid=3713511 tid=3713511 inv=9 hid=6e59d6c91bcbcc2a depth=1 name=chip.run.bind ts=7228573521588308 dur=159391 
[mono_ns=7228573626507257][T0xe61ee18d9020][TIMING] emit_host_span: [STRACE] v=1 pid=3713511 tid=3713511 inv=9 hid=6e59d6c91bcbcc2a depth=1 name=chip.run.runner_run ts=7228573522053220 dur=104439567 
[mono_ns=7228573626639118][T0xe61ee18d9020][TIMING] emit_host_span: [STRACE] v=1 pid=3713511 tid=3713511 inv=9 hid=6e59d6c91bcbcc2a depth=1 name=chip.run.validate ts=7228573626525797 dur=108671 
[mono_ns=7228573626651828][T0xe61ee18d9020][TIMING] emit_host_span: [STRACE] v=1 pid=3713511 tid=3713511 inv=9 hid=6e59d6c91bcbcc2a depth=2 name=chip.run.runner_run.device_wall ts=0 dur=1636080 clk=dev
[mono_ns=7228573626656828][T0xe61ee18d9020][TIMING] emit_host_span: [STRACE] v=1 pid=3713511 tid=3713511 inv=9 hid=6e59d6c91bcbcc2a depth=3 name=chip.run.runner_run.device_wall.preamble ts=0 dur=6100 clk=dev
[mono_ns=7228573626661238][T0xe61ee18d9020][TIMING] emit_host_span: [STRACE] v=1 pid=3713511 tid=3713511 inv=9 hid=6e59d6c91bcbcc2a depth=3 name=chip.run.runner_run.device_wall.graph_build ts=1520 dur=1623820 clk=dev
[mono_ns=7228573626665708][T0xe61ee18d9020][TIMING] emit_host_span: [STRACE] v=1 pid=3713511 tid=3713511 inv=9 hid=6e59d6c91bcbcc2a depth=3 name=chip.run.runner_run.device_wall.config_validate ts=1599 dur=1060 clk=dev
[mono_ns=7228573626670348][T0xe61ee18d9020][TIMING] emit_host_span: [STRACE] v=1 pid=3713511 tid=3713511 inv=9 hid=6e59d6c91bcbcc2a depth=3 name=chip.run.runner_run.device_wall.arena_wire ts=2680 dur=1060 clk=dev
[mono_ns=7228573626674418][T0xe61ee18d9020][TIMING] emit_host_span: [STRACE] v=1 pid=3713511 tid=3713511 inv=9 hid=6e59d6c91bcbcc2a depth=3 name=chip.run.runner_run.device_wall.sm_reset ts=3760 dur=1720 clk=dev
[mono_ns=7228573626734218][T0xe61ee18d9020][TIMING] emit_host_span: [STRACE] v=1 pid=3713511 tid=3713511 inv=9 hid=6e59d6c91bcbcc2a depth=3 name=chip.run.runner_run.device_wall.post_orch ts=1625399 dur=10580 clk=dev
[mono_ns=7228573626738078][T0xe61ee18d9020][TIMING] emit_host_span: [STRACE] v=1 pid=3713511 tid=3713511 inv=9 hid=6e59d6c91bcbcc2a depth=3 name=chip.run.runner_run.device_wall.orch ts=6060 dur=8300 clk=dev
[mono_ns=7228573626741598][T0xe61ee18d9020][TIMING] emit_host_span: [STRACE] v=1 pid=3713511 tid=3713511 inv=9 hid=6e59d6c91bcbcc2a depth=3 name=chip.run.runner_run.device_wall.sched ts=6200 dur=1611120 clk=dev
[mono_ns=7228573626747528][T0xe61ee18d9020][TIMING] emit_host_span: [STRACE] v=1 pid=3713511 tid=3713511 inv=9 hid=6e59d6c91bcbcc2a depth=1 name=chip.run.claim_release ts=7228573626745008 dur=650 
[mono_ns=7228573626752748][T0xe61ee18d9020][TIMING] emit_host_span: [STRACE] v=1 pid=3713511 tid=3713511 inv=9 hid=6e59d6c91bcbcc2a depth=0 name=chip.run ts=7228573521518928 dur=105231860 run_id=9 dispatch_id=9 slot_id=0 generation=9 run_epoch=9
[mono_ns=7228598720660311][T0xe61d90f1bca0][ERROR] poll_and_collect_loop: [profiler_base.h:1283] ChipSwimlane collector idle timeout after 30 seconds — staying alive until execution completes
[mono_ns=7228598722528408][T0xe61d845a9ca0][ERROR] poll_and_collect_loop: [profiler_base.h:1283] ChipSwimlane collector idle timeout after 30 seconds — staying alive until execution completes
[mono_ns=7228598722695208][T0xe61d84db9ca0][ERROR] poll_and_collect_loop: [profiler_base.h:1283] ChipSwimlane collector idle timeout after 30 seconds — staying alive until execution completes
[mono_ns=7228603640287948][T0xe61d1ad6cca0][ERROR] poll_and_collect_loop: [profiler_base.h:1283] DepGen collector idle timeout after 30 seconds — staying alive until execution completes
[mono_ns=7228749383599692][T0xe61ee18d9020][ERROR] file_barrier: [comm_hccl.cpp:218] [comm rank 3] file_barrier('alloc_0_release') timed out after 120s waiting for rank 7
[mono_ns=7228749383719502][T0xe61ee18d9020][WARN] comm_release_domain_windows: [comm_hccl.cpp:1520] [comm rank 3] release_domain: barrier timed out; releasing local state anyway
[mono_ns=7228874161171673][T0xe61ee18d9020][WARN] comm_destroy: [comm_hccl.cpp:1800] [comm rank 3] comm_destroy: final release failed during release wait for rank 3
