[mono_ns=7228553185387429][T0xe61ee18d9020][TIMING] emit_host_span: [STRACE] v=1 pid=3713514 tid=3713514 inv=1 hid=6e59d6c91bcbcc2a depth=2 name=chip.run.bind.args ts=7228553185244649 dur=134590 
[mono_ns=7228553185409209][T0xe61ee18d9020][TIMING] emit_host_span: [STRACE] v=1 pid=3713514 tid=3713514 inv=1 hid=6e59d6c91bcbcc2a depth=2 name=chip.run.bind.prebuilt ts=7228553185402419 dur=4140 
[mono_ns=7228553185414219][T0xe61ee18d9020][TIMING] emit_host_span: [STRACE] v=1 pid=3713514 tid=3713514 inv=1 hid=6e59d6c91bcbcc2a depth=1 name=chip.run.bind ts=7228553184793047 dur=618902 
[mono_ns=7228553301477158][T0xe61ee18d9020][TIMING] emit_host_span: [STRACE] v=1 pid=3713514 tid=3713514 inv=1 hid=6e59d6c91bcbcc2a depth=1 name=chip.run.runner_run ts=7228553186175342 dur=115287186 
[mono_ns=7228553301628079][T0xe61ee18d9020][TIMING] emit_host_span: [STRACE] v=1 pid=3713514 tid=3713514 inv=1 hid=6e59d6c91bcbcc2a depth=1 name=chip.run.validate ts=7228553301494928 dur=128841 
[mono_ns=7228553301640409][T0xe61ee18d9020][TIMING] emit_host_span: [STRACE] v=1 pid=3713514 tid=3713514 inv=1 hid=6e59d6c91bcbcc2a depth=2 name=chip.run.runner_run.device_wall ts=0 dur=1679840 clk=dev
[mono_ns=7228553301645099][T0xe61ee18d9020][TIMING] emit_host_span: [STRACE] v=1 pid=3713514 tid=3713514 inv=1 hid=6e59d6c91bcbcc2a depth=3 name=chip.run.runner_run.device_wall.preamble ts=0 dur=160180 clk=dev
[mono_ns=7228553301649339][T0xe61ee18d9020][TIMING] emit_host_span: [STRACE] v=1 pid=3713514 tid=3713514 inv=1 hid=6e59d6c91bcbcc2a depth=3 name=chip.run.runner_run.device_wall.graph_build ts=39660 dur=1618760 clk=dev
[mono_ns=7228553301654629][T0xe61ee18d9020][TIMING] emit_host_span: [STRACE] v=1 pid=3713514 tid=3713514 inv=1 hid=6e59d6c91bcbcc2a depth=3 name=chip.run.runner_run.device_wall.config_validate ts=43800 dur=3500 clk=dev
[mono_ns=7228553301659179][T0xe61ee18d9020][TIMING] emit_host_span: [STRACE] v=1 pid=3713514 tid=3713514 inv=1 hid=6e59d6c91bcbcc2a depth=3 name=chip.run.runner_run.device_wall.arena_wire ts=47320 dur=12620 clk=dev
[mono_ns=7228553301663209][T0xe61ee18d9020][TIMING] emit_host_span: [STRACE] v=1 pid=3713514 tid=3713514 inv=1 hid=6e59d6c91bcbcc2a depth=3 name=chip.run.runner_run.device_wall.sm_reset ts=60120 dur=17139 clk=dev
[mono_ns=7228553301668209][T0xe61ee18d9020][TIMING] emit_host_span: [STRACE] v=1 pid=3713514 tid=3713514 inv=1 hid=6e59d6c91bcbcc2a depth=3 name=chip.run.runner_run.device_wall.post_orch ts=1658480 dur=17180 clk=dev
[mono_ns=7228553301672409][T0xe61ee18d9020][TIMING] emit_host_span: [STRACE] v=1 pid=3713514 tid=3713514 inv=1 hid=6e59d6c91bcbcc2a depth=3 name=chip.run.runner_run.device_wall.orch ts=82660 dur=44160 clk=dev
[mono_ns=7228553301676769][T0xe61ee18d9020][TIMING] emit_host_span: [STRACE] v=1 pid=3713514 tid=3713514 inv=1 hid=6e59d6c91bcbcc2a depth=3 name=chip.run.runner_run.device_wall.sched ts=162260 dur=1474379 clk=dev
[mono_ns=7228553301683159][T0xe61ee18d9020][TIMING] emit_host_span: [STRACE] v=1 pid=3713514 tid=3713514 inv=1 hid=6e59d6c91bcbcc2a depth=1 name=chip.run.claim_release ts=7228553301680939 dur=430 
[mono_ns=7228553301689509][T0xe61ee18d9020][TIMING] emit_host_span: [STRACE] v=1 pid=3713514 tid=3713514 inv=1 hid=6e59d6c91bcbcc2a depth=0 name=chip.run ts=7228553184735927 dur=116951572 run_id=1 dispatch_id=1 slot_id=0 generation=1 run_epoch=1
[mono_ns=7228553311104711][T0xe61ee18d9020][TIMING] emit_host_span: [STRACE] v=1 pid=3713514 tid=3713514 inv=2 hid=6e59d6c91bcbcc2a depth=2 name=chip.run.bind.args ts=7228553310970411 dur=128500 
[mono_ns=7228553311128801][T0xe61ee18d9020][TIMING] emit_host_span: [STRACE] v=1 pid=3713514 tid=3713514 inv=2 hid=6e59d6c91bcbcc2a depth=2 name=chip.run.bind.prebuilt ts=7228553311121021 dur=5560 
[mono_ns=7228553311134861][T0xe61ee18d9020][TIMING] emit_host_span: [STRACE] v=1 pid=3713514 tid=3713514 inv=2 hid=6e59d6c91bcbcc2a depth=1 name=chip.run.bind ts=7228553310960501 dur=172070 
[mono_ns=7228553373500326][T0xe61d90f1bca0][WARN] copy_aicore_buffer: [chip_swimlane_collector.cpp:689] Core 0: skipped 1024 AICore record slot(s) with start_time=0 (race-window write or recycled-buffer tail). buf seq=0 count=1024
[mono_ns=7228553373506556][T0xe61d84db9ca0][WARN] copy_aicore_buffer: [chip_swimlane_collector.cpp:689] Core 1: skipped 1024 AICore record slot(s) with start_time=0 (race-window write or recycled-buffer tail). buf seq=0 count=1024
[mono_ns=7228553373525076][T0xe61d845a9ca0][WARN] copy_aicore_buffer: [chip_swimlane_collector.cpp:689] Core 2: skipped 1024 AICore record slot(s) with start_time=0 (race-window write or recycled-buffer tail). buf seq=0 count=1024
[mono_ns=7228553373837087][T0xe61d84db9ca0][WARN] copy_aicore_buffer: [chip_swimlane_collector.cpp:689] Core 26: skipped 1023 AICore record slot(s) with start_time=0 (race-window write or recycled-buffer tail). buf seq=0 count=1024
[mono_ns=7228553373841537][T0xe61d90f1bca0][WARN] copy_aicore_buffer: [chip_swimlane_collector.cpp:689] Core 24: skipped 1024 AICore record slot(s) with start_time=0 (race-window write or recycled-buffer tail). buf seq=0 count=1024
[mono_ns=7228553373854147][T0xe61d845a9ca0][WARN] copy_aicore_buffer: [chip_swimlane_collector.cpp:689] Core 28: skipped 1022 AICore record slot(s) with start_time=0 (race-window write or recycled-buffer tail). buf seq=0 count=1024
[mono_ns=7228553374189498][T0xe61d84db9ca0][WARN] copy_aicore_buffer: [chip_swimlane_collector.cpp:689] Core 27: skipped 1024 AICore record slot(s) with start_time=0 (race-window write or recycled-buffer tail). buf seq=0 count=1024
[mono_ns=7228553374191108][T0xe61d90f1bca0][WARN] copy_aicore_buffer: [chip_swimlane_collector.cpp:689] Core 25: skipped 1024 AICore record slot(s) with start_time=0 (race-window write or recycled-buffer tail). buf seq=0 count=1024
[mono_ns=7228553374200638][T0xe61d845a9ca0][WARN] copy_aicore_buffer: [chip_swimlane_collector.cpp:689] Core 29: skipped 1024 AICore record slot(s) with start_time=0 (race-window write or recycled-buffer tail). buf seq=0 count=1024
[mono_ns=7228553374613210][T0xe61d845a9ca0][WARN] copy_aicore_buffer: [chip_swimlane_collector.cpp:689] Core 5: skipped 1024 AICore record slot(s) with start_time=0 (race-window write or recycled-buffer tail). buf seq=0 count=1024
[mono_ns=7228553374620990][T0xe61d90f1bca0][WARN] copy_aicore_buffer: [chip_swimlane_collector.cpp:689] Core 3: skipped 1024 AICore record slot(s) with start_time=0 (race-window write or recycled-buffer tail). buf seq=0 count=1024
[mono_ns=7228553374621650][T0xe61d84db9ca0][WARN] copy_aicore_buffer: [chip_swimlane_collector.cpp:689] Core 4: skipped 1024 AICore record slot(s) with start_time=0 (race-window write or recycled-buffer tail). buf seq=0 count=1024
[mono_ns=7228553374988301][T0xe61d84db9ca0][WARN] copy_aicore_buffer: [chip_swimlane_collector.cpp:689] Core 32: skipped 1024 AICore record slot(s) with start_time=0 (race-window write or recycled-buffer tail). buf seq=0 count=1024
[mono_ns=7228553374989231][T0xe61d845a9ca0][WARN] copy_aicore_buffer: [chip_swimlane_collector.cpp:689] Core 34: skipped 1024 AICore record slot(s) with start_time=0 (race-window write or recycled-buffer tail). buf seq=0 count=1024
[mono_ns=7228553374999201][T0xe61d90f1bca0][WARN] copy_aicore_buffer: [chip_swimlane_collector.cpp:689] Core 30: skipped 1024 AICore record slot(s) with start_time=0 (race-window write or recycled-buffer tail). buf seq=0 count=1024
[mono_ns=7228553375335152][T0xe61d845a9ca0][WARN] copy_aicore_buffer: [chip_swimlane_collector.cpp:689] Core 35: skipped 1024 AICore record slot(s) with start_time=0 (race-window write or recycled-buffer tail). buf seq=0 count=1024
[mono_ns=7228553375349252][T0xe61d84db9ca0][WARN] copy_aicore_buffer: [chip_swimlane_collector.cpp:689] Core 33: skipped 1024 AICore record slot(s) with start_time=0 (race-window write or recycled-buffer tail). buf seq=0 count=1024
[mono_ns=7228553375370992][T0xe61d90f1bca0][WARN] copy_aicore_buffer: [chip_swimlane_collector.cpp:689] Core 31: skipped 1024 AICore record slot(s) with start_time=0 (race-window write or recycled-buffer tail). buf seq=0 count=1024
[mono_ns=7228553375675963][T0xe61d845a9ca0][WARN] copy_aicore_buffer: [chip_swimlane_collector.cpp:689] Core 8: skipped 1024 AICore record slot(s) with start_time=0 (race-window write or recycled-buffer tail). buf seq=0 count=1024
[mono_ns=7228553375680813][T0xe61d84db9ca0][WARN] copy_aicore_buffer: [chip_swimlane_collector.cpp:689] Core 7: skipped 1024 AICore record slot(s) with start_time=0 (race-window write or recycled-buffer tail). buf seq=0 count=1024
[mono_ns=7228553375719194][T0xe61d90f1bca0][WARN] copy_aicore_buffer: [chip_swimlane_collector.cpp:689] Core 6: skipped 1024 AICore record slot(s) with start_time=0 (race-window write or recycled-buffer tail). buf seq=0 count=1024
[mono_ns=7228553376022995][T0xe61d84db9ca0][WARN] copy_aicore_buffer: [chip_swimlane_collector.cpp:689] Core 38: skipped 1024 AICore record slot(s) with start_time=0 (race-window write or recycled-buffer tail). buf seq=0 count=1024
[mono_ns=7228553376035615][T0xe61d845a9ca0][WARN] copy_aicore_buffer: [chip_swimlane_collector.cpp:689] Core 40: skipped 1024 AICore record slot(s) with start_time=0 (race-window write or recycled-buffer tail). buf seq=0 count=1024
[mono_ns=7228553376076635][T0xe61d90f1bca0][WARN] copy_aicore_buffer: [chip_swimlane_collector.cpp:689] Core 36: skipped 1024 AICore record slot(s) with start_time=0 (race-window write or recycled-buffer tail). buf seq=0 count=1024
[mono_ns=7228553376362356][T0xe61d84db9ca0][WARN] copy_aicore_buffer: [chip_swimlane_collector.cpp:689] Core 39: skipped 1024 AICore record slot(s) with start_time=0 (race-window write or recycled-buffer tail). buf seq=0 count=1024
[mono_ns=7228553376368936][T0xe61d845a9ca0][WARN] copy_aicore_buffer: [chip_swimlane_collector.cpp:689] Core 41: skipped 1024 AICore record slot(s) with start_time=0 (race-window write or recycled-buffer tail). buf seq=0 count=1024
[mono_ns=7228553376416256][T0xe61d90f1bca0][WARN] copy_aicore_buffer: [chip_swimlane_collector.cpp:689] Core 37: skipped 1024 AICore record slot(s) with start_time=0 (race-window write or recycled-buffer tail). buf seq=0 count=1024
[mono_ns=7228553376701177][T0xe61d84db9ca0][WARN] copy_aicore_buffer: [chip_swimlane_collector.cpp:689] Core 10: skipped 1024 AICore record slot(s) with start_time=0 (race-window write or recycled-buffer tail). buf seq=0 count=1024
[mono_ns=7228553376734447][T0xe61d845a9ca0][WARN] copy_aicore_buffer: [chip_swimlane_collector.cpp:689] Core 11: skipped 1024 AICore record slot(s) with start_time=0 (race-window write or recycled-buffer tail). buf seq=0 count=1024
[mono_ns=7228553376756297][T0xe61d90f1bca0][WARN] copy_aicore_buffer: [chip_swimlane_collector.cpp:689] Core 9: skipped 1024 AICore record slot(s) with start_time=0 (race-window write or recycled-buffer tail). buf seq=0 count=1024
[mono_ns=7228553377051548][T0xe61d84db9ca0][WARN] copy_aicore_buffer: [chip_swimlane_collector.cpp:689] Core 44: skipped 1024 AICore record slot(s) with start_time=0 (race-window write or recycled-buffer tail). buf seq=0 count=1024
[mono_ns=7228553377079918][T0xe61d845a9ca0][WARN] copy_aicore_buffer: [chip_swimlane_collector.cpp:689] Core 46: skipped 1024 AICore record slot(s) with start_time=0 (race-window write or recycled-buffer tail). buf seq=0 count=1024
[mono_ns=7228553377110748][T0xe61d90f1bca0][WARN] copy_aicore_buffer: [chip_swimlane_collector.cpp:689] Core 42: skipped 1024 AICore record slot(s) with start_time=0 (race-window write or recycled-buffer tail). buf seq=0 count=1024
[mono_ns=7228553377389819][T0xe61d84db9ca0][WARN] copy_aicore_buffer: [chip_swimlane_collector.cpp:689] Core 45: skipped 1024 AICore record slot(s) with start_time=0 (race-window write or recycled-buffer tail). buf seq=0 count=1024
[mono_ns=7228553377419099][T0xe61d845a9ca0][WARN] copy_aicore_buffer: [chip_swimlane_collector.cpp:689] Core 47: skipped 1024 AICore record slot(s) with start_time=0 (race-window write or recycled-buffer tail). buf seq=0 count=1024
[mono_ns=7228553377450150][T0xe61d90f1bca0][WARN] copy_aicore_buffer: [chip_swimlane_collector.cpp:689] Core 43: skipped 1024 AICore record slot(s) with start_time=0 (race-window write or recycled-buffer tail). buf seq=0 count=1024
[mono_ns=7228553377725330][T0xe61d84db9ca0][WARN] copy_aicore_buffer: [chip_swimlane_collector.cpp:689] Core 13: skipped 1024 AICore record slot(s) with start_time=0 (race-window write or recycled-buffer tail). buf seq=0 count=1024
[mono_ns=7228553377757271][T0xe61d845a9ca0][WARN] copy_aicore_buffer: [chip_swimlane_collector.cpp:689] Core 14: skipped 1024 AICore record slot(s) with start_time=0 (race-window write or recycled-buffer tail). buf seq=0 count=1024
[mono_ns=7228553377789581][T0xe61d90f1bca0][WARN] copy_aicore_buffer: [chip_swimlane_collector.cpp:689] Core 12: skipped 1024 AICore record slot(s) with start_time=0 (race-window write or recycled-buffer tail). buf seq=0 count=1024
[mono_ns=7228553378076252][T0xe61d84db9ca0][WARN] copy_aicore_buffer: [chip_swimlane_collector.cpp:689] Core 50: skipped 1024 AICore record slot(s) with start_time=0 (race-window write or recycled-buffer tail). buf seq=0 count=1024
[mono_ns=7228553378100732][T0xe61d845a9ca0][WARN] copy_aicore_buffer: [chip_swimlane_collector.cpp:689] Core 52: skipped 1024 AICore record slot(s) with start_time=0 (race-window write or recycled-buffer tail). buf seq=0 count=1024
[mono_ns=7228553378141772][T0xe61d90f1bca0][WARN] copy_aicore_buffer: [chip_swimlane_collector.cpp:689] Core 48: skipped 1024 AICore record slot(s) with start_time=0 (race-window write or recycled-buffer tail). buf seq=0 count=1024
[mono_ns=7228553378416013][T0xe61d84db9ca0][WARN] copy_aicore_buffer: [chip_swimlane_collector.cpp:689] Core 51: skipped 1024 AICore record slot(s) with start_time=0 (race-window write or recycled-buffer tail). buf seq=0 count=1024
[mono_ns=7228553378438953][T0xe61d845a9ca0][WARN] copy_aicore_buffer: [chip_swimlane_collector.cpp:689] Core 53: skipped 1024 AICore record slot(s) with start_time=0 (race-window write or recycled-buffer tail). buf seq=0 count=1024
[mono_ns=7228553378490123][T0xe61d90f1bca0][WARN] copy_aicore_buffer: [chip_swimlane_collector.cpp:689] Core 49: skipped 1024 AICore record slot(s) with start_time=0 (race-window write or recycled-buffer tail). buf seq=0 count=1024
[mono_ns=7228553378754974][T0xe61d84db9ca0][WARN] copy_aicore_buffer: [chip_swimlane_collector.cpp:689] Core 16: skipped 1024 AICore record slot(s) with start_time=0 (race-window write or recycled-buffer tail). buf seq=0 count=1024
[mono_ns=7228553378777544][T0xe61d845a9ca0][WARN] copy_aicore_buffer: [chip_swimlane_collector.cpp:689] Core 17: skipped 1024 AICore record slot(s) with start_time=0 (race-window write or recycled-buffer tail). buf seq=0 count=1024
[mono_ns=7228553378841204][T0xe61d90f1bca0][WARN] copy_aicore_buffer: [chip_swimlane_collector.cpp:689] Core 15: skipped 1024 AICore record slot(s) with start_time=0 (race-window write or recycled-buffer tail). buf seq=0 count=1024
[mono_ns=7228553379104645][T0xe61d84db9ca0][WARN] copy_aicore_buffer: [chip_swimlane_collector.cpp:689] Core 56: skipped 1024 AICore record slot(s) with start_time=0 (race-window write or recycled-buffer tail). buf seq=0 count=1024
[mono_ns=7228553379124365][T0xe61d845a9ca0][WARN] copy_aicore_buffer: [chip_swimlane_collector.cpp:689] Core 58: skipped 1024 AICore record slot(s) with start_time=0 (race-window write or recycled-buffer tail). buf seq=0 count=1024
[mono_ns=7228553379216636][T0xe61d90f1bca0][WARN] copy_aicore_buffer: [chip_swimlane_collector.cpp:689] Core 54: skipped 1024 AICore record slot(s) with start_time=0 (race-window write or recycled-buffer tail). buf seq=0 count=1024
[mono_ns=7228553379443626][T0xe61d84db9ca0][WARN] copy_aicore_buffer: [chip_swimlane_collector.cpp:689] Core 57: skipped 1024 AICore record slot(s) with start_time=0 (race-window write or recycled-buffer tail). buf seq=0 count=1024
[mono_ns=7228553379466926][T0xe61d845a9ca0][WARN] copy_aicore_buffer: [chip_swimlane_collector.cpp:689] Core 59: skipped 1024 AICore record slot(s) with start_time=0 (race-window write or recycled-buffer tail). buf seq=0 count=1024
[mono_ns=7228553379565427][T0xe61d90f1bca0][WARN] copy_aicore_buffer: [chip_swimlane_collector.cpp:689] Core 55: skipped 1024 AICore record slot(s) with start_time=0 (race-window write or recycled-buffer tail). buf seq=0 count=1024
[mono_ns=7228553379783068][T0xe61d84db9ca0][WARN] copy_aicore_buffer: [chip_swimlane_collector.cpp:689] Core 19: skipped 1024 AICore record slot(s) with start_time=0 (race-window write or recycled-buffer tail). buf seq=0 count=1024
[mono_ns=7228553379806098][T0xe61d845a9ca0][WARN] copy_aicore_buffer: [chip_swimlane_collector.cpp:689] Core 20: skipped 1024 AICore record slot(s) with start_time=0 (race-window write or recycled-buffer tail). buf seq=0 count=1024
[mono_ns=7228553379904478][T0xe61d90f1bca0][WARN] copy_aicore_buffer: [chip_swimlane_collector.cpp:689] Core 18: skipped 1024 AICore record slot(s) with start_time=0 (race-window write or recycled-buffer tail). buf seq=0 count=1024
[mono_ns=7228553380128069][T0xe61d84db9ca0][WARN] copy_aicore_buffer: [chip_swimlane_collector.cpp:689] Core 62: skipped 1024 AICore record slot(s) with start_time=0 (race-window write or recycled-buffer tail). buf seq=0 count=1024
[mono_ns=7228553380154199][T0xe61d845a9ca0][WARN] copy_aicore_buffer: [chip_swimlane_collector.cpp:689] Core 64: skipped 1024 AICore record slot(s) with start_time=0 (race-window write or recycled-buffer tail). buf seq=0 count=1024
[mono_ns=7228553380251009][T0xe61d90f1bca0][WARN] copy_aicore_buffer: [chip_swimlane_collector.cpp:689] Core 60: skipped 1024 AICore record slot(s) with start_time=0 (race-window write or recycled-buffer tail). buf seq=0 count=1024
[mono_ns=7228553380468340][T0xe61d84db9ca0][WARN] copy_aicore_buffer: [chip_swimlane_collector.cpp:689] Core 63: skipped 1024 AICore record slot(s) with start_time=0 (race-window write or recycled-buffer tail). buf seq=0 count=1024
[mono_ns=7228553380498310][T0xe61d845a9ca0][WARN] copy_aicore_buffer: [chip_swimlane_collector.cpp:689] Core 65: skipped 1024 AICore record slot(s) with start_time=0 (race-window write or recycled-buffer tail). buf seq=0 count=1024
[mono_ns=7228553380591080][T0xe61d90f1bca0][WARN] copy_aicore_buffer: [chip_swimlane_collector.cpp:689] Core 61: skipped 1024 AICore record slot(s) with start_time=0 (race-window write or recycled-buffer tail). buf seq=0 count=1024
[mono_ns=7228553380807411][T0xe61d84db9ca0][WARN] copy_aicore_buffer: [chip_swimlane_collector.cpp:689] Core 22: skipped 1024 AICore record slot(s) with start_time=0 (race-window write or recycled-buffer tail). buf seq=0 count=1024
[mono_ns=7228553380859081][T0xe61d845a9ca0][WARN] copy_aicore_buffer: [chip_swimlane_collector.cpp:689] Core 23: skipped 1024 AICore record slot(s) with start_time=0 (race-window write or recycled-buffer tail). buf seq=0 count=1024
[mono_ns=7228553380930302][T0xe61d90f1bca0][WARN] copy_aicore_buffer: [chip_swimlane_collector.cpp:689] Core 21: skipped 1024 AICore record slot(s) with start_time=0 (race-window write or recycled-buffer tail). buf seq=0 count=1024
[mono_ns=7228553381151932][T0xe61d84db9ca0][WARN] copy_aicore_buffer: [chip_swimlane_collector.cpp:689] Core 68: skipped 1024 AICore record slot(s) with start_time=0 (race-window write or recycled-buffer tail). buf seq=0 count=1024
[mono_ns=7228553381204832][T0xe61d845a9ca0][WARN] copy_aicore_buffer: [chip_swimlane_collector.cpp:689] Core 70: skipped 1024 AICore record slot(s) with start_time=0 (race-window write or recycled-buffer tail). buf seq=0 count=1024
[mono_ns=7228553381280943][T0xe61d90f1bca0][WARN] copy_aicore_buffer: [chip_swimlane_collector.cpp:689] Core 66: skipped 1024 AICore record slot(s) with start_time=0 (race-window write or recycled-buffer tail). buf seq=0 count=1024
[mono_ns=7228553381487843][T0xe61d84db9ca0][WARN] copy_aicore_buffer: [chip_swimlane_collector.cpp:689] Core 69: skipped 1024 AICore record slot(s) with start_time=0 (race-window write or recycled-buffer tail). buf seq=0 count=1024
[mono_ns=7228553381540734][T0xe61d845a9ca0][WARN] copy_aicore_buffer: [chip_swimlane_collector.cpp:689] Core 71: skipped 1024 AICore record slot(s) with start_time=0 (race-window write or recycled-buffer tail). buf seq=0 count=1024
[mono_ns=7228553381620274][T0xe61d90f1bca0][WARN] copy_aicore_buffer: [chip_swimlane_collector.cpp:689] Core 67: skipped 1024 AICore record slot(s) with start_time=0 (race-window write or recycled-buffer tail). buf seq=0 count=1024
[mono_ns=7228553482199310][T0xe61ee18d9020][TIMING] emit_host_span: [STRACE] v=1 pid=3713514 tid=3713514 inv=2 hid=6e59d6c91bcbcc2a depth=1 name=chip.run.runner_run ts=7228553365683399 dur=116503881 
[mono_ns=7228553482305720][T0xe61ee18d9020][TIMING] emit_host_span: [STRACE] v=1 pid=3713514 tid=3713514 inv=2 hid=6e59d6c91bcbcc2a depth=1 name=chip.run.validate ts=7228553482221190 dur=80780 
[mono_ns=7228553482317730][T0xe61ee18d9020][TIMING] emit_host_span: [STRACE] v=1 pid=3713514 tid=3713514 inv=2 hid=6e59d6c91bcbcc2a depth=2 name=chip.run.runner_run.device_wall ts=0 dur=5543320 clk=dev
[mono_ns=7228553482322360][T0xe61ee18d9020][TIMING] emit_host_span: [STRACE] v=1 pid=3713514 tid=3713514 inv=2 hid=6e59d6c91bcbcc2a depth=3 name=chip.run.runner_run.device_wall.preamble ts=0 dur=139180 clk=dev
[mono_ns=7228553482326800][T0xe61ee18d9020][TIMING] emit_host_span: [STRACE] v=1 pid=3713514 tid=3713514 inv=2 hid=6e59d6c91bcbcc2a depth=3 name=chip.run.runner_run.device_wall.graph_build ts=134180 dur=5399160 clk=dev
[mono_ns=7228553482332350][T0xe61ee18d9020][TIMING] emit_host_span: [STRACE] v=1 pid=3713514 tid=3713514 inv=2 hid=6e59d6c91bcbcc2a depth=3 name=chip.run.runner_run.device_wall.config_validate ts=134580 dur=980 clk=dev
[mono_ns=7228553482336510][T0xe61ee18d9020][TIMING] emit_host_span: [STRACE] v=1 pid=3713514 tid=3713514 inv=2 hid=6e59d6c91bcbcc2a depth=3 name=chip.run.runner_run.device_wall.arena_wire ts=135600 dur=440 clk=dev
[mono_ns=7228553482340640][T0xe61ee18d9020][TIMING] emit_host_span: [STRACE] v=1 pid=3713514 tid=3713514 inv=2 hid=6e59d6c91bcbcc2a depth=3 name=chip.run.runner_run.device_wall.sm_reset ts=136100 dur=919 clk=dev
[mono_ns=7228553482344340][T0xe61ee18d9020][TIMING] emit_host_span: [STRACE] v=1 pid=3713514 tid=3713514 inv=2 hid=6e59d6c91bcbcc2a depth=3 name=chip.run.runner_run.device_wall.post_orch ts=5533380 dur=9819 clk=dev
[mono_ns=7228553482348380][T0xe61ee18d9020][TIMING] emit_host_span: [STRACE] v=1 pid=3713514 tid=3713514 inv=2 hid=6e59d6c91bcbcc2a depth=3 name=chip.run.runner_run.device_wall.orch ts=137080 dur=5040 clk=dev
[mono_ns=7228553482352420][T0xe61ee18d9020][TIMING] emit_host_span: [STRACE] v=1 pid=3713514 tid=3713514 inv=2 hid=6e59d6c91bcbcc2a depth=3 name=chip.run.runner_run.device_wall.sched ts=139420 dur=5367500 clk=dev
[mono_ns=7228553482357470][T0xe61ee18d9020][TIMING] emit_host_span: [STRACE] v=1 pid=3713514 tid=3713514 inv=2 hid=6e59d6c91bcbcc2a depth=1 name=chip.run.claim_release ts=7228553482355430 dur=320 
[mono_ns=7228553482363150][T0xe61ee18d9020][TIMING] emit_host_span: [STRACE] v=1 pid=3713514 tid=3713514 inv=2 hid=6e59d6c91bcbcc2a depth=0 name=chip.run ts=7228553310911611 dur=171449519 run_id=2 dispatch_id=2 slot_id=0 generation=2 run_epoch=2
[mono_ns=7228558283226603][T0xe61ee18d9020][TIMING] emit_host_span: [STRACE] v=1 pid=3713514 tid=3713514 inv=3 hid=6e59d6c91bcbcc2a depth=2 name=chip.run.bind.args ts=7228558282860742 dur=340271 
[mono_ns=7228558283407834][T0xe61ee18d9020][TIMING] emit_host_span: [STRACE] v=1 pid=3713514 tid=3713514 inv=3 hid=6e59d6c91bcbcc2a depth=2 name=chip.run.bind.prebuilt ts=7228558283328794 dur=75820 
[mono_ns=7228558283412624][T0xe61ee18d9020][TIMING] emit_host_span: [STRACE] v=1 pid=3713514 tid=3713514 inv=3 hid=6e59d6c91bcbcc2a depth=1 name=chip.run.bind ts=7228558282837122 dur=573152 
[mono_ns=7228558458088758][T0xe61ee18d9020][TIMING] emit_host_span: [STRACE] v=1 pid=3713514 tid=3713514 inv=3 hid=6e59d6c91bcbcc2a depth=1 name=chip.run.runner_run ts=7228558284729188 dur=173349720 
[mono_ns=7228558458194188][T0xe61ee18d9020][TIMING] emit_host_span: [STRACE] v=1 pid=3713514 tid=3713514 inv=3 hid=6e59d6c91bcbcc2a depth=1 name=chip.run.validate ts=7228558458104198 dur=85790 
[mono_ns=7228558458205338][T0xe61ee18d9020][TIMING] emit_host_span: [STRACE] v=1 pid=3713514 tid=3713514 inv=3 hid=6e59d6c91bcbcc2a depth=2 name=chip.run.runner_run.device_wall ts=0 dur=4022720 clk=dev
[mono_ns=7228558458209778][T0xe61ee18d9020][TIMING] emit_host_span: [STRACE] v=1 pid=3713514 tid=3713514 inv=3 hid=6e59d6c91bcbcc2a depth=3 name=chip.run.runner_run.device_wall.preamble ts=0 dur=6840 clk=dev
[mono_ns=7228558458214288][T0xe61ee18d9020][TIMING] emit_host_span: [STRACE] v=1 pid=3713514 tid=3713514 inv=3 hid=6e59d6c91bcbcc2a depth=3 name=chip.run.runner_run.device_wall.graph_build ts=1560 dur=4010580 clk=dev
[mono_ns=7228558458217868][T0xe61ee18d9020][TIMING] emit_host_span: [STRACE] v=1 pid=3713514 tid=3713514 inv=3 hid=6e59d6c91bcbcc2a depth=3 name=chip.run.runner_run.device_wall.config_validate ts=2060 dur=1140 clk=dev
[mono_ns=7228558458221448][T0xe61ee18d9020][TIMING] emit_host_span: [STRACE] v=1 pid=3713514 tid=3713514 inv=3 hid=6e59d6c91bcbcc2a depth=3 name=chip.run.runner_run.device_wall.arena_wire ts=3220 dur=980 clk=dev
[mono_ns=7228558458224508][T0xe61ee18d9020][TIMING] emit_host_span: [STRACE] v=1 pid=3713514 tid=3713514 inv=3 hid=6e59d6c91bcbcc2a depth=3 name=chip.run.runner_run.device_wall.sm_reset ts=4240 dur=1540 clk=dev
[mono_ns=7228558458228118][T0xe61ee18d9020][TIMING] emit_host_span: [STRACE] v=1 pid=3713514 tid=3713514 inv=3 hid=6e59d6c91bcbcc2a depth=3 name=chip.run.runner_run.device_wall.post_orch ts=4012200 dur=10320 clk=dev
[mono_ns=7228558458231158][T0xe61ee18d9020][TIMING] emit_host_span: [STRACE] v=1 pid=3713514 tid=3713514 inv=3 hid=6e59d6c91bcbcc2a depth=3 name=chip.run.runner_run.device_wall.orch ts=7300 dur=14480 clk=dev
[mono_ns=7228558458259469][T0xe61ee18d9020][TIMING] emit_host_span: [STRACE] v=1 pid=3713514 tid=3713514 inv=3 hid=6e59d6c91bcbcc2a depth=3 name=chip.run.runner_run.device_wall.sched ts=7220 dur=3997400 clk=dev
[mono_ns=7228558458264829][T0xe61ee18d9020][TIMING] emit_host_span: [STRACE] v=1 pid=3713514 tid=3713514 inv=3 hid=6e59d6c91bcbcc2a depth=1 name=chip.run.claim_release ts=7228558458262559 dur=450 
[mono_ns=7228558458269959][T0xe61ee18d9020][TIMING] emit_host_span: [STRACE] v=1 pid=3713514 tid=3713514 inv=3 hid=6e59d6c91bcbcc2a depth=0 name=chip.run ts=7228558282337520 dur=175930439 run_id=3 dispatch_id=3 slot_id=0 generation=3 run_epoch=3
[mono_ns=7228558486199345][T0xe61ee18d9020][TIMING] emit_host_span: [STRACE] v=1 pid=3713514 tid=3713514 inv=4 hid=6e59d6c91bcbcc2a depth=2 name=chip.run.bind.args ts=7228558486090695 dur=103060 
[mono_ns=7228558486216475][T0xe61ee18d9020][TIMING] emit_host_span: [STRACE] v=1 pid=3713514 tid=3713514 inv=4 hid=6e59d6c91bcbcc2a depth=2 name=chip.run.bind.prebuilt ts=7228558486209925 dur=4250 
[mono_ns=7228558486221255][T0xe61ee18d9020][TIMING] emit_host_span: [STRACE] v=1 pid=3713514 tid=3713514 inv=4 hid=6e59d6c91bcbcc2a depth=1 name=chip.run.bind ts=7228558486078935 dur=139790 
[mono_ns=7228558489883218][T0xe61d84db9ca0][WARN] copy_aicore_buffer: [chip_swimlane_collector.cpp:689] Core 1: skipped 1024 AICore record slot(s) with start_time=0 (race-window write or recycled-buffer tail). buf seq=0 count=1024
[mono_ns=7228558489917378][T0xe61d845a9ca0][WARN] copy_aicore_buffer: [chip_swimlane_collector.cpp:689] Core 2: skipped 1024 AICore record slot(s) with start_time=0 (race-window write or recycled-buffer tail). buf seq=0 count=1024
[mono_ns=7228558489942658][T0xe61d90f1bca0][WARN] copy_aicore_buffer: [chip_swimlane_collector.cpp:689] Core 0: skipped 1024 AICore record slot(s) with start_time=0 (race-window write or recycled-buffer tail). buf seq=0 count=1024
[mono_ns=7228558490284909][T0xe61d90f1bca0][WARN] copy_aicore_buffer: [chip_swimlane_collector.cpp:689] Core 24: skipped 1023 AICore record slot(s) with start_time=0 (race-window write or recycled-buffer tail). buf seq=0 count=1024
[mono_ns=7228558490296379][T0xe61d84db9ca0][WARN] copy_aicore_buffer: [chip_swimlane_collector.cpp:689] Core 26: skipped 1023 AICore record slot(s) with start_time=0 (race-window write or recycled-buffer tail). buf seq=0 count=1024
[mono_ns=7228558490323569][T0xe61d845a9ca0][WARN] copy_aicore_buffer: [chip_swimlane_collector.cpp:689] Core 28: skipped 1023 AICore record slot(s) with start_time=0 (race-window write or recycled-buffer tail). buf seq=0 count=1024
[mono_ns=7228558490615990][T0xe61d84db9ca0][WARN] copy_aicore_buffer: [chip_swimlane_collector.cpp:689] Core 27: skipped 1024 AICore record slot(s) with start_time=0 (race-window write or recycled-buffer tail). buf seq=0 count=1024
[mono_ns=7228558490639361][T0xe61d90f1bca0][WARN] copy_aicore_buffer: [chip_swimlane_collector.cpp:689] Core 25: skipped 1024 AICore record slot(s) with start_time=0 (race-window write or recycled-buffer tail). buf seq=0 count=1024
[mono_ns=7228558490647411][T0xe61d845a9ca0][WARN] copy_aicore_buffer: [chip_swimlane_collector.cpp:689] Core 29: skipped 1024 AICore record slot(s) with start_time=0 (race-window write or recycled-buffer tail). buf seq=0 count=1024
[mono_ns=7228558490939512][T0xe61d84db9ca0][WARN] copy_aicore_buffer: [chip_swimlane_collector.cpp:689] Core 4: skipped 1024 AICore record slot(s) with start_time=0 (race-window write or recycled-buffer tail). buf seq=0 count=1024
[mono_ns=7228558490958682][T0xe61d90f1bca0][WARN] copy_aicore_buffer: [chip_swimlane_collector.cpp:689] Core 3: skipped 1024 AICore record slot(s) with start_time=0 (race-window write or recycled-buffer tail). buf seq=0 count=1024
[mono_ns=7228558491025592][T0xe61d845a9ca0][WARN] copy_aicore_buffer: [chip_swimlane_collector.cpp:689] Core 5: skipped 1024 AICore record slot(s) with start_time=0 (race-window write or recycled-buffer tail). buf seq=0 count=1024
[mono_ns=7228558491275523][T0xe61d84db9ca0][WARN] copy_aicore_buffer: [chip_swimlane_collector.cpp:689] Core 32: skipped 1024 AICore record slot(s) with start_time=0 (race-window write or recycled-buffer tail). buf seq=0 count=1024
[mono_ns=7228558491292453][T0xe61d90f1bca0][WARN] copy_aicore_buffer: [chip_swimlane_collector.cpp:689] Core 30: skipped 1024 AICore record slot(s) with start_time=0 (race-window write or recycled-buffer tail). buf seq=0 count=1024
[mono_ns=7228558491347983][T0xe61d845a9ca0][WARN] copy_aicore_buffer: [chip_swimlane_collector.cpp:689] Core 34: skipped 1024 AICore record slot(s) with start_time=0 (race-window write or recycled-buffer tail). buf seq=0 count=1024
[mono_ns=7228558491598504][T0xe61d84db9ca0][WARN] copy_aicore_buffer: [chip_swimlane_collector.cpp:689] Core 33: skipped 1024 AICore record slot(s) with start_time=0 (race-window write or recycled-buffer tail). buf seq=0 count=1024
[mono_ns=7228558491610824][T0xe61d90f1bca0][WARN] copy_aicore_buffer: [chip_swimlane_collector.cpp:689] Core 31: skipped 1024 AICore record slot(s) with start_time=0 (race-window write or recycled-buffer tail). buf seq=0 count=1024
[mono_ns=7228558491670814][T0xe61d845a9ca0][WARN] copy_aicore_buffer: [chip_swimlane_collector.cpp:689] Core 35: skipped 1024 AICore record slot(s) with start_time=0 (race-window write or recycled-buffer tail). buf seq=0 count=1024
[mono_ns=7228558491920505][T0xe61d84db9ca0][WARN] copy_aicore_buffer: [chip_swimlane_collector.cpp:689] Core 7: skipped 1024 AICore record slot(s) with start_time=0 (race-window write or recycled-buffer tail). buf seq=0 count=1024
[mono_ns=7228558491972125][T0xe61d90f1bca0][WARN] copy_aicore_buffer: [chip_swimlane_collector.cpp:689] Core 6: skipped 1024 AICore record slot(s) with start_time=0 (race-window write or recycled-buffer tail). buf seq=0 count=1024
[mono_ns=7228558491993655][T0xe61d845a9ca0][WARN] copy_aicore_buffer: [chip_swimlane_collector.cpp:689] Core 8: skipped 1024 AICore record slot(s) with start_time=0 (race-window write or recycled-buffer tail). buf seq=0 count=1024
[mono_ns=7228558492247886][T0xe61d84db9ca0][WARN] copy_aicore_buffer: [chip_swimlane_collector.cpp:689] Core 38: skipped 1024 AICore record slot(s) with start_time=0 (race-window write or recycled-buffer tail). buf seq=0 count=1024
[mono_ns=7228558492304416][T0xe61d90f1bca0][WARN] copy_aicore_buffer: [chip_swimlane_collector.cpp:689] Core 36: skipped 1024 AICore record slot(s) with start_time=0 (race-window write or recycled-buffer tail). buf seq=0 count=1024
[mono_ns=7228558492323006][T0xe61d845a9ca0][WARN] copy_aicore_buffer: [chip_swimlane_collector.cpp:689] Core 40: skipped 1024 AICore record slot(s) with start_time=0 (race-window write or recycled-buffer tail). buf seq=0 count=1024
[mono_ns=7228558492570417][T0xe61d84db9ca0][WARN] copy_aicore_buffer: [chip_swimlane_collector.cpp:689] Core 39: skipped 1024 AICore record slot(s) with start_time=0 (race-window write or recycled-buffer tail). buf seq=0 count=1024
[mono_ns=7228558492628847][T0xe61d90f1bca0][WARN] copy_aicore_buffer: [chip_swimlane_collector.cpp:689] Core 37: skipped 1024 AICore record slot(s) with start_time=0 (race-window write or recycled-buffer tail). buf seq=0 count=1024
[mono_ns=7228558492641427][T0xe61d845a9ca0][WARN] copy_aicore_buffer: [chip_swimlane_collector.cpp:689] Core 41: skipped 1024 AICore record slot(s) with start_time=0 (race-window write or recycled-buffer tail). buf seq=0 count=1024
[mono_ns=7228558492894938][T0xe61d84db9ca0][WARN] copy_aicore_buffer: [chip_swimlane_collector.cpp:689] Core 10: skipped 1024 AICore record slot(s) with start_time=0 (race-window write or recycled-buffer tail). buf seq=0 count=1024
[mono_ns=7228558492952959][T0xe61d90f1bca0][WARN] copy_aicore_buffer: [chip_swimlane_collector.cpp:689] Core 9: skipped 1024 AICore record slot(s) with start_time=0 (race-window write or recycled-buffer tail). buf seq=0 count=1024
[mono_ns=7228558492958329][T0xe61d845a9ca0][WARN] copy_aicore_buffer: [chip_swimlane_collector.cpp:689] Core 11: skipped 1024 AICore record slot(s) with start_time=0 (race-window write or recycled-buffer tail). buf seq=0 count=1024
[mono_ns=7228558493230019][T0xe61d84db9ca0][WARN] copy_aicore_buffer: [chip_swimlane_collector.cpp:689] Core 44: skipped 1024 AICore record slot(s) with start_time=0 (race-window write or recycled-buffer tail). buf seq=0 count=1024
[mono_ns=7228558493287570][T0xe61d90f1bca0][WARN] copy_aicore_buffer: [chip_swimlane_collector.cpp:689] Core 42: skipped 1024 AICore record slot(s) with start_time=0 (race-window write or recycled-buffer tail). buf seq=0 count=1024
[mono_ns=7228558493299270][T0xe61d845a9ca0][WARN] copy_aicore_buffer: [chip_swimlane_collector.cpp:689] Core 46: skipped 1024 AICore record slot(s) with start_time=0 (race-window write or recycled-buffer tail). buf seq=0 count=1024
[mono_ns=7228558493570471][T0xe61d84db9ca0][WARN] copy_aicore_buffer: [chip_swimlane_collector.cpp:689] Core 45: skipped 1024 AICore record slot(s) with start_time=0 (race-window write or recycled-buffer tail). buf seq=0 count=1024
[mono_ns=7228558493641871][T0xe61d90f1bca0][WARN] copy_aicore_buffer: [chip_swimlane_collector.cpp:689] Core 43: skipped 1024 AICore record slot(s) with start_time=0 (race-window write or recycled-buffer tail). buf seq=0 count=1024
[mono_ns=7228558493692471][T0xe61d845a9ca0][WARN] copy_aicore_buffer: [chip_swimlane_collector.cpp:689] Core 47: skipped 1024 AICore record slot(s) with start_time=0 (race-window write or recycled-buffer tail). buf seq=0 count=1024
[mono_ns=7228558493918512][T0xe61d84db9ca0][WARN] copy_aicore_buffer: [chip_swimlane_collector.cpp:689] Core 13: skipped 1024 AICore record slot(s) with start_time=0 (race-window write or recycled-buffer tail). buf seq=0 count=1024
[mono_ns=7228558493968972][T0xe61d90f1bca0][WARN] copy_aicore_buffer: [chip_swimlane_collector.cpp:689] Core 12: skipped 1024 AICore record slot(s) with start_time=0 (race-window write or recycled-buffer tail). buf seq=0 count=1024
[mono_ns=7228558494044162][T0xe61d845a9ca0][WARN] copy_aicore_buffer: [chip_swimlane_collector.cpp:689] Core 14: skipped 1024 AICore record slot(s) with start_time=0 (race-window write or recycled-buffer tail). buf seq=0 count=1024
[mono_ns=7228558494265753][T0xe61d84db9ca0][WARN] copy_aicore_buffer: [chip_swimlane_collector.cpp:689] Core 50: skipped 1024 AICore record slot(s) with start_time=0 (race-window write or recycled-buffer tail). buf seq=0 count=1024
[mono_ns=7228558494302313][T0xe61d90f1bca0][WARN] copy_aicore_buffer: [chip_swimlane_collector.cpp:689] Core 48: skipped 1024 AICore record slot(s) with start_time=0 (race-window write or recycled-buffer tail). buf seq=0 count=1024
[mono_ns=7228558494384443][T0xe61d845a9ca0][WARN] copy_aicore_buffer: [chip_swimlane_collector.cpp:689] Core 52: skipped 1024 AICore record slot(s) with start_time=0 (race-window write or recycled-buffer tail). buf seq=0 count=1024
[mono_ns=7228558494646424][T0xe61d84db9ca0][WARN] copy_aicore_buffer: [chip_swimlane_collector.cpp:689] Core 51: skipped 1024 AICore record slot(s) with start_time=0 (race-window write or recycled-buffer tail). buf seq=0 count=1024
[mono_ns=7228558494624944][T0xe61d90f1bca0][WARN] copy_aicore_buffer: [chip_swimlane_collector.cpp:689] Core 49: skipped 1024 AICore record slot(s) with start_time=0 (race-window write or recycled-buffer tail). buf seq=0 count=1024
[mono_ns=7228558494723205][T0xe61d845a9ca0][WARN] copy_aicore_buffer: [chip_swimlane_collector.cpp:689] Core 53: skipped 1024 AICore record slot(s) with start_time=0 (race-window write or recycled-buffer tail). buf seq=0 count=1024
[mono_ns=7228558494980656][T0xe61d90f1bca0][WARN] copy_aicore_buffer: [chip_swimlane_collector.cpp:689] Core 15: skipped 1024 AICore record slot(s) with start_time=0 (race-window write or recycled-buffer tail). buf seq=0 count=1024
[mono_ns=7228558494988586][T0xe61d84db9ca0][WARN] copy_aicore_buffer: [chip_swimlane_collector.cpp:689] Core 16: skipped 1024 AICore record slot(s) with start_time=0 (race-window write or recycled-buffer tail). buf seq=0 count=1024
[mono_ns=7228558495076006][T0xe61d845a9ca0][WARN] copy_aicore_buffer: [chip_swimlane_collector.cpp:689] Core 17: skipped 1024 AICore record slot(s) with start_time=0 (race-window write or recycled-buffer tail). buf seq=0 count=1024
[mono_ns=7228558495349537][T0xe61d90f1bca0][WARN] copy_aicore_buffer: [chip_swimlane_collector.cpp:689] Core 54: skipped 1024 AICore record slot(s) with start_time=0 (race-window write or recycled-buffer tail). buf seq=0 count=1024
[mono_ns=7228558495358307][T0xe61d84db9ca0][WARN] copy_aicore_buffer: [chip_swimlane_collector.cpp:689] Core 56: skipped 1024 AICore record slot(s) with start_time=0 (race-window write or recycled-buffer tail). buf seq=0 count=1024
[mono_ns=7228558495422077][T0xe61d845a9ca0][WARN] copy_aicore_buffer: [chip_swimlane_collector.cpp:689] Core 58: skipped 1024 AICore record slot(s) with start_time=0 (race-window write or recycled-buffer tail). buf seq=0 count=1024
[mono_ns=7228558495694138][T0xe61d90f1bca0][WARN] copy_aicore_buffer: [chip_swimlane_collector.cpp:689] Core 55: skipped 1024 AICore record slot(s) with start_time=0 (race-window write or recycled-buffer tail). buf seq=0 count=1024
[mono_ns=7228558495703878][T0xe61d84db9ca0][WARN] copy_aicore_buffer: [chip_swimlane_collector.cpp:689] Core 57: skipped 1024 AICore record slot(s) with start_time=0 (race-window write or recycled-buffer tail). buf seq=0 count=1024
[mono_ns=7228558495766208][T0xe61d845a9ca0][WARN] copy_aicore_buffer: [chip_swimlane_collector.cpp:689] Core 59: skipped 1024 AICore record slot(s) with start_time=0 (race-window write or recycled-buffer tail). buf seq=0 count=1024
[mono_ns=7228558496049619][T0xe61d84db9ca0][WARN] copy_aicore_buffer: [chip_swimlane_collector.cpp:689] Core 19: skipped 1024 AICore record slot(s) with start_time=0 (race-window write or recycled-buffer tail). buf seq=0 count=1024
[mono_ns=7228558496051589][T0xe61d90f1bca0][WARN] copy_aicore_buffer: [chip_swimlane_collector.cpp:689] Core 18: skipped 1024 AICore record slot(s) with start_time=0 (race-window write or recycled-buffer tail). buf seq=0 count=1024
[mono_ns=7228558496117519][T0xe61d845a9ca0][WARN] copy_aicore_buffer: [chip_swimlane_collector.cpp:689] Core 20: skipped 1024 AICore record slot(s) with start_time=0 (race-window write or recycled-buffer tail). buf seq=0 count=1024
[mono_ns=7228558496387960][T0xe61d84db9ca0][WARN] copy_aicore_buffer: [chip_swimlane_collector.cpp:689] Core 62: skipped 1024 AICore record slot(s) with start_time=0 (race-window write or recycled-buffer tail). buf seq=0 count=1024
[mono_ns=7228558496435761][T0xe61d90f1bca0][WARN] copy_aicore_buffer: [chip_swimlane_collector.cpp:689] Core 60: skipped 1024 AICore record slot(s) with start_time=0 (race-window write or recycled-buffer tail). buf seq=0 count=1024
[mono_ns=7228558496454491][T0xe61d845a9ca0][WARN] copy_aicore_buffer: [chip_swimlane_collector.cpp:689] Core 64: skipped 1024 AICore record slot(s) with start_time=0 (race-window write or recycled-buffer tail). buf seq=0 count=1024
[mono_ns=7228558496728502][T0xe61d84db9ca0][WARN] copy_aicore_buffer: [chip_swimlane_collector.cpp:689] Core 63: skipped 1024 AICore record slot(s) with start_time=0 (race-window write or recycled-buffer tail). buf seq=0 count=1024
[mono_ns=7228558496776392][T0xe61d90f1bca0][WARN] copy_aicore_buffer: [chip_swimlane_collector.cpp:689] Core 61: skipped 1024 AICore record slot(s) with start_time=0 (race-window write or recycled-buffer tail). buf seq=0 count=1024
[mono_ns=7228558496788272][T0xe61d845a9ca0][WARN] copy_aicore_buffer: [chip_swimlane_collector.cpp:689] Core 65: skipped 1024 AICore record slot(s) with start_time=0 (race-window write or recycled-buffer tail). buf seq=0 count=1024
[mono_ns=7228558497071153][T0xe61d84db9ca0][WARN] copy_aicore_buffer: [chip_swimlane_collector.cpp:689] Core 22: skipped 1024 AICore record slot(s) with start_time=0 (race-window write or recycled-buffer tail). buf seq=0 count=1024
[mono_ns=7228558497185003][T0xe61d90f1bca0][WARN] copy_aicore_buffer: [chip_swimlane_collector.cpp:689] Core 21: skipped 1024 AICore record slot(s) with start_time=0 (race-window write or recycled-buffer tail). buf seq=0 count=1024
[mono_ns=7228558497229803][T0xe61d845a9ca0][WARN] copy_aicore_buffer: [chip_swimlane_collector.cpp:689] Core 23: skipped 1024 AICore record slot(s) with start_time=0 (race-window write or recycled-buffer tail). buf seq=0 count=1024
[mono_ns=7228558497406854][T0xe61d84db9ca0][WARN] copy_aicore_buffer: [chip_swimlane_collector.cpp:689] Core 68: skipped 1024 AICore record slot(s) with start_time=0 (race-window write or recycled-buffer tail). buf seq=0 count=1024
[mono_ns=7228558497523594][T0xe61d90f1bca0][WARN] copy_aicore_buffer: [chip_swimlane_collector.cpp:689] Core 66: skipped 1024 AICore record slot(s) with start_time=0 (race-window write or recycled-buffer tail). buf seq=0 count=1024
[mono_ns=7228558497570735][T0xe61d845a9ca0][WARN] copy_aicore_buffer: [chip_swimlane_collector.cpp:689] Core 70: skipped 1024 AICore record slot(s) with start_time=0 (race-window write or recycled-buffer tail). buf seq=0 count=1024
[mono_ns=7228558497740775][T0xe61d84db9ca0][WARN] copy_aicore_buffer: [chip_swimlane_collector.cpp:689] Core 69: skipped 1024 AICore record slot(s) with start_time=0 (race-window write or recycled-buffer tail). buf seq=0 count=1024
[mono_ns=7228558497863606][T0xe61d90f1bca0][WARN] copy_aicore_buffer: [chip_swimlane_collector.cpp:689] Core 67: skipped 1024 AICore record slot(s) with start_time=0 (race-window write or recycled-buffer tail). buf seq=0 count=1024
[mono_ns=7228558497937716][T0xe61d845a9ca0][WARN] copy_aicore_buffer: [chip_swimlane_collector.cpp:689] Core 71: skipped 1024 AICore record slot(s) with start_time=0 (race-window write or recycled-buffer tail). buf seq=0 count=1024
[mono_ns=7228558598812895][T0xe61ee18d9020][TIMING] emit_host_span: [STRACE] v=1 pid=3713514 tid=3713514 inv=4 hid=6e59d6c91bcbcc2a depth=1 name=chip.run.runner_run ts=7228558487719050 dur=111088165 
[mono_ns=7228558598895675][T0xe61ee18d9020][TIMING] emit_host_span: [STRACE] v=1 pid=3713514 tid=3713514 inv=4 hid=6e59d6c91bcbcc2a depth=1 name=chip.run.validate ts=7228558598824365 dur=67960 
[mono_ns=7228558598905555][T0xe61ee18d9020][TIMING] emit_host_span: [STRACE] v=1 pid=3713514 tid=3713514 inv=4 hid=6e59d6c91bcbcc2a depth=2 name=chip.run.runner_run.device_wall ts=0 dur=1481399 clk=dev
[mono_ns=7228558598909975][T0xe61ee18d9020][TIMING] emit_host_span: [STRACE] v=1 pid=3713514 tid=3713514 inv=4 hid=6e59d6c91bcbcc2a depth=3 name=chip.run.runner_run.device_wall.preamble ts=0 dur=109800 clk=dev
[mono_ns=7228558598913805][T0xe61ee18d9020][TIMING] emit_host_span: [STRACE] v=1 pid=3713514 tid=3713514 inv=4 hid=6e59d6c91bcbcc2a depth=3 name=chip.run.runner_run.device_wall.graph_build ts=104720 dur=1367000 clk=dev
[mono_ns=7228558598917225][T0xe61ee18d9020][TIMING] emit_host_span: [STRACE] v=1 pid=3713514 tid=3713514 inv=4 hid=6e59d6c91bcbcc2a depth=3 name=chip.run.runner_run.device_wall.config_validate ts=105220 dur=660 clk=dev
[mono_ns=7228558598920985][T0xe61ee18d9020][TIMING] emit_host_span: [STRACE] v=1 pid=3713514 tid=3713514 inv=4 hid=6e59d6c91bcbcc2a depth=3 name=chip.run.runner_run.device_wall.arena_wire ts=105900 dur=320 clk=dev
[mono_ns=7228558598947505][T0xe61ee18d9020][TIMING] emit_host_span: [STRACE] v=1 pid=3713514 tid=3713514 inv=4 hid=6e59d6c91bcbcc2a depth=3 name=chip.run.runner_run.device_wall.sm_reset ts=106240 dur=560 clk=dev
[mono_ns=7228558598950745][T0xe61ee18d9020][TIMING] emit_host_span: [STRACE] v=1 pid=3713514 tid=3713514 inv=4 hid=6e59d6c91bcbcc2a depth=3 name=chip.run.runner_run.device_wall.post_orch ts=1471820 dur=9440 clk=dev
[mono_ns=7228558598954665][T0xe61ee18d9020][TIMING] emit_host_span: [STRACE] v=1 pid=3713514 tid=3713514 inv=4 hid=6e59d6c91bcbcc2a depth=3 name=chip.run.runner_run.device_wall.orch ts=106860 dur=5540 clk=dev
[mono_ns=7228558598958155][T0xe61ee18d9020][TIMING] emit_host_span: [STRACE] v=1 pid=3713514 tid=3713514 inv=4 hid=6e59d6c91bcbcc2a depth=3 name=chip.run.runner_run.device_wall.sched ts=109960 dur=1337460 clk=dev
[mono_ns=7228558598962415][T0xe61ee18d9020][TIMING] emit_host_span: [STRACE] v=1 pid=3713514 tid=3713514 inv=4 hid=6e59d6c91bcbcc2a depth=1 name=chip.run.claim_release ts=7228558598960225 dur=360 
[mono_ns=7228558598966655][T0xe61ee18d9020][TIMING] emit_host_span: [STRACE] v=1 pid=3713514 tid=3713514 inv=4 hid=6e59d6c91bcbcc2a depth=0 name=chip.run ts=7228558486035885 dur=112928740 run_id=4 dispatch_id=4 slot_id=0 generation=4 run_epoch=4
[mono_ns=7228563412453417][T0xe61ee18d9020][TIMING] emit_host_span: [STRACE] v=1 pid=3713514 tid=3713514 inv=5 hid=6e59d6c91bcbcc2a depth=2 name=chip.run.bind.args ts=7228563412273146 dur=163091 
[mono_ns=7228563412595527][T0xe61ee18d9020][TIMING] emit_host_span: [STRACE] v=1 pid=3713514 tid=3713514 inv=5 hid=6e59d6c91bcbcc2a depth=2 name=chip.run.bind.prebuilt ts=7228563412549327 dur=42180 
[mono_ns=7228563412600447][T0xe61ee18d9020][TIMING] emit_host_span: [STRACE] v=1 pid=3713514 tid=3713514 inv=5 hid=6e59d6c91bcbcc2a depth=1 name=chip.run.bind ts=7228563412254966 dur=343311 
[mono_ns=7228563522093968][T0xe61ee18d9020][TIMING] emit_host_span: [STRACE] v=1 pid=3713514 tid=3713514 inv=5 hid=6e59d6c91bcbcc2a depth=1 name=chip.run.runner_run ts=7228563413462520 dur=108622058 
[mono_ns=7228563522190228][T0xe61ee18d9020][TIMING] emit_host_span: [STRACE] v=1 pid=3713514 tid=3713514 inv=5 hid=6e59d6c91bcbcc2a depth=1 name=chip.run.validate ts=7228563522106108 dur=80810 
[mono_ns=7228563522199958][T0xe61ee18d9020][TIMING] emit_host_span: [STRACE] v=1 pid=3713514 tid=3713514 inv=5 hid=6e59d6c91bcbcc2a depth=2 name=chip.run.runner_run.device_wall ts=0 dur=163620 clk=dev
[mono_ns=7228563522204258][T0xe61ee18d9020][TIMING] emit_host_span: [STRACE] v=1 pid=3713514 tid=3713514 inv=5 hid=6e59d6c91bcbcc2a depth=3 name=chip.run.runner_run.device_wall.preamble ts=0 dur=6560 clk=dev
[mono_ns=7228563522209148][T0xe61ee18d9020][TIMING] emit_host_span: [STRACE] v=1 pid=3713514 tid=3713514 inv=5 hid=6e59d6c91bcbcc2a depth=3 name=chip.run.runner_run.device_wall.graph_build ts=1680 dur=150700 clk=dev
[mono_ns=7228563522213248][T0xe61ee18d9020][TIMING] emit_host_span: [STRACE] v=1 pid=3713514 tid=3713514 inv=5 hid=6e59d6c91bcbcc2a depth=3 name=chip.run.runner_run.device_wall.config_validate ts=2340 dur=1080 clk=dev
[mono_ns=7228563522216828][T0xe61ee18d9020][TIMING] emit_host_span: [STRACE] v=1 pid=3713514 tid=3713514 inv=5 hid=6e59d6c91bcbcc2a depth=3 name=chip.run.runner_run.device_wall.arena_wire ts=3740 dur=1020 clk=dev
[mono_ns=7228563522254498][T0xe61ee18d9020][TIMING] emit_host_span: [STRACE] v=1 pid=3713514 tid=3713514 inv=5 hid=6e59d6c91bcbcc2a depth=3 name=chip.run.runner_run.device_wall.sm_reset ts=4960 dur=1180 clk=dev
[mono_ns=7228563522258118][T0xe61ee18d9020][TIMING] emit_host_span: [STRACE] v=1 pid=3713514 tid=3713514 inv=5 hid=6e59d6c91bcbcc2a depth=3 name=chip.run.runner_run.device_wall.post_orch ts=152459 dur=10820 clk=dev
[mono_ns=7228563522261368][T0xe61ee18d9020][TIMING] emit_host_span: [STRACE] v=1 pid=3713514 tid=3713514 inv=5 hid=6e59d6c91bcbcc2a depth=3 name=chip.run.runner_run.device_wall.orch ts=7540 dur=12880 clk=dev
[mono_ns=7228563522264298][T0xe61ee18d9020][TIMING] emit_host_span: [STRACE] v=1 pid=3713514 tid=3713514 inv=5 hid=6e59d6c91bcbcc2a depth=3 name=chip.run.runner_run.device_wall.sched ts=6900 dur=135440 clk=dev
[mono_ns=7228563522270148][T0xe61ee18d9020][TIMING] emit_host_span: [STRACE] v=1 pid=3713514 tid=3713514 inv=5 hid=6e59d6c91bcbcc2a depth=1 name=chip.run.claim_release ts=7228563522267578 dur=670 
[mono_ns=7228563522275059][T0xe61ee18d9020][TIMING] emit_host_span: [STRACE] v=1 pid=3713514 tid=3713514 inv=5 hid=6e59d6c91bcbcc2a depth=0 name=chip.run ts=7228563411908365 dur=110364633 run_id=5 dispatch_id=5 slot_id=0 generation=5 run_epoch=5
[mono_ns=7228563527162175][T0xe61ee18d9020][TIMING] emit_host_span: [STRACE] v=1 pid=3713514 tid=3713514 inv=6 hid=6e59d6c91bcbcc2a depth=2 name=chip.run.bind.args ts=7228563527060165 dur=96770 
[mono_ns=7228563527203126][T0xe61ee18d9020][TIMING] emit_host_span: [STRACE] v=1 pid=3713514 tid=3713514 inv=6 hid=6e59d6c91bcbcc2a depth=2 name=chip.run.bind.prebuilt ts=7228563527195376 dur=4760 
[mono_ns=7228563527207726][T0xe61ee18d9020][TIMING] emit_host_span: [STRACE] v=1 pid=3713514 tid=3713514 inv=6 hid=6e59d6c91bcbcc2a depth=1 name=chip.run.bind ts=7228563527048855 dur=156541 
[mono_ns=7228563530438187][T0xe61d84db9ca0][WARN] copy_aicore_buffer: [chip_swimlane_collector.cpp:689] Core 1: skipped 1024 AICore record slot(s) with start_time=0 (race-window write or recycled-buffer tail). buf seq=0 count=1024
[mono_ns=7228563530508467][T0xe61d845a9ca0][WARN] copy_aicore_buffer: [chip_swimlane_collector.cpp:689] Core 2: skipped 1024 AICore record slot(s) with start_time=0 (race-window write or recycled-buffer tail). buf seq=0 count=1024
[mono_ns=7228563530709108][T0xe61d90f1bca0][WARN] copy_aicore_buffer: [chip_swimlane_collector.cpp:689] Core 0: skipped 1024 AICore record slot(s) with start_time=0 (race-window write or recycled-buffer tail). buf seq=0 count=1024
[mono_ns=7228563530801348][T0xe61d84db9ca0][WARN] copy_aicore_buffer: [chip_swimlane_collector.cpp:689] Core 26: skipped 1022 AICore record slot(s) with start_time=0 (race-window write or recycled-buffer tail). buf seq=0 count=1024
[mono_ns=7228563530849858][T0xe61d845a9ca0][WARN] copy_aicore_buffer: [chip_swimlane_collector.cpp:689] Core 28: skipped 1023 AICore record slot(s) with start_time=0 (race-window write or recycled-buffer tail). buf seq=0 count=1024
[mono_ns=7228563531054639][T0xe61d90f1bca0][WARN] copy_aicore_buffer: [chip_swimlane_collector.cpp:689] Core 24: skipped 1024 AICore record slot(s) with start_time=0 (race-window write or recycled-buffer tail). buf seq=0 count=1024
[mono_ns=7228563531165729][T0xe61d84db9ca0][WARN] copy_aicore_buffer: [chip_swimlane_collector.cpp:689] Core 27: skipped 1024 AICore record slot(s) with start_time=0 (race-window write or recycled-buffer tail). buf seq=0 count=1024
[mono_ns=7228563531227700][T0xe61d845a9ca0][WARN] copy_aicore_buffer: [chip_swimlane_collector.cpp:689] Core 29: skipped 1024 AICore record slot(s) with start_time=0 (race-window write or recycled-buffer tail). buf seq=0 count=1024
[mono_ns=7228563531408180][T0xe61d90f1bca0][WARN] copy_aicore_buffer: [chip_swimlane_collector.cpp:689] Core 25: skipped 1024 AICore record slot(s) with start_time=0 (race-window write or recycled-buffer tail). buf seq=0 count=1024
[mono_ns=7228563531485531][T0xe61d84db9ca0][WARN] copy_aicore_buffer: [chip_swimlane_collector.cpp:689] Core 4: skipped 1024 AICore record slot(s) with start_time=0 (race-window write or recycled-buffer tail). buf seq=0 count=1024
[mono_ns=7228563531552481][T0xe61d845a9ca0][WARN] copy_aicore_buffer: [chip_swimlane_collector.cpp:689] Core 5: skipped 1024 AICore record slot(s) with start_time=0 (race-window write or recycled-buffer tail). buf seq=0 count=1024
[mono_ns=7228563531719851][T0xe61d90f1bca0][WARN] copy_aicore_buffer: [chip_swimlane_collector.cpp:689] Core 3: skipped 1024 AICore record slot(s) with start_time=0 (race-window write or recycled-buffer tail). buf seq=0 count=1024
[mono_ns=7228563531809252][T0xe61d84db9ca0][WARN] copy_aicore_buffer: [chip_swimlane_collector.cpp:689] Core 32: skipped 1024 AICore record slot(s) with start_time=0 (race-window write or recycled-buffer tail). buf seq=0 count=1024
[mono_ns=7228563531874302][T0xe61d845a9ca0][WARN] copy_aicore_buffer: [chip_swimlane_collector.cpp:689] Core 34: skipped 1024 AICore record slot(s) with start_time=0 (race-window write or recycled-buffer tail). buf seq=0 count=1024
[mono_ns=7228563532045452][T0xe61d90f1bca0][WARN] copy_aicore_buffer: [chip_swimlane_collector.cpp:689] Core 30: skipped 1024 AICore record slot(s) with start_time=0 (race-window write or recycled-buffer tail). buf seq=0 count=1024
[mono_ns=7228563532146643][T0xe61d84db9ca0][WARN] copy_aicore_buffer: [chip_swimlane_collector.cpp:689] Core 33: skipped 1024 AICore record slot(s) with start_time=0 (race-window write or recycled-buffer tail). buf seq=0 count=1024
[mono_ns=7228563532226343][T0xe61d845a9ca0][WARN] copy_aicore_buffer: [chip_swimlane_collector.cpp:689] Core 35: skipped 1024 AICore record slot(s) with start_time=0 (race-window write or recycled-buffer tail). buf seq=0 count=1024
[mono_ns=7228563532356714][T0xe61d90f1bca0][WARN] copy_aicore_buffer: [chip_swimlane_collector.cpp:689] Core 31: skipped 1024 AICore record slot(s) with start_time=0 (race-window write or recycled-buffer tail). buf seq=0 count=1024
[mono_ns=7228563532471724][T0xe61d84db9ca0][WARN] copy_aicore_buffer: [chip_swimlane_collector.cpp:689] Core 7: skipped 1024 AICore record slot(s) with start_time=0 (race-window write or recycled-buffer tail). buf seq=0 count=1024
[mono_ns=7228563532549454][T0xe61d845a9ca0][WARN] copy_aicore_buffer: [chip_swimlane_collector.cpp:689] Core 8: skipped 1024 AICore record slot(s) with start_time=0 (race-window write or recycled-buffer tail). buf seq=0 count=1024
[mono_ns=7228563532665995][T0xe61d90f1bca0][WARN] copy_aicore_buffer: [chip_swimlane_collector.cpp:689] Core 6: skipped 1024 AICore record slot(s) with start_time=0 (race-window write or recycled-buffer tail). buf seq=0 count=1024
[mono_ns=7228563532794635][T0xe61d84db9ca0][WARN] copy_aicore_buffer: [chip_swimlane_collector.cpp:689] Core 38: skipped 1024 AICore record slot(s) with start_time=0 (race-window write or recycled-buffer tail). buf seq=0 count=1024
[mono_ns=7228563532872645][T0xe61d845a9ca0][WARN] copy_aicore_buffer: [chip_swimlane_collector.cpp:689] Core 40: skipped 1024 AICore record slot(s) with start_time=0 (race-window write or recycled-buffer tail). buf seq=0 count=1024
[mono_ns=7228563532975036][T0xe61d90f1bca0][WARN] copy_aicore_buffer: [chip_swimlane_collector.cpp:689] Core 36: skipped 1024 AICore record slot(s) with start_time=0 (race-window write or recycled-buffer tail). buf seq=0 count=1024
[mono_ns=7228563533149516][T0xe61d84db9ca0][WARN] copy_aicore_buffer: [chip_swimlane_collector.cpp:689] Core 39: skipped 1024 AICore record slot(s) with start_time=0 (race-window write or recycled-buffer tail). buf seq=0 count=1024
[mono_ns=7228563533214557][T0xe61d845a9ca0][WARN] copy_aicore_buffer: [chip_swimlane_collector.cpp:689] Core 41: skipped 1024 AICore record slot(s) with start_time=0 (race-window write or recycled-buffer tail). buf seq=0 count=1024
[mono_ns=7228563533293117][T0xe61d90f1bca0][WARN] copy_aicore_buffer: [chip_swimlane_collector.cpp:689] Core 37: skipped 1024 AICore record slot(s) with start_time=0 (race-window write or recycled-buffer tail). buf seq=0 count=1024
[mono_ns=7228563533472467][T0xe61d84db9ca0][WARN] copy_aicore_buffer: [chip_swimlane_collector.cpp:689] Core 10: skipped 1024 AICore record slot(s) with start_time=0 (race-window write or recycled-buffer tail). buf seq=0 count=1024
[mono_ns=7228563533539218][T0xe61d845a9ca0][WARN] copy_aicore_buffer: [chip_swimlane_collector.cpp:689] Core 11: skipped 1024 AICore record slot(s) with start_time=0 (race-window write or recycled-buffer tail). buf seq=0 count=1024
[mono_ns=7228563533602448][T0xe61d90f1bca0][WARN] copy_aicore_buffer: [chip_swimlane_collector.cpp:689] Core 9: skipped 1024 AICore record slot(s) with start_time=0 (race-window write or recycled-buffer tail). buf seq=0 count=1024
[mono_ns=7228563533796699][T0xe61d84db9ca0][WARN] copy_aicore_buffer: [chip_swimlane_collector.cpp:689] Core 44: skipped 1024 AICore record slot(s) with start_time=0 (race-window write or recycled-buffer tail). buf seq=0 count=1024
[mono_ns=7228563533900709][T0xe61d845a9ca0][WARN] copy_aicore_buffer: [chip_swimlane_collector.cpp:689] Core 46: skipped 1024 AICore record slot(s) with start_time=0 (race-window write or recycled-buffer tail). buf seq=0 count=1024
[mono_ns=7228563533912209][T0xe61d90f1bca0][WARN] copy_aicore_buffer: [chip_swimlane_collector.cpp:689] Core 42: skipped 1024 AICore record slot(s) with start_time=0 (race-window write or recycled-buffer tail). buf seq=0 count=1024
[mono_ns=7228563534132090][T0xe61d84db9ca0][WARN] copy_aicore_buffer: [chip_swimlane_collector.cpp:689] Core 45: skipped 1024 AICore record slot(s) with start_time=0 (race-window write or recycled-buffer tail). buf seq=0 count=1024
[mono_ns=7228563534231300][T0xe61d845a9ca0][WARN] copy_aicore_buffer: [chip_swimlane_collector.cpp:689] Core 47: skipped 1024 AICore record slot(s) with start_time=0 (race-window write or recycled-buffer tail). buf seq=0 count=1024
[mono_ns=7228563534235420][T0xe61d90f1bca0][WARN] copy_aicore_buffer: [chip_swimlane_collector.cpp:689] Core 43: skipped 1024 AICore record slot(s) with start_time=0 (race-window write or recycled-buffer tail). buf seq=0 count=1024
[mono_ns=7228563534456091][T0xe61d84db9ca0][WARN] copy_aicore_buffer: [chip_swimlane_collector.cpp:689] Core 13: skipped 1024 AICore record slot(s) with start_time=0 (race-window write or recycled-buffer tail). buf seq=0 count=1024
[mono_ns=7228563534547721][T0xe61d90f1bca0][WARN] copy_aicore_buffer: [chip_swimlane_collector.cpp:689] Core 12: skipped 1024 AICore record slot(s) with start_time=0 (race-window write or recycled-buffer tail). buf seq=0 count=1024
[mono_ns=7228563534555781][T0xe61d845a9ca0][WARN] copy_aicore_buffer: [chip_swimlane_collector.cpp:689] Core 14: skipped 1024 AICore record slot(s) with start_time=0 (race-window write or recycled-buffer tail). buf seq=0 count=1024
[mono_ns=7228563534815902][T0xe61d84db9ca0][WARN] copy_aicore_buffer: [chip_swimlane_collector.cpp:689] Core 50: skipped 1024 AICore record slot(s) with start_time=0 (race-window write or recycled-buffer tail). buf seq=0 count=1024
[mono_ns=7228563534859832][T0xe61d90f1bca0][WARN] copy_aicore_buffer: [chip_swimlane_collector.cpp:689] Core 48: skipped 1024 AICore record slot(s) with start_time=0 (race-window write or recycled-buffer tail). buf seq=0 count=1024
[mono_ns=7228563534873942][T0xe61d845a9ca0][WARN] copy_aicore_buffer: [chip_swimlane_collector.cpp:689] Core 52: skipped 1024 AICore record slot(s) with start_time=0 (race-window write or recycled-buffer tail). buf seq=0 count=1024
[mono_ns=7228563535151333][T0xe61d84db9ca0][WARN] copy_aicore_buffer: [chip_swimlane_collector.cpp:689] Core 51: skipped 1024 AICore record slot(s) with start_time=0 (race-window write or recycled-buffer tail). buf seq=0 count=1024
[mono_ns=7228563535208814][T0xe61d845a9ca0][WARN] copy_aicore_buffer: [chip_swimlane_collector.cpp:689] Core 53: skipped 1024 AICore record slot(s) with start_time=0 (race-window write or recycled-buffer tail). buf seq=0 count=1024
[mono_ns=7228563535242674][T0xe61d90f1bca0][WARN] copy_aicore_buffer: [chip_swimlane_collector.cpp:689] Core 49: skipped 1024 AICore record slot(s) with start_time=0 (race-window write or recycled-buffer tail). buf seq=0 count=1024
[mono_ns=7228563535474084][T0xe61d84db9ca0][WARN] copy_aicore_buffer: [chip_swimlane_collector.cpp:689] Core 16: skipped 1024 AICore record slot(s) with start_time=0 (race-window write or recycled-buffer tail). buf seq=0 count=1024
[mono_ns=7228563535533185][T0xe61d845a9ca0][WARN] copy_aicore_buffer: [chip_swimlane_collector.cpp:689] Core 17: skipped 1024 AICore record slot(s) with start_time=0 (race-window write or recycled-buffer tail). buf seq=0 count=1024
[mono_ns=7228563535566955][T0xe61d90f1bca0][WARN] copy_aicore_buffer: [chip_swimlane_collector.cpp:689] Core 15: skipped 1024 AICore record slot(s) with start_time=0 (race-window write or recycled-buffer tail). buf seq=0 count=1024
[mono_ns=7228563535799256][T0xe61d84db9ca0][WARN] copy_aicore_buffer: [chip_swimlane_collector.cpp:689] Core 56: skipped 1024 AICore record slot(s) with start_time=0 (race-window write or recycled-buffer tail). buf seq=0 count=1024
[mono_ns=7228563535857166][T0xe61d845a9ca0][WARN] copy_aicore_buffer: [chip_swimlane_collector.cpp:689] Core 58: skipped 1024 AICore record slot(s) with start_time=0 (race-window write or recycled-buffer tail). buf seq=0 count=1024
[mono_ns=7228563535877256][T0xe61d90f1bca0][WARN] copy_aicore_buffer: [chip_swimlane_collector.cpp:689] Core 54: skipped 1024 AICore record slot(s) with start_time=0 (race-window write or recycled-buffer tail). buf seq=0 count=1024
[mono_ns=7228563536131617][T0xe61d84db9ca0][WARN] copy_aicore_buffer: [chip_swimlane_collector.cpp:689] Core 57: skipped 1024 AICore record slot(s) with start_time=0 (race-window write or recycled-buffer tail). buf seq=0 count=1024
[mono_ns=7228563536187517][T0xe61d845a9ca0][WARN] copy_aicore_buffer: [chip_swimlane_collector.cpp:689] Core 59: skipped 1024 AICore record slot(s) with start_time=0 (race-window write or recycled-buffer tail). buf seq=0 count=1024
[mono_ns=7228563536191667][T0xe61d90f1bca0][WARN] copy_aicore_buffer: [chip_swimlane_collector.cpp:689] Core 55: skipped 1024 AICore record slot(s) with start_time=0 (race-window write or recycled-buffer tail). buf seq=0 count=1024
[mono_ns=7228563536457638][T0xe61d84db9ca0][WARN] copy_aicore_buffer: [chip_swimlane_collector.cpp:689] Core 19: skipped 1024 AICore record slot(s) with start_time=0 (race-window write or recycled-buffer tail). buf seq=0 count=1024
[mono_ns=7228563536503628][T0xe61d90f1bca0][WARN] copy_aicore_buffer: [chip_swimlane_collector.cpp:689] Core 18: skipped 1024 AICore record slot(s) with start_time=0 (race-window write or recycled-buffer tail). buf seq=0 count=1024
[mono_ns=7228563536522908][T0xe61d845a9ca0][WARN] copy_aicore_buffer: [chip_swimlane_collector.cpp:689] Core 20: skipped 1024 AICore record slot(s) with start_time=0 (race-window write or recycled-buffer tail). buf seq=0 count=1024
[mono_ns=7228563536780379][T0xe61d84db9ca0][WARN] copy_aicore_buffer: [chip_swimlane_collector.cpp:689] Core 62: skipped 1024 AICore record slot(s) with start_time=0 (race-window write or recycled-buffer tail). buf seq=0 count=1024
[mono_ns=7228563536812399][T0xe61d90f1bca0][WARN] copy_aicore_buffer: [chip_swimlane_collector.cpp:689] Core 60: skipped 1024 AICore record slot(s) with start_time=0 (race-window write or recycled-buffer tail). buf seq=0 count=1024
[mono_ns=7228563536845109][T0xe61d845a9ca0][WARN] copy_aicore_buffer: [chip_swimlane_collector.cpp:689] Core 64: skipped 1024 AICore record slot(s) with start_time=0 (race-window write or recycled-buffer tail). buf seq=0 count=1024
[mono_ns=7228563537111090][T0xe61d84db9ca0][WARN] copy_aicore_buffer: [chip_swimlane_collector.cpp:689] Core 63: skipped 1024 AICore record slot(s) with start_time=0 (race-window write or recycled-buffer tail). buf seq=0 count=1024
[mono_ns=7228563537140190][T0xe61d90f1bca0][WARN] copy_aicore_buffer: [chip_swimlane_collector.cpp:689] Core 61: skipped 1024 AICore record slot(s) with start_time=0 (race-window write or recycled-buffer tail). buf seq=0 count=1024
[mono_ns=7228563537210170][T0xe61d845a9ca0][WARN] copy_aicore_buffer: [chip_swimlane_collector.cpp:689] Core 65: skipped 1024 AICore record slot(s) with start_time=0 (race-window write or recycled-buffer tail). buf seq=0 count=1024
[mono_ns=7228563537433691][T0xe61d84db9ca0][WARN] copy_aicore_buffer: [chip_swimlane_collector.cpp:689] Core 22: skipped 1024 AICore record slot(s) with start_time=0 (race-window write or recycled-buffer tail). buf seq=0 count=1024
[mono_ns=7228563537450401][T0xe61d90f1bca0][WARN] copy_aicore_buffer: [chip_swimlane_collector.cpp:689] Core 21: skipped 1024 AICore record slot(s) with start_time=0 (race-window write or recycled-buffer tail). buf seq=0 count=1024
[mono_ns=7228563537533422][T0xe61d845a9ca0][WARN] copy_aicore_buffer: [chip_swimlane_collector.cpp:689] Core 23: skipped 1024 AICore record slot(s) with start_time=0 (race-window write or recycled-buffer tail). buf seq=0 count=1024
[mono_ns=7228563537757392][T0xe61d84db9ca0][WARN] copy_aicore_buffer: [chip_swimlane_collector.cpp:689] Core 68: skipped 1024 AICore record slot(s) with start_time=0 (race-window write or recycled-buffer tail). buf seq=0 count=1024
[mono_ns=7228563537759132][T0xe61d90f1bca0][WARN] copy_aicore_buffer: [chip_swimlane_collector.cpp:689] Core 66: skipped 1024 AICore record slot(s) with start_time=0 (race-window write or recycled-buffer tail). buf seq=0 count=1024
[mono_ns=7228563537856683][T0xe61d845a9ca0][WARN] copy_aicore_buffer: [chip_swimlane_collector.cpp:689] Core 70: skipped 1024 AICore record slot(s) with start_time=0 (race-window write or recycled-buffer tail). buf seq=0 count=1024
[mono_ns=7228563538103254][T0xe61d84db9ca0][WARN] copy_aicore_buffer: [chip_swimlane_collector.cpp:689] Core 69: skipped 1024 AICore record slot(s) with start_time=0 (race-window write or recycled-buffer tail). buf seq=0 count=1024
[mono_ns=7228563538131034][T0xe61d90f1bca0][WARN] copy_aicore_buffer: [chip_swimlane_collector.cpp:689] Core 67: skipped 1024 AICore record slot(s) with start_time=0 (race-window write or recycled-buffer tail). buf seq=0 count=1024
[mono_ns=7228563538200784][T0xe61d845a9ca0][WARN] copy_aicore_buffer: [chip_swimlane_collector.cpp:689] Core 71: skipped 1024 AICore record slot(s) with start_time=0 (race-window write or recycled-buffer tail). buf seq=0 count=1024
[mono_ns=7228563638922195][T0xe61ee18d9020][TIMING] emit_host_span: [STRACE] v=1 pid=3713514 tid=3713514 inv=6 hid=6e59d6c91bcbcc2a depth=1 name=chip.run.runner_run ts=7228563527961128 dur=110952237 
[mono_ns=7228563639020945][T0xe61ee18d9020][TIMING] emit_host_span: [STRACE] v=1 pid=3713514 tid=3713514 inv=6 hid=6e59d6c91bcbcc2a depth=1 name=chip.run.validate ts=7228563638935105 dur=82290 
[mono_ns=7228563639032605][T0xe61ee18d9020][TIMING] emit_host_span: [STRACE] v=1 pid=3713514 tid=3713514 inv=6 hid=6e59d6c91bcbcc2a depth=2 name=chip.run.runner_run.device_wall ts=0 dur=1870480 clk=dev
[mono_ns=7228563639037415][T0xe61ee18d9020][TIMING] emit_host_span: [STRACE] v=1 pid=3713514 tid=3713514 inv=6 hid=6e59d6c91bcbcc2a depth=3 name=chip.run.runner_run.device_wall.preamble ts=0 dur=115800 clk=dev
[mono_ns=7228563639066945][T0xe61ee18d9020][TIMING] emit_host_span: [STRACE] v=1 pid=3713514 tid=3713514 inv=6 hid=6e59d6c91bcbcc2a depth=3 name=chip.run.runner_run.device_wall.graph_build ts=109940 dur=1750320 clk=dev
[mono_ns=7228563639071245][T0xe61ee18d9020][TIMING] emit_host_span: [STRACE] v=1 pid=3713514 tid=3713514 inv=6 hid=6e59d6c91bcbcc2a depth=3 name=chip.run.runner_run.device_wall.config_validate ts=110119 dur=720 clk=dev
[mono_ns=7228563639076165][T0xe61ee18d9020][TIMING] emit_host_span: [STRACE] v=1 pid=3713514 tid=3713514 inv=6 hid=6e59d6c91bcbcc2a depth=3 name=chip.run.runner_run.device_wall.arena_wire ts=110860 dur=280 clk=dev
[mono_ns=7228563639079965][T0xe61ee18d9020][TIMING] emit_host_span: [STRACE] v=1 pid=3713514 tid=3713514 inv=6 hid=6e59d6c91bcbcc2a depth=3 name=chip.run.runner_run.device_wall.sm_reset ts=111160 dur=480 clk=dev
[mono_ns=7228563639084115][T0xe61ee18d9020][TIMING] emit_host_span: [STRACE] v=1 pid=3713514 tid=3713514 inv=6 hid=6e59d6c91bcbcc2a depth=3 name=chip.run.runner_run.device_wall.post_orch ts=1860340 dur=9959 clk=dev
[mono_ns=7228563639088195][T0xe61ee18d9020][TIMING] emit_host_span: [STRACE] v=1 pid=3713514 tid=3713514 inv=6 hid=6e59d6c91bcbcc2a depth=3 name=chip.run.runner_run.device_wall.orch ts=111720 dur=4359 clk=dev
[mono_ns=7228563639092215][T0xe61ee18d9020][TIMING] emit_host_span: [STRACE] v=1 pid=3713514 tid=3713514 inv=6 hid=6e59d6c91bcbcc2a depth=3 name=chip.run.runner_run.device_wall.sched ts=115940 dur=1720060 clk=dev
[mono_ns=7228563639096465][T0xe61ee18d9020][TIMING] emit_host_span: [STRACE] v=1 pid=3713514 tid=3713514 inv=6 hid=6e59d6c91bcbcc2a depth=1 name=chip.run.claim_release ts=7228563639094305 dur=350 
[mono_ns=7228563639123575][T0xe61ee18d9020][TIMING] emit_host_span: [STRACE] v=1 pid=3713514 tid=3713514 inv=6 hid=6e59d6c91bcbcc2a depth=0 name=chip.run ts=7228563526993315 dur=112127850 run_id=6 dispatch_id=6 slot_id=0 generation=6 run_epoch=6
[mono_ns=7228568446209246][T0xe61ee18d9020][TIMING] emit_host_span: [STRACE] v=1 pid=3713514 tid=3713514 inv=7 hid=6e59d6c91bcbcc2a depth=2 name=chip.run.bind.args ts=7228568446075756 dur=126710 
[mono_ns=7228568446228086][T0xe61ee18d9020][TIMING] emit_host_span: [STRACE] v=1 pid=3713514 tid=3713514 inv=7 hid=6e59d6c91bcbcc2a depth=2 name=chip.run.bind.prebuilt ts=7228568446221126 dur=4250 
[mono_ns=7228568446233546][T0xe61ee18d9020][TIMING] emit_host_span: [STRACE] v=1 pid=3713514 tid=3713514 inv=7 hid=6e59d6c91bcbcc2a depth=1 name=chip.run.bind ts=7228568446063666 dur=167150 
[mono_ns=7228568550862872][T0xe61ee18d9020][TIMING] emit_host_span: [STRACE] v=1 pid=3713514 tid=3713514 inv=7 hid=6e59d6c91bcbcc2a depth=1 name=chip.run.runner_run ts=7228568446461927 dur=104388305 
[mono_ns=7228568550971033][T0xe61ee18d9020][TIMING] emit_host_span: [STRACE] v=1 pid=3713514 tid=3713514 inv=7 hid=6e59d6c91bcbcc2a depth=1 name=chip.run.validate ts=7228568550877842 dur=89101 
[mono_ns=7228568550982003][T0xe61ee18d9020][TIMING] emit_host_span: [STRACE] v=1 pid=3713514 tid=3713514 inv=7 hid=6e59d6c91bcbcc2a depth=2 name=chip.run.runner_run.device_wall ts=0 dur=5626940 clk=dev
[mono_ns=7228568551053423][T0xe61ee18d9020][TIMING] emit_host_span: [STRACE] v=1 pid=3713514 tid=3713514 inv=7 hid=6e59d6c91bcbcc2a depth=3 name=chip.run.runner_run.device_wall.preamble ts=0 dur=6200 clk=dev
[mono_ns=7228568551057743][T0xe61ee18d9020][TIMING] emit_host_span: [STRACE] v=1 pid=3713514 tid=3713514 inv=7 hid=6e59d6c91bcbcc2a depth=3 name=chip.run.runner_run.device_wall.graph_build ts=1500 dur=5614219 clk=dev
[mono_ns=7228568551061173][T0xe61ee18d9020][TIMING] emit_host_span: [STRACE] v=1 pid=3713514 tid=3713514 inv=7 hid=6e59d6c91bcbcc2a depth=3 name=chip.run.runner_run.device_wall.config_validate ts=1819 dur=1420 clk=dev
[mono_ns=7228568551064463][T0xe61ee18d9020][TIMING] emit_host_span: [STRACE] v=1 pid=3713514 tid=3713514 inv=7 hid=6e59d6c91bcbcc2a depth=3 name=chip.run.runner_run.device_wall.arena_wire ts=3260 dur=820 clk=dev
[mono_ns=7228568551067733][T0xe61ee18d9020][TIMING] emit_host_span: [STRACE] v=1 pid=3713514 tid=3713514 inv=7 hid=6e59d6c91bcbcc2a depth=3 name=chip.run.runner_run.device_wall.sm_reset ts=4140 dur=1060 clk=dev
[mono_ns=7228568551070693][T0xe61ee18d9020][TIMING] emit_host_span: [STRACE] v=1 pid=3713514 tid=3713514 inv=7 hid=6e59d6c91bcbcc2a depth=3 name=chip.run.runner_run.device_wall.post_orch ts=5615800 dur=10740 clk=dev
[mono_ns=7228568551074733][T0xe61ee18d9020][TIMING] emit_host_span: [STRACE] v=1 pid=3713514 tid=3713514 inv=7 hid=6e59d6c91bcbcc2a depth=3 name=chip.run.runner_run.device_wall.orch ts=6260 dur=12979 clk=dev
[mono_ns=7228568551077983][T0xe61ee18d9020][TIMING] emit_host_span: [STRACE] v=1 pid=3713514 tid=3713514 inv=7 hid=6e59d6c91bcbcc2a depth=3 name=chip.run.runner_run.device_wall.sched ts=6560 dur=5601340 clk=dev
[mono_ns=7228568551097633][T0xe61ee18d9020][TIMING] emit_host_span: [STRACE] v=1 pid=3713514 tid=3713514 inv=7 hid=6e59d6c91bcbcc2a depth=1 name=chip.run.claim_release ts=7228568551094753 dur=710 
[mono_ns=7228568551103963][T0xe61ee18d9020][TIMING] emit_host_span: [STRACE] v=1 pid=3713514 tid=3713514 inv=7 hid=6e59d6c91bcbcc2a depth=0 name=chip.run ts=7228568445993576 dur=105108187 run_id=7 dispatch_id=7 slot_id=0 generation=7 run_epoch=7
[mono_ns=7228568593165540][T0xe61ee18d9020][TIMING] emit_host_span: [STRACE] v=1 pid=3713514 tid=3713514 inv=8 hid=6e59d6c91bcbcc2a depth=2 name=chip.run.bind.args ts=7228568593054960 dur=104590 
[mono_ns=7228568593187011][T0xe61ee18d9020][TIMING] emit_host_span: [STRACE] v=1 pid=3713514 tid=3713514 inv=8 hid=6e59d6c91bcbcc2a depth=2 name=chip.run.bind.prebuilt ts=7228568593180260 dur=3941 
[mono_ns=7228568593191881][T0xe61ee18d9020][TIMING] emit_host_span: [STRACE] v=1 pid=3713514 tid=3713514 inv=8 hid=6e59d6c91bcbcc2a depth=1 name=chip.run.bind ts=7228568593043400 dur=146301 
[mono_ns=7228568596162611][T0xe61d90f1bca0][WARN] copy_aicore_buffer: [chip_swimlane_collector.cpp:689] Core 0: skipped 1024 AICore record slot(s) with start_time=0 (race-window write or recycled-buffer tail). buf seq=0 count=1024
[mono_ns=7228568596155781][T0xe61d845a9ca0][WARN] copy_aicore_buffer: [chip_swimlane_collector.cpp:689] Core 2: skipped 1024 AICore record slot(s) with start_time=0 (race-window write or recycled-buffer tail). buf seq=0 count=1024
[mono_ns=7228568596176101][T0xe61d84db9ca0][WARN] copy_aicore_buffer: [chip_swimlane_collector.cpp:689] Core 1: skipped 1024 AICore record slot(s) with start_time=0 (race-window write or recycled-buffer tail). buf seq=0 count=1024
[mono_ns=7228568596488772][T0xe61d90f1bca0][WARN] copy_aicore_buffer: [chip_swimlane_collector.cpp:689] Core 24: skipped 1024 AICore record slot(s) with start_time=0 (race-window write or recycled-buffer tail). buf seq=0 count=1024
[mono_ns=7228568596496372][T0xe61d845a9ca0][WARN] copy_aicore_buffer: [chip_swimlane_collector.cpp:689] Core 28: skipped 1023 AICore record slot(s) with start_time=0 (race-window write or recycled-buffer tail). buf seq=0 count=1024
[mono_ns=7228568596608472][T0xe61d84db9ca0][WARN] copy_aicore_buffer: [chip_swimlane_collector.cpp:689] Core 26: skipped 1022 AICore record slot(s) with start_time=0 (race-window write or recycled-buffer tail). buf seq=0 count=1024
[mono_ns=7228568596803013][T0xe61d90f1bca0][WARN] copy_aicore_buffer: [chip_swimlane_collector.cpp:689] Core 25: skipped 1024 AICore record slot(s) with start_time=0 (race-window write or recycled-buffer tail). buf seq=0 count=1024
[mono_ns=7228568596816613][T0xe61d845a9ca0][WARN] copy_aicore_buffer: [chip_swimlane_collector.cpp:689] Core 29: skipped 1024 AICore record slot(s) with start_time=0 (race-window write or recycled-buffer tail). buf seq=0 count=1024
[mono_ns=7228568596937964][T0xe61d84db9ca0][WARN] copy_aicore_buffer: [chip_swimlane_collector.cpp:689] Core 27: skipped 1024 AICore record slot(s) with start_time=0 (race-window write or recycled-buffer tail). buf seq=0 count=1024
[mono_ns=7228568597129694][T0xe61d90f1bca0][WARN] copy_aicore_buffer: [chip_swimlane_collector.cpp:689] Core 3: skipped 1024 AICore record slot(s) with start_time=0 (race-window write or recycled-buffer tail). buf seq=0 count=1024
[mono_ns=7228568597145634][T0xe61d845a9ca0][WARN] copy_aicore_buffer: [chip_swimlane_collector.cpp:689] Core 5: skipped 1024 AICore record slot(s) with start_time=0 (race-window write or recycled-buffer tail). buf seq=0 count=1024
[mono_ns=7228568597271485][T0xe61d84db9ca0][WARN] copy_aicore_buffer: [chip_swimlane_collector.cpp:689] Core 4: skipped 1024 AICore record slot(s) with start_time=0 (race-window write or recycled-buffer tail). buf seq=0 count=1024
[mono_ns=7228568597443505][T0xe61d90f1bca0][WARN] copy_aicore_buffer: [chip_swimlane_collector.cpp:689] Core 30: skipped 1024 AICore record slot(s) with start_time=0 (race-window write or recycled-buffer tail). buf seq=0 count=1024
[mono_ns=7228568597498336][T0xe61d845a9ca0][WARN] copy_aicore_buffer: [chip_swimlane_collector.cpp:689] Core 34: skipped 1024 AICore record slot(s) with start_time=0 (race-window write or recycled-buffer tail). buf seq=0 count=1024
[mono_ns=7228568597595946][T0xe61d84db9ca0][WARN] copy_aicore_buffer: [chip_swimlane_collector.cpp:689] Core 32: skipped 1024 AICore record slot(s) with start_time=0 (race-window write or recycled-buffer tail). buf seq=0 count=1024
[mono_ns=7228568597757407][T0xe61d90f1bca0][WARN] copy_aicore_buffer: [chip_swimlane_collector.cpp:689] Core 31: skipped 1024 AICore record slot(s) with start_time=0 (race-window write or recycled-buffer tail). buf seq=0 count=1024
[mono_ns=7228568597823377][T0xe61d845a9ca0][WARN] copy_aicore_buffer: [chip_swimlane_collector.cpp:689] Core 35: skipped 1024 AICore record slot(s) with start_time=0 (race-window write or recycled-buffer tail). buf seq=0 count=1024
[mono_ns=7228568597919047][T0xe61d84db9ca0][WARN] copy_aicore_buffer: [chip_swimlane_collector.cpp:689] Core 33: skipped 1024 AICore record slot(s) with start_time=0 (race-window write or recycled-buffer tail). buf seq=0 count=1024
[mono_ns=7228568598085768][T0xe61d90f1bca0][WARN] copy_aicore_buffer: [chip_swimlane_collector.cpp:689] Core 6: skipped 1024 AICore record slot(s) with start_time=0 (race-window write or recycled-buffer tail). buf seq=0 count=1024
[mono_ns=7228568598157268][T0xe61d845a9ca0][WARN] copy_aicore_buffer: [chip_swimlane_collector.cpp:689] Core 8: skipped 1024 AICore record slot(s) with start_time=0 (race-window write or recycled-buffer tail). buf seq=0 count=1024
[mono_ns=7228568598290418][T0xe61d84db9ca0][WARN] copy_aicore_buffer: [chip_swimlane_collector.cpp:689] Core 7: skipped 1024 AICore record slot(s) with start_time=0 (race-window write or recycled-buffer tail). buf seq=0 count=1024
[mono_ns=7228568598400169][T0xe61d90f1bca0][WARN] copy_aicore_buffer: [chip_swimlane_collector.cpp:689] Core 36: skipped 1024 AICore record slot(s) with start_time=0 (race-window write or recycled-buffer tail). buf seq=0 count=1024
[mono_ns=7228568598480599][T0xe61d845a9ca0][WARN] copy_aicore_buffer: [chip_swimlane_collector.cpp:689] Core 40: skipped 1024 AICore record slot(s) with start_time=0 (race-window write or recycled-buffer tail). buf seq=0 count=1024
[mono_ns=7228568598614170][T0xe61d84db9ca0][WARN] copy_aicore_buffer: [chip_swimlane_collector.cpp:689] Core 38: skipped 1024 AICore record slot(s) with start_time=0 (race-window write or recycled-buffer tail). buf seq=0 count=1024
[mono_ns=7228568598715480][T0xe61d90f1bca0][WARN] copy_aicore_buffer: [chip_swimlane_collector.cpp:689] Core 37: skipped 1024 AICore record slot(s) with start_time=0 (race-window write or recycled-buffer tail). buf seq=0 count=1024
[mono_ns=7228568598803500][T0xe61d845a9ca0][WARN] copy_aicore_buffer: [chip_swimlane_collector.cpp:689] Core 41: skipped 1024 AICore record slot(s) with start_time=0 (race-window write or recycled-buffer tail). buf seq=0 count=1024
[mono_ns=7228568598936061][T0xe61d84db9ca0][WARN] copy_aicore_buffer: [chip_swimlane_collector.cpp:689] Core 39: skipped 1024 AICore record slot(s) with start_time=0 (race-window write or recycled-buffer tail). buf seq=0 count=1024
[mono_ns=7228568599041471][T0xe61d90f1bca0][WARN] copy_aicore_buffer: [chip_swimlane_collector.cpp:689] Core 9: skipped 1024 AICore record slot(s) with start_time=0 (race-window write or recycled-buffer tail). buf seq=0 count=1024
[mono_ns=7228568599181331][T0xe61d845a9ca0][WARN] copy_aicore_buffer: [chip_swimlane_collector.cpp:689] Core 11: skipped 1024 AICore record slot(s) with start_time=0 (race-window write or recycled-buffer tail). buf seq=0 count=1024
[mono_ns=7228568599273322][T0xe61d84db9ca0][WARN] copy_aicore_buffer: [chip_swimlane_collector.cpp:689] Core 10: skipped 1024 AICore record slot(s) with start_time=0 (race-window write or recycled-buffer tail). buf seq=0 count=1024
[mono_ns=7228568599355912][T0xe61d90f1bca0][WARN] copy_aicore_buffer: [chip_swimlane_collector.cpp:689] Core 42: skipped 1024 AICore record slot(s) with start_time=0 (race-window write or recycled-buffer tail). buf seq=0 count=1024
[mono_ns=7228568599505153][T0xe61d845a9ca0][WARN] copy_aicore_buffer: [chip_swimlane_collector.cpp:689] Core 46: skipped 1024 AICore record slot(s) with start_time=0 (race-window write or recycled-buffer tail). buf seq=0 count=1024
[mono_ns=7228568599595503][T0xe61d84db9ca0][WARN] copy_aicore_buffer: [chip_swimlane_collector.cpp:689] Core 44: skipped 1024 AICore record slot(s) with start_time=0 (race-window write or recycled-buffer tail). buf seq=0 count=1024
[mono_ns=7228568599669473][T0xe61d90f1bca0][WARN] copy_aicore_buffer: [chip_swimlane_collector.cpp:689] Core 43: skipped 1024 AICore record slot(s) with start_time=0 (race-window write or recycled-buffer tail). buf seq=0 count=1024
[mono_ns=7228568599827944][T0xe61d845a9ca0][WARN] copy_aicore_buffer: [chip_swimlane_collector.cpp:689] Core 47: skipped 1024 AICore record slot(s) with start_time=0 (race-window write or recycled-buffer tail). buf seq=0 count=1024
[mono_ns=7228568599919394][T0xe61d84db9ca0][WARN] copy_aicore_buffer: [chip_swimlane_collector.cpp:689] Core 45: skipped 1024 AICore record slot(s) with start_time=0 (race-window write or recycled-buffer tail). buf seq=0 count=1024
[mono_ns=7228568599982714][T0xe61d90f1bca0][WARN] copy_aicore_buffer: [chip_swimlane_collector.cpp:689] Core 12: skipped 1024 AICore record slot(s) with start_time=0 (race-window write or recycled-buffer tail). buf seq=0 count=1024
[mono_ns=7228568600250635][T0xe61d845a9ca0][WARN] copy_aicore_buffer: [chip_swimlane_collector.cpp:689] Core 14: skipped 1024 AICore record slot(s) with start_time=0 (race-window write or recycled-buffer tail). buf seq=0 count=1024
[mono_ns=7228568600268875][T0xe61d84db9ca0][WARN] copy_aicore_buffer: [chip_swimlane_collector.cpp:689] Core 13: skipped 1024 AICore record slot(s) with start_time=0 (race-window write or recycled-buffer tail). buf seq=0 count=1024
[mono_ns=7228568600307645][T0xe61d90f1bca0][WARN] copy_aicore_buffer: [chip_swimlane_collector.cpp:689] Core 48: skipped 1024 AICore record slot(s) with start_time=0 (race-window write or recycled-buffer tail). buf seq=0 count=1024
[mono_ns=7228568600572216][T0xe61d845a9ca0][WARN] copy_aicore_buffer: [chip_swimlane_collector.cpp:689] Core 52: skipped 1024 AICore record slot(s) with start_time=0 (race-window write or recycled-buffer tail). buf seq=0 count=1024
[mono_ns=7228568600588116][T0xe61d84db9ca0][WARN] copy_aicore_buffer: [chip_swimlane_collector.cpp:689] Core 50: skipped 1024 AICore record slot(s) with start_time=0 (race-window write or recycled-buffer tail). buf seq=0 count=1024
[mono_ns=7228568600621567][T0xe61d90f1bca0][WARN] copy_aicore_buffer: [chip_swimlane_collector.cpp:689] Core 49: skipped 1024 AICore record slot(s) with start_time=0 (race-window write or recycled-buffer tail). buf seq=0 count=1024
[mono_ns=7228568600895187][T0xe61d845a9ca0][WARN] copy_aicore_buffer: [chip_swimlane_collector.cpp:689] Core 53: skipped 1024 AICore record slot(s) with start_time=0 (race-window write or recycled-buffer tail). buf seq=0 count=1024
[mono_ns=7228568600905918][T0xe61d84db9ca0][WARN] copy_aicore_buffer: [chip_swimlane_collector.cpp:689] Core 51: skipped 1024 AICore record slot(s) with start_time=0 (race-window write or recycled-buffer tail). buf seq=0 count=1024
[mono_ns=7228568600937208][T0xe61d90f1bca0][WARN] copy_aicore_buffer: [chip_swimlane_collector.cpp:689] Core 15: skipped 1024 AICore record slot(s) with start_time=0 (race-window write or recycled-buffer tail). buf seq=0 count=1024
[mono_ns=7228568601231379][T0xe61d845a9ca0][WARN] copy_aicore_buffer: [chip_swimlane_collector.cpp:689] Core 17: skipped 1024 AICore record slot(s) with start_time=0 (race-window write or recycled-buffer tail). buf seq=0 count=1024
[mono_ns=7228568601242429][T0xe61d84db9ca0][WARN] copy_aicore_buffer: [chip_swimlane_collector.cpp:689] Core 16: skipped 1024 AICore record slot(s) with start_time=0 (race-window write or recycled-buffer tail). buf seq=0 count=1024
[mono_ns=7228568601261539][T0xe61d90f1bca0][WARN] copy_aicore_buffer: [chip_swimlane_collector.cpp:689] Core 54: skipped 1024 AICore record slot(s) with start_time=0 (race-window write or recycled-buffer tail). buf seq=0 count=1024
[mono_ns=7228568601562110][T0xe61d84db9ca0][WARN] copy_aicore_buffer: [chip_swimlane_collector.cpp:689] Core 56: skipped 1024 AICore record slot(s) with start_time=0 (race-window write or recycled-buffer tail). buf seq=0 count=1024
[mono_ns=7228568601582080][T0xe61d845a9ca0][WARN] copy_aicore_buffer: [chip_swimlane_collector.cpp:689] Core 58: skipped 1024 AICore record slot(s) with start_time=0 (race-window write or recycled-buffer tail). buf seq=0 count=1024
[mono_ns=7228568601733490][T0xe61d90f1bca0][WARN] copy_aicore_buffer: [chip_swimlane_collector.cpp:689] Core 55: skipped 1024 AICore record slot(s) with start_time=0 (race-window write or recycled-buffer tail). buf seq=0 count=1024
[mono_ns=7228568601886391][T0xe61d84db9ca0][WARN] copy_aicore_buffer: [chip_swimlane_collector.cpp:689] Core 57: skipped 1024 AICore record slot(s) with start_time=0 (race-window write or recycled-buffer tail). buf seq=0 count=1024
[mono_ns=7228568601904951][T0xe61d845a9ca0][WARN] copy_aicore_buffer: [chip_swimlane_collector.cpp:689] Core 59: skipped 1024 AICore record slot(s) with start_time=0 (race-window write or recycled-buffer tail). buf seq=0 count=1024
[mono_ns=7228568602059532][T0xe61d90f1bca0][WARN] copy_aicore_buffer: [chip_swimlane_collector.cpp:689] Core 18: skipped 1024 AICore record slot(s) with start_time=0 (race-window write or recycled-buffer tail). buf seq=0 count=1024
[mono_ns=7228568602218782][T0xe61d84db9ca0][WARN] copy_aicore_buffer: [chip_swimlane_collector.cpp:689] Core 19: skipped 1024 AICore record slot(s) with start_time=0 (race-window write or recycled-buffer tail). buf seq=0 count=1024
[mono_ns=7228568602231452][T0xe61d845a9ca0][WARN] copy_aicore_buffer: [chip_swimlane_collector.cpp:689] Core 20: skipped 1024 AICore record slot(s) with start_time=0 (race-window write or recycled-buffer tail). buf seq=0 count=1024
[mono_ns=7228568602374023][T0xe61d90f1bca0][WARN] copy_aicore_buffer: [chip_swimlane_collector.cpp:689] Core 60: skipped 1024 AICore record slot(s) with start_time=0 (race-window write or recycled-buffer tail). buf seq=0 count=1024
[mono_ns=7228568602542103][T0xe61d84db9ca0][WARN] copy_aicore_buffer: [chip_swimlane_collector.cpp:689] Core 62: skipped 1024 AICore record slot(s) with start_time=0 (race-window write or recycled-buffer tail). buf seq=0 count=1024
[mono_ns=7228568602611294][T0xe61d845a9ca0][WARN] copy_aicore_buffer: [chip_swimlane_collector.cpp:689] Core 64: skipped 1024 AICore record slot(s) with start_time=0 (race-window write or recycled-buffer tail). buf seq=0 count=1024
[mono_ns=7228568602687924][T0xe61d90f1bca0][WARN] copy_aicore_buffer: [chip_swimlane_collector.cpp:689] Core 61: skipped 1024 AICore record slot(s) with start_time=0 (race-window write or recycled-buffer tail). buf seq=0 count=1024
[mono_ns=7228568602863684][T0xe61d84db9ca0][WARN] copy_aicore_buffer: [chip_swimlane_collector.cpp:689] Core 63: skipped 1024 AICore record slot(s) with start_time=0 (race-window write or recycled-buffer tail). buf seq=0 count=1024
[mono_ns=7228568602933365][T0xe61d845a9ca0][WARN] copy_aicore_buffer: [chip_swimlane_collector.cpp:689] Core 65: skipped 1024 AICore record slot(s) with start_time=0 (race-window write or recycled-buffer tail). buf seq=0 count=1024
[mono_ns=7228568603012145][T0xe61d90f1bca0][WARN] copy_aicore_buffer: [chip_swimlane_collector.cpp:689] Core 21: skipped 1024 AICore record slot(s) with start_time=0 (race-window write or recycled-buffer tail). buf seq=0 count=1024
[mono_ns=7228568603198476][T0xe61d84db9ca0][WARN] copy_aicore_buffer: [chip_swimlane_collector.cpp:689] Core 22: skipped 1024 AICore record slot(s) with start_time=0 (race-window write or recycled-buffer tail). buf seq=0 count=1024
[mono_ns=7228568603267896][T0xe61d845a9ca0][WARN] copy_aicore_buffer: [chip_swimlane_collector.cpp:689] Core 23: skipped 1024 AICore record slot(s) with start_time=0 (race-window write or recycled-buffer tail). buf seq=0 count=1024
[mono_ns=7228568603325586][T0xe61d90f1bca0][WARN] copy_aicore_buffer: [chip_swimlane_collector.cpp:689] Core 66: skipped 1024 AICore record slot(s) with start_time=0 (race-window write or recycled-buffer tail). buf seq=0 count=1024
[mono_ns=7228568603522127][T0xe61d84db9ca0][WARN] copy_aicore_buffer: [chip_swimlane_collector.cpp:689] Core 68: skipped 1024 AICore record slot(s) with start_time=0 (race-window write or recycled-buffer tail). buf seq=0 count=1024
[mono_ns=7228568603592827][T0xe61d845a9ca0][WARN] copy_aicore_buffer: [chip_swimlane_collector.cpp:689] Core 70: skipped 1024 AICore record slot(s) with start_time=0 (race-window write or recycled-buffer tail). buf seq=0 count=1024
[mono_ns=7228568603639217][T0xe61d90f1bca0][WARN] copy_aicore_buffer: [chip_swimlane_collector.cpp:689] Core 67: skipped 1024 AICore record slot(s) with start_time=0 (race-window write or recycled-buffer tail). buf seq=0 count=1024
[mono_ns=7228568603844668][T0xe61d84db9ca0][WARN] copy_aicore_buffer: [chip_swimlane_collector.cpp:689] Core 69: skipped 1024 AICore record slot(s) with start_time=0 (race-window write or recycled-buffer tail). buf seq=0 count=1024
[mono_ns=7228568603913588][T0xe61d845a9ca0][WARN] copy_aicore_buffer: [chip_swimlane_collector.cpp:689] Core 71: skipped 1024 AICore record slot(s) with start_time=0 (race-window write or recycled-buffer tail). buf seq=0 count=1024
[mono_ns=7228568704692001][T0xe61ee18d9020][TIMING] emit_host_span: [STRACE] v=1 pid=3713514 tid=3713514 inv=8 hid=6e59d6c91bcbcc2a depth=1 name=chip.run.runner_run ts=7228568593466701 dur=111217560 
[mono_ns=7228568704787341][T0xe61ee18d9020][TIMING] emit_host_span: [STRACE] v=1 pid=3713514 tid=3713514 inv=8 hid=6e59d6c91bcbcc2a depth=1 name=chip.run.validate ts=7228568704703131 dur=80610 
[mono_ns=7228568704797401][T0xe61ee18d9020][TIMING] emit_host_span: [STRACE] v=1 pid=3713514 tid=3713514 inv=8 hid=6e59d6c91bcbcc2a depth=2 name=chip.run.runner_run.device_wall ts=0 dur=2194000 clk=dev
[mono_ns=7228568704801671][T0xe61ee18d9020][TIMING] emit_host_span: [STRACE] v=1 pid=3713514 tid=3713514 inv=8 hid=6e59d6c91bcbcc2a depth=3 name=chip.run.runner_run.device_wall.preamble ts=0 dur=111780 clk=dev
[mono_ns=7228568704806611][T0xe61ee18d9020][TIMING] emit_host_span: [STRACE] v=1 pid=3713514 tid=3713514 inv=8 hid=6e59d6c91bcbcc2a depth=3 name=chip.run.runner_run.device_wall.graph_build ts=106340 dur=2077380 clk=dev
[mono_ns=7228568704810351][T0xe61ee18d9020][TIMING] emit_host_span: [STRACE] v=1 pid=3713514 tid=3713514 inv=8 hid=6e59d6c91bcbcc2a depth=3 name=chip.run.runner_run.device_wall.config_validate ts=106660 dur=899 clk=dev
[mono_ns=7228568704813961][T0xe61ee18d9020][TIMING] emit_host_span: [STRACE] v=1 pid=3713514 tid=3713514 inv=8 hid=6e59d6c91bcbcc2a depth=3 name=chip.run.runner_run.device_wall.arena_wire ts=107740 dur=300 clk=dev
[mono_ns=7228568704817231][T0xe61ee18d9020][TIMING] emit_host_span: [STRACE] v=1 pid=3713514 tid=3713514 inv=8 hid=6e59d6c91bcbcc2a depth=3 name=chip.run.runner_run.device_wall.sm_reset ts=108060 dur=880 clk=dev
[mono_ns=7228568704846811][T0xe61ee18d9020][TIMING] emit_host_span: [STRACE] v=1 pid=3713514 tid=3713514 inv=8 hid=6e59d6c91bcbcc2a depth=3 name=chip.run.runner_run.device_wall.post_orch ts=2183800 dur=10080 clk=dev
[mono_ns=7228568704850311][T0xe61ee18d9020][TIMING] emit_host_span: [STRACE] v=1 pid=3713514 tid=3713514 inv=8 hid=6e59d6c91bcbcc2a depth=3 name=chip.run.runner_run.device_wall.orch ts=109140 dur=3920 clk=dev
[mono_ns=7228568704853541][T0xe61ee18d9020][TIMING] emit_host_span: [STRACE] v=1 pid=3713514 tid=3713514 inv=8 hid=6e59d6c91bcbcc2a depth=3 name=chip.run.runner_run.device_wall.sched ts=111899 dur=2047400 clk=dev
[mono_ns=7228568704858481][T0xe61ee18d9020][TIMING] emit_host_span: [STRACE] v=1 pid=3713514 tid=3713514 inv=8 hid=6e59d6c91bcbcc2a depth=1 name=chip.run.claim_release ts=7228568704856321 dur=380 
[mono_ns=7228568704863401][T0xe61ee18d9020][TIMING] emit_host_span: [STRACE] v=1 pid=3713514 tid=3713514 inv=8 hid=6e59d6c91bcbcc2a depth=0 name=chip.run ts=7228568592990020 dur=111871281 run_id=8 dispatch_id=8 slot_id=0 generation=8 run_epoch=8
[mono_ns=7228573520631545][T0xe61ee18d9020][TIMING] emit_host_span: [STRACE] v=1 pid=3713514 tid=3713514 inv=9 hid=6e59d6c91bcbcc2a depth=2 name=chip.run.bind.args ts=7228573520494644 dur=130411 
[mono_ns=7228573520652125][T0xe61ee18d9020][TIMING] emit_host_span: [STRACE] v=1 pid=3713514 tid=3713514 inv=9 hid=6e59d6c91bcbcc2a depth=2 name=chip.run.bind.prebuilt ts=7228573520644255 dur=5490 
[mono_ns=7228573520658445][T0xe61ee18d9020][TIMING] emit_host_span: [STRACE] v=1 pid=3713514 tid=3713514 inv=9 hid=6e59d6c91bcbcc2a depth=1 name=chip.run.bind ts=7228573520483014 dur=173001 
[mono_ns=7228573625142182][T0xe61ee18d9020][TIMING] emit_host_span: [STRACE] v=1 pid=3713514 tid=3713514 inv=9 hid=6e59d6c91bcbcc2a depth=1 name=chip.run.runner_run ts=7228573520902436 dur=104228556 
[mono_ns=7228573625245943][T0xe61ee18d9020][TIMING] emit_host_span: [STRACE] v=1 pid=3713514 tid=3713514 inv=9 hid=6e59d6c91bcbcc2a depth=1 name=chip.run.validate ts=7228573625156423 dur=85400 
[mono_ns=7228573625255913][T0xe61ee18d9020][TIMING] emit_host_span: [STRACE] v=1 pid=3713514 tid=3713514 inv=9 hid=6e59d6c91bcbcc2a depth=2 name=chip.run.runner_run.device_wall ts=0 dur=2764240 clk=dev
[mono_ns=7228573625261093][T0xe61ee18d9020][TIMING] emit_host_span: [STRACE] v=1 pid=3713514 tid=3713514 inv=9 hid=6e59d6c91bcbcc2a depth=3 name=chip.run.runner_run.device_wall.preamble ts=0 dur=7180 clk=dev
[mono_ns=7228573625264743][T0xe61ee18d9020][TIMING] emit_host_span: [STRACE] v=1 pid=3713514 tid=3713514 inv=9 hid=6e59d6c91bcbcc2a depth=3 name=chip.run.runner_run.device_wall.graph_build ts=2020 dur=2751180 clk=dev
[mono_ns=7228573625268133][T0xe61ee18d9020][TIMING] emit_host_span: [STRACE] v=1 pid=3713514 tid=3713514 inv=9 hid=6e59d6c91bcbcc2a depth=3 name=chip.run.runner_run.device_wall.config_validate ts=2500 dur=860 clk=dev
[mono_ns=7228573625271333][T0xe61ee18d9020][TIMING] emit_host_span: [STRACE] v=1 pid=3713514 tid=3713514 inv=9 hid=6e59d6c91bcbcc2a depth=3 name=chip.run.runner_run.device_wall.arena_wire ts=3559 dur=899 clk=dev
[mono_ns=7228573625275513][T0xe61ee18d9020][TIMING] emit_host_span: [STRACE] v=1 pid=3713514 tid=3713514 inv=9 hid=6e59d6c91bcbcc2a depth=3 name=chip.run.runner_run.device_wall.sm_reset ts=4640 dur=1260 clk=dev
[mono_ns=7228573625325783][T0xe61ee18d9020][TIMING] emit_host_span: [STRACE] v=1 pid=3713514 tid=3713514 inv=9 hid=6e59d6c91bcbcc2a depth=3 name=chip.run.runner_run.device_wall.post_orch ts=2753240 dur=10700 clk=dev
[mono_ns=7228573625329463][T0xe61ee18d9020][TIMING] emit_host_span: [STRACE] v=1 pid=3713514 tid=3713514 inv=9 hid=6e59d6c91bcbcc2a depth=3 name=chip.run.runner_run.device_wall.orch ts=7000 dur=13020 clk=dev
[mono_ns=7228573625332723][T0xe61ee18d9020][TIMING] emit_host_span: [STRACE] v=1 pid=3713514 tid=3713514 inv=9 hid=6e59d6c91bcbcc2a depth=3 name=chip.run.runner_run.device_wall.sched ts=7580 dur=2738480 clk=dev
[mono_ns=7228573625338863][T0xe61ee18d9020][TIMING] emit_host_span: [STRACE] v=1 pid=3713514 tid=3713514 inv=9 hid=6e59d6c91bcbcc2a depth=1 name=chip.run.claim_release ts=7228573625336133 dur=940 
[mono_ns=7228573625344453][T0xe61ee18d9020][TIMING] emit_host_span: [STRACE] v=1 pid=3713514 tid=3713514 inv=9 hid=6e59d6c91bcbcc2a depth=0 name=chip.run ts=7228573520432114 dur=104910229 run_id=9 dispatch_id=9 slot_id=0 generation=9 run_epoch=9
[mono_ns=7228598722285157][T0xe61d90f1bca0][ERROR] poll_and_collect_loop: [profiler_base.h:1283] ChipSwimlane collector idle timeout after 30 seconds — staying alive until execution completes
[mono_ns=7228598722745348][T0xe61d84db9ca0][ERROR] poll_and_collect_loop: [profiler_base.h:1283] ChipSwimlane collector idle timeout after 30 seconds — staying alive until execution completes
[mono_ns=7228598723261460][T0xe61d845a9ca0][ERROR] poll_and_collect_loop: [profiler_base.h:1283] ChipSwimlane collector idle timeout after 30 seconds — staying alive until execution completes
[mono_ns=7228603640397378][T0xe61d1ad6cca0][ERROR] poll_and_collect_loop: [profiler_base.h:1283] DepGen collector idle timeout after 30 seconds — staying alive until execution completes
[mono_ns=7228749382919729][T0xe61ee18d9020][ERROR] file_barrier: [comm_hccl.cpp:218] [comm rank 4] file_barrier('alloc_0_release') timed out after 120s waiting for rank 7
[mono_ns=7228749382982559][T0xe61ee18d9020][WARN] comm_release_domain_windows: [comm_hccl.cpp:1520] [comm rank 4] release_domain: barrier timed out; releasing local state anyway
[mono_ns=7228874058022922][T0xe61ee18d9020][WARN] comm_destroy: [comm_hccl.cpp:1800] [comm rank 4] comm_destroy: final release failed during release wait for rank 4
