[mono_ns=7228553182480939][T0xe61ee18d9020][TIMING] emit_host_span: [STRACE] v=1 pid=3713505 tid=3713505 inv=1 hid=6e59d6c91bcbcc2a depth=2 name=chip.run.bind.args ts=7228553182361889 dur=112410 
[mono_ns=7228553182500009][T0xe61ee18d9020][TIMING] emit_host_span: [STRACE] v=1 pid=3713505 tid=3713505 inv=1 hid=6e59d6c91bcbcc2a depth=2 name=chip.run.bind.prebuilt ts=7228553182492559 dur=4770 
[mono_ns=7228553182505229][T0xe61ee18d9020][TIMING] emit_host_span: [STRACE] v=1 pid=3713505 tid=3713505 inv=1 hid=6e59d6c91bcbcc2a depth=1 name=chip.run.bind ts=7228553181904527 dur=598362 
[mono_ns=7228553297904106][T0xe61ee18d9020][TIMING] emit_host_span: [STRACE] v=1 pid=3713505 tid=3713505 inv=1 hid=6e59d6c91bcbcc2a depth=1 name=chip.run.runner_run ts=7228553183152071 dur=114740525 
[mono_ns=7228553298033506][T0xe61ee18d9020][TIMING] emit_host_span: [STRACE] v=1 pid=3713505 tid=3713505 inv=1 hid=6e59d6c91bcbcc2a depth=1 name=chip.run.validate ts=7228553297915556 dur=113750 
[mono_ns=7228553298041796][T0xe61ee18d9020][TIMING] emit_host_span: [STRACE] v=1 pid=3713505 tid=3713505 inv=1 hid=6e59d6c91bcbcc2a depth=2 name=chip.run.runner_run.device_wall ts=0 dur=4943860 clk=dev
[mono_ns=7228553298047426][T0xe61ee18d9020][TIMING] emit_host_span: [STRACE] v=1 pid=3713505 tid=3713505 inv=1 hid=6e59d6c91bcbcc2a depth=3 name=chip.run.runner_run.device_wall.preamble ts=0 dur=167739 clk=dev
[mono_ns=7228553298051087][T0xe61ee18d9020][TIMING] emit_host_span: [STRACE] v=1 pid=3713505 tid=3713505 inv=1 hid=6e59d6c91bcbcc2a depth=3 name=chip.run.runner_run.device_wall.graph_build ts=39000 dur=4885660 clk=dev
[mono_ns=7228553298054517][T0xe61ee18d9020][TIMING] emit_host_span: [STRACE] v=1 pid=3713505 tid=3713505 inv=1 hid=6e59d6c91bcbcc2a depth=3 name=chip.run.runner_run.device_wall.config_validate ts=42720 dur=3020 clk=dev
[mono_ns=7228553298057637][T0xe61ee18d9020][TIMING] emit_host_span: [STRACE] v=1 pid=3713505 tid=3713505 inv=1 hid=6e59d6c91bcbcc2a depth=3 name=chip.run.runner_run.device_wall.arena_wire ts=45780 dur=12720 clk=dev
[mono_ns=7228553298060747][T0xe61ee18d9020][TIMING] emit_host_span: [STRACE] v=1 pid=3713505 tid=3713505 inv=1 hid=6e59d6c91bcbcc2a depth=3 name=chip.run.runner_run.device_wall.sm_reset ts=58520 dur=17600 clk=dev
[mono_ns=7228553298063877][T0xe61ee18d9020][TIMING] emit_host_span: [STRACE] v=1 pid=3713505 tid=3713505 inv=1 hid=6e59d6c91bcbcc2a depth=3 name=chip.run.runner_run.device_wall.post_orch ts=4924719 dur=15500 clk=dev
[mono_ns=7228553298066927][T0xe61ee18d9020][TIMING] emit_host_span: [STRACE] v=1 pid=3713505 tid=3713505 inv=1 hid=6e59d6c91bcbcc2a depth=3 name=chip.run.runner_run.device_wall.orch ts=81199 dur=48080 clk=dev
[mono_ns=7228553298070597][T0xe61ee18d9020][TIMING] emit_host_span: [STRACE] v=1 pid=3713505 tid=3713505 inv=1 hid=6e59d6c91bcbcc2a depth=3 name=chip.run.runner_run.device_wall.sched ts=169679 dur=4732840 clk=dev
[mono_ns=7228553298075967][T0xe61ee18d9020][TIMING] emit_host_span: [STRACE] v=1 pid=3713505 tid=3713505 inv=1 hid=6e59d6c91bcbcc2a depth=1 name=chip.run.claim_release ts=7228553298073467 dur=700 
[mono_ns=7228553298082007][T0xe61ee18d9020][TIMING] emit_host_span: [STRACE] v=1 pid=3713505 tid=3713505 inv=1 hid=6e59d6c91bcbcc2a depth=0 name=chip.run ts=7228553181861937 dur=116217850 run_id=1 dispatch_id=1 slot_id=0 generation=1 run_epoch=1
[mono_ns=7228553308363672][T0xe61ee18d9020][TIMING] emit_host_span: [STRACE] v=1 pid=3713505 tid=3713505 inv=2 hid=6e59d6c91bcbcc2a depth=2 name=chip.run.bind.args ts=7228553308264502 dur=94500 
[mono_ns=7228553308379202][T0xe61ee18d9020][TIMING] emit_host_span: [STRACE] v=1 pid=3713505 tid=3713505 inv=2 hid=6e59d6c91bcbcc2a depth=2 name=chip.run.bind.prebuilt ts=7228553308372132 dur=4770 
[mono_ns=7228553308383752][T0xe61ee18d9020][TIMING] emit_host_span: [STRACE] v=1 pid=3713505 tid=3713505 inv=2 hid=6e59d6c91bcbcc2a depth=1 name=chip.run.bind ts=7228553308253502 dur=127700 
[mono_ns=7228553373441126][T0xe61d90f1bca0][WARN] copy_aicore_buffer: [chip_swimlane_collector.cpp:689] Core 0: skipped 1024 AICore record slot(s) with start_time=0 (race-window write or recycled-buffer tail). buf seq=0 count=1024
[mono_ns=7228553373457476][T0xe61d845a9ca0][WARN] copy_aicore_buffer: [chip_swimlane_collector.cpp:689] Core 2: skipped 1024 AICore record slot(s) with start_time=0 (race-window write or recycled-buffer tail). buf seq=0 count=1024
[mono_ns=7228553373613086][T0xe61d84db9ca0][WARN] copy_aicore_buffer: [chip_swimlane_collector.cpp:689] Core 1: skipped 1024 AICore record slot(s) with start_time=0 (race-window write or recycled-buffer tail). buf seq=0 count=1024
[mono_ns=7228553373749287][T0xe61d845a9ca0][WARN] copy_aicore_buffer: [chip_swimlane_collector.cpp:689] Core 28: skipped 1024 AICore record slot(s) with start_time=0 (race-window write or recycled-buffer tail). buf seq=0 count=1024
[mono_ns=7228553373749517][T0xe61d90f1bca0][WARN] copy_aicore_buffer: [chip_swimlane_collector.cpp:689] Core 24: skipped 1023 AICore record slot(s) with start_time=0 (race-window write or recycled-buffer tail). buf seq=0 count=1024
[mono_ns=7228553373962368][T0xe61d84db9ca0][WARN] copy_aicore_buffer: [chip_swimlane_collector.cpp:689] Core 26: skipped 1022 AICore record slot(s) with start_time=0 (race-window write or recycled-buffer tail). buf seq=0 count=1024
[mono_ns=7228553374048668][T0xe61d845a9ca0][WARN] copy_aicore_buffer: [chip_swimlane_collector.cpp:689] Core 29: skipped 1024 AICore record slot(s) with start_time=0 (race-window write or recycled-buffer tail). buf seq=0 count=1024
[mono_ns=7228553374070598][T0xe61d90f1bca0][WARN] copy_aicore_buffer: [chip_swimlane_collector.cpp:689] Core 25: skipped 1024 AICore record slot(s) with start_time=0 (race-window write or recycled-buffer tail). buf seq=0 count=1024
[mono_ns=7228553374324519][T0xe61d84db9ca0][WARN] copy_aicore_buffer: [chip_swimlane_collector.cpp:689] Core 27: skipped 1024 AICore record slot(s) with start_time=0 (race-window write or recycled-buffer tail). buf seq=0 count=1024
[mono_ns=7228553374405239][T0xe61d90f1bca0][WARN] copy_aicore_buffer: [chip_swimlane_collector.cpp:689] Core 3: skipped 1024 AICore record slot(s) with start_time=0 (race-window write or recycled-buffer tail). buf seq=0 count=1024
[mono_ns=7228553374409299][T0xe61d845a9ca0][WARN] copy_aicore_buffer: [chip_swimlane_collector.cpp:689] Core 5: skipped 1024 AICore record slot(s) with start_time=0 (race-window write or recycled-buffer tail). buf seq=0 count=1024
[mono_ns=7228553374682590][T0xe61d84db9ca0][WARN] copy_aicore_buffer: [chip_swimlane_collector.cpp:689] Core 4: skipped 1024 AICore record slot(s) with start_time=0 (race-window write or recycled-buffer tail). buf seq=0 count=1024
[mono_ns=7228553374715490][T0xe61d845a9ca0][WARN] copy_aicore_buffer: [chip_swimlane_collector.cpp:689] Core 34: skipped 1024 AICore record slot(s) with start_time=0 (race-window write or recycled-buffer tail). buf seq=0 count=1024
[mono_ns=7228553374729760][T0xe61d90f1bca0][WARN] copy_aicore_buffer: [chip_swimlane_collector.cpp:689] Core 30: skipped 1024 AICore record slot(s) with start_time=0 (race-window write or recycled-buffer tail). buf seq=0 count=1024
[mono_ns=7228553375019511][T0xe61d845a9ca0][WARN] copy_aicore_buffer: [chip_swimlane_collector.cpp:689] Core 35: skipped 1024 AICore record slot(s) with start_time=0 (race-window write or recycled-buffer tail). buf seq=0 count=1024
[mono_ns=7228553375032631][T0xe61d84db9ca0][WARN] copy_aicore_buffer: [chip_swimlane_collector.cpp:689] Core 32: skipped 1024 AICore record slot(s) with start_time=0 (race-window write or recycled-buffer tail). buf seq=0 count=1024
[mono_ns=7228553375126882][T0xe61d90f1bca0][WARN] copy_aicore_buffer: [chip_swimlane_collector.cpp:689] Core 31: skipped 1024 AICore record slot(s) with start_time=0 (race-window write or recycled-buffer tail). buf seq=0 count=1024
[mono_ns=7228553375313832][T0xe61d845a9ca0][WARN] copy_aicore_buffer: [chip_swimlane_collector.cpp:689] Core 8: skipped 1024 AICore record slot(s) with start_time=0 (race-window write or recycled-buffer tail). buf seq=0 count=1024
[mono_ns=7228553375375332][T0xe61d84db9ca0][WARN] copy_aicore_buffer: [chip_swimlane_collector.cpp:689] Core 33: skipped 1024 AICore record slot(s) with start_time=0 (race-window write or recycled-buffer tail). buf seq=0 count=1024
[mono_ns=7228553375432583][T0xe61d90f1bca0][WARN] copy_aicore_buffer: [chip_swimlane_collector.cpp:689] Core 6: skipped 1024 AICore record slot(s) with start_time=0 (race-window write or recycled-buffer tail). buf seq=0 count=1024
[mono_ns=7228553375606533][T0xe61d845a9ca0][WARN] copy_aicore_buffer: [chip_swimlane_collector.cpp:689] Core 40: skipped 1024 AICore record slot(s) with start_time=0 (race-window write or recycled-buffer tail). buf seq=0 count=1024
[mono_ns=7228553375722924][T0xe61d84db9ca0][WARN] copy_aicore_buffer: [chip_swimlane_collector.cpp:689] Core 7: skipped 1024 AICore record slot(s) with start_time=0 (race-window write or recycled-buffer tail). buf seq=0 count=1024
[mono_ns=7228553375733044][T0xe61d90f1bca0][WARN] copy_aicore_buffer: [chip_swimlane_collector.cpp:689] Core 36: skipped 1024 AICore record slot(s) with start_time=0 (race-window write or recycled-buffer tail). buf seq=0 count=1024
[mono_ns=7228553375900404][T0xe61d845a9ca0][WARN] copy_aicore_buffer: [chip_swimlane_collector.cpp:689] Core 41: skipped 1024 AICore record slot(s) with start_time=0 (race-window write or recycled-buffer tail). buf seq=0 count=1024
[mono_ns=7228553376059565][T0xe61d90f1bca0][WARN] copy_aicore_buffer: [chip_swimlane_collector.cpp:689] Core 37: skipped 1024 AICore record slot(s) with start_time=0 (race-window write or recycled-buffer tail). buf seq=0 count=1024
[mono_ns=7228553376086665][T0xe61d84db9ca0][WARN] copy_aicore_buffer: [chip_swimlane_collector.cpp:689] Core 38: skipped 1024 AICore record slot(s) with start_time=0 (race-window write or recycled-buffer tail). buf seq=0 count=1024
[mono_ns=7228553376199605][T0xe61d845a9ca0][WARN] copy_aicore_buffer: [chip_swimlane_collector.cpp:689] Core 11: skipped 1024 AICore record slot(s) with start_time=0 (race-window write or recycled-buffer tail). buf seq=0 count=1024
[mono_ns=7228553376361946][T0xe61d90f1bca0][WARN] copy_aicore_buffer: [chip_swimlane_collector.cpp:689] Core 9: skipped 1024 AICore record slot(s) with start_time=0 (race-window write or recycled-buffer tail). buf seq=0 count=1024
[mono_ns=7228553376430416][T0xe61d84db9ca0][WARN] copy_aicore_buffer: [chip_swimlane_collector.cpp:689] Core 39: skipped 1024 AICore record slot(s) with start_time=0 (race-window write or recycled-buffer tail). buf seq=0 count=1024
[mono_ns=7228553376491356][T0xe61d845a9ca0][WARN] copy_aicore_buffer: [chip_swimlane_collector.cpp:689] Core 46: skipped 1024 AICore record slot(s) with start_time=0 (race-window write or recycled-buffer tail). buf seq=0 count=1024
[mono_ns=7228553376660437][T0xe61d90f1bca0][WARN] copy_aicore_buffer: [chip_swimlane_collector.cpp:689] Core 42: skipped 1024 AICore record slot(s) with start_time=0 (race-window write or recycled-buffer tail). buf seq=0 count=1024
[mono_ns=7228553376773827][T0xe61d84db9ca0][WARN] copy_aicore_buffer: [chip_swimlane_collector.cpp:689] Core 10: skipped 1024 AICore record slot(s) with start_time=0 (race-window write or recycled-buffer tail). buf seq=0 count=1024
[mono_ns=7228553376780667][T0xe61d845a9ca0][WARN] copy_aicore_buffer: [chip_swimlane_collector.cpp:689] Core 47: skipped 1024 AICore record slot(s) with start_time=0 (race-window write or recycled-buffer tail). buf seq=0 count=1024
[mono_ns=7228553376959988][T0xe61d90f1bca0][WARN] copy_aicore_buffer: [chip_swimlane_collector.cpp:689] Core 43: skipped 1024 AICore record slot(s) with start_time=0 (race-window write or recycled-buffer tail). buf seq=0 count=1024
[mono_ns=7228553377092968][T0xe61d845a9ca0][WARN] copy_aicore_buffer: [chip_swimlane_collector.cpp:689] Core 14: skipped 1024 AICore record slot(s) with start_time=0 (race-window write or recycled-buffer tail). buf seq=0 count=1024
[mono_ns=7228553377130918][T0xe61d84db9ca0][WARN] copy_aicore_buffer: [chip_swimlane_collector.cpp:689] Core 44: skipped 1024 AICore record slot(s) with start_time=0 (race-window write or recycled-buffer tail). buf seq=0 count=1024
[mono_ns=7228553377269539][T0xe61d90f1bca0][WARN] copy_aicore_buffer: [chip_swimlane_collector.cpp:689] Core 12: skipped 1024 AICore record slot(s) with start_time=0 (race-window write or recycled-buffer tail). buf seq=0 count=1024
[mono_ns=7228553377382129][T0xe61d845a9ca0][WARN] copy_aicore_buffer: [chip_swimlane_collector.cpp:689] Core 52: skipped 1024 AICore record slot(s) with start_time=0 (race-window write or recycled-buffer tail). buf seq=0 count=1024
[mono_ns=7228553377471810][T0xe61d84db9ca0][WARN] copy_aicore_buffer: [chip_swimlane_collector.cpp:689] Core 45: skipped 1024 AICore record slot(s) with start_time=0 (race-window write or recycled-buffer tail). buf seq=0 count=1024
[mono_ns=7228553377573450][T0xe61d90f1bca0][WARN] copy_aicore_buffer: [chip_swimlane_collector.cpp:689] Core 48: skipped 1024 AICore record slot(s) with start_time=0 (race-window write or recycled-buffer tail). buf seq=0 count=1024
[mono_ns=7228553377670580][T0xe61d845a9ca0][WARN] copy_aicore_buffer: [chip_swimlane_collector.cpp:689] Core 53: skipped 1024 AICore record slot(s) with start_time=0 (race-window write or recycled-buffer tail). buf seq=0 count=1024
[mono_ns=7228553377812261][T0xe61d84db9ca0][WARN] copy_aicore_buffer: [chip_swimlane_collector.cpp:689] Core 13: skipped 1024 AICore record slot(s) with start_time=0 (race-window write or recycled-buffer tail). buf seq=0 count=1024
[mono_ns=7228553377876131][T0xe61d90f1bca0][WARN] copy_aicore_buffer: [chip_swimlane_collector.cpp:689] Core 49: skipped 1024 AICore record slot(s) with start_time=0 (race-window write or recycled-buffer tail). buf seq=0 count=1024
[mono_ns=7228553377962551][T0xe61d845a9ca0][WARN] copy_aicore_buffer: [chip_swimlane_collector.cpp:689] Core 17: skipped 1024 AICore record slot(s) with start_time=0 (race-window write or recycled-buffer tail). buf seq=0 count=1024
[mono_ns=7228553378164182][T0xe61d84db9ca0][WARN] copy_aicore_buffer: [chip_swimlane_collector.cpp:689] Core 50: skipped 1024 AICore record slot(s) with start_time=0 (race-window write or recycled-buffer tail). buf seq=0 count=1024
[mono_ns=7228553378189982][T0xe61d90f1bca0][WARN] copy_aicore_buffer: [chip_swimlane_collector.cpp:689] Core 15: skipped 1024 AICore record slot(s) with start_time=0 (race-window write or recycled-buffer tail). buf seq=0 count=1024
[mono_ns=7228553378257172][T0xe61d845a9ca0][WARN] copy_aicore_buffer: [chip_swimlane_collector.cpp:689] Core 58: skipped 1024 AICore record slot(s) with start_time=0 (race-window write or recycled-buffer tail). buf seq=0 count=1024
[mono_ns=7228553378495293][T0xe61d90f1bca0][WARN] copy_aicore_buffer: [chip_swimlane_collector.cpp:689] Core 54: skipped 1024 AICore record slot(s) with start_time=0 (race-window write or recycled-buffer tail). buf seq=0 count=1024
[mono_ns=7228553378506883][T0xe61d84db9ca0][WARN] copy_aicore_buffer: [chip_swimlane_collector.cpp:689] Core 51: skipped 1024 AICore record slot(s) with start_time=0 (race-window write or recycled-buffer tail). buf seq=0 count=1024
[mono_ns=7228553378549183][T0xe61d845a9ca0][WARN] copy_aicore_buffer: [chip_swimlane_collector.cpp:689] Core 59: skipped 1024 AICore record slot(s) with start_time=0 (race-window write or recycled-buffer tail). buf seq=0 count=1024
[mono_ns=7228553378800614][T0xe61d90f1bca0][WARN] copy_aicore_buffer: [chip_swimlane_collector.cpp:689] Core 55: skipped 1024 AICore record slot(s) with start_time=0 (race-window write or recycled-buffer tail). buf seq=0 count=1024
[mono_ns=7228553378844594][T0xe61d845a9ca0][WARN] copy_aicore_buffer: [chip_swimlane_collector.cpp:689] Core 20: skipped 1024 AICore record slot(s) with start_time=0 (race-window write or recycled-buffer tail). buf seq=0 count=1024
[mono_ns=7228553378848384][T0xe61d84db9ca0][WARN] copy_aicore_buffer: [chip_swimlane_collector.cpp:689] Core 16: skipped 1024 AICore record slot(s) with start_time=0 (race-window write or recycled-buffer tail). buf seq=0 count=1024
[mono_ns=7228553379112185][T0xe61d90f1bca0][WARN] copy_aicore_buffer: [chip_swimlane_collector.cpp:689] Core 18: skipped 1024 AICore record slot(s) with start_time=0 (race-window write or recycled-buffer tail). buf seq=0 count=1024
[mono_ns=7228553379156835][T0xe61d845a9ca0][WARN] copy_aicore_buffer: [chip_swimlane_collector.cpp:689] Core 64: skipped 1024 AICore record slot(s) with start_time=0 (race-window write or recycled-buffer tail). buf seq=0 count=1024
[mono_ns=7228553379204156][T0xe61d84db9ca0][WARN] copy_aicore_buffer: [chip_swimlane_collector.cpp:689] Core 56: skipped 1024 AICore record slot(s) with start_time=0 (race-window write or recycled-buffer tail). buf seq=0 count=1024
[mono_ns=7228553379420216][T0xe61d90f1bca0][WARN] copy_aicore_buffer: [chip_swimlane_collector.cpp:689] Core 60: skipped 1024 AICore record slot(s) with start_time=0 (race-window write or recycled-buffer tail). buf seq=0 count=1024
[mono_ns=7228553379448016][T0xe61d845a9ca0][WARN] copy_aicore_buffer: [chip_swimlane_collector.cpp:689] Core 65: skipped 1024 AICore record slot(s) with start_time=0 (race-window write or recycled-buffer tail). buf seq=0 count=1024
[mono_ns=7228553379542777][T0xe61d84db9ca0][WARN] copy_aicore_buffer: [chip_swimlane_collector.cpp:689] Core 57: skipped 1024 AICore record slot(s) with start_time=0 (race-window write or recycled-buffer tail). buf seq=0 count=1024
[mono_ns=7228553379722677][T0xe61d90f1bca0][WARN] copy_aicore_buffer: [chip_swimlane_collector.cpp:689] Core 61: skipped 1024 AICore record slot(s) with start_time=0 (race-window write or recycled-buffer tail). buf seq=0 count=1024
[mono_ns=7228553379742497][T0xe61d845a9ca0][WARN] copy_aicore_buffer: [chip_swimlane_collector.cpp:689] Core 23: skipped 1024 AICore record slot(s) with start_time=0 (race-window write or recycled-buffer tail). buf seq=0 count=1024
[mono_ns=7228553379885918][T0xe61d84db9ca0][WARN] copy_aicore_buffer: [chip_swimlane_collector.cpp:689] Core 19: skipped 1024 AICore record slot(s) with start_time=0 (race-window write or recycled-buffer tail). buf seq=0 count=1024
[mono_ns=7228553380030868][T0xe61d90f1bca0][WARN] copy_aicore_buffer: [chip_swimlane_collector.cpp:689] Core 21: skipped 1024 AICore record slot(s) with start_time=0 (race-window write or recycled-buffer tail). buf seq=0 count=1024
[mono_ns=7228553380040018][T0xe61d845a9ca0][WARN] copy_aicore_buffer: [chip_swimlane_collector.cpp:689] Core 70: skipped 1024 AICore record slot(s) with start_time=0 (race-window write or recycled-buffer tail). buf seq=0 count=1024
[mono_ns=7228553380235539][T0xe61d84db9ca0][WARN] copy_aicore_buffer: [chip_swimlane_collector.cpp:689] Core 62: skipped 1024 AICore record slot(s) with start_time=0 (race-window write or recycled-buffer tail). buf seq=0 count=1024
[mono_ns=7228553380329049][T0xe61d845a9ca0][WARN] copy_aicore_buffer: [chip_swimlane_collector.cpp:689] Core 71: skipped 1024 AICore record slot(s) with start_time=0 (race-window write or recycled-buffer tail). buf seq=0 count=1024
[mono_ns=7228553380333109][T0xe61d90f1bca0][WARN] copy_aicore_buffer: [chip_swimlane_collector.cpp:689] Core 66: skipped 1024 AICore record slot(s) with start_time=0 (race-window write or recycled-buffer tail). buf seq=0 count=1024
[mono_ns=7228553380576110][T0xe61d84db9ca0][WARN] copy_aicore_buffer: [chip_swimlane_collector.cpp:689] Core 63: skipped 1024 AICore record slot(s) with start_time=0 (race-window write or recycled-buffer tail). buf seq=0 count=1024
[mono_ns=7228553380633200][T0xe61d90f1bca0][WARN] copy_aicore_buffer: [chip_swimlane_collector.cpp:689] Core 67: skipped 1024 AICore record slot(s) with start_time=0 (race-window write or recycled-buffer tail). buf seq=0 count=1024
[mono_ns=7228553380914691][T0xe61d84db9ca0][WARN] copy_aicore_buffer: [chip_swimlane_collector.cpp:689] Core 22: skipped 1024 AICore record slot(s) with start_time=0 (race-window write or recycled-buffer tail). buf seq=0 count=1024
[mono_ns=7228553381258733][T0xe61d84db9ca0][WARN] copy_aicore_buffer: [chip_swimlane_collector.cpp:689] Core 68: skipped 1024 AICore record slot(s) with start_time=0 (race-window write or recycled-buffer tail). buf seq=0 count=1024
[mono_ns=7228553381593994][T0xe61d84db9ca0][WARN] copy_aicore_buffer: [chip_swimlane_collector.cpp:689] Core 69: skipped 1024 AICore record slot(s) with start_time=0 (race-window write or recycled-buffer tail). buf seq=0 count=1024
[mono_ns=7228553482078369][T0xe61ee18d9020][TIMING] emit_host_span: [STRACE] v=1 pid=3713505 tid=3713505 inv=2 hid=6e59d6c91bcbcc2a depth=1 name=chip.run.runner_run ts=7228553363772073 dur=118300386 
[mono_ns=7228553482162750][T0xe61ee18d9020][TIMING] emit_host_span: [STRACE] v=1 pid=3713505 tid=3713505 inv=2 hid=6e59d6c91bcbcc2a depth=1 name=chip.run.validate ts=7228553482087219 dur=72441 
[mono_ns=7228553482170040][T0xe61ee18d9020][TIMING] emit_host_span: [STRACE] v=1 pid=3713505 tid=3713505 inv=2 hid=6e59d6c91bcbcc2a depth=2 name=chip.run.runner_run.device_wall ts=0 dur=7878919 clk=dev
[mono_ns=7228553482174490][T0xe61ee18d9020][TIMING] emit_host_span: [STRACE] v=1 pid=3713505 tid=3713505 inv=2 hid=6e59d6c91bcbcc2a depth=3 name=chip.run.runner_run.device_wall.preamble ts=0 dur=136300 clk=dev
[mono_ns=7228553482178520][T0xe61ee18d9020][TIMING] emit_host_span: [STRACE] v=1 pid=3713505 tid=3713505 inv=2 hid=6e59d6c91bcbcc2a depth=3 name=chip.run.runner_run.device_wall.graph_build ts=130820 dur=7738880 clk=dev
[mono_ns=7228553482183160][T0xe61ee18d9020][TIMING] emit_host_span: [STRACE] v=1 pid=3713505 tid=3713505 inv=2 hid=6e59d6c91bcbcc2a depth=3 name=chip.run.runner_run.device_wall.config_validate ts=131060 dur=940 clk=dev
[mono_ns=7228553482186820][T0xe61ee18d9020][TIMING] emit_host_span: [STRACE] v=1 pid=3713505 tid=3713505 inv=2 hid=6e59d6c91bcbcc2a depth=3 name=chip.run.runner_run.device_wall.arena_wire ts=132020 dur=700 clk=dev
[mono_ns=7228553482190320][T0xe61ee18d9020][TIMING] emit_host_span: [STRACE] v=1 pid=3713505 tid=3713505 inv=2 hid=6e59d6c91bcbcc2a depth=3 name=chip.run.runner_run.device_wall.sm_reset ts=132740 dur=899 clk=dev
[mono_ns=7228553482193760][T0xe61ee18d9020][TIMING] emit_host_span: [STRACE] v=1 pid=3713505 tid=3713505 inv=2 hid=6e59d6c91bcbcc2a depth=3 name=chip.run.runner_run.device_wall.post_orch ts=7869780 dur=9000 clk=dev
[mono_ns=7228553482197180][T0xe61ee18d9020][TIMING] emit_host_span: [STRACE] v=1 pid=3713505 tid=3713505 inv=2 hid=6e59d6c91bcbcc2a depth=3 name=chip.run.runner_run.device_wall.orch ts=133680 dur=5000 clk=dev
[mono_ns=7228553482200630][T0xe61ee18d9020][TIMING] emit_host_span: [STRACE] v=1 pid=3713505 tid=3713505 inv=2 hid=6e59d6c91bcbcc2a depth=3 name=chip.run.runner_run.device_wall.sched ts=136500 dur=7707740 clk=dev
[mono_ns=7228553482205140][T0xe61ee18d9020][TIMING] emit_host_span: [STRACE] v=1 pid=3713505 tid=3713505 inv=2 hid=6e59d6c91bcbcc2a depth=1 name=chip.run.claim_release ts=7228553482202820 dur=300 
[mono_ns=7228553482210100][T0xe61ee18d9020][TIMING] emit_host_span: [STRACE] v=1 pid=3713505 tid=3713505 inv=2 hid=6e59d6c91bcbcc2a depth=0 name=chip.run ts=7228553308213821 dur=173994119 run_id=2 dispatch_id=2 slot_id=0 generation=2 run_epoch=2
[mono_ns=7228558274242322][T0xe61ee18d9020][TIMING] emit_host_span: [STRACE] v=1 pid=3713505 tid=3713505 inv=3 hid=6e59d6c91bcbcc2a depth=2 name=chip.run.bind.args ts=7228558274099772 dur=134340 
[mono_ns=7228558274267392][T0xe61ee18d9020][TIMING] emit_host_span: [STRACE] v=1 pid=3713505 tid=3713505 inv=3 hid=6e59d6c91bcbcc2a depth=2 name=chip.run.bind.prebuilt ts=7228558274256092 dur=8430 
[mono_ns=7228558274272812][T0xe61ee18d9020][TIMING] emit_host_span: [STRACE] v=1 pid=3713505 tid=3713505 inv=3 hid=6e59d6c91bcbcc2a depth=1 name=chip.run.bind ts=7228558274086032 dur=184100 
[mono_ns=7228558382726257][T0xe61ee18d9020][TIMING] emit_host_span: [STRACE] v=1 pid=3713505 tid=3713505 inv=3 hid=6e59d6c91bcbcc2a depth=1 name=chip.run.runner_run ts=7228558274565183 dur=108149384 
[mono_ns=7228558382825028][T0xe61ee18d9020][TIMING] emit_host_span: [STRACE] v=1 pid=3713505 tid=3713505 inv=3 hid=6e59d6c91bcbcc2a depth=1 name=chip.run.validate ts=7228558382737287 dur=83871 
[mono_ns=7228558382832978][T0xe61ee18d9020][TIMING] emit_host_span: [STRACE] v=1 pid=3713505 tid=3713505 inv=3 hid=6e59d6c91bcbcc2a depth=2 name=chip.run.runner_run.device_wall ts=0 dur=14653720 clk=dev
[mono_ns=7228558382837638][T0xe61ee18d9020][TIMING] emit_host_span: [STRACE] v=1 pid=3713505 tid=3713505 inv=3 hid=6e59d6c91bcbcc2a depth=3 name=chip.run.runner_run.device_wall.preamble ts=0 dur=6060 clk=dev
[mono_ns=7228558382841248][T0xe61ee18d9020][TIMING] emit_host_span: [STRACE] v=1 pid=3713505 tid=3713505 inv=3 hid=6e59d6c91bcbcc2a depth=3 name=chip.run.runner_run.device_wall.graph_build ts=1540 dur=14643080 clk=dev
[mono_ns=7228558382844448][T0xe61ee18d9020][TIMING] emit_host_span: [STRACE] v=1 pid=3713505 tid=3713505 inv=3 hid=6e59d6c91bcbcc2a depth=3 name=chip.run.runner_run.device_wall.config_validate ts=1660 dur=799 clk=dev
[mono_ns=7228558382847618][T0xe61ee18d9020][TIMING] emit_host_span: [STRACE] v=1 pid=3713505 tid=3713505 inv=3 hid=6e59d6c91bcbcc2a depth=3 name=chip.run.runner_run.device_wall.arena_wire ts=2500 dur=640 clk=dev
[mono_ns=7228558382851878][T0xe61ee18d9020][TIMING] emit_host_span: [STRACE] v=1 pid=3713505 tid=3713505 inv=3 hid=6e59d6c91bcbcc2a depth=3 name=chip.run.runner_run.device_wall.sm_reset ts=3159 dur=1440 clk=dev
[mono_ns=7228558382854978][T0xe61ee18d9020][TIMING] emit_host_span: [STRACE] v=1 pid=3713505 tid=3713505 inv=3 hid=6e59d6c91bcbcc2a depth=3 name=chip.run.runner_run.device_wall.post_orch ts=14644660 dur=8840 clk=dev
[mono_ns=7228558382857888][T0xe61ee18d9020][TIMING] emit_host_span: [STRACE] v=1 pid=3713505 tid=3713505 inv=3 hid=6e59d6c91bcbcc2a depth=3 name=chip.run.runner_run.device_wall.orch ts=5439 dur=10200 clk=dev
[mono_ns=7228558382862928][T0xe61ee18d9020][TIMING] emit_host_span: [STRACE] v=1 pid=3713505 tid=3713505 inv=3 hid=6e59d6c91bcbcc2a depth=3 name=chip.run.runner_run.device_wall.sched ts=6220 dur=14630640 clk=dev
[mono_ns=7228558382868438][T0xe61ee18d9020][TIMING] emit_host_span: [STRACE] v=1 pid=3713505 tid=3713505 inv=3 hid=6e59d6c91bcbcc2a depth=1 name=chip.run.claim_release ts=7228558382865508 dur=1090 
[mono_ns=7228558382873358][T0xe61ee18d9020][TIMING] emit_host_span: [STRACE] v=1 pid=3713505 tid=3713505 inv=3 hid=6e59d6c91bcbcc2a depth=0 name=chip.run ts=7228558273955131 dur=108916227 run_id=3 dispatch_id=3 slot_id=0 generation=3 run_epoch=3
[mono_ns=7228558484561280][T0xe61ee18d9020][TIMING] emit_host_span: [STRACE] v=1 pid=3713505 tid=3713505 inv=4 hid=6e59d6c91bcbcc2a depth=2 name=chip.run.bind.args ts=7228558484452769 dur=103141 
[mono_ns=7228558484576420][T0xe61ee18d9020][TIMING] emit_host_span: [STRACE] v=1 pid=3713505 tid=3713505 inv=4 hid=6e59d6c91bcbcc2a depth=2 name=chip.run.bind.prebuilt ts=7228558484569740 dur=4070 
[mono_ns=7228558484582250][T0xe61ee18d9020][TIMING] emit_host_span: [STRACE] v=1 pid=3713505 tid=3713505 inv=4 hid=6e59d6c91bcbcc2a depth=1 name=chip.run.bind ts=7228558484441489 dur=138371 
[mono_ns=7228558489690907][T0xe61d90f1bca0][WARN] copy_aicore_buffer: [chip_swimlane_collector.cpp:689] Core 0: skipped 1024 AICore record slot(s) with start_time=0 (race-window write or recycled-buffer tail). buf seq=0 count=1024
[mono_ns=7228558489796718][T0xe61d845a9ca0][WARN] copy_aicore_buffer: [chip_swimlane_collector.cpp:689] Core 2: skipped 1024 AICore record slot(s) with start_time=0 (race-window write or recycled-buffer tail). buf seq=0 count=1024
[mono_ns=7228558489984398][T0xe61d84db9ca0][WARN] copy_aicore_buffer: [chip_swimlane_collector.cpp:689] Core 1: skipped 1024 AICore record slot(s) with start_time=0 (race-window write or recycled-buffer tail). buf seq=0 count=1024
[mono_ns=7228558490000048][T0xe61d90f1bca0][WARN] copy_aicore_buffer: [chip_swimlane_collector.cpp:689] Core 24: skipped 1024 AICore record slot(s) with start_time=0 (race-window write or recycled-buffer tail). buf seq=0 count=1024
[mono_ns=7228558490164719][T0xe61d845a9ca0][WARN] copy_aicore_buffer: [chip_swimlane_collector.cpp:689] Core 28: skipped 1024 AICore record slot(s) with start_time=0 (race-window write or recycled-buffer tail). buf seq=0 count=1024
[mono_ns=7228558490308059][T0xe61d90f1bca0][WARN] copy_aicore_buffer: [chip_swimlane_collector.cpp:689] Core 25: skipped 1024 AICore record slot(s) with start_time=0 (race-window write or recycled-buffer tail). buf seq=0 count=1024
[mono_ns=7228558490345130][T0xe61d84db9ca0][WARN] copy_aicore_buffer: [chip_swimlane_collector.cpp:689] Core 26: skipped 1021 AICore record slot(s) with start_time=0 (race-window write or recycled-buffer tail). buf seq=0 count=1024
[mono_ns=7228558490494330][T0xe61d845a9ca0][WARN] copy_aicore_buffer: [chip_swimlane_collector.cpp:689] Core 29: skipped 1024 AICore record slot(s) with start_time=0 (race-window write or recycled-buffer tail). buf seq=0 count=1024
[mono_ns=7228558490600440][T0xe61d90f1bca0][WARN] copy_aicore_buffer: [chip_swimlane_collector.cpp:689] Core 3: skipped 1024 AICore record slot(s) with start_time=0 (race-window write or recycled-buffer tail). buf seq=0 count=1024
[mono_ns=7228558490673621][T0xe61d84db9ca0][WARN] copy_aicore_buffer: [chip_swimlane_collector.cpp:689] Core 27: skipped 1024 AICore record slot(s) with start_time=0 (race-window write or recycled-buffer tail). buf seq=0 count=1024
[mono_ns=7228558490821991][T0xe61d845a9ca0][WARN] copy_aicore_buffer: [chip_swimlane_collector.cpp:689] Core 5: skipped 1024 AICore record slot(s) with start_time=0 (race-window write or recycled-buffer tail). buf seq=0 count=1024
[mono_ns=7228558490893961][T0xe61d90f1bca0][WARN] copy_aicore_buffer: [chip_swimlane_collector.cpp:689] Core 30: skipped 1024 AICore record slot(s) with start_time=0 (race-window write or recycled-buffer tail). buf seq=0 count=1024
[mono_ns=7228558491015702][T0xe61d84db9ca0][WARN] copy_aicore_buffer: [chip_swimlane_collector.cpp:689] Core 4: skipped 1024 AICore record slot(s) with start_time=0 (race-window write or recycled-buffer tail). buf seq=0 count=1024
[mono_ns=7228558491158872][T0xe61d845a9ca0][WARN] copy_aicore_buffer: [chip_swimlane_collector.cpp:689] Core 34: skipped 1024 AICore record slot(s) with start_time=0 (race-window write or recycled-buffer tail). buf seq=0 count=1024
[mono_ns=7228558491195552][T0xe61d90f1bca0][WARN] copy_aicore_buffer: [chip_swimlane_collector.cpp:689] Core 31: skipped 1024 AICore record slot(s) with start_time=0 (race-window write or recycled-buffer tail). buf seq=0 count=1024
[mono_ns=7228558491343853][T0xe61d84db9ca0][WARN] copy_aicore_buffer: [chip_swimlane_collector.cpp:689] Core 32: skipped 1024 AICore record slot(s) with start_time=0 (race-window write or recycled-buffer tail). buf seq=0 count=1024
[mono_ns=7228558491487253][T0xe61d90f1bca0][WARN] copy_aicore_buffer: [chip_swimlane_collector.cpp:689] Core 6: skipped 1024 AICore record slot(s) with start_time=0 (race-window write or recycled-buffer tail). buf seq=0 count=1024
[mono_ns=7228558491486873][T0xe61d845a9ca0][WARN] copy_aicore_buffer: [chip_swimlane_collector.cpp:689] Core 35: skipped 1024 AICore record slot(s) with start_time=0 (race-window write or recycled-buffer tail). buf seq=0 count=1024
[mono_ns=7228558491670884][T0xe61d84db9ca0][WARN] copy_aicore_buffer: [chip_swimlane_collector.cpp:689] Core 33: skipped 1024 AICore record slot(s) with start_time=0 (race-window write or recycled-buffer tail). buf seq=0 count=1024
[mono_ns=7228558491779594][T0xe61d90f1bca0][WARN] copy_aicore_buffer: [chip_swimlane_collector.cpp:689] Core 36: skipped 1024 AICore record slot(s) with start_time=0 (race-window write or recycled-buffer tail). buf seq=0 count=1024
[mono_ns=7228558491813535][T0xe61d845a9ca0][WARN] copy_aicore_buffer: [chip_swimlane_collector.cpp:689] Core 8: skipped 1024 AICore record slot(s) with start_time=0 (race-window write or recycled-buffer tail). buf seq=0 count=1024
[mono_ns=7228558491998215][T0xe61d84db9ca0][WARN] copy_aicore_buffer: [chip_swimlane_collector.cpp:689] Core 7: skipped 1024 AICore record slot(s) with start_time=0 (race-window write or recycled-buffer tail). buf seq=0 count=1024
[mono_ns=7228558492078626][T0xe61d90f1bca0][WARN] copy_aicore_buffer: [chip_swimlane_collector.cpp:689] Core 37: skipped 1024 AICore record slot(s) with start_time=0 (race-window write or recycled-buffer tail). buf seq=0 count=1024
[mono_ns=7228558492146166][T0xe61d845a9ca0][WARN] copy_aicore_buffer: [chip_swimlane_collector.cpp:689] Core 40: skipped 1024 AICore record slot(s) with start_time=0 (race-window write or recycled-buffer tail). buf seq=0 count=1024
[mono_ns=7228558492329966][T0xe61d84db9ca0][WARN] copy_aicore_buffer: [chip_swimlane_collector.cpp:689] Core 38: skipped 1024 AICore record slot(s) with start_time=0 (race-window write or recycled-buffer tail). buf seq=0 count=1024
[mono_ns=7228558492370637][T0xe61d90f1bca0][WARN] copy_aicore_buffer: [chip_swimlane_collector.cpp:689] Core 9: skipped 1024 AICore record slot(s) with start_time=0 (race-window write or recycled-buffer tail). buf seq=0 count=1024
[mono_ns=7228558492474647][T0xe61d845a9ca0][WARN] copy_aicore_buffer: [chip_swimlane_collector.cpp:689] Core 41: skipped 1024 AICore record slot(s) with start_time=0 (race-window write or recycled-buffer tail). buf seq=0 count=1024
[mono_ns=7228558492657208][T0xe61d84db9ca0][WARN] copy_aicore_buffer: [chip_swimlane_collector.cpp:689] Core 39: skipped 1024 AICore record slot(s) with start_time=0 (race-window write or recycled-buffer tail). buf seq=0 count=1024
[mono_ns=7228558492662058][T0xe61d90f1bca0][WARN] copy_aicore_buffer: [chip_swimlane_collector.cpp:689] Core 42: skipped 1024 AICore record slot(s) with start_time=0 (race-window write or recycled-buffer tail). buf seq=0 count=1024
[mono_ns=7228558492801398][T0xe61d845a9ca0][WARN] copy_aicore_buffer: [chip_swimlane_collector.cpp:689] Core 11: skipped 1024 AICore record slot(s) with start_time=0 (race-window write or recycled-buffer tail). buf seq=0 count=1024
[mono_ns=7228558492983439][T0xe61d84db9ca0][WARN] copy_aicore_buffer: [chip_swimlane_collector.cpp:689] Core 10: skipped 1024 AICore record slot(s) with start_time=0 (race-window write or recycled-buffer tail). buf seq=0 count=1024
[mono_ns=7228558492988109][T0xe61d90f1bca0][WARN] copy_aicore_buffer: [chip_swimlane_collector.cpp:689] Core 43: skipped 1024 AICore record slot(s) with start_time=0 (race-window write or recycled-buffer tail). buf seq=0 count=1024
[mono_ns=7228558493138499][T0xe61d845a9ca0][WARN] copy_aicore_buffer: [chip_swimlane_collector.cpp:689] Core 46: skipped 1024 AICore record slot(s) with start_time=0 (race-window write or recycled-buffer tail). buf seq=0 count=1024
[mono_ns=7228558493303290][T0xe61d90f1bca0][WARN] copy_aicore_buffer: [chip_swimlane_collector.cpp:689] Core 12: skipped 1024 AICore record slot(s) with start_time=0 (race-window write or recycled-buffer tail). buf seq=0 count=1024
[mono_ns=7228558493319700][T0xe61d84db9ca0][WARN] copy_aicore_buffer: [chip_swimlane_collector.cpp:689] Core 44: skipped 1024 AICore record slot(s) with start_time=0 (race-window write or recycled-buffer tail). buf seq=0 count=1024
[mono_ns=7228558493467110][T0xe61d845a9ca0][WARN] copy_aicore_buffer: [chip_swimlane_collector.cpp:689] Core 47: skipped 1024 AICore record slot(s) with start_time=0 (race-window write or recycled-buffer tail). buf seq=0 count=1024
[mono_ns=7228558493604481][T0xe61d90f1bca0][WARN] copy_aicore_buffer: [chip_swimlane_collector.cpp:689] Core 48: skipped 1024 AICore record slot(s) with start_time=0 (race-window write or recycled-buffer tail). buf seq=0 count=1024
[mono_ns=7228558493666351][T0xe61d84db9ca0][WARN] copy_aicore_buffer: [chip_swimlane_collector.cpp:689] Core 45: skipped 1024 AICore record slot(s) with start_time=0 (race-window write or recycled-buffer tail). buf seq=0 count=1024
[mono_ns=7228558493796531][T0xe61d845a9ca0][WARN] copy_aicore_buffer: [chip_swimlane_collector.cpp:689] Core 14: skipped 1024 AICore record slot(s) with start_time=0 (race-window write or recycled-buffer tail). buf seq=0 count=1024
[mono_ns=7228558493904572][T0xe61d90f1bca0][WARN] copy_aicore_buffer: [chip_swimlane_collector.cpp:689] Core 49: skipped 1024 AICore record slot(s) with start_time=0 (race-window write or recycled-buffer tail). buf seq=0 count=1024
[mono_ns=7228558494026912][T0xe61d84db9ca0][WARN] copy_aicore_buffer: [chip_swimlane_collector.cpp:689] Core 13: skipped 1024 AICore record slot(s) with start_time=0 (race-window write or recycled-buffer tail). buf seq=0 count=1024
[mono_ns=7228558494133933][T0xe61d845a9ca0][WARN] copy_aicore_buffer: [chip_swimlane_collector.cpp:689] Core 52: skipped 1024 AICore record slot(s) with start_time=0 (race-window write or recycled-buffer tail). buf seq=0 count=1024
[mono_ns=7228558494220343][T0xe61d90f1bca0][WARN] copy_aicore_buffer: [chip_swimlane_collector.cpp:689] Core 15: skipped 1024 AICore record slot(s) with start_time=0 (race-window write or recycled-buffer tail). buf seq=0 count=1024
[mono_ns=7228558494371473][T0xe61d84db9ca0][WARN] copy_aicore_buffer: [chip_swimlane_collector.cpp:689] Core 50: skipped 1024 AICore record slot(s) with start_time=0 (race-window write or recycled-buffer tail). buf seq=0 count=1024
[mono_ns=7228558494461684][T0xe61d845a9ca0][WARN] copy_aicore_buffer: [chip_swimlane_collector.cpp:689] Core 53: skipped 1024 AICore record slot(s) with start_time=0 (race-window write or recycled-buffer tail). buf seq=0 count=1024
[mono_ns=7228558494522704][T0xe61d90f1bca0][WARN] copy_aicore_buffer: [chip_swimlane_collector.cpp:689] Core 54: skipped 1024 AICore record slot(s) with start_time=0 (race-window write or recycled-buffer tail). buf seq=0 count=1024
[mono_ns=7228558494714805][T0xe61d84db9ca0][WARN] copy_aicore_buffer: [chip_swimlane_collector.cpp:689] Core 51: skipped 1024 AICore record slot(s) with start_time=0 (race-window write or recycled-buffer tail). buf seq=0 count=1024
[mono_ns=7228558494805145][T0xe61d845a9ca0][WARN] copy_aicore_buffer: [chip_swimlane_collector.cpp:689] Core 17: skipped 1024 AICore record slot(s) with start_time=0 (race-window write or recycled-buffer tail). buf seq=0 count=1024
[mono_ns=7228558494825175][T0xe61d90f1bca0][WARN] copy_aicore_buffer: [chip_swimlane_collector.cpp:689] Core 55: skipped 1024 AICore record slot(s) with start_time=0 (race-window write or recycled-buffer tail). buf seq=0 count=1024
[mono_ns=7228558495070426][T0xe61d84db9ca0][WARN] copy_aicore_buffer: [chip_swimlane_collector.cpp:689] Core 16: skipped 1024 AICore record slot(s) with start_time=0 (race-window write or recycled-buffer tail). buf seq=0 count=1024
[mono_ns=7228558495150976][T0xe61d90f1bca0][WARN] copy_aicore_buffer: [chip_swimlane_collector.cpp:689] Core 18: skipped 1024 AICore record slot(s) with start_time=0 (race-window write or recycled-buffer tail). buf seq=0 count=1024
[mono_ns=7228558495188456][T0xe61d845a9ca0][WARN] copy_aicore_buffer: [chip_swimlane_collector.cpp:689] Core 58: skipped 1024 AICore record slot(s) with start_time=0 (race-window write or recycled-buffer tail). buf seq=0 count=1024
[mono_ns=7228558495420057][T0xe61d84db9ca0][WARN] copy_aicore_buffer: [chip_swimlane_collector.cpp:689] Core 56: skipped 1024 AICore record slot(s) with start_time=0 (race-window write or recycled-buffer tail). buf seq=0 count=1024
[mono_ns=7228558495451937][T0xe61d90f1bca0][WARN] copy_aicore_buffer: [chip_swimlane_collector.cpp:689] Core 60: skipped 1024 AICore record slot(s) with start_time=0 (race-window write or recycled-buffer tail). buf seq=0 count=1024
[mono_ns=7228558495531597][T0xe61d845a9ca0][WARN] copy_aicore_buffer: [chip_swimlane_collector.cpp:689] Core 59: skipped 1024 AICore record slot(s) with start_time=0 (race-window write or recycled-buffer tail). buf seq=0 count=1024
[mono_ns=7228558495754568][T0xe61d90f1bca0][WARN] copy_aicore_buffer: [chip_swimlane_collector.cpp:689] Core 61: skipped 1024 AICore record slot(s) with start_time=0 (race-window write or recycled-buffer tail). buf seq=0 count=1024
[mono_ns=7228558495767918][T0xe61d84db9ca0][WARN] copy_aicore_buffer: [chip_swimlane_collector.cpp:689] Core 57: skipped 1024 AICore record slot(s) with start_time=0 (race-window write or recycled-buffer tail). buf seq=0 count=1024
[mono_ns=7228558495872009][T0xe61d845a9ca0][WARN] copy_aicore_buffer: [chip_swimlane_collector.cpp:689] Core 20: skipped 1024 AICore record slot(s) with start_time=0 (race-window write or recycled-buffer tail). buf seq=0 count=1024
[mono_ns=7228558496070589][T0xe61d90f1bca0][WARN] copy_aicore_buffer: [chip_swimlane_collector.cpp:689] Core 21: skipped 1024 AICore record slot(s) with start_time=0 (race-window write or recycled-buffer tail). buf seq=0 count=1024
[mono_ns=7228558496123730][T0xe61d84db9ca0][WARN] copy_aicore_buffer: [chip_swimlane_collector.cpp:689] Core 19: skipped 1024 AICore record slot(s) with start_time=0 (race-window write or recycled-buffer tail). buf seq=0 count=1024
[mono_ns=7228558496223140][T0xe61d845a9ca0][WARN] copy_aicore_buffer: [chip_swimlane_collector.cpp:689] Core 64: skipped 1024 AICore record slot(s) with start_time=0 (race-window write or recycled-buffer tail). buf seq=0 count=1024
[mono_ns=7228558496373360][T0xe61d90f1bca0][WARN] copy_aicore_buffer: [chip_swimlane_collector.cpp:689] Core 66: skipped 1024 AICore record slot(s) with start_time=0 (race-window write or recycled-buffer tail). buf seq=0 count=1024
[mono_ns=7228558496464601][T0xe61d84db9ca0][WARN] copy_aicore_buffer: [chip_swimlane_collector.cpp:689] Core 62: skipped 1024 AICore record slot(s) with start_time=0 (race-window write or recycled-buffer tail). buf seq=0 count=1024
[mono_ns=7228558496571751][T0xe61d845a9ca0][WARN] copy_aicore_buffer: [chip_swimlane_collector.cpp:689] Core 65: skipped 1024 AICore record slot(s) with start_time=0 (race-window write or recycled-buffer tail). buf seq=0 count=1024
[mono_ns=7228558496675491][T0xe61d90f1bca0][WARN] copy_aicore_buffer: [chip_swimlane_collector.cpp:689] Core 67: skipped 1024 AICore record slot(s) with start_time=0 (race-window write or recycled-buffer tail). buf seq=0 count=1024
[mono_ns=7228558496838642][T0xe61d84db9ca0][WARN] copy_aicore_buffer: [chip_swimlane_collector.cpp:689] Core 63: skipped 1024 AICore record slot(s) with start_time=0 (race-window write or recycled-buffer tail). buf seq=0 count=1024
[mono_ns=7228558496920762][T0xe61d845a9ca0][WARN] copy_aicore_buffer: [chip_swimlane_collector.cpp:689] Core 23: skipped 1024 AICore record slot(s) with start_time=0 (race-window write or recycled-buffer tail). buf seq=0 count=1024
[mono_ns=7228558497195443][T0xe61d84db9ca0][WARN] copy_aicore_buffer: [chip_swimlane_collector.cpp:689] Core 22: skipped 1024 AICore record slot(s) with start_time=0 (race-window write or recycled-buffer tail). buf seq=0 count=1024
[mono_ns=7228558497282254][T0xe61d845a9ca0][WARN] copy_aicore_buffer: [chip_swimlane_collector.cpp:689] Core 70: skipped 1024 AICore record slot(s) with start_time=0 (race-window write or recycled-buffer tail). buf seq=0 count=1024
[mono_ns=7228558497539744][T0xe61d84db9ca0][WARN] copy_aicore_buffer: [chip_swimlane_collector.cpp:689] Core 68: skipped 1024 AICore record slot(s) with start_time=0 (race-window write or recycled-buffer tail). buf seq=0 count=1024
[mono_ns=7228558497626475][T0xe61d845a9ca0][WARN] copy_aicore_buffer: [chip_swimlane_collector.cpp:689] Core 71: skipped 1024 AICore record slot(s) with start_time=0 (race-window write or recycled-buffer tail). buf seq=0 count=1024
[mono_ns=7228558497881126][T0xe61d84db9ca0][WARN] copy_aicore_buffer: [chip_swimlane_collector.cpp:689] Core 69: skipped 1024 AICore record slot(s) with start_time=0 (race-window write or recycled-buffer tail). buf seq=0 count=1024
[mono_ns=7228558598467824][T0xe61ee18d9020][TIMING] emit_host_span: [STRACE] v=1 pid=3713505 tid=3713505 inv=4 hid=6e59d6c91bcbcc2a depth=1 name=chip.run.runner_run ts=7228558485576083 dur=112885791 
[mono_ns=7228558598550384][T0xe61ee18d9020][TIMING] emit_host_span: [STRACE] v=1 pid=3713505 tid=3713505 inv=4 hid=6e59d6c91bcbcc2a depth=1 name=chip.run.validate ts=7228558598477024 dur=70090 
[mono_ns=7228558598557654][T0xe61ee18d9020][TIMING] emit_host_span: [STRACE] v=1 pid=3713505 tid=3713505 inv=4 hid=6e59d6c91bcbcc2a depth=2 name=chip.run.runner_run.device_wall ts=0 dur=3611300 clk=dev
[mono_ns=7228558598561604][T0xe61ee18d9020][TIMING] emit_host_span: [STRACE] v=1 pid=3713505 tid=3713505 inv=4 hid=6e59d6c91bcbcc2a depth=3 name=chip.run.runner_run.device_wall.preamble ts=0 dur=105820 clk=dev
[mono_ns=7228558598565604][T0xe61ee18d9020][TIMING] emit_host_span: [STRACE] v=1 pid=3713505 tid=3713505 inv=4 hid=6e59d6c91bcbcc2a depth=3 name=chip.run.runner_run.device_wall.graph_build ts=101899 dur=3500280 clk=dev
[mono_ns=7228558598569664][T0xe61ee18d9020][TIMING] emit_host_span: [STRACE] v=1 pid=3713505 tid=3713505 inv=4 hid=6e59d6c91bcbcc2a depth=3 name=chip.run.runner_run.device_wall.config_validate ts=102000 dur=860 clk=dev
[mono_ns=7228558598573964][T0xe61ee18d9020][TIMING] emit_host_span: [STRACE] v=1 pid=3713505 tid=3713505 inv=4 hid=6e59d6c91bcbcc2a depth=3 name=chip.run.runner_run.device_wall.arena_wire ts=102899 dur=300 clk=dev
[mono_ns=7228558598580534][T0xe61ee18d9020][TIMING] emit_host_span: [STRACE] v=1 pid=3713505 tid=3713505 inv=4 hid=6e59d6c91bcbcc2a depth=3 name=chip.run.runner_run.device_wall.sm_reset ts=103240 dur=679 clk=dev
[mono_ns=7228558598583694][T0xe61ee18d9020][TIMING] emit_host_span: [STRACE] v=1 pid=3713505 tid=3713505 inv=4 hid=6e59d6c91bcbcc2a depth=3 name=chip.run.runner_run.device_wall.post_orch ts=3602220 dur=9000 clk=dev
[mono_ns=7228558598586594][T0xe61ee18d9020][TIMING] emit_host_span: [STRACE] v=1 pid=3713505 tid=3713505 inv=4 hid=6e59d6c91bcbcc2a depth=3 name=chip.run.runner_run.device_wall.orch ts=103980 dur=3900 clk=dev
[mono_ns=7228558598589634][T0xe61ee18d9020][TIMING] emit_host_span: [STRACE] v=1 pid=3713505 tid=3713505 inv=4 hid=6e59d6c91bcbcc2a depth=3 name=chip.run.runner_run.device_wall.sched ts=105960 dur=3471520 clk=dev
[mono_ns=7228558598594214][T0xe61ee18d9020][TIMING] emit_host_span: [STRACE] v=1 pid=3713505 tid=3713505 inv=4 hid=6e59d6c91bcbcc2a depth=1 name=chip.run.claim_release ts=7228558598592144 dur=290 
[mono_ns=7228558598598804][T0xe61ee18d9020][TIMING] emit_host_span: [STRACE] v=1 pid=3713505 tid=3713505 inv=4 hid=6e59d6c91bcbcc2a depth=0 name=chip.run ts=7228558484399279 dur=114197535 run_id=4 dispatch_id=4 slot_id=0 generation=4 run_epoch=4
[mono_ns=7228563396858512][T0xe61ee18d9020][TIMING] emit_host_span: [STRACE] v=1 pid=3713505 tid=3713505 inv=5 hid=6e59d6c91bcbcc2a depth=2 name=chip.run.bind.args ts=7228563396722182 dur=128790 
[mono_ns=7228563396884392][T0xe61ee18d9020][TIMING] emit_host_span: [STRACE] v=1 pid=3713505 tid=3713505 inv=5 hid=6e59d6c91bcbcc2a depth=2 name=chip.run.bind.prebuilt ts=7228563396872922 dur=8900 
[mono_ns=7228563396891112][T0xe61ee18d9020][TIMING] emit_host_span: [STRACE] v=1 pid=3713505 tid=3713505 inv=5 hid=6e59d6c91bcbcc2a depth=1 name=chip.run.bind ts=7228563396708472 dur=179980 
[mono_ns=7228563504994408][T0xe61ee18d9020][TIMING] emit_host_span: [STRACE] v=1 pid=3713505 tid=3713505 inv=5 hid=6e59d6c91bcbcc2a depth=1 name=chip.run.runner_run ts=7228563397311004 dur=107672434 
[mono_ns=7228563505095659][T0xe61ee18d9020][TIMING] emit_host_span: [STRACE] v=1 pid=3713505 tid=3713505 inv=5 hid=6e59d6c91bcbcc2a depth=1 name=chip.run.validate ts=7228563505016558 dur=75501 
[mono_ns=7228563505103229][T0xe61ee18d9020][TIMING] emit_host_span: [STRACE] v=1 pid=3713505 tid=3713505 inv=5 hid=6e59d6c91bcbcc2a depth=2 name=chip.run.runner_run.device_wall ts=0 dur=16558940 clk=dev
[mono_ns=7228563505107509][T0xe61ee18d9020][TIMING] emit_host_span: [STRACE] v=1 pid=3713505 tid=3713505 inv=5 hid=6e59d6c91bcbcc2a depth=3 name=chip.run.runner_run.device_wall.preamble ts=0 dur=6900 clk=dev
[mono_ns=7228563505111909][T0xe61ee18d9020][TIMING] emit_host_span: [STRACE] v=1 pid=3713505 tid=3713505 inv=5 hid=6e59d6c91bcbcc2a depth=3 name=chip.run.runner_run.device_wall.graph_build ts=1220 dur=16548400 clk=dev
[mono_ns=7228563505115569][T0xe61ee18d9020][TIMING] emit_host_span: [STRACE] v=1 pid=3713505 tid=3713505 inv=5 hid=6e59d6c91bcbcc2a depth=3 name=chip.run.runner_run.device_wall.config_validate ts=1320 dur=799 clk=dev
[mono_ns=7228563505118869][T0xe61ee18d9020][TIMING] emit_host_span: [STRACE] v=1 pid=3713505 tid=3713505 inv=5 hid=6e59d6c91bcbcc2a depth=3 name=chip.run.runner_run.device_wall.arena_wire ts=2160 dur=580 clk=dev
[mono_ns=7228563505124619][T0xe61ee18d9020][TIMING] emit_host_span: [STRACE] v=1 pid=3713505 tid=3713505 inv=5 hid=6e59d6c91bcbcc2a depth=3 name=chip.run.runner_run.device_wall.sm_reset ts=2760 dur=2060 clk=dev
[mono_ns=7228563505127779][T0xe61ee18d9020][TIMING] emit_host_span: [STRACE] v=1 pid=3713505 tid=3713505 inv=5 hid=6e59d6c91bcbcc2a depth=3 name=chip.run.runner_run.device_wall.post_orch ts=16549680 dur=8940 clk=dev
[mono_ns=7228563505130879][T0xe61ee18d9020][TIMING] emit_host_span: [STRACE] v=1 pid=3713505 tid=3713505 inv=5 hid=6e59d6c91bcbcc2a depth=3 name=chip.run.runner_run.device_wall.orch ts=5580 dur=10340 clk=dev
[mono_ns=7228563505134109][T0xe61ee18d9020][TIMING] emit_host_span: [STRACE] v=1 pid=3713505 tid=3713505 inv=5 hid=6e59d6c91bcbcc2a depth=3 name=chip.run.runner_run.device_wall.sched ts=7480 dur=16534380 clk=dev
[mono_ns=7228563505139329][T0xe61ee18d9020][TIMING] emit_host_span: [STRACE] v=1 pid=3713505 tid=3713505 inv=5 hid=6e59d6c91bcbcc2a depth=1 name=chip.run.claim_release ts=7228563505136849 dur=430 
[mono_ns=7228563505144259][T0xe61ee18d9020][TIMING] emit_host_span: [STRACE] v=1 pid=3713505 tid=3713505 inv=5 hid=6e59d6c91bcbcc2a depth=0 name=chip.run ts=7228563396614752 dur=108527457 run_id=5 dispatch_id=5 slot_id=0 generation=5 run_epoch=5
[mono_ns=7228563525539710][T0xe61ee18d9020][TIMING] emit_host_span: [STRACE] v=1 pid=3713505 tid=3713505 inv=6 hid=6e59d6c91bcbcc2a depth=2 name=chip.run.bind.args ts=7228563525445050 dur=90020 
[mono_ns=7228563525556470][T0xe61ee18d9020][TIMING] emit_host_span: [STRACE] v=1 pid=3713505 tid=3713505 inv=6 hid=6e59d6c91bcbcc2a depth=2 name=chip.run.bind.prebuilt ts=7228563525550910 dur=3190 
[mono_ns=7228563525560520][T0xe61ee18d9020][TIMING] emit_host_span: [STRACE] v=1 pid=3713505 tid=3713505 inv=6 hid=6e59d6c91bcbcc2a depth=1 name=chip.run.bind ts=7228563525435819 dur=122611 
[mono_ns=7228563530332447][T0xe61d90f1bca0][WARN] copy_aicore_buffer: [chip_swimlane_collector.cpp:689] Core 0: skipped 1024 AICore record slot(s) with start_time=0 (race-window write or recycled-buffer tail). buf seq=0 count=1024
[mono_ns=7228563530463897][T0xe61d845a9ca0][WARN] copy_aicore_buffer: [chip_swimlane_collector.cpp:689] Core 2: skipped 1024 AICore record slot(s) with start_time=0 (race-window write or recycled-buffer tail). buf seq=0 count=1024
[mono_ns=7228563530637428][T0xe61d84db9ca0][WARN] copy_aicore_buffer: [chip_swimlane_collector.cpp:689] Core 1: skipped 1024 AICore record slot(s) with start_time=0 (race-window write or recycled-buffer tail). buf seq=0 count=1024
[mono_ns=7228563530655138][T0xe61d90f1bca0][WARN] copy_aicore_buffer: [chip_swimlane_collector.cpp:689] Core 24: skipped 1024 AICore record slot(s) with start_time=0 (race-window write or recycled-buffer tail). buf seq=0 count=1024
[mono_ns=7228563530794298][T0xe61d845a9ca0][WARN] copy_aicore_buffer: [chip_swimlane_collector.cpp:689] Core 28: skipped 1024 AICore record slot(s) with start_time=0 (race-window write or recycled-buffer tail). buf seq=0 count=1024
[mono_ns=7228563530945869][T0xe61d90f1bca0][WARN] copy_aicore_buffer: [chip_swimlane_collector.cpp:689] Core 25: skipped 1024 AICore record slot(s) with start_time=0 (race-window write or recycled-buffer tail). buf seq=0 count=1024
[mono_ns=7228563530982409][T0xe61d84db9ca0][WARN] copy_aicore_buffer: [chip_swimlane_collector.cpp:689] Core 26: skipped 1021 AICore record slot(s) with start_time=0 (race-window write or recycled-buffer tail). buf seq=0 count=1024
[mono_ns=7228563531094219][T0xe61d845a9ca0][WARN] copy_aicore_buffer: [chip_swimlane_collector.cpp:689] Core 29: skipped 1024 AICore record slot(s) with start_time=0 (race-window write or recycled-buffer tail). buf seq=0 count=1024
[mono_ns=7228563531249660][T0xe61d90f1bca0][WARN] copy_aicore_buffer: [chip_swimlane_collector.cpp:689] Core 3: skipped 1024 AICore record slot(s) with start_time=0 (race-window write or recycled-buffer tail). buf seq=0 count=1024
[mono_ns=7228563531332440][T0xe61d84db9ca0][WARN] copy_aicore_buffer: [chip_swimlane_collector.cpp:689] Core 27: skipped 1024 AICore record slot(s) with start_time=0 (race-window write or recycled-buffer tail). buf seq=0 count=1024
[mono_ns=7228563531376120][T0xe61d845a9ca0][WARN] copy_aicore_buffer: [chip_swimlane_collector.cpp:689] Core 5: skipped 1024 AICore record slot(s) with start_time=0 (race-window write or recycled-buffer tail). buf seq=0 count=1024
[mono_ns=7228563531540851][T0xe61d90f1bca0][WARN] copy_aicore_buffer: [chip_swimlane_collector.cpp:689] Core 30: skipped 1024 AICore record slot(s) with start_time=0 (race-window write or recycled-buffer tail). buf seq=0 count=1024
[mono_ns=7228563531658331][T0xe61d845a9ca0][WARN] copy_aicore_buffer: [chip_swimlane_collector.cpp:689] Core 34: skipped 1024 AICore record slot(s) with start_time=0 (race-window write or recycled-buffer tail). buf seq=0 count=1024
[mono_ns=7228563531660651][T0xe61d84db9ca0][WARN] copy_aicore_buffer: [chip_swimlane_collector.cpp:689] Core 4: skipped 1024 AICore record slot(s) with start_time=0 (race-window write or recycled-buffer tail). buf seq=0 count=1024
[mono_ns=7228563531832292][T0xe61d90f1bca0][WARN] copy_aicore_buffer: [chip_swimlane_collector.cpp:689] Core 31: skipped 1024 AICore record slot(s) with start_time=0 (race-window write or recycled-buffer tail). buf seq=0 count=1024
[mono_ns=7228563531941162][T0xe61d845a9ca0][WARN] copy_aicore_buffer: [chip_swimlane_collector.cpp:689] Core 35: skipped 1024 AICore record slot(s) with start_time=0 (race-window write or recycled-buffer tail). buf seq=0 count=1024
[mono_ns=7228563532043672][T0xe61d84db9ca0][WARN] copy_aicore_buffer: [chip_swimlane_collector.cpp:689] Core 32: skipped 1024 AICore record slot(s) with start_time=0 (race-window write or recycled-buffer tail). buf seq=0 count=1024
[mono_ns=7228563532132893][T0xe61d90f1bca0][WARN] copy_aicore_buffer: [chip_swimlane_collector.cpp:689] Core 6: skipped 1024 AICore record slot(s) with start_time=0 (race-window write or recycled-buffer tail). buf seq=0 count=1024
[mono_ns=7228563532238413][T0xe61d845a9ca0][WARN] copy_aicore_buffer: [chip_swimlane_collector.cpp:689] Core 8: skipped 1024 AICore record slot(s) with start_time=0 (race-window write or recycled-buffer tail). buf seq=0 count=1024
[mono_ns=7228563532371044][T0xe61d84db9ca0][WARN] copy_aicore_buffer: [chip_swimlane_collector.cpp:689] Core 33: skipped 1024 AICore record slot(s) with start_time=0 (race-window write or recycled-buffer tail). buf seq=0 count=1024
[mono_ns=7228563532429114][T0xe61d90f1bca0][WARN] copy_aicore_buffer: [chip_swimlane_collector.cpp:689] Core 36: skipped 1024 AICore record slot(s) with start_time=0 (race-window write or recycled-buffer tail). buf seq=0 count=1024
[mono_ns=7228563532521954][T0xe61d845a9ca0][WARN] copy_aicore_buffer: [chip_swimlane_collector.cpp:689] Core 40: skipped 1024 AICore record slot(s) with start_time=0 (race-window write or recycled-buffer tail). buf seq=0 count=1024
[mono_ns=7228563532697225][T0xe61d84db9ca0][WARN] copy_aicore_buffer: [chip_swimlane_collector.cpp:689] Core 7: skipped 1024 AICore record slot(s) with start_time=0 (race-window write or recycled-buffer tail). buf seq=0 count=1024
[mono_ns=7228563532719865][T0xe61d90f1bca0][WARN] copy_aicore_buffer: [chip_swimlane_collector.cpp:689] Core 37: skipped 1024 AICore record slot(s) with start_time=0 (race-window write or recycled-buffer tail). buf seq=0 count=1024
[mono_ns=7228563532804395][T0xe61d845a9ca0][WARN] copy_aicore_buffer: [chip_swimlane_collector.cpp:689] Core 41: skipped 1024 AICore record slot(s) with start_time=0 (race-window write or recycled-buffer tail). buf seq=0 count=1024
[mono_ns=7228563533025216][T0xe61d90f1bca0][WARN] copy_aicore_buffer: [chip_swimlane_collector.cpp:689] Core 9: skipped 1024 AICore record slot(s) with start_time=0 (race-window write or recycled-buffer tail). buf seq=0 count=1024
[mono_ns=7228563533039856][T0xe61d84db9ca0][WARN] copy_aicore_buffer: [chip_swimlane_collector.cpp:689] Core 38: skipped 1024 AICore record slot(s) with start_time=0 (race-window write or recycled-buffer tail). buf seq=0 count=1024
[mono_ns=7228563533099256][T0xe61d845a9ca0][WARN] copy_aicore_buffer: [chip_swimlane_collector.cpp:689] Core 11: skipped 1024 AICore record slot(s) with start_time=0 (race-window write or recycled-buffer tail). buf seq=0 count=1024
[mono_ns=7228563533317427][T0xe61d90f1bca0][WARN] copy_aicore_buffer: [chip_swimlane_collector.cpp:689] Core 42: skipped 1024 AICore record slot(s) with start_time=0 (race-window write or recycled-buffer tail). buf seq=0 count=1024
[mono_ns=7228563533364877][T0xe61d84db9ca0][WARN] copy_aicore_buffer: [chip_swimlane_collector.cpp:689] Core 39: skipped 1024 AICore record slot(s) with start_time=0 (race-window write or recycled-buffer tail). buf seq=0 count=1024
[mono_ns=7228563533381197][T0xe61d845a9ca0][WARN] copy_aicore_buffer: [chip_swimlane_collector.cpp:689] Core 46: skipped 1024 AICore record slot(s) with start_time=0 (race-window write or recycled-buffer tail). buf seq=0 count=1024
[mono_ns=7228563533611548][T0xe61d90f1bca0][WARN] copy_aicore_buffer: [chip_swimlane_collector.cpp:689] Core 43: skipped 1024 AICore record slot(s) with start_time=0 (race-window write or recycled-buffer tail). buf seq=0 count=1024
[mono_ns=7228563533660378][T0xe61d845a9ca0][WARN] copy_aicore_buffer: [chip_swimlane_collector.cpp:689] Core 47: skipped 1024 AICore record slot(s) with start_time=0 (race-window write or recycled-buffer tail). buf seq=0 count=1024
[mono_ns=7228563533693088][T0xe61d84db9ca0][WARN] copy_aicore_buffer: [chip_swimlane_collector.cpp:689] Core 10: skipped 1024 AICore record slot(s) with start_time=0 (race-window write or recycled-buffer tail). buf seq=0 count=1024
[mono_ns=7228563533905599][T0xe61d90f1bca0][WARN] copy_aicore_buffer: [chip_swimlane_collector.cpp:689] Core 12: skipped 1024 AICore record slot(s) with start_time=0 (race-window write or recycled-buffer tail). buf seq=0 count=1024
[mono_ns=7228563533942799][T0xe61d845a9ca0][WARN] copy_aicore_buffer: [chip_swimlane_collector.cpp:689] Core 14: skipped 1024 AICore record slot(s) with start_time=0 (race-window write or recycled-buffer tail). buf seq=0 count=1024
[mono_ns=7228563534024059][T0xe61d84db9ca0][WARN] copy_aicore_buffer: [chip_swimlane_collector.cpp:689] Core 44: skipped 1024 AICore record slot(s) with start_time=0 (race-window write or recycled-buffer tail). buf seq=0 count=1024
[mono_ns=7228563534203910][T0xe61d90f1bca0][WARN] copy_aicore_buffer: [chip_swimlane_collector.cpp:689] Core 48: skipped 1024 AICore record slot(s) with start_time=0 (race-window write or recycled-buffer tail). buf seq=0 count=1024
[mono_ns=7228563534236420][T0xe61d845a9ca0][WARN] copy_aicore_buffer: [chip_swimlane_collector.cpp:689] Core 52: skipped 1024 AICore record slot(s) with start_time=0 (race-window write or recycled-buffer tail). buf seq=0 count=1024
[mono_ns=7228563534391051][T0xe61d84db9ca0][WARN] copy_aicore_buffer: [chip_swimlane_collector.cpp:689] Core 45: skipped 1024 AICore record slot(s) with start_time=0 (race-window write or recycled-buffer tail). buf seq=0 count=1024
[mono_ns=7228563534496101][T0xe61d90f1bca0][WARN] copy_aicore_buffer: [chip_swimlane_collector.cpp:689] Core 49: skipped 1024 AICore record slot(s) with start_time=0 (race-window write or recycled-buffer tail). buf seq=0 count=1024
[mono_ns=7228563534517801][T0xe61d845a9ca0][WARN] copy_aicore_buffer: [chip_swimlane_collector.cpp:689] Core 53: skipped 1024 AICore record slot(s) with start_time=0 (race-window write or recycled-buffer tail). buf seq=0 count=1024
[mono_ns=7228563534719022][T0xe61d84db9ca0][WARN] copy_aicore_buffer: [chip_swimlane_collector.cpp:689] Core 13: skipped 1024 AICore record slot(s) with start_time=0 (race-window write or recycled-buffer tail). buf seq=0 count=1024
[mono_ns=7228563534787742][T0xe61d90f1bca0][WARN] copy_aicore_buffer: [chip_swimlane_collector.cpp:689] Core 15: skipped 1024 AICore record slot(s) with start_time=0 (race-window write or recycled-buffer tail). buf seq=0 count=1024
[mono_ns=7228563534799742][T0xe61d845a9ca0][WARN] copy_aicore_buffer: [chip_swimlane_collector.cpp:689] Core 17: skipped 1024 AICore record slot(s) with start_time=0 (race-window write or recycled-buffer tail). buf seq=0 count=1024
[mono_ns=7228563535058653][T0xe61d84db9ca0][WARN] copy_aicore_buffer: [chip_swimlane_collector.cpp:689] Core 50: skipped 1024 AICore record slot(s) with start_time=0 (race-window write or recycled-buffer tail). buf seq=0 count=1024
[mono_ns=7228563535084053][T0xe61d845a9ca0][WARN] copy_aicore_buffer: [chip_swimlane_collector.cpp:689] Core 58: skipped 1024 AICore record slot(s) with start_time=0 (race-window write or recycled-buffer tail). buf seq=0 count=1024
[mono_ns=7228563535084723][T0xe61d90f1bca0][WARN] copy_aicore_buffer: [chip_swimlane_collector.cpp:689] Core 54: skipped 1024 AICore record slot(s) with start_time=0 (race-window write or recycled-buffer tail). buf seq=0 count=1024
[mono_ns=7228563535365364][T0xe61d845a9ca0][WARN] copy_aicore_buffer: [chip_swimlane_collector.cpp:689] Core 59: skipped 1024 AICore record slot(s) with start_time=0 (race-window write or recycled-buffer tail). buf seq=0 count=1024
[mono_ns=7228563535374414][T0xe61d90f1bca0][WARN] copy_aicore_buffer: [chip_swimlane_collector.cpp:689] Core 55: skipped 1024 AICore record slot(s) with start_time=0 (race-window write or recycled-buffer tail). buf seq=0 count=1024
[mono_ns=7228563535385684][T0xe61d84db9ca0][WARN] copy_aicore_buffer: [chip_swimlane_collector.cpp:689] Core 51: skipped 1024 AICore record slot(s) with start_time=0 (race-window write or recycled-buffer tail). buf seq=0 count=1024
[mono_ns=7228563535646965][T0xe61d845a9ca0][WARN] copy_aicore_buffer: [chip_swimlane_collector.cpp:689] Core 20: skipped 1024 AICore record slot(s) with start_time=0 (race-window write or recycled-buffer tail). buf seq=0 count=1024
[mono_ns=7228563535664195][T0xe61d90f1bca0][WARN] copy_aicore_buffer: [chip_swimlane_collector.cpp:689] Core 18: skipped 1024 AICore record slot(s) with start_time=0 (race-window write or recycled-buffer tail). buf seq=0 count=1024
[mono_ns=7228563535714675][T0xe61d84db9ca0][WARN] copy_aicore_buffer: [chip_swimlane_collector.cpp:689] Core 16: skipped 1024 AICore record slot(s) with start_time=0 (race-window write or recycled-buffer tail). buf seq=0 count=1024
[mono_ns=7228563535928746][T0xe61d845a9ca0][WARN] copy_aicore_buffer: [chip_swimlane_collector.cpp:689] Core 64: skipped 1024 AICore record slot(s) with start_time=0 (race-window write or recycled-buffer tail). buf seq=0 count=1024
[mono_ns=7228563535955576][T0xe61d90f1bca0][WARN] copy_aicore_buffer: [chip_swimlane_collector.cpp:689] Core 60: skipped 1024 AICore record slot(s) with start_time=0 (race-window write or recycled-buffer tail). buf seq=0 count=1024
[mono_ns=7228563536044106][T0xe61d84db9ca0][WARN] copy_aicore_buffer: [chip_swimlane_collector.cpp:689] Core 56: skipped 1024 AICore record slot(s) with start_time=0 (race-window write or recycled-buffer tail). buf seq=0 count=1024
[mono_ns=7228563536214967][T0xe61d845a9ca0][WARN] copy_aicore_buffer: [chip_swimlane_collector.cpp:689] Core 65: skipped 1024 AICore record slot(s) with start_time=0 (race-window write or recycled-buffer tail). buf seq=0 count=1024
[mono_ns=7228563536256557][T0xe61d90f1bca0][WARN] copy_aicore_buffer: [chip_swimlane_collector.cpp:689] Core 61: skipped 1024 AICore record slot(s) with start_time=0 (race-window write or recycled-buffer tail). buf seq=0 count=1024
[mono_ns=7228563536370368][T0xe61d84db9ca0][WARN] copy_aicore_buffer: [chip_swimlane_collector.cpp:689] Core 57: skipped 1024 AICore record slot(s) with start_time=0 (race-window write or recycled-buffer tail). buf seq=0 count=1024
[mono_ns=7228563536496578][T0xe61d845a9ca0][WARN] copy_aicore_buffer: [chip_swimlane_collector.cpp:689] Core 23: skipped 1024 AICore record slot(s) with start_time=0 (race-window write or recycled-buffer tail). buf seq=0 count=1024
[mono_ns=7228563536547698][T0xe61d90f1bca0][WARN] copy_aicore_buffer: [chip_swimlane_collector.cpp:689] Core 21: skipped 1024 AICore record slot(s) with start_time=0 (race-window write or recycled-buffer tail). buf seq=0 count=1024
[mono_ns=7228563536730139][T0xe61d84db9ca0][WARN] copy_aicore_buffer: [chip_swimlane_collector.cpp:689] Core 19: skipped 1024 AICore record slot(s) with start_time=0 (race-window write or recycled-buffer tail). buf seq=0 count=1024
[mono_ns=7228563536778529][T0xe61d845a9ca0][WARN] copy_aicore_buffer: [chip_swimlane_collector.cpp:689] Core 70: skipped 1024 AICore record slot(s) with start_time=0 (race-window write or recycled-buffer tail). buf seq=0 count=1024
[mono_ns=7228563536838079][T0xe61d90f1bca0][WARN] copy_aicore_buffer: [chip_swimlane_collector.cpp:689] Core 66: skipped 1024 AICore record slot(s) with start_time=0 (race-window write or recycled-buffer tail). buf seq=0 count=1024
[mono_ns=7228563537067380][T0xe61d84db9ca0][WARN] copy_aicore_buffer: [chip_swimlane_collector.cpp:689] Core 62: skipped 1024 AICore record slot(s) with start_time=0 (race-window write or recycled-buffer tail). buf seq=0 count=1024
[mono_ns=7228563537131520][T0xe61d845a9ca0][WARN] copy_aicore_buffer: [chip_swimlane_collector.cpp:689] Core 71: skipped 1024 AICore record slot(s) with start_time=0 (race-window write or recycled-buffer tail). buf seq=0 count=1024
[mono_ns=7228563537137440][T0xe61d90f1bca0][WARN] copy_aicore_buffer: [chip_swimlane_collector.cpp:689] Core 67: skipped 1024 AICore record slot(s) with start_time=0 (race-window write or recycled-buffer tail). buf seq=0 count=1024
[mono_ns=7228563537394191][T0xe61d84db9ca0][WARN] copy_aicore_buffer: [chip_swimlane_collector.cpp:689] Core 63: skipped 1024 AICore record slot(s) with start_time=0 (race-window write or recycled-buffer tail). buf seq=0 count=1024
[mono_ns=7228563537722572][T0xe61d84db9ca0][WARN] copy_aicore_buffer: [chip_swimlane_collector.cpp:689] Core 22: skipped 1024 AICore record slot(s) with start_time=0 (race-window write or recycled-buffer tail). buf seq=0 count=1024
[mono_ns=7228563538059593][T0xe61d84db9ca0][WARN] copy_aicore_buffer: [chip_swimlane_collector.cpp:689] Core 68: skipped 1024 AICore record slot(s) with start_time=0 (race-window write or recycled-buffer tail). buf seq=0 count=1024
[mono_ns=7228563538387945][T0xe61d84db9ca0][WARN] copy_aicore_buffer: [chip_swimlane_collector.cpp:689] Core 69: skipped 1024 AICore record slot(s) with start_time=0 (race-window write or recycled-buffer tail). buf seq=0 count=1024
[mono_ns=7228563638980415][T0xe61ee18d9020][TIMING] emit_host_span: [STRACE] v=1 pid=3713505 tid=3713505 inv=6 hid=6e59d6c91bcbcc2a depth=1 name=chip.run.runner_run ts=7228563526028682 dur=112943453 
[mono_ns=7228563639077175][T0xe61ee18d9020][TIMING] emit_host_span: [STRACE] v=1 pid=3713505 tid=3713505 inv=6 hid=6e59d6c91bcbcc2a depth=1 name=chip.run.validate ts=7228563638990135 dur=83230 
[mono_ns=7228563639084545][T0xe61ee18d9020][TIMING] emit_host_span: [STRACE] v=1 pid=3713505 tid=3713505 inv=6 hid=6e59d6c91bcbcc2a depth=2 name=chip.run.runner_run.device_wall ts=0 dur=3827680 clk=dev
[mono_ns=7228563639089435][T0xe61ee18d9020][TIMING] emit_host_span: [STRACE] v=1 pid=3713505 tid=3713505 inv=6 hid=6e59d6c91bcbcc2a depth=3 name=chip.run.runner_run.device_wall.preamble ts=0 dur=102720 clk=dev
[mono_ns=7228563639096775][T0xe61ee18d9020][TIMING] emit_host_span: [STRACE] v=1 pid=3713505 tid=3713505 inv=6 hid=6e59d6c91bcbcc2a depth=3 name=chip.run.runner_run.device_wall.graph_build ts=98800 dur=3719839 clk=dev
[mono_ns=7228563639100565][T0xe61ee18d9020][TIMING] emit_host_span: [STRACE] v=1 pid=3713505 tid=3713505 inv=6 hid=6e59d6c91bcbcc2a depth=3 name=chip.run.runner_run.device_wall.config_validate ts=98900 dur=679 clk=dev
[mono_ns=7228563639104095][T0xe61ee18d9020][TIMING] emit_host_span: [STRACE] v=1 pid=3713505 tid=3713505 inv=6 hid=6e59d6c91bcbcc2a depth=3 name=chip.run.runner_run.device_wall.arena_wire ts=99620 dur=300 clk=dev
[mono_ns=7228563639107385][T0xe61ee18d9020][TIMING] emit_host_span: [STRACE] v=1 pid=3713505 tid=3713505 inv=6 hid=6e59d6c91bcbcc2a depth=3 name=chip.run.runner_run.device_wall.sm_reset ts=99940 dur=500 clk=dev
[mono_ns=7228563639110835][T0xe61ee18d9020][TIMING] emit_host_span: [STRACE] v=1 pid=3713505 tid=3713505 inv=6 hid=6e59d6c91bcbcc2a depth=3 name=chip.run.runner_run.device_wall.post_orch ts=3818720 dur=8860 clk=dev
[mono_ns=7228563639113975][T0xe61ee18d9020][TIMING] emit_host_span: [STRACE] v=1 pid=3713505 tid=3713505 inv=6 hid=6e59d6c91bcbcc2a depth=3 name=chip.run.runner_run.device_wall.orch ts=100480 dur=3620 clk=dev
[mono_ns=7228563639117715][T0xe61ee18d9020][TIMING] emit_host_span: [STRACE] v=1 pid=3713505 tid=3713505 inv=6 hid=6e59d6c91bcbcc2a depth=3 name=chip.run.runner_run.device_wall.sched ts=102899 dur=3692680 clk=dev
[mono_ns=7228563639122455][T0xe61ee18d9020][TIMING] emit_host_span: [STRACE] v=1 pid=3713505 tid=3713505 inv=6 hid=6e59d6c91bcbcc2a depth=1 name=chip.run.claim_release ts=7228563639119865 dur=780 
[mono_ns=7228563639128395][T0xe61ee18d9020][TIMING] emit_host_span: [STRACE] v=1 pid=3713505 tid=3713505 inv=6 hid=6e59d6c91bcbcc2a depth=0 name=chip.run ts=7228563525402859 dur=113723476 run_id=6 dispatch_id=6 slot_id=0 generation=6 run_epoch=6
[mono_ns=7228568444573351][T0xe61ee18d9020][TIMING] emit_host_span: [STRACE] v=1 pid=3713505 tid=3713505 inv=7 hid=6e59d6c91bcbcc2a depth=2 name=chip.run.bind.args ts=7228568444427890 dur=136961 
[mono_ns=7228568444598571][T0xe61ee18d9020][TIMING] emit_host_span: [STRACE] v=1 pid=3713505 tid=3713505 inv=7 hid=6e59d6c91bcbcc2a depth=2 name=chip.run.bind.prebuilt ts=7228568444587171 dur=8500 
[mono_ns=7228568444603561][T0xe61ee18d9020][TIMING] emit_host_span: [STRACE] v=1 pid=3713505 tid=3713505 inv=7 hid=6e59d6c91bcbcc2a depth=1 name=chip.run.bind ts=7228568444413590 dur=187211 
[mono_ns=7228568552803759][T0xe61ee18d9020][TIMING] emit_host_span: [STRACE] v=1 pid=3713505 tid=3713505 inv=7 hid=6e59d6c91bcbcc2a depth=1 name=chip.run.runner_run ts=7228568444891522 dur=107899547 
[mono_ns=7228568552898139][T0xe61ee18d9020][TIMING] emit_host_span: [STRACE] v=1 pid=3713505 tid=3713505 inv=7 hid=6e59d6c91bcbcc2a depth=1 name=chip.run.validate ts=7228568552813979 dur=80500 
[mono_ns=7228568552907480][T0xe61ee18d9020][TIMING] emit_host_span: [STRACE] v=1 pid=3713505 tid=3713505 inv=7 hid=6e59d6c91bcbcc2a depth=2 name=chip.run.runner_run.device_wall ts=0 dur=7037420 clk=dev
[mono_ns=7228568552914380][T0xe61ee18d9020][TIMING] emit_host_span: [STRACE] v=1 pid=3713505 tid=3713505 inv=7 hid=6e59d6c91bcbcc2a depth=3 name=chip.run.runner_run.device_wall.preamble ts=0 dur=6399 clk=dev
[mono_ns=7228568552918570][T0xe61ee18d9020][TIMING] emit_host_span: [STRACE] v=1 pid=3713505 tid=3713505 inv=7 hid=6e59d6c91bcbcc2a depth=3 name=chip.run.runner_run.device_wall.graph_build ts=1839 dur=7026120 clk=dev
[mono_ns=7228568552922240][T0xe61ee18d9020][TIMING] emit_host_span: [STRACE] v=1 pid=3713505 tid=3713505 inv=7 hid=6e59d6c91bcbcc2a depth=3 name=chip.run.runner_run.device_wall.config_validate ts=1960 dur=840 clk=dev
[mono_ns=7228568552925520][T0xe61ee18d9020][TIMING] emit_host_span: [STRACE] v=1 pid=3713505 tid=3713505 inv=7 hid=6e59d6c91bcbcc2a depth=3 name=chip.run.runner_run.device_wall.arena_wire ts=2820 dur=560 clk=dev
[mono_ns=7228568552928740][T0xe61ee18d9020][TIMING] emit_host_span: [STRACE] v=1 pid=3713505 tid=3713505 inv=7 hid=6e59d6c91bcbcc2a depth=3 name=chip.run.runner_run.device_wall.sm_reset ts=3420 dur=1359 clk=dev
[mono_ns=7228568552931730][T0xe61ee18d9020][TIMING] emit_host_span: [STRACE] v=1 pid=3713505 tid=3713505 inv=7 hid=6e59d6c91bcbcc2a depth=3 name=chip.run.runner_run.device_wall.post_orch ts=7028020 dur=9220 clk=dev
[mono_ns=7228568552934870][T0xe61ee18d9020][TIMING] emit_host_span: [STRACE] v=1 pid=3713505 tid=3713505 inv=7 hid=6e59d6c91bcbcc2a depth=3 name=chip.run.runner_run.device_wall.orch ts=5560 dur=8640 clk=dev
[mono_ns=7228568552937770][T0xe61ee18d9020][TIMING] emit_host_span: [STRACE] v=1 pid=3713505 tid=3713505 inv=7 hid=6e59d6c91bcbcc2a depth=3 name=chip.run.runner_run.device_wall.sched ts=6500 dur=7013780 clk=dev
[mono_ns=7228568552944550][T0xe61ee18d9020][TIMING] emit_host_span: [STRACE] v=1 pid=3713505 tid=3713505 inv=7 hid=6e59d6c91bcbcc2a depth=1 name=chip.run.claim_release ts=7228568552942200 dur=320 
[mono_ns=7228568552950260][T0xe61ee18d9020][TIMING] emit_host_span: [STRACE] v=1 pid=3713505 tid=3713505 inv=7 hid=6e59d6c91bcbcc2a depth=0 name=chip.run ts=7228568444312560 dur=108634890 run_id=7 dispatch_id=7 slot_id=0 generation=7 run_epoch=7
[mono_ns=7228568591517035][T0xe61ee18d9020][TIMING] emit_host_span: [STRACE] v=1 pid=3713505 tid=3713505 inv=8 hid=6e59d6c91bcbcc2a depth=2 name=chip.run.bind.args ts=7228568591405834 dur=106001 
[mono_ns=7228568591530865][T0xe61ee18d9020][TIMING] emit_host_span: [STRACE] v=1 pid=3713505 tid=3713505 inv=8 hid=6e59d6c91bcbcc2a depth=2 name=chip.run.bind.prebuilt ts=7228568591525515 dur=3120 
[mono_ns=7228568591535885][T0xe61ee18d9020][TIMING] emit_host_span: [STRACE] v=1 pid=3713505 tid=3713505 inv=8 hid=6e59d6c91bcbcc2a depth=1 name=chip.run.bind ts=7228568591395264 dur=137691 
[mono_ns=7228568596114151][T0xe61d90f1bca0][WARN] copy_aicore_buffer: [chip_swimlane_collector.cpp:689] Core 0: skipped 1024 AICore record slot(s) with start_time=0 (race-window write or recycled-buffer tail). buf seq=0 count=1024
[mono_ns=7228568596199081][T0xe61d845a9ca0][WARN] copy_aicore_buffer: [chip_swimlane_collector.cpp:689] Core 2: skipped 1024 AICore record slot(s) with start_time=0 (race-window write or recycled-buffer tail). buf seq=0 count=1024
[mono_ns=7228568596219551][T0xe61d84db9ca0][WARN] copy_aicore_buffer: [chip_swimlane_collector.cpp:689] Core 1: skipped 1024 AICore record slot(s) with start_time=0 (race-window write or recycled-buffer tail). buf seq=0 count=1024
[mono_ns=7228568596445762][T0xe61d90f1bca0][WARN] copy_aicore_buffer: [chip_swimlane_collector.cpp:689] Core 24: skipped 1022 AICore record slot(s) with start_time=0 (race-window write or recycled-buffer tail). buf seq=0 count=1024
[mono_ns=7228568596542262][T0xe61d845a9ca0][WARN] copy_aicore_buffer: [chip_swimlane_collector.cpp:689] Core 28: skipped 1024 AICore record slot(s) with start_time=0 (race-window write or recycled-buffer tail). buf seq=0 count=1024
[mono_ns=7228568596620453][T0xe61d84db9ca0][WARN] copy_aicore_buffer: [chip_swimlane_collector.cpp:689] Core 26: skipped 1023 AICore record slot(s) with start_time=0 (race-window write or recycled-buffer tail). buf seq=0 count=1024
[mono_ns=7228568596740873][T0xe61d90f1bca0][WARN] copy_aicore_buffer: [chip_swimlane_collector.cpp:689] Core 25: skipped 1024 AICore record slot(s) with start_time=0 (race-window write or recycled-buffer tail). buf seq=0 count=1024
[mono_ns=7228568596869893][T0xe61d845a9ca0][WARN] copy_aicore_buffer: [chip_swimlane_collector.cpp:689] Core 29: skipped 1024 AICore record slot(s) with start_time=0 (race-window write or recycled-buffer tail). buf seq=0 count=1024
[mono_ns=7228568596951864][T0xe61d84db9ca0][WARN] copy_aicore_buffer: [chip_swimlane_collector.cpp:689] Core 27: skipped 1024 AICore record slot(s) with start_time=0 (race-window write or recycled-buffer tail). buf seq=0 count=1024
[mono_ns=7228568597036574][T0xe61d90f1bca0][WARN] copy_aicore_buffer: [chip_swimlane_collector.cpp:689] Core 3: skipped 1024 AICore record slot(s) with start_time=0 (race-window write or recycled-buffer tail). buf seq=0 count=1024
[mono_ns=7228568597210585][T0xe61d845a9ca0][WARN] copy_aicore_buffer: [chip_swimlane_collector.cpp:689] Core 5: skipped 1024 AICore record slot(s) with start_time=0 (race-window write or recycled-buffer tail). buf seq=0 count=1024
[mono_ns=7228568597291645][T0xe61d84db9ca0][WARN] copy_aicore_buffer: [chip_swimlane_collector.cpp:689] Core 4: skipped 1024 AICore record slot(s) with start_time=0 (race-window write or recycled-buffer tail). buf seq=0 count=1024
[mono_ns=7228568597321005][T0xe61d90f1bca0][WARN] copy_aicore_buffer: [chip_swimlane_collector.cpp:689] Core 30: skipped 1024 AICore record slot(s) with start_time=0 (race-window write or recycled-buffer tail). buf seq=0 count=1024
[mono_ns=7228568597539356][T0xe61d845a9ca0][WARN] copy_aicore_buffer: [chip_swimlane_collector.cpp:689] Core 34: skipped 1024 AICore record slot(s) with start_time=0 (race-window write or recycled-buffer tail). buf seq=0 count=1024
[mono_ns=7228568597603076][T0xe61d90f1bca0][WARN] copy_aicore_buffer: [chip_swimlane_collector.cpp:689] Core 31: skipped 1024 AICore record slot(s) with start_time=0 (race-window write or recycled-buffer tail). buf seq=0 count=1024
[mono_ns=7228568597619456][T0xe61d84db9ca0][WARN] copy_aicore_buffer: [chip_swimlane_collector.cpp:689] Core 32: skipped 1024 AICore record slot(s) with start_time=0 (race-window write or recycled-buffer tail). buf seq=0 count=1024
[mono_ns=7228568597866377][T0xe61d845a9ca0][WARN] copy_aicore_buffer: [chip_swimlane_collector.cpp:689] Core 35: skipped 1024 AICore record slot(s) with start_time=0 (race-window write or recycled-buffer tail). buf seq=0 count=1024
[mono_ns=7228568597884437][T0xe61d90f1bca0][WARN] copy_aicore_buffer: [chip_swimlane_collector.cpp:689] Core 6: skipped 1024 AICore record slot(s) with start_time=0 (race-window write or recycled-buffer tail). buf seq=0 count=1024
[mono_ns=7228568597946707][T0xe61d84db9ca0][WARN] copy_aicore_buffer: [chip_swimlane_collector.cpp:689] Core 33: skipped 1024 AICore record slot(s) with start_time=0 (race-window write or recycled-buffer tail). buf seq=0 count=1024
[mono_ns=7228568598199918][T0xe61d845a9ca0][WARN] copy_aicore_buffer: [chip_swimlane_collector.cpp:689] Core 8: skipped 1024 AICore record slot(s) with start_time=0 (race-window write or recycled-buffer tail). buf seq=0 count=1024
[mono_ns=7228568598214538][T0xe61d90f1bca0][WARN] copy_aicore_buffer: [chip_swimlane_collector.cpp:689] Core 36: skipped 1024 AICore record slot(s) with start_time=0 (race-window write or recycled-buffer tail). buf seq=0 count=1024
[mono_ns=7228568598284668][T0xe61d84db9ca0][WARN] copy_aicore_buffer: [chip_swimlane_collector.cpp:689] Core 7: skipped 1024 AICore record slot(s) with start_time=0 (race-window write or recycled-buffer tail). buf seq=0 count=1024
[mono_ns=7228568598493539][T0xe61d90f1bca0][WARN] copy_aicore_buffer: [chip_swimlane_collector.cpp:689] Core 37: skipped 1024 AICore record slot(s) with start_time=0 (race-window write or recycled-buffer tail). buf seq=0 count=1024
[mono_ns=7228568598527209][T0xe61d845a9ca0][WARN] copy_aicore_buffer: [chip_swimlane_collector.cpp:689] Core 40: skipped 1024 AICore record slot(s) with start_time=0 (race-window write or recycled-buffer tail). buf seq=0 count=1024
[mono_ns=7228568598611780][T0xe61d84db9ca0][WARN] copy_aicore_buffer: [chip_swimlane_collector.cpp:689] Core 38: skipped 1024 AICore record slot(s) with start_time=0 (race-window write or recycled-buffer tail). buf seq=0 count=1024
[mono_ns=7228568598776210][T0xe61d90f1bca0][WARN] copy_aicore_buffer: [chip_swimlane_collector.cpp:689] Core 9: skipped 1024 AICore record slot(s) with start_time=0 (race-window write or recycled-buffer tail). buf seq=0 count=1024
[mono_ns=7228568598854870][T0xe61d845a9ca0][WARN] copy_aicore_buffer: [chip_swimlane_collector.cpp:689] Core 41: skipped 1024 AICore record slot(s) with start_time=0 (race-window write or recycled-buffer tail). buf seq=0 count=1024
[mono_ns=7228568598940381][T0xe61d84db9ca0][WARN] copy_aicore_buffer: [chip_swimlane_collector.cpp:689] Core 39: skipped 1024 AICore record slot(s) with start_time=0 (race-window write or recycled-buffer tail). buf seq=0 count=1024
[mono_ns=7228568599101551][T0xe61d90f1bca0][WARN] copy_aicore_buffer: [chip_swimlane_collector.cpp:689] Core 42: skipped 1024 AICore record slot(s) with start_time=0 (race-window write or recycled-buffer tail). buf seq=0 count=1024
[mono_ns=7228568599187262][T0xe61d845a9ca0][WARN] copy_aicore_buffer: [chip_swimlane_collector.cpp:689] Core 11: skipped 1024 AICore record slot(s) with start_time=0 (race-window write or recycled-buffer tail). buf seq=0 count=1024
[mono_ns=7228568599272632][T0xe61d84db9ca0][WARN] copy_aicore_buffer: [chip_swimlane_collector.cpp:689] Core 10: skipped 1024 AICore record slot(s) with start_time=0 (race-window write or recycled-buffer tail). buf seq=0 count=1024
[mono_ns=7228568599383292][T0xe61d90f1bca0][WARN] copy_aicore_buffer: [chip_swimlane_collector.cpp:689] Core 43: skipped 1024 AICore record slot(s) with start_time=0 (race-window write or recycled-buffer tail). buf seq=0 count=1024
[mono_ns=7228568599516243][T0xe61d845a9ca0][WARN] copy_aicore_buffer: [chip_swimlane_collector.cpp:689] Core 46: skipped 1024 AICore record slot(s) with start_time=0 (race-window write or recycled-buffer tail). buf seq=0 count=1024
[mono_ns=7228568599600133][T0xe61d84db9ca0][WARN] copy_aicore_buffer: [chip_swimlane_collector.cpp:689] Core 44: skipped 1024 AICore record slot(s) with start_time=0 (race-window write or recycled-buffer tail). buf seq=0 count=1024
[mono_ns=7228568599664363][T0xe61d90f1bca0][WARN] copy_aicore_buffer: [chip_swimlane_collector.cpp:689] Core 12: skipped 1024 AICore record slot(s) with start_time=0 (race-window write or recycled-buffer tail). buf seq=0 count=1024
[mono_ns=7228568599844064][T0xe61d845a9ca0][WARN] copy_aicore_buffer: [chip_swimlane_collector.cpp:689] Core 47: skipped 1024 AICore record slot(s) with start_time=0 (race-window write or recycled-buffer tail). buf seq=0 count=1024
[mono_ns=7228568599928274][T0xe61d84db9ca0][WARN] copy_aicore_buffer: [chip_swimlane_collector.cpp:689] Core 45: skipped 1024 AICore record slot(s) with start_time=0 (race-window write or recycled-buffer tail). buf seq=0 count=1024
[mono_ns=7228568599945924][T0xe61d90f1bca0][WARN] copy_aicore_buffer: [chip_swimlane_collector.cpp:689] Core 48: skipped 1024 AICore record slot(s) with start_time=0 (race-window write or recycled-buffer tail). buf seq=0 count=1024
[mono_ns=7228568600183815][T0xe61d845a9ca0][WARN] copy_aicore_buffer: [chip_swimlane_collector.cpp:689] Core 14: skipped 1024 AICore record slot(s) with start_time=0 (race-window write or recycled-buffer tail). buf seq=0 count=1024
[mono_ns=7228568600238285][T0xe61d90f1bca0][WARN] copy_aicore_buffer: [chip_swimlane_collector.cpp:689] Core 49: skipped 1024 AICore record slot(s) with start_time=0 (race-window write or recycled-buffer tail). buf seq=0 count=1024
[mono_ns=7228568600267485][T0xe61d84db9ca0][WARN] copy_aicore_buffer: [chip_swimlane_collector.cpp:689] Core 13: skipped 1024 AICore record slot(s) with start_time=0 (race-window write or recycled-buffer tail). buf seq=0 count=1024
[mono_ns=7228568600510646][T0xe61d845a9ca0][WARN] copy_aicore_buffer: [chip_swimlane_collector.cpp:689] Core 52: skipped 1024 AICore record slot(s) with start_time=0 (race-window write or recycled-buffer tail). buf seq=0 count=1024
[mono_ns=7228568600519596][T0xe61d90f1bca0][WARN] copy_aicore_buffer: [chip_swimlane_collector.cpp:689] Core 15: skipped 1024 AICore record slot(s) with start_time=0 (race-window write or recycled-buffer tail). buf seq=0 count=1024
[mono_ns=7228568600595206][T0xe61d84db9ca0][WARN] copy_aicore_buffer: [chip_swimlane_collector.cpp:689] Core 50: skipped 1024 AICore record slot(s) with start_time=0 (race-window write or recycled-buffer tail). buf seq=0 count=1024
[mono_ns=7228568600801487][T0xe61d90f1bca0][WARN] copy_aicore_buffer: [chip_swimlane_collector.cpp:689] Core 54: skipped 1024 AICore record slot(s) with start_time=0 (race-window write or recycled-buffer tail). buf seq=0 count=1024
[mono_ns=7228568600838507][T0xe61d845a9ca0][WARN] copy_aicore_buffer: [chip_swimlane_collector.cpp:689] Core 53: skipped 1024 AICore record slot(s) with start_time=0 (race-window write or recycled-buffer tail). buf seq=0 count=1024
[mono_ns=7228568600922728][T0xe61d84db9ca0][WARN] copy_aicore_buffer: [chip_swimlane_collector.cpp:689] Core 51: skipped 1024 AICore record slot(s) with start_time=0 (race-window write or recycled-buffer tail). buf seq=0 count=1024
[mono_ns=7228568601100358][T0xe61d90f1bca0][WARN] copy_aicore_buffer: [chip_swimlane_collector.cpp:689] Core 55: skipped 1024 AICore record slot(s) with start_time=0 (race-window write or recycled-buffer tail). buf seq=0 count=1024
[mono_ns=7228568601183779][T0xe61d845a9ca0][WARN] copy_aicore_buffer: [chip_swimlane_collector.cpp:689] Core 17: skipped 1024 AICore record slot(s) with start_time=0 (race-window write or recycled-buffer tail). buf seq=0 count=1024
[mono_ns=7228568601264659][T0xe61d84db9ca0][WARN] copy_aicore_buffer: [chip_swimlane_collector.cpp:689] Core 16: skipped 1024 AICore record slot(s) with start_time=0 (race-window write or recycled-buffer tail). buf seq=0 count=1024
[mono_ns=7228568601383069][T0xe61d90f1bca0][WARN] copy_aicore_buffer: [chip_swimlane_collector.cpp:689] Core 18: skipped 1024 AICore record slot(s) with start_time=0 (race-window write or recycled-buffer tail). buf seq=0 count=1024
[mono_ns=7228568601606380][T0xe61d84db9ca0][WARN] copy_aicore_buffer: [chip_swimlane_collector.cpp:689] Core 56: skipped 1024 AICore record slot(s) with start_time=0 (race-window write or recycled-buffer tail). buf seq=0 count=1024
[mono_ns=7228568601661900][T0xe61d90f1bca0][WARN] copy_aicore_buffer: [chip_swimlane_collector.cpp:689] Core 60: skipped 1024 AICore record slot(s) with start_time=0 (race-window write or recycled-buffer tail). buf seq=0 count=1024
[mono_ns=7228568601698710][T0xe61d845a9ca0][WARN] copy_aicore_buffer: [chip_swimlane_collector.cpp:689] Core 58: skipped 1024 AICore record slot(s) with start_time=0 (race-window write or recycled-buffer tail). buf seq=0 count=1024
[mono_ns=7228568601932441][T0xe61d84db9ca0][WARN] copy_aicore_buffer: [chip_swimlane_collector.cpp:689] Core 57: skipped 1024 AICore record slot(s) with start_time=0 (race-window write or recycled-buffer tail). buf seq=0 count=1024
[mono_ns=7228568601943801][T0xe61d90f1bca0][WARN] copy_aicore_buffer: [chip_swimlane_collector.cpp:689] Core 61: skipped 1024 AICore record slot(s) with start_time=0 (race-window write or recycled-buffer tail). buf seq=0 count=1024
[mono_ns=7228568602095922][T0xe61d845a9ca0][WARN] copy_aicore_buffer: [chip_swimlane_collector.cpp:689] Core 59: skipped 1024 AICore record slot(s) with start_time=0 (race-window write or recycled-buffer tail). buf seq=0 count=1024
[mono_ns=7228568602236512][T0xe61d90f1bca0][WARN] copy_aicore_buffer: [chip_swimlane_collector.cpp:689] Core 21: skipped 1024 AICore record slot(s) with start_time=0 (race-window write or recycled-buffer tail). buf seq=0 count=1024
[mono_ns=7228568602271862][T0xe61d84db9ca0][WARN] copy_aicore_buffer: [chip_swimlane_collector.cpp:689] Core 19: skipped 1024 AICore record slot(s) with start_time=0 (race-window write or recycled-buffer tail). buf seq=0 count=1024
[mono_ns=7228568602458353][T0xe61d845a9ca0][WARN] copy_aicore_buffer: [chip_swimlane_collector.cpp:689] Core 20: skipped 1024 AICore record slot(s) with start_time=0 (race-window write or recycled-buffer tail). buf seq=0 count=1024
[mono_ns=7228568602519493][T0xe61d90f1bca0][WARN] copy_aicore_buffer: [chip_swimlane_collector.cpp:689] Core 66: skipped 1024 AICore record slot(s) with start_time=0 (race-window write or recycled-buffer tail). buf seq=0 count=1024
[mono_ns=7228568602598563][T0xe61d84db9ca0][WARN] copy_aicore_buffer: [chip_swimlane_collector.cpp:689] Core 62: skipped 1024 AICore record slot(s) with start_time=0 (race-window write or recycled-buffer tail). buf seq=0 count=1024
[mono_ns=7228568602776364][T0xe61d845a9ca0][WARN] copy_aicore_buffer: [chip_swimlane_collector.cpp:689] Core 64: skipped 1024 AICore record slot(s) with start_time=0 (race-window write or recycled-buffer tail). buf seq=0 count=1024
[mono_ns=7228568602801704][T0xe61d90f1bca0][WARN] copy_aicore_buffer: [chip_swimlane_collector.cpp:689] Core 67: skipped 1024 AICore record slot(s) with start_time=0 (race-window write or recycled-buffer tail). buf seq=0 count=1024
[mono_ns=7228568602925195][T0xe61d84db9ca0][WARN] copy_aicore_buffer: [chip_swimlane_collector.cpp:689] Core 63: skipped 1024 AICore record slot(s) with start_time=0 (race-window write or recycled-buffer tail). buf seq=0 count=1024
[mono_ns=7228568603106925][T0xe61d845a9ca0][WARN] copy_aicore_buffer: [chip_swimlane_collector.cpp:689] Core 65: skipped 1024 AICore record slot(s) with start_time=0 (race-window write or recycled-buffer tail). buf seq=0 count=1024
[mono_ns=7228568603265116][T0xe61d84db9ca0][WARN] copy_aicore_buffer: [chip_swimlane_collector.cpp:689] Core 22: skipped 1024 AICore record slot(s) with start_time=0 (race-window write or recycled-buffer tail). buf seq=0 count=1024
[mono_ns=7228568603424716][T0xe61d845a9ca0][WARN] copy_aicore_buffer: [chip_swimlane_collector.cpp:689] Core 23: skipped 1024 AICore record slot(s) with start_time=0 (race-window write or recycled-buffer tail). buf seq=0 count=1024
[mono_ns=7228568603591917][T0xe61d84db9ca0][WARN] copy_aicore_buffer: [chip_swimlane_collector.cpp:689] Core 68: skipped 1024 AICore record slot(s) with start_time=0 (race-window write or recycled-buffer tail). buf seq=0 count=1024
[mono_ns=7228568603742147][T0xe61d845a9ca0][WARN] copy_aicore_buffer: [chip_swimlane_collector.cpp:689] Core 70: skipped 1024 AICore record slot(s) with start_time=0 (race-window write or recycled-buffer tail). buf seq=0 count=1024
[mono_ns=7228568603930848][T0xe61d84db9ca0][WARN] copy_aicore_buffer: [chip_swimlane_collector.cpp:689] Core 69: skipped 1024 AICore record slot(s) with start_time=0 (race-window write or recycled-buffer tail). buf seq=0 count=1024
[mono_ns=7228568604069149][T0xe61d845a9ca0][WARN] copy_aicore_buffer: [chip_swimlane_collector.cpp:689] Core 71: skipped 1024 AICore record slot(s) with start_time=0 (race-window write or recycled-buffer tail). buf seq=0 count=1024
[mono_ns=7228568704627231][T0xe61ee18d9020][TIMING] emit_host_span: [STRACE] v=1 pid=3713505 tid=3713505 inv=8 hid=6e59d6c91bcbcc2a depth=1 name=chip.run.runner_run ts=7228568592046157 dur=112574994 
[mono_ns=7228568704712211][T0xe61ee18d9020][TIMING] emit_host_span: [STRACE] v=1 pid=3713505 tid=3713505 inv=8 hid=6e59d6c91bcbcc2a depth=1 name=chip.run.validate ts=7228568704637061 dur=71730 
[mono_ns=7228568704719311][T0xe61ee18d9020][TIMING] emit_host_span: [STRACE] v=1 pid=3713505 tid=3713505 inv=8 hid=6e59d6c91bcbcc2a depth=2 name=chip.run.runner_run.device_wall ts=0 dur=3605440 clk=dev
[mono_ns=7228568704723271][T0xe61ee18d9020][TIMING] emit_host_span: [STRACE] v=1 pid=3713505 tid=3713505 inv=8 hid=6e59d6c91bcbcc2a depth=3 name=chip.run.runner_run.device_wall.preamble ts=0 dur=103220 clk=dev
[mono_ns=7228568704726611][T0xe61ee18d9020][TIMING] emit_host_span: [STRACE] v=1 pid=3713505 tid=3713505 inv=8 hid=6e59d6c91bcbcc2a depth=3 name=chip.run.runner_run.device_wall.graph_build ts=97820 dur=3498580 clk=dev
[mono_ns=7228568704729951][T0xe61ee18d9020][TIMING] emit_host_span: [STRACE] v=1 pid=3713505 tid=3713505 inv=8 hid=6e59d6c91bcbcc2a depth=3 name=chip.run.runner_run.device_wall.config_validate ts=97940 dur=679 clk=dev
[mono_ns=7228568704733121][T0xe61ee18d9020][TIMING] emit_host_span: [STRACE] v=1 pid=3713505 tid=3713505 inv=8 hid=6e59d6c91bcbcc2a depth=3 name=chip.run.runner_run.device_wall.arena_wire ts=98640 dur=300 clk=dev
[mono_ns=7228568704736791][T0xe61ee18d9020][TIMING] emit_host_span: [STRACE] v=1 pid=3713505 tid=3713505 inv=8 hid=6e59d6c91bcbcc2a depth=3 name=chip.run.runner_run.device_wall.sm_reset ts=98960 dur=520 clk=dev
[mono_ns=7228568704743581][T0xe61ee18d9020][TIMING] emit_host_span: [STRACE] v=1 pid=3713505 tid=3713505 inv=8 hid=6e59d6c91bcbcc2a depth=3 name=chip.run.runner_run.device_wall.post_orch ts=3596439 dur=8900 clk=dev
[mono_ns=7228568704746681][T0xe61ee18d9020][TIMING] emit_host_span: [STRACE] v=1 pid=3713505 tid=3713505 inv=8 hid=6e59d6c91bcbcc2a depth=3 name=chip.run.runner_run.device_wall.orch ts=99520 dur=3719 clk=dev
[mono_ns=7228568704749911][T0xe61ee18d9020][TIMING] emit_host_span: [STRACE] v=1 pid=3713505 tid=3713505 inv=8 hid=6e59d6c91bcbcc2a depth=3 name=chip.run.runner_run.device_wall.sched ts=103300 dur=3468920 clk=dev
[mono_ns=7228568704754371][T0xe61ee18d9020][TIMING] emit_host_span: [STRACE] v=1 pid=3713505 tid=3713505 inv=8 hid=6e59d6c91bcbcc2a depth=1 name=chip.run.claim_release ts=7228568704751821 dur=620 
[mono_ns=7228568704759371][T0xe61ee18d9020][TIMING] emit_host_span: [STRACE] v=1 pid=3713505 tid=3713505 inv=8 hid=6e59d6c91bcbcc2a depth=0 name=chip.run ts=7228568591355664 dur=113401527 run_id=8 dispatch_id=8 slot_id=0 generation=8 run_epoch=8
[mono_ns=7228573516211689][T0xe61ee18d9020][TIMING] emit_host_span: [STRACE] v=1 pid=3713505 tid=3713505 inv=9 hid=6e59d6c91bcbcc2a depth=2 name=chip.run.bind.args ts=7228573516078049 dur=126640 
[mono_ns=7228573516232399][T0xe61ee18d9020][TIMING] emit_host_span: [STRACE] v=1 pid=3713505 tid=3713505 inv=9 hid=6e59d6c91bcbcc2a depth=2 name=chip.run.bind.prebuilt ts=7228573516224879 dur=5020 
[mono_ns=7228573516237249][T0xe61ee18d9020][TIMING] emit_host_span: [STRACE] v=1 pid=3713505 tid=3713505 inv=9 hid=6e59d6c91bcbcc2a depth=1 name=chip.run.bind ts=7228573516065709 dur=169020 
[mono_ns=7228573620430506][T0xe61ee18d9020][TIMING] emit_host_span: [STRACE] v=1 pid=3713505 tid=3713505 inv=9 hid=6e59d6c91bcbcc2a depth=1 name=chip.run.runner_run ts=7228573516465470 dur=103952616 
[mono_ns=7228573620531866][T0xe61ee18d9020][TIMING] emit_host_span: [STRACE] v=1 pid=3713505 tid=3713505 inv=9 hid=6e59d6c91bcbcc2a depth=1 name=chip.run.validate ts=7228573620444796 dur=83260 
[mono_ns=7228573620539656][T0xe61ee18d9020][TIMING] emit_host_span: [STRACE] v=1 pid=3713505 tid=3713505 inv=9 hid=6e59d6c91bcbcc2a depth=2 name=chip.run.runner_run.device_wall ts=0 dur=7206920 clk=dev
[mono_ns=7228573620544126][T0xe61ee18d9020][TIMING] emit_host_span: [STRACE] v=1 pid=3713505 tid=3713505 inv=9 hid=6e59d6c91bcbcc2a depth=3 name=chip.run.runner_run.device_wall.preamble ts=0 dur=6460 clk=dev
[mono_ns=7228573620547726][T0xe61ee18d9020][TIMING] emit_host_span: [STRACE] v=1 pid=3713505 tid=3713505 inv=9 hid=6e59d6c91bcbcc2a depth=3 name=chip.run.runner_run.device_wall.graph_build ts=1740 dur=7195560 clk=dev
[mono_ns=7228573620551006][T0xe61ee18d9020][TIMING] emit_host_span: [STRACE] v=1 pid=3713505 tid=3713505 inv=9 hid=6e59d6c91bcbcc2a depth=3 name=chip.run.runner_run.device_wall.config_validate ts=1839 dur=880 clk=dev
[mono_ns=7228573620554316][T0xe61ee18d9020][TIMING] emit_host_span: [STRACE] v=1 pid=3713505 tid=3713505 inv=9 hid=6e59d6c91bcbcc2a depth=3 name=chip.run.runner_run.device_wall.arena_wire ts=2760 dur=620 clk=dev
[mono_ns=7228573620557266][T0xe61ee18d9020][TIMING] emit_host_span: [STRACE] v=1 pid=3713505 tid=3713505 inv=9 hid=6e59d6c91bcbcc2a depth=3 name=chip.run.runner_run.device_wall.sm_reset ts=3400 dur=1500 clk=dev
[mono_ns=7228573620566256][T0xe61ee18d9020][TIMING] emit_host_span: [STRACE] v=1 pid=3713505 tid=3713505 inv=9 hid=6e59d6c91bcbcc2a depth=3 name=chip.run.runner_run.device_wall.post_orch ts=7197340 dur=9480 clk=dev
[mono_ns=7228573620569896][T0xe61ee18d9020][TIMING] emit_host_span: [STRACE] v=1 pid=3713505 tid=3713505 inv=9 hid=6e59d6c91bcbcc2a depth=3 name=chip.run.runner_run.device_wall.orch ts=5699 dur=21400 clk=dev
[mono_ns=7228573620572846][T0xe61ee18d9020][TIMING] emit_host_span: [STRACE] v=1 pid=3713505 tid=3713505 inv=9 hid=6e59d6c91bcbcc2a depth=3 name=chip.run.runner_run.device_wall.sched ts=7040 dur=7182780 clk=dev
[mono_ns=7228573620578516][T0xe61ee18d9020][TIMING] emit_host_span: [STRACE] v=1 pid=3713505 tid=3713505 inv=9 hid=6e59d6c91bcbcc2a depth=1 name=chip.run.claim_release ts=7228573620576126 dur=580 
[mono_ns=7228573620583576][T0xe61ee18d9020][TIMING] emit_host_span: [STRACE] v=1 pid=3713505 tid=3713505 inv=9 hid=6e59d6c91bcbcc2a depth=0 name=chip.run ts=7228573515997378 dur=104584138 run_id=9 dispatch_id=9 slot_id=0 generation=9 run_epoch=9
[mono_ns=7228598719535407][T0xe61d90f1bca0][ERROR] poll_and_collect_loop: [profiler_base.h:1283] ChipSwimlane collector idle timeout after 30 seconds — staying alive until execution completes
[mono_ns=7228598722685058][T0xe61d84db9ca0][ERROR] poll_and_collect_loop: [profiler_base.h:1283] ChipSwimlane collector idle timeout after 30 seconds — staying alive until execution completes
[mono_ns=7228598724094293][T0xe61d845a9ca0][ERROR] poll_and_collect_loop: [profiler_base.h:1283] ChipSwimlane collector idle timeout after 30 seconds — staying alive until execution completes
[mono_ns=7228603633597564][T0xe61d1ad6cca0][ERROR] poll_and_collect_loop: [profiler_base.h:1283] DepGen collector idle timeout after 30 seconds — staying alive until execution completes
[mono_ns=7228749376647363][T0xe61ee18d9020][ERROR] file_barrier: [comm_hccl.cpp:218] [comm rank 1] file_barrier('alloc_0_release') timed out after 120s waiting for rank 7
[mono_ns=7228749376672053][T0xe61ee18d9020][WARN] comm_release_domain_windows: [comm_hccl.cpp:1520] [comm rank 1] release_domain: barrier timed out; releasing local state anyway
[mono_ns=7228874090203103][T0xe61ee18d9020][WARN] comm_destroy: [comm_hccl.cpp:1800] [comm rank 1] comm_destroy: final release failed during release wait for rank 1
