[mono_ns=7228553186722554][T0xe61ee18d9020][TIMING] emit_host_span: [STRACE] v=1 pid=3713520 tid=3713520 inv=1 hid=6e59d6c91bcbcc2a depth=2 name=chip.run.bind.args ts=7228553186606923 dur=110011 
[mono_ns=7228553186738844][T0xe61ee18d9020][TIMING] emit_host_span: [STRACE] v=1 pid=3713520 tid=3713520 inv=1 hid=6e59d6c91bcbcc2a depth=2 name=chip.run.bind.prebuilt ts=7228553186732734 dur=2580 
[mono_ns=7228553186743694][T0xe61ee18d9020][TIMING] emit_host_span: [STRACE] v=1 pid=3713520 tid=3713520 inv=1 hid=6e59d6c91bcbcc2a depth=1 name=chip.run.bind ts=7228553186180472 dur=561052 
[mono_ns=7228553300845096][T0xe61ee18d9020][TIMING] emit_host_span: [STRACE] v=1 pid=3713520 tid=3713520 inv=1 hid=6e59d6c91bcbcc2a depth=1 name=chip.run.runner_run ts=7228553187393896 dur=113441300 
[mono_ns=7228553300955326][T0xe61ee18d9020][TIMING] emit_host_span: [STRACE] v=1 pid=3713520 tid=3713520 inv=1 hid=6e59d6c91bcbcc2a depth=1 name=chip.run.validate ts=7228553300855356 dur=96350 
[mono_ns=7228553300964087][T0xe61ee18d9020][TIMING] emit_host_span: [STRACE] v=1 pid=3713520 tid=3713520 inv=1 hid=6e59d6c91bcbcc2a depth=2 name=chip.run.runner_run.device_wall ts=0 dur=1005160 clk=dev
[mono_ns=7228553300968377][T0xe61ee18d9020][TIMING] emit_host_span: [STRACE] v=1 pid=3713520 tid=3713520 inv=1 hid=6e59d6c91bcbcc2a depth=3 name=chip.run.runner_run.device_wall.preamble ts=0 dur=178760 clk=dev
[mono_ns=7228553300972167][T0xe61ee18d9020][TIMING] emit_host_span: [STRACE] v=1 pid=3713520 tid=3713520 inv=1 hid=6e59d6c91bcbcc2a depth=3 name=chip.run.runner_run.device_wall.graph_build ts=38200 dur=946820 clk=dev
[mono_ns=7228553300975857][T0xe61ee18d9020][TIMING] emit_host_span: [STRACE] v=1 pid=3713520 tid=3713520 inv=1 hid=6e59d6c91bcbcc2a depth=3 name=chip.run.runner_run.device_wall.config_validate ts=42060 dur=3020 clk=dev
[mono_ns=7228553300979247][T0xe61ee18d9020][TIMING] emit_host_span: [STRACE] v=1 pid=3713520 tid=3713520 inv=1 hid=6e59d6c91bcbcc2a depth=3 name=chip.run.runner_run.device_wall.arena_wire ts=45160 dur=12700 clk=dev
[mono_ns=7228553300982497][T0xe61ee18d9020][TIMING] emit_host_span: [STRACE] v=1 pid=3713520 tid=3713520 inv=1 hid=6e59d6c91bcbcc2a depth=3 name=chip.run.runner_run.device_wall.sm_reset ts=57900 dur=18500 clk=dev
[mono_ns=7228553300985767][T0xe61ee18d9020][TIMING] emit_host_span: [STRACE] v=1 pid=3713520 tid=3713520 inv=1 hid=6e59d6c91bcbcc2a depth=3 name=chip.run.runner_run.device_wall.post_orch ts=985079 dur=16600 clk=dev
[mono_ns=7228553300988927][T0xe61ee18d9020][TIMING] emit_host_span: [STRACE] v=1 pid=3713520 tid=3713520 inv=1 hid=6e59d6c91bcbcc2a depth=3 name=chip.run.runner_run.device_wall.orch ts=82140 dur=42980 clk=dev
[mono_ns=7228553300992177][T0xe61ee18d9020][TIMING] emit_host_span: [STRACE] v=1 pid=3713520 tid=3713520 inv=1 hid=6e59d6c91bcbcc2a depth=3 name=chip.run.runner_run.device_wall.sched ts=180380 dur=782480 clk=dev
[mono_ns=7228553300997167][T0xe61ee18d9020][TIMING] emit_host_span: [STRACE] v=1 pid=3713520 tid=3713520 inv=1 hid=6e59d6c91bcbcc2a depth=1 name=chip.run.claim_release ts=7228553300994537 dur=360 
[mono_ns=7228553301014797][T0xe61ee18d9020][TIMING] emit_host_span: [STRACE] v=1 pid=3713520 tid=3713520 inv=1 hid=6e59d6c91bcbcc2a depth=0 name=chip.run ts=7228553186156002 dur=114843655 run_id=1 dispatch_id=1 slot_id=0 generation=1 run_epoch=1
[mono_ns=7228553312339756][T0xe61ee18d9020][TIMING] emit_host_span: [STRACE] v=1 pid=3713520 tid=3713520 inv=2 hid=6e59d6c91bcbcc2a depth=2 name=chip.run.bind.args ts=7228553312240895 dur=94161 
[mono_ns=7228553312352036][T0xe61ee18d9020][TIMING] emit_host_span: [STRACE] v=1 pid=3713520 tid=3713520 inv=2 hid=6e59d6c91bcbcc2a depth=2 name=chip.run.bind.prebuilt ts=7228553312346616 dur=3020 
[mono_ns=7228553312355966][T0xe61ee18d9020][TIMING] emit_host_span: [STRACE] v=1 pid=3713520 tid=3713520 inv=2 hid=6e59d6c91bcbcc2a depth=1 name=chip.run.bind ts=7228553312233825 dur=120201 
[mono_ns=7228553373475346][T0xe61d90f1bca0][WARN] copy_aicore_buffer: [chip_swimlane_collector.cpp:689] Core 0: skipped 1024 AICore record slot(s) with start_time=0 (race-window write or recycled-buffer tail). buf seq=0 count=1024
[mono_ns=7228553373474066][T0xe61d84db9ca0][WARN] copy_aicore_buffer: [chip_swimlane_collector.cpp:689] Core 1: skipped 1024 AICore record slot(s) with start_time=0 (race-window write or recycled-buffer tail). buf seq=0 count=1024
[mono_ns=7228553373496596][T0xe61d845a9ca0][WARN] copy_aicore_buffer: [chip_swimlane_collector.cpp:689] Core 2: skipped 1024 AICore record slot(s) with start_time=0 (race-window write or recycled-buffer tail). buf seq=0 count=1024
[mono_ns=7228553373812137][T0xe61d90f1bca0][WARN] copy_aicore_buffer: [chip_swimlane_collector.cpp:689] Core 24: skipped 1024 AICore record slot(s) with start_time=0 (race-window write or recycled-buffer tail). buf seq=0 count=1024
[mono_ns=7228553373817017][T0xe61d84db9ca0][WARN] copy_aicore_buffer: [chip_swimlane_collector.cpp:689] Core 26: skipped 1022 AICore record slot(s) with start_time=0 (race-window write or recycled-buffer tail). buf seq=0 count=1024
[mono_ns=7228553373818317][T0xe61d845a9ca0][WARN] copy_aicore_buffer: [chip_swimlane_collector.cpp:689] Core 28: skipped 1023 AICore record slot(s) with start_time=0 (race-window write or recycled-buffer tail). buf seq=0 count=1024
[mono_ns=7228553374165568][T0xe61d845a9ca0][WARN] copy_aicore_buffer: [chip_swimlane_collector.cpp:689] Core 29: skipped 1024 AICore record slot(s) with start_time=0 (race-window write or recycled-buffer tail). buf seq=0 count=1024
[mono_ns=7228553374166808][T0xe61d90f1bca0][WARN] copy_aicore_buffer: [chip_swimlane_collector.cpp:689] Core 25: skipped 1024 AICore record slot(s) with start_time=0 (race-window write or recycled-buffer tail). buf seq=0 count=1024
[mono_ns=7228553374171218][T0xe61d84db9ca0][WARN] copy_aicore_buffer: [chip_swimlane_collector.cpp:689] Core 27: skipped 1024 AICore record slot(s) with start_time=0 (race-window write or recycled-buffer tail). buf seq=0 count=1024
[mono_ns=7228553374549180][T0xe61d845a9ca0][WARN] copy_aicore_buffer: [chip_swimlane_collector.cpp:689] Core 5: skipped 1024 AICore record slot(s) with start_time=0 (race-window write or recycled-buffer tail). buf seq=0 count=1024
[mono_ns=7228553374583790][T0xe61d84db9ca0][WARN] copy_aicore_buffer: [chip_swimlane_collector.cpp:689] Core 4: skipped 1024 AICore record slot(s) with start_time=0 (race-window write or recycled-buffer tail). buf seq=0 count=1024
[mono_ns=7228553374592570][T0xe61d90f1bca0][WARN] copy_aicore_buffer: [chip_swimlane_collector.cpp:689] Core 3: skipped 1024 AICore record slot(s) with start_time=0 (race-window write or recycled-buffer tail). buf seq=0 count=1024
[mono_ns=7228553374884321][T0xe61d845a9ca0][WARN] copy_aicore_buffer: [chip_swimlane_collector.cpp:689] Core 34: skipped 1024 AICore record slot(s) with start_time=0 (race-window write or recycled-buffer tail). buf seq=0 count=1024
[mono_ns=7228553374923081][T0xe61d84db9ca0][WARN] copy_aicore_buffer: [chip_swimlane_collector.cpp:689] Core 32: skipped 1024 AICore record slot(s) with start_time=0 (race-window write or recycled-buffer tail). buf seq=0 count=1024
[mono_ns=7228553374932311][T0xe61d90f1bca0][WARN] copy_aicore_buffer: [chip_swimlane_collector.cpp:689] Core 30: skipped 1024 AICore record slot(s) with start_time=0 (race-window write or recycled-buffer tail). buf seq=0 count=1024
[mono_ns=7228553375218542][T0xe61d845a9ca0][WARN] copy_aicore_buffer: [chip_swimlane_collector.cpp:689] Core 35: skipped 1024 AICore record slot(s) with start_time=0 (race-window write or recycled-buffer tail). buf seq=0 count=1024
[mono_ns=7228553375270402][T0xe61d84db9ca0][WARN] copy_aicore_buffer: [chip_swimlane_collector.cpp:689] Core 33: skipped 1024 AICore record slot(s) with start_time=0 (race-window write or recycled-buffer tail). buf seq=0 count=1024
[mono_ns=7228553375279142][T0xe61d90f1bca0][WARN] copy_aicore_buffer: [chip_swimlane_collector.cpp:689] Core 31: skipped 1024 AICore record slot(s) with start_time=0 (race-window write or recycled-buffer tail). buf seq=0 count=1024
[mono_ns=7228553375544293][T0xe61d845a9ca0][WARN] copy_aicore_buffer: [chip_swimlane_collector.cpp:689] Core 8: skipped 1024 AICore record slot(s) with start_time=0 (race-window write or recycled-buffer tail). buf seq=0 count=1024
[mono_ns=7228553375612963][T0xe61d90f1bca0][WARN] copy_aicore_buffer: [chip_swimlane_collector.cpp:689] Core 6: skipped 1024 AICore record slot(s) with start_time=0 (race-window write or recycled-buffer tail). buf seq=0 count=1024
[mono_ns=7228553375613253][T0xe61d84db9ca0][WARN] copy_aicore_buffer: [chip_swimlane_collector.cpp:689] Core 7: skipped 1024 AICore record slot(s) with start_time=0 (race-window write or recycled-buffer tail). buf seq=0 count=1024
[mono_ns=7228553375869794][T0xe61d845a9ca0][WARN] copy_aicore_buffer: [chip_swimlane_collector.cpp:689] Core 40: skipped 1024 AICore record slot(s) with start_time=0 (race-window write or recycled-buffer tail). buf seq=0 count=1024
[mono_ns=7228553375948884][T0xe61d90f1bca0][WARN] copy_aicore_buffer: [chip_swimlane_collector.cpp:689] Core 36: skipped 1024 AICore record slot(s) with start_time=0 (race-window write or recycled-buffer tail). buf seq=0 count=1024
[mono_ns=7228553375957684][T0xe61d84db9ca0][WARN] copy_aicore_buffer: [chip_swimlane_collector.cpp:689] Core 38: skipped 1024 AICore record slot(s) with start_time=0 (race-window write or recycled-buffer tail). buf seq=0 count=1024
[mono_ns=7228553376204495][T0xe61d845a9ca0][WARN] copy_aicore_buffer: [chip_swimlane_collector.cpp:689] Core 41: skipped 1024 AICore record slot(s) with start_time=0 (race-window write or recycled-buffer tail). buf seq=0 count=1024
[mono_ns=7228553376293826][T0xe61d90f1bca0][WARN] copy_aicore_buffer: [chip_swimlane_collector.cpp:689] Core 37: skipped 1024 AICore record slot(s) with start_time=0 (race-window write or recycled-buffer tail). buf seq=0 count=1024
[mono_ns=7228553376297986][T0xe61d84db9ca0][WARN] copy_aicore_buffer: [chip_swimlane_collector.cpp:689] Core 39: skipped 1024 AICore record slot(s) with start_time=0 (race-window write or recycled-buffer tail). buf seq=0 count=1024
[mono_ns=7228553376530276][T0xe61d845a9ca0][WARN] copy_aicore_buffer: [chip_swimlane_collector.cpp:689] Core 11: skipped 1024 AICore record slot(s) with start_time=0 (race-window write or recycled-buffer tail). buf seq=0 count=1024
[mono_ns=7228553376626117][T0xe61d90f1bca0][WARN] copy_aicore_buffer: [chip_swimlane_collector.cpp:689] Core 9: skipped 1024 AICore record slot(s) with start_time=0 (race-window write or recycled-buffer tail). buf seq=0 count=1024
[mono_ns=7228553376636447][T0xe61d84db9ca0][WARN] copy_aicore_buffer: [chip_swimlane_collector.cpp:689] Core 10: skipped 1024 AICore record slot(s) with start_time=0 (race-window write or recycled-buffer tail). buf seq=0 count=1024
[mono_ns=7228553376855928][T0xe61d845a9ca0][WARN] copy_aicore_buffer: [chip_swimlane_collector.cpp:689] Core 46: skipped 1024 AICore record slot(s) with start_time=0 (race-window write or recycled-buffer tail). buf seq=0 count=1024
[mono_ns=7228553376957588][T0xe61d90f1bca0][WARN] copy_aicore_buffer: [chip_swimlane_collector.cpp:689] Core 42: skipped 1024 AICore record slot(s) with start_time=0 (race-window write or recycled-buffer tail). buf seq=0 count=1024
[mono_ns=7228553376969848][T0xe61d84db9ca0][WARN] copy_aicore_buffer: [chip_swimlane_collector.cpp:689] Core 44: skipped 1024 AICore record slot(s) with start_time=0 (race-window write or recycled-buffer tail). buf seq=0 count=1024
[mono_ns=7228553377191009][T0xe61d845a9ca0][WARN] copy_aicore_buffer: [chip_swimlane_collector.cpp:689] Core 47: skipped 1024 AICore record slot(s) with start_time=0 (race-window write or recycled-buffer tail). buf seq=0 count=1024
[mono_ns=7228553377304409][T0xe61d90f1bca0][WARN] copy_aicore_buffer: [chip_swimlane_collector.cpp:689] Core 43: skipped 1024 AICore record slot(s) with start_time=0 (race-window write or recycled-buffer tail). buf seq=0 count=1024
[mono_ns=7228553377315679][T0xe61d84db9ca0][WARN] copy_aicore_buffer: [chip_swimlane_collector.cpp:689] Core 45: skipped 1024 AICore record slot(s) with start_time=0 (race-window write or recycled-buffer tail). buf seq=0 count=1024
[mono_ns=7228553377517320][T0xe61d845a9ca0][WARN] copy_aicore_buffer: [chip_swimlane_collector.cpp:689] Core 14: skipped 1024 AICore record slot(s) with start_time=0 (race-window write or recycled-buffer tail). buf seq=0 count=1024
[mono_ns=7228553377640940][T0xe61d90f1bca0][WARN] copy_aicore_buffer: [chip_swimlane_collector.cpp:689] Core 12: skipped 1024 AICore record slot(s) with start_time=0 (race-window write or recycled-buffer tail). buf seq=0 count=1024
[mono_ns=7228553377648870][T0xe61d84db9ca0][WARN] copy_aicore_buffer: [chip_swimlane_collector.cpp:689] Core 13: skipped 1024 AICore record slot(s) with start_time=0 (race-window write or recycled-buffer tail). buf seq=0 count=1024
[mono_ns=7228553377839281][T0xe61d845a9ca0][WARN] copy_aicore_buffer: [chip_swimlane_collector.cpp:689] Core 52: skipped 1024 AICore record slot(s) with start_time=0 (race-window write or recycled-buffer tail). buf seq=0 count=1024
[mono_ns=7228553377974981][T0xe61d90f1bca0][WARN] copy_aicore_buffer: [chip_swimlane_collector.cpp:689] Core 48: skipped 1024 AICore record slot(s) with start_time=0 (race-window write or recycled-buffer tail). buf seq=0 count=1024
[mono_ns=7228553377981371][T0xe61d84db9ca0][WARN] copy_aicore_buffer: [chip_swimlane_collector.cpp:689] Core 50: skipped 1024 AICore record slot(s) with start_time=0 (race-window write or recycled-buffer tail). buf seq=0 count=1024
[mono_ns=7228553378244322][T0xe61d845a9ca0][WARN] copy_aicore_buffer: [chip_swimlane_collector.cpp:689] Core 53: skipped 1024 AICore record slot(s) with start_time=0 (race-window write or recycled-buffer tail). buf seq=0 count=1024
[mono_ns=7228553378323783][T0xe61d90f1bca0][WARN] copy_aicore_buffer: [chip_swimlane_collector.cpp:689] Core 49: skipped 1024 AICore record slot(s) with start_time=0 (race-window write or recycled-buffer tail). buf seq=0 count=1024
[mono_ns=7228553378327343][T0xe61d84db9ca0][WARN] copy_aicore_buffer: [chip_swimlane_collector.cpp:689] Core 51: skipped 1024 AICore record slot(s) with start_time=0 (race-window write or recycled-buffer tail). buf seq=0 count=1024
[mono_ns=7228553378570153][T0xe61d845a9ca0][WARN] copy_aicore_buffer: [chip_swimlane_collector.cpp:689] Core 17: skipped 1024 AICore record slot(s) with start_time=0 (race-window write or recycled-buffer tail). buf seq=0 count=1024
[mono_ns=7228553378661594][T0xe61d90f1bca0][WARN] copy_aicore_buffer: [chip_swimlane_collector.cpp:689] Core 15: skipped 1024 AICore record slot(s) with start_time=0 (race-window write or recycled-buffer tail). buf seq=0 count=1024
[mono_ns=7228553378663894][T0xe61d84db9ca0][WARN] copy_aicore_buffer: [chip_swimlane_collector.cpp:689] Core 16: skipped 1024 AICore record slot(s) with start_time=0 (race-window write or recycled-buffer tail). buf seq=0 count=1024
[mono_ns=7228553378891405][T0xe61d845a9ca0][WARN] copy_aicore_buffer: [chip_swimlane_collector.cpp:689] Core 58: skipped 1024 AICore record slot(s) with start_time=0 (race-window write or recycled-buffer tail). buf seq=0 count=1024
[mono_ns=7228553378998005][T0xe61d90f1bca0][WARN] copy_aicore_buffer: [chip_swimlane_collector.cpp:689] Core 54: skipped 1024 AICore record slot(s) with start_time=0 (race-window write or recycled-buffer tail). buf seq=0 count=1024
[mono_ns=7228553379007995][T0xe61d84db9ca0][WARN] copy_aicore_buffer: [chip_swimlane_collector.cpp:689] Core 56: skipped 1024 AICore record slot(s) with start_time=0 (race-window write or recycled-buffer tail). buf seq=0 count=1024
[mono_ns=7228553379226346][T0xe61d845a9ca0][WARN] copy_aicore_buffer: [chip_swimlane_collector.cpp:689] Core 59: skipped 1024 AICore record slot(s) with start_time=0 (race-window write or recycled-buffer tail). buf seq=0 count=1024
[mono_ns=7228553379345026][T0xe61d90f1bca0][WARN] copy_aicore_buffer: [chip_swimlane_collector.cpp:689] Core 55: skipped 1024 AICore record slot(s) with start_time=0 (race-window write or recycled-buffer tail). buf seq=0 count=1024
[mono_ns=7228553379351496][T0xe61d84db9ca0][WARN] copy_aicore_buffer: [chip_swimlane_collector.cpp:689] Core 57: skipped 1024 AICore record slot(s) with start_time=0 (race-window write or recycled-buffer tail). buf seq=0 count=1024
[mono_ns=7228553379549717][T0xe61d845a9ca0][WARN] copy_aicore_buffer: [chip_swimlane_collector.cpp:689] Core 20: skipped 1024 AICore record slot(s) with start_time=0 (race-window write or recycled-buffer tail). buf seq=0 count=1024
[mono_ns=7228553379679677][T0xe61d90f1bca0][WARN] copy_aicore_buffer: [chip_swimlane_collector.cpp:689] Core 18: skipped 1024 AICore record slot(s) with start_time=0 (race-window write or recycled-buffer tail). buf seq=0 count=1024
[mono_ns=7228553379688637][T0xe61d84db9ca0][WARN] copy_aicore_buffer: [chip_swimlane_collector.cpp:689] Core 19: skipped 1024 AICore record slot(s) with start_time=0 (race-window write or recycled-buffer tail). buf seq=0 count=1024
[mono_ns=7228553379874318][T0xe61d845a9ca0][WARN] copy_aicore_buffer: [chip_swimlane_collector.cpp:689] Core 64: skipped 1024 AICore record slot(s) with start_time=0 (race-window write or recycled-buffer tail). buf seq=0 count=1024
[mono_ns=7228553380018508][T0xe61d90f1bca0][WARN] copy_aicore_buffer: [chip_swimlane_collector.cpp:689] Core 60: skipped 1024 AICore record slot(s) with start_time=0 (race-window write or recycled-buffer tail). buf seq=0 count=1024
[mono_ns=7228553380028658][T0xe61d84db9ca0][WARN] copy_aicore_buffer: [chip_swimlane_collector.cpp:689] Core 62: skipped 1024 AICore record slot(s) with start_time=0 (race-window write or recycled-buffer tail). buf seq=0 count=1024
[mono_ns=7228553380200979][T0xe61d845a9ca0][WARN] copy_aicore_buffer: [chip_swimlane_collector.cpp:689] Core 65: skipped 1024 AICore record slot(s) with start_time=0 (race-window write or recycled-buffer tail). buf seq=0 count=1024
[mono_ns=7228553380354360][T0xe61d90f1bca0][WARN] copy_aicore_buffer: [chip_swimlane_collector.cpp:689] Core 61: skipped 1024 AICore record slot(s) with start_time=0 (race-window write or recycled-buffer tail). buf seq=0 count=1024
[mono_ns=7228553380361240][T0xe61d84db9ca0][WARN] copy_aicore_buffer: [chip_swimlane_collector.cpp:689] Core 63: skipped 1024 AICore record slot(s) with start_time=0 (race-window write or recycled-buffer tail). buf seq=0 count=1024
[mono_ns=7228553380522810][T0xe61d845a9ca0][WARN] copy_aicore_buffer: [chip_swimlane_collector.cpp:689] Core 23: skipped 1024 AICore record slot(s) with start_time=0 (race-window write or recycled-buffer tail). buf seq=0 count=1024
[mono_ns=7228553380687651][T0xe61d90f1bca0][WARN] copy_aicore_buffer: [chip_swimlane_collector.cpp:689] Core 21: skipped 1024 AICore record slot(s) with start_time=0 (race-window write or recycled-buffer tail). buf seq=0 count=1024
[mono_ns=7228553380700781][T0xe61d84db9ca0][WARN] copy_aicore_buffer: [chip_swimlane_collector.cpp:689] Core 22: skipped 1024 AICore record slot(s) with start_time=0 (race-window write or recycled-buffer tail). buf seq=0 count=1024
[mono_ns=7228553380843331][T0xe61d845a9ca0][WARN] copy_aicore_buffer: [chip_swimlane_collector.cpp:689] Core 70: skipped 1024 AICore record slot(s) with start_time=0 (race-window write or recycled-buffer tail). buf seq=0 count=1024
[mono_ns=7228553381031962][T0xe61d90f1bca0][WARN] copy_aicore_buffer: [chip_swimlane_collector.cpp:689] Core 66: skipped 1024 AICore record slot(s) with start_time=0 (race-window write or recycled-buffer tail). buf seq=0 count=1024
[mono_ns=7228553381043712][T0xe61d84db9ca0][WARN] copy_aicore_buffer: [chip_swimlane_collector.cpp:689] Core 68: skipped 1024 AICore record slot(s) with start_time=0 (race-window write or recycled-buffer tail). buf seq=0 count=1024
[mono_ns=7228553381174702][T0xe61d845a9ca0][WARN] copy_aicore_buffer: [chip_swimlane_collector.cpp:689] Core 71: skipped 1024 AICore record slot(s) with start_time=0 (race-window write or recycled-buffer tail). buf seq=0 count=1024
[mono_ns=7228553381367123][T0xe61d90f1bca0][WARN] copy_aicore_buffer: [chip_swimlane_collector.cpp:689] Core 67: skipped 1024 AICore record slot(s) with start_time=0 (race-window write or recycled-buffer tail). buf seq=0 count=1024
[mono_ns=7228553381376403][T0xe61d84db9ca0][WARN] copy_aicore_buffer: [chip_swimlane_collector.cpp:689] Core 69: skipped 1024 AICore record slot(s) with start_time=0 (race-window write or recycled-buffer tail). buf seq=0 count=1024
[mono_ns=7228553481918359][T0xe61ee18d9020][TIMING] emit_host_span: [STRACE] v=1 pid=3713520 tid=3713520 inv=2 hid=6e59d6c91bcbcc2a depth=1 name=chip.run.runner_run ts=7228553365879020 dur=116029959 
[mono_ns=7228553482019879][T0xe61ee18d9020][TIMING] emit_host_span: [STRACE] v=1 pid=3713520 tid=3713520 inv=2 hid=6e59d6c91bcbcc2a depth=1 name=chip.run.validate ts=7228553481929809 dur=85440 
[mono_ns=7228553482027099][T0xe61ee18d9020][TIMING] emit_host_span: [STRACE] v=1 pid=3713520 tid=3713520 inv=2 hid=6e59d6c91bcbcc2a depth=2 name=chip.run.runner_run.device_wall ts=0 dur=5934200 clk=dev
[mono_ns=7228553482031499][T0xe61ee18d9020][TIMING] emit_host_span: [STRACE] v=1 pid=3713520 tid=3713520 inv=2 hid=6e59d6c91bcbcc2a depth=3 name=chip.run.runner_run.device_wall.preamble ts=0 dur=139359 clk=dev
[mono_ns=7228553482035559][T0xe61ee18d9020][TIMING] emit_host_span: [STRACE] v=1 pid=3713520 tid=3713520 inv=2 hid=6e59d6c91bcbcc2a depth=3 name=chip.run.runner_run.device_wall.graph_build ts=133720 dur=5789640 clk=dev
[mono_ns=7228553482039359][T0xe61ee18d9020][TIMING] emit_host_span: [STRACE] v=1 pid=3713520 tid=3713520 inv=2 hid=6e59d6c91bcbcc2a depth=3 name=chip.run.runner_run.device_wall.config_validate ts=133940 dur=980 clk=dev
[mono_ns=7228553482042979][T0xe61ee18d9020][TIMING] emit_host_span: [STRACE] v=1 pid=3713520 tid=3713520 inv=2 hid=6e59d6c91bcbcc2a depth=3 name=chip.run.runner_run.device_wall.arena_wire ts=134940 dur=560 clk=dev
[mono_ns=7228553482046439][T0xe61ee18d9020][TIMING] emit_host_span: [STRACE] v=1 pid=3713520 tid=3713520 inv=2 hid=6e59d6c91bcbcc2a depth=3 name=chip.run.runner_run.device_wall.sm_reset ts=135540 dur=700 clk=dev
[mono_ns=7228553482050609][T0xe61ee18d9020][TIMING] emit_host_span: [STRACE] v=1 pid=3713520 tid=3713520 inv=2 hid=6e59d6c91bcbcc2a depth=3 name=chip.run.runner_run.device_wall.post_orch ts=5923420 dur=10600 clk=dev
[mono_ns=7228553482053679][T0xe61ee18d9020][TIMING] emit_host_span: [STRACE] v=1 pid=3713520 tid=3713520 inv=2 hid=6e59d6c91bcbcc2a depth=3 name=chip.run.runner_run.device_wall.orch ts=136500 dur=4439 clk=dev
[mono_ns=7228553482056829][T0xe61ee18d9020][TIMING] emit_host_span: [STRACE] v=1 pid=3713520 tid=3713520 inv=2 hid=6e59d6c91bcbcc2a depth=3 name=chip.run.runner_run.device_wall.sched ts=139560 dur=5756179 clk=dev
[mono_ns=7228553482061389][T0xe61ee18d9020][TIMING] emit_host_span: [STRACE] v=1 pid=3713520 tid=3713520 inv=2 hid=6e59d6c91bcbcc2a depth=1 name=chip.run.claim_release ts=7228553482059199 dur=360 
[mono_ns=7228553482065609][T0xe61ee18d9020][TIMING] emit_host_span: [STRACE] v=1 pid=3713520 tid=3713520 inv=2 hid=6e59d6c91bcbcc2a depth=0 name=chip.run ts=7228553312208935 dur=169854654 run_id=2 dispatch_id=2 slot_id=0 generation=2 run_epoch=2
[mono_ns=7228558287459448][T0xe61ee18d9020][TIMING] emit_host_span: [STRACE] v=1 pid=3713520 tid=3713520 inv=3 hid=6e59d6c91bcbcc2a depth=2 name=chip.run.bind.args ts=7228558287227517 dur=210211 
[mono_ns=7228558287611198][T0xe61ee18d9020][TIMING] emit_host_span: [STRACE] v=1 pid=3713520 tid=3713520 inv=3 hid=6e59d6c91bcbcc2a depth=2 name=chip.run.bind.prebuilt ts=7228558287525258 dur=81640 
[mono_ns=7228558287621358][T0xe61ee18d9020][TIMING] emit_host_span: [STRACE] v=1 pid=3713520 tid=3713520 inv=3 hid=6e59d6c91bcbcc2a depth=1 name=chip.run.bind ts=7228558287181497 dur=437591 
[mono_ns=7228558480860567][T0xe61ee18d9020][TIMING] emit_host_span: [STRACE] v=1 pid=3713520 tid=3713520 inv=3 hid=6e59d6c91bcbcc2a depth=1 name=chip.run.runner_run ts=7228558288752062 dur=192094235 
[mono_ns=7228558480967457][T0xe61ee18d9020][TIMING] emit_host_span: [STRACE] v=1 pid=3713520 tid=3713520 inv=3 hid=6e59d6c91bcbcc2a depth=1 name=chip.run.validate ts=7228558480876027 dur=86820 
[mono_ns=7228558480979617][T0xe61ee18d9020][TIMING] emit_host_span: [STRACE] v=1 pid=3713520 tid=3713520 inv=3 hid=6e59d6c91bcbcc2a depth=2 name=chip.run.runner_run.device_wall ts=0 dur=156739 clk=dev
[mono_ns=7228558480985317][T0xe61ee18d9020][TIMING] emit_host_span: [STRACE] v=1 pid=3713520 tid=3713520 inv=3 hid=6e59d6c91bcbcc2a depth=3 name=chip.run.runner_run.device_wall.preamble ts=0 dur=6860 clk=dev
[mono_ns=7228558480989687][T0xe61ee18d9020][TIMING] emit_host_span: [STRACE] v=1 pid=3713520 tid=3713520 inv=3 hid=6e59d6c91bcbcc2a depth=3 name=chip.run.runner_run.device_wall.graph_build ts=1520 dur=144360 clk=dev
[mono_ns=7228558480993357][T0xe61ee18d9020][TIMING] emit_host_span: [STRACE] v=1 pid=3713520 tid=3713520 inv=3 hid=6e59d6c91bcbcc2a depth=3 name=chip.run.runner_run.device_wall.config_validate ts=1940 dur=1220 clk=dev
[mono_ns=7228558480997627][T0xe61ee18d9020][TIMING] emit_host_span: [STRACE] v=1 pid=3713520 tid=3713520 inv=3 hid=6e59d6c91bcbcc2a depth=3 name=chip.run.runner_run.device_wall.arena_wire ts=3199 dur=600 clk=dev
[mono_ns=7228558481013077][T0xe61ee18d9020][TIMING] emit_host_span: [STRACE] v=1 pid=3713520 tid=3713520 inv=3 hid=6e59d6c91bcbcc2a depth=3 name=chip.run.runner_run.device_wall.sm_reset ts=3840 dur=1120 clk=dev
[mono_ns=7228558481017527][T0xe61ee18d9020][TIMING] emit_host_span: [STRACE] v=1 pid=3713520 tid=3713520 inv=3 hid=6e59d6c91bcbcc2a depth=3 name=chip.run.runner_run.device_wall.post_orch ts=145940 dur=10420 clk=dev
[mono_ns=7228558481021077][T0xe61ee18d9020][TIMING] emit_host_span: [STRACE] v=1 pid=3713520 tid=3713520 inv=3 hid=6e59d6c91bcbcc2a depth=3 name=chip.run.runner_run.device_wall.orch ts=6080 dur=12900 clk=dev
[mono_ns=7228558481059527][T0xe61ee18d9020][TIMING] emit_host_span: [STRACE] v=1 pid=3713520 tid=3713520 inv=3 hid=6e59d6c91bcbcc2a depth=3 name=chip.run.runner_run.device_wall.sched ts=7279 dur=128020 clk=dev
[mono_ns=7228558481065787][T0xe61ee18d9020][TIMING] emit_host_span: [STRACE] v=1 pid=3713520 tid=3713520 inv=3 hid=6e59d6c91bcbcc2a depth=1 name=chip.run.claim_release ts=7228558481062717 dur=810 
[mono_ns=7228558481071337][T0xe61ee18d9020][TIMING] emit_host_span: [STRACE] v=1 pid=3713520 tid=3713520 inv=3 hid=6e59d6c91bcbcc2a depth=0 name=chip.run ts=7228558286585465 dur=194483842 run_id=3 dispatch_id=3 slot_id=0 generation=3 run_epoch=3
[mono_ns=7228558487249569][T0xe61ee18d9020][TIMING] emit_host_span: [STRACE] v=1 pid=3713520 tid=3713520 inv=4 hid=6e59d6c91bcbcc2a depth=2 name=chip.run.bind.args ts=7228558487134808 dur=109171 
[mono_ns=7228558487265639][T0xe61ee18d9020][TIMING] emit_host_span: [STRACE] v=1 pid=3713520 tid=3713520 inv=4 hid=6e59d6c91bcbcc2a depth=2 name=chip.run.bind.prebuilt ts=7228558487261009 dur=2190 
[mono_ns=7228558487270229][T0xe61ee18d9020][TIMING] emit_host_span: [STRACE] v=1 pid=3713520 tid=3713520 inv=4 hid=6e59d6c91bcbcc2a depth=1 name=chip.run.bind ts=7228558487127778 dur=140351 
[mono_ns=7228558489715217][T0xe61d84db9ca0][WARN] copy_aicore_buffer: [chip_swimlane_collector.cpp:689] Core 1: skipped 1024 AICore record slot(s) with start_time=0 (race-window write or recycled-buffer tail). buf seq=0 count=1024
[mono_ns=7228558489736627][T0xe61d90f1bca0][WARN] copy_aicore_buffer: [chip_swimlane_collector.cpp:689] Core 0: skipped 1024 AICore record slot(s) with start_time=0 (race-window write or recycled-buffer tail). buf seq=0 count=1024
[mono_ns=7228558489887608][T0xe61d845a9ca0][WARN] copy_aicore_buffer: [chip_swimlane_collector.cpp:689] Core 2: skipped 1024 AICore record slot(s) with start_time=0 (race-window write or recycled-buffer tail). buf seq=0 count=1024
[mono_ns=7228558490070679][T0xe61d84db9ca0][WARN] copy_aicore_buffer: [chip_swimlane_collector.cpp:689] Core 26: skipped 1024 AICore record slot(s) with start_time=0 (race-window write or recycled-buffer tail). buf seq=0 count=1024
[mono_ns=7228558490084299][T0xe61d90f1bca0][WARN] copy_aicore_buffer: [chip_swimlane_collector.cpp:689] Core 24: skipped 1023 AICore record slot(s) with start_time=0 (race-window write or recycled-buffer tail). buf seq=0 count=1024
[mono_ns=7228558490248619][T0xe61d845a9ca0][WARN] copy_aicore_buffer: [chip_swimlane_collector.cpp:689] Core 28: skipped 1022 AICore record slot(s) with start_time=0 (race-window write or recycled-buffer tail). buf seq=0 count=1024
[mono_ns=7228558490395080][T0xe61d84db9ca0][WARN] copy_aicore_buffer: [chip_swimlane_collector.cpp:689] Core 27: skipped 1024 AICore record slot(s) with start_time=0 (race-window write or recycled-buffer tail). buf seq=0 count=1024
[mono_ns=7228558490406510][T0xe61d90f1bca0][WARN] copy_aicore_buffer: [chip_swimlane_collector.cpp:689] Core 25: skipped 1024 AICore record slot(s) with start_time=0 (race-window write or recycled-buffer tail). buf seq=0 count=1024
[mono_ns=7228558490566150][T0xe61d845a9ca0][WARN] copy_aicore_buffer: [chip_swimlane_collector.cpp:689] Core 29: skipped 1024 AICore record slot(s) with start_time=0 (race-window write or recycled-buffer tail). buf seq=0 count=1024
[mono_ns=7228558490720421][T0xe61d84db9ca0][WARN] copy_aicore_buffer: [chip_swimlane_collector.cpp:689] Core 4: skipped 1024 AICore record slot(s) with start_time=0 (race-window write or recycled-buffer tail). buf seq=0 count=1024
[mono_ns=7228558490727041][T0xe61d90f1bca0][WARN] copy_aicore_buffer: [chip_swimlane_collector.cpp:689] Core 3: skipped 1024 AICore record slot(s) with start_time=0 (race-window write or recycled-buffer tail). buf seq=0 count=1024
[mono_ns=7228558490912561][T0xe61d845a9ca0][WARN] copy_aicore_buffer: [chip_swimlane_collector.cpp:689] Core 5: skipped 1024 AICore record slot(s) with start_time=0 (race-window write or recycled-buffer tail). buf seq=0 count=1024
[mono_ns=7228558491059552][T0xe61d84db9ca0][WARN] copy_aicore_buffer: [chip_swimlane_collector.cpp:689] Core 32: skipped 1024 AICore record slot(s) with start_time=0 (race-window write or recycled-buffer tail). buf seq=0 count=1024
[mono_ns=7228558491062662][T0xe61d90f1bca0][WARN] copy_aicore_buffer: [chip_swimlane_collector.cpp:689] Core 30: skipped 1024 AICore record slot(s) with start_time=0 (race-window write or recycled-buffer tail). buf seq=0 count=1024
[mono_ns=7228558491320623][T0xe61d845a9ca0][WARN] copy_aicore_buffer: [chip_swimlane_collector.cpp:689] Core 34: skipped 1024 AICore record slot(s) with start_time=0 (race-window write or recycled-buffer tail). buf seq=0 count=1024
[mono_ns=7228558491384423][T0xe61d84db9ca0][WARN] copy_aicore_buffer: [chip_swimlane_collector.cpp:689] Core 33: skipped 1024 AICore record slot(s) with start_time=0 (race-window write or recycled-buffer tail). buf seq=0 count=1024
[mono_ns=7228558491385023][T0xe61d90f1bca0][WARN] copy_aicore_buffer: [chip_swimlane_collector.cpp:689] Core 31: skipped 1024 AICore record slot(s) with start_time=0 (race-window write or recycled-buffer tail). buf seq=0 count=1024
[mono_ns=7228558491637194][T0xe61d845a9ca0][WARN] copy_aicore_buffer: [chip_swimlane_collector.cpp:689] Core 35: skipped 1024 AICore record slot(s) with start_time=0 (race-window write or recycled-buffer tail). buf seq=0 count=1024
[mono_ns=7228558491707374][T0xe61d84db9ca0][WARN] copy_aicore_buffer: [chip_swimlane_collector.cpp:689] Core 7: skipped 1024 AICore record slot(s) with start_time=0 (race-window write or recycled-buffer tail). buf seq=0 count=1024
[mono_ns=7228558491709514][T0xe61d90f1bca0][WARN] copy_aicore_buffer: [chip_swimlane_collector.cpp:689] Core 6: skipped 1024 AICore record slot(s) with start_time=0 (race-window write or recycled-buffer tail). buf seq=0 count=1024
[mono_ns=7228558491951005][T0xe61d845a9ca0][WARN] copy_aicore_buffer: [chip_swimlane_collector.cpp:689] Core 8: skipped 1024 AICore record slot(s) with start_time=0 (race-window write or recycled-buffer tail). buf seq=0 count=1024
[mono_ns=7228558492038745][T0xe61d84db9ca0][WARN] copy_aicore_buffer: [chip_swimlane_collector.cpp:689] Core 38: skipped 1024 AICore record slot(s) with start_time=0 (race-window write or recycled-buffer tail). buf seq=0 count=1024
[mono_ns=7228558492039265][T0xe61d90f1bca0][WARN] copy_aicore_buffer: [chip_swimlane_collector.cpp:689] Core 36: skipped 1024 AICore record slot(s) with start_time=0 (race-window write or recycled-buffer tail). buf seq=0 count=1024
[mono_ns=7228558492272566][T0xe61d845a9ca0][WARN] copy_aicore_buffer: [chip_swimlane_collector.cpp:689] Core 40: skipped 1024 AICore record slot(s) with start_time=0 (race-window write or recycled-buffer tail). buf seq=0 count=1024
[mono_ns=7228558492361526][T0xe61d90f1bca0][WARN] copy_aicore_buffer: [chip_swimlane_collector.cpp:689] Core 37: skipped 1024 AICore record slot(s) with start_time=0 (race-window write or recycled-buffer tail). buf seq=0 count=1024
[mono_ns=7228558492362936][T0xe61d84db9ca0][WARN] copy_aicore_buffer: [chip_swimlane_collector.cpp:689] Core 39: skipped 1024 AICore record slot(s) with start_time=0 (race-window write or recycled-buffer tail). buf seq=0 count=1024
[mono_ns=7228558492586417][T0xe61d845a9ca0][WARN] copy_aicore_buffer: [chip_swimlane_collector.cpp:689] Core 41: skipped 1024 AICore record slot(s) with start_time=0 (race-window write or recycled-buffer tail). buf seq=0 count=1024
[mono_ns=7228558492685498][T0xe61d84db9ca0][WARN] copy_aicore_buffer: [chip_swimlane_collector.cpp:689] Core 10: skipped 1024 AICore record slot(s) with start_time=0 (race-window write or recycled-buffer tail). buf seq=0 count=1024
[mono_ns=7228558492686358][T0xe61d90f1bca0][WARN] copy_aicore_buffer: [chip_swimlane_collector.cpp:689] Core 9: skipped 1024 AICore record slot(s) with start_time=0 (race-window write or recycled-buffer tail). buf seq=0 count=1024
[mono_ns=7228558492900178][T0xe61d845a9ca0][WARN] copy_aicore_buffer: [chip_swimlane_collector.cpp:689] Core 11: skipped 1024 AICore record slot(s) with start_time=0 (race-window write or recycled-buffer tail). buf seq=0 count=1024
[mono_ns=7228558493012349][T0xe61d90f1bca0][WARN] copy_aicore_buffer: [chip_swimlane_collector.cpp:689] Core 42: skipped 1024 AICore record slot(s) with start_time=0 (race-window write or recycled-buffer tail). buf seq=0 count=1024
[mono_ns=7228558493013159][T0xe61d84db9ca0][WARN] copy_aicore_buffer: [chip_swimlane_collector.cpp:689] Core 44: skipped 1024 AICore record slot(s) with start_time=0 (race-window write or recycled-buffer tail). buf seq=0 count=1024
[mono_ns=7228558493236760][T0xe61d845a9ca0][WARN] copy_aicore_buffer: [chip_swimlane_collector.cpp:689] Core 46: skipped 1024 AICore record slot(s) with start_time=0 (race-window write or recycled-buffer tail). buf seq=0 count=1024
[mono_ns=7228558493338250][T0xe61d90f1bca0][WARN] copy_aicore_buffer: [chip_swimlane_collector.cpp:689] Core 43: skipped 1024 AICore record slot(s) with start_time=0 (race-window write or recycled-buffer tail). buf seq=0 count=1024
[mono_ns=7228558493350710][T0xe61d84db9ca0][WARN] copy_aicore_buffer: [chip_swimlane_collector.cpp:689] Core 45: skipped 1024 AICore record slot(s) with start_time=0 (race-window write or recycled-buffer tail). buf seq=0 count=1024
[mono_ns=7228558493598931][T0xe61d845a9ca0][WARN] copy_aicore_buffer: [chip_swimlane_collector.cpp:689] Core 47: skipped 1024 AICore record slot(s) with start_time=0 (race-window write or recycled-buffer tail). buf seq=0 count=1024
[mono_ns=7228558493663851][T0xe61d90f1bca0][WARN] copy_aicore_buffer: [chip_swimlane_collector.cpp:689] Core 12: skipped 1024 AICore record slot(s) with start_time=0 (race-window write or recycled-buffer tail). buf seq=0 count=1024
[mono_ns=7228558493721901][T0xe61d84db9ca0][WARN] copy_aicore_buffer: [chip_swimlane_collector.cpp:689] Core 13: skipped 1024 AICore record slot(s) with start_time=0 (race-window write or recycled-buffer tail). buf seq=0 count=1024
[mono_ns=7228558493929112][T0xe61d845a9ca0][WARN] copy_aicore_buffer: [chip_swimlane_collector.cpp:689] Core 14: skipped 1024 AICore record slot(s) with start_time=0 (race-window write or recycled-buffer tail). buf seq=0 count=1024
[mono_ns=7228558493987792][T0xe61d90f1bca0][WARN] copy_aicore_buffer: [chip_swimlane_collector.cpp:689] Core 48: skipped 1024 AICore record slot(s) with start_time=0 (race-window write or recycled-buffer tail). buf seq=0 count=1024
[mono_ns=7228558494069222][T0xe61d84db9ca0][WARN] copy_aicore_buffer: [chip_swimlane_collector.cpp:689] Core 50: skipped 1024 AICore record slot(s) with start_time=0 (race-window write or recycled-buffer tail). buf seq=0 count=1024
[mono_ns=7228558494264233][T0xe61d845a9ca0][WARN] copy_aicore_buffer: [chip_swimlane_collector.cpp:689] Core 52: skipped 1024 AICore record slot(s) with start_time=0 (race-window write or recycled-buffer tail). buf seq=0 count=1024
[mono_ns=7228558494320863][T0xe61d90f1bca0][WARN] copy_aicore_buffer: [chip_swimlane_collector.cpp:689] Core 49: skipped 1024 AICore record slot(s) with start_time=0 (race-window write or recycled-buffer tail). buf seq=0 count=1024
[mono_ns=7228558494405054][T0xe61d84db9ca0][WARN] copy_aicore_buffer: [chip_swimlane_collector.cpp:689] Core 51: skipped 1024 AICore record slot(s) with start_time=0 (race-window write or recycled-buffer tail). buf seq=0 count=1024
[mono_ns=7228558494592764][T0xe61d845a9ca0][WARN] copy_aicore_buffer: [chip_swimlane_collector.cpp:689] Core 53: skipped 1024 AICore record slot(s) with start_time=0 (race-window write or recycled-buffer tail). buf seq=0 count=1024
[mono_ns=7228558494656034][T0xe61d90f1bca0][WARN] copy_aicore_buffer: [chip_swimlane_collector.cpp:689] Core 15: skipped 1024 AICore record slot(s) with start_time=0 (race-window write or recycled-buffer tail). buf seq=0 count=1024
[mono_ns=7228558494741815][T0xe61d84db9ca0][WARN] copy_aicore_buffer: [chip_swimlane_collector.cpp:689] Core 16: skipped 1024 AICore record slot(s) with start_time=0 (race-window write or recycled-buffer tail). buf seq=0 count=1024
[mono_ns=7228558494922575][T0xe61d845a9ca0][WARN] copy_aicore_buffer: [chip_swimlane_collector.cpp:689] Core 17: skipped 1024 AICore record slot(s) with start_time=0 (race-window write or recycled-buffer tail). buf seq=0 count=1024
[mono_ns=7228558495015996][T0xe61d90f1bca0][WARN] copy_aicore_buffer: [chip_swimlane_collector.cpp:689] Core 54: skipped 1024 AICore record slot(s) with start_time=0 (race-window write or recycled-buffer tail). buf seq=0 count=1024
[mono_ns=7228558495085526][T0xe61d84db9ca0][WARN] copy_aicore_buffer: [chip_swimlane_collector.cpp:689] Core 56: skipped 1024 AICore record slot(s) with start_time=0 (race-window write or recycled-buffer tail). buf seq=0 count=1024
[mono_ns=7228558495261907][T0xe61d845a9ca0][WARN] copy_aicore_buffer: [chip_swimlane_collector.cpp:689] Core 58: skipped 1024 AICore record slot(s) with start_time=0 (race-window write or recycled-buffer tail). buf seq=0 count=1024
[mono_ns=7228558495352987][T0xe61d90f1bca0][WARN] copy_aicore_buffer: [chip_swimlane_collector.cpp:689] Core 55: skipped 1024 AICore record slot(s) with start_time=0 (race-window write or recycled-buffer tail). buf seq=0 count=1024
[mono_ns=7228558495420997][T0xe61d84db9ca0][WARN] copy_aicore_buffer: [chip_swimlane_collector.cpp:689] Core 57: skipped 1024 AICore record slot(s) with start_time=0 (race-window write or recycled-buffer tail). buf seq=0 count=1024
[mono_ns=7228558495589498][T0xe61d845a9ca0][WARN] copy_aicore_buffer: [chip_swimlane_collector.cpp:689] Core 59: skipped 1024 AICore record slot(s) with start_time=0 (race-window write or recycled-buffer tail). buf seq=0 count=1024
[mono_ns=7228558495688668][T0xe61d90f1bca0][WARN] copy_aicore_buffer: [chip_swimlane_collector.cpp:689] Core 18: skipped 1024 AICore record slot(s) with start_time=0 (race-window write or recycled-buffer tail). buf seq=0 count=1024
[mono_ns=7228558495750908][T0xe61d84db9ca0][WARN] copy_aicore_buffer: [chip_swimlane_collector.cpp:689] Core 19: skipped 1024 AICore record slot(s) with start_time=0 (race-window write or recycled-buffer tail). buf seq=0 count=1024
[mono_ns=7228558495916209][T0xe61d845a9ca0][WARN] copy_aicore_buffer: [chip_swimlane_collector.cpp:689] Core 20: skipped 1024 AICore record slot(s) with start_time=0 (race-window write or recycled-buffer tail). buf seq=0 count=1024
[mono_ns=7228558496033529][T0xe61d90f1bca0][WARN] copy_aicore_buffer: [chip_swimlane_collector.cpp:689] Core 60: skipped 1024 AICore record slot(s) with start_time=0 (race-window write or recycled-buffer tail). buf seq=0 count=1024
[mono_ns=7228558496088719][T0xe61d84db9ca0][WARN] copy_aicore_buffer: [chip_swimlane_collector.cpp:689] Core 62: skipped 1024 AICore record slot(s) with start_time=0 (race-window write or recycled-buffer tail). buf seq=0 count=1024
[mono_ns=7228558496246590][T0xe61d845a9ca0][WARN] copy_aicore_buffer: [chip_swimlane_collector.cpp:689] Core 64: skipped 1024 AICore record slot(s) with start_time=0 (race-window write or recycled-buffer tail). buf seq=0 count=1024
[mono_ns=7228558496373940][T0xe61d90f1bca0][WARN] copy_aicore_buffer: [chip_swimlane_collector.cpp:689] Core 61: skipped 1024 AICore record slot(s) with start_time=0 (race-window write or recycled-buffer tail). buf seq=0 count=1024
[mono_ns=7228558496423401][T0xe61d84db9ca0][WARN] copy_aicore_buffer: [chip_swimlane_collector.cpp:689] Core 63: skipped 1024 AICore record slot(s) with start_time=0 (race-window write or recycled-buffer tail). buf seq=0 count=1024
[mono_ns=7228558496572911][T0xe61d845a9ca0][WARN] copy_aicore_buffer: [chip_swimlane_collector.cpp:689] Core 65: skipped 1024 AICore record slot(s) with start_time=0 (race-window write or recycled-buffer tail). buf seq=0 count=1024
[mono_ns=7228558496712972][T0xe61d90f1bca0][WARN] copy_aicore_buffer: [chip_swimlane_collector.cpp:689] Core 21: skipped 1024 AICore record slot(s) with start_time=0 (race-window write or recycled-buffer tail). buf seq=0 count=1024
[mono_ns=7228558496759972][T0xe61d84db9ca0][WARN] copy_aicore_buffer: [chip_swimlane_collector.cpp:689] Core 22: skipped 1024 AICore record slot(s) with start_time=0 (race-window write or recycled-buffer tail). buf seq=0 count=1024
[mono_ns=7228558496921762][T0xe61d845a9ca0][WARN] copy_aicore_buffer: [chip_swimlane_collector.cpp:689] Core 23: skipped 1024 AICore record slot(s) with start_time=0 (race-window write or recycled-buffer tail). buf seq=0 count=1024
[mono_ns=7228558497063923][T0xe61d90f1bca0][WARN] copy_aicore_buffer: [chip_swimlane_collector.cpp:689] Core 66: skipped 1024 AICore record slot(s) with start_time=0 (race-window write or recycled-buffer tail). buf seq=0 count=1024
[mono_ns=7228558497113013][T0xe61d84db9ca0][WARN] copy_aicore_buffer: [chip_swimlane_collector.cpp:689] Core 68: skipped 1024 AICore record slot(s) with start_time=0 (race-window write or recycled-buffer tail). buf seq=0 count=1024
[mono_ns=7228558497265403][T0xe61d845a9ca0][WARN] copy_aicore_buffer: [chip_swimlane_collector.cpp:689] Core 70: skipped 1024 AICore record slot(s) with start_time=0 (race-window write or recycled-buffer tail). buf seq=0 count=1024
[mono_ns=7228558497402194][T0xe61d90f1bca0][WARN] copy_aicore_buffer: [chip_swimlane_collector.cpp:689] Core 67: skipped 1024 AICore record slot(s) with start_time=0 (race-window write or recycled-buffer tail). buf seq=0 count=1024
[mono_ns=7228558497449004][T0xe61d84db9ca0][WARN] copy_aicore_buffer: [chip_swimlane_collector.cpp:689] Core 69: skipped 1024 AICore record slot(s) with start_time=0 (race-window write or recycled-buffer tail). buf seq=0 count=1024
[mono_ns=7228558497597055][T0xe61d845a9ca0][WARN] copy_aicore_buffer: [chip_swimlane_collector.cpp:689] Core 71: skipped 1024 AICore record slot(s) with start_time=0 (race-window write or recycled-buffer tail). buf seq=0 count=1024
[mono_ns=7228558598402723][T0xe61ee18d9020][TIMING] emit_host_span: [STRACE] v=1 pid=3713520 tid=3713520 inv=4 hid=6e59d6c91bcbcc2a depth=1 name=chip.run.runner_run ts=7228558488608144 dur=109787799 
[mono_ns=7228558598489164][T0xe61ee18d9020][TIMING] emit_host_span: [STRACE] v=1 pid=3713520 tid=3713520 inv=4 hid=6e59d6c91bcbcc2a depth=1 name=chip.run.validate ts=7228558598414554 dur=70710 
[mono_ns=7228558598499474][T0xe61ee18d9020][TIMING] emit_host_span: [STRACE] v=1 pid=3713520 tid=3713520 inv=4 hid=6e59d6c91bcbcc2a depth=2 name=chip.run.runner_run.device_wall ts=0 dur=613540 clk=dev
[mono_ns=7228558598504024][T0xe61ee18d9020][TIMING] emit_host_span: [STRACE] v=1 pid=3713520 tid=3713520 inv=4 hid=6e59d6c91bcbcc2a depth=3 name=chip.run.runner_run.device_wall.preamble ts=0 dur=111780 clk=dev
[mono_ns=7228558598508644][T0xe61ee18d9020][TIMING] emit_host_span: [STRACE] v=1 pid=3713520 tid=3713520 inv=4 hid=6e59d6c91bcbcc2a depth=3 name=chip.run.runner_run.device_wall.graph_build ts=107380 dur=495160 clk=dev
[mono_ns=7228558598512694][T0xe61ee18d9020][TIMING] emit_host_span: [STRACE] v=1 pid=3713520 tid=3713520 inv=4 hid=6e59d6c91bcbcc2a depth=3 name=chip.run.runner_run.device_wall.config_validate ts=107479 dur=780 clk=dev
[mono_ns=7228558598516384][T0xe61ee18d9020][TIMING] emit_host_span: [STRACE] v=1 pid=3713520 tid=3713520 inv=4 hid=6e59d6c91bcbcc2a depth=3 name=chip.run.runner_run.device_wall.arena_wire ts=108300 dur=339 clk=dev
[mono_ns=7228558598555374][T0xe61ee18d9020][TIMING] emit_host_span: [STRACE] v=1 pid=3713520 tid=3713520 inv=4 hid=6e59d6c91bcbcc2a depth=3 name=chip.run.runner_run.device_wall.sm_reset ts=108679 dur=580 clk=dev
[mono_ns=7228558598558364][T0xe61ee18d9020][TIMING] emit_host_span: [STRACE] v=1 pid=3713520 tid=3713520 inv=4 hid=6e59d6c91bcbcc2a depth=3 name=chip.run.runner_run.device_wall.post_orch ts=602580 dur=10820 clk=dev
[mono_ns=7228558598561234][T0xe61ee18d9020][TIMING] emit_host_span: [STRACE] v=1 pid=3713520 tid=3713520 inv=4 hid=6e59d6c91bcbcc2a depth=3 name=chip.run.runner_run.device_wall.orch ts=109320 dur=4320 clk=dev
[mono_ns=7228558598564834][T0xe61ee18d9020][TIMING] emit_host_span: [STRACE] v=1 pid=3713520 tid=3713520 inv=4 hid=6e59d6c91bcbcc2a depth=3 name=chip.run.runner_run.device_wall.sched ts=111920 dur=465020 clk=dev
[mono_ns=7228558598569304][T0xe61ee18d9020][TIMING] emit_host_span: [STRACE] v=1 pid=3713520 tid=3713520 inv=4 hid=6e59d6c91bcbcc2a depth=1 name=chip.run.claim_release ts=7228558598567114 dur=330 
[mono_ns=7228558598573884][T0xe61ee18d9020][TIMING] emit_host_span: [STRACE] v=1 pid=3713520 tid=3713520 inv=4 hid=6e59d6c91bcbcc2a depth=0 name=chip.run ts=7228558487092828 dur=111479106 run_id=4 dispatch_id=4 slot_id=0 generation=4 run_epoch=4
[mono_ns=7228563408613113][T0xe61ee18d9020][TIMING] emit_host_span: [STRACE] v=1 pid=3713520 tid=3713520 inv=5 hid=6e59d6c91bcbcc2a depth=2 name=chip.run.bind.args ts=7228563408483223 dur=122970 
[mono_ns=7228563408638953][T0xe61ee18d9020][TIMING] emit_host_span: [STRACE] v=1 pid=3713520 tid=3713520 inv=5 hid=6e59d6c91bcbcc2a depth=2 name=chip.run.bind.prebuilt ts=7228563408629953 dur=6480 
[mono_ns=7228563408689154][T0xe61ee18d9020][TIMING] emit_host_span: [STRACE] v=1 pid=3713520 tid=3713520 inv=5 hid=6e59d6c91bcbcc2a depth=1 name=chip.run.bind ts=7228563408473853 dur=212531 
[mono_ns=7228563517116931][T0xe61ee18d9020][TIMING] emit_host_span: [STRACE] v=1 pid=3713520 tid=3713520 inv=5 hid=6e59d6c91bcbcc2a depth=1 name=chip.run.runner_run ts=7228563408992005 dur=108114896 
[mono_ns=7228563517224621][T0xe61ee18d9020][TIMING] emit_host_span: [STRACE] v=1 pid=3713520 tid=3713520 inv=5 hid=6e59d6c91bcbcc2a depth=1 name=chip.run.validate ts=7228563517132021 dur=88330 
[mono_ns=7228563517235741][T0xe61ee18d9020][TIMING] emit_host_span: [STRACE] v=1 pid=3713520 tid=3713520 inv=5 hid=6e59d6c91bcbcc2a depth=2 name=chip.run.runner_run.device_wall ts=0 dur=4805839 clk=dev
[mono_ns=7228563517240461][T0xe61ee18d9020][TIMING] emit_host_span: [STRACE] v=1 pid=3713520 tid=3713520 inv=5 hid=6e59d6c91bcbcc2a depth=3 name=chip.run.runner_run.device_wall.preamble ts=0 dur=6600 clk=dev
[mono_ns=7228563517244931][T0xe61ee18d9020][TIMING] emit_host_span: [STRACE] v=1 pid=3713520 tid=3713520 inv=5 hid=6e59d6c91bcbcc2a depth=3 name=chip.run.runner_run.device_wall.graph_build ts=1220 dur=4794559 clk=dev
[mono_ns=7228563517248191][T0xe61ee18d9020][TIMING] emit_host_span: [STRACE] v=1 pid=3713520 tid=3713520 inv=5 hid=6e59d6c91bcbcc2a depth=3 name=chip.run.runner_run.device_wall.config_validate ts=1680 dur=899 clk=dev
[mono_ns=7228563517253511][T0xe61ee18d9020][TIMING] emit_host_span: [STRACE] v=1 pid=3713520 tid=3713520 inv=5 hid=6e59d6c91bcbcc2a depth=3 name=chip.run.runner_run.device_wall.arena_wire ts=2719 dur=640 clk=dev
[mono_ns=7228563517302371][T0xe61ee18d9020][TIMING] emit_host_span: [STRACE] v=1 pid=3713520 tid=3713520 inv=5 hid=6e59d6c91bcbcc2a depth=3 name=chip.run.runner_run.device_wall.sm_reset ts=3580 dur=919 clk=dev
[mono_ns=7228563517306041][T0xe61ee18d9020][TIMING] emit_host_span: [STRACE] v=1 pid=3713520 tid=3713520 inv=5 hid=6e59d6c91bcbcc2a depth=3 name=chip.run.runner_run.device_wall.post_orch ts=4795840 dur=9700 clk=dev
[mono_ns=7228563517309691][T0xe61ee18d9020][TIMING] emit_host_span: [STRACE] v=1 pid=3713520 tid=3713520 inv=5 hid=6e59d6c91bcbcc2a depth=3 name=chip.run.runner_run.device_wall.orch ts=5420 dur=9620 clk=dev
[mono_ns=7228563517312621][T0xe61ee18d9020][TIMING] emit_host_span: [STRACE] v=1 pid=3713520 tid=3713520 inv=5 hid=6e59d6c91bcbcc2a depth=3 name=chip.run.runner_run.device_wall.sched ts=7000 dur=4780780 clk=dev
[mono_ns=7228563517319291][T0xe61ee18d9020][TIMING] emit_host_span: [STRACE] v=1 pid=3713520 tid=3713520 inv=5 hid=6e59d6c91bcbcc2a depth=1 name=chip.run.claim_release ts=7228563517316611 dur=850 
[mono_ns=7228563517324151][T0xe61ee18d9020][TIMING] emit_host_span: [STRACE] v=1 pid=3713520 tid=3713520 inv=5 hid=6e59d6c91bcbcc2a depth=0 name=chip.run ts=7228563408376912 dur=108945189 run_id=5 dispatch_id=5 slot_id=0 generation=5 run_epoch=5
[mono_ns=7228563528258249][T0xe61ee18d9020][TIMING] emit_host_span: [STRACE] v=1 pid=3713520 tid=3713520 inv=6 hid=6e59d6c91bcbcc2a depth=2 name=chip.run.bind.args ts=7228563528138939 dur=113250 
[mono_ns=7228563528307169][T0xe61ee18d9020][TIMING] emit_host_span: [STRACE] v=1 pid=3713520 tid=3713520 inv=6 hid=6e59d6c91bcbcc2a depth=2 name=chip.run.bind.prebuilt ts=7228563528301589 dur=2430 
[mono_ns=7228563528311949][T0xe61ee18d9020][TIMING] emit_host_span: [STRACE] v=1 pid=3713520 tid=3713520 inv=6 hid=6e59d6c91bcbcc2a depth=1 name=chip.run.bind ts=7228563528132799 dur=177090 
[mono_ns=7228563530411907][T0xe61d90f1bca0][WARN] copy_aicore_buffer: [chip_swimlane_collector.cpp:689] Core 0: skipped 1024 AICore record slot(s) with start_time=0 (race-window write or recycled-buffer tail). buf seq=0 count=1024
[mono_ns=7228563530412627][T0xe61d845a9ca0][WARN] copy_aicore_buffer: [chip_swimlane_collector.cpp:689] Core 2: skipped 1024 AICore record slot(s) with start_time=0 (race-window write or recycled-buffer tail). buf seq=0 count=1024
[mono_ns=7228563530420867][T0xe61d84db9ca0][WARN] copy_aicore_buffer: [chip_swimlane_collector.cpp:689] Core 1: skipped 1024 AICore record slot(s) with start_time=0 (race-window write or recycled-buffer tail). buf seq=0 count=1024
[mono_ns=7228563530742858][T0xe61d845a9ca0][WARN] copy_aicore_buffer: [chip_swimlane_collector.cpp:689] Core 28: skipped 1022 AICore record slot(s) with start_time=0 (race-window write or recycled-buffer tail). buf seq=0 count=1024
[mono_ns=7228563530749108][T0xe61d90f1bca0][WARN] copy_aicore_buffer: [chip_swimlane_collector.cpp:689] Core 24: skipped 1024 AICore record slot(s) with start_time=0 (race-window write or recycled-buffer tail). buf seq=0 count=1024
[mono_ns=7228563530755748][T0xe61d84db9ca0][WARN] copy_aicore_buffer: [chip_swimlane_collector.cpp:689] Core 26: skipped 1023 AICore record slot(s) with start_time=0 (race-window write or recycled-buffer tail). buf seq=0 count=1024
[mono_ns=7228563531089179][T0xe61d90f1bca0][WARN] copy_aicore_buffer: [chip_swimlane_collector.cpp:689] Core 25: skipped 1024 AICore record slot(s) with start_time=0 (race-window write or recycled-buffer tail). buf seq=0 count=1024
[mono_ns=7228563531090089][T0xe61d845a9ca0][WARN] copy_aicore_buffer: [chip_swimlane_collector.cpp:689] Core 29: skipped 1024 AICore record slot(s) with start_time=0 (race-window write or recycled-buffer tail). buf seq=0 count=1024
[mono_ns=7228563531096869][T0xe61d84db9ca0][WARN] copy_aicore_buffer: [chip_swimlane_collector.cpp:689] Core 27: skipped 1024 AICore record slot(s) with start_time=0 (race-window write or recycled-buffer tail). buf seq=0 count=1024
[mono_ns=7228563531404950][T0xe61d845a9ca0][WARN] copy_aicore_buffer: [chip_swimlane_collector.cpp:689] Core 5: skipped 1024 AICore record slot(s) with start_time=0 (race-window write or recycled-buffer tail). buf seq=0 count=1024
[mono_ns=7228563531412590][T0xe61d90f1bca0][WARN] copy_aicore_buffer: [chip_swimlane_collector.cpp:689] Core 3: skipped 1024 AICore record slot(s) with start_time=0 (race-window write or recycled-buffer tail). buf seq=0 count=1024
[mono_ns=7228563531420240][T0xe61d84db9ca0][WARN] copy_aicore_buffer: [chip_swimlane_collector.cpp:689] Core 4: skipped 1024 AICore record slot(s) with start_time=0 (race-window write or recycled-buffer tail). buf seq=0 count=1024
[mono_ns=7228563531721431][T0xe61d845a9ca0][WARN] copy_aicore_buffer: [chip_swimlane_collector.cpp:689] Core 34: skipped 1024 AICore record slot(s) with start_time=0 (race-window write or recycled-buffer tail). buf seq=0 count=1024
[mono_ns=7228563531734421][T0xe61d90f1bca0][WARN] copy_aicore_buffer: [chip_swimlane_collector.cpp:689] Core 30: skipped 1024 AICore record slot(s) with start_time=0 (race-window write or recycled-buffer tail). buf seq=0 count=1024
[mono_ns=7228563531741211][T0xe61d84db9ca0][WARN] copy_aicore_buffer: [chip_swimlane_collector.cpp:689] Core 32: skipped 1024 AICore record slot(s) with start_time=0 (race-window write or recycled-buffer tail). buf seq=0 count=1024
[mono_ns=7228563532051483][T0xe61d845a9ca0][WARN] copy_aicore_buffer: [chip_swimlane_collector.cpp:689] Core 35: skipped 1024 AICore record slot(s) with start_time=0 (race-window write or recycled-buffer tail). buf seq=0 count=1024
[mono_ns=7228563532071093][T0xe61d90f1bca0][WARN] copy_aicore_buffer: [chip_swimlane_collector.cpp:689] Core 31: skipped 1024 AICore record slot(s) with start_time=0 (race-window write or recycled-buffer tail). buf seq=0 count=1024
[mono_ns=7228563532071863][T0xe61d84db9ca0][WARN] copy_aicore_buffer: [chip_swimlane_collector.cpp:689] Core 33: skipped 1024 AICore record slot(s) with start_time=0 (race-window write or recycled-buffer tail). buf seq=0 count=1024
[mono_ns=7228563532365944][T0xe61d845a9ca0][WARN] copy_aicore_buffer: [chip_swimlane_collector.cpp:689] Core 8: skipped 1024 AICore record slot(s) with start_time=0 (race-window write or recycled-buffer tail). buf seq=0 count=1024
[mono_ns=7228563532390334][T0xe61d90f1bca0][WARN] copy_aicore_buffer: [chip_swimlane_collector.cpp:689] Core 6: skipped 1024 AICore record slot(s) with start_time=0 (race-window write or recycled-buffer tail). buf seq=0 count=1024
[mono_ns=7228563532393204][T0xe61d84db9ca0][WARN] copy_aicore_buffer: [chip_swimlane_collector.cpp:689] Core 7: skipped 1024 AICore record slot(s) with start_time=0 (race-window write or recycled-buffer tail). buf seq=0 count=1024
[mono_ns=7228563532679905][T0xe61d845a9ca0][WARN] copy_aicore_buffer: [chip_swimlane_collector.cpp:689] Core 40: skipped 1024 AICore record slot(s) with start_time=0 (race-window write or recycled-buffer tail). buf seq=0 count=1024
[mono_ns=7228563532711365][T0xe61d90f1bca0][WARN] copy_aicore_buffer: [chip_swimlane_collector.cpp:689] Core 36: skipped 1024 AICore record slot(s) with start_time=0 (race-window write or recycled-buffer tail). buf seq=0 count=1024
[mono_ns=7228563532716125][T0xe61d84db9ca0][WARN] copy_aicore_buffer: [chip_swimlane_collector.cpp:689] Core 38: skipped 1024 AICore record slot(s) with start_time=0 (race-window write or recycled-buffer tail). buf seq=0 count=1024
[mono_ns=7228563532994306][T0xe61d845a9ca0][WARN] copy_aicore_buffer: [chip_swimlane_collector.cpp:689] Core 41: skipped 1024 AICore record slot(s) with start_time=0 (race-window write or recycled-buffer tail). buf seq=0 count=1024
[mono_ns=7228563533050696][T0xe61d84db9ca0][WARN] copy_aicore_buffer: [chip_swimlane_collector.cpp:689] Core 39: skipped 1024 AICore record slot(s) with start_time=0 (race-window write or recycled-buffer tail). buf seq=0 count=1024
[mono_ns=7228563533052386][T0xe61d90f1bca0][WARN] copy_aicore_buffer: [chip_swimlane_collector.cpp:689] Core 37: skipped 1024 AICore record slot(s) with start_time=0 (race-window write or recycled-buffer tail). buf seq=0 count=1024
[mono_ns=7228563533320027][T0xe61d845a9ca0][WARN] copy_aicore_buffer: [chip_swimlane_collector.cpp:689] Core 11: skipped 1024 AICore record slot(s) with start_time=0 (race-window write or recycled-buffer tail). buf seq=0 count=1024
[mono_ns=7228563533371887][T0xe61d90f1bca0][WARN] copy_aicore_buffer: [chip_swimlane_collector.cpp:689] Core 9: skipped 1024 AICore record slot(s) with start_time=0 (race-window write or recycled-buffer tail). buf seq=0 count=1024
[mono_ns=7228563533377047][T0xe61d84db9ca0][WARN] copy_aicore_buffer: [chip_swimlane_collector.cpp:689] Core 10: skipped 1024 AICore record slot(s) with start_time=0 (race-window write or recycled-buffer tail). buf seq=0 count=1024
[mono_ns=7228563533636408][T0xe61d845a9ca0][WARN] copy_aicore_buffer: [chip_swimlane_collector.cpp:689] Core 46: skipped 1024 AICore record slot(s) with start_time=0 (race-window write or recycled-buffer tail). buf seq=0 count=1024
[mono_ns=7228563533697138][T0xe61d90f1bca0][WARN] copy_aicore_buffer: [chip_swimlane_collector.cpp:689] Core 42: skipped 1024 AICore record slot(s) with start_time=0 (race-window write or recycled-buffer tail). buf seq=0 count=1024
[mono_ns=7228563533699318][T0xe61d84db9ca0][WARN] copy_aicore_buffer: [chip_swimlane_collector.cpp:689] Core 44: skipped 1024 AICore record slot(s) with start_time=0 (race-window write or recycled-buffer tail). buf seq=0 count=1024
[mono_ns=7228563533950859][T0xe61d845a9ca0][WARN] copy_aicore_buffer: [chip_swimlane_collector.cpp:689] Core 47: skipped 1024 AICore record slot(s) with start_time=0 (race-window write or recycled-buffer tail). buf seq=0 count=1024
[mono_ns=7228563534026239][T0xe61d84db9ca0][WARN] copy_aicore_buffer: [chip_swimlane_collector.cpp:689] Core 45: skipped 1024 AICore record slot(s) with start_time=0 (race-window write or recycled-buffer tail). buf seq=0 count=1024
[mono_ns=7228563534031199][T0xe61d90f1bca0][WARN] copy_aicore_buffer: [chip_swimlane_collector.cpp:689] Core 43: skipped 1024 AICore record slot(s) with start_time=0 (race-window write or recycled-buffer tail). buf seq=0 count=1024
[mono_ns=7228563534276900][T0xe61d845a9ca0][WARN] copy_aicore_buffer: [chip_swimlane_collector.cpp:689] Core 14: skipped 1024 AICore record slot(s) with start_time=0 (race-window write or recycled-buffer tail). buf seq=0 count=1024
[mono_ns=7228563534350381][T0xe61d84db9ca0][WARN] copy_aicore_buffer: [chip_swimlane_collector.cpp:689] Core 13: skipped 1024 AICore record slot(s) with start_time=0 (race-window write or recycled-buffer tail). buf seq=0 count=1024
[mono_ns=7228563534350961][T0xe61d90f1bca0][WARN] copy_aicore_buffer: [chip_swimlane_collector.cpp:689] Core 12: skipped 1024 AICore record slot(s) with start_time=0 (race-window write or recycled-buffer tail). buf seq=0 count=1024
[mono_ns=7228563534623461][T0xe61d845a9ca0][WARN] copy_aicore_buffer: [chip_swimlane_collector.cpp:689] Core 52: skipped 1024 AICore record slot(s) with start_time=0 (race-window write or recycled-buffer tail). buf seq=0 count=1024
[mono_ns=7228563534671612][T0xe61d90f1bca0][WARN] copy_aicore_buffer: [chip_swimlane_collector.cpp:689] Core 48: skipped 1024 AICore record slot(s) with start_time=0 (race-window write or recycled-buffer tail). buf seq=0 count=1024
[mono_ns=7228563534677042][T0xe61d84db9ca0][WARN] copy_aicore_buffer: [chip_swimlane_collector.cpp:689] Core 50: skipped 1024 AICore record slot(s) with start_time=0 (race-window write or recycled-buffer tail). buf seq=0 count=1024
[mono_ns=7228563534937763][T0xe61d845a9ca0][WARN] copy_aicore_buffer: [chip_swimlane_collector.cpp:689] Core 53: skipped 1024 AICore record slot(s) with start_time=0 (race-window write or recycled-buffer tail). buf seq=0 count=1024
[mono_ns=7228563534994533][T0xe61d90f1bca0][WARN] copy_aicore_buffer: [chip_swimlane_collector.cpp:689] Core 49: skipped 1024 AICore record slot(s) with start_time=0 (race-window write or recycled-buffer tail). buf seq=0 count=1024
[mono_ns=7228563534998953][T0xe61d84db9ca0][WARN] copy_aicore_buffer: [chip_swimlane_collector.cpp:689] Core 51: skipped 1024 AICore record slot(s) with start_time=0 (race-window write or recycled-buffer tail). buf seq=0 count=1024
[mono_ns=7228563535261724][T0xe61d845a9ca0][WARN] copy_aicore_buffer: [chip_swimlane_collector.cpp:689] Core 17: skipped 1024 AICore record slot(s) with start_time=0 (race-window write or recycled-buffer tail). buf seq=0 count=1024
[mono_ns=7228563535324264][T0xe61d90f1bca0][WARN] copy_aicore_buffer: [chip_swimlane_collector.cpp:689] Core 15: skipped 1024 AICore record slot(s) with start_time=0 (race-window write or recycled-buffer tail). buf seq=0 count=1024
[mono_ns=7228563535328384][T0xe61d84db9ca0][WARN] copy_aicore_buffer: [chip_swimlane_collector.cpp:689] Core 16: skipped 1024 AICore record slot(s) with start_time=0 (race-window write or recycled-buffer tail). buf seq=0 count=1024
[mono_ns=7228563535577545][T0xe61d845a9ca0][WARN] copy_aicore_buffer: [chip_swimlane_collector.cpp:689] Core 58: skipped 1024 AICore record slot(s) with start_time=0 (race-window write or recycled-buffer tail). buf seq=0 count=1024
[mono_ns=7228563535646095][T0xe61d90f1bca0][WARN] copy_aicore_buffer: [chip_swimlane_collector.cpp:689] Core 54: skipped 1024 AICore record slot(s) with start_time=0 (race-window write or recycled-buffer tail). buf seq=0 count=1024
[mono_ns=7228563535649975][T0xe61d84db9ca0][WARN] copy_aicore_buffer: [chip_swimlane_collector.cpp:689] Core 56: skipped 1024 AICore record slot(s) with start_time=0 (race-window write or recycled-buffer tail). buf seq=0 count=1024
[mono_ns=7228563535891586][T0xe61d845a9ca0][WARN] copy_aicore_buffer: [chip_swimlane_collector.cpp:689] Core 59: skipped 1024 AICore record slot(s) with start_time=0 (race-window write or recycled-buffer tail). buf seq=0 count=1024
[mono_ns=7228563535967326][T0xe61d90f1bca0][WARN] copy_aicore_buffer: [chip_swimlane_collector.cpp:689] Core 55: skipped 1024 AICore record slot(s) with start_time=0 (race-window write or recycled-buffer tail). buf seq=0 count=1024
[mono_ns=7228563535972966][T0xe61d84db9ca0][WARN] copy_aicore_buffer: [chip_swimlane_collector.cpp:689] Core 57: skipped 1024 AICore record slot(s) with start_time=0 (race-window write or recycled-buffer tail). buf seq=0 count=1024
[mono_ns=7228563536210497][T0xe61d845a9ca0][WARN] copy_aicore_buffer: [chip_swimlane_collector.cpp:689] Core 20: skipped 1024 AICore record slot(s) with start_time=0 (race-window write or recycled-buffer tail). buf seq=0 count=1024
[mono_ns=7228563536295277][T0xe61d90f1bca0][WARN] copy_aicore_buffer: [chip_swimlane_collector.cpp:689] Core 18: skipped 1024 AICore record slot(s) with start_time=0 (race-window write or recycled-buffer tail). buf seq=0 count=1024
[mono_ns=7228563536300457][T0xe61d84db9ca0][WARN] copy_aicore_buffer: [chip_swimlane_collector.cpp:689] Core 19: skipped 1024 AICore record slot(s) with start_time=0 (race-window write or recycled-buffer tail). buf seq=0 count=1024
[mono_ns=7228563536525428][T0xe61d845a9ca0][WARN] copy_aicore_buffer: [chip_swimlane_collector.cpp:689] Core 64: skipped 1024 AICore record slot(s) with start_time=0 (race-window write or recycled-buffer tail). buf seq=0 count=1024
[mono_ns=7228563536616478][T0xe61d90f1bca0][WARN] copy_aicore_buffer: [chip_swimlane_collector.cpp:689] Core 60: skipped 1024 AICore record slot(s) with start_time=0 (race-window write or recycled-buffer tail). buf seq=0 count=1024
[mono_ns=7228563536621658][T0xe61d84db9ca0][WARN] copy_aicore_buffer: [chip_swimlane_collector.cpp:689] Core 62: skipped 1024 AICore record slot(s) with start_time=0 (race-window write or recycled-buffer tail). buf seq=0 count=1024
[mono_ns=7228563536839239][T0xe61d845a9ca0][WARN] copy_aicore_buffer: [chip_swimlane_collector.cpp:689] Core 65: skipped 1024 AICore record slot(s) with start_time=0 (race-window write or recycled-buffer tail). buf seq=0 count=1024
[mono_ns=7228563536937680][T0xe61d90f1bca0][WARN] copy_aicore_buffer: [chip_swimlane_collector.cpp:689] Core 61: skipped 1024 AICore record slot(s) with start_time=0 (race-window write or recycled-buffer tail). buf seq=0 count=1024
[mono_ns=7228563536944980][T0xe61d84db9ca0][WARN] copy_aicore_buffer: [chip_swimlane_collector.cpp:689] Core 63: skipped 1024 AICore record slot(s) with start_time=0 (race-window write or recycled-buffer tail). buf seq=0 count=1024
[mono_ns=7228563537162190][T0xe61d845a9ca0][WARN] copy_aicore_buffer: [chip_swimlane_collector.cpp:689] Core 23: skipped 1024 AICore record slot(s) with start_time=0 (race-window write or recycled-buffer tail). buf seq=0 count=1024
[mono_ns=7228563537266961][T0xe61d90f1bca0][WARN] copy_aicore_buffer: [chip_swimlane_collector.cpp:689] Core 21: skipped 1024 AICore record slot(s) with start_time=0 (race-window write or recycled-buffer tail). buf seq=0 count=1024
[mono_ns=7228563537277921][T0xe61d84db9ca0][WARN] copy_aicore_buffer: [chip_swimlane_collector.cpp:689] Core 22: skipped 1024 AICore record slot(s) with start_time=0 (race-window write or recycled-buffer tail). buf seq=0 count=1024
[mono_ns=7228563537476331][T0xe61d845a9ca0][WARN] copy_aicore_buffer: [chip_swimlane_collector.cpp:689] Core 70: skipped 1024 AICore record slot(s) with start_time=0 (race-window write or recycled-buffer tail). buf seq=0 count=1024
[mono_ns=7228563537588942][T0xe61d90f1bca0][WARN] copy_aicore_buffer: [chip_swimlane_collector.cpp:689] Core 66: skipped 1024 AICore record slot(s) with start_time=0 (race-window write or recycled-buffer tail). buf seq=0 count=1024
[mono_ns=7228563537598922][T0xe61d84db9ca0][WARN] copy_aicore_buffer: [chip_swimlane_collector.cpp:689] Core 68: skipped 1024 AICore record slot(s) with start_time=0 (race-window write or recycled-buffer tail). buf seq=0 count=1024
[mono_ns=7228563537800583][T0xe61d845a9ca0][WARN] copy_aicore_buffer: [chip_swimlane_collector.cpp:689] Core 71: skipped 1024 AICore record slot(s) with start_time=0 (race-window write or recycled-buffer tail). buf seq=0 count=1024
[mono_ns=7228563537921053][T0xe61d84db9ca0][WARN] copy_aicore_buffer: [chip_swimlane_collector.cpp:689] Core 69: skipped 1024 AICore record slot(s) with start_time=0 (race-window write or recycled-buffer tail). buf seq=0 count=1024
[mono_ns=7228563537928013][T0xe61d90f1bca0][WARN] copy_aicore_buffer: [chip_swimlane_collector.cpp:689] Core 67: skipped 1024 AICore record slot(s) with start_time=0 (race-window write or recycled-buffer tail). buf seq=0 count=1024
[mono_ns=7228563638527113][T0xe61ee18d9020][TIMING] emit_host_span: [STRACE] v=1 pid=3713520 tid=3713520 inv=6 hid=6e59d6c91bcbcc2a depth=1 name=chip.run.runner_run ts=7228563528941172 dur=109580041 
[mono_ns=7228563638615953][T0xe61ee18d9020][TIMING] emit_host_span: [STRACE] v=1 pid=3713520 tid=3713520 inv=6 hid=6e59d6c91bcbcc2a depth=1 name=chip.run.validate ts=7228563638543713 dur=68400 
[mono_ns=7228563638622804][T0xe61ee18d9020][TIMING] emit_host_span: [STRACE] v=1 pid=3713520 tid=3713520 inv=6 hid=6e59d6c91bcbcc2a depth=2 name=chip.run.runner_run.device_wall ts=0 dur=916640 clk=dev
[mono_ns=7228563638627444][T0xe61ee18d9020][TIMING] emit_host_span: [STRACE] v=1 pid=3713520 tid=3713520 inv=6 hid=6e59d6c91bcbcc2a depth=3 name=chip.run.runner_run.device_wall.preamble ts=0 dur=111200 clk=dev
[mono_ns=7228563638667214][T0xe61ee18d9020][TIMING] emit_host_span: [STRACE] v=1 pid=3713520 tid=3713520 inv=6 hid=6e59d6c91bcbcc2a depth=3 name=chip.run.runner_run.device_wall.graph_build ts=106640 dur=798860 clk=dev
[mono_ns=7228563638670534][T0xe61ee18d9020][TIMING] emit_host_span: [STRACE] v=1 pid=3713520 tid=3713520 inv=6 hid=6e59d6c91bcbcc2a depth=3 name=chip.run.runner_run.device_wall.config_validate ts=106720 dur=679 clk=dev
[mono_ns=7228563638673514][T0xe61ee18d9020][TIMING] emit_host_span: [STRACE] v=1 pid=3713520 tid=3713520 inv=6 hid=6e59d6c91bcbcc2a depth=3 name=chip.run.runner_run.device_wall.arena_wire ts=107440 dur=300 clk=dev
[mono_ns=7228563638676854][T0xe61ee18d9020][TIMING] emit_host_span: [STRACE] v=1 pid=3713520 tid=3713520 inv=6 hid=6e59d6c91bcbcc2a depth=3 name=chip.run.runner_run.device_wall.sm_reset ts=107760 dur=520 clk=dev
[mono_ns=7228563638679824][T0xe61ee18d9020][TIMING] emit_host_span: [STRACE] v=1 pid=3713520 tid=3713520 inv=6 hid=6e59d6c91bcbcc2a depth=3 name=chip.run.runner_run.device_wall.post_orch ts=905560 dur=10960 clk=dev
[mono_ns=7228563638683354][T0xe61ee18d9020][TIMING] emit_host_span: [STRACE] v=1 pid=3713520 tid=3713520 inv=6 hid=6e59d6c91bcbcc2a depth=3 name=chip.run.runner_run.device_wall.orch ts=108339 dur=3440 clk=dev
[mono_ns=7228563638686174][T0xe61ee18d9020][TIMING] emit_host_span: [STRACE] v=1 pid=3713520 tid=3713520 inv=6 hid=6e59d6c91bcbcc2a depth=3 name=chip.run.runner_run.device_wall.sched ts=111280 dur=769939 clk=dev
[mono_ns=7228563638690234][T0xe61ee18d9020][TIMING] emit_host_span: [STRACE] v=1 pid=3713520 tid=3713520 inv=6 hid=6e59d6c91bcbcc2a depth=1 name=chip.run.claim_release ts=7228563638687964 dur=380 
[mono_ns=7228563638714044][T0xe61ee18d9020][TIMING] emit_host_span: [STRACE] v=1 pid=3713520 tid=3713520 inv=6 hid=6e59d6c91bcbcc2a depth=0 name=chip.run ts=7228563528099229 dur=110612355 run_id=6 dispatch_id=6 slot_id=0 generation=6 run_epoch=6
[mono_ns=7228568447330490][T0xe61ee18d9020][TIMING] emit_host_span: [STRACE] v=1 pid=3713520 tid=3713520 inv=7 hid=6e59d6c91bcbcc2a depth=2 name=chip.run.bind.args ts=7228568447117150 dur=205130 
[mono_ns=7228568447355880][T0xe61ee18d9020][TIMING] emit_host_span: [STRACE] v=1 pid=3713520 tid=3713520 inv=7 hid=6e59d6c91bcbcc2a depth=2 name=chip.run.bind.prebuilt ts=7228568447346520 dur=6880 
[mono_ns=7228568447360910][T0xe61ee18d9020][TIMING] emit_host_span: [STRACE] v=1 pid=3713520 tid=3713520 inv=7 hid=6e59d6c91bcbcc2a depth=1 name=chip.run.bind ts=7228568447108300 dur=250480 
[mono_ns=7228568555727339][T0xe61ee18d9020][TIMING] emit_host_span: [STRACE] v=1 pid=3713520 tid=3713520 inv=7 hid=6e59d6c91bcbcc2a depth=1 name=chip.run.runner_run ts=7228568447662351 dur=108054918 
[mono_ns=7228568555843120][T0xe61ee18d9020][TIMING] emit_host_span: [STRACE] v=1 pid=3713520 tid=3713520 inv=7 hid=6e59d6c91bcbcc2a depth=1 name=chip.run.validate ts=7228568555743389 dur=95551 
[mono_ns=7228568555854080][T0xe61ee18d9020][TIMING] emit_host_span: [STRACE] v=1 pid=3713520 tid=3713520 inv=7 hid=6e59d6c91bcbcc2a depth=2 name=chip.run.runner_run.device_wall ts=0 dur=4405100 clk=dev
[mono_ns=7228568555907390][T0xe61ee18d9020][TIMING] emit_host_span: [STRACE] v=1 pid=3713520 tid=3713520 inv=7 hid=6e59d6c91bcbcc2a depth=3 name=chip.run.runner_run.device_wall.preamble ts=0 dur=5820 clk=dev
[mono_ns=7228568555911530][T0xe61ee18d9020][TIMING] emit_host_span: [STRACE] v=1 pid=3713520 tid=3713520 inv=7 hid=6e59d6c91bcbcc2a depth=3 name=chip.run.runner_run.device_wall.graph_build ts=1280 dur=4393219 clk=dev
[mono_ns=7228568555915420][T0xe61ee18d9020][TIMING] emit_host_span: [STRACE] v=1 pid=3713520 tid=3713520 inv=7 hid=6e59d6c91bcbcc2a depth=3 name=chip.run.runner_run.device_wall.config_validate ts=1400 dur=1140 clk=dev
[mono_ns=7228568555920340][T0xe61ee18d9020][TIMING] emit_host_span: [STRACE] v=1 pid=3713520 tid=3713520 inv=7 hid=6e59d6c91bcbcc2a depth=3 name=chip.run.runner_run.device_wall.arena_wire ts=2580 dur=380 clk=dev
[mono_ns=7228568555924010][T0xe61ee18d9020][TIMING] emit_host_span: [STRACE] v=1 pid=3713520 tid=3713520 inv=7 hid=6e59d6c91bcbcc2a depth=3 name=chip.run.runner_run.device_wall.sm_reset ts=2980 dur=899 clk=dev
[mono_ns=7228568555927720][T0xe61ee18d9020][TIMING] emit_host_span: [STRACE] v=1 pid=3713520 tid=3713520 inv=7 hid=6e59d6c91bcbcc2a depth=3 name=chip.run.runner_run.device_wall.post_orch ts=4394559 dur=10180 clk=dev
[mono_ns=7228568555930930][T0xe61ee18d9020][TIMING] emit_host_span: [STRACE] v=1 pid=3713520 tid=3713520 inv=7 hid=6e59d6c91bcbcc2a depth=3 name=chip.run.runner_run.device_wall.orch ts=4780 dur=11240 clk=dev
[mono_ns=7228568555934530][T0xe61ee18d9020][TIMING] emit_host_span: [STRACE] v=1 pid=3713520 tid=3713520 inv=7 hid=6e59d6c91bcbcc2a depth=3 name=chip.run.runner_run.device_wall.sched ts=6100 dur=4380219 clk=dev
[mono_ns=7228568555968260][T0xe61ee18d9020][TIMING] emit_host_span: [STRACE] v=1 pid=3713520 tid=3713520 inv=7 hid=6e59d6c91bcbcc2a depth=1 name=chip.run.claim_release ts=7228568555964870 dur=680 
[mono_ns=7228568555973120][T0xe61ee18d9020][TIMING] emit_host_span: [STRACE] v=1 pid=3713520 tid=3713520 inv=7 hid=6e59d6c91bcbcc2a depth=0 name=chip.run ts=7228568447046869 dur=108924201 run_id=7 dispatch_id=7 slot_id=0 generation=7 run_epoch=7
[mono_ns=7228568594212874][T0xe61ee18d9020][TIMING] emit_host_span: [STRACE] v=1 pid=3713520 tid=3713520 inv=8 hid=6e59d6c91bcbcc2a depth=2 name=chip.run.bind.args ts=7228568594097714 dur=108860 
[mono_ns=7228568594235484][T0xe61ee18d9020][TIMING] emit_host_span: [STRACE] v=1 pid=3713520 tid=3713520 inv=8 hid=6e59d6c91bcbcc2a depth=2 name=chip.run.bind.prebuilt ts=7228568594230464 dur=2530 
[mono_ns=7228568594240394][T0xe61ee18d9020][TIMING] emit_host_span: [STRACE] v=1 pid=3713520 tid=3713520 inv=8 hid=6e59d6c91bcbcc2a depth=1 name=chip.run.bind ts=7228568594090844 dur=147490 
[mono_ns=7228568596157121][T0xe61d90f1bca0][WARN] copy_aicore_buffer: [chip_swimlane_collector.cpp:689] Core 0: skipped 1024 AICore record slot(s) with start_time=0 (race-window write or recycled-buffer tail). buf seq=0 count=1024
[mono_ns=7228568596192051][T0xe61d84db9ca0][WARN] copy_aicore_buffer: [chip_swimlane_collector.cpp:689] Core 1: skipped 1024 AICore record slot(s) with start_time=0 (race-window write or recycled-buffer tail). buf seq=0 count=1024
[mono_ns=7228568596191521][T0xe61d845a9ca0][WARN] copy_aicore_buffer: [chip_swimlane_collector.cpp:689] Core 2: skipped 1024 AICore record slot(s) with start_time=0 (race-window write or recycled-buffer tail). buf seq=0 count=1024
[mono_ns=7228568596492632][T0xe61d90f1bca0][WARN] copy_aicore_buffer: [chip_swimlane_collector.cpp:689] Core 24: skipped 1023 AICore record slot(s) with start_time=0 (race-window write or recycled-buffer tail). buf seq=0 count=1024
[mono_ns=7228568596533112][T0xe61d84db9ca0][WARN] copy_aicore_buffer: [chip_swimlane_collector.cpp:689] Core 26: skipped 1023 AICore record slot(s) with start_time=0 (race-window write or recycled-buffer tail). buf seq=0 count=1024
[mono_ns=7228568596565982][T0xe61d845a9ca0][WARN] copy_aicore_buffer: [chip_swimlane_collector.cpp:689] Core 28: skipped 1023 AICore record slot(s) with start_time=0 (race-window write or recycled-buffer tail). buf seq=0 count=1024
[mono_ns=7228568596814493][T0xe61d90f1bca0][WARN] copy_aicore_buffer: [chip_swimlane_collector.cpp:689] Core 25: skipped 1024 AICore record slot(s) with start_time=0 (race-window write or recycled-buffer tail). buf seq=0 count=1024
[mono_ns=7228568596858223][T0xe61d84db9ca0][WARN] copy_aicore_buffer: [chip_swimlane_collector.cpp:689] Core 27: skipped 1024 AICore record slot(s) with start_time=0 (race-window write or recycled-buffer tail). buf seq=0 count=1024
[mono_ns=7228568596884723][T0xe61d845a9ca0][WARN] copy_aicore_buffer: [chip_swimlane_collector.cpp:689] Core 29: skipped 1024 AICore record slot(s) with start_time=0 (race-window write or recycled-buffer tail). buf seq=0 count=1024
[mono_ns=7228568597146524][T0xe61d90f1bca0][WARN] copy_aicore_buffer: [chip_swimlane_collector.cpp:689] Core 3: skipped 1024 AICore record slot(s) with start_time=0 (race-window write or recycled-buffer tail). buf seq=0 count=1024
[mono_ns=7228568597192195][T0xe61d84db9ca0][WARN] copy_aicore_buffer: [chip_swimlane_collector.cpp:689] Core 4: skipped 1024 AICore record slot(s) with start_time=0 (race-window write or recycled-buffer tail). buf seq=0 count=1024
[mono_ns=7228568597212445][T0xe61d845a9ca0][WARN] copy_aicore_buffer: [chip_swimlane_collector.cpp:689] Core 5: skipped 1024 AICore record slot(s) with start_time=0 (race-window write or recycled-buffer tail). buf seq=0 count=1024
[mono_ns=7228568597467675][T0xe61d90f1bca0][WARN] copy_aicore_buffer: [chip_swimlane_collector.cpp:689] Core 30: skipped 1024 AICore record slot(s) with start_time=0 (race-window write or recycled-buffer tail). buf seq=0 count=1024
[mono_ns=7228568597516236][T0xe61d84db9ca0][WARN] copy_aicore_buffer: [chip_swimlane_collector.cpp:689] Core 32: skipped 1024 AICore record slot(s) with start_time=0 (race-window write or recycled-buffer tail). buf seq=0 count=1024
[mono_ns=7228568597526876][T0xe61d845a9ca0][WARN] copy_aicore_buffer: [chip_swimlane_collector.cpp:689] Core 34: skipped 1024 AICore record slot(s) with start_time=0 (race-window write or recycled-buffer tail). buf seq=0 count=1024
[mono_ns=7228568597787627][T0xe61d90f1bca0][WARN] copy_aicore_buffer: [chip_swimlane_collector.cpp:689] Core 31: skipped 1024 AICore record slot(s) with start_time=0 (race-window write or recycled-buffer tail). buf seq=0 count=1024
[mono_ns=7228568597839777][T0xe61d845a9ca0][WARN] copy_aicore_buffer: [chip_swimlane_collector.cpp:689] Core 35: skipped 1024 AICore record slot(s) with start_time=0 (race-window write or recycled-buffer tail). buf seq=0 count=1024
[mono_ns=7228568597840087][T0xe61d84db9ca0][WARN] copy_aicore_buffer: [chip_swimlane_collector.cpp:689] Core 33: skipped 1024 AICore record slot(s) with start_time=0 (race-window write or recycled-buffer tail). buf seq=0 count=1024
[mono_ns=7228568598127968][T0xe61d90f1bca0][WARN] copy_aicore_buffer: [chip_swimlane_collector.cpp:689] Core 6: skipped 1024 AICore record slot(s) with start_time=0 (race-window write or recycled-buffer tail). buf seq=0 count=1024
[mono_ns=7228568598163068][T0xe61d845a9ca0][WARN] copy_aicore_buffer: [chip_swimlane_collector.cpp:689] Core 8: skipped 1024 AICore record slot(s) with start_time=0 (race-window write or recycled-buffer tail). buf seq=0 count=1024
[mono_ns=7228568598177338][T0xe61d84db9ca0][WARN] copy_aicore_buffer: [chip_swimlane_collector.cpp:689] Core 7: skipped 1024 AICore record slot(s) with start_time=0 (race-window write or recycled-buffer tail). buf seq=0 count=1024
[mono_ns=7228568598448839][T0xe61d90f1bca0][WARN] copy_aicore_buffer: [chip_swimlane_collector.cpp:689] Core 36: skipped 1024 AICore record slot(s) with start_time=0 (race-window write or recycled-buffer tail). buf seq=0 count=1024
[mono_ns=7228568598477129][T0xe61d845a9ca0][WARN] copy_aicore_buffer: [chip_swimlane_collector.cpp:689] Core 40: skipped 1024 AICore record slot(s) with start_time=0 (race-window write or recycled-buffer tail). buf seq=0 count=1024
[mono_ns=7228568598500429][T0xe61d84db9ca0][WARN] copy_aicore_buffer: [chip_swimlane_collector.cpp:689] Core 38: skipped 1024 AICore record slot(s) with start_time=0 (race-window write or recycled-buffer tail). buf seq=0 count=1024
[mono_ns=7228568598769710][T0xe61d90f1bca0][WARN] copy_aicore_buffer: [chip_swimlane_collector.cpp:689] Core 37: skipped 1024 AICore record slot(s) with start_time=0 (race-window write or recycled-buffer tail). buf seq=0 count=1024
[mono_ns=7228568598792040][T0xe61d845a9ca0][WARN] copy_aicore_buffer: [chip_swimlane_collector.cpp:689] Core 41: skipped 1024 AICore record slot(s) with start_time=0 (race-window write or recycled-buffer tail). buf seq=0 count=1024
[mono_ns=7228568598825060][T0xe61d84db9ca0][WARN] copy_aicore_buffer: [chip_swimlane_collector.cpp:689] Core 39: skipped 1024 AICore record slot(s) with start_time=0 (race-window write or recycled-buffer tail). buf seq=0 count=1024
[mono_ns=7228568599096301][T0xe61d90f1bca0][WARN] copy_aicore_buffer: [chip_swimlane_collector.cpp:689] Core 9: skipped 1024 AICore record slot(s) with start_time=0 (race-window write or recycled-buffer tail). buf seq=0 count=1024
[mono_ns=7228568599149171][T0xe61d845a9ca0][WARN] copy_aicore_buffer: [chip_swimlane_collector.cpp:689] Core 11: skipped 1024 AICore record slot(s) with start_time=0 (race-window write or recycled-buffer tail). buf seq=0 count=1024
[mono_ns=7228568599152061][T0xe61d84db9ca0][WARN] copy_aicore_buffer: [chip_swimlane_collector.cpp:689] Core 10: skipped 1024 AICore record slot(s) with start_time=0 (race-window write or recycled-buffer tail). buf seq=0 count=1024
[mono_ns=7228568599417692][T0xe61d90f1bca0][WARN] copy_aicore_buffer: [chip_swimlane_collector.cpp:689] Core 42: skipped 1024 AICore record slot(s) with start_time=0 (race-window write or recycled-buffer tail). buf seq=0 count=1024
[mono_ns=7228568599463472][T0xe61d845a9ca0][WARN] copy_aicore_buffer: [chip_swimlane_collector.cpp:689] Core 46: skipped 1024 AICore record slot(s) with start_time=0 (race-window write or recycled-buffer tail). buf seq=0 count=1024
[mono_ns=7228568599475893][T0xe61d84db9ca0][WARN] copy_aicore_buffer: [chip_swimlane_collector.cpp:689] Core 44: skipped 1024 AICore record slot(s) with start_time=0 (race-window write or recycled-buffer tail). buf seq=0 count=1024
[mono_ns=7228568599738023][T0xe61d90f1bca0][WARN] copy_aicore_buffer: [chip_swimlane_collector.cpp:689] Core 43: skipped 1024 AICore record slot(s) with start_time=0 (race-window write or recycled-buffer tail). buf seq=0 count=1024
[mono_ns=7228568599780464][T0xe61d845a9ca0][WARN] copy_aicore_buffer: [chip_swimlane_collector.cpp:689] Core 47: skipped 1024 AICore record slot(s) with start_time=0 (race-window write or recycled-buffer tail). buf seq=0 count=1024
[mono_ns=7228568599799374][T0xe61d84db9ca0][WARN] copy_aicore_buffer: [chip_swimlane_collector.cpp:689] Core 45: skipped 1024 AICore record slot(s) with start_time=0 (race-window write or recycled-buffer tail). buf seq=0 count=1024
[mono_ns=7228568600063235][T0xe61d90f1bca0][WARN] copy_aicore_buffer: [chip_swimlane_collector.cpp:689] Core 12: skipped 1024 AICore record slot(s) with start_time=0 (race-window write or recycled-buffer tail). buf seq=0 count=1024
[mono_ns=7228568600106545][T0xe61d845a9ca0][WARN] copy_aicore_buffer: [chip_swimlane_collector.cpp:689] Core 14: skipped 1024 AICore record slot(s) with start_time=0 (race-window write or recycled-buffer tail). buf seq=0 count=1024
[mono_ns=7228568600130585][T0xe61d84db9ca0][WARN] copy_aicore_buffer: [chip_swimlane_collector.cpp:689] Core 13: skipped 1024 AICore record slot(s) with start_time=0 (race-window write or recycled-buffer tail). buf seq=0 count=1024
[mono_ns=7228568600385226][T0xe61d90f1bca0][WARN] copy_aicore_buffer: [chip_swimlane_collector.cpp:689] Core 48: skipped 1024 AICore record slot(s) with start_time=0 (race-window write or recycled-buffer tail). buf seq=0 count=1024
[mono_ns=7228568600420746][T0xe61d845a9ca0][WARN] copy_aicore_buffer: [chip_swimlane_collector.cpp:689] Core 52: skipped 1024 AICore record slot(s) with start_time=0 (race-window write or recycled-buffer tail). buf seq=0 count=1024
[mono_ns=7228568600454396][T0xe61d84db9ca0][WARN] copy_aicore_buffer: [chip_swimlane_collector.cpp:689] Core 50: skipped 1024 AICore record slot(s) with start_time=0 (race-window write or recycled-buffer tail). buf seq=0 count=1024
[mono_ns=7228568600705397][T0xe61d90f1bca0][WARN] copy_aicore_buffer: [chip_swimlane_collector.cpp:689] Core 49: skipped 1024 AICore record slot(s) with start_time=0 (race-window write or recycled-buffer tail). buf seq=0 count=1024
[mono_ns=7228568600735097][T0xe61d845a9ca0][WARN] copy_aicore_buffer: [chip_swimlane_collector.cpp:689] Core 53: skipped 1024 AICore record slot(s) with start_time=0 (race-window write or recycled-buffer tail). buf seq=0 count=1024
[mono_ns=7228568600778427][T0xe61d84db9ca0][WARN] copy_aicore_buffer: [chip_swimlane_collector.cpp:689] Core 51: skipped 1024 AICore record slot(s) with start_time=0 (race-window write or recycled-buffer tail). buf seq=0 count=1024
[mono_ns=7228568601033268][T0xe61d90f1bca0][WARN] copy_aicore_buffer: [chip_swimlane_collector.cpp:689] Core 15: skipped 1024 AICore record slot(s) with start_time=0 (race-window write or recycled-buffer tail). buf seq=0 count=1024
[mono_ns=7228568601069538][T0xe61d845a9ca0][WARN] copy_aicore_buffer: [chip_swimlane_collector.cpp:689] Core 17: skipped 1024 AICore record slot(s) with start_time=0 (race-window write or recycled-buffer tail). buf seq=0 count=1024
[mono_ns=7228568601116598][T0xe61d84db9ca0][WARN] copy_aicore_buffer: [chip_swimlane_collector.cpp:689] Core 16: skipped 1024 AICore record slot(s) with start_time=0 (race-window write or recycled-buffer tail). buf seq=0 count=1024
[mono_ns=7228568601354009][T0xe61d90f1bca0][WARN] copy_aicore_buffer: [chip_swimlane_collector.cpp:689] Core 54: skipped 1024 AICore record slot(s) with start_time=0 (race-window write or recycled-buffer tail). buf seq=0 count=1024
[mono_ns=7228568601384779][T0xe61d845a9ca0][WARN] copy_aicore_buffer: [chip_swimlane_collector.cpp:689] Core 58: skipped 1024 AICore record slot(s) with start_time=0 (race-window write or recycled-buffer tail). buf seq=0 count=1024
[mono_ns=7228568601442309][T0xe61d84db9ca0][WARN] copy_aicore_buffer: [chip_swimlane_collector.cpp:689] Core 56: skipped 1024 AICore record slot(s) with start_time=0 (race-window write or recycled-buffer tail). buf seq=0 count=1024
[mono_ns=7228568601682020][T0xe61d90f1bca0][WARN] copy_aicore_buffer: [chip_swimlane_collector.cpp:689] Core 55: skipped 1024 AICore record slot(s) with start_time=0 (race-window write or recycled-buffer tail). buf seq=0 count=1024
[mono_ns=7228568601699250][T0xe61d845a9ca0][WARN] copy_aicore_buffer: [chip_swimlane_collector.cpp:689] Core 59: skipped 1024 AICore record slot(s) with start_time=0 (race-window write or recycled-buffer tail). buf seq=0 count=1024
[mono_ns=7228568601765711][T0xe61d84db9ca0][WARN] copy_aicore_buffer: [chip_swimlane_collector.cpp:689] Core 57: skipped 1024 AICore record slot(s) with start_time=0 (race-window write or recycled-buffer tail). buf seq=0 count=1024
[mono_ns=7228568602012341][T0xe61d90f1bca0][WARN] copy_aicore_buffer: [chip_swimlane_collector.cpp:689] Core 18: skipped 1024 AICore record slot(s) with start_time=0 (race-window write or recycled-buffer tail). buf seq=0 count=1024
[mono_ns=7228568602022161][T0xe61d845a9ca0][WARN] copy_aicore_buffer: [chip_swimlane_collector.cpp:689] Core 20: skipped 1024 AICore record slot(s) with start_time=0 (race-window write or recycled-buffer tail). buf seq=0 count=1024
[mono_ns=7228568602101882][T0xe61d84db9ca0][WARN] copy_aicore_buffer: [chip_swimlane_collector.cpp:689] Core 19: skipped 1024 AICore record slot(s) with start_time=0 (race-window write or recycled-buffer tail). buf seq=0 count=1024
[mono_ns=7228568602332623][T0xe61d90f1bca0][WARN] copy_aicore_buffer: [chip_swimlane_collector.cpp:689] Core 60: skipped 1024 AICore record slot(s) with start_time=0 (race-window write or recycled-buffer tail). buf seq=0 count=1024
[mono_ns=7228568602335653][T0xe61d845a9ca0][WARN] copy_aicore_buffer: [chip_swimlane_collector.cpp:689] Core 64: skipped 1024 AICore record slot(s) with start_time=0 (race-window write or recycled-buffer tail). buf seq=0 count=1024
[mono_ns=7228568602426513][T0xe61d84db9ca0][WARN] copy_aicore_buffer: [chip_swimlane_collector.cpp:689] Core 62: skipped 1024 AICore record slot(s) with start_time=0 (race-window write or recycled-buffer tail). buf seq=0 count=1024
[mono_ns=7228568602648194][T0xe61d845a9ca0][WARN] copy_aicore_buffer: [chip_swimlane_collector.cpp:689] Core 65: skipped 1024 AICore record slot(s) with start_time=0 (race-window write or recycled-buffer tail). buf seq=0 count=1024
[mono_ns=7228568602653834][T0xe61d90f1bca0][WARN] copy_aicore_buffer: [chip_swimlane_collector.cpp:689] Core 61: skipped 1024 AICore record slot(s) with start_time=0 (race-window write or recycled-buffer tail). buf seq=0 count=1024
[mono_ns=7228568602750064][T0xe61d84db9ca0][WARN] copy_aicore_buffer: [chip_swimlane_collector.cpp:689] Core 63: skipped 1024 AICore record slot(s) with start_time=0 (race-window write or recycled-buffer tail). buf seq=0 count=1024
[mono_ns=7228568602963675][T0xe61d845a9ca0][WARN] copy_aicore_buffer: [chip_swimlane_collector.cpp:689] Core 23: skipped 1024 AICore record slot(s) with start_time=0 (race-window write or recycled-buffer tail). buf seq=0 count=1024
[mono_ns=7228568602975095][T0xe61d90f1bca0][WARN] copy_aicore_buffer: [chip_swimlane_collector.cpp:689] Core 21: skipped 1024 AICore record slot(s) with start_time=0 (race-window write or recycled-buffer tail). buf seq=0 count=1024
[mono_ns=7228568603079995][T0xe61d84db9ca0][WARN] copy_aicore_buffer: [chip_swimlane_collector.cpp:689] Core 22: skipped 1024 AICore record slot(s) with start_time=0 (race-window write or recycled-buffer tail). buf seq=0 count=1024
[mono_ns=7228568603291256][T0xe61d845a9ca0][WARN] copy_aicore_buffer: [chip_swimlane_collector.cpp:689] Core 70: skipped 1024 AICore record slot(s) with start_time=0 (race-window write or recycled-buffer tail). buf seq=0 count=1024
[mono_ns=7228568603307166][T0xe61d90f1bca0][WARN] copy_aicore_buffer: [chip_swimlane_collector.cpp:689] Core 66: skipped 1024 AICore record slot(s) with start_time=0 (race-window write or recycled-buffer tail). buf seq=0 count=1024
[mono_ns=7228568603402316][T0xe61d84db9ca0][WARN] copy_aicore_buffer: [chip_swimlane_collector.cpp:689] Core 68: skipped 1024 AICore record slot(s) with start_time=0 (race-window write or recycled-buffer tail). buf seq=0 count=1024
[mono_ns=7228568603605167][T0xe61d845a9ca0][WARN] copy_aicore_buffer: [chip_swimlane_collector.cpp:689] Core 71: skipped 1024 AICore record slot(s) with start_time=0 (race-window write or recycled-buffer tail). buf seq=0 count=1024
[mono_ns=7228568603626777][T0xe61d90f1bca0][WARN] copy_aicore_buffer: [chip_swimlane_collector.cpp:689] Core 67: skipped 1024 AICore record slot(s) with start_time=0 (race-window write or recycled-buffer tail). buf seq=0 count=1024
[mono_ns=7228568603738707][T0xe61d84db9ca0][WARN] copy_aicore_buffer: [chip_swimlane_collector.cpp:689] Core 69: skipped 1024 AICore record slot(s) with start_time=0 (race-window write or recycled-buffer tail). buf seq=0 count=1024
[mono_ns=7228568704466400][T0xe61ee18d9020][TIMING] emit_host_span: [STRACE] v=1 pid=3713520 tid=3713520 inv=8 hid=6e59d6c91bcbcc2a depth=1 name=chip.run.runner_run ts=7228568594696766 dur=109763054 
[mono_ns=7228568704550950][T0xe61ee18d9020][TIMING] emit_host_span: [STRACE] v=1 pid=3713520 tid=3713520 inv=8 hid=6e59d6c91bcbcc2a depth=1 name=chip.run.validate ts=7228568704477640 dur=69600 
[mono_ns=7228568704562300][T0xe61ee18d9020][TIMING] emit_host_span: [STRACE] v=1 pid=3713520 tid=3713520 inv=8 hid=6e59d6c91bcbcc2a depth=2 name=chip.run.runner_run.device_wall ts=0 dur=971540 clk=dev
[mono_ns=7228568704567040][T0xe61ee18d9020][TIMING] emit_host_span: [STRACE] v=1 pid=3713520 tid=3713520 inv=8 hid=6e59d6c91bcbcc2a depth=3 name=chip.run.runner_run.device_wall.preamble ts=0 dur=113100 clk=dev
[mono_ns=7228568704571160][T0xe61ee18d9020][TIMING] emit_host_span: [STRACE] v=1 pid=3713520 tid=3713520 inv=8 hid=6e59d6c91bcbcc2a depth=3 name=chip.run.runner_run.device_wall.graph_build ts=108380 dur=852360 clk=dev
[mono_ns=7228568704576130][T0xe61ee18d9020][TIMING] emit_host_span: [STRACE] v=1 pid=3713520 tid=3713520 inv=8 hid=6e59d6c91bcbcc2a depth=3 name=chip.run.runner_run.device_wall.config_validate ts=108500 dur=679 clk=dev
[mono_ns=7228568704579980][T0xe61ee18d9020][TIMING] emit_host_span: [STRACE] v=1 pid=3713520 tid=3713520 inv=8 hid=6e59d6c91bcbcc2a depth=3 name=chip.run.runner_run.device_wall.arena_wire ts=109220 dur=300 clk=dev
[mono_ns=7228568704583790][T0xe61ee18d9020][TIMING] emit_host_span: [STRACE] v=1 pid=3713520 tid=3713520 inv=8 hid=6e59d6c91bcbcc2a depth=3 name=chip.run.runner_run.device_wall.sm_reset ts=109539 dur=580 clk=dev
[mono_ns=7228568704624371][T0xe61ee18d9020][TIMING] emit_host_span: [STRACE] v=1 pid=3713520 tid=3713520 inv=8 hid=6e59d6c91bcbcc2a depth=3 name=chip.run.runner_run.device_wall.post_orch ts=960800 dur=10620 clk=dev
[mono_ns=7228568704628311][T0xe61ee18d9020][TIMING] emit_host_span: [STRACE] v=1 pid=3713520 tid=3713520 inv=8 hid=6e59d6c91bcbcc2a depth=3 name=chip.run.runner_run.device_wall.orch ts=110160 dur=3660 clk=dev
[mono_ns=7228568704631971][T0xe61ee18d9020][TIMING] emit_host_span: [STRACE] v=1 pid=3713520 tid=3713520 inv=8 hid=6e59d6c91bcbcc2a depth=3 name=chip.run.runner_run.device_wall.sched ts=113200 dur=823540 clk=dev
[mono_ns=7228568704637321][T0xe61ee18d9020][TIMING] emit_host_span: [STRACE] v=1 pid=3713520 tid=3713520 inv=8 hid=6e59d6c91bcbcc2a depth=1 name=chip.run.claim_release ts=7228568704634411 dur=320 
[mono_ns=7228568704642251][T0xe61ee18d9020][TIMING] emit_host_span: [STRACE] v=1 pid=3713520 tid=3713520 inv=8 hid=6e59d6c91bcbcc2a depth=0 name=chip.run ts=7228568594053944 dur=110586267 run_id=8 dispatch_id=8 slot_id=0 generation=8 run_epoch=8
[mono_ns=7228573520905686][T0xe61ee18d9020][TIMING] emit_host_span: [STRACE] v=1 pid=3713520 tid=3713520 inv=9 hid=6e59d6c91bcbcc2a depth=2 name=chip.run.bind.args ts=7228573520724375 dur=172051 
[mono_ns=7228573520938826][T0xe61ee18d9020][TIMING] emit_host_span: [STRACE] v=1 pid=3713520 tid=3713520 inv=9 hid=6e59d6c91bcbcc2a depth=2 name=chip.run.bind.prebuilt ts=7228573520927626 dur=8490 
[mono_ns=7228573520943326][T0xe61ee18d9020][TIMING] emit_host_span: [STRACE] v=1 pid=3713520 tid=3713520 inv=9 hid=6e59d6c91bcbcc2a depth=1 name=chip.run.bind ts=7228573520710445 dur=230671 
[mono_ns=7228573633462932][T0xe61ee18d9020][TIMING] emit_host_span: [STRACE] v=1 pid=3713520 tid=3713520 inv=9 hid=6e59d6c91bcbcc2a depth=1 name=chip.run.runner_run ts=7228573521431458 dur=112023034 
[mono_ns=7228573633560822][T0xe61ee18d9020][TIMING] emit_host_span: [STRACE] v=1 pid=3713520 tid=3713520 inv=9 hid=6e59d6c91bcbcc2a depth=1 name=chip.run.validate ts=7228573633476972 dur=80370 
[mono_ns=7228573633568902][T0xe61ee18d9020][TIMING] emit_host_span: [STRACE] v=1 pid=3713520 tid=3713520 inv=9 hid=6e59d6c91bcbcc2a depth=2 name=chip.run.runner_run.device_wall ts=0 dur=2196399 clk=dev
[mono_ns=7228573633573932][T0xe61ee18d9020][TIMING] emit_host_span: [STRACE] v=1 pid=3713520 tid=3713520 inv=9 hid=6e59d6c91bcbcc2a depth=3 name=chip.run.runner_run.device_wall.preamble ts=0 dur=5520 clk=dev
[mono_ns=7228573633577642][T0xe61ee18d9020][TIMING] emit_host_span: [STRACE] v=1 pid=3713520 tid=3713520 inv=9 hid=6e59d6c91bcbcc2a depth=3 name=chip.run.runner_run.device_wall.graph_build ts=1040 dur=2184320 clk=dev
[mono_ns=7228573633581132][T0xe61ee18d9020][TIMING] emit_host_span: [STRACE] v=1 pid=3713520 tid=3713520 inv=9 hid=6e59d6c91bcbcc2a depth=3 name=chip.run.runner_run.device_wall.config_validate ts=1340 dur=940 clk=dev
[mono_ns=7228573633584472][T0xe61ee18d9020][TIMING] emit_host_span: [STRACE] v=1 pid=3713520 tid=3713520 inv=9 hid=6e59d6c91bcbcc2a depth=3 name=chip.run.runner_run.device_wall.arena_wire ts=2300 dur=540 clk=dev
[mono_ns=7228573633587752][T0xe61ee18d9020][TIMING] emit_host_span: [STRACE] v=1 pid=3713520 tid=3713520 inv=9 hid=6e59d6c91bcbcc2a depth=3 name=chip.run.runner_run.device_wall.sm_reset ts=2880 dur=580 clk=dev
[mono_ns=7228573633595072][T0xe61ee18d9020][TIMING] emit_host_span: [STRACE] v=1 pid=3713520 tid=3713520 inv=9 hid=6e59d6c91bcbcc2a depth=3 name=chip.run.runner_run.device_wall.post_orch ts=2185400 dur=10879 clk=dev
[mono_ns=7228573633598622][T0xe61ee18d9020][TIMING] emit_host_span: [STRACE] v=1 pid=3713520 tid=3713520 inv=9 hid=6e59d6c91bcbcc2a depth=3 name=chip.run.runner_run.device_wall.orch ts=4180 dur=9500 clk=dev
[mono_ns=7228573633601982][T0xe61ee18d9020][TIMING] emit_host_span: [STRACE] v=1 pid=3713520 tid=3713520 inv=9 hid=6e59d6c91bcbcc2a depth=3 name=chip.run.runner_run.device_wall.sched ts=5699 dur=2171859 clk=dev
[mono_ns=7228573633607012][T0xe61ee18d9020][TIMING] emit_host_span: [STRACE] v=1 pid=3713520 tid=3713520 inv=9 hid=6e59d6c91bcbcc2a depth=1 name=chip.run.claim_release ts=7228573633604792 dur=460 
[mono_ns=7228573633611742][T0xe61ee18d9020][TIMING] emit_host_span: [STRACE] v=1 pid=3713520 tid=3713520 inv=9 hid=6e59d6c91bcbcc2a depth=0 name=chip.run ts=7228573520587785 dur=113021927 run_id=9 dispatch_id=9 slot_id=0 generation=9 run_epoch=9
[mono_ns=7228598720027519][T0xe61d845a9ca0][ERROR] poll_and_collect_loop: [profiler_base.h:1283] ChipSwimlane collector idle timeout after 30 seconds — staying alive until execution completes
[mono_ns=7228598720419300][T0xe61d84db9ca0][ERROR] poll_and_collect_loop: [profiler_base.h:1283] ChipSwimlane collector idle timeout after 30 seconds — staying alive until execution completes
[mono_ns=7228598722203356][T0xe61d90f1bca0][ERROR] poll_and_collect_loop: [profiler_base.h:1283] ChipSwimlane collector idle timeout after 30 seconds — staying alive until execution completes
[mono_ns=7228603638804953][T0xe61d1ad6cca0][ERROR] poll_and_collect_loop: [profiler_base.h:1283] DepGen collector idle timeout after 30 seconds — staying alive until execution completes
[mono_ns=7228749377687438][T0xe61ee18d9020][ERROR] file_barrier: [comm_hccl.cpp:218] [comm rank 6] file_barrier('alloc_0_release') timed out after 120s waiting for rank 7
[mono_ns=7228749377734208][T0xe61ee18d9020][WARN] comm_release_domain_windows: [comm_hccl.cpp:1520] [comm rank 6] release_domain: barrier timed out; releasing local state anyway
[mono_ns=7228874023485231][T0xe61ee18d9020][WARN] comm_destroy: [comm_hccl.cpp:1800] [comm rank 6] comm_destroy: final release failed during release wait for rank 6
