[mono_ns=7230598191862750][T0xfaa95c78b020][TIMING] emit_host_span: [STRACE] v=1 pid=342501 tid=342501 inv=1 hid=dd172d0ab2c42d37 depth=2 name=chip.run.bind.args ts=7230598191751751 dur=103819 
[mono_ns=7230598191885320][T0xfaa95c78b020][TIMING] emit_host_span: [STRACE] v=1 pid=342501 tid=342501 inv=1 hid=dd172d0ab2c42d37 depth=2 name=chip.run.bind.prebuilt ts=7230598191879580 dur=2800 
[mono_ns=7230598191890650][T0xfaa95c78b020][TIMING] emit_host_span: [STRACE] v=1 pid=342501 tid=342501 inv=1 hid=dd172d0ab2c42d37 depth=1 name=chip.run.bind ts=7230598191314281 dur=573949 
[mono_ns=7230598308151213][T0xfaa95c78b020][TIMING] emit_host_span: [STRACE] v=1 pid=342501 tid=342501 inv=1 hid=dd172d0ab2c42d37 depth=1 name=chip.run.runner_run ts=7230598192615009 dur=115522514 
[mono_ns=7230598308294933][T0xfaa95c78b020][TIMING] emit_host_span: [STRACE] v=1 pid=342501 tid=342501 inv=1 hid=dd172d0ab2c42d37 depth=1 name=chip.run.validate ts=7230598308176933 dur=113750 
[mono_ns=7230598308307233][T0xfaa95c78b020][TIMING] emit_host_span: [STRACE] v=1 pid=342501 tid=342501 inv=1 hid=dd172d0ab2c42d37 depth=2 name=chip.run.runner_run.device_wall ts=0 dur=376500 clk=dev
[mono_ns=7230598308311903][T0xfaa95c78b020][TIMING] emit_host_span: [STRACE] v=1 pid=342501 tid=342501 inv=1 hid=dd172d0ab2c42d37 depth=3 name=chip.run.runner_run.device_wall.preamble ts=0 dur=195660 clk=dev
[mono_ns=7230598308316683][T0xfaa95c78b020][TIMING] emit_host_span: [STRACE] v=1 pid=342501 tid=342501 inv=1 hid=dd172d0ab2c42d37 depth=3 name=chip.run.runner_run.device_wall.graph_build ts=43800 dur=313180 clk=dev
[mono_ns=7230598308320233][T0xfaa95c78b020][TIMING] emit_host_span: [STRACE] v=1 pid=342501 tid=342501 inv=1 hid=dd172d0ab2c42d37 depth=3 name=chip.run.runner_run.device_wall.config_validate ts=48000 dur=3700 clk=dev
[mono_ns=7230598308325703][T0xfaa95c78b020][TIMING] emit_host_span: [STRACE] v=1 pid=342501 tid=342501 inv=1 hid=dd172d0ab2c42d37 depth=3 name=chip.run.runner_run.device_wall.arena_wire ts=51740 dur=11960 clk=dev
[mono_ns=7230598308330343][T0xfaa95c78b020][TIMING] emit_host_span: [STRACE] v=1 pid=342501 tid=342501 inv=1 hid=dd172d0ab2c42d37 depth=3 name=chip.run.runner_run.device_wall.sm_reset ts=63739 dur=17620 clk=dev
[mono_ns=7230598308335113][T0xfaa95c78b020][TIMING] emit_host_span: [STRACE] v=1 pid=342501 tid=342501 inv=1 hid=dd172d0ab2c42d37 depth=3 name=chip.run.runner_run.device_wall.post_orch ts=357060 dur=15240 clk=dev
[mono_ns=7230598308339653][T0xfaa95c78b020][TIMING] emit_host_span: [STRACE] v=1 pid=342501 tid=342501 inv=1 hid=dd172d0ab2c42d37 depth=3 name=chip.run.runner_run.device_wall.orch ts=86600 dur=46560 clk=dev
[mono_ns=7230598308344253][T0xfaa95c78b020][TIMING] emit_host_span: [STRACE] v=1 pid=342501 tid=342501 inv=1 hid=dd172d0ab2c42d37 depth=3 name=chip.run.runner_run.device_wall.sched ts=197480 dur=135460 clk=dev
[mono_ns=7230598308351213][T0xfaa95c78b020][TIMING] emit_host_span: [STRACE] v=1 pid=342501 tid=342501 inv=1 hid=dd172d0ab2c42d37 depth=1 name=chip.run.claim_release ts=7230598308348443 dur=930 
[mono_ns=7230598308358423][T0xfaa95c78b020][TIMING] emit_host_span: [STRACE] v=1 pid=342501 tid=342501 inv=1 hid=dd172d0ab2c42d37 depth=0 name=chip.run ts=7230598191280552 dur=117075851 run_id=1 dispatch_id=1 slot_id=0 generation=1 run_epoch=1
[mono_ns=7230598317097805][T0xfaa95c78b020][TIMING] emit_host_span: [STRACE] v=1 pid=342501 tid=342501 inv=2 hid=dd172d0ab2c42d37 depth=2 name=chip.run.bind.args ts=7230598316961485 dur=129800 
[mono_ns=7230598317117555][T0xfaa95c78b020][TIMING] emit_host_span: [STRACE] v=1 pid=342501 tid=342501 inv=2 hid=dd172d0ab2c42d37 depth=2 name=chip.run.bind.prebuilt ts=7230598317111455 dur=3770 
[mono_ns=7230598317123835][T0xfaa95c78b020][TIMING] emit_host_span: [STRACE] v=1 pid=342501 tid=342501 inv=2 hid=dd172d0ab2c42d37 depth=1 name=chip.run.bind ts=7230598316950885 dur=170920 
[mono_ns=7230598388150850][T0xfaa81488bca0][WARN] copy_aicore_buffer: [chip_swimlane_collector.cpp:689] Core 1: skipped 1024 AICore record slot(s) with start_time=0 (race-window write or recycled-buffer tail). buf seq=0 count=1024
[mono_ns=7230598388161790][T0xfaa81509bca0][WARN] copy_aicore_buffer: [chip_swimlane_collector.cpp:689] Core 0: skipped 1024 AICore record slot(s) with start_time=0 (race-window write or recycled-buffer tail). buf seq=0 count=1024
[mono_ns=7230598388172970][T0xfaa805f3bca0][WARN] copy_aicore_buffer: [chip_swimlane_collector.cpp:689] Core 2: skipped 1024 AICore record slot(s) with start_time=0 (race-window write or recycled-buffer tail). buf seq=0 count=1024
[mono_ns=7230598388453889][T0xfaa81509bca0][WARN] copy_aicore_buffer: [chip_swimlane_collector.cpp:689] Core 24: skipped 1023 AICore record slot(s) with start_time=0 (race-window write or recycled-buffer tail). buf seq=0 count=1024
[mono_ns=7230598388460259][T0xfaa81488bca0][WARN] copy_aicore_buffer: [chip_swimlane_collector.cpp:689] Core 26: skipped 1022 AICore record slot(s) with start_time=0 (race-window write or recycled-buffer tail). buf seq=0 count=1024
[mono_ns=7230598388476879][T0xfaa805f3bca0][WARN] copy_aicore_buffer: [chip_swimlane_collector.cpp:689] Core 28: skipped 1024 AICore record slot(s) with start_time=0 (race-window write or recycled-buffer tail). buf seq=0 count=1024
[mono_ns=7230598388736219][T0xfaa81509bca0][WARN] copy_aicore_buffer: [chip_swimlane_collector.cpp:689] Core 25: skipped 1024 AICore record slot(s) with start_time=0 (race-window write or recycled-buffer tail). buf seq=0 count=1024
[mono_ns=7230598388741469][T0xfaa81488bca0][WARN] copy_aicore_buffer: [chip_swimlane_collector.cpp:689] Core 27: skipped 1024 AICore record slot(s) with start_time=0 (race-window write or recycled-buffer tail). buf seq=0 count=1024
[mono_ns=7230598388774779][T0xfaa805f3bca0][WARN] copy_aicore_buffer: [chip_swimlane_collector.cpp:689] Core 29: skipped 1024 AICore record slot(s) with start_time=0 (race-window write or recycled-buffer tail). buf seq=0 count=1024
[mono_ns=7230598389078038][T0xfaa81488bca0][WARN] copy_aicore_buffer: [chip_swimlane_collector.cpp:689] Core 4: skipped 1024 AICore record slot(s) with start_time=0 (race-window write or recycled-buffer tail). buf seq=0 count=1024
[mono_ns=7230598389085158][T0xfaa81509bca0][WARN] copy_aicore_buffer: [chip_swimlane_collector.cpp:689] Core 3: skipped 1024 AICore record slot(s) with start_time=0 (race-window write or recycled-buffer tail). buf seq=0 count=1024
[mono_ns=7230598389121318][T0xfaa805f3bca0][WARN] copy_aicore_buffer: [chip_swimlane_collector.cpp:689] Core 5: skipped 1024 AICore record slot(s) with start_time=0 (race-window write or recycled-buffer tail). buf seq=0 count=1024
[mono_ns=7230598389376027][T0xfaa81488bca0][WARN] copy_aicore_buffer: [chip_swimlane_collector.cpp:689] Core 32: skipped 1024 AICore record slot(s) with start_time=0 (race-window write or recycled-buffer tail). buf seq=0 count=1024
[mono_ns=7230598389384367][T0xfaa81509bca0][WARN] copy_aicore_buffer: [chip_swimlane_collector.cpp:689] Core 30: skipped 1024 AICore record slot(s) with start_time=0 (race-window write or recycled-buffer tail). buf seq=0 count=1024
[mono_ns=7230598389436197][T0xfaa805f3bca0][WARN] copy_aicore_buffer: [chip_swimlane_collector.cpp:689] Core 34: skipped 1024 AICore record slot(s) with start_time=0 (race-window write or recycled-buffer tail). buf seq=0 count=1024
[mono_ns=7230598389672577][T0xfaa81488bca0][WARN] copy_aicore_buffer: [chip_swimlane_collector.cpp:689] Core 33: skipped 1024 AICore record slot(s) with start_time=0 (race-window write or recycled-buffer tail). buf seq=0 count=1024
[mono_ns=7230598389681767][T0xfaa81509bca0][WARN] copy_aicore_buffer: [chip_swimlane_collector.cpp:689] Core 31: skipped 1024 AICore record slot(s) with start_time=0 (race-window write or recycled-buffer tail). buf seq=0 count=1024
[mono_ns=7230598389741087][T0xfaa805f3bca0][WARN] copy_aicore_buffer: [chip_swimlane_collector.cpp:689] Core 35: skipped 1024 AICore record slot(s) with start_time=0 (race-window write or recycled-buffer tail). buf seq=0 count=1024
[mono_ns=7230598389967596][T0xfaa81488bca0][WARN] copy_aicore_buffer: [chip_swimlane_collector.cpp:689] Core 7: skipped 1024 AICore record slot(s) with start_time=0 (race-window write or recycled-buffer tail). buf seq=0 count=1024
[mono_ns=7230598389977846][T0xfaa81509bca0][WARN] copy_aicore_buffer: [chip_swimlane_collector.cpp:689] Core 6: skipped 1024 AICore record slot(s) with start_time=0 (race-window write or recycled-buffer tail). buf seq=0 count=1024
[mono_ns=7230598390062626][T0xfaa805f3bca0][WARN] copy_aicore_buffer: [chip_swimlane_collector.cpp:689] Core 8: skipped 1024 AICore record slot(s) with start_time=0 (race-window write or recycled-buffer tail). buf seq=0 count=1024
[mono_ns=7230598390277116][T0xfaa81488bca0][WARN] copy_aicore_buffer: [chip_swimlane_collector.cpp:689] Core 38: skipped 1024 AICore record slot(s) with start_time=0 (race-window write or recycled-buffer tail). buf seq=0 count=1024
[mono_ns=7230598390287206][T0xfaa81509bca0][WARN] copy_aicore_buffer: [chip_swimlane_collector.cpp:689] Core 36: skipped 1024 AICore record slot(s) with start_time=0 (race-window write or recycled-buffer tail). buf seq=0 count=1024
[mono_ns=7230598390368125][T0xfaa805f3bca0][WARN] copy_aicore_buffer: [chip_swimlane_collector.cpp:689] Core 40: skipped 1024 AICore record slot(s) with start_time=0 (race-window write or recycled-buffer tail). buf seq=0 count=1024
[mono_ns=7230598390574375][T0xfaa81488bca0][WARN] copy_aicore_buffer: [chip_swimlane_collector.cpp:689] Core 39: skipped 1024 AICore record slot(s) with start_time=0 (race-window write or recycled-buffer tail). buf seq=0 count=1024
[mono_ns=7230598390581265][T0xfaa81509bca0][WARN] copy_aicore_buffer: [chip_swimlane_collector.cpp:689] Core 37: skipped 1024 AICore record slot(s) with start_time=0 (race-window write or recycled-buffer tail). buf seq=0 count=1024
[mono_ns=7230598390683235][T0xfaa805f3bca0][WARN] copy_aicore_buffer: [chip_swimlane_collector.cpp:689] Core 41: skipped 1024 AICore record slot(s) with start_time=0 (race-window write or recycled-buffer tail). buf seq=0 count=1024
[mono_ns=7230598390879364][T0xfaa81488bca0][WARN] copy_aicore_buffer: [chip_swimlane_collector.cpp:689] Core 10: skipped 1024 AICore record slot(s) with start_time=0 (race-window write or recycled-buffer tail). buf seq=0 count=1024
[mono_ns=7230598390888584][T0xfaa81509bca0][WARN] copy_aicore_buffer: [chip_swimlane_collector.cpp:689] Core 9: skipped 1024 AICore record slot(s) with start_time=0 (race-window write or recycled-buffer tail). buf seq=0 count=1024
[mono_ns=7230598390992244][T0xfaa805f3bca0][WARN] copy_aicore_buffer: [chip_swimlane_collector.cpp:689] Core 11: skipped 1024 AICore record slot(s) with start_time=0 (race-window write or recycled-buffer tail). buf seq=0 count=1024
[mono_ns=7230598391182084][T0xfaa81488bca0][WARN] copy_aicore_buffer: [chip_swimlane_collector.cpp:689] Core 44: skipped 1024 AICore record slot(s) with start_time=0 (race-window write or recycled-buffer tail). buf seq=0 count=1024
[mono_ns=7230598391187334][T0xfaa81509bca0][WARN] copy_aicore_buffer: [chip_swimlane_collector.cpp:689] Core 42: skipped 1024 AICore record slot(s) with start_time=0 (race-window write or recycled-buffer tail). buf seq=0 count=1024
[mono_ns=7230598391314044][T0xfaa805f3bca0][WARN] copy_aicore_buffer: [chip_swimlane_collector.cpp:689] Core 46: skipped 1024 AICore record slot(s) with start_time=0 (race-window write or recycled-buffer tail). buf seq=0 count=1024
[mono_ns=7230598391479683][T0xfaa81488bca0][WARN] copy_aicore_buffer: [chip_swimlane_collector.cpp:689] Core 45: skipped 1024 AICore record slot(s) with start_time=0 (race-window write or recycled-buffer tail). buf seq=0 count=1024
[mono_ns=7230598391483773][T0xfaa81509bca0][WARN] copy_aicore_buffer: [chip_swimlane_collector.cpp:689] Core 43: skipped 1024 AICore record slot(s) with start_time=0 (race-window write or recycled-buffer tail). buf seq=0 count=1024
[mono_ns=7230598391624863][T0xfaa805f3bca0][WARN] copy_aicore_buffer: [chip_swimlane_collector.cpp:689] Core 47: skipped 1024 AICore record slot(s) with start_time=0 (race-window write or recycled-buffer tail). buf seq=0 count=1024
[mono_ns=7230598391779893][T0xfaa81509bca0][WARN] copy_aicore_buffer: [chip_swimlane_collector.cpp:689] Core 12: skipped 1024 AICore record slot(s) with start_time=0 (race-window write or recycled-buffer tail). buf seq=0 count=1024
[mono_ns=7230598391780193][T0xfaa81488bca0][WARN] copy_aicore_buffer: [chip_swimlane_collector.cpp:689] Core 13: skipped 1024 AICore record slot(s) with start_time=0 (race-window write or recycled-buffer tail). buf seq=0 count=1024
[mono_ns=7230598391929962][T0xfaa805f3bca0][WARN] copy_aicore_buffer: [chip_swimlane_collector.cpp:689] Core 14: skipped 1024 AICore record slot(s) with start_time=0 (race-window write or recycled-buffer tail). buf seq=0 count=1024
[mono_ns=7230598392087782][T0xfaa81488bca0][WARN] copy_aicore_buffer: [chip_swimlane_collector.cpp:689] Core 50: skipped 1024 AICore record slot(s) with start_time=0 (race-window write or recycled-buffer tail). buf seq=0 count=1024
[mono_ns=7230598392093892][T0xfaa81509bca0][WARN] copy_aicore_buffer: [chip_swimlane_collector.cpp:689] Core 48: skipped 1024 AICore record slot(s) with start_time=0 (race-window write or recycled-buffer tail). buf seq=0 count=1024
[mono_ns=7230598392244832][T0xfaa805f3bca0][WARN] copy_aicore_buffer: [chip_swimlane_collector.cpp:689] Core 52: skipped 1024 AICore record slot(s) with start_time=0 (race-window write or recycled-buffer tail). buf seq=0 count=1024
[mono_ns=7230598392385091][T0xfaa81488bca0][WARN] copy_aicore_buffer: [chip_swimlane_collector.cpp:689] Core 51: skipped 1024 AICore record slot(s) with start_time=0 (race-window write or recycled-buffer tail). buf seq=0 count=1024
[mono_ns=7230598392391851][T0xfaa81509bca0][WARN] copy_aicore_buffer: [chip_swimlane_collector.cpp:689] Core 49: skipped 1024 AICore record slot(s) with start_time=0 (race-window write or recycled-buffer tail). buf seq=0 count=1024
[mono_ns=7230598392555121][T0xfaa805f3bca0][WARN] copy_aicore_buffer: [chip_swimlane_collector.cpp:689] Core 53: skipped 1024 AICore record slot(s) with start_time=0 (race-window write or recycled-buffer tail). buf seq=0 count=1024
[mono_ns=7230598392678451][T0xfaa81488bca0][WARN] copy_aicore_buffer: [chip_swimlane_collector.cpp:689] Core 16: skipped 1024 AICore record slot(s) with start_time=0 (race-window write or recycled-buffer tail). buf seq=0 count=1024
[mono_ns=7230598392687621][T0xfaa81509bca0][WARN] copy_aicore_buffer: [chip_swimlane_collector.cpp:689] Core 15: skipped 1024 AICore record slot(s) with start_time=0 (race-window write or recycled-buffer tail). buf seq=0 count=1024
[mono_ns=7230598392865060][T0xfaa805f3bca0][WARN] copy_aicore_buffer: [chip_swimlane_collector.cpp:689] Core 17: skipped 1024 AICore record slot(s) with start_time=0 (race-window write or recycled-buffer tail). buf seq=0 count=1024
[mono_ns=7230598392968210][T0xfaa81488bca0][WARN] copy_aicore_buffer: [chip_swimlane_collector.cpp:689] Core 56: skipped 1024 AICore record slot(s) with start_time=0 (race-window write or recycled-buffer tail). buf seq=0 count=1024
[mono_ns=7230598392975370][T0xfaa81509bca0][WARN] copy_aicore_buffer: [chip_swimlane_collector.cpp:689] Core 54: skipped 1024 AICore record slot(s) with start_time=0 (race-window write or recycled-buffer tail). buf seq=0 count=1024
[mono_ns=7230598393181230][T0xfaa805f3bca0][WARN] copy_aicore_buffer: [chip_swimlane_collector.cpp:689] Core 58: skipped 1024 AICore record slot(s) with start_time=0 (race-window write or recycled-buffer tail). buf seq=0 count=1024
[mono_ns=7230598393270140][T0xfaa81488bca0][WARN] copy_aicore_buffer: [chip_swimlane_collector.cpp:689] Core 57: skipped 1024 AICore record slot(s) with start_time=0 (race-window write or recycled-buffer tail). buf seq=0 count=1024
[mono_ns=7230598393276830][T0xfaa81509bca0][WARN] copy_aicore_buffer: [chip_swimlane_collector.cpp:689] Core 55: skipped 1024 AICore record slot(s) with start_time=0 (race-window write or recycled-buffer tail). buf seq=0 count=1024
[mono_ns=7230598393497989][T0xfaa805f3bca0][WARN] copy_aicore_buffer: [chip_swimlane_collector.cpp:689] Core 59: skipped 1024 AICore record slot(s) with start_time=0 (race-window write or recycled-buffer tail). buf seq=0 count=1024
[mono_ns=7230598393564569][T0xfaa81488bca0][WARN] copy_aicore_buffer: [chip_swimlane_collector.cpp:689] Core 19: skipped 1024 AICore record slot(s) with start_time=0 (race-window write or recycled-buffer tail). buf seq=0 count=1024
[mono_ns=7230598393571049][T0xfaa81509bca0][WARN] copy_aicore_buffer: [chip_swimlane_collector.cpp:689] Core 18: skipped 1024 AICore record slot(s) with start_time=0 (race-window write or recycled-buffer tail). buf seq=0 count=1024
[mono_ns=7230598393808428][T0xfaa805f3bca0][WARN] copy_aicore_buffer: [chip_swimlane_collector.cpp:689] Core 20: skipped 1024 AICore record slot(s) with start_time=0 (race-window write or recycled-buffer tail). buf seq=0 count=1024
[mono_ns=7230598393861268][T0xfaa81488bca0][WARN] copy_aicore_buffer: [chip_swimlane_collector.cpp:689] Core 62: skipped 1024 AICore record slot(s) with start_time=0 (race-window write or recycled-buffer tail). buf seq=0 count=1024
[mono_ns=7230598393870308][T0xfaa81509bca0][WARN] copy_aicore_buffer: [chip_swimlane_collector.cpp:689] Core 60: skipped 1024 AICore record slot(s) with start_time=0 (race-window write or recycled-buffer tail). buf seq=0 count=1024
[mono_ns=7230598394126298][T0xfaa805f3bca0][WARN] copy_aicore_buffer: [chip_swimlane_collector.cpp:689] Core 64: skipped 1024 AICore record slot(s) with start_time=0 (race-window write or recycled-buffer tail). buf seq=0 count=1024
[mono_ns=7230598394177558][T0xfaa81488bca0][WARN] copy_aicore_buffer: [chip_swimlane_collector.cpp:689] Core 63: skipped 1024 AICore record slot(s) with start_time=0 (race-window write or recycled-buffer tail). buf seq=0 count=1024
[mono_ns=7230598394185508][T0xfaa81509bca0][WARN] copy_aicore_buffer: [chip_swimlane_collector.cpp:689] Core 61: skipped 1024 AICore record slot(s) with start_time=0 (race-window write or recycled-buffer tail). buf seq=0 count=1024
[mono_ns=7230598394440977][T0xfaa805f3bca0][WARN] copy_aicore_buffer: [chip_swimlane_collector.cpp:689] Core 65: skipped 1024 AICore record slot(s) with start_time=0 (race-window write or recycled-buffer tail). buf seq=0 count=1024
[mono_ns=7230598394475797][T0xfaa81488bca0][WARN] copy_aicore_buffer: [chip_swimlane_collector.cpp:689] Core 22: skipped 1024 AICore record slot(s) with start_time=0 (race-window write or recycled-buffer tail). buf seq=0 count=1024
[mono_ns=7230598394491447][T0xfaa81509bca0][WARN] copy_aicore_buffer: [chip_swimlane_collector.cpp:689] Core 21: skipped 1024 AICore record slot(s) with start_time=0 (race-window write or recycled-buffer tail). buf seq=0 count=1024
[mono_ns=7230598394750357][T0xfaa805f3bca0][WARN] copy_aicore_buffer: [chip_swimlane_collector.cpp:689] Core 23: skipped 1024 AICore record slot(s) with start_time=0 (race-window write or recycled-buffer tail). buf seq=0 count=1024
[mono_ns=7230598394775646][T0xfaa81488bca0][WARN] copy_aicore_buffer: [chip_swimlane_collector.cpp:689] Core 68: skipped 1024 AICore record slot(s) with start_time=0 (race-window write or recycled-buffer tail). buf seq=0 count=1024
[mono_ns=7230598394788596][T0xfaa81509bca0][WARN] copy_aicore_buffer: [chip_swimlane_collector.cpp:689] Core 66: skipped 1024 AICore record slot(s) with start_time=0 (race-window write or recycled-buffer tail). buf seq=0 count=1024
[mono_ns=7230598395073656][T0xfaa805f3bca0][WARN] copy_aicore_buffer: [chip_swimlane_collector.cpp:689] Core 70: skipped 1024 AICore record slot(s) with start_time=0 (race-window write or recycled-buffer tail). buf seq=0 count=1024
[mono_ns=7230598395081576][T0xfaa81488bca0][WARN] copy_aicore_buffer: [chip_swimlane_collector.cpp:689] Core 69: skipped 1024 AICore record slot(s) with start_time=0 (race-window write or recycled-buffer tail). buf seq=0 count=1024
[mono_ns=7230598395096906][T0xfaa81509bca0][WARN] copy_aicore_buffer: [chip_swimlane_collector.cpp:689] Core 67: skipped 1024 AICore record slot(s) with start_time=0 (race-window write or recycled-buffer tail). buf seq=0 count=1024
[mono_ns=7230598395383615][T0xfaa805f3bca0][WARN] copy_aicore_buffer: [chip_swimlane_collector.cpp:689] Core 71: skipped 1024 AICore record slot(s) with start_time=0 (race-window write or recycled-buffer tail). buf seq=0 count=1024
[mono_ns=7230598496010500][T0xfaa95c78b020][TIMING] emit_host_span: [STRACE] v=1 pid=342501 tid=342501 inv=2 hid=dd172d0ab2c42d37 depth=1 name=chip.run.runner_run ts=7230598371026725 dur=124968155 
[mono_ns=7230598496128690][T0xfaa95c78b020][TIMING] emit_host_span: [STRACE] v=1 pid=342501 tid=342501 inv=2 hid=dd172d0ab2c42d37 depth=1 name=chip.run.validate ts=7230598496027900 dur=97170 
[mono_ns=7230598496141300][T0xfaa95c78b020][TIMING] emit_host_span: [STRACE] v=1 pid=342501 tid=342501 inv=2 hid=dd172d0ab2c42d37 depth=2 name=chip.run.runner_run.device_wall ts=0 dur=15141520 clk=dev
[mono_ns=7230598496147100][T0xfaa95c78b020][TIMING] emit_host_span: [STRACE] v=1 pid=342501 tid=342501 inv=2 hid=dd172d0ab2c42d37 depth=3 name=chip.run.runner_run.device_wall.preamble ts=0 dur=139940 clk=dev
[mono_ns=7230598496151930][T0xfaa95c78b020][TIMING] emit_host_span: [STRACE] v=1 pid=342501 tid=342501 inv=2 hid=dd172d0ab2c42d37 depth=3 name=chip.run.runner_run.device_wall.graph_build ts=135760 dur=14996280 clk=dev
[mono_ns=7230598496155660][T0xfaa95c78b020][TIMING] emit_host_span: [STRACE] v=1 pid=342501 tid=342501 inv=2 hid=dd172d0ab2c42d37 depth=3 name=chip.run.runner_run.device_wall.config_validate ts=136000 dur=1120 clk=dev
[mono_ns=7230598496158960][T0xfaa95c78b020][TIMING] emit_host_span: [STRACE] v=1 pid=342501 tid=342501 inv=2 hid=dd172d0ab2c42d37 depth=3 name=chip.run.runner_run.device_wall.arena_wire ts=137140 dur=960 clk=dev
[mono_ns=7230598496162470][T0xfaa95c78b020][TIMING] emit_host_span: [STRACE] v=1 pid=342501 tid=342501 inv=2 hid=dd172d0ab2c42d37 depth=3 name=chip.run.runner_run.device_wall.sm_reset ts=138120 dur=2160 clk=dev
[mono_ns=7230598496167110][T0xfaa95c78b020][TIMING] emit_host_span: [STRACE] v=1 pid=342501 tid=342501 inv=2 hid=dd172d0ab2c42d37 depth=3 name=chip.run.runner_run.device_wall.post_orch ts=15132060 dur=8900 clk=dev
[mono_ns=7230598496171560][T0xfaa95c78b020][TIMING] emit_host_span: [STRACE] v=1 pid=342501 tid=342501 inv=2 hid=dd172d0ab2c42d37 depth=3 name=chip.run.runner_run.device_wall.orch ts=140380 dur=6160 clk=dev
[mono_ns=7230598496175890][T0xfaa95c78b020][TIMING] emit_host_span: [STRACE] v=1 pid=342501 tid=342501 inv=2 hid=dd172d0ab2c42d37 depth=3 name=chip.run.runner_run.device_wall.sched ts=140480 dur=14965360 clk=dev
[mono_ns=7230598496182220][T0xfaa95c78b020][TIMING] emit_host_span: [STRACE] v=1 pid=342501 tid=342501 inv=2 hid=dd172d0ab2c42d37 depth=1 name=chip.run.claim_release ts=7230598496179590 dur=910 
[mono_ns=7230598496189950][T0xfaa95c78b020][TIMING] emit_host_span: [STRACE] v=1 pid=342501 tid=342501 inv=2 hid=dd172d0ab2c42d37 depth=0 name=chip.run ts=7230598316894375 dur=179293095 run_id=2 dispatch_id=2 slot_id=0 generation=2 run_epoch=2
[mono_ns=7230603311901693][T0xfaa95c78b020][TIMING] emit_host_span: [STRACE] v=1 pid=342501 tid=342501 inv=3 hid=dd172d0ab2c42d37 depth=2 name=chip.run.bind.args ts=7230603311625904 dur=251180 
[mono_ns=7230603311992553][T0xfaa95c78b020][TIMING] emit_host_span: [STRACE] v=1 pid=342501 tid=342501 inv=3 hid=dd172d0ab2c42d37 depth=2 name=chip.run.bind.prebuilt ts=7230603311972003 dur=16930 
[mono_ns=7230603311998133][T0xfaa95c78b020][TIMING] emit_host_span: [STRACE] v=1 pid=342501 tid=342501 inv=3 hid=dd172d0ab2c42d37 depth=1 name=chip.run.bind ts=7230603311559124 dur=436489 
[mono_ns=7230603422315215][T0xfaa95c78b020][TIMING] emit_host_span: [STRACE] v=1 pid=342501 tid=342501 inv=3 hid=dd172d0ab2c42d37 depth=1 name=chip.run.runner_run ts=7230603313344691 dur=108961344 
[mono_ns=7230603422429795][T0xfaa95c78b020][TIMING] emit_host_span: [STRACE] v=1 pid=342501 tid=342501 inv=3 hid=dd172d0ab2c42d37 depth=1 name=chip.run.validate ts=7230603422337825 dur=88170 
[mono_ns=7230603422443305][T0xfaa95c78b020][TIMING] emit_host_span: [STRACE] v=1 pid=342501 tid=342501 inv=3 hid=dd172d0ab2c42d37 depth=2 name=chip.run.runner_run.device_wall ts=0 dur=1084960 clk=dev
[mono_ns=7230603422447835][T0xfaa95c78b020][TIMING] emit_host_span: [STRACE] v=1 pid=342501 tid=342501 inv=3 hid=dd172d0ab2c42d37 depth=3 name=chip.run.runner_run.device_wall.preamble ts=0 dur=8000 clk=dev
[mono_ns=7230603422453055][T0xfaa95c78b020][TIMING] emit_host_span: [STRACE] v=1 pid=342501 tid=342501 inv=3 hid=dd172d0ab2c42d37 depth=3 name=chip.run.runner_run.device_wall.graph_build ts=2280 dur=1073580 clk=dev
[mono_ns=7230603422456575][T0xfaa95c78b020][TIMING] emit_host_span: [STRACE] v=1 pid=342501 tid=342501 inv=3 hid=dd172d0ab2c42d37 depth=3 name=chip.run.runner_run.device_wall.config_validate ts=2920 dur=840 clk=dev
[mono_ns=7230603422461835][T0xfaa95c78b020][TIMING] emit_host_span: [STRACE] v=1 pid=342501 tid=342501 inv=3 hid=dd172d0ab2c42d37 depth=3 name=chip.run.runner_run.device_wall.arena_wire ts=3780 dur=600 clk=dev
[mono_ns=7230603422464905][T0xfaa95c78b020][TIMING] emit_host_span: [STRACE] v=1 pid=342501 tid=342501 inv=3 hid=dd172d0ab2c42d37 depth=3 name=chip.run.runner_run.device_wall.sm_reset ts=4400 dur=2280 clk=dev
[mono_ns=7230603422469995][T0xfaa95c78b020][TIMING] emit_host_span: [STRACE] v=1 pid=342501 tid=342501 inv=3 hid=dd172d0ab2c42d37 depth=3 name=chip.run.runner_run.device_wall.post_orch ts=1075919 dur=8879 clk=dev
[mono_ns=7230603422513995][T0xfaa95c78b020][TIMING] emit_host_span: [STRACE] v=1 pid=342501 tid=342501 inv=3 hid=dd172d0ab2c42d37 depth=3 name=chip.run.runner_run.device_wall.orch ts=7560 dur=10540 clk=dev
[mono_ns=7230603422519375][T0xfaa95c78b020][TIMING] emit_host_span: [STRACE] v=1 pid=342501 tid=342501 inv=3 hid=dd172d0ab2c42d37 depth=3 name=chip.run.runner_run.device_wall.sched ts=8379 dur=1059120 clk=dev
[mono_ns=7230603422526925][T0xfaa95c78b020][TIMING] emit_host_span: [STRACE] v=1 pid=342501 tid=342501 inv=3 hid=dd172d0ab2c42d37 depth=1 name=chip.run.claim_release ts=7230603422523565 dur=950 
[mono_ns=7230603422539215][T0xfaa95c78b020][TIMING] emit_host_span: [STRACE] v=1 pid=342501 tid=342501 inv=3 hid=dd172d0ab2c42d37 depth=0 name=chip.run ts=7230603310859486 dur=111677669 run_id=3 dispatch_id=3 slot_id=0 generation=3 run_epoch=3
[mono_ns=7230603501341019][T0xfaa95c78b020][TIMING] emit_host_span: [STRACE] v=1 pid=342501 tid=342501 inv=4 hid=dd172d0ab2c42d37 depth=2 name=chip.run.bind.args ts=7230603500919920 dur=415729 
[mono_ns=7230603501362329][T0xfaa95c78b020][TIMING] emit_host_span: [STRACE] v=1 pid=342501 tid=342501 inv=4 hid=dd172d0ab2c42d37 depth=2 name=chip.run.bind.prebuilt ts=7230603501356589 dur=3330 
[mono_ns=7230603501368149][T0xfaa95c78b020][TIMING] emit_host_span: [STRACE] v=1 pid=342501 tid=342501 inv=4 hid=dd172d0ab2c42d37 depth=1 name=chip.run.bind ts=7230603500909660 dur=456329 
[mono_ns=7230603503711214][T0xfaa805f3bca0][WARN] copy_aicore_buffer: [chip_swimlane_collector.cpp:689] Core 2: skipped 1024 AICore record slot(s) with start_time=0 (race-window write or recycled-buffer tail). buf seq=0 count=1024
[mono_ns=7230603503710154][T0xfaa81509bca0][WARN] copy_aicore_buffer: [chip_swimlane_collector.cpp:689] Core 0: skipped 1024 AICore record slot(s) with start_time=0 (race-window write or recycled-buffer tail). buf seq=0 count=1024
[mono_ns=7230603503770804][T0xfaa81488bca0][WARN] copy_aicore_buffer: [chip_swimlane_collector.cpp:689] Core 1: skipped 1024 AICore record slot(s) with start_time=0 (race-window write or recycled-buffer tail). buf seq=0 count=1024
[mono_ns=7230603504058394][T0xfaa81509bca0][WARN] copy_aicore_buffer: [chip_swimlane_collector.cpp:689] Core 24: skipped 1022 AICore record slot(s) with start_time=0 (race-window write or recycled-buffer tail). buf seq=0 count=1024
[mono_ns=7230603504073234][T0xfaa81488bca0][WARN] copy_aicore_buffer: [chip_swimlane_collector.cpp:689] Core 26: skipped 1024 AICore record slot(s) with start_time=0 (race-window write or recycled-buffer tail). buf seq=0 count=1024
[mono_ns=7230603504122284][T0xfaa805f3bca0][WARN] copy_aicore_buffer: [chip_swimlane_collector.cpp:689] Core 28: skipped 1023 AICore record slot(s) with start_time=0 (race-window write or recycled-buffer tail). buf seq=0 count=1024
[mono_ns=7230603504339313][T0xfaa81509bca0][WARN] copy_aicore_buffer: [chip_swimlane_collector.cpp:689] Core 25: skipped 1024 AICore record slot(s) with start_time=0 (race-window write or recycled-buffer tail). buf seq=0 count=1024
[mono_ns=7230603504352353][T0xfaa81488bca0][WARN] copy_aicore_buffer: [chip_swimlane_collector.cpp:689] Core 27: skipped 1024 AICore record slot(s) with start_time=0 (race-window write or recycled-buffer tail). buf seq=0 count=1024
[mono_ns=7230603504419843][T0xfaa805f3bca0][WARN] copy_aicore_buffer: [chip_swimlane_collector.cpp:689] Core 29: skipped 1024 AICore record slot(s) with start_time=0 (race-window write or recycled-buffer tail). buf seq=0 count=1024
[mono_ns=7230603504618663][T0xfaa81509bca0][WARN] copy_aicore_buffer: [chip_swimlane_collector.cpp:689] Core 3: skipped 1024 AICore record slot(s) with start_time=0 (race-window write or recycled-buffer tail). buf seq=0 count=1024
[mono_ns=7230603504661642][T0xfaa81488bca0][WARN] copy_aicore_buffer: [chip_swimlane_collector.cpp:689] Core 4: skipped 1024 AICore record slot(s) with start_time=0 (race-window write or recycled-buffer tail). buf seq=0 count=1024
[mono_ns=7230603504708462][T0xfaa805f3bca0][WARN] copy_aicore_buffer: [chip_swimlane_collector.cpp:689] Core 5: skipped 1024 AICore record slot(s) with start_time=0 (race-window write or recycled-buffer tail). buf seq=0 count=1024
[mono_ns=7230603504897172][T0xfaa81509bca0][WARN] copy_aicore_buffer: [chip_swimlane_collector.cpp:689] Core 30: skipped 1024 AICore record slot(s) with start_time=0 (race-window write or recycled-buffer tail). buf seq=0 count=1024
[mono_ns=7230603504940702][T0xfaa81488bca0][WARN] copy_aicore_buffer: [chip_swimlane_collector.cpp:689] Core 32: skipped 1024 AICore record slot(s) with start_time=0 (race-window write or recycled-buffer tail). buf seq=0 count=1024
[mono_ns=7230603504997662][T0xfaa805f3bca0][WARN] copy_aicore_buffer: [chip_swimlane_collector.cpp:689] Core 34: skipped 1024 AICore record slot(s) with start_time=0 (race-window write or recycled-buffer tail). buf seq=0 count=1024
[mono_ns=7230603505186831][T0xfaa81509bca0][WARN] copy_aicore_buffer: [chip_swimlane_collector.cpp:689] Core 31: skipped 1024 AICore record slot(s) with start_time=0 (race-window write or recycled-buffer tail). buf seq=0 count=1024
[mono_ns=7230603505228611][T0xfaa81488bca0][WARN] copy_aicore_buffer: [chip_swimlane_collector.cpp:689] Core 33: skipped 1024 AICore record slot(s) with start_time=0 (race-window write or recycled-buffer tail). buf seq=0 count=1024
[mono_ns=7230603505299901][T0xfaa805f3bca0][WARN] copy_aicore_buffer: [chip_swimlane_collector.cpp:689] Core 35: skipped 1024 AICore record slot(s) with start_time=0 (race-window write or recycled-buffer tail). buf seq=0 count=1024
[mono_ns=7230603505482931][T0xfaa81509bca0][WARN] copy_aicore_buffer: [chip_swimlane_collector.cpp:689] Core 6: skipped 1024 AICore record slot(s) with start_time=0 (race-window write or recycled-buffer tail). buf seq=0 count=1024
[mono_ns=7230603505510181][T0xfaa81488bca0][WARN] copy_aicore_buffer: [chip_swimlane_collector.cpp:689] Core 7: skipped 1024 AICore record slot(s) with start_time=0 (race-window write or recycled-buffer tail). buf seq=0 count=1024
[mono_ns=7230603505588951][T0xfaa805f3bca0][WARN] copy_aicore_buffer: [chip_swimlane_collector.cpp:689] Core 8: skipped 1024 AICore record slot(s) with start_time=0 (race-window write or recycled-buffer tail). buf seq=0 count=1024
[mono_ns=7230603505768100][T0xfaa81509bca0][WARN] copy_aicore_buffer: [chip_swimlane_collector.cpp:689] Core 36: skipped 1024 AICore record slot(s) with start_time=0 (race-window write or recycled-buffer tail). buf seq=0 count=1024
[mono_ns=7230603505794910][T0xfaa81488bca0][WARN] copy_aicore_buffer: [chip_swimlane_collector.cpp:689] Core 38: skipped 1024 AICore record slot(s) with start_time=0 (race-window write or recycled-buffer tail). buf seq=0 count=1024
[mono_ns=7230603505877250][T0xfaa805f3bca0][WARN] copy_aicore_buffer: [chip_swimlane_collector.cpp:689] Core 40: skipped 1024 AICore record slot(s) with start_time=0 (race-window write or recycled-buffer tail). buf seq=0 count=1024
[mono_ns=7230603506070190][T0xfaa81509bca0][WARN] copy_aicore_buffer: [chip_swimlane_collector.cpp:689] Core 37: skipped 1024 AICore record slot(s) with start_time=0 (race-window write or recycled-buffer tail). buf seq=0 count=1024
[mono_ns=7230603506085620][T0xfaa81488bca0][WARN] copy_aicore_buffer: [chip_swimlane_collector.cpp:689] Core 39: skipped 1024 AICore record slot(s) with start_time=0 (race-window write or recycled-buffer tail). buf seq=0 count=1024
[mono_ns=7230603506179880][T0xfaa805f3bca0][WARN] copy_aicore_buffer: [chip_swimlane_collector.cpp:689] Core 41: skipped 1024 AICore record slot(s) with start_time=0 (race-window write or recycled-buffer tail). buf seq=0 count=1024
[mono_ns=7230603506355469][T0xfaa81509bca0][WARN] copy_aicore_buffer: [chip_swimlane_collector.cpp:689] Core 9: skipped 1024 AICore record slot(s) with start_time=0 (race-window write or recycled-buffer tail). buf seq=0 count=1024
[mono_ns=7230603506365099][T0xfaa81488bca0][WARN] copy_aicore_buffer: [chip_swimlane_collector.cpp:689] Core 10: skipped 1024 AICore record slot(s) with start_time=0 (race-window write or recycled-buffer tail). buf seq=0 count=1024
[mono_ns=7230603506468769][T0xfaa805f3bca0][WARN] copy_aicore_buffer: [chip_swimlane_collector.cpp:689] Core 11: skipped 1024 AICore record slot(s) with start_time=0 (race-window write or recycled-buffer tail). buf seq=0 count=1024
[mono_ns=7230603506640339][T0xfaa81509bca0][WARN] copy_aicore_buffer: [chip_swimlane_collector.cpp:689] Core 42: skipped 1024 AICore record slot(s) with start_time=0 (race-window write or recycled-buffer tail). buf seq=0 count=1024
[mono_ns=7230603506644189][T0xfaa81488bca0][WARN] copy_aicore_buffer: [chip_swimlane_collector.cpp:689] Core 44: skipped 1024 AICore record slot(s) with start_time=0 (race-window write or recycled-buffer tail). buf seq=0 count=1024
[mono_ns=7230603506757058][T0xfaa805f3bca0][WARN] copy_aicore_buffer: [chip_swimlane_collector.cpp:689] Core 46: skipped 1024 AICore record slot(s) with start_time=0 (race-window write or recycled-buffer tail). buf seq=0 count=1024
[mono_ns=7230603506946218][T0xfaa81488bca0][WARN] copy_aicore_buffer: [chip_swimlane_collector.cpp:689] Core 45: skipped 1024 AICore record slot(s) with start_time=0 (race-window write or recycled-buffer tail). buf seq=0 count=1024
[mono_ns=7230603506968598][T0xfaa81509bca0][WARN] copy_aicore_buffer: [chip_swimlane_collector.cpp:689] Core 43: skipped 1024 AICore record slot(s) with start_time=0 (race-window write or recycled-buffer tail). buf seq=0 count=1024
[mono_ns=7230603507118918][T0xfaa805f3bca0][WARN] copy_aicore_buffer: [chip_swimlane_collector.cpp:689] Core 47: skipped 1024 AICore record slot(s) with start_time=0 (race-window write or recycled-buffer tail). buf seq=0 count=1024
[mono_ns=7230603507293737][T0xfaa81509bca0][WARN] copy_aicore_buffer: [chip_swimlane_collector.cpp:689] Core 12: skipped 1024 AICore record slot(s) with start_time=0 (race-window write or recycled-buffer tail). buf seq=0 count=1024
[mono_ns=7230603507295847][T0xfaa81488bca0][WARN] copy_aicore_buffer: [chip_swimlane_collector.cpp:689] Core 13: skipped 1024 AICore record slot(s) with start_time=0 (race-window write or recycled-buffer tail). buf seq=0 count=1024
[mono_ns=7230603507423397][T0xfaa805f3bca0][WARN] copy_aicore_buffer: [chip_swimlane_collector.cpp:689] Core 14: skipped 1024 AICore record slot(s) with start_time=0 (race-window write or recycled-buffer tail). buf seq=0 count=1024
[mono_ns=7230603507594907][T0xfaa81488bca0][WARN] copy_aicore_buffer: [chip_swimlane_collector.cpp:689] Core 50: skipped 1024 AICore record slot(s) with start_time=0 (race-window write or recycled-buffer tail). buf seq=0 count=1024
[mono_ns=7230603507602377][T0xfaa81509bca0][WARN] copy_aicore_buffer: [chip_swimlane_collector.cpp:689] Core 48: skipped 1024 AICore record slot(s) with start_time=0 (race-window write or recycled-buffer tail). buf seq=0 count=1024
[mono_ns=7230603507757356][T0xfaa805f3bca0][WARN] copy_aicore_buffer: [chip_swimlane_collector.cpp:689] Core 52: skipped 1024 AICore record slot(s) with start_time=0 (race-window write or recycled-buffer tail). buf seq=0 count=1024
[mono_ns=7230603507894216][T0xfaa81488bca0][WARN] copy_aicore_buffer: [chip_swimlane_collector.cpp:689] Core 51: skipped 1024 AICore record slot(s) with start_time=0 (race-window write or recycled-buffer tail). buf seq=0 count=1024
[mono_ns=7230603507908746][T0xfaa81509bca0][WARN] copy_aicore_buffer: [chip_swimlane_collector.cpp:689] Core 49: skipped 1024 AICore record slot(s) with start_time=0 (race-window write or recycled-buffer tail). buf seq=0 count=1024
[mono_ns=7230603508068066][T0xfaa805f3bca0][WARN] copy_aicore_buffer: [chip_swimlane_collector.cpp:689] Core 53: skipped 1024 AICore record slot(s) with start_time=0 (race-window write or recycled-buffer tail). buf seq=0 count=1024
[mono_ns=7230603508199036][T0xfaa81488bca0][WARN] copy_aicore_buffer: [chip_swimlane_collector.cpp:689] Core 16: skipped 1024 AICore record slot(s) with start_time=0 (race-window write or recycled-buffer tail). buf seq=0 count=1024
[mono_ns=7230603508212695][T0xfaa81509bca0][WARN] copy_aicore_buffer: [chip_swimlane_collector.cpp:689] Core 15: skipped 1024 AICore record slot(s) with start_time=0 (race-window write or recycled-buffer tail). buf seq=0 count=1024
[mono_ns=7230603508373985][T0xfaa805f3bca0][WARN] copy_aicore_buffer: [chip_swimlane_collector.cpp:689] Core 17: skipped 1024 AICore record slot(s) with start_time=0 (race-window write or recycled-buffer tail). buf seq=0 count=1024
[mono_ns=7230603508499565][T0xfaa81488bca0][WARN] copy_aicore_buffer: [chip_swimlane_collector.cpp:689] Core 56: skipped 1024 AICore record slot(s) with start_time=0 (race-window write or recycled-buffer tail). buf seq=0 count=1024
[mono_ns=7230603508552695][T0xfaa81509bca0][WARN] copy_aicore_buffer: [chip_swimlane_collector.cpp:689] Core 54: skipped 1024 AICore record slot(s) with start_time=0 (race-window write or recycled-buffer tail). buf seq=0 count=1024
[mono_ns=7230603508679595][T0xfaa805f3bca0][WARN] copy_aicore_buffer: [chip_swimlane_collector.cpp:689] Core 58: skipped 1024 AICore record slot(s) with start_time=0 (race-window write or recycled-buffer tail). buf seq=0 count=1024
[mono_ns=7230603508802254][T0xfaa81488bca0][WARN] copy_aicore_buffer: [chip_swimlane_collector.cpp:689] Core 57: skipped 1024 AICore record slot(s) with start_time=0 (race-window write or recycled-buffer tail). buf seq=0 count=1024
[mono_ns=7230603508845244][T0xfaa81509bca0][WARN] copy_aicore_buffer: [chip_swimlane_collector.cpp:689] Core 55: skipped 1024 AICore record slot(s) with start_time=0 (race-window write or recycled-buffer tail). buf seq=0 count=1024
[mono_ns=7230603508985524][T0xfaa805f3bca0][WARN] copy_aicore_buffer: [chip_swimlane_collector.cpp:689] Core 59: skipped 1024 AICore record slot(s) with start_time=0 (race-window write or recycled-buffer tail). buf seq=0 count=1024
[mono_ns=7230603509111644][T0xfaa81488bca0][WARN] copy_aicore_buffer: [chip_swimlane_collector.cpp:689] Core 19: skipped 1024 AICore record slot(s) with start_time=0 (race-window write or recycled-buffer tail). buf seq=0 count=1024
[mono_ns=7230603509155084][T0xfaa81509bca0][WARN] copy_aicore_buffer: [chip_swimlane_collector.cpp:689] Core 18: skipped 1024 AICore record slot(s) with start_time=0 (race-window write or recycled-buffer tail). buf seq=0 count=1024
[mono_ns=7230603509303433][T0xfaa805f3bca0][WARN] copy_aicore_buffer: [chip_swimlane_collector.cpp:689] Core 20: skipped 1024 AICore record slot(s) with start_time=0 (race-window write or recycled-buffer tail). buf seq=0 count=1024
[mono_ns=7230603509422073][T0xfaa81488bca0][WARN] copy_aicore_buffer: [chip_swimlane_collector.cpp:689] Core 62: skipped 1024 AICore record slot(s) with start_time=0 (race-window write or recycled-buffer tail). buf seq=0 count=1024
[mono_ns=7230603509456503][T0xfaa81509bca0][WARN] copy_aicore_buffer: [chip_swimlane_collector.cpp:689] Core 60: skipped 1024 AICore record slot(s) with start_time=0 (race-window write or recycled-buffer tail). buf seq=0 count=1024
[mono_ns=7230603509609953][T0xfaa805f3bca0][WARN] copy_aicore_buffer: [chip_swimlane_collector.cpp:689] Core 64: skipped 1024 AICore record slot(s) with start_time=0 (race-window write or recycled-buffer tail). buf seq=0 count=1024
[mono_ns=7230603509721702][T0xfaa81488bca0][WARN] copy_aicore_buffer: [chip_swimlane_collector.cpp:689] Core 63: skipped 1024 AICore record slot(s) with start_time=0 (race-window write or recycled-buffer tail). buf seq=0 count=1024
[mono_ns=7230603509757182][T0xfaa81509bca0][WARN] copy_aicore_buffer: [chip_swimlane_collector.cpp:689] Core 61: skipped 1024 AICore record slot(s) with start_time=0 (race-window write or recycled-buffer tail). buf seq=0 count=1024
[mono_ns=7230603509915152][T0xfaa805f3bca0][WARN] copy_aicore_buffer: [chip_swimlane_collector.cpp:689] Core 65: skipped 1024 AICore record slot(s) with start_time=0 (race-window write or recycled-buffer tail). buf seq=0 count=1024
[mono_ns=7230603510034832][T0xfaa81488bca0][WARN] copy_aicore_buffer: [chip_swimlane_collector.cpp:689] Core 22: skipped 1024 AICore record slot(s) with start_time=0 (race-window write or recycled-buffer tail). buf seq=0 count=1024
[mono_ns=7230603510099432][T0xfaa81509bca0][WARN] copy_aicore_buffer: [chip_swimlane_collector.cpp:689] Core 21: skipped 1024 AICore record slot(s) with start_time=0 (race-window write or recycled-buffer tail). buf seq=0 count=1024
[mono_ns=7230603510230761][T0xfaa805f3bca0][WARN] copy_aicore_buffer: [chip_swimlane_collector.cpp:689] Core 23: skipped 1024 AICore record slot(s) with start_time=0 (race-window write or recycled-buffer tail). buf seq=0 count=1024
[mono_ns=7230603510334591][T0xfaa81488bca0][WARN] copy_aicore_buffer: [chip_swimlane_collector.cpp:689] Core 68: skipped 1024 AICore record slot(s) with start_time=0 (race-window write or recycled-buffer tail). buf seq=0 count=1024
[mono_ns=7230603510398921][T0xfaa81509bca0][WARN] copy_aicore_buffer: [chip_swimlane_collector.cpp:689] Core 66: skipped 1024 AICore record slot(s) with start_time=0 (race-window write or recycled-buffer tail). buf seq=0 count=1024
[mono_ns=7230603510533321][T0xfaa805f3bca0][WARN] copy_aicore_buffer: [chip_swimlane_collector.cpp:689] Core 70: skipped 1024 AICore record slot(s) with start_time=0 (race-window write or recycled-buffer tail). buf seq=0 count=1024
[mono_ns=7230603510638321][T0xfaa81488bca0][WARN] copy_aicore_buffer: [chip_swimlane_collector.cpp:689] Core 69: skipped 1024 AICore record slot(s) with start_time=0 (race-window write or recycled-buffer tail). buf seq=0 count=1024
[mono_ns=7230603510693061][T0xfaa81509bca0][WARN] copy_aicore_buffer: [chip_swimlane_collector.cpp:689] Core 67: skipped 1024 AICore record slot(s) with start_time=0 (race-window write or recycled-buffer tail). buf seq=0 count=1024
[mono_ns=7230603510833080][T0xfaa805f3bca0][WARN] copy_aicore_buffer: [chip_swimlane_collector.cpp:689] Core 71: skipped 1024 AICore record slot(s) with start_time=0 (race-window write or recycled-buffer tail). buf seq=0 count=1024
[mono_ns=7230603611419393][T0xfaa95c78b020][TIMING] emit_host_span: [STRACE] v=1 pid=342501 tid=342501 inv=4 hid=dd172d0ab2c42d37 depth=1 name=chip.run.runner_run ts=7230603502763436 dur=108647777 
[mono_ns=7230603611506582][T0xfaa95c78b020][TIMING] emit_host_span: [STRACE] v=1 pid=342501 tid=342501 inv=4 hid=dd172d0ab2c42d37 depth=1 name=chip.run.validate ts=7230603611428983 dur=74009 
[mono_ns=7230603611514142][T0xfaa95c78b020][TIMING] emit_host_span: [STRACE] v=1 pid=342501 tid=342501 inv=4 hid=dd172d0ab2c42d37 depth=2 name=chip.run.runner_run.device_wall ts=0 dur=251600 clk=dev
[mono_ns=7230603611518622][T0xfaa95c78b020][TIMING] emit_host_span: [STRACE] v=1 pid=342501 tid=342501 inv=4 hid=dd172d0ab2c42d37 depth=3 name=chip.run.runner_run.device_wall.preamble ts=0 dur=110220 clk=dev
[mono_ns=7230603611522282][T0xfaa95c78b020][TIMING] emit_host_span: [STRACE] v=1 pid=342501 tid=342501 inv=4 hid=dd172d0ab2c42d37 depth=3 name=chip.run.runner_run.device_wall.graph_build ts=105580 dur=137060 clk=dev
[mono_ns=7230603611525862][T0xfaa95c78b020][TIMING] emit_host_span: [STRACE] v=1 pid=342501 tid=342501 inv=4 hid=dd172d0ab2c42d37 depth=3 name=chip.run.runner_run.device_wall.config_validate ts=105699 dur=740 clk=dev
[mono_ns=7230603611561272][T0xfaa95c78b020][TIMING] emit_host_span: [STRACE] v=1 pid=342501 tid=342501 inv=4 hid=dd172d0ab2c42d37 depth=3 name=chip.run.runner_run.device_wall.arena_wire ts=106460 dur=260 clk=dev
[mono_ns=7230603611565022][T0xfaa95c78b020][TIMING] emit_host_span: [STRACE] v=1 pid=342501 tid=342501 inv=4 hid=dd172d0ab2c42d37 depth=3 name=chip.run.runner_run.device_wall.sm_reset ts=106760 dur=1220 clk=dev
[mono_ns=7230603611568132][T0xfaa95c78b020][TIMING] emit_host_span: [STRACE] v=1 pid=342501 tid=342501 inv=4 hid=dd172d0ab2c42d37 depth=3 name=chip.run.runner_run.device_wall.post_orch ts=242700 dur=8800 clk=dev
[mono_ns=7230603611571122][T0xfaa95c78b020][TIMING] emit_host_span: [STRACE] v=1 pid=342501 tid=342501 inv=4 hid=dd172d0ab2c42d37 depth=3 name=chip.run.runner_run.device_wall.orch ts=108040 dur=5520 clk=dev
[mono_ns=7230603611574632][T0xfaa95c78b020][TIMING] emit_host_span: [STRACE] v=1 pid=342501 tid=342501 inv=4 hid=dd172d0ab2c42d37 depth=3 name=chip.run.runner_run.device_wall.sched ts=110320 dur=107360 clk=dev
[mono_ns=7230603611578622][T0xfaa95c78b020][TIMING] emit_host_span: [STRACE] v=1 pid=342501 tid=342501 inv=4 hid=dd172d0ab2c42d37 depth=1 name=chip.run.claim_release ts=7230603611576512 dur=330 
[mono_ns=7230603611583142][T0xfaa95c78b020][TIMING] emit_host_span: [STRACE] v=1 pid=342501 tid=342501 inv=4 hid=dd172d0ab2c42d37 depth=0 name=chip.run ts=7230603500866410 dur=110714652 run_id=4 dispatch_id=4 slot_id=0 generation=4 run_epoch=4
[mono_ns=7230608402927051][T0xfaa95c78b020][TIMING] emit_host_span: [STRACE] v=1 pid=342501 tid=342501 inv=5 hid=dd172d0ab2c42d37 depth=2 name=chip.run.bind.args ts=7230608402743882 dur=164659 
[mono_ns=7230608402992701][T0xfaa95c78b020][TIMING] emit_host_span: [STRACE] v=1 pid=342501 tid=342501 inv=5 hid=dd172d0ab2c42d37 depth=2 name=chip.run.bind.prebuilt ts=7230608402974191 dur=15380 
[mono_ns=7230608402998251][T0xfaa95c78b020][TIMING] emit_host_span: [STRACE] v=1 pid=342501 tid=342501 inv=5 hid=dd172d0ab2c42d37 depth=1 name=chip.run.bind ts=7230608402711882 dur=284069 
[mono_ns=7230608512451382][T0xfaa95c78b020][TIMING] emit_host_span: [STRACE] v=1 pid=342501 tid=342501 inv=5 hid=dd172d0ab2c42d37 depth=1 name=chip.run.runner_run ts=7230608403990109 dur=108451383 
[mono_ns=7230608512572411][T0xfaa95c78b020][TIMING] emit_host_span: [STRACE] v=1 pid=342501 tid=342501 inv=5 hid=dd172d0ab2c42d37 depth=1 name=chip.run.validate ts=7230608512471001 dur=97320 
[mono_ns=7230608512584731][T0xfaa95c78b020][TIMING] emit_host_span: [STRACE] v=1 pid=342501 tid=342501 inv=5 hid=dd172d0ab2c42d37 depth=2 name=chip.run.runner_run.device_wall ts=0 dur=154959 clk=dev
[mono_ns=7230608512589281][T0xfaa95c78b020][TIMING] emit_host_span: [STRACE] v=1 pid=342501 tid=342501 inv=5 hid=dd172d0ab2c42d37 depth=3 name=chip.run.runner_run.device_wall.preamble ts=0 dur=7320 clk=dev
[mono_ns=7230608512593551][T0xfaa95c78b020][TIMING] emit_host_span: [STRACE] v=1 pid=342501 tid=342501 inv=5 hid=dd172d0ab2c42d37 depth=3 name=chip.run.runner_run.device_wall.graph_build ts=2040 dur=143060 clk=dev
[mono_ns=7230608512631221][T0xfaa95c78b020][TIMING] emit_host_span: [STRACE] v=1 pid=342501 tid=342501 inv=5 hid=dd172d0ab2c42d37 depth=3 name=chip.run.runner_run.device_wall.config_validate ts=2340 dur=1080 clk=dev
[mono_ns=7230608512635041][T0xfaa95c78b020][TIMING] emit_host_span: [STRACE] v=1 pid=342501 tid=342501 inv=5 hid=dd172d0ab2c42d37 depth=3 name=chip.run.runner_run.device_wall.arena_wire ts=3460 dur=780 clk=dev
[mono_ns=7230608512638781][T0xfaa95c78b020][TIMING] emit_host_span: [STRACE] v=1 pid=342501 tid=342501 inv=5 hid=dd172d0ab2c42d37 depth=3 name=chip.run.runner_run.device_wall.sm_reset ts=4260 dur=2420 clk=dev
[mono_ns=7230608512642091][T0xfaa95c78b020][TIMING] emit_host_span: [STRACE] v=1 pid=342501 tid=342501 inv=5 hid=dd172d0ab2c42d37 depth=3 name=chip.run.runner_run.device_wall.post_orch ts=145160 dur=9620 clk=dev
[mono_ns=7230608512645731][T0xfaa95c78b020][TIMING] emit_host_span: [STRACE] v=1 pid=342501 tid=342501 inv=5 hid=dd172d0ab2c42d37 depth=3 name=chip.run.runner_run.device_wall.orch ts=7460 dur=12940 clk=dev
[mono_ns=7230608512649401][T0xfaa95c78b020][TIMING] emit_host_span: [STRACE] v=1 pid=342501 tid=342501 inv=5 hid=dd172d0ab2c42d37 depth=3 name=chip.run.runner_run.device_wall.sched ts=7439 dur=127620 clk=dev
[mono_ns=7230608512654671][T0xfaa95c78b020][TIMING] emit_host_span: [STRACE] v=1 pid=342501 tid=342501 inv=5 hid=dd172d0ab2c42d37 depth=1 name=chip.run.claim_release ts=7230608512651951 dur=1000 
[mono_ns=7230608512660221][T0xfaa95c78b020][TIMING] emit_host_span: [STRACE] v=1 pid=342501 tid=342501 inv=5 hid=dd172d0ab2c42d37 depth=0 name=chip.run ts=7230608402345152 dur=110313109 run_id=5 dispatch_id=5 slot_id=0 generation=5 run_epoch=5
[mono_ns=7230608518535310][T0xfaa95c78b020][TIMING] emit_host_span: [STRACE] v=1 pid=342501 tid=342501 inv=6 hid=dd172d0ab2c42d37 depth=2 name=chip.run.bind.args ts=7230608518413160 dur=116530 
[mono_ns=7230608518553620][T0xfaa95c78b020][TIMING] emit_host_span: [STRACE] v=1 pid=342501 tid=342501 inv=6 hid=dd172d0ab2c42d37 depth=2 name=chip.run.bind.prebuilt ts=7230608518547650 dur=3600 
[mono_ns=7230608518558220][T0xfaa95c78b020][TIMING] emit_host_span: [STRACE] v=1 pid=342501 tid=342501 inv=6 hid=dd172d0ab2c42d37 depth=1 name=chip.run.bind ts=7230608518405040 dur=151040 
[mono_ns=7230608520304676][T0xfaa81488bca0][WARN] copy_aicore_buffer: [chip_swimlane_collector.cpp:689] Core 1: skipped 1024 AICore record slot(s) with start_time=0 (race-window write or recycled-buffer tail). buf seq=0 count=1024
[mono_ns=7230608520309496][T0xfaa81509bca0][WARN] copy_aicore_buffer: [chip_swimlane_collector.cpp:689] Core 0: skipped 1024 AICore record slot(s) with start_time=0 (race-window write or recycled-buffer tail). buf seq=0 count=1024
[mono_ns=7230608520311146][T0xfaa805f3bca0][WARN] copy_aicore_buffer: [chip_swimlane_collector.cpp:689] Core 2: skipped 1024 AICore record slot(s) with start_time=0 (race-window write or recycled-buffer tail). buf seq=0 count=1024
[mono_ns=7230608520595256][T0xfaa81509bca0][WARN] copy_aicore_buffer: [chip_swimlane_collector.cpp:689] Core 24: skipped 1024 AICore record slot(s) with start_time=0 (race-window write or recycled-buffer tail). buf seq=0 count=1024
[mono_ns=7230608520595776][T0xfaa81488bca0][WARN] copy_aicore_buffer: [chip_swimlane_collector.cpp:689] Core 26: skipped 1022 AICore record slot(s) with start_time=0 (race-window write or recycled-buffer tail). buf seq=0 count=1024
[mono_ns=7230608520607996][T0xfaa805f3bca0][WARN] copy_aicore_buffer: [chip_swimlane_collector.cpp:689] Core 28: skipped 1023 AICore record slot(s) with start_time=0 (race-window write or recycled-buffer tail). buf seq=0 count=1024
[mono_ns=7230608520876005][T0xfaa81509bca0][WARN] copy_aicore_buffer: [chip_swimlane_collector.cpp:689] Core 25: skipped 1024 AICore record slot(s) with start_time=0 (race-window write or recycled-buffer tail). buf seq=0 count=1024
[mono_ns=7230608520908745][T0xfaa81488bca0][WARN] copy_aicore_buffer: [chip_swimlane_collector.cpp:689] Core 27: skipped 1024 AICore record slot(s) with start_time=0 (race-window write or recycled-buffer tail). buf seq=0 count=1024
[mono_ns=7230608520937625][T0xfaa805f3bca0][WARN] copy_aicore_buffer: [chip_swimlane_collector.cpp:689] Core 29: skipped 1024 AICore record slot(s) with start_time=0 (race-window write or recycled-buffer tail). buf seq=0 count=1024
[mono_ns=7230608521172665][T0xfaa81509bca0][WARN] copy_aicore_buffer: [chip_swimlane_collector.cpp:689] Core 3: skipped 1024 AICore record slot(s) with start_time=0 (race-window write or recycled-buffer tail). buf seq=0 count=1024
[mono_ns=7230608521204805][T0xfaa81488bca0][WARN] copy_aicore_buffer: [chip_swimlane_collector.cpp:689] Core 4: skipped 1024 AICore record slot(s) with start_time=0 (race-window write or recycled-buffer tail). buf seq=0 count=1024
[mono_ns=7230608521243335][T0xfaa805f3bca0][WARN] copy_aicore_buffer: [chip_swimlane_collector.cpp:689] Core 5: skipped 1024 AICore record slot(s) with start_time=0 (race-window write or recycled-buffer tail). buf seq=0 count=1024
[mono_ns=7230608521452914][T0xfaa81509bca0][WARN] copy_aicore_buffer: [chip_swimlane_collector.cpp:689] Core 30: skipped 1024 AICore record slot(s) with start_time=0 (race-window write or recycled-buffer tail). buf seq=0 count=1024
[mono_ns=7230608521485154][T0xfaa81488bca0][WARN] copy_aicore_buffer: [chip_swimlane_collector.cpp:689] Core 32: skipped 1024 AICore record slot(s) with start_time=0 (race-window write or recycled-buffer tail). buf seq=0 count=1024
[mono_ns=7230608521536304][T0xfaa805f3bca0][WARN] copy_aicore_buffer: [chip_swimlane_collector.cpp:689] Core 34: skipped 1024 AICore record slot(s) with start_time=0 (race-window write or recycled-buffer tail). buf seq=0 count=1024
[mono_ns=7230608521745404][T0xfaa81509bca0][WARN] copy_aicore_buffer: [chip_swimlane_collector.cpp:689] Core 31: skipped 1024 AICore record slot(s) with start_time=0 (race-window write or recycled-buffer tail). buf seq=0 count=1024
[mono_ns=7230608521763554][T0xfaa81488bca0][WARN] copy_aicore_buffer: [chip_swimlane_collector.cpp:689] Core 33: skipped 1024 AICore record slot(s) with start_time=0 (race-window write or recycled-buffer tail). buf seq=0 count=1024
[mono_ns=7230608521829174][T0xfaa805f3bca0][WARN] copy_aicore_buffer: [chip_swimlane_collector.cpp:689] Core 35: skipped 1024 AICore record slot(s) with start_time=0 (race-window write or recycled-buffer tail). buf seq=0 count=1024
[mono_ns=7230608522033423][T0xfaa81509bca0][WARN] copy_aicore_buffer: [chip_swimlane_collector.cpp:689] Core 6: skipped 1024 AICore record slot(s) with start_time=0 (race-window write or recycled-buffer tail). buf seq=0 count=1024
[mono_ns=7230608522047913][T0xfaa81488bca0][WARN] copy_aicore_buffer: [chip_swimlane_collector.cpp:689] Core 7: skipped 1024 AICore record slot(s) with start_time=0 (race-window write or recycled-buffer tail). buf seq=0 count=1024
[mono_ns=7230608522126053][T0xfaa805f3bca0][WARN] copy_aicore_buffer: [chip_swimlane_collector.cpp:689] Core 8: skipped 1024 AICore record slot(s) with start_time=0 (race-window write or recycled-buffer tail). buf seq=0 count=1024
[mono_ns=7230608522313063][T0xfaa81509bca0][WARN] copy_aicore_buffer: [chip_swimlane_collector.cpp:689] Core 36: skipped 1024 AICore record slot(s) with start_time=0 (race-window write or recycled-buffer tail). buf seq=0 count=1024
[mono_ns=7230608522362283][T0xfaa81488bca0][WARN] copy_aicore_buffer: [chip_swimlane_collector.cpp:689] Core 38: skipped 1024 AICore record slot(s) with start_time=0 (race-window write or recycled-buffer tail). buf seq=0 count=1024
[mono_ns=7230608522444812][T0xfaa805f3bca0][WARN] copy_aicore_buffer: [chip_swimlane_collector.cpp:689] Core 40: skipped 1024 AICore record slot(s) with start_time=0 (race-window write or recycled-buffer tail). buf seq=0 count=1024
[mono_ns=7230608522591382][T0xfaa81509bca0][WARN] copy_aicore_buffer: [chip_swimlane_collector.cpp:689] Core 37: skipped 1024 AICore record slot(s) with start_time=0 (race-window write or recycled-buffer tail). buf seq=0 count=1024
[mono_ns=7230608522642392][T0xfaa81488bca0][WARN] copy_aicore_buffer: [chip_swimlane_collector.cpp:689] Core 39: skipped 1024 AICore record slot(s) with start_time=0 (race-window write or recycled-buffer tail). buf seq=0 count=1024
[mono_ns=7230608522737602][T0xfaa805f3bca0][WARN] copy_aicore_buffer: [chip_swimlane_collector.cpp:689] Core 41: skipped 1024 AICore record slot(s) with start_time=0 (race-window write or recycled-buffer tail). buf seq=0 count=1024
[mono_ns=7230608522869682][T0xfaa81509bca0][WARN] copy_aicore_buffer: [chip_swimlane_collector.cpp:689] Core 9: skipped 1024 AICore record slot(s) with start_time=0 (race-window write or recycled-buffer tail). buf seq=0 count=1024
[mono_ns=7230608522922471][T0xfaa81488bca0][WARN] copy_aicore_buffer: [chip_swimlane_collector.cpp:689] Core 10: skipped 1024 AICore record slot(s) with start_time=0 (race-window write or recycled-buffer tail). buf seq=0 count=1024
[mono_ns=7230608523045461][T0xfaa805f3bca0][WARN] copy_aicore_buffer: [chip_swimlane_collector.cpp:689] Core 11: skipped 1024 AICore record slot(s) with start_time=0 (race-window write or recycled-buffer tail). buf seq=0 count=1024
[mono_ns=7230608523196581][T0xfaa81509bca0][WARN] copy_aicore_buffer: [chip_swimlane_collector.cpp:689] Core 42: skipped 1024 AICore record slot(s) with start_time=0 (race-window write or recycled-buffer tail). buf seq=0 count=1024
[mono_ns=7230608523217501][T0xfaa81488bca0][WARN] copy_aicore_buffer: [chip_swimlane_collector.cpp:689] Core 44: skipped 1024 AICore record slot(s) with start_time=0 (race-window write or recycled-buffer tail). buf seq=0 count=1024
[mono_ns=7230608523337641][T0xfaa805f3bca0][WARN] copy_aicore_buffer: [chip_swimlane_collector.cpp:689] Core 46: skipped 1024 AICore record slot(s) with start_time=0 (race-window write or recycled-buffer tail). buf seq=0 count=1024
[mono_ns=7230608523477430][T0xfaa81509bca0][WARN] copy_aicore_buffer: [chip_swimlane_collector.cpp:689] Core 43: skipped 1024 AICore record slot(s) with start_time=0 (race-window write or recycled-buffer tail). buf seq=0 count=1024
[mono_ns=7230608523498060][T0xfaa81488bca0][WARN] copy_aicore_buffer: [chip_swimlane_collector.cpp:689] Core 45: skipped 1024 AICore record slot(s) with start_time=0 (race-window write or recycled-buffer tail). buf seq=0 count=1024
[mono_ns=7230608523630000][T0xfaa805f3bca0][WARN] copy_aicore_buffer: [chip_swimlane_collector.cpp:689] Core 47: skipped 1024 AICore record slot(s) with start_time=0 (race-window write or recycled-buffer tail). buf seq=0 count=1024
[mono_ns=7230608523756760][T0xfaa81509bca0][WARN] copy_aicore_buffer: [chip_swimlane_collector.cpp:689] Core 12: skipped 1024 AICore record slot(s) with start_time=0 (race-window write or recycled-buffer tail). buf seq=0 count=1024
[mono_ns=7230608523777390][T0xfaa81488bca0][WARN] copy_aicore_buffer: [chip_swimlane_collector.cpp:689] Core 13: skipped 1024 AICore record slot(s) with start_time=0 (race-window write or recycled-buffer tail). buf seq=0 count=1024
[mono_ns=7230608523933290][T0xfaa805f3bca0][WARN] copy_aicore_buffer: [chip_swimlane_collector.cpp:689] Core 14: skipped 1024 AICore record slot(s) with start_time=0 (race-window write or recycled-buffer tail). buf seq=0 count=1024
[mono_ns=7230608524045959][T0xfaa81509bca0][WARN] copy_aicore_buffer: [chip_swimlane_collector.cpp:689] Core 48: skipped 1024 AICore record slot(s) with start_time=0 (race-window write or recycled-buffer tail). buf seq=0 count=1024
[mono_ns=7230608524068619][T0xfaa81488bca0][WARN] copy_aicore_buffer: [chip_swimlane_collector.cpp:689] Core 50: skipped 1024 AICore record slot(s) with start_time=0 (race-window write or recycled-buffer tail). buf seq=0 count=1024
[mono_ns=7230608524237819][T0xfaa805f3bca0][WARN] copy_aicore_buffer: [chip_swimlane_collector.cpp:689] Core 52: skipped 1024 AICore record slot(s) with start_time=0 (race-window write or recycled-buffer tail). buf seq=0 count=1024
[mono_ns=7230608524325349][T0xfaa81509bca0][WARN] copy_aicore_buffer: [chip_swimlane_collector.cpp:689] Core 49: skipped 1024 AICore record slot(s) with start_time=0 (race-window write or recycled-buffer tail). buf seq=0 count=1024
[mono_ns=7230608524347829][T0xfaa81488bca0][WARN] copy_aicore_buffer: [chip_swimlane_collector.cpp:689] Core 51: skipped 1024 AICore record slot(s) with start_time=0 (race-window write or recycled-buffer tail). buf seq=0 count=1024
[mono_ns=7230608524530348][T0xfaa805f3bca0][WARN] copy_aicore_buffer: [chip_swimlane_collector.cpp:689] Core 53: skipped 1024 AICore record slot(s) with start_time=0 (race-window write or recycled-buffer tail). buf seq=0 count=1024
[mono_ns=7230608524604808][T0xfaa81509bca0][WARN] copy_aicore_buffer: [chip_swimlane_collector.cpp:689] Core 15: skipped 1024 AICore record slot(s) with start_time=0 (race-window write or recycled-buffer tail). buf seq=0 count=1024
[mono_ns=7230608524670858][T0xfaa81488bca0][WARN] copy_aicore_buffer: [chip_swimlane_collector.cpp:689] Core 16: skipped 1024 AICore record slot(s) with start_time=0 (race-window write or recycled-buffer tail). buf seq=0 count=1024
[mono_ns=7230608524822268][T0xfaa805f3bca0][WARN] copy_aicore_buffer: [chip_swimlane_collector.cpp:689] Core 17: skipped 1024 AICore record slot(s) with start_time=0 (race-window write or recycled-buffer tail). buf seq=0 count=1024
[mono_ns=7230608524884238][T0xfaa81509bca0][WARN] copy_aicore_buffer: [chip_swimlane_collector.cpp:689] Core 54: skipped 1024 AICore record slot(s) with start_time=0 (race-window write or recycled-buffer tail). buf seq=0 count=1024
[mono_ns=7230608524951108][T0xfaa81488bca0][WARN] copy_aicore_buffer: [chip_swimlane_collector.cpp:689] Core 56: skipped 1024 AICore record slot(s) with start_time=0 (race-window write or recycled-buffer tail). buf seq=0 count=1024
[mono_ns=7230608525120637][T0xfaa805f3bca0][WARN] copy_aicore_buffer: [chip_swimlane_collector.cpp:689] Core 58: skipped 1024 AICore record slot(s) with start_time=0 (race-window write or recycled-buffer tail). buf seq=0 count=1024
[mono_ns=7230608525175257][T0xfaa81509bca0][WARN] copy_aicore_buffer: [chip_swimlane_collector.cpp:689] Core 55: skipped 1024 AICore record slot(s) with start_time=0 (race-window write or recycled-buffer tail). buf seq=0 count=1024
[mono_ns=7230608525241617][T0xfaa81488bca0][WARN] copy_aicore_buffer: [chip_swimlane_collector.cpp:689] Core 57: skipped 1024 AICore record slot(s) with start_time=0 (race-window write or recycled-buffer tail). buf seq=0 count=1024
[mono_ns=7230608525453467][T0xfaa81509bca0][WARN] copy_aicore_buffer: [chip_swimlane_collector.cpp:689] Core 18: skipped 1024 AICore record slot(s) with start_time=0 (race-window write or recycled-buffer tail). buf seq=0 count=1024
[mono_ns=7230608525477487][T0xfaa805f3bca0][WARN] copy_aicore_buffer: [chip_swimlane_collector.cpp:689] Core 59: skipped 1024 AICore record slot(s) with start_time=0 (race-window write or recycled-buffer tail). buf seq=0 count=1024
[mono_ns=7230608525521327][T0xfaa81488bca0][WARN] copy_aicore_buffer: [chip_swimlane_collector.cpp:689] Core 19: skipped 1024 AICore record slot(s) with start_time=0 (race-window write or recycled-buffer tail). buf seq=0 count=1024
[mono_ns=7230608525732166][T0xfaa81509bca0][WARN] copy_aicore_buffer: [chip_swimlane_collector.cpp:689] Core 60: skipped 1024 AICore record slot(s) with start_time=0 (race-window write or recycled-buffer tail). buf seq=0 count=1024
[mono_ns=7230608525769826][T0xfaa805f3bca0][WARN] copy_aicore_buffer: [chip_swimlane_collector.cpp:689] Core 20: skipped 1024 AICore record slot(s) with start_time=0 (race-window write or recycled-buffer tail). buf seq=0 count=1024
[mono_ns=7230608525803316][T0xfaa81488bca0][WARN] copy_aicore_buffer: [chip_swimlane_collector.cpp:689] Core 62: skipped 1024 AICore record slot(s) with start_time=0 (race-window write or recycled-buffer tail). buf seq=0 count=1024
[mono_ns=7230608526030996][T0xfaa81509bca0][WARN] copy_aicore_buffer: [chip_swimlane_collector.cpp:689] Core 61: skipped 1024 AICore record slot(s) with start_time=0 (race-window write or recycled-buffer tail). buf seq=0 count=1024
[mono_ns=7230608526077045][T0xfaa805f3bca0][WARN] copy_aicore_buffer: [chip_swimlane_collector.cpp:689] Core 64: skipped 1024 AICore record slot(s) with start_time=0 (race-window write or recycled-buffer tail). buf seq=0 count=1024
[mono_ns=7230608526131825][T0xfaa81488bca0][WARN] copy_aicore_buffer: [chip_swimlane_collector.cpp:689] Core 63: skipped 1024 AICore record slot(s) with start_time=0 (race-window write or recycled-buffer tail). buf seq=0 count=1024
[mono_ns=7230608526309485][T0xfaa81509bca0][WARN] copy_aicore_buffer: [chip_swimlane_collector.cpp:689] Core 21: skipped 1024 AICore record slot(s) with start_time=0 (race-window write or recycled-buffer tail). buf seq=0 count=1024
[mono_ns=7230608526393815][T0xfaa805f3bca0][WARN] copy_aicore_buffer: [chip_swimlane_collector.cpp:689] Core 65: skipped 1024 AICore record slot(s) with start_time=0 (race-window write or recycled-buffer tail). buf seq=0 count=1024
[mono_ns=7230608526412295][T0xfaa81488bca0][WARN] copy_aicore_buffer: [chip_swimlane_collector.cpp:689] Core 22: skipped 1024 AICore record slot(s) with start_time=0 (race-window write or recycled-buffer tail). buf seq=0 count=1024
[mono_ns=7230608526588164][T0xfaa81509bca0][WARN] copy_aicore_buffer: [chip_swimlane_collector.cpp:689] Core 66: skipped 1024 AICore record slot(s) with start_time=0 (race-window write or recycled-buffer tail). buf seq=0 count=1024
[mono_ns=7230608526685634][T0xfaa805f3bca0][WARN] copy_aicore_buffer: [chip_swimlane_collector.cpp:689] Core 23: skipped 1024 AICore record slot(s) with start_time=0 (race-window write or recycled-buffer tail). buf seq=0 count=1024
[mono_ns=7230608526690204][T0xfaa81488bca0][WARN] copy_aicore_buffer: [chip_swimlane_collector.cpp:689] Core 68: skipped 1024 AICore record slot(s) with start_time=0 (race-window write or recycled-buffer tail). buf seq=0 count=1024
[mono_ns=7230608526877814][T0xfaa81509bca0][WARN] copy_aicore_buffer: [chip_swimlane_collector.cpp:689] Core 67: skipped 1024 AICore record slot(s) with start_time=0 (race-window write or recycled-buffer tail). buf seq=0 count=1024
[mono_ns=7230608526987354][T0xfaa81488bca0][WARN] copy_aicore_buffer: [chip_swimlane_collector.cpp:689] Core 69: skipped 1024 AICore record slot(s) with start_time=0 (race-window write or recycled-buffer tail). buf seq=0 count=1024
[mono_ns=7230608526993614][T0xfaa805f3bca0][WARN] copy_aicore_buffer: [chip_swimlane_collector.cpp:689] Core 70: skipped 1024 AICore record slot(s) with start_time=0 (race-window write or recycled-buffer tail). buf seq=0 count=1024
[mono_ns=7230608527298073][T0xfaa805f3bca0][WARN] copy_aicore_buffer: [chip_swimlane_collector.cpp:689] Core 71: skipped 1024 AICore record slot(s) with start_time=0 (race-window write or recycled-buffer tail). buf seq=0 count=1024
[mono_ns=7230608627753642][T0xfaa95c78b020][TIMING] emit_host_span: [STRACE] v=1 pid=342501 tid=342501 inv=6 hid=dd172d0ab2c42d37 depth=1 name=chip.run.runner_run ts=7230608519381668 dur=108365094 
[mono_ns=7230608627832762][T0xfaa95c78b020][TIMING] emit_host_span: [STRACE] v=1 pid=342501 tid=342501 inv=6 hid=dd172d0ab2c42d37 depth=1 name=chip.run.validate ts=7230608627764542 dur=64730 
[mono_ns=7230608627843992][T0xfaa95c78b020][TIMING] emit_host_span: [STRACE] v=1 pid=342501 tid=342501 inv=6 hid=dd172d0ab2c42d37 depth=2 name=chip.run.runner_run.device_wall ts=0 dur=328359 clk=dev
[mono_ns=7230608627887502][T0xfaa95c78b020][TIMING] emit_host_span: [STRACE] v=1 pid=342501 tid=342501 inv=6 hid=dd172d0ab2c42d37 depth=3 name=chip.run.runner_run.device_wall.preamble ts=0 dur=104120 clk=dev
[mono_ns=7230608627891282][T0xfaa95c78b020][TIMING] emit_host_span: [STRACE] v=1 pid=342501 tid=342501 inv=6 hid=dd172d0ab2c42d37 depth=3 name=chip.run.runner_run.device_wall.graph_build ts=100160 dur=218920 clk=dev
[mono_ns=7230608627895222][T0xfaa95c78b020][TIMING] emit_host_span: [STRACE] v=1 pid=342501 tid=342501 inv=6 hid=dd172d0ab2c42d37 depth=3 name=chip.run.runner_run.device_wall.config_validate ts=100260 dur=720 clk=dev
[mono_ns=7230608627899382][T0xfaa95c78b020][TIMING] emit_host_span: [STRACE] v=1 pid=342501 tid=342501 inv=6 hid=dd172d0ab2c42d37 depth=3 name=chip.run.runner_run.device_wall.arena_wire ts=101020 dur=260 clk=dev
[mono_ns=7230608627903532][T0xfaa95c78b020][TIMING] emit_host_span: [STRACE] v=1 pid=342501 tid=342501 inv=6 hid=dd172d0ab2c42d37 depth=3 name=chip.run.runner_run.device_wall.sm_reset ts=101300 dur=980 clk=dev
[mono_ns=7230608627907472][T0xfaa95c78b020][TIMING] emit_host_span: [STRACE] v=1 pid=342501 tid=342501 inv=6 hid=dd172d0ab2c42d37 depth=3 name=chip.run.runner_run.device_wall.post_orch ts=319140 dur=9120 clk=dev
[mono_ns=7230608627910572][T0xfaa95c78b020][TIMING] emit_host_span: [STRACE] v=1 pid=342501 tid=342501 inv=6 hid=dd172d0ab2c42d37 depth=3 name=chip.run.runner_run.device_wall.orch ts=102340 dur=5200 clk=dev
[mono_ns=7230608627914272][T0xfaa95c78b020][TIMING] emit_host_span: [STRACE] v=1 pid=342501 tid=342501 inv=6 hid=dd172d0ab2c42d37 depth=3 name=chip.run.runner_run.device_wall.sched ts=104200 dur=190380 clk=dev
[mono_ns=7230608627935872][T0xfaa95c78b020][TIMING] emit_host_span: [STRACE] v=1 pid=342501 tid=342501 inv=6 hid=dd172d0ab2c42d37 depth=1 name=chip.run.claim_release ts=7230608627933332 dur=340 
[mono_ns=7230608627940422][T0xfaa95c78b020][TIMING] emit_host_span: [STRACE] v=1 pid=342501 tid=342501 inv=6 hid=dd172d0ab2c42d37 depth=0 name=chip.run ts=7230608518375010 dur=109563482 run_id=6 dispatch_id=6 slot_id=0 generation=6 run_epoch=6
[mono_ns=7230613415390046][T0xfaa95c78b020][TIMING] emit_host_span: [STRACE] v=1 pid=342501 tid=342501 inv=7 hid=dd172d0ab2c42d37 depth=2 name=chip.run.bind.args ts=7230613415253937 dur=129149 
[mono_ns=7230613415415226][T0xfaa95c78b020][TIMING] emit_host_span: [STRACE] v=1 pid=342501 tid=342501 inv=7 hid=dd172d0ab2c42d37 depth=2 name=chip.run.bind.prebuilt ts=7230613415408076 dur=4560 
[mono_ns=7230613415421556][T0xfaa95c78b020][TIMING] emit_host_span: [STRACE] v=1 pid=342501 tid=342501 inv=7 hid=dd172d0ab2c42d37 depth=1 name=chip.run.bind ts=7230613415242367 dur=176479 
[mono_ns=7230613524108455][T0xfaa95c78b020][TIMING] emit_host_span: [STRACE] v=1 pid=342501 tid=342501 inv=7 hid=dd172d0ab2c42d37 depth=1 name=chip.run.runner_run ts=7230613415704606 dur=108392589 
[mono_ns=7230613524240715][T0xfaa95c78b020][TIMING] emit_host_span: [STRACE] v=1 pid=342501 tid=342501 inv=7 hid=dd172d0ab2c42d37 depth=1 name=chip.run.validate ts=7230613524127865 dur=107870 
[mono_ns=7230613524297675][T0xfaa95c78b020][TIMING] emit_host_span: [STRACE] v=1 pid=342501 tid=342501 inv=7 hid=dd172d0ab2c42d37 depth=2 name=chip.run.runner_run.device_wall ts=0 dur=963200 clk=dev
[mono_ns=7230613524302155][T0xfaa95c78b020][TIMING] emit_host_span: [STRACE] v=1 pid=342501 tid=342501 inv=7 hid=dd172d0ab2c42d37 depth=3 name=chip.run.runner_run.device_wall.preamble ts=0 dur=7119 clk=dev
[mono_ns=7230613524307295][T0xfaa95c78b020][TIMING] emit_host_span: [STRACE] v=1 pid=342501 tid=342501 inv=7 hid=dd172d0ab2c42d37 depth=3 name=chip.run.runner_run.device_wall.graph_build ts=1839 dur=951520 clk=dev
[mono_ns=7230613524311555][T0xfaa95c78b020][TIMING] emit_host_span: [STRACE] v=1 pid=342501 tid=342501 inv=7 hid=dd172d0ab2c42d37 depth=3 name=chip.run.runner_run.device_wall.config_validate ts=2320 dur=820 clk=dev
[mono_ns=7230613524314715][T0xfaa95c78b020][TIMING] emit_host_span: [STRACE] v=1 pid=342501 tid=342501 inv=7 hid=dd172d0ab2c42d37 depth=3 name=chip.run.runner_run.device_wall.arena_wire ts=3159 dur=780 clk=dev
[mono_ns=7230613524318365][T0xfaa95c78b020][TIMING] emit_host_span: [STRACE] v=1 pid=342501 tid=342501 inv=7 hid=dd172d0ab2c42d37 depth=3 name=chip.run.runner_run.device_wall.sm_reset ts=3960 dur=1779 clk=dev
[mono_ns=7230613524322225][T0xfaa95c78b020][TIMING] emit_host_span: [STRACE] v=1 pid=342501 tid=342501 inv=7 hid=dd172d0ab2c42d37 depth=3 name=chip.run.runner_run.device_wall.post_orch ts=953400 dur=9680 clk=dev
[mono_ns=7230613524325895][T0xfaa95c78b020][TIMING] emit_host_span: [STRACE] v=1 pid=342501 tid=342501 inv=7 hid=dd172d0ab2c42d37 depth=3 name=chip.run.runner_run.device_wall.orch ts=6900 dur=11740 clk=dev
[mono_ns=7230613524345435][T0xfaa95c78b020][TIMING] emit_host_span: [STRACE] v=1 pid=342501 tid=342501 inv=7 hid=dd172d0ab2c42d37 depth=3 name=chip.run.runner_run.device_wall.sched ts=7819 dur=937099 clk=dev
[mono_ns=7230613524350335][T0xfaa95c78b020][TIMING] emit_host_span: [STRACE] v=1 pid=342501 tid=342501 inv=7 hid=dd172d0ab2c42d37 depth=1 name=chip.run.claim_release ts=7230613524348095 dur=500 
[mono_ns=7230613524355505][T0xfaa95c78b020][TIMING] emit_host_span: [STRACE] v=1 pid=342501 tid=342501 inv=7 hid=dd172d0ab2c42d37 depth=0 name=chip.run ts=7230613415164337 dur=109189118 run_id=7 dispatch_id=7 slot_id=0 generation=7 run_epoch=7
[mono_ns=7230613530941462][T0xfaa95c78b020][TIMING] emit_host_span: [STRACE] v=1 pid=342501 tid=342501 inv=8 hid=dd172d0ab2c42d37 depth=2 name=chip.run.bind.args ts=7230613530813643 dur=122470 
[mono_ns=7230613530958502][T0xfaa95c78b020][TIMING] emit_host_span: [STRACE] v=1 pid=342501 tid=342501 inv=8 hid=dd172d0ab2c42d37 depth=2 name=chip.run.bind.prebuilt ts=7230613530953102 dur=3130 
[mono_ns=7230613530963232][T0xfaa95c78b020][TIMING] emit_host_span: [STRACE] v=1 pid=342501 tid=342501 inv=8 hid=dd172d0ab2c42d37 depth=1 name=chip.run.bind ts=7230613530804293 dur=156929 
[mono_ns=7230613532493470][T0xfaa805f3bca0][WARN] copy_aicore_buffer: [chip_swimlane_collector.cpp:689] Core 2: skipped 1024 AICore record slot(s) with start_time=0 (race-window write or recycled-buffer tail). buf seq=0 count=1024
[mono_ns=7230613532537370][T0xfaa81509bca0][WARN] copy_aicore_buffer: [chip_swimlane_collector.cpp:689] Core 0: skipped 1024 AICore record slot(s) with start_time=0 (race-window write or recycled-buffer tail). buf seq=0 count=1024
[mono_ns=7230613532550850][T0xfaa81488bca0][WARN] copy_aicore_buffer: [chip_swimlane_collector.cpp:689] Core 1: skipped 1024 AICore record slot(s) with start_time=0 (race-window write or recycled-buffer tail). buf seq=0 count=1024
[mono_ns=7230613532805079][T0xfaa805f3bca0][WARN] copy_aicore_buffer: [chip_swimlane_collector.cpp:689] Core 28: skipped 1024 AICore record slot(s) with start_time=0 (race-window write or recycled-buffer tail). buf seq=0 count=1024
[mono_ns=7230613532864689][T0xfaa81509bca0][WARN] copy_aicore_buffer: [chip_swimlane_collector.cpp:689] Core 24: skipped 1023 AICore record slot(s) with start_time=0 (race-window write or recycled-buffer tail). buf seq=0 count=1024
[mono_ns=7230613532868579][T0xfaa81488bca0][WARN] copy_aicore_buffer: [chip_swimlane_collector.cpp:689] Core 26: skipped 1022 AICore record slot(s) with start_time=0 (race-window write or recycled-buffer tail). buf seq=0 count=1024
[mono_ns=7230613533152948][T0xfaa805f3bca0][WARN] copy_aicore_buffer: [chip_swimlane_collector.cpp:689] Core 29: skipped 1024 AICore record slot(s) with start_time=0 (race-window write or recycled-buffer tail). buf seq=0 count=1024
[mono_ns=7230613533156778][T0xfaa81509bca0][WARN] copy_aicore_buffer: [chip_swimlane_collector.cpp:689] Core 25: skipped 1024 AICore record slot(s) with start_time=0 (race-window write or recycled-buffer tail). buf seq=0 count=1024
[mono_ns=7230613533171148][T0xfaa81488bca0][WARN] copy_aicore_buffer: [chip_swimlane_collector.cpp:689] Core 27: skipped 1024 AICore record slot(s) with start_time=0 (race-window write or recycled-buffer tail). buf seq=0 count=1024
[mono_ns=7230613533436858][T0xfaa81509bca0][WARN] copy_aicore_buffer: [chip_swimlane_collector.cpp:689] Core 3: skipped 1024 AICore record slot(s) with start_time=0 (race-window write or recycled-buffer tail). buf seq=0 count=1024
[mono_ns=7230613533448568][T0xfaa805f3bca0][WARN] copy_aicore_buffer: [chip_swimlane_collector.cpp:689] Core 5: skipped 1024 AICore record slot(s) with start_time=0 (race-window write or recycled-buffer tail). buf seq=0 count=1024
[mono_ns=7230613533450028][T0xfaa81488bca0][WARN] copy_aicore_buffer: [chip_swimlane_collector.cpp:689] Core 4: skipped 1024 AICore record slot(s) with start_time=0 (race-window write or recycled-buffer tail). buf seq=0 count=1024
[mono_ns=7230613533731887][T0xfaa81509bca0][WARN] copy_aicore_buffer: [chip_swimlane_collector.cpp:689] Core 30: skipped 1024 AICore record slot(s) with start_time=0 (race-window write or recycled-buffer tail). buf seq=0 count=1024
[mono_ns=7230613533733477][T0xfaa81488bca0][WARN] copy_aicore_buffer: [chip_swimlane_collector.cpp:689] Core 32: skipped 1024 AICore record slot(s) with start_time=0 (race-window write or recycled-buffer tail). buf seq=0 count=1024
[mono_ns=7230613533742957][T0xfaa805f3bca0][WARN] copy_aicore_buffer: [chip_swimlane_collector.cpp:689] Core 34: skipped 1024 AICore record slot(s) with start_time=0 (race-window write or recycled-buffer tail). buf seq=0 count=1024
[mono_ns=7230613534021377][T0xfaa81509bca0][WARN] copy_aicore_buffer: [chip_swimlane_collector.cpp:689] Core 31: skipped 1024 AICore record slot(s) with start_time=0 (race-window write or recycled-buffer tail). buf seq=0 count=1024
[mono_ns=7230613534023527][T0xfaa81488bca0][WARN] copy_aicore_buffer: [chip_swimlane_collector.cpp:689] Core 33: skipped 1024 AICore record slot(s) with start_time=0 (race-window write or recycled-buffer tail). buf seq=0 count=1024
[mono_ns=7230613534042137][T0xfaa805f3bca0][WARN] copy_aicore_buffer: [chip_swimlane_collector.cpp:689] Core 35: skipped 1024 AICore record slot(s) with start_time=0 (race-window write or recycled-buffer tail). buf seq=0 count=1024
[mono_ns=7230613534300326][T0xfaa81509bca0][WARN] copy_aicore_buffer: [chip_swimlane_collector.cpp:689] Core 6: skipped 1024 AICore record slot(s) with start_time=0 (race-window write or recycled-buffer tail). buf seq=0 count=1024
[mono_ns=7230613534349186][T0xfaa81488bca0][WARN] copy_aicore_buffer: [chip_swimlane_collector.cpp:689] Core 7: skipped 1024 AICore record slot(s) with start_time=0 (race-window write or recycled-buffer tail). buf seq=0 count=1024
[mono_ns=7230613534357786][T0xfaa805f3bca0][WARN] copy_aicore_buffer: [chip_swimlane_collector.cpp:689] Core 8: skipped 1024 AICore record slot(s) with start_time=0 (race-window write or recycled-buffer tail). buf seq=0 count=1024
[mono_ns=7230613534579696][T0xfaa81509bca0][WARN] copy_aicore_buffer: [chip_swimlane_collector.cpp:689] Core 36: skipped 1024 AICore record slot(s) with start_time=0 (race-window write or recycled-buffer tail). buf seq=0 count=1024
[mono_ns=7230613534629876][T0xfaa81488bca0][WARN] copy_aicore_buffer: [chip_swimlane_collector.cpp:689] Core 38: skipped 1024 AICore record slot(s) with start_time=0 (race-window write or recycled-buffer tail). buf seq=0 count=1024
[mono_ns=7230613534646116][T0xfaa805f3bca0][WARN] copy_aicore_buffer: [chip_swimlane_collector.cpp:689] Core 40: skipped 1024 AICore record slot(s) with start_time=0 (race-window write or recycled-buffer tail). buf seq=0 count=1024
[mono_ns=7230613534859265][T0xfaa81509bca0][WARN] copy_aicore_buffer: [chip_swimlane_collector.cpp:689] Core 37: skipped 1024 AICore record slot(s) with start_time=0 (race-window write or recycled-buffer tail). buf seq=0 count=1024
[mono_ns=7230613534907485][T0xfaa81488bca0][WARN] copy_aicore_buffer: [chip_swimlane_collector.cpp:689] Core 39: skipped 1024 AICore record slot(s) with start_time=0 (race-window write or recycled-buffer tail). buf seq=0 count=1024
[mono_ns=7230613534934305][T0xfaa805f3bca0][WARN] copy_aicore_buffer: [chip_swimlane_collector.cpp:689] Core 41: skipped 1024 AICore record slot(s) with start_time=0 (race-window write or recycled-buffer tail). buf seq=0 count=1024
[mono_ns=7230613535189705][T0xfaa81509bca0][WARN] copy_aicore_buffer: [chip_swimlane_collector.cpp:689] Core 9: skipped 1024 AICore record slot(s) with start_time=0 (race-window write or recycled-buffer tail). buf seq=0 count=1024
[mono_ns=7230613535199575][T0xfaa81488bca0][WARN] copy_aicore_buffer: [chip_swimlane_collector.cpp:689] Core 10: skipped 1024 AICore record slot(s) with start_time=0 (race-window write or recycled-buffer tail). buf seq=0 count=1024
[mono_ns=7230613535242235][T0xfaa805f3bca0][WARN] copy_aicore_buffer: [chip_swimlane_collector.cpp:689] Core 11: skipped 1024 AICore record slot(s) with start_time=0 (race-window write or recycled-buffer tail). buf seq=0 count=1024
[mono_ns=7230613535470114][T0xfaa81509bca0][WARN] copy_aicore_buffer: [chip_swimlane_collector.cpp:689] Core 42: skipped 1024 AICore record slot(s) with start_time=0 (race-window write or recycled-buffer tail). buf seq=0 count=1024
[mono_ns=7230613535476934][T0xfaa81488bca0][WARN] copy_aicore_buffer: [chip_swimlane_collector.cpp:689] Core 44: skipped 1024 AICore record slot(s) with start_time=0 (race-window write or recycled-buffer tail). buf seq=0 count=1024
[mono_ns=7230613535561264][T0xfaa805f3bca0][WARN] copy_aicore_buffer: [chip_swimlane_collector.cpp:689] Core 46: skipped 1024 AICore record slot(s) with start_time=0 (race-window write or recycled-buffer tail). buf seq=0 count=1024
[mono_ns=7230613535750384][T0xfaa81509bca0][WARN] copy_aicore_buffer: [chip_swimlane_collector.cpp:689] Core 43: skipped 1024 AICore record slot(s) with start_time=0 (race-window write or recycled-buffer tail). buf seq=0 count=1024
[mono_ns=7230613535754184][T0xfaa81488bca0][WARN] copy_aicore_buffer: [chip_swimlane_collector.cpp:689] Core 45: skipped 1024 AICore record slot(s) with start_time=0 (race-window write or recycled-buffer tail). buf seq=0 count=1024
[mono_ns=7230613535867093][T0xfaa805f3bca0][WARN] copy_aicore_buffer: [chip_swimlane_collector.cpp:689] Core 47: skipped 1024 AICore record slot(s) with start_time=0 (race-window write or recycled-buffer tail). buf seq=0 count=1024
[mono_ns=7230613536042463][T0xfaa81488bca0][WARN] copy_aicore_buffer: [chip_swimlane_collector.cpp:689] Core 13: skipped 1024 AICore record slot(s) with start_time=0 (race-window write or recycled-buffer tail). buf seq=0 count=1024
[mono_ns=7230613536072543][T0xfaa81509bca0][WARN] copy_aicore_buffer: [chip_swimlane_collector.cpp:689] Core 12: skipped 1024 AICore record slot(s) with start_time=0 (race-window write or recycled-buffer tail). buf seq=0 count=1024
[mono_ns=7230613536169343][T0xfaa805f3bca0][WARN] copy_aicore_buffer: [chip_swimlane_collector.cpp:689] Core 14: skipped 1024 AICore record slot(s) with start_time=0 (race-window write or recycled-buffer tail). buf seq=0 count=1024
[mono_ns=7230613536322883][T0xfaa81488bca0][WARN] copy_aicore_buffer: [chip_swimlane_collector.cpp:689] Core 50: skipped 1024 AICore record slot(s) with start_time=0 (race-window write or recycled-buffer tail). buf seq=0 count=1024
[mono_ns=7230613536352853][T0xfaa81509bca0][WARN] copy_aicore_buffer: [chip_swimlane_collector.cpp:689] Core 48: skipped 1024 AICore record slot(s) with start_time=0 (race-window write or recycled-buffer tail). buf seq=0 count=1024
[mono_ns=7230613536460372][T0xfaa805f3bca0][WARN] copy_aicore_buffer: [chip_swimlane_collector.cpp:689] Core 52: skipped 1024 AICore record slot(s) with start_time=0 (race-window write or recycled-buffer tail). buf seq=0 count=1024
[mono_ns=7230613536603122][T0xfaa81488bca0][WARN] copy_aicore_buffer: [chip_swimlane_collector.cpp:689] Core 51: skipped 1024 AICore record slot(s) with start_time=0 (race-window write or recycled-buffer tail). buf seq=0 count=1024
[mono_ns=7230613536648942][T0xfaa81509bca0][WARN] copy_aicore_buffer: [chip_swimlane_collector.cpp:689] Core 49: skipped 1024 AICore record slot(s) with start_time=0 (race-window write or recycled-buffer tail). buf seq=0 count=1024
[mono_ns=7230613536753292][T0xfaa805f3bca0][WARN] copy_aicore_buffer: [chip_swimlane_collector.cpp:689] Core 53: skipped 1024 AICore record slot(s) with start_time=0 (race-window write or recycled-buffer tail). buf seq=0 count=1024
[mono_ns=7230613536883202][T0xfaa81488bca0][WARN] copy_aicore_buffer: [chip_swimlane_collector.cpp:689] Core 16: skipped 1024 AICore record slot(s) with start_time=0 (race-window write or recycled-buffer tail). buf seq=0 count=1024
[mono_ns=7230613536927281][T0xfaa81509bca0][WARN] copy_aicore_buffer: [chip_swimlane_collector.cpp:689] Core 15: skipped 1024 AICore record slot(s) with start_time=0 (race-window write or recycled-buffer tail). buf seq=0 count=1024
[mono_ns=7230613537048901][T0xfaa805f3bca0][WARN] copy_aicore_buffer: [chip_swimlane_collector.cpp:689] Core 17: skipped 1024 AICore record slot(s) with start_time=0 (race-window write or recycled-buffer tail). buf seq=0 count=1024
[mono_ns=7230613537182871][T0xfaa81488bca0][WARN] copy_aicore_buffer: [chip_swimlane_collector.cpp:689] Core 56: skipped 1024 AICore record slot(s) with start_time=0 (race-window write or recycled-buffer tail). buf seq=0 count=1024
[mono_ns=7230613537218211][T0xfaa81509bca0][WARN] copy_aicore_buffer: [chip_swimlane_collector.cpp:689] Core 54: skipped 1024 AICore record slot(s) with start_time=0 (race-window write or recycled-buffer tail). buf seq=0 count=1024
[mono_ns=7230613537382231][T0xfaa805f3bca0][WARN] copy_aicore_buffer: [chip_swimlane_collector.cpp:689] Core 58: skipped 1024 AICore record slot(s) with start_time=0 (race-window write or recycled-buffer tail). buf seq=0 count=1024
[mono_ns=7230613537462550][T0xfaa81488bca0][WARN] copy_aicore_buffer: [chip_swimlane_collector.cpp:689] Core 57: skipped 1024 AICore record slot(s) with start_time=0 (race-window write or recycled-buffer tail). buf seq=0 count=1024
[mono_ns=7230613537496760][T0xfaa81509bca0][WARN] copy_aicore_buffer: [chip_swimlane_collector.cpp:689] Core 55: skipped 1024 AICore record slot(s) with start_time=0 (race-window write or recycled-buffer tail). buf seq=0 count=1024
[mono_ns=7230613537675960][T0xfaa805f3bca0][WARN] copy_aicore_buffer: [chip_swimlane_collector.cpp:689] Core 59: skipped 1024 AICore record slot(s) with start_time=0 (race-window write or recycled-buffer tail). buf seq=0 count=1024
[mono_ns=7230613537742410][T0xfaa81488bca0][WARN] copy_aicore_buffer: [chip_swimlane_collector.cpp:689] Core 19: skipped 1024 AICore record slot(s) with start_time=0 (race-window write or recycled-buffer tail). buf seq=0 count=1024
[mono_ns=7230613537775270][T0xfaa81509bca0][WARN] copy_aicore_buffer: [chip_swimlane_collector.cpp:689] Core 18: skipped 1024 AICore record slot(s) with start_time=0 (race-window write or recycled-buffer tail). buf seq=0 count=1024
[mono_ns=7230613537968200][T0xfaa805f3bca0][WARN] copy_aicore_buffer: [chip_swimlane_collector.cpp:689] Core 20: skipped 1024 AICore record slot(s) with start_time=0 (race-window write or recycled-buffer tail). buf seq=0 count=1024
[mono_ns=7230613538032389][T0xfaa81488bca0][WARN] copy_aicore_buffer: [chip_swimlane_collector.cpp:689] Core 62: skipped 1024 AICore record slot(s) with start_time=0 (race-window write or recycled-buffer tail). buf seq=0 count=1024
[mono_ns=7230613538096309][T0xfaa81509bca0][WARN] copy_aicore_buffer: [chip_swimlane_collector.cpp:689] Core 60: skipped 1024 AICore record slot(s) with start_time=0 (race-window write or recycled-buffer tail). buf seq=0 count=1024
[mono_ns=7230613538270839][T0xfaa805f3bca0][WARN] copy_aicore_buffer: [chip_swimlane_collector.cpp:689] Core 64: skipped 1024 AICore record slot(s) with start_time=0 (race-window write or recycled-buffer tail). buf seq=0 count=1024
[mono_ns=7230613538312039][T0xfaa81488bca0][WARN] copy_aicore_buffer: [chip_swimlane_collector.cpp:689] Core 63: skipped 1024 AICore record slot(s) with start_time=0 (race-window write or recycled-buffer tail). buf seq=0 count=1024
[mono_ns=7230613538374449][T0xfaa81509bca0][WARN] copy_aicore_buffer: [chip_swimlane_collector.cpp:689] Core 61: skipped 1024 AICore record slot(s) with start_time=0 (race-window write or recycled-buffer tail). buf seq=0 count=1024
[mono_ns=7230613538561138][T0xfaa805f3bca0][WARN] copy_aicore_buffer: [chip_swimlane_collector.cpp:689] Core 65: skipped 1024 AICore record slot(s) with start_time=0 (race-window write or recycled-buffer tail). buf seq=0 count=1024
[mono_ns=7230613538591878][T0xfaa81488bca0][WARN] copy_aicore_buffer: [chip_swimlane_collector.cpp:689] Core 22: skipped 1024 AICore record slot(s) with start_time=0 (race-window write or recycled-buffer tail). buf seq=0 count=1024
[mono_ns=7230613538653488][T0xfaa81509bca0][WARN] copy_aicore_buffer: [chip_swimlane_collector.cpp:689] Core 21: skipped 1024 AICore record slot(s) with start_time=0 (race-window write or recycled-buffer tail). buf seq=0 count=1024
[mono_ns=7230613538853378][T0xfaa805f3bca0][WARN] copy_aicore_buffer: [chip_swimlane_collector.cpp:689] Core 23: skipped 1024 AICore record slot(s) with start_time=0 (race-window write or recycled-buffer tail). buf seq=0 count=1024
[mono_ns=7230613538893498][T0xfaa81488bca0][WARN] copy_aicore_buffer: [chip_swimlane_collector.cpp:689] Core 68: skipped 1024 AICore record slot(s) with start_time=0 (race-window write or recycled-buffer tail). buf seq=0 count=1024
[mono_ns=7230613538932968][T0xfaa81509bca0][WARN] copy_aicore_buffer: [chip_swimlane_collector.cpp:689] Core 66: skipped 1024 AICore record slot(s) with start_time=0 (race-window write or recycled-buffer tail). buf seq=0 count=1024
[mono_ns=7230613539155757][T0xfaa805f3bca0][WARN] copy_aicore_buffer: [chip_swimlane_collector.cpp:689] Core 70: skipped 1024 AICore record slot(s) with start_time=0 (race-window write or recycled-buffer tail). buf seq=0 count=1024
[mono_ns=7230613539186907][T0xfaa81488bca0][WARN] copy_aicore_buffer: [chip_swimlane_collector.cpp:689] Core 69: skipped 1024 AICore record slot(s) with start_time=0 (race-window write or recycled-buffer tail). buf seq=0 count=1024
[mono_ns=7230613539223647][T0xfaa81509bca0][WARN] copy_aicore_buffer: [chip_swimlane_collector.cpp:689] Core 67: skipped 1024 AICore record slot(s) with start_time=0 (race-window write or recycled-buffer tail). buf seq=0 count=1024
[mono_ns=7230613539447277][T0xfaa805f3bca0][WARN] copy_aicore_buffer: [chip_swimlane_collector.cpp:689] Core 71: skipped 1024 AICore record slot(s) with start_time=0 (race-window write or recycled-buffer tail). buf seq=0 count=1024
[mono_ns=7230613640093632][T0xfaa95c78b020][TIMING] emit_host_span: [STRACE] v=1 pid=342501 tid=342501 inv=8 hid=dd172d0ab2c42d37 depth=1 name=chip.run.runner_run ts=7230613531253402 dur=108832190 
[mono_ns=7230613640183252][T0xfaa95c78b020][TIMING] emit_host_span: [STRACE] v=1 pid=342501 tid=342501 inv=8 hid=dd172d0ab2c42d37 depth=1 name=chip.run.validate ts=7230613640105362 dur=74230 
[mono_ns=7230613640194841][T0xfaa95c78b020][TIMING] emit_host_span: [STRACE] v=1 pid=342501 tid=342501 inv=8 hid=dd172d0ab2c42d37 depth=2 name=chip.run.runner_run.device_wall ts=0 dur=799820 clk=dev
[mono_ns=7230613640199181][T0xfaa95c78b020][TIMING] emit_host_span: [STRACE] v=1 pid=342501 tid=342501 inv=8 hid=dd172d0ab2c42d37 depth=3 name=chip.run.runner_run.device_wall.preamble ts=0 dur=107620 clk=dev
[mono_ns=7230613640203651][T0xfaa95c78b020][TIMING] emit_host_span: [STRACE] v=1 pid=342501 tid=342501 inv=8 hid=dd172d0ab2c42d37 depth=3 name=chip.run.runner_run.device_wall.graph_build ts=103400 dur=687260 clk=dev
[mono_ns=7230613640207291][T0xfaa95c78b020][TIMING] emit_host_span: [STRACE] v=1 pid=342501 tid=342501 inv=8 hid=dd172d0ab2c42d37 depth=3 name=chip.run.runner_run.device_wall.config_validate ts=103520 dur=740 clk=dev
[mono_ns=7230613640210611][T0xfaa95c78b020][TIMING] emit_host_span: [STRACE] v=1 pid=342501 tid=342501 inv=8 hid=dd172d0ab2c42d37 depth=3 name=chip.run.runner_run.device_wall.arena_wire ts=104280 dur=260 clk=dev
[mono_ns=7230613640255661][T0xfaa95c78b020][TIMING] emit_host_span: [STRACE] v=1 pid=342501 tid=342501 inv=8 hid=dd172d0ab2c42d37 depth=3 name=chip.run.runner_run.device_wall.sm_reset ts=104560 dur=740 clk=dev
[mono_ns=7230613640260131][T0xfaa95c78b020][TIMING] emit_host_span: [STRACE] v=1 pid=342501 tid=342501 inv=8 hid=dd172d0ab2c42d37 depth=3 name=chip.run.runner_run.device_wall.post_orch ts=790719 dur=8960 clk=dev
[mono_ns=7230613640263911][T0xfaa95c78b020][TIMING] emit_host_span: [STRACE] v=1 pid=342501 tid=342501 inv=8 hid=dd172d0ab2c42d37 depth=3 name=chip.run.runner_run.device_wall.orch ts=105340 dur=4520 clk=dev
[mono_ns=7230613640266811][T0xfaa95c78b020][TIMING] emit_host_span: [STRACE] v=1 pid=342501 tid=342501 inv=8 hid=dd172d0ab2c42d37 depth=3 name=chip.run.runner_run.device_wall.sched ts=107740 dur=657260 clk=dev
[mono_ns=7230613640271701][T0xfaa95c78b020][TIMING] emit_host_span: [STRACE] v=1 pid=342501 tid=342501 inv=8 hid=dd172d0ab2c42d37 depth=1 name=chip.run.claim_release ts=7230613640269561 dur=330 
[mono_ns=7230613640275621][T0xfaa95c78b020][TIMING] emit_host_span: [STRACE] v=1 pid=342501 tid=342501 inv=8 hid=dd172d0ab2c42d37 depth=0 name=chip.run ts=7230613530772303 dur=109501368 run_id=8 dispatch_id=8 slot_id=0 generation=8 run_epoch=8
