[mono_ns=7230598188464447][T0xfaa95c78b020][TIMING] emit_host_span: [STRACE] v=1 pid=342487 tid=342487 inv=1 hid=dd172d0ab2c42d37 depth=2 name=chip.run.bind.args ts=7230598188358807 dur=100070 
[mono_ns=7230598188479667][T0xfaa95c78b020][TIMING] emit_host_span: [STRACE] v=1 pid=342487 tid=342487 inv=1 hid=dd172d0ab2c42d37 depth=2 name=chip.run.bind.prebuilt ts=7230598188475097 dur=1970 
[mono_ns=7230598188484467][T0xfaa95c78b020][TIMING] emit_host_span: [STRACE] v=1 pid=342487 tid=342487 inv=1 hid=dd172d0ab2c42d37 depth=1 name=chip.run.bind ts=7230598187927808 dur=554599 
[mono_ns=7230598303130963][T0xfaa95c78b020][TIMING] emit_host_span: [STRACE] v=1 pid=342487 tid=342487 inv=1 hid=dd172d0ab2c42d37 depth=1 name=chip.run.runner_run ts=7230598189142146 dur=113976947 
[mono_ns=7230598303233183][T0xfaa95c78b020][TIMING] emit_host_span: [STRACE] v=1 pid=342487 tid=342487 inv=1 hid=dd172d0ab2c42d37 depth=1 name=chip.run.validate ts=7230598303141053 dur=88500 
[mono_ns=7230598303240473][T0xfaa95c78b020][TIMING] emit_host_span: [STRACE] v=1 pid=342487 tid=342487 inv=1 hid=dd172d0ab2c42d37 depth=2 name=chip.run.runner_run.device_wall ts=0 dur=4272640 clk=dev
[mono_ns=7230598303244273][T0xfaa95c78b020][TIMING] emit_host_span: [STRACE] v=1 pid=342487 tid=342487 inv=1 hid=dd172d0ab2c42d37 depth=3 name=chip.run.runner_run.device_wall.preamble ts=0 dur=157440 clk=dev
[mono_ns=7230598303247723][T0xfaa95c78b020][TIMING] emit_host_span: [STRACE] v=1 pid=342487 tid=342487 inv=1 hid=dd172d0ab2c42d37 depth=3 name=chip.run.runner_run.device_wall.graph_build ts=38980 dur=4213940 clk=dev
[mono_ns=7230598303252113][T0xfaa95c78b020][TIMING] emit_host_span: [STRACE] v=1 pid=342487 tid=342487 inv=1 hid=dd172d0ab2c42d37 depth=3 name=chip.run.runner_run.device_wall.config_validate ts=43000 dur=3840 clk=dev
[mono_ns=7230598303256103][T0xfaa95c78b020][TIMING] emit_host_span: [STRACE] v=1 pid=342487 tid=342487 inv=1 hid=dd172d0ab2c42d37 depth=3 name=chip.run.runner_run.device_wall.arena_wire ts=47020 dur=12160 clk=dev
[mono_ns=7230598303259223][T0xfaa95c78b020][TIMING] emit_host_span: [STRACE] v=1 pid=342487 tid=342487 inv=1 hid=dd172d0ab2c42d37 depth=3 name=chip.run.runner_run.device_wall.sm_reset ts=59200 dur=17720 clk=dev
[mono_ns=7230598303262383][T0xfaa95c78b020][TIMING] emit_host_span: [STRACE] v=1 pid=342487 tid=342487 inv=1 hid=dd172d0ab2c42d37 depth=3 name=chip.run.runner_run.device_wall.post_orch ts=4252980 dur=15800 clk=dev
[mono_ns=7230598303265483][T0xfaa95c78b020][TIMING] emit_host_span: [STRACE] v=1 pid=342487 tid=342487 inv=1 hid=dd172d0ab2c42d37 depth=3 name=chip.run.runner_run.device_wall.orch ts=81780 dur=43680 clk=dev
[mono_ns=7230598303268643][T0xfaa95c78b020][TIMING] emit_host_span: [STRACE] v=1 pid=342487 tid=342487 inv=1 hid=dd172d0ab2c42d37 depth=3 name=chip.run.runner_run.device_wall.sched ts=159020 dur=4071440 clk=dev
[mono_ns=7230598303273303][T0xfaa95c78b020][TIMING] emit_host_span: [STRACE] v=1 pid=342487 tid=342487 inv=1 hid=dd172d0ab2c42d37 depth=1 name=chip.run.claim_release ts=7230598303270963 dur=490 
[mono_ns=7230598303279973][T0xfaa95c78b020][TIMING] emit_host_span: [STRACE] v=1 pid=342487 tid=342487 inv=1 hid=dd172d0ab2c42d37 depth=0 name=chip.run ts=7230598187900618 dur=115377265 run_id=1 dispatch_id=1 slot_id=0 generation=1 run_epoch=1
[mono_ns=7230598315622518][T0xfaa95c78b020][TIMING] emit_host_span: [STRACE] v=1 pid=342487 tid=342487 inv=2 hid=dd172d0ab2c42d37 depth=2 name=chip.run.bind.args ts=7230598315440818 dur=171100 
[mono_ns=7230598315652058][T0xfaa95c78b020][TIMING] emit_host_span: [STRACE] v=1 pid=342487 tid=342487 inv=2 hid=dd172d0ab2c42d37 depth=2 name=chip.run.bind.prebuilt ts=7230598315643818 dur=5710 
[mono_ns=7230598315657588][T0xfaa95c78b020][TIMING] emit_host_span: [STRACE] v=1 pid=342487 tid=342487 inv=2 hid=dd172d0ab2c42d37 depth=1 name=chip.run.bind ts=7230598315430328 dur=225100 
[mono_ns=7230598388172750][T0xfaa81509bca0][WARN] copy_aicore_buffer: [chip_swimlane_collector.cpp:689] Core 0: skipped 1024 AICore record slot(s) with start_time=0 (race-window write or recycled-buffer tail). buf seq=0 count=1024
[mono_ns=7230598388189960][T0xfaa805f3bca0][WARN] copy_aicore_buffer: [chip_swimlane_collector.cpp:689] Core 2: skipped 1024 AICore record slot(s) with start_time=0 (race-window write or recycled-buffer tail). buf seq=0 count=1024
[mono_ns=7230598388222150][T0xfaa81488bca0][WARN] copy_aicore_buffer: [chip_swimlane_collector.cpp:689] Core 1: skipped 1024 AICore record slot(s) with start_time=0 (race-window write or recycled-buffer tail). buf seq=0 count=1024
[mono_ns=7230598388508149][T0xfaa81509bca0][WARN] copy_aicore_buffer: [chip_swimlane_collector.cpp:689] Core 24: skipped 1022 AICore record slot(s) with start_time=0 (race-window write or recycled-buffer tail). buf seq=0 count=1024
[mono_ns=7230598388513759][T0xfaa805f3bca0][WARN] copy_aicore_buffer: [chip_swimlane_collector.cpp:689] Core 28: skipped 1024 AICore record slot(s) with start_time=0 (race-window write or recycled-buffer tail). buf seq=0 count=1024
[mono_ns=7230598388563359][T0xfaa81488bca0][WARN] copy_aicore_buffer: [chip_swimlane_collector.cpp:689] Core 26: skipped 1023 AICore record slot(s) with start_time=0 (race-window write or recycled-buffer tail). buf seq=0 count=1024
[mono_ns=7230598388826579][T0xfaa81509bca0][WARN] copy_aicore_buffer: [chip_swimlane_collector.cpp:689] Core 25: skipped 1024 AICore record slot(s) with start_time=0 (race-window write or recycled-buffer tail). buf seq=0 count=1024
[mono_ns=7230598388833559][T0xfaa805f3bca0][WARN] copy_aicore_buffer: [chip_swimlane_collector.cpp:689] Core 29: skipped 1024 AICore record slot(s) with start_time=0 (race-window write or recycled-buffer tail). buf seq=0 count=1024
[mono_ns=7230598388901528][T0xfaa81488bca0][WARN] copy_aicore_buffer: [chip_swimlane_collector.cpp:689] Core 27: skipped 1024 AICore record slot(s) with start_time=0 (race-window write or recycled-buffer tail). buf seq=0 count=1024
[mono_ns=7230598389203958][T0xfaa805f3bca0][WARN] copy_aicore_buffer: [chip_swimlane_collector.cpp:689] Core 5: skipped 1024 AICore record slot(s) with start_time=0 (race-window write or recycled-buffer tail). buf seq=0 count=1024
[mono_ns=7230598389219368][T0xfaa81509bca0][WARN] copy_aicore_buffer: [chip_swimlane_collector.cpp:689] Core 3: skipped 1024 AICore record slot(s) with start_time=0 (race-window write or recycled-buffer tail). buf seq=0 count=1024
[mono_ns=7230598389275728][T0xfaa81488bca0][WARN] copy_aicore_buffer: [chip_swimlane_collector.cpp:689] Core 4: skipped 1024 AICore record slot(s) with start_time=0 (race-window write or recycled-buffer tail). buf seq=0 count=1024
[mono_ns=7230598389548937][T0xfaa81509bca0][WARN] copy_aicore_buffer: [chip_swimlane_collector.cpp:689] Core 30: skipped 1024 AICore record slot(s) with start_time=0 (race-window write or recycled-buffer tail). buf seq=0 count=1024
[mono_ns=7230598389555867][T0xfaa805f3bca0][WARN] copy_aicore_buffer: [chip_swimlane_collector.cpp:689] Core 34: skipped 1024 AICore record slot(s) with start_time=0 (race-window write or recycled-buffer tail). buf seq=0 count=1024
[mono_ns=7230598389623067][T0xfaa81488bca0][WARN] copy_aicore_buffer: [chip_swimlane_collector.cpp:689] Core 32: skipped 1024 AICore record slot(s) with start_time=0 (race-window write or recycled-buffer tail). buf seq=0 count=1024
[mono_ns=7230598389876286][T0xfaa81509bca0][WARN] copy_aicore_buffer: [chip_swimlane_collector.cpp:689] Core 31: skipped 1024 AICore record slot(s) with start_time=0 (race-window write or recycled-buffer tail). buf seq=0 count=1024
[mono_ns=7230598389883936][T0xfaa805f3bca0][WARN] copy_aicore_buffer: [chip_swimlane_collector.cpp:689] Core 35: skipped 1024 AICore record slot(s) with start_time=0 (race-window write or recycled-buffer tail). buf seq=0 count=1024
[mono_ns=7230598389965926][T0xfaa81488bca0][WARN] copy_aicore_buffer: [chip_swimlane_collector.cpp:689] Core 33: skipped 1024 AICore record slot(s) with start_time=0 (race-window write or recycled-buffer tail). buf seq=0 count=1024
[mono_ns=7230598390211966][T0xfaa805f3bca0][WARN] copy_aicore_buffer: [chip_swimlane_collector.cpp:689] Core 8: skipped 1024 AICore record slot(s) with start_time=0 (race-window write or recycled-buffer tail). buf seq=0 count=1024
[mono_ns=7230598390212176][T0xfaa81509bca0][WARN] copy_aicore_buffer: [chip_swimlane_collector.cpp:689] Core 6: skipped 1024 AICore record slot(s) with start_time=0 (race-window write or recycled-buffer tail). buf seq=0 count=1024
[mono_ns=7230598390314796][T0xfaa81488bca0][WARN] copy_aicore_buffer: [chip_swimlane_collector.cpp:689] Core 7: skipped 1024 AICore record slot(s) with start_time=0 (race-window write or recycled-buffer tail). buf seq=0 count=1024
[mono_ns=7230598390539205][T0xfaa81509bca0][WARN] copy_aicore_buffer: [chip_swimlane_collector.cpp:689] Core 36: skipped 1024 AICore record slot(s) with start_time=0 (race-window write or recycled-buffer tail). buf seq=0 count=1024
[mono_ns=7230598390549985][T0xfaa805f3bca0][WARN] copy_aicore_buffer: [chip_swimlane_collector.cpp:689] Core 40: skipped 1024 AICore record slot(s) with start_time=0 (race-window write or recycled-buffer tail). buf seq=0 count=1024
[mono_ns=7230598390659175][T0xfaa81488bca0][WARN] copy_aicore_buffer: [chip_swimlane_collector.cpp:689] Core 38: skipped 1024 AICore record slot(s) with start_time=0 (race-window write or recycled-buffer tail). buf seq=0 count=1024
[mono_ns=7230598390865314][T0xfaa81509bca0][WARN] copy_aicore_buffer: [chip_swimlane_collector.cpp:689] Core 37: skipped 1024 AICore record slot(s) with start_time=0 (race-window write or recycled-buffer tail). buf seq=0 count=1024
[mono_ns=7230598390870964][T0xfaa805f3bca0][WARN] copy_aicore_buffer: [chip_swimlane_collector.cpp:689] Core 41: skipped 1024 AICore record slot(s) with start_time=0 (race-window write or recycled-buffer tail). buf seq=0 count=1024
[mono_ns=7230598391012724][T0xfaa81488bca0][WARN] copy_aicore_buffer: [chip_swimlane_collector.cpp:689] Core 39: skipped 1024 AICore record slot(s) with start_time=0 (race-window write or recycled-buffer tail). buf seq=0 count=1024
[mono_ns=7230598391201284][T0xfaa81509bca0][WARN] copy_aicore_buffer: [chip_swimlane_collector.cpp:689] Core 9: skipped 1024 AICore record slot(s) with start_time=0 (race-window write or recycled-buffer tail). buf seq=0 count=1024
[mono_ns=7230598391206644][T0xfaa805f3bca0][WARN] copy_aicore_buffer: [chip_swimlane_collector.cpp:689] Core 11: skipped 1024 AICore record slot(s) with start_time=0 (race-window write or recycled-buffer tail). buf seq=0 count=1024
[mono_ns=7230598391354013][T0xfaa81488bca0][WARN] copy_aicore_buffer: [chip_swimlane_collector.cpp:689] Core 10: skipped 1024 AICore record slot(s) with start_time=0 (race-window write or recycled-buffer tail). buf seq=0 count=1024
[mono_ns=7230598391529703][T0xfaa81509bca0][WARN] copy_aicore_buffer: [chip_swimlane_collector.cpp:689] Core 42: skipped 1024 AICore record slot(s) with start_time=0 (race-window write or recycled-buffer tail). buf seq=0 count=1024
[mono_ns=7230598391533823][T0xfaa805f3bca0][WARN] copy_aicore_buffer: [chip_swimlane_collector.cpp:689] Core 46: skipped 1024 AICore record slot(s) with start_time=0 (race-window write or recycled-buffer tail). buf seq=0 count=1024
[mono_ns=7230598391697853][T0xfaa81488bca0][WARN] copy_aicore_buffer: [chip_swimlane_collector.cpp:689] Core 44: skipped 1024 AICore record slot(s) with start_time=0 (race-window write or recycled-buffer tail). buf seq=0 count=1024
[mono_ns=7230598391856992][T0xfaa81509bca0][WARN] copy_aicore_buffer: [chip_swimlane_collector.cpp:689] Core 43: skipped 1024 AICore record slot(s) with start_time=0 (race-window write or recycled-buffer tail). buf seq=0 count=1024
[mono_ns=7230598391861932][T0xfaa805f3bca0][WARN] copy_aicore_buffer: [chip_swimlane_collector.cpp:689] Core 47: skipped 1024 AICore record slot(s) with start_time=0 (race-window write or recycled-buffer tail). buf seq=0 count=1024
[mono_ns=7230598392049522][T0xfaa81488bca0][WARN] copy_aicore_buffer: [chip_swimlane_collector.cpp:689] Core 45: skipped 1024 AICore record slot(s) with start_time=0 (race-window write or recycled-buffer tail). buf seq=0 count=1024
[mono_ns=7230598392192512][T0xfaa81509bca0][WARN] copy_aicore_buffer: [chip_swimlane_collector.cpp:689] Core 12: skipped 1024 AICore record slot(s) with start_time=0 (race-window write or recycled-buffer tail). buf seq=0 count=1024
[mono_ns=7230598392199342][T0xfaa805f3bca0][WARN] copy_aicore_buffer: [chip_swimlane_collector.cpp:689] Core 14: skipped 1024 AICore record slot(s) with start_time=0 (race-window write or recycled-buffer tail). buf seq=0 count=1024
[mono_ns=7230598392392761][T0xfaa81488bca0][WARN] copy_aicore_buffer: [chip_swimlane_collector.cpp:689] Core 13: skipped 1024 AICore record slot(s) with start_time=0 (race-window write or recycled-buffer tail). buf seq=0 count=1024
[mono_ns=7230598392520791][T0xfaa81509bca0][WARN] copy_aicore_buffer: [chip_swimlane_collector.cpp:689] Core 48: skipped 1024 AICore record slot(s) with start_time=0 (race-window write or recycled-buffer tail). buf seq=0 count=1024
[mono_ns=7230598392523891][T0xfaa805f3bca0][WARN] copy_aicore_buffer: [chip_swimlane_collector.cpp:689] Core 52: skipped 1024 AICore record slot(s) with start_time=0 (race-window write or recycled-buffer tail). buf seq=0 count=1024
[mono_ns=7230598392737001][T0xfaa81488bca0][WARN] copy_aicore_buffer: [chip_swimlane_collector.cpp:689] Core 50: skipped 1024 AICore record slot(s) with start_time=0 (race-window write or recycled-buffer tail). buf seq=0 count=1024
[mono_ns=7230598392851720][T0xfaa81509bca0][WARN] copy_aicore_buffer: [chip_swimlane_collector.cpp:689] Core 49: skipped 1024 AICore record slot(s) with start_time=0 (race-window write or recycled-buffer tail). buf seq=0 count=1024
[mono_ns=7230598392857890][T0xfaa805f3bca0][WARN] copy_aicore_buffer: [chip_swimlane_collector.cpp:689] Core 53: skipped 1024 AICore record slot(s) with start_time=0 (race-window write or recycled-buffer tail). buf seq=0 count=1024
[mono_ns=7230598393091490][T0xfaa81488bca0][WARN] copy_aicore_buffer: [chip_swimlane_collector.cpp:689] Core 51: skipped 1024 AICore record slot(s) with start_time=0 (race-window write or recycled-buffer tail). buf seq=0 count=1024
[mono_ns=7230598393184230][T0xfaa81509bca0][WARN] copy_aicore_buffer: [chip_swimlane_collector.cpp:689] Core 15: skipped 1024 AICore record slot(s) with start_time=0 (race-window write or recycled-buffer tail). buf seq=0 count=1024
[mono_ns=7230598393191370][T0xfaa805f3bca0][WARN] copy_aicore_buffer: [chip_swimlane_collector.cpp:689] Core 17: skipped 1024 AICore record slot(s) with start_time=0 (race-window write or recycled-buffer tail). buf seq=0 count=1024
[mono_ns=7230598393434209][T0xfaa81488bca0][WARN] copy_aicore_buffer: [chip_swimlane_collector.cpp:689] Core 16: skipped 1024 AICore record slot(s) with start_time=0 (race-window write or recycled-buffer tail). buf seq=0 count=1024
[mono_ns=7230598393511439][T0xfaa81509bca0][WARN] copy_aicore_buffer: [chip_swimlane_collector.cpp:689] Core 54: skipped 1024 AICore record slot(s) with start_time=0 (race-window write or recycled-buffer tail). buf seq=0 count=1024
[mono_ns=7230598393520609][T0xfaa805f3bca0][WARN] copy_aicore_buffer: [chip_swimlane_collector.cpp:689] Core 58: skipped 1024 AICore record slot(s) with start_time=0 (race-window write or recycled-buffer tail). buf seq=0 count=1024
[mono_ns=7230598393779629][T0xfaa81488bca0][WARN] copy_aicore_buffer: [chip_swimlane_collector.cpp:689] Core 56: skipped 1024 AICore record slot(s) with start_time=0 (race-window write or recycled-buffer tail). buf seq=0 count=1024
[mono_ns=7230598393837368][T0xfaa81509bca0][WARN] copy_aicore_buffer: [chip_swimlane_collector.cpp:689] Core 55: skipped 1024 AICore record slot(s) with start_time=0 (race-window write or recycled-buffer tail). buf seq=0 count=1024
[mono_ns=7230598393851388][T0xfaa805f3bca0][WARN] copy_aicore_buffer: [chip_swimlane_collector.cpp:689] Core 59: skipped 1024 AICore record slot(s) with start_time=0 (race-window write or recycled-buffer tail). buf seq=0 count=1024
[mono_ns=7230598394130928][T0xfaa81488bca0][WARN] copy_aicore_buffer: [chip_swimlane_collector.cpp:689] Core 57: skipped 1024 AICore record slot(s) with start_time=0 (race-window write or recycled-buffer tail). buf seq=0 count=1024
[mono_ns=7230598394175398][T0xfaa81509bca0][WARN] copy_aicore_buffer: [chip_swimlane_collector.cpp:689] Core 18: skipped 1024 AICore record slot(s) with start_time=0 (race-window write or recycled-buffer tail). buf seq=0 count=1024
[mono_ns=7230598394188268][T0xfaa805f3bca0][WARN] copy_aicore_buffer: [chip_swimlane_collector.cpp:689] Core 20: skipped 1024 AICore record slot(s) with start_time=0 (race-window write or recycled-buffer tail). buf seq=0 count=1024
[mono_ns=7230598394477707][T0xfaa81488bca0][WARN] copy_aicore_buffer: [chip_swimlane_collector.cpp:689] Core 19: skipped 1024 AICore record slot(s) with start_time=0 (race-window write or recycled-buffer tail). buf seq=0 count=1024
[mono_ns=7230598394500207][T0xfaa81509bca0][WARN] copy_aicore_buffer: [chip_swimlane_collector.cpp:689] Core 60: skipped 1024 AICore record slot(s) with start_time=0 (race-window write or recycled-buffer tail). buf seq=0 count=1024
[mono_ns=7230598394512247][T0xfaa805f3bca0][WARN] copy_aicore_buffer: [chip_swimlane_collector.cpp:689] Core 64: skipped 1024 AICore record slot(s) with start_time=0 (race-window write or recycled-buffer tail). buf seq=0 count=1024
[mono_ns=7230598394823446][T0xfaa81488bca0][WARN] copy_aicore_buffer: [chip_swimlane_collector.cpp:689] Core 62: skipped 1024 AICore record slot(s) with start_time=0 (race-window write or recycled-buffer tail). buf seq=0 count=1024
[mono_ns=7230598394829476][T0xfaa81509bca0][WARN] copy_aicore_buffer: [chip_swimlane_collector.cpp:689] Core 61: skipped 1024 AICore record slot(s) with start_time=0 (race-window write or recycled-buffer tail). buf seq=0 count=1024
[mono_ns=7230598394839576][T0xfaa805f3bca0][WARN] copy_aicore_buffer: [chip_swimlane_collector.cpp:689] Core 65: skipped 1024 AICore record slot(s) with start_time=0 (race-window write or recycled-buffer tail). buf seq=0 count=1024
[mono_ns=7230598395180556][T0xfaa81509bca0][WARN] copy_aicore_buffer: [chip_swimlane_collector.cpp:689] Core 21: skipped 1024 AICore record slot(s) with start_time=0 (race-window write or recycled-buffer tail). buf seq=0 count=1024
[mono_ns=7230598395181286][T0xfaa81488bca0][WARN] copy_aicore_buffer: [chip_swimlane_collector.cpp:689] Core 63: skipped 1024 AICore record slot(s) with start_time=0 (race-window write or recycled-buffer tail). buf seq=0 count=1024
[mono_ns=7230598395190616][T0xfaa805f3bca0][WARN] copy_aicore_buffer: [chip_swimlane_collector.cpp:689] Core 23: skipped 1024 AICore record slot(s) with start_time=0 (race-window write or recycled-buffer tail). buf seq=0 count=1024
[mono_ns=7230598395508325][T0xfaa81509bca0][WARN] copy_aicore_buffer: [chip_swimlane_collector.cpp:689] Core 66: skipped 1024 AICore record slot(s) with start_time=0 (race-window write or recycled-buffer tail). buf seq=0 count=1024
[mono_ns=7230598395533085][T0xfaa805f3bca0][WARN] copy_aicore_buffer: [chip_swimlane_collector.cpp:689] Core 70: skipped 1024 AICore record slot(s) with start_time=0 (race-window write or recycled-buffer tail). buf seq=0 count=1024
[mono_ns=7230598395533685][T0xfaa81488bca0][WARN] copy_aicore_buffer: [chip_swimlane_collector.cpp:689] Core 22: skipped 1024 AICore record slot(s) with start_time=0 (race-window write or recycled-buffer tail). buf seq=0 count=1024
[mono_ns=7230598395833624][T0xfaa81509bca0][WARN] copy_aicore_buffer: [chip_swimlane_collector.cpp:689] Core 67: skipped 1024 AICore record slot(s) with start_time=0 (race-window write or recycled-buffer tail). buf seq=0 count=1024
[mono_ns=7230598395856054][T0xfaa805f3bca0][WARN] copy_aicore_buffer: [chip_swimlane_collector.cpp:689] Core 71: skipped 1024 AICore record slot(s) with start_time=0 (race-window write or recycled-buffer tail). buf seq=0 count=1024
[mono_ns=7230598395881754][T0xfaa81488bca0][WARN] copy_aicore_buffer: [chip_swimlane_collector.cpp:689] Core 68: skipped 1024 AICore record slot(s) with start_time=0 (race-window write or recycled-buffer tail). buf seq=0 count=1024
[mono_ns=7230598396231484][T0xfaa81488bca0][WARN] copy_aicore_buffer: [chip_swimlane_collector.cpp:689] Core 69: skipped 1024 AICore record slot(s) with start_time=0 (race-window write or recycled-buffer tail). buf seq=0 count=1024
[mono_ns=7230598496787398][T0xfaa95c78b020][TIMING] emit_host_span: [STRACE] v=1 pid=342487 tid=342487 inv=2 hid=dd172d0ab2c42d37 depth=1 name=chip.run.runner_run ts=7230598369601538 dur=127178820 
[mono_ns=7230598496876548][T0xfaa95c78b020][TIMING] emit_host_span: [STRACE] v=1 pid=342487 tid=342487 inv=2 hid=dd172d0ab2c42d37 depth=1 name=chip.run.validate ts=7230598496796528 dur=76580 
[mono_ns=7230598496884098][T0xfaa95c78b020][TIMING] emit_host_span: [STRACE] v=1 pid=342487 tid=342487 inv=2 hid=dd172d0ab2c42d37 depth=2 name=chip.run.runner_run.device_wall ts=0 dur=16551440 clk=dev
[mono_ns=7230598496888768][T0xfaa95c78b020][TIMING] emit_host_span: [STRACE] v=1 pid=342487 tid=342487 inv=2 hid=dd172d0ab2c42d37 depth=3 name=chip.run.runner_run.device_wall.preamble ts=0 dur=129940 clk=dev
[mono_ns=7230598496892888][T0xfaa95c78b020][TIMING] emit_host_span: [STRACE] v=1 pid=342487 tid=342487 inv=2 hid=dd172d0ab2c42d37 depth=3 name=chip.run.runner_run.device_wall.graph_build ts=125300 dur=16416560 clk=dev
[mono_ns=7230598496896638][T0xfaa95c78b020][TIMING] emit_host_span: [STRACE] v=1 pid=342487 tid=342487 inv=2 hid=dd172d0ab2c42d37 depth=3 name=chip.run.runner_run.device_wall.config_validate ts=125480 dur=919 clk=dev
[mono_ns=7230598496899778][T0xfaa95c78b020][TIMING] emit_host_span: [STRACE] v=1 pid=342487 tid=342487 inv=2 hid=dd172d0ab2c42d37 depth=3 name=chip.run.runner_run.device_wall.arena_wire ts=126439 dur=660 clk=dev
[mono_ns=7230598496903048][T0xfaa95c78b020][TIMING] emit_host_span: [STRACE] v=1 pid=342487 tid=342487 inv=2 hid=dd172d0ab2c42d37 depth=3 name=chip.run.runner_run.device_wall.sm_reset ts=127119 dur=1359 clk=dev
[mono_ns=7230598496906568][T0xfaa95c78b020][TIMING] emit_host_span: [STRACE] v=1 pid=342487 tid=342487 inv=2 hid=dd172d0ab2c42d37 depth=3 name=chip.run.runner_run.device_wall.post_orch ts=16541920 dur=9380 clk=dev
[mono_ns=7230598496909978][T0xfaa95c78b020][TIMING] emit_host_span: [STRACE] v=1 pid=342487 tid=342487 inv=2 hid=dd172d0ab2c42d37 depth=3 name=chip.run.runner_run.device_wall.orch ts=128560 dur=4800 clk=dev
[mono_ns=7230598496913898][T0xfaa95c78b020][TIMING] emit_host_span: [STRACE] v=1 pid=342487 tid=342487 inv=2 hid=dd172d0ab2c42d37 depth=3 name=chip.run.runner_run.device_wall.sched ts=130180 dur=16385180 clk=dev
[mono_ns=7230598496918578][T0xfaa95c78b020][TIMING] emit_host_span: [STRACE] v=1 pid=342487 tid=342487 inv=2 hid=dd172d0ab2c42d37 depth=1 name=chip.run.claim_release ts=7230598496916498 dur=250 
[mono_ns=7230598496923078][T0xfaa95c78b020][TIMING] emit_host_span: [STRACE] v=1 pid=342487 tid=342487 inv=2 hid=dd172d0ab2c42d37 depth=0 name=chip.run ts=7230598315364108 dur=181556940 run_id=2 dispatch_id=2 slot_id=0 generation=2 run_epoch=2
[mono_ns=7230603308816830][T0xfaa95c78b020][TIMING] emit_host_span: [STRACE] v=1 pid=342487 tid=342487 inv=3 hid=dd172d0ab2c42d37 depth=2 name=chip.run.bind.args ts=7230603308487570 dur=297510 
[mono_ns=7230603308948949][T0xfaa95c78b020][TIMING] emit_host_span: [STRACE] v=1 pid=342487 tid=342487 inv=3 hid=dd172d0ab2c42d37 depth=2 name=chip.run.bind.prebuilt ts=7230603308922639 dur=22460 
[mono_ns=7230603308954449][T0xfaa95c78b020][TIMING] emit_host_span: [STRACE] v=1 pid=342487 tid=342487 inv=3 hid=dd172d0ab2c42d37 depth=1 name=chip.run.bind ts=7230603308428460 dur=523769 
[mono_ns=7230603483529164][T0xfaa95c78b020][TIMING] emit_host_span: [STRACE] v=1 pid=342487 tid=342487 inv=3 hid=dd172d0ab2c42d37 depth=1 name=chip.run.runner_run ts=7230603310489266 dur=173023738 
[mono_ns=7230603483648064][T0xfaa95c78b020][TIMING] emit_host_span: [STRACE] v=1 pid=342487 tid=342487 inv=3 hid=dd172d0ab2c42d37 depth=1 name=chip.run.validate ts=7230603483552654 dur=90800 
[mono_ns=7230603483661504][T0xfaa95c78b020][TIMING] emit_host_span: [STRACE] v=1 pid=342487 tid=342487 inv=3 hid=dd172d0ab2c42d37 depth=2 name=chip.run.runner_run.device_wall ts=0 dur=3826060 clk=dev
[mono_ns=7230603483666514][T0xfaa95c78b020][TIMING] emit_host_span: [STRACE] v=1 pid=342487 tid=342487 inv=3 hid=dd172d0ab2c42d37 depth=3 name=chip.run.runner_run.device_wall.preamble ts=0 dur=6860 clk=dev
[mono_ns=7230603483671284][T0xfaa95c78b020][TIMING] emit_host_span: [STRACE] v=1 pid=342487 tid=342487 inv=3 hid=dd172d0ab2c42d37 depth=3 name=chip.run.runner_run.device_wall.graph_build ts=1599 dur=3815180 clk=dev
[mono_ns=7230603483677164][T0xfaa95c78b020][TIMING] emit_host_span: [STRACE] v=1 pid=342487 tid=342487 inv=3 hid=dd172d0ab2c42d37 depth=3 name=chip.run.runner_run.device_wall.config_validate ts=1880 dur=740 clk=dev
[mono_ns=7230603483681824][T0xfaa95c78b020][TIMING] emit_host_span: [STRACE] v=1 pid=342487 tid=342487 inv=3 hid=dd172d0ab2c42d37 depth=3 name=chip.run.runner_run.device_wall.arena_wire ts=2640 dur=760 clk=dev
[mono_ns=7230603483685264][T0xfaa95c78b020][TIMING] emit_host_span: [STRACE] v=1 pid=342487 tid=342487 inv=3 hid=dd172d0ab2c42d37 depth=3 name=chip.run.runner_run.device_wall.sm_reset ts=3440 dur=2380 clk=dev
[mono_ns=7230603483688684][T0xfaa95c78b020][TIMING] emit_host_span: [STRACE] v=1 pid=342487 tid=342487 inv=3 hid=dd172d0ab2c42d37 depth=3 name=chip.run.runner_run.device_wall.post_orch ts=3816880 dur=9000 clk=dev
[mono_ns=7230603483727304][T0xfaa95c78b020][TIMING] emit_host_span: [STRACE] v=1 pid=342487 tid=342487 inv=3 hid=dd172d0ab2c42d37 depth=3 name=chip.run.runner_run.device_wall.orch ts=6800 dur=7640 clk=dev
[mono_ns=7230603483730614][T0xfaa95c78b020][TIMING] emit_host_span: [STRACE] v=1 pid=342487 tid=342487 inv=3 hid=dd172d0ab2c42d37 depth=3 name=chip.run.runner_run.device_wall.sched ts=7119 dur=3801980 clk=dev
[mono_ns=7230603483736604][T0xfaa95c78b020][TIMING] emit_host_span: [STRACE] v=1 pid=342487 tid=342487 inv=3 hid=dd172d0ab2c42d37 depth=1 name=chip.run.claim_release ts=7230603483733994 dur=660 
[mono_ns=7230603483742644][T0xfaa95c78b020][TIMING] emit_host_span: [STRACE] v=1 pid=342487 tid=342487 inv=3 hid=dd172d0ab2c42d37 depth=0 name=chip.run ts=7230603307613002 dur=176127642 run_id=3 dispatch_id=3 slot_id=0 generation=3 run_epoch=3
[mono_ns=7230603499956562][T0xfaa95c78b020][TIMING] emit_host_span: [STRACE] v=1 pid=342487 tid=342487 inv=4 hid=dd172d0ab2c42d37 depth=2 name=chip.run.bind.args ts=7230603499845512 dur=105220 
[mono_ns=7230603499975592][T0xfaa95c78b020][TIMING] emit_host_span: [STRACE] v=1 pid=342487 tid=342487 inv=4 hid=dd172d0ab2c42d37 depth=2 name=chip.run.bind.prebuilt ts=7230603499969102 dur=4040 
[mono_ns=7230603499980432][T0xfaa95c78b020][TIMING] emit_host_span: [STRACE] v=1 pid=342487 tid=342487 inv=4 hid=dd172d0ab2c42d37 depth=1 name=chip.run.bind ts=7230603499833612 dur=144710 
[mono_ns=7230603503686164][T0xfaa81488bca0][WARN] copy_aicore_buffer: [chip_swimlane_collector.cpp:689] Core 1: skipped 1024 AICore record slot(s) with start_time=0 (race-window write or recycled-buffer tail). buf seq=0 count=1024
[mono_ns=7230603503681714][T0xfaa81509bca0][WARN] copy_aicore_buffer: [chip_swimlane_collector.cpp:689] Core 0: skipped 1024 AICore record slot(s) with start_time=0 (race-window write or recycled-buffer tail). buf seq=0 count=1024
[mono_ns=7230603503698634][T0xfaa805f3bca0][WARN] copy_aicore_buffer: [chip_swimlane_collector.cpp:689] Core 2: skipped 1024 AICore record slot(s) with start_time=0 (race-window write or recycled-buffer tail). buf seq=0 count=1024
[mono_ns=7230603504034554][T0xfaa805f3bca0][WARN] copy_aicore_buffer: [chip_swimlane_collector.cpp:689] Core 28: skipped 1023 AICore record slot(s) with start_time=0 (race-window write or recycled-buffer tail). buf seq=0 count=1024
[mono_ns=7230603504079234][T0xfaa81488bca0][WARN] copy_aicore_buffer: [chip_swimlane_collector.cpp:689] Core 26: skipped 1023 AICore record slot(s) with start_time=0 (race-window write or recycled-buffer tail). buf seq=0 count=1024
[mono_ns=7230603504090144][T0xfaa81509bca0][WARN] copy_aicore_buffer: [chip_swimlane_collector.cpp:689] Core 24: skipped 1023 AICore record slot(s) with start_time=0 (race-window write or recycled-buffer tail). buf seq=0 count=1024
[mono_ns=7230603504348043][T0xfaa805f3bca0][WARN] copy_aicore_buffer: [chip_swimlane_collector.cpp:689] Core 29: skipped 1024 AICore record slot(s) with start_time=0 (race-window write or recycled-buffer tail). buf seq=0 count=1024
[mono_ns=7230603504408233][T0xfaa81509bca0][WARN] copy_aicore_buffer: [chip_swimlane_collector.cpp:689] Core 25: skipped 1024 AICore record slot(s) with start_time=0 (race-window write or recycled-buffer tail). buf seq=0 count=1024
[mono_ns=7230603504411453][T0xfaa81488bca0][WARN] copy_aicore_buffer: [chip_swimlane_collector.cpp:689] Core 27: skipped 1024 AICore record slot(s) with start_time=0 (race-window write or recycled-buffer tail). buf seq=0 count=1024
[mono_ns=7230603504659113][T0xfaa805f3bca0][WARN] copy_aicore_buffer: [chip_swimlane_collector.cpp:689] Core 5: skipped 1024 AICore record slot(s) with start_time=0 (race-window write or recycled-buffer tail). buf seq=0 count=1024
[mono_ns=7230603504745462][T0xfaa81488bca0][WARN] copy_aicore_buffer: [chip_swimlane_collector.cpp:689] Core 4: skipped 1024 AICore record slot(s) with start_time=0 (race-window write or recycled-buffer tail). buf seq=0 count=1024
[mono_ns=7230603504758492][T0xfaa81509bca0][WARN] copy_aicore_buffer: [chip_swimlane_collector.cpp:689] Core 3: skipped 1024 AICore record slot(s) with start_time=0 (race-window write or recycled-buffer tail). buf seq=0 count=1024
[mono_ns=7230603504971272][T0xfaa805f3bca0][WARN] copy_aicore_buffer: [chip_swimlane_collector.cpp:689] Core 34: skipped 1024 AICore record slot(s) with start_time=0 (race-window write or recycled-buffer tail). buf seq=0 count=1024
[mono_ns=7230603505085612][T0xfaa81509bca0][WARN] copy_aicore_buffer: [chip_swimlane_collector.cpp:689] Core 30: skipped 1024 AICore record slot(s) with start_time=0 (race-window write or recycled-buffer tail). buf seq=0 count=1024
[mono_ns=7230603505090812][T0xfaa81488bca0][WARN] copy_aicore_buffer: [chip_swimlane_collector.cpp:689] Core 32: skipped 1024 AICore record slot(s) with start_time=0 (race-window write or recycled-buffer tail). buf seq=0 count=1024
[mono_ns=7230603505294391][T0xfaa805f3bca0][WARN] copy_aicore_buffer: [chip_swimlane_collector.cpp:689] Core 35: skipped 1024 AICore record slot(s) with start_time=0 (race-window write or recycled-buffer tail). buf seq=0 count=1024
[mono_ns=7230603505397891][T0xfaa81509bca0][WARN] copy_aicore_buffer: [chip_swimlane_collector.cpp:689] Core 31: skipped 1024 AICore record slot(s) with start_time=0 (race-window write or recycled-buffer tail). buf seq=0 count=1024
[mono_ns=7230603505415781][T0xfaa81488bca0][WARN] copy_aicore_buffer: [chip_swimlane_collector.cpp:689] Core 33: skipped 1024 AICore record slot(s) with start_time=0 (race-window write or recycled-buffer tail). buf seq=0 count=1024
[mono_ns=7230603505616091][T0xfaa805f3bca0][WARN] copy_aicore_buffer: [chip_swimlane_collector.cpp:689] Core 8: skipped 1024 AICore record slot(s) with start_time=0 (race-window write or recycled-buffer tail). buf seq=0 count=1024
[mono_ns=7230603505709820][T0xfaa81509bca0][WARN] copy_aicore_buffer: [chip_swimlane_collector.cpp:689] Core 6: skipped 1024 AICore record slot(s) with start_time=0 (race-window write or recycled-buffer tail). buf seq=0 count=1024
[mono_ns=7230603505745540][T0xfaa81488bca0][WARN] copy_aicore_buffer: [chip_swimlane_collector.cpp:689] Core 7: skipped 1024 AICore record slot(s) with start_time=0 (race-window write or recycled-buffer tail). buf seq=0 count=1024
[mono_ns=7230603505927000][T0xfaa805f3bca0][WARN] copy_aicore_buffer: [chip_swimlane_collector.cpp:689] Core 40: skipped 1024 AICore record slot(s) with start_time=0 (race-window write or recycled-buffer tail). buf seq=0 count=1024
[mono_ns=7230603506028820][T0xfaa81509bca0][WARN] copy_aicore_buffer: [chip_swimlane_collector.cpp:689] Core 36: skipped 1024 AICore record slot(s) with start_time=0 (race-window write or recycled-buffer tail). buf seq=0 count=1024
[mono_ns=7230603506080370][T0xfaa81488bca0][WARN] copy_aicore_buffer: [chip_swimlane_collector.cpp:689] Core 38: skipped 1024 AICore record slot(s) with start_time=0 (race-window write or recycled-buffer tail). buf seq=0 count=1024
[mono_ns=7230603506242579][T0xfaa805f3bca0][WARN] copy_aicore_buffer: [chip_swimlane_collector.cpp:689] Core 41: skipped 1024 AICore record slot(s) with start_time=0 (race-window write or recycled-buffer tail). buf seq=0 count=1024
[mono_ns=7230603506353859][T0xfaa81509bca0][WARN] copy_aicore_buffer: [chip_swimlane_collector.cpp:689] Core 37: skipped 1024 AICore record slot(s) with start_time=0 (race-window write or recycled-buffer tail). buf seq=0 count=1024
[mono_ns=7230603506421549][T0xfaa81488bca0][WARN] copy_aicore_buffer: [chip_swimlane_collector.cpp:689] Core 39: skipped 1024 AICore record slot(s) with start_time=0 (race-window write or recycled-buffer tail). buf seq=0 count=1024
[mono_ns=7230603506552959][T0xfaa805f3bca0][WARN] copy_aicore_buffer: [chip_swimlane_collector.cpp:689] Core 11: skipped 1024 AICore record slot(s) with start_time=0 (race-window write or recycled-buffer tail). buf seq=0 count=1024
[mono_ns=7230603506664729][T0xfaa81509bca0][WARN] copy_aicore_buffer: [chip_swimlane_collector.cpp:689] Core 9: skipped 1024 AICore record slot(s) with start_time=0 (race-window write or recycled-buffer tail). buf seq=0 count=1024
[mono_ns=7230603506750318][T0xfaa81488bca0][WARN] copy_aicore_buffer: [chip_swimlane_collector.cpp:689] Core 10: skipped 1024 AICore record slot(s) with start_time=0 (race-window write or recycled-buffer tail). buf seq=0 count=1024
[mono_ns=7230603506877448][T0xfaa805f3bca0][WARN] copy_aicore_buffer: [chip_swimlane_collector.cpp:689] Core 46: skipped 1024 AICore record slot(s) with start_time=0 (race-window write or recycled-buffer tail). buf seq=0 count=1024
[mono_ns=7230603506978708][T0xfaa81509bca0][WARN] copy_aicore_buffer: [chip_swimlane_collector.cpp:689] Core 42: skipped 1024 AICore record slot(s) with start_time=0 (race-window write or recycled-buffer tail). buf seq=0 count=1024
[mono_ns=7230603507090768][T0xfaa81488bca0][WARN] copy_aicore_buffer: [chip_swimlane_collector.cpp:689] Core 44: skipped 1024 AICore record slot(s) with start_time=0 (race-window write or recycled-buffer tail). buf seq=0 count=1024
[mono_ns=7230603507285487][T0xfaa805f3bca0][WARN] copy_aicore_buffer: [chip_swimlane_collector.cpp:689] Core 47: skipped 1024 AICore record slot(s) with start_time=0 (race-window write or recycled-buffer tail). buf seq=0 count=1024
[mono_ns=7230603507326277][T0xfaa81509bca0][WARN] copy_aicore_buffer: [chip_swimlane_collector.cpp:689] Core 43: skipped 1024 AICore record slot(s) with start_time=0 (race-window write or recycled-buffer tail). buf seq=0 count=1024
[mono_ns=7230603507433067][T0xfaa81488bca0][WARN] copy_aicore_buffer: [chip_swimlane_collector.cpp:689] Core 45: skipped 1024 AICore record slot(s) with start_time=0 (race-window write or recycled-buffer tail). buf seq=0 count=1024
[mono_ns=7230603507611547][T0xfaa805f3bca0][WARN] copy_aicore_buffer: [chip_swimlane_collector.cpp:689] Core 14: skipped 1024 AICore record slot(s) with start_time=0 (race-window write or recycled-buffer tail). buf seq=0 count=1024
[mono_ns=7230603507660277][T0xfaa81509bca0][WARN] copy_aicore_buffer: [chip_swimlane_collector.cpp:689] Core 12: skipped 1024 AICore record slot(s) with start_time=0 (race-window write or recycled-buffer tail). buf seq=0 count=1024
[mono_ns=7230603507783946][T0xfaa81488bca0][WARN] copy_aicore_buffer: [chip_swimlane_collector.cpp:689] Core 13: skipped 1024 AICore record slot(s) with start_time=0 (race-window write or recycled-buffer tail). buf seq=0 count=1024
[mono_ns=7230603507937866][T0xfaa805f3bca0][WARN] copy_aicore_buffer: [chip_swimlane_collector.cpp:689] Core 52: skipped 1024 AICore record slot(s) with start_time=0 (race-window write or recycled-buffer tail). buf seq=0 count=1024
[mono_ns=7230603507985306][T0xfaa81509bca0][WARN] copy_aicore_buffer: [chip_swimlane_collector.cpp:689] Core 48: skipped 1024 AICore record slot(s) with start_time=0 (race-window write or recycled-buffer tail). buf seq=0 count=1024
[mono_ns=7230603508184826][T0xfaa81488bca0][WARN] copy_aicore_buffer: [chip_swimlane_collector.cpp:689] Core 50: skipped 1024 AICore record slot(s) with start_time=0 (race-window write or recycled-buffer tail). buf seq=0 count=1024
[mono_ns=7230603508265985][T0xfaa805f3bca0][WARN] copy_aicore_buffer: [chip_swimlane_collector.cpp:689] Core 53: skipped 1024 AICore record slot(s) with start_time=0 (race-window write or recycled-buffer tail). buf seq=0 count=1024
[mono_ns=7230603508315325][T0xfaa81509bca0][WARN] copy_aicore_buffer: [chip_swimlane_collector.cpp:689] Core 49: skipped 1024 AICore record slot(s) with start_time=0 (race-window write or recycled-buffer tail). buf seq=0 count=1024
[mono_ns=7230603508528995][T0xfaa81488bca0][WARN] copy_aicore_buffer: [chip_swimlane_collector.cpp:689] Core 51: skipped 1024 AICore record slot(s) with start_time=0 (race-window write or recycled-buffer tail). buf seq=0 count=1024
[mono_ns=7230603508589185][T0xfaa805f3bca0][WARN] copy_aicore_buffer: [chip_swimlane_collector.cpp:689] Core 17: skipped 1024 AICore record slot(s) with start_time=0 (race-window write or recycled-buffer tail). buf seq=0 count=1024
[mono_ns=7230603508639825][T0xfaa81509bca0][WARN] copy_aicore_buffer: [chip_swimlane_collector.cpp:689] Core 15: skipped 1024 AICore record slot(s) with start_time=0 (race-window write or recycled-buffer tail). buf seq=0 count=1024
[mono_ns=7230603508872534][T0xfaa81488bca0][WARN] copy_aicore_buffer: [chip_swimlane_collector.cpp:689] Core 16: skipped 1024 AICore record slot(s) with start_time=0 (race-window write or recycled-buffer tail). buf seq=0 count=1024
[mono_ns=7230603508915204][T0xfaa805f3bca0][WARN] copy_aicore_buffer: [chip_swimlane_collector.cpp:689] Core 58: skipped 1024 AICore record slot(s) with start_time=0 (race-window write or recycled-buffer tail). buf seq=0 count=1024
[mono_ns=7230603508974434][T0xfaa81509bca0][WARN] copy_aicore_buffer: [chip_swimlane_collector.cpp:689] Core 54: skipped 1024 AICore record slot(s) with start_time=0 (race-window write or recycled-buffer tail). buf seq=0 count=1024
[mono_ns=7230603509225703][T0xfaa81488bca0][WARN] copy_aicore_buffer: [chip_swimlane_collector.cpp:689] Core 56: skipped 1024 AICore record slot(s) with start_time=0 (race-window write or recycled-buffer tail). buf seq=0 count=1024
[mono_ns=7230603509250693][T0xfaa805f3bca0][WARN] copy_aicore_buffer: [chip_swimlane_collector.cpp:689] Core 59: skipped 1024 AICore record slot(s) with start_time=0 (race-window write or recycled-buffer tail). buf seq=0 count=1024
[mono_ns=7230603509308903][T0xfaa81509bca0][WARN] copy_aicore_buffer: [chip_swimlane_collector.cpp:689] Core 55: skipped 1024 AICore record slot(s) with start_time=0 (race-window write or recycled-buffer tail). buf seq=0 count=1024
[mono_ns=7230603509566393][T0xfaa81488bca0][WARN] copy_aicore_buffer: [chip_swimlane_collector.cpp:689] Core 57: skipped 1024 AICore record slot(s) with start_time=0 (race-window write or recycled-buffer tail). buf seq=0 count=1024
[mono_ns=7230603509589383][T0xfaa805f3bca0][WARN] copy_aicore_buffer: [chip_swimlane_collector.cpp:689] Core 20: skipped 1024 AICore record slot(s) with start_time=0 (race-window write or recycled-buffer tail). buf seq=0 count=1024
[mono_ns=7230603509634473][T0xfaa81509bca0][WARN] copy_aicore_buffer: [chip_swimlane_collector.cpp:689] Core 18: skipped 1024 AICore record slot(s) with start_time=0 (race-window write or recycled-buffer tail). buf seq=0 count=1024
[mono_ns=7230603509907002][T0xfaa81488bca0][WARN] copy_aicore_buffer: [chip_swimlane_collector.cpp:689] Core 19: skipped 1024 AICore record slot(s) with start_time=0 (race-window write or recycled-buffer tail). buf seq=0 count=1024
[mono_ns=7230603509929462][T0xfaa805f3bca0][WARN] copy_aicore_buffer: [chip_swimlane_collector.cpp:689] Core 64: skipped 1024 AICore record slot(s) with start_time=0 (race-window write or recycled-buffer tail). buf seq=0 count=1024
[mono_ns=7230603509962662][T0xfaa81509bca0][WARN] copy_aicore_buffer: [chip_swimlane_collector.cpp:689] Core 60: skipped 1024 AICore record slot(s) with start_time=0 (race-window write or recycled-buffer tail). buf seq=0 count=1024
[mono_ns=7230603510263181][T0xfaa81488bca0][WARN] copy_aicore_buffer: [chip_swimlane_collector.cpp:689] Core 62: skipped 1024 AICore record slot(s) with start_time=0 (race-window write or recycled-buffer tail). buf seq=0 count=1024
[mono_ns=7230603510267011][T0xfaa805f3bca0][WARN] copy_aicore_buffer: [chip_swimlane_collector.cpp:689] Core 65: skipped 1024 AICore record slot(s) with start_time=0 (race-window write or recycled-buffer tail). buf seq=0 count=1024
[mono_ns=7230603510297901][T0xfaa81509bca0][WARN] copy_aicore_buffer: [chip_swimlane_collector.cpp:689] Core 61: skipped 1024 AICore record slot(s) with start_time=0 (race-window write or recycled-buffer tail). buf seq=0 count=1024
[mono_ns=7230603510606531][T0xfaa81488bca0][WARN] copy_aicore_buffer: [chip_swimlane_collector.cpp:689] Core 63: skipped 1024 AICore record slot(s) with start_time=0 (race-window write or recycled-buffer tail). buf seq=0 count=1024
[mono_ns=7230603510609861][T0xfaa805f3bca0][WARN] copy_aicore_buffer: [chip_swimlane_collector.cpp:689] Core 23: skipped 1024 AICore record slot(s) with start_time=0 (race-window write or recycled-buffer tail). buf seq=0 count=1024
[mono_ns=7230603510668241][T0xfaa81509bca0][WARN] copy_aicore_buffer: [chip_swimlane_collector.cpp:689] Core 21: skipped 1024 AICore record slot(s) with start_time=0 (race-window write or recycled-buffer tail). buf seq=0 count=1024
[mono_ns=7230603510936160][T0xfaa805f3bca0][WARN] copy_aicore_buffer: [chip_swimlane_collector.cpp:689] Core 70: skipped 1024 AICore record slot(s) with start_time=0 (race-window write or recycled-buffer tail). buf seq=0 count=1024
[mono_ns=7230603510960360][T0xfaa81488bca0][WARN] copy_aicore_buffer: [chip_swimlane_collector.cpp:689] Core 22: skipped 1024 AICore record slot(s) with start_time=0 (race-window write or recycled-buffer tail). buf seq=0 count=1024
[mono_ns=7230603510998280][T0xfaa81509bca0][WARN] copy_aicore_buffer: [chip_swimlane_collector.cpp:689] Core 66: skipped 1024 AICore record slot(s) with start_time=0 (race-window write or recycled-buffer tail). buf seq=0 count=1024
[mono_ns=7230603511268769][T0xfaa805f3bca0][WARN] copy_aicore_buffer: [chip_swimlane_collector.cpp:689] Core 71: skipped 1024 AICore record slot(s) with start_time=0 (race-window write or recycled-buffer tail). buf seq=0 count=1024
[mono_ns=7230603511314889][T0xfaa81488bca0][WARN] copy_aicore_buffer: [chip_swimlane_collector.cpp:689] Core 68: skipped 1024 AICore record slot(s) with start_time=0 (race-window write or recycled-buffer tail). buf seq=0 count=1024
[mono_ns=7230603511338289][T0xfaa81509bca0][WARN] copy_aicore_buffer: [chip_swimlane_collector.cpp:689] Core 67: skipped 1024 AICore record slot(s) with start_time=0 (race-window write or recycled-buffer tail). buf seq=0 count=1024
[mono_ns=7230603511677089][T0xfaa81488bca0][WARN] copy_aicore_buffer: [chip_swimlane_collector.cpp:689] Core 69: skipped 1024 AICore record slot(s) with start_time=0 (race-window write or recycled-buffer tail). buf seq=0 count=1024
[mono_ns=7230603612622470][T0xfaa95c78b020][TIMING] emit_host_span: [STRACE] v=1 pid=342487 tid=342487 inv=4 hid=dd172d0ab2c42d37 depth=1 name=chip.run.runner_run ts=7230603501548109 dur=111066661 
[mono_ns=7230603612705430][T0xfaa95c78b020][TIMING] emit_host_span: [STRACE] v=1 pid=342487 tid=342487 inv=4 hid=dd172d0ab2c42d37 depth=1 name=chip.run.validate ts=7230603612633500 dur=68100 
[mono_ns=7230603612717560][T0xfaa95c78b020][TIMING] emit_host_span: [STRACE] v=1 pid=342487 tid=342487 inv=4 hid=dd172d0ab2c42d37 depth=2 name=chip.run.runner_run.device_wall ts=0 dur=1500340 clk=dev
[mono_ns=7230603612722540][T0xfaa95c78b020][TIMING] emit_host_span: [STRACE] v=1 pid=342487 tid=342487 inv=4 hid=dd172d0ab2c42d37 depth=3 name=chip.run.runner_run.device_wall.preamble ts=0 dur=105580 clk=dev
[mono_ns=7230603612727130][T0xfaa95c78b020][TIMING] emit_host_span: [STRACE] v=1 pid=342487 tid=342487 inv=4 hid=dd172d0ab2c42d37 depth=3 name=chip.run.runner_run.device_wall.graph_build ts=101380 dur=1389780 clk=dev
[mono_ns=7230603612731910][T0xfaa95c78b020][TIMING] emit_host_span: [STRACE] v=1 pid=342487 tid=342487 inv=4 hid=dd172d0ab2c42d37 depth=3 name=chip.run.runner_run.device_wall.config_validate ts=101500 dur=679 clk=dev
[mono_ns=7230603612770920][T0xfaa95c78b020][TIMING] emit_host_span: [STRACE] v=1 pid=342487 tid=342487 inv=4 hid=dd172d0ab2c42d37 depth=3 name=chip.run.runner_run.device_wall.arena_wire ts=102220 dur=380 clk=dev
[mono_ns=7230603612774900][T0xfaa95c78b020][TIMING] emit_host_span: [STRACE] v=1 pid=342487 tid=342487 inv=4 hid=dd172d0ab2c42d37 depth=3 name=chip.run.runner_run.device_wall.sm_reset ts=102640 dur=780 clk=dev
[mono_ns=7230603612778990][T0xfaa95c78b020][TIMING] emit_host_span: [STRACE] v=1 pid=342487 tid=342487 inv=4 hid=dd172d0ab2c42d37 depth=3 name=chip.run.runner_run.device_wall.post_orch ts=1491240 dur=8960 clk=dev
[mono_ns=7230603612781960][T0xfaa95c78b020][TIMING] emit_host_span: [STRACE] v=1 pid=342487 tid=342487 inv=4 hid=dd172d0ab2c42d37 depth=3 name=chip.run.runner_run.device_wall.orch ts=103480 dur=3639 clk=dev
[mono_ns=7230603612784850][T0xfaa95c78b020][TIMING] emit_host_span: [STRACE] v=1 pid=342487 tid=342487 inv=4 hid=dd172d0ab2c42d37 depth=3 name=chip.run.runner_run.device_wall.sched ts=105720 dur=1360820 clk=dev
[mono_ns=7230603612789720][T0xfaa95c78b020][TIMING] emit_host_span: [STRACE] v=1 pid=342487 tid=342487 inv=4 hid=dd172d0ab2c42d37 depth=1 name=chip.run.claim_release ts=7230603612786760 dur=540 
[mono_ns=7230603612793870][T0xfaa95c78b020][TIMING] emit_host_span: [STRACE] v=1 pid=342487 tid=342487 inv=4 hid=dd172d0ab2c42d37 depth=0 name=chip.run ts=7230603499795912 dur=112996028 run_id=4 dispatch_id=4 slot_id=0 generation=4 run_epoch=4
[mono_ns=7230608397317022][T0xfaa95c78b020][TIMING] emit_host_span: [STRACE] v=1 pid=342487 tid=342487 inv=5 hid=dd172d0ab2c42d37 depth=2 name=chip.run.bind.args ts=7230608397153572 dur=154010 
[mono_ns=7230608397343622][T0xfaa95c78b020][TIMING] emit_host_span: [STRACE] v=1 pid=342487 tid=342487 inv=5 hid=dd172d0ab2c42d37 depth=2 name=chip.run.bind.prebuilt ts=7230608397335062 dur=5940 
[mono_ns=7230608397349172][T0xfaa95c78b020][TIMING] emit_host_span: [STRACE] v=1 pid=342487 tid=342487 inv=5 hid=dd172d0ab2c42d37 depth=1 name=chip.run.bind ts=7230608397137332 dur=209410 
[mono_ns=7230608505809114][T0xfaa95c78b020][TIMING] emit_host_span: [STRACE] v=1 pid=342487 tid=342487 inv=5 hid=dd172d0ab2c42d37 depth=1 name=chip.run.runner_run ts=7230608397729241 dur=108067543 
[mono_ns=7230608505921514][T0xfaa95c78b020][TIMING] emit_host_span: [STRACE] v=1 pid=342487 tid=342487 inv=5 hid=dd172d0ab2c42d37 depth=1 name=chip.run.validate ts=7230608505824764 dur=91510 
[mono_ns=7230608505927714][T0xfaa95c78b020][TIMING] emit_host_span: [STRACE] v=1 pid=342487 tid=342487 inv=5 hid=dd172d0ab2c42d37 depth=2 name=chip.run.runner_run.device_wall ts=0 dur=6715620 clk=dev
[mono_ns=7230608505932554][T0xfaa95c78b020][TIMING] emit_host_span: [STRACE] v=1 pid=342487 tid=342487 inv=5 hid=dd172d0ab2c42d37 depth=3 name=chip.run.runner_run.device_wall.preamble ts=0 dur=7119 clk=dev
[mono_ns=7230608505937094][T0xfaa95c78b020][TIMING] emit_host_span: [STRACE] v=1 pid=342487 tid=342487 inv=5 hid=dd172d0ab2c42d37 depth=3 name=chip.run.runner_run.device_wall.graph_build ts=1799 dur=6704360 clk=dev
[mono_ns=7230608505984164][T0xfaa95c78b020][TIMING] emit_host_span: [STRACE] v=1 pid=342487 tid=342487 inv=5 hid=dd172d0ab2c42d37 depth=3 name=chip.run.runner_run.device_wall.config_validate ts=1920 dur=919 clk=dev
[mono_ns=7230608505988174][T0xfaa95c78b020][TIMING] emit_host_span: [STRACE] v=1 pid=342487 tid=342487 inv=5 hid=dd172d0ab2c42d37 depth=3 name=chip.run.runner_run.device_wall.arena_wire ts=2860 dur=1359 clk=dev
[mono_ns=7230608505992244][T0xfaa95c78b020][TIMING] emit_host_span: [STRACE] v=1 pid=342487 tid=342487 inv=5 hid=dd172d0ab2c42d37 depth=3 name=chip.run.runner_run.device_wall.sm_reset ts=4400 dur=1300 clk=dev
[mono_ns=7230608505995584][T0xfaa95c78b020][TIMING] emit_host_span: [STRACE] v=1 pid=342487 tid=342487 inv=5 hid=dd172d0ab2c42d37 depth=3 name=chip.run.runner_run.device_wall.post_orch ts=6706219 dur=9160 clk=dev
[mono_ns=7230608505999124][T0xfaa95c78b020][TIMING] emit_host_span: [STRACE] v=1 pid=342487 tid=342487 inv=5 hid=dd172d0ab2c42d37 depth=3 name=chip.run.runner_run.device_wall.orch ts=6540 dur=8740 clk=dev
[mono_ns=7230608506017034][T0xfaa95c78b020][TIMING] emit_host_span: [STRACE] v=1 pid=342487 tid=342487 inv=5 hid=dd172d0ab2c42d37 depth=3 name=chip.run.runner_run.device_wall.sched ts=7220 dur=6691280 clk=dev
[mono_ns=7230608506024094][T0xfaa95c78b020][TIMING] emit_host_span: [STRACE] v=1 pid=342487 tid=342487 inv=5 hid=dd172d0ab2c42d37 depth=1 name=chip.run.claim_release ts=7230608506021514 dur=750 
[mono_ns=7230608506029894][T0xfaa95c78b020][TIMING] emit_host_span: [STRACE] v=1 pid=342487 tid=342487 inv=5 hid=dd172d0ab2c42d37 depth=0 name=chip.run ts=7230608397018872 dur=109009002 run_id=5 dispatch_id=5 slot_id=0 generation=5 run_epoch=5
[mono_ns=7230608517571252][T0xfaa95c78b020][TIMING] emit_host_span: [STRACE] v=1 pid=342487 tid=342487 inv=6 hid=dd172d0ab2c42d37 depth=2 name=chip.run.bind.args ts=7230608517457442 dur=107890 
[mono_ns=7230608517589042][T0xfaa95c78b020][TIMING] emit_host_span: [STRACE] v=1 pid=342487 tid=342487 inv=6 hid=dd172d0ab2c42d37 depth=2 name=chip.run.bind.prebuilt ts=7230608517583462 dur=3190 
[mono_ns=7230608517593892][T0xfaa95c78b020][TIMING] emit_host_span: [STRACE] v=1 pid=342487 tid=342487 inv=6 hid=dd172d0ab2c42d37 depth=1 name=chip.run.bind ts=7230608517448152 dur=143610 
[mono_ns=7230608520274467][T0xfaa805f3bca0][WARN] copy_aicore_buffer: [chip_swimlane_collector.cpp:689] Core 2: skipped 1024 AICore record slot(s) with start_time=0 (race-window write or recycled-buffer tail). buf seq=0 count=1024
[mono_ns=7230608520282677][T0xfaa81509bca0][WARN] copy_aicore_buffer: [chip_swimlane_collector.cpp:689] Core 0: skipped 1024 AICore record slot(s) with start_time=0 (race-window write or recycled-buffer tail). buf seq=0 count=1024
[mono_ns=7230608520307816][T0xfaa81488bca0][WARN] copy_aicore_buffer: [chip_swimlane_collector.cpp:689] Core 1: skipped 1024 AICore record slot(s) with start_time=0 (race-window write or recycled-buffer tail). buf seq=0 count=1024
[mono_ns=7230608520596886][T0xfaa805f3bca0][WARN] copy_aicore_buffer: [chip_swimlane_collector.cpp:689] Core 28: skipped 1024 AICore record slot(s) with start_time=0 (race-window write or recycled-buffer tail). buf seq=0 count=1024
[mono_ns=7230608520601676][T0xfaa81509bca0][WARN] copy_aicore_buffer: [chip_swimlane_collector.cpp:689] Core 24: skipped 1023 AICore record slot(s) with start_time=0 (race-window write or recycled-buffer tail). buf seq=0 count=1024
[mono_ns=7230608520653946][T0xfaa81488bca0][WARN] copy_aicore_buffer: [chip_swimlane_collector.cpp:689] Core 26: skipped 1022 AICore record slot(s) with start_time=0 (race-window write or recycled-buffer tail). buf seq=0 count=1024
[mono_ns=7230608520908875][T0xfaa805f3bca0][WARN] copy_aicore_buffer: [chip_swimlane_collector.cpp:689] Core 29: skipped 1024 AICore record slot(s) with start_time=0 (race-window write or recycled-buffer tail). buf seq=0 count=1024
[mono_ns=7230608520955695][T0xfaa81509bca0][WARN] copy_aicore_buffer: [chip_swimlane_collector.cpp:689] Core 25: skipped 1024 AICore record slot(s) with start_time=0 (race-window write or recycled-buffer tail). buf seq=0 count=1024
[mono_ns=7230608520983095][T0xfaa81488bca0][WARN] copy_aicore_buffer: [chip_swimlane_collector.cpp:689] Core 27: skipped 1024 AICore record slot(s) with start_time=0 (race-window write or recycled-buffer tail). buf seq=0 count=1024
[mono_ns=7230608521235405][T0xfaa805f3bca0][WARN] copy_aicore_buffer: [chip_swimlane_collector.cpp:689] Core 5: skipped 1024 AICore record slot(s) with start_time=0 (race-window write or recycled-buffer tail). buf seq=0 count=1024
[mono_ns=7230608521286245][T0xfaa81509bca0][WARN] copy_aicore_buffer: [chip_swimlane_collector.cpp:689] Core 3: skipped 1024 AICore record slot(s) with start_time=0 (race-window write or recycled-buffer tail). buf seq=0 count=1024
[mono_ns=7230608521334755][T0xfaa81488bca0][WARN] copy_aicore_buffer: [chip_swimlane_collector.cpp:689] Core 4: skipped 1024 AICore record slot(s) with start_time=0 (race-window write or recycled-buffer tail). buf seq=0 count=1024
[mono_ns=7230608521548314][T0xfaa805f3bca0][WARN] copy_aicore_buffer: [chip_swimlane_collector.cpp:689] Core 34: skipped 1024 AICore record slot(s) with start_time=0 (race-window write or recycled-buffer tail). buf seq=0 count=1024
[mono_ns=7230608521597944][T0xfaa81509bca0][WARN] copy_aicore_buffer: [chip_swimlane_collector.cpp:689] Core 30: skipped 1024 AICore record slot(s) with start_time=0 (race-window write or recycled-buffer tail). buf seq=0 count=1024
[mono_ns=7230608521664234][T0xfaa81488bca0][WARN] copy_aicore_buffer: [chip_swimlane_collector.cpp:689] Core 32: skipped 1024 AICore record slot(s) with start_time=0 (race-window write or recycled-buffer tail). buf seq=0 count=1024
[mono_ns=7230608521873533][T0xfaa805f3bca0][WARN] copy_aicore_buffer: [chip_swimlane_collector.cpp:689] Core 35: skipped 1024 AICore record slot(s) with start_time=0 (race-window write or recycled-buffer tail). buf seq=0 count=1024
[mono_ns=7230608521911353][T0xfaa81509bca0][WARN] copy_aicore_buffer: [chip_swimlane_collector.cpp:689] Core 31: skipped 1024 AICore record slot(s) with start_time=0 (race-window write or recycled-buffer tail). buf seq=0 count=1024
[mono_ns=7230608521994593][T0xfaa81488bca0][WARN] copy_aicore_buffer: [chip_swimlane_collector.cpp:689] Core 33: skipped 1024 AICore record slot(s) with start_time=0 (race-window write or recycled-buffer tail). buf seq=0 count=1024
[mono_ns=7230608522191643][T0xfaa805f3bca0][WARN] copy_aicore_buffer: [chip_swimlane_collector.cpp:689] Core 8: skipped 1024 AICore record slot(s) with start_time=0 (race-window write or recycled-buffer tail). buf seq=0 count=1024
[mono_ns=7230608522228573][T0xfaa81509bca0][WARN] copy_aicore_buffer: [chip_swimlane_collector.cpp:689] Core 6: skipped 1024 AICore record slot(s) with start_time=0 (race-window write or recycled-buffer tail). buf seq=0 count=1024
[mono_ns=7230608522329093][T0xfaa81488bca0][WARN] copy_aicore_buffer: [chip_swimlane_collector.cpp:689] Core 7: skipped 1024 AICore record slot(s) with start_time=0 (race-window write or recycled-buffer tail). buf seq=0 count=1024
[mono_ns=7230608522502502][T0xfaa805f3bca0][WARN] copy_aicore_buffer: [chip_swimlane_collector.cpp:689] Core 40: skipped 1024 AICore record slot(s) with start_time=0 (race-window write or recycled-buffer tail). buf seq=0 count=1024
[mono_ns=7230608522569682][T0xfaa81509bca0][WARN] copy_aicore_buffer: [chip_swimlane_collector.cpp:689] Core 36: skipped 1024 AICore record slot(s) with start_time=0 (race-window write or recycled-buffer tail). buf seq=0 count=1024
[mono_ns=7230608522657572][T0xfaa81488bca0][WARN] copy_aicore_buffer: [chip_swimlane_collector.cpp:689] Core 38: skipped 1024 AICore record slot(s) with start_time=0 (race-window write or recycled-buffer tail). buf seq=0 count=1024
[mono_ns=7230608522813642][T0xfaa805f3bca0][WARN] copy_aicore_buffer: [chip_swimlane_collector.cpp:689] Core 41: skipped 1024 AICore record slot(s) with start_time=0 (race-window write or recycled-buffer tail). buf seq=0 count=1024
[mono_ns=7230608522880522][T0xfaa81509bca0][WARN] copy_aicore_buffer: [chip_swimlane_collector.cpp:689] Core 37: skipped 1024 AICore record slot(s) with start_time=0 (race-window write or recycled-buffer tail). buf seq=0 count=1024
[mono_ns=7230608522987281][T0xfaa81488bca0][WARN] copy_aicore_buffer: [chip_swimlane_collector.cpp:689] Core 39: skipped 1024 AICore record slot(s) with start_time=0 (race-window write or recycled-buffer tail). buf seq=0 count=1024
[mono_ns=7230608523144601][T0xfaa805f3bca0][WARN] copy_aicore_buffer: [chip_swimlane_collector.cpp:689] Core 11: skipped 1024 AICore record slot(s) with start_time=0 (race-window write or recycled-buffer tail). buf seq=0 count=1024
[mono_ns=7230608523207981][T0xfaa81509bca0][WARN] copy_aicore_buffer: [chip_swimlane_collector.cpp:689] Core 9: skipped 1024 AICore record slot(s) with start_time=0 (race-window write or recycled-buffer tail). buf seq=0 count=1024
[mono_ns=7230608523330531][T0xfaa81488bca0][WARN] copy_aicore_buffer: [chip_swimlane_collector.cpp:689] Core 10: skipped 1024 AICore record slot(s) with start_time=0 (race-window write or recycled-buffer tail). buf seq=0 count=1024
[mono_ns=7230608523489680][T0xfaa805f3bca0][WARN] copy_aicore_buffer: [chip_swimlane_collector.cpp:689] Core 46: skipped 1024 AICore record slot(s) with start_time=0 (race-window write or recycled-buffer tail). buf seq=0 count=1024
[mono_ns=7230608523519390][T0xfaa81509bca0][WARN] copy_aicore_buffer: [chip_swimlane_collector.cpp:689] Core 42: skipped 1024 AICore record slot(s) with start_time=0 (race-window write or recycled-buffer tail). buf seq=0 count=1024
[mono_ns=7230608523659910][T0xfaa81488bca0][WARN] copy_aicore_buffer: [chip_swimlane_collector.cpp:689] Core 44: skipped 1024 AICore record slot(s) with start_time=0 (race-window write or recycled-buffer tail). buf seq=0 count=1024
[mono_ns=7230608523801380][T0xfaa805f3bca0][WARN] copy_aicore_buffer: [chip_swimlane_collector.cpp:689] Core 47: skipped 1024 AICore record slot(s) with start_time=0 (race-window write or recycled-buffer tail). buf seq=0 count=1024
[mono_ns=7230608523830790][T0xfaa81509bca0][WARN] copy_aicore_buffer: [chip_swimlane_collector.cpp:689] Core 43: skipped 1024 AICore record slot(s) with start_time=0 (race-window write or recycled-buffer tail). buf seq=0 count=1024
[mono_ns=7230608523987389][T0xfaa81488bca0][WARN] copy_aicore_buffer: [chip_swimlane_collector.cpp:689] Core 45: skipped 1024 AICore record slot(s) with start_time=0 (race-window write or recycled-buffer tail). buf seq=0 count=1024
[mono_ns=7230608524125789][T0xfaa805f3bca0][WARN] copy_aicore_buffer: [chip_swimlane_collector.cpp:689] Core 14: skipped 1024 AICore record slot(s) with start_time=0 (race-window write or recycled-buffer tail). buf seq=0 count=1024
[mono_ns=7230608524156659][T0xfaa81509bca0][WARN] copy_aicore_buffer: [chip_swimlane_collector.cpp:689] Core 12: skipped 1024 AICore record slot(s) with start_time=0 (race-window write or recycled-buffer tail). buf seq=0 count=1024
[mono_ns=7230608524334999][T0xfaa81488bca0][WARN] copy_aicore_buffer: [chip_swimlane_collector.cpp:689] Core 13: skipped 1024 AICore record slot(s) with start_time=0 (race-window write or recycled-buffer tail). buf seq=0 count=1024
[mono_ns=7230608524437309][T0xfaa805f3bca0][WARN] copy_aicore_buffer: [chip_swimlane_collector.cpp:689] Core 52: skipped 1024 AICore record slot(s) with start_time=0 (race-window write or recycled-buffer tail). buf seq=0 count=1024
[mono_ns=7230608524467429][T0xfaa81509bca0][WARN] copy_aicore_buffer: [chip_swimlane_collector.cpp:689] Core 48: skipped 1024 AICore record slot(s) with start_time=0 (race-window write or recycled-buffer tail). buf seq=0 count=1024
[mono_ns=7230608524663668][T0xfaa81488bca0][WARN] copy_aicore_buffer: [chip_swimlane_collector.cpp:689] Core 50: skipped 1024 AICore record slot(s) with start_time=0 (race-window write or recycled-buffer tail). buf seq=0 count=1024
[mono_ns=7230608524748378][T0xfaa805f3bca0][WARN] copy_aicore_buffer: [chip_swimlane_collector.cpp:689] Core 53: skipped 1024 AICore record slot(s) with start_time=0 (race-window write or recycled-buffer tail). buf seq=0 count=1024
[mono_ns=7230608524779478][T0xfaa81509bca0][WARN] copy_aicore_buffer: [chip_swimlane_collector.cpp:689] Core 49: skipped 1024 AICore record slot(s) with start_time=0 (race-window write or recycled-buffer tail). buf seq=0 count=1024
[mono_ns=7230608524990498][T0xfaa81488bca0][WARN] copy_aicore_buffer: [chip_swimlane_collector.cpp:689] Core 51: skipped 1024 AICore record slot(s) with start_time=0 (race-window write or recycled-buffer tail). buf seq=0 count=1024
[mono_ns=7230608525072457][T0xfaa805f3bca0][WARN] copy_aicore_buffer: [chip_swimlane_collector.cpp:689] Core 17: skipped 1024 AICore record slot(s) with start_time=0 (race-window write or recycled-buffer tail). buf seq=0 count=1024
[mono_ns=7230608525113517][T0xfaa81509bca0][WARN] copy_aicore_buffer: [chip_swimlane_collector.cpp:689] Core 15: skipped 1024 AICore record slot(s) with start_time=0 (race-window write or recycled-buffer tail). buf seq=0 count=1024
[mono_ns=7230608525384837][T0xfaa805f3bca0][WARN] copy_aicore_buffer: [chip_swimlane_collector.cpp:689] Core 58: skipped 1024 AICore record slot(s) with start_time=0 (race-window write or recycled-buffer tail). buf seq=0 count=1024
[mono_ns=7230608525396607][T0xfaa81488bca0][WARN] copy_aicore_buffer: [chip_swimlane_collector.cpp:689] Core 16: skipped 1024 AICore record slot(s) with start_time=0 (race-window write or recycled-buffer tail). buf seq=0 count=1024
[mono_ns=7230608525425217][T0xfaa81509bca0][WARN] copy_aicore_buffer: [chip_swimlane_collector.cpp:689] Core 54: skipped 1024 AICore record slot(s) with start_time=0 (race-window write or recycled-buffer tail). buf seq=0 count=1024
[mono_ns=7230608525720456][T0xfaa81488bca0][WARN] copy_aicore_buffer: [chip_swimlane_collector.cpp:689] Core 56: skipped 1024 AICore record slot(s) with start_time=0 (race-window write or recycled-buffer tail). buf seq=0 count=1024
[mono_ns=7230608525721086][T0xfaa805f3bca0][WARN] copy_aicore_buffer: [chip_swimlane_collector.cpp:689] Core 59: skipped 1024 AICore record slot(s) with start_time=0 (race-window write or recycled-buffer tail). buf seq=0 count=1024
[mono_ns=7230608525737416][T0xfaa81509bca0][WARN] copy_aicore_buffer: [chip_swimlane_collector.cpp:689] Core 55: skipped 1024 AICore record slot(s) with start_time=0 (race-window write or recycled-buffer tail). buf seq=0 count=1024
[mono_ns=7230608526071065][T0xfaa805f3bca0][WARN] copy_aicore_buffer: [chip_swimlane_collector.cpp:689] Core 20: skipped 1024 AICore record slot(s) with start_time=0 (race-window write or recycled-buffer tail). buf seq=0 count=1024
[mono_ns=7230608526070495][T0xfaa81488bca0][WARN] copy_aicore_buffer: [chip_swimlane_collector.cpp:689] Core 57: skipped 1024 AICore record slot(s) with start_time=0 (race-window write or recycled-buffer tail). buf seq=0 count=1024
[mono_ns=7230608526076215][T0xfaa81509bca0][WARN] copy_aicore_buffer: [chip_swimlane_collector.cpp:689] Core 18: skipped 1024 AICore record slot(s) with start_time=0 (race-window write or recycled-buffer tail). buf seq=0 count=1024
[mono_ns=7230608526382355][T0xfaa805f3bca0][WARN] copy_aicore_buffer: [chip_swimlane_collector.cpp:689] Core 64: skipped 1024 AICore record slot(s) with start_time=0 (race-window write or recycled-buffer tail). buf seq=0 count=1024
[mono_ns=7230608526390165][T0xfaa81509bca0][WARN] copy_aicore_buffer: [chip_swimlane_collector.cpp:689] Core 60: skipped 1024 AICore record slot(s) with start_time=0 (race-window write or recycled-buffer tail). buf seq=0 count=1024
[mono_ns=7230608526397165][T0xfaa81488bca0][WARN] copy_aicore_buffer: [chip_swimlane_collector.cpp:689] Core 19: skipped 1024 AICore record slot(s) with start_time=0 (race-window write or recycled-buffer tail). buf seq=0 count=1024
[mono_ns=7230608526693644][T0xfaa805f3bca0][WARN] copy_aicore_buffer: [chip_swimlane_collector.cpp:689] Core 65: skipped 1024 AICore record slot(s) with start_time=0 (race-window write or recycled-buffer tail). buf seq=0 count=1024
[mono_ns=7230608526701254][T0xfaa81509bca0][WARN] copy_aicore_buffer: [chip_swimlane_collector.cpp:689] Core 61: skipped 1024 AICore record slot(s) with start_time=0 (race-window write or recycled-buffer tail). buf seq=0 count=1024
[mono_ns=7230608526760884][T0xfaa81488bca0][WARN] copy_aicore_buffer: [chip_swimlane_collector.cpp:689] Core 62: skipped 1024 AICore record slot(s) with start_time=0 (race-window write or recycled-buffer tail). buf seq=0 count=1024
[mono_ns=7230608527010774][T0xfaa805f3bca0][WARN] copy_aicore_buffer: [chip_swimlane_collector.cpp:689] Core 23: skipped 1024 AICore record slot(s) with start_time=0 (race-window write or recycled-buffer tail). buf seq=0 count=1024
[mono_ns=7230608527022204][T0xfaa81509bca0][WARN] copy_aicore_buffer: [chip_swimlane_collector.cpp:689] Core 21: skipped 1024 AICore record slot(s) with start_time=0 (race-window write or recycled-buffer tail). buf seq=0 count=1024
[mono_ns=7230608527102333][T0xfaa81488bca0][WARN] copy_aicore_buffer: [chip_swimlane_collector.cpp:689] Core 63: skipped 1024 AICore record slot(s) with start_time=0 (race-window write or recycled-buffer tail). buf seq=0 count=1024
[mono_ns=7230608527324603][T0xfaa805f3bca0][WARN] copy_aicore_buffer: [chip_swimlane_collector.cpp:689] Core 70: skipped 1024 AICore record slot(s) with start_time=0 (race-window write or recycled-buffer tail). buf seq=0 count=1024
[mono_ns=7230608527332323][T0xfaa81509bca0][WARN] copy_aicore_buffer: [chip_swimlane_collector.cpp:689] Core 66: skipped 1024 AICore record slot(s) with start_time=0 (race-window write or recycled-buffer tail). buf seq=0 count=1024
[mono_ns=7230608527431293][T0xfaa81488bca0][WARN] copy_aicore_buffer: [chip_swimlane_collector.cpp:689] Core 22: skipped 1024 AICore record slot(s) with start_time=0 (race-window write or recycled-buffer tail). buf seq=0 count=1024
[mono_ns=7230608527660912][T0xfaa805f3bca0][WARN] copy_aicore_buffer: [chip_swimlane_collector.cpp:689] Core 71: skipped 1024 AICore record slot(s) with start_time=0 (race-window write or recycled-buffer tail). buf seq=0 count=1024
[mono_ns=7230608527669192][T0xfaa81509bca0][WARN] copy_aicore_buffer: [chip_swimlane_collector.cpp:689] Core 67: skipped 1024 AICore record slot(s) with start_time=0 (race-window write or recycled-buffer tail). buf seq=0 count=1024
[mono_ns=7230608527760292][T0xfaa81488bca0][WARN] copy_aicore_buffer: [chip_swimlane_collector.cpp:689] Core 68: skipped 1024 AICore record slot(s) with start_time=0 (race-window write or recycled-buffer tail). buf seq=0 count=1024
[mono_ns=7230608528128622][T0xfaa81488bca0][WARN] copy_aicore_buffer: [chip_swimlane_collector.cpp:689] Core 69: skipped 1024 AICore record slot(s) with start_time=0 (race-window write or recycled-buffer tail). buf seq=0 count=1024
[mono_ns=7230608628796780][T0xfaa95c78b020][TIMING] emit_host_span: [STRACE] v=1 pid=342487 tid=342487 inv=6 hid=dd172d0ab2c42d37 depth=1 name=chip.run.runner_run ts=7230608518371040 dur=110418740 
[mono_ns=7230608628882400][T0xfaa95c78b020][TIMING] emit_host_span: [STRACE] v=1 pid=342487 tid=342487 inv=6 hid=dd172d0ab2c42d37 depth=1 name=chip.run.validate ts=7230608628810250 dur=68370 
[mono_ns=7230608628887720][T0xfaa95c78b020][TIMING] emit_host_span: [STRACE] v=1 pid=342487 tid=342487 inv=6 hid=dd172d0ab2c42d37 depth=2 name=chip.run.runner_run.device_wall ts=0 dur=1330400 clk=dev
[mono_ns=7230608628927380][T0xfaa95c78b020][TIMING] emit_host_span: [STRACE] v=1 pid=342487 tid=342487 inv=6 hid=dd172d0ab2c42d37 depth=3 name=chip.run.runner_run.device_wall.preamble ts=0 dur=107300 clk=dev
[mono_ns=7230608628931440][T0xfaa95c78b020][TIMING] emit_host_span: [STRACE] v=1 pid=342487 tid=342487 inv=6 hid=dd172d0ab2c42d37 depth=3 name=chip.run.runner_run.device_wall.graph_build ts=103080 dur=1218260 clk=dev
[mono_ns=7230608628935560][T0xfaa95c78b020][TIMING] emit_host_span: [STRACE] v=1 pid=342487 tid=342487 inv=6 hid=dd172d0ab2c42d37 depth=3 name=chip.run.runner_run.device_wall.config_validate ts=103179 dur=700 clk=dev
[mono_ns=7230608628938600][T0xfaa95c78b020][TIMING] emit_host_span: [STRACE] v=1 pid=342487 tid=342487 inv=6 hid=dd172d0ab2c42d37 depth=3 name=chip.run.runner_run.device_wall.arena_wire ts=103900 dur=420 clk=dev
[mono_ns=7230608628942380][T0xfaa95c78b020][TIMING] emit_host_span: [STRACE] v=1 pid=342487 tid=342487 inv=6 hid=dd172d0ab2c42d37 depth=3 name=chip.run.runner_run.device_wall.sm_reset ts=104360 dur=540 clk=dev
[mono_ns=7230608628946210][T0xfaa95c78b020][TIMING] emit_host_span: [STRACE] v=1 pid=342487 tid=342487 inv=6 hid=dd172d0ab2c42d37 depth=3 name=chip.run.runner_run.device_wall.post_orch ts=1321380 dur=8940 clk=dev
[mono_ns=7230608628950510][T0xfaa95c78b020][TIMING] emit_host_span: [STRACE] v=1 pid=342487 tid=342487 inv=6 hid=dd172d0ab2c42d37 depth=3 name=chip.run.runner_run.device_wall.orch ts=104960 dur=3840 clk=dev
[mono_ns=7230608628954300][T0xfaa95c78b020][TIMING] emit_host_span: [STRACE] v=1 pid=342487 tid=342487 inv=6 hid=dd172d0ab2c42d37 depth=3 name=chip.run.runner_run.device_wall.sched ts=107440 dur=1189980 clk=dev
[mono_ns=7230608628983420][T0xfaa95c78b020][TIMING] emit_host_span: [STRACE] v=1 pid=342487 tid=342487 inv=6 hid=dd172d0ab2c42d37 depth=1 name=chip.run.claim_release ts=7230608628980770 dur=410 
[mono_ns=7230608628988080][T0xfaa95c78b020][TIMING] emit_host_span: [STRACE] v=1 pid=342487 tid=342487 inv=6 hid=dd172d0ab2c42d37 depth=0 name=chip.run ts=7230608517415982 dur=111570098 run_id=6 dispatch_id=6 slot_id=0 generation=6 run_epoch=6
[mono_ns=7230613414796378][T0xfaa95c78b020][TIMING] emit_host_span: [STRACE] v=1 pid=342487 tid=342487 inv=7 hid=dd172d0ab2c42d37 depth=2 name=chip.run.bind.args ts=7230613414619698 dur=167490 
[mono_ns=7230613414824338][T0xfaa95c78b020][TIMING] emit_host_span: [STRACE] v=1 pid=342487 tid=342487 inv=7 hid=dd172d0ab2c42d37 depth=2 name=chip.run.bind.prebuilt ts=7230613414816118 dur=5820 
[mono_ns=7230613414830578][T0xfaa95c78b020][TIMING] emit_host_span: [STRACE] v=1 pid=342487 tid=342487 inv=7 hid=dd172d0ab2c42d37 depth=1 name=chip.run.bind ts=7230613414603788 dur=223520 
[mono_ns=7230613523320417][T0xfaa95c78b020][TIMING] emit_host_span: [STRACE] v=1 pid=342487 tid=342487 inv=7 hid=dd172d0ab2c42d37 depth=1 name=chip.run.runner_run ts=7230613415190387 dur=108117700 
[mono_ns=7230613523430506][T0xfaa95c78b020][TIMING] emit_host_span: [STRACE] v=1 pid=342487 tid=342487 inv=7 hid=dd172d0ab2c42d37 depth=1 name=chip.run.validate ts=7230613523338327 dur=87909 
[mono_ns=7230613523491176][T0xfaa95c78b020][TIMING] emit_host_span: [STRACE] v=1 pid=342487 tid=342487 inv=7 hid=dd172d0ab2c42d37 depth=2 name=chip.run.runner_run.device_wall ts=0 dur=1466880 clk=dev
[mono_ns=7230613523495786][T0xfaa95c78b020][TIMING] emit_host_span: [STRACE] v=1 pid=342487 tid=342487 inv=7 hid=dd172d0ab2c42d37 depth=3 name=chip.run.runner_run.device_wall.preamble ts=0 dur=6380 clk=dev
[mono_ns=7230613523500286][T0xfaa95c78b020][TIMING] emit_host_span: [STRACE] v=1 pid=342487 tid=342487 inv=7 hid=dd172d0ab2c42d37 depth=3 name=chip.run.runner_run.device_wall.graph_build ts=1859 dur=1455520 clk=dev
[mono_ns=7230613523503496][T0xfaa95c78b020][TIMING] emit_host_span: [STRACE] v=1 pid=342487 tid=342487 inv=7 hid=dd172d0ab2c42d37 depth=3 name=chip.run.runner_run.device_wall.config_validate ts=1980 dur=840 clk=dev
[mono_ns=7230613523508916][T0xfaa95c78b020][TIMING] emit_host_span: [STRACE] v=1 pid=342487 tid=342487 inv=7 hid=dd172d0ab2c42d37 depth=3 name=chip.run.runner_run.device_wall.arena_wire ts=2860 dur=880 clk=dev
[mono_ns=7230613523512896][T0xfaa95c78b020][TIMING] emit_host_span: [STRACE] v=1 pid=342487 tid=342487 inv=7 hid=dd172d0ab2c42d37 depth=3 name=chip.run.runner_run.device_wall.sm_reset ts=3780 dur=1400 clk=dev
[mono_ns=7230613523516726][T0xfaa95c78b020][TIMING] emit_host_span: [STRACE] v=1 pid=342487 tid=342487 inv=7 hid=dd172d0ab2c42d37 depth=3 name=chip.run.runner_run.device_wall.post_orch ts=1457699 dur=9100 clk=dev
[mono_ns=7230613523520506][T0xfaa95c78b020][TIMING] emit_host_span: [STRACE] v=1 pid=342487 tid=342487 inv=7 hid=dd172d0ab2c42d37 depth=3 name=chip.run.runner_run.device_wall.orch ts=6000 dur=7819 clk=dev
[mono_ns=7230613523540726][T0xfaa95c78b020][TIMING] emit_host_span: [STRACE] v=1 pid=342487 tid=342487 inv=7 hid=dd172d0ab2c42d37 depth=3 name=chip.run.runner_run.device_wall.sched ts=6460 dur=1443800 clk=dev
[mono_ns=7230613523546476][T0xfaa95c78b020][TIMING] emit_host_span: [STRACE] v=1 pid=342487 tid=342487 inv=7 hid=dd172d0ab2c42d37 depth=1 name=chip.run.claim_release ts=7230613523544056 dur=580 
[mono_ns=7230613523552536][T0xfaa95c78b020][TIMING] emit_host_span: [STRACE] v=1 pid=342487 tid=342487 inv=7 hid=dd172d0ab2c42d37 depth=0 name=chip.run ts=7230613414490718 dur=109059818 run_id=7 dispatch_id=7 slot_id=0 generation=7 run_epoch=7
[mono_ns=7230613529974964][T0xfaa95c78b020][TIMING] emit_host_span: [STRACE] v=1 pid=342487 tid=342487 inv=8 hid=dd172d0ab2c42d37 depth=2 name=chip.run.bind.args ts=7230613529864074 dur=105100 
[mono_ns=7230613529993434][T0xfaa95c78b020][TIMING] emit_host_span: [STRACE] v=1 pid=342487 tid=342487 inv=8 hid=dd172d0ab2c42d37 depth=2 name=chip.run.bind.prebuilt ts=7230613529987664 dur=3230 
[mono_ns=7230613529998614][T0xfaa95c78b020][TIMING] emit_host_span: [STRACE] v=1 pid=342487 tid=342487 inv=8 hid=dd172d0ab2c42d37 depth=1 name=chip.run.bind ts=7230613529854704 dur=141460 
[mono_ns=7230613532523190][T0xfaa805f3bca0][WARN] copy_aicore_buffer: [chip_swimlane_collector.cpp:689] Core 2: skipped 1024 AICore record slot(s) with start_time=0 (race-window write or recycled-buffer tail). buf seq=0 count=1024
[mono_ns=7230613532553210][T0xfaa81488bca0][WARN] copy_aicore_buffer: [chip_swimlane_collector.cpp:689] Core 1: skipped 1024 AICore record slot(s) with start_time=0 (race-window write or recycled-buffer tail). buf seq=0 count=1024
[mono_ns=7230613532644019][T0xfaa81509bca0][WARN] copy_aicore_buffer: [chip_swimlane_collector.cpp:689] Core 0: skipped 1024 AICore record slot(s) with start_time=0 (race-window write or recycled-buffer tail). buf seq=0 count=1024
[mono_ns=7230613532855459][T0xfaa805f3bca0][WARN] copy_aicore_buffer: [chip_swimlane_collector.cpp:689] Core 28: skipped 1023 AICore record slot(s) with start_time=0 (race-window write or recycled-buffer tail). buf seq=0 count=1024
[mono_ns=7230613532893899][T0xfaa81488bca0][WARN] copy_aicore_buffer: [chip_swimlane_collector.cpp:689] Core 26: skipped 1022 AICore record slot(s) with start_time=0 (race-window write or recycled-buffer tail). buf seq=0 count=1024
[mono_ns=7230613532963609][T0xfaa81509bca0][WARN] copy_aicore_buffer: [chip_swimlane_collector.cpp:689] Core 24: skipped 1024 AICore record slot(s) with start_time=0 (race-window write or recycled-buffer tail). buf seq=0 count=1024
[mono_ns=7230613533190578][T0xfaa805f3bca0][WARN] copy_aicore_buffer: [chip_swimlane_collector.cpp:689] Core 29: skipped 1024 AICore record slot(s) with start_time=0 (race-window write or recycled-buffer tail). buf seq=0 count=1024
[mono_ns=7230613533238458][T0xfaa81488bca0][WARN] copy_aicore_buffer: [chip_swimlane_collector.cpp:689] Core 27: skipped 1024 AICore record slot(s) with start_time=0 (race-window write or recycled-buffer tail). buf seq=0 count=1024
[mono_ns=7230613533289218][T0xfaa81509bca0][WARN] copy_aicore_buffer: [chip_swimlane_collector.cpp:689] Core 25: skipped 1024 AICore record slot(s) with start_time=0 (race-window write or recycled-buffer tail). buf seq=0 count=1024
[mono_ns=7230613533502568][T0xfaa805f3bca0][WARN] copy_aicore_buffer: [chip_swimlane_collector.cpp:689] Core 5: skipped 1024 AICore record slot(s) with start_time=0 (race-window write or recycled-buffer tail). buf seq=0 count=1024
[mono_ns=7230613533566498][T0xfaa81488bca0][WARN] copy_aicore_buffer: [chip_swimlane_collector.cpp:689] Core 4: skipped 1024 AICore record slot(s) with start_time=0 (race-window write or recycled-buffer tail). buf seq=0 count=1024
[mono_ns=7230613533602858][T0xfaa81509bca0][WARN] copy_aicore_buffer: [chip_swimlane_collector.cpp:689] Core 3: skipped 1024 AICore record slot(s) with start_time=0 (race-window write or recycled-buffer tail). buf seq=0 count=1024
[mono_ns=7230613533825207][T0xfaa805f3bca0][WARN] copy_aicore_buffer: [chip_swimlane_collector.cpp:689] Core 34: skipped 1024 AICore record slot(s) with start_time=0 (race-window write or recycled-buffer tail). buf seq=0 count=1024
[mono_ns=7230613533895187][T0xfaa81488bca0][WARN] copy_aicore_buffer: [chip_swimlane_collector.cpp:689] Core 32: skipped 1024 AICore record slot(s) with start_time=0 (race-window write or recycled-buffer tail). buf seq=0 count=1024
[mono_ns=7230613533915637][T0xfaa81509bca0][WARN] copy_aicore_buffer: [chip_swimlane_collector.cpp:689] Core 30: skipped 1024 AICore record slot(s) with start_time=0 (race-window write or recycled-buffer tail). buf seq=0 count=1024
[mono_ns=7230613534148087][T0xfaa805f3bca0][WARN] copy_aicore_buffer: [chip_swimlane_collector.cpp:689] Core 35: skipped 1024 AICore record slot(s) with start_time=0 (race-window write or recycled-buffer tail). buf seq=0 count=1024
[mono_ns=7230613534234756][T0xfaa81488bca0][WARN] copy_aicore_buffer: [chip_swimlane_collector.cpp:689] Core 33: skipped 1024 AICore record slot(s) with start_time=0 (race-window write or recycled-buffer tail). buf seq=0 count=1024
[mono_ns=7230613534241306][T0xfaa81509bca0][WARN] copy_aicore_buffer: [chip_swimlane_collector.cpp:689] Core 31: skipped 1024 AICore record slot(s) with start_time=0 (race-window write or recycled-buffer tail). buf seq=0 count=1024
[mono_ns=7230613534459436][T0xfaa805f3bca0][WARN] copy_aicore_buffer: [chip_swimlane_collector.cpp:689] Core 8: skipped 1024 AICore record slot(s) with start_time=0 (race-window write or recycled-buffer tail). buf seq=0 count=1024
[mono_ns=7230613534563936][T0xfaa81509bca0][WARN] copy_aicore_buffer: [chip_swimlane_collector.cpp:689] Core 6: skipped 1024 AICore record slot(s) with start_time=0 (race-window write or recycled-buffer tail). buf seq=0 count=1024
[mono_ns=7230613534602806][T0xfaa81488bca0][WARN] copy_aicore_buffer: [chip_swimlane_collector.cpp:689] Core 7: skipped 1024 AICore record slot(s) with start_time=0 (race-window write or recycled-buffer tail). buf seq=0 count=1024
[mono_ns=7230613534771235][T0xfaa805f3bca0][WARN] copy_aicore_buffer: [chip_swimlane_collector.cpp:689] Core 40: skipped 1024 AICore record slot(s) with start_time=0 (race-window write or recycled-buffer tail). buf seq=0 count=1024
[mono_ns=7230613534876445][T0xfaa81509bca0][WARN] copy_aicore_buffer: [chip_swimlane_collector.cpp:689] Core 36: skipped 1024 AICore record slot(s) with start_time=0 (race-window write or recycled-buffer tail). buf seq=0 count=1024
[mono_ns=7230613534931425][T0xfaa81488bca0][WARN] copy_aicore_buffer: [chip_swimlane_collector.cpp:689] Core 38: skipped 1024 AICore record slot(s) with start_time=0 (race-window write or recycled-buffer tail). buf seq=0 count=1024
[mono_ns=7230613535115115][T0xfaa805f3bca0][WARN] copy_aicore_buffer: [chip_swimlane_collector.cpp:689] Core 41: skipped 1024 AICore record slot(s) with start_time=0 (race-window write or recycled-buffer tail). buf seq=0 count=1024
[mono_ns=7230613535203715][T0xfaa81509bca0][WARN] copy_aicore_buffer: [chip_swimlane_collector.cpp:689] Core 37: skipped 1024 AICore record slot(s) with start_time=0 (race-window write or recycled-buffer tail). buf seq=0 count=1024
[mono_ns=7230613535270795][T0xfaa81488bca0][WARN] copy_aicore_buffer: [chip_swimlane_collector.cpp:689] Core 39: skipped 1024 AICore record slot(s) with start_time=0 (race-window write or recycled-buffer tail). buf seq=0 count=1024
[mono_ns=7230613535463004][T0xfaa805f3bca0][WARN] copy_aicore_buffer: [chip_swimlane_collector.cpp:689] Core 11: skipped 1024 AICore record slot(s) with start_time=0 (race-window write or recycled-buffer tail). buf seq=0 count=1024
[mono_ns=7230613535517024][T0xfaa81509bca0][WARN] copy_aicore_buffer: [chip_swimlane_collector.cpp:689] Core 9: skipped 1024 AICore record slot(s) with start_time=0 (race-window write or recycled-buffer tail). buf seq=0 count=1024
[mono_ns=7230613535600014][T0xfaa81488bca0][WARN] copy_aicore_buffer: [chip_swimlane_collector.cpp:689] Core 10: skipped 1024 AICore record slot(s) with start_time=0 (race-window write or recycled-buffer tail). buf seq=0 count=1024
[mono_ns=7230613535774734][T0xfaa805f3bca0][WARN] copy_aicore_buffer: [chip_swimlane_collector.cpp:689] Core 46: skipped 1024 AICore record slot(s) with start_time=0 (race-window write or recycled-buffer tail). buf seq=0 count=1024
[mono_ns=7230613535829134][T0xfaa81509bca0][WARN] copy_aicore_buffer: [chip_swimlane_collector.cpp:689] Core 42: skipped 1024 AICore record slot(s) with start_time=0 (race-window write or recycled-buffer tail). buf seq=0 count=1024
[mono_ns=7230613535927123][T0xfaa81488bca0][WARN] copy_aicore_buffer: [chip_swimlane_collector.cpp:689] Core 44: skipped 1024 AICore record slot(s) with start_time=0 (race-window write or recycled-buffer tail). buf seq=0 count=1024
[mono_ns=7230613536095413][T0xfaa805f3bca0][WARN] copy_aicore_buffer: [chip_swimlane_collector.cpp:689] Core 47: skipped 1024 AICore record slot(s) with start_time=0 (race-window write or recycled-buffer tail). buf seq=0 count=1024
[mono_ns=7230613536148893][T0xfaa81509bca0][WARN] copy_aicore_buffer: [chip_swimlane_collector.cpp:689] Core 43: skipped 1024 AICore record slot(s) with start_time=0 (race-window write or recycled-buffer tail). buf seq=0 count=1024
[mono_ns=7230613536276283][T0xfaa81488bca0][WARN] copy_aicore_buffer: [chip_swimlane_collector.cpp:689] Core 45: skipped 1024 AICore record slot(s) with start_time=0 (race-window write or recycled-buffer tail). buf seq=0 count=1024
[mono_ns=7230613536406692][T0xfaa805f3bca0][WARN] copy_aicore_buffer: [chip_swimlane_collector.cpp:689] Core 14: skipped 1024 AICore record slot(s) with start_time=0 (race-window write or recycled-buffer tail). buf seq=0 count=1024
[mono_ns=7230613536461062][T0xfaa81509bca0][WARN] copy_aicore_buffer: [chip_swimlane_collector.cpp:689] Core 12: skipped 1024 AICore record slot(s) with start_time=0 (race-window write or recycled-buffer tail). buf seq=0 count=1024
[mono_ns=7230613536604312][T0xfaa81488bca0][WARN] copy_aicore_buffer: [chip_swimlane_collector.cpp:689] Core 13: skipped 1024 AICore record slot(s) with start_time=0 (race-window write or recycled-buffer tail). buf seq=0 count=1024
[mono_ns=7230613536718372][T0xfaa805f3bca0][WARN] copy_aicore_buffer: [chip_swimlane_collector.cpp:689] Core 52: skipped 1024 AICore record slot(s) with start_time=0 (race-window write or recycled-buffer tail). buf seq=0 count=1024
[mono_ns=7230613536773942][T0xfaa81509bca0][WARN] copy_aicore_buffer: [chip_swimlane_collector.cpp:689] Core 48: skipped 1024 AICore record slot(s) with start_time=0 (race-window write or recycled-buffer tail). buf seq=0 count=1024
[mono_ns=7230613536933491][T0xfaa81488bca0][WARN] copy_aicore_buffer: [chip_swimlane_collector.cpp:689] Core 50: skipped 1024 AICore record slot(s) with start_time=0 (race-window write or recycled-buffer tail). buf seq=0 count=1024
[mono_ns=7230613537044671][T0xfaa805f3bca0][WARN] copy_aicore_buffer: [chip_swimlane_collector.cpp:689] Core 53: skipped 1024 AICore record slot(s) with start_time=0 (race-window write or recycled-buffer tail). buf seq=0 count=1024
[mono_ns=7230613537106381][T0xfaa81509bca0][WARN] copy_aicore_buffer: [chip_swimlane_collector.cpp:689] Core 49: skipped 1024 AICore record slot(s) with start_time=0 (race-window write or recycled-buffer tail). buf seq=0 count=1024
[mono_ns=7230613537282161][T0xfaa81488bca0][WARN] copy_aicore_buffer: [chip_swimlane_collector.cpp:689] Core 51: skipped 1024 AICore record slot(s) with start_time=0 (race-window write or recycled-buffer tail). buf seq=0 count=1024
[mono_ns=7230613537357161][T0xfaa805f3bca0][WARN] copy_aicore_buffer: [chip_swimlane_collector.cpp:689] Core 17: skipped 1024 AICore record slot(s) with start_time=0 (race-window write or recycled-buffer tail). buf seq=0 count=1024
[mono_ns=7230613537420971][T0xfaa81509bca0][WARN] copy_aicore_buffer: [chip_swimlane_collector.cpp:689] Core 15: skipped 1024 AICore record slot(s) with start_time=0 (race-window write or recycled-buffer tail). buf seq=0 count=1024
[mono_ns=7230613537610660][T0xfaa81488bca0][WARN] copy_aicore_buffer: [chip_swimlane_collector.cpp:689] Core 16: skipped 1024 AICore record slot(s) with start_time=0 (race-window write or recycled-buffer tail). buf seq=0 count=1024
[mono_ns=7230613537667730][T0xfaa805f3bca0][WARN] copy_aicore_buffer: [chip_swimlane_collector.cpp:689] Core 58: skipped 1024 AICore record slot(s) with start_time=0 (race-window write or recycled-buffer tail). buf seq=0 count=1024
[mono_ns=7230613537732310][T0xfaa81509bca0][WARN] copy_aicore_buffer: [chip_swimlane_collector.cpp:689] Core 54: skipped 1024 AICore record slot(s) with start_time=0 (race-window write or recycled-buffer tail). buf seq=0 count=1024
[mono_ns=7230613537971900][T0xfaa81488bca0][WARN] copy_aicore_buffer: [chip_swimlane_collector.cpp:689] Core 56: skipped 1024 AICore record slot(s) with start_time=0 (race-window write or recycled-buffer tail). buf seq=0 count=1024
[mono_ns=7230613537977770][T0xfaa805f3bca0][WARN] copy_aicore_buffer: [chip_swimlane_collector.cpp:689] Core 59: skipped 1024 AICore record slot(s) with start_time=0 (race-window write or recycled-buffer tail). buf seq=0 count=1024
[mono_ns=7230613538052229][T0xfaa81509bca0][WARN] copy_aicore_buffer: [chip_swimlane_collector.cpp:689] Core 55: skipped 1024 AICore record slot(s) with start_time=0 (race-window write or recycled-buffer tail). buf seq=0 count=1024
[mono_ns=7230613538301029][T0xfaa805f3bca0][WARN] copy_aicore_buffer: [chip_swimlane_collector.cpp:689] Core 20: skipped 1024 AICore record slot(s) with start_time=0 (race-window write or recycled-buffer tail). buf seq=0 count=1024
[mono_ns=7230613538309109][T0xfaa81488bca0][WARN] copy_aicore_buffer: [chip_swimlane_collector.cpp:689] Core 57: skipped 1024 AICore record slot(s) with start_time=0 (race-window write or recycled-buffer tail). buf seq=0 count=1024
[mono_ns=7230613538364889][T0xfaa81509bca0][WARN] copy_aicore_buffer: [chip_swimlane_collector.cpp:689] Core 18: skipped 1024 AICore record slot(s) with start_time=0 (race-window write or recycled-buffer tail). buf seq=0 count=1024
[mono_ns=7230613538611568][T0xfaa805f3bca0][WARN] copy_aicore_buffer: [chip_swimlane_collector.cpp:689] Core 64: skipped 1024 AICore record slot(s) with start_time=0 (race-window write or recycled-buffer tail). buf seq=0 count=1024
[mono_ns=7230613538631668][T0xfaa81488bca0][WARN] copy_aicore_buffer: [chip_swimlane_collector.cpp:689] Core 19: skipped 1024 AICore record slot(s) with start_time=0 (race-window write or recycled-buffer tail). buf seq=0 count=1024
[mono_ns=7230613538712068][T0xfaa81509bca0][WARN] copy_aicore_buffer: [chip_swimlane_collector.cpp:689] Core 60: skipped 1024 AICore record slot(s) with start_time=0 (race-window write or recycled-buffer tail). buf seq=0 count=1024
[mono_ns=7230613538920738][T0xfaa805f3bca0][WARN] copy_aicore_buffer: [chip_swimlane_collector.cpp:689] Core 65: skipped 1024 AICore record slot(s) with start_time=0 (race-window write or recycled-buffer tail). buf seq=0 count=1024
[mono_ns=7230613538960338][T0xfaa81488bca0][WARN] copy_aicore_buffer: [chip_swimlane_collector.cpp:689] Core 62: skipped 1024 AICore record slot(s) with start_time=0 (race-window write or recycled-buffer tail). buf seq=0 count=1024
[mono_ns=7230613539032958][T0xfaa81509bca0][WARN] copy_aicore_buffer: [chip_swimlane_collector.cpp:689] Core 61: skipped 1024 AICore record slot(s) with start_time=0 (race-window write or recycled-buffer tail). buf seq=0 count=1024
[mono_ns=7230613539240987][T0xfaa805f3bca0][WARN] copy_aicore_buffer: [chip_swimlane_collector.cpp:689] Core 23: skipped 1024 AICore record slot(s) with start_time=0 (race-window write or recycled-buffer tail). buf seq=0 count=1024
[mono_ns=7230613539297707][T0xfaa81488bca0][WARN] copy_aicore_buffer: [chip_swimlane_collector.cpp:689] Core 63: skipped 1024 AICore record slot(s) with start_time=0 (race-window write or recycled-buffer tail). buf seq=0 count=1024
[mono_ns=7230613539345587][T0xfaa81509bca0][WARN] copy_aicore_buffer: [chip_swimlane_collector.cpp:689] Core 21: skipped 1024 AICore record slot(s) with start_time=0 (race-window write or recycled-buffer tail). buf seq=0 count=1024
[mono_ns=7230613539551937][T0xfaa805f3bca0][WARN] copy_aicore_buffer: [chip_swimlane_collector.cpp:689] Core 70: skipped 1024 AICore record slot(s) with start_time=0 (race-window write or recycled-buffer tail). buf seq=0 count=1024
[mono_ns=7230613539637276][T0xfaa81488bca0][WARN] copy_aicore_buffer: [chip_swimlane_collector.cpp:689] Core 22: skipped 1024 AICore record slot(s) with start_time=0 (race-window write or recycled-buffer tail). buf seq=0 count=1024
[mono_ns=7230613539657036][T0xfaa81509bca0][WARN] copy_aicore_buffer: [chip_swimlane_collector.cpp:689] Core 66: skipped 1024 AICore record slot(s) with start_time=0 (race-window write or recycled-buffer tail). buf seq=0 count=1024
[mono_ns=7230613539862466][T0xfaa805f3bca0][WARN] copy_aicore_buffer: [chip_swimlane_collector.cpp:689] Core 71: skipped 1024 AICore record slot(s) with start_time=0 (race-window write or recycled-buffer tail). buf seq=0 count=1024
[mono_ns=7230613539965186][T0xfaa81488bca0][WARN] copy_aicore_buffer: [chip_swimlane_collector.cpp:689] Core 68: skipped 1024 AICore record slot(s) with start_time=0 (race-window write or recycled-buffer tail). buf seq=0 count=1024
[mono_ns=7230613539969596][T0xfaa81509bca0][WARN] copy_aicore_buffer: [chip_swimlane_collector.cpp:689] Core 67: skipped 1024 AICore record slot(s) with start_time=0 (race-window write or recycled-buffer tail). buf seq=0 count=1024
[mono_ns=7230613540297235][T0xfaa81488bca0][WARN] copy_aicore_buffer: [chip_swimlane_collector.cpp:689] Core 69: skipped 1024 AICore record slot(s) with start_time=0 (race-window write or recycled-buffer tail). buf seq=0 count=1024
[mono_ns=7230613640977950][T0xfaa95c78b020][TIMING] emit_host_span: [STRACE] v=1 pid=342487 tid=342487 inv=8 hid=dd172d0ab2c42d37 depth=1 name=chip.run.runner_run ts=7230613530376044 dur=110594736 
[mono_ns=7230613641072820][T0xfaa95c78b020][TIMING] emit_host_span: [STRACE] v=1 pid=342487 tid=342487 inv=8 hid=dd172d0ab2c42d37 depth=1 name=chip.run.validate ts=7230613640989720 dur=79250 
[mono_ns=7230613641085000][T0xfaa95c78b020][TIMING] emit_host_span: [STRACE] v=1 pid=342487 tid=342487 inv=8 hid=dd172d0ab2c42d37 depth=2 name=chip.run.runner_run.device_wall ts=0 dur=1668260 clk=dev
[mono_ns=7230613641089590][T0xfaa95c78b020][TIMING] emit_host_span: [STRACE] v=1 pid=342487 tid=342487 inv=8 hid=dd172d0ab2c42d37 depth=3 name=chip.run.runner_run.device_wall.preamble ts=0 dur=109080 clk=dev
[mono_ns=7230613641094880][T0xfaa95c78b020][TIMING] emit_host_span: [STRACE] v=1 pid=342487 tid=342487 inv=8 hid=dd172d0ab2c42d37 depth=3 name=chip.run.runner_run.device_wall.graph_build ts=103960 dur=1555220 clk=dev
[mono_ns=7230613641098460][T0xfaa95c78b020][TIMING] emit_host_span: [STRACE] v=1 pid=342487 tid=342487 inv=8 hid=dd172d0ab2c42d37 depth=3 name=chip.run.runner_run.device_wall.config_validate ts=104060 dur=679 clk=dev
[mono_ns=7230613641102770][T0xfaa95c78b020][TIMING] emit_host_span: [STRACE] v=1 pid=342487 tid=342487 inv=8 hid=dd172d0ab2c42d37 depth=3 name=chip.run.runner_run.device_wall.arena_wire ts=104760 dur=260 clk=dev
[mono_ns=7230613641143600][T0xfaa95c78b020][TIMING] emit_host_span: [STRACE] v=1 pid=342487 tid=342487 inv=8 hid=dd172d0ab2c42d37 depth=3 name=chip.run.runner_run.device_wall.sm_reset ts=105039 dur=640 clk=dev
[mono_ns=7230613641147420][T0xfaa95c78b020][TIMING] emit_host_span: [STRACE] v=1 pid=342487 tid=342487 inv=8 hid=dd172d0ab2c42d37 depth=3 name=chip.run.runner_run.device_wall.post_orch ts=1659260 dur=8900 clk=dev
[mono_ns=7230613641151290][T0xfaa95c78b020][TIMING] emit_host_span: [STRACE] v=1 pid=342487 tid=342487 inv=8 hid=dd172d0ab2c42d37 depth=3 name=chip.run.runner_run.device_wall.orch ts=105720 dur=3500 clk=dev
[mono_ns=7230613641154230][T0xfaa95c78b020][TIMING] emit_host_span: [STRACE] v=1 pid=342487 tid=342487 inv=8 hid=dd172d0ab2c42d37 depth=3 name=chip.run.runner_run.device_wall.sched ts=109280 dur=1526300 clk=dev
[mono_ns=7230613641159160][T0xfaa95c78b020][TIMING] emit_host_span: [STRACE] v=1 pid=342487 tid=342487 inv=8 hid=dd172d0ab2c42d37 depth=1 name=chip.run.claim_release ts=7230613641157070 dur=310 
[mono_ns=7230613641163880][T0xfaa95c78b020][TIMING] emit_host_span: [STRACE] v=1 pid=342487 tid=342487 inv=8 hid=dd172d0ab2c42d37 depth=0 name=chip.run ts=7230613529820315 dur=111341605 run_id=8 dispatch_id=8 slot_id=0 generation=8 run_epoch=8
