===== EP8 resume start 2026-09-10T08:07:05+00:00 =====
[resume] keeping 4 OK tags from /opt/pypto-profiling/reports/issue-2521-a1-alltoallv-ep8-2026-09-10/summary.json

=== p8_managed-l2_uniform_0 devices=0,1,2,3,4,5,6,7 attempts=4 ===
===== EP8 resume (no-zero) start 2026-09-10T08:10:59+00:00 =====
[resume] keeping 4 OK tags from /opt/pypto-profiling/reports/issue-2521-a1-alltoallv-ep8-2026-09-10/summary.json

=== p8_managed-l2_uniform_32 SKIP (resume OK) ===

=== p8_managed-l2_uniform_128 SKIP (resume OK) ===

=== p8_managed-l2_uniform_1024 SKIP (resume OK) ===

=== p8_managed-l2_uniform_4096 devices=0,1,2,3,4,5,6,7 attempts=4 ===
  OK attempt=1 metric=aicore_gang_span  kernel_p50=90.30666666666667  slot_p50=3354.4180914759636  egress=2.543206135082694

=== p8_managed-l2_uniform_8192 SKIP (resume OK) ===

=== p8_managed-l2_uniform_16384 devices=0,1,2,3,4,5,6,7 attempts=4 ===
  FAIL attempt=1/4 rc=-11
, line 9232, in release_claim
    self._release_domain_claimed(handle)
  File "/opt/pypto/runtime/python/simpler/worker.py", line 9293, in _release_domain_claimed
    _run_with_owned_shared_memory(
  File "/opt/pypto/runtime/python/simpler/worker.py", line 1643, in _run_with_owned_shared_memory
    raise result.error
  File "/opt/pypto/runtime/python/simpler/worker.py", line 1339, in invoke
    result.value = operation()
  File "/opt/pypto/runtime/python/simpler/worker.py", line 1636, in run_lifecycle
    raise operation_error
  File "/opt/pypto/runtime/python/simpler/worker.py", line 1623, in run_lifecycle
    value = operation(owner)
  File "/opt/pypto/runtime/python/simpler/worker.py", line 9281, in release
    self._dispatch_control_domain(
  File "/opt/pypto/runtime/python/simpler/worker.py", line 9334, in _dispatch_control_domain
    raise RuntimeError(
RuntimeError: release_domain(allocation_id=0) failed on 8/8 chips; first error chip=2: control_release_domain failed on child: chip_process dev=2 ctrl=8: RuntimeError: comm_release_domain_windows failed with code -1
[mono_ns=7232331725238976][T0xee3b50b6b020][WARN] comm_destroy: [comm_hccl.cpp:1747] [comm rank 0] comm_destroy: final barrier failed during departure wait for rank 3; releasing local state anyway
[mono_ns=7232331906693274][T0xee3b50b6b020][WARN] comm_destroy: [comm_hccl.cpp:1800] [comm rank 7] comm_destroy: final release failed during release wait for rank 7
[mono_ns=7232331920620073][T0xee3b50b6b020][WARN] comm_destroy: [comm_hccl.cpp:1800] [comm rank 4] comm_destroy: final release failed during release wait for rank 4
[mono_ns=7232331936498030][T0xee3b50b6b020][WARN] comm_destroy: [comm_hccl.cpp:1800] [comm rank 6] comm_destroy: final release failed during release wait for rank 6
[mono_ns=7232331960820163][T0xee3b50b6b020][WARN] comm_destroy: [comm_hccl.cpp:1800] [comm rank 2] comm_destroy: final release failed during release wait for rank 2
[mono_ns=7232331972554733][T0xee3b50b6b020][WARN] comm_destroy: [comm_hccl.cpp:1800] [comm rank 5] comm_destroy: final release failed during release wait for rank 5
[mono_ns=7232331976405819][T0xee3b50b6b020][WARN] comm_destroy: [comm_hccl.cpp:1800] [comm rank 1] comm_destroy: final release failed during release wait for rank 1
/usr/lib/python3.10/multiprocessing/resource_tracker.py:224: UserWarning: resource_tracker: There appear to be 8 leaked shared_memory objects to clean up at shutdown
  warnings.warn('resource_tracker: There appear to be %d '

  [heal] EP4 smoke on 0,1,2,3 ...
  [heal] rc=0 OK
  [cooldown] sleeping 25s before retry
  FAIL attempt=2/4 rc=-11
, line 9232, in release_claim
    self._release_domain_claimed(handle)
  File "/opt/pypto/runtime/python/simpler/worker.py", line 9293, in _release_domain_claimed
    _run_with_owned_shared_memory(
  File "/opt/pypto/runtime/python/simpler/worker.py", line 1643, in _run_with_owned_shared_memory
    raise result.error
  File "/opt/pypto/runtime/python/simpler/worker.py", line 1339, in invoke
    result.value = operation()
  File "/opt/pypto/runtime/python/simpler/worker.py", line 1636, in run_lifecycle
    raise operation_error
  File "/opt/pypto/runtime/python/simpler/worker.py", line 1623, in run_lifecycle
    value = operation(owner)
  File "/opt/pypto/runtime/python/simpler/worker.py", line 9281, in release
    self._dispatch_control_domain(
  File "/opt/pypto/runtime/python/simpler/worker.py", line 9334, in _dispatch_control_domain
    raise RuntimeError(
RuntimeError: release_domain(allocation_id=0) failed on 8/8 chips; first error chip=4: control_release_domain failed on child: chip_process dev=4 ctrl=8: RuntimeError: comm_release_domain_windows failed with code -1
[mono_ns=7232688961721169][T0xf8cd59d6b020][WARN] comm_destroy: [comm_hccl.cpp:1747] [comm rank 0] comm_destroy: final barrier failed during departure wait for rank 5; releasing local state anyway
[mono_ns=7232689070925902][T0xf8cd59d6b020][WARN] comm_destroy: [comm_hccl.cpp:1800] [comm rank 4] comm_destroy: final release failed during release wait for rank 4
[mono_ns=7232689111479421][T0xf8cd59d6b020][WARN] comm_destroy: [comm_hccl.cpp:1800] [comm rank 2] comm_destroy: final release failed during release wait for rank 2
[mono_ns=7232689114486080][T0xf8cd59d6b020][WARN] comm_destroy: [comm_hccl.cpp:1800] [comm rank 1] comm_destroy: final release failed during release wait for rank 1
[mono_ns=7232689219337362][T0xf8cd59d6b020][WARN] comm_destroy: [comm_hccl.cpp:1800] [comm rank 7] comm_destroy: final release failed during release wait for rank 7
[mono_ns=7232689233262869][T0xf8cd59d6b020][WARN] comm_destroy: [comm_hccl.cpp:1800] [comm rank 6] comm_destroy: final release failed during release wait for rank 6
[mono_ns=7232689254347241][T0xf8cd59d6b020][WARN] comm_destroy: [comm_hccl.cpp:1800] [comm rank 3] comm_destroy: final release failed during release wait for rank 3
/usr/lib/python3.10/multiprocessing/resource_tracker.py:224: UserWarning: resource_tracker: There appear to be 8 leaked shared_memory objects to clean up at shutdown
  warnings.warn('resource_tracker: There appear to be %d '

  [heal] EP4 smoke on 0,1,2,3 ...
  [heal] rc=0 OK
  [cooldown] sleeping 25s before retry
  FAIL attempt=3/4 rc=-11
untime/python/simpler/worker.py", line 9215, in _release_domain_now
    raise failure
  File "/opt/pypto/python/pypto/runtime/distributed_runner.py", line 3019, in close
    self._release_persistent_domains(self._persistent_domains_by_program)
  File "/opt/pypto/python/pypto/runtime/distributed_runner.py", line 2069, in _release_persistent_domains
    handle.release()
  File "/opt/pypto/runtime/python/simpler/task_interface.py", line 1121, in release
    self._release_fn(self)
  File "/opt/pypto/runtime/python/simpler/worker.py", line 8970, in <lambda>
    _release_fn=lambda released, owner=resources: self._release_domain_handle(released, owner),
  File "/opt/pypto/runtime/python/simpler/worker.py", line 9107, in _release_domain_handle
    self._free_domain_after_fence(handle)
  File "/opt/pypto/runtime/python/simpler/worker.py", line 9176, in _free_domain_after_fence
    self._release_domain_now(handle)
  File "/opt/pypto/runtime/python/simpler/worker.py", line 9248, in _release_domain_now
    raise result.error
  File "/opt/pypto/runtime/python/simpler/worker.py", line 1339, in invoke
    result.value = operation()
  File "/opt/pypto/runtime/python/simpler/worker.py", line 9232, in release_claim
    self._release_domain_claimed(handle)
  File "/opt/pypto/runtime/python/simpler/worker.py", line 9293, in _release_domain_claimed
    _run_with_owned_shared_memory(
  File "/opt/pypto/runtime/python/simpler/worker.py", line 1643, in _run_with_owned_shared_memory
    raise result.error
  File "/opt/pypto/runtime/python/simpler/worker.py", line 1339, in invoke
    result.value = operation()
  File "/opt/pypto/runtime/python/simpler/worker.py", line 1636, in run_lifecycle
    raise operation_error
  File "/opt/pypto/runtime/python/simpler/worker.py", line 1623, in run_lifecycle
    value = operation(owner)
  File "/opt/pypto/runtime/python/simpler/worker.py", line 9281, in release
    self._dispatch_control_domain(
  File "/opt/pypto/runtime/python/simpler/worker.py", line 9334, in _dispatch_control_domain
    raise RuntimeError(
RuntimeError: release_domain(allocation_id=0) failed on 8/8 chips; first error chip=2: control_release_domain failed on child: chip_process dev=2 ctrl=8: RuntimeError: comm_release_domain_windows failed with code -1
/usr/lib/python3.10/multiprocessing/resource_tracker.py:224: UserWarning: resource_tracker: There appear to be 8 leaked shared_memory objects to clean up at shutdown
  warnings.warn('resource_tracker: There appear to be %d '

  [heal] EP4 smoke on 0,1,2,3 ...
  [heal] rc=0 OK
  [cooldown] sleeping 25s before retry
  OK attempt=4 metric=aicore_gang_span  kernel_p50=313.13  slot_p50=3716.179169714451  egress=2.932138467704672

=== p8_managed-l2_uniform_24576 devices=0,1,2,3,4,5,6,7 attempts=4 ===
  FAIL attempt=1/4 rc=-11
, line 9232, in release_claim
    self._release_domain_claimed(handle)
  File "/opt/pypto/runtime/python/simpler/worker.py", line 9293, in _release_domain_claimed
    _run_with_owned_shared_memory(
  File "/opt/pypto/runtime/python/simpler/worker.py", line 1643, in _run_with_owned_shared_memory
    raise result.error
  File "/opt/pypto/runtime/python/simpler/worker.py", line 1339, in invoke
    result.value = operation()
  File "/opt/pypto/runtime/python/simpler/worker.py", line 1636, in run_lifecycle
    raise operation_error
  File "/opt/pypto/runtime/python/simpler/worker.py", line 1623, in run_lifecycle
    value = operation(owner)
  File "/opt/pypto/runtime/python/simpler/worker.py", line 9281, in release
    self._dispatch_control_domain(
  File "/opt/pypto/runtime/python/simpler/worker.py", line 9334, in _dispatch_control_domain
    raise RuntimeError(
RuntimeError: release_domain(allocation_id=0) failed on 8/8 chips; first error chip=0: control_release_domain failed on child: chip_process dev=0 ctrl=8: RuntimeError: comm_release_domain_windows failed with code -1
[mono_ns=7233493310605389][T0xe7ead4309020][WARN] comm_destroy: [comm_hccl.cpp:1747] [comm rank 0] comm_destroy: final barrier failed during departure wait for rank 6; releasing local state anyway
[mono_ns=7233493432681772][T0xe7ead4309020][WARN] comm_destroy: [comm_hccl.cpp:1800] [comm rank 2] comm_destroy: final release failed during release wait for rank 2
[mono_ns=7233493451982171][T0xe7ead4309020][WARN] comm_destroy: [comm_hccl.cpp:1800] [comm rank 3] comm_destroy: final release failed during release wait for rank 3
[mono_ns=7233493453674825][T0xe7ead4309020][WARN] comm_destroy: [comm_hccl.cpp:1800] [comm rank 1] comm_destroy: final release failed during release wait for rank 1
[mono_ns=7233493469958278][T0xe7ead4309020][WARN] comm_destroy: [comm_hccl.cpp:1800] [comm rank 7] comm_destroy: final release failed during release wait for rank 7
[mono_ns=7233493497658176][T0xe7ead4309020][WARN] comm_destroy: [comm_hccl.cpp:1800] [comm rank 5] comm_destroy: final release failed during release wait for rank 5
[mono_ns=7233493581886728][T0xe7ead4309020][WARN] comm_destroy: [comm_hccl.cpp:1800] [comm rank 4] comm_destroy: final release failed during release wait for rank 4
/usr/lib/python3.10/multiprocessing/resource_tracker.py:224: UserWarning: resource_tracker: There appear to be 8 leaked shared_memory objects to clean up at shutdown
  warnings.warn('resource_tracker: There appear to be %d '

  [heal] EP4 smoke on 0,1,2,3 ...
  [heal] rc=0 OK
  [cooldown] sleeping 25s before retry
  FAIL attempt=2/4 rc=-11
, line 9232, in release_claim
    self._release_domain_claimed(handle)
  File "/opt/pypto/runtime/python/simpler/worker.py", line 9293, in _release_domain_claimed
    _run_with_owned_shared_memory(
  File "/opt/pypto/runtime/python/simpler/worker.py", line 1643, in _run_with_owned_shared_memory
    raise result.error
  File "/opt/pypto/runtime/python/simpler/worker.py", line 1339, in invoke
    result.value = operation()
  File "/opt/pypto/runtime/python/simpler/worker.py", line 1636, in run_lifecycle
    raise operation_error
  File "/opt/pypto/runtime/python/simpler/worker.py", line 1623, in run_lifecycle
    value = operation(owner)
  File "/opt/pypto/runtime/python/simpler/worker.py", line 9281, in release
    self._dispatch_control_domain(
  File "/opt/pypto/runtime/python/simpler/worker.py", line 9334, in _dispatch_control_domain
    raise RuntimeError(
RuntimeError: release_domain(allocation_id=0) failed on 8/8 chips; first error chip=1: control_release_domain failed on child: chip_process dev=1 ctrl=8: RuntimeError: comm_release_domain_windows failed with code -1
[mono_ns=7233844256186420][T0xfb8824ba9020][WARN] comm_destroy: [comm_hccl.cpp:1747] [comm rank 0] comm_destroy: final barrier failed during departure wait for rank 6; releasing local state anyway
[mono_ns=7233844371032764][T0xfb8824ba9020][WARN] comm_destroy: [comm_hccl.cpp:1800] [comm rank 2] comm_destroy: final release failed during release wait for rank 2
[mono_ns=7233844435849608][T0xfb8824ba9020][WARN] comm_destroy: [comm_hccl.cpp:1800] [comm rank 3] comm_destroy: final release failed during release wait for rank 3
[mono_ns=7233844452475537][T0xfb8824ba9020][WARN] comm_destroy: [comm_hccl.cpp:1800] [comm rank 1] comm_destroy: final release failed during release wait for rank 1
[mono_ns=7233844531312343][T0xfb8824ba9020][WARN] comm_destroy: [comm_hccl.cpp:1800] [comm rank 4] comm_destroy: final release failed during release wait for rank 4
[mono_ns=7233844543182108][T0xfb8824ba9020][WARN] comm_destroy: [comm_hccl.cpp:1800] [comm rank 7] comm_destroy: final release failed during release wait for rank 7
[mono_ns=7233844554633610][T0xfb8824ba9020][WARN] comm_destroy: [comm_hccl.cpp:1800] [comm rank 5] comm_destroy: final release failed during release wait for rank 5
/usr/lib/python3.10/multiprocessing/resource_tracker.py:224: UserWarning: resource_tracker: There appear to be 8 leaked shared_memory objects to clean up at shutdown
  warnings.warn('resource_tracker: There appear to be %d '

  [heal] EP4 smoke on 0,1,2,3 ...
  [heal] rc=0 OK
  [cooldown] sleeping 25s before retry
  FAIL attempt=3/4 rc=-11
, line 9232, in release_claim
    self._release_domain_claimed(handle)
  File "/opt/pypto/runtime/python/simpler/worker.py", line 9293, in _release_domain_claimed
    _run_with_owned_shared_memory(
  File "/opt/pypto/runtime/python/simpler/worker.py", line 1643, in _run_with_owned_shared_memory
    raise result.error
  File "/opt/pypto/runtime/python/simpler/worker.py", line 1339, in invoke
    result.value = operation()
  File "/opt/pypto/runtime/python/simpler/worker.py", line 1636, in run_lifecycle
    raise operation_error
  File "/opt/pypto/runtime/python/simpler/worker.py", line 1623, in run_lifecycle
    value = operation(owner)
  File "/opt/pypto/runtime/python/simpler/worker.py", line 9281, in release
    self._dispatch_control_domain(
  File "/opt/pypto/runtime/python/simpler/worker.py", line 9334, in _dispatch_control_domain
    raise RuntimeError(
RuntimeError: release_domain(allocation_id=0) failed on 8/8 chips; first error chip=3: control_release_domain failed on child: chip_process dev=3 ctrl=8: RuntimeError: comm_release_domain_windows failed with code -1
[mono_ns=7234201175733339][T0xe44f703eb020][WARN] comm_destroy: [comm_hccl.cpp:1747] [comm rank 0] comm_destroy: final barrier failed during departure wait for rank 5; releasing local state anyway
[mono_ns=7234201350873782][T0xe44f703eb020][WARN] comm_destroy: [comm_hccl.cpp:1800] [comm rank 3] comm_destroy: final release failed during release wait for rank 3
[mono_ns=7234201354667187][T0xe44f703eb020][WARN] comm_destroy: [comm_hccl.cpp:1800] [comm rank 4] comm_destroy: final release failed during release wait for rank 4
[mono_ns=7234201356600420][T0xe44f703eb020][WARN] comm_destroy: [comm_hccl.cpp:1800] [comm rank 6] comm_destroy: final release failed during release wait for rank 6
[mono_ns=7234201411341783][T0xe44f703eb020][WARN] comm_destroy: [comm_hccl.cpp:1800] [comm rank 1] comm_destroy: final release failed during release wait for rank 1
[mono_ns=7234201453871265][T0xe44f703eb020][WARN] comm_destroy: [comm_hccl.cpp:1800] [comm rank 2] comm_destroy: final release failed during release wait for rank 2
[mono_ns=7234201501215500][T0xe44f703eb020][WARN] comm_destroy: [comm_hccl.cpp:1800] [comm rank 7] comm_destroy: final release failed during release wait for rank 7
/usr/lib/python3.10/multiprocessing/resource_tracker.py:224: UserWarning: resource_tracker: There appear to be 8 leaked shared_memory objects to clean up at shutdown
  warnings.warn('resource_tracker: There appear to be %d '

  [heal] EP4 smoke on 0,1,2,3 ...
  [heal] rc=0 OK
  [cooldown] sleeping 25s before retry
  FAIL attempt=4/4 rc=-11
, line 9232, in release_claim
    self._release_domain_claimed(handle)
  File "/opt/pypto/runtime/python/simpler/worker.py", line 9293, in _release_domain_claimed
    _run_with_owned_shared_memory(
  File "/opt/pypto/runtime/python/simpler/worker.py", line 1643, in _run_with_owned_shared_memory
    raise result.error
  File "/opt/pypto/runtime/python/simpler/worker.py", line 1339, in invoke
    result.value = operation()
  File "/opt/pypto/runtime/python/simpler/worker.py", line 1636, in run_lifecycle
    raise operation_error
  File "/opt/pypto/runtime/python/simpler/worker.py", line 1623, in run_lifecycle
    value = operation(owner)
  File "/opt/pypto/runtime/python/simpler/worker.py", line 9281, in release
    self._dispatch_control_domain(
  File "/opt/pypto/runtime/python/simpler/worker.py", line 9334, in _dispatch_control_domain
    raise RuntimeError(
RuntimeError: release_domain(allocation_id=0) failed on 8/8 chips; first error chip=1: control_release_domain failed on child: chip_process dev=1 ctrl=8: RuntimeError: comm_release_domain_windows failed with code -1
[mono_ns=7234552103843417][T0xe63662c9b020][WARN] comm_destroy: [comm_hccl.cpp:1747] [comm rank 0] comm_destroy: final barrier failed during departure wait for rank 4; releasing local state anyway
[mono_ns=7234552246360816][T0xe63662c9b020][WARN] comm_destroy: [comm_hccl.cpp:1800] [comm rank 2] comm_destroy: final release failed during release wait for rank 2
[mono_ns=7234552253548151][T0xe63662c9b020][WARN] comm_destroy: [comm_hccl.cpp:1800] [comm rank 1] comm_destroy: final release failed during release wait for rank 1
[mono_ns=7234552272120950][T0xe63662c9b020][WARN] comm_destroy: [comm_hccl.cpp:1800] [comm rank 3] comm_destroy: final release failed during release wait for rank 3
[mono_ns=7234552355176419][T0xe63662c9b020][WARN] comm_destroy: [comm_hccl.cpp:1800] [comm rank 6] comm_destroy: final release failed during release wait for rank 6
[mono_ns=7234552405168438][T0xe63662c9b020][WARN] comm_destroy: [comm_hccl.cpp:1800] [comm rank 7] comm_destroy: final release failed during release wait for rank 7
[mono_ns=7234552424024708][T0xe63662c9b020][WARN] comm_destroy: [comm_hccl.cpp:1800] [comm rank 5] comm_destroy: final release failed during release wait for rank 5
/usr/lib/python3.10/multiprocessing/resource_tracker.py:224: UserWarning: resource_tracker: There appear to be 8 leaked shared_memory objects to clean up at shutdown
  warnings.warn('resource_tracker: There appear to be %d '


=== p8_managed-l2_uniform_24960 devices=0,1,2,3,4,5,6,7 attempts=4 ===
  FAIL attempt=1/4 rc=-11
, line 9232, in release_claim
    self._release_domain_claimed(handle)
  File "/opt/pypto/runtime/python/simpler/worker.py", line 9293, in _release_domain_claimed
    _run_with_owned_shared_memory(
  File "/opt/pypto/runtime/python/simpler/worker.py", line 1643, in _run_with_owned_shared_memory
    raise result.error
  File "/opt/pypto/runtime/python/simpler/worker.py", line 1339, in invoke
    result.value = operation()
  File "/opt/pypto/runtime/python/simpler/worker.py", line 1636, in run_lifecycle
    raise operation_error
  File "/opt/pypto/runtime/python/simpler/worker.py", line 1623, in run_lifecycle
    value = operation(owner)
  File "/opt/pypto/runtime/python/simpler/worker.py", line 9281, in release
    self._dispatch_control_domain(
  File "/opt/pypto/runtime/python/simpler/worker.py", line 9334, in _dispatch_control_domain
    raise RuntimeError(
RuntimeError: release_domain(allocation_id=0) failed on 8/8 chips; first error chip=6: control_release_domain failed on child: chip_process dev=6 ctrl=8: RuntimeError: comm_release_domain_windows failed with code -1
[mono_ns=7234865600279290][T0xf978e7e7b020][WARN] comm_destroy: [comm_hccl.cpp:1747] [comm rank 0] comm_destroy: final barrier failed during departure wait for rank 7; releasing local state anyway
[mono_ns=7234865828938005][T0xf978e7e7b020][WARN] comm_destroy: [comm_hccl.cpp:1800] [comm rank 4] comm_destroy: final release failed during release wait for rank 4
[mono_ns=7234865829258267][T0xf978e7e7b020][WARN] comm_destroy: [comm_hccl.cpp:1800] [comm rank 1] comm_destroy: final release failed during release wait for rank 1
[mono_ns=7234865835293185][T0xf978e7e7b020][WARN] comm_destroy: [comm_hccl.cpp:1800] [comm rank 2] comm_destroy: final release failed during release wait for rank 2
[mono_ns=7234865861851770][T0xf978e7e7b020][WARN] comm_destroy: [comm_hccl.cpp:1800] [comm rank 3] comm_destroy: final release failed during release wait for rank 3
[mono_ns=7234865874403809][T0xf978e7e7b020][WARN] comm_destroy: [comm_hccl.cpp:1800] [comm rank 6] comm_destroy: final release failed during release wait for rank 6
[mono_ns=7234865911606564][T0xf978e7e7b020][WARN] comm_destroy: [comm_hccl.cpp:1800] [comm rank 5] comm_destroy: final release failed during release wait for rank 5
/usr/lib/python3.10/multiprocessing/resource_tracker.py:224: UserWarning: resource_tracker: There appear to be 8 leaked shared_memory objects to clean up at shutdown
  warnings.warn('resource_tracker: There appear to be %d '

  [heal] EP4 smoke on 0,1,2,3 ...
  [heal] rc=0 OK
  [cooldown] sleeping 25s before retry
  FAIL attempt=2/4 rc=-11
, line 9232, in release_claim
    self._release_domain_claimed(handle)
  File "/opt/pypto/runtime/python/simpler/worker.py", line 9293, in _release_domain_claimed
    _run_with_owned_shared_memory(
  File "/opt/pypto/runtime/python/simpler/worker.py", line 1643, in _run_with_owned_shared_memory
    raise result.error
  File "/opt/pypto/runtime/python/simpler/worker.py", line 1339, in invoke
    result.value = operation()
  File "/opt/pypto/runtime/python/simpler/worker.py", line 1636, in run_lifecycle
    raise operation_error
  File "/opt/pypto/runtime/python/simpler/worker.py", line 1623, in run_lifecycle
    value = operation(owner)
  File "/opt/pypto/runtime/python/simpler/worker.py", line 9281, in release
    self._dispatch_control_domain(
  File "/opt/pypto/runtime/python/simpler/worker.py", line 9334, in _dispatch_control_domain
    raise RuntimeError(
RuntimeError: release_domain(allocation_id=0) failed on 8/8 chips; first error chip=7: control_release_domain failed on child: chip_process dev=7 ctrl=8: RuntimeError: comm_release_domain_windows failed with code -1
[mono_ns=7235218629066202][T0xf2289ac2b020][WARN] comm_destroy: [comm_hccl.cpp:1747] [comm rank 0] comm_destroy: final barrier failed during departure wait for rank 2; releasing local state anyway
[mono_ns=7235218727975285][T0xf2289ac2b020][WARN] comm_destroy: [comm_hccl.cpp:1800] [comm rank 4] comm_destroy: final release failed during release wait for rank 4
[mono_ns=7235218750620234][T0xf2289ac2b020][WARN] comm_destroy: [comm_hccl.cpp:1800] [comm rank 1] comm_destroy: final release failed during release wait for rank 1
[mono_ns=7235218840807921][T0xf2289ac2b020][WARN] comm_destroy: [comm_hccl.cpp:1800] [comm rank 6] comm_destroy: final release failed during release wait for rank 6
[mono_ns=7235218862727407][T0xf2289ac2b020][WARN] comm_destroy: [comm_hccl.cpp:1800] [comm rank 3] comm_destroy: final release failed during release wait for rank 3
[mono_ns=7235218883795628][T0xf2289ac2b020][WARN] comm_destroy: [comm_hccl.cpp:1800] [comm rank 7] comm_destroy: final release failed during release wait for rank 7
[mono_ns=7235218937184550][T0xf2289ac2b020][WARN] comm_destroy: [comm_hccl.cpp:1800] [comm rank 5] comm_destroy: final release failed during release wait for rank 5
/usr/lib/python3.10/multiprocessing/resource_tracker.py:224: UserWarning: resource_tracker: There appear to be 8 leaked shared_memory objects to clean up at shutdown
  warnings.warn('resource_tracker: There appear to be %d '

  [heal] EP4 smoke on 0,1,2,3 ...
  [heal] rc=0 OK
  [cooldown] sleeping 25s before retry
  FAIL attempt=3/4 rc=1
a866da51f1c depth=0 name=node.complete ts=7235276453441347 dur=380 run_id=1 task_slot=5 group_index=0 worker_id=5 dispatch_id=1 endpoint_kind=local_mailbox prepare_only=0 role=worker outcome=0
[mono_ns=7235276453437567][T0xfa2a64a7b020][TIMING] emit_host_span: [STRACE] v=1 pid=2159348 tid=2159348 inv=1 hid=a68f8ade9e1010dd depth=1 name=chip.run.claim_release ts=7235276453435177 dur=570 
[mono_ns=7235276453456067][T0xfa290742cca0][TIMING] emit_host_span: [STRACE] v=1 pid=2157740 tid=2160306 inv=0 hid=0 depth=0 name=node.scheduler_loop ts=7235276453438087 dur=14870 role=scheduler drained=1 dispatched=0 drain_ns=12590 spins=0
[mono_ns=7235276453443907][T0xfa2a64a7b020][TIMING] emit_host_span: [STRACE] v=1 pid=2159348 tid=2159348 inv=1 hid=a68f8ade9e1010dd depth=0 name=chip.run ts=7235276433305919 dur=20135958 run_id=1 dispatch_id=1 slot_id=0 generation=1 run_epoch=1
[mono_ns=7235276453481377][T0xfa290742cca0][TIMING] emit_host_span: [STRACE] v=1 pid=2157740 tid=2160306 inv=1 hid=de320a866da51f1c depth=0 name=node.complete ts=7235276453478087 dur=340 run_id=1 task_slot=1 group_index=0 worker_id=1 dispatch_id=1 endpoint_kind=local_mailbox prepare_only=0 role=worker outcome=0
[mono_ns=7235276453497067][T0xfa290742cca0][TIMING] emit_host_span: [STRACE] v=1 pid=2157740 tid=2160306 inv=0 hid=0 depth=0 name=node.scheduler_loop ts=7235276453475297 dur=18400 role=scheduler drained=1 dispatched=0 drain_ns=18230 spins=5
[mono_ns=7235276453697298][T0xfa2a64a7b020][TIMING] emit_host_span: [STRACE] v=1 pid=2157740 tid=2157740 inv=1 hid=0 depth=0 name=node.post_fence_retirement ts=7235276453489517 dur=201361 run_id=1 slot_id=0 generation=1 role=facade
Traceback (most recent call last):
  File "/opt/pypto/tests/st/distributed/collectives/all_to_all_v_benchmark.py", line 1202, in <module>
    raise SystemExit(main())
  File "/opt/pypto/tests/st/distributed/collectives/all_to_all_v_benchmark.py", line 1191, in main
    doc = run_benchmark(args, shape)
  File "/opt/pypto/tests/st/distributed/collectives/all_to_all_v_benchmark.py", line 1049, in run_benchmark
    host_slots, slot_rank = _timed_session(
  File "/opt/pypto/tests/st/distributed/collectives/all_to_all_v_benchmark.py", line 982, in _timed_session
    check_correctness(shape, inputs, send_counts, outputs, recv_out)
  File "/opt/pypto/tests/st/distributed/collectives/all_to_all_v_benchmark.py", line 874, in check_correctness
    raise AssertionError(
AssertionError: rank=2 src=1: recv_counts=0 != clamped send_counts=6

  [heal] EP4 smoke on 0,1,2,3 ...
  [heal] rc=0 OK
  [cooldown] sleeping 25s before retry
  FAIL attempt=4/4 rc=1
e9e1010dd depth=1 name=chip.run.claim_release ts=7235334968262502 dur=440 
[mono_ns=7235334968273282][T0xf5ff7002cca0][TIMING] emit_host_span: [STRACE] v=1 pid=2182127 tid=2183510 inv=1 hid=de320a866da51f1c depth=0 name=node.complete ts=7235334968269692 dur=330 run_id=1 task_slot=3 group_index=0 worker_id=3 dispatch_id=1 endpoint_kind=local_mailbox prepare_only=0 role=worker outcome=0
[mono_ns=7235334968285762][T0xf5ff7002cca0][TIMING] emit_host_span: [STRACE] v=1 pid=2182127 tid=2183510 inv=0 hid=0 depth=0 name=node.scheduler_loop ts=7235334968266482 dur=15840 role=scheduler drained=1 dispatched=0 drain_ns=13500 spins=337
[mono_ns=7235334968273742][T0xf600cd49b020][TIMING] emit_host_span: [STRACE] v=1 pid=2183338 tid=2183338 inv=1 hid=a68f8ade9e1010dd depth=0 name=chip.run ts=7235334954287687 dur=13983965 run_id=1 dispatch_id=1 slot_id=0 generation=1 run_epoch=1
[mono_ns=7235334968311223][T0xf5ff7002cca0][TIMING] emit_host_span: [STRACE] v=1 pid=2182127 tid=2183510 inv=1 hid=de320a866da51f1c depth=0 name=node.complete ts=7235334968307932 dur=361 run_id=1 task_slot=6 group_index=0 worker_id=6 dispatch_id=1 endpoint_kind=local_mailbox prepare_only=0 role=worker outcome=0
[mono_ns=7235334968324503][T0xf5ff7002cca0][TIMING] emit_host_span: [STRACE] v=1 pid=2182127 tid=2183510 inv=0 hid=0 depth=0 name=node.scheduler_loop ts=7235334968304652 dur=16651 role=scheduler drained=1 dispatched=0 drain_ns=16501 spins=5
[mono_ns=7235334968510554][T0xf600cd49b020][TIMING] emit_host_span: [STRACE] v=1 pid=2182127 tid=2182127 inv=1 hid=0 depth=0 name=node.post_fence_retirement ts=7235334968317543 dur=186911 run_id=1 slot_id=0 generation=1 role=facade
Traceback (most recent call last):
  File "/opt/pypto/tests/st/distributed/collectives/all_to_all_v_benchmark.py", line 1202, in <module>
    raise SystemExit(main())
  File "/opt/pypto/tests/st/distributed/collectives/all_to_all_v_benchmark.py", line 1191, in main
    doc = run_benchmark(args, shape)
  File "/opt/pypto/tests/st/distributed/collectives/all_to_all_v_benchmark.py", line 1049, in run_benchmark
    host_slots, slot_rank = _timed_session(
  File "/opt/pypto/tests/st/distributed/collectives/all_to_all_v_benchmark.py", line 982, in _timed_session
    check_correctness(shape, inputs, send_counts, outputs, recv_out)
  File "/opt/pypto/tests/st/distributed/collectives/all_to_all_v_benchmark.py", line 874, in check_correctness
    raise AssertionError(
AssertionError: rank=1 src=6: recv_counts=0 != clamped send_counts=6


=== p8_managed-l2_uniform_32768 devices=0,1,2,3,4,5,6,7 attempts=4 ===
  FAIL attempt=1/4 rc=1
 ts=7235355100036300 dur=5390029 run_id=1 dispatch_id=1 slot_id=0 generation=1 run_epoch=1
[mono_ns=7235355105399409][T0xeac9f200b020][TIMING] emit_host_span: [STRACE] v=1 pid=2192082 tid=2192082 inv=1 hid=c830dab85da4d824 depth=0 name=chip.run ts=7235355100056760 dur=5340669 run_id=1 dispatch_id=1 slot_id=0 generation=1 run_epoch=1
[mono_ns=7235355105409529][T0xeac9f200b020][TIMING] emit_host_span: [STRACE] v=1 pid=2192066 tid=2192066 inv=1 hid=c830dab85da4d824 depth=3 name=chip.run.runner_run.device_wall.sched ts=176180 dur=2623620 clk=dev
[mono_ns=7235355105409399][T0xeac9f200b020][TIMING] emit_host_span: [STRACE] v=1 pid=2192057 tid=2192057 inv=1 hid=c830dab85da4d824 depth=1 name=chip.run.claim_release ts=7235355105407219 dur=380 
[mono_ns=7235355105414339][T0xeac9f200b020][TIMING] emit_host_span: [STRACE] v=1 pid=2192066 tid=2192066 inv=1 hid=c830dab85da4d824 depth=1 name=chip.run.claim_release ts=7235355105412029 dur=330 
[mono_ns=7235355105414539][T0xeac9f200b020][TIMING] emit_host_span: [STRACE] v=1 pid=2192057 tid=2192057 inv=1 hid=c830dab85da4d824 depth=0 name=chip.run ts=7235355098870124 dur=6542435 run_id=1 dispatch_id=1 slot_id=0 generation=1 run_epoch=1
[mono_ns=7235355105419439][T0xeac9f200b020][TIMING] emit_host_span: [STRACE] v=1 pid=2192066 tid=2192066 inv=1 hid=c830dab85da4d824 depth=0 name=chip.run ts=7235355099182486 dur=6234933 run_id=1 dispatch_id=1 slot_id=0 generation=1 run_epoch=1
[mono_ns=7235355105734411][T0xeac9f200b020][TIMING] emit_host_span: [STRACE] v=1 pid=2185315 tid=2185315 inv=1 hid=0 depth=0 name=node.post_fence_retirement ts=7235355105499470 dur=228731 run_id=1 slot_id=0 generation=1 role=facade
Traceback (most recent call last):
  File "/opt/pypto/tests/st/distributed/collectives/all_to_all_v_benchmark.py", line 1202, in <module>
    raise SystemExit(main())
  File "/opt/pypto/tests/st/distributed/collectives/all_to_all_v_benchmark.py", line 1191, in main
    doc = run_benchmark(args, shape)
  File "/opt/pypto/tests/st/distributed/collectives/all_to_all_v_benchmark.py", line 1049, in run_benchmark
    host_slots, slot_rank = _timed_session(
  File "/opt/pypto/tests/st/distributed/collectives/all_to_all_v_benchmark.py", line 982, in _timed_session
    check_correctness(shape, inputs, send_counts, outputs, recv_out)
  File "/opt/pypto/tests/st/distributed/collectives/all_to_all_v_benchmark.py", line 874, in check_correctness
    raise AssertionError(
AssertionError: rank=0 src=0: recv_counts=0 != clamped send_counts=1

  [heal] EP4 smoke on 0,1,2,3 ...
  [heal] rc=0 OK
  [cooldown] sleeping 25s before retry
===== STOPPED by user 2026-09-10T09:15:42+00:00: truncated large-payload grind; L2vsHOST moved to ep8-l2host-2026-09-10 =====
