[mono_ns=7230833223127044][T0xf0711308b020][TIMING] emit_host_span: [STRACE] v=1 pid=441868 tid=441868 inv=1 hid=607e9e6ed0fbbc85 depth=2 name=chip.run.bind.args ts=7230833223012444 dur=107530 
[mono_ns=7230833223143794][T0xf0711308b020][TIMING] emit_host_span: [STRACE] v=1 pid=441868 tid=441868 inv=1 hid=607e9e6ed0fbbc85 depth=2 name=chip.run.bind.prebuilt ts=7230833223138224 dur=2880 
[mono_ns=7230833223148594][T0xf0711308b020][TIMING] emit_host_span: [STRACE] v=1 pid=441868 tid=441868 inv=1 hid=607e9e6ed0fbbc85 depth=1 name=chip.run.bind ts=7230833222561244 dur=585230 
[mono_ns=7230833338369355][T0xf0711308b020][TIMING] emit_host_span: [STRACE] v=1 pid=441868 tid=441868 inv=1 hid=607e9e6ed0fbbc85 depth=1 name=chip.run.runner_run ts=7230833223990475 dur=114369370 
[mono_ns=7230833338495105][T0xf0711308b020][TIMING] emit_host_span: [STRACE] v=1 pid=441868 tid=441868 inv=1 hid=607e9e6ed0fbbc85 depth=1 name=chip.run.validate ts=7230833338380865 dur=110060 
[mono_ns=7230833338504375][T0xf0711308b020][TIMING] emit_host_span: [STRACE] v=1 pid=441868 tid=441868 inv=1 hid=607e9e6ed0fbbc85 depth=2 name=chip.run.runner_run.device_wall ts=0 dur=636040 clk=dev
[mono_ns=7230833338509005][T0xf0711308b020][TIMING] emit_host_span: [STRACE] v=1 pid=441868 tid=441868 inv=1 hid=607e9e6ed0fbbc85 depth=3 name=chip.run.runner_run.device_wall.preamble ts=0 dur=165600 clk=dev
[mono_ns=7230833338512675][T0xf0711308b020][TIMING] emit_host_span: [STRACE] v=1 pid=441868 tid=441868 inv=1 hid=607e9e6ed0fbbc85 depth=3 name=chip.run.runner_run.device_wall.graph_build ts=39040 dur=576939 clk=dev
[mono_ns=7230833338515865][T0xf0711308b020][TIMING] emit_host_span: [STRACE] v=1 pid=441868 tid=441868 inv=1 hid=607e9e6ed0fbbc85 depth=3 name=chip.run.runner_run.device_wall.config_validate ts=42800 dur=3400 clk=dev
[mono_ns=7230833338519335][T0xf0711308b020][TIMING] emit_host_span: [STRACE] v=1 pid=441868 tid=441868 inv=1 hid=607e9e6ed0fbbc85 depth=3 name=chip.run.runner_run.device_wall.arena_wire ts=46239 dur=12280 clk=dev
[mono_ns=7230833338522655][T0xf0711308b020][TIMING] emit_host_span: [STRACE] v=1 pid=441868 tid=441868 inv=1 hid=607e9e6ed0fbbc85 depth=3 name=chip.run.runner_run.device_wall.sm_reset ts=58560 dur=18160 clk=dev
[mono_ns=7230833338527425][T0xf0711308b020][TIMING] emit_host_span: [STRACE] v=1 pid=441868 tid=441868 inv=1 hid=607e9e6ed0fbbc85 depth=3 name=chip.run.runner_run.device_wall.post_orch ts=616040 dur=16560 clk=dev
[mono_ns=7230833338530545][T0xf0711308b020][TIMING] emit_host_span: [STRACE] v=1 pid=441868 tid=441868 inv=1 hid=607e9e6ed0fbbc85 depth=3 name=chip.run.runner_run.device_wall.orch ts=82100 dur=41280 clk=dev
[mono_ns=7230833338533705][T0xf0711308b020][TIMING] emit_host_span: [STRACE] v=1 pid=441868 tid=441868 inv=1 hid=607e9e6ed0fbbc85 depth=3 name=chip.run.runner_run.device_wall.sched ts=167340 dur=425620 clk=dev
[mono_ns=7230833338538595][T0xf0711308b020][TIMING] emit_host_span: [STRACE] v=1 pid=441868 tid=441868 inv=1 hid=607e9e6ed0fbbc85 depth=1 name=chip.run.claim_release ts=7230833338536185 dur=670 
[mono_ns=7230833338544345][T0xf0711308b020][TIMING] emit_host_span: [STRACE] v=1 pid=441868 tid=441868 inv=1 hid=607e9e6ed0fbbc85 depth=0 name=chip.run ts=7230833222524284 dur=116018101 run_id=1 dispatch_id=1 slot_id=0 generation=1 run_epoch=1
[mono_ns=7230833349260478][T0xf0711308b020][TIMING] emit_host_span: [STRACE] v=1 pid=441868 tid=441868 inv=2 hid=607e9e6ed0fbbc85 depth=2 name=chip.run.bind.args ts=7230833349146048 dur=108250 
[mono_ns=7230833349273928][T0xf0711308b020][TIMING] emit_host_span: [STRACE] v=1 pid=441868 tid=441868 inv=2 hid=607e9e6ed0fbbc85 depth=2 name=chip.run.bind.prebuilt ts=7230833349268908 dur=2750 
[mono_ns=7230833349278328][T0xf0711308b020][TIMING] emit_host_span: [STRACE] v=1 pid=441868 tid=441868 inv=2 hid=607e9e6ed0fbbc85 depth=1 name=chip.run.bind ts=7230833349138078 dur=138250 
[mono_ns=7230833406288588][T0xf06fb6eeaca0][WARN] copy_aicore_buffer: [chip_swimlane_collector.cpp:689] Core 1: skipped 1024 AICore record slot(s) with start_time=0 (race-window write or recycled-buffer tail). buf seq=0 count=1024
[mono_ns=7230833406295418][T0xf06fb76faca0][WARN] copy_aicore_buffer: [chip_swimlane_collector.cpp:689] Core 0: skipped 1024 AICore record slot(s) with start_time=0 (race-window write or recycled-buffer tail). buf seq=0 count=1024
[mono_ns=7230833406296648][T0xf06fb66daca0][WARN] copy_aicore_buffer: [chip_swimlane_collector.cpp:689] Core 2: skipped 1024 AICore record slot(s) with start_time=0 (race-window write or recycled-buffer tail). buf seq=0 count=1024
[mono_ns=7230833406597059][T0xf06fb6eeaca0][WARN] copy_aicore_buffer: [chip_swimlane_collector.cpp:689] Core 26: skipped 1021 AICore record slot(s) with start_time=0 (race-window write or recycled-buffer tail). buf seq=0 count=1024
[mono_ns=7230833406597499][T0xf06fb76faca0][WARN] copy_aicore_buffer: [chip_swimlane_collector.cpp:689] Core 24: skipped 1024 AICore record slot(s) with start_time=0 (race-window write or recycled-buffer tail). buf seq=0 count=1024
[mono_ns=7230833406598649][T0xf06fb66daca0][WARN] copy_aicore_buffer: [chip_swimlane_collector.cpp:689] Core 28: skipped 1024 AICore record slot(s) with start_time=0 (race-window write or recycled-buffer tail). buf seq=0 count=1024
[mono_ns=7230833406893869][T0xf06fb76faca0][WARN] copy_aicore_buffer: [chip_swimlane_collector.cpp:689] Core 25: skipped 1024 AICore record slot(s) with start_time=0 (race-window write or recycled-buffer tail). buf seq=0 count=1024
[mono_ns=7230833406895819][T0xf06fb6eeaca0][WARN] copy_aicore_buffer: [chip_swimlane_collector.cpp:689] Core 27: skipped 1024 AICore record slot(s) with start_time=0 (race-window write or recycled-buffer tail). buf seq=0 count=1024
[mono_ns=7230833406896899][T0xf06fb66daca0][WARN] copy_aicore_buffer: [chip_swimlane_collector.cpp:689] Core 29: skipped 1024 AICore record slot(s) with start_time=0 (race-window write or recycled-buffer tail). buf seq=0 count=1024
[mono_ns=7230833407267319][T0xf06fb66daca0][WARN] copy_aicore_buffer: [chip_swimlane_collector.cpp:689] Core 5: skipped 1024 AICore record slot(s) with start_time=0 (race-window write or recycled-buffer tail). buf seq=0 count=1024
[mono_ns=7230833407270049][T0xf06fb76faca0][WARN] copy_aicore_buffer: [chip_swimlane_collector.cpp:689] Core 3: skipped 1024 AICore record slot(s) with start_time=0 (race-window write or recycled-buffer tail). buf seq=0 count=1024
[mono_ns=7230833407296059][T0xf06fb6eeaca0][WARN] copy_aicore_buffer: [chip_swimlane_collector.cpp:689] Core 4: skipped 1024 AICore record slot(s) with start_time=0 (race-window write or recycled-buffer tail). buf seq=0 count=1024
[mono_ns=7230833407583699][T0xf06fb76faca0][WARN] copy_aicore_buffer: [chip_swimlane_collector.cpp:689] Core 30: skipped 1024 AICore record slot(s) with start_time=0 (race-window write or recycled-buffer tail). buf seq=0 count=1024
[mono_ns=7230833407596979][T0xf06fb66daca0][WARN] copy_aicore_buffer: [chip_swimlane_collector.cpp:689] Core 34: skipped 1024 AICore record slot(s) with start_time=0 (race-window write or recycled-buffer tail). buf seq=0 count=1024
[mono_ns=7230833407626639][T0xf06fb6eeaca0][WARN] copy_aicore_buffer: [chip_swimlane_collector.cpp:689] Core 32: skipped 1024 AICore record slot(s) with start_time=0 (race-window write or recycled-buffer tail). buf seq=0 count=1024
[mono_ns=7230833407888239][T0xf06fb76faca0][WARN] copy_aicore_buffer: [chip_swimlane_collector.cpp:689] Core 31: skipped 1024 AICore record slot(s) with start_time=0 (race-window write or recycled-buffer tail). buf seq=0 count=1024
[mono_ns=7230833407900089][T0xf06fb66daca0][WARN] copy_aicore_buffer: [chip_swimlane_collector.cpp:689] Core 35: skipped 1024 AICore record slot(s) with start_time=0 (race-window write or recycled-buffer tail). buf seq=0 count=1024
[mono_ns=7230833407930209][T0xf06fb6eeaca0][WARN] copy_aicore_buffer: [chip_swimlane_collector.cpp:689] Core 33: skipped 1024 AICore record slot(s) with start_time=0 (race-window write or recycled-buffer tail). buf seq=0 count=1024
[mono_ns=7230833408198829][T0xf06fb76faca0][WARN] copy_aicore_buffer: [chip_swimlane_collector.cpp:689] Core 6: skipped 1024 AICore record slot(s) with start_time=0 (race-window write or recycled-buffer tail). buf seq=0 count=1024
[mono_ns=7230833408206859][T0xf06fb66daca0][WARN] copy_aicore_buffer: [chip_swimlane_collector.cpp:689] Core 8: skipped 1024 AICore record slot(s) with start_time=0 (race-window write or recycled-buffer tail). buf seq=0 count=1024
[mono_ns=7230833408240559][T0xf06fb6eeaca0][WARN] copy_aicore_buffer: [chip_swimlane_collector.cpp:689] Core 7: skipped 1024 AICore record slot(s) with start_time=0 (race-window write or recycled-buffer tail). buf seq=0 count=1024
[mono_ns=7230833408504149][T0xf06fb76faca0][WARN] copy_aicore_buffer: [chip_swimlane_collector.cpp:689] Core 36: skipped 1024 AICore record slot(s) with start_time=0 (race-window write or recycled-buffer tail). buf seq=0 count=1024
[mono_ns=7230833408512919][T0xf06fb66daca0][WARN] copy_aicore_buffer: [chip_swimlane_collector.cpp:689] Core 40: skipped 1024 AICore record slot(s) with start_time=0 (race-window write or recycled-buffer tail). buf seq=0 count=1024
[mono_ns=7230833408546489][T0xf06fb6eeaca0][WARN] copy_aicore_buffer: [chip_swimlane_collector.cpp:689] Core 38: skipped 1024 AICore record slot(s) with start_time=0 (race-window write or recycled-buffer tail). buf seq=0 count=1024
[mono_ns=7230833408807819][T0xf06fb76faca0][WARN] copy_aicore_buffer: [chip_swimlane_collector.cpp:689] Core 37: skipped 1024 AICore record slot(s) with start_time=0 (race-window write or recycled-buffer tail). buf seq=0 count=1024
[mono_ns=7230833408815169][T0xf06fb66daca0][WARN] copy_aicore_buffer: [chip_swimlane_collector.cpp:689] Core 41: skipped 1024 AICore record slot(s) with start_time=0 (race-window write or recycled-buffer tail). buf seq=0 count=1024
[mono_ns=7230833408852419][T0xf06fb6eeaca0][WARN] copy_aicore_buffer: [chip_swimlane_collector.cpp:689] Core 39: skipped 1024 AICore record slot(s) with start_time=0 (race-window write or recycled-buffer tail). buf seq=0 count=1024
[mono_ns=7230833409126109][T0xf06fb76faca0][WARN] copy_aicore_buffer: [chip_swimlane_collector.cpp:689] Core 9: skipped 1024 AICore record slot(s) with start_time=0 (race-window write or recycled-buffer tail). buf seq=0 count=1024
[mono_ns=7230833409135779][T0xf06fb66daca0][WARN] copy_aicore_buffer: [chip_swimlane_collector.cpp:689] Core 11: skipped 1024 AICore record slot(s) with start_time=0 (race-window write or recycled-buffer tail). buf seq=0 count=1024
[mono_ns=7230833409170869][T0xf06fb6eeaca0][WARN] copy_aicore_buffer: [chip_swimlane_collector.cpp:689] Core 10: skipped 1024 AICore record slot(s) with start_time=0 (race-window write or recycled-buffer tail). buf seq=0 count=1024
[mono_ns=7230833409433140][T0xf06fb76faca0][WARN] copy_aicore_buffer: [chip_swimlane_collector.cpp:689] Core 42: skipped 1024 AICore record slot(s) with start_time=0 (race-window write or recycled-buffer tail). buf seq=0 count=1024
[mono_ns=7230833409441090][T0xf06fb66daca0][WARN] copy_aicore_buffer: [chip_swimlane_collector.cpp:689] Core 46: skipped 1024 AICore record slot(s) with start_time=0 (race-window write or recycled-buffer tail). buf seq=0 count=1024
[mono_ns=7230833409475470][T0xf06fb6eeaca0][WARN] copy_aicore_buffer: [chip_swimlane_collector.cpp:689] Core 44: skipped 1024 AICore record slot(s) with start_time=0 (race-window write or recycled-buffer tail). buf seq=0 count=1024
[mono_ns=7230833409736350][T0xf06fb76faca0][WARN] copy_aicore_buffer: [chip_swimlane_collector.cpp:689] Core 43: skipped 1024 AICore record slot(s) with start_time=0 (race-window write or recycled-buffer tail). buf seq=0 count=1024
[mono_ns=7230833409748500][T0xf06fb66daca0][WARN] copy_aicore_buffer: [chip_swimlane_collector.cpp:689] Core 47: skipped 1024 AICore record slot(s) with start_time=0 (race-window write or recycled-buffer tail). buf seq=0 count=1024
[mono_ns=7230833409780830][T0xf06fb6eeaca0][WARN] copy_aicore_buffer: [chip_swimlane_collector.cpp:689] Core 45: skipped 1024 AICore record slot(s) with start_time=0 (race-window write or recycled-buffer tail). buf seq=0 count=1024
[mono_ns=7230833410046330][T0xf06fb76faca0][WARN] copy_aicore_buffer: [chip_swimlane_collector.cpp:689] Core 12: skipped 1024 AICore record slot(s) with start_time=0 (race-window write or recycled-buffer tail). buf seq=0 count=1024
[mono_ns=7230833410053220][T0xf06fb66daca0][WARN] copy_aicore_buffer: [chip_swimlane_collector.cpp:689] Core 14: skipped 1024 AICore record slot(s) with start_time=0 (race-window write or recycled-buffer tail). buf seq=0 count=1024
[mono_ns=7230833410095320][T0xf06fb6eeaca0][WARN] copy_aicore_buffer: [chip_swimlane_collector.cpp:689] Core 13: skipped 1024 AICore record slot(s) with start_time=0 (race-window write or recycled-buffer tail). buf seq=0 count=1024
[mono_ns=7230833410349270][T0xf06fb76faca0][WARN] copy_aicore_buffer: [chip_swimlane_collector.cpp:689] Core 48: skipped 1024 AICore record slot(s) with start_time=0 (race-window write or recycled-buffer tail). buf seq=0 count=1024
[mono_ns=7230833410356890][T0xf06fb66daca0][WARN] copy_aicore_buffer: [chip_swimlane_collector.cpp:689] Core 52: skipped 1024 AICore record slot(s) with start_time=0 (race-window write or recycled-buffer tail). buf seq=0 count=1024
[mono_ns=7230833410400150][T0xf06fb6eeaca0][WARN] copy_aicore_buffer: [chip_swimlane_collector.cpp:689] Core 50: skipped 1024 AICore record slot(s) with start_time=0 (race-window write or recycled-buffer tail). buf seq=0 count=1024
[mono_ns=7230833410651700][T0xf06fb76faca0][WARN] copy_aicore_buffer: [chip_swimlane_collector.cpp:689] Core 49: skipped 1024 AICore record slot(s) with start_time=0 (race-window write or recycled-buffer tail). buf seq=0 count=1024
[mono_ns=7230833410662730][T0xf06fb66daca0][WARN] copy_aicore_buffer: [chip_swimlane_collector.cpp:689] Core 53: skipped 1024 AICore record slot(s) with start_time=0 (race-window write or recycled-buffer tail). buf seq=0 count=1024
[mono_ns=7230833410704000][T0xf06fb6eeaca0][WARN] copy_aicore_buffer: [chip_swimlane_collector.cpp:689] Core 51: skipped 1024 AICore record slot(s) with start_time=0 (race-window write or recycled-buffer tail). buf seq=0 count=1024
[mono_ns=7230833410953940][T0xf06fb76faca0][WARN] copy_aicore_buffer: [chip_swimlane_collector.cpp:689] Core 15: skipped 1024 AICore record slot(s) with start_time=0 (race-window write or recycled-buffer tail). buf seq=0 count=1024
[mono_ns=7230833410964000][T0xf06fb66daca0][WARN] copy_aicore_buffer: [chip_swimlane_collector.cpp:689] Core 17: skipped 1024 AICore record slot(s) with start_time=0 (race-window write or recycled-buffer tail). buf seq=0 count=1024
[mono_ns=7230833411020190][T0xf06fb6eeaca0][WARN] copy_aicore_buffer: [chip_swimlane_collector.cpp:689] Core 16: skipped 1024 AICore record slot(s) with start_time=0 (race-window write or recycled-buffer tail). buf seq=0 count=1024
[mono_ns=7230833411270680][T0xf06fb76faca0][WARN] copy_aicore_buffer: [chip_swimlane_collector.cpp:689] Core 54: skipped 1024 AICore record slot(s) with start_time=0 (race-window write or recycled-buffer tail). buf seq=0 count=1024
[mono_ns=7230833411281150][T0xf06fb66daca0][WARN] copy_aicore_buffer: [chip_swimlane_collector.cpp:689] Core 58: skipped 1024 AICore record slot(s) with start_time=0 (race-window write or recycled-buffer tail). buf seq=0 count=1024
[mono_ns=7230833411347860][T0xf06fb6eeaca0][WARN] copy_aicore_buffer: [chip_swimlane_collector.cpp:689] Core 56: skipped 1024 AICore record slot(s) with start_time=0 (race-window write or recycled-buffer tail). buf seq=0 count=1024
[mono_ns=7230833411575210][T0xf06fb76faca0][WARN] copy_aicore_buffer: [chip_swimlane_collector.cpp:689] Core 55: skipped 1024 AICore record slot(s) with start_time=0 (race-window write or recycled-buffer tail). buf seq=0 count=1024
[mono_ns=7230833411584550][T0xf06fb66daca0][WARN] copy_aicore_buffer: [chip_swimlane_collector.cpp:689] Core 59: skipped 1024 AICore record slot(s) with start_time=0 (race-window write or recycled-buffer tail). buf seq=0 count=1024
[mono_ns=7230833411652660][T0xf06fb6eeaca0][WARN] copy_aicore_buffer: [chip_swimlane_collector.cpp:689] Core 57: skipped 1024 AICore record slot(s) with start_time=0 (race-window write or recycled-buffer tail). buf seq=0 count=1024
[mono_ns=7230833411876740][T0xf06fb76faca0][WARN] copy_aicore_buffer: [chip_swimlane_collector.cpp:689] Core 18: skipped 1024 AICore record slot(s) with start_time=0 (race-window write or recycled-buffer tail). buf seq=0 count=1024
[mono_ns=7230833411882760][T0xf06fb66daca0][WARN] copy_aicore_buffer: [chip_swimlane_collector.cpp:689] Core 20: skipped 1024 AICore record slot(s) with start_time=0 (race-window write or recycled-buffer tail). buf seq=0 count=1024
[mono_ns=7230833411957550][T0xf06fb6eeaca0][WARN] copy_aicore_buffer: [chip_swimlane_collector.cpp:689] Core 19: skipped 1024 AICore record slot(s) with start_time=0 (race-window write or recycled-buffer tail). buf seq=0 count=1024
[mono_ns=7230833412191211][T0xf06fb76faca0][WARN] copy_aicore_buffer: [chip_swimlane_collector.cpp:689] Core 60: skipped 1024 AICore record slot(s) with start_time=0 (race-window write or recycled-buffer tail). buf seq=0 count=1024
[mono_ns=7230833412196401][T0xf06fb66daca0][WARN] copy_aicore_buffer: [chip_swimlane_collector.cpp:689] Core 64: skipped 1024 AICore record slot(s) with start_time=0 (race-window write or recycled-buffer tail). buf seq=0 count=1024
[mono_ns=7230833412271761][T0xf06fb6eeaca0][WARN] copy_aicore_buffer: [chip_swimlane_collector.cpp:689] Core 62: skipped 1024 AICore record slot(s) with start_time=0 (race-window write or recycled-buffer tail). buf seq=0 count=1024
[mono_ns=7230833412494561][T0xf06fb76faca0][WARN] copy_aicore_buffer: [chip_swimlane_collector.cpp:689] Core 61: skipped 1024 AICore record slot(s) with start_time=0 (race-window write or recycled-buffer tail). buf seq=0 count=1024
[mono_ns=7230833412502951][T0xf06fb66daca0][WARN] copy_aicore_buffer: [chip_swimlane_collector.cpp:689] Core 65: skipped 1024 AICore record slot(s) with start_time=0 (race-window write or recycled-buffer tail). buf seq=0 count=1024
[mono_ns=7230833412577101][T0xf06fb6eeaca0][WARN] copy_aicore_buffer: [chip_swimlane_collector.cpp:689] Core 63: skipped 1024 AICore record slot(s) with start_time=0 (race-window write or recycled-buffer tail). buf seq=0 count=1024
[mono_ns=7230833412796671][T0xf06fb76faca0][WARN] copy_aicore_buffer: [chip_swimlane_collector.cpp:689] Core 21: skipped 1024 AICore record slot(s) with start_time=0 (race-window write or recycled-buffer tail). buf seq=0 count=1024
[mono_ns=7230833412804201][T0xf06fb66daca0][WARN] copy_aicore_buffer: [chip_swimlane_collector.cpp:689] Core 23: skipped 1024 AICore record slot(s) with start_time=0 (race-window write or recycled-buffer tail). buf seq=0 count=1024
[mono_ns=7230833412882301][T0xf06fb6eeaca0][WARN] copy_aicore_buffer: [chip_swimlane_collector.cpp:689] Core 22: skipped 1024 AICore record slot(s) with start_time=0 (race-window write or recycled-buffer tail). buf seq=0 count=1024
[mono_ns=7230833413111401][T0xf06fb76faca0][WARN] copy_aicore_buffer: [chip_swimlane_collector.cpp:689] Core 66: skipped 1024 AICore record slot(s) with start_time=0 (race-window write or recycled-buffer tail). buf seq=0 count=1024
[mono_ns=7230833413116701][T0xf06fb66daca0][WARN] copy_aicore_buffer: [chip_swimlane_collector.cpp:689] Core 70: skipped 1024 AICore record slot(s) with start_time=0 (race-window write or recycled-buffer tail). buf seq=0 count=1024
[mono_ns=7230833413194951][T0xf06fb6eeaca0][WARN] copy_aicore_buffer: [chip_swimlane_collector.cpp:689] Core 68: skipped 1024 AICore record slot(s) with start_time=0 (race-window write or recycled-buffer tail). buf seq=0 count=1024
[mono_ns=7230833413414691][T0xf06fb76faca0][WARN] copy_aicore_buffer: [chip_swimlane_collector.cpp:689] Core 67: skipped 1024 AICore record slot(s) with start_time=0 (race-window write or recycled-buffer tail). buf seq=0 count=1024
[mono_ns=7230833413422001][T0xf06fb66daca0][WARN] copy_aicore_buffer: [chip_swimlane_collector.cpp:689] Core 71: skipped 1024 AICore record slot(s) with start_time=0 (race-window write or recycled-buffer tail). buf seq=0 count=1024
[mono_ns=7230833413501421][T0xf06fb6eeaca0][WARN] copy_aicore_buffer: [chip_swimlane_collector.cpp:689] Core 69: skipped 1024 AICore record slot(s) with start_time=0 (race-window write or recycled-buffer tail). buf seq=0 count=1024
[mono_ns=7230833514025726][T0xf0711308b020][TIMING] emit_host_span: [STRACE] v=1 pid=441868 tid=441868 inv=2 hid=607e9e6ed0fbbc85 depth=1 name=chip.run.runner_run ts=7230833402233547 dur=111785709 
[mono_ns=7230833514106416][T0xf0711308b020][TIMING] emit_host_span: [STRACE] v=1 pid=441868 tid=441868 inv=2 hid=607e9e6ed0fbbc85 depth=1 name=chip.run.validate ts=7230833514034176 dur=68490 
[mono_ns=7230833514114316][T0xf0711308b020][TIMING] emit_host_span: [STRACE] v=1 pid=441868 tid=441868 inv=2 hid=607e9e6ed0fbbc85 depth=2 name=chip.run.runner_run.device_wall ts=0 dur=1968760 clk=dev
[mono_ns=7230833514118576][T0xf0711308b020][TIMING] emit_host_span: [STRACE] v=1 pid=441868 tid=441868 inv=2 hid=607e9e6ed0fbbc85 depth=3 name=chip.run.runner_run.device_wall.preamble ts=0 dur=136980 clk=dev
[mono_ns=7230833514122236][T0xf0711308b020][TIMING] emit_host_span: [STRACE] v=1 pid=441868 tid=441868 inv=2 hid=607e9e6ed0fbbc85 depth=3 name=chip.run.runner_run.device_wall.graph_build ts=131700 dur=1827440 clk=dev
[mono_ns=7230833514125506][T0xf0711308b020][TIMING] emit_host_span: [STRACE] v=1 pid=441868 tid=441868 inv=2 hid=607e9e6ed0fbbc85 depth=3 name=chip.run.runner_run.device_wall.config_validate ts=131920 dur=1080 clk=dev
[mono_ns=7230833514129626][T0xf0711308b020][TIMING] emit_host_span: [STRACE] v=1 pid=441868 tid=441868 inv=2 hid=607e9e6ed0fbbc85 depth=3 name=chip.run.runner_run.device_wall.arena_wire ts=133020 dur=580 clk=dev
[mono_ns=7230833514132806][T0xf0711308b020][TIMING] emit_host_span: [STRACE] v=1 pid=441868 tid=441868 inv=2 hid=607e9e6ed0fbbc85 depth=3 name=chip.run.runner_run.device_wall.sm_reset ts=133620 dur=1220 clk=dev
[mono_ns=7230833514136026][T0xf0711308b020][TIMING] emit_host_span: [STRACE] v=1 pid=441868 tid=441868 inv=2 hid=607e9e6ed0fbbc85 depth=3 name=chip.run.runner_run.device_wall.post_orch ts=1959260 dur=9340 clk=dev
[mono_ns=7230833514139166][T0xf0711308b020][TIMING] emit_host_span: [STRACE] v=1 pid=441868 tid=441868 inv=2 hid=607e9e6ed0fbbc85 depth=3 name=chip.run.runner_run.device_wall.orch ts=134900 dur=4720 clk=dev
[mono_ns=7230833514141946][T0xf0711308b020][TIMING] emit_host_span: [STRACE] v=1 pid=441868 tid=441868 inv=2 hid=607e9e6ed0fbbc85 depth=3 name=chip.run.runner_run.device_wall.sched ts=137160 dur=1796100 clk=dev
[mono_ns=7230833514146286][T0xf0711308b020][TIMING] emit_host_span: [STRACE] v=1 pid=441868 tid=441868 inv=2 hid=607e9e6ed0fbbc85 depth=1 name=chip.run.claim_release ts=7230833514143996 dur=360 
[mono_ns=7230833514150566][T0xf0711308b020][TIMING] emit_host_span: [STRACE] v=1 pid=441868 tid=441868 inv=2 hid=607e9e6ed0fbbc85 depth=0 name=chip.run ts=7230833349109478 dur=165039008 run_id=2 dispatch_id=2 slot_id=0 generation=2 run_epoch=2
[mono_ns=7230838357427058][T0xf0711308b020][TIMING] emit_host_span: [STRACE] v=1 pid=441868 tid=441868 inv=3 hid=607e9e6ed0fbbc85 depth=2 name=chip.run.bind.args ts=7230838357278848 dur=139310 
[mono_ns=7230838357454348][T0xf0711308b020][TIMING] emit_host_span: [STRACE] v=1 pid=441868 tid=441868 inv=3 hid=607e9e6ed0fbbc85 depth=2 name=chip.run.bind.prebuilt ts=7230838357444988 dur=6600 
[mono_ns=7230838357459098][T0xf0711308b020][TIMING] emit_host_span: [STRACE] v=1 pid=441868 tid=441868 inv=3 hid=607e9e6ed0fbbc85 depth=1 name=chip.run.bind ts=7230838357267828 dur=189190 
[mono_ns=7230838465803821][T0xf0711308b020][TIMING] emit_host_span: [STRACE] v=1 pid=441868 tid=441868 inv=3 hid=607e9e6ed0fbbc85 depth=1 name=chip.run.runner_run ts=7230838357823209 dur=107970122 
[mono_ns=7230838465918921][T0xf0711308b020][TIMING] emit_host_span: [STRACE] v=1 pid=441868 tid=441868 inv=3 hid=607e9e6ed0fbbc85 depth=1 name=chip.run.validate ts=7230838465818191 dur=96530 
[mono_ns=7230838465927201][T0xf0711308b020][TIMING] emit_host_span: [STRACE] v=1 pid=441868 tid=441868 inv=3 hid=607e9e6ed0fbbc85 depth=2 name=chip.run.runner_run.device_wall ts=0 dur=10418060 clk=dev
[mono_ns=7230838465931171][T0xf0711308b020][TIMING] emit_host_span: [STRACE] v=1 pid=441868 tid=441868 inv=3 hid=607e9e6ed0fbbc85 depth=3 name=chip.run.runner_run.device_wall.preamble ts=0 dur=7100 clk=dev
[mono_ns=7230838465934821][T0xf0711308b020][TIMING] emit_host_span: [STRACE] v=1 pid=441868 tid=441868 inv=3 hid=607e9e6ed0fbbc85 depth=3 name=chip.run.runner_run.device_wall.graph_build ts=1839 dur=10405440 clk=dev
[mono_ns=7230838465941001][T0xf0711308b020][TIMING] emit_host_span: [STRACE] v=1 pid=441868 tid=441868 inv=3 hid=607e9e6ed0fbbc85 depth=3 name=chip.run.runner_run.device_wall.config_validate ts=2139 dur=1240 clk=dev
[mono_ns=7230838465944231][T0xf0711308b020][TIMING] emit_host_span: [STRACE] v=1 pid=441868 tid=441868 inv=3 hid=607e9e6ed0fbbc85 depth=3 name=chip.run.runner_run.device_wall.arena_wire ts=3420 dur=740 clk=dev
[mono_ns=7230838465947191][T0xf0711308b020][TIMING] emit_host_span: [STRACE] v=1 pid=441868 tid=441868 inv=3 hid=607e9e6ed0fbbc85 depth=3 name=chip.run.runner_run.device_wall.sm_reset ts=4180 dur=1560 clk=dev
[mono_ns=7230838465950161][T0xf0711308b020][TIMING] emit_host_span: [STRACE] v=1 pid=441868 tid=441868 inv=3 hid=607e9e6ed0fbbc85 depth=3 name=chip.run.runner_run.device_wall.post_orch ts=10407340 dur=10299 clk=dev
[mono_ns=7230838465953081][T0xf0711308b020][TIMING] emit_host_span: [STRACE] v=1 pid=441868 tid=441868 inv=3 hid=607e9e6ed0fbbc85 depth=3 name=chip.run.runner_run.device_wall.orch ts=7140 dur=10879 clk=dev
[mono_ns=7230838465956011][T0xf0711308b020][TIMING] emit_host_span: [STRACE] v=1 pid=441868 tid=441868 inv=3 hid=607e9e6ed0fbbc85 depth=3 name=chip.run.runner_run.device_wall.sched ts=7540 dur=10391900 clk=dev
[mono_ns=7230838465960961][T0xf0711308b020][TIMING] emit_host_span: [STRACE] v=1 pid=441868 tid=441868 inv=3 hid=607e9e6ed0fbbc85 depth=1 name=chip.run.claim_release ts=7230838465958321 dur=390 
[mono_ns=7230838465965261][T0xf0711308b020][TIMING] emit_host_span: [STRACE] v=1 pid=441868 tid=441868 inv=3 hid=607e9e6ed0fbbc85 depth=0 name=chip.run ts=7230838357143898 dur=108819323 run_id=3 dispatch_id=3 slot_id=0 generation=3 run_epoch=3
[mono_ns=7230838593462931][T0xf0711308b020][TIMING] emit_host_span: [STRACE] v=1 pid=441868 tid=441868 inv=4 hid=607e9e6ed0fbbc85 depth=2 name=chip.run.bind.args ts=7230838593339111 dur=116600 
[mono_ns=7230838593477051][T0xf0711308b020][TIMING] emit_host_span: [STRACE] v=1 pid=441868 tid=441868 inv=4 hid=607e9e6ed0fbbc85 depth=2 name=chip.run.bind.prebuilt ts=7230838593471721 dur=2930 
[mono_ns=7230838593481201][T0xf0711308b020][TIMING] emit_host_span: [STRACE] v=1 pid=441868 tid=441868 inv=4 hid=607e9e6ed0fbbc85 depth=1 name=chip.run.bind ts=7230838593330481 dur=148370 
[mono_ns=7230838594830512][T0xf06fb76faca0][WARN] copy_aicore_buffer: [chip_swimlane_collector.cpp:689] Core 0: skipped 1024 AICore record slot(s) with start_time=0 (race-window write or recycled-buffer tail). buf seq=0 count=1024
[mono_ns=7230838594842532][T0xf06fb6eeaca0][WARN] copy_aicore_buffer: [chip_swimlane_collector.cpp:689] Core 1: skipped 1024 AICore record slot(s) with start_time=0 (race-window write or recycled-buffer tail). buf seq=0 count=1024
[mono_ns=7230838595083092][T0xf06fb66daca0][WARN] copy_aicore_buffer: [chip_swimlane_collector.cpp:689] Core 2: skipped 1024 AICore record slot(s) with start_time=0 (race-window write or recycled-buffer tail). buf seq=0 count=1024
[mono_ns=7230838595163622][T0xf06fb76faca0][WARN] copy_aicore_buffer: [chip_swimlane_collector.cpp:689] Core 24: skipped 1023 AICore record slot(s) with start_time=0 (race-window write or recycled-buffer tail). buf seq=0 count=1024
[mono_ns=7230838595188862][T0xf06fb6eeaca0][WARN] copy_aicore_buffer: [chip_swimlane_collector.cpp:689] Core 26: skipped 1022 AICore record slot(s) with start_time=0 (race-window write or recycled-buffer tail). buf seq=0 count=1024
[mono_ns=7230838595385322][T0xf06fb66daca0][WARN] copy_aicore_buffer: [chip_swimlane_collector.cpp:689] Core 28: skipped 1024 AICore record slot(s) with start_time=0 (race-window write or recycled-buffer tail). buf seq=0 count=1024
[mono_ns=7230838595457892][T0xf06fb76faca0][WARN] copy_aicore_buffer: [chip_swimlane_collector.cpp:689] Core 25: skipped 1024 AICore record slot(s) with start_time=0 (race-window write or recycled-buffer tail). buf seq=0 count=1024
[mono_ns=7230838595483022][T0xf06fb6eeaca0][WARN] copy_aicore_buffer: [chip_swimlane_collector.cpp:689] Core 27: skipped 1024 AICore record slot(s) with start_time=0 (race-window write or recycled-buffer tail). buf seq=0 count=1024
[mono_ns=7230838595679072][T0xf06fb66daca0][WARN] copy_aicore_buffer: [chip_swimlane_collector.cpp:689] Core 29: skipped 1024 AICore record slot(s) with start_time=0 (race-window write or recycled-buffer tail). buf seq=0 count=1024
[mono_ns=7230838595748812][T0xf06fb76faca0][WARN] copy_aicore_buffer: [chip_swimlane_collector.cpp:689] Core 3: skipped 1024 AICore record slot(s) with start_time=0 (race-window write or recycled-buffer tail). buf seq=0 count=1024
[mono_ns=7230838595774292][T0xf06fb6eeaca0][WARN] copy_aicore_buffer: [chip_swimlane_collector.cpp:689] Core 4: skipped 1024 AICore record slot(s) with start_time=0 (race-window write or recycled-buffer tail). buf seq=0 count=1024
[mono_ns=7230838595971462][T0xf06fb66daca0][WARN] copy_aicore_buffer: [chip_swimlane_collector.cpp:689] Core 5: skipped 1024 AICore record slot(s) with start_time=0 (race-window write or recycled-buffer tail). buf seq=0 count=1024
[mono_ns=7230838596050882][T0xf06fb76faca0][WARN] copy_aicore_buffer: [chip_swimlane_collector.cpp:689] Core 30: skipped 1024 AICore record slot(s) with start_time=0 (race-window write or recycled-buffer tail). buf seq=0 count=1024
[mono_ns=7230838596075142][T0xf06fb6eeaca0][WARN] copy_aicore_buffer: [chip_swimlane_collector.cpp:689] Core 32: skipped 1024 AICore record slot(s) with start_time=0 (race-window write or recycled-buffer tail). buf seq=0 count=1024
[mono_ns=7230838596276152][T0xf06fb66daca0][WARN] copy_aicore_buffer: [chip_swimlane_collector.cpp:689] Core 34: skipped 1024 AICore record slot(s) with start_time=0 (race-window write or recycled-buffer tail). buf seq=0 count=1024
[mono_ns=7230838596342372][T0xf06fb76faca0][WARN] copy_aicore_buffer: [chip_swimlane_collector.cpp:689] Core 31: skipped 1024 AICore record slot(s) with start_time=0 (race-window write or recycled-buffer tail). buf seq=0 count=1024
[mono_ns=7230838596367652][T0xf06fb6eeaca0][WARN] copy_aicore_buffer: [chip_swimlane_collector.cpp:689] Core 33: skipped 1024 AICore record slot(s) with start_time=0 (race-window write or recycled-buffer tail). buf seq=0 count=1024
[mono_ns=7230838596569702][T0xf06fb66daca0][WARN] copy_aicore_buffer: [chip_swimlane_collector.cpp:689] Core 35: skipped 1024 AICore record slot(s) with start_time=0 (race-window write or recycled-buffer tail). buf seq=0 count=1024
[mono_ns=7230838596632552][T0xf06fb76faca0][WARN] copy_aicore_buffer: [chip_swimlane_collector.cpp:689] Core 6: skipped 1024 AICore record slot(s) with start_time=0 (race-window write or recycled-buffer tail). buf seq=0 count=1024
[mono_ns=7230838596659042][T0xf06fb6eeaca0][WARN] copy_aicore_buffer: [chip_swimlane_collector.cpp:689] Core 7: skipped 1024 AICore record slot(s) with start_time=0 (race-window write or recycled-buffer tail). buf seq=0 count=1024
[mono_ns=7230838596861603][T0xf06fb66daca0][WARN] copy_aicore_buffer: [chip_swimlane_collector.cpp:689] Core 8: skipped 1024 AICore record slot(s) with start_time=0 (race-window write or recycled-buffer tail). buf seq=0 count=1024
[mono_ns=7230838596925773][T0xf06fb76faca0][WARN] copy_aicore_buffer: [chip_swimlane_collector.cpp:689] Core 36: skipped 1024 AICore record slot(s) with start_time=0 (race-window write or recycled-buffer tail). buf seq=0 count=1024
[mono_ns=7230838596950553][T0xf06fb6eeaca0][WARN] copy_aicore_buffer: [chip_swimlane_collector.cpp:689] Core 38: skipped 1024 AICore record slot(s) with start_time=0 (race-window write or recycled-buffer tail). buf seq=0 count=1024
[mono_ns=7230838597158343][T0xf06fb66daca0][WARN] copy_aicore_buffer: [chip_swimlane_collector.cpp:689] Core 40: skipped 1024 AICore record slot(s) with start_time=0 (race-window write or recycled-buffer tail). buf seq=0 count=1024
[mono_ns=7230838597220353][T0xf06fb76faca0][WARN] copy_aicore_buffer: [chip_swimlane_collector.cpp:689] Core 37: skipped 1024 AICore record slot(s) with start_time=0 (race-window write or recycled-buffer tail). buf seq=0 count=1024
[mono_ns=7230838597245303][T0xf06fb6eeaca0][WARN] copy_aicore_buffer: [chip_swimlane_collector.cpp:689] Core 39: skipped 1024 AICore record slot(s) with start_time=0 (race-window write or recycled-buffer tail). buf seq=0 count=1024
[mono_ns=7230838597451623][T0xf06fb66daca0][WARN] copy_aicore_buffer: [chip_swimlane_collector.cpp:689] Core 41: skipped 1024 AICore record slot(s) with start_time=0 (race-window write or recycled-buffer tail). buf seq=0 count=1024
[mono_ns=7230838597511153][T0xf06fb76faca0][WARN] copy_aicore_buffer: [chip_swimlane_collector.cpp:689] Core 9: skipped 1024 AICore record slot(s) with start_time=0 (race-window write or recycled-buffer tail). buf seq=0 count=1024
[mono_ns=7230838597537433][T0xf06fb6eeaca0][WARN] copy_aicore_buffer: [chip_swimlane_collector.cpp:689] Core 10: skipped 1024 AICore record slot(s) with start_time=0 (race-window write or recycled-buffer tail). buf seq=0 count=1024
[mono_ns=7230838597744443][T0xf06fb66daca0][WARN] copy_aicore_buffer: [chip_swimlane_collector.cpp:689] Core 11: skipped 1024 AICore record slot(s) with start_time=0 (race-window write or recycled-buffer tail). buf seq=0 count=1024
[mono_ns=7230838597803663][T0xf06fb76faca0][WARN] copy_aicore_buffer: [chip_swimlane_collector.cpp:689] Core 42: skipped 1024 AICore record slot(s) with start_time=0 (race-window write or recycled-buffer tail). buf seq=0 count=1024
[mono_ns=7230838597829143][T0xf06fb6eeaca0][WARN] copy_aicore_buffer: [chip_swimlane_collector.cpp:689] Core 44: skipped 1024 AICore record slot(s) with start_time=0 (race-window write or recycled-buffer tail). buf seq=0 count=1024
[mono_ns=7230838598056143][T0xf06fb66daca0][WARN] copy_aicore_buffer: [chip_swimlane_collector.cpp:689] Core 46: skipped 1024 AICore record slot(s) with start_time=0 (race-window write or recycled-buffer tail). buf seq=0 count=1024
[mono_ns=7230838598114273][T0xf06fb76faca0][WARN] copy_aicore_buffer: [chip_swimlane_collector.cpp:689] Core 43: skipped 1024 AICore record slot(s) with start_time=0 (race-window write or recycled-buffer tail). buf seq=0 count=1024
[mono_ns=7230838598142483][T0xf06fb6eeaca0][WARN] copy_aicore_buffer: [chip_swimlane_collector.cpp:689] Core 45: skipped 1024 AICore record slot(s) with start_time=0 (race-window write or recycled-buffer tail). buf seq=0 count=1024
[mono_ns=7230838598397613][T0xf06fb66daca0][WARN] copy_aicore_buffer: [chip_swimlane_collector.cpp:689] Core 47: skipped 1024 AICore record slot(s) with start_time=0 (race-window write or recycled-buffer tail). buf seq=0 count=1024
[mono_ns=7230838598429283][T0xf06fb76faca0][WARN] copy_aicore_buffer: [chip_swimlane_collector.cpp:689] Core 12: skipped 1024 AICore record slot(s) with start_time=0 (race-window write or recycled-buffer tail). buf seq=0 count=1024
[mono_ns=7230838598459283][T0xf06fb6eeaca0][WARN] copy_aicore_buffer: [chip_swimlane_collector.cpp:689] Core 13: skipped 1024 AICore record slot(s) with start_time=0 (race-window write or recycled-buffer tail). buf seq=0 count=1024
[mono_ns=7230838598701063][T0xf06fb66daca0][WARN] copy_aicore_buffer: [chip_swimlane_collector.cpp:689] Core 14: skipped 1024 AICore record slot(s) with start_time=0 (race-window write or recycled-buffer tail). buf seq=0 count=1024
[mono_ns=7230838598734803][T0xf06fb76faca0][WARN] copy_aicore_buffer: [chip_swimlane_collector.cpp:689] Core 48: skipped 1024 AICore record slot(s) with start_time=0 (race-window write or recycled-buffer tail). buf seq=0 count=1024
[mono_ns=7230838598762753][T0xf06fb6eeaca0][WARN] copy_aicore_buffer: [chip_swimlane_collector.cpp:689] Core 50: skipped 1024 AICore record slot(s) with start_time=0 (race-window write or recycled-buffer tail). buf seq=0 count=1024
[mono_ns=7230838599014553][T0xf06fb66daca0][WARN] copy_aicore_buffer: [chip_swimlane_collector.cpp:689] Core 52: skipped 1024 AICore record slot(s) with start_time=0 (race-window write or recycled-buffer tail). buf seq=0 count=1024
[mono_ns=7230838599046653][T0xf06fb76faca0][WARN] copy_aicore_buffer: [chip_swimlane_collector.cpp:689] Core 49: skipped 1024 AICore record slot(s) with start_time=0 (race-window write or recycled-buffer tail). buf seq=0 count=1024
[mono_ns=7230838599101043][T0xf06fb6eeaca0][WARN] copy_aicore_buffer: [chip_swimlane_collector.cpp:689] Core 51: skipped 1024 AICore record slot(s) with start_time=0 (race-window write or recycled-buffer tail). buf seq=0 count=1024
[mono_ns=7230838599318164][T0xf06fb66daca0][WARN] copy_aicore_buffer: [chip_swimlane_collector.cpp:689] Core 53: skipped 1024 AICore record slot(s) with start_time=0 (race-window write or recycled-buffer tail). buf seq=0 count=1024
[mono_ns=7230838599351304][T0xf06fb76faca0][WARN] copy_aicore_buffer: [chip_swimlane_collector.cpp:689] Core 15: skipped 1024 AICore record slot(s) with start_time=0 (race-window write or recycled-buffer tail). buf seq=0 count=1024
[mono_ns=7230838599405064][T0xf06fb6eeaca0][WARN] copy_aicore_buffer: [chip_swimlane_collector.cpp:689] Core 16: skipped 1024 AICore record slot(s) with start_time=0 (race-window write or recycled-buffer tail). buf seq=0 count=1024
[mono_ns=7230838599621694][T0xf06fb66daca0][WARN] copy_aicore_buffer: [chip_swimlane_collector.cpp:689] Core 17: skipped 1024 AICore record slot(s) with start_time=0 (race-window write or recycled-buffer tail). buf seq=0 count=1024
[mono_ns=7230838599651074][T0xf06fb76faca0][WARN] copy_aicore_buffer: [chip_swimlane_collector.cpp:689] Core 54: skipped 1024 AICore record slot(s) with start_time=0 (race-window write or recycled-buffer tail). buf seq=0 count=1024
[mono_ns=7230838599710394][T0xf06fb6eeaca0][WARN] copy_aicore_buffer: [chip_swimlane_collector.cpp:689] Core 56: skipped 1024 AICore record slot(s) with start_time=0 (race-window write or recycled-buffer tail). buf seq=0 count=1024
[mono_ns=7230838599923624][T0xf06fb66daca0][WARN] copy_aicore_buffer: [chip_swimlane_collector.cpp:689] Core 58: skipped 1024 AICore record slot(s) with start_time=0 (race-window write or recycled-buffer tail). buf seq=0 count=1024
[mono_ns=7230838599953384][T0xf06fb76faca0][WARN] copy_aicore_buffer: [chip_swimlane_collector.cpp:689] Core 55: skipped 1024 AICore record slot(s) with start_time=0 (race-window write or recycled-buffer tail). buf seq=0 count=1024
[mono_ns=7230838600022894][T0xf06fb6eeaca0][WARN] copy_aicore_buffer: [chip_swimlane_collector.cpp:689] Core 57: skipped 1024 AICore record slot(s) with start_time=0 (race-window write or recycled-buffer tail). buf seq=0 count=1024
[mono_ns=7230838600240504][T0xf06fb66daca0][WARN] copy_aicore_buffer: [chip_swimlane_collector.cpp:689] Core 59: skipped 1024 AICore record slot(s) with start_time=0 (race-window write or recycled-buffer tail). buf seq=0 count=1024
[mono_ns=7230838600265984][T0xf06fb76faca0][WARN] copy_aicore_buffer: [chip_swimlane_collector.cpp:689] Core 18: skipped 1024 AICore record slot(s) with start_time=0 (race-window write or recycled-buffer tail). buf seq=0 count=1024
[mono_ns=7230838600325324][T0xf06fb6eeaca0][WARN] copy_aicore_buffer: [chip_swimlane_collector.cpp:689] Core 19: skipped 1024 AICore record slot(s) with start_time=0 (race-window write or recycled-buffer tail). buf seq=0 count=1024
[mono_ns=7230838600544604][T0xf06fb66daca0][WARN] copy_aicore_buffer: [chip_swimlane_collector.cpp:689] Core 20: skipped 1024 AICore record slot(s) with start_time=0 (race-window write or recycled-buffer tail). buf seq=0 count=1024
[mono_ns=7230838600568614][T0xf06fb76faca0][WARN] copy_aicore_buffer: [chip_swimlane_collector.cpp:689] Core 60: skipped 1024 AICore record slot(s) with start_time=0 (race-window write or recycled-buffer tail). buf seq=0 count=1024
[mono_ns=7230838600628554][T0xf06fb6eeaca0][WARN] copy_aicore_buffer: [chip_swimlane_collector.cpp:689] Core 62: skipped 1024 AICore record slot(s) with start_time=0 (race-window write or recycled-buffer tail). buf seq=0 count=1024
[mono_ns=7230838600847904][T0xf06fb66daca0][WARN] copy_aicore_buffer: [chip_swimlane_collector.cpp:689] Core 64: skipped 1024 AICore record slot(s) with start_time=0 (race-window write or recycled-buffer tail). buf seq=0 count=1024
[mono_ns=7230838600870074][T0xf06fb76faca0][WARN] copy_aicore_buffer: [chip_swimlane_collector.cpp:689] Core 61: skipped 1024 AICore record slot(s) with start_time=0 (race-window write or recycled-buffer tail). buf seq=0 count=1024
[mono_ns=7230838600930004][T0xf06fb6eeaca0][WARN] copy_aicore_buffer: [chip_swimlane_collector.cpp:689] Core 63: skipped 1024 AICore record slot(s) with start_time=0 (race-window write or recycled-buffer tail). buf seq=0 count=1024
[mono_ns=7230838601164014][T0xf06fb66daca0][WARN] copy_aicore_buffer: [chip_swimlane_collector.cpp:689] Core 65: skipped 1024 AICore record slot(s) with start_time=0 (race-window write or recycled-buffer tail). buf seq=0 count=1024
[mono_ns=7230838601184334][T0xf06fb76faca0][WARN] copy_aicore_buffer: [chip_swimlane_collector.cpp:689] Core 21: skipped 1024 AICore record slot(s) with start_time=0 (race-window write or recycled-buffer tail). buf seq=0 count=1024
[mono_ns=7230838601244834][T0xf06fb6eeaca0][WARN] copy_aicore_buffer: [chip_swimlane_collector.cpp:689] Core 22: skipped 1024 AICore record slot(s) with start_time=0 (race-window write or recycled-buffer tail). buf seq=0 count=1024
[mono_ns=7230838601467804][T0xf06fb66daca0][WARN] copy_aicore_buffer: [chip_swimlane_collector.cpp:689] Core 23: skipped 1024 AICore record slot(s) with start_time=0 (race-window write or recycled-buffer tail). buf seq=0 count=1024
[mono_ns=7230838601487434][T0xf06fb76faca0][WARN] copy_aicore_buffer: [chip_swimlane_collector.cpp:689] Core 66: skipped 1024 AICore record slot(s) with start_time=0 (race-window write or recycled-buffer tail). buf seq=0 count=1024
[mono_ns=7230838601550834][T0xf06fb6eeaca0][WARN] copy_aicore_buffer: [chip_swimlane_collector.cpp:689] Core 68: skipped 1024 AICore record slot(s) with start_time=0 (race-window write or recycled-buffer tail). buf seq=0 count=1024
[mono_ns=7230838601770495][T0xf06fb66daca0][WARN] copy_aicore_buffer: [chip_swimlane_collector.cpp:689] Core 70: skipped 1024 AICore record slot(s) with start_time=0 (race-window write or recycled-buffer tail). buf seq=0 count=1024
[mono_ns=7230838601789395][T0xf06fb76faca0][WARN] copy_aicore_buffer: [chip_swimlane_collector.cpp:689] Core 67: skipped 1024 AICore record slot(s) with start_time=0 (race-window write or recycled-buffer tail). buf seq=0 count=1024
[mono_ns=7230838601857115][T0xf06fb6eeaca0][WARN] copy_aicore_buffer: [chip_swimlane_collector.cpp:689] Core 69: skipped 1024 AICore record slot(s) with start_time=0 (race-window write or recycled-buffer tail). buf seq=0 count=1024
[mono_ns=7230838602081855][T0xf06fb66daca0][WARN] copy_aicore_buffer: [chip_swimlane_collector.cpp:689] Core 71: skipped 1024 AICore record slot(s) with start_time=0 (race-window write or recycled-buffer tail). buf seq=0 count=1024
[mono_ns=7230838702622795][T0xf0711308b020][TIMING] emit_host_span: [STRACE] v=1 pid=441868 tid=441868 inv=4 hid=607e9e6ed0fbbc85 depth=1 name=chip.run.runner_run ts=7230838593817901 dur=108797824 
[mono_ns=7230838702706515][T0xf0711308b020][TIMING] emit_host_span: [STRACE] v=1 pid=441868 tid=441868 inv=4 hid=607e9e6ed0fbbc85 depth=1 name=chip.run.validate ts=7230838702629995 dur=73180 
[mono_ns=7230838702717245][T0xf0711308b020][TIMING] emit_host_span: [STRACE] v=1 pid=441868 tid=441868 inv=4 hid=607e9e6ed0fbbc85 depth=2 name=chip.run.runner_run.device_wall ts=0 dur=559620 clk=dev
[mono_ns=7230838702720845][T0xf0711308b020][TIMING] emit_host_span: [STRACE] v=1 pid=441868 tid=441868 inv=4 hid=607e9e6ed0fbbc85 depth=3 name=chip.run.runner_run.device_wall.preamble ts=0 dur=106720 clk=dev
[mono_ns=7230838702724405][T0xf0711308b020][TIMING] emit_host_span: [STRACE] v=1 pid=441868 tid=441868 inv=4 hid=607e9e6ed0fbbc85 depth=3 name=chip.run.runner_run.device_wall.graph_build ts=102420 dur=447280 clk=dev
[mono_ns=7230838702727765][T0xf0711308b020][TIMING] emit_host_span: [STRACE] v=1 pid=441868 tid=441868 inv=4 hid=607e9e6ed0fbbc85 depth=3 name=chip.run.runner_run.device_wall.config_validate ts=102700 dur=760 clk=dev
[mono_ns=7230838702731015][T0xf0711308b020][TIMING] emit_host_span: [STRACE] v=1 pid=441868 tid=441868 inv=4 hid=607e9e6ed0fbbc85 depth=3 name=chip.run.runner_run.device_wall.arena_wire ts=103520 dur=260 clk=dev
[mono_ns=7230838702734095][T0xf0711308b020][TIMING] emit_host_span: [STRACE] v=1 pid=441868 tid=441868 inv=4 hid=607e9e6ed0fbbc85 depth=3 name=chip.run.runner_run.device_wall.sm_reset ts=103800 dur=700 clk=dev
[mono_ns=7230838702737175][T0xf0711308b020][TIMING] emit_host_span: [STRACE] v=1 pid=441868 tid=441868 inv=4 hid=607e9e6ed0fbbc85 depth=3 name=chip.run.runner_run.device_wall.post_orch ts=549739 dur=9780 clk=dev
[mono_ns=7230838702740065][T0xf0711308b020][TIMING] emit_host_span: [STRACE] v=1 pid=441868 tid=441868 inv=4 hid=607e9e6ed0fbbc85 depth=3 name=chip.run.runner_run.device_wall.orch ts=104600 dur=4060 clk=dev
[mono_ns=7230838702744375][T0xf0711308b020][TIMING] emit_host_span: [STRACE] v=1 pid=441868 tid=441868 inv=4 hid=607e9e6ed0fbbc85 depth=3 name=chip.run.runner_run.device_wall.sched ts=106820 dur=418719 clk=dev
[mono_ns=7230838702748565][T0xf0711308b020][TIMING] emit_host_span: [STRACE] v=1 pid=441868 tid=441868 inv=4 hid=607e9e6ed0fbbc85 depth=1 name=chip.run.claim_release ts=7230838702746265 dur=480 
[mono_ns=7230838702753315][T0xf0711308b020][TIMING] emit_host_span: [STRACE] v=1 pid=441868 tid=441868 inv=4 hid=607e9e6ed0fbbc85 depth=0 name=chip.run ts=7230838593300461 dur=109450364 run_id=4 dispatch_id=4 slot_id=0 generation=4 run_epoch=4
[mono_ns=7230843457306367][T0xf0711308b020][TIMING] emit_host_span: [STRACE] v=1 pid=441868 tid=441868 inv=5 hid=607e9e6ed0fbbc85 depth=2 name=chip.run.bind.args ts=7230843457056977 dur=241100 
[mono_ns=7230843457328917][T0xf0711308b020][TIMING] emit_host_span: [STRACE] v=1 pid=441868 tid=441868 inv=5 hid=607e9e6ed0fbbc85 depth=2 name=chip.run.bind.prebuilt ts=7230843457319397 dur=6810 
[mono_ns=7230843457334107][T0xf0711308b020][TIMING] emit_host_span: [STRACE] v=1 pid=441868 tid=441868 inv=5 hid=607e9e6ed0fbbc85 depth=1 name=chip.run.bind ts=7230843457047777 dur=283890 
[mono_ns=7230843565633284][T0xf0711308b020][TIMING] emit_host_span: [STRACE] v=1 pid=441868 tid=441868 inv=5 hid=607e9e6ed0fbbc85 depth=1 name=chip.run.runner_run ts=7230843457640107 dur=107983527 
[mono_ns=7230843565737854][T0xf0711308b020][TIMING] emit_host_span: [STRACE] v=1 pid=441868 tid=441868 inv=5 hid=607e9e6ed0fbbc85 depth=1 name=chip.run.validate ts=7230843565645884 dur=87860 
[mono_ns=7230843565745714][T0xf0711308b020][TIMING] emit_host_span: [STRACE] v=1 pid=441868 tid=441868 inv=5 hid=607e9e6ed0fbbc85 depth=2 name=chip.run.runner_run.device_wall ts=0 dur=155080 clk=dev
[mono_ns=7230843565750224][T0xf0711308b020][TIMING] emit_host_span: [STRACE] v=1 pid=441868 tid=441868 inv=5 hid=607e9e6ed0fbbc85 depth=3 name=chip.run.runner_run.device_wall.preamble ts=0 dur=8960 clk=dev
[mono_ns=7230843565754624][T0xf0711308b020][TIMING] emit_host_span: [STRACE] v=1 pid=441868 tid=441868 inv=5 hid=607e9e6ed0fbbc85 depth=3 name=chip.run.runner_run.device_wall.graph_build ts=1880 dur=141260 clk=dev
[mono_ns=7230843565758084][T0xf0711308b020][TIMING] emit_host_span: [STRACE] v=1 pid=441868 tid=441868 inv=5 hid=607e9e6ed0fbbc85 depth=3 name=chip.run.runner_run.device_wall.config_validate ts=2500 dur=899 clk=dev
[mono_ns=7230843565761144][T0xf0711308b020][TIMING] emit_host_span: [STRACE] v=1 pid=441868 tid=441868 inv=5 hid=607e9e6ed0fbbc85 depth=3 name=chip.run.runner_run.device_wall.arena_wire ts=3580 dur=480 clk=dev
[mono_ns=7230843565764224][T0xf0711308b020][TIMING] emit_host_span: [STRACE] v=1 pid=441868 tid=441868 inv=5 hid=607e9e6ed0fbbc85 depth=3 name=chip.run.runner_run.device_wall.sm_reset ts=4240 dur=1700 clk=dev
[mono_ns=7230843565767344][T0xf0711308b020][TIMING] emit_host_span: [STRACE] v=1 pid=441868 tid=441868 inv=5 hid=607e9e6ed0fbbc85 depth=3 name=chip.run.runner_run.device_wall.post_orch ts=143340 dur=11340 clk=dev
[mono_ns=7230843565770394][T0xf0711308b020][TIMING] emit_host_span: [STRACE] v=1 pid=441868 tid=441868 inv=5 hid=607e9e6ed0fbbc85 depth=3 name=chip.run.runner_run.device_wall.orch ts=6700 dur=9380 clk=dev
[mono_ns=7230843565776564][T0xf0711308b020][TIMING] emit_host_span: [STRACE] v=1 pid=441868 tid=441868 inv=5 hid=607e9e6ed0fbbc85 depth=3 name=chip.run.runner_run.device_wall.sched ts=9380 dur=124220 clk=dev
[mono_ns=7230843565781814][T0xf0711308b020][TIMING] emit_host_span: [STRACE] v=1 pid=441868 tid=441868 inv=5 hid=607e9e6ed0fbbc85 depth=1 name=chip.run.claim_release ts=7230843565779334 dur=700 
[mono_ns=7230843565786224][T0xf0711308b020][TIMING] emit_host_span: [STRACE] v=1 pid=441868 tid=441868 inv=5 hid=607e9e6ed0fbbc85 depth=0 name=chip.run ts=7230843456966607 dur=108817647 run_id=5 dispatch_id=5 slot_id=0 generation=5 run_epoch=5
[mono_ns=7230843573512037][T0xf0711308b020][TIMING] emit_host_span: [STRACE] v=1 pid=441868 tid=441868 inv=6 hid=607e9e6ed0fbbc85 depth=2 name=chip.run.bind.args ts=7230843573405667 dur=101460 
[mono_ns=7230843573525277][T0xf0711308b020][TIMING] emit_host_span: [STRACE] v=1 pid=441868 tid=441868 inv=6 hid=607e9e6ed0fbbc85 depth=2 name=chip.run.bind.prebuilt ts=7230843573519927 dur=2890 
[mono_ns=7230843573529387][T0xf0711308b020][TIMING] emit_host_span: [STRACE] v=1 pid=441868 tid=441868 inv=6 hid=607e9e6ed0fbbc85 depth=1 name=chip.run.bind ts=7230843573397197 dur=130050 
[mono_ns=7230843574514328][T0xf06fb76faca0][WARN] copy_aicore_buffer: [chip_swimlane_collector.cpp:689] Core 0: skipped 1024 AICore record slot(s) with start_time=0 (race-window write or recycled-buffer tail). buf seq=0 count=1024
[mono_ns=7230843574527988][T0xf06fb6eeaca0][WARN] copy_aicore_buffer: [chip_swimlane_collector.cpp:689] Core 1: skipped 1024 AICore record slot(s) with start_time=0 (race-window write or recycled-buffer tail). buf seq=0 count=1024
[mono_ns=7230843574819548][T0xf06fb76faca0][WARN] copy_aicore_buffer: [chip_swimlane_collector.cpp:689] Core 24: skipped 1023 AICore record slot(s) with start_time=0 (race-window write or recycled-buffer tail). buf seq=0 count=1024
[mono_ns=7230843574826858][T0xf06fb6eeaca0][WARN] copy_aicore_buffer: [chip_swimlane_collector.cpp:689] Core 26: skipped 1024 AICore record slot(s) with start_time=0 (race-window write or recycled-buffer tail). buf seq=0 count=1024
[mono_ns=7230843575037388][T0xf06fb66daca0][WARN] copy_aicore_buffer: [chip_swimlane_collector.cpp:689] Core 2: skipped 1024 AICore record slot(s) with start_time=0 (race-window write or recycled-buffer tail). buf seq=0 count=1024
[mono_ns=7230843575162508][T0xf06fb76faca0][WARN] copy_aicore_buffer: [chip_swimlane_collector.cpp:689] Core 25: skipped 1024 AICore record slot(s) with start_time=0 (race-window write or recycled-buffer tail). buf seq=0 count=1024
[mono_ns=7230843575171598][T0xf06fb6eeaca0][WARN] copy_aicore_buffer: [chip_swimlane_collector.cpp:689] Core 27: skipped 1024 AICore record slot(s) with start_time=0 (race-window write or recycled-buffer tail). buf seq=0 count=1024
[mono_ns=7230843575386108][T0xf06fb66daca0][WARN] copy_aicore_buffer: [chip_swimlane_collector.cpp:689] Core 28: skipped 1022 AICore record slot(s) with start_time=0 (race-window write or recycled-buffer tail). buf seq=0 count=1024
[mono_ns=7230843575455228][T0xf06fb76faca0][WARN] copy_aicore_buffer: [chip_swimlane_collector.cpp:689] Core 3: skipped 1024 AICore record slot(s) with start_time=0 (race-window write or recycled-buffer tail). buf seq=0 count=1024
[mono_ns=7230843575464718][T0xf06fb6eeaca0][WARN] copy_aicore_buffer: [chip_swimlane_collector.cpp:689] Core 4: skipped 1024 AICore record slot(s) with start_time=0 (race-window write or recycled-buffer tail). buf seq=0 count=1024
[mono_ns=7230843575717538][T0xf06fb66daca0][WARN] copy_aicore_buffer: [chip_swimlane_collector.cpp:689] Core 29: skipped 1024 AICore record slot(s) with start_time=0 (race-window write or recycled-buffer tail). buf seq=0 count=1024
[mono_ns=7230843575748298][T0xf06fb76faca0][WARN] copy_aicore_buffer: [chip_swimlane_collector.cpp:689] Core 30: skipped 1024 AICore record slot(s) with start_time=0 (race-window write or recycled-buffer tail). buf seq=0 count=1024
[mono_ns=7230843575754438][T0xf06fb6eeaca0][WARN] copy_aicore_buffer: [chip_swimlane_collector.cpp:689] Core 32: skipped 1024 AICore record slot(s) with start_time=0 (race-window write or recycled-buffer tail). buf seq=0 count=1024
[mono_ns=7230843576051038][T0xf06fb76faca0][WARN] copy_aicore_buffer: [chip_swimlane_collector.cpp:689] Core 31: skipped 1024 AICore record slot(s) with start_time=0 (race-window write or recycled-buffer tail). buf seq=0 count=1024
[mono_ns=7230843576055458][T0xf06fb6eeaca0][WARN] copy_aicore_buffer: [chip_swimlane_collector.cpp:689] Core 33: skipped 1024 AICore record slot(s) with start_time=0 (race-window write or recycled-buffer tail). buf seq=0 count=1024
[mono_ns=7230843576060388][T0xf06fb66daca0][WARN] copy_aicore_buffer: [chip_swimlane_collector.cpp:689] Core 5: skipped 1024 AICore record slot(s) with start_time=0 (race-window write or recycled-buffer tail). buf seq=0 count=1024
[mono_ns=7230843576342618][T0xf06fb76faca0][WARN] copy_aicore_buffer: [chip_swimlane_collector.cpp:689] Core 6: skipped 1024 AICore record slot(s) with start_time=0 (race-window write or recycled-buffer tail). buf seq=0 count=1024
[mono_ns=7230843576347668][T0xf06fb6eeaca0][WARN] copy_aicore_buffer: [chip_swimlane_collector.cpp:689] Core 7: skipped 1024 AICore record slot(s) with start_time=0 (race-window write or recycled-buffer tail). buf seq=0 count=1024
[mono_ns=7230843576388468][T0xf06fb66daca0][WARN] copy_aicore_buffer: [chip_swimlane_collector.cpp:689] Core 34: skipped 1024 AICore record slot(s) with start_time=0 (race-window write or recycled-buffer tail). buf seq=0 count=1024
[mono_ns=7230843576633299][T0xf06fb76faca0][WARN] copy_aicore_buffer: [chip_swimlane_collector.cpp:689] Core 36: skipped 1024 AICore record slot(s) with start_time=0 (race-window write or recycled-buffer tail). buf seq=0 count=1024
[mono_ns=7230843576638269][T0xf06fb6eeaca0][WARN] copy_aicore_buffer: [chip_swimlane_collector.cpp:689] Core 38: skipped 1024 AICore record slot(s) with start_time=0 (race-window write or recycled-buffer tail). buf seq=0 count=1024
[mono_ns=7230843576753159][T0xf06fb66daca0][WARN] copy_aicore_buffer: [chip_swimlane_collector.cpp:689] Core 35: skipped 1024 AICore record slot(s) with start_time=0 (race-window write or recycled-buffer tail). buf seq=0 count=1024
[mono_ns=7230843576924169][T0xf06fb76faca0][WARN] copy_aicore_buffer: [chip_swimlane_collector.cpp:689] Core 37: skipped 1024 AICore record slot(s) with start_time=0 (race-window write or recycled-buffer tail). buf seq=0 count=1024
[mono_ns=7230843576930949][T0xf06fb6eeaca0][WARN] copy_aicore_buffer: [chip_swimlane_collector.cpp:689] Core 39: skipped 1024 AICore record slot(s) with start_time=0 (race-window write or recycled-buffer tail). buf seq=0 count=1024
[mono_ns=7230843577099949][T0xf06fb66daca0][WARN] copy_aicore_buffer: [chip_swimlane_collector.cpp:689] Core 8: skipped 1024 AICore record slot(s) with start_time=0 (race-window write or recycled-buffer tail). buf seq=0 count=1024
[mono_ns=7230843577230179][T0xf06fb76faca0][WARN] copy_aicore_buffer: [chip_swimlane_collector.cpp:689] Core 9: skipped 1024 AICore record slot(s) with start_time=0 (race-window write or recycled-buffer tail). buf seq=0 count=1024
[mono_ns=7230843577235439][T0xf06fb6eeaca0][WARN] copy_aicore_buffer: [chip_swimlane_collector.cpp:689] Core 10: skipped 1024 AICore record slot(s) with start_time=0 (race-window write or recycled-buffer tail). buf seq=0 count=1024
[mono_ns=7230843577433009][T0xf06fb66daca0][WARN] copy_aicore_buffer: [chip_swimlane_collector.cpp:689] Core 40: skipped 1024 AICore record slot(s) with start_time=0 (race-window write or recycled-buffer tail). buf seq=0 count=1024
[mono_ns=7230843577520789][T0xf06fb76faca0][WARN] copy_aicore_buffer: [chip_swimlane_collector.cpp:689] Core 42: skipped 1024 AICore record slot(s) with start_time=0 (race-window write or recycled-buffer tail). buf seq=0 count=1024
[mono_ns=7230843577525449][T0xf06fb6eeaca0][WARN] copy_aicore_buffer: [chip_swimlane_collector.cpp:689] Core 44: skipped 1024 AICore record slot(s) with start_time=0 (race-window write or recycled-buffer tail). buf seq=0 count=1024
[mono_ns=7230843577762799][T0xf06fb66daca0][WARN] copy_aicore_buffer: [chip_swimlane_collector.cpp:689] Core 41: skipped 1024 AICore record slot(s) with start_time=0 (race-window write or recycled-buffer tail). buf seq=0 count=1024
[mono_ns=7230843577810809][T0xf06fb76faca0][WARN] copy_aicore_buffer: [chip_swimlane_collector.cpp:689] Core 43: skipped 1024 AICore record slot(s) with start_time=0 (race-window write or recycled-buffer tail). buf seq=0 count=1024
[mono_ns=7230843577817009][T0xf06fb6eeaca0][WARN] copy_aicore_buffer: [chip_swimlane_collector.cpp:689] Core 45: skipped 1024 AICore record slot(s) with start_time=0 (race-window write or recycled-buffer tail). buf seq=0 count=1024
[mono_ns=7230843578102599][T0xf06fb66daca0][WARN] copy_aicore_buffer: [chip_swimlane_collector.cpp:689] Core 11: skipped 1024 AICore record slot(s) with start_time=0 (race-window write or recycled-buffer tail). buf seq=0 count=1024
[mono_ns=7230843578112359][T0xf06fb76faca0][WARN] copy_aicore_buffer: [chip_swimlane_collector.cpp:689] Core 12: skipped 1024 AICore record slot(s) with start_time=0 (race-window write or recycled-buffer tail). buf seq=0 count=1024
[mono_ns=7230843578117539][T0xf06fb6eeaca0][WARN] copy_aicore_buffer: [chip_swimlane_collector.cpp:689] Core 13: skipped 1024 AICore record slot(s) with start_time=0 (race-window write or recycled-buffer tail). buf seq=0 count=1024
[mono_ns=7230843578403859][T0xf06fb76faca0][WARN] copy_aicore_buffer: [chip_swimlane_collector.cpp:689] Core 48: skipped 1024 AICore record slot(s) with start_time=0 (race-window write or recycled-buffer tail). buf seq=0 count=1024
[mono_ns=7230843578408059][T0xf06fb6eeaca0][WARN] copy_aicore_buffer: [chip_swimlane_collector.cpp:689] Core 50: skipped 1024 AICore record slot(s) with start_time=0 (race-window write or recycled-buffer tail). buf seq=0 count=1024
[mono_ns=7230843578433299][T0xf06fb66daca0][WARN] copy_aicore_buffer: [chip_swimlane_collector.cpp:689] Core 46: skipped 1024 AICore record slot(s) with start_time=0 (race-window write or recycled-buffer tail). buf seq=0 count=1024
[mono_ns=7230843578694119][T0xf06fb76faca0][WARN] copy_aicore_buffer: [chip_swimlane_collector.cpp:689] Core 49: skipped 1024 AICore record slot(s) with start_time=0 (race-window write or recycled-buffer tail). buf seq=0 count=1024
[mono_ns=7230843578698949][T0xf06fb6eeaca0][WARN] copy_aicore_buffer: [chip_swimlane_collector.cpp:689] Core 51: skipped 1024 AICore record slot(s) with start_time=0 (race-window write or recycled-buffer tail). buf seq=0 count=1024
[mono_ns=7230843578764319][T0xf06fb66daca0][WARN] copy_aicore_buffer: [chip_swimlane_collector.cpp:689] Core 47: skipped 1024 AICore record slot(s) with start_time=0 (race-window write or recycled-buffer tail). buf seq=0 count=1024
[mono_ns=7230843578984760][T0xf06fb76faca0][WARN] copy_aicore_buffer: [chip_swimlane_collector.cpp:689] Core 15: skipped 1024 AICore record slot(s) with start_time=0 (race-window write or recycled-buffer tail). buf seq=0 count=1024
[mono_ns=7230843578989580][T0xf06fb6eeaca0][WARN] copy_aicore_buffer: [chip_swimlane_collector.cpp:689] Core 16: skipped 1024 AICore record slot(s) with start_time=0 (race-window write or recycled-buffer tail). buf seq=0 count=1024
[mono_ns=7230843579103040][T0xf06fb66daca0][WARN] copy_aicore_buffer: [chip_swimlane_collector.cpp:689] Core 14: skipped 1024 AICore record slot(s) with start_time=0 (race-window write or recycled-buffer tail). buf seq=0 count=1024
[mono_ns=7230843579280590][T0xf06fb76faca0][WARN] copy_aicore_buffer: [chip_swimlane_collector.cpp:689] Core 54: skipped 1024 AICore record slot(s) with start_time=0 (race-window write or recycled-buffer tail). buf seq=0 count=1024
[mono_ns=7230843579290250][T0xf06fb6eeaca0][WARN] copy_aicore_buffer: [chip_swimlane_collector.cpp:689] Core 56: skipped 1024 AICore record slot(s) with start_time=0 (race-window write or recycled-buffer tail). buf seq=0 count=1024
[mono_ns=7230843579434870][T0xf06fb66daca0][WARN] copy_aicore_buffer: [chip_swimlane_collector.cpp:689] Core 52: skipped 1024 AICore record slot(s) with start_time=0 (race-window write or recycled-buffer tail). buf seq=0 count=1024
[mono_ns=7230843579570940][T0xf06fb76faca0][WARN] copy_aicore_buffer: [chip_swimlane_collector.cpp:689] Core 55: skipped 1024 AICore record slot(s) with start_time=0 (race-window write or recycled-buffer tail). buf seq=0 count=1024
[mono_ns=7230843579580120][T0xf06fb6eeaca0][WARN] copy_aicore_buffer: [chip_swimlane_collector.cpp:689] Core 57: skipped 1024 AICore record slot(s) with start_time=0 (race-window write or recycled-buffer tail). buf seq=0 count=1024
[mono_ns=7230843579768210][T0xf06fb66daca0][WARN] copy_aicore_buffer: [chip_swimlane_collector.cpp:689] Core 53: skipped 1024 AICore record slot(s) with start_time=0 (race-window write or recycled-buffer tail). buf seq=0 count=1024
[mono_ns=7230843579860470][T0xf06fb76faca0][WARN] copy_aicore_buffer: [chip_swimlane_collector.cpp:689] Core 18: skipped 1024 AICore record slot(s) with start_time=0 (race-window write or recycled-buffer tail). buf seq=0 count=1024
[mono_ns=7230843579871560][T0xf06fb6eeaca0][WARN] copy_aicore_buffer: [chip_swimlane_collector.cpp:689] Core 19: skipped 1024 AICore record slot(s) with start_time=0 (race-window write or recycled-buffer tail). buf seq=0 count=1024
[mono_ns=7230843580108560][T0xf06fb66daca0][WARN] copy_aicore_buffer: [chip_swimlane_collector.cpp:689] Core 17: skipped 1024 AICore record slot(s) with start_time=0 (race-window write or recycled-buffer tail). buf seq=0 count=1024
[mono_ns=7230843580161320][T0xf06fb76faca0][WARN] copy_aicore_buffer: [chip_swimlane_collector.cpp:689] Core 60: skipped 1024 AICore record slot(s) with start_time=0 (race-window write or recycled-buffer tail). buf seq=0 count=1024
[mono_ns=7230843580171780][T0xf06fb6eeaca0][WARN] copy_aicore_buffer: [chip_swimlane_collector.cpp:689] Core 62: skipped 1024 AICore record slot(s) with start_time=0 (race-window write or recycled-buffer tail). buf seq=0 count=1024
[mono_ns=7230843580440990][T0xf06fb66daca0][WARN] copy_aicore_buffer: [chip_swimlane_collector.cpp:689] Core 58: skipped 1024 AICore record slot(s) with start_time=0 (race-window write or recycled-buffer tail). buf seq=0 count=1024
[mono_ns=7230843580452040][T0xf06fb76faca0][WARN] copy_aicore_buffer: [chip_swimlane_collector.cpp:689] Core 61: skipped 1024 AICore record slot(s) with start_time=0 (race-window write or recycled-buffer tail). buf seq=0 count=1024
[mono_ns=7230843580463040][T0xf06fb6eeaca0][WARN] copy_aicore_buffer: [chip_swimlane_collector.cpp:689] Core 63: skipped 1024 AICore record slot(s) with start_time=0 (race-window write or recycled-buffer tail). buf seq=0 count=1024
[mono_ns=7230843580743440][T0xf06fb76faca0][WARN] copy_aicore_buffer: [chip_swimlane_collector.cpp:689] Core 21: skipped 1024 AICore record slot(s) with start_time=0 (race-window write or recycled-buffer tail). buf seq=0 count=1024
[mono_ns=7230843580752420][T0xf06fb6eeaca0][WARN] copy_aicore_buffer: [chip_swimlane_collector.cpp:689] Core 22: skipped 1024 AICore record slot(s) with start_time=0 (race-window write or recycled-buffer tail). buf seq=0 count=1024
[mono_ns=7230843580771190][T0xf06fb66daca0][WARN] copy_aicore_buffer: [chip_swimlane_collector.cpp:689] Core 59: skipped 1024 AICore record slot(s) with start_time=0 (race-window write or recycled-buffer tail). buf seq=0 count=1024
[mono_ns=7230843581044420][T0xf06fb76faca0][WARN] copy_aicore_buffer: [chip_swimlane_collector.cpp:689] Core 66: skipped 1024 AICore record slot(s) with start_time=0 (race-window write or recycled-buffer tail). buf seq=0 count=1024
[mono_ns=7230843581060400][T0xf06fb6eeaca0][WARN] copy_aicore_buffer: [chip_swimlane_collector.cpp:689] Core 68: skipped 1024 AICore record slot(s) with start_time=0 (race-window write or recycled-buffer tail). buf seq=0 count=1024
[mono_ns=7230843581111620][T0xf06fb66daca0][WARN] copy_aicore_buffer: [chip_swimlane_collector.cpp:689] Core 20: skipped 1024 AICore record slot(s) with start_time=0 (race-window write or recycled-buffer tail). buf seq=0 count=1024
[mono_ns=7230843581337751][T0xf06fb76faca0][WARN] copy_aicore_buffer: [chip_swimlane_collector.cpp:689] Core 67: skipped 1024 AICore record slot(s) with start_time=0 (race-window write or recycled-buffer tail). buf seq=0 count=1024
[mono_ns=7230843581353771][T0xf06fb6eeaca0][WARN] copy_aicore_buffer: [chip_swimlane_collector.cpp:689] Core 69: skipped 1024 AICore record slot(s) with start_time=0 (race-window write or recycled-buffer tail). buf seq=0 count=1024
[mono_ns=7230843581443271][T0xf06fb66daca0][WARN] copy_aicore_buffer: [chip_swimlane_collector.cpp:689] Core 64: skipped 1024 AICore record slot(s) with start_time=0 (race-window write or recycled-buffer tail). buf seq=0 count=1024
[mono_ns=7230843581774441][T0xf06fb66daca0][WARN] copy_aicore_buffer: [chip_swimlane_collector.cpp:689] Core 65: skipped 1024 AICore record slot(s) with start_time=0 (race-window write or recycled-buffer tail). buf seq=0 count=1024
[mono_ns=7230843582115911][T0xf06fb66daca0][WARN] copy_aicore_buffer: [chip_swimlane_collector.cpp:689] Core 23: skipped 1024 AICore record slot(s) with start_time=0 (race-window write or recycled-buffer tail). buf seq=0 count=1024
[mono_ns=7230843582447471][T0xf06fb66daca0][WARN] copy_aicore_buffer: [chip_swimlane_collector.cpp:689] Core 70: skipped 1024 AICore record slot(s) with start_time=0 (race-window write or recycled-buffer tail). buf seq=0 count=1024
[mono_ns=7230843582806461][T0xf06fb66daca0][WARN] copy_aicore_buffer: [chip_swimlane_collector.cpp:689] Core 71: skipped 1024 AICore record slot(s) with start_time=0 (race-window write or recycled-buffer tail). buf seq=0 count=1024
[mono_ns=7230843683341725][T0xf0711308b020][TIMING] emit_host_span: [STRACE] v=1 pid=441868 tid=441868 inv=6 hid=607e9e6ed0fbbc85 depth=1 name=chip.run.runner_run ts=7230843573841367 dur=109494218 
[mono_ns=7230843683417425][T0xf0711308b020][TIMING] emit_host_span: [STRACE] v=1 pid=441868 tid=441868 inv=6 hid=607e9e6ed0fbbc85 depth=1 name=chip.run.validate ts=7230843683349625 dur=63640 
[mono_ns=7230843683423865][T0xf0711308b020][TIMING] emit_host_span: [STRACE] v=1 pid=441868 tid=441868 inv=6 hid=607e9e6ed0fbbc85 depth=2 name=chip.run.runner_run.device_wall ts=0 dur=246820 clk=dev
[mono_ns=7230843683427945][T0xf0711308b020][TIMING] emit_host_span: [STRACE] v=1 pid=441868 tid=441868 inv=6 hid=607e9e6ed0fbbc85 depth=3 name=chip.run.runner_run.device_wall.preamble ts=0 dur=106580 clk=dev
[mono_ns=7230843683431645][T0xf0711308b020][TIMING] emit_host_span: [STRACE] v=1 pid=441868 tid=441868 inv=6 hid=607e9e6ed0fbbc85 depth=3 name=chip.run.runner_run.device_wall.graph_build ts=101760 dur=134840 clk=dev
[mono_ns=7230843683435625][T0xf0711308b020][TIMING] emit_host_span: [STRACE] v=1 pid=441868 tid=441868 inv=6 hid=607e9e6ed0fbbc85 depth=3 name=chip.run.runner_run.device_wall.config_validate ts=101880 dur=700 clk=dev
[mono_ns=7230843683439355][T0xf0711308b020][TIMING] emit_host_span: [STRACE] v=1 pid=441868 tid=441868 inv=6 hid=607e9e6ed0fbbc85 depth=3 name=chip.run.runner_run.device_wall.arena_wire ts=102600 dur=280 clk=dev
[mono_ns=7230843683446065][T0xf0711308b020][TIMING] emit_host_span: [STRACE] v=1 pid=441868 tid=441868 inv=6 hid=607e9e6ed0fbbc85 depth=3 name=chip.run.runner_run.device_wall.sm_reset ts=102899 dur=700 clk=dev
[mono_ns=7230843683449335][T0xf0711308b020][TIMING] emit_host_span: [STRACE] v=1 pid=441868 tid=441868 inv=6 hid=607e9e6ed0fbbc85 depth=3 name=chip.run.runner_run.device_wall.post_orch ts=236679 dur=10020 clk=dev
[mono_ns=7230843683452405][T0xf0711308b020][TIMING] emit_host_span: [STRACE] v=1 pid=441868 tid=441868 inv=6 hid=607e9e6ed0fbbc85 depth=3 name=chip.run.runner_run.device_wall.orch ts=103660 dur=3540 clk=dev
[mono_ns=7230843683455435][T0xf0711308b020][TIMING] emit_host_span: [STRACE] v=1 pid=441868 tid=441868 inv=6 hid=607e9e6ed0fbbc85 depth=3 name=chip.run.runner_run.device_wall.sched ts=106660 dur=106160 clk=dev
[mono_ns=7230843683459845][T0xf0711308b020][TIMING] emit_host_span: [STRACE] v=1 pid=441868 tid=441868 inv=6 hid=607e9e6ed0fbbc85 depth=1 name=chip.run.claim_release ts=7230843683457875 dur=230 
[mono_ns=7230843683465675][T0xf0711308b020][TIMING] emit_host_span: [STRACE] v=1 pid=441868 tid=441868 inv=6 hid=607e9e6ed0fbbc85 depth=0 name=chip.run ts=7230843573371417 dur=110092188 run_id=6 dispatch_id=6 slot_id=0 generation=6 run_epoch=6
[mono_ns=7230848524700434][T0xf0711308b020][TIMING] emit_host_span: [STRACE] v=1 pid=441868 tid=441868 inv=7 hid=607e9e6ed0fbbc85 depth=2 name=chip.run.bind.args ts=7230848524567634 dur=125330 
[mono_ns=7230848524722774][T0xf0711308b020][TIMING] emit_host_span: [STRACE] v=1 pid=441868 tid=441868 inv=7 hid=607e9e6ed0fbbc85 depth=2 name=chip.run.bind.prebuilt ts=7230848524713044 dur=6440 
[mono_ns=7230848524727934][T0xf0711308b020][TIMING] emit_host_span: [STRACE] v=1 pid=441868 tid=441868 inv=7 hid=607e9e6ed0fbbc85 depth=1 name=chip.run.bind ts=7230848524557684 dur=167830 
[mono_ns=7230848632792696][T0xf0711308b020][TIMING] emit_host_span: [STRACE] v=1 pid=441868 tid=441868 inv=7 hid=607e9e6ed0fbbc85 depth=1 name=chip.run.runner_run ts=7230848524981864 dur=107802862 
[mono_ns=7230848632889446][T0xf0711308b020][TIMING] emit_host_span: [STRACE] v=1 pid=441868 tid=441868 inv=7 hid=607e9e6ed0fbbc85 depth=1 name=chip.run.validate ts=7230848632804516 dur=81200 
[mono_ns=7230848632896756][T0xf0711308b020][TIMING] emit_host_span: [STRACE] v=1 pid=441868 tid=441868 inv=7 hid=607e9e6ed0fbbc85 depth=2 name=chip.run.runner_run.device_wall ts=0 dur=159560 clk=dev
[mono_ns=7230848632901906][T0xf0711308b020][TIMING] emit_host_span: [STRACE] v=1 pid=441868 tid=441868 inv=7 hid=607e9e6ed0fbbc85 depth=3 name=chip.run.runner_run.device_wall.preamble ts=0 dur=6399 clk=dev
[mono_ns=7230848632905526][T0xf0711308b020][TIMING] emit_host_span: [STRACE] v=1 pid=441868 tid=441868 inv=7 hid=607e9e6ed0fbbc85 depth=3 name=chip.run.runner_run.device_wall.graph_build ts=1700 dur=147200 clk=dev
[mono_ns=7230848632909026][T0xf0711308b020][TIMING] emit_host_span: [STRACE] v=1 pid=441868 tid=441868 inv=7 hid=607e9e6ed0fbbc85 depth=3 name=chip.run.runner_run.device_wall.config_validate ts=2139 dur=1260 clk=dev
[mono_ns=7230848632914946][T0xf0711308b020][TIMING] emit_host_span: [STRACE] v=1 pid=441868 tid=441868 inv=7 hid=607e9e6ed0fbbc85 depth=3 name=chip.run.runner_run.device_wall.arena_wire ts=3440 dur=700 clk=dev
[mono_ns=7230848632918116][T0xf0711308b020][TIMING] emit_host_span: [STRACE] v=1 pid=441868 tid=441868 inv=7 hid=607e9e6ed0fbbc85 depth=3 name=chip.run.runner_run.device_wall.sm_reset ts=4300 dur=2460 clk=dev
[mono_ns=7230848632921366][T0xf0711308b020][TIMING] emit_host_span: [STRACE] v=1 pid=441868 tid=441868 inv=7 hid=607e9e6ed0fbbc85 depth=3 name=chip.run.runner_run.device_wall.post_orch ts=148960 dur=10400 clk=dev
[mono_ns=7230848632924726][T0xf0711308b020][TIMING] emit_host_span: [STRACE] v=1 pid=441868 tid=441868 inv=7 hid=607e9e6ed0fbbc85 depth=3 name=chip.run.runner_run.device_wall.orch ts=7819 dur=10700 clk=dev
[mono_ns=7230848632927726][T0xf0711308b020][TIMING] emit_host_span: [STRACE] v=1 pid=441868 tid=441868 inv=7 hid=607e9e6ed0fbbc85 depth=3 name=chip.run.runner_run.device_wall.sched ts=7100 dur=131980 clk=dev
[mono_ns=7230848632932776][T0xf0711308b020][TIMING] emit_host_span: [STRACE] v=1 pid=441868 tid=441868 inv=7 hid=607e9e6ed0fbbc85 depth=1 name=chip.run.claim_release ts=7230848632930356 dur=690 
[mono_ns=7230848632938036][T0xf0711308b020][TIMING] emit_host_span: [STRACE] v=1 pid=441868 tid=441868 inv=7 hid=607e9e6ed0fbbc85 depth=0 name=chip.run ts=7230848524483964 dur=108451552 run_id=7 dispatch_id=7 slot_id=0 generation=7 run_epoch=7
[mono_ns=7230848639780229][T0xf0711308b020][TIMING] emit_host_span: [STRACE] v=1 pid=441868 tid=441868 inv=8 hid=607e9e6ed0fbbc85 depth=2 name=chip.run.bind.args ts=7230848639669789 dur=105440 
[mono_ns=7230848639798939][T0xf0711308b020][TIMING] emit_host_span: [STRACE] v=1 pid=441868 tid=441868 inv=8 hid=607e9e6ed0fbbc85 depth=2 name=chip.run.bind.prebuilt ts=7230848639793219 dur=3110 
[mono_ns=7230848639803059][T0xf0711308b020][TIMING] emit_host_span: [STRACE] v=1 pid=441868 tid=441868 inv=8 hid=607e9e6ed0fbbc85 depth=1 name=chip.run.bind ts=7230848639661959 dur=138900 
[mono_ns=7230848640834439][T0xf06fb76faca0][WARN] copy_aicore_buffer: [chip_swimlane_collector.cpp:689] Core 0: skipped 1024 AICore record slot(s) with start_time=0 (race-window write or recycled-buffer tail). buf seq=0 count=1024
[mono_ns=7230848640881359][T0xf06fb6eeaca0][WARN] copy_aicore_buffer: [chip_swimlane_collector.cpp:689] Core 1: skipped 1024 AICore record slot(s) with start_time=0 (race-window write or recycled-buffer tail). buf seq=0 count=1024
[mono_ns=7230848640903139][T0xf06fb66daca0][WARN] copy_aicore_buffer: [chip_swimlane_collector.cpp:689] Core 2: skipped 1024 AICore record slot(s) with start_time=0 (race-window write or recycled-buffer tail). buf seq=0 count=1024
[mono_ns=7230848641152900][T0xf06fb76faca0][WARN] copy_aicore_buffer: [chip_swimlane_collector.cpp:689] Core 24: skipped 1024 AICore record slot(s) with start_time=0 (race-window write or recycled-buffer tail). buf seq=0 count=1024
[mono_ns=7230848641196020][T0xf06fb6eeaca0][WARN] copy_aicore_buffer: [chip_swimlane_collector.cpp:689] Core 26: skipped 1021 AICore record slot(s) with start_time=0 (race-window write or recycled-buffer tail). buf seq=0 count=1024
[mono_ns=7230848641278640][T0xf06fb66daca0][WARN] copy_aicore_buffer: [chip_swimlane_collector.cpp:689] Core 28: skipped 1024 AICore record slot(s) with start_time=0 (race-window write or recycled-buffer tail). buf seq=0 count=1024
[mono_ns=7230848641445200][T0xf06fb76faca0][WARN] copy_aicore_buffer: [chip_swimlane_collector.cpp:689] Core 25: skipped 1024 AICore record slot(s) with start_time=0 (race-window write or recycled-buffer tail). buf seq=0 count=1024
[mono_ns=7230848641488810][T0xf06fb6eeaca0][WARN] copy_aicore_buffer: [chip_swimlane_collector.cpp:689] Core 27: skipped 1024 AICore record slot(s) with start_time=0 (race-window write or recycled-buffer tail). buf seq=0 count=1024
[mono_ns=7230848641612660][T0xf06fb66daca0][WARN] copy_aicore_buffer: [chip_swimlane_collector.cpp:689] Core 29: skipped 1024 AICore record slot(s) with start_time=0 (race-window write or recycled-buffer tail). buf seq=0 count=1024
[mono_ns=7230848641736020][T0xf06fb76faca0][WARN] copy_aicore_buffer: [chip_swimlane_collector.cpp:689] Core 3: skipped 1024 AICore record slot(s) with start_time=0 (race-window write or recycled-buffer tail). buf seq=0 count=1024
[mono_ns=7230848641781390][T0xf06fb6eeaca0][WARN] copy_aicore_buffer: [chip_swimlane_collector.cpp:689] Core 4: skipped 1024 AICore record slot(s) with start_time=0 (race-window write or recycled-buffer tail). buf seq=0 count=1024
[mono_ns=7230848641943600][T0xf06fb66daca0][WARN] copy_aicore_buffer: [chip_swimlane_collector.cpp:689] Core 5: skipped 1024 AICore record slot(s) with start_time=0 (race-window write or recycled-buffer tail). buf seq=0 count=1024
[mono_ns=7230848642040340][T0xf06fb76faca0][WARN] copy_aicore_buffer: [chip_swimlane_collector.cpp:689] Core 30: skipped 1024 AICore record slot(s) with start_time=0 (race-window write or recycled-buffer tail). buf seq=0 count=1024
[mono_ns=7230848642081910][T0xf06fb6eeaca0][WARN] copy_aicore_buffer: [chip_swimlane_collector.cpp:689] Core 32: skipped 1024 AICore record slot(s) with start_time=0 (race-window write or recycled-buffer tail). buf seq=0 count=1024
[mono_ns=7230848642290580][T0xf06fb66daca0][WARN] copy_aicore_buffer: [chip_swimlane_collector.cpp:689] Core 34: skipped 1024 AICore record slot(s) with start_time=0 (race-window write or recycled-buffer tail). buf seq=0 count=1024
[mono_ns=7230848642332120][T0xf06fb76faca0][WARN] copy_aicore_buffer: [chip_swimlane_collector.cpp:689] Core 31: skipped 1024 AICore record slot(s) with start_time=0 (race-window write or recycled-buffer tail). buf seq=0 count=1024
[mono_ns=7230848642374350][T0xf06fb6eeaca0][WARN] copy_aicore_buffer: [chip_swimlane_collector.cpp:689] Core 33: skipped 1024 AICore record slot(s) with start_time=0 (race-window write or recycled-buffer tail). buf seq=0 count=1024
[mono_ns=7230848642620470][T0xf06fb66daca0][WARN] copy_aicore_buffer: [chip_swimlane_collector.cpp:689] Core 35: skipped 1024 AICore record slot(s) with start_time=0 (race-window write or recycled-buffer tail). buf seq=0 count=1024
[mono_ns=7230848642623550][T0xf06fb76faca0][WARN] copy_aicore_buffer: [chip_swimlane_collector.cpp:689] Core 6: skipped 1024 AICore record slot(s) with start_time=0 (race-window write or recycled-buffer tail). buf seq=0 count=1024
[mono_ns=7230848642665780][T0xf06fb6eeaca0][WARN] copy_aicore_buffer: [chip_swimlane_collector.cpp:689] Core 7: skipped 1024 AICore record slot(s) with start_time=0 (race-window write or recycled-buffer tail). buf seq=0 count=1024
[mono_ns=7230848642913480][T0xf06fb76faca0][WARN] copy_aicore_buffer: [chip_swimlane_collector.cpp:689] Core 36: skipped 1024 AICore record slot(s) with start_time=0 (race-window write or recycled-buffer tail). buf seq=0 count=1024
[mono_ns=7230848642950890][T0xf06fb66daca0][WARN] copy_aicore_buffer: [chip_swimlane_collector.cpp:689] Core 8: skipped 1024 AICore record slot(s) with start_time=0 (race-window write or recycled-buffer tail). buf seq=0 count=1024
[mono_ns=7230848642957350][T0xf06fb6eeaca0][WARN] copy_aicore_buffer: [chip_swimlane_collector.cpp:689] Core 38: skipped 1024 AICore record slot(s) with start_time=0 (race-window write or recycled-buffer tail). buf seq=0 count=1024
[mono_ns=7230848643219791][T0xf06fb76faca0][WARN] copy_aicore_buffer: [chip_swimlane_collector.cpp:689] Core 37: skipped 1024 AICore record slot(s) with start_time=0 (race-window write or recycled-buffer tail). buf seq=0 count=1024
[mono_ns=7230848643258841][T0xf06fb6eeaca0][WARN] copy_aicore_buffer: [chip_swimlane_collector.cpp:689] Core 39: skipped 1024 AICore record slot(s) with start_time=0 (race-window write or recycled-buffer tail). buf seq=0 count=1024
[mono_ns=7230848643291421][T0xf06fb66daca0][WARN] copy_aicore_buffer: [chip_swimlane_collector.cpp:689] Core 40: skipped 1024 AICore record slot(s) with start_time=0 (race-window write or recycled-buffer tail). buf seq=0 count=1024
[mono_ns=7230848643510981][T0xf06fb76faca0][WARN] copy_aicore_buffer: [chip_swimlane_collector.cpp:689] Core 9: skipped 1024 AICore record slot(s) with start_time=0 (race-window write or recycled-buffer tail). buf seq=0 count=1024
[mono_ns=7230848643550301][T0xf06fb6eeaca0][WARN] copy_aicore_buffer: [chip_swimlane_collector.cpp:689] Core 10: skipped 1024 AICore record slot(s) with start_time=0 (race-window write or recycled-buffer tail). buf seq=0 count=1024
[mono_ns=7230848643622181][T0xf06fb66daca0][WARN] copy_aicore_buffer: [chip_swimlane_collector.cpp:689] Core 41: skipped 1024 AICore record slot(s) with start_time=0 (race-window write or recycled-buffer tail). buf seq=0 count=1024
[mono_ns=7230848643801741][T0xf06fb76faca0][WARN] copy_aicore_buffer: [chip_swimlane_collector.cpp:689] Core 42: skipped 1024 AICore record slot(s) with start_time=0 (race-window write or recycled-buffer tail). buf seq=0 count=1024
[mono_ns=7230848643842121][T0xf06fb6eeaca0][WARN] copy_aicore_buffer: [chip_swimlane_collector.cpp:689] Core 44: skipped 1024 AICore record slot(s) with start_time=0 (race-window write or recycled-buffer tail). buf seq=0 count=1024
[mono_ns=7230848643991991][T0xf06fb66daca0][WARN] copy_aicore_buffer: [chip_swimlane_collector.cpp:689] Core 11: skipped 1024 AICore record slot(s) with start_time=0 (race-window write or recycled-buffer tail). buf seq=0 count=1024
[mono_ns=7230848644106271][T0xf06fb76faca0][WARN] copy_aicore_buffer: [chip_swimlane_collector.cpp:689] Core 43: skipped 1024 AICore record slot(s) with start_time=0 (race-window write or recycled-buffer tail). buf seq=0 count=1024
[mono_ns=7230848644149181][T0xf06fb6eeaca0][WARN] copy_aicore_buffer: [chip_swimlane_collector.cpp:689] Core 45: skipped 1024 AICore record slot(s) with start_time=0 (race-window write or recycled-buffer tail). buf seq=0 count=1024
[mono_ns=7230848644333051][T0xf06fb66daca0][WARN] copy_aicore_buffer: [chip_swimlane_collector.cpp:689] Core 46: skipped 1024 AICore record slot(s) with start_time=0 (race-window write or recycled-buffer tail). buf seq=0 count=1024
[mono_ns=7230848644397601][T0xf06fb76faca0][WARN] copy_aicore_buffer: [chip_swimlane_collector.cpp:689] Core 12: skipped 1024 AICore record slot(s) with start_time=0 (race-window write or recycled-buffer tail). buf seq=0 count=1024
[mono_ns=7230848644441051][T0xf06fb6eeaca0][WARN] copy_aicore_buffer: [chip_swimlane_collector.cpp:689] Core 13: skipped 1024 AICore record slot(s) with start_time=0 (race-window write or recycled-buffer tail). buf seq=0 count=1024
[mono_ns=7230848644664231][T0xf06fb66daca0][WARN] copy_aicore_buffer: [chip_swimlane_collector.cpp:689] Core 47: skipped 1024 AICore record slot(s) with start_time=0 (race-window write or recycled-buffer tail). buf seq=0 count=1024
[mono_ns=7230848644688791][T0xf06fb76faca0][WARN] copy_aicore_buffer: [chip_swimlane_collector.cpp:689] Core 48: skipped 1024 AICore record slot(s) with start_time=0 (race-window write or recycled-buffer tail). buf seq=0 count=1024
[mono_ns=7230848644733271][T0xf06fb6eeaca0][WARN] copy_aicore_buffer: [chip_swimlane_collector.cpp:689] Core 50: skipped 1024 AICore record slot(s) with start_time=0 (race-window write or recycled-buffer tail). buf seq=0 count=1024
[mono_ns=7230848644978651][T0xf06fb76faca0][WARN] copy_aicore_buffer: [chip_swimlane_collector.cpp:689] Core 49: skipped 1024 AICore record slot(s) with start_time=0 (race-window write or recycled-buffer tail). buf seq=0 count=1024
[mono_ns=7230848644996731][T0xf06fb66daca0][WARN] copy_aicore_buffer: [chip_swimlane_collector.cpp:689] Core 14: skipped 1024 AICore record slot(s) with start_time=0 (race-window write or recycled-buffer tail). buf seq=0 count=1024
[mono_ns=7230848645036191][T0xf06fb6eeaca0][WARN] copy_aicore_buffer: [chip_swimlane_collector.cpp:689] Core 51: skipped 1024 AICore record slot(s) with start_time=0 (race-window write or recycled-buffer tail). buf seq=0 count=1024
[mono_ns=7230848645276882][T0xf06fb76faca0][WARN] copy_aicore_buffer: [chip_swimlane_collector.cpp:689] Core 15: skipped 1024 AICore record slot(s) with start_time=0 (race-window write or recycled-buffer tail). buf seq=0 count=1024
[mono_ns=7230848645328052][T0xf06fb6eeaca0][WARN] copy_aicore_buffer: [chip_swimlane_collector.cpp:689] Core 16: skipped 1024 AICore record slot(s) with start_time=0 (race-window write or recycled-buffer tail). buf seq=0 count=1024
[mono_ns=7230848645332362][T0xf06fb66daca0][WARN] copy_aicore_buffer: [chip_swimlane_collector.cpp:689] Core 52: skipped 1024 AICore record slot(s) with start_time=0 (race-window write or recycled-buffer tail). buf seq=0 count=1024
[mono_ns=7230848645569022][T0xf06fb76faca0][WARN] copy_aicore_buffer: [chip_swimlane_collector.cpp:689] Core 54: skipped 1024 AICore record slot(s) with start_time=0 (race-window write or recycled-buffer tail). buf seq=0 count=1024
[mono_ns=7230848645620452][T0xf06fb6eeaca0][WARN] copy_aicore_buffer: [chip_swimlane_collector.cpp:689] Core 56: skipped 1024 AICore record slot(s) with start_time=0 (race-window write or recycled-buffer tail). buf seq=0 count=1024
[mono_ns=7230848645660782][T0xf06fb66daca0][WARN] copy_aicore_buffer: [chip_swimlane_collector.cpp:689] Core 53: skipped 1024 AICore record slot(s) with start_time=0 (race-window write or recycled-buffer tail). buf seq=0 count=1024
[mono_ns=7230848645859482][T0xf06fb76faca0][WARN] copy_aicore_buffer: [chip_swimlane_collector.cpp:689] Core 55: skipped 1024 AICore record slot(s) with start_time=0 (race-window write or recycled-buffer tail). buf seq=0 count=1024
[mono_ns=7230848645911622][T0xf06fb6eeaca0][WARN] copy_aicore_buffer: [chip_swimlane_collector.cpp:689] Core 57: skipped 1024 AICore record slot(s) with start_time=0 (race-window write or recycled-buffer tail). buf seq=0 count=1024
[mono_ns=7230848645991352][T0xf06fb66daca0][WARN] copy_aicore_buffer: [chip_swimlane_collector.cpp:689] Core 17: skipped 1024 AICore record slot(s) with start_time=0 (race-window write or recycled-buffer tail). buf seq=0 count=1024
[mono_ns=7230848646159832][T0xf06fb76faca0][WARN] copy_aicore_buffer: [chip_swimlane_collector.cpp:689] Core 18: skipped 1024 AICore record slot(s) with start_time=0 (race-window write or recycled-buffer tail). buf seq=0 count=1024
[mono_ns=7230848646213502][T0xf06fb6eeaca0][WARN] copy_aicore_buffer: [chip_swimlane_collector.cpp:689] Core 19: skipped 1024 AICore record slot(s) with start_time=0 (race-window write or recycled-buffer tail). buf seq=0 count=1024
[mono_ns=7230848646358882][T0xf06fb66daca0][WARN] copy_aicore_buffer: [chip_swimlane_collector.cpp:689] Core 58: skipped 1024 AICore record slot(s) with start_time=0 (race-window write or recycled-buffer tail). buf seq=0 count=1024
[mono_ns=7230848646451392][T0xf06fb76faca0][WARN] copy_aicore_buffer: [chip_swimlane_collector.cpp:689] Core 60: skipped 1024 AICore record slot(s) with start_time=0 (race-window write or recycled-buffer tail). buf seq=0 count=1024
[mono_ns=7230848646504892][T0xf06fb6eeaca0][WARN] copy_aicore_buffer: [chip_swimlane_collector.cpp:689] Core 62: skipped 1024 AICore record slot(s) with start_time=0 (race-window write or recycled-buffer tail). buf seq=0 count=1024
[mono_ns=7230848646689772][T0xf06fb66daca0][WARN] copy_aicore_buffer: [chip_swimlane_collector.cpp:689] Core 59: skipped 1024 AICore record slot(s) with start_time=0 (race-window write or recycled-buffer tail). buf seq=0 count=1024
[mono_ns=7230848646741872][T0xf06fb76faca0][WARN] copy_aicore_buffer: [chip_swimlane_collector.cpp:689] Core 61: skipped 1024 AICore record slot(s) with start_time=0 (race-window write or recycled-buffer tail). buf seq=0 count=1024
[mono_ns=7230848646797182][T0xf06fb6eeaca0][WARN] copy_aicore_buffer: [chip_swimlane_collector.cpp:689] Core 63: skipped 1024 AICore record slot(s) with start_time=0 (race-window write or recycled-buffer tail). buf seq=0 count=1024
[mono_ns=7230848647033092][T0xf06fb66daca0][WARN] copy_aicore_buffer: [chip_swimlane_collector.cpp:689] Core 20: skipped 1024 AICore record slot(s) with start_time=0 (race-window write or recycled-buffer tail). buf seq=0 count=1024
[mono_ns=7230848647039052][T0xf06fb76faca0][WARN] copy_aicore_buffer: [chip_swimlane_collector.cpp:689] Core 21: skipped 1024 AICore record slot(s) with start_time=0 (race-window write or recycled-buffer tail). buf seq=0 count=1024
[mono_ns=7230848647171512][T0xf06fb6eeaca0][WARN] copy_aicore_buffer: [chip_swimlane_collector.cpp:689] Core 22: skipped 1024 AICore record slot(s) with start_time=0 (race-window write or recycled-buffer tail). buf seq=0 count=1024
[mono_ns=7230848647330223][T0xf06fb76faca0][WARN] copy_aicore_buffer: [chip_swimlane_collector.cpp:689] Core 66: skipped 1024 AICore record slot(s) with start_time=0 (race-window write or recycled-buffer tail). buf seq=0 count=1024
[mono_ns=7230848647366103][T0xf06fb66daca0][WARN] copy_aicore_buffer: [chip_swimlane_collector.cpp:689] Core 64: skipped 1024 AICore record slot(s) with start_time=0 (race-window write or recycled-buffer tail). buf seq=0 count=1024
[mono_ns=7230848647464683][T0xf06fb6eeaca0][WARN] copy_aicore_buffer: [chip_swimlane_collector.cpp:689] Core 68: skipped 1024 AICore record slot(s) with start_time=0 (race-window write or recycled-buffer tail). buf seq=0 count=1024
[mono_ns=7230848647621083][T0xf06fb76faca0][WARN] copy_aicore_buffer: [chip_swimlane_collector.cpp:689] Core 67: skipped 1024 AICore record slot(s) with start_time=0 (race-window write or recycled-buffer tail). buf seq=0 count=1024
[mono_ns=7230848647696793][T0xf06fb66daca0][WARN] copy_aicore_buffer: [chip_swimlane_collector.cpp:689] Core 65: skipped 1024 AICore record slot(s) with start_time=0 (race-window write or recycled-buffer tail). buf seq=0 count=1024
[mono_ns=7230848647756553][T0xf06fb6eeaca0][WARN] copy_aicore_buffer: [chip_swimlane_collector.cpp:689] Core 69: skipped 1024 AICore record slot(s) with start_time=0 (race-window write or recycled-buffer tail). buf seq=0 count=1024
[mono_ns=7230848648039953][T0xf06fb66daca0][WARN] copy_aicore_buffer: [chip_swimlane_collector.cpp:689] Core 23: skipped 1024 AICore record slot(s) with start_time=0 (race-window write or recycled-buffer tail). buf seq=0 count=1024
[mono_ns=7230848648374123][T0xf06fb66daca0][WARN] copy_aicore_buffer: [chip_swimlane_collector.cpp:689] Core 70: skipped 1024 AICore record slot(s) with start_time=0 (race-window write or recycled-buffer tail). buf seq=0 count=1024
[mono_ns=7230848648705593][T0xf06fb66daca0][WARN] copy_aicore_buffer: [chip_swimlane_collector.cpp:689] Core 71: skipped 1024 AICore record slot(s) with start_time=0 (race-window write or recycled-buffer tail). buf seq=0 count=1024
[mono_ns=7230848749339981][T0xf0711308b020][TIMING] emit_host_span: [STRACE] v=1 pid=441868 tid=441868 inv=8 hid=607e9e6ed0fbbc85 depth=1 name=chip.run.runner_run ts=7230848640132639 dur=109200592 
[mono_ns=7230848749427321][T0xf0711308b020][TIMING] emit_host_span: [STRACE] v=1 pid=441868 tid=441868 inv=8 hid=607e9e6ed0fbbc85 depth=1 name=chip.run.validate ts=7230848749348781 dur=75000 
[mono_ns=7230848749434621][T0xf0711308b020][TIMING] emit_host_span: [STRACE] v=1 pid=441868 tid=441868 inv=8 hid=607e9e6ed0fbbc85 depth=2 name=chip.run.runner_run.device_wall ts=0 dur=246440 clk=dev
[mono_ns=7230848749439191][T0xf0711308b020][TIMING] emit_host_span: [STRACE] v=1 pid=441868 tid=441868 inv=8 hid=607e9e6ed0fbbc85 depth=3 name=chip.run.runner_run.device_wall.preamble ts=0 dur=106480 clk=dev
[mono_ns=7230848749446231][T0xf0711308b020][TIMING] emit_host_span: [STRACE] v=1 pid=441868 tid=441868 inv=8 hid=607e9e6ed0fbbc85 depth=3 name=chip.run.runner_run.device_wall.graph_build ts=101119 dur=134740 clk=dev
[mono_ns=7230848749449471][T0xf0711308b020][TIMING] emit_host_span: [STRACE] v=1 pid=441868 tid=441868 inv=8 hid=607e9e6ed0fbbc85 depth=3 name=chip.run.runner_run.device_wall.config_validate ts=101240 dur=720 clk=dev
[mono_ns=7230848749452941][T0xf0711308b020][TIMING] emit_host_span: [STRACE] v=1 pid=441868 tid=441868 inv=8 hid=607e9e6ed0fbbc85 depth=3 name=chip.run.runner_run.device_wall.arena_wire ts=101979 dur=280 clk=dev
[mono_ns=7230848749456331][T0xf0711308b020][TIMING] emit_host_span: [STRACE] v=1 pid=441868 tid=441868 inv=8 hid=607e9e6ed0fbbc85 depth=3 name=chip.run.runner_run.device_wall.sm_reset ts=102300 dur=700 clk=dev
[mono_ns=7230848749459451][T0xf0711308b020][TIMING] emit_host_span: [STRACE] v=1 pid=441868 tid=441868 inv=8 hid=607e9e6ed0fbbc85 depth=3 name=chip.run.runner_run.device_wall.post_orch ts=235940 dur=10400 clk=dev
[mono_ns=7230848749462431][T0xf0711308b020][TIMING] emit_host_span: [STRACE] v=1 pid=441868 tid=441868 inv=8 hid=607e9e6ed0fbbc85 depth=3 name=chip.run.runner_run.device_wall.orch ts=103100 dur=3780 clk=dev
[mono_ns=7230848749465481][T0xf0711308b020][TIMING] emit_host_span: [STRACE] v=1 pid=441868 tid=441868 inv=8 hid=607e9e6ed0fbbc85 depth=3 name=chip.run.runner_run.device_wall.sched ts=106560 dur=105680 clk=dev
[mono_ns=7230848749469421][T0xf0711308b020][TIMING] emit_host_span: [STRACE] v=1 pid=441868 tid=441868 inv=8 hid=607e9e6ed0fbbc85 depth=1 name=chip.run.claim_release ts=7230848749467341 dur=390 
[mono_ns=7230848749475331][T0xf0711308b020][TIMING] emit_host_span: [STRACE] v=1 pid=441868 tid=441868 inv=8 hid=607e9e6ed0fbbc85 depth=0 name=chip.run ts=7230848639635519 dur=109837782 run_id=8 dispatch_id=8 slot_id=0 generation=8 run_epoch=8
