[mono_ns=7230833223581784][T0xf0711308b020][TIMING] emit_host_span: [STRACE] v=1 pid=441851 tid=441851 inv=1 hid=607e9e6ed0fbbc85 depth=2 name=chip.run.bind.args ts=7230833223447854 dur=125540 
[mono_ns=7230833223603264][T0xf0711308b020][TIMING] emit_host_span: [STRACE] v=1 pid=441851 tid=441851 inv=1 hid=607e9e6ed0fbbc85 depth=2 name=chip.run.bind.prebuilt ts=7230833223595314 dur=5290 
[mono_ns=7230833223610034][T0xf0711308b020][TIMING] emit_host_span: [STRACE] v=1 pid=441851 tid=441851 inv=1 hid=607e9e6ed0fbbc85 depth=1 name=chip.run.bind ts=7230833222975344 dur=632160 
[mono_ns=7230833340718905][T0xf0711308b020][TIMING] emit_host_span: [STRACE] v=1 pid=441851 tid=441851 inv=1 hid=607e9e6ed0fbbc85 depth=1 name=chip.run.runner_run ts=7230833224348885 dur=116362400 
[mono_ns=7230833340838976][T0xf0711308b020][TIMING] emit_host_span: [STRACE] v=1 pid=441851 tid=441851 inv=1 hid=607e9e6ed0fbbc85 depth=1 name=chip.run.validate ts=7230833340734435 dur=101071 
[mono_ns=7230833340850496][T0xf0711308b020][TIMING] emit_host_span: [STRACE] v=1 pid=441851 tid=441851 inv=1 hid=607e9e6ed0fbbc85 depth=2 name=chip.run.runner_run.device_wall ts=0 dur=343539 clk=dev
[mono_ns=7230833340855236][T0xf0711308b020][TIMING] emit_host_span: [STRACE] v=1 pid=441851 tid=441851 inv=1 hid=607e9e6ed0fbbc85 depth=3 name=chip.run.runner_run.device_wall.preamble ts=0 dur=169720 clk=dev
[mono_ns=7230833340860036][T0xf0711308b020][TIMING] emit_host_span: [STRACE] v=1 pid=441851 tid=441851 inv=1 hid=607e9e6ed0fbbc85 depth=3 name=chip.run.runner_run.device_wall.graph_build ts=37600 dur=284460 clk=dev
[mono_ns=7230833340863646][T0xf0711308b020][TIMING] emit_host_span: [STRACE] v=1 pid=441851 tid=441851 inv=1 hid=607e9e6ed0fbbc85 depth=3 name=chip.run.runner_run.device_wall.config_validate ts=41480 dur=3480 clk=dev
[mono_ns=7230833340868326][T0xf0711308b020][TIMING] emit_host_span: [STRACE] v=1 pid=441851 tid=441851 inv=1 hid=607e9e6ed0fbbc85 depth=3 name=chip.run.runner_run.device_wall.arena_wire ts=45000 dur=12459 clk=dev
[mono_ns=7230833340873486][T0xf0711308b020][TIMING] emit_host_span: [STRACE] v=1 pid=441851 tid=441851 inv=1 hid=607e9e6ed0fbbc85 depth=3 name=chip.run.runner_run.device_wall.sm_reset ts=57500 dur=17920 clk=dev
[mono_ns=7230833340877666][T0xf0711308b020][TIMING] emit_host_span: [STRACE] v=1 pid=441851 tid=441851 inv=1 hid=607e9e6ed0fbbc85 depth=3 name=chip.run.runner_run.device_wall.post_orch ts=322200 dur=17520 clk=dev
[mono_ns=7230833340882216][T0xf0711308b020][TIMING] emit_host_span: [STRACE] v=1 pid=441851 tid=441851 inv=1 hid=607e9e6ed0fbbc85 depth=3 name=chip.run.runner_run.device_wall.orch ts=80560 dur=46780 clk=dev
[mono_ns=7230833340886976][T0xf0711308b020][TIMING] emit_host_span: [STRACE] v=1 pid=441851 tid=441851 inv=1 hid=607e9e6ed0fbbc85 depth=3 name=chip.run.runner_run.device_wall.sched ts=171520 dur=128300 clk=dev
[mono_ns=7230833340893856][T0xf0711308b020][TIMING] emit_host_span: [STRACE] v=1 pid=441851 tid=441851 inv=1 hid=607e9e6ed0fbbc85 depth=1 name=chip.run.claim_release ts=7230833340891006 dur=1000 
[mono_ns=7230833340904486][T0xf0711308b020][TIMING] emit_host_span: [STRACE] v=1 pid=441851 tid=441851 inv=1 hid=607e9e6ed0fbbc85 depth=0 name=chip.run ts=7230833222937624 dur=117964852 run_id=1 dispatch_id=1 slot_id=0 generation=1 run_epoch=1
[mono_ns=7230833348376628][T0xf0711308b020][TIMING] emit_host_span: [STRACE] v=1 pid=441851 tid=441851 inv=2 hid=607e9e6ed0fbbc85 depth=2 name=chip.run.bind.args ts=7230833348263368 dur=108200 
[mono_ns=7230833348398638][T0xf0711308b020][TIMING] emit_host_span: [STRACE] v=1 pid=441851 tid=441851 inv=2 hid=607e9e6ed0fbbc85 depth=2 name=chip.run.bind.prebuilt ts=7230833348390478 dur=6000 
[mono_ns=7230833348403658][T0xf0711308b020][TIMING] emit_host_span: [STRACE] v=1 pid=441851 tid=441851 inv=2 hid=607e9e6ed0fbbc85 depth=1 name=chip.run.bind ts=7230833348255328 dur=146280 
[mono_ns=7230833406343158][T0xf06fb76faca0][WARN] copy_aicore_buffer: [chip_swimlane_collector.cpp:689] Core 0: skipped 1024 AICore record slot(s) with start_time=0 (race-window write or recycled-buffer tail). buf seq=0 count=1024
[mono_ns=7230833406358028][T0xf06fb66daca0][WARN] copy_aicore_buffer: [chip_swimlane_collector.cpp:689] Core 2: skipped 1024 AICore record slot(s) with start_time=0 (race-window write or recycled-buffer tail). buf seq=0 count=1024
[mono_ns=7230833406400989][T0xf06fb6eeaca0][WARN] copy_aicore_buffer: [chip_swimlane_collector.cpp:689] Core 1: skipped 1024 AICore record slot(s) with start_time=0 (race-window write or recycled-buffer tail). buf seq=0 count=1024
[mono_ns=7230833406687759][T0xf06fb76faca0][WARN] copy_aicore_buffer: [chip_swimlane_collector.cpp:689] Core 24: skipped 1023 AICore record slot(s) with start_time=0 (race-window write or recycled-buffer tail). buf seq=0 count=1024
[mono_ns=7230833406694259][T0xf06fb66daca0][WARN] copy_aicore_buffer: [chip_swimlane_collector.cpp:689] Core 28: skipped 1023 AICore record slot(s) with start_time=0 (race-window write or recycled-buffer tail). buf seq=0 count=1024
[mono_ns=7230833406738639][T0xf06fb6eeaca0][WARN] copy_aicore_buffer: [chip_swimlane_collector.cpp:689] Core 26: skipped 1023 AICore record slot(s) with start_time=0 (race-window write or recycled-buffer tail). buf seq=0 count=1024
[mono_ns=7230833407030469][T0xf06fb76faca0][WARN] copy_aicore_buffer: [chip_swimlane_collector.cpp:689] Core 25: skipped 1024 AICore record slot(s) with start_time=0 (race-window write or recycled-buffer tail). buf seq=0 count=1024
[mono_ns=7230833407032029][T0xf06fb66daca0][WARN] copy_aicore_buffer: [chip_swimlane_collector.cpp:689] Core 29: skipped 1024 AICore record slot(s) with start_time=0 (race-window write or recycled-buffer tail). buf seq=0 count=1024
[mono_ns=7230833407080839][T0xf06fb6eeaca0][WARN] copy_aicore_buffer: [chip_swimlane_collector.cpp:689] Core 27: skipped 1024 AICore record slot(s) with start_time=0 (race-window write or recycled-buffer tail). buf seq=0 count=1024
[mono_ns=7230833407394179][T0xf06fb66daca0][WARN] copy_aicore_buffer: [chip_swimlane_collector.cpp:689] Core 5: skipped 1024 AICore record slot(s) with start_time=0 (race-window write or recycled-buffer tail). buf seq=0 count=1024
[mono_ns=7230833407463039][T0xf06fb6eeaca0][WARN] copy_aicore_buffer: [chip_swimlane_collector.cpp:689] Core 4: skipped 1024 AICore record slot(s) with start_time=0 (race-window write or recycled-buffer tail). buf seq=0 count=1024
[mono_ns=7230833407468559][T0xf06fb76faca0][WARN] copy_aicore_buffer: [chip_swimlane_collector.cpp:689] Core 3: skipped 1024 AICore record slot(s) with start_time=0 (race-window write or recycled-buffer tail). buf seq=0 count=1024
[mono_ns=7230833407752169][T0xf06fb66daca0][WARN] copy_aicore_buffer: [chip_swimlane_collector.cpp:689] Core 34: skipped 1024 AICore record slot(s) with start_time=0 (race-window write or recycled-buffer tail). buf seq=0 count=1024
[mono_ns=7230833407823939][T0xf06fb6eeaca0][WARN] copy_aicore_buffer: [chip_swimlane_collector.cpp:689] Core 32: skipped 1024 AICore record slot(s) with start_time=0 (race-window write or recycled-buffer tail). buf seq=0 count=1024
[mono_ns=7230833407836969][T0xf06fb76faca0][WARN] copy_aicore_buffer: [chip_swimlane_collector.cpp:689] Core 30: skipped 1024 AICore record slot(s) with start_time=0 (race-window write or recycled-buffer tail). buf seq=0 count=1024
[mono_ns=7230833408114189][T0xf06fb66daca0][WARN] copy_aicore_buffer: [chip_swimlane_collector.cpp:689] Core 35: skipped 1024 AICore record slot(s) with start_time=0 (race-window write or recycled-buffer tail). buf seq=0 count=1024
[mono_ns=7230833408176829][T0xf06fb6eeaca0][WARN] copy_aicore_buffer: [chip_swimlane_collector.cpp:689] Core 33: skipped 1024 AICore record slot(s) with start_time=0 (race-window write or recycled-buffer tail). buf seq=0 count=1024
[mono_ns=7230833408188269][T0xf06fb76faca0][WARN] copy_aicore_buffer: [chip_swimlane_collector.cpp:689] Core 31: skipped 1024 AICore record slot(s) with start_time=0 (race-window write or recycled-buffer tail). buf seq=0 count=1024
[mono_ns=7230833408462929][T0xf06fb66daca0][WARN] copy_aicore_buffer: [chip_swimlane_collector.cpp:689] Core 8: skipped 1024 AICore record slot(s) with start_time=0 (race-window write or recycled-buffer tail). buf seq=0 count=1024
[mono_ns=7230833408513299][T0xf06fb6eeaca0][WARN] copy_aicore_buffer: [chip_swimlane_collector.cpp:689] Core 7: skipped 1024 AICore record slot(s) with start_time=0 (race-window write or recycled-buffer tail). buf seq=0 count=1024
[mono_ns=7230833408526679][T0xf06fb76faca0][WARN] copy_aicore_buffer: [chip_swimlane_collector.cpp:689] Core 6: skipped 1024 AICore record slot(s) with start_time=0 (race-window write or recycled-buffer tail). buf seq=0 count=1024
[mono_ns=7230833408801509][T0xf06fb66daca0][WARN] copy_aicore_buffer: [chip_swimlane_collector.cpp:689] Core 40: skipped 1024 AICore record slot(s) with start_time=0 (race-window write or recycled-buffer tail). buf seq=0 count=1024
[mono_ns=7230833408856769][T0xf06fb6eeaca0][WARN] copy_aicore_buffer: [chip_swimlane_collector.cpp:689] Core 38: skipped 1024 AICore record slot(s) with start_time=0 (race-window write or recycled-buffer tail). buf seq=0 count=1024
[mono_ns=7230833408869999][T0xf06fb76faca0][WARN] copy_aicore_buffer: [chip_swimlane_collector.cpp:689] Core 36: skipped 1024 AICore record slot(s) with start_time=0 (race-window write or recycled-buffer tail). buf seq=0 count=1024
[mono_ns=7230833409156599][T0xf06fb66daca0][WARN] copy_aicore_buffer: [chip_swimlane_collector.cpp:689] Core 41: skipped 1024 AICore record slot(s) with start_time=0 (race-window write or recycled-buffer tail). buf seq=0 count=1024
[mono_ns=7230833409214769][T0xf06fb6eeaca0][WARN] copy_aicore_buffer: [chip_swimlane_collector.cpp:689] Core 39: skipped 1024 AICore record slot(s) with start_time=0 (race-window write or recycled-buffer tail). buf seq=0 count=1024
[mono_ns=7230833409224359][T0xf06fb76faca0][WARN] copy_aicore_buffer: [chip_swimlane_collector.cpp:689] Core 37: skipped 1024 AICore record slot(s) with start_time=0 (race-window write or recycled-buffer tail). buf seq=0 count=1024
[mono_ns=7230833409497000][T0xf06fb66daca0][WARN] copy_aicore_buffer: [chip_swimlane_collector.cpp:689] Core 11: skipped 1024 AICore record slot(s) with start_time=0 (race-window write or recycled-buffer tail). buf seq=0 count=1024
[mono_ns=7230833409552900][T0xf06fb6eeaca0][WARN] copy_aicore_buffer: [chip_swimlane_collector.cpp:689] Core 10: skipped 1024 AICore record slot(s) with start_time=0 (race-window write or recycled-buffer tail). buf seq=0 count=1024
[mono_ns=7230833409561830][T0xf06fb76faca0][WARN] copy_aicore_buffer: [chip_swimlane_collector.cpp:689] Core 9: skipped 1024 AICore record slot(s) with start_time=0 (race-window write or recycled-buffer tail). buf seq=0 count=1024
[mono_ns=7230833409840460][T0xf06fb66daca0][WARN] copy_aicore_buffer: [chip_swimlane_collector.cpp:689] Core 46: skipped 1024 AICore record slot(s) with start_time=0 (race-window write or recycled-buffer tail). buf seq=0 count=1024
[mono_ns=7230833409891340][T0xf06fb6eeaca0][WARN] copy_aicore_buffer: [chip_swimlane_collector.cpp:689] Core 44: skipped 1024 AICore record slot(s) with start_time=0 (race-window write or recycled-buffer tail). buf seq=0 count=1024
[mono_ns=7230833409901950][T0xf06fb76faca0][WARN] copy_aicore_buffer: [chip_swimlane_collector.cpp:689] Core 42: skipped 1024 AICore record slot(s) with start_time=0 (race-window write or recycled-buffer tail). buf seq=0 count=1024
[mono_ns=7230833410191920][T0xf06fb66daca0][WARN] copy_aicore_buffer: [chip_swimlane_collector.cpp:689] Core 47: skipped 1024 AICore record slot(s) with start_time=0 (race-window write or recycled-buffer tail). buf seq=0 count=1024
[mono_ns=7230833410236840][T0xf06fb6eeaca0][WARN] copy_aicore_buffer: [chip_swimlane_collector.cpp:689] Core 45: skipped 1024 AICore record slot(s) with start_time=0 (race-window write or recycled-buffer tail). buf seq=0 count=1024
[mono_ns=7230833410246500][T0xf06fb76faca0][WARN] copy_aicore_buffer: [chip_swimlane_collector.cpp:689] Core 43: skipped 1024 AICore record slot(s) with start_time=0 (race-window write or recycled-buffer tail). buf seq=0 count=1024
[mono_ns=7230833410537800][T0xf06fb66daca0][WARN] copy_aicore_buffer: [chip_swimlane_collector.cpp:689] Core 14: skipped 1024 AICore record slot(s) with start_time=0 (race-window write or recycled-buffer tail). buf seq=0 count=1024
[mono_ns=7230833410578140][T0xf06fb6eeaca0][WARN] copy_aicore_buffer: [chip_swimlane_collector.cpp:689] Core 13: skipped 1024 AICore record slot(s) with start_time=0 (race-window write or recycled-buffer tail). buf seq=0 count=1024
[mono_ns=7230833410585040][T0xf06fb76faca0][WARN] copy_aicore_buffer: [chip_swimlane_collector.cpp:689] Core 12: skipped 1024 AICore record slot(s) with start_time=0 (race-window write or recycled-buffer tail). buf seq=0 count=1024
[mono_ns=7230833410883160][T0xf06fb66daca0][WARN] copy_aicore_buffer: [chip_swimlane_collector.cpp:689] Core 52: skipped 1024 AICore record slot(s) with start_time=0 (race-window write or recycled-buffer tail). buf seq=0 count=1024
[mono_ns=7230833410915860][T0xf06fb6eeaca0][WARN] copy_aicore_buffer: [chip_swimlane_collector.cpp:689] Core 50: skipped 1024 AICore record slot(s) with start_time=0 (race-window write or recycled-buffer tail). buf seq=0 count=1024
[mono_ns=7230833410929410][T0xf06fb76faca0][WARN] copy_aicore_buffer: [chip_swimlane_collector.cpp:689] Core 48: skipped 1024 AICore record slot(s) with start_time=0 (race-window write or recycled-buffer tail). buf seq=0 count=1024
[mono_ns=7230833411242730][T0xf06fb66daca0][WARN] copy_aicore_buffer: [chip_swimlane_collector.cpp:689] Core 53: skipped 1024 AICore record slot(s) with start_time=0 (race-window write or recycled-buffer tail). buf seq=0 count=1024
[mono_ns=7230833411275370][T0xf06fb6eeaca0][WARN] copy_aicore_buffer: [chip_swimlane_collector.cpp:689] Core 51: skipped 1024 AICore record slot(s) with start_time=0 (race-window write or recycled-buffer tail). buf seq=0 count=1024
[mono_ns=7230833411278030][T0xf06fb76faca0][WARN] copy_aicore_buffer: [chip_swimlane_collector.cpp:689] Core 49: skipped 1024 AICore record slot(s) with start_time=0 (race-window write or recycled-buffer tail). buf seq=0 count=1024
[mono_ns=7230833411588310][T0xf06fb66daca0][WARN] copy_aicore_buffer: [chip_swimlane_collector.cpp:689] Core 17: skipped 1024 AICore record slot(s) with start_time=0 (race-window write or recycled-buffer tail). buf seq=0 count=1024
[mono_ns=7230833411620290][T0xf06fb76faca0][WARN] copy_aicore_buffer: [chip_swimlane_collector.cpp:689] Core 15: skipped 1024 AICore record slot(s) with start_time=0 (race-window write or recycled-buffer tail). buf seq=0 count=1024
[mono_ns=7230833411628970][T0xf06fb6eeaca0][WARN] copy_aicore_buffer: [chip_swimlane_collector.cpp:689] Core 16: skipped 1024 AICore record slot(s) with start_time=0 (race-window write or recycled-buffer tail). buf seq=0 count=1024
[mono_ns=7230833411933560][T0xf06fb66daca0][WARN] copy_aicore_buffer: [chip_swimlane_collector.cpp:689] Core 58: skipped 1024 AICore record slot(s) with start_time=0 (race-window write or recycled-buffer tail). buf seq=0 count=1024
[mono_ns=7230833411960460][T0xf06fb76faca0][WARN] copy_aicore_buffer: [chip_swimlane_collector.cpp:689] Core 54: skipped 1024 AICore record slot(s) with start_time=0 (race-window write or recycled-buffer tail). buf seq=0 count=1024
[mono_ns=7230833411964470][T0xf06fb6eeaca0][WARN] copy_aicore_buffer: [chip_swimlane_collector.cpp:689] Core 56: skipped 1024 AICore record slot(s) with start_time=0 (race-window write or recycled-buffer tail). buf seq=0 count=1024
[mono_ns=7230833412303681][T0xf06fb66daca0][WARN] copy_aicore_buffer: [chip_swimlane_collector.cpp:689] Core 59: skipped 1024 AICore record slot(s) with start_time=0 (race-window write or recycled-buffer tail). buf seq=0 count=1024
[mono_ns=7230833412315931][T0xf06fb6eeaca0][WARN] copy_aicore_buffer: [chip_swimlane_collector.cpp:689] Core 57: skipped 1024 AICore record slot(s) with start_time=0 (race-window write or recycled-buffer tail). buf seq=0 count=1024
[mono_ns=7230833412326991][T0xf06fb76faca0][WARN] copy_aicore_buffer: [chip_swimlane_collector.cpp:689] Core 55: skipped 1024 AICore record slot(s) with start_time=0 (race-window write or recycled-buffer tail). buf seq=0 count=1024
[mono_ns=7230833412653591][T0xf06fb66daca0][WARN] copy_aicore_buffer: [chip_swimlane_collector.cpp:689] Core 20: skipped 1024 AICore record slot(s) with start_time=0 (race-window write or recycled-buffer tail). buf seq=0 count=1024
[mono_ns=7230833412663541][T0xf06fb6eeaca0][WARN] copy_aicore_buffer: [chip_swimlane_collector.cpp:689] Core 19: skipped 1024 AICore record slot(s) with start_time=0 (race-window write or recycled-buffer tail). buf seq=0 count=1024
[mono_ns=7230833412676121][T0xf06fb76faca0][WARN] copy_aicore_buffer: [chip_swimlane_collector.cpp:689] Core 18: skipped 1024 AICore record slot(s) with start_time=0 (race-window write or recycled-buffer tail). buf seq=0 count=1024
[mono_ns=7230833413010891][T0xf06fb66daca0][WARN] copy_aicore_buffer: [chip_swimlane_collector.cpp:689] Core 64: skipped 1024 AICore record slot(s) with start_time=0 (race-window write or recycled-buffer tail). buf seq=0 count=1024
[mono_ns=7230833413020171][T0xf06fb6eeaca0][WARN] copy_aicore_buffer: [chip_swimlane_collector.cpp:689] Core 62: skipped 1024 AICore record slot(s) with start_time=0 (race-window write or recycled-buffer tail). buf seq=0 count=1024
[mono_ns=7230833413034411][T0xf06fb76faca0][WARN] copy_aicore_buffer: [chip_swimlane_collector.cpp:689] Core 60: skipped 1024 AICore record slot(s) with start_time=0 (race-window write or recycled-buffer tail). buf seq=0 count=1024
[mono_ns=7230833413356151][T0xf06fb66daca0][WARN] copy_aicore_buffer: [chip_swimlane_collector.cpp:689] Core 65: skipped 1024 AICore record slot(s) with start_time=0 (race-window write or recycled-buffer tail). buf seq=0 count=1024
[mono_ns=7230833413366331][T0xf06fb6eeaca0][WARN] copy_aicore_buffer: [chip_swimlane_collector.cpp:689] Core 63: skipped 1024 AICore record slot(s) with start_time=0 (race-window write or recycled-buffer tail). buf seq=0 count=1024
[mono_ns=7230833413373091][T0xf06fb76faca0][WARN] copy_aicore_buffer: [chip_swimlane_collector.cpp:689] Core 61: skipped 1024 AICore record slot(s) with start_time=0 (race-window write or recycled-buffer tail). buf seq=0 count=1024
[mono_ns=7230833413703941][T0xf06fb66daca0][WARN] copy_aicore_buffer: [chip_swimlane_collector.cpp:689] Core 23: skipped 1024 AICore record slot(s) with start_time=0 (race-window write or recycled-buffer tail). buf seq=0 count=1024
[mono_ns=7230833413711951][T0xf06fb6eeaca0][WARN] copy_aicore_buffer: [chip_swimlane_collector.cpp:689] Core 22: skipped 1024 AICore record slot(s) with start_time=0 (race-window write or recycled-buffer tail). buf seq=0 count=1024
[mono_ns=7230833413722301][T0xf06fb76faca0][WARN] copy_aicore_buffer: [chip_swimlane_collector.cpp:689] Core 21: skipped 1024 AICore record slot(s) with start_time=0 (race-window write or recycled-buffer tail). buf seq=0 count=1024
[mono_ns=7230833414051151][T0xf06fb66daca0][WARN] copy_aicore_buffer: [chip_swimlane_collector.cpp:689] Core 70: skipped 1024 AICore record slot(s) with start_time=0 (race-window write or recycled-buffer tail). buf seq=0 count=1024
[mono_ns=7230833414069821][T0xf06fb6eeaca0][WARN] copy_aicore_buffer: [chip_swimlane_collector.cpp:689] Core 68: skipped 1024 AICore record slot(s) with start_time=0 (race-window write or recycled-buffer tail). buf seq=0 count=1024
[mono_ns=7230833414073641][T0xf06fb76faca0][WARN] copy_aicore_buffer: [chip_swimlane_collector.cpp:689] Core 66: skipped 1024 AICore record slot(s) with start_time=0 (race-window write or recycled-buffer tail). buf seq=0 count=1024
[mono_ns=7230833414395341][T0xf06fb66daca0][WARN] copy_aicore_buffer: [chip_swimlane_collector.cpp:689] Core 71: skipped 1024 AICore record slot(s) with start_time=0 (race-window write or recycled-buffer tail). buf seq=0 count=1024
[mono_ns=7230833414406871][T0xf06fb6eeaca0][WARN] copy_aicore_buffer: [chip_swimlane_collector.cpp:689] Core 69: skipped 1024 AICore record slot(s) with start_time=0 (race-window write or recycled-buffer tail). buf seq=0 count=1024
[mono_ns=7230833414415271][T0xf06fb76faca0][WARN] copy_aicore_buffer: [chip_swimlane_collector.cpp:689] Core 67: skipped 1024 AICore record slot(s) with start_time=0 (race-window write or recycled-buffer tail). buf seq=0 count=1024
[mono_ns=7230833514954897][T0xf0711308b020][TIMING] emit_host_span: [STRACE] v=1 pid=441851 tid=441851 inv=2 hid=607e9e6ed0fbbc85 depth=1 name=chip.run.runner_run ts=7230833404166498 dur=110780399 
[mono_ns=7230833515057847][T0xf0711308b020][TIMING] emit_host_span: [STRACE] v=1 pid=441851 tid=441851 inv=2 hid=607e9e6ed0fbbc85 depth=1 name=chip.run.validate ts=7230833514967487 dur=86810 
[mono_ns=7230833515069417][T0xf0711308b020][TIMING] emit_host_span: [STRACE] v=1 pid=441851 tid=441851 inv=2 hid=607e9e6ed0fbbc85 depth=2 name=chip.run.runner_run.device_wall ts=0 dur=281800 clk=dev
[mono_ns=7230833515073857][T0xf0711308b020][TIMING] emit_host_span: [STRACE] v=1 pid=441851 tid=441851 inv=2 hid=607e9e6ed0fbbc85 depth=3 name=chip.run.runner_run.device_wall.preamble ts=0 dur=134140 clk=dev
[mono_ns=7230833515078107][T0xf0711308b020][TIMING] emit_host_span: [STRACE] v=1 pid=441851 tid=441851 inv=2 hid=607e9e6ed0fbbc85 depth=3 name=chip.run.runner_run.device_wall.graph_build ts=129519 dur=141780 clk=dev
[mono_ns=7230833515081667][T0xf0711308b020][TIMING] emit_host_span: [STRACE] v=1 pid=441851 tid=441851 inv=2 hid=607e9e6ed0fbbc85 depth=3 name=chip.run.runner_run.device_wall.config_validate ts=129660 dur=980 clk=dev
[mono_ns=7230833515085137][T0xf0711308b020][TIMING] emit_host_span: [STRACE] v=1 pid=441851 tid=441851 inv=2 hid=607e9e6ed0fbbc85 depth=3 name=chip.run.runner_run.device_wall.arena_wire ts=130740 dur=700 clk=dev
[mono_ns=7230833515089277][T0xf0711308b020][TIMING] emit_host_span: [STRACE] v=1 pid=441851 tid=441851 inv=2 hid=607e9e6ed0fbbc85 depth=3 name=chip.run.runner_run.device_wall.sm_reset ts=131459 dur=1220 clk=dev
[mono_ns=7230833515094197][T0xf0711308b020][TIMING] emit_host_span: [STRACE] v=1 pid=441851 tid=441851 inv=2 hid=607e9e6ed0fbbc85 depth=3 name=chip.run.runner_run.device_wall.post_orch ts=271380 dur=10280 clk=dev
[mono_ns=7230833515098517][T0xf0711308b020][TIMING] emit_host_span: [STRACE] v=1 pid=441851 tid=441851 inv=2 hid=607e9e6ed0fbbc85 depth=3 name=chip.run.runner_run.device_wall.orch ts=132780 dur=4700 clk=dev
[mono_ns=7230833515102307][T0xf0711308b020][TIMING] emit_host_span: [STRACE] v=1 pid=441851 tid=441851 inv=2 hid=607e9e6ed0fbbc85 depth=3 name=chip.run.runner_run.device_wall.sched ts=134460 dur=110300 clk=dev
[mono_ns=7230833515107987][T0xf0711308b020][TIMING] emit_host_span: [STRACE] v=1 pid=441851 tid=441851 inv=2 hid=607e9e6ed0fbbc85 depth=1 name=chip.run.claim_release ts=7230833515105397 dur=310 
[mono_ns=7230833515113017][T0xf0711308b020][TIMING] emit_host_span: [STRACE] v=1 pid=441851 tid=441851 inv=2 hid=607e9e6ed0fbbc85 depth=0 name=chip.run ts=7230833348215648 dur=166895379 run_id=2 dispatch_id=2 slot_id=0 generation=2 run_epoch=2
[mono_ns=7230838365372412][T0xf0711308b020][TIMING] emit_host_span: [STRACE] v=1 pid=441851 tid=441851 inv=3 hid=607e9e6ed0fbbc85 depth=2 name=chip.run.bind.args ts=7230838364961091 dur=380631 
[mono_ns=7230838365504772][T0xf0711308b020][TIMING] emit_host_span: [STRACE] v=1 pid=441851 tid=441851 inv=3 hid=607e9e6ed0fbbc85 depth=2 name=chip.run.bind.prebuilt ts=7230838365440772 dur=60960 
[mono_ns=7230838365510082][T0xf0711308b020][TIMING] emit_host_span: [STRACE] v=1 pid=441851 tid=441851 inv=3 hid=607e9e6ed0fbbc85 depth=1 name=chip.run.bind ts=7230838364941151 dur=566681 
[mono_ns=7230838574333864][T0xf0711308b020][TIMING] emit_host_span: [STRACE] v=1 pid=441851 tid=441851 inv=3 hid=607e9e6ed0fbbc85 depth=1 name=chip.run.runner_run ts=7230838366809612 dur=207510472 
[mono_ns=7230838574441834][T0xf0711308b020][TIMING] emit_host_span: [STRACE] v=1 pid=441851 tid=441851 inv=3 hid=607e9e6ed0fbbc85 depth=1 name=chip.run.validate ts=7230838574349984 dur=87960 
[mono_ns=7230838574454264][T0xf0711308b020][TIMING] emit_host_span: [STRACE] v=1 pid=441851 tid=441851 inv=3 hid=607e9e6ed0fbbc85 depth=2 name=chip.run.runner_run.device_wall ts=0 dur=911600 clk=dev
[mono_ns=7230838574458714][T0xf0711308b020][TIMING] emit_host_span: [STRACE] v=1 pid=441851 tid=441851 inv=3 hid=607e9e6ed0fbbc85 depth=3 name=chip.run.runner_run.device_wall.preamble ts=0 dur=6980 clk=dev
[mono_ns=7230838574463034][T0xf0711308b020][TIMING] emit_host_span: [STRACE] v=1 pid=441851 tid=441851 inv=3 hid=607e9e6ed0fbbc85 depth=3 name=chip.run.runner_run.device_wall.graph_build ts=1359 dur=899400 clk=dev
[mono_ns=7230838574494154][T0xf0711308b020][TIMING] emit_host_span: [STRACE] v=1 pid=441851 tid=441851 inv=3 hid=607e9e6ed0fbbc85 depth=3 name=chip.run.runner_run.device_wall.config_validate ts=1500 dur=960 clk=dev
[mono_ns=7230838574497344][T0xf0711308b020][TIMING] emit_host_span: [STRACE] v=1 pid=441851 tid=441851 inv=3 hid=607e9e6ed0fbbc85 depth=3 name=chip.run.runner_run.device_wall.arena_wire ts=2580 dur=1120 clk=dev
[mono_ns=7230838574500194][T0xf0711308b020][TIMING] emit_host_span: [STRACE] v=1 pid=441851 tid=441851 inv=3 hid=607e9e6ed0fbbc85 depth=3 name=chip.run.runner_run.device_wall.sm_reset ts=3740 dur=1839 clk=dev
[mono_ns=7230838574503974][T0xf0711308b020][TIMING] emit_host_span: [STRACE] v=1 pid=441851 tid=441851 inv=3 hid=607e9e6ed0fbbc85 depth=3 name=chip.run.runner_run.device_wall.post_orch ts=900819 dur=10260 clk=dev
[mono_ns=7230838574507834][T0xf0711308b020][TIMING] emit_host_span: [STRACE] v=1 pid=441851 tid=441851 inv=3 hid=607e9e6ed0fbbc85 depth=3 name=chip.run.runner_run.device_wall.orch ts=6500 dur=13440 clk=dev
[mono_ns=7230838574512134][T0xf0711308b020][TIMING] emit_host_span: [STRACE] v=1 pid=441851 tid=441851 inv=3 hid=607e9e6ed0fbbc85 depth=3 name=chip.run.runner_run.device_wall.sched ts=7520 dur=885040 clk=dev
[mono_ns=7230838574518494][T0xf0711308b020][TIMING] emit_host_span: [STRACE] v=1 pid=441851 tid=441851 inv=3 hid=607e9e6ed0fbbc85 depth=1 name=chip.run.claim_release ts=7230838574515814 dur=840 
[mono_ns=7230838574524924][T0xf0711308b020][TIMING] emit_host_span: [STRACE] v=1 pid=441851 tid=441851 inv=3 hid=607e9e6ed0fbbc85 depth=0 name=chip.run ts=7230838364246811 dur=210276063 run_id=3 dispatch_id=3 slot_id=0 generation=3 run_epoch=3
[mono_ns=7230838592772251][T0xf0711308b020][TIMING] emit_host_span: [STRACE] v=1 pid=441851 tid=441851 inv=4 hid=607e9e6ed0fbbc85 depth=2 name=chip.run.bind.args ts=7230838592665061 dur=102740 
[mono_ns=7230838592788881][T0xf0711308b020][TIMING] emit_host_span: [STRACE] v=1 pid=441851 tid=441851 inv=4 hid=607e9e6ed0fbbc85 depth=2 name=chip.run.bind.prebuilt ts=7230838592784291 dur=2110 
[mono_ns=7230838592793611][T0xf0711308b020][TIMING] emit_host_span: [STRACE] v=1 pid=441851 tid=441851 inv=4 hid=607e9e6ed0fbbc85 depth=1 name=chip.run.bind ts=7230838592658431 dur=133090 
[mono_ns=7230838594999702][T0xf06fb76faca0][WARN] copy_aicore_buffer: [chip_swimlane_collector.cpp:689] Core 0: skipped 1024 AICore record slot(s) with start_time=0 (race-window write or recycled-buffer tail). buf seq=0 count=1024
[mono_ns=7230838595025632][T0xf06fb6eeaca0][WARN] copy_aicore_buffer: [chip_swimlane_collector.cpp:689] Core 1: skipped 1024 AICore record slot(s) with start_time=0 (race-window write or recycled-buffer tail). buf seq=0 count=1024
[mono_ns=7230838595069462][T0xf06fb66daca0][WARN] copy_aicore_buffer: [chip_swimlane_collector.cpp:689] Core 2: skipped 1024 AICore record slot(s) with start_time=0 (race-window write or recycled-buffer tail). buf seq=0 count=1024
[mono_ns=7230838595354032][T0xf06fb6eeaca0][WARN] copy_aicore_buffer: [chip_swimlane_collector.cpp:689] Core 26: skipped 1023 AICore record slot(s) with start_time=0 (race-window write or recycled-buffer tail). buf seq=0 count=1024
[mono_ns=7230838595360382][T0xf06fb76faca0][WARN] copy_aicore_buffer: [chip_swimlane_collector.cpp:689] Core 24: skipped 1024 AICore record slot(s) with start_time=0 (race-window write or recycled-buffer tail). buf seq=0 count=1024
[mono_ns=7230838595399072][T0xf06fb66daca0][WARN] copy_aicore_buffer: [chip_swimlane_collector.cpp:689] Core 28: skipped 1022 AICore record slot(s) with start_time=0 (race-window write or recycled-buffer tail). buf seq=0 count=1024
[mono_ns=7230838595692672][T0xf06fb76faca0][WARN] copy_aicore_buffer: [chip_swimlane_collector.cpp:689] Core 25: skipped 1024 AICore record slot(s) with start_time=0 (race-window write or recycled-buffer tail). buf seq=0 count=1024
[mono_ns=7230838595743392][T0xf06fb6eeaca0][WARN] copy_aicore_buffer: [chip_swimlane_collector.cpp:689] Core 27: skipped 1024 AICore record slot(s) with start_time=0 (race-window write or recycled-buffer tail). buf seq=0 count=1024
[mono_ns=7230838595748702][T0xf06fb66daca0][WARN] copy_aicore_buffer: [chip_swimlane_collector.cpp:689] Core 29: skipped 1024 AICore record slot(s) with start_time=0 (race-window write or recycled-buffer tail). buf seq=0 count=1024
[mono_ns=7230838596030472][T0xf06fb76faca0][WARN] copy_aicore_buffer: [chip_swimlane_collector.cpp:689] Core 3: skipped 1024 AICore record slot(s) with start_time=0 (race-window write or recycled-buffer tail). buf seq=0 count=1024
[mono_ns=7230838596082442][T0xf06fb66daca0][WARN] copy_aicore_buffer: [chip_swimlane_collector.cpp:689] Core 5: skipped 1024 AICore record slot(s) with start_time=0 (race-window write or recycled-buffer tail). buf seq=0 count=1024
[mono_ns=7230838596082622][T0xf06fb6eeaca0][WARN] copy_aicore_buffer: [chip_swimlane_collector.cpp:689] Core 4: skipped 1024 AICore record slot(s) with start_time=0 (race-window write or recycled-buffer tail). buf seq=0 count=1024
[mono_ns=7230838596357912][T0xf06fb76faca0][WARN] copy_aicore_buffer: [chip_swimlane_collector.cpp:689] Core 30: skipped 1024 AICore record slot(s) with start_time=0 (race-window write or recycled-buffer tail). buf seq=0 count=1024
[mono_ns=7230838596410682][T0xf06fb66daca0][WARN] copy_aicore_buffer: [chip_swimlane_collector.cpp:689] Core 34: skipped 1024 AICore record slot(s) with start_time=0 (race-window write or recycled-buffer tail). buf seq=0 count=1024
[mono_ns=7230838596436212][T0xf06fb6eeaca0][WARN] copy_aicore_buffer: [chip_swimlane_collector.cpp:689] Core 32: skipped 1024 AICore record slot(s) with start_time=0 (race-window write or recycled-buffer tail). buf seq=0 count=1024
[mono_ns=7230838596683992][T0xf06fb76faca0][WARN] copy_aicore_buffer: [chip_swimlane_collector.cpp:689] Core 31: skipped 1024 AICore record slot(s) with start_time=0 (race-window write or recycled-buffer tail). buf seq=0 count=1024
[mono_ns=7230838596737782][T0xf06fb66daca0][WARN] copy_aicore_buffer: [chip_swimlane_collector.cpp:689] Core 35: skipped 1024 AICore record slot(s) with start_time=0 (race-window write or recycled-buffer tail). buf seq=0 count=1024
[mono_ns=7230838596760613][T0xf06fb6eeaca0][WARN] copy_aicore_buffer: [chip_swimlane_collector.cpp:689] Core 33: skipped 1024 AICore record slot(s) with start_time=0 (race-window write or recycled-buffer tail). buf seq=0 count=1024
[mono_ns=7230838597015453][T0xf06fb76faca0][WARN] copy_aicore_buffer: [chip_swimlane_collector.cpp:689] Core 6: skipped 1024 AICore record slot(s) with start_time=0 (race-window write or recycled-buffer tail). buf seq=0 count=1024
[mono_ns=7230838597067763][T0xf06fb66daca0][WARN] copy_aicore_buffer: [chip_swimlane_collector.cpp:689] Core 8: skipped 1024 AICore record slot(s) with start_time=0 (race-window write or recycled-buffer tail). buf seq=0 count=1024
[mono_ns=7230838597090153][T0xf06fb6eeaca0][WARN] copy_aicore_buffer: [chip_swimlane_collector.cpp:689] Core 7: skipped 1024 AICore record slot(s) with start_time=0 (race-window write or recycled-buffer tail). buf seq=0 count=1024
[mono_ns=7230838597342523][T0xf06fb76faca0][WARN] copy_aicore_buffer: [chip_swimlane_collector.cpp:689] Core 36: skipped 1024 AICore record slot(s) with start_time=0 (race-window write or recycled-buffer tail). buf seq=0 count=1024
[mono_ns=7230838597393953][T0xf06fb66daca0][WARN] copy_aicore_buffer: [chip_swimlane_collector.cpp:689] Core 40: skipped 1024 AICore record slot(s) with start_time=0 (race-window write or recycled-buffer tail). buf seq=0 count=1024
[mono_ns=7230838597410173][T0xf06fb6eeaca0][WARN] copy_aicore_buffer: [chip_swimlane_collector.cpp:689] Core 38: skipped 1024 AICore record slot(s) with start_time=0 (race-window write or recycled-buffer tail). buf seq=0 count=1024
[mono_ns=7230838597669093][T0xf06fb76faca0][WARN] copy_aicore_buffer: [chip_swimlane_collector.cpp:689] Core 37: skipped 1024 AICore record slot(s) with start_time=0 (race-window write or recycled-buffer tail). buf seq=0 count=1024
[mono_ns=7230838597720813][T0xf06fb66daca0][WARN] copy_aicore_buffer: [chip_swimlane_collector.cpp:689] Core 41: skipped 1024 AICore record slot(s) with start_time=0 (race-window write or recycled-buffer tail). buf seq=0 count=1024
[mono_ns=7230838597729913][T0xf06fb6eeaca0][WARN] copy_aicore_buffer: [chip_swimlane_collector.cpp:689] Core 39: skipped 1024 AICore record slot(s) with start_time=0 (race-window write or recycled-buffer tail). buf seq=0 count=1024
[mono_ns=7230838597996213][T0xf06fb76faca0][WARN] copy_aicore_buffer: [chip_swimlane_collector.cpp:689] Core 9: skipped 1024 AICore record slot(s) with start_time=0 (race-window write or recycled-buffer tail). buf seq=0 count=1024
[mono_ns=7230838598067173][T0xf06fb66daca0][WARN] copy_aicore_buffer: [chip_swimlane_collector.cpp:689] Core 11: skipped 1024 AICore record slot(s) with start_time=0 (race-window write or recycled-buffer tail). buf seq=0 count=1024
[mono_ns=7230838598070463][T0xf06fb6eeaca0][WARN] copy_aicore_buffer: [chip_swimlane_collector.cpp:689] Core 10: skipped 1024 AICore record slot(s) with start_time=0 (race-window write or recycled-buffer tail). buf seq=0 count=1024
[mono_ns=7230838598339193][T0xf06fb76faca0][WARN] copy_aicore_buffer: [chip_swimlane_collector.cpp:689] Core 42: skipped 1024 AICore record slot(s) with start_time=0 (race-window write or recycled-buffer tail). buf seq=0 count=1024
[mono_ns=7230838598389163][T0xf06fb6eeaca0][WARN] copy_aicore_buffer: [chip_swimlane_collector.cpp:689] Core 44: skipped 1024 AICore record slot(s) with start_time=0 (race-window write or recycled-buffer tail). buf seq=0 count=1024
[mono_ns=7230838598410883][T0xf06fb66daca0][WARN] copy_aicore_buffer: [chip_swimlane_collector.cpp:689] Core 46: skipped 1024 AICore record slot(s) with start_time=0 (race-window write or recycled-buffer tail). buf seq=0 count=1024
[mono_ns=7230838598683203][T0xf06fb76faca0][WARN] copy_aicore_buffer: [chip_swimlane_collector.cpp:689] Core 43: skipped 1024 AICore record slot(s) with start_time=0 (race-window write or recycled-buffer tail). buf seq=0 count=1024
[mono_ns=7230838598729833][T0xf06fb6eeaca0][WARN] copy_aicore_buffer: [chip_swimlane_collector.cpp:689] Core 45: skipped 1024 AICore record slot(s) with start_time=0 (race-window write or recycled-buffer tail). buf seq=0 count=1024
[mono_ns=7230838598785363][T0xf06fb66daca0][WARN] copy_aicore_buffer: [chip_swimlane_collector.cpp:689] Core 47: skipped 1024 AICore record slot(s) with start_time=0 (race-window write or recycled-buffer tail). buf seq=0 count=1024
[mono_ns=7230838599044963][T0xf06fb76faca0][WARN] copy_aicore_buffer: [chip_swimlane_collector.cpp:689] Core 12: skipped 1024 AICore record slot(s) with start_time=0 (race-window write or recycled-buffer tail). buf seq=0 count=1024
[mono_ns=7230838599117823][T0xf06fb6eeaca0][WARN] copy_aicore_buffer: [chip_swimlane_collector.cpp:689] Core 13: skipped 1024 AICore record slot(s) with start_time=0 (race-window write or recycled-buffer tail). buf seq=0 count=1024
[mono_ns=7230838599137503][T0xf06fb66daca0][WARN] copy_aicore_buffer: [chip_swimlane_collector.cpp:689] Core 14: skipped 1024 AICore record slot(s) with start_time=0 (race-window write or recycled-buffer tail). buf seq=0 count=1024
[mono_ns=7230838599406604][T0xf06fb76faca0][WARN] copy_aicore_buffer: [chip_swimlane_collector.cpp:689] Core 48: skipped 1024 AICore record slot(s) with start_time=0 (race-window write or recycled-buffer tail). buf seq=0 count=1024
[mono_ns=7230838599469724][T0xf06fb6eeaca0][WARN] copy_aicore_buffer: [chip_swimlane_collector.cpp:689] Core 50: skipped 1024 AICore record slot(s) with start_time=0 (race-window write or recycled-buffer tail). buf seq=0 count=1024
[mono_ns=7230838599483614][T0xf06fb66daca0][WARN] copy_aicore_buffer: [chip_swimlane_collector.cpp:689] Core 52: skipped 1024 AICore record slot(s) with start_time=0 (race-window write or recycled-buffer tail). buf seq=0 count=1024
[mono_ns=7230838599754604][T0xf06fb76faca0][WARN] copy_aicore_buffer: [chip_swimlane_collector.cpp:689] Core 49: skipped 1024 AICore record slot(s) with start_time=0 (race-window write or recycled-buffer tail). buf seq=0 count=1024
[mono_ns=7230838599818774][T0xf06fb6eeaca0][WARN] copy_aicore_buffer: [chip_swimlane_collector.cpp:689] Core 51: skipped 1024 AICore record slot(s) with start_time=0 (race-window write or recycled-buffer tail). buf seq=0 count=1024
[mono_ns=7230838599828554][T0xf06fb66daca0][WARN] copy_aicore_buffer: [chip_swimlane_collector.cpp:689] Core 53: skipped 1024 AICore record slot(s) with start_time=0 (race-window write or recycled-buffer tail). buf seq=0 count=1024
[mono_ns=7230838600157094][T0xf06fb76faca0][WARN] copy_aicore_buffer: [chip_swimlane_collector.cpp:689] Core 15: skipped 1024 AICore record slot(s) with start_time=0 (race-window write or recycled-buffer tail). buf seq=0 count=1024
[mono_ns=7230838600172224][T0xf06fb6eeaca0][WARN] copy_aicore_buffer: [chip_swimlane_collector.cpp:689] Core 16: skipped 1024 AICore record slot(s) with start_time=0 (race-window write or recycled-buffer tail). buf seq=0 count=1024
[mono_ns=7230838600185944][T0xf06fb66daca0][WARN] copy_aicore_buffer: [chip_swimlane_collector.cpp:689] Core 17: skipped 1024 AICore record slot(s) with start_time=0 (race-window write or recycled-buffer tail). buf seq=0 count=1024
[mono_ns=7230838600501364][T0xf06fb76faca0][WARN] copy_aicore_buffer: [chip_swimlane_collector.cpp:689] Core 54: skipped 1024 AICore record slot(s) with start_time=0 (race-window write or recycled-buffer tail). buf seq=0 count=1024
[mono_ns=7230838600508274][T0xf06fb6eeaca0][WARN] copy_aicore_buffer: [chip_swimlane_collector.cpp:689] Core 56: skipped 1024 AICore record slot(s) with start_time=0 (race-window write or recycled-buffer tail). buf seq=0 count=1024
[mono_ns=7230838600522664][T0xf06fb66daca0][WARN] copy_aicore_buffer: [chip_swimlane_collector.cpp:689] Core 58: skipped 1024 AICore record slot(s) with start_time=0 (race-window write or recycled-buffer tail). buf seq=0 count=1024
[mono_ns=7230838600843534][T0xf06fb76faca0][WARN] copy_aicore_buffer: [chip_swimlane_collector.cpp:689] Core 55: skipped 1024 AICore record slot(s) with start_time=0 (race-window write or recycled-buffer tail). buf seq=0 count=1024
[mono_ns=7230838600846054][T0xf06fb6eeaca0][WARN] copy_aicore_buffer: [chip_swimlane_collector.cpp:689] Core 57: skipped 1024 AICore record slot(s) with start_time=0 (race-window write or recycled-buffer tail). buf seq=0 count=1024
[mono_ns=7230838600903234][T0xf06fb66daca0][WARN] copy_aicore_buffer: [chip_swimlane_collector.cpp:689] Core 59: skipped 1024 AICore record slot(s) with start_time=0 (race-window write or recycled-buffer tail). buf seq=0 count=1024
[mono_ns=7230838601194524][T0xf06fb6eeaca0][WARN] copy_aicore_buffer: [chip_swimlane_collector.cpp:689] Core 19: skipped 1024 AICore record slot(s) with start_time=0 (race-window write or recycled-buffer tail). buf seq=0 count=1024
[mono_ns=7230838601213504][T0xf06fb76faca0][WARN] copy_aicore_buffer: [chip_swimlane_collector.cpp:689] Core 18: skipped 1024 AICore record slot(s) with start_time=0 (race-window write or recycled-buffer tail). buf seq=0 count=1024
[mono_ns=7230838601256344][T0xf06fb66daca0][WARN] copy_aicore_buffer: [chip_swimlane_collector.cpp:689] Core 20: skipped 1024 AICore record slot(s) with start_time=0 (race-window write or recycled-buffer tail). buf seq=0 count=1024
[mono_ns=7230838601541664][T0xf06fb6eeaca0][WARN] copy_aicore_buffer: [chip_swimlane_collector.cpp:689] Core 62: skipped 1024 AICore record slot(s) with start_time=0 (race-window write or recycled-buffer tail). buf seq=0 count=1024
[mono_ns=7230838601551574][T0xf06fb76faca0][WARN] copy_aicore_buffer: [chip_swimlane_collector.cpp:689] Core 60: skipped 1024 AICore record slot(s) with start_time=0 (race-window write or recycled-buffer tail). buf seq=0 count=1024
[mono_ns=7230838601597134][T0xf06fb66daca0][WARN] copy_aicore_buffer: [chip_swimlane_collector.cpp:689] Core 64: skipped 1024 AICore record slot(s) with start_time=0 (race-window write or recycled-buffer tail). buf seq=0 count=1024
[mono_ns=7230838601911465][T0xf06fb6eeaca0][WARN] copy_aicore_buffer: [chip_swimlane_collector.cpp:689] Core 63: skipped 1024 AICore record slot(s) with start_time=0 (race-window write or recycled-buffer tail). buf seq=0 count=1024
[mono_ns=7230838601924485][T0xf06fb76faca0][WARN] copy_aicore_buffer: [chip_swimlane_collector.cpp:689] Core 61: skipped 1024 AICore record slot(s) with start_time=0 (race-window write or recycled-buffer tail). buf seq=0 count=1024
[mono_ns=7230838601935555][T0xf06fb66daca0][WARN] copy_aicore_buffer: [chip_swimlane_collector.cpp:689] Core 65: skipped 1024 AICore record slot(s) with start_time=0 (race-window write or recycled-buffer tail). buf seq=0 count=1024
[mono_ns=7230838602261805][T0xf06fb6eeaca0][WARN] copy_aicore_buffer: [chip_swimlane_collector.cpp:689] Core 22: skipped 1024 AICore record slot(s) with start_time=0 (race-window write or recycled-buffer tail). buf seq=0 count=1024
[mono_ns=7230838602270295][T0xf06fb76faca0][WARN] copy_aicore_buffer: [chip_swimlane_collector.cpp:689] Core 21: skipped 1024 AICore record slot(s) with start_time=0 (race-window write or recycled-buffer tail). buf seq=0 count=1024
[mono_ns=7230838602281515][T0xf06fb66daca0][WARN] copy_aicore_buffer: [chip_swimlane_collector.cpp:689] Core 23: skipped 1024 AICore record slot(s) with start_time=0 (race-window write or recycled-buffer tail). buf seq=0 count=1024
[mono_ns=7230838602606305][T0xf06fb6eeaca0][WARN] copy_aicore_buffer: [chip_swimlane_collector.cpp:689] Core 68: skipped 1024 AICore record slot(s) with start_time=0 (race-window write or recycled-buffer tail). buf seq=0 count=1024
[mono_ns=7230838602617685][T0xf06fb76faca0][WARN] copy_aicore_buffer: [chip_swimlane_collector.cpp:689] Core 66: skipped 1024 AICore record slot(s) with start_time=0 (race-window write or recycled-buffer tail). buf seq=0 count=1024
[mono_ns=7230838602629625][T0xf06fb66daca0][WARN] copy_aicore_buffer: [chip_swimlane_collector.cpp:689] Core 70: skipped 1024 AICore record slot(s) with start_time=0 (race-window write or recycled-buffer tail). buf seq=0 count=1024
[mono_ns=7230838602945235][T0xf06fb6eeaca0][WARN] copy_aicore_buffer: [chip_swimlane_collector.cpp:689] Core 69: skipped 1024 AICore record slot(s) with start_time=0 (race-window write or recycled-buffer tail). buf seq=0 count=1024
[mono_ns=7230838602956595][T0xf06fb76faca0][WARN] copy_aicore_buffer: [chip_swimlane_collector.cpp:689] Core 67: skipped 1024 AICore record slot(s) with start_time=0 (race-window write or recycled-buffer tail). buf seq=0 count=1024
[mono_ns=7230838602964485][T0xf06fb66daca0][WARN] copy_aicore_buffer: [chip_swimlane_collector.cpp:689] Core 71: skipped 1024 AICore record slot(s) with start_time=0 (race-window write or recycled-buffer tail). buf seq=0 count=1024
[mono_ns=7230838703881145][T0xf0711308b020][TIMING] emit_host_span: [STRACE] v=1 pid=441851 tid=441851 inv=4 hid=607e9e6ed0fbbc85 depth=1 name=chip.run.runner_run ts=7230838594101521 dur=109773014 
[mono_ns=7230838703975765][T0xf0711308b020][TIMING] emit_host_span: [STRACE] v=1 pid=441851 tid=441851 inv=4 hid=607e9e6ed0fbbc85 depth=1 name=chip.run.validate ts=7230838703894135 dur=77980 
[mono_ns=7230838704027145][T0xf0711308b020][TIMING] emit_host_span: [STRACE] v=1 pid=441851 tid=441851 inv=4 hid=607e9e6ed0fbbc85 depth=2 name=chip.run.runner_run.device_wall ts=0 dur=253240 clk=dev
[mono_ns=7230838704031675][T0xf0711308b020][TIMING] emit_host_span: [STRACE] v=1 pid=441851 tid=441851 inv=4 hid=607e9e6ed0fbbc85 depth=3 name=chip.run.runner_run.device_wall.preamble ts=0 dur=112840 clk=dev
[mono_ns=7230838704036085][T0xf0711308b020][TIMING] emit_host_span: [STRACE] v=1 pid=441851 tid=441851 inv=4 hid=607e9e6ed0fbbc85 depth=3 name=chip.run.runner_run.device_wall.graph_build ts=108360 dur=133840 clk=dev
[mono_ns=7230838704039255][T0xf0711308b020][TIMING] emit_host_span: [STRACE] v=1 pid=441851 tid=441851 inv=4 hid=607e9e6ed0fbbc85 depth=3 name=chip.run.runner_run.device_wall.config_validate ts=108460 dur=780 clk=dev
[mono_ns=7230838704042265][T0xf0711308b020][TIMING] emit_host_span: [STRACE] v=1 pid=441851 tid=441851 inv=4 hid=607e9e6ed0fbbc85 depth=3 name=chip.run.runner_run.device_wall.arena_wire ts=109460 dur=280 clk=dev
[mono_ns=7230838704046355][T0xf0711308b020][TIMING] emit_host_span: [STRACE] v=1 pid=441851 tid=441851 inv=4 hid=607e9e6ed0fbbc85 depth=3 name=chip.run.runner_run.device_wall.sm_reset ts=109780 dur=740 clk=dev
[mono_ns=7230838704051135][T0xf0711308b020][TIMING] emit_host_span: [STRACE] v=1 pid=441851 tid=441851 inv=4 hid=607e9e6ed0fbbc85 depth=3 name=chip.run.runner_run.device_wall.post_orch ts=242260 dur=10879 clk=dev
[mono_ns=7230838704055415][T0xf0711308b020][TIMING] emit_host_span: [STRACE] v=1 pid=441851 tid=441851 inv=4 hid=607e9e6ed0fbbc85 depth=3 name=chip.run.runner_run.device_wall.orch ts=110539 dur=5020 clk=dev
[mono_ns=7230838704078865][T0xf0711308b020][TIMING] emit_host_span: [STRACE] v=1 pid=441851 tid=441851 inv=4 hid=607e9e6ed0fbbc85 depth=3 name=chip.run.runner_run.device_wall.sched ts=113380 dur=103580 clk=dev
[mono_ns=7230838704083755][T0xf0711308b020][TIMING] emit_host_span: [STRACE] v=1 pid=441851 tid=441851 inv=4 hid=607e9e6ed0fbbc85 depth=1 name=chip.run.claim_release ts=7230838704081475 dur=430 
[mono_ns=7230838704089215][T0xf0711308b020][TIMING] emit_host_span: [STRACE] v=1 pid=441851 tid=441851 inv=4 hid=607e9e6ed0fbbc85 depth=0 name=chip.run ts=7230838592626231 dur=111460874 run_id=4 dispatch_id=4 slot_id=0 generation=4 run_epoch=4
[mono_ns=7230843456559596][T0xf0711308b020][TIMING] emit_host_span: [STRACE] v=1 pid=441851 tid=441851 inv=5 hid=607e9e6ed0fbbc85 depth=2 name=chip.run.bind.args ts=7230843456415976 dur=137940 
[mono_ns=7230843456581997][T0xf0711308b020][TIMING] emit_host_span: [STRACE] v=1 pid=441851 tid=441851 inv=5 hid=607e9e6ed0fbbc85 depth=2 name=chip.run.bind.prebuilt ts=7230843456576287 dur=3120 
[mono_ns=7230843456586857][T0xf0711308b020][TIMING] emit_host_span: [STRACE] v=1 pid=441851 tid=441851 inv=5 hid=607e9e6ed0fbbc85 depth=1 name=chip.run.bind ts=7230843456408136 dur=176471 
[mono_ns=7230843561082992][T0xf0711308b020][TIMING] emit_host_span: [STRACE] v=1 pid=441851 tid=441851 inv=5 hid=607e9e6ed0fbbc85 depth=1 name=chip.run.runner_run ts=7230843456837567 dur=104232785 
[mono_ns=7230843561197592][T0xf0711308b020][TIMING] emit_host_span: [STRACE] v=1 pid=441851 tid=441851 inv=5 hid=607e9e6ed0fbbc85 depth=1 name=chip.run.validate ts=7230843561100072 dur=93660 
[mono_ns=7230843561210682][T0xf0711308b020][TIMING] emit_host_span: [STRACE] v=1 pid=441851 tid=441851 inv=5 hid=607e9e6ed0fbbc85 depth=2 name=chip.run.runner_run.device_wall ts=0 dur=981920 clk=dev
[mono_ns=7230843561215602][T0xf0711308b020][TIMING] emit_host_span: [STRACE] v=1 pid=441851 tid=441851 inv=5 hid=607e9e6ed0fbbc85 depth=3 name=chip.run.runner_run.device_wall.preamble ts=0 dur=6080 clk=dev
[mono_ns=7230843561219922][T0xf0711308b020][TIMING] emit_host_span: [STRACE] v=1 pid=441851 tid=441851 inv=5 hid=607e9e6ed0fbbc85 depth=3 name=chip.run.runner_run.device_wall.graph_build ts=1320 dur=969540 clk=dev
[mono_ns=7230843561224182][T0xf0711308b020][TIMING] emit_host_span: [STRACE] v=1 pid=441851 tid=441851 inv=5 hid=607e9e6ed0fbbc85 depth=3 name=chip.run.runner_run.device_wall.config_validate ts=1400 dur=940 clk=dev
[mono_ns=7230843561227502][T0xf0711308b020][TIMING] emit_host_span: [STRACE] v=1 pid=441851 tid=441851 inv=5 hid=607e9e6ed0fbbc85 depth=3 name=chip.run.runner_run.device_wall.arena_wire ts=2400 dur=1020 clk=dev
[mono_ns=7230843561233572][T0xf0711308b020][TIMING] emit_host_span: [STRACE] v=1 pid=441851 tid=441851 inv=5 hid=607e9e6ed0fbbc85 depth=3 name=chip.run.runner_run.device_wall.sm_reset ts=3440 dur=2200 clk=dev
[mono_ns=7230843561238152][T0xf0711308b020][TIMING] emit_host_span: [STRACE] v=1 pid=441851 tid=441851 inv=5 hid=607e9e6ed0fbbc85 depth=3 name=chip.run.runner_run.device_wall.post_orch ts=970900 dur=10720 clk=dev
[mono_ns=7230843561241402][T0xf0711308b020][TIMING] emit_host_span: [STRACE] v=1 pid=441851 tid=441851 inv=5 hid=607e9e6ed0fbbc85 depth=3 name=chip.run.runner_run.device_wall.orch ts=6380 dur=9200 clk=dev
[mono_ns=7230843561292882][T0xf0711308b020][TIMING] emit_host_span: [STRACE] v=1 pid=441851 tid=441851 inv=5 hid=607e9e6ed0fbbc85 depth=3 name=chip.run.runner_run.device_wall.sched ts=6399 dur=955840 clk=dev
[mono_ns=7230843561300402][T0xf0711308b020][TIMING] emit_host_span: [STRACE] v=1 pid=441851 tid=441851 inv=5 hid=607e9e6ed0fbbc85 depth=1 name=chip.run.claim_release ts=7230843561297152 dur=1090 
[mono_ns=7230843561307412][T0xf0711308b020][TIMING] emit_host_span: [STRACE] v=1 pid=441851 tid=441851 inv=5 hid=607e9e6ed0fbbc85 depth=0 name=chip.run ts=7230843456335706 dur=104969436 run_id=5 dispatch_id=5 slot_id=0 generation=5 run_epoch=5
[mono_ns=7230843572977297][T0xf0711308b020][TIMING] emit_host_span: [STRACE] v=1 pid=441851 tid=441851 inv=6 hid=607e9e6ed0fbbc85 depth=2 name=chip.run.bind.args ts=7230843572862997 dur=108850 
[mono_ns=7230843572993917][T0xf0711308b020][TIMING] emit_host_span: [STRACE] v=1 pid=441851 tid=441851 inv=6 hid=607e9e6ed0fbbc85 depth=2 name=chip.run.bind.prebuilt ts=7230843572989437 dur=2070 
[mono_ns=7230843572998587][T0xf0711308b020][TIMING] emit_host_span: [STRACE] v=1 pid=441851 tid=441851 inv=6 hid=607e9e6ed0fbbc85 depth=1 name=chip.run.bind ts=7230843572855967 dur=140550 
[mono_ns=7230843574559868][T0xf06fb66daca0][WARN] copy_aicore_buffer: [chip_swimlane_collector.cpp:689] Core 2: skipped 1024 AICore record slot(s) with start_time=0 (race-window write or recycled-buffer tail). buf seq=0 count=1024
[mono_ns=7230843574594338][T0xf06fb76faca0][WARN] copy_aicore_buffer: [chip_swimlane_collector.cpp:689] Core 0: skipped 1024 AICore record slot(s) with start_time=0 (race-window write or recycled-buffer tail). buf seq=0 count=1024
[mono_ns=7230843574932748][T0xf06fb76faca0][WARN] copy_aicore_buffer: [chip_swimlane_collector.cpp:689] Core 24: skipped 1024 AICore record slot(s) with start_time=0 (race-window write or recycled-buffer tail). buf seq=0 count=1024
[mono_ns=7230843574940198][T0xf06fb6eeaca0][WARN] copy_aicore_buffer: [chip_swimlane_collector.cpp:689] Core 1: skipped 1024 AICore record slot(s) with start_time=0 (race-window write or recycled-buffer tail). buf seq=0 count=1024
[mono_ns=7230843574959788][T0xf06fb66daca0][WARN] copy_aicore_buffer: [chip_swimlane_collector.cpp:689] Core 28: skipped 1022 AICore record slot(s) with start_time=0 (race-window write or recycled-buffer tail). buf seq=0 count=1024
[mono_ns=7230843575278588][T0xf06fb76faca0][WARN] copy_aicore_buffer: [chip_swimlane_collector.cpp:689] Core 25: skipped 1024 AICore record slot(s) with start_time=0 (race-window write or recycled-buffer tail). buf seq=0 count=1024
[mono_ns=7230843575285808][T0xf06fb6eeaca0][WARN] copy_aicore_buffer: [chip_swimlane_collector.cpp:689] Core 26: skipped 1023 AICore record slot(s) with start_time=0 (race-window write or recycled-buffer tail). buf seq=0 count=1024
[mono_ns=7230843575304038][T0xf06fb66daca0][WARN] copy_aicore_buffer: [chip_swimlane_collector.cpp:689] Core 29: skipped 1024 AICore record slot(s) with start_time=0 (race-window write or recycled-buffer tail). buf seq=0 count=1024
[mono_ns=7230843575603298][T0xf06fb76faca0][WARN] copy_aicore_buffer: [chip_swimlane_collector.cpp:689] Core 3: skipped 1024 AICore record slot(s) with start_time=0 (race-window write or recycled-buffer tail). buf seq=0 count=1024
[mono_ns=7230843575609368][T0xf06fb6eeaca0][WARN] copy_aicore_buffer: [chip_swimlane_collector.cpp:689] Core 27: skipped 1024 AICore record slot(s) with start_time=0 (race-window write or recycled-buffer tail). buf seq=0 count=1024
[mono_ns=7230843575625618][T0xf06fb66daca0][WARN] copy_aicore_buffer: [chip_swimlane_collector.cpp:689] Core 5: skipped 1024 AICore record slot(s) with start_time=0 (race-window write or recycled-buffer tail). buf seq=0 count=1024
[mono_ns=7230843575943098][T0xf06fb6eeaca0][WARN] copy_aicore_buffer: [chip_swimlane_collector.cpp:689] Core 4: skipped 1024 AICore record slot(s) with start_time=0 (race-window write or recycled-buffer tail). buf seq=0 count=1024
[mono_ns=7230843575948998][T0xf06fb66daca0][WARN] copy_aicore_buffer: [chip_swimlane_collector.cpp:689] Core 34: skipped 1024 AICore record slot(s) with start_time=0 (race-window write or recycled-buffer tail). buf seq=0 count=1024
[mono_ns=7230843575965088][T0xf06fb76faca0][WARN] copy_aicore_buffer: [chip_swimlane_collector.cpp:689] Core 30: skipped 1024 AICore record slot(s) with start_time=0 (race-window write or recycled-buffer tail). buf seq=0 count=1024
[mono_ns=7230843576282038][T0xf06fb6eeaca0][WARN] copy_aicore_buffer: [chip_swimlane_collector.cpp:689] Core 32: skipped 1024 AICore record slot(s) with start_time=0 (race-window write or recycled-buffer tail). buf seq=0 count=1024
[mono_ns=7230843576299148][T0xf06fb76faca0][WARN] copy_aicore_buffer: [chip_swimlane_collector.cpp:689] Core 31: skipped 1024 AICore record slot(s) with start_time=0 (race-window write or recycled-buffer tail). buf seq=0 count=1024
[mono_ns=7230843576313088][T0xf06fb66daca0][WARN] copy_aicore_buffer: [chip_swimlane_collector.cpp:689] Core 35: skipped 1024 AICore record slot(s) with start_time=0 (race-window write or recycled-buffer tail). buf seq=0 count=1024
[mono_ns=7230843576609269][T0xf06fb6eeaca0][WARN] copy_aicore_buffer: [chip_swimlane_collector.cpp:689] Core 33: skipped 1024 AICore record slot(s) with start_time=0 (race-window write or recycled-buffer tail). buf seq=0 count=1024
[mono_ns=7230843576618759][T0xf06fb76faca0][WARN] copy_aicore_buffer: [chip_swimlane_collector.cpp:689] Core 6: skipped 1024 AICore record slot(s) with start_time=0 (race-window write or recycled-buffer tail). buf seq=0 count=1024
[mono_ns=7230843576636229][T0xf06fb66daca0][WARN] copy_aicore_buffer: [chip_swimlane_collector.cpp:689] Core 8: skipped 1024 AICore record slot(s) with start_time=0 (race-window write or recycled-buffer tail). buf seq=0 count=1024
[mono_ns=7230843576935799][T0xf06fb6eeaca0][WARN] copy_aicore_buffer: [chip_swimlane_collector.cpp:689] Core 7: skipped 1024 AICore record slot(s) with start_time=0 (race-window write or recycled-buffer tail). buf seq=0 count=1024
[mono_ns=7230843576939559][T0xf06fb76faca0][WARN] copy_aicore_buffer: [chip_swimlane_collector.cpp:689] Core 36: skipped 1024 AICore record slot(s) with start_time=0 (race-window write or recycled-buffer tail). buf seq=0 count=1024
[mono_ns=7230843576963699][T0xf06fb66daca0][WARN] copy_aicore_buffer: [chip_swimlane_collector.cpp:689] Core 40: skipped 1024 AICore record slot(s) with start_time=0 (race-window write or recycled-buffer tail). buf seq=0 count=1024
[mono_ns=7230843577275289][T0xf06fb76faca0][WARN] copy_aicore_buffer: [chip_swimlane_collector.cpp:689] Core 37: skipped 1024 AICore record slot(s) with start_time=0 (race-window write or recycled-buffer tail). buf seq=0 count=1024
[mono_ns=7230843577297259][T0xf06fb66daca0][WARN] copy_aicore_buffer: [chip_swimlane_collector.cpp:689] Core 41: skipped 1024 AICore record slot(s) with start_time=0 (race-window write or recycled-buffer tail). buf seq=0 count=1024
[mono_ns=7230843577280749][T0xf06fb6eeaca0][WARN] copy_aicore_buffer: [chip_swimlane_collector.cpp:689] Core 38: skipped 1024 AICore record slot(s) with start_time=0 (race-window write or recycled-buffer tail). buf seq=0 count=1024
[mono_ns=7230843577599239][T0xf06fb76faca0][WARN] copy_aicore_buffer: [chip_swimlane_collector.cpp:689] Core 9: skipped 1024 AICore record slot(s) with start_time=0 (race-window write or recycled-buffer tail). buf seq=0 count=1024
[mono_ns=7230843577619179][T0xf06fb66daca0][WARN] copy_aicore_buffer: [chip_swimlane_collector.cpp:689] Core 11: skipped 1024 AICore record slot(s) with start_time=0 (race-window write or recycled-buffer tail). buf seq=0 count=1024
[mono_ns=7230843577642349][T0xf06fb6eeaca0][WARN] copy_aicore_buffer: [chip_swimlane_collector.cpp:689] Core 39: skipped 1024 AICore record slot(s) with start_time=0 (race-window write or recycled-buffer tail). buf seq=0 count=1024
[mono_ns=7230843577924139][T0xf06fb76faca0][WARN] copy_aicore_buffer: [chip_swimlane_collector.cpp:689] Core 42: skipped 1024 AICore record slot(s) with start_time=0 (race-window write or recycled-buffer tail). buf seq=0 count=1024
[mono_ns=7230843577945459][T0xf06fb66daca0][WARN] copy_aicore_buffer: [chip_swimlane_collector.cpp:689] Core 46: skipped 1024 AICore record slot(s) with start_time=0 (race-window write or recycled-buffer tail). buf seq=0 count=1024
[mono_ns=7230843577968129][T0xf06fb6eeaca0][WARN] copy_aicore_buffer: [chip_swimlane_collector.cpp:689] Core 10: skipped 1024 AICore record slot(s) with start_time=0 (race-window write or recycled-buffer tail). buf seq=0 count=1024
[mono_ns=7230843578257529][T0xf06fb76faca0][WARN] copy_aicore_buffer: [chip_swimlane_collector.cpp:689] Core 43: skipped 1024 AICore record slot(s) with start_time=0 (race-window write or recycled-buffer tail). buf seq=0 count=1024
[mono_ns=7230843578275299][T0xf06fb66daca0][WARN] copy_aicore_buffer: [chip_swimlane_collector.cpp:689] Core 47: skipped 1024 AICore record slot(s) with start_time=0 (race-window write or recycled-buffer tail). buf seq=0 count=1024
[mono_ns=7230843578325169][T0xf06fb6eeaca0][WARN] copy_aicore_buffer: [chip_swimlane_collector.cpp:689] Core 44: skipped 1024 AICore record slot(s) with start_time=0 (race-window write or recycled-buffer tail). buf seq=0 count=1024
[mono_ns=7230843578582979][T0xf06fb76faca0][WARN] copy_aicore_buffer: [chip_swimlane_collector.cpp:689] Core 12: skipped 1024 AICore record slot(s) with start_time=0 (race-window write or recycled-buffer tail). buf seq=0 count=1024
[mono_ns=7230843578597259][T0xf06fb66daca0][WARN] copy_aicore_buffer: [chip_swimlane_collector.cpp:689] Core 14: skipped 1024 AICore record slot(s) with start_time=0 (race-window write or recycled-buffer tail). buf seq=0 count=1024
[mono_ns=7230843578651739][T0xf06fb6eeaca0][WARN] copy_aicore_buffer: [chip_swimlane_collector.cpp:689] Core 45: skipped 1024 AICore record slot(s) with start_time=0 (race-window write or recycled-buffer tail). buf seq=0 count=1024
[mono_ns=7230843578908090][T0xf06fb76faca0][WARN] copy_aicore_buffer: [chip_swimlane_collector.cpp:689] Core 48: skipped 1024 AICore record slot(s) with start_time=0 (race-window write or recycled-buffer tail). buf seq=0 count=1024
[mono_ns=7230843578918650][T0xf06fb66daca0][WARN] copy_aicore_buffer: [chip_swimlane_collector.cpp:689] Core 52: skipped 1024 AICore record slot(s) with start_time=0 (race-window write or recycled-buffer tail). buf seq=0 count=1024
[mono_ns=7230843578979400][T0xf06fb6eeaca0][WARN] copy_aicore_buffer: [chip_swimlane_collector.cpp:689] Core 13: skipped 1024 AICore record slot(s) with start_time=0 (race-window write or recycled-buffer tail). buf seq=0 count=1024
[mono_ns=7230843579241310][T0xf06fb76faca0][WARN] copy_aicore_buffer: [chip_swimlane_collector.cpp:689] Core 49: skipped 1024 AICore record slot(s) with start_time=0 (race-window write or recycled-buffer tail). buf seq=0 count=1024
[mono_ns=7230843579294070][T0xf06fb66daca0][WARN] copy_aicore_buffer: [chip_swimlane_collector.cpp:689] Core 53: skipped 1024 AICore record slot(s) with start_time=0 (race-window write or recycled-buffer tail). buf seq=0 count=1024
[mono_ns=7230843579316550][T0xf06fb6eeaca0][WARN] copy_aicore_buffer: [chip_swimlane_collector.cpp:689] Core 50: skipped 1024 AICore record slot(s) with start_time=0 (race-window write or recycled-buffer tail). buf seq=0 count=1024
[mono_ns=7230843579566290][T0xf06fb76faca0][WARN] copy_aicore_buffer: [chip_swimlane_collector.cpp:689] Core 15: skipped 1024 AICore record slot(s) with start_time=0 (race-window write or recycled-buffer tail). buf seq=0 count=1024
[mono_ns=7230843579620080][T0xf06fb66daca0][WARN] copy_aicore_buffer: [chip_swimlane_collector.cpp:689] Core 17: skipped 1024 AICore record slot(s) with start_time=0 (race-window write or recycled-buffer tail). buf seq=0 count=1024
[mono_ns=7230843579642930][T0xf06fb6eeaca0][WARN] copy_aicore_buffer: [chip_swimlane_collector.cpp:689] Core 51: skipped 1024 AICore record slot(s) with start_time=0 (race-window write or recycled-buffer tail). buf seq=0 count=1024
[mono_ns=7230843579891510][T0xf06fb76faca0][WARN] copy_aicore_buffer: [chip_swimlane_collector.cpp:689] Core 54: skipped 1024 AICore record slot(s) with start_time=0 (race-window write or recycled-buffer tail). buf seq=0 count=1024
[mono_ns=7230843579945770][T0xf06fb66daca0][WARN] copy_aicore_buffer: [chip_swimlane_collector.cpp:689] Core 58: skipped 1024 AICore record slot(s) with start_time=0 (race-window write or recycled-buffer tail). buf seq=0 count=1024
[mono_ns=7230843579969750][T0xf06fb6eeaca0][WARN] copy_aicore_buffer: [chip_swimlane_collector.cpp:689] Core 16: skipped 1024 AICore record slot(s) with start_time=0 (race-window write or recycled-buffer tail). buf seq=0 count=1024
[mono_ns=7230843580238740][T0xf06fb76faca0][WARN] copy_aicore_buffer: [chip_swimlane_collector.cpp:689] Core 55: skipped 1024 AICore record slot(s) with start_time=0 (race-window write or recycled-buffer tail). buf seq=0 count=1024
[mono_ns=7230843580285040][T0xf06fb66daca0][WARN] copy_aicore_buffer: [chip_swimlane_collector.cpp:689] Core 59: skipped 1024 AICore record slot(s) with start_time=0 (race-window write or recycled-buffer tail). buf seq=0 count=1024
[mono_ns=7230843580304920][T0xf06fb6eeaca0][WARN] copy_aicore_buffer: [chip_swimlane_collector.cpp:689] Core 56: skipped 1024 AICore record slot(s) with start_time=0 (race-window write or recycled-buffer tail). buf seq=0 count=1024
[mono_ns=7230843580564330][T0xf06fb76faca0][WARN] copy_aicore_buffer: [chip_swimlane_collector.cpp:689] Core 18: skipped 1024 AICore record slot(s) with start_time=0 (race-window write or recycled-buffer tail). buf seq=0 count=1024
[mono_ns=7230843580612350][T0xf06fb66daca0][WARN] copy_aicore_buffer: [chip_swimlane_collector.cpp:689] Core 20: skipped 1024 AICore record slot(s) with start_time=0 (race-window write or recycled-buffer tail). buf seq=0 count=1024
[mono_ns=7230843580630670][T0xf06fb6eeaca0][WARN] copy_aicore_buffer: [chip_swimlane_collector.cpp:689] Core 57: skipped 1024 AICore record slot(s) with start_time=0 (race-window write or recycled-buffer tail). buf seq=0 count=1024
[mono_ns=7230843580890640][T0xf06fb76faca0][WARN] copy_aicore_buffer: [chip_swimlane_collector.cpp:689] Core 60: skipped 1024 AICore record slot(s) with start_time=0 (race-window write or recycled-buffer tail). buf seq=0 count=1024
[mono_ns=7230843580938310][T0xf06fb66daca0][WARN] copy_aicore_buffer: [chip_swimlane_collector.cpp:689] Core 64: skipped 1024 AICore record slot(s) with start_time=0 (race-window write or recycled-buffer tail). buf seq=0 count=1024
[mono_ns=7230843580952880][T0xf06fb6eeaca0][WARN] copy_aicore_buffer: [chip_swimlane_collector.cpp:689] Core 19: skipped 1024 AICore record slot(s) with start_time=0 (race-window write or recycled-buffer tail). buf seq=0 count=1024
[mono_ns=7230843581222951][T0xf06fb76faca0][WARN] copy_aicore_buffer: [chip_swimlane_collector.cpp:689] Core 61: skipped 1024 AICore record slot(s) with start_time=0 (race-window write or recycled-buffer tail). buf seq=0 count=1024
[mono_ns=7230843581272611][T0xf06fb66daca0][WARN] copy_aicore_buffer: [chip_swimlane_collector.cpp:689] Core 65: skipped 1024 AICore record slot(s) with start_time=0 (race-window write or recycled-buffer tail). buf seq=0 count=1024
[mono_ns=7230843581284081][T0xf06fb6eeaca0][WARN] copy_aicore_buffer: [chip_swimlane_collector.cpp:689] Core 62: skipped 1024 AICore record slot(s) with start_time=0 (race-window write or recycled-buffer tail). buf seq=0 count=1024
[mono_ns=7230843581547951][T0xf06fb76faca0][WARN] copy_aicore_buffer: [chip_swimlane_collector.cpp:689] Core 21: skipped 1024 AICore record slot(s) with start_time=0 (race-window write or recycled-buffer tail). buf seq=0 count=1024
[mono_ns=7230843581598791][T0xf06fb66daca0][WARN] copy_aicore_buffer: [chip_swimlane_collector.cpp:689] Core 23: skipped 1024 AICore record slot(s) with start_time=0 (race-window write or recycled-buffer tail). buf seq=0 count=1024
[mono_ns=7230843581605641][T0xf06fb6eeaca0][WARN] copy_aicore_buffer: [chip_swimlane_collector.cpp:689] Core 63: skipped 1024 AICore record slot(s) with start_time=0 (race-window write or recycled-buffer tail). buf seq=0 count=1024
[mono_ns=7230843581907531][T0xf06fb76faca0][WARN] copy_aicore_buffer: [chip_swimlane_collector.cpp:689] Core 66: skipped 1024 AICore record slot(s) with start_time=0 (race-window write or recycled-buffer tail). buf seq=0 count=1024
[mono_ns=7230843581921281][T0xf06fb66daca0][WARN] copy_aicore_buffer: [chip_swimlane_collector.cpp:689] Core 70: skipped 1024 AICore record slot(s) with start_time=0 (race-window write or recycled-buffer tail). buf seq=0 count=1024
[mono_ns=7230843581928261][T0xf06fb6eeaca0][WARN] copy_aicore_buffer: [chip_swimlane_collector.cpp:689] Core 22: skipped 1024 AICore record slot(s) with start_time=0 (race-window write or recycled-buffer tail). buf seq=0 count=1024
[mono_ns=7230843582251041][T0xf06fb66daca0][WARN] copy_aicore_buffer: [chip_swimlane_collector.cpp:689] Core 71: skipped 1024 AICore record slot(s) with start_time=0 (race-window write or recycled-buffer tail). buf seq=0 count=1024
[mono_ns=7230843582257881][T0xf06fb6eeaca0][WARN] copy_aicore_buffer: [chip_swimlane_collector.cpp:689] Core 68: skipped 1024 AICore record slot(s) with start_time=0 (race-window write or recycled-buffer tail). buf seq=0 count=1024
[mono_ns=7230843582258761][T0xf06fb76faca0][WARN] copy_aicore_buffer: [chip_swimlane_collector.cpp:689] Core 67: skipped 1024 AICore record slot(s) with start_time=0 (race-window write or recycled-buffer tail). buf seq=0 count=1024
[mono_ns=7230843582593581][T0xf06fb6eeaca0][WARN] copy_aicore_buffer: [chip_swimlane_collector.cpp:689] Core 69: skipped 1024 AICore record slot(s) with start_time=0 (race-window write or recycled-buffer tail). buf seq=0 count=1024
[mono_ns=7230843683157945][T0xf0711308b020][TIMING] emit_host_span: [STRACE] v=1 pid=441851 tid=441851 inv=6 hid=607e9e6ed0fbbc85 depth=1 name=chip.run.runner_run ts=7230843573641307 dur=109510638 
[mono_ns=7230843683247625][T0xf0711308b020][TIMING] emit_host_span: [STRACE] v=1 pid=441851 tid=441851 inv=6 hid=607e9e6ed0fbbc85 depth=1 name=chip.run.validate ts=7230843683169085 dur=75100 
[mono_ns=7230843683258985][T0xf0711308b020][TIMING] emit_host_span: [STRACE] v=1 pid=441851 tid=441851 inv=6 hid=607e9e6ed0fbbc85 depth=2 name=chip.run.runner_run.device_wall ts=0 dur=433780 clk=dev
[mono_ns=7230843683263455][T0xf0711308b020][TIMING] emit_host_span: [STRACE] v=1 pid=441851 tid=441851 inv=6 hid=607e9e6ed0fbbc85 depth=3 name=chip.run.runner_run.device_wall.preamble ts=0 dur=107399 clk=dev
[mono_ns=7230843683267535][T0xf0711308b020][TIMING] emit_host_span: [STRACE] v=1 pid=441851 tid=441851 inv=6 hid=607e9e6ed0fbbc85 depth=3 name=chip.run.runner_run.device_wall.graph_build ts=102880 dur=319780 clk=dev
[mono_ns=7230843683272335][T0xf0711308b020][TIMING] emit_host_span: [STRACE] v=1 pid=441851 tid=441851 inv=6 hid=607e9e6ed0fbbc85 depth=3 name=chip.run.runner_run.device_wall.config_validate ts=102980 dur=700 clk=dev
[mono_ns=7230843683276595][T0xf0711308b020][TIMING] emit_host_span: [STRACE] v=1 pid=441851 tid=441851 inv=6 hid=607e9e6ed0fbbc85 depth=3 name=chip.run.runner_run.device_wall.arena_wire ts=103720 dur=360 clk=dev
[mono_ns=7230843683314255][T0xf0711308b020][TIMING] emit_host_span: [STRACE] v=1 pid=441851 tid=441851 inv=6 hid=607e9e6ed0fbbc85 depth=3 name=chip.run.runner_run.device_wall.sm_reset ts=104100 dur=640 clk=dev
[mono_ns=7230843683317705][T0xf0711308b020][TIMING] emit_host_span: [STRACE] v=1 pid=441851 tid=441851 inv=6 hid=607e9e6ed0fbbc85 depth=3 name=chip.run.runner_run.device_wall.post_orch ts=422700 dur=10620 clk=dev
[mono_ns=7230843683321135][T0xf0711308b020][TIMING] emit_host_span: [STRACE] v=1 pid=441851 tid=441851 inv=6 hid=607e9e6ed0fbbc85 depth=3 name=chip.run.runner_run.device_wall.orch ts=104760 dur=3980 clk=dev
[mono_ns=7230843683324435][T0xf0711308b020][TIMING] emit_host_span: [STRACE] v=1 pid=441851 tid=441851 inv=6 hid=607e9e6ed0fbbc85 depth=3 name=chip.run.runner_run.device_wall.sched ts=107559 dur=291460 clk=dev
[mono_ns=7230843683329035][T0xf0711308b020][TIMING] emit_host_span: [STRACE] v=1 pid=441851 tid=441851 inv=6 hid=607e9e6ed0fbbc85 depth=1 name=chip.run.claim_release ts=7230843683326905 dur=360 
[mono_ns=7230843683334425][T0xf0711308b020][TIMING] emit_host_span: [STRACE] v=1 pid=441851 tid=441851 inv=6 hid=607e9e6ed0fbbc85 depth=0 name=chip.run ts=7230843572823807 dur=110508528 run_id=6 dispatch_id=6 slot_id=0 generation=6 run_epoch=6
[mono_ns=7230848524093774][T0xf0711308b020][TIMING] emit_host_span: [STRACE] v=1 pid=441851 tid=441851 inv=7 hid=607e9e6ed0fbbc85 depth=2 name=chip.run.bind.args ts=7230848523927974 dur=157510 
[mono_ns=7230848524117544][T0xf0711308b020][TIMING] emit_host_span: [STRACE] v=1 pid=441851 tid=441851 inv=7 hid=607e9e6ed0fbbc85 depth=2 name=chip.run.bind.prebuilt ts=7230848524109454 dur=5420 
[mono_ns=7230848524145354][T0xf0711308b020][TIMING] emit_host_span: [STRACE] v=1 pid=441851 tid=441851 inv=7 hid=607e9e6ed0fbbc85 depth=1 name=chip.run.bind ts=7230848523919244 dur=223460 
[mono_ns=7230848632644236][T0xf0711308b020][TIMING] emit_host_span: [STRACE] v=1 pid=441851 tid=441851 inv=7 hid=607e9e6ed0fbbc85 depth=1 name=chip.run.runner_run ts=7230848524459924 dur=108175332 
[mono_ns=7230848632751606][T0xf0711308b020][TIMING] emit_host_span: [STRACE] v=1 pid=441851 tid=441851 inv=7 hid=607e9e6ed0fbbc85 depth=1 name=chip.run.validate ts=7230848632659186 dur=88720 
[mono_ns=7230848632763786][T0xf0711308b020][TIMING] emit_host_span: [STRACE] v=1 pid=441851 tid=441851 inv=7 hid=607e9e6ed0fbbc85 depth=2 name=chip.run.runner_run.device_wall ts=0 dur=666660 clk=dev
[mono_ns=7230848632769176][T0xf0711308b020][TIMING] emit_host_span: [STRACE] v=1 pid=441851 tid=441851 inv=7 hid=607e9e6ed0fbbc85 depth=3 name=chip.run.runner_run.device_wall.preamble ts=0 dur=6939 clk=dev
[mono_ns=7230848632773716][T0xf0711308b020][TIMING] emit_host_span: [STRACE] v=1 pid=441851 tid=441851 inv=7 hid=607e9e6ed0fbbc85 depth=3 name=chip.run.runner_run.device_wall.graph_build ts=2000 dur=653579 clk=dev
[mono_ns=7230848632777156][T0xf0711308b020][TIMING] emit_host_span: [STRACE] v=1 pid=441851 tid=441851 inv=7 hid=607e9e6ed0fbbc85 depth=3 name=chip.run.runner_run.device_wall.config_validate ts=2139 dur=880 clk=dev
[mono_ns=7230848632829096][T0xf0711308b020][TIMING] emit_host_span: [STRACE] v=1 pid=441851 tid=441851 inv=7 hid=607e9e6ed0fbbc85 depth=3 name=chip.run.runner_run.device_wall.arena_wire ts=3040 dur=880 clk=dev
[mono_ns=7230848632833116][T0xf0711308b020][TIMING] emit_host_span: [STRACE] v=1 pid=441851 tid=441851 inv=7 hid=607e9e6ed0fbbc85 depth=3 name=chip.run.runner_run.device_wall.sm_reset ts=3960 dur=1720 clk=dev
[mono_ns=7230848632836966][T0xf0711308b020][TIMING] emit_host_span: [STRACE] v=1 pid=441851 tid=441851 inv=7 hid=607e9e6ed0fbbc85 depth=3 name=chip.run.runner_run.device_wall.post_orch ts=655640 dur=10840 clk=dev
[mono_ns=7230848632839886][T0xf0711308b020][TIMING] emit_host_span: [STRACE] v=1 pid=441851 tid=441851 inv=7 hid=607e9e6ed0fbbc85 depth=3 name=chip.run.runner_run.device_wall.orch ts=6600 dur=13640 clk=dev
[mono_ns=7230848632843716][T0xf0711308b020][TIMING] emit_host_span: [STRACE] v=1 pid=441851 tid=441851 inv=7 hid=607e9e6ed0fbbc85 depth=3 name=chip.run.runner_run.device_wall.sched ts=7320 dur=639800 clk=dev
[mono_ns=7230848632848326][T0xf0711308b020][TIMING] emit_host_span: [STRACE] v=1 pid=441851 tid=441851 inv=7 hid=607e9e6ed0fbbc85 depth=1 name=chip.run.claim_release ts=7230848632845876 dur=580 
[mono_ns=7230848632854336][T0xf0711308b020][TIMING] emit_host_span: [STRACE] v=1 pid=441851 tid=441851 inv=7 hid=607e9e6ed0fbbc85 depth=0 name=chip.run ts=7230848523837854 dur=109014372 run_id=7 dispatch_id=7 slot_id=0 generation=7 run_epoch=7
[mono_ns=7230848639385639][T0xf0711308b020][TIMING] emit_host_span: [STRACE] v=1 pid=441851 tid=441851 inv=8 hid=607e9e6ed0fbbc85 depth=2 name=chip.run.bind.args ts=7230848639278649 dur=102370 
[mono_ns=7230848639425709][T0xf0711308b020][TIMING] emit_host_span: [STRACE] v=1 pid=441851 tid=441851 inv=8 hid=607e9e6ed0fbbc85 depth=2 name=chip.run.bind.prebuilt ts=7230848639420539 dur=2430 
[mono_ns=7230848639430519][T0xf0711308b020][TIMING] emit_host_span: [STRACE] v=1 pid=441851 tid=441851 inv=8 hid=607e9e6ed0fbbc85 depth=1 name=chip.run.bind ts=7230848639271179 dur=157330 
[mono_ns=7230848640856439][T0xf06fb66daca0][WARN] copy_aicore_buffer: [chip_swimlane_collector.cpp:689] Core 2: skipped 1024 AICore record slot(s) with start_time=0 (race-window write or recycled-buffer tail). buf seq=0 count=1024
[mono_ns=7230848640886379][T0xf06fb76faca0][WARN] copy_aicore_buffer: [chip_swimlane_collector.cpp:689] Core 0: skipped 1024 AICore record slot(s) with start_time=0 (race-window write or recycled-buffer tail). buf seq=0 count=1024
[mono_ns=7230848640952580][T0xf06fb6eeaca0][WARN] copy_aicore_buffer: [chip_swimlane_collector.cpp:689] Core 1: skipped 1024 AICore record slot(s) with start_time=0 (race-window write or recycled-buffer tail). buf seq=0 count=1024
[mono_ns=7230848641223080][T0xf06fb66daca0][WARN] copy_aicore_buffer: [chip_swimlane_collector.cpp:689] Core 28: skipped 1023 AICore record slot(s) with start_time=0 (race-window write or recycled-buffer tail). buf seq=0 count=1024
[mono_ns=7230848641258500][T0xf06fb76faca0][WARN] copy_aicore_buffer: [chip_swimlane_collector.cpp:689] Core 24: skipped 1024 AICore record slot(s) with start_time=0 (race-window write or recycled-buffer tail). buf seq=0 count=1024
[mono_ns=7230848641305430][T0xf06fb6eeaca0][WARN] copy_aicore_buffer: [chip_swimlane_collector.cpp:689] Core 26: skipped 1022 AICore record slot(s) with start_time=0 (race-window write or recycled-buffer tail). buf seq=0 count=1024
[mono_ns=7230848641550300][T0xf06fb66daca0][WARN] copy_aicore_buffer: [chip_swimlane_collector.cpp:689] Core 29: skipped 1024 AICore record slot(s) with start_time=0 (race-window write or recycled-buffer tail). buf seq=0 count=1024
[mono_ns=7230848641586180][T0xf06fb76faca0][WARN] copy_aicore_buffer: [chip_swimlane_collector.cpp:689] Core 25: skipped 1024 AICore record slot(s) with start_time=0 (race-window write or recycled-buffer tail). buf seq=0 count=1024
[mono_ns=7230848641632940][T0xf06fb6eeaca0][WARN] copy_aicore_buffer: [chip_swimlane_collector.cpp:689] Core 27: skipped 1024 AICore record slot(s) with start_time=0 (race-window write or recycled-buffer tail). buf seq=0 count=1024
[mono_ns=7230848641878420][T0xf06fb66daca0][WARN] copy_aicore_buffer: [chip_swimlane_collector.cpp:689] Core 5: skipped 1024 AICore record slot(s) with start_time=0 (race-window write or recycled-buffer tail). buf seq=0 count=1024
[mono_ns=7230848641912280][T0xf06fb76faca0][WARN] copy_aicore_buffer: [chip_swimlane_collector.cpp:689] Core 3: skipped 1024 AICore record slot(s) with start_time=0 (race-window write or recycled-buffer tail). buf seq=0 count=1024
[mono_ns=7230848641959870][T0xf06fb6eeaca0][WARN] copy_aicore_buffer: [chip_swimlane_collector.cpp:689] Core 4: skipped 1024 AICore record slot(s) with start_time=0 (race-window write or recycled-buffer tail). buf seq=0 count=1024
[mono_ns=7230848642216600][T0xf06fb66daca0][WARN] copy_aicore_buffer: [chip_swimlane_collector.cpp:689] Core 34: skipped 1024 AICore record slot(s) with start_time=0 (race-window write or recycled-buffer tail). buf seq=0 count=1024
[mono_ns=7230848642251640][T0xf06fb76faca0][WARN] copy_aicore_buffer: [chip_swimlane_collector.cpp:689] Core 30: skipped 1024 AICore record slot(s) with start_time=0 (race-window write or recycled-buffer tail). buf seq=0 count=1024
[mono_ns=7230848642300690][T0xf06fb6eeaca0][WARN] copy_aicore_buffer: [chip_swimlane_collector.cpp:689] Core 32: skipped 1024 AICore record slot(s) with start_time=0 (race-window write or recycled-buffer tail). buf seq=0 count=1024
[mono_ns=7230848642543300][T0xf06fb66daca0][WARN] copy_aicore_buffer: [chip_swimlane_collector.cpp:689] Core 35: skipped 1024 AICore record slot(s) with start_time=0 (race-window write or recycled-buffer tail). buf seq=0 count=1024
[mono_ns=7230848642576690][T0xf06fb76faca0][WARN] copy_aicore_buffer: [chip_swimlane_collector.cpp:689] Core 31: skipped 1024 AICore record slot(s) with start_time=0 (race-window write or recycled-buffer tail). buf seq=0 count=1024
[mono_ns=7230848642626990][T0xf06fb6eeaca0][WARN] copy_aicore_buffer: [chip_swimlane_collector.cpp:689] Core 33: skipped 1024 AICore record slot(s) with start_time=0 (race-window write or recycled-buffer tail). buf seq=0 count=1024
[mono_ns=7230848642870290][T0xf06fb66daca0][WARN] copy_aicore_buffer: [chip_swimlane_collector.cpp:689] Core 8: skipped 1024 AICore record slot(s) with start_time=0 (race-window write or recycled-buffer tail). buf seq=0 count=1024
[mono_ns=7230848642903480][T0xf06fb76faca0][WARN] copy_aicore_buffer: [chip_swimlane_collector.cpp:689] Core 6: skipped 1024 AICore record slot(s) with start_time=0 (race-window write or recycled-buffer tail). buf seq=0 count=1024
[mono_ns=7230848642955880][T0xf06fb6eeaca0][WARN] copy_aicore_buffer: [chip_swimlane_collector.cpp:689] Core 7: skipped 1024 AICore record slot(s) with start_time=0 (race-window write or recycled-buffer tail). buf seq=0 count=1024
[mono_ns=7230848643206821][T0xf06fb66daca0][WARN] copy_aicore_buffer: [chip_swimlane_collector.cpp:689] Core 40: skipped 1024 AICore record slot(s) with start_time=0 (race-window write or recycled-buffer tail). buf seq=0 count=1024
[mono_ns=7230848643237571][T0xf06fb76faca0][WARN] copy_aicore_buffer: [chip_swimlane_collector.cpp:689] Core 36: skipped 1024 AICore record slot(s) with start_time=0 (race-window write or recycled-buffer tail). buf seq=0 count=1024
[mono_ns=7230848643426711][T0xf06fb6eeaca0][WARN] copy_aicore_buffer: [chip_swimlane_collector.cpp:689] Core 38: skipped 1024 AICore record slot(s) with start_time=0 (race-window write or recycled-buffer tail). buf seq=0 count=1024
[mono_ns=7230848643536901][T0xf06fb66daca0][WARN] copy_aicore_buffer: [chip_swimlane_collector.cpp:689] Core 41: skipped 1024 AICore record slot(s) with start_time=0 (race-window write or recycled-buffer tail). buf seq=0 count=1024
[mono_ns=7230848643561901][T0xf06fb76faca0][WARN] copy_aicore_buffer: [chip_swimlane_collector.cpp:689] Core 37: skipped 1024 AICore record slot(s) with start_time=0 (race-window write or recycled-buffer tail). buf seq=0 count=1024
[mono_ns=7230848643751121][T0xf06fb6eeaca0][WARN] copy_aicore_buffer: [chip_swimlane_collector.cpp:689] Core 39: skipped 1024 AICore record slot(s) with start_time=0 (race-window write or recycled-buffer tail). buf seq=0 count=1024
[mono_ns=7230848643862411][T0xf06fb66daca0][WARN] copy_aicore_buffer: [chip_swimlane_collector.cpp:689] Core 11: skipped 1024 AICore record slot(s) with start_time=0 (race-window write or recycled-buffer tail). buf seq=0 count=1024
[mono_ns=7230848643885901][T0xf06fb76faca0][WARN] copy_aicore_buffer: [chip_swimlane_collector.cpp:689] Core 9: skipped 1024 AICore record slot(s) with start_time=0 (race-window write or recycled-buffer tail). buf seq=0 count=1024
[mono_ns=7230848644083021][T0xf06fb6eeaca0][WARN] copy_aicore_buffer: [chip_swimlane_collector.cpp:689] Core 10: skipped 1024 AICore record slot(s) with start_time=0 (race-window write or recycled-buffer tail). buf seq=0 count=1024
[mono_ns=7230848644195511][T0xf06fb66daca0][WARN] copy_aicore_buffer: [chip_swimlane_collector.cpp:689] Core 46: skipped 1024 AICore record slot(s) with start_time=0 (race-window write or recycled-buffer tail). buf seq=0 count=1024
[mono_ns=7230848644264471][T0xf06fb76faca0][WARN] copy_aicore_buffer: [chip_swimlane_collector.cpp:689] Core 42: skipped 1024 AICore record slot(s) with start_time=0 (race-window write or recycled-buffer tail). buf seq=0 count=1024
[mono_ns=7230848644400781][T0xf06fb6eeaca0][WARN] copy_aicore_buffer: [chip_swimlane_collector.cpp:689] Core 44: skipped 1024 AICore record slot(s) with start_time=0 (race-window write or recycled-buffer tail). buf seq=0 count=1024
[mono_ns=7230848644521311][T0xf06fb66daca0][WARN] copy_aicore_buffer: [chip_swimlane_collector.cpp:689] Core 47: skipped 1024 AICore record slot(s) with start_time=0 (race-window write or recycled-buffer tail). buf seq=0 count=1024
[mono_ns=7230848644591471][T0xf06fb76faca0][WARN] copy_aicore_buffer: [chip_swimlane_collector.cpp:689] Core 43: skipped 1024 AICore record slot(s) with start_time=0 (race-window write or recycled-buffer tail). buf seq=0 count=1024
[mono_ns=7230848644717251][T0xf06fb6eeaca0][WARN] copy_aicore_buffer: [chip_swimlane_collector.cpp:689] Core 45: skipped 1024 AICore record slot(s) with start_time=0 (race-window write or recycled-buffer tail). buf seq=0 count=1024
[mono_ns=7230848644848891][T0xf06fb66daca0][WARN] copy_aicore_buffer: [chip_swimlane_collector.cpp:689] Core 14: skipped 1024 AICore record slot(s) with start_time=0 (race-window write or recycled-buffer tail). buf seq=0 count=1024
[mono_ns=7230848644917001][T0xf06fb76faca0][WARN] copy_aicore_buffer: [chip_swimlane_collector.cpp:689] Core 12: skipped 1024 AICore record slot(s) with start_time=0 (race-window write or recycled-buffer tail). buf seq=0 count=1024
[mono_ns=7230848645044411][T0xf06fb6eeaca0][WARN] copy_aicore_buffer: [chip_swimlane_collector.cpp:689] Core 13: skipped 1024 AICore record slot(s) with start_time=0 (race-window write or recycled-buffer tail). buf seq=0 count=1024
[mono_ns=7230848645190692][T0xf06fb66daca0][WARN] copy_aicore_buffer: [chip_swimlane_collector.cpp:689] Core 52: skipped 1024 AICore record slot(s) with start_time=0 (race-window write or recycled-buffer tail). buf seq=0 count=1024
[mono_ns=7230848645257282][T0xf06fb76faca0][WARN] copy_aicore_buffer: [chip_swimlane_collector.cpp:689] Core 48: skipped 1024 AICore record slot(s) with start_time=0 (race-window write or recycled-buffer tail). buf seq=0 count=1024
[mono_ns=7230848645361222][T0xf06fb6eeaca0][WARN] copy_aicore_buffer: [chip_swimlane_collector.cpp:689] Core 50: skipped 1024 AICore record slot(s) with start_time=0 (race-window write or recycled-buffer tail). buf seq=0 count=1024
[mono_ns=7230848645518002][T0xf06fb66daca0][WARN] copy_aicore_buffer: [chip_swimlane_collector.cpp:689] Core 53: skipped 1024 AICore record slot(s) with start_time=0 (race-window write or recycled-buffer tail). buf seq=0 count=1024
[mono_ns=7230848645583542][T0xf06fb76faca0][WARN] copy_aicore_buffer: [chip_swimlane_collector.cpp:689] Core 49: skipped 1024 AICore record slot(s) with start_time=0 (race-window write or recycled-buffer tail). buf seq=0 count=1024
[mono_ns=7230848645677242][T0xf06fb6eeaca0][WARN] copy_aicore_buffer: [chip_swimlane_collector.cpp:689] Core 51: skipped 1024 AICore record slot(s) with start_time=0 (race-window write or recycled-buffer tail). buf seq=0 count=1024
[mono_ns=7230848645845052][T0xf06fb66daca0][WARN] copy_aicore_buffer: [chip_swimlane_collector.cpp:689] Core 17: skipped 1024 AICore record slot(s) with start_time=0 (race-window write or recycled-buffer tail). buf seq=0 count=1024
[mono_ns=7230848645908782][T0xf06fb76faca0][WARN] copy_aicore_buffer: [chip_swimlane_collector.cpp:689] Core 15: skipped 1024 AICore record slot(s) with start_time=0 (race-window write or recycled-buffer tail). buf seq=0 count=1024
[mono_ns=7230848645992472][T0xf06fb6eeaca0][WARN] copy_aicore_buffer: [chip_swimlane_collector.cpp:689] Core 16: skipped 1024 AICore record slot(s) with start_time=0 (race-window write or recycled-buffer tail). buf seq=0 count=1024
[mono_ns=7230848646184282][T0xf06fb66daca0][WARN] copy_aicore_buffer: [chip_swimlane_collector.cpp:689] Core 58: skipped 1024 AICore record slot(s) with start_time=0 (race-window write or recycled-buffer tail). buf seq=0 count=1024
[mono_ns=7230848646246952][T0xf06fb76faca0][WARN] copy_aicore_buffer: [chip_swimlane_collector.cpp:689] Core 54: skipped 1024 AICore record slot(s) with start_time=0 (race-window write or recycled-buffer tail). buf seq=0 count=1024
[mono_ns=7230848646321872][T0xf06fb6eeaca0][WARN] copy_aicore_buffer: [chip_swimlane_collector.cpp:689] Core 56: skipped 1024 AICore record slot(s) with start_time=0 (race-window write or recycled-buffer tail). buf seq=0 count=1024
[mono_ns=7230848646510912][T0xf06fb66daca0][WARN] copy_aicore_buffer: [chip_swimlane_collector.cpp:689] Core 59: skipped 1024 AICore record slot(s) with start_time=0 (race-window write or recycled-buffer tail). buf seq=0 count=1024
[mono_ns=7230848646571752][T0xf06fb76faca0][WARN] copy_aicore_buffer: [chip_swimlane_collector.cpp:689] Core 55: skipped 1024 AICore record slot(s) with start_time=0 (race-window write or recycled-buffer tail). buf seq=0 count=1024
[mono_ns=7230848646640002][T0xf06fb6eeaca0][WARN] copy_aicore_buffer: [chip_swimlane_collector.cpp:689] Core 57: skipped 1024 AICore record slot(s) with start_time=0 (race-window write or recycled-buffer tail). buf seq=0 count=1024
[mono_ns=7230848646879172][T0xf06fb66daca0][WARN] copy_aicore_buffer: [chip_swimlane_collector.cpp:689] Core 20: skipped 1024 AICore record slot(s) with start_time=0 (race-window write or recycled-buffer tail). buf seq=0 count=1024
[mono_ns=7230848646898542][T0xf06fb76faca0][WARN] copy_aicore_buffer: [chip_swimlane_collector.cpp:689] Core 18: skipped 1024 AICore record slot(s) with start_time=0 (race-window write or recycled-buffer tail). buf seq=0 count=1024
[mono_ns=7230848646956352][T0xf06fb6eeaca0][WARN] copy_aicore_buffer: [chip_swimlane_collector.cpp:689] Core 19: skipped 1024 AICore record slot(s) with start_time=0 (race-window write or recycled-buffer tail). buf seq=0 count=1024
[mono_ns=7230848647218503][T0xf06fb66daca0][WARN] copy_aicore_buffer: [chip_swimlane_collector.cpp:689] Core 64: skipped 1024 AICore record slot(s) with start_time=0 (race-window write or recycled-buffer tail). buf seq=0 count=1024
[mono_ns=7230848647234243][T0xf06fb76faca0][WARN] copy_aicore_buffer: [chip_swimlane_collector.cpp:689] Core 60: skipped 1024 AICore record slot(s) with start_time=0 (race-window write or recycled-buffer tail). buf seq=0 count=1024
[mono_ns=7230848647276523][T0xf06fb6eeaca0][WARN] copy_aicore_buffer: [chip_swimlane_collector.cpp:689] Core 62: skipped 1024 AICore record slot(s) with start_time=0 (race-window write or recycled-buffer tail). buf seq=0 count=1024
[mono_ns=7230848647545093][T0xf06fb66daca0][WARN] copy_aicore_buffer: [chip_swimlane_collector.cpp:689] Core 65: skipped 1024 AICore record slot(s) with start_time=0 (race-window write or recycled-buffer tail). buf seq=0 count=1024
[mono_ns=7230848647554553][T0xf06fb76faca0][WARN] copy_aicore_buffer: [chip_swimlane_collector.cpp:689] Core 61: skipped 1024 AICore record slot(s) with start_time=0 (race-window write or recycled-buffer tail). buf seq=0 count=1024
[mono_ns=7230848647627133][T0xf06fb6eeaca0][WARN] copy_aicore_buffer: [chip_swimlane_collector.cpp:689] Core 63: skipped 1024 AICore record slot(s) with start_time=0 (race-window write or recycled-buffer tail). buf seq=0 count=1024
[mono_ns=7230848647872493][T0xf06fb66daca0][WARN] copy_aicore_buffer: [chip_swimlane_collector.cpp:689] Core 23: skipped 1024 AICore record slot(s) with start_time=0 (race-window write or recycled-buffer tail). buf seq=0 count=1024
[mono_ns=7230848647874083][T0xf06fb76faca0][WARN] copy_aicore_buffer: [chip_swimlane_collector.cpp:689] Core 21: skipped 1024 AICore record slot(s) with start_time=0 (race-window write or recycled-buffer tail). buf seq=0 count=1024
[mono_ns=7230848647944803][T0xf06fb6eeaca0][WARN] copy_aicore_buffer: [chip_swimlane_collector.cpp:689] Core 22: skipped 1024 AICore record slot(s) with start_time=0 (race-window write or recycled-buffer tail). buf seq=0 count=1024
[mono_ns=7230848648207553][T0xf06fb66daca0][WARN] copy_aicore_buffer: [chip_swimlane_collector.cpp:689] Core 70: skipped 1024 AICore record slot(s) with start_time=0 (race-window write or recycled-buffer tail). buf seq=0 count=1024
[mono_ns=7230848648208803][T0xf06fb76faca0][WARN] copy_aicore_buffer: [chip_swimlane_collector.cpp:689] Core 66: skipped 1024 AICore record slot(s) with start_time=0 (race-window write or recycled-buffer tail). buf seq=0 count=1024
[mono_ns=7230848648272733][T0xf06fb6eeaca0][WARN] copy_aicore_buffer: [chip_swimlane_collector.cpp:689] Core 68: skipped 1024 AICore record slot(s) with start_time=0 (race-window write or recycled-buffer tail). buf seq=0 count=1024
[mono_ns=7230848648537033][T0xf06fb66daca0][WARN] copy_aicore_buffer: [chip_swimlane_collector.cpp:689] Core 71: skipped 1024 AICore record slot(s) with start_time=0 (race-window write or recycled-buffer tail). buf seq=0 count=1024
[mono_ns=7230848648571493][T0xf06fb76faca0][WARN] copy_aicore_buffer: [chip_swimlane_collector.cpp:689] Core 67: skipped 1024 AICore record slot(s) with start_time=0 (race-window write or recycled-buffer tail). buf seq=0 count=1024
[mono_ns=7230848648588913][T0xf06fb6eeaca0][WARN] copy_aicore_buffer: [chip_swimlane_collector.cpp:689] Core 69: skipped 1024 AICore record slot(s) with start_time=0 (race-window write or recycled-buffer tail). buf seq=0 count=1024
[mono_ns=7230848749342731][T0xf0711308b020][TIMING] emit_host_span: [STRACE] v=1 pid=441851 tid=441851 inv=8 hid=607e9e6ed0fbbc85 depth=1 name=chip.run.runner_run ts=7230848639706799 dur=109629192 
[mono_ns=7230848749436251][T0xf0711308b020][TIMING] emit_host_span: [STRACE] v=1 pid=441851 tid=441851 inv=8 hid=607e9e6ed0fbbc85 depth=1 name=chip.run.validate ts=7230848749356971 dur=76030 
[mono_ns=7230848749447181][T0xf0711308b020][TIMING] emit_host_span: [STRACE] v=1 pid=441851 tid=441851 inv=8 hid=607e9e6ed0fbbc85 depth=2 name=chip.run.runner_run.device_wall ts=0 dur=672400 clk=dev
[mono_ns=7230848749451901][T0xf0711308b020][TIMING] emit_host_span: [STRACE] v=1 pid=441851 tid=441851 inv=8 hid=607e9e6ed0fbbc85 depth=3 name=chip.run.runner_run.device_wall.preamble ts=0 dur=108400 clk=dev
[mono_ns=7230848749485721][T0xf0711308b020][TIMING] emit_host_span: [STRACE] v=1 pid=441851 tid=441851 inv=8 hid=607e9e6ed0fbbc85 depth=3 name=chip.run.runner_run.device_wall.graph_build ts=103960 dur=557300 clk=dev
[mono_ns=7230848749489091][T0xf0711308b020][TIMING] emit_host_span: [STRACE] v=1 pid=441851 tid=441851 inv=8 hid=607e9e6ed0fbbc85 depth=3 name=chip.run.runner_run.device_wall.config_validate ts=104060 dur=760 clk=dev
[mono_ns=7230848749492931][T0xf0711308b020][TIMING] emit_host_span: [STRACE] v=1 pid=441851 tid=441851 inv=8 hid=607e9e6ed0fbbc85 depth=3 name=chip.run.runner_run.device_wall.arena_wire ts=104840 dur=280 clk=dev
[mono_ns=7230848749497411][T0xf0711308b020][TIMING] emit_host_span: [STRACE] v=1 pid=441851 tid=441851 inv=8 hid=607e9e6ed0fbbc85 depth=3 name=chip.run.runner_run.device_wall.sm_reset ts=105160 dur=640 clk=dev
[mono_ns=7230848749500931][T0xf0711308b020][TIMING] emit_host_span: [STRACE] v=1 pid=441851 tid=441851 inv=8 hid=607e9e6ed0fbbc85 depth=3 name=chip.run.runner_run.device_wall.post_orch ts=661360 dur=10940 clk=dev
[mono_ns=7230848749504761][T0xf0711308b020][TIMING] emit_host_span: [STRACE] v=1 pid=441851 tid=441851 inv=8 hid=607e9e6ed0fbbc85 depth=3 name=chip.run.runner_run.device_wall.orch ts=105840 dur=3800 clk=dev
[mono_ns=7230848749508841][T0xf0711308b020][TIMING] emit_host_span: [STRACE] v=1 pid=441851 tid=441851 inv=8 hid=607e9e6ed0fbbc85 depth=3 name=chip.run.runner_run.device_wall.sched ts=108600 dur=527800 clk=dev
[mono_ns=7230848749513801][T0xf0711308b020][TIMING] emit_host_span: [STRACE] v=1 pid=441851 tid=441851 inv=8 hid=607e9e6ed0fbbc85 depth=1 name=chip.run.claim_release ts=7230848749511561 dur=340 
[mono_ns=7230848749540551][T0xf0711308b020][TIMING] emit_host_span: [STRACE] v=1 pid=441851 tid=441851 inv=8 hid=607e9e6ed0fbbc85 depth=0 name=chip.run ts=7230848639241779 dur=110296432 run_id=8 dispatch_id=8 slot_id=0 generation=8 run_epoch=8
