[mono_ns=7230833220147233][T0xf0711308b020][TIMING] emit_host_span: [STRACE] v=1 pid=441828 tid=441828 inv=1 hid=607e9e6ed0fbbc85 depth=2 name=chip.run.bind.args ts=7230833220036863 dur=105230 
[mono_ns=7230833220164653][T0xf0711308b020][TIMING] emit_host_span: [STRACE] v=1 pid=441828 tid=441828 inv=1 hid=607e9e6ed0fbbc85 depth=2 name=chip.run.bind.prebuilt ts=7230833220159463 dur=2820 
[mono_ns=7230833220169983][T0xf0711308b020][TIMING] emit_host_span: [STRACE] v=1 pid=441828 tid=441828 inv=1 hid=607e9e6ed0fbbc85 depth=1 name=chip.run.bind ts=7230833219618253 dur=549360 
[mono_ns=7230833336044514][T0xf0711308b020][TIMING] emit_host_span: [STRACE] v=1 pid=441828 tid=441828 inv=1 hid=607e9e6ed0fbbc85 depth=1 name=chip.run.runner_run ts=7230833220804263 dur=115231691 
[mono_ns=7230833336161934][T0xf0711308b020][TIMING] emit_host_span: [STRACE] v=1 pid=441828 tid=441828 inv=1 hid=607e9e6ed0fbbc85 depth=1 name=chip.run.validate ts=7230833336059364 dur=98840 
[mono_ns=7230833336173824][T0xf0711308b020][TIMING] emit_host_span: [STRACE] v=1 pid=441828 tid=441828 inv=1 hid=607e9e6ed0fbbc85 depth=2 name=chip.run.runner_run.device_wall ts=0 dur=4570020 clk=dev
[mono_ns=7230833336178424][T0xf0711308b020][TIMING] emit_host_span: [STRACE] v=1 pid=441828 tid=441828 inv=1 hid=607e9e6ed0fbbc85 depth=3 name=chip.run.runner_run.device_wall.preamble ts=0 dur=157880 clk=dev
[mono_ns=7230833336183024][T0xf0711308b020][TIMING] emit_host_span: [STRACE] v=1 pid=441828 tid=441828 inv=1 hid=607e9e6ed0fbbc85 depth=3 name=chip.run.runner_run.device_wall.graph_build ts=36880 dur=4512780 clk=dev
[mono_ns=7230833336187074][T0xf0711308b020][TIMING] emit_host_span: [STRACE] v=1 pid=441828 tid=441828 inv=1 hid=607e9e6ed0fbbc85 depth=3 name=chip.run.runner_run.device_wall.config_validate ts=41160 dur=2920 clk=dev
[mono_ns=7230833336192644][T0xf0711308b020][TIMING] emit_host_span: [STRACE] v=1 pid=441828 tid=441828 inv=1 hid=607e9e6ed0fbbc85 depth=3 name=chip.run.runner_run.device_wall.arena_wire ts=44120 dur=11900 clk=dev
[mono_ns=7230833336197394][T0xf0711308b020][TIMING] emit_host_span: [STRACE] v=1 pid=441828 tid=441828 inv=1 hid=607e9e6ed0fbbc85 depth=3 name=chip.run.runner_run.device_wall.sm_reset ts=56040 dur=17240 clk=dev
[mono_ns=7230833336202844][T0xf0711308b020][TIMING] emit_host_span: [STRACE] v=1 pid=441828 tid=441828 inv=1 hid=607e9e6ed0fbbc85 depth=3 name=chip.run.runner_run.device_wall.post_orch ts=4549760 dur=16740 clk=dev
[mono_ns=7230833336207054][T0xf0711308b020][TIMING] emit_host_span: [STRACE] v=1 pid=441828 tid=441828 inv=1 hid=607e9e6ed0fbbc85 depth=3 name=chip.run.runner_run.device_wall.orch ts=77760 dur=45060 clk=dev
[mono_ns=7230833336211154][T0xf0711308b020][TIMING] emit_host_span: [STRACE] v=1 pid=441828 tid=441828 inv=1 hid=607e9e6ed0fbbc85 depth=3 name=chip.run.runner_run.device_wall.sched ts=159660 dur=4367099 clk=dev
[mono_ns=7230833336218704][T0xf0711308b020][TIMING] emit_host_span: [STRACE] v=1 pid=441828 tid=441828 inv=1 hid=607e9e6ed0fbbc85 depth=1 name=chip.run.claim_release ts=7230833336216164 dur=810 
[mono_ns=7230833336226624][T0xf0711308b020][TIMING] emit_host_span: [STRACE] v=1 pid=441828 tid=441828 inv=1 hid=607e9e6ed0fbbc85 depth=0 name=chip.run ts=7230833219587883 dur=116636741 run_id=1 dispatch_id=1 slot_id=0 generation=1 run_epoch=1
[mono_ns=7230833347165838][T0xf0711308b020][TIMING] emit_host_span: [STRACE] v=1 pid=441828 tid=441828 inv=2 hid=607e9e6ed0fbbc85 depth=2 name=chip.run.bind.args ts=7230833347048278 dur=112740 
[mono_ns=7230833347183108][T0xf0711308b020][TIMING] emit_host_span: [STRACE] v=1 pid=441828 tid=441828 inv=2 hid=607e9e6ed0fbbc85 depth=2 name=chip.run.bind.prebuilt ts=7230833347177548 dur=3100 
[mono_ns=7230833347187758][T0xf0711308b020][TIMING] emit_host_span: [STRACE] v=1 pid=441828 tid=441828 inv=2 hid=607e9e6ed0fbbc85 depth=1 name=chip.run.bind ts=7230833347041298 dur=144400 
[mono_ns=7230833406323218][T0xf06fb66daca0][WARN] copy_aicore_buffer: [chip_swimlane_collector.cpp:689] Core 2: skipped 1024 AICore record slot(s) with start_time=0 (race-window write or recycled-buffer tail). buf seq=0 count=1024
[mono_ns=7230833406323258][T0xf06fb6eeaca0][WARN] copy_aicore_buffer: [chip_swimlane_collector.cpp:689] Core 1: skipped 1024 AICore record slot(s) with start_time=0 (race-window write or recycled-buffer tail). buf seq=0 count=1024
[mono_ns=7230833406332858][T0xf06fb76faca0][WARN] copy_aicore_buffer: [chip_swimlane_collector.cpp:689] Core 0: skipped 1024 AICore record slot(s) with start_time=0 (race-window write or recycled-buffer tail). buf seq=0 count=1024
[mono_ns=7230833406663859][T0xf06fb76faca0][WARN] copy_aicore_buffer: [chip_swimlane_collector.cpp:689] Core 24: skipped 1023 AICore record slot(s) with start_time=0 (race-window write or recycled-buffer tail). buf seq=0 count=1024
[mono_ns=7230833406668189][T0xf06fb6eeaca0][WARN] copy_aicore_buffer: [chip_swimlane_collector.cpp:689] Core 26: skipped 1024 AICore record slot(s) with start_time=0 (race-window write or recycled-buffer tail). buf seq=0 count=1024
[mono_ns=7230833406676319][T0xf06fb66daca0][WARN] copy_aicore_buffer: [chip_swimlane_collector.cpp:689] Core 28: skipped 1022 AICore record slot(s) with start_time=0 (race-window write or recycled-buffer tail). buf seq=0 count=1024
[mono_ns=7230833406992209][T0xf06fb76faca0][WARN] copy_aicore_buffer: [chip_swimlane_collector.cpp:689] Core 25: skipped 1024 AICore record slot(s) with start_time=0 (race-window write or recycled-buffer tail). buf seq=0 count=1024
[mono_ns=7230833406999349][T0xf06fb6eeaca0][WARN] copy_aicore_buffer: [chip_swimlane_collector.cpp:689] Core 27: skipped 1024 AICore record slot(s) with start_time=0 (race-window write or recycled-buffer tail). buf seq=0 count=1024
[mono_ns=7230833407014449][T0xf06fb66daca0][WARN] copy_aicore_buffer: [chip_swimlane_collector.cpp:689] Core 29: skipped 1024 AICore record slot(s) with start_time=0 (race-window write or recycled-buffer tail). buf seq=0 count=1024
[mono_ns=7230833407421059][T0xf06fb66daca0][WARN] copy_aicore_buffer: [chip_swimlane_collector.cpp:689] Core 5: skipped 1024 AICore record slot(s) with start_time=0 (race-window write or recycled-buffer tail). buf seq=0 count=1024
[mono_ns=7230833407424359][T0xf06fb76faca0][WARN] copy_aicore_buffer: [chip_swimlane_collector.cpp:689] Core 3: skipped 1024 AICore record slot(s) with start_time=0 (race-window write or recycled-buffer tail). buf seq=0 count=1024
[mono_ns=7230833407438089][T0xf06fb6eeaca0][WARN] copy_aicore_buffer: [chip_swimlane_collector.cpp:689] Core 4: skipped 1024 AICore record slot(s) with start_time=0 (race-window write or recycled-buffer tail). buf seq=0 count=1024
[mono_ns=7230833407760179][T0xf06fb76faca0][WARN] copy_aicore_buffer: [chip_swimlane_collector.cpp:689] Core 30: skipped 1024 AICore record slot(s) with start_time=0 (race-window write or recycled-buffer tail). buf seq=0 count=1024
[mono_ns=7230833407780099][T0xf06fb66daca0][WARN] copy_aicore_buffer: [chip_swimlane_collector.cpp:689] Core 34: skipped 1024 AICore record slot(s) with start_time=0 (race-window write or recycled-buffer tail). buf seq=0 count=1024
[mono_ns=7230833407803929][T0xf06fb6eeaca0][WARN] copy_aicore_buffer: [chip_swimlane_collector.cpp:689] Core 32: skipped 1024 AICore record slot(s) with start_time=0 (race-window write or recycled-buffer tail). buf seq=0 count=1024
[mono_ns=7230833408097249][T0xf06fb76faca0][WARN] copy_aicore_buffer: [chip_swimlane_collector.cpp:689] Core 31: skipped 1024 AICore record slot(s) with start_time=0 (race-window write or recycled-buffer tail). buf seq=0 count=1024
[mono_ns=7230833408123219][T0xf06fb66daca0][WARN] copy_aicore_buffer: [chip_swimlane_collector.cpp:689] Core 35: skipped 1024 AICore record slot(s) with start_time=0 (race-window write or recycled-buffer tail). buf seq=0 count=1024
[mono_ns=7230833408147049][T0xf06fb6eeaca0][WARN] copy_aicore_buffer: [chip_swimlane_collector.cpp:689] Core 33: skipped 1024 AICore record slot(s) with start_time=0 (race-window write or recycled-buffer tail). buf seq=0 count=1024
[mono_ns=7230833408427139][T0xf06fb76faca0][WARN] copy_aicore_buffer: [chip_swimlane_collector.cpp:689] Core 6: skipped 1024 AICore record slot(s) with start_time=0 (race-window write or recycled-buffer tail). buf seq=0 count=1024
[mono_ns=7230833408458039][T0xf06fb66daca0][WARN] copy_aicore_buffer: [chip_swimlane_collector.cpp:689] Core 8: skipped 1024 AICore record slot(s) with start_time=0 (race-window write or recycled-buffer tail). buf seq=0 count=1024
[mono_ns=7230833408482189][T0xf06fb6eeaca0][WARN] copy_aicore_buffer: [chip_swimlane_collector.cpp:689] Core 7: skipped 1024 AICore record slot(s) with start_time=0 (race-window write or recycled-buffer tail). buf seq=0 count=1024
[mono_ns=7230833408753999][T0xf06fb76faca0][WARN] copy_aicore_buffer: [chip_swimlane_collector.cpp:689] Core 36: skipped 1024 AICore record slot(s) with start_time=0 (race-window write or recycled-buffer tail). buf seq=0 count=1024
[mono_ns=7230833408790539][T0xf06fb66daca0][WARN] copy_aicore_buffer: [chip_swimlane_collector.cpp:689] Core 40: skipped 1024 AICore record slot(s) with start_time=0 (race-window write or recycled-buffer tail). buf seq=0 count=1024
[mono_ns=7230833408817239][T0xf06fb6eeaca0][WARN] copy_aicore_buffer: [chip_swimlane_collector.cpp:689] Core 38: skipped 1024 AICore record slot(s) with start_time=0 (race-window write or recycled-buffer tail). buf seq=0 count=1024
[mono_ns=7230833409093559][T0xf06fb76faca0][WARN] copy_aicore_buffer: [chip_swimlane_collector.cpp:689] Core 37: skipped 1024 AICore record slot(s) with start_time=0 (race-window write or recycled-buffer tail). buf seq=0 count=1024
[mono_ns=7230833409137729][T0xf06fb66daca0][WARN] copy_aicore_buffer: [chip_swimlane_collector.cpp:689] Core 41: skipped 1024 AICore record slot(s) with start_time=0 (race-window write or recycled-buffer tail). buf seq=0 count=1024
[mono_ns=7230833409169339][T0xf06fb6eeaca0][WARN] copy_aicore_buffer: [chip_swimlane_collector.cpp:689] Core 39: skipped 1024 AICore record slot(s) with start_time=0 (race-window write or recycled-buffer tail). buf seq=0 count=1024
[mono_ns=7230833409420450][T0xf06fb76faca0][WARN] copy_aicore_buffer: [chip_swimlane_collector.cpp:689] Core 9: skipped 1024 AICore record slot(s) with start_time=0 (race-window write or recycled-buffer tail). buf seq=0 count=1024
[mono_ns=7230833409473830][T0xf06fb66daca0][WARN] copy_aicore_buffer: [chip_swimlane_collector.cpp:689] Core 11: skipped 1024 AICore record slot(s) with start_time=0 (race-window write or recycled-buffer tail). buf seq=0 count=1024
[mono_ns=7230833409499870][T0xf06fb6eeaca0][WARN] copy_aicore_buffer: [chip_swimlane_collector.cpp:689] Core 10: skipped 1024 AICore record slot(s) with start_time=0 (race-window write or recycled-buffer tail). buf seq=0 count=1024
[mono_ns=7230833409746570][T0xf06fb76faca0][WARN] copy_aicore_buffer: [chip_swimlane_collector.cpp:689] Core 42: skipped 1024 AICore record slot(s) with start_time=0 (race-window write or recycled-buffer tail). buf seq=0 count=1024
[mono_ns=7230833409807200][T0xf06fb66daca0][WARN] copy_aicore_buffer: [chip_swimlane_collector.cpp:689] Core 46: skipped 1024 AICore record slot(s) with start_time=0 (race-window write or recycled-buffer tail). buf seq=0 count=1024
[mono_ns=7230833409830900][T0xf06fb6eeaca0][WARN] copy_aicore_buffer: [chip_swimlane_collector.cpp:689] Core 44: skipped 1024 AICore record slot(s) with start_time=0 (race-window write or recycled-buffer tail). buf seq=0 count=1024
[mono_ns=7230833410078670][T0xf06fb76faca0][WARN] copy_aicore_buffer: [chip_swimlane_collector.cpp:689] Core 43: skipped 1024 AICore record slot(s) with start_time=0 (race-window write or recycled-buffer tail). buf seq=0 count=1024
[mono_ns=7230833410146870][T0xf06fb66daca0][WARN] copy_aicore_buffer: [chip_swimlane_collector.cpp:689] Core 47: skipped 1024 AICore record slot(s) with start_time=0 (race-window write or recycled-buffer tail). buf seq=0 count=1024
[mono_ns=7230833410168410][T0xf06fb6eeaca0][WARN] copy_aicore_buffer: [chip_swimlane_collector.cpp:689] Core 45: skipped 1024 AICore record slot(s) with start_time=0 (race-window write or recycled-buffer tail). buf seq=0 count=1024
[mono_ns=7230833410404430][T0xf06fb76faca0][WARN] copy_aicore_buffer: [chip_swimlane_collector.cpp:689] Core 12: skipped 1024 AICore record slot(s) with start_time=0 (race-window write or recycled-buffer tail). buf seq=0 count=1024
[mono_ns=7230833410481210][T0xf06fb66daca0][WARN] copy_aicore_buffer: [chip_swimlane_collector.cpp:689] Core 14: skipped 1024 AICore record slot(s) with start_time=0 (race-window write or recycled-buffer tail). buf seq=0 count=1024
[mono_ns=7230833410503890][T0xf06fb6eeaca0][WARN] copy_aicore_buffer: [chip_swimlane_collector.cpp:689] Core 13: skipped 1024 AICore record slot(s) with start_time=0 (race-window write or recycled-buffer tail). buf seq=0 count=1024
[mono_ns=7230833410731260][T0xf06fb76faca0][WARN] copy_aicore_buffer: [chip_swimlane_collector.cpp:689] Core 48: skipped 1024 AICore record slot(s) with start_time=0 (race-window write or recycled-buffer tail). buf seq=0 count=1024
[mono_ns=7230833410816210][T0xf06fb66daca0][WARN] copy_aicore_buffer: [chip_swimlane_collector.cpp:689] Core 52: skipped 1024 AICore record slot(s) with start_time=0 (race-window write or recycled-buffer tail). buf seq=0 count=1024
[mono_ns=7230833410838780][T0xf06fb6eeaca0][WARN] copy_aicore_buffer: [chip_swimlane_collector.cpp:689] Core 50: skipped 1024 AICore record slot(s) with start_time=0 (race-window write or recycled-buffer tail). buf seq=0 count=1024
[mono_ns=7230833411069250][T0xf06fb76faca0][WARN] copy_aicore_buffer: [chip_swimlane_collector.cpp:689] Core 49: skipped 1024 AICore record slot(s) with start_time=0 (race-window write or recycled-buffer tail). buf seq=0 count=1024
[mono_ns=7230833411162500][T0xf06fb66daca0][WARN] copy_aicore_buffer: [chip_swimlane_collector.cpp:689] Core 53: skipped 1024 AICore record slot(s) with start_time=0 (race-window write or recycled-buffer tail). buf seq=0 count=1024
[mono_ns=7230833411181890][T0xf06fb6eeaca0][WARN] copy_aicore_buffer: [chip_swimlane_collector.cpp:689] Core 51: skipped 1024 AICore record slot(s) with start_time=0 (race-window write or recycled-buffer tail). buf seq=0 count=1024
[mono_ns=7230833411396170][T0xf06fb76faca0][WARN] copy_aicore_buffer: [chip_swimlane_collector.cpp:689] Core 15: skipped 1024 AICore record slot(s) with start_time=0 (race-window write or recycled-buffer tail). buf seq=0 count=1024
[mono_ns=7230833411498230][T0xf06fb66daca0][WARN] copy_aicore_buffer: [chip_swimlane_collector.cpp:689] Core 17: skipped 1024 AICore record slot(s) with start_time=0 (race-window write or recycled-buffer tail). buf seq=0 count=1024
[mono_ns=7230833411511460][T0xf06fb6eeaca0][WARN] copy_aicore_buffer: [chip_swimlane_collector.cpp:689] Core 16: skipped 1024 AICore record slot(s) with start_time=0 (race-window write or recycled-buffer tail). buf seq=0 count=1024
[mono_ns=7230833411724380][T0xf06fb76faca0][WARN] copy_aicore_buffer: [chip_swimlane_collector.cpp:689] Core 54: skipped 1024 AICore record slot(s) with start_time=0 (race-window write or recycled-buffer tail). buf seq=0 count=1024
[mono_ns=7230833411834810][T0xf06fb66daca0][WARN] copy_aicore_buffer: [chip_swimlane_collector.cpp:689] Core 58: skipped 1024 AICore record slot(s) with start_time=0 (race-window write or recycled-buffer tail). buf seq=0 count=1024
[mono_ns=7230833411841590][T0xf06fb6eeaca0][WARN] copy_aicore_buffer: [chip_swimlane_collector.cpp:689] Core 56: skipped 1024 AICore record slot(s) with start_time=0 (race-window write or recycled-buffer tail). buf seq=0 count=1024
[mono_ns=7230833412067600][T0xf06fb76faca0][WARN] copy_aicore_buffer: [chip_swimlane_collector.cpp:689] Core 55: skipped 1024 AICore record slot(s) with start_time=0 (race-window write or recycled-buffer tail). buf seq=0 count=1024
[mono_ns=7230833412182611][T0xf06fb66daca0][WARN] copy_aicore_buffer: [chip_swimlane_collector.cpp:689] Core 59: skipped 1024 AICore record slot(s) with start_time=0 (race-window write or recycled-buffer tail). buf seq=0 count=1024
[mono_ns=7230833412186221][T0xf06fb6eeaca0][WARN] copy_aicore_buffer: [chip_swimlane_collector.cpp:689] Core 57: skipped 1024 AICore record slot(s) with start_time=0 (race-window write or recycled-buffer tail). buf seq=0 count=1024
[mono_ns=7230833412395291][T0xf06fb76faca0][WARN] copy_aicore_buffer: [chip_swimlane_collector.cpp:689] Core 18: skipped 1024 AICore record slot(s) with start_time=0 (race-window write or recycled-buffer tail). buf seq=0 count=1024
[mono_ns=7230833412520121][T0xf06fb6eeaca0][WARN] copy_aicore_buffer: [chip_swimlane_collector.cpp:689] Core 19: skipped 1024 AICore record slot(s) with start_time=0 (race-window write or recycled-buffer tail). buf seq=0 count=1024
[mono_ns=7230833412520631][T0xf06fb66daca0][WARN] copy_aicore_buffer: [chip_swimlane_collector.cpp:689] Core 20: skipped 1024 AICore record slot(s) with start_time=0 (race-window write or recycled-buffer tail). buf seq=0 count=1024
[mono_ns=7230833412722691][T0xf06fb76faca0][WARN] copy_aicore_buffer: [chip_swimlane_collector.cpp:689] Core 60: skipped 1024 AICore record slot(s) with start_time=0 (race-window write or recycled-buffer tail). buf seq=0 count=1024
[mono_ns=7230833412854931][T0xf06fb66daca0][WARN] copy_aicore_buffer: [chip_swimlane_collector.cpp:689] Core 64: skipped 1024 AICore record slot(s) with start_time=0 (race-window write or recycled-buffer tail). buf seq=0 count=1024
[mono_ns=7230833412858091][T0xf06fb6eeaca0][WARN] copy_aicore_buffer: [chip_swimlane_collector.cpp:689] Core 62: skipped 1024 AICore record slot(s) with start_time=0 (race-window write or recycled-buffer tail). buf seq=0 count=1024
[mono_ns=7230833413061111][T0xf06fb76faca0][WARN] copy_aicore_buffer: [chip_swimlane_collector.cpp:689] Core 61: skipped 1024 AICore record slot(s) with start_time=0 (race-window write or recycled-buffer tail). buf seq=0 count=1024
[mono_ns=7230833413199191][T0xf06fb6eeaca0][WARN] copy_aicore_buffer: [chip_swimlane_collector.cpp:689] Core 63: skipped 1024 AICore record slot(s) with start_time=0 (race-window write or recycled-buffer tail). buf seq=0 count=1024
[mono_ns=7230833413202781][T0xf06fb66daca0][WARN] copy_aicore_buffer: [chip_swimlane_collector.cpp:689] Core 65: skipped 1024 AICore record slot(s) with start_time=0 (race-window write or recycled-buffer tail). buf seq=0 count=1024
[mono_ns=7230833413386741][T0xf06fb76faca0][WARN] copy_aicore_buffer: [chip_swimlane_collector.cpp:689] Core 21: skipped 1024 AICore record slot(s) with start_time=0 (race-window write or recycled-buffer tail). buf seq=0 count=1024
[mono_ns=7230833413534001][T0xf06fb66daca0][WARN] copy_aicore_buffer: [chip_swimlane_collector.cpp:689] Core 23: skipped 1024 AICore record slot(s) with start_time=0 (race-window write or recycled-buffer tail). buf seq=0 count=1024
[mono_ns=7230833413538391][T0xf06fb6eeaca0][WARN] copy_aicore_buffer: [chip_swimlane_collector.cpp:689] Core 22: skipped 1024 AICore record slot(s) with start_time=0 (race-window write or recycled-buffer tail). buf seq=0 count=1024
[mono_ns=7230833413715031][T0xf06fb76faca0][WARN] copy_aicore_buffer: [chip_swimlane_collector.cpp:689] Core 66: skipped 1024 AICore record slot(s) with start_time=0 (race-window write or recycled-buffer tail). buf seq=0 count=1024
[mono_ns=7230833413869181][T0xf06fb6eeaca0][WARN] copy_aicore_buffer: [chip_swimlane_collector.cpp:689] Core 68: skipped 1024 AICore record slot(s) with start_time=0 (race-window write or recycled-buffer tail). buf seq=0 count=1024
[mono_ns=7230833413871121][T0xf06fb66daca0][WARN] copy_aicore_buffer: [chip_swimlane_collector.cpp:689] Core 70: skipped 1024 AICore record slot(s) with start_time=0 (race-window write or recycled-buffer tail). buf seq=0 count=1024
[mono_ns=7230833414049881][T0xf06fb76faca0][WARN] copy_aicore_buffer: [chip_swimlane_collector.cpp:689] Core 67: skipped 1024 AICore record slot(s) with start_time=0 (race-window write or recycled-buffer tail). buf seq=0 count=1024
[mono_ns=7230833414209051][T0xf06fb66daca0][WARN] copy_aicore_buffer: [chip_swimlane_collector.cpp:689] Core 71: skipped 1024 AICore record slot(s) with start_time=0 (race-window write or recycled-buffer tail). buf seq=0 count=1024
[mono_ns=7230833414218341][T0xf06fb6eeaca0][WARN] copy_aicore_buffer: [chip_swimlane_collector.cpp:689] Core 69: skipped 1024 AICore record slot(s) with start_time=0 (race-window write or recycled-buffer tail). buf seq=0 count=1024
[mono_ns=7230833514734147][T0xf0711308b020][TIMING] emit_host_span: [STRACE] v=1 pid=441828 tid=441828 inv=2 hid=607e9e6ed0fbbc85 depth=1 name=chip.run.runner_run ts=7230833401859247 dur=112867300 
[mono_ns=7230833514827117][T0xf0711308b020][TIMING] emit_host_span: [STRACE] v=1 pid=441828 tid=441828 inv=2 hid=607e9e6ed0fbbc85 depth=1 name=chip.run.validate ts=7230833514747617 dur=76140 
[mono_ns=7230833514838897][T0xf0711308b020][TIMING] emit_host_span: [STRACE] v=1 pid=441828 tid=441828 inv=2 hid=607e9e6ed0fbbc85 depth=2 name=chip.run.runner_run.device_wall ts=0 dur=2541760 clk=dev
[mono_ns=7230833514843547][T0xf0711308b020][TIMING] emit_host_span: [STRACE] v=1 pid=441828 tid=441828 inv=2 hid=607e9e6ed0fbbc85 depth=3 name=chip.run.runner_run.device_wall.preamble ts=0 dur=137840 clk=dev
[mono_ns=7230833514848677][T0xf0711308b020][TIMING] emit_host_span: [STRACE] v=1 pid=441828 tid=441828 inv=2 hid=607e9e6ed0fbbc85 depth=3 name=chip.run.runner_run.device_wall.graph_build ts=132540 dur=2398819 clk=dev
[mono_ns=7230833514854377][T0xf0711308b020][TIMING] emit_host_span: [STRACE] v=1 pid=441828 tid=441828 inv=2 hid=607e9e6ed0fbbc85 depth=3 name=chip.run.runner_run.device_wall.config_validate ts=132880 dur=1120 clk=dev
[mono_ns=7230833514858747][T0xf0711308b020][TIMING] emit_host_span: [STRACE] v=1 pid=441828 tid=441828 inv=2 hid=607e9e6ed0fbbc85 depth=3 name=chip.run.runner_run.device_wall.arena_wire ts=134060 dur=520 clk=dev
[mono_ns=7230833514862967][T0xf0711308b020][TIMING] emit_host_span: [STRACE] v=1 pid=441828 tid=441828 inv=2 hid=607e9e6ed0fbbc85 depth=3 name=chip.run.runner_run.device_wall.sm_reset ts=134600 dur=980 clk=dev
[mono_ns=7230833514867627][T0xf0711308b020][TIMING] emit_host_span: [STRACE] v=1 pid=441828 tid=441828 inv=2 hid=607e9e6ed0fbbc85 depth=3 name=chip.run.runner_run.device_wall.post_orch ts=2531480 dur=9920 clk=dev
[mono_ns=7230833514871597][T0xf0711308b020][TIMING] emit_host_span: [STRACE] v=1 pid=441828 tid=441828 inv=2 hid=607e9e6ed0fbbc85 depth=3 name=chip.run.runner_run.device_wall.orch ts=135660 dur=5600 clk=dev
[mono_ns=7230833514875767][T0xf0711308b020][TIMING] emit_host_span: [STRACE] v=1 pid=441828 tid=441828 inv=2 hid=607e9e6ed0fbbc85 depth=3 name=chip.run.runner_run.device_wall.sched ts=138060 dur=2367060 clk=dev
[mono_ns=7230833514881137][T0xf0711308b020][TIMING] emit_host_span: [STRACE] v=1 pid=441828 tid=441828 inv=2 hid=607e9e6ed0fbbc85 depth=1 name=chip.run.claim_release ts=7230833514878577 dur=830 
[mono_ns=7230833514886417][T0xf0711308b020][TIMING] emit_host_span: [STRACE] v=1 pid=441828 tid=441828 inv=2 hid=607e9e6ed0fbbc85 depth=0 name=chip.run ts=7230833346998688 dur=167885729 run_id=2 dispatch_id=2 slot_id=0 generation=2 run_epoch=2
[mono_ns=7230838359812329][T0xf0711308b020][TIMING] emit_host_span: [STRACE] v=1 pid=441828 tid=441828 inv=3 hid=607e9e6ed0fbbc85 depth=2 name=chip.run.bind.args ts=7230838359583449 dur=210380 
[mono_ns=7230838359896369][T0xf0711308b020][TIMING] emit_host_span: [STRACE] v=1 pid=441828 tid=441828 inv=3 hid=607e9e6ed0fbbc85 depth=2 name=chip.run.bind.prebuilt ts=7230838359855729 dur=37200 
[mono_ns=7230838359901969][T0xf0711308b020][TIMING] emit_host_span: [STRACE] v=1 pid=441828 tid=441828 inv=3 hid=607e9e6ed0fbbc85 depth=1 name=chip.run.bind ts=7230838359565599 dur=333880 
[mono_ns=7230838515094750][T0xf0711308b020][TIMING] emit_host_span: [STRACE] v=1 pid=441828 tid=441828 inv=3 hid=607e9e6ed0fbbc85 depth=1 name=chip.run.runner_run ts=7230838360858920 dur=154218140 
[mono_ns=7230838515212470][T0xf0711308b020][TIMING] emit_host_span: [STRACE] v=1 pid=441828 tid=441828 inv=3 hid=607e9e6ed0fbbc85 depth=1 name=chip.run.validate ts=7230838515108250 dur=100220 
[mono_ns=7230838515220200][T0xf0711308b020][TIMING] emit_host_span: [STRACE] v=1 pid=441828 tid=441828 inv=3 hid=607e9e6ed0fbbc85 depth=2 name=chip.run.runner_run.device_wall ts=0 dur=7086160 clk=dev
[mono_ns=7230838515224610][T0xf0711308b020][TIMING] emit_host_span: [STRACE] v=1 pid=441828 tid=441828 inv=3 hid=607e9e6ed0fbbc85 depth=3 name=chip.run.runner_run.device_wall.preamble ts=0 dur=6479 clk=dev
[mono_ns=7230838515228500][T0xf0711308b020][TIMING] emit_host_span: [STRACE] v=1 pid=441828 tid=441828 inv=3 hid=607e9e6ed0fbbc85 depth=3 name=chip.run.runner_run.device_wall.graph_build ts=1779 dur=7073519 clk=dev
[mono_ns=7230838515250870][T0xf0711308b020][TIMING] emit_host_span: [STRACE] v=1 pid=441828 tid=441828 inv=3 hid=607e9e6ed0fbbc85 depth=3 name=chip.run.runner_run.device_wall.config_validate ts=1960 dur=940 clk=dev
[mono_ns=7230838515253880][T0xf0711308b020][TIMING] emit_host_span: [STRACE] v=1 pid=441828 tid=441828 inv=3 hid=607e9e6ed0fbbc85 depth=3 name=chip.run.runner_run.device_wall.arena_wire ts=2940 dur=860 clk=dev
[mono_ns=7230838515256770][T0xf0711308b020][TIMING] emit_host_span: [STRACE] v=1 pid=441828 tid=441828 inv=3 hid=607e9e6ed0fbbc85 depth=3 name=chip.run.runner_run.device_wall.sm_reset ts=3840 dur=1900 clk=dev
[mono_ns=7230838515259670][T0xf0711308b020][TIMING] emit_host_span: [STRACE] v=1 pid=441828 tid=441828 inv=3 hid=607e9e6ed0fbbc85 depth=3 name=chip.run.runner_run.device_wall.post_orch ts=7075360 dur=10420 clk=dev
[mono_ns=7230838515263330][T0xf0711308b020][TIMING] emit_host_span: [STRACE] v=1 pid=441828 tid=441828 inv=3 hid=607e9e6ed0fbbc85 depth=3 name=chip.run.runner_run.device_wall.orch ts=6880 dur=12240 clk=dev
[mono_ns=7230838515266180][T0xf0711308b020][TIMING] emit_host_span: [STRACE] v=1 pid=441828 tid=441828 inv=3 hid=607e9e6ed0fbbc85 depth=3 name=chip.run.runner_run.device_wall.sched ts=6920 dur=7060440 clk=dev
[mono_ns=7230838515271270][T0xf0711308b020][TIMING] emit_host_span: [STRACE] v=1 pid=441828 tid=441828 inv=3 hid=607e9e6ed0fbbc85 depth=1 name=chip.run.claim_release ts=7230838515268930 dur=500 
[mono_ns=7230838515276270][T0xf0711308b020][TIMING] emit_host_span: [STRACE] v=1 pid=441828 tid=441828 inv=3 hid=607e9e6ed0fbbc85 depth=0 name=chip.run ts=7230838359051109 dur=156223081 run_id=3 dispatch_id=3 slot_id=0 generation=3 run_epoch=3
[mono_ns=7230838592297881][T0xf0711308b020][TIMING] emit_host_span: [STRACE] v=1 pid=441828 tid=441828 inv=4 hid=607e9e6ed0fbbc85 depth=2 name=chip.run.bind.args ts=7230838592186901 dur=105800 
[mono_ns=7230838592311121][T0xf0711308b020][TIMING] emit_host_span: [STRACE] v=1 pid=441828 tid=441828 inv=4 hid=607e9e6ed0fbbc85 depth=2 name=chip.run.bind.prebuilt ts=7230838592306031 dur=2690 
[mono_ns=7230838592315281][T0xf0711308b020][TIMING] emit_host_span: [STRACE] v=1 pid=441828 tid=441828 inv=4 hid=607e9e6ed0fbbc85 depth=1 name=chip.run.bind ts=7230838592177341 dur=135770 
[mono_ns=7230838594948892][T0xf06fb66daca0][WARN] copy_aicore_buffer: [chip_swimlane_collector.cpp:689] Core 2: skipped 1024 AICore record slot(s) with start_time=0 (race-window write or recycled-buffer tail). buf seq=0 count=1024
[mono_ns=7230838595028052][T0xf06fb6eeaca0][WARN] copy_aicore_buffer: [chip_swimlane_collector.cpp:689] Core 1: skipped 1024 AICore record slot(s) with start_time=0 (race-window write or recycled-buffer tail). buf seq=0 count=1024
[mono_ns=7230838595136902][T0xf06fb76faca0][WARN] copy_aicore_buffer: [chip_swimlane_collector.cpp:689] Core 0: skipped 1024 AICore record slot(s) with start_time=0 (race-window write or recycled-buffer tail). buf seq=0 count=1024
[mono_ns=7230838595340682][T0xf06fb66daca0][WARN] copy_aicore_buffer: [chip_swimlane_collector.cpp:689] Core 28: skipped 1022 AICore record slot(s) with start_time=0 (race-window write or recycled-buffer tail). buf seq=0 count=1024
[mono_ns=7230838595405082][T0xf06fb6eeaca0][WARN] copy_aicore_buffer: [chip_swimlane_collector.cpp:689] Core 26: skipped 1023 AICore record slot(s) with start_time=0 (race-window write or recycled-buffer tail). buf seq=0 count=1024
[mono_ns=7230838595467382][T0xf06fb76faca0][WARN] copy_aicore_buffer: [chip_swimlane_collector.cpp:689] Core 24: skipped 1024 AICore record slot(s) with start_time=0 (race-window write or recycled-buffer tail). buf seq=0 count=1024
[mono_ns=7230838595731292][T0xf06fb6eeaca0][WARN] copy_aicore_buffer: [chip_swimlane_collector.cpp:689] Core 27: skipped 1024 AICore record slot(s) with start_time=0 (race-window write or recycled-buffer tail). buf seq=0 count=1024
[mono_ns=7230838595733712][T0xf06fb66daca0][WARN] copy_aicore_buffer: [chip_swimlane_collector.cpp:689] Core 29: skipped 1024 AICore record slot(s) with start_time=0 (race-window write or recycled-buffer tail). buf seq=0 count=1024
[mono_ns=7230838595788022][T0xf06fb76faca0][WARN] copy_aicore_buffer: [chip_swimlane_collector.cpp:689] Core 25: skipped 1024 AICore record slot(s) with start_time=0 (race-window write or recycled-buffer tail). buf seq=0 count=1024
[mono_ns=7230838596074592][T0xf06fb66daca0][WARN] copy_aicore_buffer: [chip_swimlane_collector.cpp:689] Core 5: skipped 1024 AICore record slot(s) with start_time=0 (race-window write or recycled-buffer tail). buf seq=0 count=1024
[mono_ns=7230838596075902][T0xf06fb6eeaca0][WARN] copy_aicore_buffer: [chip_swimlane_collector.cpp:689] Core 4: skipped 1024 AICore record slot(s) with start_time=0 (race-window write or recycled-buffer tail). buf seq=0 count=1024
[mono_ns=7230838596123132][T0xf06fb76faca0][WARN] copy_aicore_buffer: [chip_swimlane_collector.cpp:689] Core 3: skipped 1024 AICore record slot(s) with start_time=0 (race-window write or recycled-buffer tail). buf seq=0 count=1024
[mono_ns=7230838596401602][T0xf06fb6eeaca0][WARN] copy_aicore_buffer: [chip_swimlane_collector.cpp:689] Core 32: skipped 1024 AICore record slot(s) with start_time=0 (race-window write or recycled-buffer tail). buf seq=0 count=1024
[mono_ns=7230838596402912][T0xf06fb66daca0][WARN] copy_aicore_buffer: [chip_swimlane_collector.cpp:689] Core 34: skipped 1024 AICore record slot(s) with start_time=0 (race-window write or recycled-buffer tail). buf seq=0 count=1024
[mono_ns=7230838596475812][T0xf06fb76faca0][WARN] copy_aicore_buffer: [chip_swimlane_collector.cpp:689] Core 30: skipped 1024 AICore record slot(s) with start_time=0 (race-window write or recycled-buffer tail). buf seq=0 count=1024
[mono_ns=7230838596727342][T0xf06fb66daca0][WARN] copy_aicore_buffer: [chip_swimlane_collector.cpp:689] Core 35: skipped 1024 AICore record slot(s) with start_time=0 (race-window write or recycled-buffer tail). buf seq=0 count=1024
[mono_ns=7230838596728602][T0xf06fb6eeaca0][WARN] copy_aicore_buffer: [chip_swimlane_collector.cpp:689] Core 33: skipped 1024 AICore record slot(s) with start_time=0 (race-window write or recycled-buffer tail). buf seq=0 count=1024
[mono_ns=7230838596795203][T0xf06fb76faca0][WARN] copy_aicore_buffer: [chip_swimlane_collector.cpp:689] Core 31: skipped 1024 AICore record slot(s) with start_time=0 (race-window write or recycled-buffer tail). buf seq=0 count=1024
[mono_ns=7230838597059203][T0xf06fb66daca0][WARN] copy_aicore_buffer: [chip_swimlane_collector.cpp:689] Core 8: skipped 1024 AICore record slot(s) with start_time=0 (race-window write or recycled-buffer tail). buf seq=0 count=1024
[mono_ns=7230838597059833][T0xf06fb6eeaca0][WARN] copy_aicore_buffer: [chip_swimlane_collector.cpp:689] Core 7: skipped 1024 AICore record slot(s) with start_time=0 (race-window write or recycled-buffer tail). buf seq=0 count=1024
[mono_ns=7230838597119183][T0xf06fb76faca0][WARN] copy_aicore_buffer: [chip_swimlane_collector.cpp:689] Core 6: skipped 1024 AICore record slot(s) with start_time=0 (race-window write or recycled-buffer tail). buf seq=0 count=1024
[mono_ns=7230838597387763][T0xf06fb66daca0][WARN] copy_aicore_buffer: [chip_swimlane_collector.cpp:689] Core 40: skipped 1024 AICore record slot(s) with start_time=0 (race-window write or recycled-buffer tail). buf seq=0 count=1024
[mono_ns=7230838597419893][T0xf06fb6eeaca0][WARN] copy_aicore_buffer: [chip_swimlane_collector.cpp:689] Core 38: skipped 1024 AICore record slot(s) with start_time=0 (race-window write or recycled-buffer tail). buf seq=0 count=1024
[mono_ns=7230838597440133][T0xf06fb76faca0][WARN] copy_aicore_buffer: [chip_swimlane_collector.cpp:689] Core 36: skipped 1024 AICore record slot(s) with start_time=0 (race-window write or recycled-buffer tail). buf seq=0 count=1024
[mono_ns=7230838597714813][T0xf06fb66daca0][WARN] copy_aicore_buffer: [chip_swimlane_collector.cpp:689] Core 41: skipped 1024 AICore record slot(s) with start_time=0 (race-window write or recycled-buffer tail). buf seq=0 count=1024
[mono_ns=7230838597748793][T0xf06fb6eeaca0][WARN] copy_aicore_buffer: [chip_swimlane_collector.cpp:689] Core 39: skipped 1024 AICore record slot(s) with start_time=0 (race-window write or recycled-buffer tail). buf seq=0 count=1024
[mono_ns=7230838597760083][T0xf06fb76faca0][WARN] copy_aicore_buffer: [chip_swimlane_collector.cpp:689] Core 37: skipped 1024 AICore record slot(s) with start_time=0 (race-window write or recycled-buffer tail). buf seq=0 count=1024
[mono_ns=7230838598070933][T0xf06fb66daca0][WARN] copy_aicore_buffer: [chip_swimlane_collector.cpp:689] Core 11: skipped 1024 AICore record slot(s) with start_time=0 (race-window write or recycled-buffer tail). buf seq=0 count=1024
[mono_ns=7230838598093043][T0xf06fb6eeaca0][WARN] copy_aicore_buffer: [chip_swimlane_collector.cpp:689] Core 10: skipped 1024 AICore record slot(s) with start_time=0 (race-window write or recycled-buffer tail). buf seq=0 count=1024
[mono_ns=7230838598095843][T0xf06fb76faca0][WARN] copy_aicore_buffer: [chip_swimlane_collector.cpp:689] Core 9: skipped 1024 AICore record slot(s) with start_time=0 (race-window write or recycled-buffer tail). buf seq=0 count=1024
[mono_ns=7230838598411533][T0xf06fb76faca0][WARN] copy_aicore_buffer: [chip_swimlane_collector.cpp:689] Core 42: skipped 1024 AICore record slot(s) with start_time=0 (race-window write or recycled-buffer tail). buf seq=0 count=1024
[mono_ns=7230838598417833][T0xf06fb6eeaca0][WARN] copy_aicore_buffer: [chip_swimlane_collector.cpp:689] Core 44: skipped 1024 AICore record slot(s) with start_time=0 (race-window write or recycled-buffer tail). buf seq=0 count=1024
[mono_ns=7230838598429153][T0xf06fb66daca0][WARN] copy_aicore_buffer: [chip_swimlane_collector.cpp:689] Core 46: skipped 1024 AICore record slot(s) with start_time=0 (race-window write or recycled-buffer tail). buf seq=0 count=1024
[mono_ns=7230838598743933][T0xf06fb76faca0][WARN] copy_aicore_buffer: [chip_swimlane_collector.cpp:689] Core 43: skipped 1024 AICore record slot(s) with start_time=0 (race-window write or recycled-buffer tail). buf seq=0 count=1024
[mono_ns=7230838598761993][T0xf06fb6eeaca0][WARN] copy_aicore_buffer: [chip_swimlane_collector.cpp:689] Core 45: skipped 1024 AICore record slot(s) with start_time=0 (race-window write or recycled-buffer tail). buf seq=0 count=1024
[mono_ns=7230838598775083][T0xf06fb66daca0][WARN] copy_aicore_buffer: [chip_swimlane_collector.cpp:689] Core 47: skipped 1024 AICore record slot(s) with start_time=0 (race-window write or recycled-buffer tail). buf seq=0 count=1024
[mono_ns=7230838599095273][T0xf06fb76faca0][WARN] copy_aicore_buffer: [chip_swimlane_collector.cpp:689] Core 12: skipped 1024 AICore record slot(s) with start_time=0 (race-window write or recycled-buffer tail). buf seq=0 count=1024
[mono_ns=7230838599136593][T0xf06fb6eeaca0][WARN] copy_aicore_buffer: [chip_swimlane_collector.cpp:689] Core 13: skipped 1024 AICore record slot(s) with start_time=0 (race-window write or recycled-buffer tail). buf seq=0 count=1024
[mono_ns=7230838599162493][T0xf06fb66daca0][WARN] copy_aicore_buffer: [chip_swimlane_collector.cpp:689] Core 14: skipped 1024 AICore record slot(s) with start_time=0 (race-window write or recycled-buffer tail). buf seq=0 count=1024
[mono_ns=7230838599426424][T0xf06fb76faca0][WARN] copy_aicore_buffer: [chip_swimlane_collector.cpp:689] Core 48: skipped 1024 AICore record slot(s) with start_time=0 (race-window write or recycled-buffer tail). buf seq=0 count=1024
[mono_ns=7230838599475594][T0xf06fb6eeaca0][WARN] copy_aicore_buffer: [chip_swimlane_collector.cpp:689] Core 50: skipped 1024 AICore record slot(s) with start_time=0 (race-window write or recycled-buffer tail). buf seq=0 count=1024
[mono_ns=7230838599497544][T0xf06fb66daca0][WARN] copy_aicore_buffer: [chip_swimlane_collector.cpp:689] Core 52: skipped 1024 AICore record slot(s) with start_time=0 (race-window write or recycled-buffer tail). buf seq=0 count=1024
[mono_ns=7230838599751764][T0xf06fb76faca0][WARN] copy_aicore_buffer: [chip_swimlane_collector.cpp:689] Core 49: skipped 1024 AICore record slot(s) with start_time=0 (race-window write or recycled-buffer tail). buf seq=0 count=1024
[mono_ns=7230838599811354][T0xf06fb6eeaca0][WARN] copy_aicore_buffer: [chip_swimlane_collector.cpp:689] Core 51: skipped 1024 AICore record slot(s) with start_time=0 (race-window write or recycled-buffer tail). buf seq=0 count=1024
[mono_ns=7230838599831464][T0xf06fb66daca0][WARN] copy_aicore_buffer: [chip_swimlane_collector.cpp:689] Core 53: skipped 1024 AICore record slot(s) with start_time=0 (race-window write or recycled-buffer tail). buf seq=0 count=1024
[mono_ns=7230838600118544][T0xf06fb76faca0][WARN] copy_aicore_buffer: [chip_swimlane_collector.cpp:689] Core 15: skipped 1024 AICore record slot(s) with start_time=0 (race-window write or recycled-buffer tail). buf seq=0 count=1024
[mono_ns=7230838600159344][T0xf06fb6eeaca0][WARN] copy_aicore_buffer: [chip_swimlane_collector.cpp:689] Core 16: skipped 1024 AICore record slot(s) with start_time=0 (race-window write or recycled-buffer tail). buf seq=0 count=1024
[mono_ns=7230838600175124][T0xf06fb66daca0][WARN] copy_aicore_buffer: [chip_swimlane_collector.cpp:689] Core 17: skipped 1024 AICore record slot(s) with start_time=0 (race-window write or recycled-buffer tail). buf seq=0 count=1024
[mono_ns=7230838600445474][T0xf06fb76faca0][WARN] copy_aicore_buffer: [chip_swimlane_collector.cpp:689] Core 54: skipped 1024 AICore record slot(s) with start_time=0 (race-window write or recycled-buffer tail). buf seq=0 count=1024
[mono_ns=7230838600495474][T0xf06fb6eeaca0][WARN] copy_aicore_buffer: [chip_swimlane_collector.cpp:689] Core 56: skipped 1024 AICore record slot(s) with start_time=0 (race-window write or recycled-buffer tail). buf seq=0 count=1024
[mono_ns=7230838600503614][T0xf06fb66daca0][WARN] copy_aicore_buffer: [chip_swimlane_collector.cpp:689] Core 58: skipped 1024 AICore record slot(s) with start_time=0 (race-window write or recycled-buffer tail). buf seq=0 count=1024
[mono_ns=7230838600776144][T0xf06fb76faca0][WARN] copy_aicore_buffer: [chip_swimlane_collector.cpp:689] Core 55: skipped 1024 AICore record slot(s) with start_time=0 (race-window write or recycled-buffer tail). buf seq=0 count=1024
[mono_ns=7230838600830034][T0xf06fb6eeaca0][WARN] copy_aicore_buffer: [chip_swimlane_collector.cpp:689] Core 57: skipped 1024 AICore record slot(s) with start_time=0 (race-window write or recycled-buffer tail). buf seq=0 count=1024
[mono_ns=7230838600859264][T0xf06fb66daca0][WARN] copy_aicore_buffer: [chip_swimlane_collector.cpp:689] Core 59: skipped 1024 AICore record slot(s) with start_time=0 (race-window write or recycled-buffer tail). buf seq=0 count=1024
[mono_ns=7230838601114724][T0xf06fb76faca0][WARN] copy_aicore_buffer: [chip_swimlane_collector.cpp:689] Core 18: skipped 1024 AICore record slot(s) with start_time=0 (race-window write or recycled-buffer tail). buf seq=0 count=1024
[mono_ns=7230838601174464][T0xf06fb6eeaca0][WARN] copy_aicore_buffer: [chip_swimlane_collector.cpp:689] Core 19: skipped 1024 AICore record slot(s) with start_time=0 (race-window write or recycled-buffer tail). buf seq=0 count=1024
[mono_ns=7230838601203574][T0xf06fb66daca0][WARN] copy_aicore_buffer: [chip_swimlane_collector.cpp:689] Core 20: skipped 1024 AICore record slot(s) with start_time=0 (race-window write or recycled-buffer tail). buf seq=0 count=1024
[mono_ns=7230838601441444][T0xf06fb76faca0][WARN] copy_aicore_buffer: [chip_swimlane_collector.cpp:689] Core 60: skipped 1024 AICore record slot(s) with start_time=0 (race-window write or recycled-buffer tail). buf seq=0 count=1024
[mono_ns=7230838601510594][T0xf06fb6eeaca0][WARN] copy_aicore_buffer: [chip_swimlane_collector.cpp:689] Core 62: skipped 1024 AICore record slot(s) with start_time=0 (race-window write or recycled-buffer tail). buf seq=0 count=1024
[mono_ns=7230838601538514][T0xf06fb66daca0][WARN] copy_aicore_buffer: [chip_swimlane_collector.cpp:689] Core 64: skipped 1024 AICore record slot(s) with start_time=0 (race-window write or recycled-buffer tail). buf seq=0 count=1024
[mono_ns=7230838601767545][T0xf06fb76faca0][WARN] copy_aicore_buffer: [chip_swimlane_collector.cpp:689] Core 61: skipped 1024 AICore record slot(s) with start_time=0 (race-window write or recycled-buffer tail). buf seq=0 count=1024
[mono_ns=7230838601855815][T0xf06fb6eeaca0][WARN] copy_aicore_buffer: [chip_swimlane_collector.cpp:689] Core 63: skipped 1024 AICore record slot(s) with start_time=0 (race-window write or recycled-buffer tail). buf seq=0 count=1024
[mono_ns=7230838601875165][T0xf06fb66daca0][WARN] copy_aicore_buffer: [chip_swimlane_collector.cpp:689] Core 65: skipped 1024 AICore record slot(s) with start_time=0 (race-window write or recycled-buffer tail). buf seq=0 count=1024
[mono_ns=7230838602103015][T0xf06fb76faca0][WARN] copy_aicore_buffer: [chip_swimlane_collector.cpp:689] Core 21: skipped 1024 AICore record slot(s) with start_time=0 (race-window write or recycled-buffer tail). buf seq=0 count=1024
[mono_ns=7230838602200915][T0xf06fb6eeaca0][WARN] copy_aicore_buffer: [chip_swimlane_collector.cpp:689] Core 22: skipped 1024 AICore record slot(s) with start_time=0 (race-window write or recycled-buffer tail). buf seq=0 count=1024
[mono_ns=7230838602217885][T0xf06fb66daca0][WARN] copy_aicore_buffer: [chip_swimlane_collector.cpp:689] Core 23: skipped 1024 AICore record slot(s) with start_time=0 (race-window write or recycled-buffer tail). buf seq=0 count=1024
[mono_ns=7230838602430015][T0xf06fb76faca0][WARN] copy_aicore_buffer: [chip_swimlane_collector.cpp:689] Core 66: skipped 1024 AICore record slot(s) with start_time=0 (race-window write or recycled-buffer tail). buf seq=0 count=1024
[mono_ns=7230838602537075][T0xf06fb6eeaca0][WARN] copy_aicore_buffer: [chip_swimlane_collector.cpp:689] Core 68: skipped 1024 AICore record slot(s) with start_time=0 (race-window write or recycled-buffer tail). buf seq=0 count=1024
[mono_ns=7230838602547385][T0xf06fb66daca0][WARN] copy_aicore_buffer: [chip_swimlane_collector.cpp:689] Core 70: skipped 1024 AICore record slot(s) with start_time=0 (race-window write or recycled-buffer tail). buf seq=0 count=1024
[mono_ns=7230838602767555][T0xf06fb76faca0][WARN] copy_aicore_buffer: [chip_swimlane_collector.cpp:689] Core 67: skipped 1024 AICore record slot(s) with start_time=0 (race-window write or recycled-buffer tail). buf seq=0 count=1024
[mono_ns=7230838602871975][T0xf06fb6eeaca0][WARN] copy_aicore_buffer: [chip_swimlane_collector.cpp:689] Core 69: skipped 1024 AICore record slot(s) with start_time=0 (race-window write or recycled-buffer tail). buf seq=0 count=1024
[mono_ns=7230838602874085][T0xf06fb66daca0][WARN] copy_aicore_buffer: [chip_swimlane_collector.cpp:689] Core 71: skipped 1024 AICore record slot(s) with start_time=0 (race-window write or recycled-buffer tail). buf seq=0 count=1024
[mono_ns=7230838703615895][T0xf0711308b020][TIMING] emit_host_span: [STRACE] v=1 pid=441828 tid=441828 inv=4 hid=607e9e6ed0fbbc85 depth=1 name=chip.run.runner_run ts=7230838593478681 dur=110131714 
[mono_ns=7230838703699815][T0xf0711308b020][TIMING] emit_host_span: [STRACE] v=1 pid=441828 tid=441828 inv=4 hid=607e9e6ed0fbbc85 depth=1 name=chip.run.validate ts=7230838703624065 dur=72320 
[mono_ns=7230838703729025][T0xf0711308b020][TIMING] emit_host_span: [STRACE] v=1 pid=441828 tid=441828 inv=4 hid=607e9e6ed0fbbc85 depth=2 name=chip.run.runner_run.device_wall ts=0 dur=844420 clk=dev
[mono_ns=7230838703733545][T0xf0711308b020][TIMING] emit_host_span: [STRACE] v=1 pid=441828 tid=441828 inv=4 hid=607e9e6ed0fbbc85 depth=3 name=chip.run.runner_run.device_wall.preamble ts=0 dur=110060 clk=dev
[mono_ns=7230838703737135][T0xf0711308b020][TIMING] emit_host_span: [STRACE] v=1 pid=441828 tid=441828 inv=4 hid=607e9e6ed0fbbc85 depth=3 name=chip.run.runner_run.device_wall.graph_build ts=106220 dur=728120 clk=dev
[mono_ns=7230838703740775][T0xf0711308b020][TIMING] emit_host_span: [STRACE] v=1 pid=441828 tid=441828 inv=4 hid=607e9e6ed0fbbc85 depth=3 name=chip.run.runner_run.device_wall.config_validate ts=106340 dur=780 clk=dev
[mono_ns=7230838703744335][T0xf0711308b020][TIMING] emit_host_span: [STRACE] v=1 pid=441828 tid=441828 inv=4 hid=607e9e6ed0fbbc85 depth=3 name=chip.run.runner_run.device_wall.arena_wire ts=107160 dur=799 clk=dev
[mono_ns=7230838703747565][T0xf0711308b020][TIMING] emit_host_span: [STRACE] v=1 pid=441828 tid=441828 inv=4 hid=607e9e6ed0fbbc85 depth=3 name=chip.run.runner_run.device_wall.sm_reset ts=108000 dur=820 clk=dev
[mono_ns=7230838703750695][T0xf0711308b020][TIMING] emit_host_span: [STRACE] v=1 pid=441828 tid=441828 inv=4 hid=607e9e6ed0fbbc85 depth=3 name=chip.run.runner_run.device_wall.post_orch ts=834459 dur=9840 clk=dev
[mono_ns=7230838703753555][T0xf0711308b020][TIMING] emit_host_span: [STRACE] v=1 pid=441828 tid=441828 inv=4 hid=607e9e6ed0fbbc85 depth=3 name=chip.run.runner_run.device_wall.orch ts=108900 dur=3780 clk=dev
[mono_ns=7230838703770085][T0xf0711308b020][TIMING] emit_host_span: [STRACE] v=1 pid=441828 tid=441828 inv=4 hid=607e9e6ed0fbbc85 depth=3 name=chip.run.runner_run.device_wall.sched ts=110220 dur=699380 clk=dev
[mono_ns=7230838703774115][T0xf0711308b020][TIMING] emit_host_span: [STRACE] v=1 pid=441828 tid=441828 inv=4 hid=607e9e6ed0fbbc85 depth=1 name=chip.run.claim_release ts=7230838703771945 dur=290 
[mono_ns=7230838703778355][T0xf0711308b020][TIMING] emit_host_span: [STRACE] v=1 pid=441828 tid=441828 inv=4 hid=607e9e6ed0fbbc85 depth=0 name=chip.run ts=7230838592134261 dur=111642094 run_id=4 dispatch_id=4 slot_id=0 generation=4 run_epoch=4
[mono_ns=7230843456169626][T0xf0711308b020][TIMING] emit_host_span: [STRACE] v=1 pid=441828 tid=441828 inv=5 hid=607e9e6ed0fbbc85 depth=2 name=chip.run.bind.args ts=7230843456026846 dur=133760 
[mono_ns=7230843456193386][T0xf0711308b020][TIMING] emit_host_span: [STRACE] v=1 pid=441828 tid=441828 inv=5 hid=607e9e6ed0fbbc85 depth=2 name=chip.run.bind.prebuilt ts=7230843456184436 dur=6400 
[mono_ns=7230843456197536][T0xf0711308b020][TIMING] emit_host_span: [STRACE] v=1 pid=441828 tid=441828 inv=5 hid=607e9e6ed0fbbc85 depth=1 name=chip.run.bind ts=7230843456015886 dur=179500 
[mono_ns=7230843564818953][T0xf0711308b020][TIMING] emit_host_span: [STRACE] v=1 pid=441828 tid=441828 inv=5 hid=607e9e6ed0fbbc85 depth=1 name=chip.run.runner_run ts=7230843456540006 dur=108263237 
[mono_ns=7230843564957383][T0xf0711308b020][TIMING] emit_host_span: [STRACE] v=1 pid=441828 tid=441828 inv=5 hid=607e9e6ed0fbbc85 depth=1 name=chip.run.validate ts=7230843564835993 dur=116230 
[mono_ns=7230843564970793][T0xf0711308b020][TIMING] emit_host_span: [STRACE] v=1 pid=441828 tid=441828 inv=5 hid=607e9e6ed0fbbc85 depth=2 name=chip.run.runner_run.device_wall ts=0 dur=1189940 clk=dev
[mono_ns=7230843564976623][T0xf0711308b020][TIMING] emit_host_span: [STRACE] v=1 pid=441828 tid=441828 inv=5 hid=607e9e6ed0fbbc85 depth=3 name=chip.run.runner_run.device_wall.preamble ts=0 dur=10000 clk=dev
[mono_ns=7230843564980503][T0xf0711308b020][TIMING] emit_host_span: [STRACE] v=1 pid=441828 tid=441828 inv=5 hid=607e9e6ed0fbbc85 depth=3 name=chip.run.runner_run.device_wall.graph_build ts=2139 dur=1177120 clk=dev
[mono_ns=7230843564983783][T0xf0711308b020][TIMING] emit_host_span: [STRACE] v=1 pid=441828 tid=441828 inv=5 hid=607e9e6ed0fbbc85 depth=3 name=chip.run.runner_run.device_wall.config_validate ts=2500 dur=1140 clk=dev
[mono_ns=7230843564987093][T0xf0711308b020][TIMING] emit_host_span: [STRACE] v=1 pid=441828 tid=441828 inv=5 hid=607e9e6ed0fbbc85 depth=3 name=chip.run.runner_run.device_wall.arena_wire ts=3820 dur=1220 clk=dev
[mono_ns=7230843564989993][T0xf0711308b020][TIMING] emit_host_span: [STRACE] v=1 pid=441828 tid=441828 inv=5 hid=607e9e6ed0fbbc85 depth=3 name=chip.run.runner_run.device_wall.sm_reset ts=5220 dur=2719 clk=dev
[mono_ns=7230843564993033][T0xf0711308b020][TIMING] emit_host_span: [STRACE] v=1 pid=441828 tid=441828 inv=5 hid=607e9e6ed0fbbc85 depth=3 name=chip.run.runner_run.device_wall.post_orch ts=1179300 dur=10240 clk=dev
[mono_ns=7230843564996343][T0xf0711308b020][TIMING] emit_host_span: [STRACE] v=1 pid=441828 tid=441828 inv=5 hid=607e9e6ed0fbbc85 depth=3 name=chip.run.runner_run.device_wall.orch ts=9020 dur=11960 clk=dev
[mono_ns=7230843565036733][T0xf0711308b020][TIMING] emit_host_span: [STRACE] v=1 pid=441828 tid=441828 inv=5 hid=607e9e6ed0fbbc85 depth=3 name=chip.run.runner_run.device_wall.sched ts=10260 dur=1161940 clk=dev
[mono_ns=7230843565041603][T0xf0711308b020][TIMING] emit_host_span: [STRACE] v=1 pid=441828 tid=441828 inv=5 hid=607e9e6ed0fbbc85 depth=1 name=chip.run.claim_release ts=7230843565039243 dur=500 
[mono_ns=7230843565047503][T0xf0711308b020][TIMING] emit_host_span: [STRACE] v=1 pid=441828 tid=441828 inv=5 hid=607e9e6ed0fbbc85 depth=0 name=chip.run ts=7230843455907266 dur=109137457 run_id=5 dispatch_id=5 slot_id=0 generation=5 run_epoch=5
[mono_ns=7230843572450877][T0xf0711308b020][TIMING] emit_host_span: [STRACE] v=1 pid=441828 tid=441828 inv=6 hid=607e9e6ed0fbbc85 depth=2 name=chip.run.bind.args ts=7230843572328267 dur=116620 
[mono_ns=7230843572465137][T0xf0711308b020][TIMING] emit_host_span: [STRACE] v=1 pid=441828 tid=441828 inv=6 hid=607e9e6ed0fbbc85 depth=2 name=chip.run.bind.prebuilt ts=7230843572459977 dur=2850 
[mono_ns=7230843572469817][T0xf0711308b020][TIMING] emit_host_span: [STRACE] v=1 pid=441828 tid=441828 inv=6 hid=607e9e6ed0fbbc85 depth=1 name=chip.run.bind ts=7230843572319767 dur=147880 
[mono_ns=7230843574572218][T0xf06fb6eeaca0][WARN] copy_aicore_buffer: [chip_swimlane_collector.cpp:689] Core 1: skipped 1024 AICore record slot(s) with start_time=0 (race-window write or recycled-buffer tail). buf seq=0 count=1024
[mono_ns=7230843574571318][T0xf06fb66daca0][WARN] copy_aicore_buffer: [chip_swimlane_collector.cpp:689] Core 2: skipped 1024 AICore record slot(s) with start_time=0 (race-window write or recycled-buffer tail). buf seq=0 count=1024
[mono_ns=7230843574599378][T0xf06fb76faca0][WARN] copy_aicore_buffer: [chip_swimlane_collector.cpp:689] Core 0: skipped 1024 AICore record slot(s) with start_time=0 (race-window write or recycled-buffer tail). buf seq=0 count=1024
[mono_ns=7230843574933248][T0xf06fb76faca0][WARN] copy_aicore_buffer: [chip_swimlane_collector.cpp:689] Core 24: skipped 1024 AICore record slot(s) with start_time=0 (race-window write or recycled-buffer tail). buf seq=0 count=1024
[mono_ns=7230843574940248][T0xf06fb66daca0][WARN] copy_aicore_buffer: [chip_swimlane_collector.cpp:689] Core 28: skipped 1023 AICore record slot(s) with start_time=0 (race-window write or recycled-buffer tail). buf seq=0 count=1024
[mono_ns=7230843574948608][T0xf06fb6eeaca0][WARN] copy_aicore_buffer: [chip_swimlane_collector.cpp:689] Core 26: skipped 1022 AICore record slot(s) with start_time=0 (race-window write or recycled-buffer tail). buf seq=0 count=1024
[mono_ns=7230843575277838][T0xf06fb76faca0][WARN] copy_aicore_buffer: [chip_swimlane_collector.cpp:689] Core 25: skipped 1024 AICore record slot(s) with start_time=0 (race-window write or recycled-buffer tail). buf seq=0 count=1024
[mono_ns=7230843575283898][T0xf06fb6eeaca0][WARN] copy_aicore_buffer: [chip_swimlane_collector.cpp:689] Core 27: skipped 1024 AICore record slot(s) with start_time=0 (race-window write or recycled-buffer tail). buf seq=0 count=1024
[mono_ns=7230843575288868][T0xf06fb66daca0][WARN] copy_aicore_buffer: [chip_swimlane_collector.cpp:689] Core 29: skipped 1024 AICore record slot(s) with start_time=0 (race-window write or recycled-buffer tail). buf seq=0 count=1024
[mono_ns=7230843575599508][T0xf06fb76faca0][WARN] copy_aicore_buffer: [chip_swimlane_collector.cpp:689] Core 3: skipped 1024 AICore record slot(s) with start_time=0 (race-window write or recycled-buffer tail). buf seq=0 count=1024
[mono_ns=7230843575611678][T0xf06fb6eeaca0][WARN] copy_aicore_buffer: [chip_swimlane_collector.cpp:689] Core 4: skipped 1024 AICore record slot(s) with start_time=0 (race-window write or recycled-buffer tail). buf seq=0 count=1024
[mono_ns=7230843575635618][T0xf06fb66daca0][WARN] copy_aicore_buffer: [chip_swimlane_collector.cpp:689] Core 5: skipped 1024 AICore record slot(s) with start_time=0 (race-window write or recycled-buffer tail). buf seq=0 count=1024
[mono_ns=7230843575920818][T0xf06fb76faca0][WARN] copy_aicore_buffer: [chip_swimlane_collector.cpp:689] Core 30: skipped 1024 AICore record slot(s) with start_time=0 (race-window write or recycled-buffer tail). buf seq=0 count=1024
[mono_ns=7230843575936208][T0xf06fb6eeaca0][WARN] copy_aicore_buffer: [chip_swimlane_collector.cpp:689] Core 32: skipped 1024 AICore record slot(s) with start_time=0 (race-window write or recycled-buffer tail). buf seq=0 count=1024
[mono_ns=7230843575963258][T0xf06fb66daca0][WARN] copy_aicore_buffer: [chip_swimlane_collector.cpp:689] Core 34: skipped 1024 AICore record slot(s) with start_time=0 (race-window write or recycled-buffer tail). buf seq=0 count=1024
[mono_ns=7230843576250318][T0xf06fb76faca0][WARN] copy_aicore_buffer: [chip_swimlane_collector.cpp:689] Core 31: skipped 1024 AICore record slot(s) with start_time=0 (race-window write or recycled-buffer tail). buf seq=0 count=1024
[mono_ns=7230843576270748][T0xf06fb6eeaca0][WARN] copy_aicore_buffer: [chip_swimlane_collector.cpp:689] Core 33: skipped 1024 AICore record slot(s) with start_time=0 (race-window write or recycled-buffer tail). buf seq=0 count=1024
[mono_ns=7230843576330748][T0xf06fb66daca0][WARN] copy_aicore_buffer: [chip_swimlane_collector.cpp:689] Core 35: skipped 1024 AICore record slot(s) with start_time=0 (race-window write or recycled-buffer tail). buf seq=0 count=1024
[mono_ns=7230843576570549][T0xf06fb76faca0][WARN] copy_aicore_buffer: [chip_swimlane_collector.cpp:689] Core 6: skipped 1024 AICore record slot(s) with start_time=0 (race-window write or recycled-buffer tail). buf seq=0 count=1024
[mono_ns=7230843576599189][T0xf06fb6eeaca0][WARN] copy_aicore_buffer: [chip_swimlane_collector.cpp:689] Core 7: skipped 1024 AICore record slot(s) with start_time=0 (race-window write or recycled-buffer tail). buf seq=0 count=1024
[mono_ns=7230843576657559][T0xf06fb66daca0][WARN] copy_aicore_buffer: [chip_swimlane_collector.cpp:689] Core 8: skipped 1024 AICore record slot(s) with start_time=0 (race-window write or recycled-buffer tail). buf seq=0 count=1024
[mono_ns=7230843576891479][T0xf06fb76faca0][WARN] copy_aicore_buffer: [chip_swimlane_collector.cpp:689] Core 36: skipped 1024 AICore record slot(s) with start_time=0 (race-window write or recycled-buffer tail). buf seq=0 count=1024
[mono_ns=7230843576927329][T0xf06fb6eeaca0][WARN] copy_aicore_buffer: [chip_swimlane_collector.cpp:689] Core 38: skipped 1024 AICore record slot(s) with start_time=0 (race-window write or recycled-buffer tail). buf seq=0 count=1024
[mono_ns=7230843576985639][T0xf06fb66daca0][WARN] copy_aicore_buffer: [chip_swimlane_collector.cpp:689] Core 40: skipped 1024 AICore record slot(s) with start_time=0 (race-window write or recycled-buffer tail). buf seq=0 count=1024
[mono_ns=7230843577225059][T0xf06fb76faca0][WARN] copy_aicore_buffer: [chip_swimlane_collector.cpp:689] Core 37: skipped 1024 AICore record slot(s) with start_time=0 (race-window write or recycled-buffer tail). buf seq=0 count=1024
[mono_ns=7230843577266739][T0xf06fb6eeaca0][WARN] copy_aicore_buffer: [chip_swimlane_collector.cpp:689] Core 39: skipped 1024 AICore record slot(s) with start_time=0 (race-window write or recycled-buffer tail). buf seq=0 count=1024
[mono_ns=7230843577325239][T0xf06fb66daca0][WARN] copy_aicore_buffer: [chip_swimlane_collector.cpp:689] Core 41: skipped 1024 AICore record slot(s) with start_time=0 (race-window write or recycled-buffer tail). buf seq=0 count=1024
[mono_ns=7230843577558829][T0xf06fb76faca0][WARN] copy_aicore_buffer: [chip_swimlane_collector.cpp:689] Core 9: skipped 1024 AICore record slot(s) with start_time=0 (race-window write or recycled-buffer tail). buf seq=0 count=1024
[mono_ns=7230843577593409][T0xf06fb6eeaca0][WARN] copy_aicore_buffer: [chip_swimlane_collector.cpp:689] Core 10: skipped 1024 AICore record slot(s) with start_time=0 (race-window write or recycled-buffer tail). buf seq=0 count=1024
[mono_ns=7230843577653199][T0xf06fb66daca0][WARN] copy_aicore_buffer: [chip_swimlane_collector.cpp:689] Core 11: skipped 1024 AICore record slot(s) with start_time=0 (race-window write or recycled-buffer tail). buf seq=0 count=1024
[mono_ns=7230843577878189][T0xf06fb76faca0][WARN] copy_aicore_buffer: [chip_swimlane_collector.cpp:689] Core 42: skipped 1024 AICore record slot(s) with start_time=0 (race-window write or recycled-buffer tail). buf seq=0 count=1024
[mono_ns=7230843577922279][T0xf06fb6eeaca0][WARN] copy_aicore_buffer: [chip_swimlane_collector.cpp:689] Core 44: skipped 1024 AICore record slot(s) with start_time=0 (race-window write or recycled-buffer tail). buf seq=0 count=1024
[mono_ns=7230843577982599][T0xf06fb66daca0][WARN] copy_aicore_buffer: [chip_swimlane_collector.cpp:689] Core 46: skipped 1024 AICore record slot(s) with start_time=0 (race-window write or recycled-buffer tail). buf seq=0 count=1024
[mono_ns=7230843578205199][T0xf06fb76faca0][WARN] copy_aicore_buffer: [chip_swimlane_collector.cpp:689] Core 43: skipped 1024 AICore record slot(s) with start_time=0 (race-window write or recycled-buffer tail). buf seq=0 count=1024
[mono_ns=7230843578284149][T0xf06fb6eeaca0][WARN] copy_aicore_buffer: [chip_swimlane_collector.cpp:689] Core 45: skipped 1024 AICore record slot(s) with start_time=0 (race-window write or recycled-buffer tail). buf seq=0 count=1024
[mono_ns=7230843578318249][T0xf06fb66daca0][WARN] copy_aicore_buffer: [chip_swimlane_collector.cpp:689] Core 47: skipped 1024 AICore record slot(s) with start_time=0 (race-window write or recycled-buffer tail). buf seq=0 count=1024
[mono_ns=7230843578524729][T0xf06fb76faca0][WARN] copy_aicore_buffer: [chip_swimlane_collector.cpp:689] Core 12: skipped 1024 AICore record slot(s) with start_time=0 (race-window write or recycled-buffer tail). buf seq=0 count=1024
[mono_ns=7230843578614479][T0xf06fb6eeaca0][WARN] copy_aicore_buffer: [chip_swimlane_collector.cpp:689] Core 13: skipped 1024 AICore record slot(s) with start_time=0 (race-window write or recycled-buffer tail). buf seq=0 count=1024
[mono_ns=7230843578645469][T0xf06fb66daca0][WARN] copy_aicore_buffer: [chip_swimlane_collector.cpp:689] Core 14: skipped 1024 AICore record slot(s) with start_time=0 (race-window write or recycled-buffer tail). buf seq=0 count=1024
[mono_ns=7230843578845990][T0xf06fb76faca0][WARN] copy_aicore_buffer: [chip_swimlane_collector.cpp:689] Core 48: skipped 1024 AICore record slot(s) with start_time=0 (race-window write or recycled-buffer tail). buf seq=0 count=1024
[mono_ns=7230843578943020][T0xf06fb6eeaca0][WARN] copy_aicore_buffer: [chip_swimlane_collector.cpp:689] Core 50: skipped 1024 AICore record slot(s) with start_time=0 (race-window write or recycled-buffer tail). buf seq=0 count=1024
[mono_ns=7230843578973970][T0xf06fb66daca0][WARN] copy_aicore_buffer: [chip_swimlane_collector.cpp:689] Core 52: skipped 1024 AICore record slot(s) with start_time=0 (race-window write or recycled-buffer tail). buf seq=0 count=1024
[mono_ns=7230843579206040][T0xf06fb76faca0][WARN] copy_aicore_buffer: [chip_swimlane_collector.cpp:689] Core 49: skipped 1024 AICore record slot(s) with start_time=0 (race-window write or recycled-buffer tail). buf seq=0 count=1024
[mono_ns=7230843579285660][T0xf06fb6eeaca0][WARN] copy_aicore_buffer: [chip_swimlane_collector.cpp:689] Core 51: skipped 1024 AICore record slot(s) with start_time=0 (race-window write or recycled-buffer tail). buf seq=0 count=1024
[mono_ns=7230843579309300][T0xf06fb66daca0][WARN] copy_aicore_buffer: [chip_swimlane_collector.cpp:689] Core 53: skipped 1024 AICore record slot(s) with start_time=0 (race-window write or recycled-buffer tail). buf seq=0 count=1024
[mono_ns=7230843579526060][T0xf06fb76faca0][WARN] copy_aicore_buffer: [chip_swimlane_collector.cpp:689] Core 15: skipped 1024 AICore record slot(s) with start_time=0 (race-window write or recycled-buffer tail). buf seq=0 count=1024
[mono_ns=7230843579615980][T0xf06fb6eeaca0][WARN] copy_aicore_buffer: [chip_swimlane_collector.cpp:689] Core 16: skipped 1024 AICore record slot(s) with start_time=0 (race-window write or recycled-buffer tail). buf seq=0 count=1024
[mono_ns=7230843579638690][T0xf06fb66daca0][WARN] copy_aicore_buffer: [chip_swimlane_collector.cpp:689] Core 17: skipped 1024 AICore record slot(s) with start_time=0 (race-window write or recycled-buffer tail). buf seq=0 count=1024
[mono_ns=7230843579845570][T0xf06fb76faca0][WARN] copy_aicore_buffer: [chip_swimlane_collector.cpp:689] Core 54: skipped 1024 AICore record slot(s) with start_time=0 (race-window write or recycled-buffer tail). buf seq=0 count=1024
[mono_ns=7230843579943990][T0xf06fb6eeaca0][WARN] copy_aicore_buffer: [chip_swimlane_collector.cpp:689] Core 56: skipped 1024 AICore record slot(s) with start_time=0 (race-window write or recycled-buffer tail). buf seq=0 count=1024
[mono_ns=7230843579980460][T0xf06fb66daca0][WARN] copy_aicore_buffer: [chip_swimlane_collector.cpp:689] Core 58: skipped 1024 AICore record slot(s) with start_time=0 (race-window write or recycled-buffer tail). buf seq=0 count=1024
[mono_ns=7230843580175120][T0xf06fb76faca0][WARN] copy_aicore_buffer: [chip_swimlane_collector.cpp:689] Core 55: skipped 1024 AICore record slot(s) with start_time=0 (race-window write or recycled-buffer tail). buf seq=0 count=1024
[mono_ns=7230843580280980][T0xf06fb6eeaca0][WARN] copy_aicore_buffer: [chip_swimlane_collector.cpp:689] Core 57: skipped 1024 AICore record slot(s) with start_time=0 (race-window write or recycled-buffer tail). buf seq=0 count=1024
[mono_ns=7230843580318770][T0xf06fb66daca0][WARN] copy_aicore_buffer: [chip_swimlane_collector.cpp:689] Core 59: skipped 1024 AICore record slot(s) with start_time=0 (race-window write or recycled-buffer tail). buf seq=0 count=1024
[mono_ns=7230843580495410][T0xf06fb76faca0][WARN] copy_aicore_buffer: [chip_swimlane_collector.cpp:689] Core 18: skipped 1024 AICore record slot(s) with start_time=0 (race-window write or recycled-buffer tail). buf seq=0 count=1024
[mono_ns=7230843580610620][T0xf06fb6eeaca0][WARN] copy_aicore_buffer: [chip_swimlane_collector.cpp:689] Core 19: skipped 1024 AICore record slot(s) with start_time=0 (race-window write or recycled-buffer tail). buf seq=0 count=1024
[mono_ns=7230843580647540][T0xf06fb66daca0][WARN] copy_aicore_buffer: [chip_swimlane_collector.cpp:689] Core 20: skipped 1024 AICore record slot(s) with start_time=0 (race-window write or recycled-buffer tail). buf seq=0 count=1024
[mono_ns=7230843580815720][T0xf06fb76faca0][WARN] copy_aicore_buffer: [chip_swimlane_collector.cpp:689] Core 60: skipped 1024 AICore record slot(s) with start_time=0 (race-window write or recycled-buffer tail). buf seq=0 count=1024
[mono_ns=7230843580950110][T0xf06fb6eeaca0][WARN] copy_aicore_buffer: [chip_swimlane_collector.cpp:689] Core 62: skipped 1024 AICore record slot(s) with start_time=0 (race-window write or recycled-buffer tail). buf seq=0 count=1024
[mono_ns=7230843580974960][T0xf06fb66daca0][WARN] copy_aicore_buffer: [chip_swimlane_collector.cpp:689] Core 64: skipped 1024 AICore record slot(s) with start_time=0 (race-window write or recycled-buffer tail). buf seq=0 count=1024
[mono_ns=7230843581141921][T0xf06fb76faca0][WARN] copy_aicore_buffer: [chip_swimlane_collector.cpp:689] Core 61: skipped 1024 AICore record slot(s) with start_time=0 (race-window write or recycled-buffer tail). buf seq=0 count=1024
[mono_ns=7230843581286321][T0xf06fb6eeaca0][WARN] copy_aicore_buffer: [chip_swimlane_collector.cpp:689] Core 63: skipped 1024 AICore record slot(s) with start_time=0 (race-window write or recycled-buffer tail). buf seq=0 count=1024
[mono_ns=7230843581310041][T0xf06fb66daca0][WARN] copy_aicore_buffer: [chip_swimlane_collector.cpp:689] Core 65: skipped 1024 AICore record slot(s) with start_time=0 (race-window write or recycled-buffer tail). buf seq=0 count=1024
[mono_ns=7230843581462451][T0xf06fb76faca0][WARN] copy_aicore_buffer: [chip_swimlane_collector.cpp:689] Core 21: skipped 1024 AICore record slot(s) with start_time=0 (race-window write or recycled-buffer tail). buf seq=0 count=1024
[mono_ns=7230843581615791][T0xf06fb6eeaca0][WARN] copy_aicore_buffer: [chip_swimlane_collector.cpp:689] Core 22: skipped 1024 AICore record slot(s) with start_time=0 (race-window write or recycled-buffer tail). buf seq=0 count=1024
[mono_ns=7230843581661391][T0xf06fb66daca0][WARN] copy_aicore_buffer: [chip_swimlane_collector.cpp:689] Core 23: skipped 1024 AICore record slot(s) with start_time=0 (race-window write or recycled-buffer tail). buf seq=0 count=1024
[mono_ns=7230843581782721][T0xf06fb76faca0][WARN] copy_aicore_buffer: [chip_swimlane_collector.cpp:689] Core 66: skipped 1024 AICore record slot(s) with start_time=0 (race-window write or recycled-buffer tail). buf seq=0 count=1024
[mono_ns=7230843581945131][T0xf06fb6eeaca0][WARN] copy_aicore_buffer: [chip_swimlane_collector.cpp:689] Core 68: skipped 1024 AICore record slot(s) with start_time=0 (race-window write or recycled-buffer tail). buf seq=0 count=1024
[mono_ns=7230843581988521][T0xf06fb66daca0][WARN] copy_aicore_buffer: [chip_swimlane_collector.cpp:689] Core 70: skipped 1024 AICore record slot(s) with start_time=0 (race-window write or recycled-buffer tail). buf seq=0 count=1024
[mono_ns=7230843582119181][T0xf06fb76faca0][WARN] copy_aicore_buffer: [chip_swimlane_collector.cpp:689] Core 67: skipped 1024 AICore record slot(s) with start_time=0 (race-window write or recycled-buffer tail). buf seq=0 count=1024
[mono_ns=7230843582292941][T0xf06fb6eeaca0][WARN] copy_aicore_buffer: [chip_swimlane_collector.cpp:689] Core 69: skipped 1024 AICore record slot(s) with start_time=0 (race-window write or recycled-buffer tail). buf seq=0 count=1024
[mono_ns=7230843582328851][T0xf06fb66daca0][WARN] copy_aicore_buffer: [chip_swimlane_collector.cpp:689] Core 71: skipped 1024 AICore record slot(s) with start_time=0 (race-window write or recycled-buffer tail). buf seq=0 count=1024
[mono_ns=7230843682952445][T0xf0711308b020][TIMING] emit_host_span: [STRACE] v=1 pid=441828 tid=441828 inv=6 hid=607e9e6ed0fbbc85 depth=1 name=chip.run.runner_run ts=7230843573219147 dur=109726768 
[mono_ns=7230843683057655][T0xf0711308b020][TIMING] emit_host_span: [STRACE] v=1 pid=441828 tid=441828 inv=6 hid=607e9e6ed0fbbc85 depth=1 name=chip.run.validate ts=7230843682961415 dur=92690 
[mono_ns=7230843683065665][T0xf0711308b020][TIMING] emit_host_span: [STRACE] v=1 pid=441828 tid=441828 inv=6 hid=607e9e6ed0fbbc85 depth=2 name=chip.run.runner_run.device_wall ts=0 dur=838380 clk=dev
[mono_ns=7230843683070525][T0xf0711308b020][TIMING] emit_host_span: [STRACE] v=1 pid=441828 tid=441828 inv=6 hid=607e9e6ed0fbbc85 depth=3 name=chip.run.runner_run.device_wall.preamble ts=0 dur=106960 clk=dev
[mono_ns=7230843683074395][T0xf0711308b020][TIMING] emit_host_span: [STRACE] v=1 pid=441828 tid=441828 inv=6 hid=607e9e6ed0fbbc85 depth=3 name=chip.run.runner_run.device_wall.graph_build ts=103179 dur=725760 clk=dev
[mono_ns=7230843683077855][T0xf0711308b020][TIMING] emit_host_span: [STRACE] v=1 pid=441828 tid=441828 inv=6 hid=607e9e6ed0fbbc85 depth=3 name=chip.run.runner_run.device_wall.config_validate ts=103300 dur=919 clk=dev
[mono_ns=7230843683081175][T0xf0711308b020][TIMING] emit_host_span: [STRACE] v=1 pid=441828 tid=441828 inv=6 hid=607e9e6ed0fbbc85 depth=3 name=chip.run.runner_run.device_wall.arena_wire ts=104240 dur=260 clk=dev
[mono_ns=7230843683107065][T0xf0711308b020][TIMING] emit_host_span: [STRACE] v=1 pid=441828 tid=441828 inv=6 hid=607e9e6ed0fbbc85 depth=3 name=chip.run.runner_run.device_wall.sm_reset ts=104520 dur=500 clk=dev
[mono_ns=7230843683110245][T0xf0711308b020][TIMING] emit_host_span: [STRACE] v=1 pid=441828 tid=441828 inv=6 hid=607e9e6ed0fbbc85 depth=3 name=chip.run.runner_run.device_wall.post_orch ts=828980 dur=9260 clk=dev
[mono_ns=7230843683113345][T0xf0711308b020][TIMING] emit_host_span: [STRACE] v=1 pid=441828 tid=441828 inv=6 hid=607e9e6ed0fbbc85 depth=3 name=chip.run.runner_run.device_wall.orch ts=105060 dur=3679 clk=dev
[mono_ns=7230843683116365][T0xf0711308b020][TIMING] emit_host_span: [STRACE] v=1 pid=441828 tid=441828 inv=6 hid=607e9e6ed0fbbc85 depth=3 name=chip.run.runner_run.device_wall.sched ts=107059 dur=698220 clk=dev
[mono_ns=7230843683120945][T0xf0711308b020][TIMING] emit_host_span: [STRACE] v=1 pid=441828 tid=441828 inv=6 hid=607e9e6ed0fbbc85 depth=1 name=chip.run.claim_release ts=7230843683118275 dur=320 
[mono_ns=7230843683125525][T0xf0711308b020][TIMING] emit_host_span: [STRACE] v=1 pid=441828 tid=441828 inv=6 hid=607e9e6ed0fbbc85 depth=0 name=chip.run ts=7230843572280747 dur=110842678 run_id=6 dispatch_id=6 slot_id=0 generation=6 run_epoch=6
[mono_ns=7230848523864894][T0xf0711308b020][TIMING] emit_host_span: [STRACE] v=1 pid=441828 tid=441828 inv=7 hid=607e9e6ed0fbbc85 depth=2 name=chip.run.bind.args ts=7230848523721104 dur=134950 
[mono_ns=7230848523888154][T0xf0711308b020][TIMING] emit_host_span: [STRACE] v=1 pid=441828 tid=441828 inv=7 hid=607e9e6ed0fbbc85 depth=2 name=chip.run.bind.prebuilt ts=7230848523879344 dur=6260 
[mono_ns=7230848523915724][T0xf0711308b020][TIMING] emit_host_span: [STRACE] v=1 pid=441828 tid=441828 inv=7 hid=607e9e6ed0fbbc85 depth=1 name=chip.run.bind ts=7230848523709944 dur=202400 
[mono_ns=7230848632637576][T0xf0711308b020][TIMING] emit_host_span: [STRACE] v=1 pid=441828 tid=441828 inv=7 hid=607e9e6ed0fbbc85 depth=1 name=chip.run.runner_run ts=7230848524257274 dur=108366732 
[mono_ns=7230848632764066][T0xf0711308b020][TIMING] emit_host_span: [STRACE] v=1 pid=441828 tid=441828 inv=7 hid=607e9e6ed0fbbc85 depth=1 name=chip.run.validate ts=7230848632652196 dur=107830 
[mono_ns=7230848632771226][T0xf0711308b020][TIMING] emit_host_span: [STRACE] v=1 pid=441828 tid=441828 inv=7 hid=607e9e6ed0fbbc85 depth=2 name=chip.run.runner_run.device_wall ts=0 dur=850819 clk=dev
[mono_ns=7230848632775676][T0xf0711308b020][TIMING] emit_host_span: [STRACE] v=1 pid=441828 tid=441828 inv=7 hid=607e9e6ed0fbbc85 depth=3 name=chip.run.runner_run.device_wall.preamble ts=0 dur=6000 clk=dev
[mono_ns=7230848632779296][T0xf0711308b020][TIMING] emit_host_span: [STRACE] v=1 pid=441828 tid=441828 inv=7 hid=607e9e6ed0fbbc85 depth=3 name=chip.run.runner_run.device_wall.graph_build ts=1380 dur=838180 clk=dev
[mono_ns=7230848632782376][T0xf0711308b020][TIMING] emit_host_span: [STRACE] v=1 pid=441828 tid=441828 inv=7 hid=607e9e6ed0fbbc85 depth=3 name=chip.run.runner_run.device_wall.config_validate ts=1520 dur=1000 clk=dev
[mono_ns=7230848632826366][T0xf0711308b020][TIMING] emit_host_span: [STRACE] v=1 pid=441828 tid=441828 inv=7 hid=607e9e6ed0fbbc85 depth=3 name=chip.run.runner_run.device_wall.arena_wire ts=2560 dur=459 clk=dev
[mono_ns=7230848632831106][T0xf0711308b020][TIMING] emit_host_span: [STRACE] v=1 pid=441828 tid=441828 inv=7 hid=607e9e6ed0fbbc85 depth=3 name=chip.run.runner_run.device_wall.sm_reset ts=3060 dur=1240 clk=dev
[mono_ns=7230848632834206][T0xf0711308b020][TIMING] emit_host_span: [STRACE] v=1 pid=441828 tid=441828 inv=7 hid=607e9e6ed0fbbc85 depth=3 name=chip.run.runner_run.device_wall.post_orch ts=839620 dur=10760 clk=dev
[mono_ns=7230848632837306][T0xf0711308b020][TIMING] emit_host_span: [STRACE] v=1 pid=441828 tid=441828 inv=7 hid=607e9e6ed0fbbc85 depth=3 name=chip.run.runner_run.device_wall.orch ts=5080 dur=10360 clk=dev
[mono_ns=7230848632840216][T0xf0711308b020][TIMING] emit_host_span: [STRACE] v=1 pid=441828 tid=441828 inv=7 hid=607e9e6ed0fbbc85 depth=3 name=chip.run.runner_run.device_wall.sched ts=6160 dur=825800 clk=dev
[mono_ns=7230848632845106][T0xf0711308b020][TIMING] emit_host_span: [STRACE] v=1 pid=441828 tid=441828 inv=7 hid=607e9e6ed0fbbc85 depth=1 name=chip.run.claim_release ts=7230848632842836 dur=480 
[mono_ns=7230848632849796][T0xf0711308b020][TIMING] emit_host_span: [STRACE] v=1 pid=441828 tid=441828 inv=7 hid=607e9e6ed0fbbc85 depth=0 name=chip.run ts=7230848523611204 dur=109236612 run_id=7 dispatch_id=7 slot_id=0 generation=7 run_epoch=7
[mono_ns=7230848638912779][T0xf0711308b020][TIMING] emit_host_span: [STRACE] v=1 pid=441828 tid=441828 inv=8 hid=607e9e6ed0fbbc85 depth=2 name=chip.run.bind.args ts=7230848638801058 dur=105441 
[mono_ns=7230848638949489][T0xf0711308b020][TIMING] emit_host_span: [STRACE] v=1 pid=441828 tid=441828 inv=8 hid=607e9e6ed0fbbc85 depth=2 name=chip.run.bind.prebuilt ts=7230848638943349 dur=2960 
[mono_ns=7230848638953679][T0xf0711308b020][TIMING] emit_host_span: [STRACE] v=1 pid=441828 tid=441828 inv=8 hid=607e9e6ed0fbbc85 depth=1 name=chip.run.bind ts=7230848638792328 dur=159091 
[mono_ns=7230848640852109][T0xf06fb76faca0][WARN] copy_aicore_buffer: [chip_swimlane_collector.cpp:689] Core 0: skipped 1024 AICore record slot(s) with start_time=0 (race-window write or recycled-buffer tail). buf seq=0 count=1024
[mono_ns=7230848640853009][T0xf06fb66daca0][WARN] copy_aicore_buffer: [chip_swimlane_collector.cpp:689] Core 2: skipped 1024 AICore record slot(s) with start_time=0 (race-window write or recycled-buffer tail). buf seq=0 count=1024
[mono_ns=7230848640886909][T0xf06fb6eeaca0][WARN] copy_aicore_buffer: [chip_swimlane_collector.cpp:689] Core 1: skipped 1024 AICore record slot(s) with start_time=0 (race-window write or recycled-buffer tail). buf seq=0 count=1024
[mono_ns=7230848641200920][T0xf06fb76faca0][WARN] copy_aicore_buffer: [chip_swimlane_collector.cpp:689] Core 24: skipped 1022 AICore record slot(s) with start_time=0 (race-window write or recycled-buffer tail). buf seq=0 count=1024
[mono_ns=7230848641213940][T0xf06fb66daca0][WARN] copy_aicore_buffer: [chip_swimlane_collector.cpp:689] Core 28: skipped 1024 AICore record slot(s) with start_time=0 (race-window write or recycled-buffer tail). buf seq=0 count=1024
[mono_ns=7230848641227220][T0xf06fb6eeaca0][WARN] copy_aicore_buffer: [chip_swimlane_collector.cpp:689] Core 26: skipped 1023 AICore record slot(s) with start_time=0 (race-window write or recycled-buffer tail). buf seq=0 count=1024
[mono_ns=7230848641521690][T0xf06fb76faca0][WARN] copy_aicore_buffer: [chip_swimlane_collector.cpp:689] Core 25: skipped 1024 AICore record slot(s) with start_time=0 (race-window write or recycled-buffer tail). buf seq=0 count=1024
[mono_ns=7230848641540990][T0xf06fb66daca0][WARN] copy_aicore_buffer: [chip_swimlane_collector.cpp:689] Core 29: skipped 1024 AICore record slot(s) with start_time=0 (race-window write or recycled-buffer tail). buf seq=0 count=1024
[mono_ns=7230848641591920][T0xf06fb6eeaca0][WARN] copy_aicore_buffer: [chip_swimlane_collector.cpp:689] Core 27: skipped 1024 AICore record slot(s) with start_time=0 (race-window write or recycled-buffer tail). buf seq=0 count=1024
[mono_ns=7230848641838950][T0xf06fb76faca0][WARN] copy_aicore_buffer: [chip_swimlane_collector.cpp:689] Core 3: skipped 1024 AICore record slot(s) with start_time=0 (race-window write or recycled-buffer tail). buf seq=0 count=1024
[mono_ns=7230848641871580][T0xf06fb66daca0][WARN] copy_aicore_buffer: [chip_swimlane_collector.cpp:689] Core 5: skipped 1024 AICore record slot(s) with start_time=0 (race-window write or recycled-buffer tail). buf seq=0 count=1024
[mono_ns=7230848641921070][T0xf06fb6eeaca0][WARN] copy_aicore_buffer: [chip_swimlane_collector.cpp:689] Core 4: skipped 1024 AICore record slot(s) with start_time=0 (race-window write or recycled-buffer tail). buf seq=0 count=1024
[mono_ns=7230848642168410][T0xf06fb76faca0][WARN] copy_aicore_buffer: [chip_swimlane_collector.cpp:689] Core 30: skipped 1024 AICore record slot(s) with start_time=0 (race-window write or recycled-buffer tail). buf seq=0 count=1024
[mono_ns=7230848642212420][T0xf06fb66daca0][WARN] copy_aicore_buffer: [chip_swimlane_collector.cpp:689] Core 34: skipped 1024 AICore record slot(s) with start_time=0 (race-window write or recycled-buffer tail). buf seq=0 count=1024
[mono_ns=7230848642260170][T0xf06fb6eeaca0][WARN] copy_aicore_buffer: [chip_swimlane_collector.cpp:689] Core 32: skipped 1024 AICore record slot(s) with start_time=0 (race-window write or recycled-buffer tail). buf seq=0 count=1024
[mono_ns=7230848642485070][T0xf06fb76faca0][WARN] copy_aicore_buffer: [chip_swimlane_collector.cpp:689] Core 31: skipped 1024 AICore record slot(s) with start_time=0 (race-window write or recycled-buffer tail). buf seq=0 count=1024
[mono_ns=7230848642557940][T0xf06fb66daca0][WARN] copy_aicore_buffer: [chip_swimlane_collector.cpp:689] Core 35: skipped 1024 AICore record slot(s) with start_time=0 (race-window write or recycled-buffer tail). buf seq=0 count=1024
[mono_ns=7230848642590360][T0xf06fb6eeaca0][WARN] copy_aicore_buffer: [chip_swimlane_collector.cpp:689] Core 33: skipped 1024 AICore record slot(s) with start_time=0 (race-window write or recycled-buffer tail). buf seq=0 count=1024
[mono_ns=7230848642804380][T0xf06fb76faca0][WARN] copy_aicore_buffer: [chip_swimlane_collector.cpp:689] Core 6: skipped 1024 AICore record slot(s) with start_time=0 (race-window write or recycled-buffer tail). buf seq=0 count=1024
[mono_ns=7230848642886830][T0xf06fb66daca0][WARN] copy_aicore_buffer: [chip_swimlane_collector.cpp:689] Core 8: skipped 1024 AICore record slot(s) with start_time=0 (race-window write or recycled-buffer tail). buf seq=0 count=1024
[mono_ns=7230848642918600][T0xf06fb6eeaca0][WARN] copy_aicore_buffer: [chip_swimlane_collector.cpp:689] Core 7: skipped 1024 AICore record slot(s) with start_time=0 (race-window write or recycled-buffer tail). buf seq=0 count=1024
[mono_ns=7230848643132601][T0xf06fb76faca0][WARN] copy_aicore_buffer: [chip_swimlane_collector.cpp:689] Core 36: skipped 1024 AICore record slot(s) with start_time=0 (race-window write or recycled-buffer tail). buf seq=0 count=1024
[mono_ns=7230848643227351][T0xf06fb66daca0][WARN] copy_aicore_buffer: [chip_swimlane_collector.cpp:689] Core 40: skipped 1024 AICore record slot(s) with start_time=0 (race-window write or recycled-buffer tail). buf seq=0 count=1024
[mono_ns=7230848643279751][T0xf06fb6eeaca0][WARN] copy_aicore_buffer: [chip_swimlane_collector.cpp:689] Core 38: skipped 1024 AICore record slot(s) with start_time=0 (race-window write or recycled-buffer tail). buf seq=0 count=1024
[mono_ns=7230848643450521][T0xf06fb76faca0][WARN] copy_aicore_buffer: [chip_swimlane_collector.cpp:689] Core 37: skipped 1024 AICore record slot(s) with start_time=0 (race-window write or recycled-buffer tail). buf seq=0 count=1024
[mono_ns=7230848643556511][T0xf06fb66daca0][WARN] copy_aicore_buffer: [chip_swimlane_collector.cpp:689] Core 41: skipped 1024 AICore record slot(s) with start_time=0 (race-window write or recycled-buffer tail). buf seq=0 count=1024
[mono_ns=7230848643607081][T0xf06fb6eeaca0][WARN] copy_aicore_buffer: [chip_swimlane_collector.cpp:689] Core 39: skipped 1024 AICore record slot(s) with start_time=0 (race-window write or recycled-buffer tail). buf seq=0 count=1024
[mono_ns=7230848643773761][T0xf06fb76faca0][WARN] copy_aicore_buffer: [chip_swimlane_collector.cpp:689] Core 9: skipped 1024 AICore record slot(s) with start_time=0 (race-window write or recycled-buffer tail). buf seq=0 count=1024
[mono_ns=7230848643888701][T0xf06fb66daca0][WARN] copy_aicore_buffer: [chip_swimlane_collector.cpp:689] Core 11: skipped 1024 AICore record slot(s) with start_time=0 (race-window write or recycled-buffer tail). buf seq=0 count=1024
[mono_ns=7230848643938971][T0xf06fb6eeaca0][WARN] copy_aicore_buffer: [chip_swimlane_collector.cpp:689] Core 10: skipped 1024 AICore record slot(s) with start_time=0 (race-window write or recycled-buffer tail). buf seq=0 count=1024
[mono_ns=7230848644100321][T0xf06fb76faca0][WARN] copy_aicore_buffer: [chip_swimlane_collector.cpp:689] Core 42: skipped 1024 AICore record slot(s) with start_time=0 (race-window write or recycled-buffer tail). buf seq=0 count=1024
[mono_ns=7230848644255831][T0xf06fb66daca0][WARN] copy_aicore_buffer: [chip_swimlane_collector.cpp:689] Core 46: skipped 1024 AICore record slot(s) with start_time=0 (race-window write or recycled-buffer tail). buf seq=0 count=1024
[mono_ns=7230848644276131][T0xf06fb6eeaca0][WARN] copy_aicore_buffer: [chip_swimlane_collector.cpp:689] Core 44: skipped 1024 AICore record slot(s) with start_time=0 (race-window write or recycled-buffer tail). buf seq=0 count=1024
[mono_ns=7230848644418941][T0xf06fb76faca0][WARN] copy_aicore_buffer: [chip_swimlane_collector.cpp:689] Core 43: skipped 1024 AICore record slot(s) with start_time=0 (race-window write or recycled-buffer tail). buf seq=0 count=1024
[mono_ns=7230848644588231][T0xf06fb66daca0][WARN] copy_aicore_buffer: [chip_swimlane_collector.cpp:689] Core 47: skipped 1024 AICore record slot(s) with start_time=0 (race-window write or recycled-buffer tail). buf seq=0 count=1024
[mono_ns=7230848644599631][T0xf06fb6eeaca0][WARN] copy_aicore_buffer: [chip_swimlane_collector.cpp:689] Core 45: skipped 1024 AICore record slot(s) with start_time=0 (race-window write or recycled-buffer tail). buf seq=0 count=1024
[mono_ns=7230848644736361][T0xf06fb76faca0][WARN] copy_aicore_buffer: [chip_swimlane_collector.cpp:689] Core 12: skipped 1024 AICore record slot(s) with start_time=0 (race-window write or recycled-buffer tail). buf seq=0 count=1024
[mono_ns=7230848644918211][T0xf06fb66daca0][WARN] copy_aicore_buffer: [chip_swimlane_collector.cpp:689] Core 14: skipped 1024 AICore record slot(s) with start_time=0 (race-window write or recycled-buffer tail). buf seq=0 count=1024
[mono_ns=7230848644923651][T0xf06fb6eeaca0][WARN] copy_aicore_buffer: [chip_swimlane_collector.cpp:689] Core 13: skipped 1024 AICore record slot(s) with start_time=0 (race-window write or recycled-buffer tail). buf seq=0 count=1024
[mono_ns=7230848645078181][T0xf06fb76faca0][WARN] copy_aicore_buffer: [chip_swimlane_collector.cpp:689] Core 48: skipped 1024 AICore record slot(s) with start_time=0 (race-window write or recycled-buffer tail). buf seq=0 count=1024
[mono_ns=7230848645252662][T0xf06fb66daca0][WARN] copy_aicore_buffer: [chip_swimlane_collector.cpp:689] Core 52: skipped 1024 AICore record slot(s) with start_time=0 (race-window write or recycled-buffer tail). buf seq=0 count=1024
[mono_ns=7230848645252162][T0xf06fb6eeaca0][WARN] copy_aicore_buffer: [chip_swimlane_collector.cpp:689] Core 50: skipped 1024 AICore record slot(s) with start_time=0 (race-window write or recycled-buffer tail). buf seq=0 count=1024
[mono_ns=7230848645395782][T0xf06fb76faca0][WARN] copy_aicore_buffer: [chip_swimlane_collector.cpp:689] Core 49: skipped 1024 AICore record slot(s) with start_time=0 (race-window write or recycled-buffer tail). buf seq=0 count=1024
[mono_ns=7230848645579342][T0xf06fb6eeaca0][WARN] copy_aicore_buffer: [chip_swimlane_collector.cpp:689] Core 51: skipped 1024 AICore record slot(s) with start_time=0 (race-window write or recycled-buffer tail). buf seq=0 count=1024
[mono_ns=7230848645581962][T0xf06fb66daca0][WARN] copy_aicore_buffer: [chip_swimlane_collector.cpp:689] Core 53: skipped 1024 AICore record slot(s) with start_time=0 (race-window write or recycled-buffer tail). buf seq=0 count=1024
[mono_ns=7230848645712812][T0xf06fb76faca0][WARN] copy_aicore_buffer: [chip_swimlane_collector.cpp:689] Core 15: skipped 1024 AICore record slot(s) with start_time=0 (race-window write or recycled-buffer tail). buf seq=0 count=1024
[mono_ns=7230848645909632][T0xf06fb6eeaca0][WARN] copy_aicore_buffer: [chip_swimlane_collector.cpp:689] Core 16: skipped 1024 AICore record slot(s) with start_time=0 (race-window write or recycled-buffer tail). buf seq=0 count=1024
[mono_ns=7230848645937192][T0xf06fb66daca0][WARN] copy_aicore_buffer: [chip_swimlane_collector.cpp:689] Core 17: skipped 1024 AICore record slot(s) with start_time=0 (race-window write or recycled-buffer tail). buf seq=0 count=1024
[mono_ns=7230848646043162][T0xf06fb76faca0][WARN] copy_aicore_buffer: [chip_swimlane_collector.cpp:689] Core 54: skipped 1024 AICore record slot(s) with start_time=0 (race-window write or recycled-buffer tail). buf seq=0 count=1024
[mono_ns=7230848646250732][T0xf06fb6eeaca0][WARN] copy_aicore_buffer: [chip_swimlane_collector.cpp:689] Core 56: skipped 1024 AICore record slot(s) with start_time=0 (race-window write or recycled-buffer tail). buf seq=0 count=1024
[mono_ns=7230848646279682][T0xf06fb66daca0][WARN] copy_aicore_buffer: [chip_swimlane_collector.cpp:689] Core 58: skipped 1024 AICore record slot(s) with start_time=0 (race-window write or recycled-buffer tail). buf seq=0 count=1024
[mono_ns=7230848646360292][T0xf06fb76faca0][WARN] copy_aicore_buffer: [chip_swimlane_collector.cpp:689] Core 55: skipped 1024 AICore record slot(s) with start_time=0 (race-window write or recycled-buffer tail). buf seq=0 count=1024
[mono_ns=7230848646579062][T0xf06fb6eeaca0][WARN] copy_aicore_buffer: [chip_swimlane_collector.cpp:689] Core 57: skipped 1024 AICore record slot(s) with start_time=0 (race-window write or recycled-buffer tail). buf seq=0 count=1024
[mono_ns=7230848646609562][T0xf06fb66daca0][WARN] copy_aicore_buffer: [chip_swimlane_collector.cpp:689] Core 59: skipped 1024 AICore record slot(s) with start_time=0 (race-window write or recycled-buffer tail). buf seq=0 count=1024
[mono_ns=7230848646705422][T0xf06fb76faca0][WARN] copy_aicore_buffer: [chip_swimlane_collector.cpp:689] Core 18: skipped 1024 AICore record slot(s) with start_time=0 (race-window write or recycled-buffer tail). buf seq=0 count=1024
[mono_ns=7230848646908712][T0xf06fb6eeaca0][WARN] copy_aicore_buffer: [chip_swimlane_collector.cpp:689] Core 19: skipped 1024 AICore record slot(s) with start_time=0 (race-window write or recycled-buffer tail). buf seq=0 count=1024
[mono_ns=7230848646938902][T0xf06fb66daca0][WARN] copy_aicore_buffer: [chip_swimlane_collector.cpp:689] Core 20: skipped 1024 AICore record slot(s) with start_time=0 (race-window write or recycled-buffer tail). buf seq=0 count=1024
[mono_ns=7230848647032222][T0xf06fb76faca0][WARN] copy_aicore_buffer: [chip_swimlane_collector.cpp:689] Core 60: skipped 1024 AICore record slot(s) with start_time=0 (race-window write or recycled-buffer tail). buf seq=0 count=1024
[mono_ns=7230848647250513][T0xf06fb6eeaca0][WARN] copy_aicore_buffer: [chip_swimlane_collector.cpp:689] Core 62: skipped 1024 AICore record slot(s) with start_time=0 (race-window write or recycled-buffer tail). buf seq=0 count=1024
[mono_ns=7230848647278703][T0xf06fb66daca0][WARN] copy_aicore_buffer: [chip_swimlane_collector.cpp:689] Core 64: skipped 1024 AICore record slot(s) with start_time=0 (race-window write or recycled-buffer tail). buf seq=0 count=1024
[mono_ns=7230848647349503][T0xf06fb76faca0][WARN] copy_aicore_buffer: [chip_swimlane_collector.cpp:689] Core 61: skipped 1024 AICore record slot(s) with start_time=0 (race-window write or recycled-buffer tail). buf seq=0 count=1024
[mono_ns=7230848647578293][T0xf06fb6eeaca0][WARN] copy_aicore_buffer: [chip_swimlane_collector.cpp:689] Core 63: skipped 1024 AICore record slot(s) with start_time=0 (race-window write or recycled-buffer tail). buf seq=0 count=1024
[mono_ns=7230848647629223][T0xf06fb66daca0][WARN] copy_aicore_buffer: [chip_swimlane_collector.cpp:689] Core 65: skipped 1024 AICore record slot(s) with start_time=0 (race-window write or recycled-buffer tail). buf seq=0 count=1024
[mono_ns=7230848647666343][T0xf06fb76faca0][WARN] copy_aicore_buffer: [chip_swimlane_collector.cpp:689] Core 21: skipped 1024 AICore record slot(s) with start_time=0 (race-window write or recycled-buffer tail). buf seq=0 count=1024
[mono_ns=7230848647906243][T0xf06fb6eeaca0][WARN] copy_aicore_buffer: [chip_swimlane_collector.cpp:689] Core 22: skipped 1024 AICore record slot(s) with start_time=0 (race-window write or recycled-buffer tail). buf seq=0 count=1024
[mono_ns=7230848647960363][T0xf06fb66daca0][WARN] copy_aicore_buffer: [chip_swimlane_collector.cpp:689] Core 23: skipped 1024 AICore record slot(s) with start_time=0 (race-window write or recycled-buffer tail). buf seq=0 count=1024
[mono_ns=7230848647983063][T0xf06fb76faca0][WARN] copy_aicore_buffer: [chip_swimlane_collector.cpp:689] Core 66: skipped 1024 AICore record slot(s) with start_time=0 (race-window write or recycled-buffer tail). buf seq=0 count=1024
[mono_ns=7230848648246193][T0xf06fb6eeaca0][WARN] copy_aicore_buffer: [chip_swimlane_collector.cpp:689] Core 68: skipped 1024 AICore record slot(s) with start_time=0 (race-window write or recycled-buffer tail). buf seq=0 count=1024
[mono_ns=7230848648303163][T0xf06fb66daca0][WARN] copy_aicore_buffer: [chip_swimlane_collector.cpp:689] Core 70: skipped 1024 AICore record slot(s) with start_time=0 (race-window write or recycled-buffer tail). buf seq=0 count=1024
[mono_ns=7230848648306503][T0xf06fb76faca0][WARN] copy_aicore_buffer: [chip_swimlane_collector.cpp:689] Core 67: skipped 1024 AICore record slot(s) with start_time=0 (race-window write or recycled-buffer tail). buf seq=0 count=1024
[mono_ns=7230848648587053][T0xf06fb6eeaca0][WARN] copy_aicore_buffer: [chip_swimlane_collector.cpp:689] Core 69: skipped 1024 AICore record slot(s) with start_time=0 (race-window write or recycled-buffer tail). buf seq=0 count=1024
[mono_ns=7230848648633103][T0xf06fb66daca0][WARN] copy_aicore_buffer: [chip_swimlane_collector.cpp:689] Core 71: skipped 1024 AICore record slot(s) with start_time=0 (race-window write or recycled-buffer tail). buf seq=0 count=1024
[mono_ns=7230848749329931][T0xf0711308b020][TIMING] emit_host_span: [STRACE] v=1 pid=441828 tid=441828 inv=8 hid=607e9e6ed0fbbc85 depth=1 name=chip.run.runner_run ts=7230848639348509 dur=109975112 
[mono_ns=7230848749423481][T0xf0711308b020][TIMING] emit_host_span: [STRACE] v=1 pid=441828 tid=441828 inv=8 hid=607e9e6ed0fbbc85 depth=1 name=chip.run.validate ts=7230848749338321 dur=81600 
[mono_ns=7230848749431741][T0xf0711308b020][TIMING] emit_host_span: [STRACE] v=1 pid=441828 tid=441828 inv=8 hid=607e9e6ed0fbbc85 depth=2 name=chip.run.runner_run.device_wall ts=0 dur=1002380 clk=dev
[mono_ns=7230848749436241][T0xf0711308b020][TIMING] emit_host_span: [STRACE] v=1 pid=441828 tid=441828 inv=8 hid=607e9e6ed0fbbc85 depth=3 name=chip.run.runner_run.device_wall.preamble ts=0 dur=110560 clk=dev
[mono_ns=7230848749464181][T0xf0711308b020][TIMING] emit_host_span: [STRACE] v=1 pid=441828 tid=441828 inv=8 hid=607e9e6ed0fbbc85 depth=3 name=chip.run.runner_run.device_wall.graph_build ts=105860 dur=885900 clk=dev
[mono_ns=7230848749468271][T0xf0711308b020][TIMING] emit_host_span: [STRACE] v=1 pid=441828 tid=441828 inv=8 hid=607e9e6ed0fbbc85 depth=3 name=chip.run.runner_run.device_wall.config_validate ts=105960 dur=780 clk=dev
[mono_ns=7230848749471511][T0xf0711308b020][TIMING] emit_host_span: [STRACE] v=1 pid=441828 tid=441828 inv=8 hid=607e9e6ed0fbbc85 depth=3 name=chip.run.runner_run.device_wall.arena_wire ts=106780 dur=260 clk=dev
[mono_ns=7230848749474641][T0xf0711308b020][TIMING] emit_host_span: [STRACE] v=1 pid=441828 tid=441828 inv=8 hid=607e9e6ed0fbbc85 depth=3 name=chip.run.runner_run.device_wall.sm_reset ts=107059 dur=560 clk=dev
[mono_ns=7230848749477941][T0xf0711308b020][TIMING] emit_host_span: [STRACE] v=1 pid=441828 tid=441828 inv=8 hid=607e9e6ed0fbbc85 depth=3 name=chip.run.runner_run.device_wall.post_orch ts=991880 dur=10260 clk=dev
[mono_ns=7230848749481351][T0xf0711308b020][TIMING] emit_host_span: [STRACE] v=1 pid=441828 tid=441828 inv=8 hid=607e9e6ed0fbbc85 depth=3 name=chip.run.runner_run.device_wall.orch ts=107700 dur=3660 clk=dev
[mono_ns=7230848749484161][T0xf0711308b020][TIMING] emit_host_span: [STRACE] v=1 pid=441828 tid=441828 inv=8 hid=607e9e6ed0fbbc85 depth=3 name=chip.run.runner_run.device_wall.sched ts=110660 dur=857339 clk=dev
[mono_ns=7230848749488841][T0xf0711308b020][TIMING] emit_host_span: [STRACE] v=1 pid=441828 tid=441828 inv=8 hid=607e9e6ed0fbbc85 depth=1 name=chip.run.claim_release ts=7230848749486791 dur=300 
[mono_ns=7230848749495991][T0xf0711308b020][TIMING] emit_host_span: [STRACE] v=1 pid=441828 tid=441828 inv=8 hid=607e9e6ed0fbbc85 depth=0 name=chip.run ts=7230848638753278 dur=110740693 run_id=8 dispatch_id=8 slot_id=0 generation=8 run_epoch=8
