[mono_ns=7230644757352704][T0xe1261eb7b020][TIMING] emit_host_span: [STRACE] v=1 pid=360757 tid=360757 inv=1 hid=e01e36b4c86937b0 depth=2 name=chip.run.bind.args ts=7230644757211895 dur=133549 
[mono_ns=7230644757369594][T0xe1261eb7b020][TIMING] emit_host_span: [STRACE] v=1 pid=360757 tid=360757 inv=1 hid=e01e36b4c86937b0 depth=2 name=chip.run.bind.prebuilt ts=7230644757363814 dur=3190 
[mono_ns=7230644757374464][T0xe1261eb7b020][TIMING] emit_host_span: [STRACE] v=1 pid=360757 tid=360757 inv=1 hid=e01e36b4c86937b0 depth=1 name=chip.run.bind ts=7230644756771415 dur=601039 
[mono_ns=7230644873575383][T0xe1261eb7b020][TIMING] emit_host_span: [STRACE] v=1 pid=360757 tid=360757 inv=1 hid=e01e36b4c86937b0 depth=1 name=chip.run.runner_run ts=7230644758060503 dur=115505770 
[mono_ns=7230644873707373][T0xe1261eb7b020][TIMING] emit_host_span: [STRACE] v=1 pid=360757 tid=360757 inv=1 hid=e01e36b4c86937b0 depth=1 name=chip.run.validate ts=7230644873589803 dur=113250 
[mono_ns=7230644873717713][T0xe1261eb7b020][TIMING] emit_host_span: [STRACE] v=1 pid=360757 tid=360757 inv=1 hid=e01e36b4c86937b0 depth=2 name=chip.run.runner_run.device_wall ts=0 dur=1083659 clk=dev
[mono_ns=7230644873722283][T0xe1261eb7b020][TIMING] emit_host_span: [STRACE] v=1 pid=360757 tid=360757 inv=1 hid=e01e36b4c86937b0 depth=3 name=chip.run.runner_run.device_wall.preamble ts=0 dur=164740 clk=dev
[mono_ns=7230644873726183][T0xe1261eb7b020][TIMING] emit_host_span: [STRACE] v=1 pid=360757 tid=360757 inv=1 hid=e01e36b4c86937b0 depth=3 name=chip.run.runner_run.device_wall.graph_build ts=40220 dur=1025180 clk=dev
[mono_ns=7230644873729873][T0xe1261eb7b020][TIMING] emit_host_span: [STRACE] v=1 pid=360757 tid=360757 inv=1 hid=e01e36b4c86937b0 depth=3 name=chip.run.runner_run.device_wall.config_validate ts=44080 dur=3340 clk=dev
[mono_ns=7230644873733393][T0xe1261eb7b020][TIMING] emit_host_span: [STRACE] v=1 pid=360757 tid=360757 inv=1 hid=e01e36b4c86937b0 depth=3 name=chip.run.runner_run.device_wall.arena_wire ts=47440 dur=11719 clk=dev
[mono_ns=7230644873736723][T0xe1261eb7b020][TIMING] emit_host_span: [STRACE] v=1 pid=360757 tid=360757 inv=1 hid=e01e36b4c86937b0 depth=3 name=chip.run.runner_run.device_wall.sm_reset ts=59360 dur=17560 clk=dev
[mono_ns=7230644873740753][T0xe1261eb7b020][TIMING] emit_host_span: [STRACE] v=1 pid=360757 tid=360757 inv=1 hid=e01e36b4c86937b0 depth=3 name=chip.run.runner_run.device_wall.post_orch ts=1065460 dur=14379 clk=dev
[mono_ns=7230644873744013][T0xe1261eb7b020][TIMING] emit_host_span: [STRACE] v=1 pid=360757 tid=360757 inv=1 hid=e01e36b4c86937b0 depth=3 name=chip.run.runner_run.device_wall.orch ts=82160 dur=41540 clk=dev
[mono_ns=7230644873747263][T0xe1261eb7b020][TIMING] emit_host_span: [STRACE] v=1 pid=360757 tid=360757 inv=1 hid=e01e36b4c86937b0 depth=3 name=chip.run.runner_run.device_wall.sched ts=166420 dur=876860 clk=dev
[mono_ns=7230644873752163][T0xe1261eb7b020][TIMING] emit_host_span: [STRACE] v=1 pid=360757 tid=360757 inv=1 hid=e01e36b4c86937b0 depth=1 name=chip.run.claim_release ts=7230644873749993 dur=430 
[mono_ns=7230644873757473][T0xe1261eb7b020][TIMING] emit_host_span: [STRACE] v=1 pid=360757 tid=360757 inv=1 hid=e01e36b4c86937b0 depth=0 name=chip.run ts=7230644756742015 dur=117013488 run_id=1 dispatch_id=1 slot_id=0 generation=1 run_epoch=1
[mono_ns=7230644880374433][T0xe1261eb7b020][TIMING] emit_host_span: [STRACE] v=1 pid=360757 tid=360757 inv=2 hid=e01e36b4c86937b0 depth=2 name=chip.run.bind.args ts=7230644880244184 dur=124939 
[mono_ns=7230644880391433][T0xe1261eb7b020][TIMING] emit_host_span: [STRACE] v=1 pid=360757 tid=360757 inv=2 hid=e01e36b4c86937b0 depth=2 name=chip.run.bind.prebuilt ts=7230644880385493 dur=2500 
[mono_ns=7230644880395913][T0xe1261eb7b020][TIMING] emit_host_span: [STRACE] v=1 pid=360757 tid=360757 inv=2 hid=e01e36b4c86937b0 depth=1 name=chip.run.bind ts=7230644880236364 dur=157369 
[mono_ns=7230644938619928][T0xe124c17bbca0][WARN] copy_aicore_buffer: [chip_swimlane_collector.cpp:689] Core 2: skipped 1024 AICore record slot(s) with start_time=0 (race-window write or recycled-buffer tail). buf seq=0 count=1024
[mono_ns=7230644938630058][T0xe124ccd3aca0][WARN] copy_aicore_buffer: [chip_swimlane_collector.cpp:689] Core 0: skipped 1024 AICore record slot(s) with start_time=0 (race-window write or recycled-buffer tail). buf seq=0 count=1024
[mono_ns=7230644938639298][T0xe124c1fcbca0][WARN] copy_aicore_buffer: [chip_swimlane_collector.cpp:689] Core 1: skipped 1024 AICore record slot(s) with start_time=0 (race-window write or recycled-buffer tail). buf seq=0 count=1024
[mono_ns=7230644938958617][T0xe124ccd3aca0][WARN] copy_aicore_buffer: [chip_swimlane_collector.cpp:689] Core 24: skipped 1023 AICore record slot(s) with start_time=0 (race-window write or recycled-buffer tail). buf seq=0 count=1024
[mono_ns=7230644938959027][T0xe124c17bbca0][WARN] copy_aicore_buffer: [chip_swimlane_collector.cpp:689] Core 28: skipped 1024 AICore record slot(s) with start_time=0 (race-window write or recycled-buffer tail). buf seq=0 count=1024
[mono_ns=7230644938974857][T0xe124c1fcbca0][WARN] copy_aicore_buffer: [chip_swimlane_collector.cpp:689] Core 26: skipped 1022 AICore record slot(s) with start_time=0 (race-window write or recycled-buffer tail). buf seq=0 count=1024
[mono_ns=7230644939303917][T0xe124ccd3aca0][WARN] copy_aicore_buffer: [chip_swimlane_collector.cpp:689] Core 25: skipped 1024 AICore record slot(s) with start_time=0 (race-window write or recycled-buffer tail). buf seq=0 count=1024
[mono_ns=7230644939321627][T0xe124c17bbca0][WARN] copy_aicore_buffer: [chip_swimlane_collector.cpp:689] Core 29: skipped 1024 AICore record slot(s) with start_time=0 (race-window write or recycled-buffer tail). buf seq=0 count=1024
[mono_ns=7230644939330467][T0xe124c1fcbca0][WARN] copy_aicore_buffer: [chip_swimlane_collector.cpp:689] Core 27: skipped 1024 AICore record slot(s) with start_time=0 (race-window write or recycled-buffer tail). buf seq=0 count=1024
[mono_ns=7230644939718536][T0xe124c17bbca0][WARN] copy_aicore_buffer: [chip_swimlane_collector.cpp:689] Core 5: skipped 1024 AICore record slot(s) with start_time=0 (race-window write or recycled-buffer tail). buf seq=0 count=1024
[mono_ns=7230644939747296][T0xe124ccd3aca0][WARN] copy_aicore_buffer: [chip_swimlane_collector.cpp:689] Core 3: skipped 1024 AICore record slot(s) with start_time=0 (race-window write or recycled-buffer tail). buf seq=0 count=1024
[mono_ns=7230644939751946][T0xe124c1fcbca0][WARN] copy_aicore_buffer: [chip_swimlane_collector.cpp:689] Core 4: skipped 1024 AICore record slot(s) with start_time=0 (race-window write or recycled-buffer tail). buf seq=0 count=1024
[mono_ns=7230644940082136][T0xe124c17bbca0][WARN] copy_aicore_buffer: [chip_swimlane_collector.cpp:689] Core 34: skipped 1024 AICore record slot(s) with start_time=0 (race-window write or recycled-buffer tail). buf seq=0 count=1024
[mono_ns=7230644940105296][T0xe124ccd3aca0][WARN] copy_aicore_buffer: [chip_swimlane_collector.cpp:689] Core 30: skipped 1024 AICore record slot(s) with start_time=0 (race-window write or recycled-buffer tail). buf seq=0 count=1024
[mono_ns=7230644940145736][T0xe124c1fcbca0][WARN] copy_aicore_buffer: [chip_swimlane_collector.cpp:689] Core 32: skipped 1024 AICore record slot(s) with start_time=0 (race-window write or recycled-buffer tail). buf seq=0 count=1024
[mono_ns=7230644940428775][T0xe124ccd3aca0][WARN] copy_aicore_buffer: [chip_swimlane_collector.cpp:689] Core 31: skipped 1024 AICore record slot(s) with start_time=0 (race-window write or recycled-buffer tail). buf seq=0 count=1024
[mono_ns=7230644940429985][T0xe124c17bbca0][WARN] copy_aicore_buffer: [chip_swimlane_collector.cpp:689] Core 35: skipped 1024 AICore record slot(s) with start_time=0 (race-window write or recycled-buffer tail). buf seq=0 count=1024
[mono_ns=7230644940496445][T0xe124c1fcbca0][WARN] copy_aicore_buffer: [chip_swimlane_collector.cpp:689] Core 33: skipped 1024 AICore record slot(s) with start_time=0 (race-window write or recycled-buffer tail). buf seq=0 count=1024
[mono_ns=7230644940778835][T0xe124ccd3aca0][WARN] copy_aicore_buffer: [chip_swimlane_collector.cpp:689] Core 6: skipped 1024 AICore record slot(s) with start_time=0 (race-window write or recycled-buffer tail). buf seq=0 count=1024
[mono_ns=7230644940781365][T0xe124c17bbca0][WARN] copy_aicore_buffer: [chip_swimlane_collector.cpp:689] Core 8: skipped 1024 AICore record slot(s) with start_time=0 (race-window write or recycled-buffer tail). buf seq=0 count=1024
[mono_ns=7230644940845115][T0xe124c1fcbca0][WARN] copy_aicore_buffer: [chip_swimlane_collector.cpp:689] Core 7: skipped 1024 AICore record slot(s) with start_time=0 (race-window write or recycled-buffer tail). buf seq=0 count=1024
[mono_ns=7230644941131574][T0xe124ccd3aca0][WARN] copy_aicore_buffer: [chip_swimlane_collector.cpp:689] Core 36: skipped 1024 AICore record slot(s) with start_time=0 (race-window write or recycled-buffer tail). buf seq=0 count=1024
[mono_ns=7230644941134654][T0xe124c17bbca0][WARN] copy_aicore_buffer: [chip_swimlane_collector.cpp:689] Core 40: skipped 1024 AICore record slot(s) with start_time=0 (race-window write or recycled-buffer tail). buf seq=0 count=1024
[mono_ns=7230644941205344][T0xe124c1fcbca0][WARN] copy_aicore_buffer: [chip_swimlane_collector.cpp:689] Core 38: skipped 1024 AICore record slot(s) with start_time=0 (race-window write or recycled-buffer tail). buf seq=0 count=1024
[mono_ns=7230644941478494][T0xe124c17bbca0][WARN] copy_aicore_buffer: [chip_swimlane_collector.cpp:689] Core 41: skipped 1024 AICore record slot(s) with start_time=0 (race-window write or recycled-buffer tail). buf seq=0 count=1024
[mono_ns=7230644941488874][T0xe124ccd3aca0][WARN] copy_aicore_buffer: [chip_swimlane_collector.cpp:689] Core 37: skipped 1024 AICore record slot(s) with start_time=0 (race-window write or recycled-buffer tail). buf seq=0 count=1024
[mono_ns=7230644941549484][T0xe124c1fcbca0][WARN] copy_aicore_buffer: [chip_swimlane_collector.cpp:689] Core 39: skipped 1024 AICore record slot(s) with start_time=0 (race-window write or recycled-buffer tail). buf seq=0 count=1024
[mono_ns=7230644941819663][T0xe124c17bbca0][WARN] copy_aicore_buffer: [chip_swimlane_collector.cpp:689] Core 11: skipped 1024 AICore record slot(s) with start_time=0 (race-window write or recycled-buffer tail). buf seq=0 count=1024
[mono_ns=7230644941829893][T0xe124ccd3aca0][WARN] copy_aicore_buffer: [chip_swimlane_collector.cpp:689] Core 9: skipped 1024 AICore record slot(s) with start_time=0 (race-window write or recycled-buffer tail). buf seq=0 count=1024
[mono_ns=7230644941885233][T0xe124c1fcbca0][WARN] copy_aicore_buffer: [chip_swimlane_collector.cpp:689] Core 10: skipped 1024 AICore record slot(s) with start_time=0 (race-window write or recycled-buffer tail). buf seq=0 count=1024
[mono_ns=7230644942168793][T0xe124c17bbca0][WARN] copy_aicore_buffer: [chip_swimlane_collector.cpp:689] Core 46: skipped 1024 AICore record slot(s) with start_time=0 (race-window write or recycled-buffer tail). buf seq=0 count=1024
[mono_ns=7230644942174123][T0xe124ccd3aca0][WARN] copy_aicore_buffer: [chip_swimlane_collector.cpp:689] Core 42: skipped 1024 AICore record slot(s) with start_time=0 (race-window write or recycled-buffer tail). buf seq=0 count=1024
[mono_ns=7230644942235593][T0xe124c1fcbca0][WARN] copy_aicore_buffer: [chip_swimlane_collector.cpp:689] Core 44: skipped 1024 AICore record slot(s) with start_time=0 (race-window write or recycled-buffer tail). buf seq=0 count=1024
[mono_ns=7230644942506842][T0xe124c17bbca0][WARN] copy_aicore_buffer: [chip_swimlane_collector.cpp:689] Core 47: skipped 1024 AICore record slot(s) with start_time=0 (race-window write or recycled-buffer tail). buf seq=0 count=1024
[mono_ns=7230644942512972][T0xe124ccd3aca0][WARN] copy_aicore_buffer: [chip_swimlane_collector.cpp:689] Core 43: skipped 1024 AICore record slot(s) with start_time=0 (race-window write or recycled-buffer tail). buf seq=0 count=1024
[mono_ns=7230644942578442][T0xe124c1fcbca0][WARN] copy_aicore_buffer: [chip_swimlane_collector.cpp:689] Core 45: skipped 1024 AICore record slot(s) with start_time=0 (race-window write or recycled-buffer tail). buf seq=0 count=1024
[mono_ns=7230644942843832][T0xe124c17bbca0][WARN] copy_aicore_buffer: [chip_swimlane_collector.cpp:689] Core 14: skipped 1024 AICore record slot(s) with start_time=0 (race-window write or recycled-buffer tail). buf seq=0 count=1024
[mono_ns=7230644942846702][T0xe124ccd3aca0][WARN] copy_aicore_buffer: [chip_swimlane_collector.cpp:689] Core 12: skipped 1024 AICore record slot(s) with start_time=0 (race-window write or recycled-buffer tail). buf seq=0 count=1024
[mono_ns=7230644942917862][T0xe124c1fcbca0][WARN] copy_aicore_buffer: [chip_swimlane_collector.cpp:689] Core 13: skipped 1024 AICore record slot(s) with start_time=0 (race-window write or recycled-buffer tail). buf seq=0 count=1024
[mono_ns=7230644943195681][T0xe124c17bbca0][WARN] copy_aicore_buffer: [chip_swimlane_collector.cpp:689] Core 52: skipped 1024 AICore record slot(s) with start_time=0 (race-window write or recycled-buffer tail). buf seq=0 count=1024
[mono_ns=7230644943205201][T0xe124ccd3aca0][WARN] copy_aicore_buffer: [chip_swimlane_collector.cpp:689] Core 48: skipped 1024 AICore record slot(s) with start_time=0 (race-window write or recycled-buffer tail). buf seq=0 count=1024
[mono_ns=7230644943347541][T0xe124c1fcbca0][WARN] copy_aicore_buffer: [chip_swimlane_collector.cpp:689] Core 50: skipped 1024 AICore record slot(s) with start_time=0 (race-window write or recycled-buffer tail). buf seq=0 count=1024
[mono_ns=7230644943539981][T0xe124c17bbca0][WARN] copy_aicore_buffer: [chip_swimlane_collector.cpp:689] Core 53: skipped 1024 AICore record slot(s) with start_time=0 (race-window write or recycled-buffer tail). buf seq=0 count=1024
[mono_ns=7230644943544971][T0xe124ccd3aca0][WARN] copy_aicore_buffer: [chip_swimlane_collector.cpp:689] Core 49: skipped 1024 AICore record slot(s) with start_time=0 (race-window write or recycled-buffer tail). buf seq=0 count=1024
[mono_ns=7230644943695940][T0xe124c1fcbca0][WARN] copy_aicore_buffer: [chip_swimlane_collector.cpp:689] Core 51: skipped 1024 AICore record slot(s) with start_time=0 (race-window write or recycled-buffer tail). buf seq=0 count=1024
[mono_ns=7230644943883130][T0xe124c17bbca0][WARN] copy_aicore_buffer: [chip_swimlane_collector.cpp:689] Core 17: skipped 1024 AICore record slot(s) with start_time=0 (race-window write or recycled-buffer tail). buf seq=0 count=1024
[mono_ns=7230644943893780][T0xe124ccd3aca0][WARN] copy_aicore_buffer: [chip_swimlane_collector.cpp:689] Core 15: skipped 1024 AICore record slot(s) with start_time=0 (race-window write or recycled-buffer tail). buf seq=0 count=1024
[mono_ns=7230644944059280][T0xe124c1fcbca0][WARN] copy_aicore_buffer: [chip_swimlane_collector.cpp:689] Core 16: skipped 1024 AICore record slot(s) with start_time=0 (race-window write or recycled-buffer tail). buf seq=0 count=1024
[mono_ns=7230644944240610][T0xe124c17bbca0][WARN] copy_aicore_buffer: [chip_swimlane_collector.cpp:689] Core 58: skipped 1024 AICore record slot(s) with start_time=0 (race-window write or recycled-buffer tail). buf seq=0 count=1024
[mono_ns=7230644944249330][T0xe124ccd3aca0][WARN] copy_aicore_buffer: [chip_swimlane_collector.cpp:689] Core 54: skipped 1024 AICore record slot(s) with start_time=0 (race-window write or recycled-buffer tail). buf seq=0 count=1024
[mono_ns=7230644944399289][T0xe124c1fcbca0][WARN] copy_aicore_buffer: [chip_swimlane_collector.cpp:689] Core 56: skipped 1024 AICore record slot(s) with start_time=0 (race-window write or recycled-buffer tail). buf seq=0 count=1024
[mono_ns=7230644944589259][T0xe124c17bbca0][WARN] copy_aicore_buffer: [chip_swimlane_collector.cpp:689] Core 59: skipped 1024 AICore record slot(s) with start_time=0 (race-window write or recycled-buffer tail). buf seq=0 count=1024
[mono_ns=7230644944597669][T0xe124ccd3aca0][WARN] copy_aicore_buffer: [chip_swimlane_collector.cpp:689] Core 55: skipped 1024 AICore record slot(s) with start_time=0 (race-window write or recycled-buffer tail). buf seq=0 count=1024
[mono_ns=7230644944738029][T0xe124c1fcbca0][WARN] copy_aicore_buffer: [chip_swimlane_collector.cpp:689] Core 57: skipped 1024 AICore record slot(s) with start_time=0 (race-window write or recycled-buffer tail). buf seq=0 count=1024
[mono_ns=7230644944941389][T0xe124c17bbca0][WARN] copy_aicore_buffer: [chip_swimlane_collector.cpp:689] Core 20: skipped 1024 AICore record slot(s) with start_time=0 (race-window write or recycled-buffer tail). buf seq=0 count=1024
[mono_ns=7230644944943919][T0xe124ccd3aca0][WARN] copy_aicore_buffer: [chip_swimlane_collector.cpp:689] Core 18: skipped 1024 AICore record slot(s) with start_time=0 (race-window write or recycled-buffer tail). buf seq=0 count=1024
[mono_ns=7230644945082108][T0xe124c1fcbca0][WARN] copy_aicore_buffer: [chip_swimlane_collector.cpp:689] Core 19: skipped 1024 AICore record slot(s) with start_time=0 (race-window write or recycled-buffer tail). buf seq=0 count=1024
[mono_ns=7230644945293698][T0xe124c17bbca0][WARN] copy_aicore_buffer: [chip_swimlane_collector.cpp:689] Core 64: skipped 1024 AICore record slot(s) with start_time=0 (race-window write or recycled-buffer tail). buf seq=0 count=1024
[mono_ns=7230644945305148][T0xe124ccd3aca0][WARN] copy_aicore_buffer: [chip_swimlane_collector.cpp:689] Core 60: skipped 1024 AICore record slot(s) with start_time=0 (race-window write or recycled-buffer tail). buf seq=0 count=1024
[mono_ns=7230644945418568][T0xe124c1fcbca0][WARN] copy_aicore_buffer: [chip_swimlane_collector.cpp:689] Core 62: skipped 1024 AICore record slot(s) with start_time=0 (race-window write or recycled-buffer tail). buf seq=0 count=1024
[mono_ns=7230644945635108][T0xe124c17bbca0][WARN] copy_aicore_buffer: [chip_swimlane_collector.cpp:689] Core 65: skipped 1024 AICore record slot(s) with start_time=0 (race-window write or recycled-buffer tail). buf seq=0 count=1024
[mono_ns=7230644945639238][T0xe124ccd3aca0][WARN] copy_aicore_buffer: [chip_swimlane_collector.cpp:689] Core 61: skipped 1024 AICore record slot(s) with start_time=0 (race-window write or recycled-buffer tail). buf seq=0 count=1024
[mono_ns=7230644945757707][T0xe124c1fcbca0][WARN] copy_aicore_buffer: [chip_swimlane_collector.cpp:689] Core 63: skipped 1024 AICore record slot(s) with start_time=0 (race-window write or recycled-buffer tail). buf seq=0 count=1024
[mono_ns=7230644945978367][T0xe124c17bbca0][WARN] copy_aicore_buffer: [chip_swimlane_collector.cpp:689] Core 23: skipped 1024 AICore record slot(s) with start_time=0 (race-window write or recycled-buffer tail). buf seq=0 count=1024
[mono_ns=7230644945980937][T0xe124ccd3aca0][WARN] copy_aicore_buffer: [chip_swimlane_collector.cpp:689] Core 21: skipped 1024 AICore record slot(s) with start_time=0 (race-window write or recycled-buffer tail). buf seq=0 count=1024
[mono_ns=7230644946105557][T0xe124c1fcbca0][WARN] copy_aicore_buffer: [chip_swimlane_collector.cpp:689] Core 22: skipped 1024 AICore record slot(s) with start_time=0 (race-window write or recycled-buffer tail). buf seq=0 count=1024
[mono_ns=7230644946325167][T0xe124c17bbca0][WARN] copy_aicore_buffer: [chip_swimlane_collector.cpp:689] Core 70: skipped 1024 AICore record slot(s) with start_time=0 (race-window write or recycled-buffer tail). buf seq=0 count=1024
[mono_ns=7230644946334257][T0xe124ccd3aca0][WARN] copy_aicore_buffer: [chip_swimlane_collector.cpp:689] Core 66: skipped 1024 AICore record slot(s) with start_time=0 (race-window write or recycled-buffer tail). buf seq=0 count=1024
[mono_ns=7230644946457976][T0xe124c1fcbca0][WARN] copy_aicore_buffer: [chip_swimlane_collector.cpp:689] Core 68: skipped 1024 AICore record slot(s) with start_time=0 (race-window write or recycled-buffer tail). buf seq=0 count=1024
[mono_ns=7230644946657636][T0xe124ccd3aca0][WARN] copy_aicore_buffer: [chip_swimlane_collector.cpp:689] Core 67: skipped 1024 AICore record slot(s) with start_time=0 (race-window write or recycled-buffer tail). buf seq=0 count=1024
[mono_ns=7230644946660646][T0xe124c17bbca0][WARN] copy_aicore_buffer: [chip_swimlane_collector.cpp:689] Core 71: skipped 1024 AICore record slot(s) with start_time=0 (race-window write or recycled-buffer tail). buf seq=0 count=1024
[mono_ns=7230644946802846][T0xe124c1fcbca0][WARN] copy_aicore_buffer: [chip_swimlane_collector.cpp:689] Core 69: skipped 1024 AICore record slot(s) with start_time=0 (race-window write or recycled-buffer tail). buf seq=0 count=1024
[mono_ns=7230645047415598][T0xe1261eb7b020][TIMING] emit_host_span: [STRACE] v=1 pid=360757 tid=360757 inv=2 hid=e01e36b4c86937b0 depth=1 name=chip.run.runner_run ts=7230644934682844 dur=112724634 
[mono_ns=7230645047516658][T0xe1261eb7b020][TIMING] emit_host_span: [STRACE] v=1 pid=360757 tid=360757 inv=2 hid=e01e36b4c86937b0 depth=1 name=chip.run.validate ts=7230645047429738 dur=83100 
[mono_ns=7230645047523848][T0xe1261eb7b020][TIMING] emit_host_span: [STRACE] v=1 pid=360757 tid=360757 inv=2 hid=e01e36b4c86937b0 depth=2 name=chip.run.runner_run.device_wall ts=0 dur=2031600 clk=dev
[mono_ns=7230645047528188][T0xe1261eb7b020][TIMING] emit_host_span: [STRACE] v=1 pid=360757 tid=360757 inv=2 hid=e01e36b4c86937b0 depth=3 name=chip.run.runner_run.device_wall.preamble ts=0 dur=137360 clk=dev
[mono_ns=7230645047532078][T0xe1261eb7b020][TIMING] emit_host_span: [STRACE] v=1 pid=360757 tid=360757 inv=2 hid=e01e36b4c86937b0 depth=3 name=chip.run.runner_run.device_wall.graph_build ts=132940 dur=1889400 clk=dev
[mono_ns=7230645047535828][T0xe1261eb7b020][TIMING] emit_host_span: [STRACE] v=1 pid=360757 tid=360757 inv=2 hid=e01e36b4c86937b0 depth=3 name=chip.run.runner_run.device_wall.config_validate ts=133060 dur=1020 clk=dev
[mono_ns=7230645047539448][T0xe1261eb7b020][TIMING] emit_host_span: [STRACE] v=1 pid=360757 tid=360757 inv=2 hid=e01e36b4c86937b0 depth=3 name=chip.run.runner_run.device_wall.arena_wire ts=134140 dur=640 clk=dev
[mono_ns=7230645047543648][T0xe1261eb7b020][TIMING] emit_host_span: [STRACE] v=1 pid=360757 tid=360757 inv=2 hid=e01e36b4c86937b0 depth=3 name=chip.run.runner_run.device_wall.sm_reset ts=134820 dur=1540 clk=dev
[mono_ns=7230645047547168][T0xe1261eb7b020][TIMING] emit_host_span: [STRACE] v=1 pid=360757 tid=360757 inv=2 hid=e01e36b4c86937b0 depth=3 name=chip.run.runner_run.device_wall.post_orch ts=2022400 dur=8900 clk=dev
[mono_ns=7230645047550578][T0xe1261eb7b020][TIMING] emit_host_span: [STRACE] v=1 pid=360757 tid=360757 inv=2 hid=e01e36b4c86937b0 depth=3 name=chip.run.runner_run.device_wall.orch ts=136420 dur=5160 clk=dev
[mono_ns=7230645047553618][T0xe1261eb7b020][TIMING] emit_host_span: [STRACE] v=1 pid=360757 tid=360757 inv=2 hid=e01e36b4c86937b0 depth=3 name=chip.run.runner_run.device_wall.sched ts=137520 dur=1859200 clk=dev
[mono_ns=7230645047557498][T0xe1261eb7b020][TIMING] emit_host_span: [STRACE] v=1 pid=360757 tid=360757 inv=2 hid=e01e36b4c86937b0 depth=1 name=chip.run.claim_release ts=7230645047555458 dur=320 
[mono_ns=7230645047561548][T0xe1261eb7b020][TIMING] emit_host_span: [STRACE] v=1 pid=360757 tid=360757 inv=2 hid=e01e36b4c86937b0 depth=0 name=chip.run ts=7230644880209544 dur=167350054 run_id=2 dispatch_id=2 slot_id=0 generation=2 run_epoch=2
[mono_ns=7230649906618673][T0xe1261eb7b020][TIMING] emit_host_span: [STRACE] v=1 pid=360757 tid=360757 inv=3 hid=e01e36b4c86937b0 depth=2 name=chip.run.bind.args ts=7230649906263723 dur=313720 
[mono_ns=7230649906726113][T0xe1261eb7b020][TIMING] emit_host_span: [STRACE] v=1 pid=360757 tid=360757 inv=3 hid=e01e36b4c86937b0 depth=2 name=chip.run.bind.prebuilt ts=7230649906692883 dur=29870 
[mono_ns=7230649906733233][T0xe1261eb7b020][TIMING] emit_host_span: [STRACE] v=1 pid=360757 tid=360757 inv=3 hid=e01e36b4c86937b0 depth=1 name=chip.run.bind ts=7230649906192403 dur=538310 
[mono_ns=7230650138238596][T0xe1261eb7b020][TIMING] emit_host_span: [STRACE] v=1 pid=360757 tid=360757 inv=3 hid=e01e36b4c86937b0 depth=1 name=chip.run.runner_run ts=7230649908238270 dur=229983096 
[mono_ns=7230650138364635][T0xe1261eb7b020][TIMING] emit_host_span: [STRACE] v=1 pid=360757 tid=360757 inv=3 hid=e01e36b4c86937b0 depth=1 name=chip.run.validate ts=7230650138256056 dur=103669 
[mono_ns=7230650138378125][T0xe1261eb7b020][TIMING] emit_host_span: [STRACE] v=1 pid=360757 tid=360757 inv=3 hid=e01e36b4c86937b0 depth=2 name=chip.run.runner_run.device_wall ts=0 dur=156620 clk=dev
[mono_ns=7230650138383165][T0xe1261eb7b020][TIMING] emit_host_span: [STRACE] v=1 pid=360757 tid=360757 inv=3 hid=e01e36b4c86937b0 depth=3 name=chip.run.runner_run.device_wall.preamble ts=0 dur=6160 clk=dev
[mono_ns=7230650138387785][T0xe1261eb7b020][TIMING] emit_host_span: [STRACE] v=1 pid=360757 tid=360757 inv=3 hid=e01e36b4c86937b0 depth=3 name=chip.run.runner_run.device_wall.graph_build ts=1720 dur=145300 clk=dev
[mono_ns=7230650138390995][T0xe1261eb7b020][TIMING] emit_host_span: [STRACE] v=1 pid=360757 tid=360757 inv=3 hid=e01e36b4c86937b0 depth=3 name=chip.run.runner_run.device_wall.config_validate ts=2139 dur=1100 clk=dev
[mono_ns=7230650138421425][T0xe1261eb7b020][TIMING] emit_host_span: [STRACE] v=1 pid=360757 tid=360757 inv=3 hid=e01e36b4c86937b0 depth=3 name=chip.run.runner_run.device_wall.arena_wire ts=3580 dur=1140 clk=dev
[mono_ns=7230650138425365][T0xe1261eb7b020][TIMING] emit_host_span: [STRACE] v=1 pid=360757 tid=360757 inv=3 hid=e01e36b4c86937b0 depth=3 name=chip.run.runner_run.device_wall.sm_reset ts=4740 dur=2700 clk=dev
[mono_ns=7230650138430185][T0xe1261eb7b020][TIMING] emit_host_span: [STRACE] v=1 pid=360757 tid=360757 inv=3 hid=e01e36b4c86937b0 depth=3 name=chip.run.runner_run.device_wall.post_orch ts=147080 dur=9160 clk=dev
[mono_ns=7230650138434115][T0xe1261eb7b020][TIMING] emit_host_span: [STRACE] v=1 pid=360757 tid=360757 inv=3 hid=e01e36b4c86937b0 depth=3 name=chip.run.runner_run.device_wall.orch ts=8240 dur=10600 clk=dev
[mono_ns=7230650138438145][T0xe1261eb7b020][TIMING] emit_host_span: [STRACE] v=1 pid=360757 tid=360757 inv=3 hid=e01e36b4c86937b0 depth=3 name=chip.run.runner_run.device_wall.sched ts=7659 dur=129400 clk=dev
[mono_ns=7230650138444785][T0xe1261eb7b020][TIMING] emit_host_span: [STRACE] v=1 pid=360757 tid=360757 inv=3 hid=e01e36b4c86937b0 depth=1 name=chip.run.claim_release ts=7230650138442235 dur=770 
[mono_ns=7230650138450945][T0xe1261eb7b020][TIMING] emit_host_span: [STRACE] v=1 pid=360757 tid=360757 inv=3 hid=e01e36b4c86937b0 depth=0 name=chip.run ts=7230649905252805 dur=233196170 run_id=3 dispatch_id=3 slot_id=0 generation=3 run_epoch=3
[mono_ns=7230650144820836][T0xe1261eb7b020][TIMING] emit_host_span: [STRACE] v=1 pid=360757 tid=360757 inv=4 hid=e01e36b4c86937b0 depth=2 name=chip.run.bind.args ts=7230650144701306 dur=113180 
[mono_ns=7230650144842416][T0xe1261eb7b020][TIMING] emit_host_span: [STRACE] v=1 pid=360757 tid=360757 inv=4 hid=e01e36b4c86937b0 depth=2 name=chip.run.bind.prebuilt ts=7230650144835056 dur=4870 
[mono_ns=7230650144847806][T0xe1261eb7b020][TIMING] emit_host_span: [STRACE] v=1 pid=360757 tid=360757 inv=4 hid=e01e36b4c86937b0 depth=1 name=chip.run.bind ts=7230650144688476 dur=157010 
[mono_ns=7230650147911962][T0xe124ccd3aca0][WARN] copy_aicore_buffer: [chip_swimlane_collector.cpp:689] Core 0: skipped 1024 AICore record slot(s) with start_time=0 (race-window write or recycled-buffer tail). buf seq=0 count=1024
[mono_ns=7230650147992322][T0xe124c17bbca0][WARN] copy_aicore_buffer: [chip_swimlane_collector.cpp:689] Core 2: skipped 1024 AICore record slot(s) with start_time=0 (race-window write or recycled-buffer tail). buf seq=0 count=1024
[mono_ns=7230650148017992][T0xe124c1fcbca0][WARN] copy_aicore_buffer: [chip_swimlane_collector.cpp:689] Core 1: skipped 1024 AICore record slot(s) with start_time=0 (race-window write or recycled-buffer tail). buf seq=0 count=1024
[mono_ns=7230650148268041][T0xe124ccd3aca0][WARN] copy_aicore_buffer: [chip_swimlane_collector.cpp:689] Core 24: skipped 1022 AICore record slot(s) with start_time=0 (race-window write or recycled-buffer tail). buf seq=0 count=1024
[mono_ns=7230650148350021][T0xe124c1fcbca0][WARN] copy_aicore_buffer: [chip_swimlane_collector.cpp:689] Core 26: skipped 1024 AICore record slot(s) with start_time=0 (race-window write or recycled-buffer tail). buf seq=0 count=1024
[mono_ns=7230650148353481][T0xe124c17bbca0][WARN] copy_aicore_buffer: [chip_swimlane_collector.cpp:689] Core 28: skipped 1023 AICore record slot(s) with start_time=0 (race-window write or recycled-buffer tail). buf seq=0 count=1024
[mono_ns=7230650148582291][T0xe124ccd3aca0][WARN] copy_aicore_buffer: [chip_swimlane_collector.cpp:689] Core 25: skipped 1024 AICore record slot(s) with start_time=0 (race-window write or recycled-buffer tail). buf seq=0 count=1024
[mono_ns=7230650148681581][T0xe124c17bbca0][WARN] copy_aicore_buffer: [chip_swimlane_collector.cpp:689] Core 29: skipped 1024 AICore record slot(s) with start_time=0 (race-window write or recycled-buffer tail). buf seq=0 count=1024
[mono_ns=7230650148682301][T0xe124c1fcbca0][WARN] copy_aicore_buffer: [chip_swimlane_collector.cpp:689] Core 27: skipped 1024 AICore record slot(s) with start_time=0 (race-window write or recycled-buffer tail). buf seq=0 count=1024
[mono_ns=7230650148895751][T0xe124ccd3aca0][WARN] copy_aicore_buffer: [chip_swimlane_collector.cpp:689] Core 3: skipped 1024 AICore record slot(s) with start_time=0 (race-window write or recycled-buffer tail). buf seq=0 count=1024
[mono_ns=7230650149016890][T0xe124c1fcbca0][WARN] copy_aicore_buffer: [chip_swimlane_collector.cpp:689] Core 4: skipped 1024 AICore record slot(s) with start_time=0 (race-window write or recycled-buffer tail). buf seq=0 count=1024
[mono_ns=7230650149034740][T0xe124c17bbca0][WARN] copy_aicore_buffer: [chip_swimlane_collector.cpp:689] Core 5: skipped 1024 AICore record slot(s) with start_time=0 (race-window write or recycled-buffer tail). buf seq=0 count=1024
[mono_ns=7230650149229450][T0xe124ccd3aca0][WARN] copy_aicore_buffer: [chip_swimlane_collector.cpp:689] Core 30: skipped 1024 AICore record slot(s) with start_time=0 (race-window write or recycled-buffer tail). buf seq=0 count=1024
[mono_ns=7230650149344860][T0xe124c1fcbca0][WARN] copy_aicore_buffer: [chip_swimlane_collector.cpp:689] Core 32: skipped 1024 AICore record slot(s) with start_time=0 (race-window write or recycled-buffer tail). buf seq=0 count=1024
[mono_ns=7230650149359000][T0xe124c17bbca0][WARN] copy_aicore_buffer: [chip_swimlane_collector.cpp:689] Core 34: skipped 1024 AICore record slot(s) with start_time=0 (race-window write or recycled-buffer tail). buf seq=0 count=1024
[mono_ns=7230650149556270][T0xe124ccd3aca0][WARN] copy_aicore_buffer: [chip_swimlane_collector.cpp:689] Core 31: skipped 1024 AICore record slot(s) with start_time=0 (race-window write or recycled-buffer tail). buf seq=0 count=1024
[mono_ns=7230650149671689][T0xe124c1fcbca0][WARN] copy_aicore_buffer: [chip_swimlane_collector.cpp:689] Core 33: skipped 1024 AICore record slot(s) with start_time=0 (race-window write or recycled-buffer tail). buf seq=0 count=1024
[mono_ns=7230650149681819][T0xe124c17bbca0][WARN] copy_aicore_buffer: [chip_swimlane_collector.cpp:689] Core 35: skipped 1024 AICore record slot(s) with start_time=0 (race-window write or recycled-buffer tail). buf seq=0 count=1024
[mono_ns=7230650149868939][T0xe124ccd3aca0][WARN] copy_aicore_buffer: [chip_swimlane_collector.cpp:689] Core 6: skipped 1024 AICore record slot(s) with start_time=0 (race-window write or recycled-buffer tail). buf seq=0 count=1024
[mono_ns=7230650149998339][T0xe124c1fcbca0][WARN] copy_aicore_buffer: [chip_swimlane_collector.cpp:689] Core 7: skipped 1024 AICore record slot(s) with start_time=0 (race-window write or recycled-buffer tail). buf seq=0 count=1024
[mono_ns=7230650150017059][T0xe124c17bbca0][WARN] copy_aicore_buffer: [chip_swimlane_collector.cpp:689] Core 8: skipped 1024 AICore record slot(s) with start_time=0 (race-window write or recycled-buffer tail). buf seq=0 count=1024
[mono_ns=7230650150200529][T0xe124ccd3aca0][WARN] copy_aicore_buffer: [chip_swimlane_collector.cpp:689] Core 36: skipped 1024 AICore record slot(s) with start_time=0 (race-window write or recycled-buffer tail). buf seq=0 count=1024
[mono_ns=7230650150338798][T0xe124c1fcbca0][WARN] copy_aicore_buffer: [chip_swimlane_collector.cpp:689] Core 38: skipped 1024 AICore record slot(s) with start_time=0 (race-window write or recycled-buffer tail). buf seq=0 count=1024
[mono_ns=7230650150343048][T0xe124c17bbca0][WARN] copy_aicore_buffer: [chip_swimlane_collector.cpp:689] Core 40: skipped 1024 AICore record slot(s) with start_time=0 (race-window write or recycled-buffer tail). buf seq=0 count=1024
[mono_ns=7230650150513648][T0xe124ccd3aca0][WARN] copy_aicore_buffer: [chip_swimlane_collector.cpp:689] Core 37: skipped 1024 AICore record slot(s) with start_time=0 (race-window write or recycled-buffer tail). buf seq=0 count=1024
[mono_ns=7230650150665268][T0xe124c1fcbca0][WARN] copy_aicore_buffer: [chip_swimlane_collector.cpp:689] Core 39: skipped 1024 AICore record slot(s) with start_time=0 (race-window write or recycled-buffer tail). buf seq=0 count=1024
[mono_ns=7230650150665578][T0xe124c17bbca0][WARN] copy_aicore_buffer: [chip_swimlane_collector.cpp:689] Core 41: skipped 1024 AICore record slot(s) with start_time=0 (race-window write or recycled-buffer tail). buf seq=0 count=1024
[mono_ns=7230650150826518][T0xe124ccd3aca0][WARN] copy_aicore_buffer: [chip_swimlane_collector.cpp:689] Core 9: skipped 1024 AICore record slot(s) with start_time=0 (race-window write or recycled-buffer tail). buf seq=0 count=1024
[mono_ns=7230650150991838][T0xe124c17bbca0][WARN] copy_aicore_buffer: [chip_swimlane_collector.cpp:689] Core 11: skipped 1024 AICore record slot(s) with start_time=0 (race-window write or recycled-buffer tail). buf seq=0 count=1024
[mono_ns=7230650150992358][T0xe124c1fcbca0][WARN] copy_aicore_buffer: [chip_swimlane_collector.cpp:689] Core 10: skipped 1024 AICore record slot(s) with start_time=0 (race-window write or recycled-buffer tail). buf seq=0 count=1024
[mono_ns=7230650151178867][T0xe124ccd3aca0][WARN] copy_aicore_buffer: [chip_swimlane_collector.cpp:689] Core 42: skipped 1024 AICore record slot(s) with start_time=0 (race-window write or recycled-buffer tail). buf seq=0 count=1024
[mono_ns=7230650151330717][T0xe124c1fcbca0][WARN] copy_aicore_buffer: [chip_swimlane_collector.cpp:689] Core 44: skipped 1024 AICore record slot(s) with start_time=0 (race-window write or recycled-buffer tail). buf seq=0 count=1024
[mono_ns=7230650151352807][T0xe124c17bbca0][WARN] copy_aicore_buffer: [chip_swimlane_collector.cpp:689] Core 46: skipped 1024 AICore record slot(s) with start_time=0 (race-window write or recycled-buffer tail). buf seq=0 count=1024
[mono_ns=7230650151493117][T0xe124ccd3aca0][WARN] copy_aicore_buffer: [chip_swimlane_collector.cpp:689] Core 43: skipped 1024 AICore record slot(s) with start_time=0 (race-window write or recycled-buffer tail). buf seq=0 count=1024
[mono_ns=7230650151658327][T0xe124c1fcbca0][WARN] copy_aicore_buffer: [chip_swimlane_collector.cpp:689] Core 45: skipped 1024 AICore record slot(s) with start_time=0 (race-window write or recycled-buffer tail). buf seq=0 count=1024
[mono_ns=7230650151725297][T0xe124c17bbca0][WARN] copy_aicore_buffer: [chip_swimlane_collector.cpp:689] Core 47: skipped 1024 AICore record slot(s) with start_time=0 (race-window write or recycled-buffer tail). buf seq=0 count=1024
[mono_ns=7230650151812026][T0xe124ccd3aca0][WARN] copy_aicore_buffer: [chip_swimlane_collector.cpp:689] Core 12: skipped 1024 AICore record slot(s) with start_time=0 (race-window write or recycled-buffer tail). buf seq=0 count=1024
[mono_ns=7230650151986546][T0xe124c1fcbca0][WARN] copy_aicore_buffer: [chip_swimlane_collector.cpp:689] Core 13: skipped 1024 AICore record slot(s) with start_time=0 (race-window write or recycled-buffer tail). buf seq=0 count=1024
[mono_ns=7230650152082406][T0xe124c17bbca0][WARN] copy_aicore_buffer: [chip_swimlane_collector.cpp:689] Core 14: skipped 1024 AICore record slot(s) with start_time=0 (race-window write or recycled-buffer tail). buf seq=0 count=1024
[mono_ns=7230650152136516][T0xe124ccd3aca0][WARN] copy_aicore_buffer: [chip_swimlane_collector.cpp:689] Core 48: skipped 1024 AICore record slot(s) with start_time=0 (race-window write or recycled-buffer tail). buf seq=0 count=1024
[mono_ns=7230650152320666][T0xe124c1fcbca0][WARN] copy_aicore_buffer: [chip_swimlane_collector.cpp:689] Core 50: skipped 1024 AICore record slot(s) with start_time=0 (race-window write or recycled-buffer tail). buf seq=0 count=1024
[mono_ns=7230650152427096][T0xe124c17bbca0][WARN] copy_aicore_buffer: [chip_swimlane_collector.cpp:689] Core 52: skipped 1024 AICore record slot(s) with start_time=0 (race-window write or recycled-buffer tail). buf seq=0 count=1024
[mono_ns=7230650152449065][T0xe124ccd3aca0][WARN] copy_aicore_buffer: [chip_swimlane_collector.cpp:689] Core 49: skipped 1024 AICore record slot(s) with start_time=0 (race-window write or recycled-buffer tail). buf seq=0 count=1024
[mono_ns=7230650152647875][T0xe124c1fcbca0][WARN] copy_aicore_buffer: [chip_swimlane_collector.cpp:689] Core 51: skipped 1024 AICore record slot(s) with start_time=0 (race-window write or recycled-buffer tail). buf seq=0 count=1024
[mono_ns=7230650152761235][T0xe124ccd3aca0][WARN] copy_aicore_buffer: [chip_swimlane_collector.cpp:689] Core 15: skipped 1024 AICore record slot(s) with start_time=0 (race-window write or recycled-buffer tail). buf seq=0 count=1024
[mono_ns=7230650152769675][T0xe124c17bbca0][WARN] copy_aicore_buffer: [chip_swimlane_collector.cpp:689] Core 53: skipped 1024 AICore record slot(s) with start_time=0 (race-window write or recycled-buffer tail). buf seq=0 count=1024
[mono_ns=7230650152986905][T0xe124c1fcbca0][WARN] copy_aicore_buffer: [chip_swimlane_collector.cpp:689] Core 16: skipped 1024 AICore record slot(s) with start_time=0 (race-window write or recycled-buffer tail). buf seq=0 count=1024
[mono_ns=7230650153102505][T0xe124ccd3aca0][WARN] copy_aicore_buffer: [chip_swimlane_collector.cpp:689] Core 54: skipped 1024 AICore record slot(s) with start_time=0 (race-window write or recycled-buffer tail). buf seq=0 count=1024
[mono_ns=7230650153140205][T0xe124c17bbca0][WARN] copy_aicore_buffer: [chip_swimlane_collector.cpp:689] Core 17: skipped 1024 AICore record slot(s) with start_time=0 (race-window write or recycled-buffer tail). buf seq=0 count=1024
[mono_ns=7230650153347184][T0xe124c1fcbca0][WARN] copy_aicore_buffer: [chip_swimlane_collector.cpp:689] Core 56: skipped 1024 AICore record slot(s) with start_time=0 (race-window write or recycled-buffer tail). buf seq=0 count=1024
[mono_ns=7230650153415004][T0xe124ccd3aca0][WARN] copy_aicore_buffer: [chip_swimlane_collector.cpp:689] Core 55: skipped 1024 AICore record slot(s) with start_time=0 (race-window write or recycled-buffer tail). buf seq=0 count=1024
[mono_ns=7230650153492354][T0xe124c17bbca0][WARN] copy_aicore_buffer: [chip_swimlane_collector.cpp:689] Core 58: skipped 1024 AICore record slot(s) with start_time=0 (race-window write or recycled-buffer tail). buf seq=0 count=1024
[mono_ns=7230650153673764][T0xe124c1fcbca0][WARN] copy_aicore_buffer: [chip_swimlane_collector.cpp:689] Core 57: skipped 1024 AICore record slot(s) with start_time=0 (race-window write or recycled-buffer tail). buf seq=0 count=1024
[mono_ns=7230650153728264][T0xe124ccd3aca0][WARN] copy_aicore_buffer: [chip_swimlane_collector.cpp:689] Core 18: skipped 1024 AICore record slot(s) with start_time=0 (race-window write or recycled-buffer tail). buf seq=0 count=1024
[mono_ns=7230650153857534][T0xe124c17bbca0][WARN] copy_aicore_buffer: [chip_swimlane_collector.cpp:689] Core 59: skipped 1024 AICore record slot(s) with start_time=0 (race-window write or recycled-buffer tail). buf seq=0 count=1024
[mono_ns=7230650153999883][T0xe124c1fcbca0][WARN] copy_aicore_buffer: [chip_swimlane_collector.cpp:689] Core 19: skipped 1024 AICore record slot(s) with start_time=0 (race-window write or recycled-buffer tail). buf seq=0 count=1024
[mono_ns=7230650154068383][T0xe124ccd3aca0][WARN] copy_aicore_buffer: [chip_swimlane_collector.cpp:689] Core 60: skipped 1024 AICore record slot(s) with start_time=0 (race-window write or recycled-buffer tail). buf seq=0 count=1024
[mono_ns=7230650154223503][T0xe124c17bbca0][WARN] copy_aicore_buffer: [chip_swimlane_collector.cpp:689] Core 20: skipped 1024 AICore record slot(s) with start_time=0 (race-window write or recycled-buffer tail). buf seq=0 count=1024
[mono_ns=7230650154368883][T0xe124c1fcbca0][WARN] copy_aicore_buffer: [chip_swimlane_collector.cpp:689] Core 62: skipped 1024 AICore record slot(s) with start_time=0 (race-window write or recycled-buffer tail). buf seq=0 count=1024
[mono_ns=7230650154409063][T0xe124ccd3aca0][WARN] copy_aicore_buffer: [chip_swimlane_collector.cpp:689] Core 61: skipped 1024 AICore record slot(s) with start_time=0 (race-window write or recycled-buffer tail). buf seq=0 count=1024
[mono_ns=7230650154562703][T0xe124c17bbca0][WARN] copy_aicore_buffer: [chip_swimlane_collector.cpp:689] Core 64: skipped 1024 AICore record slot(s) with start_time=0 (race-window write or recycled-buffer tail). buf seq=0 count=1024
[mono_ns=7230650154734232][T0xe124c1fcbca0][WARN] copy_aicore_buffer: [chip_swimlane_collector.cpp:689] Core 63: skipped 1024 AICore record slot(s) with start_time=0 (race-window write or recycled-buffer tail). buf seq=0 count=1024
[mono_ns=7230650154743502][T0xe124ccd3aca0][WARN] copy_aicore_buffer: [chip_swimlane_collector.cpp:689] Core 21: skipped 1024 AICore record slot(s) with start_time=0 (race-window write or recycled-buffer tail). buf seq=0 count=1024
[mono_ns=7230650154902512][T0xe124c17bbca0][WARN] copy_aicore_buffer: [chip_swimlane_collector.cpp:689] Core 65: skipped 1024 AICore record slot(s) with start_time=0 (race-window write or recycled-buffer tail). buf seq=0 count=1024
[mono_ns=7230650155096972][T0xe124c1fcbca0][WARN] copy_aicore_buffer: [chip_swimlane_collector.cpp:689] Core 22: skipped 1024 AICore record slot(s) with start_time=0 (race-window write or recycled-buffer tail). buf seq=0 count=1024
[mono_ns=7230650155097912][T0xe124ccd3aca0][WARN] copy_aicore_buffer: [chip_swimlane_collector.cpp:689] Core 66: skipped 1024 AICore record slot(s) with start_time=0 (race-window write or recycled-buffer tail). buf seq=0 count=1024
[mono_ns=7230650155248232][T0xe124c17bbca0][WARN] copy_aicore_buffer: [chip_swimlane_collector.cpp:689] Core 23: skipped 1024 AICore record slot(s) with start_time=0 (race-window write or recycled-buffer tail). buf seq=0 count=1024
[mono_ns=7230650155454031][T0xe124c1fcbca0][WARN] copy_aicore_buffer: [chip_swimlane_collector.cpp:689] Core 68: skipped 1024 AICore record slot(s) with start_time=0 (race-window write or recycled-buffer tail). buf seq=0 count=1024
[mono_ns=7230650155466881][T0xe124ccd3aca0][WARN] copy_aicore_buffer: [chip_swimlane_collector.cpp:689] Core 67: skipped 1024 AICore record slot(s) with start_time=0 (race-window write or recycled-buffer tail). buf seq=0 count=1024
[mono_ns=7230650155594511][T0xe124c17bbca0][WARN] copy_aicore_buffer: [chip_swimlane_collector.cpp:689] Core 70: skipped 1024 AICore record slot(s) with start_time=0 (race-window write or recycled-buffer tail). buf seq=0 count=1024
[mono_ns=7230650155801241][T0xe124c1fcbca0][WARN] copy_aicore_buffer: [chip_swimlane_collector.cpp:689] Core 69: skipped 1024 AICore record slot(s) with start_time=0 (race-window write or recycled-buffer tail). buf seq=0 count=1024
[mono_ns=7230650155933341][T0xe124c17bbca0][WARN] copy_aicore_buffer: [chip_swimlane_collector.cpp:689] Core 71: skipped 1024 AICore record slot(s) with start_time=0 (race-window write or recycled-buffer tail). buf seq=0 count=1024
[mono_ns=7230650257158738][T0xe1261eb7b020][TIMING] emit_host_span: [STRACE] v=1 pid=360757 tid=360757 inv=4 hid=e01e36b4c86937b0 depth=1 name=chip.run.runner_run ts=7230650146986813 dur=110162585 
[mono_ns=7230650257264257][T0xe1261eb7b020][TIMING] emit_host_span: [STRACE] v=1 pid=360757 tid=360757 inv=4 hid=e01e36b4c86937b0 depth=1 name=chip.run.validate ts=7230650257174568 dur=85729 
[mono_ns=7230650257277357][T0xe1261eb7b020][TIMING] emit_host_span: [STRACE] v=1 pid=360757 tid=360757 inv=4 hid=e01e36b4c86937b0 depth=2 name=chip.run.runner_run.device_wall ts=0 dur=248520 clk=dev
[mono_ns=7230650257318447][T0xe1261eb7b020][TIMING] emit_host_span: [STRACE] v=1 pid=360757 tid=360757 inv=4 hid=e01e36b4c86937b0 depth=3 name=chip.run.runner_run.device_wall.preamble ts=0 dur=110220 clk=dev
[mono_ns=7230650257322867][T0xe1261eb7b020][TIMING] emit_host_span: [STRACE] v=1 pid=360757 tid=360757 inv=4 hid=e01e36b4c86937b0 depth=3 name=chip.run.runner_run.device_wall.graph_build ts=105340 dur=134079 clk=dev
[mono_ns=7230650257327117][T0xe1261eb7b020][TIMING] emit_host_span: [STRACE] v=1 pid=360757 tid=360757 inv=4 hid=e01e36b4c86937b0 depth=3 name=chip.run.runner_run.device_wall.config_validate ts=105480 dur=760 clk=dev
[mono_ns=7230650257331397][T0xe1261eb7b020][TIMING] emit_host_span: [STRACE] v=1 pid=360757 tid=360757 inv=4 hid=e01e36b4c86937b0 depth=3 name=chip.run.runner_run.device_wall.arena_wire ts=106260 dur=500 clk=dev
[mono_ns=7230650257335307][T0xe1261eb7b020][TIMING] emit_host_span: [STRACE] v=1 pid=360757 tid=360757 inv=4 hid=e01e36b4c86937b0 depth=3 name=chip.run.runner_run.device_wall.sm_reset ts=106780 dur=1819 clk=dev
[mono_ns=7230650257339047][T0xe1261eb7b020][TIMING] emit_host_span: [STRACE] v=1 pid=360757 tid=360757 inv=4 hid=e01e36b4c86937b0 depth=3 name=chip.run.runner_run.device_wall.post_orch ts=239459 dur=8960 clk=dev
[mono_ns=7230650257341907][T0xe1261eb7b020][TIMING] emit_host_span: [STRACE] v=1 pid=360757 tid=360757 inv=4 hid=e01e36b4c86937b0 depth=3 name=chip.run.runner_run.device_wall.orch ts=108640 dur=5660 clk=dev
[mono_ns=7230650257344757][T0xe1261eb7b020][TIMING] emit_host_span: [STRACE] v=1 pid=360757 tid=360757 inv=4 hid=e01e36b4c86937b0 depth=3 name=chip.run.runner_run.device_wall.sched ts=110300 dur=105140 clk=dev
[mono_ns=7230650257385627][T0xe1261eb7b020][TIMING] emit_host_span: [STRACE] v=1 pid=360757 tid=360757 inv=4 hid=e01e36b4c86937b0 depth=1 name=chip.run.claim_release ts=7230650257382237 dur=430 
[mono_ns=7230650257390397][T0xe1261eb7b020][TIMING] emit_host_span: [STRACE] v=1 pid=360757 tid=360757 inv=4 hid=e01e36b4c86937b0 depth=0 name=chip.run ts=7230650144635987 dur=112752210 run_id=4 dispatch_id=4 slot_id=0 generation=4 run_epoch=4
[mono_ns=7230655089601589][T0xe1261eb7b020][TIMING] emit_host_span: [STRACE] v=1 pid=360757 tid=360757 inv=5 hid=e01e36b4c86937b0 depth=2 name=chip.run.bind.args ts=7230655089365139 dur=226560 
[mono_ns=7230655089630519][T0xe1261eb7b020][TIMING] emit_host_span: [STRACE] v=1 pid=360757 tid=360757 inv=5 hid=e01e36b4c86937b0 depth=2 name=chip.run.bind.prebuilt ts=7230655089622179 dur=5670 
[mono_ns=7230655089636139][T0xe1261eb7b020][TIMING] emit_host_span: [STRACE] v=1 pid=360757 tid=360757 inv=5 hid=e01e36b4c86937b0 depth=1 name=chip.run.bind ts=7230655089349379 dur=284210 
[mono_ns=7230655198502861][T0xe1261eb7b020][TIMING] emit_host_span: [STRACE] v=1 pid=360757 tid=360757 inv=5 hid=e01e36b4c86937b0 depth=1 name=chip.run.runner_run ts=7230655090045288 dur=108442053 
[mono_ns=7230655198624081][T0xe1261eb7b020][TIMING] emit_host_span: [STRACE] v=1 pid=360757 tid=360757 inv=5 hid=e01e36b4c86937b0 depth=1 name=chip.run.validate ts=7230655198519921 dur=99670 
[mono_ns=7230655198700391][T0xe1261eb7b020][TIMING] emit_host_span: [STRACE] v=1 pid=360757 tid=360757 inv=5 hid=e01e36b4c86937b0 depth=2 name=chip.run.runner_run.device_wall ts=0 dur=596300 clk=dev
[mono_ns=7230655198705441][T0xe1261eb7b020][TIMING] emit_host_span: [STRACE] v=1 pid=360757 tid=360757 inv=5 hid=e01e36b4c86937b0 depth=3 name=chip.run.runner_run.device_wall.preamble ts=0 dur=6520 clk=dev
[mono_ns=7230655198709711][T0xe1261eb7b020][TIMING] emit_host_span: [STRACE] v=1 pid=360757 tid=360757 inv=5 hid=e01e36b4c86937b0 depth=3 name=chip.run.runner_run.device_wall.graph_build ts=1540 dur=585520 clk=dev
[mono_ns=7230655198712781][T0xe1261eb7b020][TIMING] emit_host_span: [STRACE] v=1 pid=360757 tid=360757 inv=5 hid=e01e36b4c86937b0 depth=3 name=chip.run.runner_run.device_wall.config_validate ts=1980 dur=960 clk=dev
[mono_ns=7230655198715751][T0xe1261eb7b020][TIMING] emit_host_span: [STRACE] v=1 pid=360757 tid=360757 inv=5 hid=e01e36b4c86937b0 depth=3 name=chip.run.runner_run.device_wall.arena_wire ts=3140 dur=1160 clk=dev
[mono_ns=7230655198719441][T0xe1261eb7b020][TIMING] emit_host_span: [STRACE] v=1 pid=360757 tid=360757 inv=5 hid=e01e36b4c86937b0 depth=3 name=chip.run.runner_run.device_wall.sm_reset ts=4320 dur=2800 clk=dev
[mono_ns=7230655198723711][T0xe1261eb7b020][TIMING] emit_host_span: [STRACE] v=1 pid=360757 tid=360757 inv=5 hid=e01e36b4c86937b0 depth=3 name=chip.run.runner_run.device_wall.post_orch ts=587300 dur=8860 clk=dev
[mono_ns=7230655198728041][T0xe1261eb7b020][TIMING] emit_host_span: [STRACE] v=1 pid=360757 tid=360757 inv=5 hid=e01e36b4c86937b0 depth=3 name=chip.run.runner_run.device_wall.orch ts=8340 dur=10220 clk=dev
[mono_ns=7230655198748681][T0xe1261eb7b020][TIMING] emit_host_span: [STRACE] v=1 pid=360757 tid=360757 inv=5 hid=e01e36b4c86937b0 depth=3 name=chip.run.runner_run.device_wall.sched ts=7460 dur=571820 clk=dev
[mono_ns=7230655198754961][T0xe1261eb7b020][TIMING] emit_host_span: [STRACE] v=1 pid=360757 tid=360757 inv=5 hid=e01e36b4c86937b0 depth=1 name=chip.run.claim_release ts=7230655198752541 dur=600 
[mono_ns=7230655198761891][T0xe1261eb7b020][TIMING] emit_host_span: [STRACE] v=1 pid=360757 tid=360757 inv=5 hid=e01e36b4c86937b0 depth=0 name=chip.run ts=7230655089204640 dur=109555031 run_id=5 dispatch_id=5 slot_id=0 generation=5 run_epoch=5
[mono_ns=7230655205096283][T0xe1261eb7b020][TIMING] emit_host_span: [STRACE] v=1 pid=360757 tid=360757 inv=6 hid=e01e36b4c86937b0 depth=2 name=chip.run.bind.args ts=7230655204965163 dur=125540 
[mono_ns=7230655205116742][T0xe1261eb7b020][TIMING] emit_host_span: [STRACE] v=1 pid=360757 tid=360757 inv=6 hid=e01e36b4c86937b0 depth=2 name=chip.run.bind.prebuilt ts=7230655205109702 dur=4520 
[mono_ns=7230655205121992][T0xe1261eb7b020][TIMING] emit_host_span: [STRACE] v=1 pid=360757 tid=360757 inv=6 hid=e01e36b4c86937b0 depth=1 name=chip.run.bind ts=7230655204953183 dur=166339 
[mono_ns=7230655207380659][T0xe124ccd3aca0][WARN] copy_aicore_buffer: [chip_swimlane_collector.cpp:689] Core 0: skipped 1024 AICore record slot(s) with start_time=0 (race-window write or recycled-buffer tail). buf seq=0 count=1024
[mono_ns=7230655207404219][T0xe124c17bbca0][WARN] copy_aicore_buffer: [chip_swimlane_collector.cpp:689] Core 2: skipped 1024 AICore record slot(s) with start_time=0 (race-window write or recycled-buffer tail). buf seq=0 count=1024
[mono_ns=7230655207444659][T0xe124c1fcbca0][WARN] copy_aicore_buffer: [chip_swimlane_collector.cpp:689] Core 1: skipped 1024 AICore record slot(s) with start_time=0 (race-window write or recycled-buffer tail). buf seq=0 count=1024
[mono_ns=7230655207722279][T0xe124ccd3aca0][WARN] copy_aicore_buffer: [chip_swimlane_collector.cpp:689] Core 24: skipped 1023 AICore record slot(s) with start_time=0 (race-window write or recycled-buffer tail). buf seq=0 count=1024
[mono_ns=7230655207742099][T0xe124c17bbca0][WARN] copy_aicore_buffer: [chip_swimlane_collector.cpp:689] Core 28: skipped 1024 AICore record slot(s) with start_time=0 (race-window write or recycled-buffer tail). buf seq=0 count=1024
[mono_ns=7230655207794169][T0xe124c1fcbca0][WARN] copy_aicore_buffer: [chip_swimlane_collector.cpp:689] Core 26: skipped 1022 AICore record slot(s) with start_time=0 (race-window write or recycled-buffer tail). buf seq=0 count=1024
[mono_ns=7230655208058678][T0xe124ccd3aca0][WARN] copy_aicore_buffer: [chip_swimlane_collector.cpp:689] Core 25: skipped 1024 AICore record slot(s) with start_time=0 (race-window write or recycled-buffer tail). buf seq=0 count=1024
[mono_ns=7230655208087418][T0xe124c17bbca0][WARN] copy_aicore_buffer: [chip_swimlane_collector.cpp:689] Core 29: skipped 1024 AICore record slot(s) with start_time=0 (race-window write or recycled-buffer tail). buf seq=0 count=1024
[mono_ns=7230655208138678][T0xe124c1fcbca0][WARN] copy_aicore_buffer: [chip_swimlane_collector.cpp:689] Core 27: skipped 1024 AICore record slot(s) with start_time=0 (race-window write or recycled-buffer tail). buf seq=0 count=1024
[mono_ns=7230655208384388][T0xe124ccd3aca0][WARN] copy_aicore_buffer: [chip_swimlane_collector.cpp:689] Core 3: skipped 1024 AICore record slot(s) with start_time=0 (race-window write or recycled-buffer tail). buf seq=0 count=1024
[mono_ns=7230655208411468][T0xe124c17bbca0][WARN] copy_aicore_buffer: [chip_swimlane_collector.cpp:689] Core 5: skipped 1024 AICore record slot(s) with start_time=0 (race-window write or recycled-buffer tail). buf seq=0 count=1024
[mono_ns=7230655208461108][T0xe124c1fcbca0][WARN] copy_aicore_buffer: [chip_swimlane_collector.cpp:689] Core 4: skipped 1024 AICore record slot(s) with start_time=0 (race-window write or recycled-buffer tail). buf seq=0 count=1024
[mono_ns=7230655208762118][T0xe124ccd3aca0][WARN] copy_aicore_buffer: [chip_swimlane_collector.cpp:689] Core 30: skipped 1024 AICore record slot(s) with start_time=0 (race-window write or recycled-buffer tail). buf seq=0 count=1024
[mono_ns=7230655208763788][T0xe124c17bbca0][WARN] copy_aicore_buffer: [chip_swimlane_collector.cpp:689] Core 34: skipped 1024 AICore record slot(s) with start_time=0 (race-window write or recycled-buffer tail). buf seq=0 count=1024
[mono_ns=7230655208783758][T0xe124c1fcbca0][WARN] copy_aicore_buffer: [chip_swimlane_collector.cpp:689] Core 32: skipped 1024 AICore record slot(s) with start_time=0 (race-window write or recycled-buffer tail). buf seq=0 count=1024
[mono_ns=7230655209099357][T0xe124c17bbca0][WARN] copy_aicore_buffer: [chip_swimlane_collector.cpp:689] Core 35: skipped 1024 AICore record slot(s) with start_time=0 (race-window write or recycled-buffer tail). buf seq=0 count=1024
[mono_ns=7230655209100267][T0xe124ccd3aca0][WARN] copy_aicore_buffer: [chip_swimlane_collector.cpp:689] Core 31: skipped 1024 AICore record slot(s) with start_time=0 (race-window write or recycled-buffer tail). buf seq=0 count=1024
[mono_ns=7230655209117037][T0xe124c1fcbca0][WARN] copy_aicore_buffer: [chip_swimlane_collector.cpp:689] Core 33: skipped 1024 AICore record slot(s) with start_time=0 (race-window write or recycled-buffer tail). buf seq=0 count=1024
[mono_ns=7230655209432767][T0xe124c17bbca0][WARN] copy_aicore_buffer: [chip_swimlane_collector.cpp:689] Core 8: skipped 1024 AICore record slot(s) with start_time=0 (race-window write or recycled-buffer tail). buf seq=0 count=1024
[mono_ns=7230655209469087][T0xe124ccd3aca0][WARN] copy_aicore_buffer: [chip_swimlane_collector.cpp:689] Core 6: skipped 1024 AICore record slot(s) with start_time=0 (race-window write or recycled-buffer tail). buf seq=0 count=1024
[mono_ns=7230655209476707][T0xe124c1fcbca0][WARN] copy_aicore_buffer: [chip_swimlane_collector.cpp:689] Core 7: skipped 1024 AICore record slot(s) with start_time=0 (race-window write or recycled-buffer tail). buf seq=0 count=1024
[mono_ns=7230655209761126][T0xe124c17bbca0][WARN] copy_aicore_buffer: [chip_swimlane_collector.cpp:689] Core 40: skipped 1024 AICore record slot(s) with start_time=0 (race-window write or recycled-buffer tail). buf seq=0 count=1024
[mono_ns=7230655209796946][T0xe124ccd3aca0][WARN] copy_aicore_buffer: [chip_swimlane_collector.cpp:689] Core 36: skipped 1024 AICore record slot(s) with start_time=0 (race-window write or recycled-buffer tail). buf seq=0 count=1024
[mono_ns=7230655209799176][T0xe124c1fcbca0][WARN] copy_aicore_buffer: [chip_swimlane_collector.cpp:689] Core 38: skipped 1024 AICore record slot(s) with start_time=0 (race-window write or recycled-buffer tail). buf seq=0 count=1024
[mono_ns=7230655210098136][T0xe124c17bbca0][WARN] copy_aicore_buffer: [chip_swimlane_collector.cpp:689] Core 41: skipped 1024 AICore record slot(s) with start_time=0 (race-window write or recycled-buffer tail). buf seq=0 count=1024
[mono_ns=7230655210127126][T0xe124ccd3aca0][WARN] copy_aicore_buffer: [chip_swimlane_collector.cpp:689] Core 37: skipped 1024 AICore record slot(s) with start_time=0 (race-window write or recycled-buffer tail). buf seq=0 count=1024
[mono_ns=7230655210133366][T0xe124c1fcbca0][WARN] copy_aicore_buffer: [chip_swimlane_collector.cpp:689] Core 39: skipped 1024 AICore record slot(s) with start_time=0 (race-window write or recycled-buffer tail). buf seq=0 count=1024
[mono_ns=7230655210428835][T0xe124c17bbca0][WARN] copy_aicore_buffer: [chip_swimlane_collector.cpp:689] Core 11: skipped 1024 AICore record slot(s) with start_time=0 (race-window write or recycled-buffer tail). buf seq=0 count=1024
[mono_ns=7230655210453845][T0xe124ccd3aca0][WARN] copy_aicore_buffer: [chip_swimlane_collector.cpp:689] Core 9: skipped 1024 AICore record slot(s) with start_time=0 (race-window write or recycled-buffer tail). buf seq=0 count=1024
[mono_ns=7230655210456195][T0xe124c1fcbca0][WARN] copy_aicore_buffer: [chip_swimlane_collector.cpp:689] Core 10: skipped 1024 AICore record slot(s) with start_time=0 (race-window write or recycled-buffer tail). buf seq=0 count=1024
[mono_ns=7230655210757215][T0xe124c17bbca0][WARN] copy_aicore_buffer: [chip_swimlane_collector.cpp:689] Core 46: skipped 1024 AICore record slot(s) with start_time=0 (race-window write or recycled-buffer tail). buf seq=0 count=1024
[mono_ns=7230655210781105][T0xe124ccd3aca0][WARN] copy_aicore_buffer: [chip_swimlane_collector.cpp:689] Core 42: skipped 1024 AICore record slot(s) with start_time=0 (race-window write or recycled-buffer tail). buf seq=0 count=1024
[mono_ns=7230655210781655][T0xe124c1fcbca0][WARN] copy_aicore_buffer: [chip_swimlane_collector.cpp:689] Core 44: skipped 1024 AICore record slot(s) with start_time=0 (race-window write or recycled-buffer tail). buf seq=0 count=1024
[mono_ns=7230655211097414][T0xe124c17bbca0][WARN] copy_aicore_buffer: [chip_swimlane_collector.cpp:689] Core 47: skipped 1024 AICore record slot(s) with start_time=0 (race-window write or recycled-buffer tail). buf seq=0 count=1024
[mono_ns=7230655211121894][T0xe124c1fcbca0][WARN] copy_aicore_buffer: [chip_swimlane_collector.cpp:689] Core 45: skipped 1024 AICore record slot(s) with start_time=0 (race-window write or recycled-buffer tail). buf seq=0 count=1024
[mono_ns=7230655211123044][T0xe124ccd3aca0][WARN] copy_aicore_buffer: [chip_swimlane_collector.cpp:689] Core 43: skipped 1024 AICore record slot(s) with start_time=0 (race-window write or recycled-buffer tail). buf seq=0 count=1024
[mono_ns=7230655211426974][T0xe124c17bbca0][WARN] copy_aicore_buffer: [chip_swimlane_collector.cpp:689] Core 14: skipped 1024 AICore record slot(s) with start_time=0 (race-window write or recycled-buffer tail). buf seq=0 count=1024
[mono_ns=7230655211450664][T0xe124c1fcbca0][WARN] copy_aicore_buffer: [chip_swimlane_collector.cpp:689] Core 13: skipped 1024 AICore record slot(s) with start_time=0 (race-window write or recycled-buffer tail). buf seq=0 count=1024
[mono_ns=7230655211452634][T0xe124ccd3aca0][WARN] copy_aicore_buffer: [chip_swimlane_collector.cpp:689] Core 12: skipped 1024 AICore record slot(s) with start_time=0 (race-window write or recycled-buffer tail). buf seq=0 count=1024
[mono_ns=7230655211754913][T0xe124c17bbca0][WARN] copy_aicore_buffer: [chip_swimlane_collector.cpp:689] Core 52: skipped 1024 AICore record slot(s) with start_time=0 (race-window write or recycled-buffer tail). buf seq=0 count=1024
[mono_ns=7230655211779923][T0xe124ccd3aca0][WARN] copy_aicore_buffer: [chip_swimlane_collector.cpp:689] Core 48: skipped 1024 AICore record slot(s) with start_time=0 (race-window write or recycled-buffer tail). buf seq=0 count=1024
[mono_ns=7230655211778443][T0xe124c1fcbca0][WARN] copy_aicore_buffer: [chip_swimlane_collector.cpp:689] Core 50: skipped 1024 AICore record slot(s) with start_time=0 (race-window write or recycled-buffer tail). buf seq=0 count=1024
[mono_ns=7230655212096413][T0xe124c17bbca0][WARN] copy_aicore_buffer: [chip_swimlane_collector.cpp:689] Core 53: skipped 1024 AICore record slot(s) with start_time=0 (race-window write or recycled-buffer tail). buf seq=0 count=1024
[mono_ns=7230655212115333][T0xe124c1fcbca0][WARN] copy_aicore_buffer: [chip_swimlane_collector.cpp:689] Core 51: skipped 1024 AICore record slot(s) with start_time=0 (race-window write or recycled-buffer tail). buf seq=0 count=1024
[mono_ns=7230655212116193][T0xe124ccd3aca0][WARN] copy_aicore_buffer: [chip_swimlane_collector.cpp:689] Core 49: skipped 1024 AICore record slot(s) with start_time=0 (race-window write or recycled-buffer tail). buf seq=0 count=1024
[mono_ns=7230655212424613][T0xe124c17bbca0][WARN] copy_aicore_buffer: [chip_swimlane_collector.cpp:689] Core 17: skipped 1024 AICore record slot(s) with start_time=0 (race-window write or recycled-buffer tail). buf seq=0 count=1024
[mono_ns=7230655212440503][T0xe124c1fcbca0][WARN] copy_aicore_buffer: [chip_swimlane_collector.cpp:689] Core 16: skipped 1024 AICore record slot(s) with start_time=0 (race-window write or recycled-buffer tail). buf seq=0 count=1024
[mono_ns=7230655212443233][T0xe124ccd3aca0][WARN] copy_aicore_buffer: [chip_swimlane_collector.cpp:689] Core 15: skipped 1024 AICore record slot(s) with start_time=0 (race-window write or recycled-buffer tail). buf seq=0 count=1024
[mono_ns=7230655212754552][T0xe124c17bbca0][WARN] copy_aicore_buffer: [chip_swimlane_collector.cpp:689] Core 58: skipped 1024 AICore record slot(s) with start_time=0 (race-window write or recycled-buffer tail). buf seq=0 count=1024
[mono_ns=7230655212789432][T0xe124c1fcbca0][WARN] copy_aicore_buffer: [chip_swimlane_collector.cpp:689] Core 56: skipped 1024 AICore record slot(s) with start_time=0 (race-window write or recycled-buffer tail). buf seq=0 count=1024
[mono_ns=7230655212823052][T0xe124ccd3aca0][WARN] copy_aicore_buffer: [chip_swimlane_collector.cpp:689] Core 54: skipped 1024 AICore record slot(s) with start_time=0 (race-window write or recycled-buffer tail). buf seq=0 count=1024
[mono_ns=7230655213095972][T0xe124c17bbca0][WARN] copy_aicore_buffer: [chip_swimlane_collector.cpp:689] Core 59: skipped 1024 AICore record slot(s) with start_time=0 (race-window write or recycled-buffer tail). buf seq=0 count=1024
[mono_ns=7230655213174712][T0xe124c1fcbca0][WARN] copy_aicore_buffer: [chip_swimlane_collector.cpp:689] Core 57: skipped 1024 AICore record slot(s) with start_time=0 (race-window write or recycled-buffer tail). buf seq=0 count=1024
[mono_ns=7230655213204132][T0xe124ccd3aca0][WARN] copy_aicore_buffer: [chip_swimlane_collector.cpp:689] Core 55: skipped 1024 AICore record slot(s) with start_time=0 (race-window write or recycled-buffer tail). buf seq=0 count=1024
[mono_ns=7230655213426491][T0xe124c17bbca0][WARN] copy_aicore_buffer: [chip_swimlane_collector.cpp:689] Core 20: skipped 1024 AICore record slot(s) with start_time=0 (race-window write or recycled-buffer tail). buf seq=0 count=1024
[mono_ns=7230655213526351][T0xe124c1fcbca0][WARN] copy_aicore_buffer: [chip_swimlane_collector.cpp:689] Core 19: skipped 1024 AICore record slot(s) with start_time=0 (race-window write or recycled-buffer tail). buf seq=0 count=1024
[mono_ns=7230655213555101][T0xe124ccd3aca0][WARN] copy_aicore_buffer: [chip_swimlane_collector.cpp:689] Core 18: skipped 1024 AICore record slot(s) with start_time=0 (race-window write or recycled-buffer tail). buf seq=0 count=1024
[mono_ns=7230655213756311][T0xe124c17bbca0][WARN] copy_aicore_buffer: [chip_swimlane_collector.cpp:689] Core 64: skipped 1024 AICore record slot(s) with start_time=0 (race-window write or recycled-buffer tail). buf seq=0 count=1024
[mono_ns=7230655213877211][T0xe124c1fcbca0][WARN] copy_aicore_buffer: [chip_swimlane_collector.cpp:689] Core 62: skipped 1024 AICore record slot(s) with start_time=0 (race-window write or recycled-buffer tail). buf seq=0 count=1024
[mono_ns=7230655213909731][T0xe124ccd3aca0][WARN] copy_aicore_buffer: [chip_swimlane_collector.cpp:689] Core 60: skipped 1024 AICore record slot(s) with start_time=0 (race-window write or recycled-buffer tail). buf seq=0 count=1024
[mono_ns=7230655214095050][T0xe124c17bbca0][WARN] copy_aicore_buffer: [chip_swimlane_collector.cpp:689] Core 65: skipped 1024 AICore record slot(s) with start_time=0 (race-window write or recycled-buffer tail). buf seq=0 count=1024
[mono_ns=7230655214233880][T0xe124c1fcbca0][WARN] copy_aicore_buffer: [chip_swimlane_collector.cpp:689] Core 63: skipped 1024 AICore record slot(s) with start_time=0 (race-window write or recycled-buffer tail). buf seq=0 count=1024
[mono_ns=7230655214265810][T0xe124ccd3aca0][WARN] copy_aicore_buffer: [chip_swimlane_collector.cpp:689] Core 61: skipped 1024 AICore record slot(s) with start_time=0 (race-window write or recycled-buffer tail). buf seq=0 count=1024
[mono_ns=7230655214422890][T0xe124c17bbca0][WARN] copy_aicore_buffer: [chip_swimlane_collector.cpp:689] Core 23: skipped 1024 AICore record slot(s) with start_time=0 (race-window write or recycled-buffer tail). buf seq=0 count=1024
[mono_ns=7230655214576310][T0xe124c1fcbca0][WARN] copy_aicore_buffer: [chip_swimlane_collector.cpp:689] Core 22: skipped 1024 AICore record slot(s) with start_time=0 (race-window write or recycled-buffer tail). buf seq=0 count=1024
[mono_ns=7230655214621920][T0xe124ccd3aca0][WARN] copy_aicore_buffer: [chip_swimlane_collector.cpp:689] Core 21: skipped 1024 AICore record slot(s) with start_time=0 (race-window write or recycled-buffer tail). buf seq=0 count=1024
[mono_ns=7230655214772809][T0xe124c17bbca0][WARN] copy_aicore_buffer: [chip_swimlane_collector.cpp:689] Core 70: skipped 1024 AICore record slot(s) with start_time=0 (race-window write or recycled-buffer tail). buf seq=0 count=1024
[mono_ns=7230655214917049][T0xe124c1fcbca0][WARN] copy_aicore_buffer: [chip_swimlane_collector.cpp:689] Core 68: skipped 1024 AICore record slot(s) with start_time=0 (race-window write or recycled-buffer tail). buf seq=0 count=1024
[mono_ns=7230655214973929][T0xe124ccd3aca0][WARN] copy_aicore_buffer: [chip_swimlane_collector.cpp:689] Core 66: skipped 1024 AICore record slot(s) with start_time=0 (race-window write or recycled-buffer tail). buf seq=0 count=1024
[mono_ns=7230655215129039][T0xe124c17bbca0][WARN] copy_aicore_buffer: [chip_swimlane_collector.cpp:689] Core 71: skipped 1024 AICore record slot(s) with start_time=0 (race-window write or recycled-buffer tail). buf seq=0 count=1024
[mono_ns=7230655215265729][T0xe124c1fcbca0][WARN] copy_aicore_buffer: [chip_swimlane_collector.cpp:689] Core 69: skipped 1024 AICore record slot(s) with start_time=0 (race-window write or recycled-buffer tail). buf seq=0 count=1024
[mono_ns=7230655215341669][T0xe124ccd3aca0][WARN] copy_aicore_buffer: [chip_swimlane_collector.cpp:689] Core 67: skipped 1024 AICore record slot(s) with start_time=0 (race-window write or recycled-buffer tail). buf seq=0 count=1024
[mono_ns=7230655316235722][T0xe1261eb7b020][TIMING] emit_host_span: [STRACE] v=1 pid=360757 tid=360757 inv=6 hid=e01e36b4c86937b0 depth=1 name=chip.run.runner_run ts=7230655205843561 dur=110383571 
[mono_ns=7230655316514512][T0xe1261eb7b020][TIMING] emit_host_span: [STRACE] v=1 pid=360757 tid=360757 inv=6 hid=e01e36b4c86937b0 depth=1 name=chip.run.validate ts=7230655316245342 dur=263940 
[mono_ns=7230655316523991][T0xe1261eb7b020][TIMING] emit_host_span: [STRACE] v=1 pid=360757 tid=360757 inv=6 hid=e01e36b4c86937b0 depth=2 name=chip.run.runner_run.device_wall ts=0 dur=883540 clk=dev
[mono_ns=7230655316528611][T0xe1261eb7b020][TIMING] emit_host_span: [STRACE] v=1 pid=360757 tid=360757 inv=6 hid=e01e36b4c86937b0 depth=3 name=chip.run.runner_run.device_wall.preamble ts=0 dur=109860 clk=dev
[mono_ns=7230655316533061][T0xe1261eb7b020][TIMING] emit_host_span: [STRACE] v=1 pid=360757 tid=360757 inv=6 hid=e01e36b4c86937b0 depth=3 name=chip.run.runner_run.device_wall.graph_build ts=105400 dur=768800 clk=dev
[mono_ns=7230655316536521][T0xe1261eb7b020][TIMING] emit_host_span: [STRACE] v=1 pid=360757 tid=360757 inv=6 hid=e01e36b4c86937b0 depth=3 name=chip.run.runner_run.device_wall.config_validate ts=105500 dur=720 clk=dev
[mono_ns=7230655316539751][T0xe1261eb7b020][TIMING] emit_host_span: [STRACE] v=1 pid=360757 tid=360757 inv=6 hid=e01e36b4c86937b0 depth=3 name=chip.run.runner_run.device_wall.arena_wire ts=106260 dur=300 clk=dev
[mono_ns=7230655316542821][T0xe1261eb7b020][TIMING] emit_host_span: [STRACE] v=1 pid=360757 tid=360757 inv=6 hid=e01e36b4c86937b0 depth=3 name=chip.run.runner_run.device_wall.sm_reset ts=106580 dur=1140 clk=dev
[mono_ns=7230655316575401][T0xe1261eb7b020][TIMING] emit_host_span: [STRACE] v=1 pid=360757 tid=360757 inv=6 hid=e01e36b4c86937b0 depth=3 name=chip.run.runner_run.device_wall.post_orch ts=874280 dur=9160 clk=dev
[mono_ns=7230655316579331][T0xe1261eb7b020][TIMING] emit_host_span: [STRACE] v=1 pid=360757 tid=360757 inv=6 hid=e01e36b4c86937b0 depth=3 name=chip.run.runner_run.device_wall.orch ts=107760 dur=3320 clk=dev
[mono_ns=7230655316582391][T0xe1261eb7b020][TIMING] emit_host_span: [STRACE] v=1 pid=360757 tid=360757 inv=6 hid=e01e36b4c86937b0 depth=3 name=chip.run.runner_run.device_wall.sched ts=110000 dur=741020 clk=dev
[mono_ns=7230655316587401][T0xe1261eb7b020][TIMING] emit_host_span: [STRACE] v=1 pid=360757 tid=360757 inv=6 hid=e01e36b4c86937b0 depth=1 name=chip.run.claim_release ts=7230655316585171 dur=410 
[mono_ns=7230655316591961][T0xe1261eb7b020][TIMING] emit_host_span: [STRACE] v=1 pid=360757 tid=360757 inv=6 hid=e01e36b4c86937b0 depth=0 name=chip.run ts=7230655204903923 dur=111686068 run_id=6 dispatch_id=6 slot_id=0 generation=6 run_epoch=6
[mono_ns=7230660165818819][T0xe1261eb7b020][TIMING] emit_host_span: [STRACE] v=1 pid=360757 tid=360757 inv=7 hid=e01e36b4c86937b0 depth=2 name=chip.run.bind.args ts=7230660165549409 dur=259200 
[mono_ns=7230660165845229][T0xe1261eb7b020][TIMING] emit_host_span: [STRACE] v=1 pid=360757 tid=360757 inv=7 hid=e01e36b4c86937b0 depth=2 name=chip.run.bind.prebuilt ts=7230660165836689 dur=5780 
[mono_ns=7230660165881178][T0xe1261eb7b020][TIMING] emit_host_span: [STRACE] v=1 pid=360757 tid=360757 inv=7 hid=e01e36b4c86937b0 depth=1 name=chip.run.bind ts=7230660165533359 dur=344639 
[mono_ns=7230660274596687][T0xe1261eb7b020][TIMING] emit_host_span: [STRACE] v=1 pid=360757 tid=360757 inv=7 hid=e01e36b4c86937b0 depth=1 name=chip.run.runner_run ts=7230660166226908 dur=108358719 
[mono_ns=7230660274707117][T0xe1261eb7b020][TIMING] emit_host_span: [STRACE] v=1 pid=360757 tid=360757 inv=7 hid=e01e36b4c86937b0 depth=1 name=chip.run.validate ts=7230660274609037 dur=93430 
[mono_ns=7230660274715097][T0xe1261eb7b020][TIMING] emit_host_span: [STRACE] v=1 pid=360757 tid=360757 inv=7 hid=e01e36b4c86937b0 depth=2 name=chip.run.runner_run.device_wall ts=0 dur=1231520 clk=dev
[mono_ns=7230660274719797][T0xe1261eb7b020][TIMING] emit_host_span: [STRACE] v=1 pid=360757 tid=360757 inv=7 hid=e01e36b4c86937b0 depth=3 name=chip.run.runner_run.device_wall.preamble ts=0 dur=5400 clk=dev
[mono_ns=7230660274723267][T0xe1261eb7b020][TIMING] emit_host_span: [STRACE] v=1 pid=360757 tid=360757 inv=7 hid=e01e36b4c86937b0 depth=3 name=chip.run.runner_run.device_wall.graph_build ts=1480 dur=1220940 clk=dev
[mono_ns=7230660274726467][T0xe1261eb7b020][TIMING] emit_host_span: [STRACE] v=1 pid=360757 tid=360757 inv=7 hid=e01e36b4c86937b0 depth=3 name=chip.run.runner_run.device_wall.config_validate ts=1799 dur=1060 clk=dev
[mono_ns=7230660274730407][T0xe1261eb7b020][TIMING] emit_host_span: [STRACE] v=1 pid=360757 tid=360757 inv=7 hid=e01e36b4c86937b0 depth=3 name=chip.run.runner_run.device_wall.arena_wire ts=2900 dur=1300 clk=dev
[mono_ns=7230660274783147][T0xe1261eb7b020][TIMING] emit_host_span: [STRACE] v=1 pid=360757 tid=360757 inv=7 hid=e01e36b4c86937b0 depth=3 name=chip.run.runner_run.device_wall.sm_reset ts=4380 dur=2900 clk=dev
[mono_ns=7230660274786997][T0xe1261eb7b020][TIMING] emit_host_span: [STRACE] v=1 pid=360757 tid=360757 inv=7 hid=e01e36b4c86937b0 depth=3 name=chip.run.runner_run.device_wall.post_orch ts=1222480 dur=8840 clk=dev
[mono_ns=7230660274790087][T0xe1261eb7b020][TIMING] emit_host_span: [STRACE] v=1 pid=360757 tid=360757 inv=7 hid=e01e36b4c86937b0 depth=3 name=chip.run.runner_run.device_wall.orch ts=8140 dur=10200 clk=dev
[mono_ns=7230660274793157][T0xe1261eb7b020][TIMING] emit_host_span: [STRACE] v=1 pid=360757 tid=360757 inv=7 hid=e01e36b4c86937b0 depth=3 name=chip.run.runner_run.device_wall.sched ts=7659 dur=1207180 clk=dev
[mono_ns=7230660274798547][T0xe1261eb7b020][TIMING] emit_host_span: [STRACE] v=1 pid=360757 tid=360757 inv=7 hid=e01e36b4c86937b0 depth=1 name=chip.run.claim_release ts=7230660274795947 dur=340 
[mono_ns=7230660274803587][T0xe1261eb7b020][TIMING] emit_host_span: [STRACE] v=1 pid=360757 tid=360757 inv=7 hid=e01e36b4c86937b0 depth=0 name=chip.run ts=7230660165445889 dur=109355638 run_id=7 dispatch_id=7 slot_id=0 generation=7 run_epoch=7
[mono_ns=7230660281922808][T0xe1261eb7b020][TIMING] emit_host_span: [STRACE] v=1 pid=360757 tid=360757 inv=8 hid=e01e36b4c86937b0 depth=2 name=chip.run.bind.args ts=7230660281808608 dur=108590 
[mono_ns=7230660281936608][T0xe1261eb7b020][TIMING] emit_host_span: [STRACE] v=1 pid=360757 tid=360757 inv=8 hid=e01e36b4c86937b0 depth=2 name=chip.run.bind.prebuilt ts=7230660281930948 dur=3260 
[mono_ns=7230660281946618][T0xe1261eb7b020][TIMING] emit_host_span: [STRACE] v=1 pid=360757 tid=360757 inv=8 hid=e01e36b4c86937b0 depth=1 name=chip.run.bind ts=7230660281800138 dur=144250 
[mono_ns=7230660284218105][T0xe124c17bbca0][WARN] copy_aicore_buffer: [chip_swimlane_collector.cpp:689] Core 2: skipped 1024 AICore record slot(s) with start_time=0 (race-window write or recycled-buffer tail). buf seq=0 count=1024
[mono_ns=7230660284228795][T0xe124ccd3aca0][WARN] copy_aicore_buffer: [chip_swimlane_collector.cpp:689] Core 0: skipped 1024 AICore record slot(s) with start_time=0 (race-window write or recycled-buffer tail). buf seq=0 count=1024
[mono_ns=7230660284248225][T0xe124c1fcbca0][WARN] copy_aicore_buffer: [chip_swimlane_collector.cpp:689] Core 1: skipped 1024 AICore record slot(s) with start_time=0 (race-window write or recycled-buffer tail). buf seq=0 count=1024
[mono_ns=7230660284567104][T0xe124ccd3aca0][WARN] copy_aicore_buffer: [chip_swimlane_collector.cpp:689] Core 24: skipped 1023 AICore record slot(s) with start_time=0 (race-window write or recycled-buffer tail). buf seq=0 count=1024
[mono_ns=7230660284568284][T0xe124c17bbca0][WARN] copy_aicore_buffer: [chip_swimlane_collector.cpp:689] Core 28: skipped 1023 AICore record slot(s) with start_time=0 (race-window write or recycled-buffer tail). buf seq=0 count=1024
[mono_ns=7230660284638634][T0xe124c1fcbca0][WARN] copy_aicore_buffer: [chip_swimlane_collector.cpp:689] Core 26: skipped 1023 AICore record slot(s) with start_time=0 (race-window write or recycled-buffer tail). buf seq=0 count=1024
[mono_ns=7230660284894404][T0xe124c17bbca0][WARN] copy_aicore_buffer: [chip_swimlane_collector.cpp:689] Core 29: skipped 1024 AICore record slot(s) with start_time=0 (race-window write or recycled-buffer tail). buf seq=0 count=1024
[mono_ns=7230660284896014][T0xe124ccd3aca0][WARN] copy_aicore_buffer: [chip_swimlane_collector.cpp:689] Core 25: skipped 1024 AICore record slot(s) with start_time=0 (race-window write or recycled-buffer tail). buf seq=0 count=1024
[mono_ns=7230660284969454][T0xe124c1fcbca0][WARN] copy_aicore_buffer: [chip_swimlane_collector.cpp:689] Core 27: skipped 1024 AICore record slot(s) with start_time=0 (race-window write or recycled-buffer tail). buf seq=0 count=1024
[mono_ns=7230660285260143][T0xe124c17bbca0][WARN] copy_aicore_buffer: [chip_swimlane_collector.cpp:689] Core 5: skipped 1024 AICore record slot(s) with start_time=0 (race-window write or recycled-buffer tail). buf seq=0 count=1024
[mono_ns=7230660285268213][T0xe124ccd3aca0][WARN] copy_aicore_buffer: [chip_swimlane_collector.cpp:689] Core 3: skipped 1024 AICore record slot(s) with start_time=0 (race-window write or recycled-buffer tail). buf seq=0 count=1024
[mono_ns=7230660285311643][T0xe124c1fcbca0][WARN] copy_aicore_buffer: [chip_swimlane_collector.cpp:689] Core 4: skipped 1024 AICore record slot(s) with start_time=0 (race-window write or recycled-buffer tail). buf seq=0 count=1024
[mono_ns=7230660285589753][T0xe124c17bbca0][WARN] copy_aicore_buffer: [chip_swimlane_collector.cpp:689] Core 34: skipped 1024 AICore record slot(s) with start_time=0 (race-window write or recycled-buffer tail). buf seq=0 count=1024
[mono_ns=7230660285594593][T0xe124ccd3aca0][WARN] copy_aicore_buffer: [chip_swimlane_collector.cpp:689] Core 30: skipped 1024 AICore record slot(s) with start_time=0 (race-window write or recycled-buffer tail). buf seq=0 count=1024
[mono_ns=7230660285638293][T0xe124c1fcbca0][WARN] copy_aicore_buffer: [chip_swimlane_collector.cpp:689] Core 32: skipped 1024 AICore record slot(s) with start_time=0 (race-window write or recycled-buffer tail). buf seq=0 count=1024
[mono_ns=7230660285919663][T0xe124c17bbca0][WARN] copy_aicore_buffer: [chip_swimlane_collector.cpp:689] Core 35: skipped 1024 AICore record slot(s) with start_time=0 (race-window write or recycled-buffer tail). buf seq=0 count=1024
[mono_ns=7230660285996002][T0xe124c1fcbca0][WARN] copy_aicore_buffer: [chip_swimlane_collector.cpp:689] Core 33: skipped 1024 AICore record slot(s) with start_time=0 (race-window write or recycled-buffer tail). buf seq=0 count=1024
[mono_ns=7230660285996742][T0xe124ccd3aca0][WARN] copy_aicore_buffer: [chip_swimlane_collector.cpp:689] Core 31: skipped 1024 AICore record slot(s) with start_time=0 (race-window write or recycled-buffer tail). buf seq=0 count=1024
[mono_ns=7230660286260232][T0xe124c17bbca0][WARN] copy_aicore_buffer: [chip_swimlane_collector.cpp:689] Core 8: skipped 1024 AICore record slot(s) with start_time=0 (race-window write or recycled-buffer tail). buf seq=0 count=1024
[mono_ns=7230660286329402][T0xe124ccd3aca0][WARN] copy_aicore_buffer: [chip_swimlane_collector.cpp:689] Core 6: skipped 1024 AICore record slot(s) with start_time=0 (race-window write or recycled-buffer tail). buf seq=0 count=1024
[mono_ns=7230660286331092][T0xe124c1fcbca0][WARN] copy_aicore_buffer: [chip_swimlane_collector.cpp:689] Core 7: skipped 1024 AICore record slot(s) with start_time=0 (race-window write or recycled-buffer tail). buf seq=0 count=1024
[mono_ns=7230660286655792][T0xe124c1fcbca0][WARN] copy_aicore_buffer: [chip_swimlane_collector.cpp:689] Core 38: skipped 1024 AICore record slot(s) with start_time=0 (race-window write or recycled-buffer tail). buf seq=0 count=1024
[mono_ns=7230660286656902][T0xe124ccd3aca0][WARN] copy_aicore_buffer: [chip_swimlane_collector.cpp:689] Core 36: skipped 1024 AICore record slot(s) with start_time=0 (race-window write or recycled-buffer tail). buf seq=0 count=1024
[mono_ns=7230660286589592][T0xe124c17bbca0][WARN] copy_aicore_buffer: [chip_swimlane_collector.cpp:689] Core 40: skipped 1024 AICore record slot(s) with start_time=0 (race-window write or recycled-buffer tail). buf seq=0 count=1024
[mono_ns=7230660286983231][T0xe124ccd3aca0][WARN] copy_aicore_buffer: [chip_swimlane_collector.cpp:689] Core 37: skipped 1024 AICore record slot(s) with start_time=0 (race-window write or recycled-buffer tail). buf seq=0 count=1024
[mono_ns=7230660286983291][T0xe124c1fcbca0][WARN] copy_aicore_buffer: [chip_swimlane_collector.cpp:689] Core 39: skipped 1024 AICore record slot(s) with start_time=0 (race-window write or recycled-buffer tail). buf seq=0 count=1024
[mono_ns=7230660287011081][T0xe124c17bbca0][WARN] copy_aicore_buffer: [chip_swimlane_collector.cpp:689] Core 41: skipped 1024 AICore record slot(s) with start_time=0 (race-window write or recycled-buffer tail). buf seq=0 count=1024
[mono_ns=7230660287316521][T0xe124ccd3aca0][WARN] copy_aicore_buffer: [chip_swimlane_collector.cpp:689] Core 9: skipped 1024 AICore record slot(s) with start_time=0 (race-window write or recycled-buffer tail). buf seq=0 count=1024
[mono_ns=7230660287317281][T0xe124c1fcbca0][WARN] copy_aicore_buffer: [chip_swimlane_collector.cpp:689] Core 10: skipped 1024 AICore record slot(s) with start_time=0 (race-window write or recycled-buffer tail). buf seq=0 count=1024
[mono_ns=7230660287337661][T0xe124c17bbca0][WARN] copy_aicore_buffer: [chip_swimlane_collector.cpp:689] Core 11: skipped 1024 AICore record slot(s) with start_time=0 (race-window write or recycled-buffer tail). buf seq=0 count=1024
[mono_ns=7230660287643360][T0xe124ccd3aca0][WARN] copy_aicore_buffer: [chip_swimlane_collector.cpp:689] Core 42: skipped 1024 AICore record slot(s) with start_time=0 (race-window write or recycled-buffer tail). buf seq=0 count=1024
[mono_ns=7230660287643990][T0xe124c1fcbca0][WARN] copy_aicore_buffer: [chip_swimlane_collector.cpp:689] Core 44: skipped 1024 AICore record slot(s) with start_time=0 (race-window write or recycled-buffer tail). buf seq=0 count=1024
[mono_ns=7230660287668380][T0xe124c17bbca0][WARN] copy_aicore_buffer: [chip_swimlane_collector.cpp:689] Core 46: skipped 1024 AICore record slot(s) with start_time=0 (race-window write or recycled-buffer tail). buf seq=0 count=1024
[mono_ns=7230660287967950][T0xe124c1fcbca0][WARN] copy_aicore_buffer: [chip_swimlane_collector.cpp:689] Core 45: skipped 1024 AICore record slot(s) with start_time=0 (race-window write or recycled-buffer tail). buf seq=0 count=1024
[mono_ns=7230660287969300][T0xe124ccd3aca0][WARN] copy_aicore_buffer: [chip_swimlane_collector.cpp:689] Core 43: skipped 1024 AICore record slot(s) with start_time=0 (race-window write or recycled-buffer tail). buf seq=0 count=1024
[mono_ns=7230660287995410][T0xe124c17bbca0][WARN] copy_aicore_buffer: [chip_swimlane_collector.cpp:689] Core 47: skipped 1024 AICore record slot(s) with start_time=0 (race-window write or recycled-buffer tail). buf seq=0 count=1024
[mono_ns=7230660288303009][T0xe124ccd3aca0][WARN] copy_aicore_buffer: [chip_swimlane_collector.cpp:689] Core 12: skipped 1024 AICore record slot(s) with start_time=0 (race-window write or recycled-buffer tail). buf seq=0 count=1024
[mono_ns=7230660288304649][T0xe124c1fcbca0][WARN] copy_aicore_buffer: [chip_swimlane_collector.cpp:689] Core 13: skipped 1024 AICore record slot(s) with start_time=0 (race-window write or recycled-buffer tail). buf seq=0 count=1024
[mono_ns=7230660288331829][T0xe124c17bbca0][WARN] copy_aicore_buffer: [chip_swimlane_collector.cpp:689] Core 14: skipped 1024 AICore record slot(s) with start_time=0 (race-window write or recycled-buffer tail). buf seq=0 count=1024
[mono_ns=7230660288629799][T0xe124ccd3aca0][WARN] copy_aicore_buffer: [chip_swimlane_collector.cpp:689] Core 48: skipped 1024 AICore record slot(s) with start_time=0 (race-window write or recycled-buffer tail). buf seq=0 count=1024
[mono_ns=7230660288674799][T0xe124c1fcbca0][WARN] copy_aicore_buffer: [chip_swimlane_collector.cpp:689] Core 50: skipped 1024 AICore record slot(s) with start_time=0 (race-window write or recycled-buffer tail). buf seq=0 count=1024
[mono_ns=7230660288690009][T0xe124c17bbca0][WARN] copy_aicore_buffer: [chip_swimlane_collector.cpp:689] Core 52: skipped 1024 AICore record slot(s) with start_time=0 (race-window write or recycled-buffer tail). buf seq=0 count=1024
[mono_ns=7230660288955679][T0xe124ccd3aca0][WARN] copy_aicore_buffer: [chip_swimlane_collector.cpp:689] Core 49: skipped 1024 AICore record slot(s) with start_time=0 (race-window write or recycled-buffer tail). buf seq=0 count=1024
[mono_ns=7230660289006769][T0xe124c1fcbca0][WARN] copy_aicore_buffer: [chip_swimlane_collector.cpp:689] Core 51: skipped 1024 AICore record slot(s) with start_time=0 (race-window write or recycled-buffer tail). buf seq=0 count=1024
[mono_ns=7230660289021209][T0xe124c17bbca0][WARN] copy_aicore_buffer: [chip_swimlane_collector.cpp:689] Core 53: skipped 1024 AICore record slot(s) with start_time=0 (race-window write or recycled-buffer tail). buf seq=0 count=1024
[mono_ns=7230660289291398][T0xe124ccd3aca0][WARN] copy_aicore_buffer: [chip_swimlane_collector.cpp:689] Core 15: skipped 1024 AICore record slot(s) with start_time=0 (race-window write or recycled-buffer tail). buf seq=0 count=1024
[mono_ns=7230660289332798][T0xe124c1fcbca0][WARN] copy_aicore_buffer: [chip_swimlane_collector.cpp:689] Core 16: skipped 1024 AICore record slot(s) with start_time=0 (race-window write or recycled-buffer tail). buf seq=0 count=1024
[mono_ns=7230660289382468][T0xe124c17bbca0][WARN] copy_aicore_buffer: [chip_swimlane_collector.cpp:689] Core 17: skipped 1024 AICore record slot(s) with start_time=0 (race-window write or recycled-buffer tail). buf seq=0 count=1024
[mono_ns=7230660289618908][T0xe124ccd3aca0][WARN] copy_aicore_buffer: [chip_swimlane_collector.cpp:689] Core 54: skipped 1024 AICore record slot(s) with start_time=0 (race-window write or recycled-buffer tail). buf seq=0 count=1024
[mono_ns=7230660289659078][T0xe124c1fcbca0][WARN] copy_aicore_buffer: [chip_swimlane_collector.cpp:689] Core 56: skipped 1024 AICore record slot(s) with start_time=0 (race-window write or recycled-buffer tail). buf seq=0 count=1024
[mono_ns=7230660289707738][T0xe124c17bbca0][WARN] copy_aicore_buffer: [chip_swimlane_collector.cpp:689] Core 58: skipped 1024 AICore record slot(s) with start_time=0 (race-window write or recycled-buffer tail). buf seq=0 count=1024
[mono_ns=7230660289943457][T0xe124ccd3aca0][WARN] copy_aicore_buffer: [chip_swimlane_collector.cpp:689] Core 55: skipped 1024 AICore record slot(s) with start_time=0 (race-window write or recycled-buffer tail). buf seq=0 count=1024
[mono_ns=7230660289983087][T0xe124c1fcbca0][WARN] copy_aicore_buffer: [chip_swimlane_collector.cpp:689] Core 57: skipped 1024 AICore record slot(s) with start_time=0 (race-window write or recycled-buffer tail). buf seq=0 count=1024
[mono_ns=7230660290049417][T0xe124c17bbca0][WARN] copy_aicore_buffer: [chip_swimlane_collector.cpp:689] Core 59: skipped 1024 AICore record slot(s) with start_time=0 (race-window write or recycled-buffer tail). buf seq=0 count=1024
[mono_ns=7230660290279527][T0xe124ccd3aca0][WARN] copy_aicore_buffer: [chip_swimlane_collector.cpp:689] Core 18: skipped 1024 AICore record slot(s) with start_time=0 (race-window write or recycled-buffer tail). buf seq=0 count=1024
[mono_ns=7230660290362617][T0xe124c1fcbca0][WARN] copy_aicore_buffer: [chip_swimlane_collector.cpp:689] Core 19: skipped 1024 AICore record slot(s) with start_time=0 (race-window write or recycled-buffer tail). buf seq=0 count=1024
[mono_ns=7230660290373457][T0xe124c17bbca0][WARN] copy_aicore_buffer: [chip_swimlane_collector.cpp:689] Core 20: skipped 1024 AICore record slot(s) with start_time=0 (race-window write or recycled-buffer tail). buf seq=0 count=1024
[mono_ns=7230660290604806][T0xe124ccd3aca0][WARN] copy_aicore_buffer: [chip_swimlane_collector.cpp:689] Core 60: skipped 1024 AICore record slot(s) with start_time=0 (race-window write or recycled-buffer tail). buf seq=0 count=1024
[mono_ns=7230660290688536][T0xe124c1fcbca0][WARN] copy_aicore_buffer: [chip_swimlane_collector.cpp:689] Core 62: skipped 1024 AICore record slot(s) with start_time=0 (race-window write or recycled-buffer tail). buf seq=0 count=1024
[mono_ns=7230660290698296][T0xe124c17bbca0][WARN] copy_aicore_buffer: [chip_swimlane_collector.cpp:689] Core 64: skipped 1024 AICore record slot(s) with start_time=0 (race-window write or recycled-buffer tail). buf seq=0 count=1024
[mono_ns=7230660290928976][T0xe124ccd3aca0][WARN] copy_aicore_buffer: [chip_swimlane_collector.cpp:689] Core 61: skipped 1024 AICore record slot(s) with start_time=0 (race-window write or recycled-buffer tail). buf seq=0 count=1024
[mono_ns=7230660291024496][T0xe124c1fcbca0][WARN] copy_aicore_buffer: [chip_swimlane_collector.cpp:689] Core 63: skipped 1024 AICore record slot(s) with start_time=0 (race-window write or recycled-buffer tail). buf seq=0 count=1024
[mono_ns=7230660291027726][T0xe124c17bbca0][WARN] copy_aicore_buffer: [chip_swimlane_collector.cpp:689] Core 65: skipped 1024 AICore record slot(s) with start_time=0 (race-window write or recycled-buffer tail). buf seq=0 count=1024
[mono_ns=7230660291275126][T0xe124ccd3aca0][WARN] copy_aicore_buffer: [chip_swimlane_collector.cpp:689] Core 21: skipped 1024 AICore record slot(s) with start_time=0 (race-window write or recycled-buffer tail). buf seq=0 count=1024
[mono_ns=7230660291350465][T0xe124c1fcbca0][WARN] copy_aicore_buffer: [chip_swimlane_collector.cpp:689] Core 22: skipped 1024 AICore record slot(s) with start_time=0 (race-window write or recycled-buffer tail). buf seq=0 count=1024
[mono_ns=7230660291352755][T0xe124c17bbca0][WARN] copy_aicore_buffer: [chip_swimlane_collector.cpp:689] Core 23: skipped 1024 AICore record slot(s) with start_time=0 (race-window write or recycled-buffer tail). buf seq=0 count=1024
[mono_ns=7230660291600455][T0xe124ccd3aca0][WARN] copy_aicore_buffer: [chip_swimlane_collector.cpp:689] Core 66: skipped 1024 AICore record slot(s) with start_time=0 (race-window write or recycled-buffer tail). buf seq=0 count=1024
[mono_ns=7230660291676165][T0xe124c1fcbca0][WARN] copy_aicore_buffer: [chip_swimlane_collector.cpp:689] Core 68: skipped 1024 AICore record slot(s) with start_time=0 (race-window write or recycled-buffer tail). buf seq=0 count=1024
[mono_ns=7230660291678385][T0xe124c17bbca0][WARN] copy_aicore_buffer: [chip_swimlane_collector.cpp:689] Core 70: skipped 1024 AICore record slot(s) with start_time=0 (race-window write or recycled-buffer tail). buf seq=0 count=1024
[mono_ns=7230660291927085][T0xe124ccd3aca0][WARN] copy_aicore_buffer: [chip_swimlane_collector.cpp:689] Core 67: skipped 1024 AICore record slot(s) with start_time=0 (race-window write or recycled-buffer tail). buf seq=0 count=1024
[mono_ns=7230660292007695][T0xe124c1fcbca0][WARN] copy_aicore_buffer: [chip_swimlane_collector.cpp:689] Core 69: skipped 1024 AICore record slot(s) with start_time=0 (race-window write or recycled-buffer tail). buf seq=0 count=1024
[mono_ns=7230660292042625][T0xe124c17bbca0][WARN] copy_aicore_buffer: [chip_swimlane_collector.cpp:689] Core 71: skipped 1024 AICore record slot(s) with start_time=0 (race-window write or recycled-buffer tail). buf seq=0 count=1024
[mono_ns=7230660392794354][T0xe1261eb7b020][TIMING] emit_host_span: [STRACE] v=1 pid=360757 tid=360757 inv=8 hid=e01e36b4c86937b0 depth=1 name=chip.run.runner_run ts=7230660282272557 dur=110515887 
[mono_ns=7230660392881554][T0xe1261eb7b020][TIMING] emit_host_span: [STRACE] v=1 pid=360757 tid=360757 inv=8 hid=e01e36b4c86937b0 depth=1 name=chip.run.validate ts=7230660392802014 dur=75980 
[mono_ns=7230660392888984][T0xe1261eb7b020][TIMING] emit_host_span: [STRACE] v=1 pid=360757 tid=360757 inv=8 hid=e01e36b4c86937b0 depth=2 name=chip.run.runner_run.device_wall ts=0 dur=1421720 clk=dev
[mono_ns=7230660392893064][T0xe1261eb7b020][TIMING] emit_host_span: [STRACE] v=1 pid=360757 tid=360757 inv=8 hid=e01e36b4c86937b0 depth=3 name=chip.run.runner_run.device_wall.preamble ts=0 dur=107660 clk=dev
[mono_ns=7230660392929904][T0xe1261eb7b020][TIMING] emit_host_span: [STRACE] v=1 pid=360757 tid=360757 inv=8 hid=e01e36b4c86937b0 depth=3 name=chip.run.runner_run.device_wall.graph_build ts=103580 dur=1309159 clk=dev
[mono_ns=7230660392933554][T0xe1261eb7b020][TIMING] emit_host_span: [STRACE] v=1 pid=360757 tid=360757 inv=8 hid=e01e36b4c86937b0 depth=3 name=chip.run.runner_run.device_wall.config_validate ts=103700 dur=1020 clk=dev
[mono_ns=7230660392936884][T0xe1261eb7b020][TIMING] emit_host_span: [STRACE] v=1 pid=360757 tid=360757 inv=8 hid=e01e36b4c86937b0 depth=3 name=chip.run.runner_run.device_wall.arena_wire ts=104760 dur=580 clk=dev
[mono_ns=7230660392940574][T0xe1261eb7b020][TIMING] emit_host_span: [STRACE] v=1 pid=360757 tid=360757 inv=8 hid=e01e36b4c86937b0 depth=3 name=chip.run.runner_run.device_wall.sm_reset ts=105380 dur=840 clk=dev
[mono_ns=7230660392943714][T0xe1261eb7b020][TIMING] emit_host_span: [STRACE] v=1 pid=360757 tid=360757 inv=8 hid=e01e36b4c86937b0 depth=3 name=chip.run.runner_run.device_wall.post_orch ts=1412780 dur=8840 clk=dev
[mono_ns=7230660392946604][T0xe1261eb7b020][TIMING] emit_host_span: [STRACE] v=1 pid=360757 tid=360757 inv=8 hid=e01e36b4c86937b0 depth=3 name=chip.run.runner_run.device_wall.orch ts=106260 dur=4060 clk=dev
[mono_ns=7230660392949714][T0xe1261eb7b020][TIMING] emit_host_span: [STRACE] v=1 pid=360757 tid=360757 inv=8 hid=e01e36b4c86937b0 depth=3 name=chip.run.runner_run.device_wall.sched ts=107820 dur=1281940 clk=dev
[mono_ns=7230660392953874][T0xe1261eb7b020][TIMING] emit_host_span: [STRACE] v=1 pid=360757 tid=360757 inv=8 hid=e01e36b4c86937b0 depth=1 name=chip.run.claim_release ts=7230660392951764 dur=290 
[mono_ns=7230660392984843][T0xe1261eb7b020][TIMING] emit_host_span: [STRACE] v=1 pid=360757 tid=360757 inv=8 hid=e01e36b4c86937b0 depth=0 name=chip.run ts=7230660281769298 dur=111213225 run_id=8 dispatch_id=8 slot_id=0 generation=8 run_epoch=8
