cmd=/usr/local/python3.12.13/bin/python /opt/pypto-profiling/collectives/a1_alltoallv/harness/all_to_all_v_benchmark.py --ep 8 --peer-bytes 33554432 --count-pattern uniform --core-num 16 --impl managed-host --rounds 30 --warmup 3 --profile both --swimlane-rounds 4 --platform a2a3 --devices 0,1,2,3,4,5,6,7 --output-json /opt/pypto-profiling/reports/issue-2521-k3-bw-ceiling-2026-09-25/json/p8_l16_managed-host_uniform_33554432.json --output-dir /opt/pypto-profiling/reports/issue-2521-k3-bw-ceiling-2026-09-25/builds/p8_l16_managed-host_uniform_33554432
rc=1
----- stdout -----

----- stderr -----
Traceback (most recent call last):
  File "/opt/pypto-profiling/collectives/a1_alltoallv/harness/all_to_all_v_benchmark.py", line 1224, in <module>
    raise SystemExit(main())
                     ^^^^^^
  File "/opt/pypto-profiling/collectives/a1_alltoallv/harness/all_to_all_v_benchmark.py", line 1213, in main
    doc = run_benchmark(args, shape)
          ^^^^^^^^^^^^^^^^^^^^^^^^^^
  File "/opt/pypto-profiling/collectives/a1_alltoallv/harness/all_to_all_v_benchmark.py", line 1035, in run_benchmark
    compiled = _compile(
               ^^^^^^^^^
  File "/opt/pypto-profiling/collectives/a1_alltoallv/harness/all_to_all_v_benchmark.py", line 915, in _compile
    return ir.compile(
           ^^^^^^^^^^^
  File "/opt/pypto/python/pypto/ir/compile.py", line 443, in compile
    pipeline = _run_pass_pipeline(
               ^^^^^^^^^^^^^^^^^^^
  File "/opt/pypto/python/pypto/ir/compile.py", line 249, in _run_pass_pipeline
    transformed_program = pm.run_passes(
                          ^^^^^^^^^^^^^^
  File "/opt/pypto/python/pypto/ir/pass_manager.py", line 464, in run_passes
    return self._pipeline.run(input_ir)
           ^^^^^^^^^^^^^^^^^^^^^^^^^^^^
ValueError: Unroll loop trip count 2048 exceeds maximum allowed (1024). Reduce the loop range or use pl.range() instead

