[mono_ns=7229972262633996][T0xee88931bb020][TIMING] emit_host_span: [STRACE] v=1 pid=88573 tid=88573 inv=1 hid=931fcff710c4993d depth=2 name=chip.run.bind.args ts=7229972262526595 dur=99951 
[mono_ns=7229972262652576][T0xee88931bb020][TIMING] emit_host_span: [STRACE] v=1 pid=88573 tid=88573 inv=1 hid=931fcff710c4993d depth=2 name=chip.run.bind.prebuilt ts=7229972262645916 dur=3870 
[mono_ns=7229972262657806][T0xee88931bb020][TIMING] emit_host_span: [STRACE] v=1 pid=88573 tid=88573 inv=1 hid=931fcff710c4993d depth=1 name=chip.run.bind ts=7229972262103563 dur=551783 
[mono_ns=7229972376971102][T0xee88931bb020][TIMING] emit_host_span: [STRACE] v=1 pid=88573 tid=88573 inv=1 hid=931fcff710c4993d depth=1 name=chip.run.runner_run ts=7229972263310339 dur=113648943 
[mono_ns=7229972377102213][T0xee88931bb020][TIMING] emit_host_span: [STRACE] v=1 pid=88573 tid=88573 inv=1 hid=931fcff710c4993d depth=1 name=chip.run.validate ts=7229972376984102 dur=114011 
[mono_ns=7229972377111003][T0xee88931bb020][TIMING] emit_host_span: [STRACE] v=1 pid=88573 tid=88573 inv=1 hid=931fcff710c4993d depth=2 name=chip.run.runner_run.device_wall ts=0 dur=4277519 clk=dev
[mono_ns=7229972377115693][T0xee88931bb020][TIMING] emit_host_span: [STRACE] v=1 pid=88573 tid=88573 inv=1 hid=931fcff710c4993d depth=3 name=chip.run.runner_run.device_wall.preamble ts=0 dur=157700 clk=dev
[mono_ns=7229972377119603][T0xee88931bb020][TIMING] emit_host_span: [STRACE] v=1 pid=88573 tid=88573 inv=1 hid=931fcff710c4993d depth=3 name=chip.run.runner_run.device_wall.graph_build ts=38559 dur=4218880 clk=dev
[mono_ns=7229972377124383][T0xee88931bb020][TIMING] emit_host_span: [STRACE] v=1 pid=88573 tid=88573 inv=1 hid=931fcff710c4993d depth=3 name=chip.run.runner_run.device_wall.config_validate ts=42900 dur=3180 clk=dev
[mono_ns=7229972377128093][T0xee88931bb020][TIMING] emit_host_span: [STRACE] v=1 pid=88573 tid=88573 inv=1 hid=931fcff710c4993d depth=3 name=chip.run.runner_run.device_wall.arena_wire ts=46120 dur=11760 clk=dev
[mono_ns=7229972377131593][T0xee88931bb020][TIMING] emit_host_span: [STRACE] v=1 pid=88573 tid=88573 inv=1 hid=931fcff710c4993d depth=3 name=chip.run.runner_run.device_wall.sm_reset ts=58040 dur=17300 clk=dev
[mono_ns=7229972377135043][T0xee88931bb020][TIMING] emit_host_span: [STRACE] v=1 pid=88573 tid=88573 inv=1 hid=931fcff710c4993d depth=3 name=chip.run.runner_run.device_wall.post_orch ts=4257559 dur=16460 clk=dev
[mono_ns=7229972377138343][T0xee88931bb020][TIMING] emit_host_span: [STRACE] v=1 pid=88573 tid=88573 inv=1 hid=931fcff710c4993d depth=3 name=chip.run.runner_run.device_wall.orch ts=80300 dur=42419 clk=dev
[mono_ns=7229972377141743][T0xee88931bb020][TIMING] emit_host_span: [STRACE] v=1 pid=88573 tid=88573 inv=1 hid=931fcff710c4993d depth=3 name=chip.run.runner_run.device_wall.sched ts=159400 dur=4075380 clk=dev
[mono_ns=7229972377147733][T0xee88931bb020][TIMING] emit_host_span: [STRACE] v=1 pid=88573 tid=88573 inv=1 hid=931fcff710c4993d depth=1 name=chip.run.claim_release ts=7229972377145103 dur=640 
[mono_ns=7229972377153883][T0xee88931bb020][TIMING] emit_host_span: [STRACE] v=1 pid=88573 tid=88573 inv=1 hid=931fcff710c4993d depth=0 name=chip.run ts=7229972262062953 dur=115088610 run_id=1 dispatch_id=1 slot_id=0 generation=1 run_epoch=1
[mono_ns=7229972386971885][T0xee88931bb020][TIMING] emit_host_span: [STRACE] v=1 pid=88573 tid=88573 inv=2 hid=931fcff710c4993d depth=2 name=chip.run.bind.args ts=7229972386857114 dur=109911 
[mono_ns=7229972386987545][T0xee88931bb020][TIMING] emit_host_span: [STRACE] v=1 pid=88573 tid=88573 inv=2 hid=931fcff710c4993d depth=2 name=chip.run.bind.prebuilt ts=7229972386979935 dur=5080 
[mono_ns=7229972386992725][T0xee88931bb020][TIMING] emit_host_span: [STRACE] v=1 pid=88573 tid=88573 inv=2 hid=931fcff710c4993d depth=1 name=chip.run.bind ts=7229972386846424 dur=143651 
[mono_ns=7229972464363966][T0xee8737c8bca0][WARN] copy_aicore_buffer: [chip_swimlane_collector.cpp:689] Core 0: skipped 1024 AICore record slot(s) with start_time=0 (race-window write or recycled-buffer tail). buf seq=0 count=1024
[mono_ns=7229972464368986][T0xee8736c6bca0][WARN] copy_aicore_buffer: [chip_swimlane_collector.cpp:689] Core 2: skipped 1024 AICore record slot(s) with start_time=0 (race-window write or recycled-buffer tail). buf seq=0 count=1024
[mono_ns=7229972464386676][T0xee873747bca0][WARN] copy_aicore_buffer: [chip_swimlane_collector.cpp:689] Core 1: skipped 1024 AICore record slot(s) with start_time=0 (race-window write or recycled-buffer tail). buf seq=0 count=1024
[mono_ns=7229972464671537][T0xee8736c6bca0][WARN] copy_aicore_buffer: [chip_swimlane_collector.cpp:689] Core 28: skipped 1022 AICore record slot(s) with start_time=0 (race-window write or recycled-buffer tail). buf seq=0 count=1024
[mono_ns=7229972464671887][T0xee8737c8bca0][WARN] copy_aicore_buffer: [chip_swimlane_collector.cpp:689] Core 24: skipped 1024 AICore record slot(s) with start_time=0 (race-window write or recycled-buffer tail). buf seq=0 count=1024
[mono_ns=7229972464688097][T0xee873747bca0][WARN] copy_aicore_buffer: [chip_swimlane_collector.cpp:689] Core 26: skipped 1023 AICore record slot(s) with start_time=0 (race-window write or recycled-buffer tail). buf seq=0 count=1024
[mono_ns=7229972464967119][T0xee8737c8bca0][WARN] copy_aicore_buffer: [chip_swimlane_collector.cpp:689] Core 25: skipped 1024 AICore record slot(s) with start_time=0 (race-window write or recycled-buffer tail). buf seq=0 count=1024
[mono_ns=7229972464969049][T0xee8736c6bca0][WARN] copy_aicore_buffer: [chip_swimlane_collector.cpp:689] Core 29: skipped 1024 AICore record slot(s) with start_time=0 (race-window write or recycled-buffer tail). buf seq=0 count=1024
[mono_ns=7229972464982349][T0xee873747bca0][WARN] copy_aicore_buffer: [chip_swimlane_collector.cpp:689] Core 27: skipped 1024 AICore record slot(s) with start_time=0 (race-window write or recycled-buffer tail). buf seq=0 count=1024
[mono_ns=7229972465273730][T0xee8737c8bca0][WARN] copy_aicore_buffer: [chip_swimlane_collector.cpp:689] Core 3: skipped 1024 AICore record slot(s) with start_time=0 (race-window write or recycled-buffer tail). buf seq=0 count=1024
[mono_ns=7229972465278700][T0xee8736c6bca0][WARN] copy_aicore_buffer: [chip_swimlane_collector.cpp:689] Core 5: skipped 1024 AICore record slot(s) with start_time=0 (race-window write or recycled-buffer tail). buf seq=0 count=1024
[mono_ns=7229972465297951][T0xee873747bca0][WARN] copy_aicore_buffer: [chip_swimlane_collector.cpp:689] Core 4: skipped 1024 AICore record slot(s) with start_time=0 (race-window write or recycled-buffer tail). buf seq=0 count=1024
[mono_ns=7229972465583022][T0xee8737c8bca0][WARN] copy_aicore_buffer: [chip_swimlane_collector.cpp:689] Core 30: skipped 1024 AICore record slot(s) with start_time=0 (race-window write or recycled-buffer tail). buf seq=0 count=1024
[mono_ns=7229972465600072][T0xee8736c6bca0][WARN] copy_aicore_buffer: [chip_swimlane_collector.cpp:689] Core 34: skipped 1024 AICore record slot(s) with start_time=0 (race-window write or recycled-buffer tail). buf seq=0 count=1024
[mono_ns=7229972465630292][T0xee873747bca0][WARN] copy_aicore_buffer: [chip_swimlane_collector.cpp:689] Core 32: skipped 1024 AICore record slot(s) with start_time=0 (race-window write or recycled-buffer tail). buf seq=0 count=1024
[mono_ns=7229972465886374][T0xee8737c8bca0][WARN] copy_aicore_buffer: [chip_swimlane_collector.cpp:689] Core 31: skipped 1024 AICore record slot(s) with start_time=0 (race-window write or recycled-buffer tail). buf seq=0 count=1024
[mono_ns=7229972465904464][T0xee8736c6bca0][WARN] copy_aicore_buffer: [chip_swimlane_collector.cpp:689] Core 35: skipped 1024 AICore record slot(s) with start_time=0 (race-window write or recycled-buffer tail). buf seq=0 count=1024
[mono_ns=7229972465942364][T0xee873747bca0][WARN] copy_aicore_buffer: [chip_swimlane_collector.cpp:689] Core 33: skipped 1024 AICore record slot(s) with start_time=0 (race-window write or recycled-buffer tail). buf seq=0 count=1024
[mono_ns=7229972466205825][T0xee8737c8bca0][WARN] copy_aicore_buffer: [chip_swimlane_collector.cpp:689] Core 6: skipped 1024 AICore record slot(s) with start_time=0 (race-window write or recycled-buffer tail). buf seq=0 count=1024
[mono_ns=7229972466215875][T0xee8736c6bca0][WARN] copy_aicore_buffer: [chip_swimlane_collector.cpp:689] Core 8: skipped 1024 AICore record slot(s) with start_time=0 (race-window write or recycled-buffer tail). buf seq=0 count=1024
[mono_ns=7229972466260136][T0xee873747bca0][WARN] copy_aicore_buffer: [chip_swimlane_collector.cpp:689] Core 7: skipped 1024 AICore record slot(s) with start_time=0 (race-window write or recycled-buffer tail). buf seq=0 count=1024
[mono_ns=7229972466508777][T0xee8737c8bca0][WARN] copy_aicore_buffer: [chip_swimlane_collector.cpp:689] Core 36: skipped 1024 AICore record slot(s) with start_time=0 (race-window write or recycled-buffer tail). buf seq=0 count=1024
[mono_ns=7229972466519197][T0xee8736c6bca0][WARN] copy_aicore_buffer: [chip_swimlane_collector.cpp:689] Core 40: skipped 1024 AICore record slot(s) with start_time=0 (race-window write or recycled-buffer tail). buf seq=0 count=1024
[mono_ns=7229972466572557][T0xee873747bca0][WARN] copy_aicore_buffer: [chip_swimlane_collector.cpp:689] Core 38: skipped 1024 AICore record slot(s) with start_time=0 (race-window write or recycled-buffer tail). buf seq=0 count=1024
[mono_ns=7229972466806089][T0xee8737c8bca0][WARN] copy_aicore_buffer: [chip_swimlane_collector.cpp:689] Core 37: skipped 1024 AICore record slot(s) with start_time=0 (race-window write or recycled-buffer tail). buf seq=0 count=1024
[mono_ns=7229972466821609][T0xee8736c6bca0][WARN] copy_aicore_buffer: [chip_swimlane_collector.cpp:689] Core 41: skipped 1024 AICore record slot(s) with start_time=0 (race-window write or recycled-buffer tail). buf seq=0 count=1024
[mono_ns=7229972466881209][T0xee873747bca0][WARN] copy_aicore_buffer: [chip_swimlane_collector.cpp:689] Core 39: skipped 1024 AICore record slot(s) with start_time=0 (race-window write or recycled-buffer tail). buf seq=0 count=1024
[mono_ns=7229972467119320][T0xee8737c8bca0][WARN] copy_aicore_buffer: [chip_swimlane_collector.cpp:689] Core 9: skipped 1024 AICore record slot(s) with start_time=0 (race-window write or recycled-buffer tail). buf seq=0 count=1024
[mono_ns=7229972467134290][T0xee8736c6bca0][WARN] copy_aicore_buffer: [chip_swimlane_collector.cpp:689] Core 11: skipped 1024 AICore record slot(s) with start_time=0 (race-window write or recycled-buffer tail). buf seq=0 count=1024
[mono_ns=7229972467199431][T0xee873747bca0][WARN] copy_aicore_buffer: [chip_swimlane_collector.cpp:689] Core 10: skipped 1024 AICore record slot(s) with start_time=0 (race-window write or recycled-buffer tail). buf seq=0 count=1024
[mono_ns=7229972467420592][T0xee8737c8bca0][WARN] copy_aicore_buffer: [chip_swimlane_collector.cpp:689] Core 42: skipped 1024 AICore record slot(s) with start_time=0 (race-window write or recycled-buffer tail). buf seq=0 count=1024
[mono_ns=7229972467439912][T0xee8736c6bca0][WARN] copy_aicore_buffer: [chip_swimlane_collector.cpp:689] Core 46: skipped 1024 AICore record slot(s) with start_time=0 (race-window write or recycled-buffer tail). buf seq=0 count=1024
[mono_ns=7229972467509362][T0xee873747bca0][WARN] copy_aicore_buffer: [chip_swimlane_collector.cpp:689] Core 44: skipped 1024 AICore record slot(s) with start_time=0 (race-window write or recycled-buffer tail). buf seq=0 count=1024
[mono_ns=7229972467724203][T0xee8737c8bca0][WARN] copy_aicore_buffer: [chip_swimlane_collector.cpp:689] Core 43: skipped 1024 AICore record slot(s) with start_time=0 (race-window write or recycled-buffer tail). buf seq=0 count=1024
[mono_ns=7229972467744704][T0xee8736c6bca0][WARN] copy_aicore_buffer: [chip_swimlane_collector.cpp:689] Core 47: skipped 1024 AICore record slot(s) with start_time=0 (race-window write or recycled-buffer tail). buf seq=0 count=1024
[mono_ns=7229972467818044][T0xee873747bca0][WARN] copy_aicore_buffer: [chip_swimlane_collector.cpp:689] Core 45: skipped 1024 AICore record slot(s) with start_time=0 (race-window write or recycled-buffer tail). buf seq=0 count=1024
[mono_ns=7229972468036665][T0xee8737c8bca0][WARN] copy_aicore_buffer: [chip_swimlane_collector.cpp:689] Core 12: skipped 1024 AICore record slot(s) with start_time=0 (race-window write or recycled-buffer tail). buf seq=0 count=1024
[mono_ns=7229972468056805][T0xee8736c6bca0][WARN] copy_aicore_buffer: [chip_swimlane_collector.cpp:689] Core 14: skipped 1024 AICore record slot(s) with start_time=0 (race-window write or recycled-buffer tail). buf seq=0 count=1024
[mono_ns=7229972468133486][T0xee873747bca0][WARN] copy_aicore_buffer: [chip_swimlane_collector.cpp:689] Core 13: skipped 1024 AICore record slot(s) with start_time=0 (race-window write or recycled-buffer tail). buf seq=0 count=1024
[mono_ns=7229972468339247][T0xee8737c8bca0][WARN] copy_aicore_buffer: [chip_swimlane_collector.cpp:689] Core 48: skipped 1024 AICore record slot(s) with start_time=0 (race-window write or recycled-buffer tail). buf seq=0 count=1024
[mono_ns=7229972468362757][T0xee8736c6bca0][WARN] copy_aicore_buffer: [chip_swimlane_collector.cpp:689] Core 52: skipped 1024 AICore record slot(s) with start_time=0 (race-window write or recycled-buffer tail). buf seq=0 count=1024
[mono_ns=7229972468444957][T0xee873747bca0][WARN] copy_aicore_buffer: [chip_swimlane_collector.cpp:689] Core 50: skipped 1024 AICore record slot(s) with start_time=0 (race-window write or recycled-buffer tail). buf seq=0 count=1024
[mono_ns=7229972468643068][T0xee8737c8bca0][WARN] copy_aicore_buffer: [chip_swimlane_collector.cpp:689] Core 49: skipped 1024 AICore record slot(s) with start_time=0 (race-window write or recycled-buffer tail). buf seq=0 count=1024
[mono_ns=7229972468665618][T0xee8736c6bca0][WARN] copy_aicore_buffer: [chip_swimlane_collector.cpp:689] Core 53: skipped 1024 AICore record slot(s) with start_time=0 (race-window write or recycled-buffer tail). buf seq=0 count=1024
[mono_ns=7229972468753759][T0xee873747bca0][WARN] copy_aicore_buffer: [chip_swimlane_collector.cpp:689] Core 51: skipped 1024 AICore record slot(s) with start_time=0 (race-window write or recycled-buffer tail). buf seq=0 count=1024
[mono_ns=7229972468947240][T0xee8737c8bca0][WARN] copy_aicore_buffer: [chip_swimlane_collector.cpp:689] Core 15: skipped 1024 AICore record slot(s) with start_time=0 (race-window write or recycled-buffer tail). buf seq=0 count=1024
[mono_ns=7229972468969600][T0xee8736c6bca0][WARN] copy_aicore_buffer: [chip_swimlane_collector.cpp:689] Core 17: skipped 1024 AICore record slot(s) with start_time=0 (race-window write or recycled-buffer tail). buf seq=0 count=1024
[mono_ns=7229972469077751][T0xee873747bca0][WARN] copy_aicore_buffer: [chip_swimlane_collector.cpp:689] Core 16: skipped 1024 AICore record slot(s) with start_time=0 (race-window write or recycled-buffer tail). buf seq=0 count=1024
[mono_ns=7229972469259522][T0xee8737c8bca0][WARN] copy_aicore_buffer: [chip_swimlane_collector.cpp:689] Core 54: skipped 1024 AICore record slot(s) with start_time=0 (race-window write or recycled-buffer tail). buf seq=0 count=1024
[mono_ns=7229972469284132][T0xee8736c6bca0][WARN] copy_aicore_buffer: [chip_swimlane_collector.cpp:689] Core 58: skipped 1024 AICore record slot(s) with start_time=0 (race-window write or recycled-buffer tail). buf seq=0 count=1024
[mono_ns=7229972469384362][T0xee873747bca0][WARN] copy_aicore_buffer: [chip_swimlane_collector.cpp:689] Core 56: skipped 1024 AICore record slot(s) with start_time=0 (race-window write or recycled-buffer tail). buf seq=0 count=1024
[mono_ns=7229972469564353][T0xee8737c8bca0][WARN] copy_aicore_buffer: [chip_swimlane_collector.cpp:689] Core 55: skipped 1024 AICore record slot(s) with start_time=0 (race-window write or recycled-buffer tail). buf seq=0 count=1024
[mono_ns=7229972469585303][T0xee8736c6bca0][WARN] copy_aicore_buffer: [chip_swimlane_collector.cpp:689] Core 59: skipped 1024 AICore record slot(s) with start_time=0 (race-window write or recycled-buffer tail). buf seq=0 count=1024
[mono_ns=7229972469693454][T0xee873747bca0][WARN] copy_aicore_buffer: [chip_swimlane_collector.cpp:689] Core 57: skipped 1024 AICore record slot(s) with start_time=0 (race-window write or recycled-buffer tail). buf seq=0 count=1024
[mono_ns=7229972469867625][T0xee8737c8bca0][WARN] copy_aicore_buffer: [chip_swimlane_collector.cpp:689] Core 18: skipped 1024 AICore record slot(s) with start_time=0 (race-window write or recycled-buffer tail). buf seq=0 count=1024
[mono_ns=7229972469885665][T0xee8736c6bca0][WARN] copy_aicore_buffer: [chip_swimlane_collector.cpp:689] Core 20: skipped 1024 AICore record slot(s) with start_time=0 (race-window write or recycled-buffer tail). buf seq=0 count=1024
[mono_ns=7229972470012586][T0xee873747bca0][WARN] copy_aicore_buffer: [chip_swimlane_collector.cpp:689] Core 19: skipped 1024 AICore record slot(s) with start_time=0 (race-window write or recycled-buffer tail). buf seq=0 count=1024
[mono_ns=7229972470177546][T0xee8737c8bca0][WARN] copy_aicore_buffer: [chip_swimlane_collector.cpp:689] Core 60: skipped 1024 AICore record slot(s) with start_time=0 (race-window write or recycled-buffer tail). buf seq=0 count=1024
[mono_ns=7229972470192607][T0xee8736c6bca0][WARN] copy_aicore_buffer: [chip_swimlane_collector.cpp:689] Core 64: skipped 1024 AICore record slot(s) with start_time=0 (race-window write or recycled-buffer tail). buf seq=0 count=1024
[mono_ns=7229972470320937][T0xee873747bca0][WARN] copy_aicore_buffer: [chip_swimlane_collector.cpp:689] Core 62: skipped 1024 AICore record slot(s) with start_time=0 (race-window write or recycled-buffer tail). buf seq=0 count=1024
[mono_ns=7229972470480408][T0xee8737c8bca0][WARN] copy_aicore_buffer: [chip_swimlane_collector.cpp:689] Core 61: skipped 1024 AICore record slot(s) with start_time=0 (race-window write or recycled-buffer tail). buf seq=0 count=1024
[mono_ns=7229972470492028][T0xee8736c6bca0][WARN] copy_aicore_buffer: [chip_swimlane_collector.cpp:689] Core 65: skipped 1024 AICore record slot(s) with start_time=0 (race-window write or recycled-buffer tail). buf seq=0 count=1024
[mono_ns=7229972470628339][T0xee873747bca0][WARN] copy_aicore_buffer: [chip_swimlane_collector.cpp:689] Core 63: skipped 1024 AICore record slot(s) with start_time=0 (race-window write or recycled-buffer tail). buf seq=0 count=1024
[mono_ns=7229972470785730][T0xee8737c8bca0][WARN] copy_aicore_buffer: [chip_swimlane_collector.cpp:689] Core 21: skipped 1024 AICore record slot(s) with start_time=0 (race-window write or recycled-buffer tail). buf seq=0 count=1024
[mono_ns=7229972470800390][T0xee8736c6bca0][WARN] copy_aicore_buffer: [chip_swimlane_collector.cpp:689] Core 23: skipped 1024 AICore record slot(s) with start_time=0 (race-window write or recycled-buffer tail). buf seq=0 count=1024
[mono_ns=7229972470932670][T0xee873747bca0][WARN] copy_aicore_buffer: [chip_swimlane_collector.cpp:689] Core 22: skipped 1024 AICore record slot(s) with start_time=0 (race-window write or recycled-buffer tail). buf seq=0 count=1024
[mono_ns=7229972471106861][T0xee8736c6bca0][WARN] copy_aicore_buffer: [chip_swimlane_collector.cpp:689] Core 70: skipped 1024 AICore record slot(s) with start_time=0 (race-window write or recycled-buffer tail). buf seq=0 count=1024
[mono_ns=7229972471108071][T0xee8737c8bca0][WARN] copy_aicore_buffer: [chip_swimlane_collector.cpp:689] Core 66: skipped 1024 AICore record slot(s) with start_time=0 (race-window write or recycled-buffer tail). buf seq=0 count=1024
[mono_ns=7229972471240732][T0xee873747bca0][WARN] copy_aicore_buffer: [chip_swimlane_collector.cpp:689] Core 68: skipped 1024 AICore record slot(s) with start_time=0 (race-window write or recycled-buffer tail). buf seq=0 count=1024
[mono_ns=7229972471413483][T0xee8736c6bca0][WARN] copy_aicore_buffer: [chip_swimlane_collector.cpp:689] Core 71: skipped 1024 AICore record slot(s) with start_time=0 (race-window write or recycled-buffer tail). buf seq=0 count=1024
[mono_ns=7229972471424483][T0xee8737c8bca0][WARN] copy_aicore_buffer: [chip_swimlane_collector.cpp:689] Core 67: skipped 1024 AICore record slot(s) with start_time=0 (race-window write or recycled-buffer tail). buf seq=0 count=1024
[mono_ns=7229972471549324][T0xee873747bca0][WARN] copy_aicore_buffer: [chip_swimlane_collector.cpp:689] Core 69: skipped 1024 AICore record slot(s) with start_time=0 (race-window write or recycled-buffer tail). buf seq=0 count=1024
[mono_ns=7229972572120817][T0xee88931bb020][TIMING] emit_host_span: [STRACE] v=1 pid=88573 tid=88573 inv=2 hid=931fcff710c4993d depth=1 name=chip.run.runner_run ts=7229972440198247 dur=131911210 
[mono_ns=7229972572205558][T0xee88931bb020][TIMING] emit_host_span: [STRACE] v=1 pid=88573 tid=88573 inv=2 hid=931fcff710c4993d depth=1 name=chip.run.validate ts=7229972572131397 dur=70691 
[mono_ns=7229972572213118][T0xee88931bb020][TIMING] emit_host_span: [STRACE] v=1 pid=88573 tid=88573 inv=2 hid=931fcff710c4993d depth=2 name=chip.run.runner_run.device_wall ts=0 dur=22430579 clk=dev
[mono_ns=7229972572217338][T0xee88931bb020][TIMING] emit_host_span: [STRACE] v=1 pid=88573 tid=88573 inv=2 hid=931fcff710c4993d depth=3 name=chip.run.runner_run.device_wall.preamble ts=0 dur=137440 clk=dev
[mono_ns=7229972572220998][T0xee88931bb020][TIMING] emit_host_span: [STRACE] v=1 pid=88573 tid=88573 inv=2 hid=931fcff710c4993d depth=3 name=chip.run.runner_run.device_wall.graph_build ts=131600 dur=22289260 clk=dev
[mono_ns=7229972572225608][T0xee88931bb020][TIMING] emit_host_span: [STRACE] v=1 pid=88573 tid=88573 inv=2 hid=931fcff710c4993d depth=3 name=chip.run.runner_run.device_wall.config_validate ts=131860 dur=1060 clk=dev
[mono_ns=7229972572229068][T0xee88931bb020][TIMING] emit_host_span: [STRACE] v=1 pid=88573 tid=88573 inv=2 hid=931fcff710c4993d depth=3 name=chip.run.runner_run.device_wall.arena_wire ts=132980 dur=799 clk=dev
[mono_ns=7229972572232278][T0xee88931bb020][TIMING] emit_host_span: [STRACE] v=1 pid=88573 tid=88573 inv=2 hid=931fcff710c4993d depth=3 name=chip.run.runner_run.device_wall.sm_reset ts=133840 dur=1200 clk=dev
[mono_ns=7229972572235458][T0xee88931bb020][TIMING] emit_host_span: [STRACE] v=1 pid=88573 tid=88573 inv=2 hid=931fcff710c4993d depth=3 name=chip.run.runner_run.device_wall.post_orch ts=22420880 dur=9560 clk=dev
[mono_ns=7229972572239158][T0xee88931bb020][TIMING] emit_host_span: [STRACE] v=1 pid=88573 tid=88573 inv=2 hid=931fcff710c4993d depth=3 name=chip.run.runner_run.device_wall.orch ts=135140 dur=5480 clk=dev
[mono_ns=7229972572242268][T0xee88931bb020][TIMING] emit_host_span: [STRACE] v=1 pid=88573 tid=88573 inv=2 hid=931fcff710c4993d depth=3 name=chip.run.runner_run.device_wall.sched ts=137660 dur=22256380 clk=dev
[mono_ns=7229972572247138][T0xee88931bb020][TIMING] emit_host_span: [STRACE] v=1 pid=88573 tid=88573 inv=2 hid=931fcff710c4993d depth=1 name=chip.run.claim_release ts=7229972572244748 dur=320 
[mono_ns=7229972572252278][T0xee88931bb020][TIMING] emit_host_span: [STRACE] v=1 pid=88573 tid=88573 inv=2 hid=931fcff710c4993d depth=0 name=chip.run ts=7229972386804964 dur=185445154 run_id=2 dispatch_id=2 slot_id=0 generation=2 run_epoch=2
[mono_ns=7229977367152545][T0xee88931bb020][TIMING] emit_host_span: [STRACE] v=1 pid=88573 tid=88573 inv=3 hid=931fcff710c4993d depth=2 name=chip.run.bind.args ts=7229977366891663 dur=252002 
[mono_ns=7229977367178205][T0xee88931bb020][TIMING] emit_host_span: [STRACE] v=1 pid=88573 tid=88573 inv=3 hid=931fcff710c4993d depth=2 name=chip.run.bind.prebuilt ts=7229977367169105 dur=6470 
[mono_ns=7229977367183625][T0xee88931bb020][TIMING] emit_host_span: [STRACE] v=1 pid=88573 tid=88573 inv=3 hid=931fcff710c4993d depth=1 name=chip.run.bind ts=7229977366877353 dur=303762 
[mono_ns=7229977475453789][T0xee88931bb020][TIMING] emit_host_span: [STRACE] v=1 pid=88573 tid=88573 inv=3 hid=931fcff710c4993d depth=1 name=chip.run.runner_run ts=7229977367481397 dur=107961062 
[mono_ns=7229977475544800][T0xee88931bb020][TIMING] emit_host_span: [STRACE] v=1 pid=88573 tid=88573 inv=3 hid=931fcff710c4993d depth=1 name=chip.run.validate ts=7229977475463589 dur=77721 
[mono_ns=7229977475552270][T0xee88931bb020][TIMING] emit_host_span: [STRACE] v=1 pid=88573 tid=88573 inv=3 hid=931fcff710c4993d depth=2 name=chip.run.runner_run.device_wall ts=0 dur=8711940 clk=dev
[mono_ns=7229977475556160][T0xee88931bb020][TIMING] emit_host_span: [STRACE] v=1 pid=88573 tid=88573 inv=3 hid=931fcff710c4993d depth=3 name=chip.run.runner_run.device_wall.preamble ts=0 dur=6840 clk=dev
[mono_ns=7229977475559690][T0xee88931bb020][TIMING] emit_host_span: [STRACE] v=1 pid=88573 tid=88573 inv=3 hid=931fcff710c4993d depth=3 name=chip.run.runner_run.device_wall.graph_build ts=1540 dur=8699960 clk=dev
[mono_ns=7229977475563340][T0xee88931bb020][TIMING] emit_host_span: [STRACE] v=1 pid=88573 tid=88573 inv=3 hid=931fcff710c4993d depth=3 name=chip.run.runner_run.device_wall.config_validate ts=1920 dur=980 clk=dev
[mono_ns=7229977475567230][T0xee88931bb020][TIMING] emit_host_span: [STRACE] v=1 pid=88573 tid=88573 inv=3 hid=931fcff710c4993d depth=3 name=chip.run.runner_run.device_wall.arena_wire ts=2920 dur=1160 clk=dev
[mono_ns=7229977475570480][T0xee88931bb020][TIMING] emit_host_span: [STRACE] v=1 pid=88573 tid=88573 inv=3 hid=931fcff710c4993d depth=3 name=chip.run.runner_run.device_wall.sm_reset ts=4240 dur=2040 clk=dev
[mono_ns=7229977475576350][T0xee88931bb020][TIMING] emit_host_span: [STRACE] v=1 pid=88573 tid=88573 inv=3 hid=931fcff710c4993d depth=3 name=chip.run.runner_run.device_wall.post_orch ts=8701540 dur=10000 clk=dev
[mono_ns=7229977475579620][T0xee88931bb020][TIMING] emit_host_span: [STRACE] v=1 pid=88573 tid=88573 inv=3 hid=931fcff710c4993d depth=3 name=chip.run.runner_run.device_wall.orch ts=7240 dur=12040 clk=dev
[mono_ns=7229977475582710][T0xee88931bb020][TIMING] emit_host_span: [STRACE] v=1 pid=88573 tid=88573 inv=3 hid=931fcff710c4993d depth=3 name=chip.run.runner_run.device_wall.sched ts=7119 dur=8686200 clk=dev
[mono_ns=7229977475588410][T0xee88931bb020][TIMING] emit_host_span: [STRACE] v=1 pid=88573 tid=88573 inv=3 hid=931fcff710c4993d depth=1 name=chip.run.claim_release ts=7229977475585580 dur=750 
[mono_ns=7229977475593250][T0xee88931bb020][TIMING] emit_host_span: [STRACE] v=1 pid=88573 tid=88573 inv=3 hid=931fcff710c4993d depth=0 name=chip.run ts=7229977366768893 dur=108822317 run_id=3 dispatch_id=3 slot_id=0 generation=3 run_epoch=3
[mono_ns=7229977524096037][T0xee88931bb020][TIMING] emit_host_span: [STRACE] v=1 pid=88573 tid=88573 inv=4 hid=931fcff710c4993d depth=2 name=chip.run.bind.args ts=7229977523982357 dur=108480 
[mono_ns=7229977524111258][T0xee88931bb020][TIMING] emit_host_span: [STRACE] v=1 pid=88573 tid=88573 inv=4 hid=931fcff710c4993d depth=2 name=chip.run.bind.prebuilt ts=7229977524104358 dur=4360 
[mono_ns=7229977524115978][T0xee88931bb020][TIMING] emit_host_span: [STRACE] v=1 pid=88573 tid=88573 inv=4 hid=931fcff710c4993d depth=1 name=chip.run.bind ts=7229977523970517 dur=142971 
[mono_ns=7229977529144974][T0xee8736c6bca0][WARN] copy_aicore_buffer: [chip_swimlane_collector.cpp:689] Core 2: skipped 1024 AICore record slot(s) with start_time=0 (race-window write or recycled-buffer tail). buf seq=0 count=1024
[mono_ns=7229977529149104][T0xee8737c8bca0][WARN] copy_aicore_buffer: [chip_swimlane_collector.cpp:689] Core 0: skipped 1024 AICore record slot(s) with start_time=0 (race-window write or recycled-buffer tail). buf seq=0 count=1024
[mono_ns=7229977529154294][T0xee873747bca0][WARN] copy_aicore_buffer: [chip_swimlane_collector.cpp:689] Core 1: skipped 1024 AICore record slot(s) with start_time=0 (race-window write or recycled-buffer tail). buf seq=0 count=1024
[mono_ns=7229977529444536][T0xee8736c6bca0][WARN] copy_aicore_buffer: [chip_swimlane_collector.cpp:689] Core 28: skipped 1024 AICore record slot(s) with start_time=0 (race-window write or recycled-buffer tail). buf seq=0 count=1024
[mono_ns=7229977529449156][T0xee8737c8bca0][WARN] copy_aicore_buffer: [chip_swimlane_collector.cpp:689] Core 24: skipped 1023 AICore record slot(s) with start_time=0 (race-window write or recycled-buffer tail). buf seq=0 count=1024
[mono_ns=7229977529450476][T0xee873747bca0][WARN] copy_aicore_buffer: [chip_swimlane_collector.cpp:689] Core 26: skipped 1022 AICore record slot(s) with start_time=0 (race-window write or recycled-buffer tail). buf seq=0 count=1024
[mono_ns=7229977529736177][T0xee8736c6bca0][WARN] copy_aicore_buffer: [chip_swimlane_collector.cpp:689] Core 29: skipped 1024 AICore record slot(s) with start_time=0 (race-window write or recycled-buffer tail). buf seq=0 count=1024
[mono_ns=7229977529741277][T0xee873747bca0][WARN] copy_aicore_buffer: [chip_swimlane_collector.cpp:689] Core 27: skipped 1024 AICore record slot(s) with start_time=0 (race-window write or recycled-buffer tail). buf seq=0 count=1024
[mono_ns=7229977529739877][T0xee8737c8bca0][WARN] copy_aicore_buffer: [chip_swimlane_collector.cpp:689] Core 25: skipped 1024 AICore record slot(s) with start_time=0 (race-window write or recycled-buffer tail). buf seq=0 count=1024
[mono_ns=7229977530039569][T0xee8736c6bca0][WARN] copy_aicore_buffer: [chip_swimlane_collector.cpp:689] Core 5: skipped 1024 AICore record slot(s) with start_time=0 (race-window write or recycled-buffer tail). buf seq=0 count=1024
[mono_ns=7229977530043559][T0xee873747bca0][WARN] copy_aicore_buffer: [chip_swimlane_collector.cpp:689] Core 4: skipped 1024 AICore record slot(s) with start_time=0 (race-window write or recycled-buffer tail). buf seq=0 count=1024
[mono_ns=7229977530046859][T0xee8737c8bca0][WARN] copy_aicore_buffer: [chip_swimlane_collector.cpp:689] Core 3: skipped 1024 AICore record slot(s) with start_time=0 (race-window write or recycled-buffer tail). buf seq=0 count=1024
[mono_ns=7229977530330461][T0xee8736c6bca0][WARN] copy_aicore_buffer: [chip_swimlane_collector.cpp:689] Core 34: skipped 1024 AICore record slot(s) with start_time=0 (race-window write or recycled-buffer tail). buf seq=0 count=1024
[mono_ns=7229977530333101][T0xee873747bca0][WARN] copy_aicore_buffer: [chip_swimlane_collector.cpp:689] Core 32: skipped 1024 AICore record slot(s) with start_time=0 (race-window write or recycled-buffer tail). buf seq=0 count=1024
[mono_ns=7229977530338151][T0xee8737c8bca0][WARN] copy_aicore_buffer: [chip_swimlane_collector.cpp:689] Core 30: skipped 1024 AICore record slot(s) with start_time=0 (race-window write or recycled-buffer tail). buf seq=0 count=1024
[mono_ns=7229977530620272][T0xee8736c6bca0][WARN] copy_aicore_buffer: [chip_swimlane_collector.cpp:689] Core 35: skipped 1024 AICore record slot(s) with start_time=0 (race-window write or recycled-buffer tail). buf seq=0 count=1024
[mono_ns=7229977530623732][T0xee873747bca0][WARN] copy_aicore_buffer: [chip_swimlane_collector.cpp:689] Core 33: skipped 1024 AICore record slot(s) with start_time=0 (race-window write or recycled-buffer tail). buf seq=0 count=1024
[mono_ns=7229977530627302][T0xee8737c8bca0][WARN] copy_aicore_buffer: [chip_swimlane_collector.cpp:689] Core 31: skipped 1024 AICore record slot(s) with start_time=0 (race-window write or recycled-buffer tail). buf seq=0 count=1024
[mono_ns=7229977530909424][T0xee8736c6bca0][WARN] copy_aicore_buffer: [chip_swimlane_collector.cpp:689] Core 8: skipped 1024 AICore record slot(s) with start_time=0 (race-window write or recycled-buffer tail). buf seq=0 count=1024
[mono_ns=7229977530912154][T0xee873747bca0][WARN] copy_aicore_buffer: [chip_swimlane_collector.cpp:689] Core 7: skipped 1024 AICore record slot(s) with start_time=0 (race-window write or recycled-buffer tail). buf seq=0 count=1024
[mono_ns=7229977530914794][T0xee8737c8bca0][WARN] copy_aicore_buffer: [chip_swimlane_collector.cpp:689] Core 6: skipped 1024 AICore record slot(s) with start_time=0 (race-window write or recycled-buffer tail). buf seq=0 count=1024
[mono_ns=7229977531204245][T0xee8736c6bca0][WARN] copy_aicore_buffer: [chip_swimlane_collector.cpp:689] Core 40: skipped 1024 AICore record slot(s) with start_time=0 (race-window write or recycled-buffer tail). buf seq=0 count=1024
[mono_ns=7229977531208305][T0xee873747bca0][WARN] copy_aicore_buffer: [chip_swimlane_collector.cpp:689] Core 38: skipped 1024 AICore record slot(s) with start_time=0 (race-window write or recycled-buffer tail). buf seq=0 count=1024
[mono_ns=7229977531221275][T0xee8737c8bca0][WARN] copy_aicore_buffer: [chip_swimlane_collector.cpp:689] Core 36: skipped 1024 AICore record slot(s) with start_time=0 (race-window write or recycled-buffer tail). buf seq=0 count=1024
[mono_ns=7229977531494697][T0xee8736c6bca0][WARN] copy_aicore_buffer: [chip_swimlane_collector.cpp:689] Core 41: skipped 1024 AICore record slot(s) with start_time=0 (race-window write or recycled-buffer tail). buf seq=0 count=1024
[mono_ns=7229977531498617][T0xee873747bca0][WARN] copy_aicore_buffer: [chip_swimlane_collector.cpp:689] Core 39: skipped 1024 AICore record slot(s) with start_time=0 (race-window write or recycled-buffer tail). buf seq=0 count=1024
[mono_ns=7229977531510427][T0xee8737c8bca0][WARN] copy_aicore_buffer: [chip_swimlane_collector.cpp:689] Core 37: skipped 1024 AICore record slot(s) with start_time=0 (race-window write or recycled-buffer tail). buf seq=0 count=1024
[mono_ns=7229977531784308][T0xee8736c6bca0][WARN] copy_aicore_buffer: [chip_swimlane_collector.cpp:689] Core 11: skipped 1024 AICore record slot(s) with start_time=0 (race-window write or recycled-buffer tail). buf seq=0 count=1024
[mono_ns=7229977531787458][T0xee873747bca0][WARN] copy_aicore_buffer: [chip_swimlane_collector.cpp:689] Core 10: skipped 1024 AICore record slot(s) with start_time=0 (race-window write or recycled-buffer tail). buf seq=0 count=1024
[mono_ns=7229977531799608][T0xee8737c8bca0][WARN] copy_aicore_buffer: [chip_swimlane_collector.cpp:689] Core 9: skipped 1024 AICore record slot(s) with start_time=0 (race-window write or recycled-buffer tail). buf seq=0 count=1024
[mono_ns=7229977532093780][T0xee8736c6bca0][WARN] copy_aicore_buffer: [chip_swimlane_collector.cpp:689] Core 46: skipped 1024 AICore record slot(s) with start_time=0 (race-window write or recycled-buffer tail). buf seq=0 count=1024
[mono_ns=7229977532095490][T0xee8737c8bca0][WARN] copy_aicore_buffer: [chip_swimlane_collector.cpp:689] Core 42: skipped 1024 AICore record slot(s) with start_time=0 (race-window write or recycled-buffer tail). buf seq=0 count=1024
[mono_ns=7229977532096190][T0xee873747bca0][WARN] copy_aicore_buffer: [chip_swimlane_collector.cpp:689] Core 44: skipped 1024 AICore record slot(s) with start_time=0 (race-window write or recycled-buffer tail). buf seq=0 count=1024
[mono_ns=7229977532385501][T0xee8737c8bca0][WARN] copy_aicore_buffer: [chip_swimlane_collector.cpp:689] Core 43: skipped 1024 AICore record slot(s) with start_time=0 (race-window write or recycled-buffer tail). buf seq=0 count=1024
[mono_ns=7229977532385761][T0xee8736c6bca0][WARN] copy_aicore_buffer: [chip_swimlane_collector.cpp:689] Core 47: skipped 1024 AICore record slot(s) with start_time=0 (race-window write or recycled-buffer tail). buf seq=0 count=1024
[mono_ns=7229977532387691][T0xee873747bca0][WARN] copy_aicore_buffer: [chip_swimlane_collector.cpp:689] Core 45: skipped 1024 AICore record slot(s) with start_time=0 (race-window write or recycled-buffer tail). buf seq=0 count=1024
[mono_ns=7229977532675733][T0xee8736c6bca0][WARN] copy_aicore_buffer: [chip_swimlane_collector.cpp:689] Core 14: skipped 1024 AICore record slot(s) with start_time=0 (race-window write or recycled-buffer tail). buf seq=0 count=1024
[mono_ns=7229977532675763][T0xee8737c8bca0][WARN] copy_aicore_buffer: [chip_swimlane_collector.cpp:689] Core 12: skipped 1024 AICore record slot(s) with start_time=0 (race-window write or recycled-buffer tail). buf seq=0 count=1024
[mono_ns=7229977532676033][T0xee873747bca0][WARN] copy_aicore_buffer: [chip_swimlane_collector.cpp:689] Core 13: skipped 1024 AICore record slot(s) with start_time=0 (race-window write or recycled-buffer tail). buf seq=0 count=1024
[mono_ns=7229977532965195][T0xee8736c6bca0][WARN] copy_aicore_buffer: [chip_swimlane_collector.cpp:689] Core 52: skipped 1024 AICore record slot(s) with start_time=0 (race-window write or recycled-buffer tail). buf seq=0 count=1024
[mono_ns=7229977532965195][T0xee8737c8bca0][WARN] copy_aicore_buffer: [chip_swimlane_collector.cpp:689] Core 48: skipped 1024 AICore record slot(s) with start_time=0 (race-window write or recycled-buffer tail). buf seq=0 count=1024
[mono_ns=7229977532970305][T0xee873747bca0][WARN] copy_aicore_buffer: [chip_swimlane_collector.cpp:689] Core 50: skipped 1024 AICore record slot(s) with start_time=0 (race-window write or recycled-buffer tail). buf seq=0 count=1024
[mono_ns=7229977533262976][T0xee8736c6bca0][WARN] copy_aicore_buffer: [chip_swimlane_collector.cpp:689] Core 53: skipped 1024 AICore record slot(s) with start_time=0 (race-window write or recycled-buffer tail). buf seq=0 count=1024
[mono_ns=7229977533263026][T0xee8737c8bca0][WARN] copy_aicore_buffer: [chip_swimlane_collector.cpp:689] Core 49: skipped 1024 AICore record slot(s) with start_time=0 (race-window write or recycled-buffer tail). buf seq=0 count=1024
[mono_ns=7229977533267976][T0xee873747bca0][WARN] copy_aicore_buffer: [chip_swimlane_collector.cpp:689] Core 51: skipped 1024 AICore record slot(s) with start_time=0 (race-window write or recycled-buffer tail). buf seq=0 count=1024
[mono_ns=7229977533552518][T0xee8737c8bca0][WARN] copy_aicore_buffer: [chip_swimlane_collector.cpp:689] Core 15: skipped 1024 AICore record slot(s) with start_time=0 (race-window write or recycled-buffer tail). buf seq=0 count=1024
[mono_ns=7229977533553268][T0xee8736c6bca0][WARN] copy_aicore_buffer: [chip_swimlane_collector.cpp:689] Core 17: skipped 1024 AICore record slot(s) with start_time=0 (race-window write or recycled-buffer tail). buf seq=0 count=1024
[mono_ns=7229977533557868][T0xee873747bca0][WARN] copy_aicore_buffer: [chip_swimlane_collector.cpp:689] Core 16: skipped 1024 AICore record slot(s) with start_time=0 (race-window write or recycled-buffer tail). buf seq=0 count=1024
[mono_ns=7229977533842349][T0xee8737c8bca0][WARN] copy_aicore_buffer: [chip_swimlane_collector.cpp:689] Core 54: skipped 1024 AICore record slot(s) with start_time=0 (race-window write or recycled-buffer tail). buf seq=0 count=1024
[mono_ns=7229977533843719][T0xee8736c6bca0][WARN] copy_aicore_buffer: [chip_swimlane_collector.cpp:689] Core 58: skipped 1024 AICore record slot(s) with start_time=0 (race-window write or recycled-buffer tail). buf seq=0 count=1024
[mono_ns=7229977533845359][T0xee873747bca0][WARN] copy_aicore_buffer: [chip_swimlane_collector.cpp:689] Core 56: skipped 1024 AICore record slot(s) with start_time=0 (race-window write or recycled-buffer tail). buf seq=0 count=1024
[mono_ns=7229977534140981][T0xee8736c6bca0][WARN] copy_aicore_buffer: [chip_swimlane_collector.cpp:689] Core 59: skipped 1024 AICore record slot(s) with start_time=0 (race-window write or recycled-buffer tail). buf seq=0 count=1024
[mono_ns=7229977534141811][T0xee8737c8bca0][WARN] copy_aicore_buffer: [chip_swimlane_collector.cpp:689] Core 55: skipped 1024 AICore record slot(s) with start_time=0 (race-window write or recycled-buffer tail). buf seq=0 count=1024
[mono_ns=7229977534142801][T0xee873747bca0][WARN] copy_aicore_buffer: [chip_swimlane_collector.cpp:689] Core 57: skipped 1024 AICore record slot(s) with start_time=0 (race-window write or recycled-buffer tail). buf seq=0 count=1024
[mono_ns=7229977534431252][T0xee8736c6bca0][WARN] copy_aicore_buffer: [chip_swimlane_collector.cpp:689] Core 20: skipped 1024 AICore record slot(s) with start_time=0 (race-window write or recycled-buffer tail). buf seq=0 count=1024
[mono_ns=7229977534431632][T0xee8737c8bca0][WARN] copy_aicore_buffer: [chip_swimlane_collector.cpp:689] Core 18: skipped 1024 AICore record slot(s) with start_time=0 (race-window write or recycled-buffer tail). buf seq=0 count=1024
[mono_ns=7229977534433012][T0xee873747bca0][WARN] copy_aicore_buffer: [chip_swimlane_collector.cpp:689] Core 19: skipped 1024 AICore record slot(s) with start_time=0 (race-window write or recycled-buffer tail). buf seq=0 count=1024
[mono_ns=7229977534753694][T0xee8737c8bca0][WARN] copy_aicore_buffer: [chip_swimlane_collector.cpp:689] Core 60: skipped 1024 AICore record slot(s) with start_time=0 (race-window write or recycled-buffer tail). buf seq=0 count=1024
[mono_ns=7229977534781164][T0xee8736c6bca0][WARN] copy_aicore_buffer: [chip_swimlane_collector.cpp:689] Core 64: skipped 1024 AICore record slot(s) with start_time=0 (race-window write or recycled-buffer tail). buf seq=0 count=1024
[mono_ns=7229977534812824][T0xee873747bca0][WARN] copy_aicore_buffer: [chip_swimlane_collector.cpp:689] Core 62: skipped 1024 AICore record slot(s) with start_time=0 (race-window write or recycled-buffer tail). buf seq=0 count=1024
[mono_ns=7229977535068486][T0xee8737c8bca0][WARN] copy_aicore_buffer: [chip_swimlane_collector.cpp:689] Core 61: skipped 1024 AICore record slot(s) with start_time=0 (race-window write or recycled-buffer tail). buf seq=0 count=1024
[mono_ns=7229977535093306][T0xee8736c6bca0][WARN] copy_aicore_buffer: [chip_swimlane_collector.cpp:689] Core 65: skipped 1024 AICore record slot(s) with start_time=0 (race-window write or recycled-buffer tail). buf seq=0 count=1024
[mono_ns=7229977535154806][T0xee873747bca0][WARN] copy_aicore_buffer: [chip_swimlane_collector.cpp:689] Core 63: skipped 1024 AICore record slot(s) with start_time=0 (race-window write or recycled-buffer tail). buf seq=0 count=1024
[mono_ns=7229977535374117][T0xee8737c8bca0][WARN] copy_aicore_buffer: [chip_swimlane_collector.cpp:689] Core 21: skipped 1024 AICore record slot(s) with start_time=0 (race-window write or recycled-buffer tail). buf seq=0 count=1024
[mono_ns=7229977535401207][T0xee8736c6bca0][WARN] copy_aicore_buffer: [chip_swimlane_collector.cpp:689] Core 23: skipped 1024 AICore record slot(s) with start_time=0 (race-window write or recycled-buffer tail). buf seq=0 count=1024
[mono_ns=7229977535463178][T0xee873747bca0][WARN] copy_aicore_buffer: [chip_swimlane_collector.cpp:689] Core 22: skipped 1024 AICore record slot(s) with start_time=0 (race-window write or recycled-buffer tail). buf seq=0 count=1024
[mono_ns=7229977535679489][T0xee8737c8bca0][WARN] copy_aicore_buffer: [chip_swimlane_collector.cpp:689] Core 66: skipped 1024 AICore record slot(s) with start_time=0 (race-window write or recycled-buffer tail). buf seq=0 count=1024
[mono_ns=7229977535704339][T0xee8736c6bca0][WARN] copy_aicore_buffer: [chip_swimlane_collector.cpp:689] Core 70: skipped 1024 AICore record slot(s) with start_time=0 (race-window write or recycled-buffer tail). buf seq=0 count=1024
[mono_ns=7229977535774679][T0xee873747bca0][WARN] copy_aicore_buffer: [chip_swimlane_collector.cpp:689] Core 68: skipped 1024 AICore record slot(s) with start_time=0 (race-window write or recycled-buffer tail). buf seq=0 count=1024
[mono_ns=7229977535982981][T0xee8737c8bca0][WARN] copy_aicore_buffer: [chip_swimlane_collector.cpp:689] Core 67: skipped 1024 AICore record slot(s) with start_time=0 (race-window write or recycled-buffer tail). buf seq=0 count=1024
[mono_ns=7229977536023971][T0xee8736c6bca0][WARN] copy_aicore_buffer: [chip_swimlane_collector.cpp:689] Core 71: skipped 1024 AICore record slot(s) with start_time=0 (race-window write or recycled-buffer tail). buf seq=0 count=1024
[mono_ns=7229977536090371][T0xee873747bca0][WARN] copy_aicore_buffer: [chip_swimlane_collector.cpp:689] Core 69: skipped 1024 AICore record slot(s) with start_time=0 (race-window write or recycled-buffer tail). buf seq=0 count=1024
[mono_ns=7229977636591354][T0xee88931bb020][TIMING] emit_host_span: [STRACE] v=1 pid=88573 tid=88573 inv=4 hid=931fcff710c4993d depth=1 name=chip.run.runner_run ts=7229977524458679 dur=112126585 
[mono_ns=7229977636668655][T0xee88931bb020][TIMING] emit_host_span: [STRACE] v=1 pid=88573 tid=88573 inv=4 hid=931fcff710c4993d depth=1 name=chip.run.validate ts=7229977636598604 dur=66851 
[mono_ns=7229977636675375][T0xee88931bb020][TIMING] emit_host_span: [STRACE] v=1 pid=88573 tid=88573 inv=4 hid=931fcff710c4993d depth=2 name=chip.run.runner_run.device_wall ts=0 dur=4180500 clk=dev
[mono_ns=7229977636679325][T0xee88931bb020][TIMING] emit_host_span: [STRACE] v=1 pid=88573 tid=88573 inv=4 hid=931fcff710c4993d depth=3 name=chip.run.runner_run.device_wall.preamble ts=0 dur=106240 clk=dev
[mono_ns=7229977636682895][T0xee88931bb020][TIMING] emit_host_span: [STRACE] v=1 pid=88573 tid=88573 inv=4 hid=931fcff710c4993d depth=3 name=chip.run.runner_run.device_wall.graph_build ts=100980 dur=4070039 clk=dev
[mono_ns=7229977636686135][T0xee88931bb020][TIMING] emit_host_span: [STRACE] v=1 pid=88573 tid=88573 inv=4 hid=931fcff710c4993d depth=3 name=chip.run.runner_run.device_wall.config_validate ts=101080 dur=740 clk=dev
[mono_ns=7229977636692195][T0xee88931bb020][TIMING] emit_host_span: [STRACE] v=1 pid=88573 tid=88573 inv=4 hid=931fcff710c4993d depth=3 name=chip.run.runner_run.device_wall.arena_wire ts=101840 dur=360 clk=dev
[mono_ns=7229977636695205][T0xee88931bb020][TIMING] emit_host_span: [STRACE] v=1 pid=88573 tid=88573 inv=4 hid=931fcff710c4993d depth=3 name=chip.run.runner_run.device_wall.sm_reset ts=102220 dur=679 clk=dev
[mono_ns=7229977636698225][T0xee88931bb020][TIMING] emit_host_span: [STRACE] v=1 pid=88573 tid=88573 inv=4 hid=931fcff710c4993d depth=3 name=chip.run.runner_run.device_wall.post_orch ts=4171080 dur=9260 clk=dev
[mono_ns=7229977636701825][T0xee88931bb020][TIMING] emit_host_span: [STRACE] v=1 pid=88573 tid=88573 inv=4 hid=931fcff710c4993d depth=3 name=chip.run.runner_run.device_wall.orch ts=102940 dur=3900 clk=dev
[mono_ns=7229977636704825][T0xee88931bb020][TIMING] emit_host_span: [STRACE] v=1 pid=88573 tid=88573 inv=4 hid=931fcff710c4993d depth=3 name=chip.run.runner_run.device_wall.sched ts=106380 dur=4039860 clk=dev
[mono_ns=7229977636708825][T0xee88931bb020][TIMING] emit_host_span: [STRACE] v=1 pid=88573 tid=88573 inv=4 hid=931fcff710c4993d depth=1 name=chip.run.claim_release ts=7229977636706815 dur=260 
[mono_ns=7229977636712675][T0xee88931bb020][TIMING] emit_host_span: [STRACE] v=1 pid=88573 tid=88573 inv=4 hid=931fcff710c4993d depth=0 name=chip.run ts=7229977523928947 dur=112781738 run_id=4 dispatch_id=4 slot_id=0 generation=4 run_epoch=4
[mono_ns=7229982473134928][T0xee88931bb020][TIMING] emit_host_span: [STRACE] v=1 pid=88573 tid=88573 inv=5 hid=931fcff710c4993d depth=2 name=chip.run.bind.args ts=7229982472981337 dur=144931 
[mono_ns=7229982473158428][T0xee88931bb020][TIMING] emit_host_span: [STRACE] v=1 pid=88573 tid=88573 inv=5 hid=931fcff710c4993d depth=2 name=chip.run.bind.prebuilt ts=7229982473148978 dur=6810 
[mono_ns=7229982473163748][T0xee88931bb020][TIMING] emit_host_span: [STRACE] v=1 pid=88573 tid=88573 inv=5 hid=931fcff710c4993d depth=1 name=chip.run.bind ts=7229982472966837 dur=194311 
[mono_ns=7229982581441633][T0xee88931bb020][TIMING] emit_host_span: [STRACE] v=1 pid=88573 tid=88573 inv=5 hid=931fcff710c4993d depth=1 name=chip.run.runner_run ts=7229982473441340 dur=107989343 
[mono_ns=7229982581530553][T0xee88931bb020][TIMING] emit_host_span: [STRACE] v=1 pid=88573 tid=88573 inv=5 hid=931fcff710c4993d depth=1 name=chip.run.validate ts=7229982581452823 dur=74430 
[mono_ns=7229982581539073][T0xee88931bb020][TIMING] emit_host_span: [STRACE] v=1 pid=88573 tid=88573 inv=5 hid=931fcff710c4993d depth=2 name=chip.run.runner_run.device_wall ts=0 dur=6435240 clk=dev
[mono_ns=7229982581542973][T0xee88931bb020][TIMING] emit_host_span: [STRACE] v=1 pid=88573 tid=88573 inv=5 hid=931fcff710c4993d depth=3 name=chip.run.runner_run.device_wall.preamble ts=0 dur=6960 clk=dev
[mono_ns=7229982581546603][T0xee88931bb020][TIMING] emit_host_span: [STRACE] v=1 pid=88573 tid=88573 inv=5 hid=931fcff710c4993d depth=3 name=chip.run.runner_run.device_wall.graph_build ts=1799 dur=6422800 clk=dev
[mono_ns=7229982581553083][T0xee88931bb020][TIMING] emit_host_span: [STRACE] v=1 pid=88573 tid=88573 inv=5 hid=931fcff710c4993d depth=3 name=chip.run.runner_run.device_wall.config_validate ts=2099 dur=740 clk=dev
[mono_ns=7229982581556213][T0xee88931bb020][TIMING] emit_host_span: [STRACE] v=1 pid=88573 tid=88573 inv=5 hid=931fcff710c4993d depth=3 name=chip.run.runner_run.device_wall.arena_wire ts=2880 dur=1160 clk=dev
[mono_ns=7229982581559293][T0xee88931bb020][TIMING] emit_host_span: [STRACE] v=1 pid=88573 tid=88573 inv=5 hid=931fcff710c4993d depth=3 name=chip.run.runner_run.device_wall.sm_reset ts=4060 dur=1080 clk=dev
[mono_ns=7229982581562423][T0xee88931bb020][TIMING] emit_host_span: [STRACE] v=1 pid=88573 tid=88573 inv=5 hid=931fcff710c4993d depth=3 name=chip.run.runner_run.device_wall.post_orch ts=6424660 dur=10240 clk=dev
[mono_ns=7229982581565453][T0xee88931bb020][TIMING] emit_host_span: [STRACE] v=1 pid=88573 tid=88573 inv=5 hid=931fcff710c4993d depth=3 name=chip.run.runner_run.device_wall.orch ts=5939 dur=10820 clk=dev
[mono_ns=7229982581568604][T0xee88931bb020][TIMING] emit_host_span: [STRACE] v=1 pid=88573 tid=88573 inv=5 hid=931fcff710c4993d depth=3 name=chip.run.runner_run.device_wall.sched ts=7160 dur=6409280 clk=dev
[mono_ns=7229982581573474][T0xee88931bb020][TIMING] emit_host_span: [STRACE] v=1 pid=88573 tid=88573 inv=5 hid=931fcff710c4993d depth=1 name=chip.run.claim_release ts=7229982581571204 dur=460 
[mono_ns=7229982581578234][T0xee88931bb020][TIMING] emit_host_span: [STRACE] v=1 pid=88573 tid=88573 inv=5 hid=931fcff710c4993d depth=0 name=chip.run ts=7229982472872667 dur=108703567 run_id=5 dispatch_id=5 slot_id=0 generation=5 run_epoch=5
[mono_ns=7229982591438276][T0xee88931bb020][TIMING] emit_host_span: [STRACE] v=1 pid=88573 tid=88573 inv=6 hid=931fcff710c4993d depth=2 name=chip.run.bind.args ts=7229982591339375 dur=94261 
[mono_ns=7229982591452756][T0xee88931bb020][TIMING] emit_host_span: [STRACE] v=1 pid=88573 tid=88573 inv=6 hid=931fcff710c4993d depth=2 name=chip.run.bind.prebuilt ts=7229982591446206 dur=3910 
[mono_ns=7229982591457076][T0xee88931bb020][TIMING] emit_host_span: [STRACE] v=1 pid=88573 tid=88573 inv=6 hid=931fcff710c4993d depth=1 name=chip.run.bind ts=7229982591328005 dur=127001 
[mono_ns=7229982595974290][T0xee873747bca0][WARN] copy_aicore_buffer: [chip_swimlane_collector.cpp:689] Core 1: skipped 1024 AICore record slot(s) with start_time=0 (race-window write or recycled-buffer tail). buf seq=0 count=1024
[mono_ns=7229982595975330][T0xee8736c6bca0][WARN] copy_aicore_buffer: [chip_swimlane_collector.cpp:689] Core 2: skipped 1024 AICore record slot(s) with start_time=0 (race-window write or recycled-buffer tail). buf seq=0 count=1024
[mono_ns=7229982596022570][T0xee8737c8bca0][WARN] copy_aicore_buffer: [chip_swimlane_collector.cpp:689] Core 0: skipped 1024 AICore record slot(s) with start_time=0 (race-window write or recycled-buffer tail). buf seq=0 count=1024
[mono_ns=7229982596274672][T0xee8736c6bca0][WARN] copy_aicore_buffer: [chip_swimlane_collector.cpp:689] Core 28: skipped 1024 AICore record slot(s) with start_time=0 (race-window write or recycled-buffer tail). buf seq=0 count=1024
[mono_ns=7229982596288512][T0xee873747bca0][WARN] copy_aicore_buffer: [chip_swimlane_collector.cpp:689] Core 26: skipped 1022 AICore record slot(s) with start_time=0 (race-window write or recycled-buffer tail). buf seq=0 count=1024
[mono_ns=7229982596319142][T0xee8737c8bca0][WARN] copy_aicore_buffer: [chip_swimlane_collector.cpp:689] Core 24: skipped 1023 AICore record slot(s) with start_time=0 (race-window write or recycled-buffer tail). buf seq=0 count=1024
[mono_ns=7229982596565363][T0xee8736c6bca0][WARN] copy_aicore_buffer: [chip_swimlane_collector.cpp:689] Core 29: skipped 1024 AICore record slot(s) with start_time=0 (race-window write or recycled-buffer tail). buf seq=0 count=1024
[mono_ns=7229982596575713][T0xee873747bca0][WARN] copy_aicore_buffer: [chip_swimlane_collector.cpp:689] Core 27: skipped 1024 AICore record slot(s) with start_time=0 (race-window write or recycled-buffer tail). buf seq=0 count=1024
[mono_ns=7229982596611473][T0xee8737c8bca0][WARN] copy_aicore_buffer: [chip_swimlane_collector.cpp:689] Core 25: skipped 1024 AICore record slot(s) with start_time=0 (race-window write or recycled-buffer tail). buf seq=0 count=1024
[mono_ns=7229982596853255][T0xee8736c6bca0][WARN] copy_aicore_buffer: [chip_swimlane_collector.cpp:689] Core 5: skipped 1024 AICore record slot(s) with start_time=0 (race-window write or recycled-buffer tail). buf seq=0 count=1024
[mono_ns=7229982596862625][T0xee873747bca0][WARN] copy_aicore_buffer: [chip_swimlane_collector.cpp:689] Core 4: skipped 1024 AICore record slot(s) with start_time=0 (race-window write or recycled-buffer tail). buf seq=0 count=1024
[mono_ns=7229982596901175][T0xee8737c8bca0][WARN] copy_aicore_buffer: [chip_swimlane_collector.cpp:689] Core 3: skipped 1024 AICore record slot(s) with start_time=0 (race-window write or recycled-buffer tail). buf seq=0 count=1024
[mono_ns=7229982597152986][T0xee8736c6bca0][WARN] copy_aicore_buffer: [chip_swimlane_collector.cpp:689] Core 34: skipped 1024 AICore record slot(s) with start_time=0 (race-window write or recycled-buffer tail). buf seq=0 count=1024
[mono_ns=7229982597161076][T0xee873747bca0][WARN] copy_aicore_buffer: [chip_swimlane_collector.cpp:689] Core 32: skipped 1024 AICore record slot(s) with start_time=0 (race-window write or recycled-buffer tail). buf seq=0 count=1024
[mono_ns=7229982597209737][T0xee8737c8bca0][WARN] copy_aicore_buffer: [chip_swimlane_collector.cpp:689] Core 30: skipped 1024 AICore record slot(s) with start_time=0 (race-window write or recycled-buffer tail). buf seq=0 count=1024
[mono_ns=7229982597441428][T0xee8736c6bca0][WARN] copy_aicore_buffer: [chip_swimlane_collector.cpp:689] Core 35: skipped 1024 AICore record slot(s) with start_time=0 (race-window write or recycled-buffer tail). buf seq=0 count=1024
[mono_ns=7229982597448118][T0xee873747bca0][WARN] copy_aicore_buffer: [chip_swimlane_collector.cpp:689] Core 33: skipped 1024 AICore record slot(s) with start_time=0 (race-window write or recycled-buffer tail). buf seq=0 count=1024
[mono_ns=7229982597499968][T0xee8737c8bca0][WARN] copy_aicore_buffer: [chip_swimlane_collector.cpp:689] Core 31: skipped 1024 AICore record slot(s) with start_time=0 (race-window write or recycled-buffer tail). buf seq=0 count=1024
[mono_ns=7229982597729219][T0xee8736c6bca0][WARN] copy_aicore_buffer: [chip_swimlane_collector.cpp:689] Core 8: skipped 1024 AICore record slot(s) with start_time=0 (race-window write or recycled-buffer tail). buf seq=0 count=1024
[mono_ns=7229982597735649][T0xee873747bca0][WARN] copy_aicore_buffer: [chip_swimlane_collector.cpp:689] Core 7: skipped 1024 AICore record slot(s) with start_time=0 (race-window write or recycled-buffer tail). buf seq=0 count=1024
[mono_ns=7229982597791040][T0xee8737c8bca0][WARN] copy_aicore_buffer: [chip_swimlane_collector.cpp:689] Core 6: skipped 1024 AICore record slot(s) with start_time=0 (race-window write or recycled-buffer tail). buf seq=0 count=1024
[mono_ns=7229982598027791][T0xee8736c6bca0][WARN] copy_aicore_buffer: [chip_swimlane_collector.cpp:689] Core 40: skipped 1024 AICore record slot(s) with start_time=0 (race-window write or recycled-buffer tail). buf seq=0 count=1024
[mono_ns=7229982598034661][T0xee873747bca0][WARN] copy_aicore_buffer: [chip_swimlane_collector.cpp:689] Core 38: skipped 1024 AICore record slot(s) with start_time=0 (race-window write or recycled-buffer tail). buf seq=0 count=1024
[mono_ns=7229982598087041][T0xee8737c8bca0][WARN] copy_aicore_buffer: [chip_swimlane_collector.cpp:689] Core 36: skipped 1024 AICore record slot(s) with start_time=0 (race-window write or recycled-buffer tail). buf seq=0 count=1024
[mono_ns=7229982598318212][T0xee8736c6bca0][WARN] copy_aicore_buffer: [chip_swimlane_collector.cpp:689] Core 41: skipped 1024 AICore record slot(s) with start_time=0 (race-window write or recycled-buffer tail). buf seq=0 count=1024
[mono_ns=7229982598321022][T0xee873747bca0][WARN] copy_aicore_buffer: [chip_swimlane_collector.cpp:689] Core 39: skipped 1024 AICore record slot(s) with start_time=0 (race-window write or recycled-buffer tail). buf seq=0 count=1024
[mono_ns=7229982598377923][T0xee8737c8bca0][WARN] copy_aicore_buffer: [chip_swimlane_collector.cpp:689] Core 37: skipped 1024 AICore record slot(s) with start_time=0 (race-window write or recycled-buffer tail). buf seq=0 count=1024
[mono_ns=7229982598605834][T0xee8736c6bca0][WARN] copy_aicore_buffer: [chip_swimlane_collector.cpp:689] Core 11: skipped 1024 AICore record slot(s) with start_time=0 (race-window write or recycled-buffer tail). buf seq=0 count=1024
[mono_ns=7229982598608804][T0xee873747bca0][WARN] copy_aicore_buffer: [chip_swimlane_collector.cpp:689] Core 10: skipped 1024 AICore record slot(s) with start_time=0 (race-window write or recycled-buffer tail). buf seq=0 count=1024
[mono_ns=7229982598668714][T0xee8737c8bca0][WARN] copy_aicore_buffer: [chip_swimlane_collector.cpp:689] Core 9: skipped 1024 AICore record slot(s) with start_time=0 (race-window write or recycled-buffer tail). buf seq=0 count=1024
[mono_ns=7229982598894185][T0xee8736c6bca0][WARN] copy_aicore_buffer: [chip_swimlane_collector.cpp:689] Core 46: skipped 1024 AICore record slot(s) with start_time=0 (race-window write or recycled-buffer tail). buf seq=0 count=1024
[mono_ns=7229982598894855][T0xee873747bca0][WARN] copy_aicore_buffer: [chip_swimlane_collector.cpp:689] Core 44: skipped 1024 AICore record slot(s) with start_time=0 (race-window write or recycled-buffer tail). buf seq=0 count=1024
[mono_ns=7229982598959036][T0xee8737c8bca0][WARN] copy_aicore_buffer: [chip_swimlane_collector.cpp:689] Core 42: skipped 1024 AICore record slot(s) with start_time=0 (race-window write or recycled-buffer tail). buf seq=0 count=1024
[mono_ns=7229982599189267][T0xee8736c6bca0][WARN] copy_aicore_buffer: [chip_swimlane_collector.cpp:689] Core 47: skipped 1024 AICore record slot(s) with start_time=0 (race-window write or recycled-buffer tail). buf seq=0 count=1024
[mono_ns=7229982599190087][T0xee873747bca0][WARN] copy_aicore_buffer: [chip_swimlane_collector.cpp:689] Core 45: skipped 1024 AICore record slot(s) with start_time=0 (race-window write or recycled-buffer tail). buf seq=0 count=1024
[mono_ns=7229982599256537][T0xee8737c8bca0][WARN] copy_aicore_buffer: [chip_swimlane_collector.cpp:689] Core 43: skipped 1024 AICore record slot(s) with start_time=0 (race-window write or recycled-buffer tail). buf seq=0 count=1024
[mono_ns=7229982599476299][T0xee8736c6bca0][WARN] copy_aicore_buffer: [chip_swimlane_collector.cpp:689] Core 14: skipped 1024 AICore record slot(s) with start_time=0 (race-window write or recycled-buffer tail). buf seq=0 count=1024
[mono_ns=7229982599477609][T0xee873747bca0][WARN] copy_aicore_buffer: [chip_swimlane_collector.cpp:689] Core 13: skipped 1024 AICore record slot(s) with start_time=0 (race-window write or recycled-buffer tail). buf seq=0 count=1024
[mono_ns=7229982599546959][T0xee8737c8bca0][WARN] copy_aicore_buffer: [chip_swimlane_collector.cpp:689] Core 12: skipped 1024 AICore record slot(s) with start_time=0 (race-window write or recycled-buffer tail). buf seq=0 count=1024
[mono_ns=7229982599764660][T0xee8736c6bca0][WARN] copy_aicore_buffer: [chip_swimlane_collector.cpp:689] Core 52: skipped 1024 AICore record slot(s) with start_time=0 (race-window write or recycled-buffer tail). buf seq=0 count=1024
[mono_ns=7229982599768100][T0xee873747bca0][WARN] copy_aicore_buffer: [chip_swimlane_collector.cpp:689] Core 50: skipped 1024 AICore record slot(s) with start_time=0 (race-window write or recycled-buffer tail). buf seq=0 count=1024
[mono_ns=7229982599837250][T0xee8737c8bca0][WARN] copy_aicore_buffer: [chip_swimlane_collector.cpp:689] Core 48: skipped 1024 AICore record slot(s) with start_time=0 (race-window write or recycled-buffer tail). buf seq=0 count=1024
[mono_ns=7229982600063632][T0xee8736c6bca0][WARN] copy_aicore_buffer: [chip_swimlane_collector.cpp:689] Core 53: skipped 1024 AICore record slot(s) with start_time=0 (race-window write or recycled-buffer tail). buf seq=0 count=1024
[mono_ns=7229982600067252][T0xee873747bca0][WARN] copy_aicore_buffer: [chip_swimlane_collector.cpp:689] Core 51: skipped 1024 AICore record slot(s) with start_time=0 (race-window write or recycled-buffer tail). buf seq=0 count=1024
[mono_ns=7229982600134722][T0xee8737c8bca0][WARN] copy_aicore_buffer: [chip_swimlane_collector.cpp:689] Core 49: skipped 1024 AICore record slot(s) with start_time=0 (race-window write or recycled-buffer tail). buf seq=0 count=1024
[mono_ns=7229982600353673][T0xee8736c6bca0][WARN] copy_aicore_buffer: [chip_swimlane_collector.cpp:689] Core 17: skipped 1024 AICore record slot(s) with start_time=0 (race-window write or recycled-buffer tail). buf seq=0 count=1024
[mono_ns=7229982600354363][T0xee873747bca0][WARN] copy_aicore_buffer: [chip_swimlane_collector.cpp:689] Core 16: skipped 1024 AICore record slot(s) with start_time=0 (race-window write or recycled-buffer tail). buf seq=0 count=1024
[mono_ns=7229982600424964][T0xee8737c8bca0][WARN] copy_aicore_buffer: [chip_swimlane_collector.cpp:689] Core 15: skipped 1024 AICore record slot(s) with start_time=0 (race-window write or recycled-buffer tail). buf seq=0 count=1024
[mono_ns=7229982600641895][T0xee873747bca0][WARN] copy_aicore_buffer: [chip_swimlane_collector.cpp:689] Core 56: skipped 1024 AICore record slot(s) with start_time=0 (race-window write or recycled-buffer tail). buf seq=0 count=1024
[mono_ns=7229982600643315][T0xee8736c6bca0][WARN] copy_aicore_buffer: [chip_swimlane_collector.cpp:689] Core 58: skipped 1024 AICore record slot(s) with start_time=0 (race-window write or recycled-buffer tail). buf seq=0 count=1024
[mono_ns=7229982600714475][T0xee8737c8bca0][WARN] copy_aicore_buffer: [chip_swimlane_collector.cpp:689] Core 54: skipped 1024 AICore record slot(s) with start_time=0 (race-window write or recycled-buffer tail). buf seq=0 count=1024
[mono_ns=7229982600984177][T0xee873747bca0][WARN] copy_aicore_buffer: [chip_swimlane_collector.cpp:689] Core 57: skipped 1024 AICore record slot(s) with start_time=0 (race-window write or recycled-buffer tail). buf seq=0 count=1024
[mono_ns=7229982600993127][T0xee8736c6bca0][WARN] copy_aicore_buffer: [chip_swimlane_collector.cpp:689] Core 59: skipped 1024 AICore record slot(s) with start_time=0 (race-window write or recycled-buffer tail). buf seq=0 count=1024
[mono_ns=7229982601059597][T0xee8737c8bca0][WARN] copy_aicore_buffer: [chip_swimlane_collector.cpp:689] Core 55: skipped 1024 AICore record slot(s) with start_time=0 (race-window write or recycled-buffer tail). buf seq=0 count=1024
[mono_ns=7229982601296718][T0xee873747bca0][WARN] copy_aicore_buffer: [chip_swimlane_collector.cpp:689] Core 19: skipped 1024 AICore record slot(s) with start_time=0 (race-window write or recycled-buffer tail). buf seq=0 count=1024
[mono_ns=7229982601306948][T0xee8736c6bca0][WARN] copy_aicore_buffer: [chip_swimlane_collector.cpp:689] Core 20: skipped 1024 AICore record slot(s) with start_time=0 (race-window write or recycled-buffer tail). buf seq=0 count=1024
[mono_ns=7229982601365259][T0xee8737c8bca0][WARN] copy_aicore_buffer: [chip_swimlane_collector.cpp:689] Core 18: skipped 1024 AICore record slot(s) with start_time=0 (race-window write or recycled-buffer tail). buf seq=0 count=1024
[mono_ns=7229982601607000][T0xee873747bca0][WARN] copy_aicore_buffer: [chip_swimlane_collector.cpp:689] Core 62: skipped 1024 AICore record slot(s) with start_time=0 (race-window write or recycled-buffer tail). buf seq=0 count=1024
[mono_ns=7229982601617930][T0xee8736c6bca0][WARN] copy_aicore_buffer: [chip_swimlane_collector.cpp:689] Core 64: skipped 1024 AICore record slot(s) with start_time=0 (race-window write or recycled-buffer tail). buf seq=0 count=1024
[mono_ns=7229982601672730][T0xee8737c8bca0][WARN] copy_aicore_buffer: [chip_swimlane_collector.cpp:689] Core 60: skipped 1024 AICore record slot(s) with start_time=0 (race-window write or recycled-buffer tail). buf seq=0 count=1024
[mono_ns=7229982601913071][T0xee873747bca0][WARN] copy_aicore_buffer: [chip_swimlane_collector.cpp:689] Core 63: skipped 1024 AICore record slot(s) with start_time=0 (race-window write or recycled-buffer tail). buf seq=0 count=1024
[mono_ns=7229982601917871][T0xee8736c6bca0][WARN] copy_aicore_buffer: [chip_swimlane_collector.cpp:689] Core 65: skipped 1024 AICore record slot(s) with start_time=0 (race-window write or recycled-buffer tail). buf seq=0 count=1024
[mono_ns=7229982601982842][T0xee8737c8bca0][WARN] copy_aicore_buffer: [chip_swimlane_collector.cpp:689] Core 61: skipped 1024 AICore record slot(s) with start_time=0 (race-window write or recycled-buffer tail). buf seq=0 count=1024
[mono_ns=7229982602224933][T0xee873747bca0][WARN] copy_aicore_buffer: [chip_swimlane_collector.cpp:689] Core 22: skipped 1024 AICore record slot(s) with start_time=0 (race-window write or recycled-buffer tail). buf seq=0 count=1024
[mono_ns=7229982602241223][T0xee8736c6bca0][WARN] copy_aicore_buffer: [chip_swimlane_collector.cpp:689] Core 23: skipped 1024 AICore record slot(s) with start_time=0 (race-window write or recycled-buffer tail). buf seq=0 count=1024
[mono_ns=7229982602295573][T0xee8737c8bca0][WARN] copy_aicore_buffer: [chip_swimlane_collector.cpp:689] Core 21: skipped 1024 AICore record slot(s) with start_time=0 (race-window write or recycled-buffer tail). buf seq=0 count=1024
[mono_ns=7229982602532365][T0xee873747bca0][WARN] copy_aicore_buffer: [chip_swimlane_collector.cpp:689] Core 68: skipped 1024 AICore record slot(s) with start_time=0 (race-window write or recycled-buffer tail). buf seq=0 count=1024
[mono_ns=7229982602539465][T0xee8736c6bca0][WARN] copy_aicore_buffer: [chip_swimlane_collector.cpp:689] Core 70: skipped 1024 AICore record slot(s) with start_time=0 (race-window write or recycled-buffer tail). buf seq=0 count=1024
[mono_ns=7229982602601775][T0xee8737c8bca0][WARN] copy_aicore_buffer: [chip_swimlane_collector.cpp:689] Core 66: skipped 1024 AICore record slot(s) with start_time=0 (race-window write or recycled-buffer tail). buf seq=0 count=1024
[mono_ns=7229982602836886][T0xee873747bca0][WARN] copy_aicore_buffer: [chip_swimlane_collector.cpp:689] Core 69: skipped 1024 AICore record slot(s) with start_time=0 (race-window write or recycled-buffer tail). buf seq=0 count=1024
[mono_ns=7229982602841386][T0xee8736c6bca0][WARN] copy_aicore_buffer: [chip_swimlane_collector.cpp:689] Core 71: skipped 1024 AICore record slot(s) with start_time=0 (race-window write or recycled-buffer tail). buf seq=0 count=1024
[mono_ns=7229982602905607][T0xee8737c8bca0][WARN] copy_aicore_buffer: [chip_swimlane_collector.cpp:689] Core 67: skipped 1024 AICore record slot(s) with start_time=0 (race-window write or recycled-buffer tail). buf seq=0 count=1024
[mono_ns=7229982703454940][T0xee88931bb020][TIMING] emit_host_span: [STRACE] v=1 pid=88573 tid=88573 inv=6 hid=931fcff710c4993d depth=1 name=chip.run.runner_run ts=7229982591801268 dur=111648402 
[mono_ns=7229982703531341][T0xee88931bb020][TIMING] emit_host_span: [STRACE] v=1 pid=88573 tid=88573 inv=6 hid=931fcff710c4993d depth=1 name=chip.run.validate ts=7229982703461300 dur=66661 
[mono_ns=7229982703539051][T0xee88931bb020][TIMING] emit_host_span: [STRACE] v=1 pid=88573 tid=88573 inv=6 hid=931fcff710c4993d depth=2 name=chip.run.runner_run.device_wall ts=0 dur=3736680 clk=dev
[mono_ns=7229982703545321][T0xee88931bb020][TIMING] emit_host_span: [STRACE] v=1 pid=88573 tid=88573 inv=6 hid=931fcff710c4993d depth=3 name=chip.run.runner_run.device_wall.preamble ts=0 dur=104220 clk=dev
[mono_ns=7229982703548821][T0xee88931bb020][TIMING] emit_host_span: [STRACE] v=1 pid=88573 tid=88573 inv=6 hid=931fcff710c4993d depth=3 name=chip.run.runner_run.device_wall.graph_build ts=99679 dur=3627020 clk=dev
[mono_ns=7229982703552131][T0xee88931bb020][TIMING] emit_host_span: [STRACE] v=1 pid=88573 tid=88573 inv=6 hid=931fcff710c4993d depth=3 name=chip.run.runner_run.device_wall.config_validate ts=99800 dur=799 clk=dev
[mono_ns=7229982703555111][T0xee88931bb020][TIMING] emit_host_span: [STRACE] v=1 pid=88573 tid=88573 inv=6 hid=931fcff710c4993d depth=3 name=chip.run.runner_run.device_wall.arena_wire ts=100640 dur=320 clk=dev
[mono_ns=7229982703558211][T0xee88931bb020][TIMING] emit_host_span: [STRACE] v=1 pid=88573 tid=88573 inv=6 hid=931fcff710c4993d depth=3 name=chip.run.runner_run.device_wall.sm_reset ts=100980 dur=600 clk=dev
[mono_ns=7229982703561341][T0xee88931bb020][TIMING] emit_host_span: [STRACE] v=1 pid=88573 tid=88573 inv=6 hid=931fcff710c4993d depth=3 name=chip.run.runner_run.device_wall.post_orch ts=3726740 dur=9620 clk=dev
[mono_ns=7229982703564251][T0xee88931bb020][TIMING] emit_host_span: [STRACE] v=1 pid=88573 tid=88573 inv=6 hid=931fcff710c4993d depth=3 name=chip.run.runner_run.device_wall.orch ts=101620 dur=3840 clk=dev
[mono_ns=7229982703569011][T0xee88931bb020][TIMING] emit_host_span: [STRACE] v=1 pid=88573 tid=88573 inv=6 hid=931fcff710c4993d depth=3 name=chip.run.runner_run.device_wall.sched ts=104339 dur=3598660 clk=dev
[mono_ns=7229982703572861][T0xee88931bb020][TIMING] emit_host_span: [STRACE] v=1 pid=88573 tid=88573 inv=6 hid=931fcff710c4993d depth=1 name=chip.run.claim_release ts=7229982703570811 dur=290 
[mono_ns=7229982703577751][T0xee88931bb020][TIMING] emit_host_span: [STRACE] v=1 pid=88573 tid=88573 inv=6 hid=931fcff710c4993d depth=0 name=chip.run ts=7229982591287625 dur=112288076 run_id=6 dispatch_id=6 slot_id=0 generation=6 run_epoch=6
