[mono_ns=7229972265911393][T0xee88931bb020][TIMING] emit_host_span: [STRACE] v=1 pid=88623 tid=88623 inv=1 hid=931fcff710c4993d depth=2 name=chip.run.bind.args ts=7229972265794002 dur=110051 
[mono_ns=7229972265930963][T0xee88931bb020][TIMING] emit_host_span: [STRACE] v=1 pid=88623 tid=88623 inv=1 hid=931fcff710c4993d depth=2 name=chip.run.bind.prebuilt ts=7229972265925193 dur=3130 
[mono_ns=7229972265936563][T0xee88931bb020][TIMING] emit_host_span: [STRACE] v=1 pid=88623 tid=88623 inv=1 hid=931fcff710c4993d depth=1 name=chip.run.bind ts=7229972265355200 dur=578743 
[mono_ns=7229972383200915][T0xee88931bb020][TIMING] emit_host_span: [STRACE] v=1 pid=88623 tid=88623 inv=1 hid=931fcff710c4993d depth=1 name=chip.run.runner_run ts=7229972266621737 dur=116570358 
[mono_ns=7229972383325366][T0xee88931bb020][TIMING] emit_host_span: [STRACE] v=1 pid=88623 tid=88623 inv=1 hid=931fcff710c4993d depth=1 name=chip.run.validate ts=7229972383218215 dur=102681 
[mono_ns=7229972383337146][T0xee88931bb020][TIMING] emit_host_span: [STRACE] v=1 pid=88623 tid=88623 inv=1 hid=931fcff710c4993d depth=2 name=chip.run.runner_run.device_wall ts=0 dur=721160 clk=dev
[mono_ns=7229972383341866][T0xee88931bb020][TIMING] emit_host_span: [STRACE] v=1 pid=88623 tid=88623 inv=1 hid=931fcff710c4993d depth=3 name=chip.run.runner_run.device_wall.preamble ts=0 dur=157960 clk=dev
[mono_ns=7229972383346476][T0xee88931bb020][TIMING] emit_host_span: [STRACE] v=1 pid=88623 tid=88623 inv=1 hid=931fcff710c4993d depth=3 name=chip.run.runner_run.device_wall.graph_build ts=38500 dur=661939 clk=dev
[mono_ns=7229972383350076][T0xee88931bb020][TIMING] emit_host_span: [STRACE] v=1 pid=88623 tid=88623 inv=1 hid=931fcff710c4993d depth=3 name=chip.run.runner_run.device_wall.config_validate ts=42339 dur=3820 clk=dev
[mono_ns=7229972383355056][T0xee88931bb020][TIMING] emit_host_span: [STRACE] v=1 pid=88623 tid=88623 inv=1 hid=931fcff710c4993d depth=3 name=chip.run.runner_run.device_wall.arena_wire ts=46180 dur=11760 clk=dev
[mono_ns=7229972383360896][T0xee88931bb020][TIMING] emit_host_span: [STRACE] v=1 pid=88623 tid=88623 inv=1 hid=931fcff710c4993d depth=3 name=chip.run.runner_run.device_wall.sm_reset ts=57960 dur=18020 clk=dev
[mono_ns=7229972383365566][T0xee88931bb020][TIMING] emit_host_span: [STRACE] v=1 pid=88623 tid=88623 inv=1 hid=931fcff710c4993d depth=3 name=chip.run.runner_run.device_wall.post_orch ts=700560 dur=16920 clk=dev
[mono_ns=7229972383369756][T0xee88931bb020][TIMING] emit_host_span: [STRACE] v=1 pid=88623 tid=88623 inv=1 hid=931fcff710c4993d depth=3 name=chip.run.runner_run.device_wall.orch ts=81060 dur=42480 clk=dev
[mono_ns=7229972383374086][T0xee88931bb020][TIMING] emit_host_span: [STRACE] v=1 pid=88623 tid=88623 inv=1 hid=931fcff710c4993d depth=3 name=chip.run.runner_run.device_wall.sched ts=159740 dur=518039 clk=dev
[mono_ns=7229972383381046][T0xee88931bb020][TIMING] emit_host_span: [STRACE] v=1 pid=88623 tid=88623 inv=1 hid=931fcff710c4993d depth=1 name=chip.run.claim_release ts=7229972383378726 dur=560 
[mono_ns=7229972383387846][T0xee88931bb020][TIMING] emit_host_span: [STRACE] v=1 pid=88623 tid=88623 inv=1 hid=931fcff710c4993d depth=0 name=chip.run ts=7229972265320910 dur=118064826 run_id=1 dispatch_id=1 slot_id=0 generation=1 run_epoch=1
[mono_ns=7229972389745980][T0xee88931bb020][TIMING] emit_host_span: [STRACE] v=1 pid=88623 tid=88623 inv=2 hid=931fcff710c4993d depth=2 name=chip.run.bind.args ts=7229972389605499 dur=131871 
[mono_ns=7229972389770620][T0xee88931bb020][TIMING] emit_host_span: [STRACE] v=1 pid=88623 tid=88623 inv=2 hid=931fcff710c4993d depth=2 name=chip.run.bind.prebuilt ts=7229972389764760 dur=3400 
[mono_ns=7229972389776070][T0xee88931bb020][TIMING] emit_host_span: [STRACE] v=1 pid=88623 tid=88623 inv=2 hid=931fcff710c4993d depth=1 name=chip.run.bind ts=7229972389593239 dur=180711 
[mono_ns=7229972464397396][T0xee8737c8bca0][WARN] copy_aicore_buffer: [chip_swimlane_collector.cpp:689] Core 0: skipped 1024 AICore record slot(s) with start_time=0 (race-window write or recycled-buffer tail). buf seq=0 count=1024
[mono_ns=7229972464407746][T0xee8736c6bca0][WARN] copy_aicore_buffer: [chip_swimlane_collector.cpp:689] Core 2: skipped 1024 AICore record slot(s) with start_time=0 (race-window write or recycled-buffer tail). buf seq=0 count=1024
[mono_ns=7229972464413776][T0xee873747bca0][WARN] copy_aicore_buffer: [chip_swimlane_collector.cpp:689] Core 1: skipped 1024 AICore record slot(s) with start_time=0 (race-window write or recycled-buffer tail). buf seq=0 count=1024
[mono_ns=7229972464755018][T0xee8737c8bca0][WARN] copy_aicore_buffer: [chip_swimlane_collector.cpp:689] Core 24: skipped 1022 AICore record slot(s) with start_time=0 (race-window write or recycled-buffer tail). buf seq=0 count=1024
[mono_ns=7229972464773818][T0xee873747bca0][WARN] copy_aicore_buffer: [chip_swimlane_collector.cpp:689] Core 26: skipped 1023 AICore record slot(s) with start_time=0 (race-window write or recycled-buffer tail). buf seq=0 count=1024
[mono_ns=7229972464780688][T0xee8736c6bca0][WARN] copy_aicore_buffer: [chip_swimlane_collector.cpp:689] Core 28: skipped 1024 AICore record slot(s) with start_time=0 (race-window write or recycled-buffer tail). buf seq=0 count=1024
[mono_ns=7229972465090509][T0xee8737c8bca0][WARN] copy_aicore_buffer: [chip_swimlane_collector.cpp:689] Core 25: skipped 1024 AICore record slot(s) with start_time=0 (race-window write or recycled-buffer tail). buf seq=0 count=1024
[mono_ns=7229972465132550][T0xee873747bca0][WARN] copy_aicore_buffer: [chip_swimlane_collector.cpp:689] Core 27: skipped 1024 AICore record slot(s) with start_time=0 (race-window write or recycled-buffer tail). buf seq=0 count=1024
[mono_ns=7229972465133520][T0xee8736c6bca0][WARN] copy_aicore_buffer: [chip_swimlane_collector.cpp:689] Core 29: skipped 1024 AICore record slot(s) with start_time=0 (race-window write or recycled-buffer tail). buf seq=0 count=1024
[mono_ns=7229972465407591][T0xee8737c8bca0][WARN] copy_aicore_buffer: [chip_swimlane_collector.cpp:689] Core 3: skipped 1024 AICore record slot(s) with start_time=0 (race-window write or recycled-buffer tail). buf seq=0 count=1024
[mono_ns=7229972465459481][T0xee873747bca0][WARN] copy_aicore_buffer: [chip_swimlane_collector.cpp:689] Core 4: skipped 1024 AICore record slot(s) with start_time=0 (race-window write or recycled-buffer tail). buf seq=0 count=1024
[mono_ns=7229972465460141][T0xee8736c6bca0][WARN] copy_aicore_buffer: [chip_swimlane_collector.cpp:689] Core 5: skipped 1024 AICore record slot(s) with start_time=0 (race-window write or recycled-buffer tail). buf seq=0 count=1024
[mono_ns=7229972465767993][T0xee8737c8bca0][WARN] copy_aicore_buffer: [chip_swimlane_collector.cpp:689] Core 30: skipped 1024 AICore record slot(s) with start_time=0 (race-window write or recycled-buffer tail). buf seq=0 count=1024
[mono_ns=7229972465812643][T0xee8736c6bca0][WARN] copy_aicore_buffer: [chip_swimlane_collector.cpp:689] Core 34: skipped 1024 AICore record slot(s) with start_time=0 (race-window write or recycled-buffer tail). buf seq=0 count=1024
[mono_ns=7229972465839573][T0xee873747bca0][WARN] copy_aicore_buffer: [chip_swimlane_collector.cpp:689] Core 32: skipped 1024 AICore record slot(s) with start_time=0 (race-window write or recycled-buffer tail). buf seq=0 count=1024
[mono_ns=7229972466121735][T0xee8737c8bca0][WARN] copy_aicore_buffer: [chip_swimlane_collector.cpp:689] Core 31: skipped 1024 AICore record slot(s) with start_time=0 (race-window write or recycled-buffer tail). buf seq=0 count=1024
[mono_ns=7229972466157405][T0xee8736c6bca0][WARN] copy_aicore_buffer: [chip_swimlane_collector.cpp:689] Core 35: skipped 1024 AICore record slot(s) with start_time=0 (race-window write or recycled-buffer tail). buf seq=0 count=1024
[mono_ns=7229972466195475][T0xee873747bca0][WARN] copy_aicore_buffer: [chip_swimlane_collector.cpp:689] Core 33: skipped 1024 AICore record slot(s) with start_time=0 (race-window write or recycled-buffer tail). buf seq=0 count=1024
[mono_ns=7229972466465267][T0xee8737c8bca0][WARN] copy_aicore_buffer: [chip_swimlane_collector.cpp:689] Core 6: skipped 1024 AICore record slot(s) with start_time=0 (race-window write or recycled-buffer tail). buf seq=0 count=1024
[mono_ns=7229972466526817][T0xee8736c6bca0][WARN] copy_aicore_buffer: [chip_swimlane_collector.cpp:689] Core 8: skipped 1024 AICore record slot(s) with start_time=0 (race-window write or recycled-buffer tail). buf seq=0 count=1024
[mono_ns=7229972466547417][T0xee873747bca0][WARN] copy_aicore_buffer: [chip_swimlane_collector.cpp:689] Core 7: skipped 1024 AICore record slot(s) with start_time=0 (race-window write or recycled-buffer tail). buf seq=0 count=1024
[mono_ns=7229972466803729][T0xee8737c8bca0][WARN] copy_aicore_buffer: [chip_swimlane_collector.cpp:689] Core 36: skipped 1024 AICore record slot(s) with start_time=0 (race-window write or recycled-buffer tail). buf seq=0 count=1024
[mono_ns=7229972466864779][T0xee8736c6bca0][WARN] copy_aicore_buffer: [chip_swimlane_collector.cpp:689] Core 40: skipped 1024 AICore record slot(s) with start_time=0 (race-window write or recycled-buffer tail). buf seq=0 count=1024
[mono_ns=7229972466888559][T0xee873747bca0][WARN] copy_aicore_buffer: [chip_swimlane_collector.cpp:689] Core 38: skipped 1024 AICore record slot(s) with start_time=0 (race-window write or recycled-buffer tail). buf seq=0 count=1024
[mono_ns=7229972467153990][T0xee8737c8bca0][WARN] copy_aicore_buffer: [chip_swimlane_collector.cpp:689] Core 37: skipped 1024 AICore record slot(s) with start_time=0 (race-window write or recycled-buffer tail). buf seq=0 count=1024
[mono_ns=7229972467208591][T0xee8736c6bca0][WARN] copy_aicore_buffer: [chip_swimlane_collector.cpp:689] Core 41: skipped 1024 AICore record slot(s) with start_time=0 (race-window write or recycled-buffer tail). buf seq=0 count=1024
[mono_ns=7229972467244001][T0xee873747bca0][WARN] copy_aicore_buffer: [chip_swimlane_collector.cpp:689] Core 39: skipped 1024 AICore record slot(s) with start_time=0 (race-window write or recycled-buffer tail). buf seq=0 count=1024
[mono_ns=7229972467490092][T0xee8737c8bca0][WARN] copy_aicore_buffer: [chip_swimlane_collector.cpp:689] Core 9: skipped 1024 AICore record slot(s) with start_time=0 (race-window write or recycled-buffer tail). buf seq=0 count=1024
[mono_ns=7229972467550032][T0xee8736c6bca0][WARN] copy_aicore_buffer: [chip_swimlane_collector.cpp:689] Core 11: skipped 1024 AICore record slot(s) with start_time=0 (race-window write or recycled-buffer tail). buf seq=0 count=1024
[mono_ns=7229972467591373][T0xee873747bca0][WARN] copy_aicore_buffer: [chip_swimlane_collector.cpp:689] Core 10: skipped 1024 AICore record slot(s) with start_time=0 (race-window write or recycled-buffer tail). buf seq=0 count=1024
[mono_ns=7229972467822784][T0xee8737c8bca0][WARN] copy_aicore_buffer: [chip_swimlane_collector.cpp:689] Core 42: skipped 1024 AICore record slot(s) with start_time=0 (race-window write or recycled-buffer tail). buf seq=0 count=1024
[mono_ns=7229972467890474][T0xee8736c6bca0][WARN] copy_aicore_buffer: [chip_swimlane_collector.cpp:689] Core 46: skipped 1024 AICore record slot(s) with start_time=0 (race-window write or recycled-buffer tail). buf seq=0 count=1024
[mono_ns=7229972467938525][T0xee873747bca0][WARN] copy_aicore_buffer: [chip_swimlane_collector.cpp:689] Core 44: skipped 1024 AICore record slot(s) with start_time=0 (race-window write or recycled-buffer tail). buf seq=0 count=1024
[mono_ns=7229972468169126][T0xee8737c8bca0][WARN] copy_aicore_buffer: [chip_swimlane_collector.cpp:689] Core 43: skipped 1024 AICore record slot(s) with start_time=0 (race-window write or recycled-buffer tail). buf seq=0 count=1024
[mono_ns=7229972468242426][T0xee8736c6bca0][WARN] copy_aicore_buffer: [chip_swimlane_collector.cpp:689] Core 47: skipped 1024 AICore record slot(s) with start_time=0 (race-window write or recycled-buffer tail). buf seq=0 count=1024
[mono_ns=7229972468295876][T0xee873747bca0][WARN] copy_aicore_buffer: [chip_swimlane_collector.cpp:689] Core 45: skipped 1024 AICore record slot(s) with start_time=0 (race-window write or recycled-buffer tail). buf seq=0 count=1024
[mono_ns=7229972468508968][T0xee8737c8bca0][WARN] copy_aicore_buffer: [chip_swimlane_collector.cpp:689] Core 12: skipped 1024 AICore record slot(s) with start_time=0 (race-window write or recycled-buffer tail). buf seq=0 count=1024
[mono_ns=7229972468584768][T0xee8736c6bca0][WARN] copy_aicore_buffer: [chip_swimlane_collector.cpp:689] Core 14: skipped 1024 AICore record slot(s) with start_time=0 (race-window write or recycled-buffer tail). buf seq=0 count=1024
[mono_ns=7229972468639618][T0xee873747bca0][WARN] copy_aicore_buffer: [chip_swimlane_collector.cpp:689] Core 13: skipped 1024 AICore record slot(s) with start_time=0 (race-window write or recycled-buffer tail). buf seq=0 count=1024
[mono_ns=7229972468842039][T0xee8737c8bca0][WARN] copy_aicore_buffer: [chip_swimlane_collector.cpp:689] Core 48: skipped 1024 AICore record slot(s) with start_time=0 (race-window write or recycled-buffer tail). buf seq=0 count=1024
[mono_ns=7229972468928280][T0xee8736c6bca0][WARN] copy_aicore_buffer: [chip_swimlane_collector.cpp:689] Core 52: skipped 1024 AICore record slot(s) with start_time=0 (race-window write or recycled-buffer tail). buf seq=0 count=1024
[mono_ns=7229972468987380][T0xee873747bca0][WARN] copy_aicore_buffer: [chip_swimlane_collector.cpp:689] Core 50: skipped 1024 AICore record slot(s) with start_time=0 (race-window write or recycled-buffer tail). buf seq=0 count=1024
[mono_ns=7229972469190121][T0xee8737c8bca0][WARN] copy_aicore_buffer: [chip_swimlane_collector.cpp:689] Core 49: skipped 1024 AICore record slot(s) with start_time=0 (race-window write or recycled-buffer tail). buf seq=0 count=1024
[mono_ns=7229972469278432][T0xee8736c6bca0][WARN] copy_aicore_buffer: [chip_swimlane_collector.cpp:689] Core 53: skipped 1024 AICore record slot(s) with start_time=0 (race-window write or recycled-buffer tail). buf seq=0 count=1024
[mono_ns=7229972469340262][T0xee873747bca0][WARN] copy_aicore_buffer: [chip_swimlane_collector.cpp:689] Core 51: skipped 1024 AICore record slot(s) with start_time=0 (race-window write or recycled-buffer tail). buf seq=0 count=1024
[mono_ns=7229972469524883][T0xee8737c8bca0][WARN] copy_aicore_buffer: [chip_swimlane_collector.cpp:689] Core 15: skipped 1024 AICore record slot(s) with start_time=0 (race-window write or recycled-buffer tail). buf seq=0 count=1024
[mono_ns=7229972469622953][T0xee8736c6bca0][WARN] copy_aicore_buffer: [chip_swimlane_collector.cpp:689] Core 17: skipped 1024 AICore record slot(s) with start_time=0 (race-window write or recycled-buffer tail). buf seq=0 count=1024
[mono_ns=7229972469692704][T0xee873747bca0][WARN] copy_aicore_buffer: [chip_swimlane_collector.cpp:689] Core 16: skipped 1024 AICore record slot(s) with start_time=0 (race-window write or recycled-buffer tail). buf seq=0 count=1024
[mono_ns=7229972469859645][T0xee8737c8bca0][WARN] copy_aicore_buffer: [chip_swimlane_collector.cpp:689] Core 54: skipped 1024 AICore record slot(s) with start_time=0 (race-window write or recycled-buffer tail). buf seq=0 count=1024
[mono_ns=7229972469970305][T0xee8736c6bca0][WARN] copy_aicore_buffer: [chip_swimlane_collector.cpp:689] Core 58: skipped 1024 AICore record slot(s) with start_time=0 (race-window write or recycled-buffer tail). buf seq=0 count=1024
[mono_ns=7229972470049676][T0xee873747bca0][WARN] copy_aicore_buffer: [chip_swimlane_collector.cpp:689] Core 56: skipped 1024 AICore record slot(s) with start_time=0 (race-window write or recycled-buffer tail). buf seq=0 count=1024
[mono_ns=7229972470210287][T0xee8737c8bca0][WARN] copy_aicore_buffer: [chip_swimlane_collector.cpp:689] Core 55: skipped 1024 AICore record slot(s) with start_time=0 (race-window write or recycled-buffer tail). buf seq=0 count=1024
[mono_ns=7229972470323187][T0xee8736c6bca0][WARN] copy_aicore_buffer: [chip_swimlane_collector.cpp:689] Core 59: skipped 1024 AICore record slot(s) with start_time=0 (race-window write or recycled-buffer tail). buf seq=0 count=1024
[mono_ns=7229972470397358][T0xee873747bca0][WARN] copy_aicore_buffer: [chip_swimlane_collector.cpp:689] Core 57: skipped 1024 AICore record slot(s) with start_time=0 (race-window write or recycled-buffer tail). buf seq=0 count=1024
[mono_ns=7229972470546008][T0xee8737c8bca0][WARN] copy_aicore_buffer: [chip_swimlane_collector.cpp:689] Core 18: skipped 1024 AICore record slot(s) with start_time=0 (race-window write or recycled-buffer tail). buf seq=0 count=1024
[mono_ns=7229972470694019][T0xee8736c6bca0][WARN] copy_aicore_buffer: [chip_swimlane_collector.cpp:689] Core 20: skipped 1024 AICore record slot(s) with start_time=0 (race-window write or recycled-buffer tail). buf seq=0 count=1024
[mono_ns=7229972470737359][T0xee873747bca0][WARN] copy_aicore_buffer: [chip_swimlane_collector.cpp:689] Core 19: skipped 1024 AICore record slot(s) with start_time=0 (race-window write or recycled-buffer tail). buf seq=0 count=1024
[mono_ns=7229972470881940][T0xee8737c8bca0][WARN] copy_aicore_buffer: [chip_swimlane_collector.cpp:689] Core 60: skipped 1024 AICore record slot(s) with start_time=0 (race-window write or recycled-buffer tail). buf seq=0 count=1024
[mono_ns=7229972471042991][T0xee8736c6bca0][WARN] copy_aicore_buffer: [chip_swimlane_collector.cpp:689] Core 64: skipped 1024 AICore record slot(s) with start_time=0 (race-window write or recycled-buffer tail). buf seq=0 count=1024
[mono_ns=7229972471085471][T0xee873747bca0][WARN] copy_aicore_buffer: [chip_swimlane_collector.cpp:689] Core 62: skipped 1024 AICore record slot(s) with start_time=0 (race-window write or recycled-buffer tail). buf seq=0 count=1024
[mono_ns=7229972471222412][T0xee8737c8bca0][WARN] copy_aicore_buffer: [chip_swimlane_collector.cpp:689] Core 61: skipped 1024 AICore record slot(s) with start_time=0 (race-window write or recycled-buffer tail). buf seq=0 count=1024
[mono_ns=7229972471388503][T0xee8736c6bca0][WARN] copy_aicore_buffer: [chip_swimlane_collector.cpp:689] Core 65: skipped 1024 AICore record slot(s) with start_time=0 (race-window write or recycled-buffer tail). buf seq=0 count=1024
[mono_ns=7229972471427523][T0xee873747bca0][WARN] copy_aicore_buffer: [chip_swimlane_collector.cpp:689] Core 63: skipped 1024 AICore record slot(s) with start_time=0 (race-window write or recycled-buffer tail). buf seq=0 count=1024
[mono_ns=7229972471559104][T0xee8737c8bca0][WARN] copy_aicore_buffer: [chip_swimlane_collector.cpp:689] Core 21: skipped 1024 AICore record slot(s) with start_time=0 (race-window write or recycled-buffer tail). buf seq=0 count=1024
[mono_ns=7229972471734905][T0xee8736c6bca0][WARN] copy_aicore_buffer: [chip_swimlane_collector.cpp:689] Core 23: skipped 1024 AICore record slot(s) with start_time=0 (race-window write or recycled-buffer tail). buf seq=0 count=1024
[mono_ns=7229972471765015][T0xee873747bca0][WARN] copy_aicore_buffer: [chip_swimlane_collector.cpp:689] Core 22: skipped 1024 AICore record slot(s) with start_time=0 (race-window write or recycled-buffer tail). buf seq=0 count=1024
[mono_ns=7229972471891396][T0xee8737c8bca0][WARN] copy_aicore_buffer: [chip_swimlane_collector.cpp:689] Core 66: skipped 1024 AICore record slot(s) with start_time=0 (race-window write or recycled-buffer tail). buf seq=0 count=1024
[mono_ns=7229972472088977][T0xee8736c6bca0][WARN] copy_aicore_buffer: [chip_swimlane_collector.cpp:689] Core 70: skipped 1024 AICore record slot(s) with start_time=0 (race-window write or recycled-buffer tail). buf seq=0 count=1024
[mono_ns=7229972472114337][T0xee873747bca0][WARN] copy_aicore_buffer: [chip_swimlane_collector.cpp:689] Core 68: skipped 1024 AICore record slot(s) with start_time=0 (race-window write or recycled-buffer tail). buf seq=0 count=1024
[mono_ns=7229972472237757][T0xee8737c8bca0][WARN] copy_aicore_buffer: [chip_swimlane_collector.cpp:689] Core 67: skipped 1024 AICore record slot(s) with start_time=0 (race-window write or recycled-buffer tail). buf seq=0 count=1024
[mono_ns=7229972472431688][T0xee8736c6bca0][WARN] copy_aicore_buffer: [chip_swimlane_collector.cpp:689] Core 71: skipped 1024 AICore record slot(s) with start_time=0 (race-window write or recycled-buffer tail). buf seq=0 count=1024
[mono_ns=7229972472452058][T0xee873747bca0][WARN] copy_aicore_buffer: [chip_swimlane_collector.cpp:689] Core 69: skipped 1024 AICore record slot(s) with start_time=0 (race-window write or recycled-buffer tail). buf seq=0 count=1024
[mono_ns=7229972572968822][T0xee88931bb020][TIMING] emit_host_span: [STRACE] v=1 pid=88623 tid=88623 inv=2 hid=931fcff710c4993d depth=1 name=chip.run.runner_run ts=7229972461598761 dur=111359221 
[mono_ns=7229972573103112][T0xee88931bb020][TIMING] emit_host_span: [STRACE] v=1 pid=88623 tid=88623 inv=2 hid=931fcff710c4993d depth=1 name=chip.run.validate ts=7229972572982262 dur=116550 
[mono_ns=7229972573114392][T0xee88931bb020][TIMING] emit_host_span: [STRACE] v=1 pid=88623 tid=88623 inv=2 hid=931fcff710c4993d depth=2 name=chip.run.runner_run.device_wall ts=0 dur=286420 clk=dev
[mono_ns=7229972573118732][T0xee88931bb020][TIMING] emit_host_span: [STRACE] v=1 pid=88623 tid=88623 inv=2 hid=931fcff710c4993d depth=3 name=chip.run.runner_run.device_wall.preamble ts=0 dur=134239 clk=dev
[mono_ns=7229972573123292][T0xee88931bb020][TIMING] emit_host_span: [STRACE] v=1 pid=88623 tid=88623 inv=2 hid=931fcff710c4993d depth=3 name=chip.run.runner_run.device_wall.graph_build ts=129519 dur=146240 clk=dev
[mono_ns=7229972573129633][T0xee88931bb020][TIMING] emit_host_span: [STRACE] v=1 pid=88623 tid=88623 inv=2 hid=931fcff710c4993d depth=3 name=chip.run.runner_run.device_wall.config_validate ts=129700 dur=1080 clk=dev
[mono_ns=7229972573134173][T0xee88931bb020][TIMING] emit_host_span: [STRACE] v=1 pid=88623 tid=88623 inv=2 hid=931fcff710c4993d depth=3 name=chip.run.runner_run.device_wall.arena_wire ts=130800 dur=880 clk=dev
[mono_ns=7229972573137333][T0xee88931bb020][TIMING] emit_host_span: [STRACE] v=1 pid=88623 tid=88623 inv=2 hid=931fcff710c4993d depth=3 name=chip.run.runner_run.device_wall.sm_reset ts=131740 dur=1280 clk=dev
[mono_ns=7229972573140523][T0xee88931bb020][TIMING] emit_host_span: [STRACE] v=1 pid=88623 tid=88623 inv=2 hid=931fcff710c4993d depth=3 name=chip.run.runner_run.device_wall.post_orch ts=275880 dur=10340 clk=dev
[mono_ns=7229972573145173][T0xee88931bb020][TIMING] emit_host_span: [STRACE] v=1 pid=88623 tid=88623 inv=2 hid=931fcff710c4993d depth=3 name=chip.run.runner_run.device_wall.orch ts=133120 dur=5580 clk=dev
[mono_ns=7229972573149353][T0xee88931bb020][TIMING] emit_host_span: [STRACE] v=1 pid=88623 tid=88623 inv=2 hid=931fcff710c4993d depth=3 name=chip.run.runner_run.device_wall.sched ts=134520 dur=114820 clk=dev
[mono_ns=7229972573154863][T0xee88931bb020][TIMING] emit_host_span: [STRACE] v=1 pid=88623 tid=88623 inv=2 hid=931fcff710c4993d depth=1 name=chip.run.claim_release ts=7229972573152443 dur=680 
[mono_ns=7229972573167433][T0xee88931bb020][TIMING] emit_host_span: [STRACE] v=1 pid=88623 tid=88623 inv=2 hid=931fcff710c4993d depth=0 name=chip.run ts=7229972389529509 dur=183635864 run_id=2 dispatch_id=2 slot_id=0 generation=2 run_epoch=2
[mono_ns=7229977374520534][T0xee88931bb020][TIMING] emit_host_span: [STRACE] v=1 pid=88623 tid=88623 inv=3 hid=931fcff710c4993d depth=2 name=chip.run.bind.args ts=7229977374375163 dur=137721 
[mono_ns=7229977374602354][T0xee88931bb020][TIMING] emit_host_span: [STRACE] v=1 pid=88623 tid=88623 inv=3 hid=931fcff710c4993d depth=2 name=chip.run.bind.prebuilt ts=7229977374594484 dur=4500 
[mono_ns=7229977374607964][T0xee88931bb020][TIMING] emit_host_span: [STRACE] v=1 pid=88623 tid=88623 inv=3 hid=931fcff710c4993d depth=1 name=chip.run.bind ts=7229977374343393 dur=262161 
[mono_ns=7229977484499477][T0xee88931bb020][TIMING] emit_host_span: [STRACE] v=1 pid=88623 tid=88623 inv=3 hid=931fcff710c4993d depth=1 name=chip.run.runner_run ts=7229977375587150 dur=108899547 
[mono_ns=7229977484616208][T0xee88931bb020][TIMING] emit_host_span: [STRACE] v=1 pid=88623 tid=88623 inv=3 hid=931fcff710c4993d depth=1 name=chip.run.validate ts=7229977484519047 dur=92461 
[mono_ns=7229977484627908][T0xee88931bb020][TIMING] emit_host_span: [STRACE] v=1 pid=88623 tid=88623 inv=3 hid=931fcff710c4993d depth=2 name=chip.run.runner_run.device_wall ts=0 dur=582220 clk=dev
[mono_ns=7229977484633878][T0xee88931bb020][TIMING] emit_host_span: [STRACE] v=1 pid=88623 tid=88623 inv=3 hid=931fcff710c4993d depth=3 name=chip.run.runner_run.device_wall.preamble ts=0 dur=6740 clk=dev
[mono_ns=7229977484638538][T0xee88931bb020][TIMING] emit_host_span: [STRACE] v=1 pid=88623 tid=88623 inv=3 hid=931fcff710c4993d depth=3 name=chip.run.runner_run.device_wall.graph_build ts=2000 dur=569579 clk=dev
[mono_ns=7229977484642238][T0xee88931bb020][TIMING] emit_host_span: [STRACE] v=1 pid=88623 tid=88623 inv=3 hid=931fcff710c4993d depth=3 name=chip.run.runner_run.device_wall.config_validate ts=2320 dur=1020 clk=dev
[mono_ns=7229977484646728][T0xee88931bb020][TIMING] emit_host_span: [STRACE] v=1 pid=88623 tid=88623 inv=3 hid=931fcff710c4993d depth=3 name=chip.run.runner_run.device_wall.arena_wire ts=3380 dur=899 clk=dev
[mono_ns=7229977484650798][T0xee88931bb020][TIMING] emit_host_span: [STRACE] v=1 pid=88623 tid=88623 inv=3 hid=931fcff710c4993d depth=3 name=chip.run.runner_run.device_wall.sm_reset ts=4300 dur=1440 clk=dev
[mono_ns=7229977484679018][T0xee88931bb020][TIMING] emit_host_span: [STRACE] v=1 pid=88623 tid=88623 inv=3 hid=931fcff710c4993d depth=3 name=chip.run.runner_run.device_wall.post_orch ts=571680 dur=10320 clk=dev
[mono_ns=7229977484683138][T0xee88931bb020][TIMING] emit_host_span: [STRACE] v=1 pid=88623 tid=88623 inv=3 hid=931fcff710c4993d depth=3 name=chip.run.runner_run.device_wall.orch ts=6740 dur=10020 clk=dev
[mono_ns=7229977484687298][T0xee88931bb020][TIMING] emit_host_span: [STRACE] v=1 pid=88623 tid=88623 inv=3 hid=931fcff710c4993d depth=3 name=chip.run.runner_run.device_wall.sched ts=7119 dur=556780 clk=dev
[mono_ns=7229977484692688][T0xee88931bb020][TIMING] emit_host_span: [STRACE] v=1 pid=88623 tid=88623 inv=3 hid=931fcff710c4993d depth=1 name=chip.run.claim_release ts=7229977484690628 dur=320 
[mono_ns=7229977484698098][T0xee88931bb020][TIMING] emit_host_span: [STRACE] v=1 pid=88623 tid=88623 inv=3 hid=931fcff710c4993d depth=0 name=chip.run ts=7229977373964111 dur=110731947 run_id=3 dispatch_id=3 slot_id=0 generation=3 run_epoch=3
[mono_ns=7229977526837772][T0xee88931bb020][TIMING] emit_host_span: [STRACE] v=1 pid=88623 tid=88623 inv=4 hid=931fcff710c4993d depth=2 name=chip.run.bind.args ts=7229977526694411 dur=137771 
[mono_ns=7229977526856472][T0xee88931bb020][TIMING] emit_host_span: [STRACE] v=1 pid=88623 tid=88623 inv=4 hid=931fcff710c4993d depth=2 name=chip.run.bind.prebuilt ts=7229977526851342 dur=2510 
[mono_ns=7229977526861472][T0xee88931bb020][TIMING] emit_host_span: [STRACE] v=1 pid=88623 tid=88623 inv=4 hid=931fcff710c4993d depth=1 name=chip.run.bind ts=7229977526685301 dur=173691 
[mono_ns=7229977529152594][T0xee8737c8bca0][WARN] copy_aicore_buffer: [chip_swimlane_collector.cpp:689] Core 0: skipped 1024 AICore record slot(s) with start_time=0 (race-window write or recycled-buffer tail). buf seq=0 count=1024
[mono_ns=7229977529296625][T0xee873747bca0][WARN] copy_aicore_buffer: [chip_swimlane_collector.cpp:689] Core 1: skipped 1024 AICore record slot(s) with start_time=0 (race-window write or recycled-buffer tail). buf seq=0 count=1024
[mono_ns=7229977529400336][T0xee8736c6bca0][WARN] copy_aicore_buffer: [chip_swimlane_collector.cpp:689] Core 2: skipped 1024 AICore record slot(s) with start_time=0 (race-window write or recycled-buffer tail). buf seq=0 count=1024
[mono_ns=7229977529493996][T0xee8737c8bca0][WARN] copy_aicore_buffer: [chip_swimlane_collector.cpp:689] Core 24: skipped 1023 AICore record slot(s) with start_time=0 (race-window write or recycled-buffer tail). buf seq=0 count=1024
[mono_ns=7229977529678297][T0xee873747bca0][WARN] copy_aicore_buffer: [chip_swimlane_collector.cpp:689] Core 26: skipped 1022 AICore record slot(s) with start_time=0 (race-window write or recycled-buffer tail). buf seq=0 count=1024
[mono_ns=7229977529745167][T0xee8736c6bca0][WARN] copy_aicore_buffer: [chip_swimlane_collector.cpp:689] Core 28: skipped 1024 AICore record slot(s) with start_time=0 (race-window write or recycled-buffer tail). buf seq=0 count=1024
[mono_ns=7229977529807128][T0xee8737c8bca0][WARN] copy_aicore_buffer: [chip_swimlane_collector.cpp:689] Core 25: skipped 1024 AICore record slot(s) with start_time=0 (race-window write or recycled-buffer tail). buf seq=0 count=1024
[mono_ns=7229977530014479][T0xee873747bca0][WARN] copy_aicore_buffer: [chip_swimlane_collector.cpp:689] Core 27: skipped 1024 AICore record slot(s) with start_time=0 (race-window write or recycled-buffer tail). buf seq=0 count=1024
[mono_ns=7229977530078229][T0xee8736c6bca0][WARN] copy_aicore_buffer: [chip_swimlane_collector.cpp:689] Core 29: skipped 1024 AICore record slot(s) with start_time=0 (race-window write or recycled-buffer tail). buf seq=0 count=1024
[mono_ns=7229977530133769][T0xee8737c8bca0][WARN] copy_aicore_buffer: [chip_swimlane_collector.cpp:689] Core 3: skipped 1024 AICore record slot(s) with start_time=0 (race-window write or recycled-buffer tail). buf seq=0 count=1024
[mono_ns=7229977530362051][T0xee873747bca0][WARN] copy_aicore_buffer: [chip_swimlane_collector.cpp:689] Core 4: skipped 1024 AICore record slot(s) with start_time=0 (race-window write or recycled-buffer tail). buf seq=0 count=1024
[mono_ns=7229977530401331][T0xee8736c6bca0][WARN] copy_aicore_buffer: [chip_swimlane_collector.cpp:689] Core 5: skipped 1024 AICore record slot(s) with start_time=0 (race-window write or recycled-buffer tail). buf seq=0 count=1024
[mono_ns=7229977530444031][T0xee8737c8bca0][WARN] copy_aicore_buffer: [chip_swimlane_collector.cpp:689] Core 30: skipped 1024 AICore record slot(s) with start_time=0 (race-window write or recycled-buffer tail). buf seq=0 count=1024
[mono_ns=7229977530684842][T0xee873747bca0][WARN] copy_aicore_buffer: [chip_swimlane_collector.cpp:689] Core 32: skipped 1024 AICore record slot(s) with start_time=0 (race-window write or recycled-buffer tail). buf seq=0 count=1024
[mono_ns=7229977530753573][T0xee8736c6bca0][WARN] copy_aicore_buffer: [chip_swimlane_collector.cpp:689] Core 34: skipped 1024 AICore record slot(s) with start_time=0 (race-window write or recycled-buffer tail). buf seq=0 count=1024
[mono_ns=7229977530757873][T0xee8737c8bca0][WARN] copy_aicore_buffer: [chip_swimlane_collector.cpp:689] Core 31: skipped 1024 AICore record slot(s) with start_time=0 (race-window write or recycled-buffer tail). buf seq=0 count=1024
[mono_ns=7229977531059944][T0xee873747bca0][WARN] copy_aicore_buffer: [chip_swimlane_collector.cpp:689] Core 33: skipped 1024 AICore record slot(s) with start_time=0 (race-window write or recycled-buffer tail). buf seq=0 count=1024
[mono_ns=7229977531090825][T0xee8736c6bca0][WARN] copy_aicore_buffer: [chip_swimlane_collector.cpp:689] Core 35: skipped 1024 AICore record slot(s) with start_time=0 (race-window write or recycled-buffer tail). buf seq=0 count=1024
[mono_ns=7229977531126185][T0xee8737c8bca0][WARN] copy_aicore_buffer: [chip_swimlane_collector.cpp:689] Core 6: skipped 1024 AICore record slot(s) with start_time=0 (race-window write or recycled-buffer tail). buf seq=0 count=1024
[mono_ns=7229977531385026][T0xee873747bca0][WARN] copy_aicore_buffer: [chip_swimlane_collector.cpp:689] Core 7: skipped 1024 AICore record slot(s) with start_time=0 (race-window write or recycled-buffer tail). buf seq=0 count=1024
[mono_ns=7229977531413886][T0xee8736c6bca0][WARN] copy_aicore_buffer: [chip_swimlane_collector.cpp:689] Core 8: skipped 1024 AICore record slot(s) with start_time=0 (race-window write or recycled-buffer tail). buf seq=0 count=1024
[mono_ns=7229977531440016][T0xee8737c8bca0][WARN] copy_aicore_buffer: [chip_swimlane_collector.cpp:689] Core 36: skipped 1024 AICore record slot(s) with start_time=0 (race-window write or recycled-buffer tail). buf seq=0 count=1024
[mono_ns=7229977531708368][T0xee873747bca0][WARN] copy_aicore_buffer: [chip_swimlane_collector.cpp:689] Core 38: skipped 1024 AICore record slot(s) with start_time=0 (race-window write or recycled-buffer tail). buf seq=0 count=1024
[mono_ns=7229977531735048][T0xee8736c6bca0][WARN] copy_aicore_buffer: [chip_swimlane_collector.cpp:689] Core 40: skipped 1024 AICore record slot(s) with start_time=0 (race-window write or recycled-buffer tail). buf seq=0 count=1024
[mono_ns=7229977531752308][T0xee8737c8bca0][WARN] copy_aicore_buffer: [chip_swimlane_collector.cpp:689] Core 37: skipped 1024 AICore record slot(s) with start_time=0 (race-window write or recycled-buffer tail). buf seq=0 count=1024
[mono_ns=7229977532086930][T0xee8737c8bca0][WARN] copy_aicore_buffer: [chip_swimlane_collector.cpp:689] Core 9: skipped 1024 AICore record slot(s) with start_time=0 (race-window write or recycled-buffer tail). buf seq=0 count=1024
[mono_ns=7229977532099580][T0xee873747bca0][WARN] copy_aicore_buffer: [chip_swimlane_collector.cpp:689] Core 39: skipped 1024 AICore record slot(s) with start_time=0 (race-window write or recycled-buffer tail). buf seq=0 count=1024
[mono_ns=7229977532101230][T0xee8736c6bca0][WARN] copy_aicore_buffer: [chip_swimlane_collector.cpp:689] Core 41: skipped 1024 AICore record slot(s) with start_time=0 (race-window write or recycled-buffer tail). buf seq=0 count=1024
[mono_ns=7229977532399172][T0xee8737c8bca0][WARN] copy_aicore_buffer: [chip_swimlane_collector.cpp:689] Core 42: skipped 1024 AICore record slot(s) with start_time=0 (race-window write or recycled-buffer tail). buf seq=0 count=1024
[mono_ns=7229977532416522][T0xee873747bca0][WARN] copy_aicore_buffer: [chip_swimlane_collector.cpp:689] Core 10: skipped 1024 AICore record slot(s) with start_time=0 (race-window write or recycled-buffer tail). buf seq=0 count=1024
[mono_ns=7229977532419352][T0xee8736c6bca0][WARN] copy_aicore_buffer: [chip_swimlane_collector.cpp:689] Core 11: skipped 1024 AICore record slot(s) with start_time=0 (race-window write or recycled-buffer tail). buf seq=0 count=1024
[mono_ns=7229977532711393][T0xee8737c8bca0][WARN] copy_aicore_buffer: [chip_swimlane_collector.cpp:689] Core 43: skipped 1024 AICore record slot(s) with start_time=0 (race-window write or recycled-buffer tail). buf seq=0 count=1024
[mono_ns=7229977532739103][T0xee873747bca0][WARN] copy_aicore_buffer: [chip_swimlane_collector.cpp:689] Core 44: skipped 1024 AICore record slot(s) with start_time=0 (race-window write or recycled-buffer tail). buf seq=0 count=1024
[mono_ns=7229977532774514][T0xee8736c6bca0][WARN] copy_aicore_buffer: [chip_swimlane_collector.cpp:689] Core 46: skipped 1024 AICore record slot(s) with start_time=0 (race-window write or recycled-buffer tail). buf seq=0 count=1024
[mono_ns=7229977533032185][T0xee8737c8bca0][WARN] copy_aicore_buffer: [chip_swimlane_collector.cpp:689] Core 12: skipped 1024 AICore record slot(s) with start_time=0 (race-window write or recycled-buffer tail). buf seq=0 count=1024
[mono_ns=7229977533070245][T0xee873747bca0][WARN] copy_aicore_buffer: [chip_swimlane_collector.cpp:689] Core 45: skipped 1024 AICore record slot(s) with start_time=0 (race-window write or recycled-buffer tail). buf seq=0 count=1024
[mono_ns=7229977533106725][T0xee8736c6bca0][WARN] copy_aicore_buffer: [chip_swimlane_collector.cpp:689] Core 47: skipped 1024 AICore record slot(s) with start_time=0 (race-window write or recycled-buffer tail). buf seq=0 count=1024
[mono_ns=7229977533344977][T0xee8737c8bca0][WARN] copy_aicore_buffer: [chip_swimlane_collector.cpp:689] Core 48: skipped 1024 AICore record slot(s) with start_time=0 (race-window write or recycled-buffer tail). buf seq=0 count=1024
[mono_ns=7229977533393817][T0xee873747bca0][WARN] copy_aicore_buffer: [chip_swimlane_collector.cpp:689] Core 13: skipped 1024 AICore record slot(s) with start_time=0 (race-window write or recycled-buffer tail). buf seq=0 count=1024
[mono_ns=7229977533428217][T0xee8736c6bca0][WARN] copy_aicore_buffer: [chip_swimlane_collector.cpp:689] Core 14: skipped 1024 AICore record slot(s) with start_time=0 (race-window write or recycled-buffer tail). buf seq=0 count=1024
[mono_ns=7229977533657448][T0xee8737c8bca0][WARN] copy_aicore_buffer: [chip_swimlane_collector.cpp:689] Core 49: skipped 1024 AICore record slot(s) with start_time=0 (race-window write or recycled-buffer tail). buf seq=0 count=1024
[mono_ns=7229977533730309][T0xee873747bca0][WARN] copy_aicore_buffer: [chip_swimlane_collector.cpp:689] Core 50: skipped 1024 AICore record slot(s) with start_time=0 (race-window write or recycled-buffer tail). buf seq=0 count=1024
[mono_ns=7229977533751309][T0xee8736c6bca0][WARN] copy_aicore_buffer: [chip_swimlane_collector.cpp:689] Core 52: skipped 1024 AICore record slot(s) with start_time=0 (race-window write or recycled-buffer tail). buf seq=0 count=1024
[mono_ns=7229977533969960][T0xee8737c8bca0][WARN] copy_aicore_buffer: [chip_swimlane_collector.cpp:689] Core 15: skipped 1024 AICore record slot(s) with start_time=0 (race-window write or recycled-buffer tail). buf seq=0 count=1024
[mono_ns=7229977534061530][T0xee873747bca0][WARN] copy_aicore_buffer: [chip_swimlane_collector.cpp:689] Core 51: skipped 1024 AICore record slot(s) with start_time=0 (race-window write or recycled-buffer tail). buf seq=0 count=1024
[mono_ns=7229977534085610][T0xee8736c6bca0][WARN] copy_aicore_buffer: [chip_swimlane_collector.cpp:689] Core 53: skipped 1024 AICore record slot(s) with start_time=0 (race-window write or recycled-buffer tail). buf seq=0 count=1024
[mono_ns=7229977534292252][T0xee8737c8bca0][WARN] copy_aicore_buffer: [chip_swimlane_collector.cpp:689] Core 54: skipped 1024 AICore record slot(s) with start_time=0 (race-window write or recycled-buffer tail). buf seq=0 count=1024
[mono_ns=7229977534384842][T0xee873747bca0][WARN] copy_aicore_buffer: [chip_swimlane_collector.cpp:689] Core 16: skipped 1024 AICore record slot(s) with start_time=0 (race-window write or recycled-buffer tail). buf seq=0 count=1024
[mono_ns=7229977534408712][T0xee8736c6bca0][WARN] copy_aicore_buffer: [chip_swimlane_collector.cpp:689] Core 17: skipped 1024 AICore record slot(s) with start_time=0 (race-window write or recycled-buffer tail). buf seq=0 count=1024
[mono_ns=7229977534618363][T0xee8737c8bca0][WARN] copy_aicore_buffer: [chip_swimlane_collector.cpp:689] Core 55: skipped 1024 AICore record slot(s) with start_time=0 (race-window write or recycled-buffer tail). buf seq=0 count=1024
[mono_ns=7229977534708484][T0xee873747bca0][WARN] copy_aicore_buffer: [chip_swimlane_collector.cpp:689] Core 56: skipped 1024 AICore record slot(s) with start_time=0 (race-window write or recycled-buffer tail). buf seq=0 count=1024
[mono_ns=7229977534731284][T0xee8736c6bca0][WARN] copy_aicore_buffer: [chip_swimlane_collector.cpp:689] Core 58: skipped 1024 AICore record slot(s) with start_time=0 (race-window write or recycled-buffer tail). buf seq=0 count=1024
[mono_ns=7229977534930925][T0xee8737c8bca0][WARN] copy_aicore_buffer: [chip_swimlane_collector.cpp:689] Core 18: skipped 1024 AICore record slot(s) with start_time=0 (race-window write or recycled-buffer tail). buf seq=0 count=1024
[mono_ns=7229977535036786][T0xee873747bca0][WARN] copy_aicore_buffer: [chip_swimlane_collector.cpp:689] Core 57: skipped 1024 AICore record slot(s) with start_time=0 (race-window write or recycled-buffer tail). buf seq=0 count=1024
[mono_ns=7229977535087376][T0xee8736c6bca0][WARN] copy_aicore_buffer: [chip_swimlane_collector.cpp:689] Core 59: skipped 1024 AICore record slot(s) with start_time=0 (race-window write or recycled-buffer tail). buf seq=0 count=1024
[mono_ns=7229977535351797][T0xee8737c8bca0][WARN] copy_aicore_buffer: [chip_swimlane_collector.cpp:689] Core 60: skipped 1024 AICore record slot(s) with start_time=0 (race-window write or recycled-buffer tail). buf seq=0 count=1024
[mono_ns=7229977535429158][T0xee8736c6bca0][WARN] copy_aicore_buffer: [chip_swimlane_collector.cpp:689] Core 20: skipped 1024 AICore record slot(s) with start_time=0 (race-window write or recycled-buffer tail). buf seq=0 count=1024
[mono_ns=7229977535447458][T0xee873747bca0][WARN] copy_aicore_buffer: [chip_swimlane_collector.cpp:689] Core 19: skipped 1024 AICore record slot(s) with start_time=0 (race-window write or recycled-buffer tail). buf seq=0 count=1024
[mono_ns=7229977535699039][T0xee8737c8bca0][WARN] copy_aicore_buffer: [chip_swimlane_collector.cpp:689] Core 61: skipped 1024 AICore record slot(s) with start_time=0 (race-window write or recycled-buffer tail). buf seq=0 count=1024
[mono_ns=7229977535783419][T0xee8736c6bca0][WARN] copy_aicore_buffer: [chip_swimlane_collector.cpp:689] Core 64: skipped 1024 AICore record slot(s) with start_time=0 (race-window write or recycled-buffer tail). buf seq=0 count=1024
[mono_ns=7229977535800470][T0xee873747bca0][WARN] copy_aicore_buffer: [chip_swimlane_collector.cpp:689] Core 62: skipped 1024 AICore record slot(s) with start_time=0 (race-window write or recycled-buffer tail). buf seq=0 count=1024
[mono_ns=7229977536045671][T0xee8737c8bca0][WARN] copy_aicore_buffer: [chip_swimlane_collector.cpp:689] Core 21: skipped 1024 AICore record slot(s) with start_time=0 (race-window write or recycled-buffer tail). buf seq=0 count=1024
[mono_ns=7229977536132881][T0xee8736c6bca0][WARN] copy_aicore_buffer: [chip_swimlane_collector.cpp:689] Core 65: skipped 1024 AICore record slot(s) with start_time=0 (race-window write or recycled-buffer tail). buf seq=0 count=1024
[mono_ns=7229977536148611][T0xee873747bca0][WARN] copy_aicore_buffer: [chip_swimlane_collector.cpp:689] Core 63: skipped 1024 AICore record slot(s) with start_time=0 (race-window write or recycled-buffer tail). buf seq=0 count=1024
[mono_ns=7229977536428563][T0xee8737c8bca0][WARN] copy_aicore_buffer: [chip_swimlane_collector.cpp:689] Core 66: skipped 1024 AICore record slot(s) with start_time=0 (race-window write or recycled-buffer tail). buf seq=0 count=1024
[mono_ns=7229977536472713][T0xee8736c6bca0][WARN] copy_aicore_buffer: [chip_swimlane_collector.cpp:689] Core 23: skipped 1024 AICore record slot(s) with start_time=0 (race-window write or recycled-buffer tail). buf seq=0 count=1024
[mono_ns=7229977536483693][T0xee873747bca0][WARN] copy_aicore_buffer: [chip_swimlane_collector.cpp:689] Core 22: skipped 1024 AICore record slot(s) with start_time=0 (race-window write or recycled-buffer tail). buf seq=0 count=1024
[mono_ns=7229977536768275][T0xee8737c8bca0][WARN] copy_aicore_buffer: [chip_swimlane_collector.cpp:689] Core 67: skipped 1024 AICore record slot(s) with start_time=0 (race-window write or recycled-buffer tail). buf seq=0 count=1024
[mono_ns=7229977536813405][T0xee8736c6bca0][WARN] copy_aicore_buffer: [chip_swimlane_collector.cpp:689] Core 70: skipped 1024 AICore record slot(s) with start_time=0 (race-window write or recycled-buffer tail). buf seq=0 count=1024
[mono_ns=7229977536826355][T0xee873747bca0][WARN] copy_aicore_buffer: [chip_swimlane_collector.cpp:689] Core 68: skipped 1024 AICore record slot(s) with start_time=0 (race-window write or recycled-buffer tail). buf seq=0 count=1024
[mono_ns=7229977537162777][T0xee8736c6bca0][WARN] copy_aicore_buffer: [chip_swimlane_collector.cpp:689] Core 71: skipped 1024 AICore record slot(s) with start_time=0 (race-window write or recycled-buffer tail). buf seq=0 count=1024
[mono_ns=7229977537193627][T0xee873747bca0][WARN] copy_aicore_buffer: [chip_swimlane_collector.cpp:689] Core 69: skipped 1024 AICore record slot(s) with start_time=0 (race-window write or recycled-buffer tail). buf seq=0 count=1024
[mono_ns=7229977637735500][T0xee88931bb020][TIMING] emit_host_span: [STRACE] v=1 pid=88623 tid=88623 inv=4 hid=931fcff710c4993d depth=1 name=chip.run.runner_run ts=7229977527933848 dur=109795512 
[mono_ns=7229977637828681][T0xee88931bb020][TIMING] emit_host_span: [STRACE] v=1 pid=88623 tid=88623 inv=4 hid=931fcff710c4993d depth=1 name=chip.run.validate ts=7229977637747720 dur=77701 
[mono_ns=7229977637839451][T0xee88931bb020][TIMING] emit_host_span: [STRACE] v=1 pid=88623 tid=88623 inv=4 hid=931fcff710c4993d depth=2 name=chip.run.runner_run.device_wall ts=0 dur=691020 clk=dev
[mono_ns=7229977637844401][T0xee88931bb020][TIMING] emit_host_span: [STRACE] v=1 pid=88623 tid=88623 inv=4 hid=931fcff710c4993d depth=3 name=chip.run.runner_run.device_wall.preamble ts=0 dur=103860 clk=dev
[mono_ns=7229977637848711][T0xee88931bb020][TIMING] emit_host_span: [STRACE] v=1 pid=88623 tid=88623 inv=4 hid=931fcff710c4993d depth=3 name=chip.run.runner_run.device_wall.graph_build ts=99759 dur=580420 clk=dev
[mono_ns=7229977637853001][T0xee88931bb020][TIMING] emit_host_span: [STRACE] v=1 pid=88623 tid=88623 inv=4 hid=931fcff710c4993d depth=3 name=chip.run.runner_run.device_wall.config_validate ts=100260 dur=780 clk=dev
[mono_ns=7229977637888671][T0xee88931bb020][TIMING] emit_host_span: [STRACE] v=1 pid=88623 tid=88623 inv=4 hid=931fcff710c4993d depth=3 name=chip.run.runner_run.device_wall.arena_wire ts=101060 dur=360 clk=dev
[mono_ns=7229977637891761][T0xee88931bb020][TIMING] emit_host_span: [STRACE] v=1 pid=88623 tid=88623 inv=4 hid=931fcff710c4993d depth=3 name=chip.run.runner_run.device_wall.sm_reset ts=101460 dur=600 clk=dev
[mono_ns=7229977637895571][T0xee88931bb020][TIMING] emit_host_span: [STRACE] v=1 pid=88623 tid=88623 inv=4 hid=931fcff710c4993d depth=3 name=chip.run.runner_run.device_wall.post_orch ts=680280 dur=10540 clk=dev
[mono_ns=7229977637898451][T0xee88931bb020][TIMING] emit_host_span: [STRACE] v=1 pid=88623 tid=88623 inv=4 hid=931fcff710c4993d depth=3 name=chip.run.runner_run.device_wall.orch ts=102100 dur=3840 clk=dev
[mono_ns=7229977637902161][T0xee88931bb020][TIMING] emit_host_span: [STRACE] v=1 pid=88623 tid=88623 inv=4 hid=931fcff710c4993d depth=3 name=chip.run.runner_run.device_wall.sched ts=104040 dur=551940 clk=dev
[mono_ns=7229977637906511][T0xee88931bb020][TIMING] emit_host_span: [STRACE] v=1 pid=88623 tid=88623 inv=4 hid=931fcff710c4993d depth=1 name=chip.run.claim_release ts=7229977637903961 dur=270 
[mono_ns=7229977637911281][T0xee88931bb020][TIMING] emit_host_span: [STRACE] v=1 pid=88623 tid=88623 inv=4 hid=931fcff710c4993d depth=0 name=chip.run ts=7229977526630251 dur=111278980 run_id=4 dispatch_id=4 slot_id=0 generation=4 run_epoch=4
[mono_ns=7229982474280374][T0xee88931bb020][TIMING] emit_host_span: [STRACE] v=1 pid=88623 tid=88623 inv=5 hid=931fcff710c4993d depth=2 name=chip.run.bind.args ts=7229982474107413 dur=166031 
[mono_ns=7229982474304824][T0xee88931bb020][TIMING] emit_host_span: [STRACE] v=1 pid=88623 tid=88623 inv=5 hid=931fcff710c4993d depth=2 name=chip.run.bind.prebuilt ts=7229982474298884 dur=3040 
[mono_ns=7229982474310134][T0xee88931bb020][TIMING] emit_host_span: [STRACE] v=1 pid=88623 tid=88623 inv=5 hid=931fcff710c4993d depth=1 name=chip.run.bind ts=7229982474095493 dur=212161 
[mono_ns=7229982578966460][T0xee88931bb020][TIMING] emit_host_span: [STRACE] v=1 pid=88623 tid=88623 inv=5 hid=931fcff710c4993d depth=1 name=chip.run.runner_run ts=7229982474614226 dur=104338084 
[mono_ns=7229982579091600][T0xee88931bb020][TIMING] emit_host_span: [STRACE] v=1 pid=88623 tid=88623 inv=5 hid=931fcff710c4993d depth=1 name=chip.run.validate ts=7229982578983810 dur=103980 
[mono_ns=7229982579103490][T0xee88931bb020][TIMING] emit_host_span: [STRACE] v=1 pid=88623 tid=88623 inv=5 hid=931fcff710c4993d depth=2 name=chip.run.runner_run.device_wall ts=0 dur=5282460 clk=dev
[mono_ns=7229982579108620][T0xee88931bb020][TIMING] emit_host_span: [STRACE] v=1 pid=88623 tid=88623 inv=5 hid=931fcff710c4993d depth=3 name=chip.run.runner_run.device_wall.preamble ts=0 dur=8120 clk=dev
[mono_ns=7229982579113060][T0xee88931bb020][TIMING] emit_host_span: [STRACE] v=1 pid=88623 tid=88623 inv=5 hid=931fcff710c4993d depth=3 name=chip.run.runner_run.device_wall.graph_build ts=2260 dur=5269600 clk=dev
[mono_ns=7229982579175341][T0xee88931bb020][TIMING] emit_host_span: [STRACE] v=1 pid=88623 tid=88623 inv=5 hid=931fcff710c4993d depth=3 name=chip.run.runner_run.device_wall.config_validate ts=2760 dur=679 clk=dev
[mono_ns=7229982579179341][T0xee88931bb020][TIMING] emit_host_span: [STRACE] v=1 pid=88623 tid=88623 inv=5 hid=931fcff710c4993d depth=3 name=chip.run.runner_run.device_wall.arena_wire ts=3460 dur=1020 clk=dev
[mono_ns=7229982579183201][T0xee88931bb020][TIMING] emit_host_span: [STRACE] v=1 pid=88623 tid=88623 inv=5 hid=931fcff710c4993d depth=3 name=chip.run.runner_run.device_wall.sm_reset ts=4520 dur=2340 clk=dev
[mono_ns=7229982579188001][T0xee88931bb020][TIMING] emit_host_span: [STRACE] v=1 pid=88623 tid=88623 inv=5 hid=931fcff710c4993d depth=3 name=chip.run.runner_run.device_wall.post_orch ts=5271920 dur=10160 clk=dev
[mono_ns=7229982579191851][T0xee88931bb020][TIMING] emit_host_span: [STRACE] v=1 pid=88623 tid=88623 inv=5 hid=931fcff710c4993d depth=3 name=chip.run.runner_run.device_wall.orch ts=8280 dur=13940 clk=dev
[mono_ns=7229982579195661][T0xee88931bb020][TIMING] emit_host_span: [STRACE] v=1 pid=88623 tid=88623 inv=5 hid=931fcff710c4993d depth=3 name=chip.run.runner_run.device_wall.sched ts=8320 dur=5256480 clk=dev
[mono_ns=7229982579201271][T0xee88931bb020][TIMING] emit_host_span: [STRACE] v=1 pid=88623 tid=88623 inv=5 hid=931fcff710c4993d depth=1 name=chip.run.claim_release ts=7229982579198941 dur=570 
[mono_ns=7229982579207441][T0xee88931bb020][TIMING] emit_host_span: [STRACE] v=1 pid=88623 tid=88623 inv=5 hid=931fcff710c4993d depth=0 name=chip.run ts=7229982473983363 dur=105221768 run_id=5 dispatch_id=5 slot_id=0 generation=5 run_epoch=5
[mono_ns=7229982593518667][T0xee88931bb020][TIMING] emit_host_span: [STRACE] v=1 pid=88623 tid=88623 inv=6 hid=931fcff710c4993d depth=2 name=chip.run.bind.args ts=7229982593384316 dur=128001 
[mono_ns=7229982593536967][T0xee88931bb020][TIMING] emit_host_span: [STRACE] v=1 pid=88623 tid=88623 inv=6 hid=931fcff710c4993d depth=2 name=chip.run.bind.prebuilt ts=7229982593531707 dur=2860 
[mono_ns=7229982593542217][T0xee88931bb020][TIMING] emit_host_span: [STRACE] v=1 pid=88623 tid=88623 inv=6 hid=931fcff710c4993d depth=1 name=chip.run.bind ts=7229982593374516 dur=165171 
[mono_ns=7229982596060470][T0xee8737c8bca0][WARN] copy_aicore_buffer: [chip_swimlane_collector.cpp:689] Core 0: skipped 1024 AICore record slot(s) with start_time=0 (race-window write or recycled-buffer tail). buf seq=0 count=1024
[mono_ns=7229982596086571][T0xee873747bca0][WARN] copy_aicore_buffer: [chip_swimlane_collector.cpp:689] Core 1: skipped 1024 AICore record slot(s) with start_time=0 (race-window write or recycled-buffer tail). buf seq=0 count=1024
[mono_ns=7229982596131121][T0xee8736c6bca0][WARN] copy_aicore_buffer: [chip_swimlane_collector.cpp:689] Core 2: skipped 1024 AICore record slot(s) with start_time=0 (race-window write or recycled-buffer tail). buf seq=0 count=1024
[mono_ns=7229982596388402][T0xee8737c8bca0][WARN] copy_aicore_buffer: [chip_swimlane_collector.cpp:689] Core 24: skipped 1024 AICore record slot(s) with start_time=0 (race-window write or recycled-buffer tail). buf seq=0 count=1024
[mono_ns=7229982596415112][T0xee873747bca0][WARN] copy_aicore_buffer: [chip_swimlane_collector.cpp:689] Core 26: skipped 1023 AICore record slot(s) with start_time=0 (race-window write or recycled-buffer tail). buf seq=0 count=1024
[mono_ns=7229982596468863][T0xee8736c6bca0][WARN] copy_aicore_buffer: [chip_swimlane_collector.cpp:689] Core 28: skipped 1022 AICore record slot(s) with start_time=0 (race-window write or recycled-buffer tail). buf seq=0 count=1024
[mono_ns=7229982596741714][T0xee873747bca0][WARN] copy_aicore_buffer: [chip_swimlane_collector.cpp:689] Core 27: skipped 1024 AICore record slot(s) with start_time=0 (race-window write or recycled-buffer tail). buf seq=0 count=1024
[mono_ns=7229982596770804][T0xee8737c8bca0][WARN] copy_aicore_buffer: [chip_swimlane_collector.cpp:689] Core 25: skipped 1024 AICore record slot(s) with start_time=0 (race-window write or recycled-buffer tail). buf seq=0 count=1024
[mono_ns=7229982596787294][T0xee8736c6bca0][WARN] copy_aicore_buffer: [chip_swimlane_collector.cpp:689] Core 29: skipped 1024 AICore record slot(s) with start_time=0 (race-window write or recycled-buffer tail). buf seq=0 count=1024
[mono_ns=7229982597082106][T0xee873747bca0][WARN] copy_aicore_buffer: [chip_swimlane_collector.cpp:689] Core 4: skipped 1024 AICore record slot(s) with start_time=0 (race-window write or recycled-buffer tail). buf seq=0 count=1024
[mono_ns=7229982597119926][T0xee8736c6bca0][WARN] copy_aicore_buffer: [chip_swimlane_collector.cpp:689] Core 5: skipped 1024 AICore record slot(s) with start_time=0 (race-window write or recycled-buffer tail). buf seq=0 count=1024
[mono_ns=7229982597151136][T0xee8737c8bca0][WARN] copy_aicore_buffer: [chip_swimlane_collector.cpp:689] Core 3: skipped 1024 AICore record slot(s) with start_time=0 (race-window write or recycled-buffer tail). buf seq=0 count=1024
[mono_ns=7229982597406878][T0xee873747bca0][WARN] copy_aicore_buffer: [chip_swimlane_collector.cpp:689] Core 32: skipped 1024 AICore record slot(s) with start_time=0 (race-window write or recycled-buffer tail). buf seq=0 count=1024
[mono_ns=7229982597441208][T0xee8736c6bca0][WARN] copy_aicore_buffer: [chip_swimlane_collector.cpp:689] Core 34: skipped 1024 AICore record slot(s) with start_time=0 (race-window write or recycled-buffer tail). buf seq=0 count=1024
[mono_ns=7229982597518688][T0xee8737c8bca0][WARN] copy_aicore_buffer: [chip_swimlane_collector.cpp:689] Core 30: skipped 1024 AICore record slot(s) with start_time=0 (race-window write or recycled-buffer tail). buf seq=0 count=1024
[mono_ns=7229982597730819][T0xee873747bca0][WARN] copy_aicore_buffer: [chip_swimlane_collector.cpp:689] Core 33: skipped 1024 AICore record slot(s) with start_time=0 (race-window write or recycled-buffer tail). buf seq=0 count=1024
[mono_ns=7229982597762369][T0xee8736c6bca0][WARN] copy_aicore_buffer: [chip_swimlane_collector.cpp:689] Core 35: skipped 1024 AICore record slot(s) with start_time=0 (race-window write or recycled-buffer tail). buf seq=0 count=1024
[mono_ns=7229982597842830][T0xee8737c8bca0][WARN] copy_aicore_buffer: [chip_swimlane_collector.cpp:689] Core 31: skipped 1024 AICore record slot(s) with start_time=0 (race-window write or recycled-buffer tail). buf seq=0 count=1024
[mono_ns=7229982598064051][T0xee873747bca0][WARN] copy_aicore_buffer: [chip_swimlane_collector.cpp:689] Core 7: skipped 1024 AICore record slot(s) with start_time=0 (race-window write or recycled-buffer tail). buf seq=0 count=1024
[mono_ns=7229982598087681][T0xee8736c6bca0][WARN] copy_aicore_buffer: [chip_swimlane_collector.cpp:689] Core 8: skipped 1024 AICore record slot(s) with start_time=0 (race-window write or recycled-buffer tail). buf seq=0 count=1024
[mono_ns=7229982598178082][T0xee8737c8bca0][WARN] copy_aicore_buffer: [chip_swimlane_collector.cpp:689] Core 6: skipped 1024 AICore record slot(s) with start_time=0 (race-window write or recycled-buffer tail). buf seq=0 count=1024
[mono_ns=7229982598387123][T0xee873747bca0][WARN] copy_aicore_buffer: [chip_swimlane_collector.cpp:689] Core 38: skipped 1024 AICore record slot(s) with start_time=0 (race-window write or recycled-buffer tail). buf seq=0 count=1024
[mono_ns=7229982598445213][T0xee8736c6bca0][WARN] copy_aicore_buffer: [chip_swimlane_collector.cpp:689] Core 40: skipped 1024 AICore record slot(s) with start_time=0 (race-window write or recycled-buffer tail). buf seq=0 count=1024
[mono_ns=7229982598502353][T0xee8737c8bca0][WARN] copy_aicore_buffer: [chip_swimlane_collector.cpp:689] Core 36: skipped 1024 AICore record slot(s) with start_time=0 (race-window write or recycled-buffer tail). buf seq=0 count=1024
[mono_ns=7229982598710044][T0xee873747bca0][WARN] copy_aicore_buffer: [chip_swimlane_collector.cpp:689] Core 39: skipped 1024 AICore record slot(s) with start_time=0 (race-window write or recycled-buffer tail). buf seq=0 count=1024
[mono_ns=7229982598797625][T0xee8736c6bca0][WARN] copy_aicore_buffer: [chip_swimlane_collector.cpp:689] Core 41: skipped 1024 AICore record slot(s) with start_time=0 (race-window write or recycled-buffer tail). buf seq=0 count=1024
[mono_ns=7229982598826315][T0xee8737c8bca0][WARN] copy_aicore_buffer: [chip_swimlane_collector.cpp:689] Core 37: skipped 1024 AICore record slot(s) with start_time=0 (race-window write or recycled-buffer tail). buf seq=0 count=1024
[mono_ns=7229982599039316][T0xee873747bca0][WARN] copy_aicore_buffer: [chip_swimlane_collector.cpp:689] Core 10: skipped 1024 AICore record slot(s) with start_time=0 (race-window write or recycled-buffer tail). buf seq=0 count=1024
[mono_ns=7229982599127717][T0xee8736c6bca0][WARN] copy_aicore_buffer: [chip_swimlane_collector.cpp:689] Core 11: skipped 1024 AICore record slot(s) with start_time=0 (race-window write or recycled-buffer tail). buf seq=0 count=1024
[mono_ns=7229982599157667][T0xee8737c8bca0][WARN] copy_aicore_buffer: [chip_swimlane_collector.cpp:689] Core 9: skipped 1024 AICore record slot(s) with start_time=0 (race-window write or recycled-buffer tail). buf seq=0 count=1024
[mono_ns=7229982599362578][T0xee873747bca0][WARN] copy_aicore_buffer: [chip_swimlane_collector.cpp:689] Core 44: skipped 1024 AICore record slot(s) with start_time=0 (race-window write or recycled-buffer tail). buf seq=0 count=1024
[mono_ns=7229982599450628][T0xee8736c6bca0][WARN] copy_aicore_buffer: [chip_swimlane_collector.cpp:689] Core 46: skipped 1024 AICore record slot(s) with start_time=0 (race-window write or recycled-buffer tail). buf seq=0 count=1024
[mono_ns=7229982599482379][T0xee8737c8bca0][WARN] copy_aicore_buffer: [chip_swimlane_collector.cpp:689] Core 42: skipped 1024 AICore record slot(s) with start_time=0 (race-window write or recycled-buffer tail). buf seq=0 count=1024
[mono_ns=7229982599686730][T0xee873747bca0][WARN] copy_aicore_buffer: [chip_swimlane_collector.cpp:689] Core 45: skipped 1024 AICore record slot(s) with start_time=0 (race-window write or recycled-buffer tail). buf seq=0 count=1024
[mono_ns=7229982599771840][T0xee8736c6bca0][WARN] copy_aicore_buffer: [chip_swimlane_collector.cpp:689] Core 47: skipped 1024 AICore record slot(s) with start_time=0 (race-window write or recycled-buffer tail). buf seq=0 count=1024
[mono_ns=7229982599805920][T0xee8737c8bca0][WARN] copy_aicore_buffer: [chip_swimlane_collector.cpp:689] Core 43: skipped 1024 AICore record slot(s) with start_time=0 (race-window write or recycled-buffer tail). buf seq=0 count=1024
[mono_ns=7229982600022481][T0xee873747bca0][WARN] copy_aicore_buffer: [chip_swimlane_collector.cpp:689] Core 13: skipped 1024 AICore record slot(s) with start_time=0 (race-window write or recycled-buffer tail). buf seq=0 count=1024
[mono_ns=7229982600104412][T0xee8736c6bca0][WARN] copy_aicore_buffer: [chip_swimlane_collector.cpp:689] Core 14: skipped 1024 AICore record slot(s) with start_time=0 (race-window write or recycled-buffer tail). buf seq=0 count=1024
[mono_ns=7229982600141752][T0xee8737c8bca0][WARN] copy_aicore_buffer: [chip_swimlane_collector.cpp:689] Core 12: skipped 1024 AICore record slot(s) with start_time=0 (race-window write or recycled-buffer tail). buf seq=0 count=1024
[mono_ns=7229982600344943][T0xee873747bca0][WARN] copy_aicore_buffer: [chip_swimlane_collector.cpp:689] Core 50: skipped 1024 AICore record slot(s) with start_time=0 (race-window write or recycled-buffer tail). buf seq=0 count=1024
[mono_ns=7229982600425434][T0xee8736c6bca0][WARN] copy_aicore_buffer: [chip_swimlane_collector.cpp:689] Core 52: skipped 1024 AICore record slot(s) with start_time=0 (race-window write or recycled-buffer tail). buf seq=0 count=1024
[mono_ns=7229982600465664][T0xee8737c8bca0][WARN] copy_aicore_buffer: [chip_swimlane_collector.cpp:689] Core 48: skipped 1024 AICore record slot(s) with start_time=0 (race-window write or recycled-buffer tail). buf seq=0 count=1024
[mono_ns=7229982600668695][T0xee873747bca0][WARN] copy_aicore_buffer: [chip_swimlane_collector.cpp:689] Core 51: skipped 1024 AICore record slot(s) with start_time=0 (race-window write or recycled-buffer tail). buf seq=0 count=1024
[mono_ns=7229982600746875][T0xee8736c6bca0][WARN] copy_aicore_buffer: [chip_swimlane_collector.cpp:689] Core 53: skipped 1024 AICore record slot(s) with start_time=0 (race-window write or recycled-buffer tail). buf seq=0 count=1024
[mono_ns=7229982600815926][T0xee8737c8bca0][WARN] copy_aicore_buffer: [chip_swimlane_collector.cpp:689] Core 49: skipped 1024 AICore record slot(s) with start_time=0 (race-window write or recycled-buffer tail). buf seq=0 count=1024
[mono_ns=7229982601038167][T0xee873747bca0][WARN] copy_aicore_buffer: [chip_swimlane_collector.cpp:689] Core 16: skipped 1024 AICore record slot(s) with start_time=0 (race-window write or recycled-buffer tail). buf seq=0 count=1024
[mono_ns=7229982601075017][T0xee8736c6bca0][WARN] copy_aicore_buffer: [chip_swimlane_collector.cpp:689] Core 17: skipped 1024 AICore record slot(s) with start_time=0 (race-window write or recycled-buffer tail). buf seq=0 count=1024
[mono_ns=7229982601154957][T0xee8737c8bca0][WARN] copy_aicore_buffer: [chip_swimlane_collector.cpp:689] Core 15: skipped 1024 AICore record slot(s) with start_time=0 (race-window write or recycled-buffer tail). buf seq=0 count=1024
[mono_ns=7229982601372809][T0xee873747bca0][WARN] copy_aicore_buffer: [chip_swimlane_collector.cpp:689] Core 56: skipped 1024 AICore record slot(s) with start_time=0 (race-window write or recycled-buffer tail). buf seq=0 count=1024
[mono_ns=7229982601408339][T0xee8736c6bca0][WARN] copy_aicore_buffer: [chip_swimlane_collector.cpp:689] Core 58: skipped 1024 AICore record slot(s) with start_time=0 (race-window write or recycled-buffer tail). buf seq=0 count=1024
[mono_ns=7229982601479379][T0xee8737c8bca0][WARN] copy_aicore_buffer: [chip_swimlane_collector.cpp:689] Core 54: skipped 1024 AICore record slot(s) with start_time=0 (race-window write or recycled-buffer tail). buf seq=0 count=1024
[mono_ns=7229982601752091][T0xee873747bca0][WARN] copy_aicore_buffer: [chip_swimlane_collector.cpp:689] Core 57: skipped 1024 AICore record slot(s) with start_time=0 (race-window write or recycled-buffer tail). buf seq=0 count=1024
[mono_ns=7229982601774581][T0xee8736c6bca0][WARN] copy_aicore_buffer: [chip_swimlane_collector.cpp:689] Core 59: skipped 1024 AICore record slot(s) with start_time=0 (race-window write or recycled-buffer tail). buf seq=0 count=1024
[mono_ns=7229982601877971][T0xee8737c8bca0][WARN] copy_aicore_buffer: [chip_swimlane_collector.cpp:689] Core 55: skipped 1024 AICore record slot(s) with start_time=0 (race-window write or recycled-buffer tail). buf seq=0 count=1024
[mono_ns=7229982602107823][T0xee873747bca0][WARN] copy_aicore_buffer: [chip_swimlane_collector.cpp:689] Core 19: skipped 1024 AICore record slot(s) with start_time=0 (race-window write or recycled-buffer tail). buf seq=0 count=1024
[mono_ns=7229982602119813][T0xee8736c6bca0][WARN] copy_aicore_buffer: [chip_swimlane_collector.cpp:689] Core 20: skipped 1024 AICore record slot(s) with start_time=0 (race-window write or recycled-buffer tail). buf seq=0 count=1024
[mono_ns=7229982602240343][T0xee8737c8bca0][WARN] copy_aicore_buffer: [chip_swimlane_collector.cpp:689] Core 18: skipped 1024 AICore record slot(s) with start_time=0 (race-window write or recycled-buffer tail). buf seq=0 count=1024
[mono_ns=7229982602455194][T0xee873747bca0][WARN] copy_aicore_buffer: [chip_swimlane_collector.cpp:689] Core 62: skipped 1024 AICore record slot(s) with start_time=0 (race-window write or recycled-buffer tail). buf seq=0 count=1024
[mono_ns=7229982602461414][T0xee8736c6bca0][WARN] copy_aicore_buffer: [chip_swimlane_collector.cpp:689] Core 64: skipped 1024 AICore record slot(s) with start_time=0 (race-window write or recycled-buffer tail). buf seq=0 count=1024
[mono_ns=7229982602583175][T0xee8737c8bca0][WARN] copy_aicore_buffer: [chip_swimlane_collector.cpp:689] Core 60: skipped 1024 AICore record slot(s) with start_time=0 (race-window write or recycled-buffer tail). buf seq=0 count=1024
[mono_ns=7229982602796386][T0xee873747bca0][WARN] copy_aicore_buffer: [chip_swimlane_collector.cpp:689] Core 63: skipped 1024 AICore record slot(s) with start_time=0 (race-window write or recycled-buffer tail). buf seq=0 count=1024
[mono_ns=7229982602889537][T0xee8736c6bca0][WARN] copy_aicore_buffer: [chip_swimlane_collector.cpp:689] Core 65: skipped 1024 AICore record slot(s) with start_time=0 (race-window write or recycled-buffer tail). buf seq=0 count=1024
[mono_ns=7229982602940307][T0xee8737c8bca0][WARN] copy_aicore_buffer: [chip_swimlane_collector.cpp:689] Core 61: skipped 1024 AICore record slot(s) with start_time=0 (race-window write or recycled-buffer tail). buf seq=0 count=1024
[mono_ns=7229982603146208][T0xee873747bca0][WARN] copy_aicore_buffer: [chip_swimlane_collector.cpp:689] Core 22: skipped 1024 AICore record slot(s) with start_time=0 (race-window write or recycled-buffer tail). buf seq=0 count=1024
[mono_ns=7229982603241039][T0xee8736c6bca0][WARN] copy_aicore_buffer: [chip_swimlane_collector.cpp:689] Core 23: skipped 1024 AICore record slot(s) with start_time=0 (race-window write or recycled-buffer tail). buf seq=0 count=1024
[mono_ns=7229982603304999][T0xee8737c8bca0][WARN] copy_aicore_buffer: [chip_swimlane_collector.cpp:689] Core 21: skipped 1024 AICore record slot(s) with start_time=0 (race-window write or recycled-buffer tail). buf seq=0 count=1024
[mono_ns=7229982603482570][T0xee873747bca0][WARN] copy_aicore_buffer: [chip_swimlane_collector.cpp:689] Core 68: skipped 1024 AICore record slot(s) with start_time=0 (race-window write or recycled-buffer tail). buf seq=0 count=1024
[mono_ns=7229982603577390][T0xee8736c6bca0][WARN] copy_aicore_buffer: [chip_swimlane_collector.cpp:689] Core 70: skipped 1024 AICore record slot(s) with start_time=0 (race-window write or recycled-buffer tail). buf seq=0 count=1024
[mono_ns=7229982603650481][T0xee8737c8bca0][WARN] copy_aicore_buffer: [chip_swimlane_collector.cpp:689] Core 66: skipped 1024 AICore record slot(s) with start_time=0 (race-window write or recycled-buffer tail). buf seq=0 count=1024
[mono_ns=7229982603822902][T0xee873747bca0][WARN] copy_aicore_buffer: [chip_swimlane_collector.cpp:689] Core 69: skipped 1024 AICore record slot(s) with start_time=0 (race-window write or recycled-buffer tail). buf seq=0 count=1024
[mono_ns=7229982603909642][T0xee8736c6bca0][WARN] copy_aicore_buffer: [chip_swimlane_collector.cpp:689] Core 71: skipped 1024 AICore record slot(s) with start_time=0 (race-window write or recycled-buffer tail). buf seq=0 count=1024
[mono_ns=7229982603990012][T0xee8737c8bca0][WARN] copy_aicore_buffer: [chip_swimlane_collector.cpp:689] Core 67: skipped 1024 AICore record slot(s) with start_time=0 (race-window write or recycled-buffer tail). buf seq=0 count=1024
[mono_ns=7229982704582626][T0xee88931bb020][TIMING] emit_host_span: [STRACE] v=1 pid=88623 tid=88623 inv=6 hid=931fcff710c4993d depth=1 name=chip.run.runner_run ts=7229982594110090 dur=110463426 
[mono_ns=7229982704676797][T0xee88931bb020][TIMING] emit_host_span: [STRACE] v=1 pid=88623 tid=88623 inv=6 hid=931fcff710c4993d depth=1 name=chip.run.validate ts=7229982704596306 dur=76741 
[mono_ns=7229982704687197][T0xee88931bb020][TIMING] emit_host_span: [STRACE] v=1 pid=88623 tid=88623 inv=6 hid=931fcff710c4993d depth=2 name=chip.run.runner_run.device_wall ts=0 dur=1416020 clk=dev
[mono_ns=7229982704729067][T0xee88931bb020][TIMING] emit_host_span: [STRACE] v=1 pid=88623 tid=88623 inv=6 hid=931fcff710c4993d depth=3 name=chip.run.runner_run.device_wall.preamble ts=0 dur=108080 clk=dev
[mono_ns=7229982704734027][T0xee88931bb020][TIMING] emit_host_span: [STRACE] v=1 pid=88623 tid=88623 inv=6 hid=931fcff710c4993d depth=3 name=chip.run.runner_run.device_wall.graph_build ts=103860 dur=1301620 clk=dev
[mono_ns=7229982704737917][T0xee88931bb020][TIMING] emit_host_span: [STRACE] v=1 pid=88623 tid=88623 inv=6 hid=931fcff710c4993d depth=3 name=chip.run.runner_run.device_wall.config_validate ts=104000 dur=700 clk=dev
[mono_ns=7229982704740987][T0xee88931bb020][TIMING] emit_host_span: [STRACE] v=1 pid=88623 tid=88623 inv=6 hid=931fcff710c4993d depth=3 name=chip.run.runner_run.device_wall.arena_wire ts=104720 dur=360 clk=dev
[mono_ns=7229982704744557][T0xee88931bb020][TIMING] emit_host_span: [STRACE] v=1 pid=88623 tid=88623 inv=6 hid=931fcff710c4993d depth=3 name=chip.run.runner_run.device_wall.sm_reset ts=105100 dur=540 clk=dev
[mono_ns=7229982704747527][T0xee88931bb020][TIMING] emit_host_span: [STRACE] v=1 pid=88623 tid=88623 inv=6 hid=931fcff710c4993d depth=3 name=chip.run.runner_run.device_wall.post_orch ts=1405500 dur=10400 clk=dev
[mono_ns=7229982704750387][T0xee88931bb020][TIMING] emit_host_span: [STRACE] v=1 pid=88623 tid=88623 inv=6 hid=931fcff710c4993d depth=3 name=chip.run.runner_run.device_wall.orch ts=105660 dur=3780 clk=dev
[mono_ns=7229982704772627][T0xee88931bb020][TIMING] emit_host_span: [STRACE] v=1 pid=88623 tid=88623 inv=6 hid=931fcff710c4993d depth=3 name=chip.run.runner_run.device_wall.sched ts=108240 dur=1274180 clk=dev
[mono_ns=7229982704777007][T0xee88931bb020][TIMING] emit_host_span: [STRACE] v=1 pid=88623 tid=88623 inv=6 hid=931fcff710c4993d depth=1 name=chip.run.claim_release ts=7229982704774837 dur=340 
[mono_ns=7229982704781717][T0xee88931bb020][TIMING] emit_host_span: [STRACE] v=1 pid=88623 tid=88623 inv=6 hid=931fcff710c4993d depth=0 name=chip.run ts=7229982593325476 dur=111454261 run_id=6 dispatch_id=6 slot_id=0 generation=6 run_epoch=6
