cmd=/opt/ptoas-bin/bin/python3 /opt/pypto/tests/st/distributed/collectives/all_to_all_v_benchmark.py --ep 8 --peer-bytes 24960 --count-pattern uniform --core-num 1 --impl managed-l2 --rounds 100 --warmup 5 --profile both --swimlane-rounds 8 --platform a2a3 --devices 0,1,2,3,4,5,6,7 --output-json /opt/pypto-profiling/reports/issue-2521-a1-alltoallv-ep8-2026-09-10/json/p8_managed-l2_uniform_24960.json --output-dir /opt/pypto-profiling/reports/issue-2521-a1-alltoallv-ep8-2026-09-10/builds/p8_managed-l2_uniform_24960
rc=1
----- stdout -----
[a2av-bench] session=timing-slot enter warmup=5 rounds=100

----- stderr -----
[mono_ns=7235274052055306][T0xfa2a64a7b020][TIMING] clock_anchor: [CLOCK_ANCHOR] v=1 pid=2159317 mono_ns=7235274052054926 wall_ns=1789031188524634622
[mono_ns=7235274089416146][T0xfa2a64a7b020][TIMING] clock_anchor: [CLOCK_ANCHOR] v=1 pid=2159348 mono_ns=7235274089415786 wall_ns=1789031188561995472
[mono_ns=7235274135387011][T0xfa2a64a7b020][TIMING] clock_anchor: [CLOCK_ANCHOR] v=1 pid=2159379 mono_ns=7235274135386661 wall_ns=1789031188607966427
[mono_ns=7235274171790936][T0xfa2a64a7b020][TIMING] clock_anchor: [CLOCK_ANCHOR] v=1 pid=2159404 mono_ns=7235274171790436 wall_ns=1789031188644370282
[mono_ns=7235274207834848][T0xfa2a64a7b020][TIMING] clock_anchor: [CLOCK_ANCHOR] v=1 pid=2159432 mono_ns=7235274207834478 wall_ns=1789031188680414214
[mono_ns=7235274243981931][T0xfa2a64a7b020][TIMING] clock_anchor: [CLOCK_ANCHOR] v=1 pid=2159462 mono_ns=7235274243981661 wall_ns=1789031188716561357
[mono_ns=7235274278851718][T0xfa2a64a7b020][TIMING] clock_anchor: [CLOCK_ANCHOR] v=1 pid=2159491 mono_ns=7235274278851418 wall_ns=1789031188751431114
[mono_ns=7235274314464468][T0xfa2a64a7b020][TIMING] clock_anchor: [CLOCK_ANCHOR] v=1 pid=2159521 mono_ns=7235274314464028 wall_ns=1789031188787043844
[mono_ns=7235275207503459][T0xfa2a64a7b020][TIMING] emit_host_span: [STRACE] v=1 pid=2159317 tid=2159317 inv=0 hid=0 depth=0 name=chip.prewarm.build ts=7235275131066411 dur=76417038 
[chip_process pid=2159317 dev=0] ready
[mono_ns=7235275274657438][T0xfa2a64a7b020][TIMING] emit_host_span: [STRACE] v=1 pid=2159348 tid=2159348 inv=0 hid=0 depth=0 name=chip.prewarm.build ts=7235275186586507 dur=88048721 
[chip_process pid=2159348 dev=1] ready
[mono_ns=7235275308249477][T0xfa2a64a7b020][TIMING] emit_host_span: [STRACE] v=1 pid=2159404 tid=2159404 inv=0 hid=0 depth=0 name=chip.prewarm.build ts=7235275231401967 dur=76828240 
[chip_process pid=2159404 dev=3] ready
[mono_ns=7235275327209919][T0xfa2a64a7b020][TIMING] emit_host_span: [STRACE] v=1 pid=2159379 tid=2159379 inv=0 hid=0 depth=0 name=chip.prewarm.build ts=7235275231805369 dur=95382060 
[chip_process pid=2159379 dev=2] ready
[mono_ns=7235275344145919][T0xfa2a64a7b020][TIMING] emit_host_span: [STRACE] v=1 pid=2159432 tid=2159432 inv=0 hid=0 depth=0 name=chip.prewarm.build ts=7235275264226952 dur=79896867 
[chip_process pid=2159432 dev=4] ready
[mono_ns=7235275383475779][T0xfa2a64a7b020][TIMING] emit_host_span: [STRACE] v=1 pid=2159462 tid=2159462 inv=0 hid=0 depth=0 name=chip.prewarm.build ts=7235275305873935 dur=77586844 
[chip_process pid=2159462 dev=5] ready
[mono_ns=7235275401666376][T0xfa2a64a7b020][TIMING] emit_host_span: [STRACE] v=1 pid=2159491 tid=2159491 inv=0 hid=0 depth=0 name=chip.prewarm.build ts=7235275324230183 dur=77419163 
[chip_process pid=2159491 dev=6] ready
[mono_ns=7235275443264669][T0xfa2a64a7b020][TIMING] emit_host_span: [STRACE] v=1 pid=2159521 tid=2159521 inv=0 hid=0 depth=0 name=chip.prewarm.build ts=7235275368499919 dur=74745020 
[chip_process pid=2159521 dev=7] ready
[mono_ns=7235275450759649][T0xfa2a64a7b020][TIMING] clock_anchor: [CLOCK_ANCHOR] v=1 pid=2157740 mono_ns=7235275450759369 wall_ns=1789031189923339005
[mono_ns=7235276429200837][T0xfa2a64a7b020][TIMING] emit_host_span: [STRACE] v=1 pid=2157740 tid=2157740 inv=1 hid=de320a866da51f1c depth=0 name=node.submit ts=7235276429153297 dur=35380 run_id=1 task_slot=0 group_index=0 group_size=1 worker_id=0 role=facade
[mono_ns=7235276429267318][T0xfa290742cca0][TIMING] emit_host_span: [STRACE] v=1 pid=2157740 tid=2160306 inv=1 hid=de320a866da51f1c depth=0 name=node.frame_submit ts=7235276429235158 dur=19380 run_id=1 task_slot=0 group_index=0 worker_id=0 dispatch_id=1 endpoint_kind=local_mailbox prepare_only=0 role=worker
[mono_ns=7235276429284178][T0xfa290742cca0][TIMING] emit_host_span: [STRACE] v=1 pid=2157740 tid=2160306 inv=1 hid=de320a866da51f1c depth=0 name=node.dispatch ts=7235276429219368 dur=56490 run_id=1 task_slot=0 group_index=0 worker_id=0 dispatch_id=1 endpoint_kind=local_mailbox prepare_only=0 role=scheduler slot_id=0 generation=1
[mono_ns=7235276429298838][T0xfa290742cca0][TIMING] emit_host_span: [STRACE] v=1 pid=2157740 tid=2160306 inv=0 hid=0 depth=0 name=node.scheduler_loop ts=7235276429203817 dur=87831 role=scheduler drained=0 dispatched=1 drain_ns=5040 spins=2
[mono_ns=7235276429560819][T0xfa2a64a7b020][TIMING] emit_host_span: [STRACE] v=1 pid=2157740 tid=2157740 inv=1 hid=de320a866da51f1c depth=0 name=node.submit ts=7235276429533259 dur=20900 run_id=1 task_slot=1 group_index=0 group_size=1 worker_id=1 role=facade
[mono_ns=7235276429577459][T0xfa290742cca0][TIMING] emit_host_span: [STRACE] v=1 pid=2157740 tid=2160306 inv=1 hid=de320a866da51f1c depth=0 name=node.frame_submit ts=7235276429559269 dur=14120 run_id=1 task_slot=1 group_index=0 worker_id=1 dispatch_id=1 endpoint_kind=local_mailbox prepare_only=0 role=worker
[mono_ns=7235276429586689][T0xfa290742cca0][TIMING] emit_host_span: [STRACE] v=1 pid=2157740 tid=2160306 inv=1 hid=de320a866da51f1c depth=0 name=node.dispatch ts=7235276429556099 dur=25230 run_id=1 task_slot=1 group_index=0 worker_id=1 dispatch_id=1 endpoint_kind=local_mailbox prepare_only=0 role=scheduler slot_id=0 generation=1
[mono_ns=7235276429595260][T0xfa290742cca0][TIMING] emit_host_span: [STRACE] v=1 pid=2157740 tid=2160306 inv=0 hid=0 depth=0 name=node.scheduler_loop ts=7235276429549459 dur=42240 role=scheduler drained=0 dispatched=1 drain_ns=1580 spins=62
[mono_ns=7235276429927971][T0xfa2a64a7b020][TIMING] emit_host_span: [STRACE] v=1 pid=2157740 tid=2157740 inv=1 hid=de320a866da51f1c depth=0 name=node.submit ts=7235276429900291 dur=21130 run_id=1 task_slot=2 group_index=0 group_size=1 worker_id=2 role=facade
[mono_ns=7235276429963111][T0xfa290742cca0][TIMING] emit_host_span: [STRACE] v=1 pid=2157740 tid=2160306 inv=1 hid=de320a866da51f1c depth=0 name=node.frame_submit ts=7235276429947771 dur=10860 run_id=1 task_slot=2 group_index=0 worker_id=2 dispatch_id=1 endpoint_kind=local_mailbox prepare_only=0 role=worker
[mono_ns=7235276429972992][T0xfa290742cca0][TIMING] emit_host_span: [STRACE] v=1 pid=2157740 tid=2160306 inv=1 hid=de320a866da51f1c depth=0 name=node.dispatch ts=7235276429944481 dur=22941 run_id=1 task_slot=2 group_index=0 worker_id=2 dispatch_id=1 endpoint_kind=local_mailbox prepare_only=0 role=scheduler slot_id=0 generation=1
[mono_ns=7235276429981792][T0xfa290742cca0][TIMING] emit_host_span: [STRACE] v=1 pid=2157740 tid=2160306 inv=0 hid=0 depth=0 name=node.scheduler_loop ts=7235276429913461 dur=64791 role=scheduler drained=0 dispatched=1 drain_ns=1360 spins=88
[mono_ns=7235276430257573][T0xfa2a64a7b020][TIMING] emit_host_span: [STRACE] v=1 pid=2157740 tid=2157740 inv=1 hid=de320a866da51f1c depth=0 name=node.submit ts=7235276430236753 dur=15020 run_id=1 task_slot=3 group_index=0 group_size=1 worker_id=3 role=facade
[mono_ns=7235276430269783][T0xfa290742cca0][TIMING] emit_host_span: [STRACE] v=1 pid=2157740 tid=2160306 inv=1 hid=de320a866da51f1c depth=0 name=node.frame_submit ts=7235276430256033 dur=9520 run_id=1 task_slot=3 group_index=0 worker_id=3 dispatch_id=1 endpoint_kind=local_mailbox prepare_only=0 role=worker
[mono_ns=7235276430276473][T0xfa290742cca0][TIMING] emit_host_span: [STRACE] v=1 pid=2157740 tid=2160306 inv=1 hid=de320a866da51f1c depth=0 name=node.dispatch ts=7235276430253153 dur=18670 run_id=1 task_slot=3 group_index=0 worker_id=3 dispatch_id=1 endpoint_kind=local_mailbox prepare_only=0 role=scheduler slot_id=0 generation=1
[mono_ns=7235276430284753][T0xfa290742cca0][TIMING] emit_host_span: [STRACE] v=1 pid=2157740 tid=2160306 inv=0 hid=0 depth=0 name=node.scheduler_loop ts=7235276430248683 dur=32720 role=scheduler drained=0 dispatched=1 drain_ns=1600 spins=70
[mono_ns=7235276430576175][T0xfa2a64a7b020][TIMING] emit_host_span: [STRACE] v=1 pid=2157740 tid=2157740 inv=1 hid=de320a866da51f1c depth=0 name=node.submit ts=7235276430559345 dur=10550 run_id=1 task_slot=4 group_index=0 group_size=1 worker_id=4 role=facade
[mono_ns=7235276430590775][T0xfa290742cca0][TIMING] emit_host_span: [STRACE] v=1 pid=2157740 tid=2160306 inv=1 hid=de320a866da51f1c depth=0 name=node.frame_submit ts=7235276430576085 dur=11390 run_id=1 task_slot=4 group_index=0 worker_id=4 dispatch_id=1 endpoint_kind=local_mailbox prepare_only=0 role=worker
[mono_ns=7235276430599555][T0xfa290742cca0][TIMING] emit_host_span: [STRACE] v=1 pid=2157740 tid=2160306 inv=1 hid=de320a866da51f1c depth=0 name=node.dispatch ts=7235276430573565 dur=21210 run_id=1 task_slot=4 group_index=0 worker_id=4 dispatch_id=1 endpoint_kind=local_mailbox prepare_only=0 role=scheduler slot_id=0 generation=1
[mono_ns=7235276430607605][T0xfa290742cca0][TIMING] emit_host_span: [STRACE] v=1 pid=2157740 tid=2160306 inv=0 hid=0 depth=0 name=node.scheduler_loop ts=7235276430569155 dur=35110 role=scheduler drained=0 dispatched=1 drain_ns=1560 spins=78
[mono_ns=7235276430913227][T0xfa2a64a7b020][TIMING] emit_host_span: [STRACE] v=1 pid=2157740 tid=2157740 inv=1 hid=de320a866da51f1c depth=0 name=node.submit ts=7235276430883396 dur=23951 run_id=1 task_slot=5 group_index=0 group_size=1 worker_id=5 role=facade
[mono_ns=7235276430927647][T0xfa290742cca0][TIMING] emit_host_span: [STRACE] v=1 pid=2157740 tid=2160306 inv=1 hid=de320a866da51f1c depth=0 name=node.frame_submit ts=7235276430913327 dur=11090 run_id=1 task_slot=5 group_index=0 worker_id=5 dispatch_id=1 endpoint_kind=local_mailbox prepare_only=0 role=worker
[mono_ns=7235276430935947][T0xfa290742cca0][TIMING] emit_host_span: [STRACE] v=1 pid=2157740 tid=2160306 inv=1 hid=de320a866da51f1c depth=0 name=node.dispatch ts=7235276430910827 dur=20380 run_id=1 task_slot=5 group_index=0 worker_id=5 dispatch_id=1 endpoint_kind=local_mailbox prepare_only=0 role=scheduler slot_id=0 generation=1
[mono_ns=7235276430943747][T0xfa290742cca0][TIMING] emit_host_span: [STRACE] v=1 pid=2157740 tid=2160306 inv=0 hid=0 depth=0 name=node.scheduler_loop ts=7235276430906357 dur=34280 role=scheduler drained=0 dispatched=1 drain_ns=1480 spins=86
[mono_ns=7235276431229438][T0xfa2a64a7b020][TIMING] emit_host_span: [STRACE] v=1 pid=2157740 tid=2157740 inv=1 hid=de320a866da51f1c depth=0 name=node.submit ts=7235276431207798 dur=15730 run_id=1 task_slot=6 group_index=0 group_size=1 worker_id=6 role=facade
[mono_ns=7235276431257808][T0xfa290742cca0][TIMING] emit_host_span: [STRACE] v=1 pid=2157740 tid=2160306 inv=1 hid=de320a866da51f1c depth=0 name=node.frame_submit ts=7235276431234268 dur=19870 run_id=1 task_slot=6 group_index=0 worker_id=6 dispatch_id=1 endpoint_kind=local_mailbox prepare_only=0 role=worker
[mono_ns=7235276431266878][T0xfa290742cca0][TIMING] emit_host_span: [STRACE] v=1 pid=2157740 tid=2160306 inv=1 hid=de320a866da51f1c depth=0 name=node.dispatch ts=7235276431231258 dur=30560 run_id=1 task_slot=6 group_index=0 worker_id=6 dispatch_id=1 endpoint_kind=local_mailbox prepare_only=0 role=scheduler slot_id=0 generation=1
[mono_ns=7235276431274318][T0xfa290742cca0][TIMING] emit_host_span: [STRACE] v=1 pid=2157740 tid=2160306 inv=0 hid=0 depth=0 name=node.scheduler_loop ts=7235276431217038 dur=53960 role=scheduler drained=0 dispatched=1 drain_ns=1450 spins=77
[mono_ns=7235276431536190][T0xfa2a64a7b020][TIMING] emit_host_span: [STRACE] v=1 pid=2157740 tid=2157740 inv=1 hid=de320a866da51f1c depth=0 name=node.submit ts=7235276431509290 dur=20940 run_id=1 task_slot=7 group_index=0 group_size=1 worker_id=7 role=facade
[mono_ns=7235276431549240][T0xfa290742cca0][TIMING] emit_host_span: [STRACE] v=1 pid=2157740 tid=2160306 inv=1 hid=de320a866da51f1c depth=0 name=node.frame_submit ts=7235276431534900 dur=10930 run_id=1 task_slot=7 group_index=0 worker_id=7 dispatch_id=1 endpoint_kind=local_mailbox prepare_only=0 role=worker
[mono_ns=7235276431557790][T0xfa290742cca0][TIMING] emit_host_span: [STRACE] v=1 pid=2157740 tid=2160306 inv=1 hid=de320a866da51f1c depth=0 name=node.dispatch ts=7235276431532310 dur=20750 run_id=1 task_slot=7 group_index=0 worker_id=7 dispatch_id=1 endpoint_kind=local_mailbox prepare_only=0 role=scheduler slot_id=0 generation=1
[mono_ns=7235276431564760][T0xfa290742cca0][TIMING] emit_host_span: [STRACE] v=1 pid=2157740 tid=2160306 inv=0 hid=0 depth=0 name=node.scheduler_loop ts=7235276431525690 dur=35790 role=scheduler drained=0 dispatched=1 drain_ns=1510 spins=72
[mono_ns=7235276431575990][T0xfa2a64a7b020][TIMING] emit_host_span: [STRACE] v=1 pid=2157740 tid=2157740 inv=1 hid=0 depth=0 name=node.graph_build ts=7235275454161387 dur=977391423 run_id=1 role=facade
[mono_ns=7235276433495390][T0xfa2a64a7b020][TIMING] emit_host_span: [STRACE] v=1 pid=2159317 tid=2159317 inv=1 hid=a68f8ade9e1010dd depth=2 name=chip.run.bind.args ts=7235276431465640 dur=2022000 
[mono_ns=7235276433521521][T0xfa2a64a7b020][TIMING] emit_host_span: [STRACE] v=1 pid=2159317 tid=2159317 inv=1 hid=a68f8ade9e1010dd depth=2 name=chip.run.bind.prebuilt ts=7235276433514430 dur=3990 
[mono_ns=7235276433526771][T0xfa2a64a7b020][TIMING] emit_host_span: [STRACE] v=1 pid=2159317 tid=2159317 inv=1 hid=a68f8ade9e1010dd depth=1 name=chip.run.bind ts=7235276431360949 dur=2163612 
[mono_ns=7235276435332040][T0xfa2a64a7b020][TIMING] emit_host_span: [STRACE] v=1 pid=2159432 tid=2159432 inv=1 hid=a68f8ade9e1010dd depth=2 name=chip.run.bind.args ts=7235276432832877 dur=2490293 
[mono_ns=7235276435355190][T0xfa2a64a7b020][TIMING] emit_host_span: [STRACE] v=1 pid=2159432 tid=2159432 inv=1 hid=a68f8ade9e1010dd depth=2 name=chip.run.bind.prebuilt ts=7235276435347290 dur=5180 
[mono_ns=7235276435360830][T0xfa2a64a7b020][TIMING] emit_host_span: [STRACE] v=1 pid=2159432 tid=2159432 inv=1 hid=a68f8ade9e1010dd depth=1 name=chip.run.bind ts=7235276432711126 dur=2647284 
[mono_ns=7235276435415761][T0xfa2a64a7b020][TIMING] emit_host_span: [STRACE] v=1 pid=2159491 tid=2159491 inv=1 hid=a68f8ade9e1010dd depth=2 name=chip.run.bind.args ts=7235276432898957 dur=2509174 
[mono_ns=7235276435432301][T0xfa2a64a7b020][TIMING] emit_host_span: [STRACE] v=1 pid=2159491 tid=2159491 inv=1 hid=a68f8ade9e1010dd depth=2 name=chip.run.bind.prebuilt ts=7235276435426171 dur=3400 
[mono_ns=7235276435437451][T0xfa2a64a7b020][TIMING] emit_host_span: [STRACE] v=1 pid=2159491 tid=2159491 inv=1 hid=a68f8ade9e1010dd depth=1 name=chip.run.bind ts=7235276432799727 dur=2635434 
[mono_ns=7235276435845703][T0xfa2a64a7b020][TIMING] emit_host_span: [STRACE] v=1 pid=2159404 tid=2159404 inv=1 hid=a68f8ade9e1010dd depth=2 name=chip.run.bind.args ts=7235276433570821 dur=2267102 
[mono_ns=7235276435866343][T0xfa2a64a7b020][TIMING] emit_host_span: [STRACE] v=1 pid=2159404 tid=2159404 inv=1 hid=a68f8ade9e1010dd depth=2 name=chip.run.bind.prebuilt ts=7235276435860643 dur=2700 
[mono_ns=7235276435871773][T0xfa2a64a7b020][TIMING] emit_host_span: [STRACE] v=1 pid=2159404 tid=2159404 inv=1 hid=a68f8ade9e1010dd depth=1 name=chip.run.bind ts=7235276433466300 dur=2403033 
[mono_ns=7235276436093664][T0xfa2a64a7b020][TIMING] emit_host_span: [STRACE] v=1 pid=2159348 tid=2159348 inv=1 hid=a68f8ade9e1010dd depth=2 name=chip.run.bind.args ts=7235276433442460 dur=2641664 
[mono_ns=7235276436115724][T0xfa2a64a7b020][TIMING] emit_host_span: [STRACE] v=1 pid=2159348 tid=2159348 inv=1 hid=a68f8ade9e1010dd depth=2 name=chip.run.bind.prebuilt ts=7235276436107494 dur=5640 
[mono_ns=7235276436122804][T0xfa2a64a7b020][TIMING] emit_host_span: [STRACE] v=1 pid=2159348 tid=2159348 inv=1 hid=a68f8ade9e1010dd depth=1 name=chip.run.bind ts=7235276433340760 dur=2778274 
[mono_ns=7235276436252295][T0xfa2a64a7b020][TIMING] emit_host_span: [STRACE] v=1 pid=2159462 tid=2159462 inv=1 hid=a68f8ade9e1010dd depth=2 name=chip.run.bind.args ts=7235276433705601 dur=2538934 
[mono_ns=7235276436273915][T0xfa2a64a7b020][TIMING] emit_host_span: [STRACE] v=1 pid=2159462 tid=2159462 inv=1 hid=a68f8ade9e1010dd depth=2 name=chip.run.bind.prebuilt ts=7235276436265845 dur=5390 
[mono_ns=7235276436280215][T0xfa2a64a7b020][TIMING] emit_host_span: [STRACE] v=1 pid=2159462 tid=2159462 inv=1 hid=a68f8ade9e1010dd depth=1 name=chip.run.bind ts=7235276433602191 dur=2675064 
[mono_ns=7235276437555642][T0xfa2a64a7b020][TIMING] emit_host_span: [STRACE] v=1 pid=2159521 tid=2159521 inv=1 hid=a68f8ade9e1010dd depth=2 name=chip.run.bind.args ts=7235276435424801 dur=2120741 
[mono_ns=7235276437573432][T0xfa2a64a7b020][TIMING] emit_host_span: [STRACE] v=1 pid=2159521 tid=2159521 inv=1 hid=a68f8ade9e1010dd depth=2 name=chip.run.bind.prebuilt ts=7235276437567322 dur=3150 
[mono_ns=7235276437579012][T0xfa2a64a7b020][TIMING] emit_host_span: [STRACE] v=1 pid=2159521 tid=2159521 inv=1 hid=a68f8ade9e1010dd depth=1 name=chip.run.bind ts=7235276435263640 dur=2312502 
[mono_ns=7235276443882016][T0xfa2a64a7b020][TIMING] emit_host_span: [STRACE] v=1 pid=2159379 tid=2159379 inv=1 hid=a68f8ade9e1010dd depth=2 name=chip.run.bind.args ts=7235276441709184 dur=2163972 
[mono_ns=7235276443918626][T0xfa2a64a7b020][TIMING] emit_host_span: [STRACE] v=1 pid=2159379 tid=2159379 inv=1 hid=a68f8ade9e1010dd depth=2 name=chip.run.bind.prebuilt ts=7235276443893016 dur=21940 
[mono_ns=7235276443923896][T0xfa2a64a7b020][TIMING] emit_host_span: [STRACE] v=1 pid=2159379 tid=2159379 inv=1 hid=a68f8ade9e1010dd depth=1 name=chip.run.bind ts=7235276441490803 dur=2430753 
[mono_ns=7235276450181920][T0xfa2a64a7b020][TIMING] emit_host_span: [STRACE] v=1 pid=2159317 tid=2159317 inv=1 hid=a68f8ade9e1010dd depth=1 name=chip.run.runner_run ts=7235276434344965 dur=15830374 
[mono_ns=7235276450180910][T0xfa2a64a7b020][TIMING] emit_host_span: [STRACE] v=1 pid=2159462 tid=2159462 inv=1 hid=a68f8ade9e1010dd depth=1 name=chip.run.runner_run ts=7235276437091500 dur=13083029 
[mono_ns=7235276450187850][T0xfa2a64a7b020][TIMING] emit_host_span: [STRACE] v=1 pid=2159348 tid=2159348 inv=1 hid=a68f8ade9e1010dd depth=1 name=chip.run.runner_run ts=7235276436877938 dur=13302092 
[mono_ns=7235276450197590][T0xfa2a64a7b020][TIMING] emit_host_span: [STRACE] v=1 pid=2159491 tid=2159491 inv=1 hid=a68f8ade9e1010dd depth=1 name=chip.run.runner_run ts=7235276436179295 dur=14011375 
[mono_ns=7235276450200000][T0xfa2a64a7b020][TIMING] emit_host_span: [STRACE] v=1 pid=2159521 tid=2159521 inv=1 hid=a68f8ade9e1010dd depth=1 name=chip.run.runner_run ts=7235276438400797 dur=11793503 
[mono_ns=7235276450195230][T0xfa2a64a7b020][TIMING] emit_host_span: [STRACE] v=1 pid=2159432 tid=2159432 inv=1 hid=a68f8ade9e1010dd depth=1 name=chip.run.runner_run ts=7235276436197335 dur=13990335 
[mono_ns=7235276450195460][T0xfa2a64a7b020][TIMING] emit_host_span: [STRACE] v=1 pid=2159404 tid=2159404 inv=1 hid=a68f8ade9e1010dd depth=1 name=chip.run.runner_run ts=7235276436643407 dur=13544743 
[mono_ns=7235276450199990][T0xfa2a64a7b020][TIMING] emit_host_span: [STRACE] v=1 pid=2159379 tid=2159379 inv=1 hid=a68f8ade9e1010dd depth=1 name=chip.run.runner_run ts=7235276444974692 dur=5218598 
[mono_ns=7235276452685563][T0xfa2a64a7b020][TIMING] emit_host_span: [STRACE] v=1 pid=2159521 tid=2159521 inv=1 hid=a68f8ade9e1010dd depth=1 name=chip.run.validate ts=7235276450209040 dur=2470253 
[mono_ns=7235276452695623][T0xfa2a64a7b020][TIMING] emit_host_span: [STRACE] v=1 pid=2159521 tid=2159521 inv=1 hid=a68f8ade9e1010dd depth=2 name=chip.run.runner_run.device_wall ts=0 dur=9674480 clk=dev
[mono_ns=7235276452700003][T0xfa2a64a7b020][TIMING] emit_host_span: [STRACE] v=1 pid=2159521 tid=2159521 inv=1 hid=a68f8ade9e1010dd depth=3 name=chip.run.runner_run.device_wall.preamble ts=0 dur=168220 clk=dev
[mono_ns=7235276452705273][T0xfa2a64a7b020][TIMING] emit_host_span: [STRACE] v=1 pid=2159521 tid=2159521 inv=1 hid=a68f8ade9e1010dd depth=3 name=chip.run.runner_run.device_wall.graph_build ts=37480 dur=9615119 clk=dev
[mono_ns=7235276452708653][T0xfa2a64a7b020][TIMING] emit_host_span: [STRACE] v=1 pid=2159521 tid=2159521 inv=1 hid=a68f8ade9e1010dd depth=3 name=chip.run.runner_run.device_wall.config_validate ts=42100 dur=3120 clk=dev
[mono_ns=7235276452711883][T0xfa2a64a7b020][TIMING] emit_host_span: [STRACE] v=1 pid=2159521 tid=2159521 inv=1 hid=a68f8ade9e1010dd depth=3 name=chip.run.runner_run.device_wall.arena_wire ts=45380 dur=12920 clk=dev
[mono_ns=7235276452715243][T0xfa2a64a7b020][TIMING] emit_host_span: [STRACE] v=1 pid=2159521 tid=2159521 inv=1 hid=a68f8ade9e1010dd depth=3 name=chip.run.runner_run.device_wall.sm_reset ts=58320 dur=19180 clk=dev
[mono_ns=7235276452719033][T0xfa2a64a7b020][TIMING] emit_host_span: [STRACE] v=1 pid=2159521 tid=2159521 inv=1 hid=a68f8ade9e1010dd depth=3 name=chip.run.runner_run.device_wall.post_orch ts=9652700 dur=17380 clk=dev
[mono_ns=7235276452723333][T0xfa2a64a7b020][TIMING] emit_host_span: [STRACE] v=1 pid=2159521 tid=2159521 inv=1 hid=a68f8ade9e1010dd depth=3 name=chip.run.runner_run.device_wall.orch ts=78960 dur=45019 clk=dev
[mono_ns=7235276452729073][T0xfa2a64a7b020][TIMING] emit_host_span: [STRACE] v=1 pid=2159521 tid=2159521 inv=1 hid=a68f8ade9e1010dd depth=3 name=chip.run.runner_run.device_wall.sched ts=169900 dur=9460080 clk=dev
[mono_ns=7235276452721413][T0xfa2a64a7b020][TIMING] emit_host_span: [STRACE] v=1 pid=2159317 tid=2159317 inv=1 hid=a68f8ade9e1010dd depth=1 name=chip.run.validate ts=7235276450189720 dur=2524813 
[mono_ns=7235276452732583][T0xfa2a64a7b020][TIMING] emit_host_span: [STRACE] v=1 pid=2159317 tid=2159317 inv=1 hid=a68f8ade9e1010dd depth=2 name=chip.run.runner_run.device_wall ts=0 dur=13780720 clk=dev
[mono_ns=7235276452734383][T0xfa2a64a7b020][TIMING] emit_host_span: [STRACE] v=1 pid=2159521 tid=2159521 inv=1 hid=a68f8ade9e1010dd depth=1 name=chip.run.claim_release ts=7235276452732223 dur=410 
[mono_ns=7235276452736963][T0xfa2a64a7b020][TIMING] emit_host_span: [STRACE] v=1 pid=2159317 tid=2159317 inv=1 hid=a68f8ade9e1010dd depth=3 name=chip.run.runner_run.device_wall.preamble ts=0 dur=177899 clk=dev
[mono_ns=7235276452742243][T0xfa2a64a7b020][TIMING] emit_host_span: [STRACE] v=1 pid=2159521 tid=2159521 inv=1 hid=a68f8ade9e1010dd depth=0 name=chip.run ts=7235276435204439 dur=17535694 run_id=1 dispatch_id=1 slot_id=0 generation=1 run_epoch=1
[mono_ns=7235276452746943][T0xfa2a64a7b020][TIMING] emit_host_span: [STRACE] v=1 pid=2159317 tid=2159317 inv=1 hid=a68f8ade9e1010dd depth=3 name=chip.run.runner_run.device_wall.graph_build ts=38580 dur=13722800 clk=dev
[mono_ns=7235276452750363][T0xfa2a64a7b020][TIMING] emit_host_span: [STRACE] v=1 pid=2159317 tid=2159317 inv=1 hid=a68f8ade9e1010dd depth=3 name=chip.run.runner_run.device_wall.config_validate ts=42200 dur=4019 clk=dev
[mono_ns=7235276452754793][T0xfa2a64a7b020][TIMING] emit_host_span: [STRACE] v=1 pid=2159317 tid=2159317 inv=1 hid=a68f8ade9e1010dd depth=3 name=chip.run.runner_run.device_wall.arena_wire ts=46260 dur=11680 clk=dev
[mono_ns=7235276452759783][T0xfa2a64a7b020][TIMING] emit_host_span: [STRACE] v=1 pid=2159317 tid=2159317 inv=1 hid=a68f8ade9e1010dd depth=3 name=chip.run.runner_run.device_wall.sm_reset ts=57960 dur=18419 clk=dev
[mono_ns=7235276452763343][T0xfa2a64a7b020][TIMING] emit_host_span: [STRACE] v=1 pid=2159317 tid=2159317 inv=1 hid=a68f8ade9e1010dd depth=3 name=chip.run.runner_run.device_wall.post_orch ts=13761440 dur=15700 clk=dev
[mono_ns=7235276452766813][T0xfa2a64a7b020][TIMING] emit_host_span: [STRACE] v=1 pid=2159317 tid=2159317 inv=1 hid=a68f8ade9e1010dd depth=3 name=chip.run.runner_run.device_wall.orch ts=77899 dur=39520 clk=dev
[mono_ns=7235276452758673][T0xfa2a64a7b020][TIMING] emit_host_span: [STRACE] v=1 pid=2159491 tid=2159491 inv=1 hid=a68f8ade9e1010dd depth=1 name=chip.run.validate ts=7235276450206280 dur=2545883 
[mono_ns=7235276452770013][T0xfa2a64a7b020][TIMING] emit_host_span: [STRACE] v=1 pid=2159317 tid=2159317 inv=1 hid=a68f8ade9e1010dd depth=3 name=chip.run.runner_run.device_wall.sched ts=179340 dur=13559460 clk=dev
[mono_ns=7235276452771283][T0xfa2a64a7b020][TIMING] emit_host_span: [STRACE] v=1 pid=2159491 tid=2159491 inv=1 hid=a68f8ade9e1010dd depth=2 name=chip.run.runner_run.device_wall ts=0 dur=11953000 clk=dev
[mono_ns=7235276452775193][T0xfa2a64a7b020][TIMING] emit_host_span: [STRACE] v=1 pid=2159317 tid=2159317 inv=1 hid=a68f8ade9e1010dd depth=1 name=chip.run.claim_release ts=7235276452773053 dur=360 
[mono_ns=7235276452780873][T0xfa2a64a7b020][TIMING] emit_host_span: [STRACE] v=1 pid=2159317 tid=2159317 inv=1 hid=a68f8ade9e1010dd depth=0 name=chip.run ts=7235276431319579 dur=21458604 run_id=1 dispatch_id=1 slot_id=0 generation=1 run_epoch=1
[mono_ns=7235276452768843][T0xfa2a64a7b020][TIMING] emit_host_span: [STRACE] v=1 pid=2159379 tid=2159379 inv=1 hid=a68f8ade9e1010dd depth=1 name=chip.run.validate ts=7235276450209010 dur=2554103 
[mono_ns=7235276452775643][T0xfa2a64a7b020][TIMING] emit_host_span: [STRACE] v=1 pid=2159491 tid=2159491 inv=1 hid=a68f8ade9e1010dd depth=3 name=chip.run.runner_run.device_wall.preamble ts=0 dur=179260 clk=dev
[mono_ns=7235276452778513][T0xfa2a64a7b020][TIMING] emit_host_span: [STRACE] v=1 pid=2159379 tid=2159379 inv=1 hid=a68f8ade9e1010dd depth=2 name=chip.run.runner_run.device_wall ts=0 dur=2952180 clk=dev
[mono_ns=7235276452779563][T0xfa2a64a7b020][TIMING] emit_host_span: [STRACE] v=1 pid=2159491 tid=2159491 inv=1 hid=a68f8ade9e1010dd depth=3 name=chip.run.runner_run.device_wall.graph_build ts=38340 dur=11894260 clk=dev
[mono_ns=7235276452783053][T0xfa2a64a7b020][TIMING] emit_host_span: [STRACE] v=1 pid=2159379 tid=2159379 inv=1 hid=a68f8ade9e1010dd depth=3 name=chip.run.runner_run.device_wall.preamble ts=0 dur=152740 clk=dev
[mono_ns=7235276452783343][T0xfa2a64a7b020][TIMING] emit_host_span: [STRACE] v=1 pid=2159491 tid=2159491 inv=1 hid=a68f8ade9e1010dd depth=3 name=chip.run.runner_run.device_wall.config_validate ts=42160 dur=3500 clk=dev
[mono_ns=7235276452786793][T0xfa2a64a7b020][TIMING] emit_host_span: [STRACE] v=1 pid=2159379 tid=2159379 inv=1 hid=a68f8ade9e1010dd depth=3 name=chip.run.runner_run.device_wall.graph_build ts=37100 dur=2894260 clk=dev
[mono_ns=7235276452786833][T0xfa2a64a7b020][TIMING] emit_host_span: [STRACE] v=1 pid=2159491 tid=2159491 inv=1 hid=a68f8ade9e1010dd depth=3 name=chip.run.runner_run.device_wall.arena_wire ts=45760 dur=12220 clk=dev
[mono_ns=7235276452790993][T0xfa2a64a7b020][TIMING] emit_host_span: [STRACE] v=1 pid=2159379 tid=2159379 inv=1 hid=a68f8ade9e1010dd depth=3 name=chip.run.runner_run.device_wall.config_validate ts=41100 dur=3460 clk=dev
[mono_ns=7235276452789773][T0xfa2a64a7b020][TIMING] emit_host_span: [STRACE] v=1 pid=2159491 tid=2159491 inv=1 hid=a68f8ade9e1010dd depth=3 name=chip.run.runner_run.device_wall.sm_reset ts=58140 dur=18280 clk=dev
[mono_ns=7235276452794083][T0xfa2a64a7b020][TIMING] emit_host_span: [STRACE] v=1 pid=2159379 tid=2159379 inv=1 hid=a68f8ade9e1010dd depth=3 name=chip.run.runner_run.device_wall.arena_wire ts=44600 dur=12799 clk=dev
[mono_ns=7235276452792753][T0xfa2a64a7b020][TIMING] emit_host_span: [STRACE] v=1 pid=2159491 tid=2159491 inv=1 hid=a68f8ade9e1010dd depth=3 name=chip.run.runner_run.device_wall.post_orch ts=11932699 dur=16680 clk=dev
[mono_ns=7235276452797184][T0xfa2a64a7b020][TIMING] emit_host_span: [STRACE] v=1 pid=2159379 tid=2159379 inv=1 hid=a68f8ade9e1010dd depth=3 name=chip.run.runner_run.device_wall.sm_reset ts=57580 dur=17280 clk=dev
[mono_ns=7235276452796184][T0xfa2a64a7b020][TIMING] emit_host_span: [STRACE] v=1 pid=2159491 tid=2159491 inv=1 hid=a68f8ade9e1010dd depth=3 name=chip.run.runner_run.device_wall.orch ts=78399 dur=39480 clk=dev
[mono_ns=7235276452800254][T0xfa2a64a7b020][TIMING] emit_host_span: [STRACE] v=1 pid=2159379 tid=2159379 inv=1 hid=a68f8ade9e1010dd depth=3 name=chip.run.runner_run.device_wall.post_orch ts=2931520 dur=16480 clk=dev
[mono_ns=7235276452803554][T0xfa2a64a7b020][TIMING] emit_host_span: [STRACE] v=1 pid=2159379 tid=2159379 inv=1 hid=a68f8ade9e1010dd depth=3 name=chip.run.runner_run.device_wall.orch ts=76440 dur=43680 clk=dev
[mono_ns=7235276452799114][T0xfa2a64a7b020][TIMING] emit_host_span: [STRACE] v=1 pid=2159491 tid=2159491 inv=1 hid=a68f8ade9e1010dd depth=3 name=chip.run.runner_run.device_wall.sched ts=180840 dur=11728680 clk=dev
[mono_ns=7235276452804274][T0xfa2a64a7b020][TIMING] emit_host_span: [STRACE] v=1 pid=2159491 tid=2159491 inv=1 hid=a68f8ade9e1010dd depth=1 name=chip.run.claim_release ts=7235276452801824 dur=660 
[mono_ns=7235276452806674][T0xfa2a64a7b020][TIMING] emit_host_span: [STRACE] v=1 pid=2159379 tid=2159379 inv=1 hid=a68f8ade9e1010dd depth=3 name=chip.run.runner_run.device_wall.sched ts=154520 dur=2755020 clk=dev
[mono_ns=7235276452803614][T0xfa290742cca0][TIMING] emit_host_span: [STRACE] v=1 pid=2157740 tid=2160306 inv=1 hid=de320a866da51f1c depth=0 name=node.complete ts=7235276452787293 dur=11171 run_id=1 task_slot=7 group_index=0 worker_id=7 dispatch_id=1 endpoint_kind=local_mailbox prepare_only=0 role=worker outcome=0
[mono_ns=7235276452810614][T0xfa2a64a7b020][TIMING] emit_host_span: [STRACE] v=1 pid=2159491 tid=2159491 inv=1 hid=a68f8ade9e1010dd depth=0 name=chip.run ts=7235276432774527 dur=20034087 run_id=1 dispatch_id=1 slot_id=0 generation=1 run_epoch=1
[mono_ns=7235276452810734][T0xfa2a64a7b020][TIMING] emit_host_span: [STRACE] v=1 pid=2159379 tid=2159379 inv=1 hid=a68f8ade9e1010dd depth=1 name=chip.run.claim_release ts=7235276452808444 dur=450 
[mono_ns=7235276452823584][T0xfa290742cca0][TIMING] emit_host_span: [STRACE] v=1 pid=2157740 tid=2160306 inv=0 hid=0 depth=0 name=node.scheduler_loop ts=7235276452775283 dur=43691 role=scheduler drained=1 dispatched=0 drain_ns=41441 spins=6188
[mono_ns=7235276452816464][T0xfa2a64a7b020][TIMING] emit_host_span: [STRACE] v=1 pid=2159379 tid=2159379 inv=1 hid=a68f8ade9e1010dd depth=0 name=chip.run ts=7235276441388933 dur=11425331 run_id=1 dispatch_id=1 slot_id=0 generation=1 run_epoch=1
[mono_ns=7235276452832154][T0xfa290742cca0][TIMING] emit_host_span: [STRACE] v=1 pid=2157740 tid=2160306 inv=1 hid=de320a866da51f1c depth=0 name=node.complete ts=7235276452828644 dur=440 run_id=1 task_slot=0 group_index=0 worker_id=0 dispatch_id=1 endpoint_kind=local_mailbox prepare_only=0 role=worker outcome=0
[mono_ns=7235276452845764][T0xfa290742cca0][TIMING] emit_host_span: [STRACE] v=1 pid=2157740 tid=2160306 inv=0 hid=0 depth=0 name=node.scheduler_loop ts=7235276452825404 dur=17080 role=scheduler drained=1 dispatched=0 drain_ns=14900 spins=0
[mono_ns=7235276452891284][T0xfa290742cca0][TIMING] emit_host_span: [STRACE] v=1 pid=2157740 tid=2160306 inv=1 hid=de320a866da51f1c depth=0 name=node.complete ts=7235276452853344 dur=410 run_id=1 task_slot=2 group_index=0 worker_id=2 dispatch_id=1 endpoint_kind=local_mailbox prepare_only=0 role=worker outcome=0
[mono_ns=7235276452902764][T0xfa290742cca0][TIMING] emit_host_span: [STRACE] v=1 pid=2157740 tid=2160306 inv=1 hid=de320a866da51f1c depth=0 name=node.complete ts=7235276452899314 dur=360 run_id=1 task_slot=6 group_index=0 worker_id=6 dispatch_id=1 endpoint_kind=local_mailbox prepare_only=0 role=worker outcome=0
[mono_ns=7235276452918874][T0xfa290742cca0][TIMING] emit_host_span: [STRACE] v=1 pid=2157740 tid=2160306 inv=0 hid=0 depth=0 name=node.scheduler_loop ts=7235276452849724 dur=65720 role=scheduler drained=2 dispatched=0 drain_ns=62940 spins=0
[mono_ns=7235276453223536][T0xfa2a64a7b020][TIMING] emit_host_span: [STRACE] v=1 pid=2159404 tid=2159404 inv=1 hid=a68f8ade9e1010dd depth=1 name=chip.run.validate ts=7235276450209040 dur=3007256 
[mono_ns=7235276453238896][T0xfa2a64a7b020][TIMING] emit_host_span: [STRACE] v=1 pid=2159404 tid=2159404 inv=1 hid=a68f8ade9e1010dd depth=2 name=chip.run.runner_run.device_wall ts=0 dur=11017220 clk=dev
[mono_ns=7235276453244946][T0xfa2a64a7b020][TIMING] emit_host_span: [STRACE] v=1 pid=2159404 tid=2159404 inv=1 hid=a68f8ade9e1010dd depth=3 name=chip.run.runner_run.device_wall.preamble ts=0 dur=158460 clk=dev
[mono_ns=7235276453249446][T0xfa2a64a7b020][TIMING] emit_host_span: [STRACE] v=1 pid=2159404 tid=2159404 inv=1 hid=a68f8ade9e1010dd depth=3 name=chip.run.runner_run.device_wall.graph_build ts=37140 dur=10959420 clk=dev
[mono_ns=7235276453253116][T0xfa2a64a7b020][TIMING] emit_host_span: [STRACE] v=1 pid=2159404 tid=2159404 inv=1 hid=a68f8ade9e1010dd depth=3 name=chip.run.runner_run.device_wall.config_validate ts=41360 dur=3480 clk=dev
[mono_ns=7235276453256646][T0xfa2a64a7b020][TIMING] emit_host_span: [STRACE] v=1 pid=2159404 tid=2159404 inv=1 hid=a68f8ade9e1010dd depth=3 name=chip.run.runner_run.device_wall.arena_wire ts=44860 dur=12260 clk=dev
[mono_ns=7235276453261926][T0xfa2a64a7b020][TIMING] emit_host_span: [STRACE] v=1 pid=2159404 tid=2159404 inv=1 hid=a68f8ade9e1010dd depth=3 name=chip.run.runner_run.device_wall.sm_reset ts=57160 dur=17940 clk=dev
[mono_ns=7235276453266656][T0xfa2a64a7b020][TIMING] emit_host_span: [STRACE] v=1 pid=2159404 tid=2159404 inv=1 hid=a68f8ade9e1010dd depth=3 name=chip.run.runner_run.device_wall.post_orch ts=10996640 dur=16940 clk=dev
[mono_ns=7235276453275726][T0xfa2a64a7b020][TIMING] emit_host_span: [STRACE] v=1 pid=2159404 tid=2159404 inv=1 hid=a68f8ade9e1010dd depth=3 name=chip.run.runner_run.device_wall.orch ts=76699 dur=43340 clk=dev
[mono_ns=7235276453279976][T0xfa2a64a7b020][TIMING] emit_host_span: [STRACE] v=1 pid=2159404 tid=2159404 inv=1 hid=a68f8ade9e1010dd depth=3 name=chip.run.runner_run.device_wall.sched ts=160120 dur=10813500 clk=dev
[mono_ns=7235276453285546][T0xfa2a64a7b020][TIMING] emit_host_span: [STRACE] v=1 pid=2159404 tid=2159404 inv=1 hid=a68f8ade9e1010dd depth=1 name=chip.run.claim_release ts=7235276453282976 dur=540 
[mono_ns=7235276453294006][T0xfa2a64a7b020][TIMING] emit_host_span: [STRACE] v=1 pid=2159404 tid=2159404 inv=1 hid=a68f8ade9e1010dd depth=0 name=chip.run ts=7235276433434600 dur=19856866 run_id=1 dispatch_id=1 slot_id=0 generation=1 run_epoch=1
[mono_ns=7235276453325386][T0xfa2a64a7b020][TIMING] emit_host_span: [STRACE] v=1 pid=2159432 tid=2159432 inv=1 hid=a68f8ade9e1010dd depth=1 name=chip.run.validate ts=7235276450208290 dur=3109606 
[mono_ns=7235276453337156][T0xfa290742cca0][TIMING] emit_host_span: [STRACE] v=1 pid=2157740 tid=2160306 inv=1 hid=de320a866da51f1c depth=0 name=node.complete ts=7235276453333456 dur=400 run_id=1 task_slot=3 group_index=0 worker_id=3 dispatch_id=1 endpoint_kind=local_mailbox prepare_only=0 role=worker outcome=0
[mono_ns=7235276453349926][T0xfa290742cca0][TIMING] emit_host_span: [STRACE] v=1 pid=2157740 tid=2160306 inv=0 hid=0 depth=0 name=node.scheduler_loop ts=7235276453329946 dur=16550 role=scheduler drained=1 dispatched=0 drain_ns=14370 spins=118
[mono_ns=7235276453339586][T0xfa2a64a7b020][TIMING] emit_host_span: [STRACE] v=1 pid=2159432 tid=2159432 inv=1 hid=a68f8ade9e1010dd depth=2 name=chip.run.runner_run.device_wall ts=0 dur=11095480 clk=dev
[mono_ns=7235276453344376][T0xfa2a64a7b020][TIMING] emit_host_span: [STRACE] v=1 pid=2159432 tid=2159432 inv=1 hid=a68f8ade9e1010dd depth=3 name=chip.run.runner_run.device_wall.preamble ts=0 dur=171859 clk=dev
[mono_ns=7235276453344366][T0xfa2a64a7b020][TIMING] emit_host_span: [STRACE] v=1 pid=2159462 tid=2159462 inv=1 hid=a68f8ade9e1010dd depth=1 name=chip.run.validate ts=7235276450191720 dur=3146226 
[mono_ns=7235276453348936][T0xfa2a64a7b020][TIMING] emit_host_span: [STRACE] v=1 pid=2159432 tid=2159432 inv=1 hid=a68f8ade9e1010dd depth=3 name=chip.run.runner_run.device_wall.graph_build ts=39820 dur=11034480 clk=dev
[mono_ns=7235276453358307][T0xfa2a64a7b020][TIMING] emit_host_span: [STRACE] v=1 pid=2159462 tid=2159462 inv=1 hid=a68f8ade9e1010dd depth=2 name=chip.run.runner_run.device_wall ts=0 dur=10696640 clk=dev
[mono_ns=7235276453352876][T0xfa2a64a7b020][TIMING] emit_host_span: [STRACE] v=1 pid=2159432 tid=2159432 inv=1 hid=a68f8ade9e1010dd depth=3 name=chip.run.runner_run.device_wall.config_validate ts=44000 dur=3340 clk=dev
[mono_ns=7235276453363267][T0xfa2a64a7b020][TIMING] emit_host_span: [STRACE] v=1 pid=2159462 tid=2159462 inv=1 hid=a68f8ade9e1010dd depth=3 name=chip.run.runner_run.device_wall.preamble ts=0 dur=182320 clk=dev
[mono_ns=7235276453356166][T0xfa2a64a7b020][TIMING] emit_host_span: [STRACE] v=1 pid=2159432 tid=2159432 inv=1 hid=a68f8ade9e1010dd depth=3 name=chip.run.runner_run.device_wall.arena_wire ts=47540 dur=12480 clk=dev
[mono_ns=7235276453367867][T0xfa2a64a7b020][TIMING] emit_host_span: [STRACE] v=1 pid=2159462 tid=2159462 inv=1 hid=a68f8ade9e1010dd depth=3 name=chip.run.runner_run.device_wall.graph_build ts=49020 dur=10623540 clk=dev
[mono_ns=7235276453360357][T0xfa2a64a7b020][TIMING] emit_host_span: [STRACE] v=1 pid=2159432 tid=2159432 inv=1 hid=a68f8ade9e1010dd depth=3 name=chip.run.runner_run.device_wall.sm_reset ts=60059 dur=19900 clk=dev
[mono_ns=7235276453372587][T0xfa2a64a7b020][TIMING] emit_host_span: [STRACE] v=1 pid=2159462 tid=2159462 inv=1 hid=a68f8ade9e1010dd depth=3 name=chip.run.runner_run.device_wall.config_validate ts=54040 dur=4480 clk=dev
[mono_ns=7235276453365077][T0xfa2a64a7b020][TIMING] emit_host_span: [STRACE] v=1 pid=2159432 tid=2159432 inv=1 hid=a68f8ade9e1010dd depth=3 name=chip.run.runner_run.device_wall.post_orch ts=11074360 dur=17260 clk=dev
[mono_ns=7235276453376577][T0xfa2a64a7b020][TIMING] emit_host_span: [STRACE] v=1 pid=2159462 tid=2159462 inv=1 hid=a68f8ade9e1010dd depth=3 name=chip.run.runner_run.device_wall.arena_wire ts=58560 dur=15920 clk=dev
[mono_ns=7235276453370377][T0xfa2a64a7b020][TIMING] emit_host_span: [STRACE] v=1 pid=2159432 tid=2159432 inv=1 hid=a68f8ade9e1010dd depth=3 name=chip.run.runner_run.device_wall.orch ts=81699 dur=40380 clk=dev
[mono_ns=7235276453381407][T0xfa2a64a7b020][TIMING] emit_host_span: [STRACE] v=1 pid=2159462 tid=2159462 inv=1 hid=a68f8ade9e1010dd depth=3 name=chip.run.runner_run.device_wall.sm_reset ts=74640 dur=21800 clk=dev
[mono_ns=7235276453374397][T0xfa2a64a7b020][TIMING] emit_host_span: [STRACE] v=1 pid=2159432 tid=2159432 inv=1 hid=a68f8ade9e1010dd depth=3 name=chip.run.runner_run.device_wall.sched ts=173799 dur=10878180 clk=dev
[mono_ns=7235276453385317][T0xfa2a64a7b020][TIMING] emit_host_span: [STRACE] v=1 pid=2159462 tid=2159462 inv=1 hid=a68f8ade9e1010dd depth=3 name=chip.run.runner_run.device_wall.post_orch ts=10672620 dur=18460 clk=dev
[mono_ns=7235276453384397][T0xfa2a64a7b020][TIMING] emit_host_span: [STRACE] v=1 pid=2159348 tid=2159348 inv=1 hid=a68f8ade9e1010dd depth=1 name=chip.run.validate ts=7235276450199760 dur=3177327 
[mono_ns=7235276453380497][T0xfa2a64a7b020][TIMING] emit_host_span: [STRACE] v=1 pid=2159432 tid=2159432 inv=1 hid=a68f8ade9e1010dd depth=1 name=chip.run.claim_release ts=7235276453378097 dur=570 
[mono_ns=7235276453389287][T0xfa2a64a7b020][TIMING] emit_host_span: [STRACE] v=1 pid=2159462 tid=2159462 inv=1 hid=a68f8ade9e1010dd depth=3 name=chip.run.runner_run.device_wall.orch ts=98800 dur=45460 clk=dev
[mono_ns=7235276453398647][T0xfa2a64a7b020][TIMING] emit_host_span: [STRACE] v=1 pid=2159348 tid=2159348 inv=1 hid=a68f8ade9e1010dd depth=2 name=chip.run.runner_run.device_wall ts=0 dur=10956500 clk=dev
[mono_ns=7235276453386147][T0xfa2a64a7b020][TIMING] emit_host_span: [STRACE] v=1 pid=2159432 tid=2159432 inv=1 hid=a68f8ade9e1010dd depth=0 name=chip.run ts=7235276432658826 dur=20725321 run_id=1 dispatch_id=1 slot_id=0 generation=1 run_epoch=1
[mono_ns=7235276453403427][T0xfa2a64a7b020][TIMING] emit_host_span: [STRACE] v=1 pid=2159348 tid=2159348 inv=1 hid=a68f8ade9e1010dd depth=3 name=chip.run.runner_run.device_wall.preamble ts=0 dur=172720 clk=dev
[mono_ns=7235276453393337][T0xfa2a64a7b020][TIMING] emit_host_span: [STRACE] v=1 pid=2159462 tid=2159462 inv=1 hid=a68f8ade9e1010dd depth=3 name=chip.run.runner_run.device_wall.sched ts=184260 dur=10463600 clk=dev
[mono_ns=7235276453407767][T0xfa2a64a7b020][TIMING] emit_host_span: [STRACE] v=1 pid=2159348 tid=2159348 inv=1 hid=a68f8ade9e1010dd depth=3 name=chip.run.runner_run.device_wall.graph_build ts=38240 dur=10896660 clk=dev
[mono_ns=7235276453399867][T0xfa2a64a7b020][TIMING] emit_host_span: [STRACE] v=1 pid=2159462 tid=2159462 inv=1 hid=a68f8ade9e1010dd depth=1 name=chip.run.claim_release ts=7235276453396887 dur=560 
[mono_ns=7235276453411317][T0xfa2a64a7b020][TIMING] emit_host_span: [STRACE] v=1 pid=2159348 tid=2159348 inv=1 hid=a68f8ade9e1010dd depth=3 name=chip.run.runner_run.device_wall.config_validate ts=41839 dur=3260 clk=dev
[mono_ns=7235276453406517][T0xfa2a64a7b020][TIMING] emit_host_span: [STRACE] v=1 pid=2159462 tid=2159462 inv=1 hid=a68f8ade9e1010dd depth=0 name=chip.run ts=7235276433556301 dur=19848176 run_id=1 dispatch_id=1 slot_id=0 generation=1 run_epoch=1
[mono_ns=7235276453423367][T0xfa290742cca0][TIMING] emit_host_span: [STRACE] v=1 pid=2157740 tid=2160306 inv=1 hid=de320a866da51f1c depth=0 name=node.complete ts=7235276453420027 dur=370 run_id=1 task_slot=4 group_index=0 worker_id=4 dispatch_id=1 endpoint_kind=local_mailbox prepare_only=0 role=worker outcome=0
[mono_ns=7235276453414727][T0xfa2a64a7b020][TIMING] emit_host_span: [STRACE] v=1 pid=2159348 tid=2159348 inv=1 hid=a68f8ade9e1010dd depth=3 name=chip.run.runner_run.device_wall.arena_wire ts=45120 dur=12200 clk=dev
[mono_ns=7235276453418877][T0xfa2a64a7b020][TIMING] emit_host_span: [STRACE] v=1 pid=2159348 tid=2159348 inv=1 hid=a68f8ade9e1010dd depth=3 name=chip.run.runner_run.device_wall.sm_reset ts=57500 dur=19580 clk=dev
[mono_ns=7235276453435567][T0xfa290742cca0][TIMING] emit_host_span: [STRACE] v=1 pid=2157740 tid=2160306 inv=0 hid=0 depth=0 name=node.scheduler_loop ts=7235276453416577 dur=15590 role=scheduler drained=1 dispatched=0 drain_ns=13400 spins=19
[mono_ns=7235276453423077][T0xfa2a64a7b020][TIMING] emit_host_span: [STRACE] v=1 pid=2159348 tid=2159348 inv=1 hid=a68f8ade9e1010dd depth=3 name=chip.run.runner_run.device_wall.post_orch ts=10934960 dur=17380 clk=dev
[mono_ns=7235276453427267][T0xfa2a64a7b020][TIMING] emit_host_span: [STRACE] v=1 pid=2159348 tid=2159348 inv=1 hid=a68f8ade9e1010dd depth=3 name=chip.run.runner_run.device_wall.orch ts=78780 dur=44940 clk=dev
[mono_ns=7235276453431927][T0xfa2a64a7b020][TIMING] emit_host_span: [STRACE] v=1 pid=2159348 tid=2159348 inv=1 hid=a68f8ade9e1010dd depth=3 name=chip.run.runner_run.device_wall.sched ts=174440 dur=10738740 clk=dev
[mono_ns=7235276453444667][T0xfa290742cca0][TIMING] emit_host_span: [STRACE] v=1 pid=2157740 tid=2160306 inv=1 hid=de320a866da51f1c depth=0 name=node.complete ts=7235276453441347 dur=380 run_id=1 task_slot=5 group_index=0 worker_id=5 dispatch_id=1 endpoint_kind=local_mailbox prepare_only=0 role=worker outcome=0
[mono_ns=7235276453437567][T0xfa2a64a7b020][TIMING] emit_host_span: [STRACE] v=1 pid=2159348 tid=2159348 inv=1 hid=a68f8ade9e1010dd depth=1 name=chip.run.claim_release ts=7235276453435177 dur=570 
[mono_ns=7235276453456067][T0xfa290742cca0][TIMING] emit_host_span: [STRACE] v=1 pid=2157740 tid=2160306 inv=0 hid=0 depth=0 name=node.scheduler_loop ts=7235276453438087 dur=14870 role=scheduler drained=1 dispatched=0 drain_ns=12590 spins=0
[mono_ns=7235276453443907][T0xfa2a64a7b020][TIMING] emit_host_span: [STRACE] v=1 pid=2159348 tid=2159348 inv=1 hid=a68f8ade9e1010dd depth=0 name=chip.run ts=7235276433305919 dur=20135958 run_id=1 dispatch_id=1 slot_id=0 generation=1 run_epoch=1
[mono_ns=7235276453481377][T0xfa290742cca0][TIMING] emit_host_span: [STRACE] v=1 pid=2157740 tid=2160306 inv=1 hid=de320a866da51f1c depth=0 name=node.complete ts=7235276453478087 dur=340 run_id=1 task_slot=1 group_index=0 worker_id=1 dispatch_id=1 endpoint_kind=local_mailbox prepare_only=0 role=worker outcome=0
[mono_ns=7235276453497067][T0xfa290742cca0][TIMING] emit_host_span: [STRACE] v=1 pid=2157740 tid=2160306 inv=0 hid=0 depth=0 name=node.scheduler_loop ts=7235276453475297 dur=18400 role=scheduler drained=1 dispatched=0 drain_ns=18230 spins=5
[mono_ns=7235276453697298][T0xfa2a64a7b020][TIMING] emit_host_span: [STRACE] v=1 pid=2157740 tid=2157740 inv=1 hid=0 depth=0 name=node.post_fence_retirement ts=7235276453489517 dur=201361 run_id=1 slot_id=0 generation=1 role=facade
Traceback (most recent call last):
  File "/opt/pypto/tests/st/distributed/collectives/all_to_all_v_benchmark.py", line 1202, in <module>
    raise SystemExit(main())
  File "/opt/pypto/tests/st/distributed/collectives/all_to_all_v_benchmark.py", line 1191, in main
    doc = run_benchmark(args, shape)
  File "/opt/pypto/tests/st/distributed/collectives/all_to_all_v_benchmark.py", line 1049, in run_benchmark
    host_slots, slot_rank = _timed_session(
  File "/opt/pypto/tests/st/distributed/collectives/all_to_all_v_benchmark.py", line 982, in _timed_session
    check_correctness(shape, inputs, send_counts, outputs, recv_out)
  File "/opt/pypto/tests/st/distributed/collectives/all_to_all_v_benchmark.py", line 874, in check_correctness
    raise AssertionError(
AssertionError: rank=2 src=1: recv_counts=0 != clamped send_counts=6

